I 07.01/14:50:19 train_mapper.py:431 ] => Experiment directory: mapper/exps_combined_losses/hybrid/smooth_tail_white_recT/seed2026_crnet_transnet_to_seed42_transnet_lr5e-4_ep400
I 07.01/14:50:19 train_mapper.py:432 ] => Checkpoint directory: mapper/exps_combined_losses/hybrid/smooth_tail_white_recT/seed2026_crnet_transnet_to_seed42_transnet_lr5e-4_ep400/checkpoints
I 07.01/14:50:19 train_mapper.py:433 ] => Codeword directory: mapper/exps_combined_losses/hybrid/smooth_tail_white_recT/seed2026_crnet_transnet_to_seed42_transnet_lr5e-4_ep400/codewords
I 07.01/14:50:19 train_mapper.py:434 ] => TensorBoard directory: mapper/exps_combined_losses/hybrid/smooth_tail_white_recT/seed2026_crnet_transnet_to_seed42_transnet_lr5e-4_ep400/tensorboard
I 07.01/14:51:06 train_mapper.py:519 ] => Loaded fixed decoder from exps/COST2100/in/seed42/transnet_transnet/checkpoints/best_nmse.pth
I 07.01/14:51:06 train_mapper.py:524 ] device=cuda
I 07.01/14:51:06 train_mapper.py:525 ] mapper=hybrid, params=23108608
I 07.01/14:51:06 train_mapper.py:527 ] train=100000, val=0, code_dim=512
I 07.01/14:51:06 train_mapper.py:529 ] val_ratio<=0: skip per-epoch validation; select best checkpoint by train loss
I 07.01/14:51:06 train_mapper.py:531 ] loss=mse + smoothl1*0.5 + sample_tail*0.1 + dim_tail*0.05 + whiten*0.0001 + rec*0.0 + recT*1.0 + fc*0.0 + decoder_tail*0.0 + cos*0.0 + cov*0.0
I 07.01/14:51:39 train_mapper.py:622 ] epoch=0001 train_loss=6.737869e-01 train_mse=3.680256e-01 train_cos=0.805085 train_nmse=-3.159dB train_rec=0.000000e+00 train_recT=3.154133e-03 train_fc=0.000000e+00 train_decoder_tail=0.000000e+00
I 07.01/14:52:44 train_mapper.py:622 ] epoch=0002 train_loss=2.893293e-01 train_mse=1.302606e-01 train_cos=0.941027 train_nmse=-6.967dB train_rec=0.000000e+00 train_recT=2.265257e-04 train_fc=0.000000e+00 train_decoder_tail=0.000000e+00
I 07.01/14:53:59 train_mapper.py:622 ] epoch=0003 train_loss=2.096188e-01 train_mse=8.653280e-02 train_cos=0.960772 train_nmse=-8.714dB train_rec=0.000000e+00 train_recT=1.375910e-04 train_fc=0.000000e+00 train_decoder_tail=0.000000e+00
I 07.01/14:55:18 train_mapper.py:622 ] epoch=0004 train_loss=1.707107e-01 train_mse=6.646851e-02 train_cos=0.968358 train_nmse=-9.853dB train_rec=0.000000e+00 train_recT=8.927060e-05 train_fc=0.000000e+00 train_decoder_tail=0.000000e+00
I 07.01/14:56:35 train_mapper.py:622 ] epoch=0005 train_loss=1.484026e-01 train_mse=5.547386e-02 train_cos=0.972224 train_nmse=-10.635dB train_rec=0.000000e+00 train_recT=6.117780e-05 train_fc=0.000000e+00 train_decoder_tail=0.000000e+00
I 07.01/14:57:52 train_mapper.py:622 ] epoch=0006 train_loss=1.349759e-01 train_mse=4.907645e-02 train_cos=0.974616 train_nmse=-11.166dB train_rec=0.000000e+00 train_recT=4.496006e-05 train_fc=0.000000e+00 train_decoder_tail=0.000000e+00
I 07.01/14:59:15 train_mapper.py:622 ] epoch=0007 train_loss=1.262523e-01 train_mse=4.502690e-02 train_cos=0.976436 train_nmse=-11.539dB train_rec=0.000000e+00 train_recT=3.562409e-05 train_fc=0.000000e+00 train_decoder_tail=0.000000e+00
I 07.01/15:00:37 train_mapper.py:622 ] epoch=0008 train_loss=1.247755e-01 train_mse=4.432385e-02 train_cos=0.976261 train_nmse=-11.621dB train_rec=0.000000e+00 train_recT=3.083238e-05 train_fc=0.000000e+00 train_decoder_tail=0.000000e+00
I 07.01/15:01:56 train_mapper.py:622 ] epoch=0009 train_loss=1.171841e-01 train_mse=4.094103e-02 train_cos=0.978519 train_nmse=-11.953dB train_rec=0.000000e+00 train_recT=2.689427e-05 train_fc=0.000000e+00 train_decoder_tail=0.000000e+00
I 07.01/15:03:15 train_mapper.py:622 ] epoch=0010 train_loss=1.119462e-01 train_mse=3.860619e-02 train_cos=0.980035 train_nmse=-12.208dB train_rec=0.000000e+00 train_recT=2.438799e-05 train_fc=0.000000e+00 train_decoder_tail=0.000000e+00
I 07.01/15:04:34 train_mapper.py:622 ] epoch=0011 train_loss=1.086053e-01 train_mse=3.712160e-02 train_cos=0.980879 train_nmse=-12.378dB train_rec=0.000000e+00 train_recT=2.264306e-05 train_fc=0.000000e+00 train_decoder_tail=0.000000e+00
I 07.01/15:05:51 train_mapper.py:622 ] epoch=0012 train_loss=1.051257e-01 train_mse=3.559143e-02 train_cos=0.981731 train_nmse=-12.561dB train_rec=0.000000e+00 train_recT=2.109792e-05 train_fc=0.000000e+00 train_decoder_tail=0.000000e+00
I 07.01/15:07:12 train_mapper.py:622 ] epoch=0013 train_loss=1.019963e-01 train_mse=3.421510e-02 train_cos=0.982401 train_nmse=-12.732dB train_rec=0.000000e+00 train_recT=1.968270e-05 train_fc=0.000000e+00 train_decoder_tail=0.000000e+00
I 07.01/15:08:23 train_mapper.py:622 ] epoch=0014 train_loss=9.896730e-02 train_mse=3.288944e-02 train_cos=0.982936 train_nmse=-12.904dB train_rec=0.000000e+00 train_recT=1.813180e-05 train_fc=0.000000e+00 train_decoder_tail=0.000000e+00
I 07.01/15:09:36 train_mapper.py:622 ] epoch=0015 train_loss=9.540203e-02 train_mse=3.135547e-02 train_cos=0.983442 train_nmse=-13.111dB train_rec=0.000000e+00 train_recT=1.623984e-05 train_fc=0.000000e+00 train_decoder_tail=0.000000e+00
I 07.01/15:10:52 train_mapper.py:622 ] epoch=0016 train_loss=9.167358e-02 train_mse=2.979612e-02 train_cos=0.983552 train_nmse=-13.333dB train_rec=0.000000e+00 train_recT=1.377502e-05 train_fc=0.000000e+00 train_decoder_tail=0.000000e+00
I 07.01/15:12:07 train_mapper.py:622 ] epoch=0017 train_loss=8.707608e-02 train_mse=2.791996e-02 train_cos=0.983510 train_nmse=-13.616dB train_rec=0.000000e+00 train_recT=1.125230e-05 train_fc=0.000000e+00 train_decoder_tail=0.000000e+00
I 07.01/15:13:17 train_mapper.py:622 ] epoch=0018 train_loss=8.157646e-02 train_mse=2.567745e-02 train_cos=0.984026 train_nmse=-13.979dB train_rec=0.000000e+00 train_recT=9.571734e-06 train_fc=0.000000e+00 train_decoder_tail=0.000000e+00
I 07.01/15:14:30 train_mapper.py:622 ] epoch=0019 train_loss=7.686593e-02 train_mse=2.375085e-02 train_cos=0.984634 train_nmse=-14.318dB train_rec=0.000000e+00 train_recT=8.567424e-06 train_fc=0.000000e+00 train_decoder_tail=0.000000e+00
I 07.01/15:15:37 train_mapper.py:622 ] epoch=0020 train_loss=7.324982e-02 train_mse=2.228688e-02 train_cos=0.985137 train_nmse=-14.594dB train_rec=0.000000e+00 train_recT=7.844530e-06 train_fc=0.000000e+00 train_decoder_tail=0.000000e+00
I 07.01/15:16:44 train_mapper.py:622 ] epoch=0021 train_loss=7.031719e-02 train_mse=2.111502e-02 train_cos=0.985576 train_nmse=-14.828dB train_rec=0.000000e+00 train_recT=7.284037e-06 train_fc=0.000000e+00 train_decoder_tail=0.000000e+00
I 07.01/15:17:50 train_mapper.py:622 ] epoch=0022 train_loss=6.782380e-02 train_mse=2.013401e-02 train_cos=0.985988 train_nmse=-15.035dB train_rec=0.000000e+00 train_recT=6.847816e-06 train_fc=0.000000e+00 train_decoder_tail=0.000000e+00
I 07.01/15:18:53 train_mapper.py:622 ] epoch=0023 train_loss=6.539721e-02 train_mse=1.919780e-02 train_cos=0.986445 train_nmse=-15.242dB train_rec=0.000000e+00 train_recT=6.428198e-06 train_fc=0.000000e+00 train_decoder_tail=0.000000e+00
I 07.01/15:20:00 train_mapper.py:622 ] epoch=0024 train_loss=6.342512e-02 train_mse=1.843847e-02 train_cos=0.986818 train_nmse=-15.417dB train_rec=0.000000e+00 train_recT=6.092996e-06 train_fc=0.000000e+00 train_decoder_tail=0.000000e+00
I 07.01/15:21:07 train_mapper.py:622 ] epoch=0025 train_loss=6.166952e-02 train_mse=1.777219e-02 train_cos=0.987164 train_nmse=-15.577dB train_rec=0.000000e+00 train_recT=5.790579e-06 train_fc=0.000000e+00 train_decoder_tail=0.000000e+00
I 07.01/15:22:13 train_mapper.py:622 ] epoch=0026 train_loss=5.994944e-02 train_mse=1.712592e-02 train_cos=0.987534 train_nmse=-15.738dB train_rec=0.000000e+00 train_recT=5.524677e-06 train_fc=0.000000e+00 train_decoder_tail=0.000000e+00
I 07.01/15:23:21 train_mapper.py:622 ] epoch=0027 train_loss=5.846942e-02 train_mse=1.657434e-02 train_cos=0.987847 train_nmse=-15.880dB train_rec=0.000000e+00 train_recT=5.300393e-06 train_fc=0.000000e+00 train_decoder_tail=0.000000e+00
I 07.01/15:24:35 train_mapper.py:622 ] epoch=0028 train_loss=5.716728e-02 train_mse=1.608901e-02 train_cos=0.988125 train_nmse=-16.009dB train_rec=0.000000e+00 train_recT=5.086128e-06 train_fc=0.000000e+00 train_decoder_tail=0.000000e+00
I 07.01/15:25:53 train_mapper.py:622 ] epoch=0029 train_loss=5.595867e-02 train_mse=1.564359e-02 train_cos=0.988395 train_nmse=-16.131dB train_rec=0.000000e+00 train_recT=4.905347e-06 train_fc=0.000000e+00 train_decoder_tail=0.000000e+00
I 07.01/15:27:09 train_mapper.py:622 ] epoch=0030 train_loss=5.485219e-02 train_mse=1.523965e-02 train_cos=0.988638 train_nmse=-16.245dB train_rec=0.000000e+00 train_recT=4.735613e-06 train_fc=0.000000e+00 train_decoder_tail=0.000000e+00
I 07.01/15:28:22 train_mapper.py:622 ] epoch=0031 train_loss=5.376295e-02 train_mse=1.484335e-02 train_cos=0.988886 train_nmse=-16.359dB train_rec=0.000000e+00 train_recT=4.573662e-06 train_fc=0.000000e+00 train_decoder_tail=0.000000e+00
I 07.01/15:29:35 train_mapper.py:622 ] epoch=0032 train_loss=5.275890e-02 train_mse=1.448193e-02 train_cos=0.989115 train_nmse=-16.466dB train_rec=0.000000e+00 train_recT=4.420834e-06 train_fc=0.000000e+00 train_decoder_tail=0.000000e+00
I 07.01/15:30:49 train_mapper.py:622 ] epoch=0033 train_loss=5.184510e-02 train_mse=1.415482e-02 train_cos=0.989323 train_nmse=-16.566dB train_rec=0.000000e+00 train_recT=4.291793e-06 train_fc=0.000000e+00 train_decoder_tail=0.000000e+00
I 07.01/15:31:58 train_mapper.py:622 ] epoch=0034 train_loss=5.100931e-02 train_mse=1.385701e-02 train_cos=0.989516 train_nmse=-16.658dB train_rec=0.000000e+00 train_recT=4.173719e-06 train_fc=0.000000e+00 train_decoder_tail=0.000000e+00
I 07.01/15:33:14 train_mapper.py:622 ] epoch=0035 train_loss=5.026790e-02 train_mse=1.359156e-02 train_cos=0.989687 train_nmse=-16.742dB train_rec=0.000000e+00 train_recT=4.064071e-06 train_fc=0.000000e+00 train_decoder_tail=0.000000e+00
I 07.01/15:34:28 train_mapper.py:622 ] epoch=0036 train_loss=4.942255e-02 train_mse=1.329472e-02 train_cos=0.989889 train_nmse=-16.837dB train_rec=0.000000e+00 train_recT=3.950272e-06 train_fc=0.000000e+00 train_decoder_tail=0.000000e+00
I 07.01/15:35:42 train_mapper.py:622 ] epoch=0037 train_loss=4.856034e-02 train_mse=1.299579e-02 train_cos=0.990092 train_nmse=-16.936dB train_rec=0.000000e+00 train_recT=3.834364e-06 train_fc=0.000000e+00 train_decoder_tail=0.000000e+00
I 07.01/15:36:59 train_mapper.py:622 ] epoch=0038 train_loss=4.784156e-02 train_mse=1.274545e-02 train_cos=0.990257 train_nmse=-17.021dB train_rec=0.000000e+00 train_recT=3.730838e-06 train_fc=0.000000e+00 train_decoder_tail=0.000000e+00
I 07.01/15:38:14 train_mapper.py:622 ] epoch=0039 train_loss=4.729149e-02 train_mse=1.255367e-02 train_cos=0.990386 train_nmse=-17.087dB train_rec=0.000000e+00 train_recT=3.664106e-06 train_fc=0.000000e+00 train_decoder_tail=0.000000e+00
I 07.01/15:39:28 train_mapper.py:622 ] epoch=0040 train_loss=4.656518e-02 train_mse=1.230582e-02 train_cos=0.990566 train_nmse=-17.173dB train_rec=0.000000e+00 train_recT=3.579450e-06 train_fc=0.000000e+00 train_decoder_tail=0.000000e+00
I 07.01/15:40:42 train_mapper.py:622 ] epoch=0041 train_loss=4.604557e-02 train_mse=1.212510e-02 train_cos=0.990686 train_nmse=-17.237dB train_rec=0.000000e+00 train_recT=3.499688e-06 train_fc=0.000000e+00 train_decoder_tail=0.000000e+00
I 07.01/15:41:57 train_mapper.py:622 ] epoch=0042 train_loss=4.543048e-02 train_mse=1.191558e-02 train_cos=0.990830 train_nmse=-17.314dB train_rec=0.000000e+00 train_recT=3.421460e-06 train_fc=0.000000e+00 train_decoder_tail=0.000000e+00
I 07.01/15:43:14 train_mapper.py:622 ] epoch=0043 train_loss=4.475866e-02 train_mse=1.169061e-02 train_cos=0.990993 train_nmse=-17.396dB train_rec=0.000000e+00 train_recT=3.340322e-06 train_fc=0.000000e+00 train_decoder_tail=0.000000e+00
I 07.01/15:44:29 train_mapper.py:622 ] epoch=0044 train_loss=4.421965e-02 train_mse=1.150774e-02 train_cos=0.991119 train_nmse=-17.465dB train_rec=0.000000e+00 train_recT=3.276521e-06 train_fc=0.000000e+00 train_decoder_tail=0.000000e+00
I 07.01/15:45:43 train_mapper.py:622 ] epoch=0045 train_loss=4.380090e-02 train_mse=1.136432e-02 train_cos=0.991218 train_nmse=-17.519dB train_rec=0.000000e+00 train_recT=3.224211e-06 train_fc=0.000000e+00 train_decoder_tail=0.000000e+00
I 07.01/15:46:57 train_mapper.py:622 ] epoch=0046 train_loss=4.327596e-02 train_mse=1.118902e-02 train_cos=0.991343 train_nmse=-17.586dB train_rec=0.000000e+00 train_recT=3.158127e-06 train_fc=0.000000e+00 train_decoder_tail=0.000000e+00
I 07.01/15:48:13 train_mapper.py:622 ] epoch=0047 train_loss=4.258696e-02 train_mse=1.096495e-02 train_cos=0.991509 train_nmse=-17.674dB train_rec=0.000000e+00 train_recT=3.088469e-06 train_fc=0.000000e+00 train_decoder_tail=0.000000e+00
I 07.01/15:49:25 train_mapper.py:622 ] epoch=0048 train_loss=4.219636e-02 train_mse=1.083394e-02 train_cos=0.991599 train_nmse=-17.727dB train_rec=0.000000e+00 train_recT=3.030271e-06 train_fc=0.000000e+00 train_decoder_tail=0.000000e+00
I 07.01/15:50:40 train_mapper.py:622 ] epoch=0049 train_loss=4.177263e-02 train_mse=1.069379e-02 train_cos=0.991702 train_nmse=-17.783dB train_rec=0.000000e+00 train_recT=2.984203e-06 train_fc=0.000000e+00 train_decoder_tail=0.000000e+00
I 07.01/15:51:54 train_mapper.py:622 ] epoch=0050 train_loss=4.135482e-02 train_mse=1.055657e-02 train_cos=0.991803 train_nmse=-17.839dB train_rec=0.000000e+00 train_recT=2.933012e-06 train_fc=0.000000e+00 train_decoder_tail=0.000000e+00
I 07.01/15:53:10 train_mapper.py:622 ] epoch=0051 train_loss=4.103356e-02 train_mse=1.044866e-02 train_cos=0.991879 train_nmse=-17.883dB train_rec=0.000000e+00 train_recT=2.902459e-06 train_fc=0.000000e+00 train_decoder_tail=0.000000e+00
I 07.01/15:54:24 train_mapper.py:622 ] epoch=0052 train_loss=4.061694e-02 train_mse=1.031309e-02 train_cos=0.991980 train_nmse=-17.940dB train_rec=0.000000e+00 train_recT=2.857645e-06 train_fc=0.000000e+00 train_decoder_tail=0.000000e+00
I 07.01/15:55:38 train_mapper.py:622 ] epoch=0053 train_loss=4.012855e-02 train_mse=1.015703e-02 train_cos=0.992095 train_nmse=-18.007dB train_rec=0.000000e+00 train_recT=2.803575e-06 train_fc=0.000000e+00 train_decoder_tail=0.000000e+00
I 07.01/15:56:50 train_mapper.py:622 ] epoch=0054 train_loss=3.973423e-02 train_mse=1.002857e-02 train_cos=0.992188 train_nmse=-18.062dB train_rec=0.000000e+00 train_recT=2.757446e-06 train_fc=0.000000e+00 train_decoder_tail=0.000000e+00
I 07.01/15:58:02 train_mapper.py:622 ] epoch=0055 train_loss=3.927520e-02 train_mse=9.882786e-03 train_cos=0.992299 train_nmse=-18.125dB train_rec=0.000000e+00 train_recT=2.716002e-06 train_fc=0.000000e+00 train_decoder_tail=0.000000e+00
I 07.01/15:59:13 train_mapper.py:622 ] epoch=0056 train_loss=3.892662e-02 train_mse=9.770744e-03 train_cos=0.992379 train_nmse=-18.175dB train_rec=0.000000e+00 train_recT=2.672409e-06 train_fc=0.000000e+00 train_decoder_tail=0.000000e+00
I 07.01/16:00:24 train_mapper.py:622 ] epoch=0057 train_loss=3.858784e-02 train_mse=9.661906e-03 train_cos=0.992459 train_nmse=-18.224dB train_rec=0.000000e+00 train_recT=2.634407e-06 train_fc=0.000000e+00 train_decoder_tail=0.000000e+00
I 07.01/16:01:35 train_mapper.py:622 ] epoch=0058 train_loss=3.832068e-02 train_mse=9.574340e-03 train_cos=0.992522 train_nmse=-18.263dB train_rec=0.000000e+00 train_recT=2.602635e-06 train_fc=0.000000e+00 train_decoder_tail=0.000000e+00
I 07.01/16:02:46 train_mapper.py:622 ] epoch=0059 train_loss=3.790330e-02 train_mse=9.443217e-03 train_cos=0.992620 train_nmse=-18.323dB train_rec=0.000000e+00 train_recT=2.567464e-06 train_fc=0.000000e+00 train_decoder_tail=0.000000e+00
I 07.01/16:04:00 train_mapper.py:622 ] epoch=0060 train_loss=3.759112e-02 train_mse=9.346864e-03 train_cos=0.992699 train_nmse=-18.367dB train_rec=0.000000e+00 train_recT=2.539059e-06 train_fc=0.000000e+00 train_decoder_tail=0.000000e+00
I 07.01/16:05:16 train_mapper.py:622 ] epoch=0061 train_loss=3.727496e-02 train_mse=9.245972e-03 train_cos=0.992771 train_nmse=-18.415dB train_rec=0.000000e+00 train_recT=2.500674e-06 train_fc=0.000000e+00 train_decoder_tail=0.000000e+00
I 07.01/16:06:27 train_mapper.py:622 ] epoch=0062 train_loss=3.696677e-02 train_mse=9.149513e-03 train_cos=0.992840 train_nmse=-18.460dB train_rec=0.000000e+00 train_recT=2.467413e-06 train_fc=0.000000e+00 train_decoder_tail=0.000000e+00
I 07.01/16:07:43 train_mapper.py:622 ] epoch=0063 train_loss=3.675456e-02 train_mse=9.079710e-03 train_cos=0.992892 train_nmse=-18.493dB train_rec=0.000000e+00 train_recT=2.446982e-06 train_fc=0.000000e+00 train_decoder_tail=0.000000e+00
I 07.01/16:08:57 train_mapper.py:622 ] epoch=0064 train_loss=3.646473e-02 train_mse=8.990437e-03 train_cos=0.992961 train_nmse=-18.536dB train_rec=0.000000e+00 train_recT=2.414532e-06 train_fc=0.000000e+00 train_decoder_tail=0.000000e+00
I 07.01/16:10:12 train_mapper.py:622 ] epoch=0065 train_loss=3.604771e-02 train_mse=8.862343e-03 train_cos=0.993059 train_nmse=-18.599dB train_rec=0.000000e+00 train_recT=2.382146e-06 train_fc=0.000000e+00 train_decoder_tail=0.000000e+00
I 07.01/16:11:23 train_mapper.py:622 ] epoch=0066 train_loss=3.584427e-02 train_mse=8.797929e-03 train_cos=0.993105 train_nmse=-18.630dB train_rec=0.000000e+00 train_recT=2.356723e-06 train_fc=0.000000e+00 train_decoder_tail=0.000000e+00
I 07.01/16:12:35 train_mapper.py:622 ] epoch=0067 train_loss=3.555437e-02 train_mse=8.708769e-03 train_cos=0.993170 train_nmse=-18.675dB train_rec=0.000000e+00 train_recT=2.325737e-06 train_fc=0.000000e+00 train_decoder_tail=0.000000e+00
I 07.01/16:13:48 train_mapper.py:622 ] epoch=0068 train_loss=3.531566e-02 train_mse=8.634532e-03 train_cos=0.993228 train_nmse=-18.712dB train_rec=0.000000e+00 train_recT=2.308607e-06 train_fc=0.000000e+00 train_decoder_tail=0.000000e+00
I 07.01/16:15:01 train_mapper.py:622 ] epoch=0069 train_loss=3.513119e-02 train_mse=8.575330e-03 train_cos=0.993271 train_nmse=-18.742dB train_rec=0.000000e+00 train_recT=2.284229e-06 train_fc=0.000000e+00 train_decoder_tail=0.000000e+00
I 07.01/16:16:15 train_mapper.py:622 ] epoch=0070 train_loss=3.486151e-02 train_mse=8.493116e-03 train_cos=0.993336 train_nmse=-18.783dB train_rec=0.000000e+00 train_recT=2.262422e-06 train_fc=0.000000e+00 train_decoder_tail=0.000000e+00
I 07.01/16:17:32 train_mapper.py:622 ] epoch=0071 train_loss=3.455568e-02 train_mse=8.400778e-03 train_cos=0.993406 train_nmse=-18.831dB train_rec=0.000000e+00 train_recT=2.231757e-06 train_fc=0.000000e+00 train_decoder_tail=0.000000e+00
I 07.01/16:18:45 train_mapper.py:622 ] epoch=0072 train_loss=3.435142e-02 train_mse=8.337313e-03 train_cos=0.993450 train_nmse=-18.864dB train_rec=0.000000e+00 train_recT=2.207095e-06 train_fc=0.000000e+00 train_decoder_tail=0.000000e+00
I 07.01/16:20:04 train_mapper.py:622 ] epoch=0073 train_loss=3.405039e-02 train_mse=8.245923e-03 train_cos=0.993523 train_nmse=-18.912dB train_rec=0.000000e+00 train_recT=2.186541e-06 train_fc=0.000000e+00 train_decoder_tail=0.000000e+00
I 07.01/16:21:18 train_mapper.py:622 ] epoch=0074 train_loss=3.383294e-02 train_mse=8.180485e-03 train_cos=0.993575 train_nmse=-18.946dB train_rec=0.000000e+00 train_recT=2.169428e-06 train_fc=0.000000e+00 train_decoder_tail=0.000000e+00
I 07.01/16:22:35 train_mapper.py:622 ] epoch=0075 train_loss=3.373961e-02 train_mse=8.149140e-03 train_cos=0.993596 train_nmse=-18.963dB train_rec=0.000000e+00 train_recT=2.154745e-06 train_fc=0.000000e+00 train_decoder_tail=0.000000e+00
I 07.01/16:23:46 train_mapper.py:622 ] epoch=0076 train_loss=3.343037e-02 train_mse=8.056976e-03 train_cos=0.993668 train_nmse=-19.012dB train_rec=0.000000e+00 train_recT=2.125793e-06 train_fc=0.000000e+00 train_decoder_tail=0.000000e+00
I 07.01/16:25:07 train_mapper.py:622 ] epoch=0077 train_loss=3.324174e-02 train_mse=7.999511e-03 train_cos=0.993711 train_nmse=-19.044dB train_rec=0.000000e+00 train_recT=2.112648e-06 train_fc=0.000000e+00 train_decoder_tail=0.000000e+00
I 07.01/16:26:17 train_mapper.py:622 ] epoch=0078 train_loss=3.303388e-02 train_mse=7.936974e-03 train_cos=0.993760 train_nmse=-19.077dB train_rec=0.000000e+00 train_recT=2.090923e-06 train_fc=0.000000e+00 train_decoder_tail=0.000000e+00
I 07.01/16:27:29 train_mapper.py:622 ] epoch=0079 train_loss=3.273324e-02 train_mse=7.846284e-03 train_cos=0.993826 train_nmse=-19.128dB train_rec=0.000000e+00 train_recT=2.065284e-06 train_fc=0.000000e+00 train_decoder_tail=0.000000e+00
I 07.01/16:28:39 train_mapper.py:622 ] epoch=0080 train_loss=3.261240e-02 train_mse=7.808206e-03 train_cos=0.993854 train_nmse=-19.148dB train_rec=0.000000e+00 train_recT=2.052261e-06 train_fc=0.000000e+00 train_decoder_tail=0.000000e+00
I 07.01/16:29:55 train_mapper.py:622 ] epoch=0081 train_loss=3.236946e-02 train_mse=7.736782e-03 train_cos=0.993911 train_nmse=-19.189dB train_rec=0.000000e+00 train_recT=2.032920e-06 train_fc=0.000000e+00 train_decoder_tail=0.000000e+00
I 07.01/16:31:17 train_mapper.py:622 ] epoch=0082 train_loss=3.223241e-02 train_mse=7.693573e-03 train_cos=0.993943 train_nmse=-19.213dB train_rec=0.000000e+00 train_recT=2.016889e-06 train_fc=0.000000e+00 train_decoder_tail=0.000000e+00
I 07.01/16:32:48 train_mapper.py:622 ] epoch=0083 train_loss=3.199939e-02 train_mse=7.624881e-03 train_cos=0.993997 train_nmse=-19.252dB train_rec=0.000000e+00 train_recT=2.002330e-06 train_fc=0.000000e+00 train_decoder_tail=0.000000e+00
I 07.01/16:34:29 train_mapper.py:622 ] epoch=0084 train_loss=3.179449e-02 train_mse=7.564029e-03 train_cos=0.994042 train_nmse=-19.287dB train_rec=0.000000e+00 train_recT=1.984145e-06 train_fc=0.000000e+00 train_decoder_tail=0.000000e+00
I 07.01/16:36:08 train_mapper.py:622 ] epoch=0085 train_loss=3.162197e-02 train_mse=7.512365e-03 train_cos=0.994082 train_nmse=-19.316dB train_rec=0.000000e+00 train_recT=1.960675e-06 train_fc=0.000000e+00 train_decoder_tail=0.000000e+00
I 07.01/16:37:42 train_mapper.py:622 ] epoch=0086 train_loss=3.144387e-02 train_mse=7.458649e-03 train_cos=0.994124 train_nmse=-19.348dB train_rec=0.000000e+00 train_recT=1.955683e-06 train_fc=0.000000e+00 train_decoder_tail=0.000000e+00
I 07.01/16:39:18 train_mapper.py:622 ] epoch=0087 train_loss=3.130685e-02 train_mse=7.416995e-03 train_cos=0.994156 train_nmse=-19.372dB train_rec=0.000000e+00 train_recT=1.935756e-06 train_fc=0.000000e+00 train_decoder_tail=0.000000e+00
I 07.01/16:40:49 train_mapper.py:622 ] epoch=0088 train_loss=3.117932e-02 train_mse=7.378339e-03 train_cos=0.994186 train_nmse=-19.394dB train_rec=0.000000e+00 train_recT=1.927468e-06 train_fc=0.000000e+00 train_decoder_tail=0.000000e+00
I 07.01/16:42:29 train_mapper.py:622 ] epoch=0089 train_loss=3.097917e-02 train_mse=7.318442e-03 train_cos=0.994232 train_nmse=-19.430dB train_rec=0.000000e+00 train_recT=1.905555e-06 train_fc=0.000000e+00 train_decoder_tail=0.000000e+00
I 07.01/16:44:06 train_mapper.py:622 ] epoch=0090 train_loss=3.077560e-02 train_mse=7.258237e-03 train_cos=0.994278 train_nmse=-19.466dB train_rec=0.000000e+00 train_recT=1.891455e-06 train_fc=0.000000e+00 train_decoder_tail=0.000000e+00
I 07.01/16:45:36 train_mapper.py:622 ] epoch=0091 train_loss=3.055017e-02 train_mse=7.192627e-03 train_cos=0.994327 train_nmse=-19.505dB train_rec=0.000000e+00 train_recT=1.866184e-06 train_fc=0.000000e+00 train_decoder_tail=0.000000e+00
I 07.01/16:47:01 train_mapper.py:622 ] epoch=0092 train_loss=3.039625e-02 train_mse=7.146040e-03 train_cos=0.994362 train_nmse=-19.533dB train_rec=0.000000e+00 train_recT=1.850085e-06 train_fc=0.000000e+00 train_decoder_tail=0.000000e+00
I 07.01/16:48:29 train_mapper.py:622 ] epoch=0093 train_loss=3.025142e-02 train_mse=7.102807e-03 train_cos=0.994395 train_nmse=-19.560dB train_rec=0.000000e+00 train_recT=1.840785e-06 train_fc=0.000000e+00 train_decoder_tail=0.000000e+00
I 07.01/16:49:51 train_mapper.py:622 ] epoch=0094 train_loss=3.006688e-02 train_mse=7.048325e-03 train_cos=0.994439 train_nmse=-19.593dB train_rec=0.000000e+00 train_recT=1.830229e-06 train_fc=0.000000e+00 train_decoder_tail=0.000000e+00
I 07.01/16:51:19 train_mapper.py:622 ] epoch=0095 train_loss=2.994406e-02 train_mse=7.011318e-03 train_cos=0.994467 train_nmse=-19.616dB train_rec=0.000000e+00 train_recT=1.813397e-06 train_fc=0.000000e+00 train_decoder_tail=0.000000e+00
I 07.01/16:52:45 train_mapper.py:622 ] epoch=0096 train_loss=2.977682e-02 train_mse=6.962272e-03 train_cos=0.994506 train_nmse=-19.646dB train_rec=0.000000e+00 train_recT=1.799623e-06 train_fc=0.000000e+00 train_decoder_tail=0.000000e+00
I 07.01/16:54:17 train_mapper.py:622 ] epoch=0097 train_loss=2.971530e-02 train_mse=6.941426e-03 train_cos=0.994522 train_nmse=-19.659dB train_rec=0.000000e+00 train_recT=1.799344e-06 train_fc=0.000000e+00 train_decoder_tail=0.000000e+00
I 07.01/16:55:44 train_mapper.py:622 ] epoch=0098 train_loss=2.958933e-02 train_mse=6.903898e-03 train_cos=0.994550 train_nmse=-19.683dB train_rec=0.000000e+00 train_recT=1.790105e-06 train_fc=0.000000e+00 train_decoder_tail=0.000000e+00
I 07.01/16:57:13 train_mapper.py:622 ] epoch=0099 train_loss=2.942013e-02 train_mse=6.854447e-03 train_cos=0.994591 train_nmse=-19.714dB train_rec=0.000000e+00 train_recT=1.777209e-06 train_fc=0.000000e+00 train_decoder_tail=0.000000e+00
I 07.01/16:58:41 train_mapper.py:622 ] epoch=0100 train_loss=2.916362e-02 train_mse=6.780207e-03 train_cos=0.994645 train_nmse=-19.761dB train_rec=0.000000e+00 train_recT=1.748672e-06 train_fc=0.000000e+00 train_decoder_tail=0.000000e+00
I 07.01/17:00:16 train_mapper.py:622 ] epoch=0101 train_loss=2.905420e-02 train_mse=6.747681e-03 train_cos=0.994671 train_nmse=-19.782dB train_rec=0.000000e+00 train_recT=1.733708e-06 train_fc=0.000000e+00 train_decoder_tail=0.000000e+00
I 07.01/17:01:48 train_mapper.py:622 ] epoch=0102 train_loss=2.896408e-02 train_mse=6.718212e-03 train_cos=0.994691 train_nmse=-19.802dB train_rec=0.000000e+00 train_recT=1.726860e-06 train_fc=0.000000e+00 train_decoder_tail=0.000000e+00
I 07.01/17:03:20 train_mapper.py:622 ] epoch=0103 train_loss=2.873519e-02 train_mse=6.654794e-03 train_cos=0.994745 train_nmse=-19.842dB train_rec=0.000000e+00 train_recT=1.713923e-06 train_fc=0.000000e+00 train_decoder_tail=0.000000e+00
I 07.01/17:04:54 train_mapper.py:622 ] epoch=0104 train_loss=2.866785e-02 train_mse=6.632129e-03 train_cos=0.994760 train_nmse=-19.857dB train_rec=0.000000e+00 train_recT=1.708392e-06 train_fc=0.000000e+00 train_decoder_tail=0.000000e+00
I 07.01/17:06:28 train_mapper.py:622 ] epoch=0105 train_loss=2.847781e-02 train_mse=6.577617e-03 train_cos=0.994801 train_nmse=-19.893dB train_rec=0.000000e+00 train_recT=1.691611e-06 train_fc=0.000000e+00 train_decoder_tail=0.000000e+00
I 07.01/17:08:00 train_mapper.py:622 ] epoch=0106 train_loss=2.844006e-02 train_mse=6.562874e-03 train_cos=0.994813 train_nmse=-19.903dB train_rec=0.000000e+00 train_recT=1.689581e-06 train_fc=0.000000e+00 train_decoder_tail=0.000000e+00
I 07.01/17:09:33 train_mapper.py:622 ] epoch=0107 train_loss=2.821930e-02 train_mse=6.501578e-03 train_cos=0.994864 train_nmse=-19.944dB train_rec=0.000000e+00 train_recT=1.670723e-06 train_fc=0.000000e+00 train_decoder_tail=0.000000e+00
I 07.01/17:11:09 train_mapper.py:622 ] epoch=0108 train_loss=2.816411e-02 train_mse=6.481922e-03 train_cos=0.994876 train_nmse=-19.957dB train_rec=0.000000e+00 train_recT=1.666920e-06 train_fc=0.000000e+00 train_decoder_tail=0.000000e+00
I 07.01/17:12:43 train_mapper.py:622 ] epoch=0109 train_loss=2.801739e-02 train_mse=6.440196e-03 train_cos=0.994910 train_nmse=-19.985dB train_rec=0.000000e+00 train_recT=1.652859e-06 train_fc=0.000000e+00 train_decoder_tail=0.000000e+00
I 07.01/17:14:17 train_mapper.py:622 ] epoch=0110 train_loss=2.793850e-02 train_mse=6.415270e-03 train_cos=0.994926 train_nmse=-20.002dB train_rec=0.000000e+00 train_recT=1.641774e-06 train_fc=0.000000e+00 train_decoder_tail=0.000000e+00
I 07.01/17:15:49 train_mapper.py:622 ] epoch=0111 train_loss=2.774326e-02 train_mse=6.360665e-03 train_cos=0.994970 train_nmse=-20.039dB train_rec=0.000000e+00 train_recT=1.629123e-06 train_fc=0.000000e+00 train_decoder_tail=0.000000e+00
I 07.01/17:17:31 train_mapper.py:622 ] epoch=0112 train_loss=2.770939e-02 train_mse=6.348203e-03 train_cos=0.994980 train_nmse=-20.047dB train_rec=0.000000e+00 train_recT=1.628315e-06 train_fc=0.000000e+00 train_decoder_tail=0.000000e+00
I 07.01/17:19:07 train_mapper.py:622 ] epoch=0113 train_loss=2.753879e-02 train_mse=6.299638e-03 train_cos=0.995018 train_nmse=-20.081dB train_rec=0.000000e+00 train_recT=1.610705e-06 train_fc=0.000000e+00 train_decoder_tail=0.000000e+00
I 07.01/17:20:39 train_mapper.py:622 ] epoch=0114 train_loss=2.742012e-02 train_mse=6.265300e-03 train_cos=0.995045 train_nmse=-20.105dB train_rec=0.000000e+00 train_recT=1.605339e-06 train_fc=0.000000e+00 train_decoder_tail=0.000000e+00
I 07.01/17:22:12 train_mapper.py:622 ] epoch=0115 train_loss=2.737009e-02 train_mse=6.248642e-03 train_cos=0.995057 train_nmse=-20.116dB train_rec=0.000000e+00 train_recT=1.605742e-06 train_fc=0.000000e+00 train_decoder_tail=0.000000e+00
I 07.01/17:23:46 train_mapper.py:622 ] epoch=0116 train_loss=2.725063e-02 train_mse=6.213888e-03 train_cos=0.995084 train_nmse=-20.140dB train_rec=0.000000e+00 train_recT=1.594209e-06 train_fc=0.000000e+00 train_decoder_tail=0.000000e+00
I 07.01/17:25:21 train_mapper.py:622 ] epoch=0117 train_loss=2.705918e-02 train_mse=6.160645e-03 train_cos=0.995124 train_nmse=-20.177dB train_rec=0.000000e+00 train_recT=1.575871e-06 train_fc=0.000000e+00 train_decoder_tail=0.000000e+00
I 07.01/17:26:56 train_mapper.py:622 ] epoch=0118 train_loss=2.692234e-02 train_mse=6.122092e-03 train_cos=0.995153 train_nmse=-20.205dB train_rec=0.000000e+00 train_recT=1.564714e-06 train_fc=0.000000e+00 train_decoder_tail=0.000000e+00
I 07.01/17:28:34 train_mapper.py:622 ] epoch=0119 train_loss=2.686970e-02 train_mse=6.104398e-03 train_cos=0.995167 train_nmse=-20.217dB train_rec=0.000000e+00 train_recT=1.562055e-06 train_fc=0.000000e+00 train_decoder_tail=0.000000e+00
I 07.01/17:30:10 train_mapper.py:622 ] epoch=0120 train_loss=2.672162e-02 train_mse=6.063877e-03 train_cos=0.995199 train_nmse=-20.246dB train_rec=0.000000e+00 train_recT=1.548880e-06 train_fc=0.000000e+00 train_decoder_tail=0.000000e+00
I 07.01/17:31:47 train_mapper.py:622 ] epoch=0121 train_loss=2.658649e-02 train_mse=6.025446e-03 train_cos=0.995229 train_nmse=-20.274dB train_rec=0.000000e+00 train_recT=1.539350e-06 train_fc=0.000000e+00 train_decoder_tail=0.000000e+00
I 07.01/17:33:19 train_mapper.py:622 ] epoch=0122 train_loss=2.656280e-02 train_mse=6.016522e-03 train_cos=0.995235 train_nmse=-20.280dB train_rec=0.000000e+00 train_recT=1.534894e-06 train_fc=0.000000e+00 train_decoder_tail=0.000000e+00
I 07.01/17:34:55 train_mapper.py:622 ] epoch=0123 train_loss=2.646966e-02 train_mse=5.989019e-03 train_cos=0.995256 train_nmse=-20.300dB train_rec=0.000000e+00 train_recT=1.526701e-06 train_fc=0.000000e+00 train_decoder_tail=0.000000e+00
I 07.01/17:36:30 train_mapper.py:622 ] epoch=0124 train_loss=2.633627e-02 train_mse=5.952314e-03 train_cos=0.995286 train_nmse=-20.327dB train_rec=0.000000e+00 train_recT=1.521764e-06 train_fc=0.000000e+00 train_decoder_tail=0.000000e+00
I 07.01/17:38:06 train_mapper.py:622 ] epoch=0125 train_loss=2.620655e-02 train_mse=5.915361e-03 train_cos=0.995312 train_nmse=-20.354dB train_rec=0.000000e+00 train_recT=1.507042e-06 train_fc=0.000000e+00 train_decoder_tail=0.000000e+00
I 07.01/17:39:39 train_mapper.py:622 ] epoch=0126 train_loss=2.611793e-02 train_mse=5.889844e-03 train_cos=0.995331 train_nmse=-20.373dB train_rec=0.000000e+00 train_recT=1.497734e-06 train_fc=0.000000e+00 train_decoder_tail=0.000000e+00
I 07.01/17:41:15 train_mapper.py:622 ] epoch=0127 train_loss=2.599967e-02 train_mse=5.857728e-03 train_cos=0.995358 train_nmse=-20.397dB train_rec=0.000000e+00 train_recT=1.492320e-06 train_fc=0.000000e+00 train_decoder_tail=0.000000e+00
I 07.01/17:42:51 train_mapper.py:622 ] epoch=0128 train_loss=2.598465e-02 train_mse=5.850787e-03 train_cos=0.995362 train_nmse=-20.402dB train_rec=0.000000e+00 train_recT=1.490369e-06 train_fc=0.000000e+00 train_decoder_tail=0.000000e+00
I 07.01/17:44:29 train_mapper.py:622 ] epoch=0129 train_loss=2.582706e-02 train_mse=5.807660e-03 train_cos=0.995395 train_nmse=-20.434dB train_rec=0.000000e+00 train_recT=1.474551e-06 train_fc=0.000000e+00 train_decoder_tail=0.000000e+00
I 07.01/17:46:04 train_mapper.py:622 ] epoch=0130 train_loss=2.572261e-02 train_mse=5.778756e-03 train_cos=0.995419 train_nmse=-20.455dB train_rec=0.000000e+00 train_recT=1.472223e-06 train_fc=0.000000e+00 train_decoder_tail=0.000000e+00
I 07.01/17:47:35 train_mapper.py:622 ] epoch=0131 train_loss=2.565797e-02 train_mse=5.759603e-03 train_cos=0.995433 train_nmse=-20.470dB train_rec=0.000000e+00 train_recT=1.468153e-06 train_fc=0.000000e+00 train_decoder_tail=0.000000e+00
I 07.01/17:49:10 train_mapper.py:622 ] epoch=0132 train_loss=2.550506e-02 train_mse=5.718582e-03 train_cos=0.995466 train_nmse=-20.501dB train_rec=0.000000e+00 train_recT=1.457121e-06 train_fc=0.000000e+00 train_decoder_tail=0.000000e+00
I 07.01/17:50:45 train_mapper.py:622 ] epoch=0133 train_loss=2.548163e-02 train_mse=5.709490e-03 train_cos=0.995471 train_nmse=-20.508dB train_rec=0.000000e+00 train_recT=1.457035e-06 train_fc=0.000000e+00 train_decoder_tail=0.000000e+00
I 07.01/17:52:19 train_mapper.py:622 ] epoch=0134 train_loss=2.536148e-02 train_mse=5.677311e-03 train_cos=0.995496 train_nmse=-20.532dB train_rec=0.000000e+00 train_recT=1.438531e-06 train_fc=0.000000e+00 train_decoder_tail=0.000000e+00
I 07.01/17:53:54 train_mapper.py:622 ] epoch=0135 train_loss=2.530085e-02 train_mse=5.660481e-03 train_cos=0.995510 train_nmse=-20.545dB train_rec=0.000000e+00 train_recT=1.435056e-06 train_fc=0.000000e+00 train_decoder_tail=0.000000e+00
I 07.01/17:55:30 train_mapper.py:622 ] epoch=0136 train_loss=2.515135e-02 train_mse=5.619617e-03 train_cos=0.995543 train_nmse=-20.577dB train_rec=0.000000e+00 train_recT=1.423068e-06 train_fc=0.000000e+00 train_decoder_tail=0.000000e+00
I 07.01/17:57:07 train_mapper.py:622 ] epoch=0137 train_loss=2.514164e-02 train_mse=5.614806e-03 train_cos=0.995544 train_nmse=-20.580dB train_rec=0.000000e+00 train_recT=1.424096e-06 train_fc=0.000000e+00 train_decoder_tail=0.000000e+00
I 07.01/17:58:38 train_mapper.py:622 ] epoch=0138 train_loss=2.495969e-02 train_mse=5.566048e-03 train_cos=0.995582 train_nmse=-20.618dB train_rec=0.000000e+00 train_recT=1.408941e-06 train_fc=0.000000e+00 train_decoder_tail=0.000000e+00
I 07.01/18:00:13 train_mapper.py:622 ] epoch=0139 train_loss=2.489249e-02 train_mse=5.547319e-03 train_cos=0.995596 train_nmse=-20.633dB train_rec=0.000000e+00 train_recT=1.400519e-06 train_fc=0.000000e+00 train_decoder_tail=0.000000e+00
I 07.01/18:01:49 train_mapper.py:622 ] epoch=0140 train_loss=2.486180e-02 train_mse=5.537839e-03 train_cos=0.995604 train_nmse=-20.640dB train_rec=0.000000e+00 train_recT=1.401599e-06 train_fc=0.000000e+00 train_decoder_tail=0.000000e+00
I 07.01/18:03:29 train_mapper.py:622 ] epoch=0141 train_loss=2.476659e-02 train_mse=5.511753e-03 train_cos=0.995624 train_nmse=-20.661dB train_rec=0.000000e+00 train_recT=1.393993e-06 train_fc=0.000000e+00 train_decoder_tail=0.000000e+00
I 07.01/18:04:57 train_mapper.py:622 ] epoch=0142 train_loss=2.471075e-02 train_mse=5.495802e-03 train_cos=0.995636 train_nmse=-20.674dB train_rec=0.000000e+00 train_recT=1.390505e-06 train_fc=0.000000e+00 train_decoder_tail=0.000000e+00
I 07.01/18:06:30 train_mapper.py:622 ] epoch=0143 train_loss=2.458846e-02 train_mse=5.463352e-03 train_cos=0.995662 train_nmse=-20.699dB train_rec=0.000000e+00 train_recT=1.380533e-06 train_fc=0.000000e+00 train_decoder_tail=0.000000e+00
I 07.01/18:08:04 train_mapper.py:622 ] epoch=0144 train_loss=2.450976e-02 train_mse=5.440629e-03 train_cos=0.995676 train_nmse=-20.717dB train_rec=0.000000e+00 train_recT=1.373528e-06 train_fc=0.000000e+00 train_decoder_tail=0.000000e+00
I 07.01/18:09:40 train_mapper.py:622 ] epoch=0145 train_loss=2.436931e-02 train_mse=5.403914e-03 train_cos=0.995708 train_nmse=-20.747dB train_rec=0.000000e+00 train_recT=1.367010e-06 train_fc=0.000000e+00 train_decoder_tail=0.000000e+00
I 07.01/18:11:13 train_mapper.py:622 ] epoch=0146 train_loss=2.432592e-02 train_mse=5.391903e-03 train_cos=0.995718 train_nmse=-20.756dB train_rec=0.000000e+00 train_recT=1.362977e-06 train_fc=0.000000e+00 train_decoder_tail=0.000000e+00
I 07.01/18:12:46 train_mapper.py:622 ] epoch=0147 train_loss=2.434003e-02 train_mse=5.392664e-03 train_cos=0.995718 train_nmse=-20.756dB train_rec=0.000000e+00 train_recT=1.367801e-06 train_fc=0.000000e+00 train_decoder_tail=0.000000e+00
I 07.01/18:14:21 train_mapper.py:622 ] epoch=0148 train_loss=2.427000e-02 train_mse=5.374024e-03 train_cos=0.995729 train_nmse=-20.771dB train_rec=0.000000e+00 train_recT=1.356869e-06 train_fc=0.000000e+00 train_decoder_tail=0.000000e+00
I 07.01/18:15:51 train_mapper.py:622 ] epoch=0149 train_loss=2.414231e-02 train_mse=5.339753e-03 train_cos=0.995757 train_nmse=-20.799dB train_rec=0.000000e+00 train_recT=1.346563e-06 train_fc=0.000000e+00 train_decoder_tail=0.000000e+00
I 07.01/18:17:27 train_mapper.py:622 ] epoch=0150 train_loss=2.401020e-02 train_mse=5.305070e-03 train_cos=0.995784 train_nmse=-20.827dB train_rec=0.000000e+00 train_recT=1.337942e-06 train_fc=0.000000e+00 train_decoder_tail=0.000000e+00
I 07.01/18:19:00 train_mapper.py:622 ] epoch=0151 train_loss=2.395959e-02 train_mse=5.291607e-03 train_cos=0.995797 train_nmse=-20.838dB train_rec=0.000000e+00 train_recT=1.337433e-06 train_fc=0.000000e+00 train_decoder_tail=0.000000e+00
I 07.01/18:20:36 train_mapper.py:622 ] epoch=0152 train_loss=2.393346e-02 train_mse=5.282953e-03 train_cos=0.995801 train_nmse=-20.845dB train_rec=0.000000e+00 train_recT=1.332472e-06 train_fc=0.000000e+00 train_decoder_tail=0.000000e+00
I 07.01/18:22:12 train_mapper.py:622 ] epoch=0153 train_loss=2.380566e-02 train_mse=5.249312e-03 train_cos=0.995825 train_nmse=-20.873dB train_rec=0.000000e+00 train_recT=1.318768e-06 train_fc=0.000000e+00 train_decoder_tail=0.000000e+00
I 07.01/18:23:45 train_mapper.py:622 ] epoch=0154 train_loss=2.372895e-02 train_mse=5.228079e-03 train_cos=0.995843 train_nmse=-20.890dB train_rec=0.000000e+00 train_recT=1.313963e-06 train_fc=0.000000e+00 train_decoder_tail=0.000000e+00
I 07.01/18:25:20 train_mapper.py:622 ] epoch=0155 train_loss=2.361183e-02 train_mse=5.197720e-03 train_cos=0.995868 train_nmse=-20.916dB train_rec=0.000000e+00 train_recT=1.306087e-06 train_fc=0.000000e+00 train_decoder_tail=0.000000e+00
I 07.01/18:26:54 train_mapper.py:622 ] epoch=0156 train_loss=2.367723e-02 train_mse=5.212559e-03 train_cos=0.995855 train_nmse=-20.903dB train_rec=0.000000e+00 train_recT=1.316723e-06 train_fc=0.000000e+00 train_decoder_tail=0.000000e+00
I 07.01/18:28:25 train_mapper.py:622 ] epoch=0157 train_loss=2.352238e-02 train_mse=5.172891e-03 train_cos=0.995887 train_nmse=-20.936dB train_rec=0.000000e+00 train_recT=1.300663e-06 train_fc=0.000000e+00 train_decoder_tail=0.000000e+00
I 07.01/18:29:58 train_mapper.py:622 ] epoch=0158 train_loss=2.353171e-02 train_mse=5.173533e-03 train_cos=0.995885 train_nmse=-20.936dB train_rec=0.000000e+00 train_recT=1.297134e-06 train_fc=0.000000e+00 train_decoder_tail=0.000000e+00
I 07.01/18:31:28 train_mapper.py:622 ] epoch=0159 train_loss=2.338870e-02 train_mse=5.136770e-03 train_cos=0.995916 train_nmse=-20.967dB train_rec=0.000000e+00 train_recT=1.290224e-06 train_fc=0.000000e+00 train_decoder_tail=0.000000e+00
I 07.01/18:33:00 train_mapper.py:622 ] epoch=0160 train_loss=2.328133e-02 train_mse=5.107763e-03 train_cos=0.995938 train_nmse=-20.991dB train_rec=0.000000e+00 train_recT=1.282426e-06 train_fc=0.000000e+00 train_decoder_tail=0.000000e+00
I 07.01/18:34:33 train_mapper.py:622 ] epoch=0161 train_loss=2.319084e-02 train_mse=5.084357e-03 train_cos=0.995956 train_nmse=-21.011dB train_rec=0.000000e+00 train_recT=1.275757e-06 train_fc=0.000000e+00 train_decoder_tail=0.000000e+00
I 07.01/18:36:06 train_mapper.py:622 ] epoch=0162 train_loss=2.320652e-02 train_mse=5.086913e-03 train_cos=0.995955 train_nmse=-21.009dB train_rec=0.000000e+00 train_recT=1.280400e-06 train_fc=0.000000e+00 train_decoder_tail=0.000000e+00
I 07.01/18:37:36 train_mapper.py:622 ] epoch=0163 train_loss=2.316973e-02 train_mse=5.076337e-03 train_cos=0.995962 train_nmse=-21.018dB train_rec=0.000000e+00 train_recT=1.275680e-06 train_fc=0.000000e+00 train_decoder_tail=0.000000e+00
I 07.01/18:39:05 train_mapper.py:622 ] epoch=0164 train_loss=2.317087e-02 train_mse=5.075465e-03 train_cos=0.995963 train_nmse=-21.019dB train_rec=0.000000e+00 train_recT=1.278587e-06 train_fc=0.000000e+00 train_decoder_tail=0.000000e+00
I 07.01/18:40:33 train_mapper.py:622 ] epoch=0165 train_loss=2.303049e-02 train_mse=5.039235e-03 train_cos=0.995994 train_nmse=-21.050dB train_rec=0.000000e+00 train_recT=1.270050e-06 train_fc=0.000000e+00 train_decoder_tail=0.000000e+00
I 07.01/18:42:07 train_mapper.py:622 ] epoch=0166 train_loss=2.303366e-02 train_mse=5.038327e-03 train_cos=0.995990 train_nmse=-21.051dB train_rec=0.000000e+00 train_recT=1.267579e-06 train_fc=0.000000e+00 train_decoder_tail=0.000000e+00
I 07.01/18:43:32 train_mapper.py:622 ] epoch=0167 train_loss=2.289965e-02 train_mse=5.004008e-03 train_cos=0.996018 train_nmse=-21.081dB train_rec=0.000000e+00 train_recT=1.256241e-06 train_fc=0.000000e+00 train_decoder_tail=0.000000e+00
I 07.01/18:44:51 train_mapper.py:622 ] epoch=0168 train_loss=2.283425e-02 train_mse=4.987052e-03 train_cos=0.996035 train_nmse=-21.095dB train_rec=0.000000e+00 train_recT=1.254968e-06 train_fc=0.000000e+00 train_decoder_tail=0.000000e+00
I 07.01/18:46:06 train_mapper.py:622 ] epoch=0169 train_loss=2.284553e-02 train_mse=4.987928e-03 train_cos=0.996031 train_nmse=-21.095dB train_rec=0.000000e+00 train_recT=1.250306e-06 train_fc=0.000000e+00 train_decoder_tail=0.000000e+00
I 07.01/18:47:16 train_mapper.py:622 ] epoch=0170 train_loss=2.267294e-02 train_mse=4.944602e-03 train_cos=0.996064 train_nmse=-21.132dB train_rec=0.000000e+00 train_recT=1.236174e-06 train_fc=0.000000e+00 train_decoder_tail=0.000000e+00
I 07.01/18:48:26 train_mapper.py:622 ] epoch=0171 train_loss=2.255106e-02 train_mse=4.912850e-03 train_cos=0.996090 train_nmse=-21.160dB train_rec=0.000000e+00 train_recT=1.230969e-06 train_fc=0.000000e+00 train_decoder_tail=0.000000e+00
I 07.01/18:49:38 train_mapper.py:622 ] epoch=0172 train_loss=2.256446e-02 train_mse=4.914686e-03 train_cos=0.996088 train_nmse=-21.159dB train_rec=0.000000e+00 train_recT=1.229159e-06 train_fc=0.000000e+00 train_decoder_tail=0.000000e+00
I 07.01/18:50:48 train_mapper.py:622 ] epoch=0173 train_loss=2.243095e-02 train_mse=4.880108e-03 train_cos=0.996115 train_nmse=-21.190dB train_rec=0.000000e+00 train_recT=1.219915e-06 train_fc=0.000000e+00 train_decoder_tail=0.000000e+00
I 07.01/18:52:00 train_mapper.py:622 ] epoch=0174 train_loss=2.250882e-02 train_mse=4.898297e-03 train_cos=0.996099 train_nmse=-21.173dB train_rec=0.000000e+00 train_recT=1.222948e-06 train_fc=0.000000e+00 train_decoder_tail=0.000000e+00
I 07.01/18:53:14 train_mapper.py:622 ] epoch=0175 train_loss=2.241351e-02 train_mse=4.874605e-03 train_cos=0.996121 train_nmse=-21.194dB train_rec=0.000000e+00 train_recT=1.220347e-06 train_fc=0.000000e+00 train_decoder_tail=0.000000e+00
I 07.01/18:54:27 train_mapper.py:622 ] epoch=0176 train_loss=2.236385e-02 train_mse=4.861822e-03 train_cos=0.996133 train_nmse=-21.206dB train_rec=0.000000e+00 train_recT=1.221037e-06 train_fc=0.000000e+00 train_decoder_tail=0.000000e+00
I 07.01/18:55:41 train_mapper.py:622 ] epoch=0177 train_loss=2.231910e-02 train_mse=4.848942e-03 train_cos=0.996140 train_nmse=-21.217dB train_rec=0.000000e+00 train_recT=1.213019e-06 train_fc=0.000000e+00 train_decoder_tail=0.000000e+00
I 07.01/18:56:51 train_mapper.py:622 ] epoch=0178 train_loss=2.221785e-02 train_mse=4.822481e-03 train_cos=0.996159 train_nmse=-21.241dB train_rec=0.000000e+00 train_recT=1.205804e-06 train_fc=0.000000e+00 train_decoder_tail=0.000000e+00
I 07.01/18:58:07 train_mapper.py:622 ] epoch=0179 train_loss=2.217042e-02 train_mse=4.809895e-03 train_cos=0.996170 train_nmse=-21.253dB train_rec=0.000000e+00 train_recT=1.200170e-06 train_fc=0.000000e+00 train_decoder_tail=0.000000e+00
I 07.01/18:59:19 train_mapper.py:622 ] epoch=0180 train_loss=2.207465e-02 train_mse=4.785438e-03 train_cos=0.996190 train_nmse=-21.275dB train_rec=0.000000e+00 train_recT=1.195709e-06 train_fc=0.000000e+00 train_decoder_tail=0.000000e+00
I 07.01/19:00:30 train_mapper.py:622 ] epoch=0181 train_loss=2.208937e-02 train_mse=4.787628e-03 train_cos=0.996186 train_nmse=-21.273dB train_rec=0.000000e+00 train_recT=1.198258e-06 train_fc=0.000000e+00 train_decoder_tail=0.000000e+00
I 07.01/19:01:38 train_mapper.py:622 ] epoch=0182 train_loss=2.209015e-02 train_mse=4.786901e-03 train_cos=0.996188 train_nmse=-21.273dB train_rec=0.000000e+00 train_recT=1.199331e-06 train_fc=0.000000e+00 train_decoder_tail=0.000000e+00
I 07.01/19:02:48 train_mapper.py:622 ] epoch=0183 train_loss=2.196618e-02 train_mse=4.755827e-03 train_cos=0.996213 train_nmse=-21.302dB train_rec=0.000000e+00 train_recT=1.186653e-06 train_fc=0.000000e+00 train_decoder_tail=0.000000e+00
I 07.01/19:03:59 train_mapper.py:622 ] epoch=0184 train_loss=2.190852e-02 train_mse=4.740083e-03 train_cos=0.996225 train_nmse=-21.316dB train_rec=0.000000e+00 train_recT=1.183300e-06 train_fc=0.000000e+00 train_decoder_tail=0.000000e+00
I 07.01/19:05:13 train_mapper.py:622 ] epoch=0185 train_loss=2.182503e-02 train_mse=4.718183e-03 train_cos=0.996242 train_nmse=-21.336dB train_rec=0.000000e+00 train_recT=1.176558e-06 train_fc=0.000000e+00 train_decoder_tail=0.000000e+00
I 07.01/19:06:25 train_mapper.py:622 ] epoch=0186 train_loss=2.175262e-02 train_mse=4.699527e-03 train_cos=0.996256 train_nmse=-21.353dB train_rec=0.000000e+00 train_recT=1.172977e-06 train_fc=0.000000e+00 train_decoder_tail=0.000000e+00
I 07.01/19:07:38 train_mapper.py:622 ] epoch=0187 train_loss=2.170297e-02 train_mse=4.686101e-03 train_cos=0.996266 train_nmse=-21.366dB train_rec=0.000000e+00 train_recT=1.168286e-06 train_fc=0.000000e+00 train_decoder_tail=0.000000e+00
I 07.01/19:08:52 train_mapper.py:622 ] epoch=0188 train_loss=2.162828e-02 train_mse=4.667611e-03 train_cos=0.996283 train_nmse=-21.383dB train_rec=0.000000e+00 train_recT=1.166133e-06 train_fc=0.000000e+00 train_decoder_tail=0.000000e+00
I 07.01/19:10:05 train_mapper.py:622 ] epoch=0189 train_loss=2.165112e-02 train_mse=4.672065e-03 train_cos=0.996278 train_nmse=-21.379dB train_rec=0.000000e+00 train_recT=1.167570e-06 train_fc=0.000000e+00 train_decoder_tail=0.000000e+00
I 07.01/19:11:17 train_mapper.py:622 ] epoch=0190 train_loss=2.157911e-02 train_mse=4.653652e-03 train_cos=0.996294 train_nmse=-21.396dB train_rec=0.000000e+00 train_recT=1.160066e-06 train_fc=0.000000e+00 train_decoder_tail=0.000000e+00
I 07.01/19:12:27 train_mapper.py:622 ] epoch=0191 train_loss=2.156697e-02 train_mse=4.648684e-03 train_cos=0.996294 train_nmse=-21.400dB train_rec=0.000000e+00 train_recT=1.154595e-06 train_fc=0.000000e+00 train_decoder_tail=0.000000e+00
I 07.01/19:13:38 train_mapper.py:622 ] epoch=0192 train_loss=2.147650e-02 train_mse=4.626256e-03 train_cos=0.996315 train_nmse=-21.421dB train_rec=0.000000e+00 train_recT=1.151211e-06 train_fc=0.000000e+00 train_decoder_tail=0.000000e+00
I 07.01/19:14:51 train_mapper.py:622 ] epoch=0193 train_loss=2.135962e-02 train_mse=4.597113e-03 train_cos=0.996338 train_nmse=-21.449dB train_rec=0.000000e+00 train_recT=1.146692e-06 train_fc=0.000000e+00 train_decoder_tail=0.000000e+00
I 07.01/19:16:06 train_mapper.py:622 ] epoch=0194 train_loss=2.133428e-02 train_mse=4.589102e-03 train_cos=0.996342 train_nmse=-21.456dB train_rec=0.000000e+00 train_recT=1.142916e-06 train_fc=0.000000e+00 train_decoder_tail=0.000000e+00
I 07.01/19:17:20 train_mapper.py:622 ] epoch=0195 train_loss=2.129717e-02 train_mse=4.579957e-03 train_cos=0.996351 train_nmse=-21.465dB train_rec=0.000000e+00 train_recT=1.142993e-06 train_fc=0.000000e+00 train_decoder_tail=0.000000e+00
I 07.01/19:18:36 train_mapper.py:622 ] epoch=0196 train_loss=2.129651e-02 train_mse=4.578883e-03 train_cos=0.996353 train_nmse=-21.466dB train_rec=0.000000e+00 train_recT=1.142373e-06 train_fc=0.000000e+00 train_decoder_tail=0.000000e+00
I 07.01/19:19:48 train_mapper.py:622 ] epoch=0197 train_loss=2.127119e-02 train_mse=4.571621e-03 train_cos=0.996358 train_nmse=-21.473dB train_rec=0.000000e+00 train_recT=1.140938e-06 train_fc=0.000000e+00 train_decoder_tail=0.000000e+00
I 07.01/19:21:00 train_mapper.py:622 ] epoch=0198 train_loss=2.124322e-02 train_mse=4.563623e-03 train_cos=0.996364 train_nmse=-21.481dB train_rec=0.000000e+00 train_recT=1.138955e-06 train_fc=0.000000e+00 train_decoder_tail=0.000000e+00
I 07.01/19:22:11 train_mapper.py:622 ] epoch=0199 train_loss=2.113906e-02 train_mse=4.537335e-03 train_cos=0.996385 train_nmse=-21.506dB train_rec=0.000000e+00 train_recT=1.131874e-06 train_fc=0.000000e+00 train_decoder_tail=0.000000e+00
I 07.01/19:23:24 train_mapper.py:622 ] epoch=0200 train_loss=2.104451e-02 train_mse=4.513615e-03 train_cos=0.996401 train_nmse=-21.529dB train_rec=0.000000e+00 train_recT=1.119245e-06 train_fc=0.000000e+00 train_decoder_tail=0.000000e+00
I 07.01/19:24:37 train_mapper.py:622 ] epoch=0201 train_loss=2.097737e-02 train_mse=4.496843e-03 train_cos=0.996416 train_nmse=-21.545dB train_rec=0.000000e+00 train_recT=1.116011e-06 train_fc=0.000000e+00 train_decoder_tail=0.000000e+00
I 07.01/19:25:48 train_mapper.py:622 ] epoch=0202 train_loss=2.096514e-02 train_mse=4.492856e-03 train_cos=0.996418 train_nmse=-21.548dB train_rec=0.000000e+00 train_recT=1.113568e-06 train_fc=0.000000e+00 train_decoder_tail=0.000000e+00
I 07.01/19:27:01 train_mapper.py:622 ] epoch=0203 train_loss=2.094309e-02 train_mse=4.486311e-03 train_cos=0.996422 train_nmse=-21.555dB train_rec=0.000000e+00 train_recT=1.116601e-06 train_fc=0.000000e+00 train_decoder_tail=0.000000e+00
I 07.01/19:28:12 train_mapper.py:622 ] epoch=0204 train_loss=2.086081e-02 train_mse=4.465701e-03 train_cos=0.996441 train_nmse=-21.575dB train_rec=0.000000e+00 train_recT=1.109818e-06 train_fc=0.000000e+00 train_decoder_tail=0.000000e+00
I 07.01/19:29:26 train_mapper.py:622 ] epoch=0205 train_loss=2.084410e-02 train_mse=4.460966e-03 train_cos=0.996445 train_nmse=-21.579dB train_rec=0.000000e+00 train_recT=1.111295e-06 train_fc=0.000000e+00 train_decoder_tail=0.000000e+00
I 07.01/19:30:39 train_mapper.py:622 ] epoch=0206 train_loss=2.083113e-02 train_mse=4.456517e-03 train_cos=0.996448 train_nmse=-21.584dB train_rec=0.000000e+00 train_recT=1.108266e-06 train_fc=0.000000e+00 train_decoder_tail=0.000000e+00
I 07.01/19:31:52 train_mapper.py:622 ] epoch=0207 train_loss=2.077980e-02 train_mse=4.444058e-03 train_cos=0.996460 train_nmse=-21.596dB train_rec=0.000000e+00 train_recT=1.104898e-06 train_fc=0.000000e+00 train_decoder_tail=0.000000e+00
I 07.01/19:33:09 train_mapper.py:622 ] epoch=0208 train_loss=2.072646e-02 train_mse=4.430155e-03 train_cos=0.996470 train_nmse=-21.609dB train_rec=0.000000e+00 train_recT=1.101233e-06 train_fc=0.000000e+00 train_decoder_tail=0.000000e+00
I 07.01/19:34:20 train_mapper.py:622 ] epoch=0209 train_loss=2.072017e-02 train_mse=4.427478e-03 train_cos=0.996470 train_nmse=-21.612dB train_rec=0.000000e+00 train_recT=1.096639e-06 train_fc=0.000000e+00 train_decoder_tail=0.000000e+00
I 07.01/19:35:35 train_mapper.py:622 ] epoch=0210 train_loss=2.067739e-02 train_mse=4.416215e-03 train_cos=0.996480 train_nmse=-21.623dB train_rec=0.000000e+00 train_recT=1.096572e-06 train_fc=0.000000e+00 train_decoder_tail=0.000000e+00
I 07.01/19:36:50 train_mapper.py:622 ] epoch=0211 train_loss=2.059953e-02 train_mse=4.396715e-03 train_cos=0.996494 train_nmse=-21.642dB train_rec=0.000000e+00 train_recT=1.093491e-06 train_fc=0.000000e+00 train_decoder_tail=0.000000e+00
I 07.01/19:38:05 train_mapper.py:622 ] epoch=0212 train_loss=2.054216e-02 train_mse=4.381717e-03 train_cos=0.996507 train_nmse=-21.657dB train_rec=0.000000e+00 train_recT=1.089474e-06 train_fc=0.000000e+00 train_decoder_tail=0.000000e+00
I 07.01/19:39:16 train_mapper.py:622 ] epoch=0213 train_loss=2.052714e-02 train_mse=4.377591e-03 train_cos=0.996511 train_nmse=-21.661dB train_rec=0.000000e+00 train_recT=1.086827e-06 train_fc=0.000000e+00 train_decoder_tail=0.000000e+00
I 07.01/19:40:29 train_mapper.py:622 ] epoch=0214 train_loss=2.044133e-02 train_mse=4.356540e-03 train_cos=0.996528 train_nmse=-21.682dB train_rec=0.000000e+00 train_recT=1.082794e-06 train_fc=0.000000e+00 train_decoder_tail=0.000000e+00
I 07.01/19:41:41 train_mapper.py:622 ] epoch=0215 train_loss=2.043951e-02 train_mse=4.355303e-03 train_cos=0.996529 train_nmse=-21.683dB train_rec=0.000000e+00 train_recT=1.080449e-06 train_fc=0.000000e+00 train_decoder_tail=0.000000e+00
I 07.01/19:42:53 train_mapper.py:622 ] epoch=0216 train_loss=2.040957e-02 train_mse=4.346856e-03 train_cos=0.996532 train_nmse=-21.692dB train_rec=0.000000e+00 train_recT=1.078579e-06 train_fc=0.000000e+00 train_decoder_tail=0.000000e+00
I 07.01/19:44:08 train_mapper.py:622 ] epoch=0217 train_loss=2.028319e-02 train_mse=4.315511e-03 train_cos=0.996559 train_nmse=-21.723dB train_rec=0.000000e+00 train_recT=1.070924e-06 train_fc=0.000000e+00 train_decoder_tail=0.000000e+00
I 07.01/19:45:21 train_mapper.py:622 ] epoch=0218 train_loss=2.021669e-02 train_mse=4.298461e-03 train_cos=0.996570 train_nmse=-21.741dB train_rec=0.000000e+00 train_recT=1.060618e-06 train_fc=0.000000e+00 train_decoder_tail=0.000000e+00
I 07.01/19:46:34 train_mapper.py:622 ] epoch=0219 train_loss=2.018349e-02 train_mse=4.289926e-03 train_cos=0.996579 train_nmse=-21.749dB train_rec=0.000000e+00 train_recT=1.064448e-06 train_fc=0.000000e+00 train_decoder_tail=0.000000e+00
I 07.01/19:47:46 train_mapper.py:622 ] epoch=0220 train_loss=2.018181e-02 train_mse=4.289452e-03 train_cos=0.996581 train_nmse=-21.749dB train_rec=0.000000e+00 train_recT=1.064559e-06 train_fc=0.000000e+00 train_decoder_tail=0.000000e+00
I 07.01/19:49:00 train_mapper.py:622 ] epoch=0221 train_loss=2.020975e-02 train_mse=4.294674e-03 train_cos=0.996576 train_nmse=-21.744dB train_rec=0.000000e+00 train_recT=1.064794e-06 train_fc=0.000000e+00 train_decoder_tail=0.000000e+00
I 07.01/19:50:13 train_mapper.py:622 ] epoch=0222 train_loss=2.006355e-02 train_mse=4.259404e-03 train_cos=0.996604 train_nmse=-21.780dB train_rec=0.000000e+00 train_recT=1.053789e-06 train_fc=0.000000e+00 train_decoder_tail=0.000000e+00
I 07.01/19:51:25 train_mapper.py:622 ] epoch=0223 train_loss=2.009416e-02 train_mse=4.265855e-03 train_cos=0.996598 train_nmse=-21.774dB train_rec=0.000000e+00 train_recT=1.055363e-06 train_fc=0.000000e+00 train_decoder_tail=0.000000e+00
I 07.01/19:52:37 train_mapper.py:622 ] epoch=0224 train_loss=2.013817e-02 train_mse=4.275487e-03 train_cos=0.996590 train_nmse=-21.764dB train_rec=0.000000e+00 train_recT=1.057932e-06 train_fc=0.000000e+00 train_decoder_tail=0.000000e+00
I 07.01/19:53:48 train_mapper.py:622 ] epoch=0225 train_loss=1.994557e-02 train_mse=4.229068e-03 train_cos=0.996628 train_nmse=-21.811dB train_rec=0.000000e+00 train_recT=1.045424e-06 train_fc=0.000000e+00 train_decoder_tail=0.000000e+00
I 07.01/19:55:15 train_mapper.py:622 ] epoch=0226 train_loss=1.997962e-02 train_mse=4.235506e-03 train_cos=0.996622 train_nmse=-21.805dB train_rec=0.000000e+00 train_recT=1.051426e-06 train_fc=0.000000e+00 train_decoder_tail=0.000000e+00
I 07.01/19:56:27 train_mapper.py:622 ] epoch=0227 train_loss=1.996066e-02 train_mse=4.230985e-03 train_cos=0.996626 train_nmse=-21.809dB train_rec=0.000000e+00 train_recT=1.046282e-06 train_fc=0.000000e+00 train_decoder_tail=0.000000e+00
I 07.01/19:57:39 train_mapper.py:622 ] epoch=0228 train_loss=1.992604e-02 train_mse=4.221878e-03 train_cos=0.996634 train_nmse=-21.819dB train_rec=0.000000e+00 train_recT=1.048271e-06 train_fc=0.000000e+00 train_decoder_tail=0.000000e+00
I 07.01/19:58:54 train_mapper.py:622 ] epoch=0229 train_loss=1.990265e-02 train_mse=4.215466e-03 train_cos=0.996639 train_nmse=-21.825dB train_rec=0.000000e+00 train_recT=1.048169e-06 train_fc=0.000000e+00 train_decoder_tail=0.000000e+00
I 07.01/20:00:11 train_mapper.py:622 ] epoch=0230 train_loss=1.980375e-02 train_mse=4.191009e-03 train_cos=0.996656 train_nmse=-21.851dB train_rec=0.000000e+00 train_recT=1.037094e-06 train_fc=0.000000e+00 train_decoder_tail=0.000000e+00
I 07.01/20:01:24 train_mapper.py:622 ] epoch=0231 train_loss=1.973522e-02 train_mse=4.174091e-03 train_cos=0.996672 train_nmse=-21.868dB train_rec=0.000000e+00 train_recT=1.033690e-06 train_fc=0.000000e+00 train_decoder_tail=0.000000e+00
I 07.01/20:02:36 train_mapper.py:622 ] epoch=0232 train_loss=1.973303e-02 train_mse=4.173147e-03 train_cos=0.996670 train_nmse=-21.869dB train_rec=0.000000e+00 train_recT=1.030361e-06 train_fc=0.000000e+00 train_decoder_tail=0.000000e+00
I 07.01/20:03:48 train_mapper.py:622 ] epoch=0233 train_loss=1.972140e-02 train_mse=4.169171e-03 train_cos=0.996673 train_nmse=-21.873dB train_rec=0.000000e+00 train_recT=1.027868e-06 train_fc=0.000000e+00 train_decoder_tail=0.000000e+00
I 07.01/20:05:00 train_mapper.py:622 ] epoch=0234 train_loss=1.969415e-02 train_mse=4.162423e-03 train_cos=0.996678 train_nmse=-21.880dB train_rec=0.000000e+00 train_recT=1.027774e-06 train_fc=0.000000e+00 train_decoder_tail=0.000000e+00
I 07.01/20:06:12 train_mapper.py:622 ] epoch=0235 train_loss=1.963204e-02 train_mse=4.147609e-03 train_cos=0.996694 train_nmse=-21.896dB train_rec=0.000000e+00 train_recT=1.026409e-06 train_fc=0.000000e+00 train_decoder_tail=0.000000e+00
I 07.01/20:07:27 train_mapper.py:622 ] epoch=0236 train_loss=1.962924e-02 train_mse=4.145852e-03 train_cos=0.996693 train_nmse=-21.898dB train_rec=0.000000e+00 train_recT=1.022752e-06 train_fc=0.000000e+00 train_decoder_tail=0.000000e+00
I 07.01/20:08:44 train_mapper.py:622 ] epoch=0237 train_loss=1.952907e-02 train_mse=4.121398e-03 train_cos=0.996712 train_nmse=-21.923dB train_rec=0.000000e+00 train_recT=1.017846e-06 train_fc=0.000000e+00 train_decoder_tail=0.000000e+00
I 07.01/20:09:54 train_mapper.py:622 ] epoch=0238 train_loss=1.954989e-02 train_mse=4.125096e-03 train_cos=0.996707 train_nmse=-21.919dB train_rec=0.000000e+00 train_recT=1.015796e-06 train_fc=0.000000e+00 train_decoder_tail=0.000000e+00
I 07.01/20:11:07 train_mapper.py:622 ] epoch=0239 train_loss=1.948251e-02 train_mse=4.109310e-03 train_cos=0.996722 train_nmse=-21.936dB train_rec=0.000000e+00 train_recT=1.013729e-06 train_fc=0.000000e+00 train_decoder_tail=0.000000e+00
I 07.01/20:12:22 train_mapper.py:622 ] epoch=0240 train_loss=1.939147e-02 train_mse=4.086858e-03 train_cos=0.996740 train_nmse=-21.960dB train_rec=0.000000e+00 train_recT=1.012607e-06 train_fc=0.000000e+00 train_decoder_tail=0.000000e+00
I 07.01/20:13:35 train_mapper.py:622 ] epoch=0241 train_loss=1.940221e-02 train_mse=4.088652e-03 train_cos=0.996738 train_nmse=-21.958dB train_rec=0.000000e+00 train_recT=1.012638e-06 train_fc=0.000000e+00 train_decoder_tail=0.000000e+00
I 07.01/20:14:44 train_mapper.py:622 ] epoch=0242 train_loss=1.940533e-02 train_mse=4.088374e-03 train_cos=0.996737 train_nmse=-21.958dB train_rec=0.000000e+00 train_recT=1.006996e-06 train_fc=0.000000e+00 train_decoder_tail=0.000000e+00
I 07.01/20:15:54 train_mapper.py:622 ] epoch=0243 train_loss=1.929962e-02 train_mse=4.062850e-03 train_cos=0.996759 train_nmse=-21.985dB train_rec=0.000000e+00 train_recT=1.006327e-06 train_fc=0.000000e+00 train_decoder_tail=0.000000e+00
I 07.01/20:17:08 train_mapper.py:622 ] epoch=0244 train_loss=1.928168e-02 train_mse=4.058113e-03 train_cos=0.996763 train_nmse=-21.990dB train_rec=0.000000e+00 train_recT=1.004156e-06 train_fc=0.000000e+00 train_decoder_tail=0.000000e+00
I 07.01/20:18:21 train_mapper.py:622 ] epoch=0245 train_loss=1.929288e-02 train_mse=4.060290e-03 train_cos=0.996760 train_nmse=-21.988dB train_rec=0.000000e+00 train_recT=1.003574e-06 train_fc=0.000000e+00 train_decoder_tail=0.000000e+00
I 07.01/20:19:32 train_mapper.py:622 ] epoch=0246 train_loss=1.917381e-02 train_mse=4.032130e-03 train_cos=0.996782 train_nmse=-22.018dB train_rec=0.000000e+00 train_recT=9.923172e-07 train_fc=0.000000e+00 train_decoder_tail=0.000000e+00
I 07.01/20:20:45 train_mapper.py:622 ] epoch=0247 train_loss=1.922067e-02 train_mse=4.041349e-03 train_cos=0.996773 train_nmse=-22.008dB train_rec=0.000000e+00 train_recT=9.977472e-07 train_fc=0.000000e+00 train_decoder_tail=0.000000e+00
I 07.01/20:21:58 train_mapper.py:622 ] epoch=0248 train_loss=1.912269e-02 train_mse=4.018633e-03 train_cos=0.996792 train_nmse=-22.033dB train_rec=0.000000e+00 train_recT=9.920926e-07 train_fc=0.000000e+00 train_decoder_tail=0.000000e+00
I 07.01/20:23:13 train_mapper.py:622 ] epoch=0249 train_loss=1.908585e-02 train_mse=4.008784e-03 train_cos=0.996801 train_nmse=-22.044dB train_rec=0.000000e+00 train_recT=9.883713e-07 train_fc=0.000000e+00 train_decoder_tail=0.000000e+00
I 07.01/20:24:26 train_mapper.py:622 ] epoch=0250 train_loss=1.914624e-02 train_mse=4.021979e-03 train_cos=0.996789 train_nmse=-22.029dB train_rec=0.000000e+00 train_recT=9.918924e-07 train_fc=0.000000e+00 train_decoder_tail=0.000000e+00
I 07.01/20:25:38 train_mapper.py:622 ] epoch=0251 train_loss=1.899974e-02 train_mse=3.987367e-03 train_cos=0.996818 train_nmse=-22.067dB train_rec=0.000000e+00 train_recT=9.817907e-07 train_fc=0.000000e+00 train_decoder_tail=0.000000e+00
I 07.01/20:26:52 train_mapper.py:622 ] epoch=0252 train_loss=1.898890e-02 train_mse=3.984814e-03 train_cos=0.996819 train_nmse=-22.069dB train_rec=0.000000e+00 train_recT=9.792522e-07 train_fc=0.000000e+00 train_decoder_tail=0.000000e+00
I 07.01/20:28:09 train_mapper.py:622 ] epoch=0253 train_loss=1.898481e-02 train_mse=3.983259e-03 train_cos=0.996822 train_nmse=-22.071dB train_rec=0.000000e+00 train_recT=9.808735e-07 train_fc=0.000000e+00 train_decoder_tail=0.000000e+00
I 07.01/20:29:21 train_mapper.py:622 ] epoch=0254 train_loss=1.899846e-02 train_mse=3.985837e-03 train_cos=0.996819 train_nmse=-22.068dB train_rec=0.000000e+00 train_recT=9.828336e-07 train_fc=0.000000e+00 train_decoder_tail=0.000000e+00
I 07.01/20:30:29 train_mapper.py:622 ] epoch=0255 train_loss=1.889759e-02 train_mse=3.961623e-03 train_cos=0.996837 train_nmse=-22.095dB train_rec=0.000000e+00 train_recT=9.736235e-07 train_fc=0.000000e+00 train_decoder_tail=0.000000e+00
I 07.01/20:31:41 train_mapper.py:622 ] epoch=0256 train_loss=1.888946e-02 train_mse=3.958684e-03 train_cos=0.996839 train_nmse=-22.098dB train_rec=0.000000e+00 train_recT=9.730840e-07 train_fc=0.000000e+00 train_decoder_tail=0.000000e+00
I 07.01/20:32:56 train_mapper.py:622 ] epoch=0257 train_loss=1.885000e-02 train_mse=3.948561e-03 train_cos=0.996846 train_nmse=-22.109dB train_rec=0.000000e+00 train_recT=9.695555e-07 train_fc=0.000000e+00 train_decoder_tail=0.000000e+00
I 07.01/20:34:09 train_mapper.py:622 ] epoch=0258 train_loss=1.886105e-02 train_mse=3.951190e-03 train_cos=0.996845 train_nmse=-22.106dB train_rec=0.000000e+00 train_recT=9.733195e-07 train_fc=0.000000e+00 train_decoder_tail=0.000000e+00
I 07.01/20:35:19 train_mapper.py:622 ] epoch=0259 train_loss=1.881757e-02 train_mse=3.940498e-03 train_cos=0.996855 train_nmse=-22.118dB train_rec=0.000000e+00 train_recT=9.719748e-07 train_fc=0.000000e+00 train_decoder_tail=0.000000e+00
I 07.01/20:36:31 train_mapper.py:622 ] epoch=0260 train_loss=1.879287e-02 train_mse=3.934581e-03 train_cos=0.996860 train_nmse=-22.125dB train_rec=0.000000e+00 train_recT=9.707679e-07 train_fc=0.000000e+00 train_decoder_tail=0.000000e+00
I 07.01/20:37:44 train_mapper.py:622 ] epoch=0261 train_loss=1.866233e-02 train_mse=3.903624e-03 train_cos=0.996885 train_nmse=-22.159dB train_rec=0.000000e+00 train_recT=9.628838e-07 train_fc=0.000000e+00 train_decoder_tail=0.000000e+00
I 07.01/20:39:00 train_mapper.py:622 ] epoch=0262 train_loss=1.868697e-02 train_mse=3.908238e-03 train_cos=0.996878 train_nmse=-22.154dB train_rec=0.000000e+00 train_recT=9.600738e-07 train_fc=0.000000e+00 train_decoder_tail=0.000000e+00
I 07.01/20:40:12 train_mapper.py:622 ] epoch=0263 train_loss=1.870128e-02 train_mse=3.911429e-03 train_cos=0.996876 train_nmse=-22.150dB train_rec=0.000000e+00 train_recT=9.605539e-07 train_fc=0.000000e+00 train_decoder_tail=0.000000e+00
I 07.01/20:41:25 train_mapper.py:622 ] epoch=0264 train_loss=1.860700e-02 train_mse=3.889354e-03 train_cos=0.996897 train_nmse=-22.175dB train_rec=0.000000e+00 train_recT=9.559686e-07 train_fc=0.000000e+00 train_decoder_tail=0.000000e+00
I 07.01/20:42:38 train_mapper.py:622 ] epoch=0265 train_loss=1.862087e-02 train_mse=3.891451e-03 train_cos=0.996893 train_nmse=-22.172dB train_rec=0.000000e+00 train_recT=9.577845e-07 train_fc=0.000000e+00 train_decoder_tail=0.000000e+00
I 07.01/20:43:48 train_mapper.py:622 ] epoch=0266 train_loss=1.862773e-02 train_mse=3.892572e-03 train_cos=0.996893 train_nmse=-22.172dB train_rec=0.000000e+00 train_recT=9.618470e-07 train_fc=0.000000e+00 train_decoder_tail=0.000000e+00
I 07.01/20:45:04 train_mapper.py:622 ] epoch=0267 train_loss=1.854287e-02 train_mse=3.872759e-03 train_cos=0.996909 train_nmse=-22.194dB train_rec=0.000000e+00 train_recT=9.537401e-07 train_fc=0.000000e+00 train_decoder_tail=0.000000e+00
I 07.01/20:46:18 train_mapper.py:622 ] epoch=0268 train_loss=1.845528e-02 train_mse=3.851786e-03 train_cos=0.996926 train_nmse=-22.217dB train_rec=0.000000e+00 train_recT=9.458830e-07 train_fc=0.000000e+00 train_decoder_tail=0.000000e+00
I 07.01/20:47:34 train_mapper.py:622 ] epoch=0269 train_loss=1.851802e-02 train_mse=3.865163e-03 train_cos=0.996913 train_nmse=-22.202dB train_rec=0.000000e+00 train_recT=9.512996e-07 train_fc=0.000000e+00 train_decoder_tail=0.000000e+00
I 07.01/20:48:44 train_mapper.py:622 ] epoch=0270 train_loss=1.845855e-02 train_mse=3.851209e-03 train_cos=0.996926 train_nmse=-22.218dB train_rec=0.000000e+00 train_recT=9.479568e-07 train_fc=0.000000e+00 train_decoder_tail=0.000000e+00
I 07.01/20:49:55 train_mapper.py:622 ] epoch=0271 train_loss=1.843360e-02 train_mse=3.845085e-03 train_cos=0.996929 train_nmse=-22.224dB train_rec=0.000000e+00 train_recT=9.431742e-07 train_fc=0.000000e+00 train_decoder_tail=0.000000e+00
I 07.01/20:51:14 train_mapper.py:622 ] epoch=0272 train_loss=1.839715e-02 train_mse=3.835996e-03 train_cos=0.996935 train_nmse=-22.235dB train_rec=0.000000e+00 train_recT=9.393422e-07 train_fc=0.000000e+00 train_decoder_tail=0.000000e+00
I 07.01/20:52:25 train_mapper.py:622 ] epoch=0273 train_loss=1.838216e-02 train_mse=3.831712e-03 train_cos=0.996940 train_nmse=-22.240dB train_rec=0.000000e+00 train_recT=9.413991e-07 train_fc=0.000000e+00 train_decoder_tail=0.000000e+00
I 07.01/20:53:38 train_mapper.py:622 ] epoch=0274 train_loss=1.829694e-02 train_mse=3.811715e-03 train_cos=0.996955 train_nmse=-22.262dB train_rec=0.000000e+00 train_recT=9.344037e-07 train_fc=0.000000e+00 train_decoder_tail=0.000000e+00
I 07.01/20:54:51 train_mapper.py:622 ] epoch=0275 train_loss=1.825350e-02 train_mse=3.801157e-03 train_cos=0.996965 train_nmse=-22.274dB train_rec=0.000000e+00 train_recT=9.332356e-07 train_fc=0.000000e+00 train_decoder_tail=0.000000e+00
I 07.01/20:56:08 train_mapper.py:622 ] epoch=0276 train_loss=1.828132e-02 train_mse=3.807351e-03 train_cos=0.996961 train_nmse=-22.267dB train_rec=0.000000e+00 train_recT=9.362104e-07 train_fc=0.000000e+00 train_decoder_tail=0.000000e+00
I 07.01/20:57:17 train_mapper.py:622 ] epoch=0277 train_loss=1.823950e-02 train_mse=3.796806e-03 train_cos=0.996968 train_nmse=-22.279dB train_rec=0.000000e+00 train_recT=9.329959e-07 train_fc=0.000000e+00 train_decoder_tail=0.000000e+00
I 07.01/20:58:30 train_mapper.py:622 ] epoch=0278 train_loss=1.821055e-02 train_mse=3.789682e-03 train_cos=0.996972 train_nmse=-22.288dB train_rec=0.000000e+00 train_recT=9.284176e-07 train_fc=0.000000e+00 train_decoder_tail=0.000000e+00
I 07.01/20:59:44 train_mapper.py:622 ] epoch=0279 train_loss=1.814125e-02 train_mse=3.773301e-03 train_cos=0.996987 train_nmse=-22.306dB train_rec=0.000000e+00 train_recT=9.261571e-07 train_fc=0.000000e+00 train_decoder_tail=0.000000e+00
I 07.01/21:01:00 train_mapper.py:622 ] epoch=0280 train_loss=1.814710e-02 train_mse=3.774395e-03 train_cos=0.996986 train_nmse=-22.305dB train_rec=0.000000e+00 train_recT=9.248642e-07 train_fc=0.000000e+00 train_decoder_tail=0.000000e+00
I 07.01/21:02:14 train_mapper.py:622 ] epoch=0281 train_loss=1.816816e-02 train_mse=3.778297e-03 train_cos=0.996981 train_nmse=-22.301dB train_rec=0.000000e+00 train_recT=9.266586e-07 train_fc=0.000000e+00 train_decoder_tail=0.000000e+00
I 07.01/21:03:25 train_mapper.py:622 ] epoch=0282 train_loss=1.807688e-02 train_mse=3.756717e-03 train_cos=0.996999 train_nmse=-22.326dB train_rec=0.000000e+00 train_recT=9.204667e-07 train_fc=0.000000e+00 train_decoder_tail=0.000000e+00
I 07.01/21:04:37 train_mapper.py:622 ] epoch=0283 train_loss=1.806327e-02 train_mse=3.753242e-03 train_cos=0.997001 train_nmse=-22.330dB train_rec=0.000000e+00 train_recT=9.199301e-07 train_fc=0.000000e+00 train_decoder_tail=0.000000e+00
I 07.01/21:05:50 train_mapper.py:622 ] epoch=0284 train_loss=1.796022e-02 train_mse=3.729856e-03 train_cos=0.997022 train_nmse=-22.357dB train_rec=0.000000e+00 train_recT=9.126751e-07 train_fc=0.000000e+00 train_decoder_tail=0.000000e+00
I 07.01/21:07:05 train_mapper.py:622 ] epoch=0285 train_loss=1.803014e-02 train_mse=3.744711e-03 train_cos=0.997006 train_nmse=-22.340dB train_rec=0.000000e+00 train_recT=9.132631e-07 train_fc=0.000000e+00 train_decoder_tail=0.000000e+00
I 07.01/21:08:16 train_mapper.py:622 ] epoch=0286 train_loss=1.794224e-02 train_mse=3.724730e-03 train_cos=0.997025 train_nmse=-22.363dB train_rec=0.000000e+00 train_recT=9.108644e-07 train_fc=0.000000e+00 train_decoder_tail=0.000000e+00
I 07.01/21:09:28 train_mapper.py:622 ] epoch=0287 train_loss=1.798660e-02 train_mse=3.733878e-03 train_cos=0.997017 train_nmse=-22.352dB train_rec=0.000000e+00 train_recT=9.163332e-07 train_fc=0.000000e+00 train_decoder_tail=0.000000e+00
I 07.01/21:10:39 train_mapper.py:622 ] epoch=0288 train_loss=1.794812e-02 train_mse=3.724769e-03 train_cos=0.997025 train_nmse=-22.363dB train_rec=0.000000e+00 train_recT=9.141399e-07 train_fc=0.000000e+00 train_decoder_tail=0.000000e+00
I 07.01/21:11:50 train_mapper.py:622 ] epoch=0289 train_loss=1.792481e-02 train_mse=3.718759e-03 train_cos=0.997029 train_nmse=-22.370dB train_rec=0.000000e+00 train_recT=9.107903e-07 train_fc=0.000000e+00 train_decoder_tail=0.000000e+00
I 07.01/21:13:05 train_mapper.py:622 ] epoch=0290 train_loss=1.788251e-02 train_mse=3.709309e-03 train_cos=0.997038 train_nmse=-22.381dB train_rec=0.000000e+00 train_recT=9.102339e-07 train_fc=0.000000e+00 train_decoder_tail=0.000000e+00
I 07.01/21:14:20 train_mapper.py:622 ] epoch=0291 train_loss=1.779961e-02 train_mse=3.689261e-03 train_cos=0.997052 train_nmse=-22.404dB train_rec=0.000000e+00 train_recT=9.024284e-07 train_fc=0.000000e+00 train_decoder_tail=0.000000e+00
I 07.01/21:15:33 train_mapper.py:622 ] epoch=0292 train_loss=1.785239e-02 train_mse=3.701115e-03 train_cos=0.997042 train_nmse=-22.390dB train_rec=0.000000e+00 train_recT=9.051429e-07 train_fc=0.000000e+00 train_decoder_tail=0.000000e+00
I 07.01/21:16:43 train_mapper.py:622 ] epoch=0293 train_loss=1.777716e-02 train_mse=3.683703e-03 train_cos=0.997058 train_nmse=-22.411dB train_rec=0.000000e+00 train_recT=9.006823e-07 train_fc=0.000000e+00 train_decoder_tail=0.000000e+00
I 07.01/21:17:56 train_mapper.py:622 ] epoch=0294 train_loss=1.782169e-02 train_mse=3.692941e-03 train_cos=0.997049 train_nmse=-22.400dB train_rec=0.000000e+00 train_recT=9.048686e-07 train_fc=0.000000e+00 train_decoder_tail=0.000000e+00
I 07.01/21:19:09 train_mapper.py:622 ] epoch=0295 train_loss=1.778305e-02 train_mse=3.683929e-03 train_cos=0.997057 train_nmse=-22.410dB train_rec=0.000000e+00 train_recT=9.016737e-07 train_fc=0.000000e+00 train_decoder_tail=0.000000e+00
I 07.01/21:20:20 train_mapper.py:622 ] epoch=0296 train_loss=1.769736e-02 train_mse=3.663851e-03 train_cos=0.997073 train_nmse=-22.434dB train_rec=0.000000e+00 train_recT=8.949423e-07 train_fc=0.000000e+00 train_decoder_tail=0.000000e+00
I 07.01/21:21:33 train_mapper.py:622 ] epoch=0297 train_loss=1.768303e-02 train_mse=3.660039e-03 train_cos=0.997076 train_nmse=-22.439dB train_rec=0.000000e+00 train_recT=8.956843e-07 train_fc=0.000000e+00 train_decoder_tail=0.000000e+00
I 07.01/21:22:47 train_mapper.py:622 ] epoch=0298 train_loss=1.764586e-02 train_mse=3.651135e-03 train_cos=0.997082 train_nmse=-22.449dB train_rec=0.000000e+00 train_recT=8.917809e-07 train_fc=0.000000e+00 train_decoder_tail=0.000000e+00
I 07.01/21:23:59 train_mapper.py:622 ] epoch=0299 train_loss=1.760762e-02 train_mse=3.642402e-03 train_cos=0.997090 train_nmse=-22.460dB train_rec=0.000000e+00 train_recT=8.907220e-07 train_fc=0.000000e+00 train_decoder_tail=0.000000e+00
I 07.01/21:25:13 train_mapper.py:622 ] epoch=0300 train_loss=1.764698e-02 train_mse=3.650633e-03 train_cos=0.997082 train_nmse=-22.450dB train_rec=0.000000e+00 train_recT=8.934497e-07 train_fc=0.000000e+00 train_decoder_tail=0.000000e+00
I 07.01/21:26:23 train_mapper.py:622 ] epoch=0301 train_loss=1.764616e-02 train_mse=3.649893e-03 train_cos=0.997083 train_nmse=-22.451dB train_rec=0.000000e+00 train_recT=8.922959e-07 train_fc=0.000000e+00 train_decoder_tail=0.000000e+00
I 07.01/21:27:32 train_mapper.py:622 ] epoch=0302 train_loss=1.749799e-02 train_mse=3.616558e-03 train_cos=0.997112 train_nmse=-22.491dB train_rec=0.000000e+00 train_recT=8.852750e-07 train_fc=0.000000e+00 train_decoder_tail=0.000000e+00
I 07.01/21:28:46 train_mapper.py:622 ] epoch=0303 train_loss=1.755547e-02 train_mse=3.628371e-03 train_cos=0.997100 train_nmse=-22.477dB train_rec=0.000000e+00 train_recT=8.866174e-07 train_fc=0.000000e+00 train_decoder_tail=0.000000e+00
I 07.01/21:29:55 train_mapper.py:622 ] epoch=0304 train_loss=1.755340e-02 train_mse=3.627869e-03 train_cos=0.997101 train_nmse=-22.477dB train_rec=0.000000e+00 train_recT=8.908617e-07 train_fc=0.000000e+00 train_decoder_tail=0.000000e+00
I 07.01/21:31:10 train_mapper.py:622 ] epoch=0305 train_loss=1.747464e-02 train_mse=3.609677e-03 train_cos=0.997116 train_nmse=-22.499dB train_rec=0.000000e+00 train_recT=8.817673e-07 train_fc=0.000000e+00 train_decoder_tail=0.000000e+00
I 07.01/21:32:23 train_mapper.py:622 ] epoch=0306 train_loss=1.748242e-02 train_mse=3.610599e-03 train_cos=0.997114 train_nmse=-22.498dB train_rec=0.000000e+00 train_recT=8.790484e-07 train_fc=0.000000e+00 train_decoder_tail=0.000000e+00
I 07.01/21:33:36 train_mapper.py:622 ] epoch=0307 train_loss=1.744374e-02 train_mse=3.602066e-03 train_cos=0.997122 train_nmse=-22.508dB train_rec=0.000000e+00 train_recT=8.808077e-07 train_fc=0.000000e+00 train_decoder_tail=0.000000e+00
I 07.01/21:34:52 train_mapper.py:622 ] epoch=0308 train_loss=1.742521e-02 train_mse=3.596604e-03 train_cos=0.997126 train_nmse=-22.515dB train_rec=0.000000e+00 train_recT=8.792365e-07 train_fc=0.000000e+00 train_decoder_tail=0.000000e+00
I 07.01/21:36:07 train_mapper.py:622 ] epoch=0309 train_loss=1.743230e-02 train_mse=3.597847e-03 train_cos=0.997124 train_nmse=-22.513dB train_rec=0.000000e+00 train_recT=8.799158e-07 train_fc=0.000000e+00 train_decoder_tail=0.000000e+00
I 07.01/21:37:17 train_mapper.py:622 ] epoch=0310 train_loss=1.733661e-02 train_mse=3.576015e-03 train_cos=0.997141 train_nmse=-22.540dB train_rec=0.000000e+00 train_recT=8.720121e-07 train_fc=0.000000e+00 train_decoder_tail=0.000000e+00
I 07.01/21:38:29 train_mapper.py:622 ] epoch=0311 train_loss=1.728687e-02 train_mse=3.564413e-03 train_cos=0.997149 train_nmse=-22.554dB train_rec=0.000000e+00 train_recT=8.663416e-07 train_fc=0.000000e+00 train_decoder_tail=0.000000e+00
I 07.01/21:39:48 train_mapper.py:622 ] epoch=0312 train_loss=1.727596e-02 train_mse=3.561399e-03 train_cos=0.997154 train_nmse=-22.557dB train_rec=0.000000e+00 train_recT=8.689562e-07 train_fc=0.000000e+00 train_decoder_tail=0.000000e+00
I 07.01/21:41:04 train_mapper.py:622 ] epoch=0313 train_loss=1.731545e-02 train_mse=3.570237e-03 train_cos=0.997147 train_nmse=-22.547dB train_rec=0.000000e+00 train_recT=8.717604e-07 train_fc=0.000000e+00 train_decoder_tail=0.000000e+00
I 07.01/21:42:15 train_mapper.py:622 ] epoch=0314 train_loss=1.729524e-02 train_mse=3.565333e-03 train_cos=0.997150 train_nmse=-22.553dB train_rec=0.000000e+00 train_recT=8.688607e-07 train_fc=0.000000e+00 train_decoder_tail=0.000000e+00
I 07.01/21:43:28 train_mapper.py:622 ] epoch=0315 train_loss=1.724713e-02 train_mse=3.553990e-03 train_cos=0.997159 train_nmse=-22.566dB train_rec=0.000000e+00 train_recT=8.681125e-07 train_fc=0.000000e+00 train_decoder_tail=0.000000e+00
I 07.01/21:44:54 train_mapper.py:622 ] epoch=0316 train_loss=1.727096e-02 train_mse=3.558780e-03 train_cos=0.997155 train_nmse=-22.561dB train_rec=0.000000e+00 train_recT=8.676456e-07 train_fc=0.000000e+00 train_decoder_tail=0.000000e+00
I 07.01/21:46:16 train_mapper.py:622 ] epoch=0317 train_loss=1.720954e-02 train_mse=3.544167e-03 train_cos=0.997166 train_nmse=-22.579dB train_rec=0.000000e+00 train_recT=8.643296e-07 train_fc=0.000000e+00 train_decoder_tail=0.000000e+00
I 07.01/21:47:33 train_mapper.py:622 ] epoch=0318 train_loss=1.714340e-02 train_mse=3.529261e-03 train_cos=0.997179 train_nmse=-22.597dB train_rec=0.000000e+00 train_recT=8.608821e-07 train_fc=0.000000e+00 train_decoder_tail=0.000000e+00
I 07.01/21:48:52 train_mapper.py:622 ] epoch=0319 train_loss=1.715903e-02 train_mse=3.532110e-03 train_cos=0.997176 train_nmse=-22.593dB train_rec=0.000000e+00 train_recT=8.606612e-07 train_fc=0.000000e+00 train_decoder_tail=0.000000e+00
I 07.01/21:50:17 train_mapper.py:622 ] epoch=0320 train_loss=1.711735e-02 train_mse=3.522298e-03 train_cos=0.997184 train_nmse=-22.606dB train_rec=0.000000e+00 train_recT=8.611279e-07 train_fc=0.000000e+00 train_decoder_tail=0.000000e+00
I 07.01/21:51:40 train_mapper.py:622 ] epoch=0321 train_loss=1.702977e-02 train_mse=3.502559e-03 train_cos=0.997201 train_nmse=-22.630dB train_rec=0.000000e+00 train_recT=8.534547e-07 train_fc=0.000000e+00 train_decoder_tail=0.000000e+00
I 07.01/21:53:04 train_mapper.py:622 ] epoch=0322 train_loss=1.709052e-02 train_mse=3.515275e-03 train_cos=0.997188 train_nmse=-22.614dB train_rec=0.000000e+00 train_recT=8.554932e-07 train_fc=0.000000e+00 train_decoder_tail=0.000000e+00
I 07.01/21:54:23 train_mapper.py:622 ] epoch=0323 train_loss=1.704556e-02 train_mse=3.504856e-03 train_cos=0.997197 train_nmse=-22.627dB train_rec=0.000000e+00 train_recT=8.526217e-07 train_fc=0.000000e+00 train_decoder_tail=0.000000e+00
I 07.01/21:55:35 train_mapper.py:622 ] epoch=0324 train_loss=1.708057e-02 train_mse=3.512311e-03 train_cos=0.997190 train_nmse=-22.618dB train_rec=0.000000e+00 train_recT=8.526371e-07 train_fc=0.000000e+00 train_decoder_tail=0.000000e+00
I 07.01/21:56:37 train_mapper.py:622 ] epoch=0325 train_loss=1.691740e-02 train_mse=3.475814e-03 train_cos=0.997222 train_nmse=-22.663dB train_rec=0.000000e+00 train_recT=8.465577e-07 train_fc=0.000000e+00 train_decoder_tail=0.000000e+00
I 07.01/21:57:39 train_mapper.py:622 ] epoch=0326 train_loss=1.696942e-02 train_mse=3.486837e-03 train_cos=0.997209 train_nmse=-22.649dB train_rec=0.000000e+00 train_recT=8.466912e-07 train_fc=0.000000e+00 train_decoder_tail=0.000000e+00
I 07.01/21:58:38 train_mapper.py:622 ] epoch=0327 train_loss=1.694692e-02 train_mse=3.481817e-03 train_cos=0.997216 train_nmse=-22.656dB train_rec=0.000000e+00 train_recT=8.478899e-07 train_fc=0.000000e+00 train_decoder_tail=0.000000e+00
I 07.01/21:59:46 train_mapper.py:622 ] epoch=0328 train_loss=1.691790e-02 train_mse=3.474886e-03 train_cos=0.997221 train_nmse=-22.664dB train_rec=0.000000e+00 train_recT=8.454432e-07 train_fc=0.000000e+00 train_decoder_tail=0.000000e+00
I 07.01/22:00:57 train_mapper.py:622 ] epoch=0329 train_loss=1.690337e-02 train_mse=3.470804e-03 train_cos=0.997224 train_nmse=-22.669dB train_rec=0.000000e+00 train_recT=8.437991e-07 train_fc=0.000000e+00 train_decoder_tail=0.000000e+00
I 07.01/22:02:09 train_mapper.py:622 ] epoch=0330 train_loss=1.689175e-02 train_mse=3.468086e-03 train_cos=0.997227 train_nmse=-22.673dB train_rec=0.000000e+00 train_recT=8.450678e-07 train_fc=0.000000e+00 train_decoder_tail=0.000000e+00
I 07.01/22:03:17 train_mapper.py:622 ] epoch=0331 train_loss=1.684631e-02 train_mse=3.457164e-03 train_cos=0.997235 train_nmse=-22.686dB train_rec=0.000000e+00 train_recT=8.435017e-07 train_fc=0.000000e+00 train_decoder_tail=0.000000e+00
I 07.01/22:04:25 train_mapper.py:622 ] epoch=0332 train_loss=1.684125e-02 train_mse=3.456122e-03 train_cos=0.997237 train_nmse=-22.688dB train_rec=0.000000e+00 train_recT=8.427716e-07 train_fc=0.000000e+00 train_decoder_tail=0.000000e+00
I 07.01/22:05:37 train_mapper.py:622 ] epoch=0333 train_loss=1.679912e-02 train_mse=3.446544e-03 train_cos=0.997245 train_nmse=-22.700dB train_rec=0.000000e+00 train_recT=8.393858e-07 train_fc=0.000000e+00 train_decoder_tail=0.000000e+00
I 07.01/22:06:53 train_mapper.py:622 ] epoch=0334 train_loss=1.686317e-02 train_mse=3.460172e-03 train_cos=0.997232 train_nmse=-22.683dB train_rec=0.000000e+00 train_recT=8.414159e-07 train_fc=0.000000e+00 train_decoder_tail=0.000000e+00
I 07.01/22:08:03 train_mapper.py:622 ] epoch=0335 train_loss=1.686640e-02 train_mse=3.460639e-03 train_cos=0.997233 train_nmse=-22.682dB train_rec=0.000000e+00 train_recT=8.424974e-07 train_fc=0.000000e+00 train_decoder_tail=0.000000e+00
I 07.01/22:09:12 train_mapper.py:622 ] epoch=0336 train_loss=1.676077e-02 train_mse=3.436781e-03 train_cos=0.997252 train_nmse=-22.712dB train_rec=0.000000e+00 train_recT=8.350779e-07 train_fc=0.000000e+00 train_decoder_tail=0.000000e+00
I 07.01/22:10:22 train_mapper.py:622 ] epoch=0337 train_loss=1.673858e-02 train_mse=3.431289e-03 train_cos=0.997256 train_nmse=-22.719dB train_rec=0.000000e+00 train_recT=8.335631e-07 train_fc=0.000000e+00 train_decoder_tail=0.000000e+00
I 07.01/22:11:34 train_mapper.py:622 ] epoch=0338 train_loss=1.680417e-02 train_mse=3.445938e-03 train_cos=0.997244 train_nmse=-22.701dB train_rec=0.000000e+00 train_recT=8.413899e-07 train_fc=0.000000e+00 train_decoder_tail=0.000000e+00
I 07.01/22:12:40 train_mapper.py:622 ] epoch=0339 train_loss=1.669230e-02 train_mse=3.420599e-03 train_cos=0.997266 train_nmse=-22.733dB train_rec=0.000000e+00 train_recT=8.329200e-07 train_fc=0.000000e+00 train_decoder_tail=0.000000e+00
I 07.01/22:13:52 train_mapper.py:622 ] epoch=0340 train_loss=1.672633e-02 train_mse=3.427351e-03 train_cos=0.997257 train_nmse=-22.724dB train_rec=0.000000e+00 train_recT=8.305656e-07 train_fc=0.000000e+00 train_decoder_tail=0.000000e+00
I 07.01/22:15:02 train_mapper.py:622 ] epoch=0341 train_loss=1.664602e-02 train_mse=3.409277e-03 train_cos=0.997273 train_nmse=-22.747dB train_rec=0.000000e+00 train_recT=8.281492e-07 train_fc=0.000000e+00 train_decoder_tail=0.000000e+00
I 07.01/22:16:07 train_mapper.py:622 ] epoch=0342 train_loss=1.662734e-02 train_mse=3.404810e-03 train_cos=0.997276 train_nmse=-22.753dB train_rec=0.000000e+00 train_recT=8.278547e-07 train_fc=0.000000e+00 train_decoder_tail=0.000000e+00
I 07.01/22:17:11 train_mapper.py:622 ] epoch=0343 train_loss=1.661666e-02 train_mse=3.401429e-03 train_cos=0.997278 train_nmse=-22.757dB train_rec=0.000000e+00 train_recT=8.270195e-07 train_fc=0.000000e+00 train_decoder_tail=0.000000e+00
I 07.01/22:18:01 train_mapper.py:622 ] epoch=0344 train_loss=1.656755e-02 train_mse=3.390444e-03 train_cos=0.997289 train_nmse=-22.771dB train_rec=0.000000e+00 train_recT=8.238649e-07 train_fc=0.000000e+00 train_decoder_tail=0.000000e+00
I 07.01/22:18:52 train_mapper.py:622 ] epoch=0345 train_loss=1.654276e-02 train_mse=3.384326e-03 train_cos=0.997293 train_nmse=-22.779dB train_rec=0.000000e+00 train_recT=8.214486e-07 train_fc=0.000000e+00 train_decoder_tail=0.000000e+00
I 07.01/22:19:39 train_mapper.py:622 ] epoch=0346 train_loss=1.659630e-02 train_mse=3.395933e-03 train_cos=0.997282 train_nmse=-22.764dB train_rec=0.000000e+00 train_recT=8.220598e-07 train_fc=0.000000e+00 train_decoder_tail=0.000000e+00
I 07.01/22:20:19 train_mapper.py:622 ] epoch=0347 train_loss=1.655055e-02 train_mse=3.386120e-03 train_cos=0.997291 train_nmse=-22.777dB train_rec=0.000000e+00 train_recT=8.215278e-07 train_fc=0.000000e+00 train_decoder_tail=0.000000e+00
I 07.01/22:21:08 train_mapper.py:622 ] epoch=0348 train_loss=1.648960e-02 train_mse=3.371670e-03 train_cos=0.997304 train_nmse=-22.795dB train_rec=0.000000e+00 train_recT=8.193431e-07 train_fc=0.000000e+00 train_decoder_tail=0.000000e+00
I 07.01/22:21:58 train_mapper.py:622 ] epoch=0349 train_loss=1.647630e-02 train_mse=3.368996e-03 train_cos=0.997306 train_nmse=-22.799dB train_rec=0.000000e+00 train_recT=8.184920e-07 train_fc=0.000000e+00 train_decoder_tail=0.000000e+00
I 07.01/22:22:47 train_mapper.py:622 ] epoch=0350 train_loss=1.644286e-02 train_mse=3.360831e-03 train_cos=0.997313 train_nmse=-22.809dB train_rec=0.000000e+00 train_recT=8.178390e-07 train_fc=0.000000e+00 train_decoder_tail=0.000000e+00
I 07.01/22:23:39 train_mapper.py:622 ] epoch=0351 train_loss=1.646703e-02 train_mse=3.365816e-03 train_cos=0.997307 train_nmse=-22.803dB train_rec=0.000000e+00 train_recT=8.169626e-07 train_fc=0.000000e+00 train_decoder_tail=0.000000e+00
I 07.01/22:24:23 train_mapper.py:622 ] epoch=0352 train_loss=1.652631e-02 train_mse=3.378622e-03 train_cos=0.997298 train_nmse=-22.786dB train_rec=0.000000e+00 train_recT=8.214066e-07 train_fc=0.000000e+00 train_decoder_tail=0.000000e+00
I 07.01/22:25:11 train_mapper.py:622 ] epoch=0353 train_loss=1.642190e-02 train_mse=3.354852e-03 train_cos=0.997317 train_nmse=-22.817dB train_rec=0.000000e+00 train_recT=8.128848e-07 train_fc=0.000000e+00 train_decoder_tail=0.000000e+00
I 07.01/22:25:59 train_mapper.py:622 ] epoch=0354 train_loss=1.639506e-02 train_mse=3.348789e-03 train_cos=0.997320 train_nmse=-22.825dB train_rec=0.000000e+00 train_recT=8.121981e-07 train_fc=0.000000e+00 train_decoder_tail=0.000000e+00
I 07.01/22:26:47 train_mapper.py:622 ] epoch=0355 train_loss=1.632661e-02 train_mse=3.333600e-03 train_cos=0.997333 train_nmse=-22.844dB train_rec=0.000000e+00 train_recT=8.055418e-07 train_fc=0.000000e+00 train_decoder_tail=0.000000e+00
I 07.01/22:27:41 train_mapper.py:622 ] epoch=0356 train_loss=1.634291e-02 train_mse=3.336533e-03 train_cos=0.997330 train_nmse=-22.841dB train_rec=0.000000e+00 train_recT=8.085433e-07 train_fc=0.000000e+00 train_decoder_tail=0.000000e+00
I 07.01/22:28:27 train_mapper.py:622 ] epoch=0357 train_loss=1.640338e-02 train_mse=3.349347e-03 train_cos=0.997319 train_nmse=-22.824dB train_rec=0.000000e+00 train_recT=8.122459e-07 train_fc=0.000000e+00 train_decoder_tail=0.000000e+00
I 07.01/22:29:14 train_mapper.py:622 ] epoch=0358 train_loss=1.626687e-02 train_mse=3.319224e-03 train_cos=0.997345 train_nmse=-22.863dB train_rec=0.000000e+00 train_recT=8.059027e-07 train_fc=0.000000e+00 train_decoder_tail=0.000000e+00
I 07.01/22:30:05 train_mapper.py:622 ] epoch=0359 train_loss=1.629636e-02 train_mse=3.325223e-03 train_cos=0.997340 train_nmse=-22.855dB train_rec=0.000000e+00 train_recT=8.065663e-07 train_fc=0.000000e+00 train_decoder_tail=0.000000e+00
I 07.01/22:30:59 train_mapper.py:622 ] epoch=0360 train_loss=1.622586e-02 train_mse=3.309521e-03 train_cos=0.997353 train_nmse=-22.876dB train_rec=0.000000e+00 train_recT=8.014064e-07 train_fc=0.000000e+00 train_decoder_tail=0.000000e+00
I 07.01/22:31:55 train_mapper.py:622 ] epoch=0361 train_loss=1.628262e-02 train_mse=3.321492e-03 train_cos=0.997343 train_nmse=-22.860dB train_rec=0.000000e+00 train_recT=8.057885e-07 train_fc=0.000000e+00 train_decoder_tail=0.000000e+00
I 07.01/22:32:51 train_mapper.py:622 ] epoch=0362 train_loss=1.621221e-02 train_mse=3.306118e-03 train_cos=0.997355 train_nmse=-22.881dB train_rec=0.000000e+00 train_recT=7.999887e-07 train_fc=0.000000e+00 train_decoder_tail=0.000000e+00
I 07.01/22:33:47 train_mapper.py:622 ] epoch=0363 train_loss=1.621074e-02 train_mse=3.304871e-03 train_cos=0.997355 train_nmse=-22.882dB train_rec=0.000000e+00 train_recT=7.992820e-07 train_fc=0.000000e+00 train_decoder_tail=0.000000e+00
I 07.01/22:34:42 train_mapper.py:622 ] epoch=0364 train_loss=1.614819e-02 train_mse=3.291297e-03 train_cos=0.997366 train_nmse=-22.900dB train_rec=0.000000e+00 train_recT=7.979193e-07 train_fc=0.000000e+00 train_decoder_tail=0.000000e+00
I 07.01/22:35:37 train_mapper.py:622 ] epoch=0365 train_loss=1.616258e-02 train_mse=3.293573e-03 train_cos=0.997363 train_nmse=-22.897dB train_rec=0.000000e+00 train_recT=7.962767e-07 train_fc=0.000000e+00 train_decoder_tail=0.000000e+00
I 07.01/22:36:28 train_mapper.py:622 ] epoch=0366 train_loss=1.613553e-02 train_mse=3.287519e-03 train_cos=0.997370 train_nmse=-22.905dB train_rec=0.000000e+00 train_recT=7.977483e-07 train_fc=0.000000e+00 train_decoder_tail=0.000000e+00
I 07.01/22:37:18 train_mapper.py:622 ] epoch=0367 train_loss=1.614031e-02 train_mse=3.288236e-03 train_cos=0.997369 train_nmse=-22.904dB train_rec=0.000000e+00 train_recT=7.971480e-07 train_fc=0.000000e+00 train_decoder_tail=0.000000e+00
I 07.01/22:38:06 train_mapper.py:622 ] epoch=0368 train_loss=1.613265e-02 train_mse=3.286282e-03 train_cos=0.997371 train_nmse=-22.906dB train_rec=0.000000e+00 train_recT=7.967946e-07 train_fc=0.000000e+00 train_decoder_tail=0.000000e+00
I 07.01/22:38:50 train_mapper.py:622 ] epoch=0369 train_loss=1.611346e-02 train_mse=3.281404e-03 train_cos=0.997374 train_nmse=-22.913dB train_rec=0.000000e+00 train_recT=7.968168e-07 train_fc=0.000000e+00 train_decoder_tail=0.000000e+00
I 07.01/22:39:34 train_mapper.py:622 ] epoch=0370 train_loss=1.606749e-02 train_mse=3.271124e-03 train_cos=0.997382 train_nmse=-22.927dB train_rec=0.000000e+00 train_recT=7.928372e-07 train_fc=0.000000e+00 train_decoder_tail=0.000000e+00
I 07.01/22:40:21 train_mapper.py:622 ] epoch=0371 train_loss=1.602679e-02 train_mse=3.262114e-03 train_cos=0.997390 train_nmse=-22.939dB train_rec=0.000000e+00 train_recT=7.874350e-07 train_fc=0.000000e+00 train_decoder_tail=0.000000e+00
I 07.01/22:41:07 train_mapper.py:622 ] epoch=0372 train_loss=1.605966e-02 train_mse=3.268650e-03 train_cos=0.997384 train_nmse=-22.930dB train_rec=0.000000e+00 train_recT=7.901242e-07 train_fc=0.000000e+00 train_decoder_tail=0.000000e+00
I 07.01/22:41:54 train_mapper.py:622 ] epoch=0373 train_loss=1.598177e-02 train_mse=3.251439e-03 train_cos=0.997397 train_nmse=-22.953dB train_rec=0.000000e+00 train_recT=7.849260e-07 train_fc=0.000000e+00 train_decoder_tail=0.000000e+00
I 07.01/22:42:44 train_mapper.py:622 ] epoch=0374 train_loss=1.601332e-02 train_mse=3.258009e-03 train_cos=0.997392 train_nmse=-22.944dB train_rec=0.000000e+00 train_recT=7.869492e-07 train_fc=0.000000e+00 train_decoder_tail=0.000000e+00
I 07.01/22:43:30 train_mapper.py:622 ] epoch=0375 train_loss=1.598545e-02 train_mse=3.251496e-03 train_cos=0.997396 train_nmse=-22.953dB train_rec=0.000000e+00 train_recT=7.843250e-07 train_fc=0.000000e+00 train_decoder_tail=0.000000e+00
I 07.01/22:44:29 train_mapper.py:622 ] epoch=0376 train_loss=1.596534e-02 train_mse=3.246794e-03 train_cos=0.997402 train_nmse=-22.959dB train_rec=0.000000e+00 train_recT=7.837574e-07 train_fc=0.000000e+00 train_decoder_tail=0.000000e+00
I 07.01/22:45:13 train_mapper.py:622 ] epoch=0377 train_loss=1.596224e-02 train_mse=3.245814e-03 train_cos=0.997403 train_nmse=-22.961dB train_rec=0.000000e+00 train_recT=7.869217e-07 train_fc=0.000000e+00 train_decoder_tail=0.000000e+00
I 07.01/22:45:57 train_mapper.py:622 ] epoch=0378 train_loss=1.592338e-02 train_mse=3.236704e-03 train_cos=0.997409 train_nmse=-22.973dB train_rec=0.000000e+00 train_recT=7.811199e-07 train_fc=0.000000e+00 train_decoder_tail=0.000000e+00
I 07.01/22:46:45 train_mapper.py:622 ] epoch=0379 train_loss=1.593374e-02 train_mse=3.239094e-03 train_cos=0.997409 train_nmse=-22.969dB train_rec=0.000000e+00 train_recT=7.838781e-07 train_fc=0.000000e+00 train_decoder_tail=0.000000e+00
I 07.01/22:47:27 train_mapper.py:622 ] epoch=0380 train_loss=1.590422e-02 train_mse=3.231904e-03 train_cos=0.997412 train_nmse=-22.979dB train_rec=0.000000e+00 train_recT=7.795582e-07 train_fc=0.000000e+00 train_decoder_tail=0.000000e+00
I 07.01/22:48:10 train_mapper.py:622 ] epoch=0381 train_loss=1.586817e-02 train_mse=3.224151e-03 train_cos=0.997420 train_nmse=-22.989dB train_rec=0.000000e+00 train_recT=7.766747e-07 train_fc=0.000000e+00 train_decoder_tail=0.000000e+00
I 07.01/22:48:48 train_mapper.py:622 ] epoch=0382 train_loss=1.590766e-02 train_mse=3.232614e-03 train_cos=0.997413 train_nmse=-22.978dB train_rec=0.000000e+00 train_recT=7.814752e-07 train_fc=0.000000e+00 train_decoder_tail=0.000000e+00
I 07.01/22:49:24 train_mapper.py:622 ] epoch=0383 train_loss=1.589773e-02 train_mse=3.229622e-03 train_cos=0.997414 train_nmse=-22.982dB train_rec=0.000000e+00 train_recT=7.802730e-07 train_fc=0.000000e+00 train_decoder_tail=0.000000e+00
I 07.01/22:50:07 train_mapper.py:622 ] epoch=0384 train_loss=1.586901e-02 train_mse=3.223611e-03 train_cos=0.997420 train_nmse=-22.990dB train_rec=0.000000e+00 train_recT=7.780884e-07 train_fc=0.000000e+00 train_decoder_tail=0.000000e+00
I 07.01/22:50:44 train_mapper.py:622 ] epoch=0385 train_loss=1.591098e-02 train_mse=3.232279e-03 train_cos=0.997413 train_nmse=-22.979dB train_rec=0.000000e+00 train_recT=7.813556e-07 train_fc=0.000000e+00 train_decoder_tail=0.000000e+00
I 07.01/22:51:27 train_mapper.py:622 ] epoch=0386 train_loss=1.579630e-02 train_mse=3.206855e-03 train_cos=0.997434 train_nmse=-23.013dB train_rec=0.000000e+00 train_recT=7.755931e-07 train_fc=0.000000e+00 train_decoder_tail=0.000000e+00
I 07.01/22:52:08 train_mapper.py:622 ] epoch=0387 train_loss=1.578335e-02 train_mse=3.203420e-03 train_cos=0.997436 train_nmse=-23.018dB train_rec=0.000000e+00 train_recT=7.754693e-07 train_fc=0.000000e+00 train_decoder_tail=0.000000e+00
I 07.01/22:52:48 train_mapper.py:622 ] epoch=0388 train_loss=1.576010e-02 train_mse=3.198115e-03 train_cos=0.997439 train_nmse=-23.025dB train_rec=0.000000e+00 train_recT=7.721931e-07 train_fc=0.000000e+00 train_decoder_tail=0.000000e+00
I 07.01/22:53:30 train_mapper.py:622 ] epoch=0389 train_loss=1.573339e-02 train_mse=3.191632e-03 train_cos=0.997444 train_nmse=-23.034dB train_rec=0.000000e+00 train_recT=7.689060e-07 train_fc=0.000000e+00 train_decoder_tail=0.000000e+00
I 07.01/22:54:11 train_mapper.py:622 ] epoch=0390 train_loss=1.569299e-02 train_mse=3.183071e-03 train_cos=0.997452 train_nmse=-23.045dB train_rec=0.000000e+00 train_recT=7.687603e-07 train_fc=0.000000e+00 train_decoder_tail=0.000000e+00
I 07.01/22:54:48 train_mapper.py:622 ] epoch=0391 train_loss=1.575683e-02 train_mse=3.196546e-03 train_cos=0.997439 train_nmse=-23.027dB train_rec=0.000000e+00 train_recT=7.728857e-07 train_fc=0.000000e+00 train_decoder_tail=0.000000e+00
I 07.01/22:55:24 train_mapper.py:622 ] epoch=0392 train_loss=1.562969e-02 train_mse=3.168419e-03 train_cos=0.997463 train_nmse=-23.065dB train_rec=0.000000e+00 train_recT=7.633099e-07 train_fc=0.000000e+00 train_decoder_tail=0.000000e+00
I 07.01/22:55:58 train_mapper.py:622 ] epoch=0393 train_loss=1.564462e-02 train_mse=3.171334e-03 train_cos=0.997460 train_nmse=-23.061dB train_rec=0.000000e+00 train_recT=7.659763e-07 train_fc=0.000000e+00 train_decoder_tail=0.000000e+00
I 07.01/22:56:37 train_mapper.py:622 ] epoch=0394 train_loss=1.562949e-02 train_mse=3.168015e-03 train_cos=0.997466 train_nmse=-23.066dB train_rec=0.000000e+00 train_recT=7.671752e-07 train_fc=0.000000e+00 train_decoder_tail=0.000000e+00
I 07.01/22:57:19 train_mapper.py:622 ] epoch=0395 train_loss=1.567050e-02 train_mse=3.176449e-03 train_cos=0.997456 train_nmse=-23.054dB train_rec=0.000000e+00 train_recT=7.646071e-07 train_fc=0.000000e+00 train_decoder_tail=0.000000e+00
I 07.01/22:57:53 train_mapper.py:622 ] epoch=0396 train_loss=1.558887e-02 train_mse=3.158558e-03 train_cos=0.997472 train_nmse=-23.079dB train_rec=0.000000e+00 train_recT=7.631507e-07 train_fc=0.000000e+00 train_decoder_tail=0.000000e+00
I 07.01/22:58:29 train_mapper.py:622 ] epoch=0397 train_loss=1.557036e-02 train_mse=3.154103e-03 train_cos=0.997475 train_nmse=-23.085dB train_rec=0.000000e+00 train_recT=7.600165e-07 train_fc=0.000000e+00 train_decoder_tail=0.000000e+00
I 07.01/22:59:06 train_mapper.py:622 ] epoch=0398 train_loss=1.557071e-02 train_mse=3.153954e-03 train_cos=0.997475 train_nmse=-23.085dB train_rec=0.000000e+00 train_recT=7.580884e-07 train_fc=0.000000e+00 train_decoder_tail=0.000000e+00
I 07.01/22:59:44 train_mapper.py:622 ] epoch=0399 train_loss=1.562395e-02 train_mse=3.165104e-03 train_cos=0.997466 train_nmse=-23.070dB train_rec=0.000000e+00 train_recT=7.649608e-07 train_fc=0.000000e+00 train_decoder_tail=0.000000e+00
I 07.01/23:00:24 train_mapper.py:622 ] epoch=0400 train_loss=1.560984e-02 train_mse=3.162036e-03 train_cos=0.997469 train_nmse=-23.074dB train_rec=0.000000e+00 train_recT=7.641338e-07 train_fc=0.000000e+00 train_decoder_tail=0.000000e+00
I 07.01/23:03:36 train_mapper.py:738 ] best_loss_epoch=397 best_loss_selection=train_loss best_loss_metric=1.557036e-02 best_loss_mse=3.154103e-03 best_loss_loss=1.557036e-02
I 07.01/23:03:36 train_mapper.py:743 ] best_mse_epoch=398 best_mse_selection=train_mse best_mse_metric=3.153954e-03 best_mse_mse=3.153954e-03 best_mse_loss=1.557071e-02
I 07.01/23:03:36 train_mapper.py:749 ] all_best_loss_mse=3.045381e-03 all_best_loss_cos=0.997573 all_best_loss_nmse=-23.237dB
I 07.01/23:03:36 train_mapper.py:753 ] all_best_mse_mse=3.038546e-03 all_best_mse_cos=0.997576 all_best_mse_nmse=-23.247dB
