I 07.01/07:55:31 train_mapper.py:431 ] => Experiment directory: mapper/exps_decoder_aware/hybrid/recT_rec/seed2026_csinet_transnet_to_seed42_transnet_lr5e-4_ep400
I 07.01/07:55:31 train_mapper.py:432 ] => Checkpoint directory: mapper/exps_decoder_aware/hybrid/recT_rec/seed2026_csinet_transnet_to_seed42_transnet_lr5e-4_ep400/checkpoints
I 07.01/07:55:31 train_mapper.py:433 ] => Codeword directory: mapper/exps_decoder_aware/hybrid/recT_rec/seed2026_csinet_transnet_to_seed42_transnet_lr5e-4_ep400/codewords
I 07.01/07:55:31 train_mapper.py:434 ] => TensorBoard directory: mapper/exps_decoder_aware/hybrid/recT_rec/seed2026_csinet_transnet_to_seed42_transnet_lr5e-4_ep400/tensorboard
I 07.01/07:55:42 train_mapper.py:519 ] => Loaded fixed decoder from exps/COST2100/in/seed42/transnet_transnet/checkpoints/best_nmse.pth
I 07.01/07:55:42 train_mapper.py:521 ] => Loaded CSI tensor (100000, 2, 32, 32) from /storage/hujiacong/zxd/datasets/cost2100/in_train.pt
I 07.01/07:55:42 train_mapper.py:524 ] device=cuda
I 07.01/07:55:42 train_mapper.py:525 ] mapper=hybrid, params=23108608
I 07.01/07:55:42 train_mapper.py:527 ] train=100000, val=0, code_dim=512
I 07.01/07:55:42 train_mapper.py:529 ] val_ratio<=0: skip per-epoch validation; select best checkpoint by train loss
I 07.01/07:55:42 train_mapper.py:531 ] loss=mse + smoothl1*0.0 + sample_tail*0.0 + dim_tail*0.0 + whiten*0.0 + rec*1.0 + recT*1.0 + fc*0.0 + decoder_tail*0.0 + cos*0.0 + cov*0.0
I 07.01/07:56:19 train_mapper.py:622 ] epoch=0001 train_loss=4.750477e-01 train_mse=4.674611e-01 train_cos=0.742874 train_nmse=-2.038dB train_rec=3.793605e-03 train_recT=3.793001e-03 train_fc=0.000000e+00 train_decoder_tail=0.000000e+00
I 07.01/07:56:57 train_mapper.py:622 ] epoch=0002 train_loss=1.779116e-01 train_mse=1.773318e-01 train_cos=0.912608 train_nmse=-5.618dB train_rec=2.899178e-04 train_recT=2.898807e-04 train_fc=0.000000e+00 train_decoder_tail=0.000000e+00
I 07.01/07:57:32 train_mapper.py:622 ] epoch=0003 train_loss=1.234749e-01 train_mse=1.231161e-01 train_cos=0.938758 train_nmse=-7.183dB train_rec=1.794759e-04 train_recT=1.793304e-04 train_fc=0.000000e+00 train_decoder_tail=0.000000e+00
I 07.01/07:57:59 train_mapper.py:622 ] epoch=0004 train_loss=9.594252e-02 train_mse=9.570215e-02 train_cos=0.950753 train_nmse=-8.271dB train_rec=1.203067e-04 train_recT=1.200665e-04 train_fc=0.000000e+00 train_decoder_tail=0.000000e+00
I 07.01/07:58:26 train_mapper.py:622 ] epoch=0005 train_loss=7.928556e-02 train_mse=7.911623e-02 train_cos=0.957787 train_nmse=-9.095dB train_rec=8.482474e-05 train_recT=8.450752e-05 train_fc=0.000000e+00 train_decoder_tail=0.000000e+00
I 07.01/07:59:07 train_mapper.py:622 ] epoch=0006 train_loss=6.851754e-02 train_mse=6.839143e-02 train_cos=0.962476 train_nmse=-9.725dB train_rec=6.324627e-05 train_recT=6.286742e-05 train_fc=0.000000e+00 train_decoder_tail=0.000000e+00
I 07.01/07:59:33 train_mapper.py:622 ] epoch=0007 train_loss=6.122903e-02 train_mse=6.112991e-02 train_cos=0.965925 train_nmse=-10.212dB train_rec=4.977452e-05 train_recT=4.935048e-05 train_fc=0.000000e+00 train_decoder_tail=0.000000e+00
I 07.01/08:00:05 train_mapper.py:622 ] epoch=0008 train_loss=5.620300e-02 train_mse=5.612069e-02 train_cos=0.968532 train_nmse=-10.583dB train_rec=4.138388e-05 train_recT=4.092792e-05 train_fc=0.000000e+00 train_decoder_tail=0.000000e+00
I 07.01/08:00:36 train_mapper.py:622 ] epoch=0009 train_loss=5.257893e-02 train_mse=5.250749e-02 train_cos=0.970601 train_nmse=-10.872dB train_rec=3.595884e-05 train_recT=3.548055e-05 train_fc=0.000000e+00 train_decoder_tail=0.000000e+00
I 07.01/08:01:18 train_mapper.py:622 ] epoch=0010 train_loss=5.489257e-02 train_mse=5.482483e-02 train_cos=0.968263 train_nmse=-10.718dB train_rec=3.411815e-05 train_recT=3.362366e-05 train_fc=0.000000e+00 train_decoder_tail=0.000000e+00
I 07.01/08:02:13 train_mapper.py:622 ] epoch=0011 train_loss=4.880363e-02 train_mse=4.874442e-02 train_cos=0.972723 train_nmse=-11.195dB train_rec=2.985378e-05 train_recT=2.935120e-05 train_fc=0.000000e+00 train_decoder_tail=0.000000e+00
I 07.01/08:02:44 train_mapper.py:622 ] epoch=0012 train_loss=4.626295e-02 train_mse=4.620796e-02 train_cos=0.974449 train_nmse=-11.427dB train_rec=2.775095e-05 train_recT=2.724163e-05 train_fc=0.000000e+00 train_decoder_tail=0.000000e+00
I 07.01/08:03:18 train_mapper.py:622 ] epoch=0013 train_loss=4.440999e-02 train_mse=4.435805e-02 train_cos=0.975651 train_nmse=-11.604dB train_rec=2.622402e-05 train_recT=2.571043e-05 train_fc=0.000000e+00 train_decoder_tail=0.000000e+00
I 07.01/08:03:57 train_mapper.py:622 ] epoch=0014 train_loss=4.263370e-02 train_mse=4.258439e-02 train_cos=0.976791 train_nmse=-11.782dB train_rec=2.491258e-05 train_recT=2.439574e-05 train_fc=0.000000e+00 train_decoder_tail=0.000000e+00
I 07.01/08:04:43 train_mapper.py:622 ] epoch=0015 train_loss=4.107004e-02 train_mse=4.102298e-02 train_cos=0.977751 train_nmse=-11.944dB train_rec=2.378655e-05 train_recT=2.326654e-05 train_fc=0.000000e+00 train_decoder_tail=0.000000e+00
I 07.01/08:05:38 train_mapper.py:622 ] epoch=0016 train_loss=3.953270e-02 train_mse=3.948795e-02 train_cos=0.978668 train_nmse=-12.110dB train_rec=2.263402e-05 train_recT=2.211250e-05 train_fc=0.000000e+00 train_decoder_tail=0.000000e+00
I 07.01/08:06:28 train_mapper.py:622 ] epoch=0017 train_loss=3.810135e-02 train_mse=3.805871e-02 train_cos=0.979475 train_nmse=-12.270dB train_rec=2.158293e-05 train_recT=2.105988e-05 train_fc=0.000000e+00 train_decoder_tail=0.000000e+00
I 07.01/08:07:05 train_mapper.py:622 ] epoch=0018 train_loss=3.669786e-02 train_mse=3.665750e-02 train_cos=0.980232 train_nmse=-12.433dB train_rec=2.044642e-05 train_recT=1.992168e-05 train_fc=0.000000e+00 train_decoder_tail=0.000000e+00
I 07.01/08:08:11 train_mapper.py:622 ] epoch=0019 train_loss=3.545277e-02 train_mse=3.541456e-02 train_cos=0.980828 train_nmse=-12.583dB train_rec=1.937260e-05 train_recT=1.884472e-05 train_fc=0.000000e+00 train_decoder_tail=0.000000e+00
I 07.01/08:08:53 train_mapper.py:622 ] epoch=0020 train_loss=3.404765e-02 train_mse=3.401178e-02 train_cos=0.981504 train_nmse=-12.758dB train_rec=1.820205e-05 train_recT=1.767256e-05 train_fc=0.000000e+00 train_decoder_tail=0.000000e+00
I 07.01/08:09:49 train_mapper.py:622 ] epoch=0021 train_loss=3.281380e-02 train_mse=3.278052e-02 train_cos=0.981977 train_nmse=-12.918dB train_rec=1.690858e-05 train_recT=1.637569e-05 train_fc=0.000000e+00 train_decoder_tail=0.000000e+00
I 07.01/08:10:33 train_mapper.py:622 ] epoch=0022 train_loss=3.160839e-02 train_mse=3.157805e-02 train_cos=0.982291 train_nmse=-13.081dB train_rec=1.544079e-05 train_recT=1.490248e-05 train_fc=0.000000e+00 train_decoder_tail=0.000000e+00
I 07.01/08:11:09 train_mapper.py:622 ] epoch=0023 train_loss=2.970758e-02 train_mse=2.968176e-02 train_cos=0.982633 train_nmse=-13.350dB train_rec=1.318823e-05 train_recT=1.263711e-05 train_fc=0.000000e+00 train_decoder_tail=0.000000e+00
I 07.01/08:12:09 train_mapper.py:622 ] epoch=0024 train_loss=2.689127e-02 train_mse=2.687042e-02 train_cos=0.983017 train_nmse=-13.782dB train_rec=1.071051e-05 train_recT=1.013718e-05 train_fc=0.000000e+00 train_decoder_tail=0.000000e+00
I 07.01/08:12:53 train_mapper.py:622 ] epoch=0025 train_loss=2.485177e-02 train_mse=2.483283e-02 train_cos=0.983591 train_nmse=-14.124dB train_rec=9.755464e-06 train_recT=9.180397e-06 train_fc=0.000000e+00 train_decoder_tail=0.000000e+00
I 07.01/08:13:59 train_mapper.py:622 ] epoch=0026 train_loss=2.345088e-02 train_mse=2.343338e-02 train_cos=0.984036 train_nmse=-14.376dB train_rec=9.033971e-06 train_recT=8.460852e-06 train_fc=0.000000e+00 train_decoder_tail=0.000000e+00
I 07.01/08:14:48 train_mapper.py:622 ] epoch=0027 train_loss=2.223028e-02 train_mse=2.221406e-02 train_cos=0.984548 train_nmse=-14.609dB train_rec=8.398090e-06 train_recT=7.826219e-06 train_fc=0.000000e+00 train_decoder_tail=0.000000e+00
I 07.01/08:15:21 train_mapper.py:622 ] epoch=0028 train_loss=2.123543e-02 train_mse=2.122019e-02 train_cos=0.985004 train_nmse=-14.807dB train_rec=7.904910e-06 train_recT=7.334020e-06 train_fc=0.000000e+00 train_decoder_tail=0.000000e+00
I 07.01/08:15:46 train_mapper.py:622 ] epoch=0029 train_loss=2.051454e-02 train_mse=2.049996e-02 train_cos=0.985330 train_nmse=-14.957dB train_rec=7.572619e-06 train_recT=7.002421e-06 train_fc=0.000000e+00 train_decoder_tail=0.000000e+00
I 07.01/08:16:37 train_mapper.py:622 ] epoch=0030 train_loss=1.979285e-02 train_mse=1.977898e-02 train_cos=0.985706 train_nmse=-15.112dB train_rec=7.220914e-06 train_recT=6.651388e-06 train_fc=0.000000e+00 train_decoder_tail=0.000000e+00
I 07.01/08:17:04 train_mapper.py:622 ] epoch=0031 train_loss=1.913532e-02 train_mse=1.912196e-02 train_cos=0.986067 train_nmse=-15.259dB train_rec=6.960084e-06 train_recT=6.391499e-06 train_fc=0.000000e+00 train_decoder_tail=0.000000e+00
I 07.01/08:18:09 train_mapper.py:622 ] epoch=0032 train_loss=1.856263e-02 train_mse=1.854978e-02 train_cos=0.986387 train_nmse=-15.391dB train_rec=6.708234e-06 train_recT=6.139840e-06 train_fc=0.000000e+00 train_decoder_tail=0.000000e+00
I 07.01/08:18:49 train_mapper.py:622 ] epoch=0033 train_loss=1.802532e-02 train_mse=1.801292e-02 train_cos=0.986705 train_nmse=-15.519dB train_rec=6.482782e-06 train_recT=5.915436e-06 train_fc=0.000000e+00 train_decoder_tail=0.000000e+00
I 07.01/08:19:24 train_mapper.py:622 ] epoch=0034 train_loss=1.754185e-02 train_mse=1.752991e-02 train_cos=0.986990 train_nmse=-15.637dB train_rec=6.255584e-06 train_recT=5.688301e-06 train_fc=0.000000e+00 train_decoder_tail=0.000000e+00
I 07.01/08:20:37 train_mapper.py:622 ] epoch=0035 train_loss=1.709548e-02 train_mse=1.708392e-02 train_cos=0.987260 train_nmse=-15.749dB train_rec=6.064221e-06 train_recT=5.496926e-06 train_fc=0.000000e+00 train_decoder_tail=0.000000e+00
I 07.01/08:21:15 train_mapper.py:622 ] epoch=0036 train_loss=1.663136e-02 train_mse=1.662018e-02 train_cos=0.987556 train_nmse=-15.869dB train_rec=5.875992e-06 train_recT=5.309189e-06 train_fc=0.000000e+00 train_decoder_tail=0.000000e+00
I 07.01/08:22:17 train_mapper.py:622 ] epoch=0037 train_loss=1.627301e-02 train_mse=1.626214e-02 train_cos=0.987769 train_nmse=-15.963dB train_rec=5.720760e-06 train_recT=5.154493e-06 train_fc=0.000000e+00 train_decoder_tail=0.000000e+00
I 07.01/08:23:32 train_mapper.py:622 ] epoch=0038 train_loss=1.588312e-02 train_mse=1.587257e-02 train_cos=0.988024 train_nmse=-16.069dB train_rec=5.557911e-06 train_recT=4.991712e-06 train_fc=0.000000e+00 train_decoder_tail=0.000000e+00
I 07.01/08:24:44 train_mapper.py:622 ] epoch=0039 train_loss=1.557060e-02 train_mse=1.556025e-02 train_cos=0.988222 train_nmse=-16.154dB train_rec=5.455180e-06 train_recT=4.889370e-06 train_fc=0.000000e+00 train_decoder_tail=0.000000e+00
I 07.01/08:26:04 train_mapper.py:622 ] epoch=0040 train_loss=1.520415e-02 train_mse=1.519413e-02 train_cos=0.988464 train_nmse=-16.258dB train_rec=5.292091e-06 train_recT=4.726339e-06 train_fc=0.000000e+00 train_decoder_tail=0.000000e+00
I 07.01/08:27:16 train_mapper.py:622 ] epoch=0041 train_loss=1.488954e-02 train_mse=1.487979e-02 train_cos=0.988670 train_nmse=-16.349dB train_rec=5.161230e-06 train_recT=4.595505e-06 train_fc=0.000000e+00 train_decoder_tail=0.000000e+00
I 07.01/08:27:49 train_mapper.py:622 ] epoch=0042 train_loss=1.460030e-02 train_mse=1.459072e-02 train_cos=0.988865 train_nmse=-16.434dB train_rec=5.074708e-06 train_recT=4.509157e-06 train_fc=0.000000e+00 train_decoder_tail=0.000000e+00
I 07.01/08:28:36 train_mapper.py:622 ] epoch=0043 train_loss=1.434264e-02 train_mse=1.433327e-02 train_cos=0.989041 train_nmse=-16.511dB train_rec=4.968204e-06 train_recT=4.403029e-06 train_fc=0.000000e+00 train_decoder_tail=0.000000e+00
I 07.01/08:29:15 train_mapper.py:622 ] epoch=0044 train_loss=1.403694e-02 train_mse=1.402779e-02 train_cos=0.989255 train_nmse=-16.605dB train_rec=4.857491e-06 train_recT=4.292341e-06 train_fc=0.000000e+00 train_decoder_tail=0.000000e+00
I 07.01/08:30:19 train_mapper.py:622 ] epoch=0045 train_loss=1.377134e-02 train_mse=1.376244e-02 train_cos=0.989431 train_nmse=-16.688dB train_rec=4.736792e-06 train_recT=4.172009e-06 train_fc=0.000000e+00 train_decoder_tail=0.000000e+00
I 07.01/08:31:10 train_mapper.py:622 ] epoch=0046 train_loss=1.352956e-02 train_mse=1.352081e-02 train_cos=0.989600 train_nmse=-16.765dB train_rec=4.656691e-06 train_recT=4.091717e-06 train_fc=0.000000e+00 train_decoder_tail=0.000000e+00
I 07.01/08:32:00 train_mapper.py:622 ] epoch=0047 train_loss=1.331125e-02 train_mse=1.330264e-02 train_cos=0.989749 train_nmse=-16.835dB train_rec=4.587963e-06 train_recT=4.023227e-06 train_fc=0.000000e+00 train_decoder_tail=0.000000e+00
I 07.01/08:32:44 train_mapper.py:622 ] epoch=0048 train_loss=1.308270e-02 train_mse=1.307428e-02 train_cos=0.989913 train_nmse=-16.911dB train_rec=4.493410e-06 train_recT=3.929457e-06 train_fc=0.000000e+00 train_decoder_tail=0.000000e+00
I 07.01/08:34:04 train_mapper.py:622 ] epoch=0049 train_loss=1.284652e-02 train_mse=1.283824e-02 train_cos=0.990080 train_nmse=-16.990dB train_rec=4.420687e-06 train_recT=3.856343e-06 train_fc=0.000000e+00 train_decoder_tail=0.000000e+00
I 07.01/08:35:13 train_mapper.py:622 ] epoch=0050 train_loss=1.265461e-02 train_mse=1.264646e-02 train_cos=0.990214 train_nmse=-17.054dB train_rec=4.356922e-06 train_recT=3.792379e-06 train_fc=0.000000e+00 train_decoder_tail=0.000000e+00
I 07.01/08:36:14 train_mapper.py:622 ] epoch=0051 train_loss=1.248481e-02 train_mse=1.247683e-02 train_cos=0.990331 train_nmse=-17.113dB train_rec=4.275585e-06 train_recT=3.712104e-06 train_fc=0.000000e+00 train_decoder_tail=0.000000e+00
I 07.01/08:37:22 train_mapper.py:622 ] epoch=0052 train_loss=1.228581e-02 train_mse=1.227794e-02 train_cos=0.990476 train_nmse=-17.183dB train_rec=4.219596e-06 train_recT=3.655745e-06 train_fc=0.000000e+00 train_decoder_tail=0.000000e+00
I 07.01/08:38:17 train_mapper.py:622 ] epoch=0053 train_loss=1.207857e-02 train_mse=1.207088e-02 train_cos=0.990625 train_nmse=-17.258dB train_rec=4.126493e-06 train_recT=3.562914e-06 train_fc=0.000000e+00 train_decoder_tail=0.000000e+00
I 07.01/08:38:54 train_mapper.py:622 ] epoch=0054 train_loss=1.190620e-02 train_mse=1.189863e-02 train_cos=0.990749 train_nmse=-17.320dB train_rec=4.065735e-06 train_recT=3.501645e-06 train_fc=0.000000e+00 train_decoder_tail=0.000000e+00
I 07.01/08:39:49 train_mapper.py:622 ] epoch=0055 train_loss=1.177901e-02 train_mse=1.177148e-02 train_cos=0.990842 train_nmse=-17.366dB train_rec=4.046176e-06 train_recT=3.482602e-06 train_fc=0.000000e+00 train_decoder_tail=0.000000e+00
I 07.01/08:41:03 train_mapper.py:622 ] epoch=0056 train_loss=1.158932e-02 train_mse=1.158196e-02 train_cos=0.990981 train_nmse=-17.437dB train_rec=3.960706e-06 train_recT=3.397339e-06 train_fc=0.000000e+00 train_decoder_tail=0.000000e+00
I 07.01/08:41:40 train_mapper.py:622 ] epoch=0057 train_loss=1.146556e-02 train_mse=1.145825e-02 train_cos=0.991076 train_nmse=-17.484dB train_rec=3.936324e-06 train_recT=3.372627e-06 train_fc=0.000000e+00 train_decoder_tail=0.000000e+00
I 07.01/08:42:17 train_mapper.py:622 ] epoch=0058 train_loss=1.126096e-02 train_mse=1.125380e-02 train_cos=0.991224 train_nmse=-17.561dB train_rec=3.860310e-06 train_recT=3.297789e-06 train_fc=0.000000e+00 train_decoder_tail=0.000000e+00
I 07.01/08:42:57 train_mapper.py:622 ] epoch=0059 train_loss=1.111437e-02 train_mse=1.110733e-02 train_cos=0.991325 train_nmse=-17.618dB train_rec=3.802009e-06 train_recT=3.238380e-06 train_fc=0.000000e+00 train_decoder_tail=0.000000e+00
I 07.01/08:43:45 train_mapper.py:622 ] epoch=0060 train_loss=1.100632e-02 train_mse=1.099931e-02 train_cos=0.991408 train_nmse=-17.661dB train_rec=3.786007e-06 train_recT=3.223792e-06 train_fc=0.000000e+00 train_decoder_tail=0.000000e+00
I 07.01/08:44:28 train_mapper.py:622 ] epoch=0061 train_loss=1.081593e-02 train_mse=1.080909e-02 train_cos=0.991553 train_nmse=-17.737dB train_rec=3.703347e-06 train_recT=3.140223e-06 train_fc=0.000000e+00 train_decoder_tail=0.000000e+00
I 07.01/08:45:43 train_mapper.py:622 ] epoch=0062 train_loss=1.074375e-02 train_mse=1.073696e-02 train_cos=0.991607 train_nmse=-17.766dB train_rec=3.678759e-06 train_recT=3.116197e-06 train_fc=0.000000e+00 train_decoder_tail=0.000000e+00
I 07.01/08:46:29 train_mapper.py:622 ] epoch=0063 train_loss=1.058339e-02 train_mse=1.057671e-02 train_cos=0.991722 train_nmse=-17.831dB train_rec=3.621712e-06 train_recT=3.059275e-06 train_fc=0.000000e+00 train_decoder_tail=0.000000e+00
I 07.01/08:47:30 train_mapper.py:622 ] epoch=0064 train_loss=1.047583e-02 train_mse=1.046923e-02 train_cos=0.991803 train_nmse=-17.875dB train_rec=3.583631e-06 train_recT=3.021007e-06 train_fc=0.000000e+00 train_decoder_tail=0.000000e+00
I 07.01/08:48:37 train_mapper.py:622 ] epoch=0065 train_loss=1.034499e-02 train_mse=1.033844e-02 train_cos=0.991904 train_nmse=-17.930dB train_rec=3.555335e-06 train_recT=2.993068e-06 train_fc=0.000000e+00 train_decoder_tail=0.000000e+00
I 07.01/08:49:55 train_mapper.py:622 ] epoch=0066 train_loss=1.021193e-02 train_mse=1.020548e-02 train_cos=0.991998 train_nmse=-17.986dB train_rec=3.504480e-06 train_recT=2.941907e-06 train_fc=0.000000e+00 train_decoder_tail=0.000000e+00
I 07.01/08:51:19 train_mapper.py:622 ] epoch=0067 train_loss=1.013281e-02 train_mse=1.012642e-02 train_cos=0.992058 train_nmse=-18.020dB train_rec=3.473251e-06 train_recT=2.910626e-06 train_fc=0.000000e+00 train_decoder_tail=0.000000e+00
I 07.01/08:52:15 train_mapper.py:622 ] epoch=0068 train_loss=9.992932e-03 train_mse=9.986603e-03 train_cos=0.992171 train_nmse=-18.080dB train_rec=3.446044e-06 train_recT=2.883654e-06 train_fc=0.000000e+00 train_decoder_tail=0.000000e+00
I 07.01/08:52:53 train_mapper.py:622 ] epoch=0069 train_loss=9.896276e-03 train_mse=9.890028e-03 train_cos=0.992238 train_nmse=-18.123dB train_rec=3.405097e-06 train_recT=2.843209e-06 train_fc=0.000000e+00 train_decoder_tail=0.000000e+00
I 07.01/08:53:50 train_mapper.py:622 ] epoch=0070 train_loss=9.822619e-03 train_mse=9.816402e-03 train_cos=0.992298 train_nmse=-18.154dB train_rec=3.389386e-06 train_recT=2.826951e-06 train_fc=0.000000e+00 train_decoder_tail=0.000000e+00
I 07.01/08:54:44 train_mapper.py:622 ] epoch=0071 train_loss=9.710423e-03 train_mse=9.704277e-03 train_cos=0.992385 train_nmse=-18.205dB train_rec=3.354429e-06 train_recT=2.792332e-06 train_fc=0.000000e+00 train_decoder_tail=0.000000e+00
I 07.01/08:55:27 train_mapper.py:622 ] epoch=0072 train_loss=9.600446e-03 train_mse=9.594399e-03 train_cos=0.992464 train_nmse=-18.254dB train_rec=3.304724e-06 train_recT=2.742045e-06 train_fc=0.000000e+00 train_decoder_tail=0.000000e+00
I 07.01/08:56:16 train_mapper.py:622 ] epoch=0073 train_loss=9.516736e-03 train_mse=9.510704e-03 train_cos=0.992528 train_nmse=-18.292dB train_rec=3.296804e-06 train_recT=2.734694e-06 train_fc=0.000000e+00 train_decoder_tail=0.000000e+00
I 07.01/08:57:08 train_mapper.py:622 ] epoch=0074 train_loss=9.390632e-03 train_mse=9.384704e-03 train_cos=0.992624 train_nmse=-18.350dB train_rec=3.245300e-06 train_recT=2.683104e-06 train_fc=0.000000e+00 train_decoder_tail=0.000000e+00
I 07.01/08:57:54 train_mapper.py:622 ] epoch=0075 train_loss=9.322326e-03 train_mse=9.316441e-03 train_cos=0.992676 train_nmse=-18.382dB train_rec=3.223427e-06 train_recT=2.661491e-06 train_fc=0.000000e+00 train_decoder_tail=0.000000e+00
I 07.01/08:58:39 train_mapper.py:622 ] epoch=0076 train_loss=9.262684e-03 train_mse=9.256832e-03 train_cos=0.992725 train_nmse=-18.410dB train_rec=3.206768e-06 train_recT=2.644538e-06 train_fc=0.000000e+00 train_decoder_tail=0.000000e+00
I 07.01/08:59:18 train_mapper.py:622 ] epoch=0077 train_loss=9.182797e-03 train_mse=9.176989e-03 train_cos=0.992784 train_nmse=-18.447dB train_rec=3.184763e-06 train_recT=2.622933e-06 train_fc=0.000000e+00 train_decoder_tail=0.000000e+00
I 07.01/08:59:57 train_mapper.py:622 ] epoch=0078 train_loss=9.075809e-03 train_mse=9.070070e-03 train_cos=0.992869 train_nmse=-18.498dB train_rec=3.150659e-06 train_recT=2.588729e-06 train_fc=0.000000e+00 train_decoder_tail=0.000000e+00
I 07.01/09:00:44 train_mapper.py:622 ] epoch=0079 train_loss=8.978064e-03 train_mse=8.972404e-03 train_cos=0.992940 train_nmse=-18.546dB train_rec=3.110826e-06 train_recT=2.548689e-06 train_fc=0.000000e+00 train_decoder_tail=0.000000e+00
I 07.01/09:01:32 train_mapper.py:622 ] epoch=0080 train_loss=8.886394e-03 train_mse=8.880788e-03 train_cos=0.993010 train_nmse=-18.590dB train_rec=3.083950e-06 train_recT=2.521641e-06 train_fc=0.000000e+00 train_decoder_tail=0.000000e+00
I 07.01/09:02:43 train_mapper.py:622 ] epoch=0081 train_loss=8.816674e-03 train_mse=8.811121e-03 train_cos=0.993064 train_nmse=-18.624dB train_rec=3.057343e-06 train_recT=2.495569e-06 train_fc=0.000000e+00 train_decoder_tail=0.000000e+00
I 07.01/09:03:43 train_mapper.py:622 ] epoch=0082 train_loss=8.757772e-03 train_mse=8.752255e-03 train_cos=0.993108 train_nmse=-18.653dB train_rec=3.039356e-06 train_recT=2.477344e-06 train_fc=0.000000e+00 train_decoder_tail=0.000000e+00
I 07.01/09:04:45 train_mapper.py:622 ] epoch=0083 train_loss=8.673884e-03 train_mse=8.668421e-03 train_cos=0.993173 train_nmse=-18.695dB train_rec=3.012188e-06 train_recT=2.450364e-06 train_fc=0.000000e+00 train_decoder_tail=0.000000e+00
I 07.01/09:05:49 train_mapper.py:622 ] epoch=0084 train_loss=8.597925e-03 train_mse=8.592489e-03 train_cos=0.993231 train_nmse=-18.733dB train_rec=2.998270e-06 train_recT=2.436928e-06 train_fc=0.000000e+00 train_decoder_tail=0.000000e+00
I 07.01/09:07:09 train_mapper.py:622 ] epoch=0085 train_loss=8.549830e-03 train_mse=8.544452e-03 train_cos=0.993267 train_nmse=-18.757dB train_rec=2.969860e-06 train_recT=2.408499e-06 train_fc=0.000000e+00 train_decoder_tail=0.000000e+00
I 07.01/09:08:15 train_mapper.py:622 ] epoch=0086 train_loss=8.449857e-03 train_mse=8.444534e-03 train_cos=0.993346 train_nmse=-18.809dB train_rec=2.942026e-06 train_recT=2.380235e-06 train_fc=0.000000e+00 train_decoder_tail=0.000000e+00
I 07.01/09:09:04 train_mapper.py:622 ] epoch=0087 train_loss=8.393030e-03 train_mse=8.387721e-03 train_cos=0.993391 train_nmse=-18.838dB train_rec=2.935279e-06 train_recT=2.373643e-06 train_fc=0.000000e+00 train_decoder_tail=0.000000e+00
I 07.01/09:10:05 train_mapper.py:622 ] epoch=0088 train_loss=8.345039e-03 train_mse=8.339749e-03 train_cos=0.993432 train_nmse=-18.863dB train_rec=2.925745e-06 train_recT=2.363805e-06 train_fc=0.000000e+00 train_decoder_tail=0.000000e+00
I 07.01/09:10:56 train_mapper.py:622 ] epoch=0089 train_loss=8.307218e-03 train_mse=8.301972e-03 train_cos=0.993459 train_nmse=-18.882dB train_rec=2.903306e-06 train_recT=2.342189e-06 train_fc=0.000000e+00 train_decoder_tail=0.000000e+00
I 07.01/09:12:12 train_mapper.py:622 ] epoch=0090 train_loss=8.218288e-03 train_mse=8.213095e-03 train_cos=0.993528 train_nmse=-18.929dB train_rec=2.877179e-06 train_recT=2.315650e-06 train_fc=0.000000e+00 train_decoder_tail=0.000000e+00
I 07.01/09:12:58 train_mapper.py:622 ] epoch=0091 train_loss=8.152638e-03 train_mse=8.147465e-03 train_cos=0.993577 train_nmse=-18.964dB train_rec=2.866987e-06 train_recT=2.305582e-06 train_fc=0.000000e+00 train_decoder_tail=0.000000e+00
I 07.01/09:13:41 train_mapper.py:622 ] epoch=0092 train_loss=8.099410e-03 train_mse=8.094285e-03 train_cos=0.993618 train_nmse=-18.992dB train_rec=2.843504e-06 train_recT=2.281995e-06 train_fc=0.000000e+00 train_decoder_tail=0.000000e+00
I 07.01/09:14:24 train_mapper.py:622 ] epoch=0093 train_loss=8.031264e-03 train_mse=8.026175e-03 train_cos=0.993675 train_nmse=-19.029dB train_rec=2.825433e-06 train_recT=2.263703e-06 train_fc=0.000000e+00 train_decoder_tail=0.000000e+00
I 07.01/09:15:05 train_mapper.py:622 ] epoch=0094 train_loss=7.970593e-03 train_mse=7.965539e-03 train_cos=0.993722 train_nmse=-19.062dB train_rec=2.807746e-06 train_recT=2.246316e-06 train_fc=0.000000e+00 train_decoder_tail=0.000000e+00
I 07.01/09:15:47 train_mapper.py:622 ] epoch=0095 train_loss=7.923401e-03 train_mse=7.918372e-03 train_cos=0.993756 train_nmse=-19.088dB train_rec=2.795137e-06 train_recT=2.233455e-06 train_fc=0.000000e+00 train_decoder_tail=0.000000e+00
I 07.01/09:17:09 train_mapper.py:622 ] epoch=0096 train_loss=7.887629e-03 train_mse=7.882649e-03 train_cos=0.993782 train_nmse=-19.107dB train_rec=2.771312e-06 train_recT=2.209431e-06 train_fc=0.000000e+00 train_decoder_tail=0.000000e+00
I 07.01/09:18:19 train_mapper.py:622 ] epoch=0097 train_loss=7.827683e-03 train_mse=7.822725e-03 train_cos=0.993831 train_nmse=-19.140dB train_rec=2.759842e-06 train_recT=2.198402e-06 train_fc=0.000000e+00 train_decoder_tail=0.000000e+00
I 07.01/09:19:09 train_mapper.py:622 ] epoch=0098 train_loss=7.788872e-03 train_mse=7.783908e-03 train_cos=0.993863 train_nmse=-19.162dB train_rec=2.762520e-06 train_recT=2.201106e-06 train_fc=0.000000e+00 train_decoder_tail=0.000000e+00
I 07.01/09:20:10 train_mapper.py:622 ] epoch=0099 train_loss=7.711436e-03 train_mse=7.706519e-03 train_cos=0.993923 train_nmse=-19.206dB train_rec=2.739762e-06 train_recT=2.177485e-06 train_fc=0.000000e+00 train_decoder_tail=0.000000e+00
I 07.01/09:21:16 train_mapper.py:622 ] epoch=0100 train_loss=7.660688e-03 train_mse=7.655843e-03 train_cos=0.993960 train_nmse=-19.234dB train_rec=2.703009e-06 train_recT=2.141894e-06 train_fc=0.000000e+00 train_decoder_tail=0.000000e+00
I 07.01/09:22:07 train_mapper.py:622 ] epoch=0101 train_loss=7.622014e-03 train_mse=7.617193e-03 train_cos=0.993990 train_nmse=-19.256dB train_rec=2.691682e-06 train_recT=2.129934e-06 train_fc=0.000000e+00 train_decoder_tail=0.000000e+00
I 07.01/09:23:24 train_mapper.py:622 ] epoch=0102 train_loss=7.534410e-03 train_mse=7.529631e-03 train_cos=0.994057 train_nmse=-19.307dB train_rec=2.670069e-06 train_recT=2.109046e-06 train_fc=0.000000e+00 train_decoder_tail=0.000000e+00
I 07.01/09:24:17 train_mapper.py:622 ] epoch=0103 train_loss=7.545660e-03 train_mse=7.540874e-03 train_cos=0.994050 train_nmse=-19.300dB train_rec=2.673945e-06 train_recT=2.112079e-06 train_fc=0.000000e+00 train_decoder_tail=0.000000e+00
I 07.01/09:25:02 train_mapper.py:622 ] epoch=0104 train_loss=7.452182e-03 train_mse=7.447467e-03 train_cos=0.994123 train_nmse=-19.354dB train_rec=2.637574e-06 train_recT=2.076877e-06 train_fc=0.000000e+00 train_decoder_tail=0.000000e+00
I 07.01/09:26:20 train_mapper.py:622 ] epoch=0105 train_loss=7.438071e-03 train_mse=7.433350e-03 train_cos=0.994136 train_nmse=-19.362dB train_rec=2.641507e-06 train_recT=2.080141e-06 train_fc=0.000000e+00 train_decoder_tail=0.000000e+00
I 07.01/09:27:27 train_mapper.py:622 ] epoch=0106 train_loss=7.396562e-03 train_mse=7.391866e-03 train_cos=0.994170 train_nmse=-19.386dB train_rec=2.628686e-06 train_recT=2.067183e-06 train_fc=0.000000e+00 train_decoder_tail=0.000000e+00
I 07.01/09:28:12 train_mapper.py:622 ] epoch=0107 train_loss=7.336309e-03 train_mse=7.331656e-03 train_cos=0.994215 train_nmse=-19.422dB train_rec=2.606934e-06 train_recT=2.045610e-06 train_fc=0.000000e+00 train_decoder_tail=0.000000e+00
I 07.01/09:29:27 train_mapper.py:622 ] epoch=0108 train_loss=7.304322e-03 train_mse=7.299664e-03 train_cos=0.994238 train_nmse=-19.441dB train_rec=2.609367e-06 train_recT=2.048137e-06 train_fc=0.000000e+00 train_decoder_tail=0.000000e+00
I 07.01/09:30:16 train_mapper.py:622 ] epoch=0109 train_loss=7.239511e-03 train_mse=7.234908e-03 train_cos=0.994290 train_nmse=-19.480dB train_rec=2.582386e-06 train_recT=2.021032e-06 train_fc=0.000000e+00 train_decoder_tail=0.000000e+00
I 07.01/09:31:10 train_mapper.py:622 ] epoch=0110 train_loss=7.223044e-03 train_mse=7.218436e-03 train_cos=0.994302 train_nmse=-19.490dB train_rec=2.584931e-06 train_recT=2.023372e-06 train_fc=0.000000e+00 train_decoder_tail=0.000000e+00
I 07.01/09:32:14 train_mapper.py:622 ] epoch=0111 train_loss=7.164540e-03 train_mse=7.159988e-03 train_cos=0.994350 train_nmse=-19.525dB train_rec=2.556480e-06 train_recT=1.995553e-06 train_fc=0.000000e+00 train_decoder_tail=0.000000e+00
I 07.01/09:33:17 train_mapper.py:622 ] epoch=0112 train_loss=7.156946e-03 train_mse=7.152387e-03 train_cos=0.994354 train_nmse=-19.530dB train_rec=2.560393e-06 train_recT=1.998508e-06 train_fc=0.000000e+00 train_decoder_tail=0.000000e+00
I 07.01/09:34:02 train_mapper.py:622 ] epoch=0113 train_loss=7.095704e-03 train_mse=7.091195e-03 train_cos=0.994402 train_nmse=-19.567dB train_rec=2.535412e-06 train_recT=1.974253e-06 train_fc=0.000000e+00 train_decoder_tail=0.000000e+00
I 07.01/09:34:48 train_mapper.py:622 ] epoch=0114 train_loss=7.040224e-03 train_mse=7.035747e-03 train_cos=0.994445 train_nmse=-19.601dB train_rec=2.519487e-06 train_recT=1.958032e-06 train_fc=0.000000e+00 train_decoder_tail=0.000000e+00
I 07.01/09:35:39 train_mapper.py:622 ] epoch=0115 train_loss=7.035548e-03 train_mse=7.031068e-03 train_cos=0.994450 train_nmse=-19.604dB train_rec=2.520875e-06 train_recT=1.959820e-06 train_fc=0.000000e+00 train_decoder_tail=0.000000e+00
I 07.01/09:36:26 train_mapper.py:622 ] epoch=0116 train_loss=6.971339e-03 train_mse=6.966891e-03 train_cos=0.994503 train_nmse=-19.643dB train_rec=2.505074e-06 train_recT=1.943776e-06 train_fc=0.000000e+00 train_decoder_tail=0.000000e+00
I 07.01/09:37:16 train_mapper.py:622 ] epoch=0117 train_loss=6.951786e-03 train_mse=6.947345e-03 train_cos=0.994516 train_nmse=-19.656dB train_rec=2.501164e-06 train_recT=1.939995e-06 train_fc=0.000000e+00 train_decoder_tail=0.000000e+00
I 07.01/09:38:11 train_mapper.py:622 ] epoch=0118 train_loss=6.922152e-03 train_mse=6.917729e-03 train_cos=0.994540 train_nmse=-19.674dB train_rec=2.492481e-06 train_recT=1.931330e-06 train_fc=0.000000e+00 train_decoder_tail=0.000000e+00
I 07.01/09:39:21 train_mapper.py:622 ] epoch=0119 train_loss=6.865296e-03 train_mse=6.860912e-03 train_cos=0.994584 train_nmse=-19.710dB train_rec=2.472509e-06 train_recT=1.911398e-06 train_fc=0.000000e+00 train_decoder_tail=0.000000e+00
I 07.01/09:40:19 train_mapper.py:622 ] epoch=0120 train_loss=6.851151e-03 train_mse=6.846760e-03 train_cos=0.994596 train_nmse=-19.719dB train_rec=2.475650e-06 train_recT=1.914357e-06 train_fc=0.000000e+00 train_decoder_tail=0.000000e+00
I 07.01/09:41:12 train_mapper.py:622 ] epoch=0121 train_loss=6.784401e-03 train_mse=6.780070e-03 train_cos=0.994647 train_nmse=-19.762dB train_rec=2.445982e-06 train_recT=1.885038e-06 train_fc=0.000000e+00 train_decoder_tail=0.000000e+00
I 07.01/09:42:05 train_mapper.py:622 ] epoch=0122 train_loss=6.740248e-03 train_mse=6.735942e-03 train_cos=0.994682 train_nmse=-19.790dB train_rec=2.433529e-06 train_recT=1.872069e-06 train_fc=0.000000e+00 train_decoder_tail=0.000000e+00
I 07.01/09:42:57 train_mapper.py:622 ] epoch=0123 train_loss=6.751914e-03 train_mse=6.747587e-03 train_cos=0.994672 train_nmse=-19.783dB train_rec=2.444028e-06 train_recT=1.882799e-06 train_fc=0.000000e+00 train_decoder_tail=0.000000e+00
I 07.01/09:43:49 train_mapper.py:622 ] epoch=0124 train_loss=6.688927e-03 train_mse=6.684646e-03 train_cos=0.994724 train_nmse=-19.823dB train_rec=2.420934e-06 train_recT=1.859757e-06 train_fc=0.000000e+00 train_decoder_tail=0.000000e+00
I 07.01/09:44:43 train_mapper.py:622 ] epoch=0125 train_loss=6.672533e-03 train_mse=6.668270e-03 train_cos=0.994737 train_nmse=-19.834dB train_rec=2.412649e-06 train_recT=1.851082e-06 train_fc=0.000000e+00 train_decoder_tail=0.000000e+00
I 07.01/09:45:33 train_mapper.py:622 ] epoch=0126 train_loss=6.667755e-03 train_mse=6.663482e-03 train_cos=0.994739 train_nmse=-19.837dB train_rec=2.417308e-06 train_recT=1.856242e-06 train_fc=0.000000e+00 train_decoder_tail=0.000000e+00
I 07.01/09:46:24 train_mapper.py:622 ] epoch=0127 train_loss=6.605606e-03 train_mse=6.601395e-03 train_cos=0.994790 train_nmse=-19.877dB train_rec=2.385768e-06 train_recT=1.825166e-06 train_fc=0.000000e+00 train_decoder_tail=0.000000e+00
I 07.01/09:47:17 train_mapper.py:622 ] epoch=0128 train_loss=6.597920e-03 train_mse=6.593706e-03 train_cos=0.994793 train_nmse=-19.883dB train_rec=2.387351e-06 train_recT=1.825819e-06 train_fc=0.000000e+00 train_decoder_tail=0.000000e+00
I 07.01/09:48:15 train_mapper.py:622 ] epoch=0129 train_loss=6.535712e-03 train_mse=6.531531e-03 train_cos=0.994845 train_nmse=-19.924dB train_rec=2.370936e-06 train_recT=1.810100e-06 train_fc=0.000000e+00 train_decoder_tail=0.000000e+00
I 07.01/09:49:11 train_mapper.py:622 ] epoch=0130 train_loss=6.529014e-03 train_mse=6.524819e-03 train_cos=0.994852 train_nmse=-19.928dB train_rec=2.378164e-06 train_recT=1.816618e-06 train_fc=0.000000e+00 train_decoder_tail=0.000000e+00
I 07.01/09:49:58 train_mapper.py:622 ] epoch=0131 train_loss=6.493777e-03 train_mse=6.489616e-03 train_cos=0.994878 train_nmse=-19.952dB train_rec=2.360852e-06 train_recT=1.799585e-06 train_fc=0.000000e+00 train_decoder_tail=0.000000e+00
I 07.01/09:50:51 train_mapper.py:622 ] epoch=0132 train_loss=6.466733e-03 train_mse=6.462584e-03 train_cos=0.994900 train_nmse=-19.970dB train_rec=2.355204e-06 train_recT=1.793885e-06 train_fc=0.000000e+00 train_decoder_tail=0.000000e+00
I 07.01/09:51:47 train_mapper.py:622 ] epoch=0133 train_loss=6.421312e-03 train_mse=6.417192e-03 train_cos=0.994934 train_nmse=-20.001dB train_rec=2.340761e-06 train_recT=1.779663e-06 train_fc=0.000000e+00 train_decoder_tail=0.000000e+00
I 07.01/09:53:07 train_mapper.py:622 ] epoch=0134 train_loss=6.398103e-03 train_mse=6.394001e-03 train_cos=0.994952 train_nmse=-20.016dB train_rec=2.331302e-06 train_recT=1.770471e-06 train_fc=0.000000e+00 train_decoder_tail=0.000000e+00
I 07.01/09:54:07 train_mapper.py:622 ] epoch=0135 train_loss=6.382598e-03 train_mse=6.378496e-03 train_cos=0.994965 train_nmse=-20.027dB train_rec=2.331517e-06 train_recT=1.770367e-06 train_fc=0.000000e+00 train_decoder_tail=0.000000e+00
I 07.01/09:54:57 train_mapper.py:622 ] epoch=0136 train_loss=6.324819e-03 train_mse=6.320757e-03 train_cos=0.995012 train_nmse=-20.066dB train_rec=2.312084e-06 train_recT=1.750648e-06 train_fc=0.000000e+00 train_decoder_tail=0.000000e+00
I 07.01/09:55:50 train_mapper.py:622 ] epoch=0137 train_loss=6.317347e-03 train_mse=6.313279e-03 train_cos=0.995018 train_nmse=-20.071dB train_rec=2.314742e-06 train_recT=1.753434e-06 train_fc=0.000000e+00 train_decoder_tail=0.000000e+00
I 07.01/09:56:52 train_mapper.py:622 ] epoch=0138 train_loss=6.328339e-03 train_mse=6.324247e-03 train_cos=0.995010 train_nmse=-20.064dB train_rec=2.326521e-06 train_recT=1.765806e-06 train_fc=0.000000e+00 train_decoder_tail=0.000000e+00
I 07.01/09:58:06 train_mapper.py:622 ] epoch=0139 train_loss=6.303780e-03 train_mse=6.299700e-03 train_cos=0.995030 train_nmse=-20.081dB train_rec=2.320814e-06 train_recT=1.759146e-06 train_fc=0.000000e+00 train_decoder_tail=0.000000e+00
I 07.01/09:58:57 train_mapper.py:622 ] epoch=0140 train_loss=6.271196e-03 train_mse=6.267139e-03 train_cos=0.995056 train_nmse=-20.103dB train_rec=2.308785e-06 train_recT=1.747549e-06 train_fc=0.000000e+00 train_decoder_tail=0.000000e+00
I 07.01/09:59:49 train_mapper.py:622 ] epoch=0141 train_loss=6.204166e-03 train_mse=6.200172e-03 train_cos=0.995107 train_nmse=-20.150dB train_rec=2.277292e-06 train_recT=1.716387e-06 train_fc=0.000000e+00 train_decoder_tail=0.000000e+00
I 07.01/10:00:41 train_mapper.py:622 ] epoch=0142 train_loss=6.174250e-03 train_mse=6.170275e-03 train_cos=0.995128 train_nmse=-20.171dB train_rec=2.267828e-06 train_recT=1.706846e-06 train_fc=0.000000e+00 train_decoder_tail=0.000000e+00
I 07.01/10:01:34 train_mapper.py:622 ] epoch=0143 train_loss=6.150937e-03 train_mse=6.146982e-03 train_cos=0.995148 train_nmse=-20.187dB train_rec=2.258197e-06 train_recT=1.697045e-06 train_fc=0.000000e+00 train_decoder_tail=0.000000e+00
I 07.01/10:02:29 train_mapper.py:622 ] epoch=0144 train_loss=6.125795e-03 train_mse=6.121854e-03 train_cos=0.995167 train_nmse=-20.205dB train_rec=2.250722e-06 train_recT=1.690224e-06 train_fc=0.000000e+00 train_decoder_tail=0.000000e+00
I 07.01/10:03:24 train_mapper.py:622 ] epoch=0145 train_loss=6.103488e-03 train_mse=6.099561e-03 train_cos=0.995184 train_nmse=-20.221dB train_rec=2.243775e-06 train_recT=1.682887e-06 train_fc=0.000000e+00 train_decoder_tail=0.000000e+00
I 07.01/10:04:22 train_mapper.py:622 ] epoch=0146 train_loss=6.072519e-03 train_mse=6.068608e-03 train_cos=0.995208 train_nmse=-20.243dB train_rec=2.236114e-06 train_recT=1.674984e-06 train_fc=0.000000e+00 train_decoder_tail=0.000000e+00
I 07.01/10:05:22 train_mapper.py:622 ] epoch=0147 train_loss=6.044168e-03 train_mse=6.040270e-03 train_cos=0.995232 train_nmse=-20.263dB train_rec=2.229488e-06 train_recT=1.668417e-06 train_fc=0.000000e+00 train_decoder_tail=0.000000e+00
I 07.01/10:06:22 train_mapper.py:622 ] epoch=0148 train_loss=6.033841e-03 train_mse=6.029947e-03 train_cos=0.995241 train_nmse=-20.271dB train_rec=2.227507e-06 train_recT=1.666192e-06 train_fc=0.000000e+00 train_decoder_tail=0.000000e+00
I 07.01/10:07:40 train_mapper.py:622 ] epoch=0149 train_loss=6.057659e-03 train_mse=6.053749e-03 train_cos=0.995222 train_nmse=-20.254dB train_rec=2.235075e-06 train_recT=1.674926e-06 train_fc=0.000000e+00 train_decoder_tail=0.000000e+00
I 07.01/10:08:53 train_mapper.py:622 ] epoch=0150 train_loss=6.010841e-03 train_mse=6.006950e-03 train_cos=0.995262 train_nmse=-20.287dB train_rec=2.226411e-06 train_recT=1.665020e-06 train_fc=0.000000e+00 train_decoder_tail=0.000000e+00
I 07.01/10:09:44 train_mapper.py:622 ] epoch=0151 train_loss=6.002864e-03 train_mse=5.998990e-03 train_cos=0.995267 train_nmse=-20.293dB train_rec=2.217322e-06 train_recT=1.656427e-06 train_fc=0.000000e+00 train_decoder_tail=0.000000e+00
I 07.01/10:10:28 train_mapper.py:622 ] epoch=0152 train_loss=5.972702e-03 train_mse=5.968847e-03 train_cos=0.995293 train_nmse=-20.315dB train_rec=2.207776e-06 train_recT=1.646901e-06 train_fc=0.000000e+00 train_decoder_tail=0.000000e+00
I 07.01/10:11:13 train_mapper.py:622 ] epoch=0153 train_loss=5.970654e-03 train_mse=5.966790e-03 train_cos=0.995293 train_nmse=-20.316dB train_rec=2.212595e-06 train_recT=1.651265e-06 train_fc=0.000000e+00 train_decoder_tail=0.000000e+00
I 07.01/10:12:06 train_mapper.py:622 ] epoch=0154 train_loss=5.893521e-03 train_mse=5.889706e-03 train_cos=0.995355 train_nmse=-20.373dB train_rec=2.188209e-06 train_recT=1.627366e-06 train_fc=0.000000e+00 train_decoder_tail=0.000000e+00
I 07.01/10:13:28 train_mapper.py:622 ] epoch=0155 train_loss=5.889727e-03 train_mse=5.885918e-03 train_cos=0.995355 train_nmse=-20.376dB train_rec=2.185486e-06 train_recT=1.624139e-06 train_fc=0.000000e+00 train_decoder_tail=0.000000e+00
I 07.01/10:14:49 train_mapper.py:622 ] epoch=0156 train_loss=5.886528e-03 train_mse=5.882710e-03 train_cos=0.995359 train_nmse=-20.378dB train_rec=2.189935e-06 train_recT=1.628438e-06 train_fc=0.000000e+00 train_decoder_tail=0.000000e+00
I 07.01/10:15:45 train_mapper.py:622 ] epoch=0157 train_loss=5.828770e-03 train_mse=5.824999e-03 train_cos=0.995404 train_nmse=-20.421dB train_rec=2.166133e-06 train_recT=1.605425e-06 train_fc=0.000000e+00 train_decoder_tail=0.000000e+00
I 07.01/10:16:31 train_mapper.py:622 ] epoch=0158 train_loss=5.822973e-03 train_mse=5.819200e-03 train_cos=0.995407 train_nmse=-20.425dB train_rec=2.167007e-06 train_recT=1.605551e-06 train_fc=0.000000e+00 train_decoder_tail=0.000000e+00
I 07.01/10:17:22 train_mapper.py:622 ] epoch=0159 train_loss=5.811101e-03 train_mse=5.807326e-03 train_cos=0.995419 train_nmse=-20.434dB train_rec=2.168213e-06 train_recT=1.607099e-06 train_fc=0.000000e+00 train_decoder_tail=0.000000e+00
I 07.01/10:18:14 train_mapper.py:622 ] epoch=0160 train_loss=5.814963e-03 train_mse=5.811187e-03 train_cos=0.995416 train_nmse=-20.431dB train_rec=2.168692e-06 train_recT=1.607617e-06 train_fc=0.000000e+00 train_decoder_tail=0.000000e+00
I 07.01/10:19:06 train_mapper.py:622 ] epoch=0161 train_loss=5.768278e-03 train_mse=5.764527e-03 train_cos=0.995453 train_nmse=-20.466dB train_rec=2.156012e-06 train_recT=1.594961e-06 train_fc=0.000000e+00 train_decoder_tail=0.000000e+00
I 07.01/10:19:56 train_mapper.py:622 ] epoch=0162 train_loss=5.759153e-03 train_mse=5.755411e-03 train_cos=0.995461 train_nmse=-20.473dB train_rec=2.151647e-06 train_recT=1.590233e-06 train_fc=0.000000e+00 train_decoder_tail=0.000000e+00
I 07.01/10:20:50 train_mapper.py:622 ] epoch=0163 train_loss=5.732243e-03 train_mse=5.728517e-03 train_cos=0.995480 train_nmse=-20.494dB train_rec=2.143524e-06 train_recT=1.582554e-06 train_fc=0.000000e+00 train_decoder_tail=0.000000e+00
I 07.01/10:21:43 train_mapper.py:622 ] epoch=0164 train_loss=5.734355e-03 train_mse=5.730629e-03 train_cos=0.995481 train_nmse=-20.492dB train_rec=2.143396e-06 train_recT=1.582610e-06 train_fc=0.000000e+00 train_decoder_tail=0.000000e+00
I 07.01/10:22:36 train_mapper.py:622 ] epoch=0165 train_loss=5.721917e-03 train_mse=5.718196e-03 train_cos=0.995490 train_nmse=-20.501dB train_rec=2.141172e-06 train_recT=1.580255e-06 train_fc=0.000000e+00 train_decoder_tail=0.000000e+00
I 07.01/10:23:28 train_mapper.py:622 ] epoch=0166 train_loss=5.675235e-03 train_mse=5.671537e-03 train_cos=0.995527 train_nmse=-20.537dB train_rec=2.129693e-06 train_recT=1.568689e-06 train_fc=0.000000e+00 train_decoder_tail=0.000000e+00
I 07.01/10:24:20 train_mapper.py:622 ] epoch=0167 train_loss=5.653497e-03 train_mse=5.649816e-03 train_cos=0.995543 train_nmse=-20.554dB train_rec=2.121102e-06 train_recT=1.559965e-06 train_fc=0.000000e+00 train_decoder_tail=0.000000e+00
I 07.01/10:25:13 train_mapper.py:622 ] epoch=0168 train_loss=5.614288e-03 train_mse=5.610644e-03 train_cos=0.995572 train_nmse=-20.584dB train_rec=2.101868e-06 train_recT=1.541291e-06 train_fc=0.000000e+00 train_decoder_tail=0.000000e+00
I 07.01/10:26:01 train_mapper.py:622 ] epoch=0169 train_loss=5.590910e-03 train_mse=5.587286e-03 train_cos=0.995591 train_nmse=-20.602dB train_rec=2.092684e-06 train_recT=1.531288e-06 train_fc=0.000000e+00 train_decoder_tail=0.000000e+00
I 07.01/10:26:48 train_mapper.py:622 ] epoch=0170 train_loss=5.563373e-03 train_mse=5.559761e-03 train_cos=0.995613 train_nmse=-20.623dB train_rec=2.085892e-06 train_recT=1.525372e-06 train_fc=0.000000e+00 train_decoder_tail=0.000000e+00
I 07.01/10:27:31 train_mapper.py:622 ] epoch=0171 train_loss=5.579295e-03 train_mse=5.575662e-03 train_cos=0.995600 train_nmse=-20.611dB train_rec=2.096488e-06 train_recT=1.535670e-06 train_fc=0.000000e+00 train_decoder_tail=0.000000e+00
I 07.01/10:28:44 train_mapper.py:622 ] epoch=0172 train_loss=5.577393e-03 train_mse=5.573751e-03 train_cos=0.995606 train_nmse=-20.613dB train_rec=2.101663e-06 train_recT=1.540360e-06 train_fc=0.000000e+00 train_decoder_tail=0.000000e+00
I 07.01/10:29:46 train_mapper.py:622 ] epoch=0173 train_loss=5.568359e-03 train_mse=5.564724e-03 train_cos=0.995612 train_nmse=-20.619dB train_rec=2.097858e-06 train_recT=1.537082e-06 train_fc=0.000000e+00 train_decoder_tail=0.000000e+00
I 07.01/10:30:49 train_mapper.py:622 ] epoch=0174 train_loss=5.539282e-03 train_mse=5.535667e-03 train_cos=0.995636 train_nmse=-20.642dB train_rec=2.087887e-06 train_recT=1.527058e-06 train_fc=0.000000e+00 train_decoder_tail=0.000000e+00
I 07.01/10:31:36 train_mapper.py:622 ] epoch=0175 train_loss=5.509962e-03 train_mse=5.506360e-03 train_cos=0.995661 train_nmse=-20.665dB train_rec=2.081184e-06 train_recT=1.520117e-06 train_fc=0.000000e+00 train_decoder_tail=0.000000e+00
I 07.01/10:32:25 train_mapper.py:622 ] epoch=0176 train_loss=5.501517e-03 train_mse=5.497907e-03 train_cos=0.995666 train_nmse=-20.672dB train_rec=2.085451e-06 train_recT=1.524127e-06 train_fc=0.000000e+00 train_decoder_tail=0.000000e+00
I 07.01/10:33:15 train_mapper.py:622 ] epoch=0177 train_loss=5.495930e-03 train_mse=5.492325e-03 train_cos=0.995671 train_nmse=-20.676dB train_rec=2.083033e-06 train_recT=1.522125e-06 train_fc=0.000000e+00 train_decoder_tail=0.000000e+00
I 07.01/10:34:08 train_mapper.py:622 ] epoch=0178 train_loss=5.454226e-03 train_mse=5.450655e-03 train_cos=0.995703 train_nmse=-20.709dB train_rec=2.066081e-06 train_recT=1.505492e-06 train_fc=0.000000e+00 train_decoder_tail=0.000000e+00
I 07.01/10:34:54 train_mapper.py:622 ] epoch=0179 train_loss=5.465899e-03 train_mse=5.462331e-03 train_cos=0.995693 train_nmse=-20.700dB train_rec=2.064830e-06 train_recT=1.503649e-06 train_fc=0.000000e+00 train_decoder_tail=0.000000e+00
I 07.01/10:35:36 train_mapper.py:622 ] epoch=0180 train_loss=5.442484e-03 train_mse=5.438935e-03 train_cos=0.995711 train_nmse=-20.719dB train_rec=2.054937e-06 train_recT=1.494129e-06 train_fc=0.000000e+00 train_decoder_tail=0.000000e+00
I 07.01/10:36:20 train_mapper.py:622 ] epoch=0181 train_loss=5.409727e-03 train_mse=5.406189e-03 train_cos=0.995738 train_nmse=-20.745dB train_rec=2.049845e-06 train_recT=1.488786e-06 train_fc=0.000000e+00 train_decoder_tail=0.000000e+00
I 07.01/10:37:15 train_mapper.py:622 ] epoch=0182 train_loss=5.384187e-03 train_mse=5.380661e-03 train_cos=0.995759 train_nmse=-20.766dB train_rec=2.043073e-06 train_recT=1.482285e-06 train_fc=0.000000e+00 train_decoder_tail=0.000000e+00
I 07.01/10:38:09 train_mapper.py:622 ] epoch=0183 train_loss=5.371034e-03 train_mse=5.367517e-03 train_cos=0.995768 train_nmse=-20.776dB train_rec=2.038932e-06 train_recT=1.478062e-06 train_fc=0.000000e+00 train_decoder_tail=0.000000e+00
I 07.01/10:38:58 train_mapper.py:622 ] epoch=0184 train_loss=5.376594e-03 train_mse=5.373077e-03 train_cos=0.995762 train_nmse=-20.772dB train_rec=2.039128e-06 train_recT=1.478600e-06 train_fc=0.000000e+00 train_decoder_tail=0.000000e+00
I 07.01/10:39:48 train_mapper.py:622 ] epoch=0185 train_loss=5.344591e-03 train_mse=5.341095e-03 train_cos=0.995788 train_nmse=-20.797dB train_rec=2.028271e-06 train_recT=1.467230e-06 train_fc=0.000000e+00 train_decoder_tail=0.000000e+00
I 07.01/10:40:36 train_mapper.py:622 ] epoch=0186 train_loss=5.332555e-03 train_mse=5.329067e-03 train_cos=0.995797 train_nmse=-20.808dB train_rec=2.024718e-06 train_recT=1.464071e-06 train_fc=0.000000e+00 train_decoder_tail=0.000000e+00
I 07.01/10:41:25 train_mapper.py:622 ] epoch=0187 train_loss=5.309154e-03 train_mse=5.305665e-03 train_cos=0.995817 train_nmse=-20.826dB train_rec=2.024650e-06 train_recT=1.463807e-06 train_fc=0.000000e+00 train_decoder_tail=0.000000e+00
I 07.01/10:42:12 train_mapper.py:622 ] epoch=0188 train_loss=5.311530e-03 train_mse=5.308041e-03 train_cos=0.995817 train_nmse=-20.825dB train_rec=2.025106e-06 train_recT=1.463988e-06 train_fc=0.000000e+00 train_decoder_tail=0.000000e+00
I 07.01/10:42:57 train_mapper.py:622 ] epoch=0189 train_loss=5.303007e-03 train_mse=5.299531e-03 train_cos=0.995824 train_nmse=-20.831dB train_rec=2.018145e-06 train_recT=1.457241e-06 train_fc=0.000000e+00 train_decoder_tail=0.000000e+00
I 07.01/10:43:45 train_mapper.py:622 ] epoch=0190 train_loss=5.295313e-03 train_mse=5.291843e-03 train_cos=0.995830 train_nmse=-20.838dB train_rec=2.015518e-06 train_recT=1.454775e-06 train_fc=0.000000e+00 train_decoder_tail=0.000000e+00
I 07.01/10:44:36 train_mapper.py:622 ] epoch=0191 train_loss=5.264275e-03 train_mse=5.260810e-03 train_cos=0.995855 train_nmse=-20.863dB train_rec=2.013058e-06 train_recT=1.451943e-06 train_fc=0.000000e+00 train_decoder_tail=0.000000e+00
I 07.01/10:45:57 train_mapper.py:622 ] epoch=0192 train_loss=5.248110e-03 train_mse=5.244661e-03 train_cos=0.995866 train_nmse=-20.877dB train_rec=2.005120e-06 train_recT=1.444391e-06 train_fc=0.000000e+00 train_decoder_tail=0.000000e+00
I 07.01/10:47:07 train_mapper.py:622 ] epoch=0193 train_loss=5.226079e-03 train_mse=5.222649e-03 train_cos=0.995884 train_nmse=-20.895dB train_rec=1.995068e-06 train_recT=1.434264e-06 train_fc=0.000000e+00 train_decoder_tail=0.000000e+00
I 07.01/10:48:14 train_mapper.py:622 ] epoch=0194 train_loss=5.217507e-03 train_mse=5.214070e-03 train_cos=0.995890 train_nmse=-20.902dB train_rec=1.999102e-06 train_recT=1.438036e-06 train_fc=0.000000e+00 train_decoder_tail=0.000000e+00
I 07.01/10:49:06 train_mapper.py:622 ] epoch=0195 train_loss=5.186940e-03 train_mse=5.183527e-03 train_cos=0.995917 train_nmse=-20.928dB train_rec=1.986934e-06 train_recT=1.425935e-06 train_fc=0.000000e+00 train_decoder_tail=0.000000e+00
I 07.01/10:49:46 train_mapper.py:622 ] epoch=0196 train_loss=5.166007e-03 train_mse=5.162609e-03 train_cos=0.995931 train_nmse=-20.945dB train_rec=1.979530e-06 train_recT=1.418486e-06 train_fc=0.000000e+00 train_decoder_tail=0.000000e+00
I 07.01/10:50:34 train_mapper.py:622 ] epoch=0197 train_loss=5.171824e-03 train_mse=5.168426e-03 train_cos=0.995926 train_nmse=-20.940dB train_rec=1.979308e-06 train_recT=1.418479e-06 train_fc=0.000000e+00 train_decoder_tail=0.000000e+00
I 07.01/10:51:33 train_mapper.py:622 ] epoch=0198 train_loss=5.183313e-03 train_mse=5.179897e-03 train_cos=0.995918 train_nmse=-20.931dB train_rec=1.988241e-06 train_recT=1.428066e-06 train_fc=0.000000e+00 train_decoder_tail=0.000000e+00
I 07.01/10:52:52 train_mapper.py:622 ] epoch=0199 train_loss=5.147702e-03 train_mse=5.144315e-03 train_cos=0.995947 train_nmse=-20.961dB train_rec=1.974188e-06 train_recT=1.413125e-06 train_fc=0.000000e+00 train_decoder_tail=0.000000e+00
I 07.01/10:54:07 train_mapper.py:622 ] epoch=0200 train_loss=5.138056e-03 train_mse=5.134660e-03 train_cos=0.995956 train_nmse=-20.969dB train_rec=1.978442e-06 train_recT=1.417474e-06 train_fc=0.000000e+00 train_decoder_tail=0.000000e+00
I 07.01/10:55:10 train_mapper.py:622 ] epoch=0201 train_loss=5.103126e-03 train_mse=5.099765e-03 train_cos=0.995984 train_nmse=-20.998dB train_rec=1.960695e-06 train_recT=1.399620e-06 train_fc=0.000000e+00 train_decoder_tail=0.000000e+00
I 07.01/10:56:13 train_mapper.py:622 ] epoch=0202 train_loss=5.111797e-03 train_mse=5.108436e-03 train_cos=0.995976 train_nmse=-20.991dB train_rec=1.961004e-06 train_recT=1.400467e-06 train_fc=0.000000e+00 train_decoder_tail=0.000000e+00
I 07.01/10:57:03 train_mapper.py:622 ] epoch=0203 train_loss=5.099580e-03 train_mse=5.096207e-03 train_cos=0.995986 train_nmse=-21.001dB train_rec=1.967404e-06 train_recT=1.406147e-06 train_fc=0.000000e+00 train_decoder_tail=0.000000e+00
I 07.01/10:58:07 train_mapper.py:622 ] epoch=0204 train_loss=5.093831e-03 train_mse=5.090461e-03 train_cos=0.995992 train_nmse=-21.006dB train_rec=1.965059e-06 train_recT=1.404477e-06 train_fc=0.000000e+00 train_decoder_tail=0.000000e+00
I 07.01/10:58:55 train_mapper.py:622 ] epoch=0205 train_loss=5.054202e-03 train_mse=5.050873e-03 train_cos=0.996023 train_nmse=-21.040dB train_rec=1.945060e-06 train_recT=1.384304e-06 train_fc=0.000000e+00 train_decoder_tail=0.000000e+00
I 07.01/10:59:39 train_mapper.py:622 ] epoch=0206 train_loss=5.056778e-03 train_mse=5.053450e-03 train_cos=0.996021 train_nmse=-21.038dB train_rec=1.943785e-06 train_recT=1.383805e-06 train_fc=0.000000e+00 train_decoder_tail=0.000000e+00
I 07.01/11:00:42 train_mapper.py:622 ] epoch=0207 train_loss=5.040577e-03 train_mse=5.037251e-03 train_cos=0.996035 train_nmse=-21.052dB train_rec=1.943203e-06 train_recT=1.382507e-06 train_fc=0.000000e+00 train_decoder_tail=0.000000e+00
I 07.01/11:02:05 train_mapper.py:622 ] epoch=0208 train_loss=5.035410e-03 train_mse=5.032081e-03 train_cos=0.996037 train_nmse=-21.056dB train_rec=1.944970e-06 train_recT=1.383936e-06 train_fc=0.000000e+00 train_decoder_tail=0.000000e+00
I 07.01/11:03:10 train_mapper.py:622 ] epoch=0209 train_loss=5.015012e-03 train_mse=5.011701e-03 train_cos=0.996055 train_nmse=-21.074dB train_rec=1.936145e-06 train_recT=1.375306e-06 train_fc=0.000000e+00 train_decoder_tail=0.000000e+00
I 07.01/11:03:57 train_mapper.py:622 ] epoch=0210 train_loss=4.994650e-03 train_mse=4.991342e-03 train_cos=0.996071 train_nmse=-21.092dB train_rec=1.934271e-06 train_recT=1.373853e-06 train_fc=0.000000e+00 train_decoder_tail=0.000000e+00
I 07.01/11:05:01 train_mapper.py:622 ] epoch=0211 train_loss=4.964806e-03 train_mse=4.961527e-03 train_cos=0.996094 train_nmse=-21.117dB train_rec=1.919932e-06 train_recT=1.359352e-06 train_fc=0.000000e+00 train_decoder_tail=0.000000e+00
I 07.01/11:05:57 train_mapper.py:622 ] epoch=0212 train_loss=4.966957e-03 train_mse=4.963671e-03 train_cos=0.996091 train_nmse=-21.116dB train_rec=1.923467e-06 train_recT=1.362692e-06 train_fc=0.000000e+00 train_decoder_tail=0.000000e+00
I 07.01/11:07:13 train_mapper.py:622 ] epoch=0213 train_loss=4.964536e-03 train_mse=4.961259e-03 train_cos=0.996095 train_nmse=-21.118dB train_rec=1.918911e-06 train_recT=1.358197e-06 train_fc=0.000000e+00 train_decoder_tail=0.000000e+00
I 07.01/11:08:25 train_mapper.py:622 ] epoch=0214 train_loss=4.946748e-03 train_mse=4.943479e-03 train_cos=0.996109 train_nmse=-21.134dB train_rec=1.914717e-06 train_recT=1.353870e-06 train_fc=0.000000e+00 train_decoder_tail=0.000000e+00
I 07.01/11:09:25 train_mapper.py:622 ] epoch=0215 train_loss=4.944327e-03 train_mse=4.941055e-03 train_cos=0.996112 train_nmse=-21.136dB train_rec=1.916550e-06 train_recT=1.355720e-06 train_fc=0.000000e+00 train_decoder_tail=0.000000e+00
I 07.01/11:10:08 train_mapper.py:622 ] epoch=0216 train_loss=4.914442e-03 train_mse=4.911190e-03 train_cos=0.996135 train_nmse=-21.162dB train_rec=1.906353e-06 train_recT=1.345525e-06 train_fc=0.000000e+00 train_decoder_tail=0.000000e+00
I 07.01/11:10:58 train_mapper.py:622 ] epoch=0217 train_loss=4.907559e-03 train_mse=4.904302e-03 train_cos=0.996140 train_nmse=-21.168dB train_rec=1.909026e-06 train_recT=1.348534e-06 train_fc=0.000000e+00 train_decoder_tail=0.000000e+00
I 07.01/11:11:48 train_mapper.py:622 ] epoch=0218 train_loss=4.893213e-03 train_mse=4.889973e-03 train_cos=0.996152 train_nmse=-21.181dB train_rec=1.900399e-06 train_recT=1.339739e-06 train_fc=0.000000e+00 train_decoder_tail=0.000000e+00
I 07.01/11:12:41 train_mapper.py:622 ] epoch=0219 train_loss=4.895633e-03 train_mse=4.892385e-03 train_cos=0.996152 train_nmse=-21.179dB train_rec=1.904434e-06 train_recT=1.343897e-06 train_fc=0.000000e+00 train_decoder_tail=0.000000e+00
I 07.01/11:13:33 train_mapper.py:622 ] epoch=0220 train_loss=4.899944e-03 train_mse=4.896681e-03 train_cos=0.996150 train_nmse=-21.175dB train_rec=1.912254e-06 train_recT=1.351179e-06 train_fc=0.000000e+00 train_decoder_tail=0.000000e+00
I 07.01/11:14:19 train_mapper.py:622 ] epoch=0221 train_loss=4.881747e-03 train_mse=4.878500e-03 train_cos=0.996166 train_nmse=-21.191dB train_rec=1.903713e-06 train_recT=1.342982e-06 train_fc=0.000000e+00 train_decoder_tail=0.000000e+00
I 07.01/11:15:07 train_mapper.py:622 ] epoch=0222 train_loss=4.856713e-03 train_mse=4.853488e-03 train_cos=0.996184 train_nmse=-21.213dB train_rec=1.892451e-06 train_recT=1.331792e-06 train_fc=0.000000e+00 train_decoder_tail=0.000000e+00
I 07.01/11:15:51 train_mapper.py:622 ] epoch=0223 train_loss=4.827203e-03 train_mse=4.824003e-03 train_cos=0.996206 train_nmse=-21.240dB train_rec=1.880445e-06 train_recT=1.319558e-06 train_fc=0.000000e+00 train_decoder_tail=0.000000e+00
I 07.01/11:16:36 train_mapper.py:622 ] epoch=0224 train_loss=4.830502e-03 train_mse=4.827304e-03 train_cos=0.996204 train_nmse=-21.237dB train_rec=1.879188e-06 train_recT=1.318902e-06 train_fc=0.000000e+00 train_decoder_tail=0.000000e+00
I 07.01/11:17:33 train_mapper.py:622 ] epoch=0225 train_loss=4.800815e-03 train_mse=4.797620e-03 train_cos=0.996228 train_nmse=-21.264dB train_rec=1.877657e-06 train_recT=1.316787e-06 train_fc=0.000000e+00 train_decoder_tail=0.000000e+00
I 07.01/11:18:26 train_mapper.py:622 ] epoch=0226 train_loss=4.772612e-03 train_mse=4.769433e-03 train_cos=0.996251 train_nmse=-21.289dB train_rec=1.870191e-06 train_recT=1.309279e-06 train_fc=0.000000e+00 train_decoder_tail=0.000000e+00
I 07.01/11:19:45 train_mapper.py:622 ] epoch=0227 train_loss=4.784813e-03 train_mse=4.781619e-03 train_cos=0.996245 train_nmse=-21.278dB train_rec=1.876976e-06 train_recT=1.316414e-06 train_fc=0.000000e+00 train_decoder_tail=0.000000e+00
I 07.01/11:20:44 train_mapper.py:622 ] epoch=0228 train_loss=4.767892e-03 train_mse=4.764712e-03 train_cos=0.996259 train_nmse=-21.294dB train_rec=1.870518e-06 train_recT=1.309915e-06 train_fc=0.000000e+00 train_decoder_tail=0.000000e+00
I 07.01/11:21:41 train_mapper.py:622 ] epoch=0229 train_loss=4.755103e-03 train_mse=4.751931e-03 train_cos=0.996270 train_nmse=-21.305dB train_rec=1.866140e-06 train_recT=1.305534e-06 train_fc=0.000000e+00 train_decoder_tail=0.000000e+00
I 07.01/11:22:38 train_mapper.py:622 ] epoch=0230 train_loss=4.748533e-03 train_mse=4.745362e-03 train_cos=0.996274 train_nmse=-21.311dB train_rec=1.865744e-06 train_recT=1.305141e-06 train_fc=0.000000e+00 train_decoder_tail=0.000000e+00
I 07.01/11:23:36 train_mapper.py:622 ] epoch=0231 train_loss=4.747681e-03 train_mse=4.744515e-03 train_cos=0.996278 train_nmse=-21.312dB train_rec=1.863134e-06 train_recT=1.303040e-06 train_fc=0.000000e+00 train_decoder_tail=0.000000e+00
I 07.01/11:24:39 train_mapper.py:622 ] epoch=0232 train_loss=4.712261e-03 train_mse=4.709117e-03 train_cos=0.996307 train_nmse=-21.345dB train_rec=1.852009e-06 train_recT=1.291188e-06 train_fc=0.000000e+00 train_decoder_tail=0.000000e+00
I 07.01/11:25:36 train_mapper.py:622 ] epoch=0233 train_loss=4.699481e-03 train_mse=4.696347e-03 train_cos=0.996318 train_nmse=-21.356dB train_rec=1.847072e-06 train_recT=1.286465e-06 train_fc=0.000000e+00 train_decoder_tail=0.000000e+00
I 07.01/11:26:33 train_mapper.py:622 ] epoch=0234 train_loss=4.685332e-03 train_mse=4.682208e-03 train_cos=0.996330 train_nmse=-21.369dB train_rec=1.842209e-06 train_recT=1.281898e-06 train_fc=0.000000e+00 train_decoder_tail=0.000000e+00
I 07.01/11:27:25 train_mapper.py:622 ] epoch=0235 train_loss=4.652693e-03 train_mse=4.649585e-03 train_cos=0.996361 train_nmse=-21.400dB train_rec=1.834382e-06 train_recT=1.274003e-06 train_fc=0.000000e+00 train_decoder_tail=0.000000e+00
I 07.01/11:28:20 train_mapper.py:622 ] epoch=0236 train_loss=4.662618e-03 train_mse=4.659492e-03 train_cos=0.996356 train_nmse=-21.391dB train_rec=1.843477e-06 train_recT=1.283155e-06 train_fc=0.000000e+00 train_decoder_tail=0.000000e+00
I 07.01/11:29:35 train_mapper.py:622 ] epoch=0237 train_loss=4.678696e-03 train_mse=4.675560e-03 train_cos=0.996346 train_nmse=-21.376dB train_rec=1.847802e-06 train_recT=1.287510e-06 train_fc=0.000000e+00 train_decoder_tail=0.000000e+00
I 07.01/11:30:52 train_mapper.py:622 ] epoch=0238 train_loss=4.623049e-03 train_mse=4.619954e-03 train_cos=0.996391 train_nmse=-21.427dB train_rec=1.827705e-06 train_recT=1.267524e-06 train_fc=0.000000e+00 train_decoder_tail=0.000000e+00
I 07.01/11:31:52 train_mapper.py:622 ] epoch=0239 train_loss=4.621696e-03 train_mse=4.618605e-03 train_cos=0.996391 train_nmse=-21.429dB train_rec=1.825801e-06 train_recT=1.265414e-06 train_fc=0.000000e+00 train_decoder_tail=0.000000e+00
I 07.01/11:32:49 train_mapper.py:622 ] epoch=0240 train_loss=4.597306e-03 train_mse=4.594225e-03 train_cos=0.996412 train_nmse=-21.452dB train_rec=1.820630e-06 train_recT=1.260676e-06 train_fc=0.000000e+00 train_decoder_tail=0.000000e+00
I 07.01/11:33:48 train_mapper.py:622 ] epoch=0241 train_loss=4.566802e-03 train_mse=4.563736e-03 train_cos=0.996440 train_nmse=-21.481dB train_rec=1.812701e-06 train_recT=1.253188e-06 train_fc=0.000000e+00 train_decoder_tail=0.000000e+00
I 07.01/11:34:41 train_mapper.py:622 ] epoch=0242 train_loss=4.558743e-03 train_mse=4.555688e-03 train_cos=0.996445 train_nmse=-21.488dB train_rec=1.807060e-06 train_recT=1.247097e-06 train_fc=0.000000e+00 train_decoder_tail=0.000000e+00
I 07.01/11:35:36 train_mapper.py:622 ] epoch=0243 train_loss=4.553565e-03 train_mse=4.550498e-03 train_cos=0.996449 train_nmse=-21.493dB train_rec=1.812803e-06 train_recT=1.253212e-06 train_fc=0.000000e+00 train_decoder_tail=0.000000e+00
I 07.01/11:36:49 train_mapper.py:622 ] epoch=0244 train_loss=4.526274e-03 train_mse=4.523247e-03 train_cos=0.996471 train_nmse=-21.519dB train_rec=1.793801e-06 train_recT=1.233460e-06 train_fc=0.000000e+00 train_decoder_tail=0.000000e+00
I 07.01/11:37:33 train_mapper.py:622 ] epoch=0245 train_loss=4.509531e-03 train_mse=4.506507e-03 train_cos=0.996485 train_nmse=-21.535dB train_rec=1.791227e-06 train_recT=1.232231e-06 train_fc=0.000000e+00 train_decoder_tail=0.000000e+00
I 07.01/11:38:16 train_mapper.py:622 ] epoch=0246 train_loss=4.492105e-03 train_mse=4.489094e-03 train_cos=0.996499 train_nmse=-21.552dB train_rec=1.785058e-06 train_recT=1.225198e-06 train_fc=0.000000e+00 train_decoder_tail=0.000000e+00
I 07.01/11:39:22 train_mapper.py:622 ] epoch=0247 train_loss=4.496972e-03 train_mse=4.493958e-03 train_cos=0.996496 train_nmse=-21.548dB train_rec=1.786375e-06 train_recT=1.226986e-06 train_fc=0.000000e+00 train_decoder_tail=0.000000e+00
I 07.01/11:40:17 train_mapper.py:622 ] epoch=0248 train_loss=4.438934e-03 train_mse=4.435968e-03 train_cos=0.996542 train_nmse=-21.604dB train_rec=1.763035e-06 train_recT=1.203367e-06 train_fc=0.000000e+00 train_decoder_tail=0.000000e+00
I 07.01/11:40:57 train_mapper.py:622 ] epoch=0249 train_loss=4.446620e-03 train_mse=4.443656e-03 train_cos=0.996533 train_nmse=-21.597dB train_rec=1.761921e-06 train_recT=1.202745e-06 train_fc=0.000000e+00 train_decoder_tail=0.000000e+00
I 07.01/11:41:44 train_mapper.py:622 ] epoch=0250 train_loss=4.430210e-03 train_mse=4.427246e-03 train_cos=0.996549 train_nmse=-21.613dB train_rec=1.761620e-06 train_recT=1.202256e-06 train_fc=0.000000e+00 train_decoder_tail=0.000000e+00
I 07.01/11:42:49 train_mapper.py:622 ] epoch=0251 train_loss=4.431566e-03 train_mse=4.428602e-03 train_cos=0.996547 train_nmse=-21.612dB train_rec=1.761196e-06 train_recT=1.202060e-06 train_fc=0.000000e+00 train_decoder_tail=0.000000e+00
I 07.01/11:44:07 train_mapper.py:622 ] epoch=0252 train_loss=4.421495e-03 train_mse=4.418537e-03 train_cos=0.996556 train_nmse=-21.621dB train_rec=1.758992e-06 train_recT=1.199711e-06 train_fc=0.000000e+00 train_decoder_tail=0.000000e+00
I 07.01/11:45:08 train_mapper.py:622 ] epoch=0253 train_loss=4.414555e-03 train_mse=4.411603e-03 train_cos=0.996558 train_nmse=-21.628dB train_rec=1.755636e-06 train_recT=1.196637e-06 train_fc=0.000000e+00 train_decoder_tail=0.000000e+00
I 07.01/11:45:57 train_mapper.py:622 ] epoch=0254 train_loss=4.395484e-03 train_mse=4.392555e-03 train_cos=0.996575 train_nmse=-21.647dB train_rec=1.743777e-06 train_recT=1.184772e-06 train_fc=0.000000e+00 train_decoder_tail=0.000000e+00
I 07.01/11:46:45 train_mapper.py:622 ] epoch=0255 train_loss=4.362928e-03 train_mse=4.360009e-03 train_cos=0.996602 train_nmse=-21.679dB train_rec=1.738959e-06 train_recT=1.179702e-06 train_fc=0.000000e+00 train_decoder_tail=0.000000e+00
I 07.01/11:47:47 train_mapper.py:622 ] epoch=0256 train_loss=4.360465e-03 train_mse=4.357551e-03 train_cos=0.996600 train_nmse=-21.681dB train_rec=1.736579e-06 train_recT=1.177511e-06 train_fc=0.000000e+00 train_decoder_tail=0.000000e+00
I 07.01/11:48:53 train_mapper.py:622 ] epoch=0257 train_loss=4.331347e-03 train_mse=4.328449e-03 train_cos=0.996625 train_nmse=-21.710dB train_rec=1.728860e-06 train_recT=1.169881e-06 train_fc=0.000000e+00 train_decoder_tail=0.000000e+00
I 07.01/11:49:50 train_mapper.py:622 ] epoch=0258 train_loss=4.329964e-03 train_mse=4.327064e-03 train_cos=0.996624 train_nmse=-21.712dB train_rec=1.729866e-06 train_recT=1.170584e-06 train_fc=0.000000e+00 train_decoder_tail=0.000000e+00
I 07.01/11:50:42 train_mapper.py:622 ] epoch=0259 train_loss=4.316303e-03 train_mse=4.313409e-03 train_cos=0.996636 train_nmse=-21.726dB train_rec=1.726411e-06 train_recT=1.168092e-06 train_fc=0.000000e+00 train_decoder_tail=0.000000e+00
I 07.01/11:51:30 train_mapper.py:622 ] epoch=0260 train_loss=4.314253e-03 train_mse=4.311365e-03 train_cos=0.996636 train_nmse=-21.728dB train_rec=1.723855e-06 train_recT=1.164382e-06 train_fc=0.000000e+00 train_decoder_tail=0.000000e+00
I 07.01/11:52:16 train_mapper.py:622 ] epoch=0261 train_loss=4.285402e-03 train_mse=4.282535e-03 train_cos=0.996659 train_nmse=-21.757dB train_rec=1.712820e-06 train_recT=1.154112e-06 train_fc=0.000000e+00 train_decoder_tail=0.000000e+00
I 07.01/11:53:05 train_mapper.py:622 ] epoch=0262 train_loss=4.295564e-03 train_mse=4.292691e-03 train_cos=0.996648 train_nmse=-21.747dB train_rec=1.715761e-06 train_recT=1.157057e-06 train_fc=0.000000e+00 train_decoder_tail=0.000000e+00
I 07.01/11:53:50 train_mapper.py:622 ] epoch=0263 train_loss=4.295208e-03 train_mse=4.292329e-03 train_cos=0.996652 train_nmse=-21.747dB train_rec=1.719012e-06 train_recT=1.159970e-06 train_fc=0.000000e+00 train_decoder_tail=0.000000e+00
I 07.01/11:54:40 train_mapper.py:622 ] epoch=0264 train_loss=4.261329e-03 train_mse=4.258490e-03 train_cos=0.996677 train_nmse=-21.781dB train_rec=1.698959e-06 train_recT=1.140195e-06 train_fc=0.000000e+00 train_decoder_tail=0.000000e+00
I 07.01/11:55:32 train_mapper.py:622 ] epoch=0265 train_loss=4.263711e-03 train_mse=4.260859e-03 train_cos=0.996673 train_nmse=-21.779dB train_rec=1.705292e-06 train_recT=1.146286e-06 train_fc=0.000000e+00 train_decoder_tail=0.000000e+00
I 07.01/11:56:22 train_mapper.py:622 ] epoch=0266 train_loss=4.244862e-03 train_mse=4.242020e-03 train_cos=0.996689 train_nmse=-21.798dB train_rec=1.700831e-06 train_recT=1.141901e-06 train_fc=0.000000e+00 train_decoder_tail=0.000000e+00
I 07.01/11:57:15 train_mapper.py:622 ] epoch=0267 train_loss=4.227062e-03 train_mse=4.224233e-03 train_cos=0.996703 train_nmse=-21.816dB train_rec=1.694262e-06 train_recT=1.135425e-06 train_fc=0.000000e+00 train_decoder_tail=0.000000e+00
I 07.01/11:58:13 train_mapper.py:622 ] epoch=0268 train_loss=4.213738e-03 train_mse=4.210914e-03 train_cos=0.996713 train_nmse=-21.830dB train_rec=1.691764e-06 train_recT=1.132658e-06 train_fc=0.000000e+00 train_decoder_tail=0.000000e+00
I 07.01/11:59:22 train_mapper.py:622 ] epoch=0269 train_loss=4.210593e-03 train_mse=4.207778e-03 train_cos=0.996714 train_nmse=-21.833dB train_rec=1.686997e-06 train_recT=1.128218e-06 train_fc=0.000000e+00 train_decoder_tail=0.000000e+00
I 07.01/12:00:35 train_mapper.py:622 ] epoch=0270 train_loss=4.201058e-03 train_mse=4.198246e-03 train_cos=0.996721 train_nmse=-21.843dB train_rec=1.685554e-06 train_recT=1.126851e-06 train_fc=0.000000e+00 train_decoder_tail=0.000000e+00
I 07.01/12:01:17 train_mapper.py:622 ] epoch=0271 train_loss=4.193314e-03 train_mse=4.190500e-03 train_cos=0.996729 train_nmse=-21.851dB train_rec=1.686331e-06 train_recT=1.127592e-06 train_fc=0.000000e+00 train_decoder_tail=0.000000e+00
I 07.01/12:02:05 train_mapper.py:622 ] epoch=0272 train_loss=4.186241e-03 train_mse=4.183447e-03 train_cos=0.996732 train_nmse=-21.859dB train_rec=1.676180e-06 train_recT=1.117518e-06 train_fc=0.000000e+00 train_decoder_tail=0.000000e+00
I 07.01/12:03:17 train_mapper.py:622 ] epoch=0273 train_loss=4.174263e-03 train_mse=4.171468e-03 train_cos=0.996743 train_nmse=-21.871dB train_rec=1.676426e-06 train_recT=1.117671e-06 train_fc=0.000000e+00 train_decoder_tail=0.000000e+00
I 07.01/12:04:16 train_mapper.py:622 ] epoch=0274 train_loss=4.167268e-03 train_mse=4.164481e-03 train_cos=0.996747 train_nmse=-21.878dB train_rec=1.672450e-06 train_recT=1.113837e-06 train_fc=0.000000e+00 train_decoder_tail=0.000000e+00
I 07.01/12:05:03 train_mapper.py:622 ] epoch=0275 train_loss=4.167093e-03 train_mse=4.164297e-03 train_cos=0.996748 train_nmse=-21.879dB train_rec=1.677257e-06 train_recT=1.118690e-06 train_fc=0.000000e+00 train_decoder_tail=0.000000e+00
I 07.01/12:06:13 train_mapper.py:622 ] epoch=0276 train_loss=4.157231e-03 train_mse=4.154442e-03 train_cos=0.996755 train_nmse=-21.889dB train_rec=1.673987e-06 train_recT=1.114805e-06 train_fc=0.000000e+00 train_decoder_tail=0.000000e+00
I 07.01/12:07:28 train_mapper.py:622 ] epoch=0277 train_loss=4.122454e-03 train_mse=4.119684e-03 train_cos=0.996784 train_nmse=-21.925dB train_rec=1.664041e-06 train_recT=1.105315e-06 train_fc=0.000000e+00 train_decoder_tail=0.000000e+00
I 07.01/12:08:43 train_mapper.py:622 ] epoch=0278 train_loss=4.111203e-03 train_mse=4.108443e-03 train_cos=0.996792 train_nmse=-21.937dB train_rec=1.659173e-06 train_recT=1.100577e-06 train_fc=0.000000e+00 train_decoder_tail=0.000000e+00
I 07.01/12:10:01 train_mapper.py:622 ] epoch=0279 train_loss=4.117960e-03 train_mse=4.115199e-03 train_cos=0.996784 train_nmse=-21.930dB train_rec=1.659259e-06 train_recT=1.100985e-06 train_fc=0.000000e+00 train_decoder_tail=0.000000e+00
I 07.01/12:11:10 train_mapper.py:622 ] epoch=0280 train_loss=4.107727e-03 train_mse=4.104969e-03 train_cos=0.996793 train_nmse=-21.941dB train_rec=1.658399e-06 train_recT=1.099382e-06 train_fc=0.000000e+00 train_decoder_tail=0.000000e+00
I 07.01/12:12:14 train_mapper.py:622 ] epoch=0281 train_loss=4.086594e-03 train_mse=4.083859e-03 train_cos=0.996810 train_nmse=-21.963dB train_rec=1.647062e-06 train_recT=1.088704e-06 train_fc=0.000000e+00 train_decoder_tail=0.000000e+00
I 07.01/12:13:15 train_mapper.py:622 ] epoch=0282 train_loss=4.091014e-03 train_mse=4.088266e-03 train_cos=0.996806 train_nmse=-21.959dB train_rec=1.653482e-06 train_recT=1.095027e-06 train_fc=0.000000e+00 train_decoder_tail=0.000000e+00
I 07.01/12:14:05 train_mapper.py:622 ] epoch=0283 train_loss=4.080609e-03 train_mse=4.077873e-03 train_cos=0.996813 train_nmse=-21.970dB train_rec=1.647102e-06 train_recT=1.088551e-06 train_fc=0.000000e+00 train_decoder_tail=0.000000e+00
I 07.01/12:15:14 train_mapper.py:622 ] epoch=0284 train_loss=4.066958e-03 train_mse=4.064229e-03 train_cos=0.996825 train_nmse=-21.984dB train_rec=1.644173e-06 train_recT=1.084892e-06 train_fc=0.000000e+00 train_decoder_tail=0.000000e+00
I 07.01/12:16:27 train_mapper.py:622 ] epoch=0285 train_loss=4.074967e-03 train_mse=4.072225e-03 train_cos=0.996817 train_nmse=-21.976dB train_rec=1.650244e-06 train_recT=1.091827e-06 train_fc=0.000000e+00 train_decoder_tail=0.000000e+00
I 07.01/12:17:15 train_mapper.py:622 ] epoch=0286 train_loss=4.052294e-03 train_mse=4.049559e-03 train_cos=0.996838 train_nmse=-22.000dB train_rec=1.646824e-06 train_recT=1.088172e-06 train_fc=0.000000e+00 train_decoder_tail=0.000000e+00
I 07.01/12:17:58 train_mapper.py:622 ] epoch=0287 train_loss=4.056820e-03 train_mse=4.054093e-03 train_cos=0.996834 train_nmse=-21.995dB train_rec=1.642687e-06 train_recT=1.084549e-06 train_fc=0.000000e+00 train_decoder_tail=0.000000e+00
I 07.01/12:18:36 train_mapper.py:622 ] epoch=0288 train_loss=4.031672e-03 train_mse=4.028955e-03 train_cos=0.996854 train_nmse=-22.022dB train_rec=1.637939e-06 train_recT=1.078999e-06 train_fc=0.000000e+00 train_decoder_tail=0.000000e+00
I 07.01/12:19:18 train_mapper.py:622 ] epoch=0289 train_loss=4.034021e-03 train_mse=4.031312e-03 train_cos=0.996849 train_nmse=-22.019dB train_rec=1.633888e-06 train_recT=1.075395e-06 train_fc=0.000000e+00 train_decoder_tail=0.000000e+00
I 07.01/12:20:19 train_mapper.py:622 ] epoch=0290 train_loss=4.023152e-03 train_mse=4.020441e-03 train_cos=0.996859 train_nmse=-22.031dB train_rec=1.634715e-06 train_recT=1.076205e-06 train_fc=0.000000e+00 train_decoder_tail=0.000000e+00
I 07.01/12:21:17 train_mapper.py:622 ] epoch=0291 train_loss=4.007920e-03 train_mse=4.005224e-03 train_cos=0.996872 train_nmse=-22.048dB train_rec=1.627553e-06 train_recT=1.069304e-06 train_fc=0.000000e+00 train_decoder_tail=0.000000e+00
I 07.01/12:21:58 train_mapper.py:622 ] epoch=0292 train_loss=4.004157e-03 train_mse=4.001464e-03 train_cos=0.996873 train_nmse=-22.052dB train_rec=1.625730e-06 train_recT=1.067034e-06 train_fc=0.000000e+00 train_decoder_tail=0.000000e+00
I 07.01/12:22:55 train_mapper.py:622 ] epoch=0293 train_loss=3.994463e-03 train_mse=3.991773e-03 train_cos=0.996881 train_nmse=-22.062dB train_rec=1.624528e-06 train_recT=1.066179e-06 train_fc=0.000000e+00 train_decoder_tail=0.000000e+00
I 07.01/12:23:38 train_mapper.py:622 ] epoch=0294 train_loss=4.000050e-03 train_mse=3.997356e-03 train_cos=0.996877 train_nmse=-22.056dB train_rec=1.626584e-06 train_recT=1.068195e-06 train_fc=0.000000e+00 train_decoder_tail=0.000000e+00
I 07.01/12:24:28 train_mapper.py:622 ] epoch=0295 train_loss=3.984442e-03 train_mse=3.981756e-03 train_cos=0.996891 train_nmse=-22.073dB train_rec=1.622469e-06 train_recT=1.064027e-06 train_fc=0.000000e+00 train_decoder_tail=0.000000e+00
I 07.01/12:25:09 train_mapper.py:622 ] epoch=0296 train_loss=3.974087e-03 train_mse=3.971406e-03 train_cos=0.996897 train_nmse=-22.084dB train_rec=1.619977e-06 train_recT=1.061366e-06 train_fc=0.000000e+00 train_decoder_tail=0.000000e+00
I 07.01/12:25:45 train_mapper.py:622 ] epoch=0297 train_loss=3.965516e-03 train_mse=3.962841e-03 train_cos=0.996903 train_nmse=-22.094dB train_rec=1.616542e-06 train_recT=1.058511e-06 train_fc=0.000000e+00 train_decoder_tail=0.000000e+00
I 07.01/12:26:22 train_mapper.py:622 ] epoch=0298 train_loss=3.962719e-03 train_mse=3.960049e-03 train_cos=0.996905 train_nmse=-22.097dB train_rec=1.614212e-06 train_recT=1.055803e-06 train_fc=0.000000e+00 train_decoder_tail=0.000000e+00
I 07.01/12:26:58 train_mapper.py:622 ] epoch=0299 train_loss=3.943386e-03 train_mse=3.940734e-03 train_cos=0.996920 train_nmse=-22.118dB train_rec=1.605151e-06 train_recT=1.046832e-06 train_fc=0.000000e+00 train_decoder_tail=0.000000e+00
I 07.01/12:27:47 train_mapper.py:622 ] epoch=0300 train_loss=3.923548e-03 train_mse=3.920900e-03 train_cos=0.996936 train_nmse=-22.140dB train_rec=1.603126e-06 train_recT=1.044258e-06 train_fc=0.000000e+00 train_decoder_tail=0.000000e+00
I 07.01/12:28:31 train_mapper.py:622 ] epoch=0301 train_loss=3.923263e-03 train_mse=3.920612e-03 train_cos=0.996936 train_nmse=-22.140dB train_rec=1.604105e-06 train_recT=1.046087e-06 train_fc=0.000000e+00 train_decoder_tail=0.000000e+00
I 07.01/12:29:13 train_mapper.py:622 ] epoch=0302 train_loss=3.923692e-03 train_mse=3.921042e-03 train_cos=0.996935 train_nmse=-22.140dB train_rec=1.604578e-06 train_recT=1.046153e-06 train_fc=0.000000e+00 train_decoder_tail=0.000000e+00
I 07.01/12:29:53 train_mapper.py:622 ] epoch=0303 train_loss=3.906766e-03 train_mse=3.904131e-03 train_cos=0.996948 train_nmse=-22.159dB train_rec=1.596828e-06 train_recT=1.038311e-06 train_fc=0.000000e+00 train_decoder_tail=0.000000e+00
I 07.01/12:30:34 train_mapper.py:622 ] epoch=0304 train_loss=3.900053e-03 train_mse=3.897423e-03 train_cos=0.996954 train_nmse=-22.166dB train_rec=1.593934e-06 train_recT=1.035828e-06 train_fc=0.000000e+00 train_decoder_tail=0.000000e+00
I 07.01/12:31:12 train_mapper.py:622 ] epoch=0305 train_loss=3.891326e-03 train_mse=3.888706e-03 train_cos=0.996961 train_nmse=-22.176dB train_rec=1.589098e-06 train_recT=1.031142e-06 train_fc=0.000000e+00 train_decoder_tail=0.000000e+00
I 07.01/12:31:47 train_mapper.py:622 ] epoch=0306 train_loss=3.904281e-03 train_mse=3.901634e-03 train_cos=0.996951 train_nmse=-22.161dB train_rec=1.602980e-06 train_recT=1.044200e-06 train_fc=0.000000e+00 train_decoder_tail=0.000000e+00
I 07.01/12:32:21 train_mapper.py:622 ] epoch=0307 train_loss=3.892147e-03 train_mse=3.889512e-03 train_cos=0.996961 train_nmse=-22.175dB train_rec=1.596492e-06 train_recT=1.038384e-06 train_fc=0.000000e+00 train_decoder_tail=0.000000e+00
I 07.01/12:32:55 train_mapper.py:622 ] epoch=0308 train_loss=3.886346e-03 train_mse=3.883709e-03 train_cos=0.996965 train_nmse=-22.181dB train_rec=1.597908e-06 train_recT=1.039401e-06 train_fc=0.000000e+00 train_decoder_tail=0.000000e+00
I 07.01/12:33:39 train_mapper.py:622 ] epoch=0309 train_loss=3.883079e-03 train_mse=3.880455e-03 train_cos=0.996969 train_nmse=-22.185dB train_rec=1.591576e-06 train_recT=1.032973e-06 train_fc=0.000000e+00 train_decoder_tail=0.000000e+00
I 07.01/12:34:34 train_mapper.py:622 ] epoch=0310 train_loss=3.850505e-03 train_mse=3.847901e-03 train_cos=0.996995 train_nmse=-22.222dB train_rec=1.581246e-06 train_recT=1.022845e-06 train_fc=0.000000e+00 train_decoder_tail=0.000000e+00
I 07.01/12:35:30 train_mapper.py:622 ] epoch=0311 train_loss=3.858045e-03 train_mse=3.855433e-03 train_cos=0.996987 train_nmse=-22.213dB train_rec=1.584981e-06 train_recT=1.026977e-06 train_fc=0.000000e+00 train_decoder_tail=0.000000e+00
I 07.01/12:36:13 train_mapper.py:622 ] epoch=0312 train_loss=3.844805e-03 train_mse=3.842205e-03 train_cos=0.996997 train_nmse=-22.228dB train_rec=1.579247e-06 train_recT=1.020988e-06 train_fc=0.000000e+00 train_decoder_tail=0.000000e+00
I 07.01/12:36:49 train_mapper.py:622 ] epoch=0313 train_loss=3.830360e-03 train_mse=3.827769e-03 train_cos=0.997008 train_nmse=-22.244dB train_rec=1.574637e-06 train_recT=1.016396e-06 train_fc=0.000000e+00 train_decoder_tail=0.000000e+00
I 07.01/12:37:15 train_mapper.py:622 ] epoch=0314 train_loss=3.853917e-03 train_mse=3.851306e-03 train_cos=0.996989 train_nmse=-22.218dB train_rec=1.584608e-06 train_recT=1.026050e-06 train_fc=0.000000e+00 train_decoder_tail=0.000000e+00
I 07.01/12:37:45 train_mapper.py:622 ] epoch=0315 train_loss=3.822208e-03 train_mse=3.819629e-03 train_cos=0.997015 train_nmse=-22.254dB train_rec=1.568711e-06 train_recT=1.010693e-06 train_fc=0.000000e+00 train_decoder_tail=0.000000e+00
I 07.01/12:38:31 train_mapper.py:622 ] epoch=0316 train_loss=3.837219e-03 train_mse=3.834622e-03 train_cos=0.997002 train_nmse=-22.237dB train_rec=1.578032e-06 train_recT=1.019428e-06 train_fc=0.000000e+00 train_decoder_tail=0.000000e+00
I 07.01/12:38:57 train_mapper.py:622 ] epoch=0317 train_loss=3.818585e-03 train_mse=3.815996e-03 train_cos=0.997019 train_nmse=-22.258dB train_rec=1.573487e-06 train_recT=1.015400e-06 train_fc=0.000000e+00 train_decoder_tail=0.000000e+00
I 07.01/12:39:28 train_mapper.py:622 ] epoch=0318 train_loss=3.819737e-03 train_mse=3.817136e-03 train_cos=0.997017 train_nmse=-22.256dB train_rec=1.579989e-06 train_recT=1.021412e-06 train_fc=0.000000e+00 train_decoder_tail=0.000000e+00
I 07.01/12:40:11 train_mapper.py:622 ] epoch=0319 train_loss=3.791219e-03 train_mse=3.788639e-03 train_cos=0.997040 train_nmse=-22.289dB train_rec=1.569052e-06 train_recT=1.010824e-06 train_fc=0.000000e+00 train_decoder_tail=0.000000e+00
I 07.01/12:40:58 train_mapper.py:622 ] epoch=0320 train_loss=3.787551e-03 train_mse=3.784986e-03 train_cos=0.997041 train_nmse=-22.293dB train_rec=1.561530e-06 train_recT=1.003507e-06 train_fc=0.000000e+00 train_decoder_tail=0.000000e+00
I 07.01/12:41:49 train_mapper.py:622 ] epoch=0321 train_loss=3.769977e-03 train_mse=3.767421e-03 train_cos=0.997056 train_nmse=-22.313dB train_rec=1.557518e-06 train_recT=9.992711e-07 train_fc=0.000000e+00 train_decoder_tail=0.000000e+00
I 07.01/12:42:27 train_mapper.py:622 ] epoch=0322 train_loss=3.762114e-03 train_mse=3.759562e-03 train_cos=0.997061 train_nmse=-22.323dB train_rec=1.555038e-06 train_recT=9.970944e-07 train_fc=0.000000e+00 train_decoder_tail=0.000000e+00
I 07.01/12:43:08 train_mapper.py:622 ] epoch=0323 train_loss=3.773305e-03 train_mse=3.770736e-03 train_cos=0.997053 train_nmse=-22.310dB train_rec=1.563791e-06 train_recT=1.005584e-06 train_fc=0.000000e+00 train_decoder_tail=0.000000e+00
I 07.01/12:43:52 train_mapper.py:622 ] epoch=0324 train_loss=3.769749e-03 train_mse=3.767188e-03 train_cos=0.997055 train_nmse=-22.313dB train_rec=1.559461e-06 train_recT=1.001222e-06 train_fc=0.000000e+00 train_decoder_tail=0.000000e+00
I 07.01/12:44:42 train_mapper.py:622 ] epoch=0325 train_loss=3.765790e-03 train_mse=3.763233e-03 train_cos=0.997060 train_nmse=-22.318dB train_rec=1.557384e-06 train_recT=9.994243e-07 train_fc=0.000000e+00 train_decoder_tail=0.000000e+00
I 07.01/12:45:18 train_mapper.py:622 ] epoch=0326 train_loss=3.761549e-03 train_mse=3.758984e-03 train_cos=0.997063 train_nmse=-22.323dB train_rec=1.561188e-06 train_recT=1.002978e-06 train_fc=0.000000e+00 train_decoder_tail=0.000000e+00
I 07.01/12:45:44 train_mapper.py:622 ] epoch=0327 train_loss=3.758680e-03 train_mse=3.756125e-03 train_cos=0.997067 train_nmse=-22.326dB train_rec=1.556611e-06 train_recT=9.984102e-07 train_fc=0.000000e+00 train_decoder_tail=0.000000e+00
I 07.01/12:46:12 train_mapper.py:622 ] epoch=0328 train_loss=3.746069e-03 train_mse=3.743527e-03 train_cos=0.997077 train_nmse=-22.341dB train_rec=1.550128e-06 train_recT=9.922835e-07 train_fc=0.000000e+00 train_decoder_tail=0.000000e+00
I 07.01/12:46:52 train_mapper.py:622 ] epoch=0329 train_loss=3.739929e-03 train_mse=3.737391e-03 train_cos=0.997079 train_nmse=-22.348dB train_rec=1.548270e-06 train_recT=9.896530e-07 train_fc=0.000000e+00 train_decoder_tail=0.000000e+00
I 07.01/12:47:32 train_mapper.py:622 ] epoch=0330 train_loss=3.732197e-03 train_mse=3.729659e-03 train_cos=0.997085 train_nmse=-22.357dB train_rec=1.548004e-06 train_recT=9.900701e-07 train_fc=0.000000e+00 train_decoder_tail=0.000000e+00
I 07.01/12:48:04 train_mapper.py:622 ] epoch=0331 train_loss=3.709738e-03 train_mse=3.707209e-03 train_cos=0.997103 train_nmse=-22.383dB train_rec=1.543648e-06 train_recT=9.854268e-07 train_fc=0.000000e+00 train_decoder_tail=0.000000e+00
I 07.01/12:48:47 train_mapper.py:622 ] epoch=0332 train_loss=3.708275e-03 train_mse=3.705743e-03 train_cos=0.997103 train_nmse=-22.385dB train_rec=1.544736e-06 train_recT=9.868821e-07 train_fc=0.000000e+00 train_decoder_tail=0.000000e+00
I 07.01/12:49:36 train_mapper.py:622 ] epoch=0333 train_loss=3.710450e-03 train_mse=3.707921e-03 train_cos=0.997101 train_nmse=-22.382dB train_rec=1.543681e-06 train_recT=9.854148e-07 train_fc=0.000000e+00 train_decoder_tail=0.000000e+00
I 07.01/12:50:21 train_mapper.py:622 ] epoch=0334 train_loss=3.695243e-03 train_mse=3.692733e-03 train_cos=0.997115 train_nmse=-22.400dB train_rec=1.533918e-06 train_recT=9.758828e-07 train_fc=0.000000e+00 train_decoder_tail=0.000000e+00
I 07.01/12:51:13 train_mapper.py:622 ] epoch=0335 train_loss=3.681534e-03 train_mse=3.679033e-03 train_cos=0.997124 train_nmse=-22.417dB train_rec=1.529828e-06 train_recT=9.718650e-07 train_fc=0.000000e+00 train_decoder_tail=0.000000e+00
I 07.01/12:51:46 train_mapper.py:622 ] epoch=0336 train_loss=3.700247e-03 train_mse=3.697716e-03 train_cos=0.997109 train_nmse=-22.395dB train_rec=1.544853e-06 train_recT=9.867684e-07 train_fc=0.000000e+00 train_decoder_tail=0.000000e+00
I 07.01/12:52:21 train_mapper.py:622 ] epoch=0337 train_loss=3.681384e-03 train_mse=3.678867e-03 train_cos=0.997126 train_nmse=-22.417dB train_rec=1.538003e-06 train_recT=9.797133e-07 train_fc=0.000000e+00 train_decoder_tail=0.000000e+00
I 07.01/12:53:12 train_mapper.py:622 ] epoch=0338 train_loss=3.665778e-03 train_mse=3.663283e-03 train_cos=0.997137 train_nmse=-22.435dB train_rec=1.526591e-06 train_recT=9.685781e-07 train_fc=0.000000e+00 train_decoder_tail=0.000000e+00
I 07.01/12:53:40 train_mapper.py:622 ] epoch=0339 train_loss=3.655259e-03 train_mse=3.652770e-03 train_cos=0.997145 train_nmse=-22.448dB train_rec=1.523648e-06 train_recT=9.653988e-07 train_fc=0.000000e+00 train_decoder_tail=0.000000e+00
I 07.01/12:54:15 train_mapper.py:622 ] epoch=0340 train_loss=3.670304e-03 train_mse=3.667797e-03 train_cos=0.997134 train_nmse=-22.430dB train_rec=1.532320e-06 train_recT=9.746169e-07 train_fc=0.000000e+00 train_decoder_tail=0.000000e+00
I 07.01/12:54:48 train_mapper.py:622 ] epoch=0341 train_loss=3.666532e-03 train_mse=3.664027e-03 train_cos=0.997138 train_nmse=-22.434dB train_rec=1.531939e-06 train_recT=9.734449e-07 train_fc=0.000000e+00 train_decoder_tail=0.000000e+00
I 07.01/12:55:21 train_mapper.py:622 ] epoch=0342 train_loss=3.638988e-03 train_mse=3.636502e-03 train_cos=0.997160 train_nmse=-22.467dB train_rec=1.522145e-06 train_recT=9.642396e-07 train_fc=0.000000e+00 train_decoder_tail=0.000000e+00
I 07.01/12:55:52 train_mapper.py:622 ] epoch=0343 train_loss=3.644847e-03 train_mse=3.642353e-03 train_cos=0.997152 train_nmse=-22.460dB train_rec=1.525944e-06 train_recT=9.678149e-07 train_fc=0.000000e+00 train_decoder_tail=0.000000e+00
I 07.01/12:56:31 train_mapper.py:622 ] epoch=0344 train_loss=3.644242e-03 train_mse=3.641752e-03 train_cos=0.997154 train_nmse=-22.461dB train_rec=1.523418e-06 train_recT=9.656560e-07 train_fc=0.000000e+00 train_decoder_tail=0.000000e+00
I 07.01/12:56:55 train_mapper.py:622 ] epoch=0345 train_loss=3.638840e-03 train_mse=3.636352e-03 train_cos=0.997159 train_nmse=-22.467dB train_rec=1.523166e-06 train_recT=9.649259e-07 train_fc=0.000000e+00 train_decoder_tail=0.000000e+00
I 07.01/12:57:31 train_mapper.py:622 ] epoch=0346 train_loss=3.610437e-03 train_mse=3.607967e-03 train_cos=0.997183 train_nmse=-22.501dB train_rec=1.514054e-06 train_recT=9.562700e-07 train_fc=0.000000e+00 train_decoder_tail=0.000000e+00
I 07.01/12:58:09 train_mapper.py:622 ] epoch=0347 train_loss=3.631015e-03 train_mse=3.628534e-03 train_cos=0.997163 train_nmse=-22.477dB train_rec=1.519542e-06 train_recT=9.612187e-07 train_fc=0.000000e+00 train_decoder_tail=0.000000e+00
I 07.01/12:58:31 train_mapper.py:622 ] epoch=0348 train_loss=3.608121e-03 train_mse=3.605653e-03 train_cos=0.997182 train_nmse=-22.504dB train_rec=1.512537e-06 train_recT=9.547321e-07 train_fc=0.000000e+00 train_decoder_tail=0.000000e+00
I 07.01/12:58:55 train_mapper.py:622 ] epoch=0349 train_loss=3.611504e-03 train_mse=3.609030e-03 train_cos=0.997180 train_nmse=-22.500dB train_rec=1.515757e-06 train_recT=9.576360e-07 train_fc=0.000000e+00 train_decoder_tail=0.000000e+00
I 07.01/12:59:39 train_mapper.py:622 ] epoch=0350 train_loss=3.620357e-03 train_mse=3.617875e-03 train_cos=0.997173 train_nmse=-22.489dB train_rec=1.520111e-06 train_recT=9.624667e-07 train_fc=0.000000e+00 train_decoder_tail=0.000000e+00
I 07.01/13:00:07 train_mapper.py:622 ] epoch=0351 train_loss=3.597009e-03 train_mse=3.594544e-03 train_cos=0.997191 train_nmse=-22.518dB train_rec=1.511944e-06 train_recT=9.538052e-07 train_fc=0.000000e+00 train_decoder_tail=0.000000e+00
I 07.01/13:00:48 train_mapper.py:622 ] epoch=0352 train_loss=3.589174e-03 train_mse=3.586718e-03 train_cos=0.997196 train_nmse=-22.527dB train_rec=1.507113e-06 train_recT=9.494749e-07 train_fc=0.000000e+00 train_decoder_tail=0.000000e+00
I 07.01/13:01:37 train_mapper.py:622 ] epoch=0353 train_loss=3.569318e-03 train_mse=3.566880e-03 train_cos=0.997213 train_nmse=-22.551dB train_rec=1.498139e-06 train_recT=9.401825e-07 train_fc=0.000000e+00 train_decoder_tail=0.000000e+00
I 07.01/13:02:20 train_mapper.py:622 ] epoch=0354 train_loss=3.554297e-03 train_mse=3.551868e-03 train_cos=0.997223 train_nmse=-22.569dB train_rec=1.493693e-06 train_recT=9.354850e-07 train_fc=0.000000e+00 train_decoder_tail=0.000000e+00
I 07.01/13:02:45 train_mapper.py:622 ] epoch=0355 train_loss=3.554094e-03 train_mse=3.551670e-03 train_cos=0.997222 train_nmse=-22.569dB train_rec=1.490976e-06 train_recT=9.333752e-07 train_fc=0.000000e+00 train_decoder_tail=0.000000e+00
I 07.01/13:03:14 train_mapper.py:622 ] epoch=0356 train_loss=3.546040e-03 train_mse=3.543615e-03 train_cos=0.997229 train_nmse=-22.580dB train_rec=1.491247e-06 train_recT=9.333218e-07 train_fc=0.000000e+00 train_decoder_tail=0.000000e+00
I 07.01/13:04:06 train_mapper.py:622 ] epoch=0357 train_loss=3.547129e-03 train_mse=3.544704e-03 train_cos=0.997229 train_nmse=-22.578dB train_rec=1.491285e-06 train_recT=9.333191e-07 train_fc=0.000000e+00 train_decoder_tail=0.000000e+00
I 07.01/13:04:51 train_mapper.py:622 ] epoch=0358 train_loss=3.552482e-03 train_mse=3.550043e-03 train_cos=0.997227 train_nmse=-22.572dB train_rec=1.498529e-06 train_recT=9.402333e-07 train_fc=0.000000e+00 train_decoder_tail=0.000000e+00
I 07.01/13:05:32 train_mapper.py:622 ] epoch=0359 train_loss=3.556289e-03 train_mse=3.553844e-03 train_cos=0.997225 train_nmse=-22.567dB train_rec=1.501077e-06 train_recT=9.434511e-07 train_fc=0.000000e+00 train_decoder_tail=0.000000e+00
I 07.01/13:06:16 train_mapper.py:622 ] epoch=0360 train_loss=3.564878e-03 train_mse=3.562421e-03 train_cos=0.997217 train_nmse=-22.556dB train_rec=1.507515e-06 train_recT=9.495942e-07 train_fc=0.000000e+00 train_decoder_tail=0.000000e+00
I 07.01/13:07:00 train_mapper.py:622 ] epoch=0361 train_loss=3.560629e-03 train_mse=3.558169e-03 train_cos=0.997221 train_nmse=-22.562dB train_rec=1.508802e-06 train_recT=9.507691e-07 train_fc=0.000000e+00 train_decoder_tail=0.000000e+00
I 07.01/13:07:46 train_mapper.py:622 ] epoch=0362 train_loss=3.528228e-03 train_mse=3.525807e-03 train_cos=0.997246 train_nmse=-22.601dB train_rec=1.489543e-06 train_recT=9.320012e-07 train_fc=0.000000e+00 train_decoder_tail=0.000000e+00
I 07.01/13:08:34 train_mapper.py:622 ] epoch=0363 train_loss=3.522942e-03 train_mse=3.520519e-03 train_cos=0.997249 train_nmse=-22.608dB train_rec=1.490543e-06 train_recT=9.329131e-07 train_fc=0.000000e+00 train_decoder_tail=0.000000e+00
I 07.01/13:09:21 train_mapper.py:622 ] epoch=0364 train_loss=3.513588e-03 train_mse=3.511171e-03 train_cos=0.997255 train_nmse=-22.620dB train_rec=1.487707e-06 train_recT=9.299862e-07 train_fc=0.000000e+00 train_decoder_tail=0.000000e+00
I 07.01/13:09:50 train_mapper.py:622 ] epoch=0365 train_loss=3.509443e-03 train_mse=3.507027e-03 train_cos=0.997260 train_nmse=-22.625dB train_rec=1.487038e-06 train_recT=9.289682e-07 train_fc=0.000000e+00 train_decoder_tail=0.000000e+00
I 07.01/13:10:29 train_mapper.py:622 ] epoch=0366 train_loss=3.507763e-03 train_mse=3.505355e-03 train_cos=0.997260 train_nmse=-22.627dB train_rec=1.482838e-06 train_recT=9.251746e-07 train_fc=0.000000e+00 train_decoder_tail=0.000000e+00
I 07.01/13:10:58 train_mapper.py:622 ] epoch=0367 train_loss=3.508316e-03 train_mse=3.505908e-03 train_cos=0.997260 train_nmse=-22.626dB train_rec=1.483389e-06 train_recT=9.249844e-07 train_fc=0.000000e+00 train_decoder_tail=0.000000e+00
I 07.01/13:11:35 train_mapper.py:622 ] epoch=0368 train_loss=3.498034e-03 train_mse=3.495624e-03 train_cos=0.997270 train_nmse=-22.639dB train_rec=1.483959e-06 train_recT=9.259983e-07 train_fc=0.000000e+00 train_decoder_tail=0.000000e+00
I 07.01/13:11:56 train_mapper.py:622 ] epoch=0369 train_loss=3.488481e-03 train_mse=3.486085e-03 train_cos=0.997277 train_nmse=-22.651dB train_rec=1.477064e-06 train_recT=9.194569e-07 train_fc=0.000000e+00 train_decoder_tail=0.000000e+00
I 07.01/13:12:19 train_mapper.py:622 ] epoch=0370 train_loss=3.474063e-03 train_mse=3.471673e-03 train_cos=0.997286 train_nmse=-22.669dB train_rec=1.473883e-06 train_recT=9.160248e-07 train_fc=0.000000e+00 train_decoder_tail=0.000000e+00
I 07.01/13:12:41 train_mapper.py:622 ] epoch=0371 train_loss=3.480927e-03 train_mse=3.478533e-03 train_cos=0.997281 train_nmse=-22.660dB train_rec=1.475921e-06 train_recT=9.178312e-07 train_fc=0.000000e+00 train_decoder_tail=0.000000e+00
I 07.01/13:12:57 train_mapper.py:622 ] epoch=0372 train_loss=3.474344e-03 train_mse=3.471955e-03 train_cos=0.997288 train_nmse=-22.668dB train_rec=1.473516e-06 train_recT=9.159064e-07 train_fc=0.000000e+00 train_decoder_tail=0.000000e+00
I 07.01/13:13:30 train_mapper.py:622 ] epoch=0373 train_loss=3.478313e-03 train_mse=3.475917e-03 train_cos=0.997284 train_nmse=-22.663dB train_rec=1.477006e-06 train_recT=9.190044e-07 train_fc=0.000000e+00 train_decoder_tail=0.000000e+00
I 07.01/13:14:05 train_mapper.py:622 ] epoch=0374 train_loss=3.466145e-03 train_mse=3.463756e-03 train_cos=0.997291 train_nmse=-22.678dB train_rec=1.473140e-06 train_recT=9.154555e-07 train_fc=0.000000e+00 train_decoder_tail=0.000000e+00
I 07.01/13:14:28 train_mapper.py:622 ] epoch=0375 train_loss=3.436641e-03 train_mse=3.434274e-03 train_cos=0.997316 train_nmse=-22.715dB train_rec=1.462023e-06 train_recT=9.045827e-07 train_fc=0.000000e+00 train_decoder_tail=0.000000e+00
I 07.01/13:14:45 train_mapper.py:622 ] epoch=0376 train_loss=3.431536e-03 train_mse=3.429171e-03 train_cos=0.997320 train_nmse=-22.722dB train_rec=1.461234e-06 train_recT=9.032407e-07 train_fc=0.000000e+00 train_decoder_tail=0.000000e+00
I 07.01/13:15:08 train_mapper.py:622 ] epoch=0377 train_loss=3.451363e-03 train_mse=3.448986e-03 train_cos=0.997305 train_nmse=-22.697dB train_rec=1.467507e-06 train_recT=9.096213e-07 train_fc=0.000000e+00 train_decoder_tail=0.000000e+00
I 07.01/13:15:39 train_mapper.py:622 ] epoch=0378 train_loss=3.444874e-03 train_mse=3.442505e-03 train_cos=0.997308 train_nmse=-22.705dB train_rec=1.462999e-06 train_recT=9.055842e-07 train_fc=0.000000e+00 train_decoder_tail=0.000000e+00
I 07.01/13:15:57 train_mapper.py:622 ] epoch=0379 train_loss=3.454919e-03 train_mse=3.452535e-03 train_cos=0.997302 train_nmse=-22.692dB train_rec=1.471211e-06 train_recT=9.132748e-07 train_fc=0.000000e+00 train_decoder_tail=0.000000e+00
I 07.01/13:16:15 train_mapper.py:622 ] epoch=0380 train_loss=3.455267e-03 train_mse=3.452881e-03 train_cos=0.997303 train_nmse=-22.692dB train_rec=1.472077e-06 train_recT=9.143915e-07 train_fc=0.000000e+00 train_decoder_tail=0.000000e+00
I 07.01/13:16:41 train_mapper.py:622 ] epoch=0381 train_loss=3.436280e-03 train_mse=3.433903e-03 train_cos=0.997318 train_nmse=-22.716dB train_rec=1.467195e-06 train_recT=9.091677e-07 train_fc=0.000000e+00 train_decoder_tail=0.000000e+00
I 07.01/13:17:12 train_mapper.py:622 ] epoch=0382 train_loss=3.419308e-03 train_mse=3.416947e-03 train_cos=0.997330 train_nmse=-22.738dB train_rec=1.459226e-06 train_recT=9.017622e-07 train_fc=0.000000e+00 train_decoder_tail=0.000000e+00
I 07.01/13:17:36 train_mapper.py:622 ] epoch=0383 train_loss=3.410307e-03 train_mse=3.407951e-03 train_cos=0.997337 train_nmse=-22.749dB train_rec=1.456714e-06 train_recT=8.989604e-07 train_fc=0.000000e+00 train_decoder_tail=0.000000e+00
I 07.01/13:18:03 train_mapper.py:622 ] epoch=0384 train_loss=3.409190e-03 train_mse=3.406830e-03 train_cos=0.997338 train_nmse=-22.750dB train_rec=1.458671e-06 train_recT=9.012997e-07 train_fc=0.000000e+00 train_decoder_tail=0.000000e+00
I 07.01/13:18:37 train_mapper.py:622 ] epoch=0385 train_loss=3.402806e-03 train_mse=3.400442e-03 train_cos=0.997344 train_nmse=-22.759dB train_rec=1.460801e-06 train_recT=9.031247e-07 train_fc=0.000000e+00 train_decoder_tail=0.000000e+00
I 07.01/13:19:12 train_mapper.py:622 ] epoch=0386 train_loss=3.398458e-03 train_mse=3.396106e-03 train_cos=0.997346 train_nmse=-22.764dB train_rec=1.454672e-06 train_recT=8.970832e-07 train_fc=0.000000e+00 train_decoder_tail=0.000000e+00
I 07.01/13:19:42 train_mapper.py:622 ] epoch=0387 train_loss=3.397619e-03 train_mse=3.395264e-03 train_cos=0.997347 train_nmse=-22.765dB train_rec=1.456266e-06 train_recT=8.982635e-07 train_fc=0.000000e+00 train_decoder_tail=0.000000e+00
I 07.01/13:20:17 train_mapper.py:622 ] epoch=0388 train_loss=3.405107e-03 train_mse=3.402750e-03 train_cos=0.997340 train_nmse=-22.756dB train_rec=1.457214e-06 train_recT=8.999667e-07 train_fc=0.000000e+00 train_decoder_tail=0.000000e+00
I 07.01/13:20:45 train_mapper.py:622 ] epoch=0389 train_loss=3.376867e-03 train_mse=3.374530e-03 train_cos=0.997363 train_nmse=-22.792dB train_rec=1.447614e-06 train_recT=8.896078e-07 train_fc=0.000000e+00 train_decoder_tail=0.000000e+00
I 07.01/13:21:09 train_mapper.py:622 ] epoch=0390 train_loss=3.377897e-03 train_mse=3.375566e-03 train_cos=0.997361 train_nmse=-22.790dB train_rec=1.444607e-06 train_recT=8.869529e-07 train_fc=0.000000e+00 train_decoder_tail=0.000000e+00
I 07.01/13:21:39 train_mapper.py:622 ] epoch=0391 train_loss=3.369524e-03 train_mse=3.367189e-03 train_cos=0.997368 train_nmse=-22.801dB train_rec=1.446035e-06 train_recT=8.883139e-07 train_fc=0.000000e+00 train_decoder_tail=0.000000e+00
I 07.01/13:22:07 train_mapper.py:622 ] epoch=0392 train_loss=3.368069e-03 train_mse=3.365731e-03 train_cos=0.997370 train_nmse=-22.803dB train_rec=1.447995e-06 train_recT=8.903952e-07 train_fc=0.000000e+00 train_decoder_tail=0.000000e+00
I 07.01/13:22:26 train_mapper.py:622 ] epoch=0393 train_loss=3.364355e-03 train_mse=3.362028e-03 train_cos=0.997372 train_nmse=-22.808dB train_rec=1.441927e-06 train_recT=8.844133e-07 train_fc=0.000000e+00 train_decoder_tail=0.000000e+00
I 07.01/13:22:41 train_mapper.py:622 ] epoch=0394 train_loss=3.379945e-03 train_mse=3.377598e-03 train_cos=0.997361 train_nmse=-22.788dB train_rec=1.451935e-06 train_recT=8.943169e-07 train_fc=0.000000e+00 train_decoder_tail=0.000000e+00
I 07.01/13:22:53 train_mapper.py:622 ] epoch=0395 train_loss=3.363542e-03 train_mse=3.361215e-03 train_cos=0.997374 train_nmse=-22.809dB train_rec=1.442729e-06 train_recT=8.848717e-07 train_fc=0.000000e+00 train_decoder_tail=0.000000e+00
I 07.01/13:23:09 train_mapper.py:622 ] epoch=0396 train_loss=3.349332e-03 train_mse=3.347011e-03 train_cos=0.997385 train_nmse=-22.827dB train_rec=1.439179e-06 train_recT=8.816698e-07 train_fc=0.000000e+00 train_decoder_tail=0.000000e+00
I 07.01/13:23:19 train_mapper.py:622 ] epoch=0397 train_loss=3.347197e-03 train_mse=3.344874e-03 train_cos=0.997385 train_nmse=-22.830dB train_rec=1.440212e-06 train_recT=8.821618e-07 train_fc=0.000000e+00 train_decoder_tail=0.000000e+00
I 07.01/13:23:30 train_mapper.py:622 ] epoch=0398 train_loss=3.345642e-03 train_mse=3.343314e-03 train_cos=0.997387 train_nmse=-22.832dB train_rec=1.442356e-06 train_recT=8.849623e-07 train_fc=0.000000e+00 train_decoder_tail=0.000000e+00
I 07.01/13:23:41 train_mapper.py:622 ] epoch=0399 train_loss=3.339330e-03 train_mse=3.337008e-03 train_cos=0.997393 train_nmse=-22.840dB train_rec=1.439957e-06 train_recT=8.822176e-07 train_fc=0.000000e+00 train_decoder_tail=0.000000e+00
I 07.01/13:23:55 train_mapper.py:622 ] epoch=0400 train_loss=3.332286e-03 train_mse=3.329970e-03 train_cos=0.997397 train_nmse=-22.849dB train_rec=1.436739e-06 train_recT=8.792833e-07 train_fc=0.000000e+00 train_decoder_tail=0.000000e+00
I 07.01/13:24:51 train_mapper.py:738 ] best_loss_epoch=400 best_loss_selection=train_loss best_loss_metric=3.332286e-03 best_loss_mse=3.329970e-03 best_loss_loss=3.332286e-03
I 07.01/13:24:51 train_mapper.py:743 ] best_mse_epoch=400 best_mse_selection=train_mse best_mse_metric=3.329970e-03 best_mse_mse=3.329970e-03 best_mse_loss=3.332286e-03
I 07.01/13:24:51 train_mapper.py:749 ] all_best_loss_mse=3.209137e-03 all_best_loss_cos=0.997505 all_best_loss_nmse=-23.010dB
I 07.01/13:24:51 train_mapper.py:753 ] all_best_mse_mse=3.209137e-03 all_best_mse_cos=0.997505 all_best_mse_nmse=-23.010dB
