I 07.01/14:49:29 train_mapper.py:431 ] => Experiment directory: mapper/exps_combined_losses/hybrid/tail_white_recT_fc/seed2026_crnet_transnet_to_seed42_transnet_lr5e-4_ep400
I 07.01/14:49:29 train_mapper.py:432 ] => Checkpoint directory: mapper/exps_combined_losses/hybrid/tail_white_recT_fc/seed2026_crnet_transnet_to_seed42_transnet_lr5e-4_ep400/checkpoints
I 07.01/14:49:29 train_mapper.py:433 ] => Codeword directory: mapper/exps_combined_losses/hybrid/tail_white_recT_fc/seed2026_crnet_transnet_to_seed42_transnet_lr5e-4_ep400/codewords
I 07.01/14:49:29 train_mapper.py:434 ] => TensorBoard directory: mapper/exps_combined_losses/hybrid/tail_white_recT_fc/seed2026_crnet_transnet_to_seed42_transnet_lr5e-4_ep400/tensorboard
I 07.01/14:50:14 train_mapper.py:519 ] => Loaded fixed decoder from exps/COST2100/in/seed42/transnet_transnet/checkpoints/best_nmse.pth
I 07.01/14:50:14 train_mapper.py:524 ] device=cuda
I 07.01/14:50:14 train_mapper.py:525 ] mapper=hybrid, params=23108608
I 07.01/14:50:14 train_mapper.py:527 ] train=100000, val=0, code_dim=512
I 07.01/14:50:14 train_mapper.py:529 ] val_ratio<=0: skip per-epoch validation; select best checkpoint by train loss
I 07.01/14:50:14 train_mapper.py:531 ] loss=mse + smoothl1*0.0 + sample_tail*0.1 + dim_tail*0.05 + whiten*0.0001 + rec*0.0 + recT*1.0 + fc*0.01 + decoder_tail*0.0 + cos*0.0 + cov*0.0
I 07.01/14:50:44 train_mapper.py:622 ] epoch=0001 train_loss=4.765725e-01 train_mse=3.808376e-01 train_cos=0.797347 train_nmse=-3.001dB train_rec=0.000000e+00 train_recT=2.951985e-03 train_fc=4.058975e-01 train_decoder_tail=0.000000e+00
I 07.01/14:51:10 train_mapper.py:622 ] epoch=0002 train_loss=1.713923e-01 train_mse=1.385377e-01 train_cos=0.937236 train_nmse=-6.696dB train_rec=0.000000e+00 train_recT=2.231156e-04 train_fc=1.133630e-01 train_decoder_tail=0.000000e+00
I 07.01/14:51:30 train_mapper.py:622 ] epoch=0003 train_loss=1.165303e-01 train_mse=9.406703e-02 train_cos=0.957981 train_nmse=-8.351dB train_rec=0.000000e+00 train_recT=1.471680e-04 train_fc=8.210000e-02 train_decoder_tail=0.000000e+00
I 07.01/14:51:56 train_mapper.py:622 ] epoch=0004 train_loss=9.096877e-02 train_mse=7.310385e-02 train_cos=0.966209 train_nmse=-9.439dB train_rec=0.000000e+00 train_recT=1.022299e-04 train_fc=6.496320e-02 train_decoder_tail=0.000000e+00
I 07.01/14:52:33 train_mapper.py:622 ] epoch=0005 train_loss=7.606867e-02 train_mse=6.089066e-02 train_cos=0.970589 train_nmse=-10.230dB train_rec=0.000000e+00 train_recT=7.392107e-05 train_fc=5.404816e-02 train_decoder_tail=0.000000e+00
I 07.01/14:53:32 train_mapper.py:622 ] epoch=0006 train_loss=6.700086e-02 train_mse=5.340298e-02 train_cos=0.973238 train_nmse=-10.799dB train_rec=0.000000e+00 train_recT=5.586638e-05 train_fc=4.679220e-02 train_decoder_tail=0.000000e+00
I 07.01/14:54:47 train_mapper.py:622 ] epoch=0007 train_loss=6.088259e-02 train_mse=4.830773e-02 train_cos=0.975304 train_nmse=-11.234dB train_rec=0.000000e+00 train_recT=4.447466e-05 train_fc=4.183387e-02 train_decoder_tail=0.000000e+00
I 07.01/14:56:08 train_mapper.py:622 ] epoch=0008 train_loss=5.675758e-02 train_mse=4.484971e-02 train_cos=0.976878 train_nmse=-11.556dB train_rec=0.000000e+00 train_recT=3.725434e-05 train_fc=3.850343e-02 train_decoder_tail=0.000000e+00
I 07.01/14:57:34 train_mapper.py:622 ] epoch=0009 train_loss=5.371349e-02 train_mse=4.229269e-02 train_cos=0.978212 train_nmse=-11.811dB train_rec=0.000000e+00 train_recT=3.261716e-05 train_fc=3.613007e-02 train_decoder_tail=0.000000e+00
I 07.01/14:59:00 train_mapper.py:622 ] epoch=0010 train_loss=5.142468e-02 train_mse=4.037162e-02 train_cos=0.979273 train_nmse=-12.013dB train_rec=0.000000e+00 train_recT=2.952054e-05 train_fc=3.449566e-02 train_decoder_tail=0.000000e+00
I 07.01/15:00:29 train_mapper.py:622 ] epoch=0011 train_loss=4.954625e-02 train_mse=3.881465e-02 train_cos=0.980163 train_nmse=-12.184dB train_rec=0.000000e+00 train_recT=2.726183e-05 train_fc=3.322318e-02 train_decoder_tail=0.000000e+00
I 07.01/15:01:56 train_mapper.py:622 ] epoch=0012 train_loss=4.786623e-02 train_mse=3.744291e-02 train_cos=0.980952 train_nmse=-12.341dB train_rec=0.000000e+00 train_recT=2.556802e-05 train_fc=3.221787e-02 train_decoder_tail=0.000000e+00
I 07.01/15:03:25 train_mapper.py:622 ] epoch=0013 train_loss=4.604684e-02 train_mse=3.596773e-02 train_cos=0.981843 train_nmse=-12.515dB train_rec=0.000000e+00 train_recT=2.412975e-05 train_fc=3.115294e-02 train_decoder_tail=0.000000e+00
I 07.01/15:04:53 train_mapper.py:622 ] epoch=0014 train_loss=4.512846e-02 train_mse=3.521622e-02 train_cos=0.982142 train_nmse=-12.608dB train_rec=0.000000e+00 train_recT=2.301476e-05 train_fc=3.068200e-02 train_decoder_tail=0.000000e+00
I 07.01/15:06:26 train_mapper.py:622 ] epoch=0015 train_loss=4.322977e-02 train_mse=3.369025e-02 train_cos=0.983060 train_nmse=-12.799dB train_rec=0.000000e+00 train_recT=2.174709e-05 train_fc=2.954266e-02 train_decoder_tail=0.000000e+00
I 07.01/15:07:56 train_mapper.py:622 ] epoch=0016 train_loss=4.183866e-02 train_mse=3.255200e-02 train_cos=0.983634 train_nmse=-12.949dB train_rec=0.000000e+00 train_recT=2.057684e-05 train_fc=2.873378e-02 train_decoder_tail=0.000000e+00
I 07.01/15:09:28 train_mapper.py:622 ] epoch=0017 train_loss=4.054481e-02 train_mse=3.150328e-02 train_cos=0.984109 train_nmse=-13.091dB train_rec=0.000000e+00 train_recT=1.948887e-05 train_fc=2.793803e-02 train_decoder_tail=0.000000e+00
I 07.01/15:10:56 train_mapper.py:622 ] epoch=0018 train_loss=3.917978e-02 train_mse=3.037820e-02 train_cos=0.984605 train_nmse=-13.249dB train_rec=0.000000e+00 train_recT=1.825304e-05 train_fc=2.698716e-02 train_decoder_tail=0.000000e+00
I 07.01/15:12:32 train_mapper.py:622 ] epoch=0019 train_loss=3.776390e-02 train_mse=2.919502e-02 train_cos=0.985056 train_nmse=-13.421dB train_rec=0.000000e+00 train_recT=1.689878e-05 train_fc=2.591193e-02 train_decoder_tail=0.000000e+00
I 07.01/15:14:02 train_mapper.py:622 ] epoch=0020 train_loss=3.630034e-02 train_mse=2.793730e-02 train_cos=0.985423 train_nmse=-13.612dB train_rec=0.000000e+00 train_recT=1.529627e-05 train_fc=2.453834e-02 train_decoder_tail=0.000000e+00
I 07.01/15:15:37 train_mapper.py:622 ] epoch=0021 train_loss=3.754185e-02 train_mse=2.867196e-02 train_cos=0.983636 train_nmse=-13.582dB train_rec=0.000000e+00 train_recT=1.353655e-05 train_fc=2.375677e-02 train_decoder_tail=0.000000e+00
I 07.01/15:17:07 train_mapper.py:622 ] epoch=0022 train_loss=3.928993e-02 train_mse=2.998583e-02 train_cos=0.981079 train_nmse=-13.362dB train_rec=0.000000e+00 train_recT=1.177090e-05 train_fc=2.180178e-02 train_decoder_tail=0.000000e+00
I 07.01/15:18:35 train_mapper.py:622 ] epoch=0023 train_loss=3.066151e-02 train_mse=2.324126e-02 train_cos=0.985023 train_nmse=-14.412dB train_rec=0.000000e+00 train_recT=8.657308e-06 train_fc=1.604117e-02 train_decoder_tail=0.000000e+00
I 07.01/15:20:16 train_mapper.py:622 ] epoch=0024 train_loss=2.774334e-02 train_mse=2.112415e-02 train_cos=0.985820 train_nmse=-14.826dB train_rec=0.000000e+00 train_recT=7.629642e-06 train_fc=1.381209e-02 train_decoder_tail=0.000000e+00
I 07.01/15:21:54 train_mapper.py:622 ] epoch=0025 train_loss=2.606775e-02 train_mse=1.994261e-02 train_cos=0.986190 train_nmse=-15.076dB train_rec=0.000000e+00 train_recT=7.008608e-06 train_fc=1.252415e-02 train_decoder_tail=0.000000e+00
I 07.01/15:23:27 train_mapper.py:622 ] epoch=0026 train_loss=2.491499e-02 train_mse=1.913339e-02 train_cos=0.986449 train_nmse=-15.257dB train_rec=0.000000e+00 train_recT=6.580604e-06 train_fc=1.166126e-02 train_decoder_tail=0.000000e+00
I 07.01/15:24:51 train_mapper.py:622 ] epoch=0027 train_loss=2.370455e-02 train_mse=1.826913e-02 train_cos=0.986867 train_nmse=-15.457dB train_rec=0.000000e+00 train_recT=6.185837e-06 train_fc=1.093144e-02 train_decoder_tail=0.000000e+00
I 07.01/15:26:16 train_mapper.py:622 ] epoch=0028 train_loss=2.273222e-02 train_mse=1.756811e-02 train_cos=0.987209 train_nmse=-15.627dB train_rec=0.000000e+00 train_recT=5.870029e-06 train_fc=1.034598e-02 train_decoder_tail=0.000000e+00
I 07.01/15:27:42 train_mapper.py:622 ] epoch=0029 train_loss=2.214126e-02 train_mse=1.714596e-02 train_cos=0.987371 train_nmse=-15.733dB train_rec=0.000000e+00 train_recT=5.630452e-06 train_fc=9.941084e-03 train_decoder_tail=0.000000e+00
I 07.01/15:29:09 train_mapper.py:622 ] epoch=0030 train_loss=2.139365e-02 train_mse=1.660436e-02 train_cos=0.987672 train_nmse=-15.872dB train_rec=0.000000e+00 train_recT=5.388505e-06 train_fc=9.530011e-03 train_decoder_tail=0.000000e+00
I 07.01/15:30:34 train_mapper.py:622 ] epoch=0031 train_loss=2.054060e-02 train_mse=1.596774e-02 train_cos=0.988072 train_nmse=-16.042dB train_rec=0.000000e+00 train_recT=5.143241e-06 train_fc=9.101113e-03 train_decoder_tail=0.000000e+00
I 07.01/15:32:02 train_mapper.py:622 ] epoch=0032 train_loss=2.026497e-02 train_mse=1.577414e-02 train_cos=0.988124 train_nmse=-16.095dB train_rec=0.000000e+00 train_recT=4.992731e-06 train_fc=8.889766e-03 train_decoder_tail=0.000000e+00
I 07.01/15:33:27 train_mapper.py:622 ] epoch=0033 train_loss=1.955480e-02 train_mse=1.524299e-02 train_cos=0.988479 train_nmse=-16.244dB train_rec=0.000000e+00 train_recT=4.809515e-06 train_fc=8.558156e-03 train_decoder_tail=0.000000e+00
I 07.01/15:34:49 train_mapper.py:622 ] epoch=0034 train_loss=1.908176e-02 train_mse=1.488996e-02 train_cos=0.988694 train_nmse=-16.345dB train_rec=0.000000e+00 train_recT=4.646216e-06 train_fc=8.318644e-03 train_decoder_tail=0.000000e+00
I 07.01/15:36:15 train_mapper.py:622 ] epoch=0035 train_loss=1.857071e-02 train_mse=1.450415e-02 train_cos=0.988940 train_nmse=-16.460dB train_rec=0.000000e+00 train_recT=4.483276e-06 train_fc=8.065200e-03 train_decoder_tail=0.000000e+00
I 07.01/15:37:38 train_mapper.py:622 ] epoch=0036 train_loss=1.841996e-02 train_mse=1.439815e-02 train_cos=0.988967 train_nmse=-16.491dB train_rec=0.000000e+00 train_recT=4.413969e-06 train_fc=7.957657e-03 train_decoder_tail=0.000000e+00
I 07.01/15:39:00 train_mapper.py:622 ] epoch=0037 train_loss=1.803351e-02 train_mse=1.410323e-02 train_cos=0.989161 train_nmse=-16.581dB train_rec=0.000000e+00 train_recT=4.287041e-06 train_fc=7.758272e-03 train_decoder_tail=0.000000e+00
I 07.01/15:40:23 train_mapper.py:622 ] epoch=0038 train_loss=1.767913e-02 train_mse=1.383457e-02 train_cos=0.989335 train_nmse=-16.665dB train_rec=0.000000e+00 train_recT=4.186251e-06 train_fc=7.591243e-03 train_decoder_tail=0.000000e+00
I 07.01/15:41:47 train_mapper.py:622 ] epoch=0039 train_loss=1.730523e-02 train_mse=1.354951e-02 train_cos=0.989531 train_nmse=-16.755dB train_rec=0.000000e+00 train_recT=4.065417e-06 train_fc=7.414610e-03 train_decoder_tail=0.000000e+00
I 07.01/15:43:13 train_mapper.py:622 ] epoch=0040 train_loss=1.695850e-02 train_mse=1.328085e-02 train_cos=0.989716 train_nmse=-16.842dB train_rec=0.000000e+00 train_recT=3.962298e-06 train_fc=7.249778e-03 train_decoder_tail=0.000000e+00
I 07.01/15:44:39 train_mapper.py:622 ] epoch=0041 train_loss=1.685642e-02 train_mse=1.320390e-02 train_cos=0.989750 train_nmse=-16.867dB train_rec=0.000000e+00 train_recT=3.929334e-06 train_fc=7.182704e-03 train_decoder_tail=0.000000e+00
I 07.01/15:46:04 train_mapper.py:622 ] epoch=0042 train_loss=1.640338e-02 train_mse=1.285509e-02 train_cos=0.990001 train_nmse=-16.984dB train_rec=0.000000e+00 train_recT=3.799385e-06 train_fc=6.978706e-03 train_decoder_tail=0.000000e+00
I 07.01/15:47:29 train_mapper.py:622 ] epoch=0043 train_loss=1.622848e-02 train_mse=1.271642e-02 train_cos=0.990083 train_nmse=-17.031dB train_rec=0.000000e+00 train_recT=3.729345e-06 train_fc=6.873632e-03 train_decoder_tail=0.000000e+00
I 07.01/15:48:53 train_mapper.py:622 ] epoch=0044 train_loss=1.592912e-02 train_mse=1.248243e-02 train_cos=0.990253 train_nmse=-17.111dB train_rec=0.000000e+00 train_recT=3.644873e-06 train_fc=6.739638e-03 train_decoder_tail=0.000000e+00
I 07.01/15:50:25 train_mapper.py:622 ] epoch=0045 train_loss=1.565464e-02 train_mse=1.226795e-02 train_cos=0.990405 train_nmse=-17.186dB train_rec=0.000000e+00 train_recT=3.568345e-06 train_fc=6.612471e-03 train_decoder_tail=0.000000e+00
I 07.01/15:51:50 train_mapper.py:622 ] epoch=0046 train_loss=1.539564e-02 train_mse=1.206581e-02 train_cos=0.990551 train_nmse=-17.259dB train_rec=0.000000e+00 train_recT=3.500795e-06 train_fc=6.499367e-03 train_decoder_tail=0.000000e+00
I 07.01/15:53:11 train_mapper.py:622 ] epoch=0047 train_loss=1.514012e-02 train_mse=1.186602e-02 train_cos=0.990693 train_nmse=-17.331dB train_rec=0.000000e+00 train_recT=3.414170e-06 train_fc=6.367806e-03 train_decoder_tail=0.000000e+00
I 07.01/15:54:34 train_mapper.py:622 ] epoch=0048 train_loss=1.516422e-02 train_mse=1.188044e-02 train_cos=0.990664 train_nmse=-17.326dB train_rec=0.000000e+00 train_recT=3.400232e-06 train_fc=6.366517e-03 train_decoder_tail=0.000000e+00
I 07.01/15:56:03 train_mapper.py:622 ] epoch=0049 train_loss=1.475986e-02 train_mse=1.156568e-02 train_cos=0.990915 train_nmse=-17.443dB train_rec=0.000000e+00 train_recT=3.313031e-06 train_fc=6.205572e-03 train_decoder_tail=0.000000e+00
I 07.01/15:57:32 train_mapper.py:622 ] epoch=0050 train_loss=1.481129e-02 train_mse=1.160347e-02 train_cos=0.990865 train_nmse=-17.428dB train_rec=0.000000e+00 train_recT=3.312606e-06 train_fc=6.211546e-03 train_decoder_tail=0.000000e+00
I 07.01/15:58:58 train_mapper.py:622 ] epoch=0051 train_loss=1.439813e-02 train_mse=1.127767e-02 train_cos=0.991118 train_nmse=-17.552dB train_rec=0.000000e+00 train_recT=3.207449e-06 train_fc=6.033631e-03 train_decoder_tail=0.000000e+00
I 07.01/16:00:28 train_mapper.py:622 ] epoch=0052 train_loss=1.446016e-02 train_mse=1.132057e-02 train_cos=0.991068 train_nmse=-17.536dB train_rec=0.000000e+00 train_recT=3.205804e-06 train_fc=6.032803e-03 train_decoder_tail=0.000000e+00
I 07.01/16:01:55 train_mapper.py:622 ] epoch=0053 train_loss=1.410180e-02 train_mse=1.104248e-02 train_cos=0.991290 train_nmse=-17.643dB train_rec=0.000000e+00 train_recT=3.123956e-06 train_fc=5.890608e-03 train_decoder_tail=0.000000e+00
I 07.01/16:03:29 train_mapper.py:622 ] epoch=0054 train_loss=1.390832e-02 train_mse=1.088018e-02 train_cos=0.991401 train_nmse=-17.708dB train_rec=0.000000e+00 train_recT=3.058333e-06 train_fc=5.787624e-03 train_decoder_tail=0.000000e+00
I 07.01/16:04:58 train_mapper.py:622 ] epoch=0055 train_loss=1.389044e-02 train_mse=1.086979e-02 train_cos=0.991405 train_nmse=-17.712dB train_rec=0.000000e+00 train_recT=3.059658e-06 train_fc=5.781921e-03 train_decoder_tail=0.000000e+00
I 07.01/16:06:27 train_mapper.py:622 ] epoch=0056 train_loss=1.370623e-02 train_mse=1.072205e-02 train_cos=0.991522 train_nmse=-17.771dB train_rec=0.000000e+00 train_recT=3.011714e-06 train_fc=5.708956e-03 train_decoder_tail=0.000000e+00
I 07.01/16:07:49 train_mapper.py:622 ] epoch=0057 train_loss=1.355309e-02 train_mse=1.059741e-02 train_cos=0.991615 train_nmse=-17.823dB train_rec=0.000000e+00 train_recT=2.968170e-06 train_fc=5.637297e-03 train_decoder_tail=0.000000e+00
I 07.01/16:09:05 train_mapper.py:622 ] epoch=0058 train_loss=1.336187e-02 train_mse=1.044806e-02 train_cos=0.991729 train_nmse=-17.884dB train_rec=0.000000e+00 train_recT=2.921058e-06 train_fc=5.552623e-03 train_decoder_tail=0.000000e+00
I 07.01/16:10:18 train_mapper.py:622 ] epoch=0059 train_loss=1.320316e-02 train_mse=1.031696e-02 train_cos=0.991824 train_nmse=-17.939dB train_rec=0.000000e+00 train_recT=2.873007e-06 train_fc=5.462415e-03 train_decoder_tail=0.000000e+00
I 07.01/16:11:33 train_mapper.py:622 ] epoch=0060 train_loss=1.314829e-02 train_mse=1.027395e-02 train_cos=0.991852 train_nmse=-17.957dB train_rec=0.000000e+00 train_recT=2.848489e-06 train_fc=5.441677e-03 train_decoder_tail=0.000000e+00
I 07.01/16:12:36 train_mapper.py:622 ] epoch=0061 train_loss=1.288923e-02 train_mse=1.006688e-02 train_cos=0.992016 train_nmse=-18.045dB train_rec=0.000000e+00 train_recT=2.795858e-06 train_fc=5.335806e-03 train_decoder_tail=0.000000e+00
I 07.01/16:13:37 train_mapper.py:622 ] epoch=0062 train_loss=1.283458e-02 train_mse=1.002058e-02 train_cos=0.992042 train_nmse=-18.065dB train_rec=0.000000e+00 train_recT=2.770893e-06 train_fc=5.300596e-03 train_decoder_tail=0.000000e+00
I 07.01/16:14:37 train_mapper.py:622 ] epoch=0063 train_loss=1.271974e-02 train_mse=9.925041e-03 train_cos=0.992117 train_nmse=-18.107dB train_rec=0.000000e+00 train_recT=2.742863e-06 train_fc=5.249842e-03 train_decoder_tail=0.000000e+00
I 07.01/16:15:39 train_mapper.py:622 ] epoch=0064 train_loss=1.251176e-02 train_mse=9.760747e-03 train_cos=0.992250 train_nmse=-18.180dB train_rec=0.000000e+00 train_recT=2.683727e-06 train_fc=5.164483e-03 train_decoder_tail=0.000000e+00
I 07.01/16:16:44 train_mapper.py:622 ] epoch=0065 train_loss=1.239659e-02 train_mse=9.671466e-03 train_cos=0.992312 train_nmse=-18.219dB train_rec=0.000000e+00 train_recT=2.660930e-06 train_fc=5.118344e-03 train_decoder_tail=0.000000e+00
I 07.01/16:17:47 train_mapper.py:622 ] epoch=0066 train_loss=1.240442e-02 train_mse=9.673520e-03 train_cos=0.992307 train_nmse=-18.218dB train_rec=0.000000e+00 train_recT=2.656539e-06 train_fc=5.107710e-03 train_decoder_tail=0.000000e+00
I 07.01/16:18:52 train_mapper.py:622 ] epoch=0067 train_loss=1.226358e-02 train_mse=9.557949e-03 train_cos=0.992398 train_nmse=-18.270dB train_rec=0.000000e+00 train_recT=2.623429e-06 train_fc=5.046019e-03 train_decoder_tail=0.000000e+00
I 07.01/16:19:54 train_mapper.py:622 ] epoch=0068 train_loss=1.217456e-02 train_mse=9.485470e-03 train_cos=0.992450 train_nmse=-18.303dB train_rec=0.000000e+00 train_recT=2.597715e-06 train_fc=5.002294e-03 train_decoder_tail=0.000000e+00
I 07.01/16:20:58 train_mapper.py:622 ] epoch=0069 train_loss=1.195787e-02 train_mse=9.314321e-03 train_cos=0.992590 train_nmse=-18.383dB train_rec=0.000000e+00 train_recT=2.554146e-06 train_fc=4.919708e-03 train_decoder_tail=0.000000e+00
I 07.01/16:22:05 train_mapper.py:622 ] epoch=0070 train_loss=1.205255e-02 train_mse=9.377988e-03 train_cos=0.992527 train_nmse=-18.353dB train_rec=0.000000e+00 train_recT=2.561396e-06 train_fc=4.938815e-03 train_decoder_tail=0.000000e+00
I 07.01/16:23:10 train_mapper.py:622 ] epoch=0071 train_loss=1.186475e-02 train_mse=9.234762e-03 train_cos=0.992644 train_nmse=-18.420dB train_rec=0.000000e+00 train_recT=2.525102e-06 train_fc=4.868002e-03 train_decoder_tail=0.000000e+00
I 07.01/16:24:14 train_mapper.py:622 ] epoch=0072 train_loss=1.182198e-02 train_mse=9.195306e-03 train_cos=0.992673 train_nmse=-18.439dB train_rec=0.000000e+00 train_recT=2.500174e-06 train_fc=4.840126e-03 train_decoder_tail=0.000000e+00
I 07.01/16:25:25 train_mapper.py:622 ] epoch=0073 train_loss=1.158061e-02 train_mse=9.004886e-03 train_cos=0.992828 train_nmse=-18.529dB train_rec=0.000000e+00 train_recT=2.453537e-06 train_fc=4.749558e-03 train_decoder_tail=0.000000e+00
I 07.01/16:26:33 train_mapper.py:622 ] epoch=0074 train_loss=1.153418e-02 train_mse=8.966064e-03 train_cos=0.992855 train_nmse=-18.548dB train_rec=0.000000e+00 train_recT=2.447324e-06 train_fc=4.733729e-03 train_decoder_tail=0.000000e+00
I 07.01/16:27:36 train_mapper.py:622 ] epoch=0075 train_loss=1.142811e-02 train_mse=8.880016e-03 train_cos=0.992919 train_nmse=-18.590dB train_rec=0.000000e+00 train_recT=2.411242e-06 train_fc=4.685111e-03 train_decoder_tail=0.000000e+00
I 07.01/16:28:40 train_mapper.py:622 ] epoch=0076 train_loss=1.133663e-02 train_mse=8.805047e-03 train_cos=0.992978 train_nmse=-18.627dB train_rec=0.000000e+00 train_recT=2.391056e-06 train_fc=4.634697e-03 train_decoder_tail=0.000000e+00
I 07.01/16:29:44 train_mapper.py:622 ] epoch=0077 train_loss=1.128158e-02 train_mse=8.760989e-03 train_cos=0.993012 train_nmse=-18.648dB train_rec=0.000000e+00 train_recT=2.378018e-06 train_fc=4.612469e-03 train_decoder_tail=0.000000e+00
I 07.01/16:30:50 train_mapper.py:622 ] epoch=0078 train_loss=1.128232e-02 train_mse=8.756020e-03 train_cos=0.993005 train_nmse=-18.652dB train_rec=0.000000e+00 train_recT=2.367975e-06 train_fc=4.602137e-03 train_decoder_tail=0.000000e+00
I 07.01/16:31:58 train_mapper.py:622 ] epoch=0079 train_loss=1.115944e-02 train_mse=8.658687e-03 train_cos=0.993088 train_nmse=-18.699dB train_rec=0.000000e+00 train_recT=2.334045e-06 train_fc=4.549773e-03 train_decoder_tail=0.000000e+00
I 07.01/16:33:08 train_mapper.py:622 ] epoch=0080 train_loss=1.091236e-02 train_mse=8.462615e-03 train_cos=0.993244 train_nmse=-18.799dB train_rec=0.000000e+00 train_recT=2.275683e-06 train_fc=4.450926e-03 train_decoder_tail=0.000000e+00
I 07.01/16:34:14 train_mapper.py:622 ] epoch=0081 train_loss=1.077325e-02 train_mse=8.352495e-03 train_cos=0.993330 train_nmse=-18.856dB train_rec=0.000000e+00 train_recT=2.243726e-06 train_fc=4.391632e-03 train_decoder_tail=0.000000e+00
I 07.01/16:35:20 train_mapper.py:622 ] epoch=0082 train_loss=1.078854e-02 train_mse=8.359645e-03 train_cos=0.993317 train_nmse=-18.852dB train_rec=0.000000e+00 train_recT=2.250980e-06 train_fc=4.396560e-03 train_decoder_tail=0.000000e+00
I 07.01/16:36:25 train_mapper.py:622 ] epoch=0083 train_loss=1.064664e-02 train_mse=8.247825e-03 train_cos=0.993414 train_nmse=-18.910dB train_rec=0.000000e+00 train_recT=2.216640e-06 train_fc=4.337437e-03 train_decoder_tail=0.000000e+00
I 07.01/16:37:33 train_mapper.py:622 ] epoch=0084 train_loss=1.055169e-02 train_mse=8.168876e-03 train_cos=0.993471 train_nmse=-18.953dB train_rec=0.000000e+00 train_recT=2.184249e-06 train_fc=4.293473e-03 train_decoder_tail=0.000000e+00
I 07.01/16:38:40 train_mapper.py:622 ] epoch=0085 train_loss=1.055660e-02 train_mse=8.171070e-03 train_cos=0.993469 train_nmse=-18.951dB train_rec=0.000000e+00 train_recT=2.191189e-06 train_fc=4.297100e-03 train_decoder_tail=0.000000e+00
I 07.01/16:39:46 train_mapper.py:622 ] epoch=0086 train_loss=1.056682e-02 train_mse=8.174690e-03 train_cos=0.993461 train_nmse=-18.950dB train_rec=0.000000e+00 train_recT=2.189178e-06 train_fc=4.294754e-03 train_decoder_tail=0.000000e+00
I 07.01/16:40:51 train_mapper.py:622 ] epoch=0087 train_loss=1.048812e-02 train_mse=8.113317e-03 train_cos=0.993517 train_nmse=-18.982dB train_rec=0.000000e+00 train_recT=2.177098e-06 train_fc=4.269224e-03 train_decoder_tail=0.000000e+00
I 07.01/16:41:56 train_mapper.py:622 ] epoch=0088 train_loss=1.058677e-02 train_mse=8.187799e-03 train_cos=0.993451 train_nmse=-18.942dB train_rec=0.000000e+00 train_recT=2.192172e-06 train_fc=4.298013e-03 train_decoder_tail=0.000000e+00
I 07.01/16:43:03 train_mapper.py:622 ] epoch=0089 train_loss=1.042301e-02 train_mse=8.057845e-03 train_cos=0.993560 train_nmse=-19.012dB train_rec=0.000000e+00 train_recT=2.162578e-06 train_fc=4.229521e-03 train_decoder_tail=0.000000e+00
I 07.01/16:44:11 train_mapper.py:622 ] epoch=0090 train_loss=1.037457e-02 train_mse=8.016438e-03 train_cos=0.993582 train_nmse=-19.034dB train_rec=0.000000e+00 train_recT=2.139117e-06 train_fc=4.201929e-03 train_decoder_tail=0.000000e+00
I 07.01/16:45:24 train_mapper.py:622 ] epoch=0091 train_loss=1.015842e-02 train_mse=7.846744e-03 train_cos=0.993724 train_nmse=-19.127dB train_rec=0.000000e+00 train_recT=2.092968e-06 train_fc=4.110584e-03 train_decoder_tail=0.000000e+00
I 07.01/16:46:36 train_mapper.py:622 ] epoch=0092 train_loss=1.005713e-02 train_mse=7.762776e-03 train_cos=0.993784 train_nmse=-19.174dB train_rec=0.000000e+00 train_recT=2.063199e-06 train_fc=4.064437e-03 train_decoder_tail=0.000000e+00
I 07.01/16:47:52 train_mapper.py:622 ] epoch=0093 train_loss=1.003141e-02 train_mse=7.739147e-03 train_cos=0.993799 train_nmse=-19.187dB train_rec=0.000000e+00 train_recT=2.054039e-06 train_fc=4.053364e-03 train_decoder_tail=0.000000e+00
I 07.01/16:49:07 train_mapper.py:622 ] epoch=0094 train_loss=9.949281e-03 train_mse=7.674246e-03 train_cos=0.993859 train_nmse=-19.223dB train_rec=0.000000e+00 train_recT=2.041939e-06 train_fc=4.025646e-03 train_decoder_tail=0.000000e+00
I 07.01/16:50:14 train_mapper.py:622 ] epoch=0095 train_loss=9.777459e-03 train_mse=7.536597e-03 train_cos=0.993973 train_nmse=-19.302dB train_rec=0.000000e+00 train_recT=1.996198e-06 train_fc=3.958738e-03 train_decoder_tail=0.000000e+00
I 07.01/16:51:21 train_mapper.py:622 ] epoch=0096 train_loss=9.733013e-03 train_mse=7.500148e-03 train_cos=0.993996 train_nmse=-19.324dB train_rec=0.000000e+00 train_recT=1.979227e-06 train_fc=3.939416e-03 train_decoder_tail=0.000000e+00
I 07.01/16:52:33 train_mapper.py:622 ] epoch=0097 train_loss=9.889726e-03 train_mse=7.620841e-03 train_cos=0.993891 train_nmse=-19.254dB train_rec=0.000000e+00 train_recT=2.019001e-06 train_fc=3.996144e-03 train_decoder_tail=0.000000e+00
I 07.01/16:53:44 train_mapper.py:622 ] epoch=0098 train_loss=9.935546e-03 train_mse=7.657272e-03 train_cos=0.993863 train_nmse=-19.233dB train_rec=0.000000e+00 train_recT=2.034743e-06 train_fc=4.009209e-03 train_decoder_tail=0.000000e+00
I 07.01/16:54:50 train_mapper.py:622 ] epoch=0099 train_loss=9.822622e-03 train_mse=7.565809e-03 train_cos=0.993938 train_nmse=-19.285dB train_rec=0.000000e+00 train_recT=2.014239e-06 train_fc=3.964514e-03 train_decoder_tail=0.000000e+00
I 07.01/16:55:59 train_mapper.py:622 ] epoch=0100 train_loss=9.672700e-03 train_mse=7.446882e-03 train_cos=0.994034 train_nmse=-19.354dB train_rec=0.000000e+00 train_recT=1.971348e-06 train_fc=3.902527e-03 train_decoder_tail=0.000000e+00
I 07.01/16:57:05 train_mapper.py:622 ] epoch=0101 train_loss=9.544642e-03 train_mse=7.343378e-03 train_cos=0.994118 train_nmse=-19.415dB train_rec=0.000000e+00 train_recT=1.948250e-06 train_fc=3.850472e-03 train_decoder_tail=0.000000e+00
I 07.01/16:58:10 train_mapper.py:622 ] epoch=0102 train_loss=9.585189e-03 train_mse=7.373829e-03 train_cos=0.994086 train_nmse=-19.397dB train_rec=0.000000e+00 train_recT=1.950408e-06 train_fc=3.863106e-03 train_decoder_tail=0.000000e+00
I 07.01/16:59:16 train_mapper.py:622 ] epoch=0103 train_loss=9.515211e-03 train_mse=7.316605e-03 train_cos=0.994133 train_nmse=-19.431dB train_rec=0.000000e+00 train_recT=1.935122e-06 train_fc=3.829958e-03 train_decoder_tail=0.000000e+00
I 07.01/17:00:24 train_mapper.py:622 ] epoch=0104 train_loss=9.454334e-03 train_mse=7.269196e-03 train_cos=0.994170 train_nmse=-19.459dB train_rec=0.000000e+00 train_recT=1.919223e-06 train_fc=3.812537e-03 train_decoder_tail=0.000000e+00
I 07.01/17:01:30 train_mapper.py:622 ] epoch=0105 train_loss=9.352433e-03 train_mse=7.183493e-03 train_cos=0.994243 train_nmse=-19.511dB train_rec=0.000000e+00 train_recT=1.897389e-06 train_fc=3.758259e-03 train_decoder_tail=0.000000e+00
I 07.01/17:02:33 train_mapper.py:622 ] epoch=0106 train_loss=9.490869e-03 train_mse=7.289584e-03 train_cos=0.994147 train_nmse=-19.447dB train_rec=0.000000e+00 train_recT=1.923069e-06 train_fc=3.806527e-03 train_decoder_tail=0.000000e+00
I 07.01/17:03:38 train_mapper.py:622 ] epoch=0107 train_loss=9.514843e-03 train_mse=7.308675e-03 train_cos=0.994134 train_nmse=-19.435dB train_rec=0.000000e+00 train_recT=1.930247e-06 train_fc=3.814591e-03 train_decoder_tail=0.000000e+00
I 07.01/17:04:45 train_mapper.py:622 ] epoch=0108 train_loss=9.300351e-03 train_mse=7.138023e-03 train_cos=0.994274 train_nmse=-19.538dB train_rec=0.000000e+00 train_recT=1.876751e-06 train_fc=3.734705e-03 train_decoder_tail=0.000000e+00
I 07.01/17:05:54 train_mapper.py:622 ] epoch=0109 train_loss=9.442234e-03 train_mse=7.245634e-03 train_cos=0.994179 train_nmse=-19.473dB train_rec=0.000000e+00 train_recT=1.907203e-06 train_fc=3.786794e-03 train_decoder_tail=0.000000e+00
I 07.01/17:06:59 train_mapper.py:622 ] epoch=0110 train_loss=9.307111e-03 train_mse=7.139171e-03 train_cos=0.994272 train_nmse=-19.537dB train_rec=0.000000e+00 train_recT=1.880736e-06 train_fc=3.732944e-03 train_decoder_tail=0.000000e+00
I 07.01/17:08:01 train_mapper.py:622 ] epoch=0111 train_loss=9.174270e-03 train_mse=7.033301e-03 train_cos=0.994359 train_nmse=-19.602dB train_rec=0.000000e+00 train_recT=1.855553e-06 train_fc=3.676254e-03 train_decoder_tail=0.000000e+00
I 07.01/17:09:11 train_mapper.py:622 ] epoch=0112 train_loss=9.018850e-03 train_mse=6.910873e-03 train_cos=0.994455 train_nmse=-19.679dB train_rec=0.000000e+00 train_recT=1.818468e-06 train_fc=3.614289e-03 train_decoder_tail=0.000000e+00
I 07.01/17:10:17 train_mapper.py:622 ] epoch=0113 train_loss=9.019312e-03 train_mse=6.908408e-03 train_cos=0.994452 train_nmse=-19.681dB train_rec=0.000000e+00 train_recT=1.808607e-06 train_fc=3.609985e-03 train_decoder_tail=0.000000e+00
I 07.01/17:11:24 train_mapper.py:622 ] epoch=0114 train_loss=8.995851e-03 train_mse=6.889931e-03 train_cos=0.994473 train_nmse=-19.691dB train_rec=0.000000e+00 train_recT=1.809753e-06 train_fc=3.605200e-03 train_decoder_tail=0.000000e+00
I 07.01/17:12:34 train_mapper.py:622 ] epoch=0115 train_loss=8.879824e-03 train_mse=6.796284e-03 train_cos=0.994546 train_nmse=-19.751dB train_rec=0.000000e+00 train_recT=1.779696e-06 train_fc=3.550372e-03 train_decoder_tail=0.000000e+00
I 07.01/17:13:40 train_mapper.py:622 ] epoch=0116 train_loss=8.936048e-03 train_mse=6.839640e-03 train_cos=0.994507 train_nmse=-19.724dB train_rec=0.000000e+00 train_recT=1.794016e-06 train_fc=3.572105e-03 train_decoder_tail=0.000000e+00
I 07.01/17:14:46 train_mapper.py:622 ] epoch=0117 train_loss=8.940037e-03 train_mse=6.841307e-03 train_cos=0.994507 train_nmse=-19.722dB train_rec=0.000000e+00 train_recT=1.796206e-06 train_fc=3.572062e-03 train_decoder_tail=0.000000e+00
I 07.01/17:15:49 train_mapper.py:622 ] epoch=0118 train_loss=8.894992e-03 train_mse=6.805480e-03 train_cos=0.994536 train_nmse=-19.746dB train_rec=0.000000e+00 train_recT=1.784264e-06 train_fc=3.556273e-03 train_decoder_tail=0.000000e+00
I 07.01/17:16:58 train_mapper.py:622 ] epoch=0119 train_loss=8.873281e-03 train_mse=6.786267e-03 train_cos=0.994555 train_nmse=-19.757dB train_rec=0.000000e+00 train_recT=1.783464e-06 train_fc=3.549225e-03 train_decoder_tail=0.000000e+00
I 07.01/17:18:08 train_mapper.py:622 ] epoch=0120 train_loss=8.893745e-03 train_mse=6.802006e-03 train_cos=0.994540 train_nmse=-19.748dB train_rec=0.000000e+00 train_recT=1.790593e-06 train_fc=3.558253e-03 train_decoder_tail=0.000000e+00
I 07.01/17:19:13 train_mapper.py:622 ] epoch=0121 train_loss=8.693948e-03 train_mse=6.643922e-03 train_cos=0.994672 train_nmse=-19.849dB train_rec=0.000000e+00 train_recT=1.742287e-06 train_fc=3.477819e-03 train_decoder_tail=0.000000e+00
I 07.01/17:20:20 train_mapper.py:622 ] epoch=0122 train_loss=8.568468e-03 train_mse=6.543122e-03 train_cos=0.994750 train_nmse=-19.916dB train_rec=0.000000e+00 train_recT=1.712176e-06 train_fc=3.424628e-03 train_decoder_tail=0.000000e+00
I 07.01/17:21:28 train_mapper.py:622 ] epoch=0123 train_loss=8.622250e-03 train_mse=6.583568e-03 train_cos=0.994706 train_nmse=-19.889dB train_rec=0.000000e+00 train_recT=1.710998e-06 train_fc=3.437067e-03 train_decoder_tail=0.000000e+00
I 07.01/17:22:36 train_mapper.py:622 ] epoch=0124 train_loss=8.559247e-03 train_mse=6.533104e-03 train_cos=0.994753 train_nmse=-19.922dB train_rec=0.000000e+00 train_recT=1.709174e-06 train_fc=3.411323e-03 train_decoder_tail=0.000000e+00
I 07.01/17:23:42 train_mapper.py:622 ] epoch=0125 train_loss=8.616043e-03 train_mse=6.575917e-03 train_cos=0.994709 train_nmse=-19.895dB train_rec=0.000000e+00 train_recT=1.704792e-06 train_fc=3.423992e-03 train_decoder_tail=0.000000e+00
I 07.01/17:24:49 train_mapper.py:622 ] epoch=0126 train_loss=8.564722e-03 train_mse=6.535992e-03 train_cos=0.994748 train_nmse=-19.921dB train_rec=0.000000e+00 train_recT=1.704654e-06 train_fc=3.407283e-03 train_decoder_tail=0.000000e+00
I 07.01/17:25:54 train_mapper.py:622 ] epoch=0127 train_loss=8.431753e-03 train_mse=6.430723e-03 train_cos=0.994839 train_nmse=-19.991dB train_rec=0.000000e+00 train_recT=1.674283e-06 train_fc=3.355718e-03 train_decoder_tail=0.000000e+00
I 07.01/17:27:01 train_mapper.py:622 ] epoch=0128 train_loss=8.517456e-03 train_mse=6.493120e-03 train_cos=0.994781 train_nmse=-19.950dB train_rec=0.000000e+00 train_recT=1.692609e-06 train_fc=3.387280e-03 train_decoder_tail=0.000000e+00
I 07.01/17:28:07 train_mapper.py:622 ] epoch=0129 train_loss=8.580573e-03 train_mse=6.543873e-03 train_cos=0.994742 train_nmse=-19.915dB train_rec=0.000000e+00 train_recT=1.711826e-06 train_fc=3.415436e-03 train_decoder_tail=0.000000e+00
I 07.01/17:29:09 train_mapper.py:622 ] epoch=0130 train_loss=8.495924e-03 train_mse=6.476226e-03 train_cos=0.994798 train_nmse=-19.960dB train_rec=0.000000e+00 train_recT=1.689113e-06 train_fc=3.385721e-03 train_decoder_tail=0.000000e+00
I 07.01/17:30:14 train_mapper.py:622 ] epoch=0131 train_loss=8.522294e-03 train_mse=6.495539e-03 train_cos=0.994774 train_nmse=-19.947dB train_rec=0.000000e+00 train_recT=1.688814e-06 train_fc=3.389904e-03 train_decoder_tail=0.000000e+00
I 07.01/17:31:17 train_mapper.py:622 ] epoch=0132 train_loss=8.454650e-03 train_mse=6.440146e-03 train_cos=0.994827 train_nmse=-19.985dB train_rec=0.000000e+00 train_recT=1.684736e-06 train_fc=3.360187e-03 train_decoder_tail=0.000000e+00
I 07.01/17:32:22 train_mapper.py:622 ] epoch=0133 train_loss=8.327644e-03 train_mse=6.341597e-03 train_cos=0.994905 train_nmse=-20.052dB train_rec=0.000000e+00 train_recT=1.654359e-06 train_fc=3.312771e-03 train_decoder_tail=0.000000e+00
I 07.01/17:33:28 train_mapper.py:622 ] epoch=0134 train_loss=8.145250e-03 train_mse=6.196040e-03 train_cos=0.995025 train_nmse=-20.153dB train_rec=0.000000e+00 train_recT=1.608822e-06 train_fc=3.233059e-03 train_decoder_tail=0.000000e+00
I 07.01/17:34:34 train_mapper.py:622 ] epoch=0135 train_loss=8.247419e-03 train_mse=6.273669e-03 train_cos=0.994952 train_nmse=-20.099dB train_rec=0.000000e+00 train_recT=1.626445e-06 train_fc=3.268453e-03 train_decoder_tail=0.000000e+00
I 07.01/17:35:40 train_mapper.py:622 ] epoch=0136 train_loss=8.253030e-03 train_mse=6.280699e-03 train_cos=0.994949 train_nmse=-20.094dB train_rec=0.000000e+00 train_recT=1.627220e-06 train_fc=3.275487e-03 train_decoder_tail=0.000000e+00
I 07.01/17:36:46 train_mapper.py:622 ] epoch=0137 train_loss=8.139199e-03 train_mse=6.188848e-03 train_cos=0.995026 train_nmse=-20.157dB train_rec=0.000000e+00 train_recT=1.601125e-06 train_fc=3.231014e-03 train_decoder_tail=0.000000e+00
I 07.01/17:37:55 train_mapper.py:622 ] epoch=0138 train_loss=8.170566e-03 train_mse=6.209813e-03 train_cos=0.995004 train_nmse=-20.143dB train_rec=0.000000e+00 train_recT=1.605586e-06 train_fc=3.236779e-03 train_decoder_tail=0.000000e+00
I 07.01/17:38:58 train_mapper.py:622 ] epoch=0139 train_loss=8.093431e-03 train_mse=6.150264e-03 train_cos=0.995056 train_nmse=-20.185dB train_rec=0.000000e+00 train_recT=1.596271e-06 train_fc=3.204865e-03 train_decoder_tail=0.000000e+00
I 07.01/17:40:08 train_mapper.py:622 ] epoch=0140 train_loss=8.104166e-03 train_mse=6.157915e-03 train_cos=0.995047 train_nmse=-20.179dB train_rec=0.000000e+00 train_recT=1.595511e-06 train_fc=3.206198e-03 train_decoder_tail=0.000000e+00
I 07.01/17:41:14 train_mapper.py:622 ] epoch=0141 train_loss=8.116140e-03 train_mse=6.166140e-03 train_cos=0.995037 train_nmse=-20.174dB train_rec=0.000000e+00 train_recT=1.596901e-06 train_fc=3.210886e-03 train_decoder_tail=0.000000e+00
I 07.01/17:42:20 train_mapper.py:622 ] epoch=0142 train_loss=8.042910e-03 train_mse=6.106459e-03 train_cos=0.995089 train_nmse=-20.216dB train_rec=0.000000e+00 train_recT=1.584449e-06 train_fc=3.183413e-03 train_decoder_tail=0.000000e+00
I 07.01/17:43:28 train_mapper.py:622 ] epoch=0143 train_loss=8.054710e-03 train_mse=6.117425e-03 train_cos=0.995080 train_nmse=-20.208dB train_rec=0.000000e+00 train_recT=1.585987e-06 train_fc=3.194248e-03 train_decoder_tail=0.000000e+00
I 07.01/17:44:33 train_mapper.py:622 ] epoch=0144 train_loss=7.906883e-03 train_mse=5.999150e-03 train_cos=0.995181 train_nmse=-20.293dB train_rec=0.000000e+00 train_recT=1.556560e-06 train_fc=3.135316e-03 train_decoder_tail=0.000000e+00
I 07.01/17:45:40 train_mapper.py:622 ] epoch=0145 train_loss=7.947029e-03 train_mse=6.029704e-03 train_cos=0.995153 train_nmse=-20.271dB train_rec=0.000000e+00 train_recT=1.559992e-06 train_fc=3.146686e-03 train_decoder_tail=0.000000e+00
I 07.01/17:46:45 train_mapper.py:622 ] epoch=0146 train_loss=7.947368e-03 train_mse=6.028520e-03 train_cos=0.995151 train_nmse=-20.272dB train_rec=0.000000e+00 train_recT=1.562634e-06 train_fc=3.142593e-03 train_decoder_tail=0.000000e+00
I 07.01/17:47:49 train_mapper.py:622 ] epoch=0147 train_loss=7.849760e-03 train_mse=5.952377e-03 train_cos=0.995215 train_nmse=-20.327dB train_rec=0.000000e+00 train_recT=1.539089e-06 train_fc=3.105879e-03 train_decoder_tail=0.000000e+00
I 07.01/17:48:56 train_mapper.py:622 ] epoch=0148 train_loss=7.751798e-03 train_mse=5.872207e-03 train_cos=0.995282 train_nmse=-20.386dB train_rec=0.000000e+00 train_recT=1.514911e-06 train_fc=3.065645e-03 train_decoder_tail=0.000000e+00
I 07.01/17:50:05 train_mapper.py:622 ] epoch=0149 train_loss=7.790381e-03 train_mse=5.903462e-03 train_cos=0.995256 train_nmse=-20.363dB train_rec=0.000000e+00 train_recT=1.527315e-06 train_fc=3.078846e-03 train_decoder_tail=0.000000e+00
I 07.01/17:51:08 train_mapper.py:622 ] epoch=0150 train_loss=7.734195e-03 train_mse=5.858800e-03 train_cos=0.995292 train_nmse=-20.395dB train_rec=0.000000e+00 train_recT=1.515696e-06 train_fc=3.054167e-03 train_decoder_tail=0.000000e+00
I 07.01/17:52:14 train_mapper.py:622 ] epoch=0151 train_loss=7.751646e-03 train_mse=5.872287e-03 train_cos=0.995277 train_nmse=-20.386dB train_rec=0.000000e+00 train_recT=1.513547e-06 train_fc=3.060001e-03 train_decoder_tail=0.000000e+00
I 07.01/17:53:17 train_mapper.py:622 ] epoch=0152 train_loss=7.679896e-03 train_mse=5.815486e-03 train_cos=0.995327 train_nmse=-20.428dB train_rec=0.000000e+00 train_recT=1.498124e-06 train_fc=3.028617e-03 train_decoder_tail=0.000000e+00
I 07.01/17:54:27 train_mapper.py:622 ] epoch=0153 train_loss=7.646030e-03 train_mse=5.787620e-03 train_cos=0.995343 train_nmse=-20.449dB train_rec=0.000000e+00 train_recT=1.487460e-06 train_fc=3.016357e-03 train_decoder_tail=0.000000e+00
I 07.01/17:55:32 train_mapper.py:622 ] epoch=0154 train_loss=7.846952e-03 train_mse=5.943550e-03 train_cos=0.995212 train_nmse=-20.334dB train_rec=0.000000e+00 train_recT=1.535692e-06 train_fc=3.097504e-03 train_decoder_tail=0.000000e+00
I 07.01/17:56:34 train_mapper.py:622 ] epoch=0155 train_loss=7.898403e-03 train_mse=5.985971e-03 train_cos=0.995180 train_nmse=-20.302dB train_rec=0.000000e+00 train_recT=1.548448e-06 train_fc=3.118799e-03 train_decoder_tail=0.000000e+00
I 07.01/17:57:39 train_mapper.py:622 ] epoch=0156 train_loss=7.715403e-03 train_mse=5.838936e-03 train_cos=0.995303 train_nmse=-20.410dB train_rec=0.000000e+00 train_recT=1.505623e-06 train_fc=3.043003e-03 train_decoder_tail=0.000000e+00
I 07.01/17:58:44 train_mapper.py:622 ] epoch=0157 train_loss=7.566211e-03 train_mse=5.720270e-03 train_cos=0.995399 train_nmse=-20.499dB train_rec=0.000000e+00 train_recT=1.472324e-06 train_fc=2.981279e-03 train_decoder_tail=0.000000e+00
I 07.01/17:59:51 train_mapper.py:622 ] epoch=0158 train_loss=7.582188e-03 train_mse=5.733551e-03 train_cos=0.995381 train_nmse=-20.489dB train_rec=0.000000e+00 train_recT=1.469310e-06 train_fc=2.988484e-03 train_decoder_tail=0.000000e+00
I 07.01/18:00:53 train_mapper.py:622 ] epoch=0159 train_loss=7.664749e-03 train_mse=5.794682e-03 train_cos=0.995330 train_nmse=-20.444dB train_rec=0.000000e+00 train_recT=1.493255e-06 train_fc=3.016502e-03 train_decoder_tail=0.000000e+00
I 07.01/18:01:58 train_mapper.py:622 ] epoch=0160 train_loss=7.562178e-03 train_mse=5.715941e-03 train_cos=0.995400 train_nmse=-20.503dB train_rec=0.000000e+00 train_recT=1.472271e-06 train_fc=2.978677e-03 train_decoder_tail=0.000000e+00
I 07.01/18:03:05 train_mapper.py:622 ] epoch=0161 train_loss=7.480948e-03 train_mse=5.651691e-03 train_cos=0.995450 train_nmse=-20.552dB train_rec=0.000000e+00 train_recT=1.448487e-06 train_fc=2.943307e-03 train_decoder_tail=0.000000e+00
I 07.01/18:04:10 train_mapper.py:622 ] epoch=0162 train_loss=7.399165e-03 train_mse=5.585428e-03 train_cos=0.995505 train_nmse=-20.603dB train_rec=0.000000e+00 train_recT=1.433565e-06 train_fc=2.911603e-03 train_decoder_tail=0.000000e+00
I 07.01/18:05:16 train_mapper.py:622 ] epoch=0163 train_loss=7.531368e-03 train_mse=5.689321e-03 train_cos=0.995412 train_nmse=-20.523dB train_rec=0.000000e+00 train_recT=1.455733e-06 train_fc=2.958900e-03 train_decoder_tail=0.000000e+00
I 07.01/18:06:21 train_mapper.py:622 ] epoch=0164 train_loss=7.446582e-03 train_mse=5.623087e-03 train_cos=0.995477 train_nmse=-20.574dB train_rec=0.000000e+00 train_recT=1.445135e-06 train_fc=2.930237e-03 train_decoder_tail=0.000000e+00
I 07.01/18:07:27 train_mapper.py:622 ] epoch=0165 train_loss=7.473229e-03 train_mse=5.640627e-03 train_cos=0.995460 train_nmse=-20.561dB train_rec=0.000000e+00 train_recT=1.451694e-06 train_fc=2.936264e-03 train_decoder_tail=0.000000e+00
I 07.01/18:08:33 train_mapper.py:622 ] epoch=0166 train_loss=7.364804e-03 train_mse=5.557130e-03 train_cos=0.995531 train_nmse=-20.625dB train_rec=0.000000e+00 train_recT=1.428251e-06 train_fc=2.895803e-03 train_decoder_tail=0.000000e+00
I 07.01/18:09:40 train_mapper.py:622 ] epoch=0167 train_loss=7.278733e-03 train_mse=5.488911e-03 train_cos=0.995590 train_nmse=-20.679dB train_rec=0.000000e+00 train_recT=1.409918e-06 train_fc=2.862203e-03 train_decoder_tail=0.000000e+00
I 07.01/18:10:44 train_mapper.py:622 ] epoch=0168 train_loss=7.253935e-03 train_mse=5.467746e-03 train_cos=0.995602 train_nmse=-20.695dB train_rec=0.000000e+00 train_recT=1.402184e-06 train_fc=2.847797e-03 train_decoder_tail=0.000000e+00
I 07.01/18:11:52 train_mapper.py:622 ] epoch=0169 train_loss=7.274990e-03 train_mse=5.484648e-03 train_cos=0.995585 train_nmse=-20.682dB train_rec=0.000000e+00 train_recT=1.401397e-06 train_fc=2.855259e-03 train_decoder_tail=0.000000e+00
I 07.01/18:12:53 train_mapper.py:622 ] epoch=0170 train_loss=7.231796e-03 train_mse=5.450186e-03 train_cos=0.995618 train_nmse=-20.709dB train_rec=0.000000e+00 train_recT=1.394280e-06 train_fc=2.838877e-03 train_decoder_tail=0.000000e+00
I 07.01/18:13:59 train_mapper.py:622 ] epoch=0171 train_loss=7.241925e-03 train_mse=5.456427e-03 train_cos=0.995609 train_nmse=-20.705dB train_rec=0.000000e+00 train_recT=1.393414e-06 train_fc=2.843038e-03 train_decoder_tail=0.000000e+00
I 07.01/18:15:07 train_mapper.py:622 ] epoch=0172 train_loss=7.324968e-03 train_mse=5.524285e-03 train_cos=0.995555 train_nmse=-20.651dB train_rec=0.000000e+00 train_recT=1.420679e-06 train_fc=2.878387e-03 train_decoder_tail=0.000000e+00
I 07.01/18:16:13 train_mapper.py:622 ] epoch=0173 train_loss=7.201356e-03 train_mse=5.425302e-03 train_cos=0.995637 train_nmse=-20.729dB train_rec=0.000000e+00 train_recT=1.393390e-06 train_fc=2.830071e-03 train_decoder_tail=0.000000e+00
I 07.01/18:17:21 train_mapper.py:622 ] epoch=0174 train_loss=7.212144e-03 train_mse=5.434221e-03 train_cos=0.995623 train_nmse=-20.722dB train_rec=0.000000e+00 train_recT=1.388844e-06 train_fc=2.833072e-03 train_decoder_tail=0.000000e+00
I 07.01/18:18:24 train_mapper.py:622 ] epoch=0175 train_loss=7.235425e-03 train_mse=5.450104e-03 train_cos=0.995610 train_nmse=-20.710dB train_rec=0.000000e+00 train_recT=1.390490e-06 train_fc=2.836365e-03 train_decoder_tail=0.000000e+00
I 07.01/18:19:28 train_mapper.py:622 ] epoch=0176 train_loss=7.172011e-03 train_mse=5.402095e-03 train_cos=0.995649 train_nmse=-20.748dB train_rec=0.000000e+00 train_recT=1.377355e-06 train_fc=2.815350e-03 train_decoder_tail=0.000000e+00
I 07.01/18:20:34 train_mapper.py:622 ] epoch=0177 train_loss=7.093506e-03 train_mse=5.338928e-03 train_cos=0.995702 train_nmse=-20.799dB train_rec=0.000000e+00 train_recT=1.362590e-06 train_fc=2.782233e-03 train_decoder_tail=0.000000e+00
I 07.01/18:21:39 train_mapper.py:622 ] epoch=0178 train_loss=7.025423e-03 train_mse=5.283748e-03 train_cos=0.995749 train_nmse=-20.844dB train_rec=0.000000e+00 train_recT=1.349762e-06 train_fc=2.754520e-03 train_decoder_tail=0.000000e+00
I 07.01/18:22:46 train_mapper.py:622 ] epoch=0179 train_loss=6.995730e-03 train_mse=5.259986e-03 train_cos=0.995770 train_nmse=-20.864dB train_rec=0.000000e+00 train_recT=1.344586e-06 train_fc=2.741767e-03 train_decoder_tail=0.000000e+00
I 07.01/18:23:54 train_mapper.py:622 ] epoch=0180 train_loss=7.027119e-03 train_mse=5.283441e-03 train_cos=0.995745 train_nmse=-20.845dB train_rec=0.000000e+00 train_recT=1.348278e-06 train_fc=2.753850e-03 train_decoder_tail=0.000000e+00
I 07.01/18:24:58 train_mapper.py:622 ] epoch=0181 train_loss=7.161220e-03 train_mse=5.390616e-03 train_cos=0.995651 train_nmse=-20.758dB train_rec=0.000000e+00 train_recT=1.370575e-06 train_fc=2.806453e-03 train_decoder_tail=0.000000e+00
I 07.01/18:26:02 train_mapper.py:622 ] epoch=0182 train_loss=7.147977e-03 train_mse=5.380649e-03 train_cos=0.995664 train_nmse=-20.765dB train_rec=0.000000e+00 train_recT=1.370319e-06 train_fc=2.800982e-03 train_decoder_tail=0.000000e+00
I 07.01/18:27:06 train_mapper.py:622 ] epoch=0183 train_loss=7.107206e-03 train_mse=5.347044e-03 train_cos=0.995696 train_nmse=-20.792dB train_rec=0.000000e+00 train_recT=1.368004e-06 train_fc=2.782847e-03 train_decoder_tail=0.000000e+00
I 07.01/18:28:09 train_mapper.py:622 ] epoch=0184 train_loss=6.962958e-03 train_mse=5.232408e-03 train_cos=0.995791 train_nmse=-20.886dB train_rec=0.000000e+00 train_recT=1.335817e-06 train_fc=2.728044e-03 train_decoder_tail=0.000000e+00
I 07.01/18:29:13 train_mapper.py:622 ] epoch=0185 train_loss=6.931499e-03 train_mse=5.208304e-03 train_cos=0.995808 train_nmse=-20.907dB train_rec=0.000000e+00 train_recT=1.326380e-06 train_fc=2.715155e-03 train_decoder_tail=0.000000e+00
I 07.01/18:30:22 train_mapper.py:622 ] epoch=0186 train_loss=6.903241e-03 train_mse=5.184079e-03 train_cos=0.995827 train_nmse=-20.927dB train_rec=0.000000e+00 train_recT=1.320609e-06 train_fc=2.703174e-03 train_decoder_tail=0.000000e+00
I 07.01/18:31:31 train_mapper.py:622 ] epoch=0187 train_loss=6.877978e-03 train_mse=5.163592e-03 train_cos=0.995844 train_nmse=-20.944dB train_rec=0.000000e+00 train_recT=1.315676e-06 train_fc=2.694448e-03 train_decoder_tail=0.000000e+00
I 07.01/18:32:40 train_mapper.py:622 ] epoch=0188 train_loss=6.826946e-03 train_mse=5.122574e-03 train_cos=0.995873 train_nmse=-20.979dB train_rec=0.000000e+00 train_recT=1.300211e-06 train_fc=2.667442e-03 train_decoder_tail=0.000000e+00
I 07.01/18:33:39 train_mapper.py:622 ] epoch=0189 train_loss=6.843542e-03 train_mse=5.135664e-03 train_cos=0.995860 train_nmse=-20.968dB train_rec=0.000000e+00 train_recT=1.300122e-06 train_fc=2.673740e-03 train_decoder_tail=0.000000e+00
I 07.01/18:34:44 train_mapper.py:622 ] epoch=0190 train_loss=6.899449e-03 train_mse=5.180620e-03 train_cos=0.995828 train_nmse=-20.930dB train_rec=0.000000e+00 train_recT=1.320891e-06 train_fc=2.697287e-03 train_decoder_tail=0.000000e+00
I 07.01/18:35:50 train_mapper.py:622 ] epoch=0191 train_loss=6.896609e-03 train_mse=5.178730e-03 train_cos=0.995828 train_nmse=-20.932dB train_rec=0.000000e+00 train_recT=1.321515e-06 train_fc=2.694527e-03 train_decoder_tail=0.000000e+00
I 07.01/18:36:55 train_mapper.py:622 ] epoch=0192 train_loss=6.842792e-03 train_mse=5.134800e-03 train_cos=0.995865 train_nmse=-20.968dB train_rec=0.000000e+00 train_recT=1.305660e-06 train_fc=2.674858e-03 train_decoder_tail=0.000000e+00
I 07.01/18:38:01 train_mapper.py:622 ] epoch=0193 train_loss=6.823588e-03 train_mse=5.119237e-03 train_cos=0.995875 train_nmse=-20.982dB train_rec=0.000000e+00 train_recT=1.303588e-06 train_fc=2.665315e-03 train_decoder_tail=0.000000e+00
I 07.01/18:39:02 train_mapper.py:622 ] epoch=0194 train_loss=6.996299e-03 train_mse=5.255699e-03 train_cos=0.995756 train_nmse=-20.868dB train_rec=0.000000e+00 train_recT=1.340298e-06 train_fc=2.730569e-03 train_decoder_tail=0.000000e+00
I 07.01/18:40:11 train_mapper.py:622 ] epoch=0195 train_loss=6.818555e-03 train_mse=5.116886e-03 train_cos=0.995882 train_nmse=-20.984dB train_rec=0.000000e+00 train_recT=1.306436e-06 train_fc=2.665307e-03 train_decoder_tail=0.000000e+00
I 07.01/18:41:19 train_mapper.py:622 ] epoch=0196 train_loss=6.668883e-03 train_mse=4.995626e-03 train_cos=0.995980 train_nmse=-21.088dB train_rec=0.000000e+00 train_recT=1.271444e-06 train_fc=2.601882e-03 train_decoder_tail=0.000000e+00
I 07.01/18:42:26 train_mapper.py:622 ] epoch=0197 train_loss=6.682946e-03 train_mse=5.008270e-03 train_cos=0.995967 train_nmse=-21.077dB train_rec=0.000000e+00 train_recT=1.271623e-06 train_fc=2.611968e-03 train_decoder_tail=0.000000e+00
I 07.01/18:43:30 train_mapper.py:622 ] epoch=0198 train_loss=6.617650e-03 train_mse=4.956009e-03 train_cos=0.996010 train_nmse=-21.122dB train_rec=0.000000e+00 train_recT=1.257119e-06 train_fc=2.583501e-03 train_decoder_tail=0.000000e+00
I 07.01/18:44:40 train_mapper.py:622 ] epoch=0199 train_loss=6.675836e-03 train_mse=5.001341e-03 train_cos=0.995970 train_nmse=-21.083dB train_rec=0.000000e+00 train_recT=1.263159e-06 train_fc=2.607193e-03 train_decoder_tail=0.000000e+00
I 07.01/18:45:47 train_mapper.py:622 ] epoch=0200 train_loss=6.645283e-03 train_mse=4.976908e-03 train_cos=0.995994 train_nmse=-21.104dB train_rec=0.000000e+00 train_recT=1.259777e-06 train_fc=2.595820e-03 train_decoder_tail=0.000000e+00
I 07.01/18:46:55 train_mapper.py:622 ] epoch=0201 train_loss=6.676777e-03 train_mse=5.001790e-03 train_cos=0.995972 train_nmse=-21.082dB train_rec=0.000000e+00 train_recT=1.266808e-06 train_fc=2.606036e-03 train_decoder_tail=0.000000e+00
I 07.01/18:48:03 train_mapper.py:622 ] epoch=0202 train_loss=6.738516e-03 train_mse=5.051802e-03 train_cos=0.995929 train_nmse=-21.039dB train_rec=0.000000e+00 train_recT=1.282980e-06 train_fc=2.635143e-03 train_decoder_tail=0.000000e+00
I 07.01/18:49:12 train_mapper.py:622 ] epoch=0203 train_loss=6.644821e-03 train_mse=4.977065e-03 train_cos=0.995993 train_nmse=-21.104dB train_rec=0.000000e+00 train_recT=1.264216e-06 train_fc=2.598610e-03 train_decoder_tail=0.000000e+00
I 07.01/18:50:20 train_mapper.py:622 ] epoch=0204 train_loss=6.601338e-03 train_mse=4.941883e-03 train_cos=0.996021 train_nmse=-21.135dB train_rec=0.000000e+00 train_recT=1.252821e-06 train_fc=2.577151e-03 train_decoder_tail=0.000000e+00
I 07.01/18:51:29 train_mapper.py:622 ] epoch=0205 train_loss=6.520716e-03 train_mse=4.876887e-03 train_cos=0.996070 train_nmse=-21.192dB train_rec=0.000000e+00 train_recT=1.230573e-06 train_fc=2.539632e-03 train_decoder_tail=0.000000e+00
I 07.01/18:52:35 train_mapper.py:622 ] epoch=0206 train_loss=6.550380e-03 train_mse=4.900347e-03 train_cos=0.996049 train_nmse=-21.171dB train_rec=0.000000e+00 train_recT=1.239328e-06 train_fc=2.551323e-03 train_decoder_tail=0.000000e+00
I 07.01/18:53:41 train_mapper.py:622 ] epoch=0207 train_loss=6.525719e-03 train_mse=4.881425e-03 train_cos=0.996069 train_nmse=-21.188dB train_rec=0.000000e+00 train_recT=1.236985e-06 train_fc=2.544351e-03 train_decoder_tail=0.000000e+00
I 07.01/18:54:46 train_mapper.py:622 ] epoch=0208 train_loss=6.615981e-03 train_mse=4.953111e-03 train_cos=0.996007 train_nmse=-21.125dB train_rec=0.000000e+00 train_recT=1.255017e-06 train_fc=2.579088e-03 train_decoder_tail=0.000000e+00
I 07.01/18:55:50 train_mapper.py:622 ] epoch=0209 train_loss=6.541263e-03 train_mse=4.895163e-03 train_cos=0.996059 train_nmse=-21.176dB train_rec=0.000000e+00 train_recT=1.239554e-06 train_fc=2.553477e-03 train_decoder_tail=0.000000e+00
I 07.01/18:56:55 train_mapper.py:622 ] epoch=0210 train_loss=6.482026e-03 train_mse=4.847114e-03 train_cos=0.996096 train_nmse=-21.219dB train_rec=0.000000e+00 train_recT=1.223519e-06 train_fc=2.527870e-03 train_decoder_tail=0.000000e+00
I 07.01/18:58:03 train_mapper.py:622 ] epoch=0211 train_loss=6.453945e-03 train_mse=4.824717e-03 train_cos=0.996114 train_nmse=-21.239dB train_rec=0.000000e+00 train_recT=1.218876e-06 train_fc=2.514416e-03 train_decoder_tail=0.000000e+00
I 07.01/18:59:11 train_mapper.py:622 ] epoch=0212 train_loss=6.410224e-03 train_mse=4.789147e-03 train_cos=0.996145 train_nmse=-21.271dB train_rec=0.000000e+00 train_recT=1.210917e-06 train_fc=2.497651e-03 train_decoder_tail=0.000000e+00
I 07.01/19:00:20 train_mapper.py:622 ] epoch=0213 train_loss=6.428646e-03 train_mse=4.804517e-03 train_cos=0.996130 train_nmse=-21.258dB train_rec=0.000000e+00 train_recT=1.209102e-06 train_fc=2.502141e-03 train_decoder_tail=0.000000e+00
I 07.01/19:01:27 train_mapper.py:622 ] epoch=0214 train_loss=6.438992e-03 train_mse=4.813486e-03 train_cos=0.996122 train_nmse=-21.249dB train_rec=0.000000e+00 train_recT=1.213287e-06 train_fc=2.505384e-03 train_decoder_tail=0.000000e+00
I 07.01/19:02:34 train_mapper.py:622 ] epoch=0215 train_loss=6.382776e-03 train_mse=4.767875e-03 train_cos=0.996164 train_nmse=-21.290dB train_rec=0.000000e+00 train_recT=1.208202e-06 train_fc=2.485304e-03 train_decoder_tail=0.000000e+00
I 07.01/19:03:43 train_mapper.py:622 ] epoch=0216 train_loss=6.435177e-03 train_mse=4.809726e-03 train_cos=0.996128 train_nmse=-21.252dB train_rec=0.000000e+00 train_recT=1.218501e-06 train_fc=2.506312e-03 train_decoder_tail=0.000000e+00
I 07.01/19:04:51 train_mapper.py:622 ] epoch=0217 train_loss=6.415290e-03 train_mse=4.792080e-03 train_cos=0.996143 train_nmse=-21.268dB train_rec=0.000000e+00 train_recT=1.214232e-06 train_fc=2.497317e-03 train_decoder_tail=0.000000e+00
I 07.01/19:05:57 train_mapper.py:622 ] epoch=0218 train_loss=6.387323e-03 train_mse=4.770516e-03 train_cos=0.996159 train_nmse=-21.288dB train_rec=0.000000e+00 train_recT=1.206723e-06 train_fc=2.489507e-03 train_decoder_tail=0.000000e+00
I 07.01/19:07:03 train_mapper.py:622 ] epoch=0219 train_loss=6.371949e-03 train_mse=4.758966e-03 train_cos=0.996167 train_nmse=-21.298dB train_rec=0.000000e+00 train_recT=1.200257e-06 train_fc=2.483211e-03 train_decoder_tail=0.000000e+00
I 07.01/19:08:13 train_mapper.py:622 ] epoch=0220 train_loss=6.270083e-03 train_mse=4.678690e-03 train_cos=0.996236 train_nmse=-21.372dB train_rec=0.000000e+00 train_recT=1.179821e-06 train_fc=2.441346e-03 train_decoder_tail=0.000000e+00
I 07.01/19:09:24 train_mapper.py:622 ] epoch=0221 train_loss=6.330031e-03 train_mse=4.724577e-03 train_cos=0.996191 train_nmse=-21.330dB train_rec=0.000000e+00 train_recT=1.192532e-06 train_fc=2.467245e-03 train_decoder_tail=0.000000e+00
I 07.01/19:10:28 train_mapper.py:622 ] epoch=0222 train_loss=6.302324e-03 train_mse=4.705236e-03 train_cos=0.996211 train_nmse=-21.348dB train_rec=0.000000e+00 train_recT=1.187455e-06 train_fc=2.456384e-03 train_decoder_tail=0.000000e+00
I 07.01/19:11:32 train_mapper.py:622 ] epoch=0223 train_loss=6.288806e-03 train_mse=4.692072e-03 train_cos=0.996216 train_nmse=-21.360dB train_rec=0.000000e+00 train_recT=1.178356e-06 train_fc=2.446527e-03 train_decoder_tail=0.000000e+00
I 07.01/19:12:39 train_mapper.py:622 ] epoch=0224 train_loss=6.254857e-03 train_mse=4.666066e-03 train_cos=0.996240 train_nmse=-21.384dB train_rec=0.000000e+00 train_recT=1.174865e-06 train_fc=2.433649e-03 train_decoder_tail=0.000000e+00
I 07.01/19:13:49 train_mapper.py:622 ] epoch=0225 train_loss=6.245797e-03 train_mse=4.659113e-03 train_cos=0.996246 train_nmse=-21.391dB train_rec=0.000000e+00 train_recT=1.171556e-06 train_fc=2.429584e-03 train_decoder_tail=0.000000e+00
I 07.01/19:14:56 train_mapper.py:622 ] epoch=0226 train_loss=6.194660e-03 train_mse=4.618473e-03 train_cos=0.996280 train_nmse=-21.429dB train_rec=0.000000e+00 train_recT=1.159581e-06 train_fc=2.405987e-03 train_decoder_tail=0.000000e+00
I 07.01/19:16:06 train_mapper.py:622 ] epoch=0227 train_loss=6.171312e-03 train_mse=4.599292e-03 train_cos=0.996295 train_nmse=-21.447dB train_rec=0.000000e+00 train_recT=1.154478e-06 train_fc=2.395464e-03 train_decoder_tail=0.000000e+00
I 07.01/19:17:17 train_mapper.py:622 ] epoch=0228 train_loss=6.206544e-03 train_mse=4.628159e-03 train_cos=0.996269 train_nmse=-21.420dB train_rec=0.000000e+00 train_recT=1.161920e-06 train_fc=2.410461e-03 train_decoder_tail=0.000000e+00
I 07.01/19:18:24 train_mapper.py:622 ] epoch=0229 train_loss=6.199999e-03 train_mse=4.620535e-03 train_cos=0.996277 train_nmse=-21.427dB train_rec=0.000000e+00 train_recT=1.161847e-06 train_fc=2.408145e-03 train_decoder_tail=0.000000e+00
I 07.01/19:19:32 train_mapper.py:622 ] epoch=0230 train_loss=6.161140e-03 train_mse=4.592533e-03 train_cos=0.996303 train_nmse=-21.453dB train_rec=0.000000e+00 train_recT=1.154909e-06 train_fc=2.393724e-03 train_decoder_tail=0.000000e+00
I 07.01/19:20:40 train_mapper.py:622 ] epoch=0231 train_loss=6.151646e-03 train_mse=4.584263e-03 train_cos=0.996308 train_nmse=-21.461dB train_rec=0.000000e+00 train_recT=1.151874e-06 train_fc=2.392584e-03 train_decoder_tail=0.000000e+00
I 07.01/19:21:51 train_mapper.py:622 ] epoch=0232 train_loss=6.149230e-03 train_mse=4.582987e-03 train_cos=0.996308 train_nmse=-21.463dB train_rec=0.000000e+00 train_recT=1.154369e-06 train_fc=2.393355e-03 train_decoder_tail=0.000000e+00
I 07.01/19:23:02 train_mapper.py:622 ] epoch=0233 train_loss=6.151211e-03 train_mse=4.584204e-03 train_cos=0.996308 train_nmse=-21.461dB train_rec=0.000000e+00 train_recT=1.154276e-06 train_fc=2.396155e-03 train_decoder_tail=0.000000e+00
I 07.01/19:24:08 train_mapper.py:622 ] epoch=0234 train_loss=6.161328e-03 train_mse=4.592974e-03 train_cos=0.996299 train_nmse=-21.453dB train_rec=0.000000e+00 train_recT=1.154976e-06 train_fc=2.400558e-03 train_decoder_tail=0.000000e+00
I 07.01/19:25:15 train_mapper.py:622 ] epoch=0235 train_loss=6.142436e-03 train_mse=4.577389e-03 train_cos=0.996310 train_nmse=-21.468dB train_rec=0.000000e+00 train_recT=1.149915e-06 train_fc=2.390231e-03 train_decoder_tail=0.000000e+00
I 07.01/19:26:22 train_mapper.py:622 ] epoch=0236 train_loss=6.073083e-03 train_mse=4.522778e-03 train_cos=0.996360 train_nmse=-21.519dB train_rec=0.000000e+00 train_recT=1.139394e-06 train_fc=2.361626e-03 train_decoder_tail=0.000000e+00
I 07.01/19:27:29 train_mapper.py:622 ] epoch=0237 train_loss=6.098594e-03 train_mse=4.541572e-03 train_cos=0.996339 train_nmse=-21.502dB train_rec=0.000000e+00 train_recT=1.143169e-06 train_fc=2.372359e-03 train_decoder_tail=0.000000e+00
I 07.01/19:28:34 train_mapper.py:622 ] epoch=0238 train_loss=6.112137e-03 train_mse=4.554825e-03 train_cos=0.996324 train_nmse=-21.489dB train_rec=0.000000e+00 train_recT=1.143486e-06 train_fc=2.374430e-03 train_decoder_tail=0.000000e+00
I 07.01/19:29:39 train_mapper.py:622 ] epoch=0239 train_loss=6.056931e-03 train_mse=4.510275e-03 train_cos=0.996364 train_nmse=-21.532dB train_rec=0.000000e+00 train_recT=1.130065e-06 train_fc=2.350958e-03 train_decoder_tail=0.000000e+00
I 07.01/19:30:48 train_mapper.py:622 ] epoch=0240 train_loss=5.978081e-03 train_mse=4.447648e-03 train_cos=0.996415 train_nmse=-21.592dB train_rec=0.000000e+00 train_recT=1.117387e-06 train_fc=2.317992e-03 train_decoder_tail=0.000000e+00
I 07.01/19:31:55 train_mapper.py:622 ] epoch=0241 train_loss=5.952337e-03 train_mse=4.426772e-03 train_cos=0.996433 train_nmse=-21.613dB train_rec=0.000000e+00 train_recT=1.107872e-06 train_fc=2.310278e-03 train_decoder_tail=0.000000e+00
I 07.01/19:33:00 train_mapper.py:622 ] epoch=0242 train_loss=5.985886e-03 train_mse=4.453103e-03 train_cos=0.996411 train_nmse=-21.587dB train_rec=0.000000e+00 train_recT=1.113404e-06 train_fc=2.322813e-03 train_decoder_tail=0.000000e+00
I 07.01/19:34:07 train_mapper.py:622 ] epoch=0243 train_loss=5.940746e-03 train_mse=4.417866e-03 train_cos=0.996442 train_nmse=-21.622dB train_rec=0.000000e+00 train_recT=1.109011e-06 train_fc=2.304353e-03 train_decoder_tail=0.000000e+00
I 07.01/19:35:12 train_mapper.py:622 ] epoch=0244 train_loss=6.003745e-03 train_mse=4.468249e-03 train_cos=0.996399 train_nmse=-21.572dB train_rec=0.000000e+00 train_recT=1.121593e-06 train_fc=2.332816e-03 train_decoder_tail=0.000000e+00
I 07.01/19:36:20 train_mapper.py:622 ] epoch=0245 train_loss=5.999663e-03 train_mse=4.466663e-03 train_cos=0.996404 train_nmse=-21.574dB train_rec=0.000000e+00 train_recT=1.123050e-06 train_fc=2.333390e-03 train_decoder_tail=0.000000e+00
I 07.01/19:37:25 train_mapper.py:622 ] epoch=0246 train_loss=5.962299e-03 train_mse=4.437784e-03 train_cos=0.996427 train_nmse=-21.602dB train_rec=0.000000e+00 train_recT=1.114153e-06 train_fc=2.320503e-03 train_decoder_tail=0.000000e+00
I 07.01/19:38:32 train_mapper.py:622 ] epoch=0247 train_loss=5.979254e-03 train_mse=4.448737e-03 train_cos=0.996415 train_nmse=-21.591dB train_rec=0.000000e+00 train_recT=1.116285e-06 train_fc=2.325954e-03 train_decoder_tail=0.000000e+00
I 07.01/19:39:38 train_mapper.py:622 ] epoch=0248 train_loss=5.992135e-03 train_mse=4.459891e-03 train_cos=0.996408 train_nmse=-21.580dB train_rec=0.000000e+00 train_recT=1.122235e-06 train_fc=2.331905e-03 train_decoder_tail=0.000000e+00
I 07.01/19:40:43 train_mapper.py:622 ] epoch=0249 train_loss=5.935737e-03 train_mse=4.415947e-03 train_cos=0.996445 train_nmse=-21.623dB train_rec=0.000000e+00 train_recT=1.108434e-06 train_fc=2.309545e-03 train_decoder_tail=0.000000e+00
I 07.01/19:41:50 train_mapper.py:622 ] epoch=0250 train_loss=5.943213e-03 train_mse=4.421095e-03 train_cos=0.996439 train_nmse=-21.618dB train_rec=0.000000e+00 train_recT=1.108596e-06 train_fc=2.307657e-03 train_decoder_tail=0.000000e+00
I 07.01/19:42:58 train_mapper.py:622 ] epoch=0251 train_loss=5.861377e-03 train_mse=4.357463e-03 train_cos=0.996490 train_nmse=-21.681dB train_rec=0.000000e+00 train_recT=1.088829e-06 train_fc=2.276483e-03 train_decoder_tail=0.000000e+00
I 07.01/19:44:06 train_mapper.py:622 ] epoch=0252 train_loss=5.865628e-03 train_mse=4.360630e-03 train_cos=0.996486 train_nmse=-21.678dB train_rec=0.000000e+00 train_recT=1.092829e-06 train_fc=2.278624e-03 train_decoder_tail=0.000000e+00
I 07.01/19:45:09 train_mapper.py:622 ] epoch=0253 train_loss=5.872224e-03 train_mse=4.365267e-03 train_cos=0.996483 train_nmse=-21.674dB train_rec=0.000000e+00 train_recT=1.092614e-06 train_fc=2.282611e-03 train_decoder_tail=0.000000e+00
I 07.01/19:46:15 train_mapper.py:622 ] epoch=0254 train_loss=5.792407e-03 train_mse=4.301733e-03 train_cos=0.996539 train_nmse=-21.737dB train_rec=0.000000e+00 train_recT=1.075598e-06 train_fc=2.246579e-03 train_decoder_tail=0.000000e+00
I 07.01/19:47:26 train_mapper.py:622 ] epoch=0255 train_loss=5.832103e-03 train_mse=4.331588e-03 train_cos=0.996509 train_nmse=-21.707dB train_rec=0.000000e+00 train_recT=1.082995e-06 train_fc=2.259704e-03 train_decoder_tail=0.000000e+00
I 07.01/19:48:33 train_mapper.py:622 ] epoch=0256 train_loss=5.812753e-03 train_mse=4.319312e-03 train_cos=0.996519 train_nmse=-21.719dB train_rec=0.000000e+00 train_recT=1.077582e-06 train_fc=2.256574e-03 train_decoder_tail=0.000000e+00
I 07.01/19:49:38 train_mapper.py:622 ] epoch=0257 train_loss=5.812222e-03 train_mse=4.319038e-03 train_cos=0.996517 train_nmse=-21.720dB train_rec=0.000000e+00 train_recT=1.074384e-06 train_fc=2.254851e-03 train_decoder_tail=0.000000e+00
I 07.01/19:50:44 train_mapper.py:622 ] epoch=0258 train_loss=5.804014e-03 train_mse=4.311272e-03 train_cos=0.996525 train_nmse=-21.728dB train_rec=0.000000e+00 train_recT=1.076062e-06 train_fc=2.248863e-03 train_decoder_tail=0.000000e+00
I 07.01/19:51:52 train_mapper.py:622 ] epoch=0259 train_loss=5.802058e-03 train_mse=4.311254e-03 train_cos=0.996528 train_nmse=-21.727dB train_rec=0.000000e+00 train_recT=1.075784e-06 train_fc=2.252378e-03 train_decoder_tail=0.000000e+00
I 07.01/19:52:57 train_mapper.py:622 ] epoch=0260 train_loss=5.770890e-03 train_mse=4.285154e-03 train_cos=0.996548 train_nmse=-21.754dB train_rec=0.000000e+00 train_recT=1.071162e-06 train_fc=2.238579e-03 train_decoder_tail=0.000000e+00
I 07.01/19:54:10 train_mapper.py:622 ] epoch=0261 train_loss=5.776180e-03 train_mse=4.290739e-03 train_cos=0.996543 train_nmse=-21.748dB train_rec=0.000000e+00 train_recT=1.073086e-06 train_fc=2.243534e-03 train_decoder_tail=0.000000e+00
I 07.01/19:55:17 train_mapper.py:622 ] epoch=0262 train_loss=5.796136e-03 train_mse=4.305964e-03 train_cos=0.996532 train_nmse=-21.733dB train_rec=0.000000e+00 train_recT=1.080538e-06 train_fc=2.249399e-03 train_decoder_tail=0.000000e+00
I 07.01/19:56:24 train_mapper.py:622 ] epoch=0263 train_loss=5.796861e-03 train_mse=4.306153e-03 train_cos=0.996531 train_nmse=-21.733dB train_rec=0.000000e+00 train_recT=1.079389e-06 train_fc=2.249128e-03 train_decoder_tail=0.000000e+00
I 07.01/19:57:29 train_mapper.py:622 ] epoch=0264 train_loss=5.713186e-03 train_mse=4.240581e-03 train_cos=0.996586 train_nmse=-21.800dB train_rec=0.000000e+00 train_recT=1.060878e-06 train_fc=2.218214e-03 train_decoder_tail=0.000000e+00
I 07.01/19:58:38 train_mapper.py:622 ] epoch=0265 train_loss=5.682572e-03 train_mse=4.217317e-03 train_cos=0.996602 train_nmse=-21.823dB train_rec=0.000000e+00 train_recT=1.052787e-06 train_fc=2.206114e-03 train_decoder_tail=0.000000e+00
I 07.01/19:59:49 train_mapper.py:622 ] epoch=0266 train_loss=5.634617e-03 train_mse=4.179104e-03 train_cos=0.996634 train_nmse=-21.863dB train_rec=0.000000e+00 train_recT=1.040590e-06 train_fc=2.185162e-03 train_decoder_tail=0.000000e+00
I 07.01/20:01:00 train_mapper.py:622 ] epoch=0267 train_loss=5.746911e-03 train_mse=4.268768e-03 train_cos=0.996557 train_nmse=-21.771dB train_rec=0.000000e+00 train_recT=1.064237e-06 train_fc=2.232387e-03 train_decoder_tail=0.000000e+00
I 07.01/20:02:10 train_mapper.py:622 ] epoch=0268 train_loss=5.738837e-03 train_mse=4.262592e-03 train_cos=0.996564 train_nmse=-21.777dB train_rec=0.000000e+00 train_recT=1.065711e-06 train_fc=2.232831e-03 train_decoder_tail=0.000000e+00
I 07.01/20:03:15 train_mapper.py:622 ] epoch=0269 train_loss=5.694883e-03 train_mse=4.229566e-03 train_cos=0.996594 train_nmse=-21.811dB train_rec=0.000000e+00 train_recT=1.054965e-06 train_fc=2.213497e-03 train_decoder_tail=0.000000e+00
I 07.01/20:04:21 train_mapper.py:622 ] epoch=0270 train_loss=5.666815e-03 train_mse=4.205504e-03 train_cos=0.996612 train_nmse=-21.836dB train_rec=0.000000e+00 train_recT=1.050849e-06 train_fc=2.202819e-03 train_decoder_tail=0.000000e+00
I 07.01/20:05:30 train_mapper.py:622 ] epoch=0271 train_loss=5.674535e-03 train_mse=4.212985e-03 train_cos=0.996610 train_nmse=-21.828dB train_rec=0.000000e+00 train_recT=1.053555e-06 train_fc=2.208874e-03 train_decoder_tail=0.000000e+00
I 07.01/20:06:37 train_mapper.py:622 ] epoch=0272 train_loss=5.685496e-03 train_mse=4.219287e-03 train_cos=0.996599 train_nmse=-21.821dB train_rec=0.000000e+00 train_recT=1.053510e-06 train_fc=2.207479e-03 train_decoder_tail=0.000000e+00
I 07.01/20:07:42 train_mapper.py:622 ] epoch=0273 train_loss=5.647796e-03 train_mse=4.193382e-03 train_cos=0.996623 train_nmse=-21.848dB train_rec=0.000000e+00 train_recT=1.046732e-06 train_fc=2.194646e-03 train_decoder_tail=0.000000e+00
I 07.01/20:08:48 train_mapper.py:622 ] epoch=0274 train_loss=5.555257e-03 train_mse=4.117965e-03 train_cos=0.996684 train_nmse=-21.927dB train_rec=0.000000e+00 train_recT=1.028569e-06 train_fc=2.155854e-03 train_decoder_tail=0.000000e+00
I 07.01/20:09:59 train_mapper.py:622 ] epoch=0275 train_loss=5.589733e-03 train_mse=4.144898e-03 train_cos=0.996657 train_nmse=-21.899dB train_rec=0.000000e+00 train_recT=1.030034e-06 train_fc=2.166953e-03 train_decoder_tail=0.000000e+00
I 07.01/20:11:07 train_mapper.py:622 ] epoch=0276 train_loss=5.555602e-03 train_mse=4.118122e-03 train_cos=0.996684 train_nmse=-21.927dB train_rec=0.000000e+00 train_recT=1.025549e-06 train_fc=2.152978e-03 train_decoder_tail=0.000000e+00
I 07.01/20:12:14 train_mapper.py:622 ] epoch=0277 train_loss=5.591353e-03 train_mse=4.146366e-03 train_cos=0.996657 train_nmse=-21.897dB train_rec=0.000000e+00 train_recT=1.031539e-06 train_fc=2.171787e-03 train_decoder_tail=0.000000e+00
I 07.01/20:13:20 train_mapper.py:622 ] epoch=0278 train_loss=5.592792e-03 train_mse=4.148412e-03 train_cos=0.996657 train_nmse=-21.895dB train_rec=0.000000e+00 train_recT=1.031707e-06 train_fc=2.170320e-03 train_decoder_tail=0.000000e+00
I 07.01/20:14:26 train_mapper.py:622 ] epoch=0279 train_loss=5.559245e-03 train_mse=4.122422e-03 train_cos=0.996675 train_nmse=-21.923dB train_rec=0.000000e+00 train_recT=1.022550e-06 train_fc=2.157043e-03 train_decoder_tail=0.000000e+00
I 07.01/20:15:34 train_mapper.py:622 ] epoch=0280 train_loss=5.540702e-03 train_mse=4.110007e-03 train_cos=0.996692 train_nmse=-21.935dB train_rec=0.000000e+00 train_recT=1.027157e-06 train_fc=2.153021e-03 train_decoder_tail=0.000000e+00
I 07.01/20:16:44 train_mapper.py:622 ] epoch=0281 train_loss=5.486500e-03 train_mse=4.065938e-03 train_cos=0.996725 train_nmse=-21.982dB train_rec=0.000000e+00 train_recT=1.009405e-06 train_fc=2.129309e-03 train_decoder_tail=0.000000e+00
I 07.01/20:17:52 train_mapper.py:622 ] epoch=0282 train_loss=5.506726e-03 train_mse=4.082376e-03 train_cos=0.996712 train_nmse=-21.964dB train_rec=0.000000e+00 train_recT=1.018513e-06 train_fc=2.137077e-03 train_decoder_tail=0.000000e+00
I 07.01/20:18:58 train_mapper.py:622 ] epoch=0283 train_loss=5.608143e-03 train_mse=4.161293e-03 train_cos=0.996643 train_nmse=-21.883dB train_rec=0.000000e+00 train_recT=1.038660e-06 train_fc=2.179633e-03 train_decoder_tail=0.000000e+00
I 07.01/20:20:00 train_mapper.py:622 ] epoch=0284 train_loss=5.556344e-03 train_mse=4.120510e-03 train_cos=0.996683 train_nmse=-21.924dB train_rec=0.000000e+00 train_recT=1.030971e-06 train_fc=2.158000e-03 train_decoder_tail=0.000000e+00
I 07.01/20:21:08 train_mapper.py:622 ] epoch=0285 train_loss=5.566782e-03 train_mse=4.131496e-03 train_cos=0.996669 train_nmse=-21.913dB train_rec=0.000000e+00 train_recT=1.030811e-06 train_fc=2.164363e-03 train_decoder_tail=0.000000e+00
I 07.01/20:22:16 train_mapper.py:622 ] epoch=0286 train_loss=5.510845e-03 train_mse=4.087451e-03 train_cos=0.996708 train_nmse=-21.959dB train_rec=0.000000e+00 train_recT=1.018787e-06 train_fc=2.142581e-03 train_decoder_tail=0.000000e+00
I 07.01/20:23:23 train_mapper.py:622 ] epoch=0287 train_loss=5.424302e-03 train_mse=4.018580e-03 train_cos=0.996764 train_nmse=-22.033dB train_rec=0.000000e+00 train_recT=9.984172e-07 train_fc=2.106339e-03 train_decoder_tail=0.000000e+00
I 07.01/20:24:32 train_mapper.py:622 ] epoch=0288 train_loss=5.430882e-03 train_mse=4.021721e-03 train_cos=0.996757 train_nmse=-22.030dB train_rec=0.000000e+00 train_recT=9.962305e-07 train_fc=2.108300e-03 train_decoder_tail=0.000000e+00
I 07.01/20:25:40 train_mapper.py:622 ] epoch=0289 train_loss=5.469582e-03 train_mse=4.054453e-03 train_cos=0.996732 train_nmse=-21.994dB train_rec=0.000000e+00 train_recT=1.006561e-06 train_fc=2.125505e-03 train_decoder_tail=0.000000e+00
I 07.01/20:26:47 train_mapper.py:622 ] epoch=0290 train_loss=5.386756e-03 train_mse=3.988780e-03 train_cos=0.996788 train_nmse=-22.065dB train_rec=0.000000e+00 train_recT=9.891729e-07 train_fc=2.090179e-03 train_decoder_tail=0.000000e+00
I 07.01/20:27:53 train_mapper.py:622 ] epoch=0291 train_loss=5.409399e-03 train_mse=4.007831e-03 train_cos=0.996771 train_nmse=-22.045dB train_rec=0.000000e+00 train_recT=9.943909e-07 train_fc=2.101156e-03 train_decoder_tail=0.000000e+00
I 07.01/20:29:00 train_mapper.py:622 ] epoch=0292 train_loss=5.464233e-03 train_mse=4.050866e-03 train_cos=0.996736 train_nmse=-21.998dB train_rec=0.000000e+00 train_recT=1.008492e-06 train_fc=2.123390e-03 train_decoder_tail=0.000000e+00
I 07.01/20:30:09 train_mapper.py:622 ] epoch=0293 train_loss=5.441258e-03 train_mse=4.033456e-03 train_cos=0.996751 train_nmse=-22.018dB train_rec=0.000000e+00 train_recT=1.003953e-06 train_fc=2.116148e-03 train_decoder_tail=0.000000e+00
I 07.01/20:31:15 train_mapper.py:622 ] epoch=0294 train_loss=5.412887e-03 train_mse=4.011032e-03 train_cos=0.996772 train_nmse=-22.041dB train_rec=0.000000e+00 train_recT=9.996840e-07 train_fc=2.101852e-03 train_decoder_tail=0.000000e+00
I 07.01/20:32:24 train_mapper.py:622 ] epoch=0295 train_loss=5.422194e-03 train_mse=4.019729e-03 train_cos=0.996763 train_nmse=-22.032dB train_rec=0.000000e+00 train_recT=9.981652e-07 train_fc=2.106811e-03 train_decoder_tail=0.000000e+00
I 07.01/20:33:30 train_mapper.py:622 ] epoch=0296 train_loss=5.352654e-03 train_mse=3.964494e-03 train_cos=0.996807 train_nmse=-22.092dB train_rec=0.000000e+00 train_recT=9.827181e-07 train_fc=2.080063e-03 train_decoder_tail=0.000000e+00
I 07.01/20:34:36 train_mapper.py:622 ] epoch=0297 train_loss=5.339092e-03 train_mse=3.955075e-03 train_cos=0.996814 train_nmse=-22.102dB train_rec=0.000000e+00 train_recT=9.788965e-07 train_fc=2.074304e-03 train_decoder_tail=0.000000e+00
I 07.01/20:35:46 train_mapper.py:622 ] epoch=0298 train_loss=5.332572e-03 train_mse=3.949091e-03 train_cos=0.996817 train_nmse=-22.109dB train_rec=0.000000e+00 train_recT=9.805804e-07 train_fc=2.072056e-03 train_decoder_tail=0.000000e+00
I 07.01/20:36:54 train_mapper.py:622 ] epoch=0299 train_loss=5.341709e-03 train_mse=3.957990e-03 train_cos=0.996810 train_nmse=-22.099dB train_rec=0.000000e+00 train_recT=9.805247e-07 train_fc=2.077261e-03 train_decoder_tail=0.000000e+00
I 07.01/20:38:01 train_mapper.py:622 ] epoch=0300 train_loss=5.356011e-03 train_mse=3.968429e-03 train_cos=0.996801 train_nmse=-22.088dB train_rec=0.000000e+00 train_recT=9.845196e-07 train_fc=2.081383e-03 train_decoder_tail=0.000000e+00
I 07.01/20:39:10 train_mapper.py:622 ] epoch=0301 train_loss=5.399963e-03 train_mse=4.004850e-03 train_cos=0.996771 train_nmse=-22.048dB train_rec=0.000000e+00 train_recT=9.976240e-07 train_fc=2.104263e-03 train_decoder_tail=0.000000e+00
I 07.01/20:40:15 train_mapper.py:622 ] epoch=0302 train_loss=5.391403e-03 train_mse=3.999109e-03 train_cos=0.996778 train_nmse=-22.054dB train_rec=0.000000e+00 train_recT=9.986834e-07 train_fc=2.100520e-03 train_decoder_tail=0.000000e+00
I 07.01/20:41:22 train_mapper.py:622 ] epoch=0303 train_loss=5.305623e-03 train_mse=3.931061e-03 train_cos=0.996835 train_nmse=-22.129dB train_rec=0.000000e+00 train_recT=9.743156e-07 train_fc=2.065525e-03 train_decoder_tail=0.000000e+00
I 07.01/20:42:32 train_mapper.py:622 ] epoch=0304 train_loss=5.263066e-03 train_mse=3.896340e-03 train_cos=0.996866 train_nmse=-22.167dB train_rec=0.000000e+00 train_recT=9.662520e-07 train_fc=2.047641e-03 train_decoder_tail=0.000000e+00
I 07.01/20:43:40 train_mapper.py:622 ] epoch=0305 train_loss=5.268923e-03 train_mse=3.902187e-03 train_cos=0.996859 train_nmse=-22.161dB train_rec=0.000000e+00 train_recT=9.678174e-07 train_fc=2.049428e-03 train_decoder_tail=0.000000e+00
I 07.01/20:44:48 train_mapper.py:622 ] epoch=0306 train_loss=5.336023e-03 train_mse=3.953358e-03 train_cos=0.996813 train_nmse=-22.104dB train_rec=0.000000e+00 train_recT=9.795615e-07 train_fc=2.072692e-03 train_decoder_tail=0.000000e+00
I 07.01/20:45:56 train_mapper.py:622 ] epoch=0307 train_loss=5.284919e-03 train_mse=3.916571e-03 train_cos=0.996847 train_nmse=-22.145dB train_rec=0.000000e+00 train_recT=9.713360e-07 train_fc=2.056652e-03 train_decoder_tail=0.000000e+00
I 07.01/20:47:06 train_mapper.py:622 ] epoch=0308 train_loss=5.311305e-03 train_mse=3.936975e-03 train_cos=0.996828 train_nmse=-22.122dB train_rec=0.000000e+00 train_recT=9.780859e-07 train_fc=2.065820e-03 train_decoder_tail=0.000000e+00
I 07.01/20:48:12 train_mapper.py:622 ] epoch=0309 train_loss=5.267830e-03 train_mse=3.902433e-03 train_cos=0.996858 train_nmse=-22.160dB train_rec=0.000000e+00 train_recT=9.698059e-07 train_fc=2.049833e-03 train_decoder_tail=0.000000e+00
I 07.01/20:49:17 train_mapper.py:622 ] epoch=0310 train_loss=5.184593e-03 train_mse=3.836356e-03 train_cos=0.996915 train_nmse=-22.234dB train_rec=0.000000e+00 train_recT=9.528841e-07 train_fc=2.015881e-03 train_decoder_tail=0.000000e+00
I 07.01/20:50:28 train_mapper.py:622 ] epoch=0311 train_loss=5.278474e-03 train_mse=3.911815e-03 train_cos=0.996846 train_nmse=-22.151dB train_rec=0.000000e+00 train_recT=9.737717e-07 train_fc=2.056027e-03 train_decoder_tail=0.000000e+00
I 07.01/20:51:36 train_mapper.py:622 ] epoch=0312 train_loss=5.236341e-03 train_mse=3.882219e-03 train_cos=0.996877 train_nmse=-22.183dB train_rec=0.000000e+00 train_recT=9.678396e-07 train_fc=2.042645e-03 train_decoder_tail=0.000000e+00
I 07.01/20:52:43 train_mapper.py:622 ] epoch=0313 train_loss=5.235821e-03 train_mse=3.878932e-03 train_cos=0.996873 train_nmse=-22.187dB train_rec=0.000000e+00 train_recT=9.599579e-07 train_fc=2.038079e-03 train_decoder_tail=0.000000e+00
I 07.01/20:53:51 train_mapper.py:622 ] epoch=0314 train_loss=5.197425e-03 train_mse=3.850457e-03 train_cos=0.996900 train_nmse=-22.218dB train_rec=0.000000e+00 train_recT=9.547912e-07 train_fc=2.022738e-03 train_decoder_tail=0.000000e+00
I 07.01/20:54:58 train_mapper.py:622 ] epoch=0315 train_loss=5.136245e-03 train_mse=3.800984e-03 train_cos=0.996941 train_nmse=-22.275dB train_rec=0.000000e+00 train_recT=9.428505e-07 train_fc=1.999983e-03 train_decoder_tail=0.000000e+00
I 07.01/20:56:10 train_mapper.py:622 ] epoch=0316 train_loss=5.253020e-03 train_mse=3.893957e-03 train_cos=0.996861 train_nmse=-22.170dB train_rec=0.000000e+00 train_recT=9.650463e-07 train_fc=2.045074e-03 train_decoder_tail=0.000000e+00
I 07.01/20:57:19 train_mapper.py:622 ] epoch=0317 train_loss=5.198130e-03 train_mse=3.852176e-03 train_cos=0.996899 train_nmse=-22.217dB train_rec=0.000000e+00 train_recT=9.533666e-07 train_fc=2.025975e-03 train_decoder_tail=0.000000e+00
I 07.01/20:58:28 train_mapper.py:622 ] epoch=0318 train_loss=5.149285e-03 train_mse=3.813440e-03 train_cos=0.996930 train_nmse=-22.260dB train_rec=0.000000e+00 train_recT=9.471787e-07 train_fc=2.008106e-03 train_decoder_tail=0.000000e+00
I 07.01/20:59:38 train_mapper.py:622 ] epoch=0319 train_loss=5.167189e-03 train_mse=3.829355e-03 train_cos=0.996916 train_nmse=-22.242dB train_rec=0.000000e+00 train_recT=9.503522e-07 train_fc=2.017705e-03 train_decoder_tail=0.000000e+00
I 07.01/21:00:46 train_mapper.py:622 ] epoch=0320 train_loss=5.210795e-03 train_mse=3.862189e-03 train_cos=0.996886 train_nmse=-22.206dB train_rec=0.000000e+00 train_recT=9.620600e-07 train_fc=2.031143e-03 train_decoder_tail=0.000000e+00
I 07.01/21:01:52 train_mapper.py:622 ] epoch=0321 train_loss=5.131018e-03 train_mse=3.800814e-03 train_cos=0.996941 train_nmse=-22.275dB train_rec=0.000000e+00 train_recT=9.393295e-07 train_fc=1.996820e-03 train_decoder_tail=0.000000e+00
I 07.01/21:03:01 train_mapper.py:622 ] epoch=0322 train_loss=5.066107e-03 train_mse=3.748603e-03 train_cos=0.996980 train_nmse=-22.335dB train_rec=0.000000e+00 train_recT=9.238074e-07 train_fc=1.972195e-03 train_decoder_tail=0.000000e+00
I 07.01/21:04:09 train_mapper.py:622 ] epoch=0323 train_loss=5.054402e-03 train_mse=3.739925e-03 train_cos=0.996988 train_nmse=-22.345dB train_rec=0.000000e+00 train_recT=9.210854e-07 train_fc=1.968532e-03 train_decoder_tail=0.000000e+00
I 07.01/21:05:18 train_mapper.py:622 ] epoch=0324 train_loss=5.116880e-03 train_mse=3.789531e-03 train_cos=0.996945 train_nmse=-22.288dB train_rec=0.000000e+00 train_recT=9.350843e-07 train_fc=1.993299e-03 train_decoder_tail=0.000000e+00
I 07.01/21:06:24 train_mapper.py:622 ] epoch=0325 train_loss=5.146940e-03 train_mse=3.816081e-03 train_cos=0.996925 train_nmse=-22.258dB train_rec=0.000000e+00 train_recT=9.409539e-07 train_fc=2.009168e-03 train_decoder_tail=0.000000e+00
I 07.01/21:07:30 train_mapper.py:622 ] epoch=0326 train_loss=5.109065e-03 train_mse=3.785788e-03 train_cos=0.996952 train_nmse=-22.293dB train_rec=0.000000e+00 train_recT=9.366940e-07 train_fc=1.991577e-03 train_decoder_tail=0.000000e+00
I 07.01/21:08:36 train_mapper.py:622 ] epoch=0327 train_loss=5.117732e-03 train_mse=3.793042e-03 train_cos=0.996947 train_nmse=-22.284dB train_rec=0.000000e+00 train_recT=9.425041e-07 train_fc=1.996797e-03 train_decoder_tail=0.000000e+00
I 07.01/21:09:43 train_mapper.py:622 ] epoch=0328 train_loss=5.035195e-03 train_mse=3.727751e-03 train_cos=0.997000 train_nmse=-22.359dB train_rec=0.000000e+00 train_recT=9.201493e-07 train_fc=1.964775e-03 train_decoder_tail=0.000000e+00
I 07.01/21:10:51 train_mapper.py:622 ] epoch=0329 train_loss=5.032450e-03 train_mse=3.726742e-03 train_cos=0.997001 train_nmse=-22.360dB train_rec=0.000000e+00 train_recT=9.184787e-07 train_fc=1.961910e-03 train_decoder_tail=0.000000e+00
I 07.01/21:11:58 train_mapper.py:622 ] epoch=0330 train_loss=5.051323e-03 train_mse=3.742177e-03 train_cos=0.996987 train_nmse=-22.342dB train_rec=0.000000e+00 train_recT=9.234291e-07 train_fc=1.971119e-03 train_decoder_tail=0.000000e+00
I 07.01/21:13:07 train_mapper.py:622 ] epoch=0331 train_loss=5.043895e-03 train_mse=3.735805e-03 train_cos=0.996992 train_nmse=-22.350dB train_rec=0.000000e+00 train_recT=9.213601e-07 train_fc=1.966526e-03 train_decoder_tail=0.000000e+00
I 07.01/21:14:14 train_mapper.py:622 ] epoch=0332 train_loss=5.043588e-03 train_mse=3.735505e-03 train_cos=0.996993 train_nmse=-22.350dB train_rec=0.000000e+00 train_recT=9.235501e-07 train_fc=1.969813e-03 train_decoder_tail=0.000000e+00
I 07.01/21:15:20 train_mapper.py:622 ] epoch=0333 train_loss=5.088149e-03 train_mse=3.772711e-03 train_cos=0.996963 train_nmse=-22.307dB train_rec=0.000000e+00 train_recT=9.337051e-07 train_fc=1.989367e-03 train_decoder_tail=0.000000e+00
I 07.01/21:16:27 train_mapper.py:622 ] epoch=0334 train_loss=5.021150e-03 train_mse=3.720384e-03 train_cos=0.997008 train_nmse=-22.368dB train_rec=0.000000e+00 train_recT=9.228435e-07 train_fc=1.964523e-03 train_decoder_tail=0.000000e+00
I 07.01/21:17:36 train_mapper.py:622 ] epoch=0335 train_loss=5.079679e-03 train_mse=3.766251e-03 train_cos=0.996967 train_nmse=-22.315dB train_rec=0.000000e+00 train_recT=9.326637e-07 train_fc=1.987888e-03 train_decoder_tail=0.000000e+00
I 07.01/21:18:43 train_mapper.py:622 ] epoch=0336 train_loss=5.094569e-03 train_mse=3.780620e-03 train_cos=0.996960 train_nmse=-22.298dB train_rec=0.000000e+00 train_recT=9.461277e-07 train_fc=1.998012e-03 train_decoder_tail=0.000000e+00
I 07.01/21:19:49 train_mapper.py:622 ] epoch=0337 train_loss=4.997639e-03 train_mse=3.702602e-03 train_cos=0.997025 train_nmse=-22.388dB train_rec=0.000000e+00 train_recT=9.182704e-07 train_fc=1.954895e-03 train_decoder_tail=0.000000e+00
I 07.01/21:20:58 train_mapper.py:622 ] epoch=0338 train_loss=5.036086e-03 train_mse=3.735200e-03 train_cos=0.996994 train_nmse=-22.351dB train_rec=0.000000e+00 train_recT=9.303641e-07 train_fc=1.972399e-03 train_decoder_tail=0.000000e+00
I 07.01/21:22:07 train_mapper.py:622 ] epoch=0339 train_loss=4.947290e-03 train_mse=3.663366e-03 train_cos=0.997053 train_nmse=-22.435dB train_rec=0.000000e+00 train_recT=9.064037e-07 train_fc=1.934736e-03 train_decoder_tail=0.000000e+00
I 07.01/21:23:15 train_mapper.py:622 ] epoch=0340 train_loss=4.942705e-03 train_mse=3.660346e-03 train_cos=0.997052 train_nmse=-22.438dB train_rec=0.000000e+00 train_recT=9.040231e-07 train_fc=1.930916e-03 train_decoder_tail=0.000000e+00
I 07.01/21:24:26 train_mapper.py:622 ] epoch=0341 train_loss=4.926003e-03 train_mse=3.648314e-03 train_cos=0.997060 train_nmse=-22.453dB train_rec=0.000000e+00 train_recT=8.969058e-07 train_fc=1.923595e-03 train_decoder_tail=0.000000e+00
I 07.01/21:25:34 train_mapper.py:622 ] epoch=0342 train_loss=4.916563e-03 train_mse=3.641527e-03 train_cos=0.997068 train_nmse=-22.461dB train_rec=0.000000e+00 train_recT=8.993229e-07 train_fc=1.922838e-03 train_decoder_tail=0.000000e+00
I 07.01/21:26:44 train_mapper.py:622 ] epoch=0343 train_loss=4.932066e-03 train_mse=3.654700e-03 train_cos=0.997056 train_nmse=-22.445dB train_rec=0.000000e+00 train_recT=9.012360e-07 train_fc=1.928263e-03 train_decoder_tail=0.000000e+00
I 07.01/21:27:51 train_mapper.py:622 ] epoch=0344 train_loss=4.946788e-03 train_mse=3.665959e-03 train_cos=0.997048 train_nmse=-22.432dB train_rec=0.000000e+00 train_recT=9.025287e-07 train_fc=1.933243e-03 train_decoder_tail=0.000000e+00
I 07.01/21:28:58 train_mapper.py:622 ] epoch=0345 train_loss=4.979110e-03 train_mse=3.694525e-03 train_cos=0.997026 train_nmse=-22.398dB train_rec=0.000000e+00 train_recT=9.150878e-07 train_fc=1.950856e-03 train_decoder_tail=0.000000e+00
I 07.01/21:30:08 train_mapper.py:622 ] epoch=0346 train_loss=4.849295e-03 train_mse=3.588451e-03 train_cos=0.997117 train_nmse=-22.524dB train_rec=0.000000e+00 train_recT=8.880139e-07 train_fc=1.897855e-03 train_decoder_tail=0.000000e+00
I 07.01/21:31:19 train_mapper.py:622 ] epoch=0347 train_loss=4.928025e-03 train_mse=3.652833e-03 train_cos=0.997059 train_nmse=-22.448dB train_rec=0.000000e+00 train_recT=9.014011e-07 train_fc=1.931067e-03 train_decoder_tail=0.000000e+00
I 07.01/21:32:22 train_mapper.py:622 ] epoch=0348 train_loss=4.883687e-03 train_mse=3.618218e-03 train_cos=0.997088 train_nmse=-22.489dB train_rec=0.000000e+00 train_recT=8.931839e-07 train_fc=1.913081e-03 train_decoder_tail=0.000000e+00
I 07.01/21:33:29 train_mapper.py:622 ] epoch=0349 train_loss=4.935863e-03 train_mse=3.660648e-03 train_cos=0.997053 train_nmse=-22.438dB train_rec=0.000000e+00 train_recT=9.050724e-07 train_fc=1.934817e-03 train_decoder_tail=0.000000e+00
I 07.01/21:34:35 train_mapper.py:622 ] epoch=0350 train_loss=4.900359e-03 train_mse=3.633103e-03 train_cos=0.997080 train_nmse=-22.471dB train_rec=0.000000e+00 train_recT=9.027178e-07 train_fc=1.922682e-03 train_decoder_tail=0.000000e+00
I 07.01/21:35:42 train_mapper.py:622 ] epoch=0351 train_loss=4.859994e-03 train_mse=3.601069e-03 train_cos=0.997106 train_nmse=-22.509dB train_rec=0.000000e+00 train_recT=8.913391e-07 train_fc=1.908870e-03 train_decoder_tail=0.000000e+00
I 07.01/21:36:41 train_mapper.py:622 ] epoch=0352 train_loss=5.001440e-03 train_mse=3.713599e-03 train_cos=0.997006 train_nmse=-22.377dB train_rec=0.000000e+00 train_recT=9.213460e-07 train_fc=1.965474e-03 train_decoder_tail=0.000000e+00
I 07.01/21:37:49 train_mapper.py:622 ] epoch=0353 train_loss=4.912625e-03 train_mse=3.644875e-03 train_cos=0.997071 train_nmse=-22.457dB train_rec=0.000000e+00 train_recT=9.036643e-07 train_fc=1.928190e-03 train_decoder_tail=0.000000e+00
I 07.01/21:38:58 train_mapper.py:622 ] epoch=0354 train_loss=4.820152e-03 train_mse=3.569981e-03 train_cos=0.997129 train_nmse=-22.547dB train_rec=0.000000e+00 train_recT=8.819869e-07 train_fc=1.891396e-03 train_decoder_tail=0.000000e+00
I 07.01/21:40:09 train_mapper.py:622 ] epoch=0355 train_loss=4.855609e-03 train_mse=3.600481e-03 train_cos=0.997099 train_nmse=-22.510dB train_rec=0.000000e+00 train_recT=8.852835e-07 train_fc=1.903442e-03 train_decoder_tail=0.000000e+00
I 07.01/21:41:16 train_mapper.py:622 ] epoch=0356 train_loss=4.770658e-03 train_mse=3.531861e-03 train_cos=0.997156 train_nmse=-22.594dB train_rec=0.000000e+00 train_recT=8.690695e-07 train_fc=1.866748e-03 train_decoder_tail=0.000000e+00
I 07.01/21:42:23 train_mapper.py:622 ] epoch=0357 train_loss=4.782549e-03 train_mse=3.542428e-03 train_cos=0.997145 train_nmse=-22.581dB train_rec=0.000000e+00 train_recT=8.710386e-07 train_fc=1.871040e-03 train_decoder_tail=0.000000e+00
I 07.01/21:43:29 train_mapper.py:622 ] epoch=0358 train_loss=4.806803e-03 train_mse=3.563397e-03 train_cos=0.997129 train_nmse=-22.555dB train_rec=0.000000e+00 train_recT=8.784516e-07 train_fc=1.880602e-03 train_decoder_tail=0.000000e+00
I 07.01/21:44:32 train_mapper.py:622 ] epoch=0359 train_loss=4.738375e-03 train_mse=3.509311e-03 train_cos=0.997179 train_nmse=-22.622dB train_rec=0.000000e+00 train_recT=8.656458e-07 train_fc=1.856442e-03 train_decoder_tail=0.000000e+00
I 07.01/21:45:43 train_mapper.py:622 ] epoch=0360 train_loss=4.809153e-03 train_mse=3.566038e-03 train_cos=0.997126 train_nmse=-22.552dB train_rec=0.000000e+00 train_recT=8.753419e-07 train_fc=1.886551e-03 train_decoder_tail=0.000000e+00
I 07.01/21:46:49 train_mapper.py:622 ] epoch=0361 train_loss=4.794008e-03 train_mse=3.553535e-03 train_cos=0.997143 train_nmse=-22.567dB train_rec=0.000000e+00 train_recT=8.764833e-07 train_fc=1.881778e-03 train_decoder_tail=0.000000e+00
I 07.01/21:47:53 train_mapper.py:622 ] epoch=0362 train_loss=4.804038e-03 train_mse=3.563553e-03 train_cos=0.997135 train_nmse=-22.555dB train_rec=0.000000e+00 train_recT=8.809506e-07 train_fc=1.887068e-03 train_decoder_tail=0.000000e+00
I 07.01/21:49:03 train_mapper.py:622 ] epoch=0363 train_loss=4.813777e-03 train_mse=3.571455e-03 train_cos=0.997128 train_nmse=-22.546dB train_rec=0.000000e+00 train_recT=8.811633e-07 train_fc=1.891741e-03 train_decoder_tail=0.000000e+00
I 07.01/21:50:11 train_mapper.py:622 ] epoch=0364 train_loss=4.835078e-03 train_mse=3.588863e-03 train_cos=0.997112 train_nmse=-22.524dB train_rec=0.000000e+00 train_recT=8.884240e-07 train_fc=1.902526e-03 train_decoder_tail=0.000000e+00
I 07.01/21:51:14 train_mapper.py:622 ] epoch=0365 train_loss=4.834374e-03 train_mse=3.589400e-03 train_cos=0.997113 train_nmse=-22.523dB train_rec=0.000000e+00 train_recT=8.877302e-07 train_fc=1.901155e-03 train_decoder_tail=0.000000e+00
I 07.01/21:52:16 train_mapper.py:622 ] epoch=0366 train_loss=4.769967e-03 train_mse=3.538311e-03 train_cos=0.997155 train_nmse=-22.586dB train_rec=0.000000e+00 train_recT=8.738923e-07 train_fc=1.875943e-03 train_decoder_tail=0.000000e+00
I 07.01/21:53:22 train_mapper.py:622 ] epoch=0367 train_loss=4.789706e-03 train_mse=3.553386e-03 train_cos=0.997141 train_nmse=-22.567dB train_rec=0.000000e+00 train_recT=8.799702e-07 train_fc=1.882391e-03 train_decoder_tail=0.000000e+00
I 07.01/21:54:30 train_mapper.py:622 ] epoch=0368 train_loss=4.673129e-03 train_mse=3.463056e-03 train_cos=0.997218 train_nmse=-22.679dB train_rec=0.000000e+00 train_recT=8.542842e-07 train_fc=1.835765e-03 train_decoder_tail=0.000000e+00
I 07.01/21:55:41 train_mapper.py:622 ] epoch=0369 train_loss=4.723813e-03 train_mse=3.502478e-03 train_cos=0.997175 train_nmse=-22.630dB train_rec=0.000000e+00 train_recT=8.561544e-07 train_fc=1.856001e-03 train_decoder_tail=0.000000e+00
I 07.01/21:56:49 train_mapper.py:622 ] epoch=0370 train_loss=4.638699e-03 train_mse=3.435513e-03 train_cos=0.997236 train_nmse=-22.714dB train_rec=0.000000e+00 train_recT=8.419560e-07 train_fc=1.819746e-03 train_decoder_tail=0.000000e+00
I 07.01/21:58:01 train_mapper.py:622 ] epoch=0371 train_loss=4.682670e-03 train_mse=3.473017e-03 train_cos=0.997202 train_nmse=-22.667dB train_rec=0.000000e+00 train_recT=8.515408e-07 train_fc=1.838360e-03 train_decoder_tail=0.000000e+00
I 07.01/21:59:08 train_mapper.py:622 ] epoch=0372 train_loss=4.649021e-03 train_mse=3.443293e-03 train_cos=0.997229 train_nmse=-22.704dB train_rec=0.000000e+00 train_recT=8.456972e-07 train_fc=1.823949e-03 train_decoder_tail=0.000000e+00
I 07.01/22:00:11 train_mapper.py:622 ] epoch=0373 train_loss=4.748135e-03 train_mse=3.525865e-03 train_cos=0.997159 train_nmse=-22.601dB train_rec=0.000000e+00 train_recT=8.665058e-07 train_fc=1.869133e-03 train_decoder_tail=0.000000e+00
I 07.01/22:01:18 train_mapper.py:622 ] epoch=0374 train_loss=4.677884e-03 train_mse=3.469546e-03 train_cos=0.997210 train_nmse=-22.671dB train_rec=0.000000e+00 train_recT=8.536256e-07 train_fc=1.839846e-03 train_decoder_tail=0.000000e+00
I 07.01/22:02:25 train_mapper.py:622 ] epoch=0375 train_loss=4.751057e-03 train_mse=3.529365e-03 train_cos=0.997157 train_nmse=-22.597dB train_rec=0.000000e+00 train_recT=8.681413e-07 train_fc=1.870195e-03 train_decoder_tail=0.000000e+00
I 07.01/22:03:31 train_mapper.py:622 ] epoch=0376 train_loss=4.676178e-03 train_mse=3.468403e-03 train_cos=0.997214 train_nmse=-22.672dB train_rec=0.000000e+00 train_recT=8.559389e-07 train_fc=1.841409e-03 train_decoder_tail=0.000000e+00
I 07.01/22:04:36 train_mapper.py:622 ] epoch=0377 train_loss=4.696684e-03 train_mse=3.485906e-03 train_cos=0.997196 train_nmse=-22.651dB train_rec=0.000000e+00 train_recT=8.606146e-07 train_fc=1.849803e-03 train_decoder_tail=0.000000e+00
I 07.01/22:05:39 train_mapper.py:622 ] epoch=0378 train_loss=4.772011e-03 train_mse=3.546763e-03 train_cos=0.997143 train_nmse=-22.575dB train_rec=0.000000e+00 train_recT=8.792488e-07 train_fc=1.882395e-03 train_decoder_tail=0.000000e+00
I 07.01/22:06:45 train_mapper.py:622 ] epoch=0379 train_loss=4.606897e-03 train_mse=3.415023e-03 train_cos=0.997260 train_nmse=-22.740dB train_rec=0.000000e+00 train_recT=8.449393e-07 train_fc=1.816954e-03 train_decoder_tail=0.000000e+00
I 07.01/22:07:51 train_mapper.py:622 ] epoch=0380 train_loss=4.643484e-03 train_mse=3.444636e-03 train_cos=0.997228 train_nmse=-22.702dB train_rec=0.000000e+00 train_recT=8.466826e-07 train_fc=1.829145e-03 train_decoder_tail=0.000000e+00
I 07.01/22:08:55 train_mapper.py:622 ] epoch=0381 train_loss=4.657801e-03 train_mse=3.457660e-03 train_cos=0.997218 train_nmse=-22.686dB train_rec=0.000000e+00 train_recT=8.530405e-07 train_fc=1.836280e-03 train_decoder_tail=0.000000e+00
I 07.01/22:10:00 train_mapper.py:622 ] epoch=0382 train_loss=4.622101e-03 train_mse=3.429202e-03 train_cos=0.997242 train_nmse=-22.722dB train_rec=0.000000e+00 train_recT=8.443200e-07 train_fc=1.821901e-03 train_decoder_tail=0.000000e+00
I 07.01/22:11:02 train_mapper.py:622 ] epoch=0383 train_loss=4.644135e-03 train_mse=3.447831e-03 train_cos=0.997226 train_nmse=-22.699dB train_rec=0.000000e+00 train_recT=8.486859e-07 train_fc=1.831376e-03 train_decoder_tail=0.000000e+00
I 07.01/22:12:09 train_mapper.py:622 ] epoch=0384 train_loss=4.596001e-03 train_mse=3.408560e-03 train_cos=0.997259 train_nmse=-22.748dB train_rec=0.000000e+00 train_recT=8.390826e-07 train_fc=1.811037e-03 train_decoder_tail=0.000000e+00
I 07.01/22:13:11 train_mapper.py:622 ] epoch=0385 train_loss=4.731612e-03 train_mse=3.519971e-03 train_cos=0.997162 train_nmse=-22.609dB train_rec=0.000000e+00 train_recT=8.689811e-07 train_fc=1.869820e-03 train_decoder_tail=0.000000e+00
I 07.01/22:14:07 train_mapper.py:622 ] epoch=0386 train_loss=4.599328e-03 train_mse=3.413947e-03 train_cos=0.997255 train_nmse=-22.741dB train_rec=0.000000e+00 train_recT=8.405133e-07 train_fc=1.812935e-03 train_decoder_tail=0.000000e+00
I 07.01/22:15:00 train_mapper.py:622 ] epoch=0387 train_loss=4.568749e-03 train_mse=3.388731e-03 train_cos=0.997274 train_nmse=-22.773dB train_rec=0.000000e+00 train_recT=8.339576e-07 train_fc=1.798769e-03 train_decoder_tail=0.000000e+00
I 07.01/22:15:56 train_mapper.py:622 ] epoch=0388 train_loss=4.577221e-03 train_mse=3.396295e-03 train_cos=0.997264 train_nmse=-22.764dB train_rec=0.000000e+00 train_recT=8.347967e-07 train_fc=1.803251e-03 train_decoder_tail=0.000000e+00
I 07.01/22:16:47 train_mapper.py:622 ] epoch=0389 train_loss=4.546120e-03 train_mse=3.372090e-03 train_cos=0.997287 train_nmse=-22.795dB train_rec=0.000000e+00 train_recT=8.300469e-07 train_fc=1.789514e-03 train_decoder_tail=0.000000e+00
I 07.01/22:17:40 train_mapper.py:622 ] epoch=0390 train_loss=4.534926e-03 train_mse=3.364890e-03 train_cos=0.997293 train_nmse=-22.804dB train_rec=0.000000e+00 train_recT=8.277714e-07 train_fc=1.786419e-03 train_decoder_tail=0.000000e+00
I 07.01/22:18:37 train_mapper.py:622 ] epoch=0391 train_loss=4.545318e-03 train_mse=3.372429e-03 train_cos=0.997286 train_nmse=-22.794dB train_rec=0.000000e+00 train_recT=8.264525e-07 train_fc=1.791093e-03 train_decoder_tail=0.000000e+00
I 07.01/22:19:34 train_mapper.py:622 ] epoch=0392 train_loss=4.589951e-03 train_mse=3.409407e-03 train_cos=0.997257 train_nmse=-22.747dB train_rec=0.000000e+00 train_recT=8.401543e-07 train_fc=1.809918e-03 train_decoder_tail=0.000000e+00
I 07.01/22:20:29 train_mapper.py:622 ] epoch=0393 train_loss=4.523685e-03 train_mse=3.357024e-03 train_cos=0.997302 train_nmse=-22.814dB train_rec=0.000000e+00 train_recT=8.253067e-07 train_fc=1.784428e-03 train_decoder_tail=0.000000e+00
I 07.01/22:21:27 train_mapper.py:622 ] epoch=0394 train_loss=4.556294e-03 train_mse=3.383752e-03 train_cos=0.997278 train_nmse=-22.780dB train_rec=0.000000e+00 train_recT=8.313019e-07 train_fc=1.797037e-03 train_decoder_tail=0.000000e+00
I 07.01/22:22:21 train_mapper.py:622 ] epoch=0395 train_loss=4.479510e-03 train_mse=3.323094e-03 train_cos=0.997331 train_nmse=-22.858dB train_rec=0.000000e+00 train_recT=8.165122e-07 train_fc=1.767379e-03 train_decoder_tail=0.000000e+00
I 07.01/22:23:16 train_mapper.py:622 ] epoch=0396 train_loss=4.553765e-03 train_mse=3.380612e-03 train_cos=0.997277 train_nmse=-22.784dB train_rec=0.000000e+00 train_recT=8.307258e-07 train_fc=1.797214e-03 train_decoder_tail=0.000000e+00
I 07.01/22:24:11 train_mapper.py:622 ] epoch=0397 train_loss=4.542049e-03 train_mse=3.374870e-03 train_cos=0.997288 train_nmse=-22.791dB train_rec=0.000000e+00 train_recT=8.307620e-07 train_fc=1.795725e-03 train_decoder_tail=0.000000e+00
I 07.01/22:25:05 train_mapper.py:622 ] epoch=0398 train_loss=4.500770e-03 train_mse=3.340690e-03 train_cos=0.997314 train_nmse=-22.835dB train_rec=0.000000e+00 train_recT=8.210883e-07 train_fc=1.779443e-03 train_decoder_tail=0.000000e+00
I 07.01/22:25:56 train_mapper.py:622 ] epoch=0399 train_loss=4.546297e-03 train_mse=3.378567e-03 train_cos=0.997282 train_nmse=-22.786dB train_rec=0.000000e+00 train_recT=8.313797e-07 train_fc=1.796231e-03 train_decoder_tail=0.000000e+00
I 07.01/22:26:49 train_mapper.py:622 ] epoch=0400 train_loss=4.493819e-03 train_mse=3.337211e-03 train_cos=0.997318 train_nmse=-22.840dB train_rec=0.000000e+00 train_recT=8.223492e-07 train_fc=1.777231e-03 train_decoder_tail=0.000000e+00
I 07.01/22:30:39 train_mapper.py:738 ] best_loss_epoch=395 best_loss_selection=train_loss best_loss_metric=4.479510e-03 best_loss_mse=3.323094e-03 best_loss_loss=4.479510e-03
I 07.01/22:30:39 train_mapper.py:743 ] best_mse_epoch=395 best_mse_selection=train_mse best_mse_metric=3.323094e-03 best_mse_mse=3.323094e-03 best_mse_loss=4.479510e-03
I 07.01/22:30:39 train_mapper.py:749 ] all_best_loss_mse=3.166282e-03 all_best_loss_cos=0.997465 all_best_loss_nmse=-23.068dB
I 07.01/22:30:39 train_mapper.py:753 ] all_best_mse_mse=3.166282e-03 all_best_mse_cos=0.997465 all_best_mse_nmse=-23.068dB
