I 07.05/05:22:22 logger.py:152 ] => Experiment directory: decoder_param_fm/exps/svd_hyper_lora_zscore_tok512_h2048_lr5e-5_ep400_seed42
I 07.05/05:22:22 logger.py:71  ] => Runtime Context:
I 07.05/05:22:22 logger.py:72  ]    cwd: /storage/hujiacong/zxd/Huawei/UniversalCSI
I 07.05/05:22:22 logger.py:73  ]    pid: 1926706
I 07.05/05:22:22 logger.py:74  ]    command: decoder_param_fm/train_param_fm.py --exp_dir decoder_param_fm/exps/svd_hyper_lora_zscore_tok512_h2048_lr5e-5_ep400_seed42 --decoder_args_json exps/COST2100/in/seed42/transnet_transnet/args.json --target_checkpoint exps/COST2100/in/seed42/transnet_transnet/checkpoints/best_nmse.pth --guide_code_path exps/COST2100/in/seed42/transnet_transnet/codewords/train_code.pt --condition_extract svd --condition_inject hyper_lora --param_norm zscore --epochs 400 --steps_per_epoch 100 --lr 5e-5 --warmup_ratio 0.1 --token_size 512 --hidden_dim 2048 --num_blocks 4 --condition_tokens 512 --cond_dim 512 --num_heads 8 --set_layers 2 --lambda_endpoint 0.0 --base_seed 2026 --seed 42 --gpu 4 --max_guide_codes 0
I 07.05/05:22:22 logger.py:75  ]    python: 3.11.14 (main, Oct 21 2025, 18:31:21) [GCC 11.2.0]
I 07.05/05:22:22 logger.py:76  ]    pytorch: 2.5.1
I 07.05/05:22:26 logger.py:77  ]    cuda_available: True
I 07.05/05:22:26 logger.py:79  ]    cuda_version: 12.1
I 07.05/05:22:26 logger.py:81  ]    CUDA_VISIBLE_DEVICES: None
I 07.05/05:22:26 logger.py:91  ]    current_device: not initialized yet
I 07.05/05:22:26 logger.py:63  ] => Arguments:
{
  "base_seed": 2026,
  "cond_dim": 512,
  "condition_extract": "svd",
  "condition_inject": "hyper_lora",
  "condition_tokens": 512,
  "cpu": false,
  "decoder_args_json": "exps/COST2100/in/seed42/transnet_transnet/args.json",
  "dropout": 0.0,
  "epochs": 400,
  "eta_min": 1e-06,
  "exp_dir": "decoder_param_fm/exps/svd_hyper_lora_zscore_tok512_h2048_lr5e-5_ep400_seed42",
  "gpu": 4,
  "grad_clip": 1.0,
  "guide_code_path": "exps/COST2100/in/seed42/transnet_transnet/codewords/train_code.pt",
  "hidden_dim": 2048,
  "hyper_lora_rank": 16,
  "lambda_endpoint": 0.0,
  "lr": 5e-05,
  "max_guide_codes": 0,
  "num_blocks": 4,
  "num_heads": 8,
  "param_norm": "zscore",
  "save_every": 0,
  "seed": 42,
  "set_layers": 2,
  "steps_per_epoch": 100,
  "target_checkpoint": "exps/COST2100/in/seed42/transnet_transnet/checkpoints/best_nmse.pth",
  "time_dim": 128,
  "token_size": 512,
  "warmup_ratio": 0.1,
  "warmup_steps": 0,
  "weight_decay": 0.0
}
I 07.05/05:22:26 train_param_fm.py:253 ] => TensorBoard directory: decoder_param_fm/exps/svd_hyper_lora_zscore_tok512_h2048_lr5e-5_ep400_seed42/tensorboard
I 07.05/05:22:26 train_param_fm.py:153 ] 
=> Target decoder tensors:
   tensors=40 total_params=1,646,592
   largest tensors:
     fc_decoder.weight                                       shape=(2048, 512) numel=1,048,576
     decoder.layers.0.linear1.weight                         shape=(2048, 64) numel=131,072
     decoder.layers.0.linear2.weight                         shape=(64, 2048) numel=131,072
     decoder.layers.1.linear1.weight                         shape=(2048, 64) numel=131,072
     decoder.layers.1.linear2.weight                         shape=(64, 2048) numel=131,072
     decoder.layers.0.self_attn.in_proj_weight               shape=(192, 64) numel=12,288
     decoder.layers.0.multihead_attn.in_proj_weight          shape=(192, 64) numel=12,288
     decoder.layers.1.self_attn.in_proj_weight               shape=(192, 64) numel=12,288
I 07.05/05:22:26 train_param_fm.py:172 ] 
=> Parameter normalization:
   method=zscore tensors=40
   fc_decoder.weight                                       mean=-7.203897e-05 std=4.112401e-02
   fc_decoder.bias                                         mean=8.564996e-04 std=3.915015e-02
   decoder.layers.0.self_attn.in_proj_weight               mean=-1.715433e-03 std=1.173178e-01
   decoder.layers.0.self_attn.in_proj_bias                 mean=3.988165e-03 std=3.429867e-02
   decoder.layers.0.self_attn.out_proj.weight              mean=-1.926031e-03 std=1.769522e-01
   decoder.layers.0.self_attn.out_proj.bias                mean=1.331626e-04 std=3.740509e-02
   decoder.layers.0.multihead_attn.in_proj_weight          mean=2.884256e-04 std=1.192297e-01
   decoder.layers.0.multihead_attn.in_proj_bias            mean=-4.016574e-04 std=9.705125e-03
   ... 32 more tensors
I 07.05/05:22:27 train_param_fm.py:271 ] Prepared 40 tensors, 3236 parameter tokens, token_size=512
I 07.05/05:22:33 train_param_fm.py:178 ] => Device: cuda:4
I 07.05/05:22:33 train_param_fm.py:179 ] => Target checkpoint: exps/COST2100/in/seed42/transnet_transnet/checkpoints/best_nmse.pth
I 07.05/05:22:33 train_param_fm.py:180 ] => Decoder args json: exps/COST2100/in/seed42/transnet_transnet/args.json
I 07.05/05:22:33 train_param_fm.py:181 ] => Guide code path: exps/COST2100/in/seed42/transnet_transnet/codewords/train_code.pt
I 07.05/05:22:33 train_param_fm.py:182 ] => Decoder: type=transnet cr=4 channel=2 nt=32 nc=32 d_model=64 dim_feedforward=2048
I 07.05/05:22:33 train_param_fm.py:192 ] => Condition: extract=svd tokens=512 inject=hyper_lora cond_dim=512 heads=8 set_layers=2 hyper_lora_rank=16
I 07.05/05:22:33 train_param_fm.py:202 ] => Parameter tokens: tensors=40 tokens=3236 token_size=512 valid_elements=1646592 padded_elements=10240
I 07.05/05:22:33 train_param_fm.py:211 ] => Guide codes: shape=(100000, 512) max_guide_codes=0
I 07.05/05:22:33 train_param_fm.py:215 ] => Optimizer: AdamW lr=5e-05 eta_min=1e-06 weight_decay=0 grad_clip=1
I 07.05/05:22:33 train_param_fm.py:222 ] => Scheduler: warmup_cosine epochs=400 steps_per_epoch=100 total_steps=40000 warmup_steps=4000 warmup_ratio=0.1
I 07.05/05:22:33 train_param_fm.py:230 ] => Loss: velocity_mse=1.0 endpoint_param_mse=0
I 07.05/05:22:33 train_param_fm.py:233 ] => Parameters: total=172,382,721 trainable=172,382,721 frozen=0
I 07.05/05:22:33 logger.py:146 ] 
name                                                              grad            shape      numel
----                                                              ----            -----      -----
condition_encoder.token_mlp.0.weight                              True           (512,)        512
condition_encoder.token_mlp.0.bias                                True           (512,)        512
condition_encoder.token_mlp.1.weight                              True      (2048, 512)  1,048,576
condition_encoder.token_mlp.1.bias                                True          (2048,)      2,048
condition_encoder.token_mlp.3.weight                              True      (512, 2048)  1,048,576
condition_encoder.token_mlp.3.bias                                True           (512,)        512
condition_encoder.pool.0.weight                                   True          (1536,)      1,536
condition_encoder.pool.0.bias                                     True          (1536,)      1,536
condition_encoder.pool.1.weight                                   True      (512, 1536)    786,432
condition_encoder.pool.1.bias                                     True           (512,)        512
condition_encoder.pool.3.weight                                   True       (512, 512)    262,144
condition_encoder.pool.3.bias                                     True           (512,)        512
param_fm.param_proj.weight                                        True      (2048, 512)  1,048,576
param_fm.param_proj.bias                                          True          (2048,)      2,048
param_fm.time_proj.0.weight                                       True      (2048, 128)    262,144
param_fm.time_proj.0.bias                                         True          (2048,)      2,048
param_fm.time_proj.2.weight                                       True     (2048, 2048)  4,194,304
param_fm.time_proj.2.bias                                         True          (2048,)      2,048
param_fm.tensor_embed.weight                                      True       (40, 2048)     81,920
param_fm.layer_embed.weight                                       True     (1001, 2048)  2,050,048
param_fm.offset_embed.weight                                      True     (2048, 2048)  4,194,304
param_fm.cond_proj.weight                                         True      (2048, 512)  1,048,576
param_fm.cond_proj.bias                                           True          (2048,)      2,048
param_fm.blocks.0.norm.weight                                     True          (2048,)      2,048
param_fm.blocks.0.norm.bias                                       True          (2048,)      2,048
param_fm.blocks.0.net.0.weight                                    True     (8192, 2048) 16,777,216
param_fm.blocks.0.net.0.bias                                      True          (8192,)      8,192
param_fm.blocks.0.net.3.weight                                    True     (2048, 8192) 16,777,216
param_fm.blocks.0.net.3.bias                                      True          (2048,)      2,048
param_fm.blocks.1.norm.weight                                     True          (2048,)      2,048
param_fm.blocks.1.norm.bias                                       True          (2048,)      2,048
param_fm.blocks.1.net.0.weight                                    True     (8192, 2048) 16,777,216
param_fm.blocks.1.net.0.bias                                      True          (8192,)      8,192
param_fm.blocks.1.net.3.weight                                    True     (2048, 8192) 16,777,216
param_fm.blocks.1.net.3.bias                                      True          (2048,)      2,048
param_fm.blocks.2.norm.weight                                     True          (2048,)      2,048
param_fm.blocks.2.norm.bias                                       True          (2048,)      2,048
param_fm.blocks.2.net.0.weight                                    True     (8192, 2048) 16,777,216
param_fm.blocks.2.net.0.bias                                      True          (8192,)      8,192
param_fm.blocks.2.net.3.weight                                    True     (2048, 8192) 16,777,216
param_fm.blocks.2.net.3.bias                                      True          (2048,)      2,048
param_fm.blocks.3.norm.weight                                     True          (2048,)      2,048
param_fm.blocks.3.norm.bias                                       True          (2048,)      2,048
param_fm.blocks.3.net.0.weight                                    True     (8192, 2048) 16,777,216
param_fm.blocks.3.net.0.bias                                      True          (8192,)      8,192
param_fm.blocks.3.net.3.weight                                    True     (2048, 8192) 16,777,216
param_fm.blocks.3.net.3.bias                                      True          (2048,)      2,048
param_fm.hyper_a.weight                                           True     (32768, 512) 16,777,216
param_fm.hyper_a.bias                                             True         (32768,)     32,768
param_fm.hyper_b.weight                                           True      (8192, 512)  4,194,304
param_fm.hyper_b.bias                                             True          (8192,)      8,192
param_fm.hyper_alpha.weight                                       True         (1, 512)        512
param_fm.hyper_alpha.bias                                         True             (1,)          1
param_fm.norm.weight                                              True          (2048,)      2,048
param_fm.norm.bias                                                True          (2048,)      2,048
param_fm.out.weight                                               True      (512, 2048)  1,048,576
param_fm.out.bias                                                 True           (512,)        512
**********
total=172,382,721, trainable=172,382,721, frozen=0
I 07.05/05:23:20 train_param_fm.py:370 ] Epoch [1/400] loss=1.05637082 velocity=1.05637082 endpoint=0.35421724 lr=1.25e-06
I 07.05/05:24:29 train_param_fm.py:370 ] Epoch [2/400] loss=0.99215580 velocity=0.99215580 endpoint=0.33825390 lr=2.5e-06
I 07.05/05:25:31 train_param_fm.py:370 ] Epoch [3/400] loss=0.97367901 velocity=0.97367901 endpoint=0.31463146 lr=3.75e-06
I 07.05/05:27:32 train_param_fm.py:370 ] Epoch [4/400] loss=0.92484356 velocity=0.92484356 endpoint=0.31149527 lr=5e-06
I 07.05/05:29:52 train_param_fm.py:370 ] Epoch [5/400] loss=0.87366732 velocity=0.87366732 endpoint=0.30908519 lr=6.25e-06
I 07.05/05:32:04 train_param_fm.py:370 ] Epoch [6/400] loss=0.83320825 velocity=0.83320825 endpoint=0.32935623 lr=7.5e-06
I 07.05/05:34:18 train_param_fm.py:370 ] Epoch [7/400] loss=0.77689433 velocity=0.77689433 endpoint=0.29115672 lr=8.75e-06
I 07.05/05:36:32 train_param_fm.py:370 ] Epoch [8/400] loss=0.71078616 velocity=0.71078616 endpoint=0.25089685 lr=1e-05
I 07.05/05:38:47 train_param_fm.py:370 ] Epoch [9/400] loss=0.64940662 velocity=0.64940662 endpoint=0.24590607 lr=1.125e-05
I 07.05/05:40:44 train_param_fm.py:370 ] Epoch [10/400] loss=0.58570478 velocity=0.58570478 endpoint=0.22765429 lr=1.25e-05
I 07.05/05:42:42 train_param_fm.py:370 ] Epoch [11/400] loss=0.51445647 velocity=0.51445647 endpoint=0.18565285 lr=1.375e-05
I 07.05/05:44:51 train_param_fm.py:370 ] Epoch [12/400] loss=0.46161316 velocity=0.46161316 endpoint=0.18954189 lr=1.5e-05
I 07.05/05:46:58 train_param_fm.py:370 ] Epoch [13/400] loss=0.40525906 velocity=0.40525906 endpoint=0.17836327 lr=1.625e-05
I 07.05/05:49:21 train_param_fm.py:370 ] Epoch [14/400] loss=0.34298492 velocity=0.34298492 endpoint=0.14247699 lr=1.75e-05
I 07.05/05:51:47 train_param_fm.py:370 ] Epoch [15/400] loss=0.29420150 velocity=0.29420150 endpoint=0.12835895 lr=1.875e-05
I 07.05/05:54:08 train_param_fm.py:370 ] Epoch [16/400] loss=0.24395291 velocity=0.24395291 endpoint=0.10457773 lr=2e-05
I 07.05/05:56:12 train_param_fm.py:370 ] Epoch [17/400] loss=0.20653043 velocity=0.20653043 endpoint=0.09332231 lr=2.125e-05
I 07.05/05:58:24 train_param_fm.py:370 ] Epoch [18/400] loss=0.17345414 velocity=0.17345414 endpoint=0.08255330 lr=2.25e-05
I 07.05/06:00:45 train_param_fm.py:370 ] Epoch [19/400] loss=0.14046769 velocity=0.14046769 endpoint=0.06206327 lr=2.375e-05
I 07.05/06:02:57 train_param_fm.py:370 ] Epoch [20/400] loss=0.12859960 velocity=0.12859960 endpoint=0.06674916 lr=2.5e-05
I 07.05/06:05:00 train_param_fm.py:370 ] Epoch [21/400] loss=0.10369210 velocity=0.10369210 endpoint=0.05369382 lr=2.625e-05
I 07.05/06:07:03 train_param_fm.py:370 ] Epoch [22/400] loss=0.09661353 velocity=0.09661353 endpoint=0.05465866 lr=2.75e-05
I 07.05/06:09:10 train_param_fm.py:370 ] Epoch [23/400] loss=0.06902819 velocity=0.06902819 endpoint=0.03346623 lr=2.875e-05
I 07.05/06:11:08 train_param_fm.py:370 ] Epoch [24/400] loss=0.05876252 velocity=0.05876252 endpoint=0.02914781 lr=3e-05
I 07.05/06:13:20 train_param_fm.py:370 ] Epoch [25/400] loss=0.04996780 velocity=0.04996780 endpoint=0.02618181 lr=3.125e-05
I 07.05/06:15:38 train_param_fm.py:370 ] Epoch [26/400] loss=0.04938989 velocity=0.04938989 endpoint=0.02734658 lr=3.25e-05
I 07.05/06:17:29 train_param_fm.py:370 ] Epoch [27/400] loss=0.04141411 velocity=0.04141411 endpoint=0.02357929 lr=3.375e-05
I 07.05/06:19:27 train_param_fm.py:370 ] Epoch [28/400] loss=0.03202470 velocity=0.03202470 endpoint=0.01610325 lr=3.5e-05
I 07.05/06:21:52 train_param_fm.py:370 ] Epoch [29/400] loss=0.02579224 velocity=0.02579224 endpoint=0.01279535 lr=3.625e-05
I 07.05/06:24:02 train_param_fm.py:370 ] Epoch [30/400] loss=0.01983029 velocity=0.01983029 endpoint=0.01010007 lr=3.75e-05
I 07.05/06:26:08 train_param_fm.py:370 ] Epoch [31/400] loss=0.02319880 velocity=0.02319880 endpoint=0.01238291 lr=3.875e-05
I 07.05/06:28:07 train_param_fm.py:370 ] Epoch [32/400] loss=0.01358617 velocity=0.01358617 endpoint=0.00629121 lr=4e-05
I 07.05/06:30:26 train_param_fm.py:370 ] Epoch [33/400] loss=0.01735389 velocity=0.01735389 endpoint=0.00992468 lr=4.125e-05
I 07.05/06:32:12 train_param_fm.py:370 ] Epoch [34/400] loss=0.01942679 velocity=0.01942679 endpoint=0.01073996 lr=4.25e-05
I 07.05/06:34:11 train_param_fm.py:370 ] Epoch [35/400] loss=0.01111534 velocity=0.01111534 endpoint=0.00597052 lr=4.375e-05
I 07.05/06:36:35 train_param_fm.py:370 ] Epoch [36/400] loss=0.00926242 velocity=0.00926242 endpoint=0.00495848 lr=4.5e-05
I 07.05/06:38:22 train_param_fm.py:370 ] Epoch [37/400] loss=0.01047167 velocity=0.01047167 endpoint=0.00565552 lr=4.625e-05
I 07.05/06:40:10 train_param_fm.py:370 ] Epoch [38/400] loss=0.00671561 velocity=0.00671561 endpoint=0.00360569 lr=4.75e-05
I 07.05/06:42:17 train_param_fm.py:370 ] Epoch [39/400] loss=0.01068012 velocity=0.01068012 endpoint=0.00564858 lr=4.875e-05
I 07.05/06:44:08 train_param_fm.py:370 ] Epoch [40/400] loss=0.00774165 velocity=0.00774165 endpoint=0.00420489 lr=5e-05
I 07.05/06:45:45 train_param_fm.py:370 ] Epoch [41/400] loss=0.00528489 velocity=0.00528489 endpoint=0.00248651 lr=4.99991e-05
I 07.05/06:47:42 train_param_fm.py:370 ] Epoch [42/400] loss=0.00353433 velocity=0.00353433 endpoint=0.00166995 lr=4.99963e-05
I 07.05/06:49:56 train_param_fm.py:370 ] Epoch [43/400] loss=0.00168979 velocity=0.00168979 endpoint=0.00070119 lr=4.99916e-05
I 07.05/06:51:50 train_param_fm.py:370 ] Epoch [44/400] loss=0.00419713 velocity=0.00419713 endpoint=0.00216534 lr=4.99851e-05
I 07.05/06:53:42 train_param_fm.py:370 ] Epoch [45/400] loss=0.00789810 velocity=0.00789810 endpoint=0.00385381 lr=4.99767e-05
I 07.05/06:55:33 train_param_fm.py:370 ] Epoch [46/400] loss=0.00331019 velocity=0.00331019 endpoint=0.00163290 lr=4.99664e-05
I 07.05/06:57:13 train_param_fm.py:370 ] Epoch [47/400] loss=0.00510424 velocity=0.00510424 endpoint=0.00235970 lr=4.99543e-05
I 07.05/06:58:55 train_param_fm.py:370 ] Epoch [48/400] loss=0.00474065 velocity=0.00474065 endpoint=0.00282932 lr=4.99403e-05
I 07.05/07:00:40 train_param_fm.py:370 ] Epoch [49/400] loss=0.00325485 velocity=0.00325485 endpoint=0.00141284 lr=4.99245e-05
I 07.05/07:02:33 train_param_fm.py:370 ] Epoch [50/400] loss=0.00327675 velocity=0.00327675 endpoint=0.00170988 lr=4.99068e-05
I 07.05/07:04:16 train_param_fm.py:370 ] Epoch [51/400] loss=0.00205739 velocity=0.00205739 endpoint=0.00094110 lr=4.98872e-05
I 07.05/07:06:09 train_param_fm.py:370 ] Epoch [52/400] loss=0.00704943 velocity=0.00704943 endpoint=0.00369792 lr=4.98658e-05
I 07.05/07:07:43 train_param_fm.py:370 ] Epoch [53/400] loss=0.00185161 velocity=0.00185161 endpoint=0.00082320 lr=4.98425e-05
I 07.05/07:09:28 train_param_fm.py:370 ] Epoch [54/400] loss=0.00116633 velocity=0.00116633 endpoint=0.00053292 lr=4.98174e-05
I 07.05/07:11:15 train_param_fm.py:370 ] Epoch [55/400] loss=0.00218046 velocity=0.00218046 endpoint=0.00117088 lr=4.97904e-05
I 07.05/07:12:58 train_param_fm.py:370 ] Epoch [56/400] loss=0.00306735 velocity=0.00306735 endpoint=0.00162381 lr=4.97616e-05
I 07.05/07:14:41 train_param_fm.py:370 ] Epoch [57/400] loss=0.00148889 velocity=0.00148889 endpoint=0.00082198 lr=4.97309e-05
I 07.05/07:16:35 train_param_fm.py:370 ] Epoch [58/400] loss=0.00224128 velocity=0.00224128 endpoint=0.00097226 lr=4.96984e-05
I 07.05/07:18:17 train_param_fm.py:370 ] Epoch [59/400] loss=0.00096820 velocity=0.00096820 endpoint=0.00039505 lr=4.9664e-05
I 07.05/07:20:16 train_param_fm.py:370 ] Epoch [60/400] loss=0.00113367 velocity=0.00113367 endpoint=0.00060459 lr=4.96278e-05
E 07.05/07:20:34 logger.py:18  ] Uncaught exception
Traceback (most recent call last):
  File "/storage/hujiacong/zxd/Huawei/UniversalCSI/decoder_param_fm/train_param_fm.py", line 399, in <module>
    main()
  File "/storage/hujiacong/zxd/Huawei/UniversalCSI/decoder_param_fm/train_param_fm.py", line 394, in main
    writer.flush()
  File "/home/hujiacong/zxd/.envs/miniconda3/envs/torch/lib/python3.11/site-packages/torch/utils/tensorboard/writer.py", line 1194, in flush
    writer.flush()
  File "/home/hujiacong/zxd/.envs/miniconda3/envs/torch/lib/python3.11/site-packages/torch/utils/tensorboard/writer.py", line 153, in flush
    self.event_writer.flush()
  File "/home/hujiacong/zxd/.envs/miniconda3/envs/torch/lib/python3.11/site-packages/tensorboard/summary/writer/event_file_writer.py", line 125, in flush
    self._async_writer.flush()
  File "/home/hujiacong/zxd/.envs/miniconda3/envs/torch/lib/python3.11/site-packages/tensorboard/summary/writer/event_file_writer.py", line 186, in flush
    self._check_worker_status()
  File "/home/hujiacong/zxd/.envs/miniconda3/envs/torch/lib/python3.11/site-packages/tensorboard/summary/writer/event_file_writer.py", line 212, in _check_worker_status
    raise exception
  File "/storage/hujiacong/zxd/Huawei/UniversalCSI/decoder_param_fm/train_param_fm.py", line 350, in main
    writer.add_scalar("train_step/loss", loss_value, global_step)
  File "/home/hujiacong/zxd/.envs/miniconda3/envs/torch/lib/python3.11/site-packages/torch/utils/tensorboard/writer.py", line 381, in add_scalar
    self._get_file_writer().add_summary(summary, global_step, walltime)
  File "/home/hujiacong/zxd/.envs/miniconda3/envs/torch/lib/python3.11/site-packages/torch/utils/tensorboard/writer.py", line 115, in add_summary
    self.add_event(event, global_step, walltime)
  File "/home/hujiacong/zxd/.envs/miniconda3/envs/torch/lib/python3.11/site-packages/torch/utils/tensorboard/writer.py", line 99, in add_event
    self.event_writer.add_event(event)
  File "/home/hujiacong/zxd/.envs/miniconda3/envs/torch/lib/python3.11/site-packages/tensorboard/summary/writer/event_file_writer.py", line 117, in add_event
    self._async_writer.write(event.SerializeToString())
  File "/home/hujiacong/zxd/.envs/miniconda3/envs/torch/lib/python3.11/site-packages/tensorboard/summary/writer/event_file_writer.py", line 171, in write
    self._check_worker_status()
  File "/home/hujiacong/zxd/.envs/miniconda3/envs/torch/lib/python3.11/site-packages/tensorboard/summary/writer/event_file_writer.py", line 212, in _check_worker_status
    raise exception
  File "/home/hujiacong/zxd/.envs/miniconda3/envs/torch/lib/python3.11/threading.py", line 1045, in _bootstrap_inner
    self.run()
  File "/home/hujiacong/zxd/.envs/miniconda3/envs/torch/lib/python3.11/site-packages/tensorboard/summary/writer/event_file_writer.py", line 244, in run
    self._run()
  File "/home/hujiacong/zxd/.envs/miniconda3/envs/torch/lib/python3.11/site-packages/tensorboard/summary/writer/event_file_writer.py", line 275, in _run
    self._record_writer.write(data)
  File "/home/hujiacong/zxd/.envs/miniconda3/envs/torch/lib/python3.11/site-packages/tensorboard/summary/writer/record_writer.py", line 40, in write
    self._writer.write(header + header_crc + data + footer_crc)
  File "/home/hujiacong/zxd/.envs/miniconda3/envs/torch/lib/python3.11/site-packages/tensorboard/compat/tensorflow_stub/io/gfile.py", line 775, in write
    self.fs.append(self.filename, file_content, self.binary_mode)
  File "/home/hujiacong/zxd/.envs/miniconda3/envs/torch/lib/python3.11/site-packages/tensorboard/compat/tensorflow_stub/io/gfile.py", line 167, in append
    self._write(filename, file_content, "ab" if binary_mode else "a")
  File "/home/hujiacong/zxd/.envs/miniconda3/envs/torch/lib/python3.11/site-packages/tensorboard/compat/tensorflow_stub/io/gfile.py", line 171, in _write
    with io.open(filename, mode, encoding=encoding) as f:
         ^^^^^^^^^^^^^^^^^^^^^^^^^^^^^^^^^^^^^^^^^^
BlockingIOError: [Errno 11] Resource temporarily unavailable
