I 07.01/03:34:10 train_mapper.py:431 ] => Experiment directory: mapper/exps/hybrid/smooth_tail_white/seed2026_transnet_transnet_to_seed42_transnet_lr5e-4_ep400
I 07.01/03:34:10 train_mapper.py:432 ] => Checkpoint directory: mapper/exps/hybrid/smooth_tail_white/seed2026_transnet_transnet_to_seed42_transnet_lr5e-4_ep400/checkpoints
I 07.01/03:34:10 train_mapper.py:433 ] => Codeword directory: mapper/exps/hybrid/smooth_tail_white/seed2026_transnet_transnet_to_seed42_transnet_lr5e-4_ep400/codewords
I 07.01/03:34:10 train_mapper.py:434 ] => TensorBoard directory: mapper/exps/hybrid/smooth_tail_white/seed2026_transnet_transnet_to_seed42_transnet_lr5e-4_ep400/tensorboard
I 07.01/03:35:03 train_mapper.py:524 ] device=cuda
I 07.01/03:35:03 train_mapper.py:525 ] mapper=hybrid, params=23108608
I 07.01/03:35:03 train_mapper.py:527 ] train=100000, val=0, code_dim=512
I 07.01/03:35:03 train_mapper.py:529 ] val_ratio<=0: skip per-epoch validation; select best checkpoint by train loss
I 07.01/03:35:03 train_mapper.py:531 ] loss=mse + smoothl1*0.5 + sample_tail*0.1 + dim_tail*0.05 + whiten*0.0001 + rec*0.0 + recT*0.0 + fc*0.0 + decoder_tail*0.0 + cos*0.0 + cov*0.0
I 07.01/03:35:37 train_mapper.py:615 ] epoch=0001 train_loss=5.769727e-01 train_mse=3.096139e-01 train_cos=0.840882 train_nmse=-4.089dB train_rec=0.000000e+00 train_recT=0.000000e+00 train_fc=0.000000e+00 train_decoder_tail=0.000000e+00
I 07.01/03:36:11 train_mapper.py:615 ] epoch=0002 train_loss=2.219484e-01 train_mse=9.309235e-02 train_cos=0.964782 train_nmse=-8.435dB train_rec=0.000000e+00 train_recT=0.000000e+00 train_fc=0.000000e+00 train_decoder_tail=0.000000e+00
I 07.01/03:36:42 train_mapper.py:615 ] epoch=0003 train_loss=1.621634e-01 train_mse=6.214000e-02 train_cos=0.976863 train_nmse=-10.154dB train_rec=0.000000e+00 train_recT=0.000000e+00 train_fc=0.000000e+00 train_decoder_tail=0.000000e+00
I 07.01/03:37:16 train_mapper.py:615 ] epoch=0004 train_loss=1.345295e-01 train_mse=4.884611e-02 train_cos=0.980325 train_nmse=-11.192dB train_rec=0.000000e+00 train_recT=0.000000e+00 train_fc=0.000000e+00 train_decoder_tail=0.000000e+00
I 07.01/03:37:35 train_mapper.py:615 ] epoch=0005 train_loss=1.178972e-01 train_mse=4.122296e-02 train_cos=0.982250 train_nmse=-11.925dB train_rec=0.000000e+00 train_recT=0.000000e+00 train_fc=0.000000e+00 train_decoder_tail=0.000000e+00
I 07.01/03:37:57 train_mapper.py:615 ] epoch=0006 train_loss=1.082611e-01 train_mse=3.695742e-02 train_cos=0.983449 train_nmse=-12.398dB train_rec=0.000000e+00 train_recT=0.000000e+00 train_fc=0.000000e+00 train_decoder_tail=0.000000e+00
I 07.01/03:38:29 train_mapper.py:615 ] epoch=0007 train_loss=1.018779e-01 train_mse=3.421299e-02 train_cos=0.984532 train_nmse=-12.733dB train_rec=0.000000e+00 train_recT=0.000000e+00 train_fc=0.000000e+00 train_decoder_tail=0.000000e+00
I 07.01/03:39:00 train_mapper.py:615 ] epoch=0008 train_loss=9.750256e-02 train_mse=3.236408e-02 train_cos=0.985418 train_nmse=-12.974dB train_rec=0.000000e+00 train_recT=0.000000e+00 train_fc=0.000000e+00 train_decoder_tail=0.000000e+00
I 07.01/03:39:29 train_mapper.py:615 ] epoch=0009 train_loss=9.409530e-02 train_mse=3.093936e-02 train_cos=0.986156 train_nmse=-13.170dB train_rec=0.000000e+00 train_recT=0.000000e+00 train_fc=0.000000e+00 train_decoder_tail=0.000000e+00
I 07.01/03:39:58 train_mapper.py:615 ] epoch=0010 train_loss=9.100344e-02 train_mse=2.964352e-02 train_cos=0.986829 train_nmse=-13.356dB train_rec=0.000000e+00 train_recT=0.000000e+00 train_fc=0.000000e+00 train_decoder_tail=0.000000e+00
I 07.01/03:40:25 train_mapper.py:615 ] epoch=0011 train_loss=8.808926e-02 train_mse=2.842958e-02 train_cos=0.987411 train_nmse=-13.537dB train_rec=0.000000e+00 train_recT=0.000000e+00 train_fc=0.000000e+00 train_decoder_tail=0.000000e+00
I 07.01/03:40:51 train_mapper.py:615 ] epoch=0012 train_loss=8.523532e-02 train_mse=2.724033e-02 train_cos=0.987920 train_nmse=-13.723dB train_rec=0.000000e+00 train_recT=0.000000e+00 train_fc=0.000000e+00 train_decoder_tail=0.000000e+00
I 07.01/03:41:18 train_mapper.py:615 ] epoch=0013 train_loss=8.232820e-02 train_mse=2.604485e-02 train_cos=0.988343 train_nmse=-13.918dB train_rec=0.000000e+00 train_recT=0.000000e+00 train_fc=0.000000e+00 train_decoder_tail=0.000000e+00
I 07.01/03:41:34 train_mapper.py:615 ] epoch=0014 train_loss=7.913871e-02 train_mse=2.475618e-02 train_cos=0.988668 train_nmse=-14.138dB train_rec=0.000000e+00 train_recT=0.000000e+00 train_fc=0.000000e+00 train_decoder_tail=0.000000e+00
I 07.01/03:41:53 train_mapper.py:615 ] epoch=0015 train_loss=7.538010e-02 train_mse=2.330466e-02 train_cos=0.988683 train_nmse=-14.401dB train_rec=0.000000e+00 train_recT=0.000000e+00 train_fc=0.000000e+00 train_decoder_tail=0.000000e+00
I 07.01/03:42:22 train_mapper.py:615 ] epoch=0016 train_loss=6.983651e-02 train_mse=2.126781e-02 train_cos=0.988527 train_nmse=-14.799dB train_rec=0.000000e+00 train_recT=0.000000e+00 train_fc=0.000000e+00 train_decoder_tail=0.000000e+00
I 07.01/03:42:47 train_mapper.py:615 ] epoch=0017 train_loss=6.355307e-02 train_mse=1.887246e-02 train_cos=0.988953 train_nmse=-15.317dB train_rec=0.000000e+00 train_recT=0.000000e+00 train_fc=0.000000e+00 train_decoder_tail=0.000000e+00
I 07.01/03:43:16 train_mapper.py:615 ] epoch=0018 train_loss=5.859229e-02 train_mse=1.696827e-02 train_cos=0.989496 train_nmse=-15.780dB train_rec=0.000000e+00 train_recT=0.000000e+00 train_fc=0.000000e+00 train_decoder_tail=0.000000e+00
I 07.01/03:43:44 train_mapper.py:615 ] epoch=0019 train_loss=5.505821e-02 train_mse=1.562500e-02 train_cos=0.989917 train_nmse=-16.137dB train_rec=0.000000e+00 train_recT=0.000000e+00 train_fc=0.000000e+00 train_decoder_tail=0.000000e+00
I 07.01/03:44:24 train_mapper.py:615 ] epoch=0020 train_loss=5.203148e-02 train_mse=1.450367e-02 train_cos=0.990361 train_nmse=-16.460dB train_rec=0.000000e+00 train_recT=0.000000e+00 train_fc=0.000000e+00 train_decoder_tail=0.000000e+00
I 07.01/03:44:58 train_mapper.py:615 ] epoch=0021 train_loss=4.976445e-02 train_mse=1.367086e-02 train_cos=0.990703 train_nmse=-16.717dB train_rec=0.000000e+00 train_recT=0.000000e+00 train_fc=0.000000e+00 train_decoder_tail=0.000000e+00
I 07.01/03:45:30 train_mapper.py:615 ] epoch=0022 train_loss=4.764867e-02 train_mse=1.291262e-02 train_cos=0.991071 train_nmse=-16.965dB train_rec=0.000000e+00 train_recT=0.000000e+00 train_fc=0.000000e+00 train_decoder_tail=0.000000e+00
I 07.01/03:46:00 train_mapper.py:615 ] epoch=0023 train_loss=4.587887e-02 train_mse=1.228623e-02 train_cos=0.991381 train_nmse=-17.181dB train_rec=0.000000e+00 train_recT=0.000000e+00 train_fc=0.000000e+00 train_decoder_tail=0.000000e+00
I 07.01/03:46:37 train_mapper.py:615 ] epoch=0024 train_loss=4.449570e-02 train_mse=1.179759e-02 train_cos=0.991632 train_nmse=-17.357dB train_rec=0.000000e+00 train_recT=0.000000e+00 train_fc=0.000000e+00 train_decoder_tail=0.000000e+00
I 07.01/03:47:17 train_mapper.py:615 ] epoch=0025 train_loss=4.313478e-02 train_mse=1.132742e-02 train_cos=0.991887 train_nmse=-17.534dB train_rec=0.000000e+00 train_recT=0.000000e+00 train_fc=0.000000e+00 train_decoder_tail=0.000000e+00
I 07.01/03:47:55 train_mapper.py:615 ] epoch=0026 train_loss=4.180262e-02 train_mse=1.087620e-02 train_cos=0.992146 train_nmse=-17.710dB train_rec=0.000000e+00 train_recT=0.000000e+00 train_fc=0.000000e+00 train_decoder_tail=0.000000e+00
I 07.01/03:48:35 train_mapper.py:615 ] epoch=0027 train_loss=4.060808e-02 train_mse=1.047571e-02 train_cos=0.992384 train_nmse=-17.873dB train_rec=0.000000e+00 train_recT=0.000000e+00 train_fc=0.000000e+00 train_decoder_tail=0.000000e+00
I 07.01/03:49:18 train_mapper.py:615 ] epoch=0028 train_loss=3.962698e-02 train_mse=1.014704e-02 train_cos=0.992580 train_nmse=-18.012dB train_rec=0.000000e+00 train_recT=0.000000e+00 train_fc=0.000000e+00 train_decoder_tail=0.000000e+00
I 07.01/03:49:58 train_mapper.py:615 ] epoch=0029 train_loss=3.864842e-02 train_mse=9.824631e-03 train_cos=0.992777 train_nmse=-18.151dB train_rec=0.000000e+00 train_recT=0.000000e+00 train_fc=0.000000e+00 train_decoder_tail=0.000000e+00
I 07.01/03:50:40 train_mapper.py:615 ] epoch=0030 train_loss=3.779615e-02 train_mse=9.545579e-03 train_cos=0.992951 train_nmse=-18.277dB train_rec=0.000000e+00 train_recT=0.000000e+00 train_fc=0.000000e+00 train_decoder_tail=0.000000e+00
I 07.01/03:51:23 train_mapper.py:615 ] epoch=0031 train_loss=3.691857e-02 train_mse=9.264091e-03 train_cos=0.993131 train_nmse=-18.406dB train_rec=0.000000e+00 train_recT=0.000000e+00 train_fc=0.000000e+00 train_decoder_tail=0.000000e+00
I 07.01/03:52:08 train_mapper.py:615 ] epoch=0032 train_loss=3.617558e-02 train_mse=9.024912e-03 train_cos=0.993285 train_nmse=-18.520dB train_rec=0.000000e+00 train_recT=0.000000e+00 train_fc=0.000000e+00 train_decoder_tail=0.000000e+00
I 07.01/03:52:51 train_mapper.py:615 ] epoch=0033 train_loss=3.540755e-02 train_mse=8.782236e-03 train_cos=0.993446 train_nmse=-18.638dB train_rec=0.000000e+00 train_recT=0.000000e+00 train_fc=0.000000e+00 train_decoder_tail=0.000000e+00
I 07.01/03:53:35 train_mapper.py:615 ] epoch=0034 train_loss=3.467507e-02 train_mse=8.552208e-03 train_cos=0.993599 train_nmse=-18.754dB train_rec=0.000000e+00 train_recT=0.000000e+00 train_fc=0.000000e+00 train_decoder_tail=0.000000e+00
I 07.01/03:54:17 train_mapper.py:615 ] epoch=0035 train_loss=3.404029e-02 train_mse=8.354476e-03 train_cos=0.993733 train_nmse=-18.855dB train_rec=0.000000e+00 train_recT=0.000000e+00 train_fc=0.000000e+00 train_decoder_tail=0.000000e+00
I 07.01/03:54:56 train_mapper.py:615 ] epoch=0036 train_loss=3.341120e-02 train_mse=8.160308e-03 train_cos=0.993864 train_nmse=-18.958dB train_rec=0.000000e+00 train_recT=0.000000e+00 train_fc=0.000000e+00 train_decoder_tail=0.000000e+00
I 07.01/03:55:38 train_mapper.py:615 ] epoch=0037 train_loss=3.295267e-02 train_mse=8.016105e-03 train_cos=0.993958 train_nmse=-19.035dB train_rec=0.000000e+00 train_recT=0.000000e+00 train_fc=0.000000e+00 train_decoder_tail=0.000000e+00
I 07.01/03:56:21 train_mapper.py:615 ] epoch=0038 train_loss=3.224847e-02 train_mse=7.806451e-03 train_cos=0.994107 train_nmse=-19.150dB train_rec=0.000000e+00 train_recT=0.000000e+00 train_fc=0.000000e+00 train_decoder_tail=0.000000e+00
I 07.01/03:57:03 train_mapper.py:615 ] epoch=0039 train_loss=3.181760e-02 train_mse=7.673004e-03 train_cos=0.994198 train_nmse=-19.225dB train_rec=0.000000e+00 train_recT=0.000000e+00 train_fc=0.000000e+00 train_decoder_tail=0.000000e+00
I 07.01/03:57:41 train_mapper.py:615 ] epoch=0040 train_loss=3.118377e-02 train_mse=7.486815e-03 train_cos=0.994331 train_nmse=-19.332dB train_rec=0.000000e+00 train_recT=0.000000e+00 train_fc=0.000000e+00 train_decoder_tail=0.000000e+00
I 07.01/03:58:24 train_mapper.py:615 ] epoch=0041 train_loss=3.078514e-02 train_mse=7.365459e-03 train_cos=0.994414 train_nmse=-19.403dB train_rec=0.000000e+00 train_recT=0.000000e+00 train_fc=0.000000e+00 train_decoder_tail=0.000000e+00
I 07.01/03:59:06 train_mapper.py:615 ] epoch=0042 train_loss=3.035376e-02 train_mse=7.237443e-03 train_cos=0.994506 train_nmse=-19.479dB train_rec=0.000000e+00 train_recT=0.000000e+00 train_fc=0.000000e+00 train_decoder_tail=0.000000e+00
I 07.01/03:59:40 train_mapper.py:615 ] epoch=0043 train_loss=2.985129e-02 train_mse=7.091598e-03 train_cos=0.994612 train_nmse=-19.567dB train_rec=0.000000e+00 train_recT=0.000000e+00 train_fc=0.000000e+00 train_decoder_tail=0.000000e+00
I 07.01/04:00:19 train_mapper.py:615 ] epoch=0044 train_loss=2.948222e-02 train_mse=6.982334e-03 train_cos=0.994689 train_nmse=-19.635dB train_rec=0.000000e+00 train_recT=0.000000e+00 train_fc=0.000000e+00 train_decoder_tail=0.000000e+00
I 07.01/04:00:56 train_mapper.py:615 ] epoch=0045 train_loss=2.896497e-02 train_mse=6.833764e-03 train_cos=0.994796 train_nmse=-19.728dB train_rec=0.000000e+00 train_recT=0.000000e+00 train_fc=0.000000e+00 train_decoder_tail=0.000000e+00
I 07.01/04:01:34 train_mapper.py:615 ] epoch=0046 train_loss=2.873653e-02 train_mse=6.763766e-03 train_cos=0.994843 train_nmse=-19.773dB train_rec=0.000000e+00 train_recT=0.000000e+00 train_fc=0.000000e+00 train_decoder_tail=0.000000e+00
I 07.01/04:02:13 train_mapper.py:615 ] epoch=0047 train_loss=2.824483e-02 train_mse=6.626870e-03 train_cos=0.994948 train_nmse=-19.862dB train_rec=0.000000e+00 train_recT=0.000000e+00 train_fc=0.000000e+00 train_decoder_tail=0.000000e+00
I 07.01/04:02:50 train_mapper.py:615 ] epoch=0048 train_loss=2.789035e-02 train_mse=6.525006e-03 train_cos=0.995019 train_nmse=-19.929dB train_rec=0.000000e+00 train_recT=0.000000e+00 train_fc=0.000000e+00 train_decoder_tail=0.000000e+00
I 07.01/04:03:28 train_mapper.py:615 ] epoch=0049 train_loss=2.763222e-02 train_mse=6.449697e-03 train_cos=0.995075 train_nmse=-19.979dB train_rec=0.000000e+00 train_recT=0.000000e+00 train_fc=0.000000e+00 train_decoder_tail=0.000000e+00
I 07.01/04:04:07 train_mapper.py:615 ] epoch=0050 train_loss=2.720714e-02 train_mse=6.331802e-03 train_cos=0.995164 train_nmse=-20.059dB train_rec=0.000000e+00 train_recT=0.000000e+00 train_fc=0.000000e+00 train_decoder_tail=0.000000e+00
I 07.01/04:04:45 train_mapper.py:615 ] epoch=0051 train_loss=2.692095e-02 train_mse=6.251210e-03 train_cos=0.995223 train_nmse=-20.115dB train_rec=0.000000e+00 train_recT=0.000000e+00 train_fc=0.000000e+00 train_decoder_tail=0.000000e+00
I 07.01/04:05:24 train_mapper.py:615 ] epoch=0052 train_loss=2.661133e-02 train_mse=6.163663e-03 train_cos=0.995287 train_nmse=-20.176dB train_rec=0.000000e+00 train_recT=0.000000e+00 train_fc=0.000000e+00 train_decoder_tail=0.000000e+00
I 07.01/04:05:58 train_mapper.py:615 ] epoch=0053 train_loss=2.633946e-02 train_mse=6.087689e-03 train_cos=0.995344 train_nmse=-20.230dB train_rec=0.000000e+00 train_recT=0.000000e+00 train_fc=0.000000e+00 train_decoder_tail=0.000000e+00
I 07.01/04:06:31 train_mapper.py:615 ] epoch=0054 train_loss=2.600494e-02 train_mse=5.996012e-03 train_cos=0.995413 train_nmse=-20.296dB train_rec=0.000000e+00 train_recT=0.000000e+00 train_fc=0.000000e+00 train_decoder_tail=0.000000e+00
I 07.01/04:07:06 train_mapper.py:615 ] epoch=0055 train_loss=2.573124e-02 train_mse=5.919665e-03 train_cos=0.995470 train_nmse=-20.351dB train_rec=0.000000e+00 train_recT=0.000000e+00 train_fc=0.000000e+00 train_decoder_tail=0.000000e+00
I 07.01/04:07:34 train_mapper.py:615 ] epoch=0056 train_loss=2.548410e-02 train_mse=5.850496e-03 train_cos=0.995519 train_nmse=-20.403dB train_rec=0.000000e+00 train_recT=0.000000e+00 train_fc=0.000000e+00 train_decoder_tail=0.000000e+00
I 07.01/04:07:59 train_mapper.py:615 ] epoch=0057 train_loss=2.526634e-02 train_mse=5.790553e-03 train_cos=0.995564 train_nmse=-20.448dB train_rec=0.000000e+00 train_recT=0.000000e+00 train_fc=0.000000e+00 train_decoder_tail=0.000000e+00
I 07.01/04:08:18 train_mapper.py:615 ] epoch=0058 train_loss=2.496473e-02 train_mse=5.709129e-03 train_cos=0.995627 train_nmse=-20.508dB train_rec=0.000000e+00 train_recT=0.000000e+00 train_fc=0.000000e+00 train_decoder_tail=0.000000e+00
I 07.01/04:08:39 train_mapper.py:615 ] epoch=0059 train_loss=2.474748e-02 train_mse=5.648850e-03 train_cos=0.995670 train_nmse=-20.555dB train_rec=0.000000e+00 train_recT=0.000000e+00 train_fc=0.000000e+00 train_decoder_tail=0.000000e+00
I 07.01/04:09:07 train_mapper.py:615 ] epoch=0060 train_loss=2.442358e-02 train_mse=5.562700e-03 train_cos=0.995738 train_nmse=-20.622dB train_rec=0.000000e+00 train_recT=0.000000e+00 train_fc=0.000000e+00 train_decoder_tail=0.000000e+00
I 07.01/04:09:39 train_mapper.py:615 ] epoch=0061 train_loss=2.420209e-02 train_mse=5.502086e-03 train_cos=0.995781 train_nmse=-20.669dB train_rec=0.000000e+00 train_recT=0.000000e+00 train_fc=0.000000e+00 train_decoder_tail=0.000000e+00
I 07.01/04:10:19 train_mapper.py:615 ] epoch=0062 train_loss=2.402397e-02 train_mse=5.453450e-03 train_cos=0.995818 train_nmse=-20.708dB train_rec=0.000000e+00 train_recT=0.000000e+00 train_fc=0.000000e+00 train_decoder_tail=0.000000e+00
I 07.01/04:10:47 train_mapper.py:615 ] epoch=0063 train_loss=2.381133e-02 train_mse=5.396770e-03 train_cos=0.995861 train_nmse=-20.753dB train_rec=0.000000e+00 train_recT=0.000000e+00 train_fc=0.000000e+00 train_decoder_tail=0.000000e+00
I 07.01/04:11:16 train_mapper.py:615 ] epoch=0064 train_loss=2.360992e-02 train_mse=5.342553e-03 train_cos=0.995902 train_nmse=-20.797dB train_rec=0.000000e+00 train_recT=0.000000e+00 train_fc=0.000000e+00 train_decoder_tail=0.000000e+00
I 07.01/04:11:45 train_mapper.py:615 ] epoch=0065 train_loss=2.338179e-02 train_mse=5.281772e-03 train_cos=0.995947 train_nmse=-20.847dB train_rec=0.000000e+00 train_recT=0.000000e+00 train_fc=0.000000e+00 train_decoder_tail=0.000000e+00
I 07.01/04:12:08 train_mapper.py:615 ] epoch=0066 train_loss=2.318500e-02 train_mse=5.228493e-03 train_cos=0.995986 train_nmse=-20.891dB train_rec=0.000000e+00 train_recT=0.000000e+00 train_fc=0.000000e+00 train_decoder_tail=0.000000e+00
I 07.01/04:12:38 train_mapper.py:615 ] epoch=0067 train_loss=2.297888e-02 train_mse=5.174969e-03 train_cos=0.996030 train_nmse=-20.935dB train_rec=0.000000e+00 train_recT=0.000000e+00 train_fc=0.000000e+00 train_decoder_tail=0.000000e+00
I 07.01/04:13:05 train_mapper.py:615 ] epoch=0068 train_loss=2.278692e-02 train_mse=5.123785e-03 train_cos=0.996068 train_nmse=-20.979dB train_rec=0.000000e+00 train_recT=0.000000e+00 train_fc=0.000000e+00 train_decoder_tail=0.000000e+00
I 07.01/04:13:26 train_mapper.py:615 ] epoch=0069 train_loss=2.261267e-02 train_mse=5.077029e-03 train_cos=0.996102 train_nmse=-21.018dB train_rec=0.000000e+00 train_recT=0.000000e+00 train_fc=0.000000e+00 train_decoder_tail=0.000000e+00
I 07.01/04:13:47 train_mapper.py:615 ] epoch=0070 train_loss=2.249520e-02 train_mse=5.044505e-03 train_cos=0.996128 train_nmse=-21.046dB train_rec=0.000000e+00 train_recT=0.000000e+00 train_fc=0.000000e+00 train_decoder_tail=0.000000e+00
I 07.01/04:14:13 train_mapper.py:615 ] epoch=0071 train_loss=2.226248e-02 train_mse=4.984586e-03 train_cos=0.996172 train_nmse=-21.098dB train_rec=0.000000e+00 train_recT=0.000000e+00 train_fc=0.000000e+00 train_decoder_tail=0.000000e+00
I 07.01/04:14:45 train_mapper.py:615 ] epoch=0072 train_loss=2.207456e-02 train_mse=4.935256e-03 train_cos=0.996210 train_nmse=-21.141dB train_rec=0.000000e+00 train_recT=0.000000e+00 train_fc=0.000000e+00 train_decoder_tail=0.000000e+00
I 07.01/04:15:20 train_mapper.py:615 ] epoch=0073 train_loss=2.187706e-02 train_mse=4.884034e-03 train_cos=0.996248 train_nmse=-21.186dB train_rec=0.000000e+00 train_recT=0.000000e+00 train_fc=0.000000e+00 train_decoder_tail=0.000000e+00
I 07.01/04:15:52 train_mapper.py:615 ] epoch=0074 train_loss=2.174983e-02 train_mse=4.849877e-03 train_cos=0.996277 train_nmse=-21.217dB train_rec=0.000000e+00 train_recT=0.000000e+00 train_fc=0.000000e+00 train_decoder_tail=0.000000e+00
I 07.01/04:16:28 train_mapper.py:615 ] epoch=0075 train_loss=2.162352e-02 train_mse=4.815657e-03 train_cos=0.996301 train_nmse=-21.248dB train_rec=0.000000e+00 train_recT=0.000000e+00 train_fc=0.000000e+00 train_decoder_tail=0.000000e+00
I 07.01/04:17:06 train_mapper.py:615 ] epoch=0076 train_loss=2.146649e-02 train_mse=4.774170e-03 train_cos=0.996330 train_nmse=-21.285dB train_rec=0.000000e+00 train_recT=0.000000e+00 train_fc=0.000000e+00 train_decoder_tail=0.000000e+00
I 07.01/04:17:42 train_mapper.py:615 ] epoch=0077 train_loss=2.128354e-02 train_mse=4.726972e-03 train_cos=0.996369 train_nmse=-21.329dB train_rec=0.000000e+00 train_recT=0.000000e+00 train_fc=0.000000e+00 train_decoder_tail=0.000000e+00
I 07.01/04:18:22 train_mapper.py:615 ] epoch=0078 train_loss=2.111863e-02 train_mse=4.684119e-03 train_cos=0.996401 train_nmse=-21.368dB train_rec=0.000000e+00 train_recT=0.000000e+00 train_fc=0.000000e+00 train_decoder_tail=0.000000e+00
I 07.01/04:18:59 train_mapper.py:615 ] epoch=0079 train_loss=2.104302e-02 train_mse=4.662898e-03 train_cos=0.996417 train_nmse=-21.387dB train_rec=0.000000e+00 train_recT=0.000000e+00 train_fc=0.000000e+00 train_decoder_tail=0.000000e+00
I 07.01/04:19:42 train_mapper.py:615 ] epoch=0080 train_loss=2.085415e-02 train_mse=4.613962e-03 train_cos=0.996454 train_nmse=-21.434dB train_rec=0.000000e+00 train_recT=0.000000e+00 train_fc=0.000000e+00 train_decoder_tail=0.000000e+00
I 07.01/04:20:21 train_mapper.py:615 ] epoch=0081 train_loss=2.072238e-02 train_mse=4.579452e-03 train_cos=0.996480 train_nmse=-21.466dB train_rec=0.000000e+00 train_recT=0.000000e+00 train_fc=0.000000e+00 train_decoder_tail=0.000000e+00
I 07.01/04:20:57 train_mapper.py:615 ] epoch=0082 train_loss=2.060893e-02 train_mse=4.548844e-03 train_cos=0.996506 train_nmse=-21.495dB train_rec=0.000000e+00 train_recT=0.000000e+00 train_fc=0.000000e+00 train_decoder_tail=0.000000e+00
I 07.01/04:21:34 train_mapper.py:615 ] epoch=0083 train_loss=2.046899e-02 train_mse=4.512520e-03 train_cos=0.996533 train_nmse=-21.530dB train_rec=0.000000e+00 train_recT=0.000000e+00 train_fc=0.000000e+00 train_decoder_tail=0.000000e+00
I 07.01/04:22:08 train_mapper.py:615 ] epoch=0084 train_loss=2.038296e-02 train_mse=4.487997e-03 train_cos=0.996550 train_nmse=-21.554dB train_rec=0.000000e+00 train_recT=0.000000e+00 train_fc=0.000000e+00 train_decoder_tail=0.000000e+00
I 07.01/04:22:43 train_mapper.py:615 ] epoch=0085 train_loss=2.018241e-02 train_mse=4.437143e-03 train_cos=0.996590 train_nmse=-21.603dB train_rec=0.000000e+00 train_recT=0.000000e+00 train_fc=0.000000e+00 train_decoder_tail=0.000000e+00
I 07.01/04:23:19 train_mapper.py:615 ] epoch=0086 train_loss=2.008235e-02 train_mse=4.409853e-03 train_cos=0.996612 train_nmse=-21.630dB train_rec=0.000000e+00 train_recT=0.000000e+00 train_fc=0.000000e+00 train_decoder_tail=0.000000e+00
I 07.01/04:23:55 train_mapper.py:615 ] epoch=0087 train_loss=1.987071e-02 train_mse=4.356607e-03 train_cos=0.996653 train_nmse=-21.683dB train_rec=0.000000e+00 train_recT=0.000000e+00 train_fc=0.000000e+00 train_decoder_tail=0.000000e+00
I 07.01/04:24:33 train_mapper.py:615 ] epoch=0088 train_loss=1.984778e-02 train_mse=4.347082e-03 train_cos=0.996658 train_nmse=-21.692dB train_rec=0.000000e+00 train_recT=0.000000e+00 train_fc=0.000000e+00 train_decoder_tail=0.000000e+00
I 07.01/04:25:13 train_mapper.py:615 ] epoch=0089 train_loss=1.966329e-02 train_mse=4.300784e-03 train_cos=0.996695 train_nmse=-21.739dB train_rec=0.000000e+00 train_recT=0.000000e+00 train_fc=0.000000e+00 train_decoder_tail=0.000000e+00
I 07.01/04:25:52 train_mapper.py:615 ] epoch=0090 train_loss=1.956338e-02 train_mse=4.273026e-03 train_cos=0.996715 train_nmse=-21.767dB train_rec=0.000000e+00 train_recT=0.000000e+00 train_fc=0.000000e+00 train_decoder_tail=0.000000e+00
I 07.01/04:26:32 train_mapper.py:615 ] epoch=0091 train_loss=1.943480e-02 train_mse=4.239865e-03 train_cos=0.996739 train_nmse=-21.801dB train_rec=0.000000e+00 train_recT=0.000000e+00 train_fc=0.000000e+00 train_decoder_tail=0.000000e+00
I 07.01/04:27:13 train_mapper.py:615 ] epoch=0092 train_loss=1.933823e-02 train_mse=4.213731e-03 train_cos=0.996760 train_nmse=-21.828dB train_rec=0.000000e+00 train_recT=0.000000e+00 train_fc=0.000000e+00 train_decoder_tail=0.000000e+00
I 07.01/04:27:49 train_mapper.py:615 ] epoch=0093 train_loss=1.927623e-02 train_mse=4.195173e-03 train_cos=0.996775 train_nmse=-21.847dB train_rec=0.000000e+00 train_recT=0.000000e+00 train_fc=0.000000e+00 train_decoder_tail=0.000000e+00
I 07.01/04:28:30 train_mapper.py:615 ] epoch=0094 train_loss=1.907824e-02 train_mse=4.145982e-03 train_cos=0.996813 train_nmse=-21.898dB train_rec=0.000000e+00 train_recT=0.000000e+00 train_fc=0.000000e+00 train_decoder_tail=0.000000e+00
I 07.01/04:29:11 train_mapper.py:615 ] epoch=0095 train_loss=1.901098e-02 train_mse=4.126824e-03 train_cos=0.996828 train_nmse=-21.918dB train_rec=0.000000e+00 train_recT=0.000000e+00 train_fc=0.000000e+00 train_decoder_tail=0.000000e+00
I 07.01/04:29:49 train_mapper.py:615 ] epoch=0096 train_loss=1.888735e-02 train_mse=4.094235e-03 train_cos=0.996852 train_nmse=-21.952dB train_rec=0.000000e+00 train_recT=0.000000e+00 train_fc=0.000000e+00 train_decoder_tail=0.000000e+00
I 07.01/04:30:24 train_mapper.py:615 ] epoch=0097 train_loss=1.886767e-02 train_mse=4.085906e-03 train_cos=0.996856 train_nmse=-21.961dB train_rec=0.000000e+00 train_recT=0.000000e+00 train_fc=0.000000e+00 train_decoder_tail=0.000000e+00
I 07.01/04:31:02 train_mapper.py:615 ] epoch=0098 train_loss=1.863622e-02 train_mse=4.029586e-03 train_cos=0.996902 train_nmse=-22.021dB train_rec=0.000000e+00 train_recT=0.000000e+00 train_fc=0.000000e+00 train_decoder_tail=0.000000e+00
I 07.01/04:31:43 train_mapper.py:615 ] epoch=0099 train_loss=1.856696e-02 train_mse=4.009478e-03 train_cos=0.996915 train_nmse=-22.043dB train_rec=0.000000e+00 train_recT=0.000000e+00 train_fc=0.000000e+00 train_decoder_tail=0.000000e+00
I 07.01/04:32:29 train_mapper.py:615 ] epoch=0100 train_loss=1.843006e-02 train_mse=3.975280e-03 train_cos=0.996943 train_nmse=-22.081dB train_rec=0.000000e+00 train_recT=0.000000e+00 train_fc=0.000000e+00 train_decoder_tail=0.000000e+00
I 07.01/04:33:12 train_mapper.py:615 ] epoch=0101 train_loss=1.835613e-02 train_mse=3.954657e-03 train_cos=0.996957 train_nmse=-22.103dB train_rec=0.000000e+00 train_recT=0.000000e+00 train_fc=0.000000e+00 train_decoder_tail=0.000000e+00
I 07.01/04:33:53 train_mapper.py:615 ] epoch=0102 train_loss=1.832318e-02 train_mse=3.944119e-03 train_cos=0.996966 train_nmse=-22.115dB train_rec=0.000000e+00 train_recT=0.000000e+00 train_fc=0.000000e+00 train_decoder_tail=0.000000e+00
I 07.01/04:34:36 train_mapper.py:615 ] epoch=0103 train_loss=1.819207e-02 train_mse=3.911605e-03 train_cos=0.996992 train_nmse=-22.151dB train_rec=0.000000e+00 train_recT=0.000000e+00 train_fc=0.000000e+00 train_decoder_tail=0.000000e+00
I 07.01/04:35:17 train_mapper.py:615 ] epoch=0104 train_loss=1.804645e-02 train_mse=3.875283e-03 train_cos=0.997018 train_nmse=-22.191dB train_rec=0.000000e+00 train_recT=0.000000e+00 train_fc=0.000000e+00 train_decoder_tail=0.000000e+00
I 07.01/04:35:54 train_mapper.py:615 ] epoch=0105 train_loss=1.804283e-02 train_mse=3.871260e-03 train_cos=0.997021 train_nmse=-22.196dB train_rec=0.000000e+00 train_recT=0.000000e+00 train_fc=0.000000e+00 train_decoder_tail=0.000000e+00
I 07.01/04:36:33 train_mapper.py:615 ] epoch=0106 train_loss=1.790039e-02 train_mse=3.836958e-03 train_cos=0.997048 train_nmse=-22.234dB train_rec=0.000000e+00 train_recT=0.000000e+00 train_fc=0.000000e+00 train_decoder_tail=0.000000e+00
I 07.01/04:37:13 train_mapper.py:615 ] epoch=0107 train_loss=1.776493e-02 train_mse=3.803077e-03 train_cos=0.997073 train_nmse=-22.273dB train_rec=0.000000e+00 train_recT=0.000000e+00 train_fc=0.000000e+00 train_decoder_tail=0.000000e+00
I 07.01/04:37:50 train_mapper.py:615 ] epoch=0108 train_loss=1.771066e-02 train_mse=3.788472e-03 train_cos=0.997085 train_nmse=-22.290dB train_rec=0.000000e+00 train_recT=0.000000e+00 train_fc=0.000000e+00 train_decoder_tail=0.000000e+00
I 07.01/04:38:32 train_mapper.py:615 ] epoch=0109 train_loss=1.764439e-02 train_mse=3.771201e-03 train_cos=0.997098 train_nmse=-22.309dB train_rec=0.000000e+00 train_recT=0.000000e+00 train_fc=0.000000e+00 train_decoder_tail=0.000000e+00
I 07.01/04:39:14 train_mapper.py:615 ] epoch=0110 train_loss=1.753448e-02 train_mse=3.744622e-03 train_cos=0.997120 train_nmse=-22.340dB train_rec=0.000000e+00 train_recT=0.000000e+00 train_fc=0.000000e+00 train_decoder_tail=0.000000e+00
I 07.01/04:39:56 train_mapper.py:615 ] epoch=0111 train_loss=1.750102e-02 train_mse=3.733652e-03 train_cos=0.997123 train_nmse=-22.353dB train_rec=0.000000e+00 train_recT=0.000000e+00 train_fc=0.000000e+00 train_decoder_tail=0.000000e+00
I 07.01/04:40:37 train_mapper.py:615 ] epoch=0112 train_loss=1.733673e-02 train_mse=3.694665e-03 train_cos=0.997153 train_nmse=-22.398dB train_rec=0.000000e+00 train_recT=0.000000e+00 train_fc=0.000000e+00 train_decoder_tail=0.000000e+00
I 07.01/04:41:18 train_mapper.py:615 ] epoch=0113 train_loss=1.724225e-02 train_mse=3.671551e-03 train_cos=0.997171 train_nmse=-22.426dB train_rec=0.000000e+00 train_recT=0.000000e+00 train_fc=0.000000e+00 train_decoder_tail=0.000000e+00
I 07.01/04:41:56 train_mapper.py:615 ] epoch=0114 train_loss=1.716152e-02 train_mse=3.651972e-03 train_cos=0.997187 train_nmse=-22.449dB train_rec=0.000000e+00 train_recT=0.000000e+00 train_fc=0.000000e+00 train_decoder_tail=0.000000e+00
I 07.01/04:42:33 train_mapper.py:615 ] epoch=0115 train_loss=1.711895e-02 train_mse=3.640171e-03 train_cos=0.997194 train_nmse=-22.463dB train_rec=0.000000e+00 train_recT=0.000000e+00 train_fc=0.000000e+00 train_decoder_tail=0.000000e+00
I 07.01/04:43:08 train_mapper.py:615 ] epoch=0116 train_loss=1.704686e-02 train_mse=3.622095e-03 train_cos=0.997210 train_nmse=-22.484dB train_rec=0.000000e+00 train_recT=0.000000e+00 train_fc=0.000000e+00 train_decoder_tail=0.000000e+00
I 07.01/04:43:45 train_mapper.py:615 ] epoch=0117 train_loss=1.697304e-02 train_mse=3.604085e-03 train_cos=0.997223 train_nmse=-22.506dB train_rec=0.000000e+00 train_recT=0.000000e+00 train_fc=0.000000e+00 train_decoder_tail=0.000000e+00
I 07.01/04:44:23 train_mapper.py:615 ] epoch=0118 train_loss=1.688565e-02 train_mse=3.583183e-03 train_cos=0.997240 train_nmse=-22.532dB train_rec=0.000000e+00 train_recT=0.000000e+00 train_fc=0.000000e+00 train_decoder_tail=0.000000e+00
I 07.01/04:45:03 train_mapper.py:615 ] epoch=0119 train_loss=1.681071e-02 train_mse=3.564689e-03 train_cos=0.997253 train_nmse=-22.554dB train_rec=0.000000e+00 train_recT=0.000000e+00 train_fc=0.000000e+00 train_decoder_tail=0.000000e+00
I 07.01/04:45:34 train_mapper.py:615 ] epoch=0120 train_loss=1.672095e-02 train_mse=3.543009e-03 train_cos=0.997269 train_nmse=-22.580dB train_rec=0.000000e+00 train_recT=0.000000e+00 train_fc=0.000000e+00 train_decoder_tail=0.000000e+00
I 07.01/04:45:56 train_mapper.py:615 ] epoch=0121 train_loss=1.662010e-02 train_mse=3.519027e-03 train_cos=0.997288 train_nmse=-22.610dB train_rec=0.000000e+00 train_recT=0.000000e+00 train_fc=0.000000e+00 train_decoder_tail=0.000000e+00
I 07.01/04:46:28 train_mapper.py:615 ] epoch=0122 train_loss=1.653647e-02 train_mse=3.498900e-03 train_cos=0.997301 train_nmse=-22.635dB train_rec=0.000000e+00 train_recT=0.000000e+00 train_fc=0.000000e+00 train_decoder_tail=0.000000e+00
I 07.01/04:46:58 train_mapper.py:615 ] epoch=0123 train_loss=1.652619e-02 train_mse=3.495176e-03 train_cos=0.997305 train_nmse=-22.639dB train_rec=0.000000e+00 train_recT=0.000000e+00 train_fc=0.000000e+00 train_decoder_tail=0.000000e+00
I 07.01/04:47:25 train_mapper.py:615 ] epoch=0124 train_loss=1.643097e-02 train_mse=3.472697e-03 train_cos=0.997321 train_nmse=-22.667dB train_rec=0.000000e+00 train_recT=0.000000e+00 train_fc=0.000000e+00 train_decoder_tail=0.000000e+00
I 07.01/04:47:55 train_mapper.py:615 ] epoch=0125 train_loss=1.632469e-02 train_mse=3.447821e-03 train_cos=0.997340 train_nmse=-22.699dB train_rec=0.000000e+00 train_recT=0.000000e+00 train_fc=0.000000e+00 train_decoder_tail=0.000000e+00
I 07.01/04:48:25 train_mapper.py:615 ] epoch=0126 train_loss=1.628435e-02 train_mse=3.437451e-03 train_cos=0.997349 train_nmse=-22.712dB train_rec=0.000000e+00 train_recT=0.000000e+00 train_fc=0.000000e+00 train_decoder_tail=0.000000e+00
I 07.01/04:48:57 train_mapper.py:615 ] epoch=0127 train_loss=1.621832e-02 train_mse=3.421744e-03 train_cos=0.997362 train_nmse=-22.732dB train_rec=0.000000e+00 train_recT=0.000000e+00 train_fc=0.000000e+00 train_decoder_tail=0.000000e+00
I 07.01/04:49:37 train_mapper.py:615 ] epoch=0128 train_loss=1.613727e-02 train_mse=3.402906e-03 train_cos=0.997376 train_nmse=-22.755dB train_rec=0.000000e+00 train_recT=0.000000e+00 train_fc=0.000000e+00 train_decoder_tail=0.000000e+00
I 07.01/04:50:06 train_mapper.py:615 ] epoch=0129 train_loss=1.613388e-02 train_mse=3.399848e-03 train_cos=0.997375 train_nmse=-22.759dB train_rec=0.000000e+00 train_recT=0.000000e+00 train_fc=0.000000e+00 train_decoder_tail=0.000000e+00
I 07.01/04:50:43 train_mapper.py:615 ] epoch=0130 train_loss=1.603869e-02 train_mse=3.378182e-03 train_cos=0.997393 train_nmse=-22.787dB train_rec=0.000000e+00 train_recT=0.000000e+00 train_fc=0.000000e+00 train_decoder_tail=0.000000e+00
I 07.01/04:51:25 train_mapper.py:615 ] epoch=0131 train_loss=1.596086e-02 train_mse=3.360276e-03 train_cos=0.997408 train_nmse=-22.810dB train_rec=0.000000e+00 train_recT=0.000000e+00 train_fc=0.000000e+00 train_decoder_tail=0.000000e+00
I 07.01/04:52:03 train_mapper.py:615 ] epoch=0132 train_loss=1.585950e-02 train_mse=3.337179e-03 train_cos=0.997426 train_nmse=-22.840dB train_rec=0.000000e+00 train_recT=0.000000e+00 train_fc=0.000000e+00 train_decoder_tail=0.000000e+00
I 07.01/04:52:43 train_mapper.py:615 ] epoch=0133 train_loss=1.587724e-02 train_mse=3.339340e-03 train_cos=0.997424 train_nmse=-22.837dB train_rec=0.000000e+00 train_recT=0.000000e+00 train_fc=0.000000e+00 train_decoder_tail=0.000000e+00
I 07.01/04:53:18 train_mapper.py:615 ] epoch=0134 train_loss=1.573642e-02 train_mse=3.307305e-03 train_cos=0.997448 train_nmse=-22.879dB train_rec=0.000000e+00 train_recT=0.000000e+00 train_fc=0.000000e+00 train_decoder_tail=0.000000e+00
I 07.01/04:53:44 train_mapper.py:615 ] epoch=0135 train_loss=1.575016e-02 train_mse=3.308924e-03 train_cos=0.997446 train_nmse=-22.877dB train_rec=0.000000e+00 train_recT=0.000000e+00 train_fc=0.000000e+00 train_decoder_tail=0.000000e+00
I 07.01/04:54:18 train_mapper.py:615 ] epoch=0136 train_loss=1.567058e-02 train_mse=3.290806e-03 train_cos=0.997461 train_nmse=-22.901dB train_rec=0.000000e+00 train_recT=0.000000e+00 train_fc=0.000000e+00 train_decoder_tail=0.000000e+00
I 07.01/04:55:03 train_mapper.py:615 ] epoch=0137 train_loss=1.560429e-02 train_mse=3.274556e-03 train_cos=0.997473 train_nmse=-22.922dB train_rec=0.000000e+00 train_recT=0.000000e+00 train_fc=0.000000e+00 train_decoder_tail=0.000000e+00
I 07.01/04:55:42 train_mapper.py:615 ] epoch=0138 train_loss=1.555936e-02 train_mse=3.263861e-03 train_cos=0.997482 train_nmse=-22.937dB train_rec=0.000000e+00 train_recT=0.000000e+00 train_fc=0.000000e+00 train_decoder_tail=0.000000e+00
I 07.01/04:56:27 train_mapper.py:615 ] epoch=0139 train_loss=1.553392e-02 train_mse=3.256939e-03 train_cos=0.997486 train_nmse=-22.946dB train_rec=0.000000e+00 train_recT=0.000000e+00 train_fc=0.000000e+00 train_decoder_tail=0.000000e+00
I 07.01/04:57:14 train_mapper.py:615 ] epoch=0140 train_loss=1.542601e-02 train_mse=3.233076e-03 train_cos=0.997506 train_nmse=-22.978dB train_rec=0.000000e+00 train_recT=0.000000e+00 train_fc=0.000000e+00 train_decoder_tail=0.000000e+00
I 07.01/04:57:57 train_mapper.py:615 ] epoch=0141 train_loss=1.532879e-02 train_mse=3.210613e-03 train_cos=0.997522 train_nmse=-23.008dB train_rec=0.000000e+00 train_recT=0.000000e+00 train_fc=0.000000e+00 train_decoder_tail=0.000000e+00
I 07.01/04:58:35 train_mapper.py:615 ] epoch=0142 train_loss=1.531766e-02 train_mse=3.206613e-03 train_cos=0.997523 train_nmse=-23.014dB train_rec=0.000000e+00 train_recT=0.000000e+00 train_fc=0.000000e+00 train_decoder_tail=0.000000e+00
I 07.01/04:59:19 train_mapper.py:615 ] epoch=0143 train_loss=1.525540e-02 train_mse=3.192318e-03 train_cos=0.997536 train_nmse=-23.033dB train_rec=0.000000e+00 train_recT=0.000000e+00 train_fc=0.000000e+00 train_decoder_tail=0.000000e+00
I 07.01/05:00:00 train_mapper.py:615 ] epoch=0144 train_loss=1.516311e-02 train_mse=3.171575e-03 train_cos=0.997552 train_nmse=-23.061dB train_rec=0.000000e+00 train_recT=0.000000e+00 train_fc=0.000000e+00 train_decoder_tail=0.000000e+00
I 07.01/05:00:46 train_mapper.py:615 ] epoch=0145 train_loss=1.513304e-02 train_mse=3.164161e-03 train_cos=0.997558 train_nmse=-23.071dB train_rec=0.000000e+00 train_recT=0.000000e+00 train_fc=0.000000e+00 train_decoder_tail=0.000000e+00
I 07.01/05:01:30 train_mapper.py:615 ] epoch=0146 train_loss=1.512646e-02 train_mse=3.161188e-03 train_cos=0.997559 train_nmse=-23.075dB train_rec=0.000000e+00 train_recT=0.000000e+00 train_fc=0.000000e+00 train_decoder_tail=0.000000e+00
I 07.01/05:02:15 train_mapper.py:615 ] epoch=0147 train_loss=1.508134e-02 train_mse=3.150067e-03 train_cos=0.997567 train_nmse=-23.091dB train_rec=0.000000e+00 train_recT=0.000000e+00 train_fc=0.000000e+00 train_decoder_tail=0.000000e+00
I 07.01/05:02:59 train_mapper.py:615 ] epoch=0148 train_loss=1.499788e-02 train_mse=3.131453e-03 train_cos=0.997583 train_nmse=-23.117dB train_rec=0.000000e+00 train_recT=0.000000e+00 train_fc=0.000000e+00 train_decoder_tail=0.000000e+00
I 07.01/05:03:44 train_mapper.py:615 ] epoch=0149 train_loss=1.495011e-02 train_mse=3.120375e-03 train_cos=0.997591 train_nmse=-23.132dB train_rec=0.000000e+00 train_recT=0.000000e+00 train_fc=0.000000e+00 train_decoder_tail=0.000000e+00
I 07.01/05:04:26 train_mapper.py:615 ] epoch=0150 train_loss=1.490597e-02 train_mse=3.109309e-03 train_cos=0.997598 train_nmse=-23.148dB train_rec=0.000000e+00 train_recT=0.000000e+00 train_fc=0.000000e+00 train_decoder_tail=0.000000e+00
I 07.01/05:05:12 train_mapper.py:615 ] epoch=0151 train_loss=1.480973e-02 train_mse=3.087902e-03 train_cos=0.997616 train_nmse=-23.177dB train_rec=0.000000e+00 train_recT=0.000000e+00 train_fc=0.000000e+00 train_decoder_tail=0.000000e+00
I 07.01/05:05:57 train_mapper.py:615 ] epoch=0152 train_loss=1.475138e-02 train_mse=3.074738e-03 train_cos=0.997627 train_nmse=-23.196dB train_rec=0.000000e+00 train_recT=0.000000e+00 train_fc=0.000000e+00 train_decoder_tail=0.000000e+00
I 07.01/05:06:37 train_mapper.py:615 ] epoch=0153 train_loss=1.475285e-02 train_mse=3.073896e-03 train_cos=0.997626 train_nmse=-23.197dB train_rec=0.000000e+00 train_recT=0.000000e+00 train_fc=0.000000e+00 train_decoder_tail=0.000000e+00
I 07.01/05:07:00 train_mapper.py:615 ] epoch=0154 train_loss=1.472454e-02 train_mse=3.066509e-03 train_cos=0.997632 train_nmse=-23.208dB train_rec=0.000000e+00 train_recT=0.000000e+00 train_fc=0.000000e+00 train_decoder_tail=0.000000e+00
I 07.01/05:07:35 train_mapper.py:615 ] epoch=0155 train_loss=1.465388e-02 train_mse=3.050780e-03 train_cos=0.997645 train_nmse=-23.230dB train_rec=0.000000e+00 train_recT=0.000000e+00 train_fc=0.000000e+00 train_decoder_tail=0.000000e+00
I 07.01/05:08:08 train_mapper.py:615 ] epoch=0156 train_loss=1.467931e-02 train_mse=3.055022e-03 train_cos=0.997643 train_nmse=-23.224dB train_rec=0.000000e+00 train_recT=0.000000e+00 train_fc=0.000000e+00 train_decoder_tail=0.000000e+00
I 07.01/05:08:33 train_mapper.py:615 ] epoch=0157 train_loss=1.457590e-02 train_mse=3.032208e-03 train_cos=0.997659 train_nmse=-23.256dB train_rec=0.000000e+00 train_recT=0.000000e+00 train_fc=0.000000e+00 train_decoder_tail=0.000000e+00
I 07.01/05:09:09 train_mapper.py:615 ] epoch=0158 train_loss=1.448431e-02 train_mse=3.012143e-03 train_cos=0.997675 train_nmse=-23.285dB train_rec=0.000000e+00 train_recT=0.000000e+00 train_fc=0.000000e+00 train_decoder_tail=0.000000e+00
I 07.01/05:09:50 train_mapper.py:615 ] epoch=0159 train_loss=1.442947e-02 train_mse=2.999302e-03 train_cos=0.997685 train_nmse=-23.304dB train_rec=0.000000e+00 train_recT=0.000000e+00 train_fc=0.000000e+00 train_decoder_tail=0.000000e+00
I 07.01/05:10:20 train_mapper.py:615 ] epoch=0160 train_loss=1.445463e-02 train_mse=3.003233e-03 train_cos=0.997681 train_nmse=-23.298dB train_rec=0.000000e+00 train_recT=0.000000e+00 train_fc=0.000000e+00 train_decoder_tail=0.000000e+00
I 07.01/05:10:50 train_mapper.py:615 ] epoch=0161 train_loss=1.438694e-02 train_mse=2.988395e-03 train_cos=0.997694 train_nmse=-23.320dB train_rec=0.000000e+00 train_recT=0.000000e+00 train_fc=0.000000e+00 train_decoder_tail=0.000000e+00
I 07.01/05:11:22 train_mapper.py:615 ] epoch=0162 train_loss=1.432913e-02 train_mse=2.974895e-03 train_cos=0.997703 train_nmse=-23.339dB train_rec=0.000000e+00 train_recT=0.000000e+00 train_fc=0.000000e+00 train_decoder_tail=0.000000e+00
I 07.01/05:11:50 train_mapper.py:615 ] epoch=0163 train_loss=1.433129e-02 train_mse=2.973997e-03 train_cos=0.997703 train_nmse=-23.340dB train_rec=0.000000e+00 train_recT=0.000000e+00 train_fc=0.000000e+00 train_decoder_tail=0.000000e+00
I 07.01/05:12:33 train_mapper.py:615 ] epoch=0164 train_loss=1.421761e-02 train_mse=2.949400e-03 train_cos=0.997722 train_nmse=-23.376dB train_rec=0.000000e+00 train_recT=0.000000e+00 train_fc=0.000000e+00 train_decoder_tail=0.000000e+00
I 07.01/05:13:11 train_mapper.py:615 ] epoch=0165 train_loss=1.423595e-02 train_mse=2.951745e-03 train_cos=0.997720 train_nmse=-23.373dB train_rec=0.000000e+00 train_recT=0.000000e+00 train_fc=0.000000e+00 train_decoder_tail=0.000000e+00
I 07.01/05:13:51 train_mapper.py:615 ] epoch=0166 train_loss=1.417341e-02 train_mse=2.938007e-03 train_cos=0.997732 train_nmse=-23.393dB train_rec=0.000000e+00 train_recT=0.000000e+00 train_fc=0.000000e+00 train_decoder_tail=0.000000e+00
I 07.01/05:14:30 train_mapper.py:615 ] epoch=0167 train_loss=1.410873e-02 train_mse=2.923284e-03 train_cos=0.997744 train_nmse=-23.416dB train_rec=0.000000e+00 train_recT=0.000000e+00 train_fc=0.000000e+00 train_decoder_tail=0.000000e+00
I 07.01/05:15:11 train_mapper.py:615 ] epoch=0168 train_loss=1.404752e-02 train_mse=2.909720e-03 train_cos=0.997753 train_nmse=-23.435dB train_rec=0.000000e+00 train_recT=0.000000e+00 train_fc=0.000000e+00 train_decoder_tail=0.000000e+00
I 07.01/05:15:51 train_mapper.py:615 ] epoch=0169 train_loss=1.406092e-02 train_mse=2.911014e-03 train_cos=0.997752 train_nmse=-23.434dB train_rec=0.000000e+00 train_recT=0.000000e+00 train_fc=0.000000e+00 train_decoder_tail=0.000000e+00
I 07.01/05:16:34 train_mapper.py:615 ] epoch=0170 train_loss=1.393956e-02 train_mse=2.885231e-03 train_cos=0.997773 train_nmse=-23.472dB train_rec=0.000000e+00 train_recT=0.000000e+00 train_fc=0.000000e+00 train_decoder_tail=0.000000e+00
I 07.01/05:17:13 train_mapper.py:615 ] epoch=0171 train_loss=1.393114e-02 train_mse=2.882007e-03 train_cos=0.997774 train_nmse=-23.477dB train_rec=0.000000e+00 train_recT=0.000000e+00 train_fc=0.000000e+00 train_decoder_tail=0.000000e+00
I 07.01/05:17:52 train_mapper.py:615 ] epoch=0172 train_loss=1.395784e-02 train_mse=2.886784e-03 train_cos=0.997772 train_nmse=-23.470dB train_rec=0.000000e+00 train_recT=0.000000e+00 train_fc=0.000000e+00 train_decoder_tail=0.000000e+00
I 07.01/05:18:38 train_mapper.py:615 ] epoch=0173 train_loss=1.389797e-02 train_mse=2.873279e-03 train_cos=0.997782 train_nmse=-23.490dB train_rec=0.000000e+00 train_recT=0.000000e+00 train_fc=0.000000e+00 train_decoder_tail=0.000000e+00
I 07.01/05:19:21 train_mapper.py:615 ] epoch=0174 train_loss=1.381154e-02 train_mse=2.854002e-03 train_cos=0.997796 train_nmse=-23.520dB train_rec=0.000000e+00 train_recT=0.000000e+00 train_fc=0.000000e+00 train_decoder_tail=0.000000e+00
I 07.01/05:20:01 train_mapper.py:615 ] epoch=0175 train_loss=1.385325e-02 train_mse=2.861705e-03 train_cos=0.997790 train_nmse=-23.508dB train_rec=0.000000e+00 train_recT=0.000000e+00 train_fc=0.000000e+00 train_decoder_tail=0.000000e+00
I 07.01/05:20:46 train_mapper.py:615 ] epoch=0176 train_loss=1.374860e-02 train_mse=2.839123e-03 train_cos=0.997808 train_nmse=-23.542dB train_rec=0.000000e+00 train_recT=0.000000e+00 train_fc=0.000000e+00 train_decoder_tail=0.000000e+00
I 07.01/05:21:33 train_mapper.py:615 ] epoch=0177 train_loss=1.370784e-02 train_mse=2.829650e-03 train_cos=0.997816 train_nmse=-23.557dB train_rec=0.000000e+00 train_recT=0.000000e+00 train_fc=0.000000e+00 train_decoder_tail=0.000000e+00
I 07.01/05:22:19 train_mapper.py:615 ] epoch=0178 train_loss=1.373096e-02 train_mse=2.833500e-03 train_cos=0.997812 train_nmse=-23.551dB train_rec=0.000000e+00 train_recT=0.000000e+00 train_fc=0.000000e+00 train_decoder_tail=0.000000e+00
I 07.01/05:23:00 train_mapper.py:615 ] epoch=0179 train_loss=1.362480e-02 train_mse=2.810578e-03 train_cos=0.997830 train_nmse=-23.586dB train_rec=0.000000e+00 train_recT=0.000000e+00 train_fc=0.000000e+00 train_decoder_tail=0.000000e+00
I 07.01/05:23:45 train_mapper.py:615 ] epoch=0180 train_loss=1.361279e-02 train_mse=2.806930e-03 train_cos=0.997832 train_nmse=-23.591dB train_rec=0.000000e+00 train_recT=0.000000e+00 train_fc=0.000000e+00 train_decoder_tail=0.000000e+00
I 07.01/05:24:23 train_mapper.py:615 ] epoch=0181 train_loss=1.355156e-02 train_mse=2.793635e-03 train_cos=0.997844 train_nmse=-23.612dB train_rec=0.000000e+00 train_recT=0.000000e+00 train_fc=0.000000e+00 train_decoder_tail=0.000000e+00
I 07.01/05:25:05 train_mapper.py:615 ] epoch=0182 train_loss=1.352579e-02 train_mse=2.786897e-03 train_cos=0.997848 train_nmse=-23.623dB train_rec=0.000000e+00 train_recT=0.000000e+00 train_fc=0.000000e+00 train_decoder_tail=0.000000e+00
I 07.01/05:25:44 train_mapper.py:615 ] epoch=0183 train_loss=1.349930e-02 train_mse=2.780400e-03 train_cos=0.997853 train_nmse=-23.633dB train_rec=0.000000e+00 train_recT=0.000000e+00 train_fc=0.000000e+00 train_decoder_tail=0.000000e+00
I 07.01/05:26:27 train_mapper.py:615 ] epoch=0184 train_loss=1.348475e-02 train_mse=2.776294e-03 train_cos=0.997855 train_nmse=-23.639dB train_rec=0.000000e+00 train_recT=0.000000e+00 train_fc=0.000000e+00 train_decoder_tail=0.000000e+00
I 07.01/05:27:03 train_mapper.py:615 ] epoch=0185 train_loss=1.340737e-02 train_mse=2.759513e-03 train_cos=0.997869 train_nmse=-23.666dB train_rec=0.000000e+00 train_recT=0.000000e+00 train_fc=0.000000e+00 train_decoder_tail=0.000000e+00
I 07.01/05:27:36 train_mapper.py:615 ] epoch=0186 train_loss=1.340683e-02 train_mse=2.758592e-03 train_cos=0.997871 train_nmse=-23.667dB train_rec=0.000000e+00 train_recT=0.000000e+00 train_fc=0.000000e+00 train_decoder_tail=0.000000e+00
I 07.01/05:28:18 train_mapper.py:615 ] epoch=0187 train_loss=1.330515e-02 train_mse=2.736936e-03 train_cos=0.997887 train_nmse=-23.701dB train_rec=0.000000e+00 train_recT=0.000000e+00 train_fc=0.000000e+00 train_decoder_tail=0.000000e+00
I 07.01/05:29:00 train_mapper.py:615 ] epoch=0188 train_loss=1.333363e-02 train_mse=2.741655e-03 train_cos=0.997883 train_nmse=-23.694dB train_rec=0.000000e+00 train_recT=0.000000e+00 train_fc=0.000000e+00 train_decoder_tail=0.000000e+00
I 07.01/05:29:38 train_mapper.py:615 ] epoch=0189 train_loss=1.328288e-02 train_mse=2.730420e-03 train_cos=0.997892 train_nmse=-23.712dB train_rec=0.000000e+00 train_recT=0.000000e+00 train_fc=0.000000e+00 train_decoder_tail=0.000000e+00
I 07.01/05:30:18 train_mapper.py:615 ] epoch=0190 train_loss=1.328437e-02 train_mse=2.729637e-03 train_cos=0.997893 train_nmse=-23.713dB train_rec=0.000000e+00 train_recT=0.000000e+00 train_fc=0.000000e+00 train_decoder_tail=0.000000e+00
I 07.01/05:30:56 train_mapper.py:615 ] epoch=0191 train_loss=1.317347e-02 train_mse=2.706128e-03 train_cos=0.997911 train_nmse=-23.750dB train_rec=0.000000e+00 train_recT=0.000000e+00 train_fc=0.000000e+00 train_decoder_tail=0.000000e+00
I 07.01/05:31:31 train_mapper.py:615 ] epoch=0192 train_loss=1.321283e-02 train_mse=2.712990e-03 train_cos=0.997905 train_nmse=-23.740dB train_rec=0.000000e+00 train_recT=0.000000e+00 train_fc=0.000000e+00 train_decoder_tail=0.000000e+00
I 07.01/05:32:00 train_mapper.py:615 ] epoch=0193 train_loss=1.314229e-02 train_mse=2.697787e-03 train_cos=0.997919 train_nmse=-23.764dB train_rec=0.000000e+00 train_recT=0.000000e+00 train_fc=0.000000e+00 train_decoder_tail=0.000000e+00
I 07.01/05:32:24 train_mapper.py:615 ] epoch=0194 train_loss=1.311667e-02 train_mse=2.691300e-03 train_cos=0.997921 train_nmse=-23.775dB train_rec=0.000000e+00 train_recT=0.000000e+00 train_fc=0.000000e+00 train_decoder_tail=0.000000e+00
I 07.01/05:32:57 train_mapper.py:615 ] epoch=0195 train_loss=1.309002e-02 train_mse=2.685106e-03 train_cos=0.997926 train_nmse=-23.784dB train_rec=0.000000e+00 train_recT=0.000000e+00 train_fc=0.000000e+00 train_decoder_tail=0.000000e+00
I 07.01/05:33:33 train_mapper.py:615 ] epoch=0196 train_loss=1.303457e-02 train_mse=2.673051e-03 train_cos=0.997935 train_nmse=-23.804dB train_rec=0.000000e+00 train_recT=0.000000e+00 train_fc=0.000000e+00 train_decoder_tail=0.000000e+00
I 07.01/05:34:10 train_mapper.py:615 ] epoch=0197 train_loss=1.302532e-02 train_mse=2.670292e-03 train_cos=0.997938 train_nmse=-23.809dB train_rec=0.000000e+00 train_recT=0.000000e+00 train_fc=0.000000e+00 train_decoder_tail=0.000000e+00
I 07.01/05:34:40 train_mapper.py:615 ] epoch=0198 train_loss=1.295758e-02 train_mse=2.655456e-03 train_cos=0.997951 train_nmse=-23.832dB train_rec=0.000000e+00 train_recT=0.000000e+00 train_fc=0.000000e+00 train_decoder_tail=0.000000e+00
I 07.01/05:35:08 train_mapper.py:615 ] epoch=0199 train_loss=1.293546e-02 train_mse=2.650037e-03 train_cos=0.997954 train_nmse=-23.841dB train_rec=0.000000e+00 train_recT=0.000000e+00 train_fc=0.000000e+00 train_decoder_tail=0.000000e+00
I 07.01/05:35:33 train_mapper.py:615 ] epoch=0200 train_loss=1.291386e-02 train_mse=2.644916e-03 train_cos=0.997958 train_nmse=-23.850dB train_rec=0.000000e+00 train_recT=0.000000e+00 train_fc=0.000000e+00 train_decoder_tail=0.000000e+00
I 07.01/05:36:12 train_mapper.py:615 ] epoch=0201 train_loss=1.291631e-02 train_mse=2.644265e-03 train_cos=0.997959 train_nmse=-23.851dB train_rec=0.000000e+00 train_recT=0.000000e+00 train_fc=0.000000e+00 train_decoder_tail=0.000000e+00
I 07.01/05:36:50 train_mapper.py:615 ] epoch=0202 train_loss=1.286218e-02 train_mse=2.632204e-03 train_cos=0.997969 train_nmse=-23.871dB train_rec=0.000000e+00 train_recT=0.000000e+00 train_fc=0.000000e+00 train_decoder_tail=0.000000e+00
I 07.01/05:37:26 train_mapper.py:615 ] epoch=0203 train_loss=1.282962e-02 train_mse=2.624937e-03 train_cos=0.997975 train_nmse=-23.883dB train_rec=0.000000e+00 train_recT=0.000000e+00 train_fc=0.000000e+00 train_decoder_tail=0.000000e+00
I 07.01/05:37:54 train_mapper.py:615 ] epoch=0204 train_loss=1.280052e-02 train_mse=2.618365e-03 train_cos=0.997978 train_nmse=-23.894dB train_rec=0.000000e+00 train_recT=0.000000e+00 train_fc=0.000000e+00 train_decoder_tail=0.000000e+00
I 07.01/05:38:36 train_mapper.py:615 ] epoch=0205 train_loss=1.275257e-02 train_mse=2.607920e-03 train_cos=0.997988 train_nmse=-23.911dB train_rec=0.000000e+00 train_recT=0.000000e+00 train_fc=0.000000e+00 train_decoder_tail=0.000000e+00
I 07.01/05:39:17 train_mapper.py:615 ] epoch=0206 train_loss=1.273379e-02 train_mse=2.603064e-03 train_cos=0.997991 train_nmse=-23.919dB train_rec=0.000000e+00 train_recT=0.000000e+00 train_fc=0.000000e+00 train_decoder_tail=0.000000e+00
I 07.01/05:39:40 train_mapper.py:615 ] epoch=0207 train_loss=1.278206e-02 train_mse=2.611414e-03 train_cos=0.997985 train_nmse=-23.905dB train_rec=0.000000e+00 train_recT=0.000000e+00 train_fc=0.000000e+00 train_decoder_tail=0.000000e+00
I 07.01/05:40:08 train_mapper.py:615 ] epoch=0208 train_loss=1.266088e-02 train_mse=2.586726e-03 train_cos=0.998005 train_nmse=-23.947dB train_rec=0.000000e+00 train_recT=0.000000e+00 train_fc=0.000000e+00 train_decoder_tail=0.000000e+00
I 07.01/05:40:37 train_mapper.py:615 ] epoch=0209 train_loss=1.265056e-02 train_mse=2.583300e-03 train_cos=0.998005 train_nmse=-23.952dB train_rec=0.000000e+00 train_recT=0.000000e+00 train_fc=0.000000e+00 train_decoder_tail=0.000000e+00
I 07.01/05:41:10 train_mapper.py:615 ] epoch=0210 train_loss=1.266388e-02 train_mse=2.585107e-03 train_cos=0.998004 train_nmse=-23.949dB train_rec=0.000000e+00 train_recT=0.000000e+00 train_fc=0.000000e+00 train_decoder_tail=0.000000e+00
I 07.01/05:41:41 train_mapper.py:615 ] epoch=0211 train_loss=1.252157e-02 train_mse=2.556025e-03 train_cos=0.998027 train_nmse=-23.998dB train_rec=0.000000e+00 train_recT=0.000000e+00 train_fc=0.000000e+00 train_decoder_tail=0.000000e+00
I 07.01/05:42:17 train_mapper.py:615 ] epoch=0212 train_loss=1.255022e-02 train_mse=2.560954e-03 train_cos=0.998024 train_nmse=-23.990dB train_rec=0.000000e+00 train_recT=0.000000e+00 train_fc=0.000000e+00 train_decoder_tail=0.000000e+00
I 07.01/05:42:40 train_mapper.py:615 ] epoch=0213 train_loss=1.251071e-02 train_mse=2.552250e-03 train_cos=0.998030 train_nmse=-24.005dB train_rec=0.000000e+00 train_recT=0.000000e+00 train_fc=0.000000e+00 train_decoder_tail=0.000000e+00
I 07.01/05:43:10 train_mapper.py:615 ] epoch=0214 train_loss=1.252916e-02 train_mse=2.554800e-03 train_cos=0.998027 train_nmse=-24.001dB train_rec=0.000000e+00 train_recT=0.000000e+00 train_fc=0.000000e+00 train_decoder_tail=0.000000e+00
I 07.01/05:43:48 train_mapper.py:615 ] epoch=0215 train_loss=1.247498e-02 train_mse=2.543658e-03 train_cos=0.998039 train_nmse=-24.019dB train_rec=0.000000e+00 train_recT=0.000000e+00 train_fc=0.000000e+00 train_decoder_tail=0.000000e+00
I 07.01/05:44:34 train_mapper.py:615 ] epoch=0216 train_loss=1.244732e-02 train_mse=2.537166e-03 train_cos=0.998042 train_nmse=-24.031dB train_rec=0.000000e+00 train_recT=0.000000e+00 train_fc=0.000000e+00 train_decoder_tail=0.000000e+00
I 07.01/05:45:18 train_mapper.py:615 ] epoch=0217 train_loss=1.240952e-02 train_mse=2.528954e-03 train_cos=0.998049 train_nmse=-24.045dB train_rec=0.000000e+00 train_recT=0.000000e+00 train_fc=0.000000e+00 train_decoder_tail=0.000000e+00
I 07.01/05:45:50 train_mapper.py:615 ] epoch=0218 train_loss=1.239697e-02 train_mse=2.525444e-03 train_cos=0.998053 train_nmse=-24.051dB train_rec=0.000000e+00 train_recT=0.000000e+00 train_fc=0.000000e+00 train_decoder_tail=0.000000e+00
I 07.01/05:46:27 train_mapper.py:615 ] epoch=0219 train_loss=1.235454e-02 train_mse=2.516480e-03 train_cos=0.998058 train_nmse=-24.066dB train_rec=0.000000e+00 train_recT=0.000000e+00 train_fc=0.000000e+00 train_decoder_tail=0.000000e+00
I 07.01/05:47:11 train_mapper.py:615 ] epoch=0220 train_loss=1.236037e-02 train_mse=2.516255e-03 train_cos=0.998057 train_nmse=-24.067dB train_rec=0.000000e+00 train_recT=0.000000e+00 train_fc=0.000000e+00 train_decoder_tail=0.000000e+00
I 07.01/05:47:44 train_mapper.py:615 ] epoch=0221 train_loss=1.232507e-02 train_mse=2.508736e-03 train_cos=0.998064 train_nmse=-24.079dB train_rec=0.000000e+00 train_recT=0.000000e+00 train_fc=0.000000e+00 train_decoder_tail=0.000000e+00
I 07.01/05:48:23 train_mapper.py:615 ] epoch=0222 train_loss=1.230036e-02 train_mse=2.503114e-03 train_cos=0.998068 train_nmse=-24.089dB train_rec=0.000000e+00 train_recT=0.000000e+00 train_fc=0.000000e+00 train_decoder_tail=0.000000e+00
I 07.01/05:48:55 train_mapper.py:615 ] epoch=0223 train_loss=1.223421e-02 train_mse=2.489367e-03 train_cos=0.998079 train_nmse=-24.113dB train_rec=0.000000e+00 train_recT=0.000000e+00 train_fc=0.000000e+00 train_decoder_tail=0.000000e+00
I 07.01/05:49:22 train_mapper.py:615 ] epoch=0224 train_loss=1.222395e-02 train_mse=2.486118e-03 train_cos=0.998080 train_nmse=-24.119dB train_rec=0.000000e+00 train_recT=0.000000e+00 train_fc=0.000000e+00 train_decoder_tail=0.000000e+00
I 07.01/05:49:54 train_mapper.py:615 ] epoch=0225 train_loss=1.215595e-02 train_mse=2.472020e-03 train_cos=0.998093 train_nmse=-24.143dB train_rec=0.000000e+00 train_recT=0.000000e+00 train_fc=0.000000e+00 train_decoder_tail=0.000000e+00
I 07.01/05:50:28 train_mapper.py:615 ] epoch=0226 train_loss=1.218822e-02 train_mse=2.477806e-03 train_cos=0.998088 train_nmse=-24.133dB train_rec=0.000000e+00 train_recT=0.000000e+00 train_fc=0.000000e+00 train_decoder_tail=0.000000e+00
I 07.01/05:50:49 train_mapper.py:615 ] epoch=0227 train_loss=1.211975e-02 train_mse=2.463699e-03 train_cos=0.998099 train_nmse=-24.158dB train_rec=0.000000e+00 train_recT=0.000000e+00 train_fc=0.000000e+00 train_decoder_tail=0.000000e+00
I 07.01/05:51:20 train_mapper.py:615 ] epoch=0228 train_loss=1.213091e-02 train_mse=2.464855e-03 train_cos=0.998097 train_nmse=-24.156dB train_rec=0.000000e+00 train_recT=0.000000e+00 train_fc=0.000000e+00 train_decoder_tail=0.000000e+00
I 07.01/05:51:55 train_mapper.py:615 ] epoch=0229 train_loss=1.213636e-02 train_mse=2.465292e-03 train_cos=0.998097 train_nmse=-24.155dB train_rec=0.000000e+00 train_recT=0.000000e+00 train_fc=0.000000e+00 train_decoder_tail=0.000000e+00
I 07.01/05:52:36 train_mapper.py:615 ] epoch=0230 train_loss=1.208889e-02 train_mse=2.455315e-03 train_cos=0.998105 train_nmse=-24.173dB train_rec=0.000000e+00 train_recT=0.000000e+00 train_fc=0.000000e+00 train_decoder_tail=0.000000e+00
I 07.01/05:53:12 train_mapper.py:615 ] epoch=0231 train_loss=1.200805e-02 train_mse=2.438746e-03 train_cos=0.998118 train_nmse=-24.202dB train_rec=0.000000e+00 train_recT=0.000000e+00 train_fc=0.000000e+00 train_decoder_tail=0.000000e+00
I 07.01/05:53:43 train_mapper.py:615 ] epoch=0232 train_loss=1.201898e-02 train_mse=2.440048e-03 train_cos=0.998117 train_nmse=-24.200dB train_rec=0.000000e+00 train_recT=0.000000e+00 train_fc=0.000000e+00 train_decoder_tail=0.000000e+00
I 07.01/05:54:12 train_mapper.py:615 ] epoch=0233 train_loss=1.201780e-02 train_mse=2.439278e-03 train_cos=0.998117 train_nmse=-24.201dB train_rec=0.000000e+00 train_recT=0.000000e+00 train_fc=0.000000e+00 train_decoder_tail=0.000000e+00
I 07.01/05:54:40 train_mapper.py:615 ] epoch=0234 train_loss=1.197072e-02 train_mse=2.429099e-03 train_cos=0.998125 train_nmse=-24.219dB train_rec=0.000000e+00 train_recT=0.000000e+00 train_fc=0.000000e+00 train_decoder_tail=0.000000e+00
I 07.01/05:55:25 train_mapper.py:615 ] epoch=0235 train_loss=1.193726e-02 train_mse=2.421691e-03 train_cos=0.998130 train_nmse=-24.233dB train_rec=0.000000e+00 train_recT=0.000000e+00 train_fc=0.000000e+00 train_decoder_tail=0.000000e+00
I 07.01/05:55:56 train_mapper.py:615 ] epoch=0236 train_loss=1.192548e-02 train_mse=2.418998e-03 train_cos=0.998133 train_nmse=-24.238dB train_rec=0.000000e+00 train_recT=0.000000e+00 train_fc=0.000000e+00 train_decoder_tail=0.000000e+00
I 07.01/05:56:37 train_mapper.py:615 ] epoch=0237 train_loss=1.187494e-02 train_mse=2.408376e-03 train_cos=0.998142 train_nmse=-24.257dB train_rec=0.000000e+00 train_recT=0.000000e+00 train_fc=0.000000e+00 train_decoder_tail=0.000000e+00
I 07.01/05:57:11 train_mapper.py:615 ] epoch=0238 train_loss=1.189635e-02 train_mse=2.411788e-03 train_cos=0.998138 train_nmse=-24.251dB train_rec=0.000000e+00 train_recT=0.000000e+00 train_fc=0.000000e+00 train_decoder_tail=0.000000e+00
I 07.01/05:57:41 train_mapper.py:615 ] epoch=0239 train_loss=1.183868e-02 train_mse=2.399989e-03 train_cos=0.998147 train_nmse=-24.272dB train_rec=0.000000e+00 train_recT=0.000000e+00 train_fc=0.000000e+00 train_decoder_tail=0.000000e+00
I 07.01/05:58:21 train_mapper.py:615 ] epoch=0240 train_loss=1.185805e-02 train_mse=2.402755e-03 train_cos=0.998144 train_nmse=-24.267dB train_rec=0.000000e+00 train_recT=0.000000e+00 train_fc=0.000000e+00 train_decoder_tail=0.000000e+00
I 07.01/05:58:44 train_mapper.py:615 ] epoch=0241 train_loss=1.180108e-02 train_mse=2.391629e-03 train_cos=0.998155 train_nmse=-24.287dB train_rec=0.000000e+00 train_recT=0.000000e+00 train_fc=0.000000e+00 train_decoder_tail=0.000000e+00
I 07.01/05:59:17 train_mapper.py:615 ] epoch=0242 train_loss=1.179800e-02 train_mse=2.390104e-03 train_cos=0.998156 train_nmse=-24.290dB train_rec=0.000000e+00 train_recT=0.000000e+00 train_fc=0.000000e+00 train_decoder_tail=0.000000e+00
I 07.01/05:59:43 train_mapper.py:615 ] epoch=0243 train_loss=1.172792e-02 train_mse=2.375638e-03 train_cos=0.998167 train_nmse=-24.316dB train_rec=0.000000e+00 train_recT=0.000000e+00 train_fc=0.000000e+00 train_decoder_tail=0.000000e+00
I 07.01/06:00:11 train_mapper.py:615 ] epoch=0244 train_loss=1.173424e-02 train_mse=2.376288e-03 train_cos=0.998166 train_nmse=-24.315dB train_rec=0.000000e+00 train_recT=0.000000e+00 train_fc=0.000000e+00 train_decoder_tail=0.000000e+00
I 07.01/06:00:45 train_mapper.py:615 ] epoch=0245 train_loss=1.171712e-02 train_mse=2.372203e-03 train_cos=0.998168 train_nmse=-24.323dB train_rec=0.000000e+00 train_recT=0.000000e+00 train_fc=0.000000e+00 train_decoder_tail=0.000000e+00
I 07.01/06:01:26 train_mapper.py:615 ] epoch=0246 train_loss=1.166047e-02 train_mse=2.360567e-03 train_cos=0.998178 train_nmse=-24.344dB train_rec=0.000000e+00 train_recT=0.000000e+00 train_fc=0.000000e+00 train_decoder_tail=0.000000e+00
I 07.01/06:02:10 train_mapper.py:615 ] epoch=0247 train_loss=1.165190e-02 train_mse=2.358163e-03 train_cos=0.998180 train_nmse=-24.348dB train_rec=0.000000e+00 train_recT=0.000000e+00 train_fc=0.000000e+00 train_decoder_tail=0.000000e+00
I 07.01/06:02:56 train_mapper.py:615 ] epoch=0248 train_loss=1.161267e-02 train_mse=2.350090e-03 train_cos=0.998187 train_nmse=-24.364dB train_rec=0.000000e+00 train_recT=0.000000e+00 train_fc=0.000000e+00 train_decoder_tail=0.000000e+00
I 07.01/06:03:37 train_mapper.py:615 ] epoch=0249 train_loss=1.165059e-02 train_mse=2.356755e-03 train_cos=0.998181 train_nmse=-24.351dB train_rec=0.000000e+00 train_recT=0.000000e+00 train_fc=0.000000e+00 train_decoder_tail=0.000000e+00
I 07.01/06:04:06 train_mapper.py:615 ] epoch=0250 train_loss=1.161920e-02 train_mse=2.350308e-03 train_cos=0.998186 train_nmse=-24.363dB train_rec=0.000000e+00 train_recT=0.000000e+00 train_fc=0.000000e+00 train_decoder_tail=0.000000e+00
I 07.01/06:04:45 train_mapper.py:615 ] epoch=0251 train_loss=1.157639e-02 train_mse=2.341230e-03 train_cos=0.998193 train_nmse=-24.379dB train_rec=0.000000e+00 train_recT=0.000000e+00 train_fc=0.000000e+00 train_decoder_tail=0.000000e+00
I 07.01/06:05:26 train_mapper.py:615 ] epoch=0252 train_loss=1.153013e-02 train_mse=2.331427e-03 train_cos=0.998201 train_nmse=-24.398dB train_rec=0.000000e+00 train_recT=0.000000e+00 train_fc=0.000000e+00 train_decoder_tail=0.000000e+00
I 07.01/06:06:00 train_mapper.py:615 ] epoch=0253 train_loss=1.155520e-02 train_mse=2.336023e-03 train_cos=0.998197 train_nmse=-24.389dB train_rec=0.000000e+00 train_recT=0.000000e+00 train_fc=0.000000e+00 train_decoder_tail=0.000000e+00
I 07.01/06:06:24 train_mapper.py:615 ] epoch=0254 train_loss=1.152733e-02 train_mse=2.329988e-03 train_cos=0.998202 train_nmse=-24.401dB train_rec=0.000000e+00 train_recT=0.000000e+00 train_fc=0.000000e+00 train_decoder_tail=0.000000e+00
I 07.01/06:06:57 train_mapper.py:615 ] epoch=0255 train_loss=1.147863e-02 train_mse=2.319939e-03 train_cos=0.998209 train_nmse=-24.419dB train_rec=0.000000e+00 train_recT=0.000000e+00 train_fc=0.000000e+00 train_decoder_tail=0.000000e+00
I 07.01/06:07:32 train_mapper.py:615 ] epoch=0256 train_loss=1.144965e-02 train_mse=2.313808e-03 train_cos=0.998214 train_nmse=-24.431dB train_rec=0.000000e+00 train_recT=0.000000e+00 train_fc=0.000000e+00 train_decoder_tail=0.000000e+00
I 07.01/06:07:53 train_mapper.py:615 ] epoch=0257 train_loss=1.145339e-02 train_mse=2.313782e-03 train_cos=0.998213 train_nmse=-24.431dB train_rec=0.000000e+00 train_recT=0.000000e+00 train_fc=0.000000e+00 train_decoder_tail=0.000000e+00
I 07.01/06:08:18 train_mapper.py:615 ] epoch=0258 train_loss=1.142424e-02 train_mse=2.307517e-03 train_cos=0.998219 train_nmse=-24.443dB train_rec=0.000000e+00 train_recT=0.000000e+00 train_fc=0.000000e+00 train_decoder_tail=0.000000e+00
I 07.01/06:08:40 train_mapper.py:615 ] epoch=0259 train_loss=1.140181e-02 train_mse=2.302757e-03 train_cos=0.998223 train_nmse=-24.452dB train_rec=0.000000e+00 train_recT=0.000000e+00 train_fc=0.000000e+00 train_decoder_tail=0.000000e+00
I 07.01/06:09:14 train_mapper.py:615 ] epoch=0260 train_loss=1.135794e-02 train_mse=2.293992e-03 train_cos=0.998231 train_nmse=-24.468dB train_rec=0.000000e+00 train_recT=0.000000e+00 train_fc=0.000000e+00 train_decoder_tail=0.000000e+00
I 07.01/06:09:59 train_mapper.py:615 ] epoch=0261 train_loss=1.141384e-02 train_mse=2.303927e-03 train_cos=0.998221 train_nmse=-24.449dB train_rec=0.000000e+00 train_recT=0.000000e+00 train_fc=0.000000e+00 train_decoder_tail=0.000000e+00
I 07.01/06:10:42 train_mapper.py:615 ] epoch=0262 train_loss=1.133302e-02 train_mse=2.287997e-03 train_cos=0.998235 train_nmse=-24.479dB train_rec=0.000000e+00 train_recT=0.000000e+00 train_fc=0.000000e+00 train_decoder_tail=0.000000e+00
I 07.01/06:11:22 train_mapper.py:615 ] epoch=0263 train_loss=1.134405e-02 train_mse=2.289384e-03 train_cos=0.998233 train_nmse=-24.477dB train_rec=0.000000e+00 train_recT=0.000000e+00 train_fc=0.000000e+00 train_decoder_tail=0.000000e+00
I 07.01/06:11:55 train_mapper.py:615 ] epoch=0264 train_loss=1.130794e-02 train_mse=2.281775e-03 train_cos=0.998239 train_nmse=-24.491dB train_rec=0.000000e+00 train_recT=0.000000e+00 train_fc=0.000000e+00 train_decoder_tail=0.000000e+00
I 07.01/06:12:32 train_mapper.py:615 ] epoch=0265 train_loss=1.129868e-02 train_mse=2.279431e-03 train_cos=0.998240 train_nmse=-24.496dB train_rec=0.000000e+00 train_recT=0.000000e+00 train_fc=0.000000e+00 train_decoder_tail=0.000000e+00
I 07.01/06:13:20 train_mapper.py:615 ] epoch=0266 train_loss=1.127747e-02 train_mse=2.274917e-03 train_cos=0.998244 train_nmse=-24.505dB train_rec=0.000000e+00 train_recT=0.000000e+00 train_fc=0.000000e+00 train_decoder_tail=0.000000e+00
I 07.01/06:13:59 train_mapper.py:615 ] epoch=0267 train_loss=1.119149e-02 train_mse=2.257984e-03 train_cos=0.998258 train_nmse=-24.537dB train_rec=0.000000e+00 train_recT=0.000000e+00 train_fc=0.000000e+00 train_decoder_tail=0.000000e+00
I 07.01/06:14:30 train_mapper.py:615 ] epoch=0268 train_loss=1.123851e-02 train_mse=2.266222e-03 train_cos=0.998250 train_nmse=-24.521dB train_rec=0.000000e+00 train_recT=0.000000e+00 train_fc=0.000000e+00 train_decoder_tail=0.000000e+00
I 07.01/06:15:09 train_mapper.py:615 ] epoch=0269 train_loss=1.121328e-02 train_mse=2.260988e-03 train_cos=0.998254 train_nmse=-24.531dB train_rec=0.000000e+00 train_recT=0.000000e+00 train_fc=0.000000e+00 train_decoder_tail=0.000000e+00
I 07.01/06:15:51 train_mapper.py:615 ] epoch=0270 train_loss=1.114390e-02 train_mse=2.246869e-03 train_cos=0.998265 train_nmse=-24.558dB train_rec=0.000000e+00 train_recT=0.000000e+00 train_fc=0.000000e+00 train_decoder_tail=0.000000e+00
I 07.01/06:16:28 train_mapper.py:615 ] epoch=0271 train_loss=1.114258e-02 train_mse=2.245971e-03 train_cos=0.998266 train_nmse=-24.560dB train_rec=0.000000e+00 train_recT=0.000000e+00 train_fc=0.000000e+00 train_decoder_tail=0.000000e+00
I 07.01/06:17:00 train_mapper.py:615 ] epoch=0272 train_loss=1.115408e-02 train_mse=2.247909e-03 train_cos=0.998265 train_nmse=-24.556dB train_rec=0.000000e+00 train_recT=0.000000e+00 train_fc=0.000000e+00 train_decoder_tail=0.000000e+00
I 07.01/06:17:41 train_mapper.py:615 ] epoch=0273 train_loss=1.113505e-02 train_mse=2.243856e-03 train_cos=0.998268 train_nmse=-24.564dB train_rec=0.000000e+00 train_recT=0.000000e+00 train_fc=0.000000e+00 train_decoder_tail=0.000000e+00
I 07.01/06:18:29 train_mapper.py:615 ] epoch=0274 train_loss=1.114061e-02 train_mse=2.244221e-03 train_cos=0.998269 train_nmse=-24.564dB train_rec=0.000000e+00 train_recT=0.000000e+00 train_fc=0.000000e+00 train_decoder_tail=0.000000e+00
I 07.01/06:19:16 train_mapper.py:615 ] epoch=0275 train_loss=1.106053e-02 train_mse=2.228533e-03 train_cos=0.998281 train_nmse=-24.594dB train_rec=0.000000e+00 train_recT=0.000000e+00 train_fc=0.000000e+00 train_decoder_tail=0.000000e+00
I 07.01/06:19:45 train_mapper.py:615 ] epoch=0276 train_loss=1.106195e-02 train_mse=2.228190e-03 train_cos=0.998281 train_nmse=-24.595dB train_rec=0.000000e+00 train_recT=0.000000e+00 train_fc=0.000000e+00 train_decoder_tail=0.000000e+00
I 07.01/06:20:26 train_mapper.py:615 ] epoch=0277 train_loss=1.103865e-02 train_mse=2.223365e-03 train_cos=0.998285 train_nmse=-24.604dB train_rec=0.000000e+00 train_recT=0.000000e+00 train_fc=0.000000e+00 train_decoder_tail=0.000000e+00
I 07.01/06:20:53 train_mapper.py:615 ] epoch=0278 train_loss=1.106082e-02 train_mse=2.226918e-03 train_cos=0.998281 train_nmse=-24.597dB train_rec=0.000000e+00 train_recT=0.000000e+00 train_fc=0.000000e+00 train_decoder_tail=0.000000e+00
I 07.01/06:21:33 train_mapper.py:615 ] epoch=0279 train_loss=1.102726e-02 train_mse=2.219836e-03 train_cos=0.998286 train_nmse=-24.611dB train_rec=0.000000e+00 train_recT=0.000000e+00 train_fc=0.000000e+00 train_decoder_tail=0.000000e+00
I 07.01/06:22:07 train_mapper.py:615 ] epoch=0280 train_loss=1.100569e-02 train_mse=2.215361e-03 train_cos=0.998290 train_nmse=-24.620dB train_rec=0.000000e+00 train_recT=0.000000e+00 train_fc=0.000000e+00 train_decoder_tail=0.000000e+00
I 07.01/06:22:45 train_mapper.py:615 ] epoch=0281 train_loss=1.100730e-02 train_mse=2.215527e-03 train_cos=0.998290 train_nmse=-24.619dB train_rec=0.000000e+00 train_recT=0.000000e+00 train_fc=0.000000e+00 train_decoder_tail=0.000000e+00
I 07.01/06:23:26 train_mapper.py:615 ] epoch=0282 train_loss=1.093115e-02 train_mse=2.200371e-03 train_cos=0.998302 train_nmse=-24.649dB train_rec=0.000000e+00 train_recT=0.000000e+00 train_fc=0.000000e+00 train_decoder_tail=0.000000e+00
I 07.01/06:23:58 train_mapper.py:615 ] epoch=0283 train_loss=1.094057e-02 train_mse=2.201434e-03 train_cos=0.998300 train_nmse=-24.647dB train_rec=0.000000e+00 train_recT=0.000000e+00 train_fc=0.000000e+00 train_decoder_tail=0.000000e+00
I 07.01/06:24:45 train_mapper.py:615 ] epoch=0284 train_loss=1.092567e-02 train_mse=2.197968e-03 train_cos=0.998303 train_nmse=-24.654dB train_rec=0.000000e+00 train_recT=0.000000e+00 train_fc=0.000000e+00 train_decoder_tail=0.000000e+00
I 07.01/06:25:16 train_mapper.py:615 ] epoch=0285 train_loss=1.089603e-02 train_mse=2.191784e-03 train_cos=0.998307 train_nmse=-24.666dB train_rec=0.000000e+00 train_recT=0.000000e+00 train_fc=0.000000e+00 train_decoder_tail=0.000000e+00
I 07.01/06:25:43 train_mapper.py:615 ] epoch=0286 train_loss=1.082009e-02 train_mse=2.176975e-03 train_cos=0.998320 train_nmse=-24.695dB train_rec=0.000000e+00 train_recT=0.000000e+00 train_fc=0.000000e+00 train_decoder_tail=0.000000e+00
I 07.01/06:26:08 train_mapper.py:615 ] epoch=0287 train_loss=1.086355e-02 train_mse=2.184740e-03 train_cos=0.998313 train_nmse=-24.680dB train_rec=0.000000e+00 train_recT=0.000000e+00 train_fc=0.000000e+00 train_decoder_tail=0.000000e+00
I 07.01/06:26:33 train_mapper.py:615 ] epoch=0288 train_loss=1.084905e-02 train_mse=2.181782e-03 train_cos=0.998316 train_nmse=-24.686dB train_rec=0.000000e+00 train_recT=0.000000e+00 train_fc=0.000000e+00 train_decoder_tail=0.000000e+00
I 07.01/06:26:55 train_mapper.py:615 ] epoch=0289 train_loss=1.089204e-02 train_mse=2.189599e-03 train_cos=0.998310 train_nmse=-24.671dB train_rec=0.000000e+00 train_recT=0.000000e+00 train_fc=0.000000e+00 train_decoder_tail=0.000000e+00
I 07.01/06:27:33 train_mapper.py:615 ] epoch=0290 train_loss=1.083404e-02 train_mse=2.177662e-03 train_cos=0.998319 train_nmse=-24.694dB train_rec=0.000000e+00 train_recT=0.000000e+00 train_fc=0.000000e+00 train_decoder_tail=0.000000e+00
I 07.01/06:28:07 train_mapper.py:615 ] epoch=0291 train_loss=1.075930e-02 train_mse=2.163239e-03 train_cos=0.998331 train_nmse=-24.723dB train_rec=0.000000e+00 train_recT=0.000000e+00 train_fc=0.000000e+00 train_decoder_tail=0.000000e+00
I 07.01/06:28:32 train_mapper.py:615 ] epoch=0292 train_loss=1.078754e-02 train_mse=2.167919e-03 train_cos=0.998327 train_nmse=-24.714dB train_rec=0.000000e+00 train_recT=0.000000e+00 train_fc=0.000000e+00 train_decoder_tail=0.000000e+00
I 07.01/06:28:56 train_mapper.py:615 ] epoch=0293 train_loss=1.075312e-02 train_mse=2.160993e-03 train_cos=0.998331 train_nmse=-24.727dB train_rec=0.000000e+00 train_recT=0.000000e+00 train_fc=0.000000e+00 train_decoder_tail=0.000000e+00
I 07.01/06:29:47 train_mapper.py:615 ] epoch=0294 train_loss=1.072104e-02 train_mse=2.154101e-03 train_cos=0.998337 train_nmse=-24.741dB train_rec=0.000000e+00 train_recT=0.000000e+00 train_fc=0.000000e+00 train_decoder_tail=0.000000e+00
I 07.01/06:30:14 train_mapper.py:615 ] epoch=0295 train_loss=1.075562e-02 train_mse=2.160416e-03 train_cos=0.998332 train_nmse=-24.729dB train_rec=0.000000e+00 train_recT=0.000000e+00 train_fc=0.000000e+00 train_decoder_tail=0.000000e+00
I 07.01/06:30:48 train_mapper.py:615 ] epoch=0296 train_loss=1.070642e-02 train_mse=2.150854e-03 train_cos=0.998340 train_nmse=-24.748dB train_rec=0.000000e+00 train_recT=0.000000e+00 train_fc=0.000000e+00 train_decoder_tail=0.000000e+00
I 07.01/06:31:22 train_mapper.py:615 ] epoch=0297 train_loss=1.069097e-02 train_mse=2.147267e-03 train_cos=0.998342 train_nmse=-24.755dB train_rec=0.000000e+00 train_recT=0.000000e+00 train_fc=0.000000e+00 train_decoder_tail=0.000000e+00
I 07.01/06:31:48 train_mapper.py:615 ] epoch=0298 train_loss=1.066684e-02 train_mse=2.142560e-03 train_cos=0.998347 train_nmse=-24.765dB train_rec=0.000000e+00 train_recT=0.000000e+00 train_fc=0.000000e+00 train_decoder_tail=0.000000e+00
I 07.01/06:32:27 train_mapper.py:615 ] epoch=0299 train_loss=1.063343e-02 train_mse=2.135512e-03 train_cos=0.998352 train_nmse=-24.779dB train_rec=0.000000e+00 train_recT=0.000000e+00 train_fc=0.000000e+00 train_decoder_tail=0.000000e+00
I 07.01/06:32:54 train_mapper.py:615 ] epoch=0300 train_loss=1.062064e-02 train_mse=2.132552e-03 train_cos=0.998354 train_nmse=-24.785dB train_rec=0.000000e+00 train_recT=0.000000e+00 train_fc=0.000000e+00 train_decoder_tail=0.000000e+00
I 07.01/06:33:21 train_mapper.py:615 ] epoch=0301 train_loss=1.064174e-02 train_mse=2.136185e-03 train_cos=0.998350 train_nmse=-24.778dB train_rec=0.000000e+00 train_recT=0.000000e+00 train_fc=0.000000e+00 train_decoder_tail=0.000000e+00
I 07.01/06:34:05 train_mapper.py:615 ] epoch=0302 train_loss=1.061451e-02 train_mse=2.130825e-03 train_cos=0.998355 train_nmse=-24.788dB train_rec=0.000000e+00 train_recT=0.000000e+00 train_fc=0.000000e+00 train_decoder_tail=0.000000e+00
I 07.01/06:34:38 train_mapper.py:615 ] epoch=0303 train_loss=1.060418e-02 train_mse=2.128141e-03 train_cos=0.998356 train_nmse=-24.794dB train_rec=0.000000e+00 train_recT=0.000000e+00 train_fc=0.000000e+00 train_decoder_tail=0.000000e+00
I 07.01/06:35:09 train_mapper.py:615 ] epoch=0304 train_loss=1.062595e-02 train_mse=2.132042e-03 train_cos=0.998354 train_nmse=-24.786dB train_rec=0.000000e+00 train_recT=0.000000e+00 train_fc=0.000000e+00 train_decoder_tail=0.000000e+00
I 07.01/06:35:35 train_mapper.py:615 ] epoch=0305 train_loss=1.059029e-02 train_mse=2.124860e-03 train_cos=0.998360 train_nmse=-24.801dB train_rec=0.000000e+00 train_recT=0.000000e+00 train_fc=0.000000e+00 train_decoder_tail=0.000000e+00
I 07.01/06:36:07 train_mapper.py:615 ] epoch=0306 train_loss=1.049394e-02 train_mse=2.106153e-03 train_cos=0.998375 train_nmse=-24.839dB train_rec=0.000000e+00 train_recT=0.000000e+00 train_fc=0.000000e+00 train_decoder_tail=0.000000e+00
I 07.01/06:36:40 train_mapper.py:615 ] epoch=0307 train_loss=1.055931e-02 train_mse=2.117775e-03 train_cos=0.998365 train_nmse=-24.815dB train_rec=0.000000e+00 train_recT=0.000000e+00 train_fc=0.000000e+00 train_decoder_tail=0.000000e+00
I 07.01/06:37:18 train_mapper.py:615 ] epoch=0308 train_loss=1.050512e-02 train_mse=2.107490e-03 train_cos=0.998374 train_nmse=-24.836dB train_rec=0.000000e+00 train_recT=0.000000e+00 train_fc=0.000000e+00 train_decoder_tail=0.000000e+00
I 07.01/06:37:57 train_mapper.py:615 ] epoch=0309 train_loss=1.051984e-02 train_mse=2.109440e-03 train_cos=0.998370 train_nmse=-24.833dB train_rec=0.000000e+00 train_recT=0.000000e+00 train_fc=0.000000e+00 train_decoder_tail=0.000000e+00
I 07.01/06:38:39 train_mapper.py:615 ] epoch=0310 train_loss=1.049770e-02 train_mse=2.104936e-03 train_cos=0.998375 train_nmse=-24.841dB train_rec=0.000000e+00 train_recT=0.000000e+00 train_fc=0.000000e+00 train_decoder_tail=0.000000e+00
I 07.01/06:39:16 train_mapper.py:615 ] epoch=0311 train_loss=1.044053e-02 train_mse=2.093873e-03 train_cos=0.998384 train_nmse=-24.865dB train_rec=0.000000e+00 train_recT=0.000000e+00 train_fc=0.000000e+00 train_decoder_tail=0.000000e+00
I 07.01/06:39:52 train_mapper.py:615 ] epoch=0312 train_loss=1.042923e-02 train_mse=2.091463e-03 train_cos=0.998385 train_nmse=-24.870dB train_rec=0.000000e+00 train_recT=0.000000e+00 train_fc=0.000000e+00 train_decoder_tail=0.000000e+00
I 07.01/06:40:29 train_mapper.py:615 ] epoch=0313 train_loss=1.045559e-02 train_mse=2.095815e-03 train_cos=0.998382 train_nmse=-24.861dB train_rec=0.000000e+00 train_recT=0.000000e+00 train_fc=0.000000e+00 train_decoder_tail=0.000000e+00
I 07.01/06:41:13 train_mapper.py:615 ] epoch=0314 train_loss=1.042147e-02 train_mse=2.089069e-03 train_cos=0.998388 train_nmse=-24.875dB train_rec=0.000000e+00 train_recT=0.000000e+00 train_fc=0.000000e+00 train_decoder_tail=0.000000e+00
I 07.01/06:41:43 train_mapper.py:615 ] epoch=0315 train_loss=1.040964e-02 train_mse=2.086439e-03 train_cos=0.998389 train_nmse=-24.880dB train_rec=0.000000e+00 train_recT=0.000000e+00 train_fc=0.000000e+00 train_decoder_tail=0.000000e+00
I 07.01/06:42:17 train_mapper.py:615 ] epoch=0316 train_loss=1.037493e-02 train_mse=2.079370e-03 train_cos=0.998394 train_nmse=-24.895dB train_rec=0.000000e+00 train_recT=0.000000e+00 train_fc=0.000000e+00 train_decoder_tail=0.000000e+00
I 07.01/06:42:50 train_mapper.py:615 ] epoch=0317 train_loss=1.037942e-02 train_mse=2.079931e-03 train_cos=0.998395 train_nmse=-24.894dB train_rec=0.000000e+00 train_recT=0.000000e+00 train_fc=0.000000e+00 train_decoder_tail=0.000000e+00
I 07.01/06:43:22 train_mapper.py:615 ] epoch=0318 train_loss=1.036737e-02 train_mse=2.077125e-03 train_cos=0.998396 train_nmse=-24.900dB train_rec=0.000000e+00 train_recT=0.000000e+00 train_fc=0.000000e+00 train_decoder_tail=0.000000e+00
I 07.01/06:43:59 train_mapper.py:615 ] epoch=0319 train_loss=1.034497e-02 train_mse=2.072513e-03 train_cos=0.998400 train_nmse=-24.909dB train_rec=0.000000e+00 train_recT=0.000000e+00 train_fc=0.000000e+00 train_decoder_tail=0.000000e+00
I 07.01/06:44:27 train_mapper.py:615 ] epoch=0320 train_loss=1.035897e-02 train_mse=2.074886e-03 train_cos=0.998398 train_nmse=-24.904dB train_rec=0.000000e+00 train_recT=0.000000e+00 train_fc=0.000000e+00 train_decoder_tail=0.000000e+00
I 07.01/06:44:55 train_mapper.py:615 ] epoch=0321 train_loss=1.032422e-02 train_mse=2.067732e-03 train_cos=0.998404 train_nmse=-24.919dB train_rec=0.000000e+00 train_recT=0.000000e+00 train_fc=0.000000e+00 train_decoder_tail=0.000000e+00
I 07.01/06:45:31 train_mapper.py:615 ] epoch=0322 train_loss=1.030448e-02 train_mse=2.063916e-03 train_cos=0.998407 train_nmse=-24.927dB train_rec=0.000000e+00 train_recT=0.000000e+00 train_fc=0.000000e+00 train_decoder_tail=0.000000e+00
I 07.01/06:46:06 train_mapper.py:615 ] epoch=0323 train_loss=1.026668e-02 train_mse=2.056132e-03 train_cos=0.998413 train_nmse=-24.943dB train_rec=0.000000e+00 train_recT=0.000000e+00 train_fc=0.000000e+00 train_decoder_tail=0.000000e+00
I 07.01/06:46:37 train_mapper.py:615 ] epoch=0324 train_loss=1.026544e-02 train_mse=2.055523e-03 train_cos=0.998413 train_nmse=-24.945dB train_rec=0.000000e+00 train_recT=0.000000e+00 train_fc=0.000000e+00 train_decoder_tail=0.000000e+00
I 07.01/06:47:08 train_mapper.py:615 ] epoch=0325 train_loss=1.020809e-02 train_mse=2.044232e-03 train_cos=0.998422 train_nmse=-24.969dB train_rec=0.000000e+00 train_recT=0.000000e+00 train_fc=0.000000e+00 train_decoder_tail=0.000000e+00
I 07.01/06:47:42 train_mapper.py:615 ] epoch=0326 train_loss=1.025741e-02 train_mse=2.053224e-03 train_cos=0.998414 train_nmse=-24.950dB train_rec=0.000000e+00 train_recT=0.000000e+00 train_fc=0.000000e+00 train_decoder_tail=0.000000e+00
I 07.01/06:48:17 train_mapper.py:615 ] epoch=0327 train_loss=1.022937e-02 train_mse=2.047583e-03 train_cos=0.998419 train_nmse=-24.962dB train_rec=0.000000e+00 train_recT=0.000000e+00 train_fc=0.000000e+00 train_decoder_tail=0.000000e+00
I 07.01/06:49:01 train_mapper.py:615 ] epoch=0328 train_loss=1.018473e-02 train_mse=2.038915e-03 train_cos=0.998427 train_nmse=-24.980dB train_rec=0.000000e+00 train_recT=0.000000e+00 train_fc=0.000000e+00 train_decoder_tail=0.000000e+00
I 07.01/06:49:43 train_mapper.py:615 ] epoch=0329 train_loss=1.020624e-02 train_mse=2.042527e-03 train_cos=0.998423 train_nmse=-24.972dB train_rec=0.000000e+00 train_recT=0.000000e+00 train_fc=0.000000e+00 train_decoder_tail=0.000000e+00
I 07.01/06:50:24 train_mapper.py:615 ] epoch=0330 train_loss=1.016470e-02 train_mse=2.034413e-03 train_cos=0.998430 train_nmse=-24.990dB train_rec=0.000000e+00 train_recT=0.000000e+00 train_fc=0.000000e+00 train_decoder_tail=0.000000e+00
I 07.01/06:50:57 train_mapper.py:615 ] epoch=0331 train_loss=1.020226e-02 train_mse=2.041214e-03 train_cos=0.998425 train_nmse=-24.975dB train_rec=0.000000e+00 train_recT=0.000000e+00 train_fc=0.000000e+00 train_decoder_tail=0.000000e+00
I 07.01/06:51:32 train_mapper.py:615 ] epoch=0332 train_loss=1.016574e-02 train_mse=2.034056e-03 train_cos=0.998430 train_nmse=-24.990dB train_rec=0.000000e+00 train_recT=0.000000e+00 train_fc=0.000000e+00 train_decoder_tail=0.000000e+00
I 07.01/06:52:04 train_mapper.py:615 ] epoch=0333 train_loss=1.013332e-02 train_mse=2.027278e-03 train_cos=0.998434 train_nmse=-25.005dB train_rec=0.000000e+00 train_recT=0.000000e+00 train_fc=0.000000e+00 train_decoder_tail=0.000000e+00
I 07.01/06:52:31 train_mapper.py:615 ] epoch=0334 train_loss=1.013248e-02 train_mse=2.026707e-03 train_cos=0.998435 train_nmse=-25.006dB train_rec=0.000000e+00 train_recT=0.000000e+00 train_fc=0.000000e+00 train_decoder_tail=0.000000e+00
I 07.01/06:53:10 train_mapper.py:615 ] epoch=0335 train_loss=1.009701e-02 train_mse=2.019947e-03 train_cos=0.998441 train_nmse=-25.021dB train_rec=0.000000e+00 train_recT=0.000000e+00 train_fc=0.000000e+00 train_decoder_tail=0.000000e+00
I 07.01/06:53:35 train_mapper.py:615 ] epoch=0336 train_loss=1.007123e-02 train_mse=2.014467e-03 train_cos=0.998445 train_nmse=-25.032dB train_rec=0.000000e+00 train_recT=0.000000e+00 train_fc=0.000000e+00 train_decoder_tail=0.000000e+00
I 07.01/06:54:12 train_mapper.py:615 ] epoch=0337 train_loss=1.010913e-02 train_mse=2.020991e-03 train_cos=0.998438 train_nmse=-25.018dB train_rec=0.000000e+00 train_recT=0.000000e+00 train_fc=0.000000e+00 train_decoder_tail=0.000000e+00
I 07.01/06:54:42 train_mapper.py:615 ] epoch=0338 train_loss=1.006947e-02 train_mse=2.013537e-03 train_cos=0.998446 train_nmse=-25.034dB train_rec=0.000000e+00 train_recT=0.000000e+00 train_fc=0.000000e+00 train_decoder_tail=0.000000e+00
I 07.01/06:55:17 train_mapper.py:615 ] epoch=0339 train_loss=1.007499e-02 train_mse=2.014366e-03 train_cos=0.998445 train_nmse=-25.033dB train_rec=0.000000e+00 train_recT=0.000000e+00 train_fc=0.000000e+00 train_decoder_tail=0.000000e+00
I 07.01/06:55:51 train_mapper.py:615 ] epoch=0340 train_loss=1.003275e-02 train_mse=2.005681e-03 train_cos=0.998451 train_nmse=-25.052dB train_rec=0.000000e+00 train_recT=0.000000e+00 train_fc=0.000000e+00 train_decoder_tail=0.000000e+00
I 07.01/06:56:23 train_mapper.py:615 ] epoch=0341 train_loss=1.001545e-02 train_mse=2.002150e-03 train_cos=0.998455 train_nmse=-25.059dB train_rec=0.000000e+00 train_recT=0.000000e+00 train_fc=0.000000e+00 train_decoder_tail=0.000000e+00
I 07.01/06:57:01 train_mapper.py:615 ] epoch=0342 train_loss=1.002970e-02 train_mse=2.004629e-03 train_cos=0.998452 train_nmse=-25.054dB train_rec=0.000000e+00 train_recT=0.000000e+00 train_fc=0.000000e+00 train_decoder_tail=0.000000e+00
I 07.01/06:57:40 train_mapper.py:615 ] epoch=0343 train_loss=1.001429e-02 train_mse=2.001275e-03 train_cos=0.998454 train_nmse=-25.061dB train_rec=0.000000e+00 train_recT=0.000000e+00 train_fc=0.000000e+00 train_decoder_tail=0.000000e+00
I 07.01/06:58:17 train_mapper.py:615 ] epoch=0344 train_loss=1.000429e-02 train_mse=1.999059e-03 train_cos=0.998455 train_nmse=-25.066dB train_rec=0.000000e+00 train_recT=0.000000e+00 train_fc=0.000000e+00 train_decoder_tail=0.000000e+00
I 07.01/06:58:47 train_mapper.py:615 ] epoch=0345 train_loss=9.957262e-03 train_mse=1.989849e-03 train_cos=0.998464 train_nmse=-25.086dB train_rec=0.000000e+00 train_recT=0.000000e+00 train_fc=0.000000e+00 train_decoder_tail=0.000000e+00
I 07.01/06:59:26 train_mapper.py:615 ] epoch=0346 train_loss=9.929159e-03 train_mse=1.984305e-03 train_cos=0.998467 train_nmse=-25.098dB train_rec=0.000000e+00 train_recT=0.000000e+00 train_fc=0.000000e+00 train_decoder_tail=0.000000e+00
I 07.01/07:00:04 train_mapper.py:615 ] epoch=0347 train_loss=9.912421e-03 train_mse=1.980798e-03 train_cos=0.998470 train_nmse=-25.106dB train_rec=0.000000e+00 train_recT=0.000000e+00 train_fc=0.000000e+00 train_decoder_tail=0.000000e+00
I 07.01/07:00:36 train_mapper.py:615 ] epoch=0348 train_loss=9.959183e-03 train_mse=1.989341e-03 train_cos=0.998464 train_nmse=-25.087dB train_rec=0.000000e+00 train_recT=0.000000e+00 train_fc=0.000000e+00 train_decoder_tail=0.000000e+00
I 07.01/07:01:06 train_mapper.py:615 ] epoch=0349 train_loss=9.983861e-03 train_mse=1.993773e-03 train_cos=0.998462 train_nmse=-25.078dB train_rec=0.000000e+00 train_recT=0.000000e+00 train_fc=0.000000e+00 train_decoder_tail=0.000000e+00
I 07.01/07:01:36 train_mapper.py:615 ] epoch=0350 train_loss=9.915042e-03 train_mse=1.980329e-03 train_cos=0.998471 train_nmse=-25.107dB train_rec=0.000000e+00 train_recT=0.000000e+00 train_fc=0.000000e+00 train_decoder_tail=0.000000e+00
I 07.01/07:02:12 train_mapper.py:615 ] epoch=0351 train_loss=9.885433e-03 train_mse=1.974556e-03 train_cos=0.998476 train_nmse=-25.119dB train_rec=0.000000e+00 train_recT=0.000000e+00 train_fc=0.000000e+00 train_decoder_tail=0.000000e+00
I 07.01/07:02:42 train_mapper.py:615 ] epoch=0352 train_loss=9.886649e-03 train_mse=1.974311e-03 train_cos=0.998476 train_nmse=-25.120dB train_rec=0.000000e+00 train_recT=0.000000e+00 train_fc=0.000000e+00 train_decoder_tail=0.000000e+00
I 07.01/07:03:21 train_mapper.py:615 ] epoch=0353 train_loss=9.866464e-03 train_mse=1.970480e-03 train_cos=0.998479 train_nmse=-25.128dB train_rec=0.000000e+00 train_recT=0.000000e+00 train_fc=0.000000e+00 train_decoder_tail=0.000000e+00
I 07.01/07:03:54 train_mapper.py:615 ] epoch=0354 train_loss=9.859973e-03 train_mse=1.968752e-03 train_cos=0.998480 train_nmse=-25.132dB train_rec=0.000000e+00 train_recT=0.000000e+00 train_fc=0.000000e+00 train_decoder_tail=0.000000e+00
I 07.01/07:04:31 train_mapper.py:615 ] epoch=0355 train_loss=9.845946e-03 train_mse=1.965885e-03 train_cos=0.998482 train_nmse=-25.138dB train_rec=0.000000e+00 train_recT=0.000000e+00 train_fc=0.000000e+00 train_decoder_tail=0.000000e+00
I 07.01/07:05:09 train_mapper.py:615 ] epoch=0356 train_loss=9.850963e-03 train_mse=1.966334e-03 train_cos=0.998481 train_nmse=-25.138dB train_rec=0.000000e+00 train_recT=0.000000e+00 train_fc=0.000000e+00 train_decoder_tail=0.000000e+00
I 07.01/07:05:41 train_mapper.py:615 ] epoch=0357 train_loss=9.811396e-03 train_mse=1.958617e-03 train_cos=0.998488 train_nmse=-25.155dB train_rec=0.000000e+00 train_recT=0.000000e+00 train_fc=0.000000e+00 train_decoder_tail=0.000000e+00
I 07.01/07:06:15 train_mapper.py:615 ] epoch=0358 train_loss=9.806278e-03 train_mse=1.957309e-03 train_cos=0.998488 train_nmse=-25.157dB train_rec=0.000000e+00 train_recT=0.000000e+00 train_fc=0.000000e+00 train_decoder_tail=0.000000e+00
I 07.01/07:06:47 train_mapper.py:615 ] epoch=0359 train_loss=9.782509e-03 train_mse=1.952477e-03 train_cos=0.998493 train_nmse=-25.168dB train_rec=0.000000e+00 train_recT=0.000000e+00 train_fc=0.000000e+00 train_decoder_tail=0.000000e+00
I 07.01/07:07:20 train_mapper.py:615 ] epoch=0360 train_loss=9.802014e-03 train_mse=1.956074e-03 train_cos=0.998490 train_nmse=-25.161dB train_rec=0.000000e+00 train_recT=0.000000e+00 train_fc=0.000000e+00 train_decoder_tail=0.000000e+00
I 07.01/07:07:50 train_mapper.py:615 ] epoch=0361 train_loss=9.747803e-03 train_mse=1.945710e-03 train_cos=0.998498 train_nmse=-25.183dB train_rec=0.000000e+00 train_recT=0.000000e+00 train_fc=0.000000e+00 train_decoder_tail=0.000000e+00
I 07.01/07:08:24 train_mapper.py:615 ] epoch=0362 train_loss=9.761559e-03 train_mse=1.947690e-03 train_cos=0.998496 train_nmse=-25.179dB train_rec=0.000000e+00 train_recT=0.000000e+00 train_fc=0.000000e+00 train_decoder_tail=0.000000e+00
I 07.01/07:08:56 train_mapper.py:615 ] epoch=0363 train_loss=9.746631e-03 train_mse=1.944600e-03 train_cos=0.998498 train_nmse=-25.186dB train_rec=0.000000e+00 train_recT=0.000000e+00 train_fc=0.000000e+00 train_decoder_tail=0.000000e+00
I 07.01/07:09:30 train_mapper.py:615 ] epoch=0364 train_loss=9.751356e-03 train_mse=1.945242e-03 train_cos=0.998498 train_nmse=-25.184dB train_rec=0.000000e+00 train_recT=0.000000e+00 train_fc=0.000000e+00 train_decoder_tail=0.000000e+00
I 07.01/07:10:01 train_mapper.py:615 ] epoch=0365 train_loss=9.688342e-03 train_mse=1.933101e-03 train_cos=0.998507 train_nmse=-25.212dB train_rec=0.000000e+00 train_recT=0.000000e+00 train_fc=0.000000e+00 train_decoder_tail=0.000000e+00
I 07.01/07:10:32 train_mapper.py:615 ] epoch=0366 train_loss=9.746881e-03 train_mse=1.943487e-03 train_cos=0.998499 train_nmse=-25.188dB train_rec=0.000000e+00 train_recT=0.000000e+00 train_fc=0.000000e+00 train_decoder_tail=0.000000e+00
I 07.01/07:10:56 train_mapper.py:615 ] epoch=0367 train_loss=9.675359e-03 train_mse=1.929930e-03 train_cos=0.998510 train_nmse=-25.219dB train_rec=0.000000e+00 train_recT=0.000000e+00 train_fc=0.000000e+00 train_decoder_tail=0.000000e+00
I 07.01/07:11:28 train_mapper.py:615 ] epoch=0368 train_loss=9.673851e-03 train_mse=1.929497e-03 train_cos=0.998510 train_nmse=-25.219dB train_rec=0.000000e+00 train_recT=0.000000e+00 train_fc=0.000000e+00 train_decoder_tail=0.000000e+00
I 07.01/07:12:05 train_mapper.py:615 ] epoch=0369 train_loss=9.697449e-03 train_mse=1.933620e-03 train_cos=0.998507 train_nmse=-25.211dB train_rec=0.000000e+00 train_recT=0.000000e+00 train_fc=0.000000e+00 train_decoder_tail=0.000000e+00
I 07.01/07:12:38 train_mapper.py:615 ] epoch=0370 train_loss=9.686252e-03 train_mse=1.931213e-03 train_cos=0.998508 train_nmse=-25.216dB train_rec=0.000000e+00 train_recT=0.000000e+00 train_fc=0.000000e+00 train_decoder_tail=0.000000e+00
I 07.01/07:13:10 train_mapper.py:615 ] epoch=0371 train_loss=9.658389e-03 train_mse=1.925634e-03 train_cos=0.998514 train_nmse=-25.228dB train_rec=0.000000e+00 train_recT=0.000000e+00 train_fc=0.000000e+00 train_decoder_tail=0.000000e+00
I 07.01/07:13:41 train_mapper.py:615 ] epoch=0372 train_loss=9.606294e-03 train_mse=1.915693e-03 train_cos=0.998521 train_nmse=-25.251dB train_rec=0.000000e+00 train_recT=0.000000e+00 train_fc=0.000000e+00 train_decoder_tail=0.000000e+00
I 07.01/07:14:11 train_mapper.py:615 ] epoch=0373 train_loss=9.644794e-03 train_mse=1.922562e-03 train_cos=0.998516 train_nmse=-25.235dB train_rec=0.000000e+00 train_recT=0.000000e+00 train_fc=0.000000e+00 train_decoder_tail=0.000000e+00
I 07.01/07:14:39 train_mapper.py:615 ] epoch=0374 train_loss=9.614807e-03 train_mse=1.916355e-03 train_cos=0.998519 train_nmse=-25.249dB train_rec=0.000000e+00 train_recT=0.000000e+00 train_fc=0.000000e+00 train_decoder_tail=0.000000e+00
I 07.01/07:15:15 train_mapper.py:615 ] epoch=0375 train_loss=9.586617e-03 train_mse=1.911002e-03 train_cos=0.998524 train_nmse=-25.262dB train_rec=0.000000e+00 train_recT=0.000000e+00 train_fc=0.000000e+00 train_decoder_tail=0.000000e+00
I 07.01/07:15:45 train_mapper.py:615 ] epoch=0376 train_loss=9.576874e-03 train_mse=1.909080e-03 train_cos=0.998526 train_nmse=-25.266dB train_rec=0.000000e+00 train_recT=0.000000e+00 train_fc=0.000000e+00 train_decoder_tail=0.000000e+00
I 07.01/07:16:16 train_mapper.py:615 ] epoch=0377 train_loss=9.577364e-03 train_mse=1.908758e-03 train_cos=0.998526 train_nmse=-25.267dB train_rec=0.000000e+00 train_recT=0.000000e+00 train_fc=0.000000e+00 train_decoder_tail=0.000000e+00
I 07.01/07:16:44 train_mapper.py:615 ] epoch=0378 train_loss=9.539668e-03 train_mse=1.901390e-03 train_cos=0.998532 train_nmse=-25.283dB train_rec=0.000000e+00 train_recT=0.000000e+00 train_fc=0.000000e+00 train_decoder_tail=0.000000e+00
I 07.01/07:17:09 train_mapper.py:615 ] epoch=0379 train_loss=9.565892e-03 train_mse=1.905952e-03 train_cos=0.998528 train_nmse=-25.273dB train_rec=0.000000e+00 train_recT=0.000000e+00 train_fc=0.000000e+00 train_decoder_tail=0.000000e+00
I 07.01/07:17:32 train_mapper.py:615 ] epoch=0380 train_loss=9.536608e-03 train_mse=1.900462e-03 train_cos=0.998533 train_nmse=-25.285dB train_rec=0.000000e+00 train_recT=0.000000e+00 train_fc=0.000000e+00 train_decoder_tail=0.000000e+00
I 07.01/07:17:58 train_mapper.py:615 ] epoch=0381 train_loss=9.559062e-03 train_mse=1.904034e-03 train_cos=0.998530 train_nmse=-25.277dB train_rec=0.000000e+00 train_recT=0.000000e+00 train_fc=0.000000e+00 train_decoder_tail=0.000000e+00
I 07.01/07:18:27 train_mapper.py:615 ] epoch=0382 train_loss=9.475231e-03 train_mse=1.888360e-03 train_cos=0.998542 train_nmse=-25.313dB train_rec=0.000000e+00 train_recT=0.000000e+00 train_fc=0.000000e+00 train_decoder_tail=0.000000e+00
I 07.01/07:18:58 train_mapper.py:615 ] epoch=0383 train_loss=9.514577e-03 train_mse=1.895392e-03 train_cos=0.998537 train_nmse=-25.297dB train_rec=0.000000e+00 train_recT=0.000000e+00 train_fc=0.000000e+00 train_decoder_tail=0.000000e+00
I 07.01/07:19:30 train_mapper.py:615 ] epoch=0384 train_loss=9.464343e-03 train_mse=1.885819e-03 train_cos=0.998544 train_nmse=-25.319dB train_rec=0.000000e+00 train_recT=0.000000e+00 train_fc=0.000000e+00 train_decoder_tail=0.000000e+00
I 07.01/07:19:59 train_mapper.py:615 ] epoch=0385 train_loss=9.499573e-03 train_mse=1.891829e-03 train_cos=0.998538 train_nmse=-25.305dB train_rec=0.000000e+00 train_recT=0.000000e+00 train_fc=0.000000e+00 train_decoder_tail=0.000000e+00
I 07.01/07:20:28 train_mapper.py:615 ] epoch=0386 train_loss=9.491355e-03 train_mse=1.890175e-03 train_cos=0.998541 train_nmse=-25.309dB train_rec=0.000000e+00 train_recT=0.000000e+00 train_fc=0.000000e+00 train_decoder_tail=0.000000e+00
I 07.01/07:20:52 train_mapper.py:615 ] epoch=0387 train_loss=9.471036e-03 train_mse=1.886084e-03 train_cos=0.998543 train_nmse=-25.318dB train_rec=0.000000e+00 train_recT=0.000000e+00 train_fc=0.000000e+00 train_decoder_tail=0.000000e+00
I 07.01/07:21:13 train_mapper.py:615 ] epoch=0388 train_loss=9.461543e-03 train_mse=1.884244e-03 train_cos=0.998545 train_nmse=-25.323dB train_rec=0.000000e+00 train_recT=0.000000e+00 train_fc=0.000000e+00 train_decoder_tail=0.000000e+00
I 07.01/07:21:35 train_mapper.py:615 ] epoch=0389 train_loss=9.467117e-03 train_mse=1.885009e-03 train_cos=0.998544 train_nmse=-25.321dB train_rec=0.000000e+00 train_recT=0.000000e+00 train_fc=0.000000e+00 train_decoder_tail=0.000000e+00
I 07.01/07:21:56 train_mapper.py:615 ] epoch=0390 train_loss=9.422342e-03 train_mse=1.876162e-03 train_cos=0.998551 train_nmse=-25.341dB train_rec=0.000000e+00 train_recT=0.000000e+00 train_fc=0.000000e+00 train_decoder_tail=0.000000e+00
I 07.01/07:22:19 train_mapper.py:615 ] epoch=0391 train_loss=9.411039e-03 train_mse=1.873660e-03 train_cos=0.998554 train_nmse=-25.347dB train_rec=0.000000e+00 train_recT=0.000000e+00 train_fc=0.000000e+00 train_decoder_tail=0.000000e+00
I 07.01/07:22:37 train_mapper.py:615 ] epoch=0392 train_loss=9.381735e-03 train_mse=1.868112e-03 train_cos=0.998558 train_nmse=-25.360dB train_rec=0.000000e+00 train_recT=0.000000e+00 train_fc=0.000000e+00 train_decoder_tail=0.000000e+00
I 07.01/07:22:59 train_mapper.py:615 ] epoch=0393 train_loss=9.422857e-03 train_mse=1.875382e-03 train_cos=0.998551 train_nmse=-25.343dB train_rec=0.000000e+00 train_recT=0.000000e+00 train_fc=0.000000e+00 train_decoder_tail=0.000000e+00
I 07.01/07:23:17 train_mapper.py:615 ] epoch=0394 train_loss=9.406600e-03 train_mse=1.872042e-03 train_cos=0.998554 train_nmse=-25.351dB train_rec=0.000000e+00 train_recT=0.000000e+00 train_fc=0.000000e+00 train_decoder_tail=0.000000e+00
I 07.01/07:23:33 train_mapper.py:615 ] epoch=0395 train_loss=9.363056e-03 train_mse=1.863783e-03 train_cos=0.998561 train_nmse=-25.370dB train_rec=0.000000e+00 train_recT=0.000000e+00 train_fc=0.000000e+00 train_decoder_tail=0.000000e+00
I 07.01/07:23:51 train_mapper.py:615 ] epoch=0396 train_loss=9.353109e-03 train_mse=1.861510e-03 train_cos=0.998562 train_nmse=-25.376dB train_rec=0.000000e+00 train_recT=0.000000e+00 train_fc=0.000000e+00 train_decoder_tail=0.000000e+00
I 07.01/07:24:12 train_mapper.py:615 ] epoch=0397 train_loss=9.391600e-03 train_mse=1.868540e-03 train_cos=0.998557 train_nmse=-25.359dB train_rec=0.000000e+00 train_recT=0.000000e+00 train_fc=0.000000e+00 train_decoder_tail=0.000000e+00
I 07.01/07:24:29 train_mapper.py:615 ] epoch=0398 train_loss=9.326509e-03 train_mse=1.856356e-03 train_cos=0.998568 train_nmse=-25.387dB train_rec=0.000000e+00 train_recT=0.000000e+00 train_fc=0.000000e+00 train_decoder_tail=0.000000e+00
I 07.01/07:24:45 train_mapper.py:615 ] epoch=0399 train_loss=9.330294e-03 train_mse=1.856591e-03 train_cos=0.998566 train_nmse=-25.387dB train_rec=0.000000e+00 train_recT=0.000000e+00 train_fc=0.000000e+00 train_decoder_tail=0.000000e+00
I 07.01/07:25:00 train_mapper.py:615 ] epoch=0400 train_loss=9.295759e-03 train_mse=1.849936e-03 train_cos=0.998571 train_nmse=-25.402dB train_rec=0.000000e+00 train_recT=0.000000e+00 train_fc=0.000000e+00 train_decoder_tail=0.000000e+00
I 07.01/07:25:37 train_mapper.py:683 ] best_epoch=400 best_selection=train_loss best_metric=9.295759e-03 best_mse=1.849936e-03 best_loss=9.295759e-03
I 07.01/07:25:37 train_mapper.py:688 ] all_mse=1.824721e-03 all_cos=0.998599 all_nmse=-25.462dB
