I 07.01/14:50:36 train_mapper.py:431 ] => Experiment directory: mapper/exps_combined_losses/hybrid/smooth_tail_white_recT_fc/seed3407_transnet_transnet_to_seed42_transnet_lr5e-4_ep400
I 07.01/14:50:36 train_mapper.py:432 ] => Checkpoint directory: mapper/exps_combined_losses/hybrid/smooth_tail_white_recT_fc/seed3407_transnet_transnet_to_seed42_transnet_lr5e-4_ep400/checkpoints
I 07.01/14:50:36 train_mapper.py:433 ] => Codeword directory: mapper/exps_combined_losses/hybrid/smooth_tail_white_recT_fc/seed3407_transnet_transnet_to_seed42_transnet_lr5e-4_ep400/codewords
I 07.01/14:50:36 train_mapper.py:434 ] => TensorBoard directory: mapper/exps_combined_losses/hybrid/smooth_tail_white_recT_fc/seed3407_transnet_transnet_to_seed42_transnet_lr5e-4_ep400/tensorboard
I 07.01/14:52:54 train_mapper.py:519 ] => Loaded fixed decoder from exps/COST2100/in/seed42/transnet_transnet/checkpoints/best_nmse.pth
I 07.01/14:52:54 train_mapper.py:524 ] device=cuda
I 07.01/14:52:54 train_mapper.py:525 ] mapper=hybrid, params=23108608
I 07.01/14:52:54 train_mapper.py:527 ] train=100000, val=0, code_dim=512
I 07.01/14:52:54 train_mapper.py:529 ] val_ratio<=0: skip per-epoch validation; select best checkpoint by train loss
I 07.01/14:52:54 train_mapper.py:531 ] loss=mse + smoothl1*0.5 + sample_tail*0.1 + dim_tail*0.05 + whiten*0.0001 + rec*0.0 + recT*1.0 + fc*0.01 + decoder_tail*0.0 + cos*0.0 + cov*0.0
I 07.01/14:54:29 train_mapper.py:622 ] epoch=0001 train_loss=6.225954e-01 train_mse=3.349987e-01 train_cos=0.825301 train_nmse=-3.668dB train_rec=0.000000e+00 train_recT=2.114517e-03 train_fc=3.253597e-01 train_decoder_tail=0.000000e+00
I 07.01/14:55:52 train_mapper.py:622 ] epoch=0002 train_loss=2.502110e-01 train_mse=1.080261e-01 train_cos=0.955709 train_nmse=-7.784dB train_rec=0.000000e+00 train_recT=1.703335e-04 train_fc=9.317022e-02 train_decoder_tail=0.000000e+00
I 07.01/14:57:12 train_mapper.py:622 ] epoch=0003 train_loss=1.834525e-01 train_mse=7.264924e-02 train_cos=0.970385 train_nmse=-9.474dB train_rec=0.000000e+00 train_recT=1.060987e-04 train_fc=6.663729e-02 train_decoder_tail=0.000000e+00
I 07.01/14:58:35 train_mapper.py:622 ] epoch=0004 train_loss=1.495858e-01 train_mse=5.588416e-02 train_cos=0.975917 train_nmse=-10.608dB train_rec=0.000000e+00 train_recT=6.969583e-05 train_fc=5.182169e-02 train_decoder_tail=0.000000e+00
I 07.01/15:00:01 train_mapper.py:622 ] epoch=0005 train_loss=1.280880e-01 train_mse=4.573851e-02 train_cos=0.979357 train_nmse=-11.474dB train_rec=0.000000e+00 train_recT=4.799195e-05 train_fc=4.225571e-02 train_decoder_tail=0.000000e+00
I 07.01/15:01:22 train_mapper.py:622 ] epoch=0006 train_loss=1.143893e-01 train_mse=3.952629e-02 train_cos=0.981793 train_nmse=-12.106dB train_rec=0.000000e+00 train_recT=3.552978e-05 train_fc=3.630913e-02 train_decoder_tail=0.000000e+00
I 07.01/15:02:40 train_mapper.py:622 ] epoch=0007 train_loss=1.056856e-01 train_mse=3.570877e-02 train_cos=0.983562 train_nmse=-12.547dB train_rec=0.000000e+00 train_recT=2.858077e-05 train_fc=3.283375e-02 train_decoder_tail=0.000000e+00
I 07.01/15:04:03 train_mapper.py:622 ] epoch=0008 train_loss=1.000706e-01 train_mse=3.330422e-02 train_cos=0.984816 train_nmse=-12.850dB train_rec=0.000000e+00 train_recT=2.455809e-05 train_fc=3.079783e-02 train_decoder_tail=0.000000e+00
I 07.01/15:05:34 train_mapper.py:622 ] epoch=0009 train_loss=9.571707e-02 train_mse=3.147047e-02 train_cos=0.985849 train_nmse=-13.096dB train_rec=0.000000e+00 train_recT=2.199967e-05 train_fc=2.944598e-02 train_decoder_tail=0.000000e+00
I 07.01/15:07:06 train_mapper.py:622 ] epoch=0010 train_loss=9.219855e-02 train_mse=2.999971e-02 train_cos=0.986654 train_nmse=-13.304dB train_rec=0.000000e+00 train_recT=2.026012e-05 train_fc=2.845683e-02 train_decoder_tail=0.000000e+00
I 07.01/15:08:45 train_mapper.py:622 ] epoch=0011 train_loss=8.907041e-02 train_mse=2.869556e-02 train_cos=0.987311 train_nmse=-13.496dB train_rec=0.000000e+00 train_recT=1.880443e-05 train_fc=2.758470e-02 train_decoder_tail=0.000000e+00
I 07.01/15:10:31 train_mapper.py:622 ] epoch=0012 train_loss=8.610963e-02 train_mse=2.747241e-02 train_cos=0.987859 train_nmse=-13.686dB train_rec=0.000000e+00 train_recT=1.748571e-05 train_fc=2.670774e-02 train_decoder_tail=0.000000e+00
I 07.01/15:12:21 train_mapper.py:622 ] epoch=0013 train_loss=8.319323e-02 train_mse=2.627117e-02 train_cos=0.988313 train_nmse=-13.880dB train_rec=0.000000e+00 train_recT=1.611499e-05 train_fc=2.575295e-02 train_decoder_tail=0.000000e+00
I 07.01/15:14:07 train_mapper.py:622 ] epoch=0014 train_loss=8.026850e-02 train_mse=2.508904e-02 train_cos=0.988616 train_nmse=-14.081dB train_rec=0.000000e+00 train_recT=1.454260e-05 train_fc=2.453011e-02 train_decoder_tail=0.000000e+00
I 07.01/15:15:50 train_mapper.py:622 ] epoch=0015 train_loss=7.674713e-02 train_mse=2.371992e-02 train_cos=0.988717 train_nmse=-14.324dB train_rec=0.000000e+00 train_recT=1.241938e-05 train_fc=2.256785e-02 train_decoder_tail=0.000000e+00
I 07.01/15:17:40 train_mapper.py:622 ] epoch=0016 train_loss=7.179764e-02 train_mse=2.191914e-02 train_cos=0.988490 train_nmse=-14.667dB train_rec=0.000000e+00 train_recT=9.555314e-06 train_fc=1.899167e-02 train_decoder_tail=0.000000e+00
I 07.01/15:19:26 train_mapper.py:622 ] epoch=0017 train_loss=6.560115e-02 train_mse=1.958646e-02 train_cos=0.988720 train_nmse=-15.156dB train_rec=0.000000e+00 train_recT=7.501345e-06 train_fc=1.518479e-02 train_decoder_tail=0.000000e+00
I 07.01/15:21:21 train_mapper.py:622 ] epoch=0018 train_loss=6.026943e-02 train_mse=1.754818e-02 train_cos=0.989297 train_nmse=-15.633dB train_rec=0.000000e+00 train_recT=6.337479e-06 train_fc=1.253200e-02 train_decoder_tail=0.000000e+00
I 07.01/15:23:11 train_mapper.py:622 ] epoch=0019 train_loss=5.654178e-02 train_mse=1.612809e-02 train_cos=0.989703 train_nmse=-15.999dB train_rec=0.000000e+00 train_recT=5.568082e-06 train_fc=1.082642e-02 train_decoder_tail=0.000000e+00
I 07.01/15:24:54 train_mapper.py:622 ] epoch=0020 train_loss=5.351894e-02 train_mse=1.499971e-02 train_cos=0.990118 train_nmse=-16.314dB train_rec=0.000000e+00 train_recT=5.007760e-06 train_fc=9.616742e-03 train_decoder_tail=0.000000e+00
I 07.01/15:26:36 train_mapper.py:622 ] epoch=0021 train_loss=5.118587e-02 train_mse=1.413743e-02 train_cos=0.990457 train_nmse=-16.571dB train_rec=0.000000e+00 train_recT=4.558204e-06 train_fc=8.757207e-03 train_decoder_tail=0.000000e+00
I 07.01/15:28:18 train_mapper.py:622 ] epoch=0022 train_loss=4.895885e-02 train_mse=1.334087e-02 train_cos=0.990832 train_nmse=-16.823dB train_rec=0.000000e+00 train_recT=4.194281e-06 train_fc=8.051372e-03 train_decoder_tail=0.000000e+00
I 07.01/15:30:01 train_mapper.py:622 ] epoch=0023 train_loss=4.726760e-02 train_mse=1.273210e-02 train_cos=0.991116 train_nmse=-17.026dB train_rec=0.000000e+00 train_recT=3.920309e-06 train_fc=7.533564e-03 train_decoder_tail=0.000000e+00
I 07.01/15:31:43 train_mapper.py:622 ] epoch=0024 train_loss=4.575923e-02 train_mse=1.219865e-02 train_cos=0.991382 train_nmse=-17.211dB train_rec=0.000000e+00 train_recT=3.662779e-06 train_fc=7.093698e-03 train_decoder_tail=0.000000e+00
I 07.01/15:33:26 train_mapper.py:622 ] epoch=0025 train_loss=4.433386e-02 train_mse=1.170635e-02 train_cos=0.991653 train_nmse=-17.390dB train_rec=0.000000e+00 train_recT=3.480744e-06 train_fc=6.712403e-03 train_decoder_tail=0.000000e+00
I 07.01/15:35:07 train_mapper.py:622 ] epoch=0026 train_loss=4.317634e-02 train_mse=1.130408e-02 train_cos=0.991867 train_nmse=-17.543dB train_rec=0.000000e+00 train_recT=3.303884e-06 train_fc=6.409331e-03 train_decoder_tail=0.000000e+00
I 07.01/15:36:47 train_mapper.py:622 ] epoch=0027 train_loss=4.200229e-02 train_mse=1.090546e-02 train_cos=0.992096 train_nmse=-17.699dB train_rec=0.000000e+00 train_recT=3.138312e-06 train_fc=6.114728e-03 train_decoder_tail=0.000000e+00
I 07.01/15:38:28 train_mapper.py:622 ] epoch=0028 train_loss=4.097358e-02 train_mse=1.056111e-02 train_cos=0.992302 train_nmse=-17.837dB train_rec=0.000000e+00 train_recT=3.002925e-06 train_fc=5.871791e-03 train_decoder_tail=0.000000e+00
I 07.01/15:40:13 train_mapper.py:622 ] epoch=0029 train_loss=4.009438e-02 train_mse=1.026438e-02 train_cos=0.992474 train_nmse=-17.962dB train_rec=0.000000e+00 train_recT=2.885478e-06 train_fc=5.662790e-03 train_decoder_tail=0.000000e+00
I 07.01/15:41:54 train_mapper.py:622 ] epoch=0030 train_loss=3.911374e-02 train_mse=9.945015e-03 train_cos=0.992679 train_nmse=-18.098dB train_rec=0.000000e+00 train_recT=2.764834e-06 train_fc=5.449338e-03 train_decoder_tail=0.000000e+00
I 07.01/15:43:39 train_mapper.py:622 ] epoch=0031 train_loss=3.826221e-02 train_mse=9.667235e-03 train_cos=0.992850 train_nmse=-18.222dB train_rec=0.000000e+00 train_recT=2.677119e-06 train_fc=5.266026e-03 train_decoder_tail=0.000000e+00
I 07.01/15:45:22 train_mapper.py:622 ] epoch=0032 train_loss=3.756462e-02 train_mse=9.439162e-03 train_cos=0.992992 train_nmse=-18.325dB train_rec=0.000000e+00 train_recT=2.579002e-06 train_fc=5.113080e-03 train_decoder_tail=0.000000e+00
I 07.01/15:47:03 train_mapper.py:622 ] epoch=0033 train_loss=3.676743e-02 train_mse=9.186064e-03 train_cos=0.993161 train_nmse=-18.444dB train_rec=0.000000e+00 train_recT=2.507221e-06 train_fc=4.952820e-03 train_decoder_tail=0.000000e+00
I 07.01/15:48:47 train_mapper.py:622 ] epoch=0034 train_loss=3.619216e-02 train_mse=8.999042e-03 train_cos=0.993277 train_nmse=-18.533dB train_rec=0.000000e+00 train_recT=2.431470e-06 train_fc=4.834331e-03 train_decoder_tail=0.000000e+00
I 07.01/15:50:31 train_mapper.py:622 ] epoch=0035 train_loss=3.555072e-02 train_mse=8.796646e-03 train_cos=0.993412 train_nmse=-18.632dB train_rec=0.000000e+00 train_recT=2.364010e-06 train_fc=4.705892e-03 train_decoder_tail=0.000000e+00
I 07.01/15:52:16 train_mapper.py:622 ] epoch=0036 train_loss=3.492456e-02 train_mse=8.600403e-03 train_cos=0.993547 train_nmse=-18.729dB train_rec=0.000000e+00 train_recT=2.298759e-06 train_fc=4.579421e-03 train_decoder_tail=0.000000e+00
I 07.01/15:54:04 train_mapper.py:622 ] epoch=0037 train_loss=3.428426e-02 train_mse=8.402885e-03 train_cos=0.993678 train_nmse=-18.830dB train_rec=0.000000e+00 train_recT=2.218451e-06 train_fc=4.455746e-03 train_decoder_tail=0.000000e+00
I 07.01/15:55:47 train_mapper.py:622 ] epoch=0038 train_loss=3.377571e-02 train_mse=8.243814e-03 train_cos=0.993781 train_nmse=-18.913dB train_rec=0.000000e+00 train_recT=2.171339e-06 train_fc=4.362255e-03 train_decoder_tail=0.000000e+00
I 07.01/15:57:36 train_mapper.py:622 ] epoch=0039 train_loss=3.318221e-02 train_mse=8.064105e-03 train_cos=0.993911 train_nmse=-19.009dB train_rec=0.000000e+00 train_recT=2.116841e-06 train_fc=4.251796e-03 train_decoder_tail=0.000000e+00
I 07.01/15:59:18 train_mapper.py:622 ] epoch=0040 train_loss=3.273708e-02 train_mse=7.926814e-03 train_cos=0.994005 train_nmse=-19.083dB train_rec=0.000000e+00 train_recT=2.070212e-06 train_fc=4.171050e-03 train_decoder_tail=0.000000e+00
I 07.01/16:01:09 train_mapper.py:622 ] epoch=0041 train_loss=3.222350e-02 train_mse=7.773378e-03 train_cos=0.994115 train_nmse=-19.169dB train_rec=0.000000e+00 train_recT=2.015614e-06 train_fc=4.079715e-03 train_decoder_tail=0.000000e+00
I 07.01/16:02:54 train_mapper.py:622 ] epoch=0042 train_loss=3.186724e-02 train_mse=7.664046e-03 train_cos=0.994192 train_nmse=-19.230dB train_rec=0.000000e+00 train_recT=1.996286e-06 train_fc=4.015445e-03 train_decoder_tail=0.000000e+00
I 07.01/16:04:44 train_mapper.py:622 ] epoch=0043 train_loss=3.129343e-02 train_mse=7.495577e-03 train_cos=0.994315 train_nmse=-19.326dB train_rec=0.000000e+00 train_recT=1.948992e-06 train_fc=3.913944e-03 train_decoder_tail=0.000000e+00
I 07.01/16:06:36 train_mapper.py:622 ] epoch=0044 train_loss=3.088095e-02 train_mse=7.370979e-03 train_cos=0.994399 train_nmse=-19.400dB train_rec=0.000000e+00 train_recT=1.898310e-06 train_fc=3.836111e-03 train_decoder_tail=0.000000e+00
I 07.01/16:08:12 train_mapper.py:622 ] epoch=0045 train_loss=3.054554e-02 train_mse=7.270682e-03 train_cos=0.994472 train_nmse=-19.459dB train_rec=0.000000e+00 train_recT=1.881563e-06 train_fc=3.786478e-03 train_decoder_tail=0.000000e+00
I 07.01/16:09:42 train_mapper.py:622 ] epoch=0046 train_loss=3.017618e-02 train_mse=7.162068e-03 train_cos=0.994549 train_nmse=-19.524dB train_rec=0.000000e+00 train_recT=1.851399e-06 train_fc=3.724707e-03 train_decoder_tail=0.000000e+00
I 07.01/16:11:16 train_mapper.py:622 ] epoch=0047 train_loss=2.969245e-02 train_mse=7.023354e-03 train_cos=0.994650 train_nmse=-19.609dB train_rec=0.000000e+00 train_recT=1.799805e-06 train_fc=3.641334e-03 train_decoder_tail=0.000000e+00
I 07.01/16:12:49 train_mapper.py:622 ] epoch=0048 train_loss=2.943003e-02 train_mse=6.945357e-03 train_cos=0.994706 train_nmse=-19.658dB train_rec=0.000000e+00 train_recT=1.774338e-06 train_fc=3.600589e-03 train_decoder_tail=0.000000e+00
I 07.01/16:14:21 train_mapper.py:622 ] epoch=0049 train_loss=2.899063e-02 train_mse=6.819950e-03 train_cos=0.994797 train_nmse=-19.737dB train_rec=0.000000e+00 train_recT=1.731934e-06 train_fc=3.523131e-03 train_decoder_tail=0.000000e+00
I 07.01/16:15:50 train_mapper.py:622 ] epoch=0050 train_loss=2.865557e-02 train_mse=6.723221e-03 train_cos=0.994868 train_nmse=-19.799dB train_rec=0.000000e+00 train_recT=1.705394e-06 train_fc=3.467265e-03 train_decoder_tail=0.000000e+00
I 07.01/16:17:12 train_mapper.py:622 ] epoch=0051 train_loss=2.831294e-02 train_mse=6.626273e-03 train_cos=0.994942 train_nmse=-19.861dB train_rec=0.000000e+00 train_recT=1.677654e-06 train_fc=3.414162e-03 train_decoder_tail=0.000000e+00
I 07.01/16:18:39 train_mapper.py:622 ] epoch=0052 train_loss=2.806371e-02 train_mse=6.552680e-03 train_cos=0.994993 train_nmse=-19.910dB train_rec=0.000000e+00 train_recT=1.666356e-06 train_fc=3.375705e-03 train_decoder_tail=0.000000e+00
I 07.01/16:20:10 train_mapper.py:622 ] epoch=0053 train_loss=2.769433e-02 train_mse=6.449669e-03 train_cos=0.995072 train_nmse=-19.979dB train_rec=0.000000e+00 train_recT=1.630651e-06 train_fc=3.317226e-03 train_decoder_tail=0.000000e+00
I 07.01/16:21:38 train_mapper.py:622 ] epoch=0054 train_loss=2.748265e-02 train_mse=6.388766e-03 train_cos=0.995118 train_nmse=-20.020dB train_rec=0.000000e+00 train_recT=1.615835e-06 train_fc=3.281644e-03 train_decoder_tail=0.000000e+00
I 07.01/16:23:07 train_mapper.py:622 ] epoch=0055 train_loss=2.720907e-02 train_mse=6.311229e-03 train_cos=0.995175 train_nmse=-20.073dB train_rec=0.000000e+00 train_recT=1.594508e-06 train_fc=3.238301e-03 train_decoder_tail=0.000000e+00
I 07.01/16:24:33 train_mapper.py:622 ] epoch=0056 train_loss=2.686658e-02 train_mse=6.216504e-03 train_cos=0.995244 train_nmse=-20.139dB train_rec=0.000000e+00 train_recT=1.562155e-06 train_fc=3.186533e-03 train_decoder_tail=0.000000e+00
I 07.01/16:25:56 train_mapper.py:622 ] epoch=0057 train_loss=2.656139e-02 train_mse=6.132141e-03 train_cos=0.995308 train_nmse=-20.198dB train_rec=0.000000e+00 train_recT=1.542585e-06 train_fc=3.143855e-03 train_decoder_tail=0.000000e+00
I 07.01/16:27:31 train_mapper.py:622 ] epoch=0058 train_loss=2.635483e-02 train_mse=6.074119e-03 train_cos=0.995350 train_nmse=-20.239dB train_rec=0.000000e+00 train_recT=1.526083e-06 train_fc=3.109924e-03 train_decoder_tail=0.000000e+00
I 07.01/16:29:03 train_mapper.py:622 ] epoch=0059 train_loss=2.611247e-02 train_mse=6.005547e-03 train_cos=0.995402 train_nmse=-20.289dB train_rec=0.000000e+00 train_recT=1.510977e-06 train_fc=3.071531e-03 train_decoder_tail=0.000000e+00
I 07.01/16:30:31 train_mapper.py:622 ] epoch=0060 train_loss=2.582997e-02 train_mse=5.929782e-03 train_cos=0.995460 train_nmse=-20.344dB train_rec=0.000000e+00 train_recT=1.488780e-06 train_fc=3.026985e-03 train_decoder_tail=0.000000e+00
I 07.01/16:31:44 train_mapper.py:622 ] epoch=0061 train_loss=2.566441e-02 train_mse=5.882514e-03 train_cos=0.995493 train_nmse=-20.379dB train_rec=0.000000e+00 train_recT=1.467705e-06 train_fc=3.005085e-03 train_decoder_tail=0.000000e+00
I 07.01/16:32:49 train_mapper.py:622 ] epoch=0062 train_loss=2.537870e-02 train_mse=5.805005e-03 train_cos=0.995555 train_nmse=-20.436dB train_rec=0.000000e+00 train_recT=1.453930e-06 train_fc=2.963565e-03 train_decoder_tail=0.000000e+00
I 07.01/16:33:53 train_mapper.py:622 ] epoch=0063 train_loss=2.517055e-02 train_mse=5.747058e-03 train_cos=0.995596 train_nmse=-20.480dB train_rec=0.000000e+00 train_recT=1.437234e-06 train_fc=2.929886e-03 train_decoder_tail=0.000000e+00
I 07.01/16:34:56 train_mapper.py:622 ] epoch=0064 train_loss=2.494411e-02 train_mse=5.686082e-03 train_cos=0.995647 train_nmse=-20.526dB train_rec=0.000000e+00 train_recT=1.429537e-06 train_fc=2.895707e-03 train_decoder_tail=0.000000e+00
I 07.01/16:35:59 train_mapper.py:622 ] epoch=0065 train_loss=2.474719e-02 train_mse=5.630566e-03 train_cos=0.995685 train_nmse=-20.569dB train_rec=0.000000e+00 train_recT=1.409144e-06 train_fc=2.868464e-03 train_decoder_tail=0.000000e+00
I 07.01/16:37:06 train_mapper.py:622 ] epoch=0066 train_loss=2.446656e-02 train_mse=5.556272e-03 train_cos=0.995738 train_nmse=-20.627dB train_rec=0.000000e+00 train_recT=1.382714e-06 train_fc=2.825799e-03 train_decoder_tail=0.000000e+00
I 07.01/16:38:09 train_mapper.py:622 ] epoch=0067 train_loss=2.435616e-02 train_mse=5.524555e-03 train_cos=0.995763 train_nmse=-20.651dB train_rec=0.000000e+00 train_recT=1.377450e-06 train_fc=2.809274e-03 train_decoder_tail=0.000000e+00
I 07.01/16:39:12 train_mapper.py:622 ] epoch=0068 train_loss=2.420473e-02 train_mse=5.482959e-03 train_cos=0.995796 train_nmse=-20.684dB train_rec=0.000000e+00 train_recT=1.372770e-06 train_fc=2.789177e-03 train_decoder_tail=0.000000e+00
I 07.01/16:40:17 train_mapper.py:622 ] epoch=0069 train_loss=2.390498e-02 train_mse=5.405027e-03 train_cos=0.995856 train_nmse=-20.747dB train_rec=0.000000e+00 train_recT=1.341710e-06 train_fc=2.745016e-03 train_decoder_tail=0.000000e+00
I 07.01/16:41:18 train_mapper.py:622 ] epoch=0070 train_loss=2.374516e-02 train_mse=5.360881e-03 train_cos=0.995890 train_nmse=-20.782dB train_rec=0.000000e+00 train_recT=1.338216e-06 train_fc=2.721216e-03 train_decoder_tail=0.000000e+00
I 07.01/16:42:21 train_mapper.py:622 ] epoch=0071 train_loss=2.365046e-02 train_mse=5.333538e-03 train_cos=0.995907 train_nmse=-20.805dB train_rec=0.000000e+00 train_recT=1.316874e-06 train_fc=2.707560e-03 train_decoder_tail=0.000000e+00
I 07.01/16:43:24 train_mapper.py:622 ] epoch=0072 train_loss=2.340531e-02 train_mse=5.269387e-03 train_cos=0.995958 train_nmse=-20.857dB train_rec=0.000000e+00 train_recT=1.307031e-06 train_fc=2.671811e-03 train_decoder_tail=0.000000e+00
I 07.01/16:44:26 train_mapper.py:622 ] epoch=0073 train_loss=2.323631e-02 train_mse=5.224132e-03 train_cos=0.995992 train_nmse=-20.894dB train_rec=0.000000e+00 train_recT=1.293867e-06 train_fc=2.650035e-03 train_decoder_tail=0.000000e+00
I 07.01/16:45:33 train_mapper.py:622 ] epoch=0074 train_loss=2.304496e-02 train_mse=5.173678e-03 train_cos=0.996032 train_nmse=-20.936dB train_rec=0.000000e+00 train_recT=1.286954e-06 train_fc=2.621844e-03 train_decoder_tail=0.000000e+00
I 07.01/16:46:36 train_mapper.py:622 ] epoch=0075 train_loss=2.291668e-02 train_mse=5.138563e-03 train_cos=0.996059 train_nmse=-20.966dB train_rec=0.000000e+00 train_recT=1.285668e-06 train_fc=2.607523e-03 train_decoder_tail=0.000000e+00
I 07.01/16:47:40 train_mapper.py:622 ] epoch=0076 train_loss=2.279808e-02 train_mse=5.106411e-03 train_cos=0.996082 train_nmse=-20.993dB train_rec=0.000000e+00 train_recT=1.264961e-06 train_fc=2.587463e-03 train_decoder_tail=0.000000e+00
I 07.01/16:48:44 train_mapper.py:622 ] epoch=0077 train_loss=2.265704e-02 train_mse=5.067846e-03 train_cos=0.996110 train_nmse=-21.027dB train_rec=0.000000e+00 train_recT=1.254235e-06 train_fc=2.567552e-03 train_decoder_tail=0.000000e+00
I 07.01/16:49:57 train_mapper.py:622 ] epoch=0078 train_loss=2.238888e-02 train_mse=4.998874e-03 train_cos=0.996164 train_nmse=-21.085dB train_rec=0.000000e+00 train_recT=1.231265e-06 train_fc=2.530070e-03 train_decoder_tail=0.000000e+00
I 07.01/16:51:10 train_mapper.py:622 ] epoch=0079 train_loss=2.222072e-02 train_mse=4.953925e-03 train_cos=0.996197 train_nmse=-21.125dB train_rec=0.000000e+00 train_recT=1.222982e-06 train_fc=2.506926e-03 train_decoder_tail=0.000000e+00
I 07.01/16:52:16 train_mapper.py:622 ] epoch=0080 train_loss=2.211127e-02 train_mse=4.923927e-03 train_cos=0.996220 train_nmse=-21.151dB train_rec=0.000000e+00 train_recT=1.218069e-06 train_fc=2.490846e-03 train_decoder_tail=0.000000e+00
I 07.01/16:53:20 train_mapper.py:622 ] epoch=0081 train_loss=2.198907e-02 train_mse=4.890400e-03 train_cos=0.996246 train_nmse=-21.181dB train_rec=0.000000e+00 train_recT=1.209462e-06 train_fc=2.472614e-03 train_decoder_tail=0.000000e+00
I 07.01/16:54:23 train_mapper.py:622 ] epoch=0082 train_loss=2.182207e-02 train_mse=4.847906e-03 train_cos=0.996282 train_nmse=-21.219dB train_rec=0.000000e+00 train_recT=1.202426e-06 train_fc=2.451806e-03 train_decoder_tail=0.000000e+00
I 07.01/16:55:30 train_mapper.py:622 ] epoch=0083 train_loss=2.171001e-02 train_mse=4.815732e-03 train_cos=0.996304 train_nmse=-21.247dB train_rec=0.000000e+00 train_recT=1.198675e-06 train_fc=2.434455e-03 train_decoder_tail=0.000000e+00
I 07.01/16:56:40 train_mapper.py:622 ] epoch=0084 train_loss=2.153767e-02 train_mse=4.770801e-03 train_cos=0.996337 train_nmse=-21.288dB train_rec=0.000000e+00 train_recT=1.175213e-06 train_fc=2.410133e-03 train_decoder_tail=0.000000e+00
I 07.01/16:57:49 train_mapper.py:622 ] epoch=0085 train_loss=2.137779e-02 train_mse=4.728852e-03 train_cos=0.996368 train_nmse=-21.327dB train_rec=0.000000e+00 train_recT=1.160056e-06 train_fc=2.387917e-03 train_decoder_tail=0.000000e+00
I 07.01/16:58:54 train_mapper.py:622 ] epoch=0086 train_loss=2.126185e-02 train_mse=4.697384e-03 train_cos=0.996394 train_nmse=-21.356dB train_rec=0.000000e+00 train_recT=1.160558e-06 train_fc=2.375233e-03 train_decoder_tail=0.000000e+00
I 07.01/16:59:57 train_mapper.py:622 ] epoch=0087 train_loss=2.117083e-02 train_mse=4.672896e-03 train_cos=0.996414 train_nmse=-21.379dB train_rec=0.000000e+00 train_recT=1.152727e-06 train_fc=2.361744e-03 train_decoder_tail=0.000000e+00
I 07.01/17:01:03 train_mapper.py:622 ] epoch=0088 train_loss=2.101310e-02 train_mse=4.631552e-03 train_cos=0.996446 train_nmse=-21.417dB train_rec=0.000000e+00 train_recT=1.140348e-06 train_fc=2.342370e-03 train_decoder_tail=0.000000e+00
I 07.01/17:02:09 train_mapper.py:622 ] epoch=0089 train_loss=2.094753e-02 train_mse=4.611258e-03 train_cos=0.996460 train_nmse=-21.436dB train_rec=0.000000e+00 train_recT=1.139280e-06 train_fc=2.333281e-03 train_decoder_tail=0.000000e+00
I 07.01/17:03:11 train_mapper.py:622 ] epoch=0090 train_loss=2.079281e-02 train_mse=4.571277e-03 train_cos=0.996492 train_nmse=-21.474dB train_rec=0.000000e+00 train_recT=1.125578e-06 train_fc=2.313693e-03 train_decoder_tail=0.000000e+00
I 07.01/17:04:16 train_mapper.py:622 ] epoch=0091 train_loss=2.071027e-02 train_mse=4.546999e-03 train_cos=0.996508 train_nmse=-21.497dB train_rec=0.000000e+00 train_recT=1.122916e-06 train_fc=2.299689e-03 train_decoder_tail=0.000000e+00
I 07.01/17:05:18 train_mapper.py:622 ] epoch=0092 train_loss=2.049771e-02 train_mse=4.492837e-03 train_cos=0.996550 train_nmse=-21.549dB train_rec=0.000000e+00 train_recT=1.108956e-06 train_fc=2.269567e-03 train_decoder_tail=0.000000e+00
I 07.01/17:06:22 train_mapper.py:622 ] epoch=0093 train_loss=2.043115e-02 train_mse=4.473036e-03 train_cos=0.996565 train_nmse=-21.568dB train_rec=0.000000e+00 train_recT=1.100610e-06 train_fc=2.262613e-03 train_decoder_tail=0.000000e+00
I 07.01/17:07:27 train_mapper.py:622 ] epoch=0094 train_loss=2.024024e-02 train_mse=4.425381e-03 train_cos=0.996603 train_nmse=-21.615dB train_rec=0.000000e+00 train_recT=1.087432e-06 train_fc=2.240125e-03 train_decoder_tail=0.000000e+00
I 07.01/17:08:32 train_mapper.py:622 ] epoch=0095 train_loss=2.013128e-02 train_mse=4.395256e-03 train_cos=0.996622 train_nmse=-21.644dB train_rec=0.000000e+00 train_recT=1.075580e-06 train_fc=2.220510e-03 train_decoder_tail=0.000000e+00
I 07.01/17:09:34 train_mapper.py:622 ] epoch=0096 train_loss=2.009331e-02 train_mse=4.382737e-03 train_cos=0.996633 train_nmse=-21.657dB train_rec=0.000000e+00 train_recT=1.079441e-06 train_fc=2.218603e-03 train_decoder_tail=0.000000e+00
I 07.01/17:10:38 train_mapper.py:622 ] epoch=0097 train_loss=1.991879e-02 train_mse=4.338565e-03 train_cos=0.996669 train_nmse=-21.701dB train_rec=0.000000e+00 train_recT=1.066885e-06 train_fc=2.193154e-03 train_decoder_tail=0.000000e+00
I 07.01/17:11:41 train_mapper.py:622 ] epoch=0098 train_loss=1.989333e-02 train_mse=4.328689e-03 train_cos=0.996677 train_nmse=-21.710dB train_rec=0.000000e+00 train_recT=1.071016e-06 train_fc=2.191200e-03 train_decoder_tail=0.000000e+00
I 07.01/17:12:43 train_mapper.py:622 ] epoch=0099 train_loss=1.976075e-02 train_mse=4.293757e-03 train_cos=0.996702 train_nmse=-21.746dB train_rec=0.000000e+00 train_recT=1.055281e-06 train_fc=2.174016e-03 train_decoder_tail=0.000000e+00
I 07.01/17:13:51 train_mapper.py:622 ] epoch=0100 train_loss=1.964818e-02 train_mse=4.264579e-03 train_cos=0.996724 train_nmse=-21.775dB train_rec=0.000000e+00 train_recT=1.051530e-06 train_fc=2.159600e-03 train_decoder_tail=0.000000e+00
I 07.01/17:14:54 train_mapper.py:622 ] epoch=0101 train_loss=1.953543e-02 train_mse=4.234944e-03 train_cos=0.996747 train_nmse=-21.806dB train_rec=0.000000e+00 train_recT=1.039975e-06 train_fc=2.143719e-03 train_decoder_tail=0.000000e+00
I 07.01/17:16:01 train_mapper.py:622 ] epoch=0102 train_loss=1.945409e-02 train_mse=4.211904e-03 train_cos=0.996765 train_nmse=-21.829dB train_rec=0.000000e+00 train_recT=1.038793e-06 train_fc=2.133416e-03 train_decoder_tail=0.000000e+00
I 07.01/17:17:05 train_mapper.py:622 ] epoch=0103 train_loss=1.935613e-02 train_mse=4.186025e-03 train_cos=0.996784 train_nmse=-21.856dB train_rec=0.000000e+00 train_recT=1.031515e-06 train_fc=2.118820e-03 train_decoder_tail=0.000000e+00
I 07.01/17:18:07 train_mapper.py:622 ] epoch=0104 train_loss=1.918737e-02 train_mse=4.144333e-03 train_cos=0.996815 train_nmse=-21.900dB train_rec=0.000000e+00 train_recT=1.020230e-06 train_fc=2.098393e-03 train_decoder_tail=0.000000e+00
I 07.01/17:19:12 train_mapper.py:622 ] epoch=0105 train_loss=1.909194e-02 train_mse=4.118980e-03 train_cos=0.996834 train_nmse=-21.926dB train_rec=0.000000e+00 train_recT=1.011079e-06 train_fc=2.083876e-03 train_decoder_tail=0.000000e+00
I 07.01/17:20:19 train_mapper.py:622 ] epoch=0106 train_loss=1.897548e-02 train_mse=4.089565e-03 train_cos=0.996857 train_nmse=-21.957dB train_rec=0.000000e+00 train_recT=1.002548e-06 train_fc=2.069463e-03 train_decoder_tail=0.000000e+00
I 07.01/17:21:22 train_mapper.py:622 ] epoch=0107 train_loss=1.888528e-02 train_mse=4.065847e-03 train_cos=0.996874 train_nmse=-21.983dB train_rec=0.000000e+00 train_recT=9.966698e-07 train_fc=2.058761e-03 train_decoder_tail=0.000000e+00
I 07.01/17:22:24 train_mapper.py:622 ] epoch=0108 train_loss=1.891401e-02 train_mse=4.069811e-03 train_cos=0.996872 train_nmse=-21.979dB train_rec=0.000000e+00 train_recT=1.007500e-06 train_fc=2.063483e-03 train_decoder_tail=0.000000e+00
I 07.01/17:23:26 train_mapper.py:622 ] epoch=0109 train_loss=1.868440e-02 train_mse=4.015151e-03 train_cos=0.996915 train_nmse=-22.037dB train_rec=0.000000e+00 train_recT=9.883842e-07 train_fc=2.033843e-03 train_decoder_tail=0.000000e+00
I 07.01/17:24:30 train_mapper.py:622 ] epoch=0110 train_loss=1.859315e-02 train_mse=3.991087e-03 train_cos=0.996932 train_nmse=-22.063dB train_rec=0.000000e+00 train_recT=9.810930e-07 train_fc=2.020022e-03 train_decoder_tail=0.000000e+00
I 07.01/17:25:34 train_mapper.py:622 ] epoch=0111 train_loss=1.860268e-02 train_mse=3.990709e-03 train_cos=0.996930 train_nmse=-22.064dB train_rec=0.000000e+00 train_recT=9.802959e-07 train_fc=2.021531e-03 train_decoder_tail=0.000000e+00
I 07.01/17:26:37 train_mapper.py:622 ] epoch=0112 train_loss=1.847725e-02 train_mse=3.960318e-03 train_cos=0.996956 train_nmse=-22.097dB train_rec=0.000000e+00 train_recT=9.759753e-07 train_fc=2.004297e-03 train_decoder_tail=0.000000e+00
I 07.01/17:27:45 train_mapper.py:622 ] epoch=0113 train_loss=1.842780e-02 train_mse=3.946773e-03 train_cos=0.996965 train_nmse=-22.112dB train_rec=0.000000e+00 train_recT=9.729672e-07 train_fc=1.999318e-03 train_decoder_tail=0.000000e+00
I 07.01/17:28:53 train_mapper.py:622 ] epoch=0114 train_loss=1.829832e-02 train_mse=3.915225e-03 train_cos=0.996991 train_nmse=-22.147dB train_rec=0.000000e+00 train_recT=9.617254e-07 train_fc=1.981937e-03 train_decoder_tail=0.000000e+00
I 07.01/17:29:56 train_mapper.py:622 ] epoch=0115 train_loss=1.824312e-02 train_mse=3.900006e-03 train_cos=0.996999 train_nmse=-22.164dB train_rec=0.000000e+00 train_recT=9.600942e-07 train_fc=1.974915e-03 train_decoder_tail=0.000000e+00
I 07.01/17:31:03 train_mapper.py:622 ] epoch=0116 train_loss=1.814913e-02 train_mse=3.877164e-03 train_cos=0.997017 train_nmse=-22.189dB train_rec=0.000000e+00 train_recT=9.504278e-07 train_fc=1.961521e-03 train_decoder_tail=0.000000e+00
I 07.01/17:32:08 train_mapper.py:622 ] epoch=0117 train_loss=1.808609e-02 train_mse=3.860239e-03 train_cos=0.997027 train_nmse=-22.208dB train_rec=0.000000e+00 train_recT=9.455168e-07 train_fc=1.957491e-03 train_decoder_tail=0.000000e+00
I 07.01/17:33:13 train_mapper.py:622 ] epoch=0118 train_loss=1.795972e-02 train_mse=3.830168e-03 train_cos=0.997053 train_nmse=-22.242dB train_rec=0.000000e+00 train_recT=9.407518e-07 train_fc=1.939655e-03 train_decoder_tail=0.000000e+00
I 07.01/17:34:16 train_mapper.py:622 ] epoch=0119 train_loss=1.786793e-02 train_mse=3.807367e-03 train_cos=0.997070 train_nmse=-22.268dB train_rec=0.000000e+00 train_recT=9.353141e-07 train_fc=1.925922e-03 train_decoder_tail=0.000000e+00
I 07.01/17:35:18 train_mapper.py:622 ] epoch=0120 train_loss=1.777607e-02 train_mse=3.784829e-03 train_cos=0.997087 train_nmse=-22.294dB train_rec=0.000000e+00 train_recT=9.286942e-07 train_fc=1.913509e-03 train_decoder_tail=0.000000e+00
I 07.01/17:36:20 train_mapper.py:622 ] epoch=0121 train_loss=1.765960e-02 train_mse=3.757881e-03 train_cos=0.997109 train_nmse=-22.325dB train_rec=0.000000e+00 train_recT=9.197937e-07 train_fc=1.898721e-03 train_decoder_tail=0.000000e+00
I 07.01/17:37:25 train_mapper.py:622 ] epoch=0122 train_loss=1.768820e-02 train_mse=3.760867e-03 train_cos=0.997102 train_nmse=-22.321dB train_rec=0.000000e+00 train_recT=9.218405e-07 train_fc=1.904241e-03 train_decoder_tail=0.000000e+00
I 07.01/17:38:28 train_mapper.py:622 ] epoch=0123 train_loss=1.749948e-02 train_mse=3.717984e-03 train_cos=0.997138 train_nmse=-22.371dB train_rec=0.000000e+00 train_recT=9.085481e-07 train_fc=1.879247e-03 train_decoder_tail=0.000000e+00
I 07.01/17:39:34 train_mapper.py:622 ] epoch=0124 train_loss=1.744075e-02 train_mse=3.703333e-03 train_cos=0.997150 train_nmse=-22.388dB train_rec=0.000000e+00 train_recT=9.107388e-07 train_fc=1.873287e-03 train_decoder_tail=0.000000e+00
I 07.01/17:40:37 train_mapper.py:622 ] epoch=0125 train_loss=1.745285e-02 train_mse=3.703864e-03 train_cos=0.997147 train_nmse=-22.388dB train_rec=0.000000e+00 train_recT=9.066197e-07 train_fc=1.874527e-03 train_decoder_tail=0.000000e+00
I 07.01/17:41:40 train_mapper.py:622 ] epoch=0126 train_loss=1.738985e-02 train_mse=3.688734e-03 train_cos=0.997160 train_nmse=-22.405dB train_rec=0.000000e+00 train_recT=9.062257e-07 train_fc=1.865880e-03 train_decoder_tail=0.000000e+00
I 07.01/17:42:45 train_mapper.py:622 ] epoch=0127 train_loss=1.725705e-02 train_mse=3.657282e-03 train_cos=0.997184 train_nmse=-22.442dB train_rec=0.000000e+00 train_recT=8.956594e-07 train_fc=1.847042e-03 train_decoder_tail=0.000000e+00
I 07.01/17:43:49 train_mapper.py:622 ] epoch=0128 train_loss=1.719285e-02 train_mse=3.641636e-03 train_cos=0.997196 train_nmse=-22.461dB train_rec=0.000000e+00 train_recT=8.926588e-07 train_fc=1.839674e-03 train_decoder_tail=0.000000e+00
I 07.01/17:44:51 train_mapper.py:622 ] epoch=0129 train_loss=1.714073e-02 train_mse=3.627970e-03 train_cos=0.997205 train_nmse=-22.477dB train_rec=0.000000e+00 train_recT=8.893388e-07 train_fc=1.834258e-03 train_decoder_tail=0.000000e+00
I 07.01/17:45:53 train_mapper.py:622 ] epoch=0130 train_loss=1.705166e-02 train_mse=3.607730e-03 train_cos=0.997221 train_nmse=-22.502dB train_rec=0.000000e+00 train_recT=8.789232e-07 train_fc=1.822838e-03 train_decoder_tail=0.000000e+00
I 07.01/17:46:54 train_mapper.py:622 ] epoch=0131 train_loss=1.698341e-02 train_mse=3.590732e-03 train_cos=0.997234 train_nmse=-22.522dB train_rec=0.000000e+00 train_recT=8.772696e-07 train_fc=1.814024e-03 train_decoder_tail=0.000000e+00
I 07.01/17:48:04 train_mapper.py:622 ] epoch=0132 train_loss=1.694037e-02 train_mse=3.579481e-03 train_cos=0.997242 train_nmse=-22.536dB train_rec=0.000000e+00 train_recT=8.724470e-07 train_fc=1.807504e-03 train_decoder_tail=0.000000e+00
I 07.01/17:49:08 train_mapper.py:622 ] epoch=0133 train_loss=1.684032e-02 train_mse=3.555825e-03 train_cos=0.997260 train_nmse=-22.565dB train_rec=0.000000e+00 train_recT=8.697897e-07 train_fc=1.796443e-03 train_decoder_tail=0.000000e+00
I 07.01/17:50:13 train_mapper.py:622 ] epoch=0134 train_loss=1.679125e-02 train_mse=3.543572e-03 train_cos=0.997271 train_nmse=-22.580dB train_rec=0.000000e+00 train_recT=8.676803e-07 train_fc=1.788312e-03 train_decoder_tail=0.000000e+00
I 07.01/17:51:18 train_mapper.py:622 ] epoch=0135 train_loss=1.672001e-02 train_mse=3.526692e-03 train_cos=0.997283 train_nmse=-22.600dB train_rec=0.000000e+00 train_recT=8.662275e-07 train_fc=1.779617e-03 train_decoder_tail=0.000000e+00
I 07.01/17:52:23 train_mapper.py:622 ] epoch=0136 train_loss=1.661314e-02 train_mse=3.502031e-03 train_cos=0.997302 train_nmse=-22.631dB train_rec=0.000000e+00 train_recT=8.554309e-07 train_fc=1.768113e-03 train_decoder_tail=0.000000e+00
I 07.01/17:53:28 train_mapper.py:622 ] epoch=0137 train_loss=1.664994e-02 train_mse=3.508683e-03 train_cos=0.997296 train_nmse=-22.623dB train_rec=0.000000e+00 train_recT=8.613141e-07 train_fc=1.771056e-03 train_decoder_tail=0.000000e+00
I 07.01/17:54:30 train_mapper.py:622 ] epoch=0138 train_loss=1.665550e-02 train_mse=3.508301e-03 train_cos=0.997297 train_nmse=-22.623dB train_rec=0.000000e+00 train_recT=8.580054e-07 train_fc=1.773114e-03 train_decoder_tail=0.000000e+00
I 07.01/17:55:34 train_mapper.py:622 ] epoch=0139 train_loss=1.654422e-02 train_mse=3.482531e-03 train_cos=0.997317 train_nmse=-22.655dB train_rec=0.000000e+00 train_recT=8.531399e-07 train_fc=1.758534e-03 train_decoder_tail=0.000000e+00
I 07.01/17:56:40 train_mapper.py:622 ] epoch=0140 train_loss=1.638191e-02 train_mse=3.445693e-03 train_cos=0.997344 train_nmse=-22.701dB train_rec=0.000000e+00 train_recT=8.418953e-07 train_fc=1.739486e-03 train_decoder_tail=0.000000e+00
I 07.01/17:57:43 train_mapper.py:622 ] epoch=0141 train_loss=1.635835e-02 train_mse=3.438943e-03 train_cos=0.997349 train_nmse=-22.710dB train_rec=0.000000e+00 train_recT=8.398518e-07 train_fc=1.736388e-03 train_decoder_tail=0.000000e+00
I 07.01/17:58:52 train_mapper.py:622 ] epoch=0142 train_loss=1.628907e-02 train_mse=3.422643e-03 train_cos=0.997361 train_nmse=-22.730dB train_rec=0.000000e+00 train_recT=8.361952e-07 train_fc=1.726565e-03 train_decoder_tail=0.000000e+00
I 07.01/17:59:56 train_mapper.py:622 ] epoch=0143 train_loss=1.630981e-02 train_mse=3.425525e-03 train_cos=0.997358 train_nmse=-22.727dB train_rec=0.000000e+00 train_recT=8.373454e-07 train_fc=1.728626e-03 train_decoder_tail=0.000000e+00
I 07.01/18:01:01 train_mapper.py:622 ] epoch=0144 train_loss=1.618810e-02 train_mse=3.398639e-03 train_cos=0.997381 train_nmse=-22.761dB train_rec=0.000000e+00 train_recT=8.297209e-07 train_fc=1.714873e-03 train_decoder_tail=0.000000e+00
I 07.01/18:02:06 train_mapper.py:622 ] epoch=0145 train_loss=1.614656e-02 train_mse=3.388299e-03 train_cos=0.997389 train_nmse=-22.774dB train_rec=0.000000e+00 train_recT=8.302694e-07 train_fc=1.707663e-03 train_decoder_tail=0.000000e+00
I 07.01/18:03:11 train_mapper.py:622 ] epoch=0146 train_loss=1.607666e-02 train_mse=3.371615e-03 train_cos=0.997402 train_nmse=-22.796dB train_rec=0.000000e+00 train_recT=8.232001e-07 train_fc=1.699291e-03 train_decoder_tail=0.000000e+00
I 07.01/18:04:15 train_mapper.py:622 ] epoch=0147 train_loss=1.602773e-02 train_mse=3.359416e-03 train_cos=0.997410 train_nmse=-22.811dB train_rec=0.000000e+00 train_recT=8.204932e-07 train_fc=1.693917e-03 train_decoder_tail=0.000000e+00
I 07.01/18:05:21 train_mapper.py:622 ] epoch=0148 train_loss=1.598831e-02 train_mse=3.349731e-03 train_cos=0.997418 train_nmse=-22.824dB train_rec=0.000000e+00 train_recT=8.186799e-07 train_fc=1.689625e-03 train_decoder_tail=0.000000e+00
I 07.01/18:06:25 train_mapper.py:622 ] epoch=0149 train_loss=1.590023e-02 train_mse=3.330203e-03 train_cos=0.997433 train_nmse=-22.849dB train_rec=0.000000e+00 train_recT=8.120347e-07 train_fc=1.679607e-03 train_decoder_tail=0.000000e+00
I 07.01/18:07:29 train_mapper.py:622 ] epoch=0150 train_loss=1.592485e-02 train_mse=3.333528e-03 train_cos=0.997429 train_nmse=-22.845dB train_rec=0.000000e+00 train_recT=8.140949e-07 train_fc=1.681086e-03 train_decoder_tail=0.000000e+00
I 07.01/18:08:31 train_mapper.py:622 ] epoch=0151 train_loss=1.582410e-02 train_mse=3.310921e-03 train_cos=0.997448 train_nmse=-22.875dB train_rec=0.000000e+00 train_recT=8.082427e-07 train_fc=1.669173e-03 train_decoder_tail=0.000000e+00
I 07.01/18:09:36 train_mapper.py:622 ] epoch=0152 train_loss=1.576447e-02 train_mse=3.296415e-03 train_cos=0.997458 train_nmse=-22.893dB train_rec=0.000000e+00 train_recT=8.083562e-07 train_fc=1.661900e-03 train_decoder_tail=0.000000e+00
I 07.01/18:10:42 train_mapper.py:622 ] epoch=0153 train_loss=1.570674e-02 train_mse=3.283181e-03 train_cos=0.997470 train_nmse=-22.911dB train_rec=0.000000e+00 train_recT=8.027104e-07 train_fc=1.655076e-03 train_decoder_tail=0.000000e+00
I 07.01/18:11:45 train_mapper.py:622 ] epoch=0154 train_loss=1.567164e-02 train_mse=3.274001e-03 train_cos=0.997476 train_nmse=-22.923dB train_rec=0.000000e+00 train_recT=8.010880e-07 train_fc=1.650898e-03 train_decoder_tail=0.000000e+00
I 07.01/18:12:50 train_mapper.py:622 ] epoch=0155 train_loss=1.558979e-02 train_mse=3.255173e-03 train_cos=0.997490 train_nmse=-22.948dB train_rec=0.000000e+00 train_recT=7.930479e-07 train_fc=1.639298e-03 train_decoder_tail=0.000000e+00
I 07.01/18:13:53 train_mapper.py:622 ] epoch=0156 train_loss=1.554661e-02 train_mse=3.245194e-03 train_cos=0.997498 train_nmse=-22.962dB train_rec=0.000000e+00 train_recT=7.903375e-07 train_fc=1.635623e-03 train_decoder_tail=0.000000e+00
I 07.01/18:14:55 train_mapper.py:622 ] epoch=0157 train_loss=1.550215e-02 train_mse=3.234241e-03 train_cos=0.997506 train_nmse=-22.976dB train_rec=0.000000e+00 train_recT=7.878853e-07 train_fc=1.628870e-03 train_decoder_tail=0.000000e+00
I 07.01/18:16:02 train_mapper.py:622 ] epoch=0158 train_loss=1.549835e-02 train_mse=3.232266e-03 train_cos=0.997506 train_nmse=-22.979dB train_rec=0.000000e+00 train_recT=7.854312e-07 train_fc=1.629663e-03 train_decoder_tail=0.000000e+00
I 07.01/18:17:05 train_mapper.py:622 ] epoch=0159 train_loss=1.538660e-02 train_mse=3.207383e-03 train_cos=0.997528 train_nmse=-23.012dB train_rec=0.000000e+00 train_recT=7.817809e-07 train_fc=1.615488e-03 train_decoder_tail=0.000000e+00
I 07.01/18:18:09 train_mapper.py:622 ] epoch=0160 train_loss=1.540956e-02 train_mse=3.210703e-03 train_cos=0.997524 train_nmse=-23.008dB train_rec=0.000000e+00 train_recT=7.838335e-07 train_fc=1.618522e-03 train_decoder_tail=0.000000e+00
I 07.01/18:19:12 train_mapper.py:622 ] epoch=0161 train_loss=1.532734e-02 train_mse=3.192106e-03 train_cos=0.997538 train_nmse=-23.033dB train_rec=0.000000e+00 train_recT=7.770503e-07 train_fc=1.608880e-03 train_decoder_tail=0.000000e+00
I 07.01/18:20:18 train_mapper.py:622 ] epoch=0162 train_loss=1.525051e-02 train_mse=3.174854e-03 train_cos=0.997551 train_nmse=-23.057dB train_rec=0.000000e+00 train_recT=7.702101e-07 train_fc=1.598178e-03 train_decoder_tail=0.000000e+00
I 07.01/18:21:21 train_mapper.py:622 ] epoch=0163 train_loss=1.522110e-02 train_mse=3.167316e-03 train_cos=0.997558 train_nmse=-23.067dB train_rec=0.000000e+00 train_recT=7.730420e-07 train_fc=1.594724e-03 train_decoder_tail=0.000000e+00
I 07.01/18:22:30 train_mapper.py:622 ] epoch=0164 train_loss=1.519942e-02 train_mse=3.161386e-03 train_cos=0.997561 train_nmse=-23.075dB train_rec=0.000000e+00 train_recT=7.694695e-07 train_fc=1.591961e-03 train_decoder_tail=0.000000e+00
I 07.01/18:23:35 train_mapper.py:622 ] epoch=0165 train_loss=1.516872e-02 train_mse=3.154324e-03 train_cos=0.997567 train_nmse=-23.085dB train_rec=0.000000e+00 train_recT=7.665986e-07 train_fc=1.590117e-03 train_decoder_tail=0.000000e+00
I 07.01/18:24:43 train_mapper.py:622 ] epoch=0166 train_loss=1.508678e-02 train_mse=3.135389e-03 train_cos=0.997583 train_nmse=-23.111dB train_rec=0.000000e+00 train_recT=7.626657e-07 train_fc=1.578613e-03 train_decoder_tail=0.000000e+00
I 07.01/18:25:50 train_mapper.py:622 ] epoch=0167 train_loss=1.504162e-02 train_mse=3.124613e-03 train_cos=0.997590 train_nmse=-23.126dB train_rec=0.000000e+00 train_recT=7.601218e-07 train_fc=1.572901e-03 train_decoder_tail=0.000000e+00
I 07.01/18:26:55 train_mapper.py:622 ] epoch=0168 train_loss=1.496876e-02 train_mse=3.108055e-03 train_cos=0.997603 train_nmse=-23.149dB train_rec=0.000000e+00 train_recT=7.558830e-07 train_fc=1.566088e-03 train_decoder_tail=0.000000e+00
I 07.01/18:27:59 train_mapper.py:622 ] epoch=0169 train_loss=1.496014e-02 train_mse=3.104981e-03 train_cos=0.997604 train_nmse=-23.154dB train_rec=0.000000e+00 train_recT=7.560224e-07 train_fc=1.564373e-03 train_decoder_tail=0.000000e+00
I 07.01/18:29:05 train_mapper.py:622 ] epoch=0170 train_loss=1.493181e-02 train_mse=3.097668e-03 train_cos=0.997610 train_nmse=-23.163dB train_rec=0.000000e+00 train_recT=7.513125e-07 train_fc=1.559828e-03 train_decoder_tail=0.000000e+00
I 07.01/18:30:07 train_mapper.py:622 ] epoch=0171 train_loss=1.489001e-02 train_mse=3.088004e-03 train_cos=0.997618 train_nmse=-23.177dB train_rec=0.000000e+00 train_recT=7.490633e-07 train_fc=1.554884e-03 train_decoder_tail=0.000000e+00
I 07.01/18:31:11 train_mapper.py:622 ] epoch=0172 train_loss=1.484601e-02 train_mse=3.077412e-03 train_cos=0.997626 train_nmse=-23.192dB train_rec=0.000000e+00 train_recT=7.512943e-07 train_fc=1.549628e-03 train_decoder_tail=0.000000e+00
I 07.01/18:32:16 train_mapper.py:622 ] epoch=0173 train_loss=1.475944e-02 train_mse=3.058517e-03 train_cos=0.997642 train_nmse=-23.219dB train_rec=0.000000e+00 train_recT=7.436332e-07 train_fc=1.539038e-03 train_decoder_tail=0.000000e+00
I 07.01/18:33:27 train_mapper.py:622 ] epoch=0174 train_loss=1.475543e-02 train_mse=3.056225e-03 train_cos=0.997643 train_nmse=-23.222dB train_rec=0.000000e+00 train_recT=7.457459e-07 train_fc=1.540562e-03 train_decoder_tail=0.000000e+00
I 07.01/18:34:33 train_mapper.py:622 ] epoch=0175 train_loss=1.474255e-02 train_mse=3.052652e-03 train_cos=0.997646 train_nmse=-23.228dB train_rec=0.000000e+00 train_recT=7.431530e-07 train_fc=1.536542e-03 train_decoder_tail=0.000000e+00
I 07.01/18:35:37 train_mapper.py:622 ] epoch=0176 train_loss=1.467500e-02 train_mse=3.037521e-03 train_cos=0.997659 train_nmse=-23.249dB train_rec=0.000000e+00 train_recT=7.398667e-07 train_fc=1.528481e-03 train_decoder_tail=0.000000e+00
I 07.01/18:36:38 train_mapper.py:622 ] epoch=0177 train_loss=1.466072e-02 train_mse=3.033367e-03 train_cos=0.997661 train_nmse=-23.255dB train_rec=0.000000e+00 train_recT=7.397373e-07 train_fc=1.526658e-03 train_decoder_tail=0.000000e+00
I 07.01/18:37:40 train_mapper.py:622 ] epoch=0178 train_loss=1.461102e-02 train_mse=3.021679e-03 train_cos=0.997670 train_nmse=-23.271dB train_rec=0.000000e+00 train_recT=7.382887e-07 train_fc=1.521270e-03 train_decoder_tail=0.000000e+00
I 07.01/18:38:52 train_mapper.py:622 ] epoch=0179 train_loss=1.454408e-02 train_mse=3.006271e-03 train_cos=0.997681 train_nmse=-23.294dB train_rec=0.000000e+00 train_recT=7.321257e-07 train_fc=1.513945e-03 train_decoder_tail=0.000000e+00
I 07.01/18:39:55 train_mapper.py:622 ] epoch=0180 train_loss=1.449584e-02 train_mse=2.995097e-03 train_cos=0.997691 train_nmse=-23.310dB train_rec=0.000000e+00 train_recT=7.294360e-07 train_fc=1.507183e-03 train_decoder_tail=0.000000e+00
I 07.01/18:40:56 train_mapper.py:622 ] epoch=0181 train_loss=1.447125e-02 train_mse=2.988785e-03 train_cos=0.997695 train_nmse=-23.319dB train_rec=0.000000e+00 train_recT=7.273083e-07 train_fc=1.505144e-03 train_decoder_tail=0.000000e+00
I 07.01/18:42:00 train_mapper.py:622 ] epoch=0182 train_loss=1.443078e-02 train_mse=2.979598e-03 train_cos=0.997703 train_nmse=-23.332dB train_rec=0.000000e+00 train_recT=7.264266e-07 train_fc=1.499547e-03 train_decoder_tail=0.000000e+00
I 07.01/18:43:07 train_mapper.py:622 ] epoch=0183 train_loss=1.436260e-02 train_mse=2.963876e-03 train_cos=0.997714 train_nmse=-23.355dB train_rec=0.000000e+00 train_recT=7.211271e-07 train_fc=1.491460e-03 train_decoder_tail=0.000000e+00
I 07.01/18:44:09 train_mapper.py:622 ] epoch=0184 train_loss=1.432281e-02 train_mse=2.954375e-03 train_cos=0.997721 train_nmse=-23.369dB train_rec=0.000000e+00 train_recT=7.171029e-07 train_fc=1.486973e-03 train_decoder_tail=0.000000e+00
I 07.01/18:45:10 train_mapper.py:622 ] epoch=0185 train_loss=1.435481e-02 train_mse=2.960357e-03 train_cos=0.997717 train_nmse=-23.361dB train_rec=0.000000e+00 train_recT=7.209742e-07 train_fc=1.490180e-03 train_decoder_tail=0.000000e+00
I 07.01/18:46:11 train_mapper.py:622 ] epoch=0186 train_loss=1.425598e-02 train_mse=2.938951e-03 train_cos=0.997735 train_nmse=-23.392dB train_rec=0.000000e+00 train_recT=7.158686e-07 train_fc=1.479419e-03 train_decoder_tail=0.000000e+00
I 07.01/18:47:13 train_mapper.py:622 ] epoch=0187 train_loss=1.422799e-02 train_mse=2.931670e-03 train_cos=0.997740 train_nmse=-23.403dB train_rec=0.000000e+00 train_recT=7.127116e-07 train_fc=1.473823e-03 train_decoder_tail=0.000000e+00
I 07.01/18:48:17 train_mapper.py:622 ] epoch=0188 train_loss=1.420258e-02 train_mse=2.925583e-03 train_cos=0.997744 train_nmse=-23.412dB train_rec=0.000000e+00 train_recT=7.116973e-07 train_fc=1.473486e-03 train_decoder_tail=0.000000e+00
I 07.01/18:49:20 train_mapper.py:622 ] epoch=0189 train_loss=1.421072e-02 train_mse=2.925845e-03 train_cos=0.997743 train_nmse=-23.412dB train_rec=0.000000e+00 train_recT=7.101618e-07 train_fc=1.473967e-03 train_decoder_tail=0.000000e+00
I 07.01/18:50:22 train_mapper.py:622 ] epoch=0190 train_loss=1.415195e-02 train_mse=2.913059e-03 train_cos=0.997753 train_nmse=-23.431dB train_rec=0.000000e+00 train_recT=7.055262e-07 train_fc=1.466294e-03 train_decoder_tail=0.000000e+00
I 07.01/18:51:25 train_mapper.py:622 ] epoch=0191 train_loss=1.406035e-02 train_mse=2.892692e-03 train_cos=0.997769 train_nmse=-23.461dB train_rec=0.000000e+00 train_recT=7.000130e-07 train_fc=1.454952e-03 train_decoder_tail=0.000000e+00
I 07.01/18:52:28 train_mapper.py:622 ] epoch=0192 train_loss=1.410415e-02 train_mse=2.900809e-03 train_cos=0.997763 train_nmse=-23.449dB train_rec=0.000000e+00 train_recT=7.114494e-07 train_fc=1.461885e-03 train_decoder_tail=0.000000e+00
I 07.01/18:53:29 train_mapper.py:622 ] epoch=0193 train_loss=1.399450e-02 train_mse=2.876875e-03 train_cos=0.997782 train_nmse=-23.485dB train_rec=0.000000e+00 train_recT=6.976798e-07 train_fc=1.448640e-03 train_decoder_tail=0.000000e+00
I 07.01/18:54:31 train_mapper.py:622 ] epoch=0194 train_loss=1.397331e-02 train_mse=2.871670e-03 train_cos=0.997785 train_nmse=-23.493dB train_rec=0.000000e+00 train_recT=6.966910e-07 train_fc=1.446445e-03 train_decoder_tail=0.000000e+00
I 07.01/18:55:38 train_mapper.py:622 ] epoch=0195 train_loss=1.397089e-02 train_mse=2.870345e-03 train_cos=0.997787 train_nmse=-23.495dB train_rec=0.000000e+00 train_recT=6.997417e-07 train_fc=1.444951e-03 train_decoder_tail=0.000000e+00
I 07.01/18:56:41 train_mapper.py:622 ] epoch=0196 train_loss=1.392714e-02 train_mse=2.860380e-03 train_cos=0.997795 train_nmse=-23.510dB train_rec=0.000000e+00 train_recT=6.987881e-07 train_fc=1.440960e-03 train_decoder_tail=0.000000e+00
I 07.01/18:57:43 train_mapper.py:622 ] epoch=0197 train_loss=1.386854e-02 train_mse=2.847160e-03 train_cos=0.997806 train_nmse=-23.530dB train_rec=0.000000e+00 train_recT=6.933678e-07 train_fc=1.432327e-03 train_decoder_tail=0.000000e+00
I 07.01/18:58:48 train_mapper.py:622 ] epoch=0198 train_loss=1.390346e-02 train_mse=2.853468e-03 train_cos=0.997800 train_nmse=-23.520dB train_rec=0.000000e+00 train_recT=6.945326e-07 train_fc=1.436544e-03 train_decoder_tail=0.000000e+00
I 07.01/18:59:51 train_mapper.py:622 ] epoch=0199 train_loss=1.382409e-02 train_mse=2.835611e-03 train_cos=0.997814 train_nmse=-23.548dB train_rec=0.000000e+00 train_recT=6.903885e-07 train_fc=1.427124e-03 train_decoder_tail=0.000000e+00
I 07.01/19:00:52 train_mapper.py:622 ] epoch=0200 train_loss=1.376654e-02 train_mse=2.823202e-03 train_cos=0.997822 train_nmse=-23.566dB train_rec=0.000000e+00 train_recT=6.836370e-07 train_fc=1.420340e-03 train_decoder_tail=0.000000e+00
I 07.01/19:01:53 train_mapper.py:622 ] epoch=0201 train_loss=1.373442e-02 train_mse=2.815494e-03 train_cos=0.997829 train_nmse=-23.579dB train_rec=0.000000e+00 train_recT=6.824718e-07 train_fc=1.416812e-03 train_decoder_tail=0.000000e+00
I 07.01/19:02:55 train_mapper.py:622 ] epoch=0202 train_loss=1.373502e-02 train_mse=2.814905e-03 train_cos=0.997829 train_nmse=-23.579dB train_rec=0.000000e+00 train_recT=6.843151e-07 train_fc=1.417772e-03 train_decoder_tail=0.000000e+00
I 07.01/19:03:58 train_mapper.py:622 ] epoch=0203 train_loss=1.370077e-02 train_mse=2.807073e-03 train_cos=0.997836 train_nmse=-23.591dB train_rec=0.000000e+00 train_recT=6.817477e-07 train_fc=1.412433e-03 train_decoder_tail=0.000000e+00
I 07.01/19:05:04 train_mapper.py:622 ] epoch=0204 train_loss=1.364767e-02 train_mse=2.795123e-03 train_cos=0.997845 train_nmse=-23.610dB train_rec=0.000000e+00 train_recT=6.768126e-07 train_fc=1.407525e-03 train_decoder_tail=0.000000e+00
I 07.01/19:06:05 train_mapper.py:622 ] epoch=0205 train_loss=1.360090e-02 train_mse=2.784324e-03 train_cos=0.997852 train_nmse=-23.627dB train_rec=0.000000e+00 train_recT=6.774509e-07 train_fc=1.401786e-03 train_decoder_tail=0.000000e+00
I 07.01/19:07:09 train_mapper.py:622 ] epoch=0206 train_loss=1.358044e-02 train_mse=2.779278e-03 train_cos=0.997857 train_nmse=-23.635dB train_rec=0.000000e+00 train_recT=6.760033e-07 train_fc=1.398430e-03 train_decoder_tail=0.000000e+00
I 07.01/19:08:13 train_mapper.py:622 ] epoch=0207 train_loss=1.351157e-02 train_mse=2.764349e-03 train_cos=0.997869 train_nmse=-23.658dB train_rec=0.000000e+00 train_recT=6.697499e-07 train_fc=1.389678e-03 train_decoder_tail=0.000000e+00
I 07.01/19:09:16 train_mapper.py:622 ] epoch=0208 train_loss=1.352973e-02 train_mse=2.766719e-03 train_cos=0.997866 train_nmse=-23.654dB train_rec=0.000000e+00 train_recT=6.750365e-07 train_fc=1.392699e-03 train_decoder_tail=0.000000e+00
I 07.01/19:10:17 train_mapper.py:622 ] epoch=0209 train_loss=1.350486e-02 train_mse=2.761818e-03 train_cos=0.997872 train_nmse=-23.662dB train_rec=0.000000e+00 train_recT=6.727288e-07 train_fc=1.389416e-03 train_decoder_tail=0.000000e+00
I 07.01/19:11:20 train_mapper.py:622 ] epoch=0210 train_loss=1.347924e-02 train_mse=2.755237e-03 train_cos=0.997875 train_nmse=-23.672dB train_rec=0.000000e+00 train_recT=6.694811e-07 train_fc=1.388026e-03 train_decoder_tail=0.000000e+00
I 07.01/19:12:23 train_mapper.py:622 ] epoch=0211 train_loss=1.344153e-02 train_mse=2.746454e-03 train_cos=0.997882 train_nmse=-23.686dB train_rec=0.000000e+00 train_recT=6.652329e-07 train_fc=1.382296e-03 train_decoder_tail=0.000000e+00
I 07.01/19:13:25 train_mapper.py:622 ] epoch=0212 train_loss=1.343177e-02 train_mse=2.743457e-03 train_cos=0.997884 train_nmse=-23.691dB train_rec=0.000000e+00 train_recT=6.665749e-07 train_fc=1.381413e-03 train_decoder_tail=0.000000e+00
I 07.01/19:14:27 train_mapper.py:622 ] epoch=0213 train_loss=1.335871e-02 train_mse=2.727896e-03 train_cos=0.997896 train_nmse=-23.716dB train_rec=0.000000e+00 train_recT=6.615373e-07 train_fc=1.373354e-03 train_decoder_tail=0.000000e+00
I 07.01/19:15:32 train_mapper.py:622 ] epoch=0214 train_loss=1.334074e-02 train_mse=2.723409e-03 train_cos=0.997901 train_nmse=-23.723dB train_rec=0.000000e+00 train_recT=6.641513e-07 train_fc=1.370188e-03 train_decoder_tail=0.000000e+00
I 07.01/19:16:36 train_mapper.py:622 ] epoch=0215 train_loss=1.327487e-02 train_mse=2.709293e-03 train_cos=0.997911 train_nmse=-23.746dB train_rec=0.000000e+00 train_recT=6.569644e-07 train_fc=1.363034e-03 train_decoder_tail=0.000000e+00
I 07.01/19:17:37 train_mapper.py:622 ] epoch=0216 train_loss=1.331975e-02 train_mse=2.717111e-03 train_cos=0.997904 train_nmse=-23.733dB train_rec=0.000000e+00 train_recT=6.597590e-07 train_fc=1.366702e-03 train_decoder_tail=0.000000e+00
I 07.01/19:18:39 train_mapper.py:622 ] epoch=0217 train_loss=1.324070e-02 train_mse=2.700766e-03 train_cos=0.997918 train_nmse=-23.759dB train_rec=0.000000e+00 train_recT=6.529219e-07 train_fc=1.359730e-03 train_decoder_tail=0.000000e+00
I 07.01/19:19:41 train_mapper.py:622 ] epoch=0218 train_loss=1.319047e-02 train_mse=2.689373e-03 train_cos=0.997925 train_nmse=-23.777dB train_rec=0.000000e+00 train_recT=6.490045e-07 train_fc=1.353053e-03 train_decoder_tail=0.000000e+00
I 07.01/19:20:45 train_mapper.py:622 ] epoch=0219 train_loss=1.321994e-02 train_mse=2.694955e-03 train_cos=0.997922 train_nmse=-23.768dB train_rec=0.000000e+00 train_recT=6.556672e-07 train_fc=1.356622e-03 train_decoder_tail=0.000000e+00
I 07.01/19:21:46 train_mapper.py:622 ] epoch=0220 train_loss=1.312900e-02 train_mse=2.676051e-03 train_cos=0.997938 train_nmse=-23.799dB train_rec=0.000000e+00 train_recT=6.468444e-07 train_fc=1.346295e-03 train_decoder_tail=0.000000e+00
I 07.01/19:22:47 train_mapper.py:622 ] epoch=0221 train_loss=1.316692e-02 train_mse=2.682431e-03 train_cos=0.997931 train_nmse=-23.789dB train_rec=0.000000e+00 train_recT=6.518111e-07 train_fc=1.350214e-03 train_decoder_tail=0.000000e+00
I 07.01/19:23:45 train_mapper.py:622 ] epoch=0222 train_loss=1.310421e-02 train_mse=2.668974e-03 train_cos=0.997943 train_nmse=-23.810dB train_rec=0.000000e+00 train_recT=6.478061e-07 train_fc=1.342466e-03 train_decoder_tail=0.000000e+00
I 07.01/19:24:50 train_mapper.py:622 ] epoch=0223 train_loss=1.306294e-02 train_mse=2.659910e-03 train_cos=0.997949 train_nmse=-23.825dB train_rec=0.000000e+00 train_recT=6.460404e-07 train_fc=1.338631e-03 train_decoder_tail=0.000000e+00
I 07.01/19:25:53 train_mapper.py:622 ] epoch=0224 train_loss=1.302417e-02 train_mse=2.650831e-03 train_cos=0.997954 train_nmse=-23.840dB train_rec=0.000000e+00 train_recT=6.376040e-07 train_fc=1.333047e-03 train_decoder_tail=0.000000e+00
I 07.01/19:26:56 train_mapper.py:622 ] epoch=0225 train_loss=1.300024e-02 train_mse=2.645325e-03 train_cos=0.997959 train_nmse=-23.849dB train_rec=0.000000e+00 train_recT=6.423406e-07 train_fc=1.329433e-03 train_decoder_tail=0.000000e+00
I 07.01/19:27:59 train_mapper.py:622 ] epoch=0226 train_loss=1.299721e-02 train_mse=2.644220e-03 train_cos=0.997961 train_nmse=-23.851dB train_rec=0.000000e+00 train_recT=6.406112e-07 train_fc=1.330342e-03 train_decoder_tail=0.000000e+00
I 07.01/19:29:03 train_mapper.py:622 ] epoch=0227 train_loss=1.299159e-02 train_mse=2.642529e-03 train_cos=0.997963 train_nmse=-23.854dB train_rec=0.000000e+00 train_recT=6.433787e-07 train_fc=1.329619e-03 train_decoder_tail=0.000000e+00
I 07.01/19:30:07 train_mapper.py:622 ] epoch=0228 train_loss=1.291895e-02 train_mse=2.627756e-03 train_cos=0.997975 train_nmse=-23.878dB train_rec=0.000000e+00 train_recT=6.364813e-07 train_fc=1.322732e-03 train_decoder_tail=0.000000e+00
I 07.01/19:31:09 train_mapper.py:622 ] epoch=0229 train_loss=1.298002e-02 train_mse=2.638790e-03 train_cos=0.997965 train_nmse=-23.860dB train_rec=0.000000e+00 train_recT=6.409680e-07 train_fc=1.328998e-03 train_decoder_tail=0.000000e+00
I 07.01/19:32:10 train_mapper.py:622 ] epoch=0230 train_loss=1.289603e-02 train_mse=2.621028e-03 train_cos=0.997979 train_nmse=-23.890dB train_rec=0.000000e+00 train_recT=6.343955e-07 train_fc=1.320749e-03 train_decoder_tail=0.000000e+00
I 07.01/19:33:14 train_mapper.py:622 ] epoch=0231 train_loss=1.290261e-02 train_mse=2.621594e-03 train_cos=0.997978 train_nmse=-23.888dB train_rec=0.000000e+00 train_recT=6.344521e-07 train_fc=1.319408e-03 train_decoder_tail=0.000000e+00
I 07.01/19:34:16 train_mapper.py:622 ] epoch=0232 train_loss=1.283152e-02 train_mse=2.606542e-03 train_cos=0.997990 train_nmse=-23.913dB train_rec=0.000000e+00 train_recT=6.320897e-07 train_fc=1.312243e-03 train_decoder_tail=0.000000e+00
I 07.01/19:35:21 train_mapper.py:622 ] epoch=0233 train_loss=1.281553e-02 train_mse=2.602860e-03 train_cos=0.997992 train_nmse=-23.920dB train_rec=0.000000e+00 train_recT=6.299399e-07 train_fc=1.310076e-03 train_decoder_tail=0.000000e+00
I 07.01/19:36:23 train_mapper.py:622 ] epoch=0234 train_loss=1.277763e-02 train_mse=2.594342e-03 train_cos=0.997999 train_nmse=-23.934dB train_rec=0.000000e+00 train_recT=6.278153e-07 train_fc=1.305162e-03 train_decoder_tail=0.000000e+00
I 07.01/19:37:25 train_mapper.py:622 ] epoch=0235 train_loss=1.275988e-02 train_mse=2.590307e-03 train_cos=0.998003 train_nmse=-23.941dB train_rec=0.000000e+00 train_recT=6.266415e-07 train_fc=1.303777e-03 train_decoder_tail=0.000000e+00
I 07.01/19:38:29 train_mapper.py:622 ] epoch=0236 train_loss=1.272309e-02 train_mse=2.582249e-03 train_cos=0.998009 train_nmse=-23.954dB train_rec=0.000000e+00 train_recT=6.246246e-07 train_fc=1.298299e-03 train_decoder_tail=0.000000e+00
I 07.01/19:39:31 train_mapper.py:622 ] epoch=0237 train_loss=1.267074e-02 train_mse=2.571334e-03 train_cos=0.998019 train_nmse=-23.972dB train_rec=0.000000e+00 train_recT=6.218804e-07 train_fc=1.292995e-03 train_decoder_tail=0.000000e+00
I 07.01/19:40:34 train_mapper.py:622 ] epoch=0238 train_loss=1.265018e-02 train_mse=2.566197e-03 train_cos=0.998021 train_nmse=-23.981dB train_rec=0.000000e+00 train_recT=6.212219e-07 train_fc=1.290812e-03 train_decoder_tail=0.000000e+00
I 07.01/19:41:37 train_mapper.py:622 ] epoch=0239 train_loss=1.270425e-02 train_mse=2.576372e-03 train_cos=0.998012 train_nmse=-23.964dB train_rec=0.000000e+00 train_recT=6.226586e-07 train_fc=1.296886e-03 train_decoder_tail=0.000000e+00
I 07.01/19:42:38 train_mapper.py:622 ] epoch=0240 train_loss=1.262049e-02 train_mse=2.558778e-03 train_cos=0.998026 train_nmse=-23.994dB train_rec=0.000000e+00 train_recT=6.174315e-07 train_fc=1.287472e-03 train_decoder_tail=0.000000e+00
I 07.01/19:43:39 train_mapper.py:622 ] epoch=0241 train_loss=1.263784e-02 train_mse=2.561859e-03 train_cos=0.998025 train_nmse=-23.988dB train_rec=0.000000e+00 train_recT=6.217775e-07 train_fc=1.289458e-03 train_decoder_tail=0.000000e+00
I 07.01/19:44:41 train_mapper.py:622 ] epoch=0242 train_loss=1.257834e-02 train_mse=2.548755e-03 train_cos=0.998035 train_nmse=-24.011dB train_rec=0.000000e+00 train_recT=6.181644e-07 train_fc=1.282319e-03 train_decoder_tail=0.000000e+00
I 07.01/19:45:44 train_mapper.py:622 ] epoch=0243 train_loss=1.255894e-02 train_mse=2.544465e-03 train_cos=0.998036 train_nmse=-24.018dB train_rec=0.000000e+00 train_recT=6.131889e-07 train_fc=1.279628e-03 train_decoder_tail=0.000000e+00
I 07.01/19:46:45 train_mapper.py:622 ] epoch=0244 train_loss=1.247404e-02 train_mse=2.527167e-03 train_cos=0.998051 train_nmse=-24.048dB train_rec=0.000000e+00 train_recT=6.076834e-07 train_fc=1.270969e-03 train_decoder_tail=0.000000e+00
I 07.01/19:47:48 train_mapper.py:622 ] epoch=0245 train_loss=1.252961e-02 train_mse=2.537356e-03 train_cos=0.998041 train_nmse=-24.030dB train_rec=0.000000e+00 train_recT=6.124417e-07 train_fc=1.276709e-03 train_decoder_tail=0.000000e+00
I 07.01/19:48:49 train_mapper.py:622 ] epoch=0246 train_loss=1.244932e-02 train_mse=2.520803e-03 train_cos=0.998055 train_nmse=-24.059dB train_rec=0.000000e+00 train_recT=6.061905e-07 train_fc=1.267449e-03 train_decoder_tail=0.000000e+00
I 07.01/19:49:53 train_mapper.py:622 ] epoch=0247 train_loss=1.243340e-02 train_mse=2.516922e-03 train_cos=0.998058 train_nmse=-24.065dB train_rec=0.000000e+00 train_recT=6.064672e-07 train_fc=1.265418e-03 train_decoder_tail=0.000000e+00
I 07.01/19:50:57 train_mapper.py:622 ] epoch=0248 train_loss=1.240162e-02 train_mse=2.510339e-03 train_cos=0.998065 train_nmse=-24.077dB train_rec=0.000000e+00 train_recT=6.067451e-07 train_fc=1.261518e-03 train_decoder_tail=0.000000e+00
I 07.01/19:52:06 train_mapper.py:622 ] epoch=0249 train_loss=1.245204e-02 train_mse=2.520262e-03 train_cos=0.998057 train_nmse=-24.059dB train_rec=0.000000e+00 train_recT=6.100599e-07 train_fc=1.268979e-03 train_decoder_tail=0.000000e+00
I 07.01/19:53:07 train_mapper.py:622 ] epoch=0250 train_loss=1.240911e-02 train_mse=2.510880e-03 train_cos=0.998065 train_nmse=-24.076dB train_rec=0.000000e+00 train_recT=6.106711e-07 train_fc=1.262591e-03 train_decoder_tail=0.000000e+00
I 07.01/19:54:09 train_mapper.py:622 ] epoch=0251 train_loss=1.237186e-02 train_mse=2.502489e-03 train_cos=0.998070 train_nmse=-24.090dB train_rec=0.000000e+00 train_recT=6.048074e-07 train_fc=1.258759e-03 train_decoder_tail=0.000000e+00
I 07.01/19:55:13 train_mapper.py:622 ] epoch=0252 train_loss=1.231981e-02 train_mse=2.491899e-03 train_cos=0.998079 train_nmse=-24.109dB train_rec=0.000000e+00 train_recT=6.012065e-07 train_fc=1.252548e-03 train_decoder_tail=0.000000e+00
I 07.01/19:56:16 train_mapper.py:622 ] epoch=0253 train_loss=1.235542e-02 train_mse=2.498089e-03 train_cos=0.998073 train_nmse=-24.098dB train_rec=0.000000e+00 train_recT=6.051182e-07 train_fc=1.257369e-03 train_decoder_tail=0.000000e+00
I 07.01/19:57:18 train_mapper.py:622 ] epoch=0254 train_loss=1.230826e-02 train_mse=2.488610e-03 train_cos=0.998082 train_nmse=-24.114dB train_rec=0.000000e+00 train_recT=6.019416e-07 train_fc=1.250691e-03 train_decoder_tail=0.000000e+00
I 07.01/19:58:22 train_mapper.py:622 ] epoch=0255 train_loss=1.230474e-02 train_mse=2.487034e-03 train_cos=0.998082 train_nmse=-24.117dB train_rec=0.000000e+00 train_recT=5.993267e-07 train_fc=1.250641e-03 train_decoder_tail=0.000000e+00
I 07.01/19:59:25 train_mapper.py:622 ] epoch=0256 train_loss=1.221818e-02 train_mse=2.469282e-03 train_cos=0.998096 train_nmse=-24.148dB train_rec=0.000000e+00 train_recT=5.959903e-07 train_fc=1.242928e-03 train_decoder_tail=0.000000e+00
I 07.01/20:00:27 train_mapper.py:622 ] epoch=0257 train_loss=1.224620e-02 train_mse=2.473863e-03 train_cos=0.998091 train_nmse=-24.140dB train_rec=0.000000e+00 train_recT=5.986089e-07 train_fc=1.244513e-03 train_decoder_tail=0.000000e+00
I 07.01/20:01:29 train_mapper.py:622 ] epoch=0258 train_loss=1.218937e-02 train_mse=2.462073e-03 train_cos=0.998101 train_nmse=-24.161dB train_rec=0.000000e+00 train_recT=5.958747e-07 train_fc=1.236893e-03 train_decoder_tail=0.000000e+00
I 07.01/20:02:34 train_mapper.py:622 ] epoch=0259 train_loss=1.218167e-02 train_mse=2.460088e-03 train_cos=0.998102 train_nmse=-24.164dB train_rec=0.000000e+00 train_recT=5.937484e-07 train_fc=1.236135e-03 train_decoder_tail=0.000000e+00
I 07.01/20:03:39 train_mapper.py:622 ] epoch=0260 train_loss=1.217679e-02 train_mse=2.458418e-03 train_cos=0.998102 train_nmse=-24.167dB train_rec=0.000000e+00 train_recT=5.894755e-07 train_fc=1.235481e-03 train_decoder_tail=0.000000e+00
I 07.01/20:04:42 train_mapper.py:622 ] epoch=0261 train_loss=1.211743e-02 train_mse=2.446382e-03 train_cos=0.998113 train_nmse=-24.189dB train_rec=0.000000e+00 train_recT=5.884336e-07 train_fc=1.229703e-03 train_decoder_tail=0.000000e+00
I 07.01/20:05:46 train_mapper.py:622 ] epoch=0262 train_loss=1.212015e-02 train_mse=2.446084e-03 train_cos=0.998112 train_nmse=-24.189dB train_rec=0.000000e+00 train_recT=5.910361e-07 train_fc=1.229158e-03 train_decoder_tail=0.000000e+00
I 07.01/20:06:50 train_mapper.py:622 ] epoch=0263 train_loss=1.208476e-02 train_mse=2.438736e-03 train_cos=0.998120 train_nmse=-24.202dB train_rec=0.000000e+00 train_recT=5.878527e-07 train_fc=1.225803e-03 train_decoder_tail=0.000000e+00
I 07.01/20:07:53 train_mapper.py:622 ] epoch=0264 train_loss=1.207885e-02 train_mse=2.437017e-03 train_cos=0.998120 train_nmse=-24.205dB train_rec=0.000000e+00 train_recT=5.887480e-07 train_fc=1.226295e-03 train_decoder_tail=0.000000e+00
I 07.01/20:08:55 train_mapper.py:622 ] epoch=0265 train_loss=1.203278e-02 train_mse=2.427358e-03 train_cos=0.998128 train_nmse=-24.223dB train_rec=0.000000e+00 train_recT=5.853996e-07 train_fc=1.220411e-03 train_decoder_tail=0.000000e+00
I 07.01/20:09:56 train_mapper.py:622 ] epoch=0266 train_loss=1.203431e-02 train_mse=2.427031e-03 train_cos=0.998126 train_nmse=-24.223dB train_rec=0.000000e+00 train_recT=5.837147e-07 train_fc=1.219679e-03 train_decoder_tail=0.000000e+00
I 07.01/20:10:56 train_mapper.py:622 ] epoch=0267 train_loss=1.198724e-02 train_mse=2.417327e-03 train_cos=0.998135 train_nmse=-24.241dB train_rec=0.000000e+00 train_recT=5.796763e-07 train_fc=1.214997e-03 train_decoder_tail=0.000000e+00
I 07.01/20:11:59 train_mapper.py:622 ] epoch=0268 train_loss=1.198409e-02 train_mse=2.416170e-03 train_cos=0.998136 train_nmse=-24.243dB train_rec=0.000000e+00 train_recT=5.811365e-07 train_fc=1.214859e-03 train_decoder_tail=0.000000e+00
I 07.01/20:13:03 train_mapper.py:622 ] epoch=0269 train_loss=1.197583e-02 train_mse=2.413923e-03 train_cos=0.998137 train_nmse=-24.247dB train_rec=0.000000e+00 train_recT=5.795142e-07 train_fc=1.213187e-03 train_decoder_tail=0.000000e+00
I 07.01/20:14:10 train_mapper.py:622 ] epoch=0270 train_loss=1.199206e-02 train_mse=2.416973e-03 train_cos=0.998136 train_nmse=-24.241dB train_rec=0.000000e+00 train_recT=5.830962e-07 train_fc=1.215877e-03 train_decoder_tail=0.000000e+00
I 07.01/20:15:12 train_mapper.py:622 ] epoch=0271 train_loss=1.192059e-02 train_mse=2.402374e-03 train_cos=0.998148 train_nmse=-24.267dB train_rec=0.000000e+00 train_recT=5.800681e-07 train_fc=1.207777e-03 train_decoder_tail=0.000000e+00
I 07.01/20:16:17 train_mapper.py:622 ] epoch=0272 train_loss=1.190218e-02 train_mse=2.398426e-03 train_cos=0.998150 train_nmse=-24.275dB train_rec=0.000000e+00 train_recT=5.759016e-07 train_fc=1.204409e-03 train_decoder_tail=0.000000e+00
I 07.01/20:17:19 train_mapper.py:622 ] epoch=0273 train_loss=1.192316e-02 train_mse=2.401328e-03 train_cos=0.998147 train_nmse=-24.269dB train_rec=0.000000e+00 train_recT=5.795335e-07 train_fc=1.207154e-03 train_decoder_tail=0.000000e+00
I 07.01/20:18:22 train_mapper.py:622 ] epoch=0274 train_loss=1.185191e-02 train_mse=2.387077e-03 train_cos=0.998159 train_nmse=-24.295dB train_rec=0.000000e+00 train_recT=5.741369e-07 train_fc=1.199492e-03 train_decoder_tail=0.000000e+00
I 07.01/20:19:25 train_mapper.py:622 ] epoch=0275 train_loss=1.189394e-02 train_mse=2.394827e-03 train_cos=0.998152 train_nmse=-24.281dB train_rec=0.000000e+00 train_recT=5.805751e-07 train_fc=1.204697e-03 train_decoder_tail=0.000000e+00
I 07.01/20:20:25 train_mapper.py:622 ] epoch=0276 train_loss=1.184064e-02 train_mse=2.383991e-03 train_cos=0.998161 train_nmse=-24.301dB train_rec=0.000000e+00 train_recT=5.765955e-07 train_fc=1.198563e-03 train_decoder_tail=0.000000e+00
I 07.01/20:21:28 train_mapper.py:622 ] epoch=0277 train_loss=1.181479e-02 train_mse=2.378080e-03 train_cos=0.998165 train_nmse=-24.312dB train_rec=0.000000e+00 train_recT=5.730859e-07 train_fc=1.195252e-03 train_decoder_tail=0.000000e+00
I 07.01/20:22:32 train_mapper.py:622 ] epoch=0278 train_loss=1.174465e-02 train_mse=2.364034e-03 train_cos=0.998177 train_nmse=-24.337dB train_rec=0.000000e+00 train_recT=5.684375e-07 train_fc=1.188960e-03 train_decoder_tail=0.000000e+00
I 07.01/20:23:36 train_mapper.py:622 ] epoch=0279 train_loss=1.174520e-02 train_mse=2.363422e-03 train_cos=0.998176 train_nmse=-24.339dB train_rec=0.000000e+00 train_recT=5.670682e-07 train_fc=1.187482e-03 train_decoder_tail=0.000000e+00
I 07.01/20:24:38 train_mapper.py:622 ] epoch=0280 train_loss=1.174104e-02 train_mse=2.361959e-03 train_cos=0.998176 train_nmse=-24.341dB train_rec=0.000000e+00 train_recT=5.653605e-07 train_fc=1.186636e-03 train_decoder_tail=0.000000e+00
I 07.01/20:25:44 train_mapper.py:622 ] epoch=0281 train_loss=1.170202e-02 train_mse=2.354444e-03 train_cos=0.998184 train_nmse=-24.355dB train_rec=0.000000e+00 train_recT=5.653950e-07 train_fc=1.183213e-03 train_decoder_tail=0.000000e+00
I 07.01/20:26:46 train_mapper.py:622 ] epoch=0282 train_loss=1.170392e-02 train_mse=2.354108e-03 train_cos=0.998183 train_nmse=-24.356dB train_rec=0.000000e+00 train_recT=5.648663e-07 train_fc=1.183115e-03 train_decoder_tail=0.000000e+00
I 07.01/20:27:51 train_mapper.py:622 ] epoch=0283 train_loss=1.173448e-02 train_mse=2.359682e-03 train_cos=0.998179 train_nmse=-24.346dB train_rec=0.000000e+00 train_recT=5.700952e-07 train_fc=1.186185e-03 train_decoder_tail=0.000000e+00
I 07.01/20:28:53 train_mapper.py:622 ] epoch=0284 train_loss=1.165750e-02 train_mse=2.344090e-03 train_cos=0.998192 train_nmse=-24.374dB train_rec=0.000000e+00 train_recT=5.635292e-07 train_fc=1.177998e-03 train_decoder_tail=0.000000e+00
I 07.01/20:29:58 train_mapper.py:622 ] epoch=0285 train_loss=1.160688e-02 train_mse=2.333621e-03 train_cos=0.998200 train_nmse=-24.394dB train_rec=0.000000e+00 train_recT=5.607349e-07 train_fc=1.172460e-03 train_decoder_tail=0.000000e+00
I 07.01/20:31:03 train_mapper.py:622 ] epoch=0286 train_loss=1.163059e-02 train_mse=2.337905e-03 train_cos=0.998196 train_nmse=-24.386dB train_rec=0.000000e+00 train_recT=5.613741e-07 train_fc=1.174963e-03 train_decoder_tail=0.000000e+00
I 07.01/20:32:05 train_mapper.py:622 ] epoch=0287 train_loss=1.159142e-02 train_mse=2.329562e-03 train_cos=0.998202 train_nmse=-24.401dB train_rec=0.000000e+00 train_recT=5.571436e-07 train_fc=1.171273e-03 train_decoder_tail=0.000000e+00
I 07.01/20:33:08 train_mapper.py:622 ] epoch=0288 train_loss=1.161841e-02 train_mse=2.334549e-03 train_cos=0.998198 train_nmse=-24.392dB train_rec=0.000000e+00 train_recT=5.598610e-07 train_fc=1.174411e-03 train_decoder_tail=0.000000e+00
I 07.01/20:34:08 train_mapper.py:622 ] epoch=0289 train_loss=1.164029e-02 train_mse=2.338506e-03 train_cos=0.998196 train_nmse=-24.385dB train_rec=0.000000e+00 train_recT=5.630966e-07 train_fc=1.175719e-03 train_decoder_tail=0.000000e+00
I 07.01/20:35:11 train_mapper.py:622 ] epoch=0290 train_loss=1.160734e-02 train_mse=2.331548e-03 train_cos=0.998201 train_nmse=-24.398dB train_rec=0.000000e+00 train_recT=5.623381e-07 train_fc=1.172330e-03 train_decoder_tail=0.000000e+00
I 07.01/20:36:13 train_mapper.py:622 ] epoch=0291 train_loss=1.150730e-02 train_mse=2.311412e-03 train_cos=0.998216 train_nmse=-24.435dB train_rec=0.000000e+00 train_recT=5.539844e-07 train_fc=1.161647e-03 train_decoder_tail=0.000000e+00
I 07.01/20:37:16 train_mapper.py:622 ] epoch=0292 train_loss=1.149924e-02 train_mse=2.309479e-03 train_cos=0.998218 train_nmse=-24.439dB train_rec=0.000000e+00 train_recT=5.549302e-07 train_fc=1.159870e-03 train_decoder_tail=0.000000e+00
I 07.01/20:38:19 train_mapper.py:622 ] epoch=0293 train_loss=1.145855e-02 train_mse=2.300980e-03 train_cos=0.998224 train_nmse=-24.455dB train_rec=0.000000e+00 train_recT=5.506000e-07 train_fc=1.155526e-03 train_decoder_tail=0.000000e+00
I 07.01/20:39:22 train_mapper.py:622 ] epoch=0294 train_loss=1.150797e-02 train_mse=2.310152e-03 train_cos=0.998217 train_nmse=-24.438dB train_rec=0.000000e+00 train_recT=5.571363e-07 train_fc=1.161123e-03 train_decoder_tail=0.000000e+00
I 07.01/20:40:24 train_mapper.py:622 ] epoch=0295 train_loss=1.146372e-02 train_mse=2.301277e-03 train_cos=0.998224 train_nmse=-24.454dB train_rec=0.000000e+00 train_recT=5.533451e-07 train_fc=1.156826e-03 train_decoder_tail=0.000000e+00
I 07.01/20:41:25 train_mapper.py:622 ] epoch=0296 train_loss=1.147732e-02 train_mse=2.303227e-03 train_cos=0.998222 train_nmse=-24.450dB train_rec=0.000000e+00 train_recT=5.534905e-07 train_fc=1.157482e-03 train_decoder_tail=0.000000e+00
I 07.01/20:42:27 train_mapper.py:622 ] epoch=0297 train_loss=1.142900e-02 train_mse=2.293438e-03 train_cos=0.998230 train_nmse=-24.469dB train_rec=0.000000e+00 train_recT=5.503916e-07 train_fc=1.153530e-03 train_decoder_tail=0.000000e+00
I 07.01/20:43:32 train_mapper.py:622 ] epoch=0298 train_loss=1.140537e-02 train_mse=2.288487e-03 train_cos=0.998234 train_nmse=-24.479dB train_rec=0.000000e+00 train_recT=5.513343e-07 train_fc=1.151218e-03 train_decoder_tail=0.000000e+00
I 07.01/20:44:34 train_mapper.py:622 ] epoch=0299 train_loss=1.137485e-02 train_mse=2.282037e-03 train_cos=0.998239 train_nmse=-24.491dB train_rec=0.000000e+00 train_recT=5.455407e-07 train_fc=1.147434e-03 train_decoder_tail=0.000000e+00
I 07.01/20:45:36 train_mapper.py:622 ] epoch=0300 train_loss=1.139549e-02 train_mse=2.285767e-03 train_cos=0.998236 train_nmse=-24.484dB train_rec=0.000000e+00 train_recT=5.490672e-07 train_fc=1.148058e-03 train_decoder_tail=0.000000e+00
I 07.01/20:46:37 train_mapper.py:622 ] epoch=0301 train_loss=1.138683e-02 train_mse=2.283662e-03 train_cos=0.998237 train_nmse=-24.488dB train_rec=0.000000e+00 train_recT=5.455947e-07 train_fc=1.148132e-03 train_decoder_tail=0.000000e+00
I 07.01/20:47:38 train_mapper.py:622 ] epoch=0302 train_loss=1.135466e-02 train_mse=2.277089e-03 train_cos=0.998243 train_nmse=-24.500dB train_rec=0.000000e+00 train_recT=5.446485e-07 train_fc=1.143276e-03 train_decoder_tail=0.000000e+00
I 07.01/20:48:41 train_mapper.py:622 ] epoch=0303 train_loss=1.137250e-02 train_mse=2.280030e-03 train_cos=0.998240 train_nmse=-24.495dB train_rec=0.000000e+00 train_recT=5.480870e-07 train_fc=1.145383e-03 train_decoder_tail=0.000000e+00
I 07.01/20:49:43 train_mapper.py:622 ] epoch=0304 train_loss=1.129978e-02 train_mse=2.265338e-03 train_cos=0.998251 train_nmse=-24.523dB train_rec=0.000000e+00 train_recT=5.435464e-07 train_fc=1.138172e-03 train_decoder_tail=0.000000e+00
I 07.01/20:50:44 train_mapper.py:622 ] epoch=0305 train_loss=1.129345e-02 train_mse=2.263651e-03 train_cos=0.998253 train_nmse=-24.526dB train_rec=0.000000e+00 train_recT=5.422587e-07 train_fc=1.137517e-03 train_decoder_tail=0.000000e+00
I 07.01/20:51:49 train_mapper.py:622 ] epoch=0306 train_loss=1.126552e-02 train_mse=2.257755e-03 train_cos=0.998258 train_nmse=-24.537dB train_rec=0.000000e+00 train_recT=5.432098e-07 train_fc=1.134268e-03 train_decoder_tail=0.000000e+00
I 07.01/20:52:54 train_mapper.py:622 ] epoch=0307 train_loss=1.125804e-02 train_mse=2.256176e-03 train_cos=0.998258 train_nmse=-24.540dB train_rec=0.000000e+00 train_recT=5.407407e-07 train_fc=1.133221e-03 train_decoder_tail=0.000000e+00
I 07.01/20:53:59 train_mapper.py:622 ] epoch=0308 train_loss=1.120055e-02 train_mse=2.244278e-03 train_cos=0.998268 train_nmse=-24.563dB train_rec=0.000000e+00 train_recT=5.360024e-07 train_fc=1.126586e-03 train_decoder_tail=0.000000e+00
I 07.01/20:55:04 train_mapper.py:622 ] epoch=0309 train_loss=1.123042e-02 train_mse=2.249601e-03 train_cos=0.998264 train_nmse=-24.553dB train_rec=0.000000e+00 train_recT=5.389918e-07 train_fc=1.130933e-03 train_decoder_tail=0.000000e+00
I 07.01/20:56:04 train_mapper.py:622 ] epoch=0310 train_loss=1.121900e-02 train_mse=2.247010e-03 train_cos=0.998265 train_nmse=-24.558dB train_rec=0.000000e+00 train_recT=5.377427e-07 train_fc=1.130147e-03 train_decoder_tail=0.000000e+00
I 07.01/20:57:04 train_mapper.py:622 ] epoch=0311 train_loss=1.117390e-02 train_mse=2.238101e-03 train_cos=0.998273 train_nmse=-24.575dB train_rec=0.000000e+00 train_recT=5.356840e-07 train_fc=1.124441e-03 train_decoder_tail=0.000000e+00
I 07.01/20:58:07 train_mapper.py:622 ] epoch=0312 train_loss=1.116916e-02 train_mse=2.237020e-03 train_cos=0.998274 train_nmse=-24.577dB train_rec=0.000000e+00 train_recT=5.339461e-07 train_fc=1.124038e-03 train_decoder_tail=0.000000e+00
I 07.01/20:59:11 train_mapper.py:622 ] epoch=0313 train_loss=1.115757e-02 train_mse=2.234097e-03 train_cos=0.998275 train_nmse=-24.583dB train_rec=0.000000e+00 train_recT=5.350886e-07 train_fc=1.122534e-03 train_decoder_tail=0.000000e+00
I 07.01/21:00:13 train_mapper.py:622 ] epoch=0314 train_loss=1.118638e-02 train_mse=2.239164e-03 train_cos=0.998271 train_nmse=-24.573dB train_rec=0.000000e+00 train_recT=5.366733e-07 train_fc=1.123644e-03 train_decoder_tail=0.000000e+00
I 07.01/21:01:15 train_mapper.py:622 ] epoch=0315 train_loss=1.108932e-02 train_mse=2.220325e-03 train_cos=0.998286 train_nmse=-24.610dB train_rec=0.000000e+00 train_recT=5.328859e-07 train_fc=1.115328e-03 train_decoder_tail=0.000000e+00
I 07.01/21:02:18 train_mapper.py:622 ] epoch=0316 train_loss=1.111075e-02 train_mse=2.223805e-03 train_cos=0.998284 train_nmse=-24.603dB train_rec=0.000000e+00 train_recT=5.311179e-07 train_fc=1.116205e-03 train_decoder_tail=0.000000e+00
I 07.01/21:03:19 train_mapper.py:622 ] epoch=0317 train_loss=1.110350e-02 train_mse=2.222108e-03 train_cos=0.998285 train_nmse=-24.606dB train_rec=0.000000e+00 train_recT=5.322033e-07 train_fc=1.117562e-03 train_decoder_tail=0.000000e+00
I 07.01/21:04:22 train_mapper.py:622 ] epoch=0318 train_loss=1.106631e-02 train_mse=2.214379e-03 train_cos=0.998291 train_nmse=-24.622dB train_rec=0.000000e+00 train_recT=5.284330e-07 train_fc=1.111507e-03 train_decoder_tail=0.000000e+00
I 07.01/21:05:24 train_mapper.py:622 ] epoch=0319 train_loss=1.109908e-02 train_mse=2.220221e-03 train_cos=0.998285 train_nmse=-24.610dB train_rec=0.000000e+00 train_recT=5.319433e-07 train_fc=1.115059e-03 train_decoder_tail=0.000000e+00
I 07.01/21:06:24 train_mapper.py:622 ] epoch=0320 train_loss=1.105331e-02 train_mse=2.211476e-03 train_cos=0.998294 train_nmse=-24.627dB train_rec=0.000000e+00 train_recT=5.295445e-07 train_fc=1.111178e-03 train_decoder_tail=0.000000e+00
I 07.01/21:07:29 train_mapper.py:622 ] epoch=0321 train_loss=1.105849e-02 train_mse=2.211633e-03 train_cos=0.998293 train_nmse=-24.627dB train_rec=0.000000e+00 train_recT=5.317093e-07 train_fc=1.112910e-03 train_decoder_tail=0.000000e+00
I 07.01/21:08:32 train_mapper.py:622 ] epoch=0322 train_loss=1.100945e-02 train_mse=2.201690e-03 train_cos=0.998301 train_nmse=-24.646dB train_rec=0.000000e+00 train_recT=5.258702e-07 train_fc=1.105509e-03 train_decoder_tail=0.000000e+00
I 07.01/21:09:37 train_mapper.py:622 ] epoch=0323 train_loss=1.100232e-02 train_mse=2.200183e-03 train_cos=0.998302 train_nmse=-24.649dB train_rec=0.000000e+00 train_recT=5.265406e-07 train_fc=1.105775e-03 train_decoder_tail=0.000000e+00
I 07.01/21:10:40 train_mapper.py:622 ] epoch=0324 train_loss=1.097931e-02 train_mse=2.195282e-03 train_cos=0.998305 train_nmse=-24.659dB train_rec=0.000000e+00 train_recT=5.258235e-07 train_fc=1.102179e-03 train_decoder_tail=0.000000e+00
I 07.01/21:11:44 train_mapper.py:622 ] epoch=0325 train_loss=1.095129e-02 train_mse=2.189636e-03 train_cos=0.998310 train_nmse=-24.670dB train_rec=0.000000e+00 train_recT=5.228455e-07 train_fc=1.099867e-03 train_decoder_tail=0.000000e+00
I 07.01/21:12:50 train_mapper.py:622 ] epoch=0326 train_loss=1.090319e-02 train_mse=2.179747e-03 train_cos=0.998317 train_nmse=-24.690dB train_rec=0.000000e+00 train_recT=5.184732e-07 train_fc=1.094504e-03 train_decoder_tail=0.000000e+00
I 07.01/21:13:53 train_mapper.py:622 ] epoch=0327 train_loss=1.091962e-02 train_mse=2.182670e-03 train_cos=0.998314 train_nmse=-24.684dB train_rec=0.000000e+00 train_recT=5.203893e-07 train_fc=1.096126e-03 train_decoder_tail=0.000000e+00
I 07.01/21:14:59 train_mapper.py:622 ] epoch=0328 train_loss=1.093923e-02 train_mse=2.186175e-03 train_cos=0.998312 train_nmse=-24.677dB train_rec=0.000000e+00 train_recT=5.237386e-07 train_fc=1.098168e-03 train_decoder_tail=0.000000e+00
I 07.01/21:16:07 train_mapper.py:622 ] epoch=0329 train_loss=1.093455e-02 train_mse=2.184657e-03 train_cos=0.998314 train_nmse=-24.680dB train_rec=0.000000e+00 train_recT=5.241968e-07 train_fc=1.097395e-03 train_decoder_tail=0.000000e+00
I 07.01/21:17:14 train_mapper.py:622 ] epoch=0330 train_loss=1.086187e-02 train_mse=2.170501e-03 train_cos=0.998325 train_nmse=-24.708dB train_rec=0.000000e+00 train_recT=5.176063e-07 train_fc=1.090547e-03 train_decoder_tail=0.000000e+00
I 07.01/21:18:16 train_mapper.py:622 ] epoch=0331 train_loss=1.087924e-02 train_mse=2.173146e-03 train_cos=0.998322 train_nmse=-24.703dB train_rec=0.000000e+00 train_recT=5.194102e-07 train_fc=1.091221e-03 train_decoder_tail=0.000000e+00
I 07.01/21:19:19 train_mapper.py:622 ] epoch=0332 train_loss=1.091319e-02 train_mse=2.179526e-03 train_cos=0.998317 train_nmse=-24.691dB train_rec=0.000000e+00 train_recT=5.232079e-07 train_fc=1.094712e-03 train_decoder_tail=0.000000e+00
I 07.01/21:20:22 train_mapper.py:622 ] epoch=0333 train_loss=1.087506e-02 train_mse=2.172142e-03 train_cos=0.998324 train_nmse=-24.705dB train_rec=0.000000e+00 train_recT=5.199261e-07 train_fc=1.091599e-03 train_decoder_tail=0.000000e+00
I 07.01/21:21:24 train_mapper.py:622 ] epoch=0334 train_loss=1.088605e-02 train_mse=2.173748e-03 train_cos=0.998322 train_nmse=-24.702dB train_rec=0.000000e+00 train_recT=5.199406e-07 train_fc=1.093100e-03 train_decoder_tail=0.000000e+00
I 07.01/21:22:28 train_mapper.py:622 ] epoch=0335 train_loss=1.083918e-02 train_mse=2.164226e-03 train_cos=0.998330 train_nmse=-24.721dB train_rec=0.000000e+00 train_recT=5.170704e-07 train_fc=1.085511e-03 train_decoder_tail=0.000000e+00
I 07.01/21:23:31 train_mapper.py:622 ] epoch=0336 train_loss=1.080331e-02 train_mse=2.156936e-03 train_cos=0.998334 train_nmse=-24.736dB train_rec=0.000000e+00 train_recT=5.146599e-07 train_fc=1.082789e-03 train_decoder_tail=0.000000e+00
I 07.01/21:24:37 train_mapper.py:622 ] epoch=0337 train_loss=1.077049e-02 train_mse=2.150261e-03 train_cos=0.998340 train_nmse=-24.749dB train_rec=0.000000e+00 train_recT=5.124885e-07 train_fc=1.080753e-03 train_decoder_tail=0.000000e+00
I 07.01/21:25:43 train_mapper.py:622 ] epoch=0338 train_loss=1.074750e-02 train_mse=2.145582e-03 train_cos=0.998344 train_nmse=-24.759dB train_rec=0.000000e+00 train_recT=5.124288e-07 train_fc=1.077506e-03 train_decoder_tail=0.000000e+00
I 07.01/21:26:47 train_mapper.py:622 ] epoch=0339 train_loss=1.072984e-02 train_mse=2.141657e-03 train_cos=0.998346 train_nmse=-24.767dB train_rec=0.000000e+00 train_recT=5.091070e-07 train_fc=1.074839e-03 train_decoder_tail=0.000000e+00
I 07.01/21:27:52 train_mapper.py:622 ] epoch=0340 train_loss=1.075685e-02 train_mse=2.146652e-03 train_cos=0.998342 train_nmse=-24.756dB train_rec=0.000000e+00 train_recT=5.114721e-07 train_fc=1.077937e-03 train_decoder_tail=0.000000e+00
I 07.01/21:28:55 train_mapper.py:622 ] epoch=0341 train_loss=1.074981e-02 train_mse=2.144596e-03 train_cos=0.998343 train_nmse=-24.760dB train_rec=0.000000e+00 train_recT=5.129452e-07 train_fc=1.077263e-03 train_decoder_tail=0.000000e+00
I 07.01/21:29:58 train_mapper.py:622 ] epoch=0342 train_loss=1.068117e-02 train_mse=2.131590e-03 train_cos=0.998356 train_nmse=-24.787dB train_rec=0.000000e+00 train_recT=5.095268e-07 train_fc=1.069889e-03 train_decoder_tail=0.000000e+00
I 07.01/21:31:05 train_mapper.py:622 ] epoch=0343 train_loss=1.069273e-02 train_mse=2.133243e-03 train_cos=0.998352 train_nmse=-24.784dB train_rec=0.000000e+00 train_recT=5.081158e-07 train_fc=1.071225e-03 train_decoder_tail=0.000000e+00
I 07.01/21:32:07 train_mapper.py:622 ] epoch=0344 train_loss=1.067828e-02 train_mse=2.130002e-03 train_cos=0.998355 train_nmse=-24.790dB train_rec=0.000000e+00 train_recT=5.062655e-07 train_fc=1.069678e-03 train_decoder_tail=0.000000e+00
I 07.01/21:33:12 train_mapper.py:622 ] epoch=0345 train_loss=1.069854e-02 train_mse=2.133412e-03 train_cos=0.998352 train_nmse=-24.783dB train_rec=0.000000e+00 train_recT=5.110248e-07 train_fc=1.070944e-03 train_decoder_tail=0.000000e+00
I 07.01/21:34:16 train_mapper.py:622 ] epoch=0346 train_loss=1.064150e-02 train_mse=2.122487e-03 train_cos=0.998361 train_nmse=-24.806dB train_rec=0.000000e+00 train_recT=5.065692e-07 train_fc=1.065768e-03 train_decoder_tail=0.000000e+00
I 07.01/21:35:22 train_mapper.py:622 ] epoch=0347 train_loss=1.064642e-02 train_mse=2.123044e-03 train_cos=0.998360 train_nmse=-24.804dB train_rec=0.000000e+00 train_recT=5.058198e-07 train_fc=1.066946e-03 train_decoder_tail=0.000000e+00
I 07.01/21:36:29 train_mapper.py:622 ] epoch=0348 train_loss=1.060274e-02 train_mse=2.114151e-03 train_cos=0.998367 train_nmse=-24.823dB train_rec=0.000000e+00 train_recT=5.010281e-07 train_fc=1.061107e-03 train_decoder_tail=0.000000e+00
I 07.01/21:37:36 train_mapper.py:622 ] epoch=0349 train_loss=1.060489e-02 train_mse=2.114620e-03 train_cos=0.998368 train_nmse=-24.822dB train_rec=0.000000e+00 train_recT=5.047327e-07 train_fc=1.061015e-03 train_decoder_tail=0.000000e+00
I 07.01/21:38:36 train_mapper.py:622 ] epoch=0350 train_loss=1.062022e-02 train_mse=2.117176e-03 train_cos=0.998366 train_nmse=-24.816dB train_rec=0.000000e+00 train_recT=5.056369e-07 train_fc=1.063515e-03 train_decoder_tail=0.000000e+00
I 07.01/21:39:39 train_mapper.py:622 ] epoch=0351 train_loss=1.056800e-02 train_mse=2.106845e-03 train_cos=0.998374 train_nmse=-24.838dB train_rec=0.000000e+00 train_recT=5.002270e-07 train_fc=1.057145e-03 train_decoder_tail=0.000000e+00
I 07.01/21:40:45 train_mapper.py:622 ] epoch=0352 train_loss=1.059272e-02 train_mse=2.110847e-03 train_cos=0.998369 train_nmse=-24.829dB train_rec=0.000000e+00 train_recT=4.996220e-07 train_fc=1.060432e-03 train_decoder_tail=0.000000e+00
I 07.01/21:41:47 train_mapper.py:622 ] epoch=0353 train_loss=1.058032e-02 train_mse=2.108164e-03 train_cos=0.998371 train_nmse=-24.835dB train_rec=0.000000e+00 train_recT=5.016006e-07 train_fc=1.058991e-03 train_decoder_tail=0.000000e+00
I 07.01/21:43:05 train_mapper.py:622 ] epoch=0354 train_loss=1.053358e-02 train_mse=2.099032e-03 train_cos=0.998379 train_nmse=-24.854dB train_rec=0.000000e+00 train_recT=4.972001e-07 train_fc=1.052968e-03 train_decoder_tail=0.000000e+00
I 07.01/21:44:31 train_mapper.py:622 ] epoch=0355 train_loss=1.053656e-02 train_mse=2.099360e-03 train_cos=0.998379 train_nmse=-24.853dB train_rec=0.000000e+00 train_recT=5.007572e-07 train_fc=1.053036e-03 train_decoder_tail=0.000000e+00
I 07.01/21:45:38 train_mapper.py:622 ] epoch=0356 train_loss=1.052391e-02 train_mse=2.096368e-03 train_cos=0.998380 train_nmse=-24.859dB train_rec=0.000000e+00 train_recT=4.988548e-07 train_fc=1.052511e-03 train_decoder_tail=0.000000e+00
I 07.01/21:46:52 train_mapper.py:622 ] epoch=0357 train_loss=1.048319e-02 train_mse=2.088394e-03 train_cos=0.998388 train_nmse=-24.876dB train_rec=0.000000e+00 train_recT=4.974307e-07 train_fc=1.048433e-03 train_decoder_tail=0.000000e+00
I 07.01/21:47:57 train_mapper.py:622 ] epoch=0358 train_loss=1.048990e-02 train_mse=2.089501e-03 train_cos=0.998387 train_nmse=-24.873dB train_rec=0.000000e+00 train_recT=4.984834e-07 train_fc=1.049352e-03 train_decoder_tail=0.000000e+00
I 07.01/21:48:59 train_mapper.py:622 ] epoch=0359 train_loss=1.051023e-02 train_mse=2.092938e-03 train_cos=0.998384 train_nmse=-24.867dB train_rec=0.000000e+00 train_recT=5.008490e-07 train_fc=1.051698e-03 train_decoder_tail=0.000000e+00
I 07.01/21:50:05 train_mapper.py:622 ] epoch=0360 train_loss=1.045060e-02 train_mse=2.081550e-03 train_cos=0.998394 train_nmse=-24.890dB train_rec=0.000000e+00 train_recT=4.943964e-07 train_fc=1.045259e-03 train_decoder_tail=0.000000e+00
I 07.01/21:51:16 train_mapper.py:622 ] epoch=0361 train_loss=1.049769e-02 train_mse=2.089903e-03 train_cos=0.998386 train_nmse=-24.873dB train_rec=0.000000e+00 train_recT=4.988897e-07 train_fc=1.049372e-03 train_decoder_tail=0.000000e+00
I 07.01/21:52:30 train_mapper.py:622 ] epoch=0362 train_loss=1.042224e-02 train_mse=2.075262e-03 train_cos=0.998398 train_nmse=-24.903dB train_rec=0.000000e+00 train_recT=4.960391e-07 train_fc=1.041358e-03 train_decoder_tail=0.000000e+00
I 07.01/21:53:45 train_mapper.py:622 ] epoch=0363 train_loss=1.041248e-02 train_mse=2.073037e-03 train_cos=0.998399 train_nmse=-24.908dB train_rec=0.000000e+00 train_recT=4.932107e-07 train_fc=1.040624e-03 train_decoder_tail=0.000000e+00
I 07.01/21:55:02 train_mapper.py:622 ] epoch=0364 train_loss=1.040640e-02 train_mse=2.071519e-03 train_cos=0.998401 train_nmse=-24.911dB train_rec=0.000000e+00 train_recT=4.929836e-07 train_fc=1.040245e-03 train_decoder_tail=0.000000e+00
I 07.01/21:56:31 train_mapper.py:622 ] epoch=0365 train_loss=1.042145e-02 train_mse=2.074089e-03 train_cos=0.998398 train_nmse=-24.906dB train_rec=0.000000e+00 train_recT=4.934603e-07 train_fc=1.041338e-03 train_decoder_tail=0.000000e+00
I 07.01/21:57:56 train_mapper.py:622 ] epoch=0366 train_loss=1.040593e-02 train_mse=2.070711e-03 train_cos=0.998400 train_nmse=-24.913dB train_rec=0.000000e+00 train_recT=4.888911e-07 train_fc=1.040390e-03 train_decoder_tail=0.000000e+00
I 07.01/21:59:33 train_mapper.py:622 ] epoch=0367 train_loss=1.039158e-02 train_mse=2.068042e-03 train_cos=0.998403 train_nmse=-24.919dB train_rec=0.000000e+00 train_recT=4.908741e-07 train_fc=1.038868e-03 train_decoder_tail=0.000000e+00
I 07.01/22:01:08 train_mapper.py:622 ] epoch=0368 train_loss=1.035475e-02 train_mse=2.060458e-03 train_cos=0.998409 train_nmse=-24.934dB train_rec=0.000000e+00 train_recT=4.880893e-07 train_fc=1.034601e-03 train_decoder_tail=0.000000e+00
I 07.01/22:02:41 train_mapper.py:622 ] epoch=0369 train_loss=1.034185e-02 train_mse=2.057864e-03 train_cos=0.998411 train_nmse=-24.940dB train_rec=0.000000e+00 train_recT=4.883901e-07 train_fc=1.033477e-03 train_decoder_tail=0.000000e+00
I 07.01/22:04:13 train_mapper.py:622 ] epoch=0370 train_loss=1.032427e-02 train_mse=2.053812e-03 train_cos=0.998414 train_nmse=-24.948dB train_rec=0.000000e+00 train_recT=4.873025e-07 train_fc=1.031408e-03 train_decoder_tail=0.000000e+00
I 07.01/22:05:45 train_mapper.py:622 ] epoch=0371 train_loss=1.036685e-02 train_mse=2.061659e-03 train_cos=0.998407 train_nmse=-24.932dB train_rec=0.000000e+00 train_recT=4.945864e-07 train_fc=1.035523e-03 train_decoder_tail=0.000000e+00
I 07.01/22:07:17 train_mapper.py:622 ] epoch=0372 train_loss=1.030381e-02 train_mse=2.049726e-03 train_cos=0.998418 train_nmse=-24.957dB train_rec=0.000000e+00 train_recT=4.890629e-07 train_fc=1.028459e-03 train_decoder_tail=0.000000e+00
I 07.01/22:08:37 train_mapper.py:622 ] epoch=0373 train_loss=1.028508e-02 train_mse=2.045656e-03 train_cos=0.998420 train_nmse=-24.966dB train_rec=0.000000e+00 train_recT=4.842325e-07 train_fc=1.026452e-03 train_decoder_tail=0.000000e+00
I 07.01/22:10:02 train_mapper.py:622 ] epoch=0374 train_loss=1.025892e-02 train_mse=2.040350e-03 train_cos=0.998424 train_nmse=-24.977dB train_rec=0.000000e+00 train_recT=4.855588e-07 train_fc=1.024046e-03 train_decoder_tail=0.000000e+00
I 07.01/22:11:28 train_mapper.py:622 ] epoch=0375 train_loss=1.028478e-02 train_mse=2.045131e-03 train_cos=0.998420 train_nmse=-24.967dB train_rec=0.000000e+00 train_recT=4.851670e-07 train_fc=1.025760e-03 train_decoder_tail=0.000000e+00
I 07.01/22:12:51 train_mapper.py:622 ] epoch=0376 train_loss=1.025599e-02 train_mse=2.039255e-03 train_cos=0.998425 train_nmse=-24.980dB train_rec=0.000000e+00 train_recT=4.840437e-07 train_fc=1.022523e-03 train_decoder_tail=0.000000e+00
I 07.01/22:14:21 train_mapper.py:622 ] epoch=0377 train_loss=1.024736e-02 train_mse=2.037319e-03 train_cos=0.998427 train_nmse=-24.984dB train_rec=0.000000e+00 train_recT=4.832984e-07 train_fc=1.022811e-03 train_decoder_tail=0.000000e+00
I 07.01/22:15:43 train_mapper.py:622 ] epoch=0378 train_loss=1.026501e-02 train_mse=2.040302e-03 train_cos=0.998424 train_nmse=-24.977dB train_rec=0.000000e+00 train_recT=4.868000e-07 train_fc=1.024398e-03 train_decoder_tail=0.000000e+00
I 07.01/22:17:06 train_mapper.py:622 ] epoch=0379 train_loss=1.021390e-02 train_mse=2.030577e-03 train_cos=0.998432 train_nmse=-24.998dB train_rec=0.000000e+00 train_recT=4.812185e-07 train_fc=1.019364e-03 train_decoder_tail=0.000000e+00
I 07.01/22:18:16 train_mapper.py:622 ] epoch=0380 train_loss=1.023617e-02 train_mse=2.034226e-03 train_cos=0.998429 train_nmse=-24.990dB train_rec=0.000000e+00 train_recT=4.833808e-07 train_fc=1.020462e-03 train_decoder_tail=0.000000e+00
I 07.01/22:19:23 train_mapper.py:622 ] epoch=0381 train_loss=1.023294e-02 train_mse=2.033321e-03 train_cos=0.998430 train_nmse=-24.992dB train_rec=0.000000e+00 train_recT=4.860852e-07 train_fc=1.020412e-03 train_decoder_tail=0.000000e+00
I 07.01/22:20:35 train_mapper.py:622 ] epoch=0382 train_loss=1.018367e-02 train_mse=2.023785e-03 train_cos=0.998438 train_nmse=-25.012dB train_rec=0.000000e+00 train_recT=4.804047e-07 train_fc=1.015784e-03 train_decoder_tail=0.000000e+00
I 07.01/22:21:45 train_mapper.py:622 ] epoch=0383 train_loss=1.021341e-02 train_mse=2.028900e-03 train_cos=0.998433 train_nmse=-25.002dB train_rec=0.000000e+00 train_recT=4.818365e-07 train_fc=1.018977e-03 train_decoder_tail=0.000000e+00
I 07.01/22:22:56 train_mapper.py:622 ] epoch=0384 train_loss=1.020288e-02 train_mse=2.026871e-03 train_cos=0.998434 train_nmse=-25.006dB train_rec=0.000000e+00 train_recT=4.826640e-07 train_fc=1.018146e-03 train_decoder_tail=0.000000e+00
I 07.01/22:24:07 train_mapper.py:622 ] epoch=0385 train_loss=1.013366e-02 train_mse=2.013512e-03 train_cos=0.998445 train_nmse=-25.035dB train_rec=0.000000e+00 train_recT=4.759823e-07 train_fc=1.010222e-03 train_decoder_tail=0.000000e+00
I 07.01/22:25:20 train_mapper.py:622 ] epoch=0386 train_loss=1.013174e-02 train_mse=2.012821e-03 train_cos=0.998445 train_nmse=-25.036dB train_rec=0.000000e+00 train_recT=4.766561e-07 train_fc=1.010180e-03 train_decoder_tail=0.000000e+00
I 07.01/22:26:28 train_mapper.py:622 ] epoch=0387 train_loss=1.013757e-02 train_mse=2.013461e-03 train_cos=0.998445 train_nmse=-25.035dB train_rec=0.000000e+00 train_recT=4.787672e-07 train_fc=1.010286e-03 train_decoder_tail=0.000000e+00
I 07.01/22:27:38 train_mapper.py:622 ] epoch=0388 train_loss=1.011402e-02 train_mse=2.008884e-03 train_cos=0.998448 train_nmse=-25.044dB train_rec=0.000000e+00 train_recT=4.760824e-07 train_fc=1.008139e-03 train_decoder_tail=0.000000e+00
I 07.01/22:28:46 train_mapper.py:622 ] epoch=0389 train_loss=1.010165e-02 train_mse=2.006107e-03 train_cos=0.998450 train_nmse=-25.050dB train_rec=0.000000e+00 train_recT=4.762321e-07 train_fc=1.007111e-03 train_decoder_tail=0.000000e+00
I 07.01/22:29:54 train_mapper.py:622 ] epoch=0390 train_loss=1.007854e-02 train_mse=2.001384e-03 train_cos=0.998453 train_nmse=-25.060dB train_rec=0.000000e+00 train_recT=4.724438e-07 train_fc=1.004234e-03 train_decoder_tail=0.000000e+00
I 07.01/22:31:12 train_mapper.py:622 ] epoch=0391 train_loss=1.006576e-02 train_mse=1.998648e-03 train_cos=0.998456 train_nmse=-25.067dB train_rec=0.000000e+00 train_recT=4.745180e-07 train_fc=1.003188e-03 train_decoder_tail=0.000000e+00
I 07.01/22:32:26 train_mapper.py:622 ] epoch=0392 train_loss=1.007957e-02 train_mse=2.001147e-03 train_cos=0.998454 train_nmse=-25.061dB train_rec=0.000000e+00 train_recT=4.731614e-07 train_fc=1.005105e-03 train_decoder_tail=0.000000e+00
I 07.01/22:33:40 train_mapper.py:622 ] epoch=0393 train_loss=1.007109e-02 train_mse=1.999171e-03 train_cos=0.998455 train_nmse=-25.066dB train_rec=0.000000e+00 train_recT=4.728337e-07 train_fc=1.002766e-03 train_decoder_tail=0.000000e+00
I 07.01/22:34:50 train_mapper.py:622 ] epoch=0394 train_loss=1.006154e-02 train_mse=1.997138e-03 train_cos=0.998457 train_nmse=-25.070dB train_rec=0.000000e+00 train_recT=4.740513e-07 train_fc=1.001566e-03 train_decoder_tail=0.000000e+00
I 07.01/22:36:01 train_mapper.py:622 ] epoch=0395 train_loss=1.002022e-02 train_mse=1.989340e-03 train_cos=0.998463 train_nmse=-25.087dB train_rec=0.000000e+00 train_recT=4.678181e-07 train_fc=9.990573e-04 train_decoder_tail=0.000000e+00
I 07.01/22:37:07 train_mapper.py:622 ] epoch=0396 train_loss=1.003532e-02 train_mse=1.991564e-03 train_cos=0.998461 train_nmse=-25.082dB train_rec=0.000000e+00 train_recT=4.690739e-07 train_fc=9.989177e-04 train_decoder_tail=0.000000e+00
I 07.01/22:38:08 train_mapper.py:622 ] epoch=0397 train_loss=1.003023e-02 train_mse=1.990581e-03 train_cos=0.998463 train_nmse=-25.084dB train_rec=0.000000e+00 train_recT=4.748652e-07 train_fc=9.998796e-04 train_decoder_tail=0.000000e+00
I 07.01/22:39:04 train_mapper.py:622 ] epoch=0398 train_loss=1.003243e-02 train_mse=1.990499e-03 train_cos=0.998462 train_nmse=-25.085dB train_rec=0.000000e+00 train_recT=4.741245e-07 train_fc=9.993597e-04 train_decoder_tail=0.000000e+00
I 07.01/22:39:59 train_mapper.py:622 ] epoch=0399 train_loss=9.954590e-03 train_mse=1.975713e-03 train_cos=0.998475 train_nmse=-25.117dB train_rec=0.000000e+00 train_recT=4.683896e-07 train_fc=9.908711e-04 train_decoder_tail=0.000000e+00
I 07.01/22:41:03 train_mapper.py:622 ] epoch=0400 train_loss=9.976007e-03 train_mse=1.979312e-03 train_cos=0.998471 train_nmse=-25.109dB train_rec=0.000000e+00 train_recT=4.675011e-07 train_fc=9.928912e-04 train_decoder_tail=0.000000e+00
I 07.01/22:45:55 train_mapper.py:738 ] best_loss_epoch=399 best_loss_selection=train_loss best_loss_metric=9.954590e-03 best_loss_mse=1.975713e-03 best_loss_loss=9.954590e-03
I 07.01/22:45:55 train_mapper.py:743 ] best_mse_epoch=399 best_mse_selection=train_mse best_mse_metric=1.975713e-03 best_mse_mse=1.975713e-03 best_mse_loss=9.954590e-03
I 07.01/22:45:55 train_mapper.py:749 ] all_best_loss_mse=1.946918e-03 all_best_loss_cos=0.998498 all_best_loss_nmse=-25.180dB
I 07.01/22:45:55 train_mapper.py:753 ] all_best_mse_mse=1.946918e-03 all_best_mse_cos=0.998498 all_best_mse_nmse=-25.180dB
