I 07.02/01:34:32 train_mapper.py:431 ] => Experiment directory: mapper/exps/mlp/tail_whiten1e-4/seed3407_transnet_transnet_to_seed42_transnet_lr5e-4_ep400
I 07.02/01:34:32 train_mapper.py:432 ] => Checkpoint directory: mapper/exps/mlp/tail_whiten1e-4/seed3407_transnet_transnet_to_seed42_transnet_lr5e-4_ep400/checkpoints
I 07.02/01:34:32 train_mapper.py:433 ] => Codeword directory: mapper/exps/mlp/tail_whiten1e-4/seed3407_transnet_transnet_to_seed42_transnet_lr5e-4_ep400/codewords
I 07.02/01:34:32 train_mapper.py:434 ] => TensorBoard directory: mapper/exps/mlp/tail_whiten1e-4/seed3407_transnet_transnet_to_seed42_transnet_lr5e-4_ep400/tensorboard
I 07.02/01:35:38 train_mapper.py:524 ] device=cuda
I 07.02/01:35:38 train_mapper.py:525 ] mapper=mlp, params=8403968
I 07.02/01:35:38 train_mapper.py:527 ] train=100000, val=0, code_dim=512
I 07.02/01:35:38 train_mapper.py:529 ] val_ratio<=0: skip per-epoch validation; select best checkpoint by train loss
I 07.02/01:35:38 train_mapper.py:531 ] loss=mse + smoothl1*0.0 + sample_tail*0.1 + dim_tail*0.05 + whiten*0.0001 + rec*0.0 + recT*0.0 + fc*0.0 + decoder_tail*0.0 + cos*0.0 + cov*0.0
I 07.02/01:36:06 train_mapper.py:622 ] epoch=0001 train_loss=4.395837e-01 train_mse=3.557668e-01 train_cos=0.812579 train_nmse=-3.301dB train_rec=0.000000e+00 train_recT=0.000000e+00 train_fc=0.000000e+00 train_decoder_tail=0.000000e+00
I 07.02/01:36:33 train_mapper.py:622 ] epoch=0002 train_loss=1.594033e-01 train_mse=1.293346e-01 train_cos=0.943335 train_nmse=-6.999dB train_rec=0.000000e+00 train_recT=0.000000e+00 train_fc=0.000000e+00 train_decoder_tail=0.000000e+00
I 07.02/01:37:08 train_mapper.py:622 ] epoch=0003 train_loss=1.088729e-01 train_mse=8.816255e-02 train_cos=0.961980 train_nmse=-8.636dB train_rec=0.000000e+00 train_recT=0.000000e+00 train_fc=0.000000e+00 train_decoder_tail=0.000000e+00
I 07.02/01:37:39 train_mapper.py:622 ] epoch=0004 train_loss=8.552175e-02 train_mse=6.888700e-02 train_cos=0.969147 train_nmse=-9.698dB train_rec=0.000000e+00 train_recT=0.000000e+00 train_fc=0.000000e+00 train_decoder_tail=0.000000e+00
I 07.02/01:38:10 train_mapper.py:622 ] epoch=0005 train_loss=7.148758e-02 train_mse=5.727659e-02 train_cos=0.973221 train_nmse=-10.498dB train_rec=0.000000e+00 train_recT=0.000000e+00 train_fc=0.000000e+00 train_decoder_tail=0.000000e+00
I 07.02/01:38:42 train_mapper.py:622 ] epoch=0006 train_loss=6.272715e-02 train_mse=4.996539e-02 train_cos=0.975866 train_nmse=-11.090dB train_rec=0.000000e+00 train_recT=0.000000e+00 train_fc=0.000000e+00 train_decoder_tail=0.000000e+00
I 07.02/01:39:17 train_mapper.py:622 ] epoch=0007 train_loss=5.659314e-02 train_mse=4.480422e-02 train_cos=0.978072 train_nmse=-11.562dB train_rec=0.000000e+00 train_recT=0.000000e+00 train_fc=0.000000e+00 train_decoder_tail=0.000000e+00
I 07.02/01:39:51 train_mapper.py:622 ] epoch=0008 train_loss=5.242440e-02 train_mse=4.128152e-02 train_cos=0.979772 train_nmse=-11.917dB train_rec=0.000000e+00 train_recT=0.000000e+00 train_fc=0.000000e+00 train_decoder_tail=0.000000e+00
I 07.02/01:40:25 train_mapper.py:622 ] epoch=0009 train_loss=4.942550e-02 train_mse=3.874605e-02 train_cos=0.981129 train_nmse=-12.192dB train_rec=0.000000e+00 train_recT=0.000000e+00 train_fc=0.000000e+00 train_decoder_tail=0.000000e+00
I 07.02/01:40:56 train_mapper.py:622 ] epoch=0010 train_loss=4.717900e-02 train_mse=3.686038e-02 train_cos=0.982189 train_nmse=-12.409dB train_rec=0.000000e+00 train_recT=0.000000e+00 train_fc=0.000000e+00 train_decoder_tail=0.000000e+00
I 07.02/01:41:31 train_mapper.py:622 ] epoch=0011 train_loss=4.526897e-02 train_mse=3.527219e-02 train_cos=0.983114 train_nmse=-12.600dB train_rec=0.000000e+00 train_recT=0.000000e+00 train_fc=0.000000e+00 train_decoder_tail=0.000000e+00
I 07.02/01:42:05 train_mapper.py:622 ] epoch=0012 train_loss=4.353397e-02 train_mse=3.386152e-02 train_cos=0.983946 train_nmse=-12.778dB train_rec=0.000000e+00 train_recT=0.000000e+00 train_fc=0.000000e+00 train_decoder_tail=0.000000e+00
I 07.02/01:42:36 train_mapper.py:622 ] epoch=0013 train_loss=4.215810e-02 train_mse=3.274780e-02 train_cos=0.984550 train_nmse=-12.923dB train_rec=0.000000e+00 train_recT=0.000000e+00 train_fc=0.000000e+00 train_decoder_tail=0.000000e+00
I 07.02/01:43:09 train_mapper.py:622 ] epoch=0014 train_loss=4.088144e-02 train_mse=3.171468e-02 train_cos=0.985086 train_nmse=-13.062dB train_rec=0.000000e+00 train_recT=0.000000e+00 train_fc=0.000000e+00 train_decoder_tail=0.000000e+00
I 07.02/01:43:39 train_mapper.py:622 ] epoch=0015 train_loss=3.950765e-02 train_mse=3.061758e-02 train_cos=0.985669 train_nmse=-13.215dB train_rec=0.000000e+00 train_recT=0.000000e+00 train_fc=0.000000e+00 train_decoder_tail=0.000000e+00
I 07.02/01:44:11 train_mapper.py:622 ] epoch=0016 train_loss=3.860993e-02 train_mse=2.988369e-02 train_cos=0.985936 train_nmse=-13.320dB train_rec=0.000000e+00 train_recT=0.000000e+00 train_fc=0.000000e+00 train_decoder_tail=0.000000e+00
I 07.02/01:44:38 train_mapper.py:622 ] epoch=0017 train_loss=3.716407e-02 train_mse=2.872371e-02 train_cos=0.986534 train_nmse=-13.492dB train_rec=0.000000e+00 train_recT=0.000000e+00 train_fc=0.000000e+00 train_decoder_tail=0.000000e+00
I 07.02/01:45:07 train_mapper.py:622 ] epoch=0018 train_loss=3.624518e-02 train_mse=2.797524e-02 train_cos=0.986775 train_nmse=-13.607dB train_rec=0.000000e+00 train_recT=0.000000e+00 train_fc=0.000000e+00 train_decoder_tail=0.000000e+00
I 07.02/01:45:34 train_mapper.py:622 ] epoch=0019 train_loss=3.506546e-02 train_mse=2.701413e-02 train_cos=0.987159 train_nmse=-13.759dB train_rec=0.000000e+00 train_recT=0.000000e+00 train_fc=0.000000e+00 train_decoder_tail=0.000000e+00
I 07.02/01:45:59 train_mapper.py:622 ] epoch=0020 train_loss=3.396763e-02 train_mse=2.610281e-02 train_cos=0.987451 train_nmse=-13.908dB train_rec=0.000000e+00 train_recT=0.000000e+00 train_fc=0.000000e+00 train_decoder_tail=0.000000e+00
I 07.02/01:46:28 train_mapper.py:622 ] epoch=0021 train_loss=3.281847e-02 train_mse=2.512245e-02 train_cos=0.987722 train_nmse=-14.074dB train_rec=0.000000e+00 train_recT=0.000000e+00 train_fc=0.000000e+00 train_decoder_tail=0.000000e+00
I 07.02/01:46:53 train_mapper.py:622 ] epoch=0022 train_loss=3.164758e-02 train_mse=2.409753e-02 train_cos=0.987889 train_nmse=-14.255dB train_rec=0.000000e+00 train_recT=0.000000e+00 train_fc=0.000000e+00 train_decoder_tail=0.000000e+00
I 07.02/01:47:20 train_mapper.py:622 ] epoch=0023 train_loss=3.012066e-02 train_mse=2.273326e-02 train_cos=0.988013 train_nmse=-14.509dB train_rec=0.000000e+00 train_recT=0.000000e+00 train_fc=0.000000e+00 train_decoder_tail=0.000000e+00
I 07.02/01:47:45 train_mapper.py:622 ] epoch=0024 train_loss=2.851044e-02 train_mse=2.127641e-02 train_cos=0.987796 train_nmse=-14.796dB train_rec=0.000000e+00 train_recT=0.000000e+00 train_fc=0.000000e+00 train_decoder_tail=0.000000e+00
I 07.02/01:48:16 train_mapper.py:622 ] epoch=0025 train_loss=2.629955e-02 train_mse=1.954054e-02 train_cos=0.987973 train_nmse=-15.165dB train_rec=0.000000e+00 train_recT=0.000000e+00 train_fc=0.000000e+00 train_decoder_tail=0.000000e+00
I 07.02/01:48:42 train_mapper.py:622 ] epoch=0026 train_loss=2.465667e-02 train_mse=1.833922e-02 train_cos=0.988147 train_nmse=-15.441dB train_rec=0.000000e+00 train_recT=0.000000e+00 train_fc=0.000000e+00 train_decoder_tail=0.000000e+00
I 07.02/01:49:13 train_mapper.py:622 ] epoch=0027 train_loss=2.324390e-02 train_mse=1.732761e-02 train_cos=0.988440 train_nmse=-15.687dB train_rec=0.000000e+00 train_recT=0.000000e+00 train_fc=0.000000e+00 train_decoder_tail=0.000000e+00
I 07.02/01:49:38 train_mapper.py:622 ] epoch=0028 train_loss=2.229637e-02 train_mse=1.665938e-02 train_cos=0.988613 train_nmse=-15.858dB train_rec=0.000000e+00 train_recT=0.000000e+00 train_fc=0.000000e+00 train_decoder_tail=0.000000e+00
I 07.02/01:50:09 train_mapper.py:622 ] epoch=0029 train_loss=2.170822e-02 train_mse=1.624453e-02 train_cos=0.988694 train_nmse=-15.968dB train_rec=0.000000e+00 train_recT=0.000000e+00 train_fc=0.000000e+00 train_decoder_tail=0.000000e+00
I 07.02/01:50:42 train_mapper.py:622 ] epoch=0030 train_loss=2.135678e-02 train_mse=1.600362e-02 train_cos=0.988702 train_nmse=-16.032dB train_rec=0.000000e+00 train_recT=0.000000e+00 train_fc=0.000000e+00 train_decoder_tail=0.000000e+00
I 07.02/01:51:14 train_mapper.py:622 ] epoch=0031 train_loss=2.041686e-02 train_mse=1.532636e-02 train_cos=0.989086 train_nmse=-16.220dB train_rec=0.000000e+00 train_recT=0.000000e+00 train_fc=0.000000e+00 train_decoder_tail=0.000000e+00
I 07.02/01:51:43 train_mapper.py:622 ] epoch=0032 train_loss=1.975189e-02 train_mse=1.485111e-02 train_cos=0.989339 train_nmse=-16.357dB train_rec=0.000000e+00 train_recT=0.000000e+00 train_fc=0.000000e+00 train_decoder_tail=0.000000e+00
I 07.02/01:52:14 train_mapper.py:622 ] epoch=0033 train_loss=1.931827e-02 train_mse=1.453570e-02 train_cos=0.989487 train_nmse=-16.450dB train_rec=0.000000e+00 train_recT=0.000000e+00 train_fc=0.000000e+00 train_decoder_tail=0.000000e+00
I 07.02/01:52:42 train_mapper.py:622 ] epoch=0034 train_loss=1.881337e-02 train_mse=1.417837e-02 train_cos=0.989686 train_nmse=-16.558dB train_rec=0.000000e+00 train_recT=0.000000e+00 train_fc=0.000000e+00 train_decoder_tail=0.000000e+00
I 07.02/01:53:12 train_mapper.py:622 ] epoch=0035 train_loss=1.841311e-02 train_mse=1.389065e-02 train_cos=0.989843 train_nmse=-16.647dB train_rec=0.000000e+00 train_recT=0.000000e+00 train_fc=0.000000e+00 train_decoder_tail=0.000000e+00
I 07.02/01:53:41 train_mapper.py:622 ] epoch=0036 train_loss=1.814346e-02 train_mse=1.368747e-02 train_cos=0.989942 train_nmse=-16.712dB train_rec=0.000000e+00 train_recT=0.000000e+00 train_fc=0.000000e+00 train_decoder_tail=0.000000e+00
I 07.02/01:54:12 train_mapper.py:622 ] epoch=0037 train_loss=1.778368e-02 train_mse=1.343108e-02 train_cos=0.990096 train_nmse=-16.793dB train_rec=0.000000e+00 train_recT=0.000000e+00 train_fc=0.000000e+00 train_decoder_tail=0.000000e+00
I 07.02/01:54:41 train_mapper.py:622 ] epoch=0038 train_loss=1.730509e-02 train_mse=1.307982e-02 train_cos=0.990321 train_nmse=-16.909dB train_rec=0.000000e+00 train_recT=0.000000e+00 train_fc=0.000000e+00 train_decoder_tail=0.000000e+00
I 07.02/01:55:11 train_mapper.py:622 ] epoch=0039 train_loss=1.713466e-02 train_mse=1.295640e-02 train_cos=0.990381 train_nmse=-16.949dB train_rec=0.000000e+00 train_recT=0.000000e+00 train_fc=0.000000e+00 train_decoder_tail=0.000000e+00
I 07.02/01:55:41 train_mapper.py:622 ] epoch=0040 train_loss=1.682416e-02 train_mse=1.272974e-02 train_cos=0.990523 train_nmse=-17.026dB train_rec=0.000000e+00 train_recT=0.000000e+00 train_fc=0.000000e+00 train_decoder_tail=0.000000e+00
I 07.02/01:56:11 train_mapper.py:622 ] epoch=0041 train_loss=1.655546e-02 train_mse=1.253582e-02 train_cos=0.990645 train_nmse=-17.093dB train_rec=0.000000e+00 train_recT=0.000000e+00 train_fc=0.000000e+00 train_decoder_tail=0.000000e+00
I 07.02/01:56:35 train_mapper.py:622 ] epoch=0042 train_loss=1.630802e-02 train_mse=1.235078e-02 train_cos=0.990759 train_nmse=-17.157dB train_rec=0.000000e+00 train_recT=0.000000e+00 train_fc=0.000000e+00 train_decoder_tail=0.000000e+00
I 07.02/01:57:06 train_mapper.py:622 ] epoch=0043 train_loss=1.603796e-02 train_mse=1.214623e-02 train_cos=0.990897 train_nmse=-17.230dB train_rec=0.000000e+00 train_recT=0.000000e+00 train_fc=0.000000e+00 train_decoder_tail=0.000000e+00
I 07.02/01:57:34 train_mapper.py:622 ] epoch=0044 train_loss=1.584713e-02 train_mse=1.201042e-02 train_cos=0.990980 train_nmse=-17.279dB train_rec=0.000000e+00 train_recT=0.000000e+00 train_fc=0.000000e+00 train_decoder_tail=0.000000e+00
I 07.02/01:58:05 train_mapper.py:622 ] epoch=0045 train_loss=1.560705e-02 train_mse=1.183383e-02 train_cos=0.991099 train_nmse=-17.343dB train_rec=0.000000e+00 train_recT=0.000000e+00 train_fc=0.000000e+00 train_decoder_tail=0.000000e+00
I 07.02/01:58:34 train_mapper.py:622 ] epoch=0046 train_loss=1.543604e-02 train_mse=1.170588e-02 train_cos=0.991183 train_nmse=-17.390dB train_rec=0.000000e+00 train_recT=0.000000e+00 train_fc=0.000000e+00 train_decoder_tail=0.000000e+00
I 07.02/01:59:05 train_mapper.py:622 ] epoch=0047 train_loss=1.517218e-02 train_mse=1.150692e-02 train_cos=0.991320 train_nmse=-17.465dB train_rec=0.000000e+00 train_recT=0.000000e+00 train_fc=0.000000e+00 train_decoder_tail=0.000000e+00
I 07.02/01:59:35 train_mapper.py:622 ] epoch=0048 train_loss=1.503729e-02 train_mse=1.140389e-02 train_cos=0.991383 train_nmse=-17.504dB train_rec=0.000000e+00 train_recT=0.000000e+00 train_fc=0.000000e+00 train_decoder_tail=0.000000e+00
I 07.02/02:00:08 train_mapper.py:622 ] epoch=0049 train_loss=1.485608e-02 train_mse=1.127220e-02 train_cos=0.991475 train_nmse=-17.554dB train_rec=0.000000e+00 train_recT=0.000000e+00 train_fc=0.000000e+00 train_decoder_tail=0.000000e+00
I 07.02/02:00:39 train_mapper.py:622 ] epoch=0050 train_loss=1.468836e-02 train_mse=1.114212e-02 train_cos=0.991562 train_nmse=-17.605dB train_rec=0.000000e+00 train_recT=0.000000e+00 train_fc=0.000000e+00 train_decoder_tail=0.000000e+00
I 07.02/02:01:13 train_mapper.py:622 ] epoch=0051 train_loss=1.449866e-02 train_mse=1.100587e-02 train_cos=0.991658 train_nmse=-17.658dB train_rec=0.000000e+00 train_recT=0.000000e+00 train_fc=0.000000e+00 train_decoder_tail=0.000000e+00
I 07.02/02:01:42 train_mapper.py:622 ] epoch=0052 train_loss=1.435509e-02 train_mse=1.089457e-02 train_cos=0.991735 train_nmse=-17.702dB train_rec=0.000000e+00 train_recT=0.000000e+00 train_fc=0.000000e+00 train_decoder_tail=0.000000e+00
I 07.02/02:02:16 train_mapper.py:622 ] epoch=0053 train_loss=1.418053e-02 train_mse=1.076262e-02 train_cos=0.991826 train_nmse=-17.756dB train_rec=0.000000e+00 train_recT=0.000000e+00 train_fc=0.000000e+00 train_decoder_tail=0.000000e+00
I 07.02/02:02:47 train_mapper.py:622 ] epoch=0054 train_loss=1.399708e-02 train_mse=1.062695e-02 train_cos=0.991926 train_nmse=-17.810dB train_rec=0.000000e+00 train_recT=0.000000e+00 train_fc=0.000000e+00 train_decoder_tail=0.000000e+00
I 07.02/02:03:19 train_mapper.py:622 ] epoch=0055 train_loss=1.388141e-02 train_mse=1.054110e-02 train_cos=0.991983 train_nmse=-17.845dB train_rec=0.000000e+00 train_recT=0.000000e+00 train_fc=0.000000e+00 train_decoder_tail=0.000000e+00
I 07.02/02:03:49 train_mapper.py:622 ] epoch=0056 train_loss=1.376657e-02 train_mse=1.045119e-02 train_cos=0.992048 train_nmse=-17.884dB train_rec=0.000000e+00 train_recT=0.000000e+00 train_fc=0.000000e+00 train_decoder_tail=0.000000e+00
I 07.02/02:04:18 train_mapper.py:622 ] epoch=0057 train_loss=1.365175e-02 train_mse=1.036487e-02 train_cos=0.992109 train_nmse=-17.919dB train_rec=0.000000e+00 train_recT=0.000000e+00 train_fc=0.000000e+00 train_decoder_tail=0.000000e+00
I 07.02/02:04:39 train_mapper.py:622 ] epoch=0058 train_loss=1.343534e-02 train_mse=1.020829e-02 train_cos=0.992225 train_nmse=-17.985dB train_rec=0.000000e+00 train_recT=0.000000e+00 train_fc=0.000000e+00 train_decoder_tail=0.000000e+00
I 07.02/02:04:56 train_mapper.py:622 ] epoch=0059 train_loss=1.333813e-02 train_mse=1.013348e-02 train_cos=0.992278 train_nmse=-18.017dB train_rec=0.000000e+00 train_recT=0.000000e+00 train_fc=0.000000e+00 train_decoder_tail=0.000000e+00
I 07.02/02:05:17 train_mapper.py:622 ] epoch=0060 train_loss=1.322688e-02 train_mse=1.005129e-02 train_cos=0.992340 train_nmse=-18.052dB train_rec=0.000000e+00 train_recT=0.000000e+00 train_fc=0.000000e+00 train_decoder_tail=0.000000e+00
I 07.02/02:05:34 train_mapper.py:622 ] epoch=0061 train_loss=1.304845e-02 train_mse=9.918126e-03 train_cos=0.992439 train_nmse=-18.111dB train_rec=0.000000e+00 train_recT=0.000000e+00 train_fc=0.000000e+00 train_decoder_tail=0.000000e+00
I 07.02/02:05:49 train_mapper.py:622 ] epoch=0062 train_loss=1.297386e-02 train_mse=9.865891e-03 train_cos=0.992476 train_nmse=-18.133dB train_rec=0.000000e+00 train_recT=0.000000e+00 train_fc=0.000000e+00 train_decoder_tail=0.000000e+00
I 07.02/02:06:08 train_mapper.py:622 ] epoch=0063 train_loss=1.289554e-02 train_mse=9.800848e-03 train_cos=0.992523 train_nmse=-18.162dB train_rec=0.000000e+00 train_recT=0.000000e+00 train_fc=0.000000e+00 train_decoder_tail=0.000000e+00
I 07.02/02:06:24 train_mapper.py:622 ] epoch=0064 train_loss=1.277191e-02 train_mse=9.713350e-03 train_cos=0.992591 train_nmse=-18.200dB train_rec=0.000000e+00 train_recT=0.000000e+00 train_fc=0.000000e+00 train_decoder_tail=0.000000e+00
I 07.02/02:06:40 train_mapper.py:622 ] epoch=0065 train_loss=1.267536e-02 train_mse=9.642121e-03 train_cos=0.992641 train_nmse=-18.233dB train_rec=0.000000e+00 train_recT=0.000000e+00 train_fc=0.000000e+00 train_decoder_tail=0.000000e+00
I 07.02/02:06:56 train_mapper.py:622 ] epoch=0066 train_loss=1.260195e-02 train_mse=9.591203e-03 train_cos=0.992682 train_nmse=-18.255dB train_rec=0.000000e+00 train_recT=0.000000e+00 train_fc=0.000000e+00 train_decoder_tail=0.000000e+00
I 07.02/02:07:17 train_mapper.py:622 ] epoch=0067 train_loss=1.241257e-02 train_mse=9.448634e-03 train_cos=0.992791 train_nmse=-18.321dB train_rec=0.000000e+00 train_recT=0.000000e+00 train_fc=0.000000e+00 train_decoder_tail=0.000000e+00
I 07.02/02:07:31 train_mapper.py:622 ] epoch=0068 train_loss=1.227983e-02 train_mse=9.352165e-03 train_cos=0.992861 train_nmse=-18.366dB train_rec=0.000000e+00 train_recT=0.000000e+00 train_fc=0.000000e+00 train_decoder_tail=0.000000e+00
I 07.02/02:07:49 train_mapper.py:622 ] epoch=0069 train_loss=1.223380e-02 train_mse=9.316277e-03 train_cos=0.992885 train_nmse=-18.382dB train_rec=0.000000e+00 train_recT=0.000000e+00 train_fc=0.000000e+00 train_decoder_tail=0.000000e+00
I 07.02/02:08:12 train_mapper.py:622 ] epoch=0070 train_loss=1.206356e-02 train_mse=9.190435e-03 train_cos=0.992980 train_nmse=-18.441dB train_rec=0.000000e+00 train_recT=0.000000e+00 train_fc=0.000000e+00 train_decoder_tail=0.000000e+00
I 07.02/02:08:28 train_mapper.py:622 ] epoch=0071 train_loss=1.203693e-02 train_mse=9.170679e-03 train_cos=0.992995 train_nmse=-18.451dB train_rec=0.000000e+00 train_recT=0.000000e+00 train_fc=0.000000e+00 train_decoder_tail=0.000000e+00
I 07.02/02:08:46 train_mapper.py:622 ] epoch=0072 train_loss=1.191930e-02 train_mse=9.087005e-03 train_cos=0.993057 train_nmse=-18.490dB train_rec=0.000000e+00 train_recT=0.000000e+00 train_fc=0.000000e+00 train_decoder_tail=0.000000e+00
I 07.02/02:09:01 train_mapper.py:622 ] epoch=0073 train_loss=1.183822e-02 train_mse=9.024658e-03 train_cos=0.993101 train_nmse=-18.520dB train_rec=0.000000e+00 train_recT=0.000000e+00 train_fc=0.000000e+00 train_decoder_tail=0.000000e+00
I 07.02/02:09:20 train_mapper.py:622 ] epoch=0074 train_loss=1.172555e-02 train_mse=8.944371e-03 train_cos=0.993160 train_nmse=-18.558dB train_rec=0.000000e+00 train_recT=0.000000e+00 train_fc=0.000000e+00 train_decoder_tail=0.000000e+00
I 07.02/02:09:35 train_mapper.py:622 ] epoch=0075 train_loss=1.156910e-02 train_mse=8.825099e-03 train_cos=0.993251 train_nmse=-18.617dB train_rec=0.000000e+00 train_recT=0.000000e+00 train_fc=0.000000e+00 train_decoder_tail=0.000000e+00
I 07.02/02:09:50 train_mapper.py:622 ] epoch=0076 train_loss=1.150721e-02 train_mse=8.779122e-03 train_cos=0.993281 train_nmse=-18.640dB train_rec=0.000000e+00 train_recT=0.000000e+00 train_fc=0.000000e+00 train_decoder_tail=0.000000e+00
I 07.02/02:10:09 train_mapper.py:622 ] epoch=0077 train_loss=1.141142e-02 train_mse=8.709801e-03 train_cos=0.993332 train_nmse=-18.674dB train_rec=0.000000e+00 train_recT=0.000000e+00 train_fc=0.000000e+00 train_decoder_tail=0.000000e+00
I 07.02/02:10:34 train_mapper.py:622 ] epoch=0078 train_loss=1.134529e-02 train_mse=8.659798e-03 train_cos=0.993367 train_nmse=-18.700dB train_rec=0.000000e+00 train_recT=0.000000e+00 train_fc=0.000000e+00 train_decoder_tail=0.000000e+00
I 07.02/02:10:55 train_mapper.py:622 ] epoch=0079 train_loss=1.137309e-02 train_mse=8.678653e-03 train_cos=0.993349 train_nmse=-18.690dB train_rec=0.000000e+00 train_recT=0.000000e+00 train_fc=0.000000e+00 train_decoder_tail=0.000000e+00
I 07.02/02:11:14 train_mapper.py:622 ] epoch=0080 train_loss=1.112471e-02 train_mse=8.496982e-03 train_cos=0.993490 train_nmse=-18.782dB train_rec=0.000000e+00 train_recT=0.000000e+00 train_fc=0.000000e+00 train_decoder_tail=0.000000e+00
I 07.02/02:11:48 train_mapper.py:622 ] epoch=0081 train_loss=1.109641e-02 train_mse=8.475437e-03 train_cos=0.993506 train_nmse=-18.793dB train_rec=0.000000e+00 train_recT=0.000000e+00 train_fc=0.000000e+00 train_decoder_tail=0.000000e+00
I 07.02/02:12:28 train_mapper.py:622 ] epoch=0082 train_loss=1.106456e-02 train_mse=8.448923e-03 train_cos=0.993518 train_nmse=-18.807dB train_rec=0.000000e+00 train_recT=0.000000e+00 train_fc=0.000000e+00 train_decoder_tail=0.000000e+00
I 07.02/02:13:12 train_mapper.py:622 ] epoch=0083 train_loss=1.096149e-02 train_mse=8.375003e-03 train_cos=0.993578 train_nmse=-18.844dB train_rec=0.000000e+00 train_recT=0.000000e+00 train_fc=0.000000e+00 train_decoder_tail=0.000000e+00
I 07.02/02:13:54 train_mapper.py:622 ] epoch=0084 train_loss=1.088679e-02 train_mse=8.319418e-03 train_cos=0.993616 train_nmse=-18.873dB train_rec=0.000000e+00 train_recT=0.000000e+00 train_fc=0.000000e+00 train_decoder_tail=0.000000e+00
I 07.02/02:14:37 train_mapper.py:622 ] epoch=0085 train_loss=1.079730e-02 train_mse=8.249815e-03 train_cos=0.993669 train_nmse=-18.910dB train_rec=0.000000e+00 train_recT=0.000000e+00 train_fc=0.000000e+00 train_decoder_tail=0.000000e+00
I 07.02/02:15:24 train_mapper.py:622 ] epoch=0086 train_loss=1.075571e-02 train_mse=8.218774e-03 train_cos=0.993691 train_nmse=-18.926dB train_rec=0.000000e+00 train_recT=0.000000e+00 train_fc=0.000000e+00 train_decoder_tail=0.000000e+00
I 07.02/02:16:08 train_mapper.py:622 ] epoch=0087 train_loss=1.064710e-02 train_mse=8.140615e-03 train_cos=0.993750 train_nmse=-18.968dB train_rec=0.000000e+00 train_recT=0.000000e+00 train_fc=0.000000e+00 train_decoder_tail=0.000000e+00
I 07.02/02:16:50 train_mapper.py:622 ] epoch=0088 train_loss=1.059136e-02 train_mse=8.099992e-03 train_cos=0.993779 train_nmse=-18.989dB train_rec=0.000000e+00 train_recT=0.000000e+00 train_fc=0.000000e+00 train_decoder_tail=0.000000e+00
I 07.02/02:17:40 train_mapper.py:622 ] epoch=0089 train_loss=1.052788e-02 train_mse=8.050852e-03 train_cos=0.993817 train_nmse=-19.016dB train_rec=0.000000e+00 train_recT=0.000000e+00 train_fc=0.000000e+00 train_decoder_tail=0.000000e+00
I 07.02/02:18:27 train_mapper.py:622 ] epoch=0090 train_loss=1.042596e-02 train_mse=7.974130e-03 train_cos=0.993874 train_nmse=-19.058dB train_rec=0.000000e+00 train_recT=0.000000e+00 train_fc=0.000000e+00 train_decoder_tail=0.000000e+00
I 07.02/02:19:14 train_mapper.py:622 ] epoch=0091 train_loss=1.039057e-02 train_mse=7.951197e-03 train_cos=0.993890 train_nmse=-19.070dB train_rec=0.000000e+00 train_recT=0.000000e+00 train_fc=0.000000e+00 train_decoder_tail=0.000000e+00
I 07.02/02:20:01 train_mapper.py:622 ] epoch=0092 train_loss=1.038166e-02 train_mse=7.942072e-03 train_cos=0.993893 train_nmse=-19.075dB train_rec=0.000000e+00 train_recT=0.000000e+00 train_fc=0.000000e+00 train_decoder_tail=0.000000e+00
I 07.02/02:20:52 train_mapper.py:622 ] epoch=0093 train_loss=1.024776e-02 train_mse=7.843240e-03 train_cos=0.993973 train_nmse=-19.130dB train_rec=0.000000e+00 train_recT=0.000000e+00 train_fc=0.000000e+00 train_decoder_tail=0.000000e+00
I 07.02/02:21:45 train_mapper.py:622 ] epoch=0094 train_loss=1.016074e-02 train_mse=7.778093e-03 train_cos=0.994017 train_nmse=-19.167dB train_rec=0.000000e+00 train_recT=0.000000e+00 train_fc=0.000000e+00 train_decoder_tail=0.000000e+00
I 07.02/02:22:36 train_mapper.py:622 ] epoch=0095 train_loss=1.019115e-02 train_mse=7.803319e-03 train_cos=0.993997 train_nmse=-19.151dB train_rec=0.000000e+00 train_recT=0.000000e+00 train_fc=0.000000e+00 train_decoder_tail=0.000000e+00
I 07.02/02:23:27 train_mapper.py:622 ] epoch=0096 train_loss=1.000263e-02 train_mse=7.664443e-03 train_cos=0.994107 train_nmse=-19.229dB train_rec=0.000000e+00 train_recT=0.000000e+00 train_fc=0.000000e+00 train_decoder_tail=0.000000e+00
I 07.02/02:24:20 train_mapper.py:622 ] epoch=0097 train_loss=9.992480e-03 train_mse=7.653167e-03 train_cos=0.994112 train_nmse=-19.236dB train_rec=0.000000e+00 train_recT=0.000000e+00 train_fc=0.000000e+00 train_decoder_tail=0.000000e+00
I 07.02/02:25:10 train_mapper.py:622 ] epoch=0098 train_loss=9.953495e-03 train_mse=7.625823e-03 train_cos=0.994130 train_nmse=-19.252dB train_rec=0.000000e+00 train_recT=0.000000e+00 train_fc=0.000000e+00 train_decoder_tail=0.000000e+00
I 07.02/02:25:57 train_mapper.py:622 ] epoch=0099 train_loss=9.912342e-03 train_mse=7.595557e-03 train_cos=0.994153 train_nmse=-19.269dB train_rec=0.000000e+00 train_recT=0.000000e+00 train_fc=0.000000e+00 train_decoder_tail=0.000000e+00
I 07.02/02:26:40 train_mapper.py:622 ] epoch=0100 train_loss=9.790332e-03 train_mse=7.503919e-03 train_cos=0.994225 train_nmse=-19.321dB train_rec=0.000000e+00 train_recT=0.000000e+00 train_fc=0.000000e+00 train_decoder_tail=0.000000e+00
I 07.02/02:27:25 train_mapper.py:622 ] epoch=0101 train_loss=9.836753e-03 train_mse=7.539483e-03 train_cos=0.994193 train_nmse=-19.301dB train_rec=0.000000e+00 train_recT=0.000000e+00 train_fc=0.000000e+00 train_decoder_tail=0.000000e+00
I 07.02/02:28:06 train_mapper.py:622 ] epoch=0102 train_loss=9.710312e-03 train_mse=7.446914e-03 train_cos=0.994265 train_nmse=-19.354dB train_rec=0.000000e+00 train_recT=0.000000e+00 train_fc=0.000000e+00 train_decoder_tail=0.000000e+00
I 07.02/02:28:50 train_mapper.py:622 ] epoch=0103 train_loss=9.606657e-03 train_mse=7.369878e-03 train_cos=0.994325 train_nmse=-19.400dB train_rec=0.000000e+00 train_recT=0.000000e+00 train_fc=0.000000e+00 train_decoder_tail=0.000000e+00
I 07.02/02:29:33 train_mapper.py:622 ] epoch=0104 train_loss=9.683621e-03 train_mse=7.423113e-03 train_cos=0.994276 train_nmse=-19.369dB train_rec=0.000000e+00 train_recT=0.000000e+00 train_fc=0.000000e+00 train_decoder_tail=0.000000e+00
I 07.02/02:30:18 train_mapper.py:622 ] epoch=0105 train_loss=9.585074e-03 train_mse=7.351599e-03 train_cos=0.994332 train_nmse=-19.410dB train_rec=0.000000e+00 train_recT=0.000000e+00 train_fc=0.000000e+00 train_decoder_tail=0.000000e+00
I 07.02/02:31:05 train_mapper.py:622 ] epoch=0106 train_loss=9.458878e-03 train_mse=7.258426e-03 train_cos=0.994408 train_nmse=-19.466dB train_rec=0.000000e+00 train_recT=0.000000e+00 train_fc=0.000000e+00 train_decoder_tail=0.000000e+00
I 07.02/02:31:44 train_mapper.py:622 ] epoch=0107 train_loss=9.504988e-03 train_mse=7.291468e-03 train_cos=0.994376 train_nmse=-19.446dB train_rec=0.000000e+00 train_recT=0.000000e+00 train_fc=0.000000e+00 train_decoder_tail=0.000000e+00
I 07.02/02:32:26 train_mapper.py:622 ] epoch=0108 train_loss=9.318140e-03 train_mse=7.155438e-03 train_cos=0.994488 train_nmse=-19.528dB train_rec=0.000000e+00 train_recT=0.000000e+00 train_fc=0.000000e+00 train_decoder_tail=0.000000e+00
I 07.02/02:33:18 train_mapper.py:622 ] epoch=0109 train_loss=9.345570e-03 train_mse=7.174948e-03 train_cos=0.994467 train_nmse=-19.517dB train_rec=0.000000e+00 train_recT=0.000000e+00 train_fc=0.000000e+00 train_decoder_tail=0.000000e+00
I 07.02/02:33:58 train_mapper.py:622 ] epoch=0110 train_loss=9.364884e-03 train_mse=7.190627e-03 train_cos=0.994455 train_nmse=-19.506dB train_rec=0.000000e+00 train_recT=0.000000e+00 train_fc=0.000000e+00 train_decoder_tail=0.000000e+00
I 07.02/02:34:26 train_mapper.py:622 ] epoch=0111 train_loss=9.268698e-03 train_mse=7.116272e-03 train_cos=0.994510 train_nmse=-19.552dB train_rec=0.000000e+00 train_recT=0.000000e+00 train_fc=0.000000e+00 train_decoder_tail=0.000000e+00
I 07.02/02:34:45 train_mapper.py:622 ] epoch=0112 train_loss=9.239654e-03 train_mse=7.093489e-03 train_cos=0.994526 train_nmse=-19.566dB train_rec=0.000000e+00 train_recT=0.000000e+00 train_fc=0.000000e+00 train_decoder_tail=0.000000e+00
I 07.02/02:35:19 train_mapper.py:622 ] epoch=0113 train_loss=9.174807e-03 train_mse=7.047411e-03 train_cos=0.994563 train_nmse=-19.594dB train_rec=0.000000e+00 train_recT=0.000000e+00 train_fc=0.000000e+00 train_decoder_tail=0.000000e+00
I 07.02/02:35:40 train_mapper.py:622 ] epoch=0114 train_loss=9.054590e-03 train_mse=6.959598e-03 train_cos=0.994632 train_nmse=-19.648dB train_rec=0.000000e+00 train_recT=0.000000e+00 train_fc=0.000000e+00 train_decoder_tail=0.000000e+00
I 07.02/02:36:07 train_mapper.py:622 ] epoch=0115 train_loss=9.113773e-03 train_mse=7.000912e-03 train_cos=0.994594 train_nmse=-19.622dB train_rec=0.000000e+00 train_recT=0.000000e+00 train_fc=0.000000e+00 train_decoder_tail=0.000000e+00
I 07.02/02:36:30 train_mapper.py:622 ] epoch=0116 train_loss=9.006376e-03 train_mse=6.922117e-03 train_cos=0.994657 train_nmse=-19.672dB train_rec=0.000000e+00 train_recT=0.000000e+00 train_fc=0.000000e+00 train_decoder_tail=0.000000e+00
I 07.02/02:36:51 train_mapper.py:622 ] epoch=0117 train_loss=9.017985e-03 train_mse=6.932140e-03 train_cos=0.994649 train_nmse=-19.665dB train_rec=0.000000e+00 train_recT=0.000000e+00 train_fc=0.000000e+00 train_decoder_tail=0.000000e+00
I 07.02/02:37:23 train_mapper.py:622 ] epoch=0118 train_loss=9.002352e-03 train_mse=6.918687e-03 train_cos=0.994654 train_nmse=-19.674dB train_rec=0.000000e+00 train_recT=0.000000e+00 train_fc=0.000000e+00 train_decoder_tail=0.000000e+00
I 07.02/02:37:47 train_mapper.py:622 ] epoch=0119 train_loss=8.884377e-03 train_mse=6.830573e-03 train_cos=0.994725 train_nmse=-19.730dB train_rec=0.000000e+00 train_recT=0.000000e+00 train_fc=0.000000e+00 train_decoder_tail=0.000000e+00
I 07.02/02:38:14 train_mapper.py:622 ] epoch=0120 train_loss=8.881844e-03 train_mse=6.829651e-03 train_cos=0.994725 train_nmse=-19.730dB train_rec=0.000000e+00 train_recT=0.000000e+00 train_fc=0.000000e+00 train_decoder_tail=0.000000e+00
I 07.02/02:38:37 train_mapper.py:622 ] epoch=0121 train_loss=8.780993e-03 train_mse=6.752758e-03 train_cos=0.994784 train_nmse=-19.779dB train_rec=0.000000e+00 train_recT=0.000000e+00 train_fc=0.000000e+00 train_decoder_tail=0.000000e+00
I 07.02/02:38:59 train_mapper.py:622 ] epoch=0122 train_loss=8.759888e-03 train_mse=6.738770e-03 train_cos=0.994793 train_nmse=-19.788dB train_rec=0.000000e+00 train_recT=0.000000e+00 train_fc=0.000000e+00 train_decoder_tail=0.000000e+00
I 07.02/02:39:29 train_mapper.py:622 ] epoch=0123 train_loss=8.725173e-03 train_mse=6.714113e-03 train_cos=0.994814 train_nmse=-19.805dB train_rec=0.000000e+00 train_recT=0.000000e+00 train_fc=0.000000e+00 train_decoder_tail=0.000000e+00
I 07.02/02:39:54 train_mapper.py:622 ] epoch=0124 train_loss=8.769812e-03 train_mse=6.743766e-03 train_cos=0.994783 train_nmse=-19.785dB train_rec=0.000000e+00 train_recT=0.000000e+00 train_fc=0.000000e+00 train_decoder_tail=0.000000e+00
I 07.02/02:40:27 train_mapper.py:622 ] epoch=0125 train_loss=8.717991e-03 train_mse=6.705354e-03 train_cos=0.994816 train_nmse=-19.810dB train_rec=0.000000e+00 train_recT=0.000000e+00 train_fc=0.000000e+00 train_decoder_tail=0.000000e+00
I 07.02/02:40:51 train_mapper.py:622 ] epoch=0126 train_loss=8.576541e-03 train_mse=6.602254e-03 train_cos=0.994900 train_nmse=-19.877dB train_rec=0.000000e+00 train_recT=0.000000e+00 train_fc=0.000000e+00 train_decoder_tail=0.000000e+00
I 07.02/02:41:17 train_mapper.py:622 ] epoch=0127 train_loss=8.564419e-03 train_mse=6.590932e-03 train_cos=0.994906 train_nmse=-19.885dB train_rec=0.000000e+00 train_recT=0.000000e+00 train_fc=0.000000e+00 train_decoder_tail=0.000000e+00
I 07.02/02:41:36 train_mapper.py:622 ] epoch=0128 train_loss=8.595702e-03 train_mse=6.614019e-03 train_cos=0.994882 train_nmse=-19.869dB train_rec=0.000000e+00 train_recT=0.000000e+00 train_fc=0.000000e+00 train_decoder_tail=0.000000e+00
I 07.02/02:41:55 train_mapper.py:622 ] epoch=0129 train_loss=8.474414e-03 train_mse=6.524679e-03 train_cos=0.994955 train_nmse=-19.929dB train_rec=0.000000e+00 train_recT=0.000000e+00 train_fc=0.000000e+00 train_decoder_tail=0.000000e+00
I 07.02/02:42:19 train_mapper.py:622 ] epoch=0130 train_loss=8.463986e-03 train_mse=6.515971e-03 train_cos=0.994963 train_nmse=-19.934dB train_rec=0.000000e+00 train_recT=0.000000e+00 train_fc=0.000000e+00 train_decoder_tail=0.000000e+00
I 07.02/02:42:38 train_mapper.py:622 ] epoch=0131 train_loss=8.486479e-03 train_mse=6.532445e-03 train_cos=0.994943 train_nmse=-19.924dB train_rec=0.000000e+00 train_recT=0.000000e+00 train_fc=0.000000e+00 train_decoder_tail=0.000000e+00
I 07.02/02:42:56 train_mapper.py:622 ] epoch=0132 train_loss=8.436721e-03 train_mse=6.495735e-03 train_cos=0.994973 train_nmse=-19.948dB train_rec=0.000000e+00 train_recT=0.000000e+00 train_fc=0.000000e+00 train_decoder_tail=0.000000e+00
I 07.02/02:43:18 train_mapper.py:622 ] epoch=0133 train_loss=8.417209e-03 train_mse=6.481936e-03 train_cos=0.994985 train_nmse=-19.957dB train_rec=0.000000e+00 train_recT=0.000000e+00 train_fc=0.000000e+00 train_decoder_tail=0.000000e+00
I 07.02/02:43:36 train_mapper.py:622 ] epoch=0134 train_loss=8.356096e-03 train_mse=6.432966e-03 train_cos=0.995022 train_nmse=-19.990dB train_rec=0.000000e+00 train_recT=0.000000e+00 train_fc=0.000000e+00 train_decoder_tail=0.000000e+00
I 07.02/02:43:55 train_mapper.py:622 ] epoch=0135 train_loss=8.266008e-03 train_mse=6.366368e-03 train_cos=0.995073 train_nmse=-20.036dB train_rec=0.000000e+00 train_recT=0.000000e+00 train_fc=0.000000e+00 train_decoder_tail=0.000000e+00
I 07.02/02:44:18 train_mapper.py:622 ] epoch=0136 train_loss=8.304670e-03 train_mse=6.394363e-03 train_cos=0.995047 train_nmse=-20.016dB train_rec=0.000000e+00 train_recT=0.000000e+00 train_fc=0.000000e+00 train_decoder_tail=0.000000e+00
I 07.02/02:44:36 train_mapper.py:622 ] epoch=0137 train_loss=8.299940e-03 train_mse=6.389540e-03 train_cos=0.995050 train_nmse=-20.019dB train_rec=0.000000e+00 train_recT=0.000000e+00 train_fc=0.000000e+00 train_decoder_tail=0.000000e+00
I 07.02/02:44:54 train_mapper.py:622 ] epoch=0138 train_loss=8.225034e-03 train_mse=6.333572e-03 train_cos=0.995098 train_nmse=-20.058dB train_rec=0.000000e+00 train_recT=0.000000e+00 train_fc=0.000000e+00 train_decoder_tail=0.000000e+00
I 07.02/02:45:18 train_mapper.py:622 ] epoch=0139 train_loss=8.160003e-03 train_mse=6.287349e-03 train_cos=0.995133 train_nmse=-20.089dB train_rec=0.000000e+00 train_recT=0.000000e+00 train_fc=0.000000e+00 train_decoder_tail=0.000000e+00
I 07.02/02:45:40 train_mapper.py:622 ] epoch=0140 train_loss=8.172852e-03 train_mse=6.294445e-03 train_cos=0.995125 train_nmse=-20.086dB train_rec=0.000000e+00 train_recT=0.000000e+00 train_fc=0.000000e+00 train_decoder_tail=0.000000e+00
I 07.02/02:45:56 train_mapper.py:622 ] epoch=0141 train_loss=8.206057e-03 train_mse=6.319580e-03 train_cos=0.995102 train_nmse=-20.067dB train_rec=0.000000e+00 train_recT=0.000000e+00 train_fc=0.000000e+00 train_decoder_tail=0.000000e+00
I 07.02/02:46:15 train_mapper.py:622 ] epoch=0142 train_loss=8.099921e-03 train_mse=6.241103e-03 train_cos=0.995171 train_nmse=-20.122dB train_rec=0.000000e+00 train_recT=0.000000e+00 train_fc=0.000000e+00 train_decoder_tail=0.000000e+00
I 07.02/02:46:33 train_mapper.py:622 ] epoch=0143 train_loss=8.062121e-03 train_mse=6.211397e-03 train_cos=0.995189 train_nmse=-20.142dB train_rec=0.000000e+00 train_recT=0.000000e+00 train_fc=0.000000e+00 train_decoder_tail=0.000000e+00
I 07.02/02:46:51 train_mapper.py:622 ] epoch=0144 train_loss=8.024653e-03 train_mse=6.185569e-03 train_cos=0.995209 train_nmse=-20.160dB train_rec=0.000000e+00 train_recT=0.000000e+00 train_fc=0.000000e+00 train_decoder_tail=0.000000e+00
I 07.02/02:47:14 train_mapper.py:622 ] epoch=0145 train_loss=8.001810e-03 train_mse=6.165506e-03 train_cos=0.995222 train_nmse=-20.174dB train_rec=0.000000e+00 train_recT=0.000000e+00 train_fc=0.000000e+00 train_decoder_tail=0.000000e+00
I 07.02/02:47:32 train_mapper.py:622 ] epoch=0146 train_loss=7.980929e-03 train_mse=6.150798e-03 train_cos=0.995233 train_nmse=-20.185dB train_rec=0.000000e+00 train_recT=0.000000e+00 train_fc=0.000000e+00 train_decoder_tail=0.000000e+00
I 07.02/02:47:51 train_mapper.py:622 ] epoch=0147 train_loss=8.054944e-03 train_mse=6.202731e-03 train_cos=0.995187 train_nmse=-20.149dB train_rec=0.000000e+00 train_recT=0.000000e+00 train_fc=0.000000e+00 train_decoder_tail=0.000000e+00
I 07.02/02:48:14 train_mapper.py:622 ] epoch=0148 train_loss=7.904485e-03 train_mse=6.094178e-03 train_cos=0.995281 train_nmse=-20.225dB train_rec=0.000000e+00 train_recT=0.000000e+00 train_fc=0.000000e+00 train_decoder_tail=0.000000e+00
I 07.02/02:48:33 train_mapper.py:622 ] epoch=0149 train_loss=7.855602e-03 train_mse=6.056229e-03 train_cos=0.995308 train_nmse=-20.252dB train_rec=0.000000e+00 train_recT=0.000000e+00 train_fc=0.000000e+00 train_decoder_tail=0.000000e+00
I 07.02/02:48:51 train_mapper.py:622 ] epoch=0150 train_loss=7.938294e-03 train_mse=6.117614e-03 train_cos=0.995254 train_nmse=-20.208dB train_rec=0.000000e+00 train_recT=0.000000e+00 train_fc=0.000000e+00 train_decoder_tail=0.000000e+00
I 07.02/02:49:09 train_mapper.py:622 ] epoch=0151 train_loss=7.893993e-03 train_mse=6.082177e-03 train_cos=0.995284 train_nmse=-20.233dB train_rec=0.000000e+00 train_recT=0.000000e+00 train_fc=0.000000e+00 train_decoder_tail=0.000000e+00
I 07.02/02:49:24 train_mapper.py:622 ] epoch=0152 train_loss=7.729899e-03 train_mse=5.962014e-03 train_cos=0.995381 train_nmse=-20.320dB train_rec=0.000000e+00 train_recT=0.000000e+00 train_fc=0.000000e+00 train_decoder_tail=0.000000e+00
I 07.02/02:49:38 train_mapper.py:622 ] epoch=0153 train_loss=7.779851e-03 train_mse=5.996783e-03 train_cos=0.995347 train_nmse=-20.295dB train_rec=0.000000e+00 train_recT=0.000000e+00 train_fc=0.000000e+00 train_decoder_tail=0.000000e+00
I 07.02/02:49:54 train_mapper.py:622 ] epoch=0154 train_loss=7.769953e-03 train_mse=5.989155e-03 train_cos=0.995355 train_nmse=-20.300dB train_rec=0.000000e+00 train_recT=0.000000e+00 train_fc=0.000000e+00 train_decoder_tail=0.000000e+00
I 07.02/02:50:15 train_mapper.py:622 ] epoch=0155 train_loss=7.718185e-03 train_mse=5.953391e-03 train_cos=0.995383 train_nmse=-20.327dB train_rec=0.000000e+00 train_recT=0.000000e+00 train_fc=0.000000e+00 train_decoder_tail=0.000000e+00
I 07.02/02:50:30 train_mapper.py:622 ] epoch=0156 train_loss=7.738062e-03 train_mse=5.965464e-03 train_cos=0.995371 train_nmse=-20.318dB train_rec=0.000000e+00 train_recT=0.000000e+00 train_fc=0.000000e+00 train_decoder_tail=0.000000e+00
I 07.02/02:50:45 train_mapper.py:622 ] epoch=0157 train_loss=7.764513e-03 train_mse=5.986673e-03 train_cos=0.995354 train_nmse=-20.302dB train_rec=0.000000e+00 train_recT=0.000000e+00 train_fc=0.000000e+00 train_decoder_tail=0.000000e+00
I 07.02/02:51:04 train_mapper.py:622 ] epoch=0158 train_loss=7.710610e-03 train_mse=5.944245e-03 train_cos=0.995386 train_nmse=-20.333dB train_rec=0.000000e+00 train_recT=0.000000e+00 train_fc=0.000000e+00 train_decoder_tail=0.000000e+00
I 07.02/02:51:23 train_mapper.py:622 ] epoch=0159 train_loss=7.640659e-03 train_mse=5.892476e-03 train_cos=0.995426 train_nmse=-20.371dB train_rec=0.000000e+00 train_recT=0.000000e+00 train_fc=0.000000e+00 train_decoder_tail=0.000000e+00
I 07.02/02:51:41 train_mapper.py:622 ] epoch=0160 train_loss=7.580588e-03 train_mse=5.848190e-03 train_cos=0.995465 train_nmse=-20.404dB train_rec=0.000000e+00 train_recT=0.000000e+00 train_fc=0.000000e+00 train_decoder_tail=0.000000e+00
I 07.02/02:51:58 train_mapper.py:622 ] epoch=0161 train_loss=7.585479e-03 train_mse=5.850632e-03 train_cos=0.995461 train_nmse=-20.402dB train_rec=0.000000e+00 train_recT=0.000000e+00 train_fc=0.000000e+00 train_decoder_tail=0.000000e+00
I 07.02/02:52:18 train_mapper.py:622 ] epoch=0162 train_loss=7.622702e-03 train_mse=5.878475e-03 train_cos=0.995434 train_nmse=-20.382dB train_rec=0.000000e+00 train_recT=0.000000e+00 train_fc=0.000000e+00 train_decoder_tail=0.000000e+00
I 07.02/02:52:33 train_mapper.py:622 ] epoch=0163 train_loss=7.556557e-03 train_mse=5.827568e-03 train_cos=0.995476 train_nmse=-20.419dB train_rec=0.000000e+00 train_recT=0.000000e+00 train_fc=0.000000e+00 train_decoder_tail=0.000000e+00
I 07.02/02:52:51 train_mapper.py:622 ] epoch=0164 train_loss=7.616432e-03 train_mse=5.868921e-03 train_cos=0.995440 train_nmse=-20.389dB train_rec=0.000000e+00 train_recT=0.000000e+00 train_fc=0.000000e+00 train_decoder_tail=0.000000e+00
I 07.02/02:53:17 train_mapper.py:622 ] epoch=0165 train_loss=7.517854e-03 train_mse=5.799322e-03 train_cos=0.995498 train_nmse=-20.440dB train_rec=0.000000e+00 train_recT=0.000000e+00 train_fc=0.000000e+00 train_decoder_tail=0.000000e+00
I 07.02/02:53:36 train_mapper.py:622 ] epoch=0166 train_loss=7.476940e-03 train_mse=5.766980e-03 train_cos=0.995524 train_nmse=-20.465dB train_rec=0.000000e+00 train_recT=0.000000e+00 train_fc=0.000000e+00 train_decoder_tail=0.000000e+00
I 07.02/02:53:55 train_mapper.py:622 ] epoch=0167 train_loss=7.426262e-03 train_mse=5.731129e-03 train_cos=0.995552 train_nmse=-20.492dB train_rec=0.000000e+00 train_recT=0.000000e+00 train_fc=0.000000e+00 train_decoder_tail=0.000000e+00
I 07.02/02:54:16 train_mapper.py:622 ] epoch=0168 train_loss=7.438000e-03 train_mse=5.738254e-03 train_cos=0.995544 train_nmse=-20.486dB train_rec=0.000000e+00 train_recT=0.000000e+00 train_fc=0.000000e+00 train_decoder_tail=0.000000e+00
I 07.02/02:54:31 train_mapper.py:622 ] epoch=0169 train_loss=7.398485e-03 train_mse=5.710203e-03 train_cos=0.995567 train_nmse=-20.508dB train_rec=0.000000e+00 train_recT=0.000000e+00 train_fc=0.000000e+00 train_decoder_tail=0.000000e+00
I 07.02/02:54:46 train_mapper.py:622 ] epoch=0170 train_loss=7.460388e-03 train_mse=5.754300e-03 train_cos=0.995526 train_nmse=-20.475dB train_rec=0.000000e+00 train_recT=0.000000e+00 train_fc=0.000000e+00 train_decoder_tail=0.000000e+00
I 07.02/02:55:06 train_mapper.py:622 ] epoch=0171 train_loss=7.390794e-03 train_mse=5.701891e-03 train_cos=0.995571 train_nmse=-20.514dB train_rec=0.000000e+00 train_recT=0.000000e+00 train_fc=0.000000e+00 train_decoder_tail=0.000000e+00
I 07.02/02:55:26 train_mapper.py:622 ] epoch=0172 train_loss=7.368434e-03 train_mse=5.685266e-03 train_cos=0.995583 train_nmse=-20.527dB train_rec=0.000000e+00 train_recT=0.000000e+00 train_fc=0.000000e+00 train_decoder_tail=0.000000e+00
I 07.02/02:55:46 train_mapper.py:622 ] epoch=0173 train_loss=7.329326e-03 train_mse=5.657057e-03 train_cos=0.995608 train_nmse=-20.549dB train_rec=0.000000e+00 train_recT=0.000000e+00 train_fc=0.000000e+00 train_decoder_tail=0.000000e+00
I 07.02/02:56:08 train_mapper.py:622 ] epoch=0174 train_loss=7.325598e-03 train_mse=5.652729e-03 train_cos=0.995606 train_nmse=-20.552dB train_rec=0.000000e+00 train_recT=0.000000e+00 train_fc=0.000000e+00 train_decoder_tail=0.000000e+00
I 07.02/02:56:41 train_mapper.py:622 ] epoch=0175 train_loss=7.286967e-03 train_mse=5.626405e-03 train_cos=0.995630 train_nmse=-20.572dB train_rec=0.000000e+00 train_recT=0.000000e+00 train_fc=0.000000e+00 train_decoder_tail=0.000000e+00
I 07.02/02:57:27 train_mapper.py:622 ] epoch=0176 train_loss=7.247443e-03 train_mse=5.596111e-03 train_cos=0.995653 train_nmse=-20.595dB train_rec=0.000000e+00 train_recT=0.000000e+00 train_fc=0.000000e+00 train_decoder_tail=0.000000e+00
I 07.02/02:58:14 train_mapper.py:622 ] epoch=0177 train_loss=7.275552e-03 train_mse=5.615068e-03 train_cos=0.995634 train_nmse=-20.581dB train_rec=0.000000e+00 train_recT=0.000000e+00 train_fc=0.000000e+00 train_decoder_tail=0.000000e+00
I 07.02/02:59:04 train_mapper.py:622 ] epoch=0178 train_loss=7.290246e-03 train_mse=5.625795e-03 train_cos=0.995628 train_nmse=-20.572dB train_rec=0.000000e+00 train_recT=0.000000e+00 train_fc=0.000000e+00 train_decoder_tail=0.000000e+00
I 07.02/02:59:51 train_mapper.py:622 ] epoch=0179 train_loss=7.165380e-03 train_mse=5.532042e-03 train_cos=0.995703 train_nmse=-20.646dB train_rec=0.000000e+00 train_recT=0.000000e+00 train_fc=0.000000e+00 train_decoder_tail=0.000000e+00
I 07.02/03:00:41 train_mapper.py:622 ] epoch=0180 train_loss=7.243802e-03 train_mse=5.588150e-03 train_cos=0.995652 train_nmse=-20.602dB train_rec=0.000000e+00 train_recT=0.000000e+00 train_fc=0.000000e+00 train_decoder_tail=0.000000e+00
I 07.02/03:01:30 train_mapper.py:622 ] epoch=0181 train_loss=7.220927e-03 train_mse=5.570662e-03 train_cos=0.995666 train_nmse=-20.615dB train_rec=0.000000e+00 train_recT=0.000000e+00 train_fc=0.000000e+00 train_decoder_tail=0.000000e+00
I 07.02/03:02:17 train_mapper.py:622 ] epoch=0182 train_loss=7.109541e-03 train_mse=5.490319e-03 train_cos=0.995735 train_nmse=-20.678dB train_rec=0.000000e+00 train_recT=0.000000e+00 train_fc=0.000000e+00 train_decoder_tail=0.000000e+00
I 07.02/03:03:06 train_mapper.py:622 ] epoch=0183 train_loss=7.090969e-03 train_mse=5.476006e-03 train_cos=0.995744 train_nmse=-20.690dB train_rec=0.000000e+00 train_recT=0.000000e+00 train_fc=0.000000e+00 train_decoder_tail=0.000000e+00
I 07.02/03:03:52 train_mapper.py:622 ] epoch=0184 train_loss=7.256302e-03 train_mse=5.592469e-03 train_cos=0.995643 train_nmse=-20.599dB train_rec=0.000000e+00 train_recT=0.000000e+00 train_fc=0.000000e+00 train_decoder_tail=0.000000e+00
I 07.02/03:04:40 train_mapper.py:622 ] epoch=0185 train_loss=7.119707e-03 train_mse=5.495605e-03 train_cos=0.995728 train_nmse=-20.673dB train_rec=0.000000e+00 train_recT=0.000000e+00 train_fc=0.000000e+00 train_decoder_tail=0.000000e+00
I 07.02/03:05:28 train_mapper.py:622 ] epoch=0186 train_loss=7.026963e-03 train_mse=5.425366e-03 train_cos=0.995783 train_nmse=-20.730dB train_rec=0.000000e+00 train_recT=0.000000e+00 train_fc=0.000000e+00 train_decoder_tail=0.000000e+00
I 07.02/03:06:18 train_mapper.py:622 ] epoch=0187 train_loss=7.021188e-03 train_mse=5.423181e-03 train_cos=0.995785 train_nmse=-20.732dB train_rec=0.000000e+00 train_recT=0.000000e+00 train_fc=0.000000e+00 train_decoder_tail=0.000000e+00
I 07.02/03:07:05 train_mapper.py:622 ] epoch=0188 train_loss=7.017563e-03 train_mse=5.419627e-03 train_cos=0.995786 train_nmse=-20.735dB train_rec=0.000000e+00 train_recT=0.000000e+00 train_fc=0.000000e+00 train_decoder_tail=0.000000e+00
I 07.02/03:07:50 train_mapper.py:622 ] epoch=0189 train_loss=7.129982e-03 train_mse=5.498921e-03 train_cos=0.995716 train_nmse=-20.671dB train_rec=0.000000e+00 train_recT=0.000000e+00 train_fc=0.000000e+00 train_decoder_tail=0.000000e+00
I 07.02/03:08:39 train_mapper.py:622 ] epoch=0190 train_loss=7.001629e-03 train_mse=5.405723e-03 train_cos=0.995797 train_nmse=-20.746dB train_rec=0.000000e+00 train_recT=0.000000e+00 train_fc=0.000000e+00 train_decoder_tail=0.000000e+00
I 07.02/03:09:27 train_mapper.py:622 ] epoch=0191 train_loss=7.014873e-03 train_mse=5.416697e-03 train_cos=0.995787 train_nmse=-20.737dB train_rec=0.000000e+00 train_recT=0.000000e+00 train_fc=0.000000e+00 train_decoder_tail=0.000000e+00
I 07.02/03:10:13 train_mapper.py:622 ] epoch=0192 train_loss=6.953146e-03 train_mse=5.369966e-03 train_cos=0.995825 train_nmse=-20.774dB train_rec=0.000000e+00 train_recT=0.000000e+00 train_fc=0.000000e+00 train_decoder_tail=0.000000e+00
I 07.02/03:10:59 train_mapper.py:622 ] epoch=0193 train_loss=6.927718e-03 train_mse=5.350272e-03 train_cos=0.995838 train_nmse=-20.790dB train_rec=0.000000e+00 train_recT=0.000000e+00 train_fc=0.000000e+00 train_decoder_tail=0.000000e+00
I 07.02/03:11:47 train_mapper.py:622 ] epoch=0194 train_loss=7.007465e-03 train_mse=5.409512e-03 train_cos=0.995787 train_nmse=-20.743dB train_rec=0.000000e+00 train_recT=0.000000e+00 train_fc=0.000000e+00 train_decoder_tail=0.000000e+00
I 07.02/03:12:33 train_mapper.py:622 ] epoch=0195 train_loss=6.936263e-03 train_mse=5.358148e-03 train_cos=0.995833 train_nmse=-20.784dB train_rec=0.000000e+00 train_recT=0.000000e+00 train_fc=0.000000e+00 train_decoder_tail=0.000000e+00
I 07.02/03:13:19 train_mapper.py:622 ] epoch=0196 train_loss=6.922428e-03 train_mse=5.345637e-03 train_cos=0.995840 train_nmse=-20.794dB train_rec=0.000000e+00 train_recT=0.000000e+00 train_fc=0.000000e+00 train_decoder_tail=0.000000e+00
I 07.02/03:14:11 train_mapper.py:622 ] epoch=0197 train_loss=6.840220e-03 train_mse=5.285302e-03 train_cos=0.995890 train_nmse=-20.843dB train_rec=0.000000e+00 train_recT=0.000000e+00 train_fc=0.000000e+00 train_decoder_tail=0.000000e+00
I 07.02/03:14:56 train_mapper.py:622 ] epoch=0198 train_loss=6.917728e-03 train_mse=5.342047e-03 train_cos=0.995838 train_nmse=-20.797dB train_rec=0.000000e+00 train_recT=0.000000e+00 train_fc=0.000000e+00 train_decoder_tail=0.000000e+00
I 07.02/03:15:44 train_mapper.py:622 ] epoch=0199 train_loss=6.923455e-03 train_mse=5.343676e-03 train_cos=0.995837 train_nmse=-20.795dB train_rec=0.000000e+00 train_recT=0.000000e+00 train_fc=0.000000e+00 train_decoder_tail=0.000000e+00
I 07.02/03:16:27 train_mapper.py:622 ] epoch=0200 train_loss=6.864303e-03 train_mse=5.301046e-03 train_cos=0.995873 train_nmse=-20.830dB train_rec=0.000000e+00 train_recT=0.000000e+00 train_fc=0.000000e+00 train_decoder_tail=0.000000e+00
I 07.02/03:17:13 train_mapper.py:622 ] epoch=0201 train_loss=6.846205e-03 train_mse=5.286284e-03 train_cos=0.995883 train_nmse=-20.843dB train_rec=0.000000e+00 train_recT=0.000000e+00 train_fc=0.000000e+00 train_decoder_tail=0.000000e+00
I 07.02/03:18:01 train_mapper.py:622 ] epoch=0202 train_loss=6.816620e-03 train_mse=5.265256e-03 train_cos=0.995903 train_nmse=-20.859dB train_rec=0.000000e+00 train_recT=0.000000e+00 train_fc=0.000000e+00 train_decoder_tail=0.000000e+00
I 07.02/03:18:47 train_mapper.py:622 ] epoch=0203 train_loss=6.775736e-03 train_mse=5.233792e-03 train_cos=0.995927 train_nmse=-20.886dB train_rec=0.000000e+00 train_recT=0.000000e+00 train_fc=0.000000e+00 train_decoder_tail=0.000000e+00
I 07.02/03:19:35 train_mapper.py:622 ] epoch=0204 train_loss=6.749635e-03 train_mse=5.214660e-03 train_cos=0.995941 train_nmse=-20.902dB train_rec=0.000000e+00 train_recT=0.000000e+00 train_fc=0.000000e+00 train_decoder_tail=0.000000e+00
I 07.02/03:20:22 train_mapper.py:622 ] epoch=0205 train_loss=6.820957e-03 train_mse=5.265168e-03 train_cos=0.995897 train_nmse=-20.860dB train_rec=0.000000e+00 train_recT=0.000000e+00 train_fc=0.000000e+00 train_decoder_tail=0.000000e+00
I 07.02/03:21:10 train_mapper.py:622 ] epoch=0206 train_loss=6.740003e-03 train_mse=5.207005e-03 train_cos=0.995948 train_nmse=-20.908dB train_rec=0.000000e+00 train_recT=0.000000e+00 train_fc=0.000000e+00 train_decoder_tail=0.000000e+00
I 07.02/03:21:57 train_mapper.py:622 ] epoch=0207 train_loss=6.752079e-03 train_mse=5.214300e-03 train_cos=0.995939 train_nmse=-20.902dB train_rec=0.000000e+00 train_recT=0.000000e+00 train_fc=0.000000e+00 train_decoder_tail=0.000000e+00
I 07.02/03:22:45 train_mapper.py:622 ] epoch=0208 train_loss=6.737931e-03 train_mse=5.204984e-03 train_cos=0.995945 train_nmse=-20.910dB train_rec=0.000000e+00 train_recT=0.000000e+00 train_fc=0.000000e+00 train_decoder_tail=0.000000e+00
I 07.02/03:23:34 train_mapper.py:622 ] epoch=0209 train_loss=6.693981e-03 train_mse=5.172468e-03 train_cos=0.995973 train_nmse=-20.937dB train_rec=0.000000e+00 train_recT=0.000000e+00 train_fc=0.000000e+00 train_decoder_tail=0.000000e+00
I 07.02/03:24:18 train_mapper.py:622 ] epoch=0210 train_loss=6.714334e-03 train_mse=5.186728e-03 train_cos=0.995960 train_nmse=-20.925dB train_rec=0.000000e+00 train_recT=0.000000e+00 train_fc=0.000000e+00 train_decoder_tail=0.000000e+00
I 07.02/03:25:00 train_mapper.py:622 ] epoch=0211 train_loss=6.735310e-03 train_mse=5.201446e-03 train_cos=0.995946 train_nmse=-20.912dB train_rec=0.000000e+00 train_recT=0.000000e+00 train_fc=0.000000e+00 train_decoder_tail=0.000000e+00
I 07.02/03:25:44 train_mapper.py:622 ] epoch=0212 train_loss=6.612630e-03 train_mse=5.111004e-03 train_cos=0.996024 train_nmse=-20.989dB train_rec=0.000000e+00 train_recT=0.000000e+00 train_fc=0.000000e+00 train_decoder_tail=0.000000e+00
I 07.02/03:26:29 train_mapper.py:622 ] epoch=0213 train_loss=6.596245e-03 train_mse=5.098356e-03 train_cos=0.996031 train_nmse=-21.000dB train_rec=0.000000e+00 train_recT=0.000000e+00 train_fc=0.000000e+00 train_decoder_tail=0.000000e+00
I 07.02/03:27:11 train_mapper.py:622 ] epoch=0214 train_loss=6.631093e-03 train_mse=5.124340e-03 train_cos=0.996007 train_nmse=-20.978dB train_rec=0.000000e+00 train_recT=0.000000e+00 train_fc=0.000000e+00 train_decoder_tail=0.000000e+00
I 07.02/03:27:51 train_mapper.py:622 ] epoch=0215 train_loss=6.661979e-03 train_mse=5.147087e-03 train_cos=0.995989 train_nmse=-20.958dB train_rec=0.000000e+00 train_recT=0.000000e+00 train_fc=0.000000e+00 train_decoder_tail=0.000000e+00
I 07.02/03:28:33 train_mapper.py:622 ] epoch=0216 train_loss=6.550453e-03 train_mse=5.064267e-03 train_cos=0.996059 train_nmse=-21.029dB train_rec=0.000000e+00 train_recT=0.000000e+00 train_fc=0.000000e+00 train_decoder_tail=0.000000e+00
I 07.02/03:29:19 train_mapper.py:622 ] epoch=0217 train_loss=6.641541e-03 train_mse=5.133279e-03 train_cos=0.995997 train_nmse=-20.970dB train_rec=0.000000e+00 train_recT=0.000000e+00 train_fc=0.000000e+00 train_decoder_tail=0.000000e+00
I 07.02/03:29:57 train_mapper.py:622 ] epoch=0218 train_loss=6.615618e-03 train_mse=5.111337e-03 train_cos=0.996015 train_nmse=-20.989dB train_rec=0.000000e+00 train_recT=0.000000e+00 train_fc=0.000000e+00 train_decoder_tail=0.000000e+00
I 07.02/03:30:42 train_mapper.py:622 ] epoch=0219 train_loss=6.644411e-03 train_mse=5.132974e-03 train_cos=0.995998 train_nmse=-20.970dB train_rec=0.000000e+00 train_recT=0.000000e+00 train_fc=0.000000e+00 train_decoder_tail=0.000000e+00
I 07.02/03:31:15 train_mapper.py:622 ] epoch=0220 train_loss=6.524910e-03 train_mse=5.043897e-03 train_cos=0.996072 train_nmse=-21.046dB train_rec=0.000000e+00 train_recT=0.000000e+00 train_fc=0.000000e+00 train_decoder_tail=0.000000e+00
I 07.02/03:31:49 train_mapper.py:622 ] epoch=0221 train_loss=6.512171e-03 train_mse=5.034408e-03 train_cos=0.996079 train_nmse=-21.055dB train_rec=0.000000e+00 train_recT=0.000000e+00 train_fc=0.000000e+00 train_decoder_tail=0.000000e+00
I 07.02/03:32:28 train_mapper.py:622 ] epoch=0222 train_loss=6.555562e-03 train_mse=5.064589e-03 train_cos=0.996052 train_nmse=-21.029dB train_rec=0.000000e+00 train_recT=0.000000e+00 train_fc=0.000000e+00 train_decoder_tail=0.000000e+00
I 07.02/03:33:09 train_mapper.py:622 ] epoch=0223 train_loss=6.595473e-03 train_mse=5.093835e-03 train_cos=0.996025 train_nmse=-21.003dB train_rec=0.000000e+00 train_recT=0.000000e+00 train_fc=0.000000e+00 train_decoder_tail=0.000000e+00
I 07.02/03:33:52 train_mapper.py:622 ] epoch=0224 train_loss=6.425715e-03 train_mse=4.967895e-03 train_cos=0.996135 train_nmse=-21.112dB train_rec=0.000000e+00 train_recT=0.000000e+00 train_fc=0.000000e+00 train_decoder_tail=0.000000e+00
I 07.02/03:34:25 train_mapper.py:622 ] epoch=0225 train_loss=6.413710e-03 train_mse=4.959966e-03 train_cos=0.996138 train_nmse=-21.120dB train_rec=0.000000e+00 train_recT=0.000000e+00 train_fc=0.000000e+00 train_decoder_tail=0.000000e+00
I 07.02/03:35:06 train_mapper.py:622 ] epoch=0226 train_loss=6.442532e-03 train_mse=4.982568e-03 train_cos=0.996118 train_nmse=-21.100dB train_rec=0.000000e+00 train_recT=0.000000e+00 train_fc=0.000000e+00 train_decoder_tail=0.000000e+00
I 07.02/03:35:41 train_mapper.py:622 ] epoch=0227 train_loss=6.519369e-03 train_mse=5.040254e-03 train_cos=0.996068 train_nmse=-21.050dB train_rec=0.000000e+00 train_recT=0.000000e+00 train_fc=0.000000e+00 train_decoder_tail=0.000000e+00
I 07.02/03:36:12 train_mapper.py:622 ] epoch=0228 train_loss=6.439666e-03 train_mse=4.980715e-03 train_cos=0.996120 train_nmse=-21.101dB train_rec=0.000000e+00 train_recT=0.000000e+00 train_fc=0.000000e+00 train_decoder_tail=0.000000e+00
I 07.02/03:36:42 train_mapper.py:622 ] epoch=0229 train_loss=6.467981e-03 train_mse=5.000281e-03 train_cos=0.996100 train_nmse=-21.084dB train_rec=0.000000e+00 train_recT=0.000000e+00 train_fc=0.000000e+00 train_decoder_tail=0.000000e+00
I 07.02/03:37:12 train_mapper.py:622 ] epoch=0230 train_loss=6.452110e-03 train_mse=4.987558e-03 train_cos=0.996109 train_nmse=-21.096dB train_rec=0.000000e+00 train_recT=0.000000e+00 train_fc=0.000000e+00 train_decoder_tail=0.000000e+00
I 07.02/03:37:52 train_mapper.py:622 ] epoch=0231 train_loss=6.401282e-03 train_mse=4.948616e-03 train_cos=0.996143 train_nmse=-21.129dB train_rec=0.000000e+00 train_recT=0.000000e+00 train_fc=0.000000e+00 train_decoder_tail=0.000000e+00
I 07.02/03:38:36 train_mapper.py:622 ] epoch=0232 train_loss=6.399325e-03 train_mse=4.947571e-03 train_cos=0.996142 train_nmse=-21.131dB train_rec=0.000000e+00 train_recT=0.000000e+00 train_fc=0.000000e+00 train_decoder_tail=0.000000e+00
I 07.02/03:39:14 train_mapper.py:622 ] epoch=0233 train_loss=6.393803e-03 train_mse=4.943419e-03 train_cos=0.996145 train_nmse=-21.134dB train_rec=0.000000e+00 train_recT=0.000000e+00 train_fc=0.000000e+00 train_decoder_tail=0.000000e+00
I 07.02/03:40:00 train_mapper.py:622 ] epoch=0234 train_loss=6.319176e-03 train_mse=4.887249e-03 train_cos=0.996192 train_nmse=-21.184dB train_rec=0.000000e+00 train_recT=0.000000e+00 train_fc=0.000000e+00 train_decoder_tail=0.000000e+00
I 07.02/03:40:35 train_mapper.py:622 ] epoch=0235 train_loss=6.323044e-03 train_mse=4.890613e-03 train_cos=0.996188 train_nmse=-21.180dB train_rec=0.000000e+00 train_recT=0.000000e+00 train_fc=0.000000e+00 train_decoder_tail=0.000000e+00
I 07.02/03:41:11 train_mapper.py:622 ] epoch=0236 train_loss=6.313289e-03 train_mse=4.883762e-03 train_cos=0.996195 train_nmse=-21.187dB train_rec=0.000000e+00 train_recT=0.000000e+00 train_fc=0.000000e+00 train_decoder_tail=0.000000e+00
I 07.02/03:41:41 train_mapper.py:622 ] epoch=0237 train_loss=6.341016e-03 train_mse=4.905393e-03 train_cos=0.996175 train_nmse=-21.167dB train_rec=0.000000e+00 train_recT=0.000000e+00 train_fc=0.000000e+00 train_decoder_tail=0.000000e+00
I 07.02/03:42:15 train_mapper.py:622 ] epoch=0238 train_loss=6.357325e-03 train_mse=4.918958e-03 train_cos=0.996164 train_nmse=-21.155dB train_rec=0.000000e+00 train_recT=0.000000e+00 train_fc=0.000000e+00 train_decoder_tail=0.000000e+00
I 07.02/03:42:47 train_mapper.py:622 ] epoch=0239 train_loss=6.335665e-03 train_mse=4.899435e-03 train_cos=0.996178 train_nmse=-21.173dB train_rec=0.000000e+00 train_recT=0.000000e+00 train_fc=0.000000e+00 train_decoder_tail=0.000000e+00
I 07.02/03:43:23 train_mapper.py:622 ] epoch=0240 train_loss=6.271629e-03 train_mse=4.852893e-03 train_cos=0.996219 train_nmse=-21.214dB train_rec=0.000000e+00 train_recT=0.000000e+00 train_fc=0.000000e+00 train_decoder_tail=0.000000e+00
I 07.02/03:43:58 train_mapper.py:622 ] epoch=0241 train_loss=6.352016e-03 train_mse=4.912117e-03 train_cos=0.996166 train_nmse=-21.162dB train_rec=0.000000e+00 train_recT=0.000000e+00 train_fc=0.000000e+00 train_decoder_tail=0.000000e+00
I 07.02/03:44:37 train_mapper.py:622 ] epoch=0242 train_loss=6.257225e-03 train_mse=4.841282e-03 train_cos=0.996227 train_nmse=-21.224dB train_rec=0.000000e+00 train_recT=0.000000e+00 train_fc=0.000000e+00 train_decoder_tail=0.000000e+00
I 07.02/03:45:20 train_mapper.py:622 ] epoch=0243 train_loss=6.267627e-03 train_mse=4.848298e-03 train_cos=0.996217 train_nmse=-21.218dB train_rec=0.000000e+00 train_recT=0.000000e+00 train_fc=0.000000e+00 train_decoder_tail=0.000000e+00
I 07.02/03:45:59 train_mapper.py:622 ] epoch=0244 train_loss=6.269704e-03 train_mse=4.849466e-03 train_cos=0.996217 train_nmse=-21.217dB train_rec=0.000000e+00 train_recT=0.000000e+00 train_fc=0.000000e+00 train_decoder_tail=0.000000e+00
I 07.02/03:46:37 train_mapper.py:622 ] epoch=0245 train_loss=6.207145e-03 train_mse=4.802335e-03 train_cos=0.996257 train_nmse=-21.260dB train_rec=0.000000e+00 train_recT=0.000000e+00 train_fc=0.000000e+00 train_decoder_tail=0.000000e+00
I 07.02/03:47:16 train_mapper.py:622 ] epoch=0246 train_loss=6.226412e-03 train_mse=4.817090e-03 train_cos=0.996242 train_nmse=-21.246dB train_rec=0.000000e+00 train_recT=0.000000e+00 train_fc=0.000000e+00 train_decoder_tail=0.000000e+00
I 07.02/03:47:53 train_mapper.py:622 ] epoch=0247 train_loss=6.204441e-03 train_mse=4.801624e-03 train_cos=0.996255 train_nmse=-21.260dB train_rec=0.000000e+00 train_recT=0.000000e+00 train_fc=0.000000e+00 train_decoder_tail=0.000000e+00
I 07.02/03:48:39 train_mapper.py:622 ] epoch=0248 train_loss=6.225931e-03 train_mse=4.817616e-03 train_cos=0.996239 train_nmse=-21.246dB train_rec=0.000000e+00 train_recT=0.000000e+00 train_fc=0.000000e+00 train_decoder_tail=0.000000e+00
I 07.02/03:49:27 train_mapper.py:622 ] epoch=0249 train_loss=6.294676e-03 train_mse=4.867808e-03 train_cos=0.996199 train_nmse=-21.201dB train_rec=0.000000e+00 train_recT=0.000000e+00 train_fc=0.000000e+00 train_decoder_tail=0.000000e+00
I 07.02/03:50:14 train_mapper.py:622 ] epoch=0250 train_loss=6.191604e-03 train_mse=4.790472e-03 train_cos=0.996264 train_nmse=-21.270dB train_rec=0.000000e+00 train_recT=0.000000e+00 train_fc=0.000000e+00 train_decoder_tail=0.000000e+00
I 07.02/03:51:01 train_mapper.py:622 ] epoch=0251 train_loss=6.155956e-03 train_mse=4.763738e-03 train_cos=0.996285 train_nmse=-21.294dB train_rec=0.000000e+00 train_recT=0.000000e+00 train_fc=0.000000e+00 train_decoder_tail=0.000000e+00
I 07.02/03:51:48 train_mapper.py:622 ] epoch=0252 train_loss=6.122860e-03 train_mse=4.738605e-03 train_cos=0.996304 train_nmse=-21.318dB train_rec=0.000000e+00 train_recT=0.000000e+00 train_fc=0.000000e+00 train_decoder_tail=0.000000e+00
I 07.02/03:52:36 train_mapper.py:622 ] epoch=0253 train_loss=6.108100e-03 train_mse=4.727504e-03 train_cos=0.996312 train_nmse=-21.328dB train_rec=0.000000e+00 train_recT=0.000000e+00 train_fc=0.000000e+00 train_decoder_tail=0.000000e+00
I 07.02/03:53:20 train_mapper.py:622 ] epoch=0254 train_loss=6.137188e-03 train_mse=4.749609e-03 train_cos=0.996293 train_nmse=-21.308dB train_rec=0.000000e+00 train_recT=0.000000e+00 train_fc=0.000000e+00 train_decoder_tail=0.000000e+00
I 07.02/03:54:05 train_mapper.py:622 ] epoch=0255 train_loss=6.173004e-03 train_mse=4.775195e-03 train_cos=0.996270 train_nmse=-21.284dB train_rec=0.000000e+00 train_recT=0.000000e+00 train_fc=0.000000e+00 train_decoder_tail=0.000000e+00
I 07.02/03:54:56 train_mapper.py:622 ] epoch=0256 train_loss=6.163481e-03 train_mse=4.769394e-03 train_cos=0.996277 train_nmse=-21.289dB train_rec=0.000000e+00 train_recT=0.000000e+00 train_fc=0.000000e+00 train_decoder_tail=0.000000e+00
I 07.02/03:55:34 train_mapper.py:622 ] epoch=0257 train_loss=6.065937e-03 train_mse=4.695513e-03 train_cos=0.996339 train_nmse=-21.357dB train_rec=0.000000e+00 train_recT=0.000000e+00 train_fc=0.000000e+00 train_decoder_tail=0.000000e+00
I 07.02/03:56:17 train_mapper.py:622 ] epoch=0258 train_loss=6.048835e-03 train_mse=4.682603e-03 train_cos=0.996349 train_nmse=-21.369dB train_rec=0.000000e+00 train_recT=0.000000e+00 train_fc=0.000000e+00 train_decoder_tail=0.000000e+00
I 07.02/03:56:54 train_mapper.py:622 ] epoch=0259 train_loss=6.081995e-03 train_mse=4.709466e-03 train_cos=0.996325 train_nmse=-21.344dB train_rec=0.000000e+00 train_recT=0.000000e+00 train_fc=0.000000e+00 train_decoder_tail=0.000000e+00
I 07.02/03:57:40 train_mapper.py:622 ] epoch=0260 train_loss=6.032544e-03 train_mse=4.670299e-03 train_cos=0.996359 train_nmse=-21.381dB train_rec=0.000000e+00 train_recT=0.000000e+00 train_fc=0.000000e+00 train_decoder_tail=0.000000e+00
I 07.02/03:58:24 train_mapper.py:622 ] epoch=0261 train_loss=6.029595e-03 train_mse=4.669428e-03 train_cos=0.996360 train_nmse=-21.381dB train_rec=0.000000e+00 train_recT=0.000000e+00 train_fc=0.000000e+00 train_decoder_tail=0.000000e+00
I 07.02/03:59:11 train_mapper.py:622 ] epoch=0262 train_loss=6.053243e-03 train_mse=4.687884e-03 train_cos=0.996343 train_nmse=-21.365dB train_rec=0.000000e+00 train_recT=0.000000e+00 train_fc=0.000000e+00 train_decoder_tail=0.000000e+00
I 07.02/03:59:57 train_mapper.py:622 ] epoch=0263 train_loss=6.060768e-03 train_mse=4.692703e-03 train_cos=0.996339 train_nmse=-21.359dB train_rec=0.000000e+00 train_recT=0.000000e+00 train_fc=0.000000e+00 train_decoder_tail=0.000000e+00
I 07.02/04:00:40 train_mapper.py:622 ] epoch=0264 train_loss=6.015540e-03 train_mse=4.658840e-03 train_cos=0.996365 train_nmse=-21.391dB train_rec=0.000000e+00 train_recT=0.000000e+00 train_fc=0.000000e+00 train_decoder_tail=0.000000e+00
I 07.02/04:01:28 train_mapper.py:622 ] epoch=0265 train_loss=5.993827e-03 train_mse=4.641760e-03 train_cos=0.996379 train_nmse=-21.407dB train_rec=0.000000e+00 train_recT=0.000000e+00 train_fc=0.000000e+00 train_decoder_tail=0.000000e+00
I 07.02/04:02:14 train_mapper.py:622 ] epoch=0266 train_loss=6.023673e-03 train_mse=4.664316e-03 train_cos=0.996357 train_nmse=-21.386dB train_rec=0.000000e+00 train_recT=0.000000e+00 train_fc=0.000000e+00 train_decoder_tail=0.000000e+00
I 07.02/04:02:55 train_mapper.py:622 ] epoch=0267 train_loss=5.984459e-03 train_mse=4.635851e-03 train_cos=0.996382 train_nmse=-21.413dB train_rec=0.000000e+00 train_recT=0.000000e+00 train_fc=0.000000e+00 train_decoder_tail=0.000000e+00
I 07.02/04:03:47 train_mapper.py:622 ] epoch=0268 train_loss=5.996234e-03 train_mse=4.644897e-03 train_cos=0.996376 train_nmse=-21.404dB train_rec=0.000000e+00 train_recT=0.000000e+00 train_fc=0.000000e+00 train_decoder_tail=0.000000e+00
I 07.02/04:04:32 train_mapper.py:622 ] epoch=0269 train_loss=5.945581e-03 train_mse=4.605052e-03 train_cos=0.996409 train_nmse=-21.442dB train_rec=0.000000e+00 train_recT=0.000000e+00 train_fc=0.000000e+00 train_decoder_tail=0.000000e+00
I 07.02/04:05:21 train_mapper.py:622 ] epoch=0270 train_loss=5.982067e-03 train_mse=4.634334e-03 train_cos=0.996382 train_nmse=-21.414dB train_rec=0.000000e+00 train_recT=0.000000e+00 train_fc=0.000000e+00 train_decoder_tail=0.000000e+00
I 07.02/04:06:12 train_mapper.py:622 ] epoch=0271 train_loss=5.971536e-03 train_mse=4.626980e-03 train_cos=0.996388 train_nmse=-21.421dB train_rec=0.000000e+00 train_recT=0.000000e+00 train_fc=0.000000e+00 train_decoder_tail=0.000000e+00
I 07.02/04:06:55 train_mapper.py:622 ] epoch=0272 train_loss=5.941650e-03 train_mse=4.602760e-03 train_cos=0.996408 train_nmse=-21.443dB train_rec=0.000000e+00 train_recT=0.000000e+00 train_fc=0.000000e+00 train_decoder_tail=0.000000e+00
I 07.02/04:07:39 train_mapper.py:622 ] epoch=0273 train_loss=5.915569e-03 train_mse=4.582621e-03 train_cos=0.996423 train_nmse=-21.463dB train_rec=0.000000e+00 train_recT=0.000000e+00 train_fc=0.000000e+00 train_decoder_tail=0.000000e+00
I 07.02/04:08:27 train_mapper.py:622 ] epoch=0274 train_loss=5.936095e-03 train_mse=4.598272e-03 train_cos=0.996409 train_nmse=-21.448dB train_rec=0.000000e+00 train_recT=0.000000e+00 train_fc=0.000000e+00 train_decoder_tail=0.000000e+00
I 07.02/04:09:14 train_mapper.py:622 ] epoch=0275 train_loss=5.915891e-03 train_mse=4.583514e-03 train_cos=0.996423 train_nmse=-21.462dB train_rec=0.000000e+00 train_recT=0.000000e+00 train_fc=0.000000e+00 train_decoder_tail=0.000000e+00
I 07.02/04:10:00 train_mapper.py:622 ] epoch=0276 train_loss=5.892615e-03 train_mse=4.565872e-03 train_cos=0.996436 train_nmse=-21.479dB train_rec=0.000000e+00 train_recT=0.000000e+00 train_fc=0.000000e+00 train_decoder_tail=0.000000e+00
I 07.02/04:10:46 train_mapper.py:622 ] epoch=0277 train_loss=5.890585e-03 train_mse=4.563839e-03 train_cos=0.996438 train_nmse=-21.481dB train_rec=0.000000e+00 train_recT=0.000000e+00 train_fc=0.000000e+00 train_decoder_tail=0.000000e+00
I 07.02/04:11:26 train_mapper.py:622 ] epoch=0278 train_loss=5.887573e-03 train_mse=4.561796e-03 train_cos=0.996438 train_nmse=-21.483dB train_rec=0.000000e+00 train_recT=0.000000e+00 train_fc=0.000000e+00 train_decoder_tail=0.000000e+00
I 07.02/04:12:07 train_mapper.py:622 ] epoch=0279 train_loss=5.893056e-03 train_mse=4.565743e-03 train_cos=0.996434 train_nmse=-21.479dB train_rec=0.000000e+00 train_recT=0.000000e+00 train_fc=0.000000e+00 train_decoder_tail=0.000000e+00
I 07.02/04:12:47 train_mapper.py:622 ] epoch=0280 train_loss=5.851843e-03 train_mse=4.534119e-03 train_cos=0.996462 train_nmse=-21.509dB train_rec=0.000000e+00 train_recT=0.000000e+00 train_fc=0.000000e+00 train_decoder_tail=0.000000e+00
I 07.02/04:13:33 train_mapper.py:622 ] epoch=0281 train_loss=5.866930e-03 train_mse=4.546361e-03 train_cos=0.996451 train_nmse=-21.497dB train_rec=0.000000e+00 train_recT=0.000000e+00 train_fc=0.000000e+00 train_decoder_tail=0.000000e+00
I 07.02/04:14:20 train_mapper.py:622 ] epoch=0282 train_loss=5.840535e-03 train_mse=4.525939e-03 train_cos=0.996467 train_nmse=-21.517dB train_rec=0.000000e+00 train_recT=0.000000e+00 train_fc=0.000000e+00 train_decoder_tail=0.000000e+00
I 07.02/04:15:07 train_mapper.py:622 ] epoch=0283 train_loss=5.847029e-03 train_mse=4.531344e-03 train_cos=0.996462 train_nmse=-21.511dB train_rec=0.000000e+00 train_recT=0.000000e+00 train_fc=0.000000e+00 train_decoder_tail=0.000000e+00
I 07.02/04:15:48 train_mapper.py:622 ] epoch=0284 train_loss=5.839871e-03 train_mse=4.525669e-03 train_cos=0.996466 train_nmse=-21.518dB train_rec=0.000000e+00 train_recT=0.000000e+00 train_fc=0.000000e+00 train_decoder_tail=0.000000e+00
I 07.02/04:16:37 train_mapper.py:622 ] epoch=0285 train_loss=5.810019e-03 train_mse=4.501905e-03 train_cos=0.996486 train_nmse=-21.540dB train_rec=0.000000e+00 train_recT=0.000000e+00 train_fc=0.000000e+00 train_decoder_tail=0.000000e+00
I 07.02/04:17:28 train_mapper.py:622 ] epoch=0286 train_loss=5.816034e-03 train_mse=4.506808e-03 train_cos=0.996480 train_nmse=-21.535dB train_rec=0.000000e+00 train_recT=0.000000e+00 train_fc=0.000000e+00 train_decoder_tail=0.000000e+00
I 07.02/04:18:16 train_mapper.py:622 ] epoch=0287 train_loss=5.794262e-03 train_mse=4.491318e-03 train_cos=0.996492 train_nmse=-21.550dB train_rec=0.000000e+00 train_recT=0.000000e+00 train_fc=0.000000e+00 train_decoder_tail=0.000000e+00
I 07.02/04:19:00 train_mapper.py:622 ] epoch=0288 train_loss=5.802963e-03 train_mse=4.497478e-03 train_cos=0.996486 train_nmse=-21.544dB train_rec=0.000000e+00 train_recT=0.000000e+00 train_fc=0.000000e+00 train_decoder_tail=0.000000e+00
I 07.02/04:19:46 train_mapper.py:622 ] epoch=0289 train_loss=5.772991e-03 train_mse=4.474299e-03 train_cos=0.996506 train_nmse=-21.567dB train_rec=0.000000e+00 train_recT=0.000000e+00 train_fc=0.000000e+00 train_decoder_tail=0.000000e+00
I 07.02/04:20:30 train_mapper.py:622 ] epoch=0290 train_loss=5.775181e-03 train_mse=4.474673e-03 train_cos=0.996508 train_nmse=-21.566dB train_rec=0.000000e+00 train_recT=0.000000e+00 train_fc=0.000000e+00 train_decoder_tail=0.000000e+00
I 07.02/04:21:15 train_mapper.py:622 ] epoch=0291 train_loss=5.758769e-03 train_mse=4.463541e-03 train_cos=0.996514 train_nmse=-21.577dB train_rec=0.000000e+00 train_recT=0.000000e+00 train_fc=0.000000e+00 train_decoder_tail=0.000000e+00
I 07.02/04:21:55 train_mapper.py:622 ] epoch=0292 train_loss=5.753931e-03 train_mse=4.459764e-03 train_cos=0.996515 train_nmse=-21.581dB train_rec=0.000000e+00 train_recT=0.000000e+00 train_fc=0.000000e+00 train_decoder_tail=0.000000e+00
I 07.02/04:22:44 train_mapper.py:622 ] epoch=0293 train_loss=5.755632e-03 train_mse=4.461272e-03 train_cos=0.996515 train_nmse=-21.579dB train_rec=0.000000e+00 train_recT=0.000000e+00 train_fc=0.000000e+00 train_decoder_tail=0.000000e+00
I 07.02/04:23:30 train_mapper.py:622 ] epoch=0294 train_loss=5.731505e-03 train_mse=4.443027e-03 train_cos=0.996529 train_nmse=-21.597dB train_rec=0.000000e+00 train_recT=0.000000e+00 train_fc=0.000000e+00 train_decoder_tail=0.000000e+00
I 07.02/04:24:20 train_mapper.py:622 ] epoch=0295 train_loss=5.723220e-03 train_mse=4.435295e-03 train_cos=0.996534 train_nmse=-21.605dB train_rec=0.000000e+00 train_recT=0.000000e+00 train_fc=0.000000e+00 train_decoder_tail=0.000000e+00
I 07.02/04:25:06 train_mapper.py:622 ] epoch=0296 train_loss=5.723038e-03 train_mse=4.434521e-03 train_cos=0.996536 train_nmse=-21.605dB train_rec=0.000000e+00 train_recT=0.000000e+00 train_fc=0.000000e+00 train_decoder_tail=0.000000e+00
I 07.02/04:25:52 train_mapper.py:622 ] epoch=0297 train_loss=5.693352e-03 train_mse=4.413123e-03 train_cos=0.996552 train_nmse=-21.626dB train_rec=0.000000e+00 train_recT=0.000000e+00 train_fc=0.000000e+00 train_decoder_tail=0.000000e+00
I 07.02/04:26:39 train_mapper.py:622 ] epoch=0298 train_loss=5.711539e-03 train_mse=4.427970e-03 train_cos=0.996543 train_nmse=-21.612dB train_rec=0.000000e+00 train_recT=0.000000e+00 train_fc=0.000000e+00 train_decoder_tail=0.000000e+00
I 07.02/04:27:27 train_mapper.py:622 ] epoch=0299 train_loss=5.724409e-03 train_mse=4.436640e-03 train_cos=0.996533 train_nmse=-21.603dB train_rec=0.000000e+00 train_recT=0.000000e+00 train_fc=0.000000e+00 train_decoder_tail=0.000000e+00
I 07.02/04:28:15 train_mapper.py:622 ] epoch=0300 train_loss=5.682846e-03 train_mse=4.404473e-03 train_cos=0.996557 train_nmse=-21.635dB train_rec=0.000000e+00 train_recT=0.000000e+00 train_fc=0.000000e+00 train_decoder_tail=0.000000e+00
I 07.02/04:29:01 train_mapper.py:622 ] epoch=0301 train_loss=5.649851e-03 train_mse=4.380299e-03 train_cos=0.996577 train_nmse=-21.659dB train_rec=0.000000e+00 train_recT=0.000000e+00 train_fc=0.000000e+00 train_decoder_tail=0.000000e+00
I 07.02/04:29:48 train_mapper.py:622 ] epoch=0302 train_loss=5.685432e-03 train_mse=4.409014e-03 train_cos=0.996553 train_nmse=-21.631dB train_rec=0.000000e+00 train_recT=0.000000e+00 train_fc=0.000000e+00 train_decoder_tail=0.000000e+00
I 07.02/04:30:36 train_mapper.py:622 ] epoch=0303 train_loss=5.673497e-03 train_mse=4.397936e-03 train_cos=0.996563 train_nmse=-21.642dB train_rec=0.000000e+00 train_recT=0.000000e+00 train_fc=0.000000e+00 train_decoder_tail=0.000000e+00
I 07.02/04:31:23 train_mapper.py:622 ] epoch=0304 train_loss=5.638901e-03 train_mse=4.371944e-03 train_cos=0.996584 train_nmse=-21.667dB train_rec=0.000000e+00 train_recT=0.000000e+00 train_fc=0.000000e+00 train_decoder_tail=0.000000e+00
I 07.02/04:32:08 train_mapper.py:622 ] epoch=0305 train_loss=5.635264e-03 train_mse=4.368875e-03 train_cos=0.996586 train_nmse=-21.670dB train_rec=0.000000e+00 train_recT=0.000000e+00 train_fc=0.000000e+00 train_decoder_tail=0.000000e+00
I 07.02/04:32:48 train_mapper.py:622 ] epoch=0306 train_loss=5.629968e-03 train_mse=4.364826e-03 train_cos=0.996588 train_nmse=-21.674dB train_rec=0.000000e+00 train_recT=0.000000e+00 train_fc=0.000000e+00 train_decoder_tail=0.000000e+00
I 07.02/04:33:33 train_mapper.py:622 ] epoch=0307 train_loss=5.611716e-03 train_mse=4.350342e-03 train_cos=0.996600 train_nmse=-21.688dB train_rec=0.000000e+00 train_recT=0.000000e+00 train_fc=0.000000e+00 train_decoder_tail=0.000000e+00
I 07.02/04:34:18 train_mapper.py:622 ] epoch=0308 train_loss=5.622028e-03 train_mse=4.358851e-03 train_cos=0.996593 train_nmse=-21.680dB train_rec=0.000000e+00 train_recT=0.000000e+00 train_fc=0.000000e+00 train_decoder_tail=0.000000e+00
I 07.02/04:35:03 train_mapper.py:622 ] epoch=0309 train_loss=5.616979e-03 train_mse=4.355530e-03 train_cos=0.996597 train_nmse=-21.683dB train_rec=0.000000e+00 train_recT=0.000000e+00 train_fc=0.000000e+00 train_decoder_tail=0.000000e+00
I 07.02/04:35:50 train_mapper.py:622 ] epoch=0310 train_loss=5.607082e-03 train_mse=4.346890e-03 train_cos=0.996603 train_nmse=-21.692dB train_rec=0.000000e+00 train_recT=0.000000e+00 train_fc=0.000000e+00 train_decoder_tail=0.000000e+00
I 07.02/04:36:37 train_mapper.py:622 ] epoch=0311 train_loss=5.622380e-03 train_mse=4.359097e-03 train_cos=0.996590 train_nmse=-21.680dB train_rec=0.000000e+00 train_recT=0.000000e+00 train_fc=0.000000e+00 train_decoder_tail=0.000000e+00
I 07.02/04:37:20 train_mapper.py:622 ] epoch=0312 train_loss=5.589378e-03 train_mse=4.334149e-03 train_cos=0.996611 train_nmse=-21.705dB train_rec=0.000000e+00 train_recT=0.000000e+00 train_fc=0.000000e+00 train_decoder_tail=0.000000e+00
I 07.02/04:38:00 train_mapper.py:622 ] epoch=0313 train_loss=5.551789e-03 train_mse=4.303885e-03 train_cos=0.996637 train_nmse=-21.735dB train_rec=0.000000e+00 train_recT=0.000000e+00 train_fc=0.000000e+00 train_decoder_tail=0.000000e+00
I 07.02/04:38:43 train_mapper.py:622 ] epoch=0314 train_loss=5.577312e-03 train_mse=4.324826e-03 train_cos=0.996618 train_nmse=-21.714dB train_rec=0.000000e+00 train_recT=0.000000e+00 train_fc=0.000000e+00 train_decoder_tail=0.000000e+00
I 07.02/04:39:27 train_mapper.py:622 ] epoch=0315 train_loss=5.553821e-03 train_mse=4.307035e-03 train_cos=0.996633 train_nmse=-21.732dB train_rec=0.000000e+00 train_recT=0.000000e+00 train_fc=0.000000e+00 train_decoder_tail=0.000000e+00
I 07.02/04:40:13 train_mapper.py:622 ] epoch=0316 train_loss=5.566569e-03 train_mse=4.316582e-03 train_cos=0.996623 train_nmse=-21.723dB train_rec=0.000000e+00 train_recT=0.000000e+00 train_fc=0.000000e+00 train_decoder_tail=0.000000e+00
I 07.02/04:40:55 train_mapper.py:622 ] epoch=0317 train_loss=5.550938e-03 train_mse=4.304029e-03 train_cos=0.996636 train_nmse=-21.735dB train_rec=0.000000e+00 train_recT=0.000000e+00 train_fc=0.000000e+00 train_decoder_tail=0.000000e+00
I 07.02/04:41:48 train_mapper.py:622 ] epoch=0318 train_loss=5.527925e-03 train_mse=4.287000e-03 train_cos=0.996650 train_nmse=-21.752dB train_rec=0.000000e+00 train_recT=0.000000e+00 train_fc=0.000000e+00 train_decoder_tail=0.000000e+00
I 07.02/04:42:38 train_mapper.py:622 ] epoch=0319 train_loss=5.529056e-03 train_mse=4.288411e-03 train_cos=0.996649 train_nmse=-21.751dB train_rec=0.000000e+00 train_recT=0.000000e+00 train_fc=0.000000e+00 train_decoder_tail=0.000000e+00
I 07.02/04:43:22 train_mapper.py:622 ] epoch=0320 train_loss=5.549053e-03 train_mse=4.301797e-03 train_cos=0.996635 train_nmse=-21.737dB train_rec=0.000000e+00 train_recT=0.000000e+00 train_fc=0.000000e+00 train_decoder_tail=0.000000e+00
I 07.02/04:44:08 train_mapper.py:622 ] epoch=0321 train_loss=5.502010e-03 train_mse=4.266350e-03 train_cos=0.996664 train_nmse=-21.773dB train_rec=0.000000e+00 train_recT=0.000000e+00 train_fc=0.000000e+00 train_decoder_tail=0.000000e+00
I 07.02/04:44:50 train_mapper.py:622 ] epoch=0322 train_loss=5.505906e-03 train_mse=4.270115e-03 train_cos=0.996660 train_nmse=-21.770dB train_rec=0.000000e+00 train_recT=0.000000e+00 train_fc=0.000000e+00 train_decoder_tail=0.000000e+00
I 07.02/04:45:34 train_mapper.py:622 ] epoch=0323 train_loss=5.518394e-03 train_mse=4.280141e-03 train_cos=0.996653 train_nmse=-21.759dB train_rec=0.000000e+00 train_recT=0.000000e+00 train_fc=0.000000e+00 train_decoder_tail=0.000000e+00
I 07.02/04:46:23 train_mapper.py:622 ] epoch=0324 train_loss=5.484098e-03 train_mse=4.252815e-03 train_cos=0.996676 train_nmse=-21.787dB train_rec=0.000000e+00 train_recT=0.000000e+00 train_fc=0.000000e+00 train_decoder_tail=0.000000e+00
I 07.02/04:47:09 train_mapper.py:622 ] epoch=0325 train_loss=5.487397e-03 train_mse=4.255900e-03 train_cos=0.996672 train_nmse=-21.784dB train_rec=0.000000e+00 train_recT=0.000000e+00 train_fc=0.000000e+00 train_decoder_tail=0.000000e+00
I 07.02/04:47:52 train_mapper.py:622 ] epoch=0326 train_loss=5.465295e-03 train_mse=4.239573e-03 train_cos=0.996685 train_nmse=-21.801dB train_rec=0.000000e+00 train_recT=0.000000e+00 train_fc=0.000000e+00 train_decoder_tail=0.000000e+00
I 07.02/04:48:34 train_mapper.py:622 ] epoch=0327 train_loss=5.467611e-03 train_mse=4.240355e-03 train_cos=0.996682 train_nmse=-21.800dB train_rec=0.000000e+00 train_recT=0.000000e+00 train_fc=0.000000e+00 train_decoder_tail=0.000000e+00
I 07.02/04:49:21 train_mapper.py:622 ] epoch=0328 train_loss=5.449173e-03 train_mse=4.227273e-03 train_cos=0.996695 train_nmse=-21.813dB train_rec=0.000000e+00 train_recT=0.000000e+00 train_fc=0.000000e+00 train_decoder_tail=0.000000e+00
I 07.02/04:50:06 train_mapper.py:622 ] epoch=0329 train_loss=5.461112e-03 train_mse=4.236036e-03 train_cos=0.996686 train_nmse=-21.804dB train_rec=0.000000e+00 train_recT=0.000000e+00 train_fc=0.000000e+00 train_decoder_tail=0.000000e+00
I 07.02/04:50:49 train_mapper.py:622 ] epoch=0330 train_loss=5.471812e-03 train_mse=4.244296e-03 train_cos=0.996680 train_nmse=-21.796dB train_rec=0.000000e+00 train_recT=0.000000e+00 train_fc=0.000000e+00 train_decoder_tail=0.000000e+00
I 07.02/04:51:35 train_mapper.py:622 ] epoch=0331 train_loss=5.453777e-03 train_mse=4.230742e-03 train_cos=0.996691 train_nmse=-21.810dB train_rec=0.000000e+00 train_recT=0.000000e+00 train_fc=0.000000e+00 train_decoder_tail=0.000000e+00
I 07.02/04:52:18 train_mapper.py:622 ] epoch=0332 train_loss=5.440457e-03 train_mse=4.220088e-03 train_cos=0.996700 train_nmse=-21.821dB train_rec=0.000000e+00 train_recT=0.000000e+00 train_fc=0.000000e+00 train_decoder_tail=0.000000e+00
I 07.02/04:53:06 train_mapper.py:622 ] epoch=0333 train_loss=5.399947e-03 train_mse=4.188682e-03 train_cos=0.996725 train_nmse=-21.853dB train_rec=0.000000e+00 train_recT=0.000000e+00 train_fc=0.000000e+00 train_decoder_tail=0.000000e+00
I 07.02/04:53:52 train_mapper.py:622 ] epoch=0334 train_loss=5.435625e-03 train_mse=4.216684e-03 train_cos=0.996700 train_nmse=-21.824dB train_rec=0.000000e+00 train_recT=0.000000e+00 train_fc=0.000000e+00 train_decoder_tail=0.000000e+00
I 07.02/04:54:36 train_mapper.py:622 ] epoch=0335 train_loss=5.436257e-03 train_mse=4.217120e-03 train_cos=0.996701 train_nmse=-21.824dB train_rec=0.000000e+00 train_recT=0.000000e+00 train_fc=0.000000e+00 train_decoder_tail=0.000000e+00
I 07.02/04:55:25 train_mapper.py:622 ] epoch=0336 train_loss=5.402865e-03 train_mse=4.192065e-03 train_cos=0.996723 train_nmse=-21.850dB train_rec=0.000000e+00 train_recT=0.000000e+00 train_fc=0.000000e+00 train_decoder_tail=0.000000e+00
I 07.02/04:56:17 train_mapper.py:622 ] epoch=0337 train_loss=5.391155e-03 train_mse=4.182952e-03 train_cos=0.996730 train_nmse=-21.859dB train_rec=0.000000e+00 train_recT=0.000000e+00 train_fc=0.000000e+00 train_decoder_tail=0.000000e+00
I 07.02/04:57:14 train_mapper.py:622 ] epoch=0338 train_loss=5.404278e-03 train_mse=4.193274e-03 train_cos=0.996719 train_nmse=-21.849dB train_rec=0.000000e+00 train_recT=0.000000e+00 train_fc=0.000000e+00 train_decoder_tail=0.000000e+00
I 07.02/04:58:13 train_mapper.py:622 ] epoch=0339 train_loss=5.387990e-03 train_mse=4.180555e-03 train_cos=0.996729 train_nmse=-21.861dB train_rec=0.000000e+00 train_recT=0.000000e+00 train_fc=0.000000e+00 train_decoder_tail=0.000000e+00
I 07.02/04:59:14 train_mapper.py:622 ] epoch=0340 train_loss=5.356985e-03 train_mse=4.156903e-03 train_cos=0.996749 train_nmse=-21.886dB train_rec=0.000000e+00 train_recT=0.000000e+00 train_fc=0.000000e+00 train_decoder_tail=0.000000e+00
I 07.02/05:00:01 train_mapper.py:622 ] epoch=0341 train_loss=5.379232e-03 train_mse=4.173523e-03 train_cos=0.996733 train_nmse=-21.869dB train_rec=0.000000e+00 train_recT=0.000000e+00 train_fc=0.000000e+00 train_decoder_tail=0.000000e+00
I 07.02/05:00:51 train_mapper.py:622 ] epoch=0342 train_loss=5.364919e-03 train_mse=4.163047e-03 train_cos=0.996742 train_nmse=-21.880dB train_rec=0.000000e+00 train_recT=0.000000e+00 train_fc=0.000000e+00 train_decoder_tail=0.000000e+00
I 07.02/05:01:54 train_mapper.py:622 ] epoch=0343 train_loss=5.368003e-03 train_mse=4.165947e-03 train_cos=0.996740 train_nmse=-21.877dB train_rec=0.000000e+00 train_recT=0.000000e+00 train_fc=0.000000e+00 train_decoder_tail=0.000000e+00
I 07.02/05:02:56 train_mapper.py:622 ] epoch=0344 train_loss=5.369348e-03 train_mse=4.165821e-03 train_cos=0.996740 train_nmse=-21.877dB train_rec=0.000000e+00 train_recT=0.000000e+00 train_fc=0.000000e+00 train_decoder_tail=0.000000e+00
I 07.02/05:03:55 train_mapper.py:622 ] epoch=0345 train_loss=5.330405e-03 train_mse=4.135933e-03 train_cos=0.996766 train_nmse=-21.908dB train_rec=0.000000e+00 train_recT=0.000000e+00 train_fc=0.000000e+00 train_decoder_tail=0.000000e+00
I 07.02/05:04:54 train_mapper.py:622 ] epoch=0346 train_loss=5.354589e-03 train_mse=4.154314e-03 train_cos=0.996750 train_nmse=-21.889dB train_rec=0.000000e+00 train_recT=0.000000e+00 train_fc=0.000000e+00 train_decoder_tail=0.000000e+00
I 07.02/05:05:54 train_mapper.py:622 ] epoch=0347 train_loss=5.379226e-03 train_mse=4.172889e-03 train_cos=0.996733 train_nmse=-21.869dB train_rec=0.000000e+00 train_recT=0.000000e+00 train_fc=0.000000e+00 train_decoder_tail=0.000000e+00
I 07.02/05:06:52 train_mapper.py:622 ] epoch=0348 train_loss=5.319042e-03 train_mse=4.127761e-03 train_cos=0.996771 train_nmse=-21.917dB train_rec=0.000000e+00 train_recT=0.000000e+00 train_fc=0.000000e+00 train_decoder_tail=0.000000e+00
I 07.02/05:07:54 train_mapper.py:622 ] epoch=0349 train_loss=5.311015e-03 train_mse=4.121251e-03 train_cos=0.996775 train_nmse=-21.924dB train_rec=0.000000e+00 train_recT=0.000000e+00 train_fc=0.000000e+00 train_decoder_tail=0.000000e+00
I 07.02/05:08:49 train_mapper.py:622 ] epoch=0350 train_loss=5.326778e-03 train_mse=4.134073e-03 train_cos=0.996763 train_nmse=-21.910dB train_rec=0.000000e+00 train_recT=0.000000e+00 train_fc=0.000000e+00 train_decoder_tail=0.000000e+00
I 07.02/05:09:46 train_mapper.py:622 ] epoch=0351 train_loss=5.323534e-03 train_mse=4.131221e-03 train_cos=0.996765 train_nmse=-21.913dB train_rec=0.000000e+00 train_recT=0.000000e+00 train_fc=0.000000e+00 train_decoder_tail=0.000000e+00
I 07.02/05:10:45 train_mapper.py:622 ] epoch=0352 train_loss=5.304692e-03 train_mse=4.116326e-03 train_cos=0.996778 train_nmse=-21.929dB train_rec=0.000000e+00 train_recT=0.000000e+00 train_fc=0.000000e+00 train_decoder_tail=0.000000e+00
I 07.02/05:11:42 train_mapper.py:622 ] epoch=0353 train_loss=5.310971e-03 train_mse=4.121916e-03 train_cos=0.996773 train_nmse=-21.923dB train_rec=0.000000e+00 train_recT=0.000000e+00 train_fc=0.000000e+00 train_decoder_tail=0.000000e+00
I 07.02/05:12:39 train_mapper.py:622 ] epoch=0354 train_loss=5.249374e-03 train_mse=4.074658e-03 train_cos=0.996813 train_nmse=-21.973dB train_rec=0.000000e+00 train_recT=0.000000e+00 train_fc=0.000000e+00 train_decoder_tail=0.000000e+00
I 07.02/05:13:33 train_mapper.py:622 ] epoch=0355 train_loss=5.261722e-03 train_mse=4.083468e-03 train_cos=0.996806 train_nmse=-21.964dB train_rec=0.000000e+00 train_recT=0.000000e+00 train_fc=0.000000e+00 train_decoder_tail=0.000000e+00
I 07.02/05:14:29 train_mapper.py:622 ] epoch=0356 train_loss=5.285194e-03 train_mse=4.101368e-03 train_cos=0.996790 train_nmse=-21.945dB train_rec=0.000000e+00 train_recT=0.000000e+00 train_fc=0.000000e+00 train_decoder_tail=0.000000e+00
I 07.02/05:15:22 train_mapper.py:622 ] epoch=0357 train_loss=5.246833e-03 train_mse=4.072922e-03 train_cos=0.996814 train_nmse=-21.975dB train_rec=0.000000e+00 train_recT=0.000000e+00 train_fc=0.000000e+00 train_decoder_tail=0.000000e+00
I 07.02/05:16:19 train_mapper.py:622 ] epoch=0358 train_loss=5.275114e-03 train_mse=4.093939e-03 train_cos=0.996794 train_nmse=-21.953dB train_rec=0.000000e+00 train_recT=0.000000e+00 train_fc=0.000000e+00 train_decoder_tail=0.000000e+00
I 07.02/05:17:14 train_mapper.py:622 ] epoch=0359 train_loss=5.286134e-03 train_mse=4.102632e-03 train_cos=0.996787 train_nmse=-21.943dB train_rec=0.000000e+00 train_recT=0.000000e+00 train_fc=0.000000e+00 train_decoder_tail=0.000000e+00
I 07.02/05:18:03 train_mapper.py:622 ] epoch=0360 train_loss=5.277421e-03 train_mse=4.097194e-03 train_cos=0.996792 train_nmse=-21.949dB train_rec=0.000000e+00 train_recT=0.000000e+00 train_fc=0.000000e+00 train_decoder_tail=0.000000e+00
I 07.02/05:18:52 train_mapper.py:622 ] epoch=0361 train_loss=5.238641e-03 train_mse=4.066862e-03 train_cos=0.996818 train_nmse=-21.981dB train_rec=0.000000e+00 train_recT=0.000000e+00 train_fc=0.000000e+00 train_decoder_tail=0.000000e+00
I 07.02/05:19:44 train_mapper.py:622 ] epoch=0362 train_loss=5.211983e-03 train_mse=4.046570e-03 train_cos=0.996834 train_nmse=-22.003dB train_rec=0.000000e+00 train_recT=0.000000e+00 train_fc=0.000000e+00 train_decoder_tail=0.000000e+00
I 07.02/05:20:38 train_mapper.py:622 ] epoch=0363 train_loss=5.229317e-03 train_mse=4.060256e-03 train_cos=0.996822 train_nmse=-21.988dB train_rec=0.000000e+00 train_recT=0.000000e+00 train_fc=0.000000e+00 train_decoder_tail=0.000000e+00
I 07.02/05:21:32 train_mapper.py:622 ] epoch=0364 train_loss=5.258946e-03 train_mse=4.081818e-03 train_cos=0.996803 train_nmse=-21.966dB train_rec=0.000000e+00 train_recT=0.000000e+00 train_fc=0.000000e+00 train_decoder_tail=0.000000e+00
I 07.02/05:22:22 train_mapper.py:622 ] epoch=0365 train_loss=5.227125e-03 train_mse=4.057196e-03 train_cos=0.996823 train_nmse=-21.992dB train_rec=0.000000e+00 train_recT=0.000000e+00 train_fc=0.000000e+00 train_decoder_tail=0.000000e+00
I 07.02/05:23:11 train_mapper.py:622 ] epoch=0366 train_loss=5.225786e-03 train_mse=4.057714e-03 train_cos=0.996821 train_nmse=-21.991dB train_rec=0.000000e+00 train_recT=0.000000e+00 train_fc=0.000000e+00 train_decoder_tail=0.000000e+00
I 07.02/05:23:59 train_mapper.py:622 ] epoch=0367 train_loss=5.190410e-03 train_mse=4.030243e-03 train_cos=0.996846 train_nmse=-22.021dB train_rec=0.000000e+00 train_recT=0.000000e+00 train_fc=0.000000e+00 train_decoder_tail=0.000000e+00
I 07.02/05:24:49 train_mapper.py:622 ] epoch=0368 train_loss=5.173563e-03 train_mse=4.016894e-03 train_cos=0.996856 train_nmse=-22.035dB train_rec=0.000000e+00 train_recT=0.000000e+00 train_fc=0.000000e+00 train_decoder_tail=0.000000e+00
I 07.02/05:25:37 train_mapper.py:622 ] epoch=0369 train_loss=5.168078e-03 train_mse=4.012633e-03 train_cos=0.996858 train_nmse=-22.040dB train_rec=0.000000e+00 train_recT=0.000000e+00 train_fc=0.000000e+00 train_decoder_tail=0.000000e+00
I 07.02/05:26:22 train_mapper.py:622 ] epoch=0370 train_loss=5.195777e-03 train_mse=4.034060e-03 train_cos=0.996842 train_nmse=-22.017dB train_rec=0.000000e+00 train_recT=0.000000e+00 train_fc=0.000000e+00 train_decoder_tail=0.000000e+00
I 07.02/05:27:09 train_mapper.py:622 ] epoch=0371 train_loss=5.194593e-03 train_mse=4.034075e-03 train_cos=0.996842 train_nmse=-22.016dB train_rec=0.000000e+00 train_recT=0.000000e+00 train_fc=0.000000e+00 train_decoder_tail=0.000000e+00
I 07.02/05:27:52 train_mapper.py:622 ] epoch=0372 train_loss=5.181045e-03 train_mse=4.024014e-03 train_cos=0.996851 train_nmse=-22.027dB train_rec=0.000000e+00 train_recT=0.000000e+00 train_fc=0.000000e+00 train_decoder_tail=0.000000e+00
I 07.02/05:28:36 train_mapper.py:622 ] epoch=0373 train_loss=5.178785e-03 train_mse=4.021380e-03 train_cos=0.996852 train_nmse=-22.030dB train_rec=0.000000e+00 train_recT=0.000000e+00 train_fc=0.000000e+00 train_decoder_tail=0.000000e+00
I 07.02/05:29:21 train_mapper.py:622 ] epoch=0374 train_loss=5.195262e-03 train_mse=4.033964e-03 train_cos=0.996841 train_nmse=-22.016dB train_rec=0.000000e+00 train_recT=0.000000e+00 train_fc=0.000000e+00 train_decoder_tail=0.000000e+00
I 07.02/05:30:07 train_mapper.py:622 ] epoch=0375 train_loss=5.159411e-03 train_mse=4.007473e-03 train_cos=0.996863 train_nmse=-22.045dB train_rec=0.000000e+00 train_recT=0.000000e+00 train_fc=0.000000e+00 train_decoder_tail=0.000000e+00
I 07.02/05:30:50 train_mapper.py:622 ] epoch=0376 train_loss=5.140328e-03 train_mse=3.992225e-03 train_cos=0.996874 train_nmse=-22.062dB train_rec=0.000000e+00 train_recT=0.000000e+00 train_fc=0.000000e+00 train_decoder_tail=0.000000e+00
I 07.02/05:31:37 train_mapper.py:622 ] epoch=0377 train_loss=5.141894e-03 train_mse=3.993539e-03 train_cos=0.996873 train_nmse=-22.060dB train_rec=0.000000e+00 train_recT=0.000000e+00 train_fc=0.000000e+00 train_decoder_tail=0.000000e+00
I 07.02/05:32:22 train_mapper.py:622 ] epoch=0378 train_loss=5.149211e-03 train_mse=3.998654e-03 train_cos=0.996869 train_nmse=-22.055dB train_rec=0.000000e+00 train_recT=0.000000e+00 train_fc=0.000000e+00 train_decoder_tail=0.000000e+00
I 07.02/05:33:06 train_mapper.py:622 ] epoch=0379 train_loss=5.186493e-03 train_mse=4.027843e-03 train_cos=0.996843 train_nmse=-22.023dB train_rec=0.000000e+00 train_recT=0.000000e+00 train_fc=0.000000e+00 train_decoder_tail=0.000000e+00
I 07.02/05:33:50 train_mapper.py:622 ] epoch=0380 train_loss=5.121736e-03 train_mse=3.978401e-03 train_cos=0.996887 train_nmse=-22.077dB train_rec=0.000000e+00 train_recT=0.000000e+00 train_fc=0.000000e+00 train_decoder_tail=0.000000e+00
I 07.02/05:34:34 train_mapper.py:622 ] epoch=0381 train_loss=5.108765e-03 train_mse=3.968198e-03 train_cos=0.996893 train_nmse=-22.088dB train_rec=0.000000e+00 train_recT=0.000000e+00 train_fc=0.000000e+00 train_decoder_tail=0.000000e+00
I 07.02/05:35:18 train_mapper.py:622 ] epoch=0382 train_loss=5.123874e-03 train_mse=3.979088e-03 train_cos=0.996884 train_nmse=-22.076dB train_rec=0.000000e+00 train_recT=0.000000e+00 train_fc=0.000000e+00 train_decoder_tail=0.000000e+00
I 07.02/05:36:02 train_mapper.py:622 ] epoch=0383 train_loss=5.144878e-03 train_mse=3.995509e-03 train_cos=0.996869 train_nmse=-22.058dB train_rec=0.000000e+00 train_recT=0.000000e+00 train_fc=0.000000e+00 train_decoder_tail=0.000000e+00
I 07.02/05:36:48 train_mapper.py:622 ] epoch=0384 train_loss=5.079086e-03 train_mse=3.944100e-03 train_cos=0.996911 train_nmse=-22.115dB train_rec=0.000000e+00 train_recT=0.000000e+00 train_fc=0.000000e+00 train_decoder_tail=0.000000e+00
I 07.02/05:37:36 train_mapper.py:622 ] epoch=0385 train_loss=5.121231e-03 train_mse=3.977743e-03 train_cos=0.996885 train_nmse=-22.078dB train_rec=0.000000e+00 train_recT=0.000000e+00 train_fc=0.000000e+00 train_decoder_tail=0.000000e+00
I 07.02/05:38:19 train_mapper.py:622 ] epoch=0386 train_loss=5.082575e-03 train_mse=3.948627e-03 train_cos=0.996909 train_nmse=-22.109dB train_rec=0.000000e+00 train_recT=0.000000e+00 train_fc=0.000000e+00 train_decoder_tail=0.000000e+00
I 07.02/05:39:07 train_mapper.py:622 ] epoch=0387 train_loss=5.076066e-03 train_mse=3.943735e-03 train_cos=0.996912 train_nmse=-22.115dB train_rec=0.000000e+00 train_recT=0.000000e+00 train_fc=0.000000e+00 train_decoder_tail=0.000000e+00
I 07.02/05:39:52 train_mapper.py:622 ] epoch=0388 train_loss=5.084910e-03 train_mse=3.950171e-03 train_cos=0.996906 train_nmse=-22.108dB train_rec=0.000000e+00 train_recT=0.000000e+00 train_fc=0.000000e+00 train_decoder_tail=0.000000e+00
I 07.02/05:40:37 train_mapper.py:622 ] epoch=0389 train_loss=5.076619e-03 train_mse=3.944025e-03 train_cos=0.996912 train_nmse=-22.115dB train_rec=0.000000e+00 train_recT=0.000000e+00 train_fc=0.000000e+00 train_decoder_tail=0.000000e+00
I 07.02/05:41:21 train_mapper.py:622 ] epoch=0390 train_loss=5.075924e-03 train_mse=3.943407e-03 train_cos=0.996910 train_nmse=-22.115dB train_rec=0.000000e+00 train_recT=0.000000e+00 train_fc=0.000000e+00 train_decoder_tail=0.000000e+00
I 07.02/05:42:08 train_mapper.py:622 ] epoch=0391 train_loss=5.092723e-03 train_mse=3.955538e-03 train_cos=0.996899 train_nmse=-22.102dB train_rec=0.000000e+00 train_recT=0.000000e+00 train_fc=0.000000e+00 train_decoder_tail=0.000000e+00
I 07.02/05:42:53 train_mapper.py:622 ] epoch=0392 train_loss=5.093732e-03 train_mse=3.957472e-03 train_cos=0.996898 train_nmse=-22.100dB train_rec=0.000000e+00 train_recT=0.000000e+00 train_fc=0.000000e+00 train_decoder_tail=0.000000e+00
I 07.02/05:43:37 train_mapper.py:622 ] epoch=0393 train_loss=5.072585e-03 train_mse=3.941711e-03 train_cos=0.996912 train_nmse=-22.117dB train_rec=0.000000e+00 train_recT=0.000000e+00 train_fc=0.000000e+00 train_decoder_tail=0.000000e+00
I 07.02/05:44:21 train_mapper.py:622 ] epoch=0394 train_loss=5.068826e-03 train_mse=3.938316e-03 train_cos=0.996914 train_nmse=-22.121dB train_rec=0.000000e+00 train_recT=0.000000e+00 train_fc=0.000000e+00 train_decoder_tail=0.000000e+00
I 07.02/05:45:05 train_mapper.py:622 ] epoch=0395 train_loss=5.025303e-03 train_mse=3.905242e-03 train_cos=0.996942 train_nmse=-22.157dB train_rec=0.000000e+00 train_recT=0.000000e+00 train_fc=0.000000e+00 train_decoder_tail=0.000000e+00
I 07.02/05:45:48 train_mapper.py:622 ] epoch=0396 train_loss=5.035496e-03 train_mse=3.912734e-03 train_cos=0.996934 train_nmse=-22.149dB train_rec=0.000000e+00 train_recT=0.000000e+00 train_fc=0.000000e+00 train_decoder_tail=0.000000e+00
I 07.02/05:46:31 train_mapper.py:622 ] epoch=0397 train_loss=5.029372e-03 train_mse=3.908783e-03 train_cos=0.996939 train_nmse=-22.153dB train_rec=0.000000e+00 train_recT=0.000000e+00 train_fc=0.000000e+00 train_decoder_tail=0.000000e+00
I 07.02/05:47:15 train_mapper.py:622 ] epoch=0398 train_loss=5.029131e-03 train_mse=3.908379e-03 train_cos=0.996940 train_nmse=-22.154dB train_rec=0.000000e+00 train_recT=0.000000e+00 train_fc=0.000000e+00 train_decoder_tail=0.000000e+00
I 07.02/05:47:58 train_mapper.py:622 ] epoch=0399 train_loss=5.050855e-03 train_mse=3.923642e-03 train_cos=0.996926 train_nmse=-22.137dB train_rec=0.000000e+00 train_recT=0.000000e+00 train_fc=0.000000e+00 train_decoder_tail=0.000000e+00
I 07.02/05:48:43 train_mapper.py:622 ] epoch=0400 train_loss=4.990372e-03 train_mse=3.877871e-03 train_cos=0.996964 train_nmse=-22.188dB train_rec=0.000000e+00 train_recT=0.000000e+00 train_fc=0.000000e+00 train_decoder_tail=0.000000e+00
I 07.02/05:52:16 train_mapper.py:738 ] best_loss_epoch=400 best_loss_selection=train_loss best_loss_metric=4.990372e-03 best_loss_mse=3.877871e-03 best_loss_loss=4.990372e-03
I 07.02/05:52:16 train_mapper.py:743 ] best_mse_epoch=400 best_mse_selection=train_mse best_mse_metric=3.877871e-03 best_mse_mse=3.877871e-03 best_mse_loss=4.990372e-03
I 07.02/05:52:16 train_mapper.py:749 ] all_best_loss_mse=3.800704e-03 all_best_loss_cos=0.997022 all_best_loss_nmse=-22.275dB
I 07.02/05:52:16 train_mapper.py:753 ] all_best_mse_mse=3.800704e-03 all_best_mse_cos=0.997022 all_best_mse_nmse=-22.275dB
