I 07.06/06:57:57 init.py:13  ] Random seed set to 31887
I 07.06/06:57:59 init.py:81  ] Running on GPU 0
I 07.06/06:57:59 logger.py:152 ] => Experiment directory: /nfs5/zxd/Huawei/UniversalCSI/exps/COST2100/in/base/seed31887/transnet_transnet
I 07.06/06:57:59 logger.py:71  ] => Runtime Context:
I 07.06/06:57:59 logger.py:72  ]    cwd: /nfs5/zxd/Huawei/UniversalCSI
I 07.06/06:57:59 logger.py:73  ]    pid: 1355
I 07.06/06:57:59 logger.py:74  ]    command: main.py --exp_name COST2100/in/base/seed31887/transnet_transnet --train_path /nfs5/zxd/Huawei/datasets/COST2100/in_train.pt --val_path /nfs5/zxd/Huawei/datasets/COST2100/in_val.pt --test_path /nfs5/zxd/Huawei/datasets/COST2100/in_test.pt --epochs 400 --d_model 64 --nt 32 --nc 32 --dim_feedforward 2048 --hidden 16 --num_blocks 2 --batch_size 256 --workers 0 --cr 4 --encoder transnet --decoder transnet --scheduler cosine --lr_init 2e-4 --weight_decay 1e-3 --gpu 0 --seed 31887
I 07.06/06:57:59 logger.py:75  ]    python: 3.11.14 | packaged by conda-forge | (main, Oct 22 2025, 22:46:25) [GCC 14.3.0]
I 07.06/06:57:59 logger.py:76  ]    pytorch: 2.6.0+cu124
I 07.06/06:57:59 logger.py:77  ]    cuda_available: True
I 07.06/06:57:59 logger.py:79  ]    cuda_version: 12.4
I 07.06/06:57:59 logger.py:81  ]    CUDA_VISIBLE_DEVICES: 0
I 07.06/06:57:59 logger.py:91  ]    current_device: not initialized yet
I 07.06/06:57:59 logger.py:63  ] => Arguments:
{
  "adapter": null,
  "adapter_gate_init": 0.1,
  "adapter_hidden_dim": 2048,
  "adapter_rank": 32,
  "anchor_loss": "mse",
  "anchor_target": "none",
  "batch_size": 256,
  "canonical_anchor_seed": 0,
  "canonical_codebook_size": 1024,
  "canonical_codebook_temperature": 1.0,
  "canonical_head": "none",
  "canonical_lowrank_rank": 0,
  "canonical_lowrank_scale": 0.0,
  "channel": 2,
  "code_var_tau": 256.0,
  "cpu": false,
  "cpu_affinity": null,
  "cr": 4,
  "d_model": 64,
  "decoder": "transnet",
  "dim_feedforward": 2048,
  "encoder": "transnet",
  "epochs": 400,
  "evaluate": false,
  "exp_name": "COST2100/in/base/seed31887/transnet_transnet",
  "gpu": 0,
  "hidden": 16,
  "lambda_anchor": 0.0,
  "lambda_code": 0.0,
  "lambda_code_cov": 0.0,
  "lambda_code_l1": 0.0,
  "lambda_code_mean": 0.0,
  "lambda_code_var": 0.0,
  "lambda_fc": 0.0,
  "lambda_recT": 0.0,
  "lambda_recon": 1.0,
  "lambda_teacher_pca": 0.0,
  "lambda_teacher_whiten": 0.0,
  "lr_init": 0.0002,
  "nc": 32,
  "nt": 32,
  "num_blocks": 2,
  "pretrained": null,
  "pretrained_decoder": null,
  "pretrained_encoder": null,
  "resume": null,
  "scheduler": "cosine",
  "seed": 31887,
  "teacher_code": null,
  "teacher_pca_dim": 0,
  "test_path": "/nfs5/zxd/Huawei/datasets/COST2100/in_test.pt",
  "train_path": "/nfs5/zxd/Huawei/datasets/COST2100/in_train.pt",
  "val_path": "/nfs5/zxd/Huawei/datasets/COST2100/in_val.pt",
  "weight_decay": 0.001,
  "workers": 0
}
I 07.06/06:57:59 main.py:57  ] => Checkpoint directory: /nfs5/zxd/Huawei/UniversalCSI/exps/COST2100/in/base/seed31887/transnet_transnet/checkpoints
I 07.06/06:57:59 main.py:58  ] => TensorBoard directory: /nfs5/zxd/Huawei/UniversalCSI/exps/COST2100/in/base/seed31887/transnet_transnet/tensorboard
I 07.06/06:57:59 main.py:59  ] => PyTorch Version: 2.6.0+cu124
I 07.06/06:58:03 main.py:75  ] => Dataset sizes: train=100000, val=30000, test=20000
I 07.06/06:58:03 main.py:80  ] => Loader config: batch_size=256, workers=0, pin_memory=True
I 07.06/06:58:03 init.py:143 ] => Model Name: UniversalCSI [pretrained: None; pretrained_decoder: None; pretrained_encoder: None; adapter: None; adapter_hidden_dim: 2048; canonical_head: none; canonical_anchor_seed: 0]
I 07.06/06:58:03 init.py:150 ] => Model Config: compression ratio=1/4; encoder=transnet; decoder=transnet; input shape=(2, 32, 32); input dim=2048
I 07.06/06:58:03 init.py:155 ] => Model Flops: 3.5742e+01M
I 07.06/06:58:03 init.py:156 ] => Model Params Num: 3.1581e+00M

I 07.06/06:58:03 init.py:157 ] 
**********
UniversalCSIModel(
  (encoder): TransNetEncoder(
    (encoder): TransformerEncoder(
      (layers): ModuleList(
        (0-1): 2 x TransformerEncoderLayer(
          (self_attn): MultiheadAttention(
            (out_proj): NonDynamicallyQuantizableLinear(in_features=64, out_features=64, bias=True)
          )
          (linear1): Linear(in_features=64, out_features=2048, bias=True)
          (dropout): Dropout(p=0.0, inplace=False)
          (linear2): Linear(in_features=2048, out_features=64, bias=True)
          (norm1): LayerNorm((64,), eps=1e-05, elementwise_affine=True)
          (norm2): LayerNorm((64,), eps=1e-05, elementwise_affine=True)
          (dropout1): Dropout(p=0.0, inplace=False)
          (dropout2): Dropout(p=0.0, inplace=False)
        )
      )
    )
    (fc): Linear(in_features=2048, out_features=512, bias=True)
  )
  (decoder): TransNetDecoder(
    (fc_decoder): Linear(in_features=512, out_features=2048, bias=True)
    (decoder): TransformerDecoder(
      (layers): ModuleList(
        (0-1): 2 x TransformerDecoderLayer(
          (self_attn): MultiheadAttention(
            (out_proj): NonDynamicallyQuantizableLinear(in_features=64, out_features=64, bias=True)
          )
          (multihead_attn): MultiheadAttention(
            (out_proj): NonDynamicallyQuantizableLinear(in_features=64, out_features=64, bias=True)
          )
          (linear1): Linear(in_features=64, out_features=2048, bias=True)
          (dropout): Dropout(p=0.0, inplace=False)
          (linear2): Linear(in_features=2048, out_features=64, bias=True)
          (norm1): LayerNorm((64,), eps=1e-05, elementwise_affine=True)
          (norm2): LayerNorm((64,), eps=1e-05, elementwise_affine=True)
          (norm3): LayerNorm((64,), eps=1e-05, elementwise_affine=True)
          (dropout1): Dropout(p=0.0, inplace=False)
          (dropout2): Dropout(p=0.0, inplace=False)
          (dropout3): Dropout(p=0.0, inplace=False)
        )
      )
      (norm): LayerNorm((64,), eps=1e-05, elementwise_affine=True)
    )
  )
)
**********

I 07.06/06:58:03 logger.py:146 ] 
name                                                              grad           shape     numel
----                                                              ----           -----     -----
encoder.encoder.layers.0.self_attn.in_proj_weight                 True       (192, 64)    12,288
encoder.encoder.layers.0.self_attn.in_proj_bias                   True          (192,)       192
encoder.encoder.layers.0.self_attn.out_proj.weight                True        (64, 64)     4,096
encoder.encoder.layers.0.self_attn.out_proj.bias                  True           (64,)        64
encoder.encoder.layers.0.linear1.weight                           True      (2048, 64)   131,072
encoder.encoder.layers.0.linear1.bias                             True         (2048,)     2,048
encoder.encoder.layers.0.linear2.weight                           True      (64, 2048)   131,072
encoder.encoder.layers.0.linear2.bias                             True           (64,)        64
encoder.encoder.layers.0.norm1.weight                             True           (64,)        64
encoder.encoder.layers.0.norm1.bias                               True           (64,)        64
encoder.encoder.layers.0.norm2.weight                             True           (64,)        64
encoder.encoder.layers.0.norm2.bias                               True           (64,)        64
encoder.encoder.layers.1.self_attn.in_proj_weight                 True       (192, 64)    12,288
encoder.encoder.layers.1.self_attn.in_proj_bias                   True          (192,)       192
encoder.encoder.layers.1.self_attn.out_proj.weight                True        (64, 64)     4,096
encoder.encoder.layers.1.self_attn.out_proj.bias                  True           (64,)        64
encoder.encoder.layers.1.linear1.weight                           True      (2048, 64)   131,072
encoder.encoder.layers.1.linear1.bias                             True         (2048,)     2,048
encoder.encoder.layers.1.linear2.weight                           True      (64, 2048)   131,072
encoder.encoder.layers.1.linear2.bias                             True           (64,)        64
encoder.encoder.layers.1.norm1.weight                             True           (64,)        64
encoder.encoder.layers.1.norm1.bias                               True           (64,)        64
encoder.encoder.layers.1.norm2.weight                             True           (64,)        64
encoder.encoder.layers.1.norm2.bias                               True           (64,)        64
encoder.fc.weight                                                 True     (512, 2048) 1,048,576
encoder.fc.bias                                                   True          (512,)       512
decoder.fc_decoder.weight                                         True     (2048, 512) 1,048,576
decoder.fc_decoder.bias                                           True         (2048,)     2,048
decoder.decoder.layers.0.self_attn.in_proj_weight                 True       (192, 64)    12,288
decoder.decoder.layers.0.self_attn.in_proj_bias                   True          (192,)       192
decoder.decoder.layers.0.self_attn.out_proj.weight                True        (64, 64)     4,096
decoder.decoder.layers.0.self_attn.out_proj.bias                  True           (64,)        64
decoder.decoder.layers.0.multihead_attn.in_proj_weight            True       (192, 64)    12,288
decoder.decoder.layers.0.multihead_attn.in_proj_bias              True          (192,)       192
decoder.decoder.layers.0.multihead_attn.out_proj.weight           True        (64, 64)     4,096
decoder.decoder.layers.0.multihead_attn.out_proj.bias             True           (64,)        64
decoder.decoder.layers.0.linear1.weight                           True      (2048, 64)   131,072
decoder.decoder.layers.0.linear1.bias                             True         (2048,)     2,048
decoder.decoder.layers.0.linear2.weight                           True      (64, 2048)   131,072
decoder.decoder.layers.0.linear2.bias                             True           (64,)        64
decoder.decoder.layers.0.norm1.weight                             True           (64,)        64
decoder.decoder.layers.0.norm1.bias                               True           (64,)        64
decoder.decoder.layers.0.norm2.weight                             True           (64,)        64
decoder.decoder.layers.0.norm2.bias                               True           (64,)        64
decoder.decoder.layers.0.norm3.weight                             True           (64,)        64
decoder.decoder.layers.0.norm3.bias                               True           (64,)        64
decoder.decoder.layers.1.self_attn.in_proj_weight                 True       (192, 64)    12,288
decoder.decoder.layers.1.self_attn.in_proj_bias                   True          (192,)       192
decoder.decoder.layers.1.self_attn.out_proj.weight                True        (64, 64)     4,096
decoder.decoder.layers.1.self_attn.out_proj.bias                  True           (64,)        64
decoder.decoder.layers.1.multihead_attn.in_proj_weight            True       (192, 64)    12,288
decoder.decoder.layers.1.multihead_attn.in_proj_bias              True          (192,)       192
decoder.decoder.layers.1.multihead_attn.out_proj.weight           True        (64, 64)     4,096
decoder.decoder.layers.1.multihead_attn.out_proj.bias             True           (64,)        64
decoder.decoder.layers.1.linear1.weight                           True      (2048, 64)   131,072
decoder.decoder.layers.1.linear1.bias                             True         (2048,)     2,048
decoder.decoder.layers.1.linear2.weight                           True      (64, 2048)   131,072
decoder.decoder.layers.1.linear2.bias                             True           (64,)        64
decoder.decoder.layers.1.norm1.weight                             True           (64,)        64
decoder.decoder.layers.1.norm1.bias                               True           (64,)        64
decoder.decoder.layers.1.norm2.weight                             True           (64,)        64
decoder.decoder.layers.1.norm2.bias                               True           (64,)        64
decoder.decoder.layers.1.norm3.weight                             True           (64,)        64
decoder.decoder.layers.1.norm3.bias                               True           (64,)        64
decoder.decoder.norm.weight                                       True           (64,)        64
decoder.decoder.norm.bias                                         True           (64,)        64
**********
total=3,257,984, trainable=3,257,984, frozen=0
I 07.06/06:58:05 main.py:138 ] => Optimizer: AdamW lr=0.0002 weight_decay=0.001 decay_params=3244032 no_decay_params=13952
I 07.06/06:58:05 main.py:155 ] => Scheduler: cosine T_max=156400 T_warmup=15640.0 eta_min=5e-05
I 07.06/06:58:16 solver.py:324 ] Epoch: [1/400][20/391] lr: 2.56e-07 | recon: 1.0005e+00 total: 1.0005e+00 | time: 0.536
I 07.06/06:58:21 solver.py:324 ] Epoch: [1/400][40/391] lr: 5.12e-07 | recon: 1.0005e+00 total: 1.0005e+00 | time: 0.396
I 07.06/06:58:28 solver.py:324 ] Epoch: [1/400][60/391] lr: 7.67e-07 | recon: 1.0004e+00 total: 1.0004e+00 | time: 0.377
I 07.06/06:58:35 solver.py:324 ] Epoch: [1/400][80/391] lr: 1.02e-06 | recon: 1.0004e+00 total: 1.0004e+00 | time: 0.364
I 07.06/06:58:40 solver.py:324 ] Epoch: [1/400][100/391] lr: 1.28e-06 | recon: 1.0003e+00 total: 1.0003e+00 | time: 0.349
I 07.06/06:58:48 solver.py:324 ] Epoch: [1/400][120/391] lr: 1.53e-06 | recon: 1.0003e+00 total: 1.0003e+00 | time: 0.352
I 07.06/06:58:53 solver.py:324 ] Epoch: [1/400][140/391] lr: 1.79e-06 | recon: 1.0002e+00 total: 1.0002e+00 | time: 0.342
I 07.06/06:59:00 solver.py:324 ] Epoch: [1/400][160/391] lr: 2.05e-06 | recon: 1.0001e+00 total: 1.0001e+00 | time: 0.342
I 07.06/06:59:07 solver.py:324 ] Epoch: [1/400][180/391] lr: 2.30e-06 | recon: 1.0000e+00 total: 1.0000e+00 | time: 0.342
I 07.06/06:59:12 solver.py:324 ] Epoch: [1/400][200/391] lr: 2.56e-06 | recon: 9.9994e-01 total: 9.9994e-01 | time: 0.335
I 07.06/06:59:19 solver.py:324 ] Epoch: [1/400][220/391] lr: 2.81e-06 | recon: 9.9982e-01 total: 9.9982e-01 | time: 0.336
I 07.06/06:59:25 solver.py:324 ] Epoch: [1/400][240/391] lr: 3.07e-06 | recon: 9.9969e-01 total: 9.9969e-01 | time: 0.333
I 07.06/06:59:33 solver.py:324 ] Epoch: [1/400][260/391] lr: 3.32e-06 | recon: 9.9955e-01 total: 9.9955e-01 | time: 0.336
I 07.06/06:59:39 solver.py:324 ] Epoch: [1/400][280/391] lr: 3.58e-06 | recon: 9.9939e-01 total: 9.9939e-01 | time: 0.333
I 07.06/06:59:45 solver.py:324 ] Epoch: [1/400][300/391] lr: 3.84e-06 | recon: 9.9922e-01 total: 9.9922e-01 | time: 0.333
I 07.06/06:59:52 solver.py:324 ] Epoch: [1/400][320/391] lr: 4.09e-06 | recon: 9.9903e-01 total: 9.9903e-01 | time: 0.332
I 07.06/06:59:58 solver.py:324 ] Epoch: [1/400][340/391] lr: 4.35e-06 | recon: 9.9883e-01 total: 9.9883e-01 | time: 0.332
I 07.06/07:00:04 solver.py:324 ] Epoch: [1/400][360/391] lr: 4.60e-06 | recon: 9.9861e-01 total: 9.9861e-01 | time: 0.330
I 07.06/07:00:11 solver.py:324 ] Epoch: [1/400][380/391] lr: 4.86e-06 | recon: 9.9838e-01 total: 9.9838e-01 | time: 0.332
I 07.06/07:00:15 solver.py:372 ] => Train  Recon loss: 9.9825e-01 | Total: 9.9825e-01

I 07.06/07:00:22 solver.py:324 ] Epoch: [2/400][20/391] lr: 5.26e-06 | recon: 9.9309e-01 total: 9.9309e-01 | time: 0.356
I 07.06/07:00:30 solver.py:324 ] Epoch: [2/400][40/391] lr: 5.51e-06 | recon: 9.9272e-01 total: 9.9272e-01 | time: 0.363
I 07.06/07:00:37 solver.py:324 ] Epoch: [2/400][60/391] lr: 5.77e-06 | recon: 9.9233e-01 total: 9.9233e-01 | time: 0.365
I 07.06/07:00:45 solver.py:324 ] Epoch: [2/400][80/391] lr: 6.02e-06 | recon: 9.9194e-01 total: 9.9194e-01 | time: 0.371
I 07.06/07:00:53 solver.py:324 ] Epoch: [2/400][100/391] lr: 6.28e-06 | recon: 9.9154e-01 total: 9.9154e-01 | time: 0.383
I 07.06/07:01:01 solver.py:324 ] Epoch: [2/400][120/391] lr: 6.53e-06 | recon: 9.9115e-01 total: 9.9115e-01 | time: 0.381
I 07.06/07:01:09 solver.py:324 ] Epoch: [2/400][140/391] lr: 6.79e-06 | recon: 9.9074e-01 total: 9.9074e-01 | time: 0.387
I 07.06/07:01:21 solver.py:324 ] Epoch: [2/400][160/391] lr: 7.05e-06 | recon: 9.9035e-01 total: 9.9035e-01 | time: 0.411
I 07.06/07:01:35 solver.py:324 ] Epoch: [2/400][180/391] lr: 7.30e-06 | recon: 9.8997e-01 total: 9.8997e-01 | time: 0.442
I 07.06/07:01:44 solver.py:324 ] Epoch: [2/400][200/391] lr: 7.56e-06 | recon: 9.8958e-01 total: 9.8958e-01 | time: 0.443
I 07.06/07:01:54 solver.py:324 ] Epoch: [2/400][220/391] lr: 7.81e-06 | recon: 9.8920e-01 total: 9.8920e-01 | time: 0.452
I 07.06/07:02:00 solver.py:324 ] Epoch: [2/400][240/391] lr: 8.07e-06 | recon: 9.8882e-01 total: 9.8882e-01 | time: 0.439
I 07.06/07:02:07 solver.py:324 ] Epoch: [2/400][260/391] lr: 8.32e-06 | recon: 9.8845e-01 total: 9.8845e-01 | time: 0.431
I 07.06/07:02:13 solver.py:324 ] Epoch: [2/400][280/391] lr: 8.58e-06 | recon: 9.8808e-01 total: 9.8808e-01 | time: 0.422
I 07.06/07:02:28 solver.py:324 ] Epoch: [2/400][300/391] lr: 8.84e-06 | recon: 9.8771e-01 total: 9.8771e-01 | time: 0.444
I 07.06/07:02:40 solver.py:324 ] Epoch: [2/400][320/391] lr: 9.09e-06 | recon: 9.8735e-01 total: 9.8735e-01 | time: 0.452
I 07.06/07:02:53 solver.py:324 ] Epoch: [2/400][340/391] lr: 9.35e-06 | recon: 9.8698e-01 total: 9.8698e-01 | time: 0.464
I 07.06/07:03:05 solver.py:324 ] Epoch: [2/400][360/391] lr: 9.60e-06 | recon: 9.8662e-01 total: 9.8662e-01 | time: 0.473
I 07.06/07:03:19 solver.py:324 ] Epoch: [2/400][380/391] lr: 9.86e-06 | recon: 9.8626e-01 total: 9.8626e-01 | time: 0.483
I 07.06/07:03:25 solver.py:372 ] => Train  Recon loss: 9.8606e-01 | Total: 9.8606e-01

I 07.06/07:03:38 solver.py:324 ] Epoch: [3/400][20/391] lr: 1.03e-05 | recon: 9.7854e-01 total: 9.7854e-01 | time: 0.620
I 07.06/07:03:49 solver.py:324 ] Epoch: [3/400][40/391] lr: 1.05e-05 | recon: 9.7817e-01 total: 9.7817e-01 | time: 0.575
I 07.06/07:04:00 solver.py:324 ] Epoch: [3/400][60/391] lr: 1.08e-05 | recon: 9.7779e-01 total: 9.7779e-01 | time: 0.567
I 07.06/07:04:11 solver.py:324 ] Epoch: [3/400][80/391] lr: 1.10e-05 | recon: 9.7740e-01 total: 9.7740e-01 | time: 0.565
I 07.06/07:04:24 solver.py:324 ] Epoch: [3/400][100/391] lr: 1.13e-05 | recon: 9.7700e-01 total: 9.7700e-01 | time: 0.580
I 07.06/07:04:35 solver.py:324 ] Epoch: [3/400][120/391] lr: 1.15e-05 | recon: 9.7662e-01 total: 9.7662e-01 | time: 0.579
