I 07.01/03:32:22 train_mapper.py:431 ] => Experiment directory: mapper/exps/hybrid/mse/seed2026_csinet_transnet_to_seed42_transnet_lr5e-4_ep400
I 07.01/03:32:22 train_mapper.py:432 ] => Checkpoint directory: mapper/exps/hybrid/mse/seed2026_csinet_transnet_to_seed42_transnet_lr5e-4_ep400/checkpoints
I 07.01/03:32:22 train_mapper.py:433 ] => Codeword directory: mapper/exps/hybrid/mse/seed2026_csinet_transnet_to_seed42_transnet_lr5e-4_ep400/codewords
I 07.01/03:32:22 train_mapper.py:434 ] => TensorBoard directory: mapper/exps/hybrid/mse/seed2026_csinet_transnet_to_seed42_transnet_lr5e-4_ep400/tensorboard
I 07.01/03:32:26 train_mapper.py:524 ] device=cuda
I 07.01/03:32:26 train_mapper.py:525 ] mapper=hybrid, params=23108608
I 07.01/03:32:26 train_mapper.py:527 ] train=100000, val=0, code_dim=512
I 07.01/03:32:26 train_mapper.py:529 ] val_ratio<=0: skip per-epoch validation; select best checkpoint by train loss
I 07.01/03:32:26 train_mapper.py:531 ] loss=mse + smoothl1*0.0 + sample_tail*0.0 + dim_tail*0.0 + whiten*0.0 + rec*0.0 + recT*0.0 + fc*0.0 + decoder_tail*0.0 + cos*0.0 + cov*0.0
I 07.01/03:32:37 train_mapper.py:615 ] epoch=0001 train_loss=3.980478e-01 train_mse=3.980478e-01 train_cos=0.786297 train_nmse=-2.722dB train_rec=0.000000e+00 train_recT=0.000000e+00 train_fc=0.000000e+00 train_decoder_tail=0.000000e+00
I 07.01/03:32:51 train_mapper.py:615 ] epoch=0002 train_loss=1.607331e-01 train_mse=1.607331e-01 train_cos=0.922069 train_nmse=-6.047dB train_rec=0.000000e+00 train_recT=0.000000e+00 train_fc=0.000000e+00 train_decoder_tail=0.000000e+00
I 07.01/03:33:10 train_mapper.py:615 ] epoch=0003 train_loss=1.128239e-01 train_mse=1.128239e-01 train_cos=0.944120 train_nmse=-7.563dB train_rec=0.000000e+00 train_recT=0.000000e+00 train_fc=0.000000e+00 train_decoder_tail=0.000000e+00
I 07.01/03:33:30 train_mapper.py:615 ] epoch=0004 train_loss=8.869191e-02 train_mse=8.869191e-02 train_cos=0.954068 train_nmse=-8.601dB train_rec=0.000000e+00 train_recT=0.000000e+00 train_fc=0.000000e+00 train_decoder_tail=0.000000e+00
I 07.01/03:33:57 train_mapper.py:615 ] epoch=0005 train_loss=7.404627e-02 train_mse=7.404627e-02 train_cos=0.960040 train_nmse=-9.382dB train_rec=0.000000e+00 train_recT=0.000000e+00 train_fc=0.000000e+00 train_decoder_tail=0.000000e+00
I 07.01/03:34:40 train_mapper.py:615 ] epoch=0006 train_loss=6.465060e-02 train_mse=6.465060e-02 train_cos=0.964124 train_nmse=-9.969dB train_rec=0.000000e+00 train_recT=0.000000e+00 train_fc=0.000000e+00 train_decoder_tail=0.000000e+00
I 07.01/03:35:28 train_mapper.py:615 ] epoch=0007 train_loss=5.833046e-02 train_mse=5.833046e-02 train_cos=0.967207 train_nmse=-10.415dB train_rec=0.000000e+00 train_recT=0.000000e+00 train_fc=0.000000e+00 train_decoder_tail=0.000000e+00
I 07.01/03:36:16 train_mapper.py:615 ] epoch=0008 train_loss=5.399961e-02 train_mse=5.399961e-02 train_cos=0.969559 train_nmse=-10.751dB train_rec=0.000000e+00 train_recT=0.000000e+00 train_fc=0.000000e+00 train_decoder_tail=0.000000e+00
I 07.01/03:37:00 train_mapper.py:615 ] epoch=0009 train_loss=5.111401e-02 train_mse=5.111401e-02 train_cos=0.971223 train_nmse=-10.989dB train_rec=0.000000e+00 train_recT=0.000000e+00 train_fc=0.000000e+00 train_decoder_tail=0.000000e+00
I 07.01/03:37:45 train_mapper.py:615 ] epoch=0010 train_loss=4.813430e-02 train_mse=4.813430e-02 train_cos=0.973192 train_nmse=-11.250dB train_rec=0.000000e+00 train_recT=0.000000e+00 train_fc=0.000000e+00 train_decoder_tail=0.000000e+00
I 07.01/03:38:31 train_mapper.py:615 ] epoch=0011 train_loss=4.608298e-02 train_mse=4.608298e-02 train_cos=0.974509 train_nmse=-11.439dB train_rec=0.000000e+00 train_recT=0.000000e+00 train_fc=0.000000e+00 train_decoder_tail=0.000000e+00
I 07.01/03:39:17 train_mapper.py:615 ] epoch=0012 train_loss=4.411217e-02 train_mse=4.411217e-02 train_cos=0.975797 train_nmse=-11.629dB train_rec=0.000000e+00 train_recT=0.000000e+00 train_fc=0.000000e+00 train_decoder_tail=0.000000e+00
I 07.01/03:39:59 train_mapper.py:615 ] epoch=0013 train_loss=4.243661e-02 train_mse=4.243661e-02 train_cos=0.976844 train_nmse=-11.797dB train_rec=0.000000e+00 train_recT=0.000000e+00 train_fc=0.000000e+00 train_decoder_tail=0.000000e+00
I 07.01/03:40:44 train_mapper.py:615 ] epoch=0014 train_loss=4.136659e-02 train_mse=4.136659e-02 train_cos=0.977394 train_nmse=-11.910dB train_rec=0.000000e+00 train_recT=0.000000e+00 train_fc=0.000000e+00 train_decoder_tail=0.000000e+00
I 07.01/03:41:28 train_mapper.py:615 ] epoch=0015 train_loss=3.903440e-02 train_mse=3.903440e-02 train_cos=0.978946 train_nmse=-12.160dB train_rec=0.000000e+00 train_recT=0.000000e+00 train_fc=0.000000e+00 train_decoder_tail=0.000000e+00
I 07.01/03:42:13 train_mapper.py:615 ] epoch=0016 train_loss=3.775418e-02 train_mse=3.775418e-02 train_cos=0.979624 train_nmse=-12.305dB train_rec=0.000000e+00 train_recT=0.000000e+00 train_fc=0.000000e+00 train_decoder_tail=0.000000e+00
I 07.01/03:42:54 train_mapper.py:615 ] epoch=0017 train_loss=3.637538e-02 train_mse=3.637538e-02 train_cos=0.980353 train_nmse=-12.466dB train_rec=0.000000e+00 train_recT=0.000000e+00 train_fc=0.000000e+00 train_decoder_tail=0.000000e+00
I 07.01/03:43:37 train_mapper.py:615 ] epoch=0018 train_loss=3.496711e-02 train_mse=3.496711e-02 train_cos=0.981057 train_nmse=-12.638dB train_rec=0.000000e+00 train_recT=0.000000e+00 train_fc=0.000000e+00 train_decoder_tail=0.000000e+00
I 07.01/03:44:20 train_mapper.py:615 ] epoch=0019 train_loss=3.367686e-02 train_mse=3.367686e-02 train_cos=0.981476 train_nmse=-12.801dB train_rec=0.000000e+00 train_recT=0.000000e+00 train_fc=0.000000e+00 train_decoder_tail=0.000000e+00
I 07.01/03:44:59 train_mapper.py:615 ] epoch=0020 train_loss=3.115065e-02 train_mse=3.115065e-02 train_cos=0.981509 train_nmse=-13.141dB train_rec=0.000000e+00 train_recT=0.000000e+00 train_fc=0.000000e+00 train_decoder_tail=0.000000e+00
I 07.01/03:45:42 train_mapper.py:615 ] epoch=0021 train_loss=2.785634e-02 train_mse=2.785634e-02 train_cos=0.982279 train_nmse=-13.626dB train_rec=0.000000e+00 train_recT=0.000000e+00 train_fc=0.000000e+00 train_decoder_tail=0.000000e+00
I 07.01/03:46:27 train_mapper.py:615 ] epoch=0022 train_loss=2.575590e-02 train_mse=2.575590e-02 train_cos=0.982962 train_nmse=-13.966dB train_rec=0.000000e+00 train_recT=0.000000e+00 train_fc=0.000000e+00 train_decoder_tail=0.000000e+00
I 07.01/03:47:10 train_mapper.py:615 ] epoch=0023 train_loss=2.425044e-02 train_mse=2.425044e-02 train_cos=0.983501 train_nmse=-14.227dB train_rec=0.000000e+00 train_recT=0.000000e+00 train_fc=0.000000e+00 train_decoder_tail=0.000000e+00
I 07.01/03:47:51 train_mapper.py:615 ] epoch=0024 train_loss=2.320151e-02 train_mse=2.320151e-02 train_cos=0.983867 train_nmse=-14.420dB train_rec=0.000000e+00 train_recT=0.000000e+00 train_fc=0.000000e+00 train_decoder_tail=0.000000e+00
I 07.01/03:48:35 train_mapper.py:615 ] epoch=0025 train_loss=2.206188e-02 train_mse=2.206188e-02 train_cos=0.984437 train_nmse=-14.638dB train_rec=0.000000e+00 train_recT=0.000000e+00 train_fc=0.000000e+00 train_decoder_tail=0.000000e+00
I 07.01/03:49:19 train_mapper.py:615 ] epoch=0026 train_loss=2.119582e-02 train_mse=2.119582e-02 train_cos=0.984859 train_nmse=-14.812dB train_rec=0.000000e+00 train_recT=0.000000e+00 train_fc=0.000000e+00 train_decoder_tail=0.000000e+00
I 07.01/03:49:59 train_mapper.py:615 ] epoch=0027 train_loss=2.049056e-02 train_mse=2.049056e-02 train_cos=0.985211 train_nmse=-14.959dB train_rec=0.000000e+00 train_recT=0.000000e+00 train_fc=0.000000e+00 train_decoder_tail=0.000000e+00
I 07.01/03:50:42 train_mapper.py:615 ] epoch=0028 train_loss=1.975716e-02 train_mse=1.975716e-02 train_cos=0.985627 train_nmse=-15.118dB train_rec=0.000000e+00 train_recT=0.000000e+00 train_fc=0.000000e+00 train_decoder_tail=0.000000e+00
I 07.01/03:51:25 train_mapper.py:615 ] epoch=0029 train_loss=1.903106e-02 train_mse=1.903106e-02 train_cos=0.986051 train_nmse=-15.280dB train_rec=0.000000e+00 train_recT=0.000000e+00 train_fc=0.000000e+00 train_decoder_tail=0.000000e+00
I 07.01/03:52:09 train_mapper.py:615 ] epoch=0030 train_loss=1.850089e-02 train_mse=1.850089e-02 train_cos=0.986348 train_nmse=-15.403dB train_rec=0.000000e+00 train_recT=0.000000e+00 train_fc=0.000000e+00 train_decoder_tail=0.000000e+00
I 07.01/03:52:49 train_mapper.py:615 ] epoch=0031 train_loss=1.802074e-02 train_mse=1.802074e-02 train_cos=0.986625 train_nmse=-15.517dB train_rec=0.000000e+00 train_recT=0.000000e+00 train_fc=0.000000e+00 train_decoder_tail=0.000000e+00
I 07.01/03:53:31 train_mapper.py:615 ] epoch=0032 train_loss=1.748772e-02 train_mse=1.748772e-02 train_cos=0.986964 train_nmse=-15.647dB train_rec=0.000000e+00 train_recT=0.000000e+00 train_fc=0.000000e+00 train_decoder_tail=0.000000e+00
I 07.01/03:54:15 train_mapper.py:615 ] epoch=0033 train_loss=1.705445e-02 train_mse=1.705445e-02 train_cos=0.987227 train_nmse=-15.756dB train_rec=0.000000e+00 train_recT=0.000000e+00 train_fc=0.000000e+00 train_decoder_tail=0.000000e+00
I 07.01/03:54:55 train_mapper.py:615 ] epoch=0034 train_loss=1.657925e-02 train_mse=1.657925e-02 train_cos=0.987530 train_nmse=-15.879dB train_rec=0.000000e+00 train_recT=0.000000e+00 train_fc=0.000000e+00 train_decoder_tail=0.000000e+00
I 07.01/03:55:38 train_mapper.py:615 ] epoch=0035 train_loss=1.616403e-02 train_mse=1.616403e-02 train_cos=0.987797 train_nmse=-15.989dB train_rec=0.000000e+00 train_recT=0.000000e+00 train_fc=0.000000e+00 train_decoder_tail=0.000000e+00
I 07.01/03:56:22 train_mapper.py:615 ] epoch=0036 train_loss=1.578472e-02 train_mse=1.578472e-02 train_cos=0.988042 train_nmse=-16.092dB train_rec=0.000000e+00 train_recT=0.000000e+00 train_fc=0.000000e+00 train_decoder_tail=0.000000e+00
I 07.01/03:57:06 train_mapper.py:615 ] epoch=0037 train_loss=1.542956e-02 train_mse=1.542956e-02 train_cos=0.988277 train_nmse=-16.191dB train_rec=0.000000e+00 train_recT=0.000000e+00 train_fc=0.000000e+00 train_decoder_tail=0.000000e+00
I 07.01/03:57:46 train_mapper.py:615 ] epoch=0038 train_loss=1.505490e-02 train_mse=1.505490e-02 train_cos=0.988526 train_nmse=-16.298dB train_rec=0.000000e+00 train_recT=0.000000e+00 train_fc=0.000000e+00 train_decoder_tail=0.000000e+00
I 07.01/03:58:28 train_mapper.py:615 ] epoch=0039 train_loss=1.481773e-02 train_mse=1.481773e-02 train_cos=0.988684 train_nmse=-16.367dB train_rec=0.000000e+00 train_recT=0.000000e+00 train_fc=0.000000e+00 train_decoder_tail=0.000000e+00
I 07.01/03:59:12 train_mapper.py:615 ] epoch=0040 train_loss=1.447348e-02 train_mse=1.447348e-02 train_cos=0.988911 train_nmse=-16.469dB train_rec=0.000000e+00 train_recT=0.000000e+00 train_fc=0.000000e+00 train_decoder_tail=0.000000e+00
I 07.01/03:59:52 train_mapper.py:615 ] epoch=0041 train_loss=1.416074e-02 train_mse=1.416074e-02 train_cos=0.989126 train_nmse=-16.564dB train_rec=0.000000e+00 train_recT=0.000000e+00 train_fc=0.000000e+00 train_decoder_tail=0.000000e+00
I 07.01/04:00:35 train_mapper.py:615 ] epoch=0042 train_loss=1.389575e-02 train_mse=1.389575e-02 train_cos=0.989310 train_nmse=-16.646dB train_rec=0.000000e+00 train_recT=0.000000e+00 train_fc=0.000000e+00 train_decoder_tail=0.000000e+00
I 07.01/04:01:17 train_mapper.py:615 ] epoch=0043 train_loss=1.360690e-02 train_mse=1.360690e-02 train_cos=0.989507 train_nmse=-16.737dB train_rec=0.000000e+00 train_recT=0.000000e+00 train_fc=0.000000e+00 train_decoder_tail=0.000000e+00
I 07.01/04:01:56 train_mapper.py:615 ] epoch=0044 train_loss=1.339856e-02 train_mse=1.339856e-02 train_cos=0.989655 train_nmse=-16.804dB train_rec=0.000000e+00 train_recT=0.000000e+00 train_fc=0.000000e+00 train_decoder_tail=0.000000e+00
I 07.01/04:02:39 train_mapper.py:615 ] epoch=0045 train_loss=1.315997e-02 train_mse=1.315997e-02 train_cos=0.989819 train_nmse=-16.882dB train_rec=0.000000e+00 train_recT=0.000000e+00 train_fc=0.000000e+00 train_decoder_tail=0.000000e+00
I 07.01/04:03:19 train_mapper.py:615 ] epoch=0046 train_loss=1.297794e-02 train_mse=1.297794e-02 train_cos=0.989948 train_nmse=-16.943dB train_rec=0.000000e+00 train_recT=0.000000e+00 train_fc=0.000000e+00 train_decoder_tail=0.000000e+00
I 07.01/04:03:58 train_mapper.py:615 ] epoch=0047 train_loss=1.271415e-02 train_mse=1.271415e-02 train_cos=0.990138 train_nmse=-17.032dB train_rec=0.000000e+00 train_recT=0.000000e+00 train_fc=0.000000e+00 train_decoder_tail=0.000000e+00
I 07.01/04:04:39 train_mapper.py:615 ] epoch=0048 train_loss=1.247579e-02 train_mse=1.247579e-02 train_cos=0.990308 train_nmse=-17.114dB train_rec=0.000000e+00 train_recT=0.000000e+00 train_fc=0.000000e+00 train_decoder_tail=0.000000e+00
I 07.01/04:05:19 train_mapper.py:615 ] epoch=0049 train_loss=1.226364e-02 train_mse=1.226364e-02 train_cos=0.990455 train_nmse=-17.189dB train_rec=0.000000e+00 train_recT=0.000000e+00 train_fc=0.000000e+00 train_decoder_tail=0.000000e+00
I 07.01/04:05:58 train_mapper.py:615 ] epoch=0050 train_loss=1.208317e-02 train_mse=1.208317e-02 train_cos=0.990588 train_nmse=-17.253dB train_rec=0.000000e+00 train_recT=0.000000e+00 train_fc=0.000000e+00 train_decoder_tail=0.000000e+00
I 07.01/04:06:39 train_mapper.py:615 ] epoch=0051 train_loss=1.197191e-02 train_mse=1.197191e-02 train_cos=0.990669 train_nmse=-17.293dB train_rec=0.000000e+00 train_recT=0.000000e+00 train_fc=0.000000e+00 train_decoder_tail=0.000000e+00
I 07.01/04:07:22 train_mapper.py:615 ] epoch=0052 train_loss=1.176930e-02 train_mse=1.176930e-02 train_cos=0.990816 train_nmse=-17.367dB train_rec=0.000000e+00 train_recT=0.000000e+00 train_fc=0.000000e+00 train_decoder_tail=0.000000e+00
I 07.01/04:08:03 train_mapper.py:615 ] epoch=0053 train_loss=1.154864e-02 train_mse=1.154864e-02 train_cos=0.990976 train_nmse=-17.449dB train_rec=0.000000e+00 train_recT=0.000000e+00 train_fc=0.000000e+00 train_decoder_tail=0.000000e+00
I 07.01/04:08:41 train_mapper.py:615 ] epoch=0054 train_loss=1.142723e-02 train_mse=1.142723e-02 train_cos=0.991063 train_nmse=-17.495dB train_rec=0.000000e+00 train_recT=0.000000e+00 train_fc=0.000000e+00 train_decoder_tail=0.000000e+00
I 07.01/04:09:22 train_mapper.py:615 ] epoch=0055 train_loss=1.123704e-02 train_mse=1.123704e-02 train_cos=0.991204 train_nmse=-17.568dB train_rec=0.000000e+00 train_recT=0.000000e+00 train_fc=0.000000e+00 train_decoder_tail=0.000000e+00
I 07.01/04:10:01 train_mapper.py:615 ] epoch=0056 train_loss=1.112510e-02 train_mse=1.112510e-02 train_cos=0.991286 train_nmse=-17.611dB train_rec=0.000000e+00 train_recT=0.000000e+00 train_fc=0.000000e+00 train_decoder_tail=0.000000e+00
I 07.01/04:10:39 train_mapper.py:615 ] epoch=0057 train_loss=1.096647e-02 train_mse=1.096647e-02 train_cos=0.991406 train_nmse=-17.674dB train_rec=0.000000e+00 train_recT=0.000000e+00 train_fc=0.000000e+00 train_decoder_tail=0.000000e+00
I 07.01/04:11:18 train_mapper.py:615 ] epoch=0058 train_loss=1.084079e-02 train_mse=1.084079e-02 train_cos=0.991497 train_nmse=-17.724dB train_rec=0.000000e+00 train_recT=0.000000e+00 train_fc=0.000000e+00 train_decoder_tail=0.000000e+00
I 07.01/04:11:56 train_mapper.py:615 ] epoch=0059 train_loss=1.064446e-02 train_mse=1.064446e-02 train_cos=0.991645 train_nmse=-17.803dB train_rec=0.000000e+00 train_recT=0.000000e+00 train_fc=0.000000e+00 train_decoder_tail=0.000000e+00
I 07.01/04:12:34 train_mapper.py:615 ] epoch=0060 train_loss=1.058270e-02 train_mse=1.058270e-02 train_cos=0.991692 train_nmse=-17.828dB train_rec=0.000000e+00 train_recT=0.000000e+00 train_fc=0.000000e+00 train_decoder_tail=0.000000e+00
I 07.01/04:13:09 train_mapper.py:615 ] epoch=0061 train_loss=1.040566e-02 train_mse=1.040566e-02 train_cos=0.991824 train_nmse=-17.902dB train_rec=0.000000e+00 train_recT=0.000000e+00 train_fc=0.000000e+00 train_decoder_tail=0.000000e+00
I 07.01/04:13:43 train_mapper.py:615 ] epoch=0062 train_loss=1.028240e-02 train_mse=1.028240e-02 train_cos=0.991914 train_nmse=-17.953dB train_rec=0.000000e+00 train_recT=0.000000e+00 train_fc=0.000000e+00 train_decoder_tail=0.000000e+00
I 07.01/04:14:20 train_mapper.py:615 ] epoch=0063 train_loss=1.016346e-02 train_mse=1.016346e-02 train_cos=0.992001 train_nmse=-18.004dB train_rec=0.000000e+00 train_recT=0.000000e+00 train_fc=0.000000e+00 train_decoder_tail=0.000000e+00
I 07.01/04:14:54 train_mapper.py:615 ] epoch=0064 train_loss=1.001186e-02 train_mse=1.001186e-02 train_cos=0.992117 train_nmse=-18.069dB train_rec=0.000000e+00 train_recT=0.000000e+00 train_fc=0.000000e+00 train_decoder_tail=0.000000e+00
I 07.01/04:15:29 train_mapper.py:615 ] epoch=0065 train_loss=9.906094e-03 train_mse=9.906094e-03 train_cos=0.992199 train_nmse=-18.116dB train_rec=0.000000e+00 train_recT=0.000000e+00 train_fc=0.000000e+00 train_decoder_tail=0.000000e+00
I 07.01/04:15:58 train_mapper.py:615 ] epoch=0066 train_loss=9.798755e-03 train_mse=9.798755e-03 train_cos=0.992280 train_nmse=-18.163dB train_rec=0.000000e+00 train_recT=0.000000e+00 train_fc=0.000000e+00 train_decoder_tail=0.000000e+00
I 07.01/04:16:32 train_mapper.py:615 ] epoch=0067 train_loss=9.687179e-03 train_mse=9.687179e-03 train_cos=0.992365 train_nmse=-18.213dB train_rec=0.000000e+00 train_recT=0.000000e+00 train_fc=0.000000e+00 train_decoder_tail=0.000000e+00
I 07.01/04:17:06 train_mapper.py:615 ] epoch=0068 train_loss=9.591548e-03 train_mse=9.591548e-03 train_cos=0.992437 train_nmse=-18.255dB train_rec=0.000000e+00 train_recT=0.000000e+00 train_fc=0.000000e+00 train_decoder_tail=0.000000e+00
I 07.01/04:17:38 train_mapper.py:615 ] epoch=0069 train_loss=9.520366e-03 train_mse=9.520366e-03 train_cos=0.992490 train_nmse=-18.288dB train_rec=0.000000e+00 train_recT=0.000000e+00 train_fc=0.000000e+00 train_decoder_tail=0.000000e+00
I 07.01/04:18:13 train_mapper.py:615 ] epoch=0070 train_loss=9.426301e-03 train_mse=9.426301e-03 train_cos=0.992563 train_nmse=-18.331dB train_rec=0.000000e+00 train_recT=0.000000e+00 train_fc=0.000000e+00 train_decoder_tail=0.000000e+00
I 07.01/04:18:43 train_mapper.py:615 ] epoch=0071 train_loss=9.331842e-03 train_mse=9.331842e-03 train_cos=0.992639 train_nmse=-18.375dB train_rec=0.000000e+00 train_recT=0.000000e+00 train_fc=0.000000e+00 train_decoder_tail=0.000000e+00
I 07.01/04:19:22 train_mapper.py:615 ] epoch=0072 train_loss=9.248235e-03 train_mse=9.248235e-03 train_cos=0.992702 train_nmse=-18.414dB train_rec=0.000000e+00 train_recT=0.000000e+00 train_fc=0.000000e+00 train_decoder_tail=0.000000e+00
I 07.01/04:19:56 train_mapper.py:615 ] epoch=0073 train_loss=9.121340e-03 train_mse=9.121340e-03 train_cos=0.992799 train_nmse=-18.474dB train_rec=0.000000e+00 train_recT=0.000000e+00 train_fc=0.000000e+00 train_decoder_tail=0.000000e+00
I 07.01/04:20:32 train_mapper.py:615 ] epoch=0074 train_loss=9.036912e-03 train_mse=9.036912e-03 train_cos=0.992860 train_nmse=-18.514dB train_rec=0.000000e+00 train_recT=0.000000e+00 train_fc=0.000000e+00 train_decoder_tail=0.000000e+00
I 07.01/04:21:06 train_mapper.py:615 ] epoch=0075 train_loss=8.941914e-03 train_mse=8.941914e-03 train_cos=0.992934 train_nmse=-18.560dB train_rec=0.000000e+00 train_recT=0.000000e+00 train_fc=0.000000e+00 train_decoder_tail=0.000000e+00
I 07.01/04:21:33 train_mapper.py:615 ] epoch=0076 train_loss=8.864104e-03 train_mse=8.864104e-03 train_cos=0.992995 train_nmse=-18.598dB train_rec=0.000000e+00 train_recT=0.000000e+00 train_fc=0.000000e+00 train_decoder_tail=0.000000e+00
I 07.01/04:22:00 train_mapper.py:615 ] epoch=0077 train_loss=8.796169e-03 train_mse=8.796169e-03 train_cos=0.993048 train_nmse=-18.631dB train_rec=0.000000e+00 train_recT=0.000000e+00 train_fc=0.000000e+00 train_decoder_tail=0.000000e+00
I 07.01/04:22:32 train_mapper.py:615 ] epoch=0078 train_loss=8.692798e-03 train_mse=8.692798e-03 train_cos=0.993126 train_nmse=-18.683dB train_rec=0.000000e+00 train_recT=0.000000e+00 train_fc=0.000000e+00 train_decoder_tail=0.000000e+00
I 07.01/04:23:01 train_mapper.py:615 ] epoch=0079 train_loss=8.621163e-03 train_mse=8.621163e-03 train_cos=0.993184 train_nmse=-18.718dB train_rec=0.000000e+00 train_recT=0.000000e+00 train_fc=0.000000e+00 train_decoder_tail=0.000000e+00
I 07.01/04:23:33 train_mapper.py:615 ] epoch=0080 train_loss=8.551752e-03 train_mse=8.551752e-03 train_cos=0.993235 train_nmse=-18.754dB train_rec=0.000000e+00 train_recT=0.000000e+00 train_fc=0.000000e+00 train_decoder_tail=0.000000e+00
I 07.01/04:23:56 train_mapper.py:615 ] epoch=0081 train_loss=8.454311e-03 train_mse=8.454311e-03 train_cos=0.993311 train_nmse=-18.804dB train_rec=0.000000e+00 train_recT=0.000000e+00 train_fc=0.000000e+00 train_decoder_tail=0.000000e+00
I 07.01/04:24:15 train_mapper.py:615 ] epoch=0082 train_loss=8.422867e-03 train_mse=8.422867e-03 train_cos=0.993334 train_nmse=-18.820dB train_rec=0.000000e+00 train_recT=0.000000e+00 train_fc=0.000000e+00 train_decoder_tail=0.000000e+00
I 07.01/04:24:32 train_mapper.py:615 ] epoch=0083 train_loss=8.352003e-03 train_mse=8.352003e-03 train_cos=0.993388 train_nmse=-18.856dB train_rec=0.000000e+00 train_recT=0.000000e+00 train_fc=0.000000e+00 train_decoder_tail=0.000000e+00
I 07.01/04:24:51 train_mapper.py:615 ] epoch=0084 train_loss=8.262682e-03 train_mse=8.262682e-03 train_cos=0.993460 train_nmse=-18.903dB train_rec=0.000000e+00 train_recT=0.000000e+00 train_fc=0.000000e+00 train_decoder_tail=0.000000e+00
I 07.01/04:25:11 train_mapper.py:615 ] epoch=0085 train_loss=8.185316e-03 train_mse=8.185316e-03 train_cos=0.993520 train_nmse=-18.944dB train_rec=0.000000e+00 train_recT=0.000000e+00 train_fc=0.000000e+00 train_decoder_tail=0.000000e+00
I 07.01/04:25:30 train_mapper.py:615 ] epoch=0086 train_loss=8.160054e-03 train_mse=8.160054e-03 train_cos=0.993539 train_nmse=-18.957dB train_rec=0.000000e+00 train_recT=0.000000e+00 train_fc=0.000000e+00 train_decoder_tail=0.000000e+00
I 07.01/04:25:49 train_mapper.py:615 ] epoch=0087 train_loss=8.042015e-03 train_mse=8.042015e-03 train_cos=0.993629 train_nmse=-19.021dB train_rec=0.000000e+00 train_recT=0.000000e+00 train_fc=0.000000e+00 train_decoder_tail=0.000000e+00
I 07.01/04:26:11 train_mapper.py:615 ] epoch=0088 train_loss=8.002127e-03 train_mse=8.002127e-03 train_cos=0.993660 train_nmse=-19.042dB train_rec=0.000000e+00 train_recT=0.000000e+00 train_fc=0.000000e+00 train_decoder_tail=0.000000e+00
I 07.01/04:26:32 train_mapper.py:615 ] epoch=0089 train_loss=7.934690e-03 train_mse=7.934690e-03 train_cos=0.993714 train_nmse=-19.079dB train_rec=0.000000e+00 train_recT=0.000000e+00 train_fc=0.000000e+00 train_decoder_tail=0.000000e+00
I 07.01/04:26:51 train_mapper.py:615 ] epoch=0090 train_loss=7.895564e-03 train_mse=7.895564e-03 train_cos=0.993741 train_nmse=-19.100dB train_rec=0.000000e+00 train_recT=0.000000e+00 train_fc=0.000000e+00 train_decoder_tail=0.000000e+00
I 07.01/04:27:09 train_mapper.py:615 ] epoch=0091 train_loss=7.816471e-03 train_mse=7.816471e-03 train_cos=0.993805 train_nmse=-19.145dB train_rec=0.000000e+00 train_recT=0.000000e+00 train_fc=0.000000e+00 train_decoder_tail=0.000000e+00
I 07.01/04:27:26 train_mapper.py:615 ] epoch=0092 train_loss=7.772354e-03 train_mse=7.772354e-03 train_cos=0.993841 train_nmse=-19.168dB train_rec=0.000000e+00 train_recT=0.000000e+00 train_fc=0.000000e+00 train_decoder_tail=0.000000e+00
I 07.01/04:27:44 train_mapper.py:615 ] epoch=0093 train_loss=7.727502e-03 train_mse=7.727502e-03 train_cos=0.993876 train_nmse=-19.194dB train_rec=0.000000e+00 train_recT=0.000000e+00 train_fc=0.000000e+00 train_decoder_tail=0.000000e+00
I 07.01/04:28:00 train_mapper.py:615 ] epoch=0094 train_loss=7.651170e-03 train_mse=7.651170e-03 train_cos=0.993934 train_nmse=-19.237dB train_rec=0.000000e+00 train_recT=0.000000e+00 train_fc=0.000000e+00 train_decoder_tail=0.000000e+00
I 07.01/04:28:18 train_mapper.py:615 ] epoch=0095 train_loss=7.601153e-03 train_mse=7.601153e-03 train_cos=0.993976 train_nmse=-19.265dB train_rec=0.000000e+00 train_recT=0.000000e+00 train_fc=0.000000e+00 train_decoder_tail=0.000000e+00
I 07.01/04:28:36 train_mapper.py:615 ] epoch=0096 train_loss=7.582397e-03 train_mse=7.582397e-03 train_cos=0.993988 train_nmse=-19.276dB train_rec=0.000000e+00 train_recT=0.000000e+00 train_fc=0.000000e+00 train_decoder_tail=0.000000e+00
I 07.01/04:28:58 train_mapper.py:615 ] epoch=0097 train_loss=7.536906e-03 train_mse=7.536906e-03 train_cos=0.994025 train_nmse=-19.302dB train_rec=0.000000e+00 train_recT=0.000000e+00 train_fc=0.000000e+00 train_decoder_tail=0.000000e+00
I 07.01/04:29:19 train_mapper.py:615 ] epoch=0098 train_loss=7.494311e-03 train_mse=7.494311e-03 train_cos=0.994059 train_nmse=-19.327dB train_rec=0.000000e+00 train_recT=0.000000e+00 train_fc=0.000000e+00 train_decoder_tail=0.000000e+00
I 07.01/04:29:40 train_mapper.py:615 ] epoch=0099 train_loss=7.408170e-03 train_mse=7.408170e-03 train_cos=0.994127 train_nmse=-19.377dB train_rec=0.000000e+00 train_recT=0.000000e+00 train_fc=0.000000e+00 train_decoder_tail=0.000000e+00
I 07.01/04:29:58 train_mapper.py:615 ] epoch=0100 train_loss=7.338819e-03 train_mse=7.338819e-03 train_cos=0.994177 train_nmse=-19.418dB train_rec=0.000000e+00 train_recT=0.000000e+00 train_fc=0.000000e+00 train_decoder_tail=0.000000e+00
I 07.01/04:30:17 train_mapper.py:615 ] epoch=0101 train_loss=7.310086e-03 train_mse=7.310086e-03 train_cos=0.994200 train_nmse=-19.435dB train_rec=0.000000e+00 train_recT=0.000000e+00 train_fc=0.000000e+00 train_decoder_tail=0.000000e+00
I 07.01/04:30:34 train_mapper.py:615 ] epoch=0102 train_loss=7.231218e-03 train_mse=7.231218e-03 train_cos=0.994263 train_nmse=-19.482dB train_rec=0.000000e+00 train_recT=0.000000e+00 train_fc=0.000000e+00 train_decoder_tail=0.000000e+00
I 07.01/04:30:59 train_mapper.py:615 ] epoch=0103 train_loss=7.211587e-03 train_mse=7.211587e-03 train_cos=0.994277 train_nmse=-19.494dB train_rec=0.000000e+00 train_recT=0.000000e+00 train_fc=0.000000e+00 train_decoder_tail=0.000000e+00
I 07.01/04:31:19 train_mapper.py:615 ] epoch=0104 train_loss=7.177348e-03 train_mse=7.177348e-03 train_cos=0.994307 train_nmse=-19.515dB train_rec=0.000000e+00 train_recT=0.000000e+00 train_fc=0.000000e+00 train_decoder_tail=0.000000e+00
I 07.01/04:31:37 train_mapper.py:615 ] epoch=0105 train_loss=7.141624e-03 train_mse=7.141624e-03 train_cos=0.994338 train_nmse=-19.536dB train_rec=0.000000e+00 train_recT=0.000000e+00 train_fc=0.000000e+00 train_decoder_tail=0.000000e+00
I 07.01/04:31:57 train_mapper.py:615 ] epoch=0106 train_loss=7.126141e-03 train_mse=7.126141e-03 train_cos=0.994349 train_nmse=-19.545dB train_rec=0.000000e+00 train_recT=0.000000e+00 train_fc=0.000000e+00 train_decoder_tail=0.000000e+00
I 07.01/04:32:15 train_mapper.py:615 ] epoch=0107 train_loss=7.043236e-03 train_mse=7.043236e-03 train_cos=0.994414 train_nmse=-19.596dB train_rec=0.000000e+00 train_recT=0.000000e+00 train_fc=0.000000e+00 train_decoder_tail=0.000000e+00
I 07.01/04:32:31 train_mapper.py:615 ] epoch=0108 train_loss=7.016711e-03 train_mse=7.016711e-03 train_cos=0.994435 train_nmse=-19.613dB train_rec=0.000000e+00 train_recT=0.000000e+00 train_fc=0.000000e+00 train_decoder_tail=0.000000e+00
I 07.01/04:32:51 train_mapper.py:615 ] epoch=0109 train_loss=6.946614e-03 train_mse=6.946614e-03 train_cos=0.994490 train_nmse=-19.656dB train_rec=0.000000e+00 train_recT=0.000000e+00 train_fc=0.000000e+00 train_decoder_tail=0.000000e+00
I 07.01/04:33:12 train_mapper.py:615 ] epoch=0110 train_loss=6.920017e-03 train_mse=6.920017e-03 train_cos=0.994508 train_nmse=-19.673dB train_rec=0.000000e+00 train_recT=0.000000e+00 train_fc=0.000000e+00 train_decoder_tail=0.000000e+00
I 07.01/04:33:36 train_mapper.py:615 ] epoch=0111 train_loss=6.916825e-03 train_mse=6.916825e-03 train_cos=0.994508 train_nmse=-19.675dB train_rec=0.000000e+00 train_recT=0.000000e+00 train_fc=0.000000e+00 train_decoder_tail=0.000000e+00
I 07.01/04:34:05 train_mapper.py:615 ] epoch=0112 train_loss=6.853413e-03 train_mse=6.853413e-03 train_cos=0.994561 train_nmse=-19.715dB train_rec=0.000000e+00 train_recT=0.000000e+00 train_fc=0.000000e+00 train_decoder_tail=0.000000e+00
I 07.01/04:34:31 train_mapper.py:615 ] epoch=0113 train_loss=6.801251e-03 train_mse=6.801251e-03 train_cos=0.994603 train_nmse=-19.748dB train_rec=0.000000e+00 train_recT=0.000000e+00 train_fc=0.000000e+00 train_decoder_tail=0.000000e+00
I 07.01/04:34:49 train_mapper.py:615 ] epoch=0114 train_loss=6.792520e-03 train_mse=6.792520e-03 train_cos=0.994608 train_nmse=-19.753dB train_rec=0.000000e+00 train_recT=0.000000e+00 train_fc=0.000000e+00 train_decoder_tail=0.000000e+00
I 07.01/04:35:27 train_mapper.py:615 ] epoch=0115 train_loss=6.733641e-03 train_mse=6.733641e-03 train_cos=0.994654 train_nmse=-19.791dB train_rec=0.000000e+00 train_recT=0.000000e+00 train_fc=0.000000e+00 train_decoder_tail=0.000000e+00
I 07.01/04:35:59 train_mapper.py:615 ] epoch=0116 train_loss=6.712231e-03 train_mse=6.712231e-03 train_cos=0.994674 train_nmse=-19.805dB train_rec=0.000000e+00 train_recT=0.000000e+00 train_fc=0.000000e+00 train_decoder_tail=0.000000e+00
I 07.01/04:36:35 train_mapper.py:615 ] epoch=0117 train_loss=6.663042e-03 train_mse=6.663042e-03 train_cos=0.994712 train_nmse=-19.837dB train_rec=0.000000e+00 train_recT=0.000000e+00 train_fc=0.000000e+00 train_decoder_tail=0.000000e+00
I 07.01/04:37:13 train_mapper.py:615 ] epoch=0118 train_loss=6.623016e-03 train_mse=6.623016e-03 train_cos=0.994741 train_nmse=-19.863dB train_rec=0.000000e+00 train_recT=0.000000e+00 train_fc=0.000000e+00 train_decoder_tail=0.000000e+00
I 07.01/04:37:49 train_mapper.py:615 ] epoch=0119 train_loss=6.573886e-03 train_mse=6.573886e-03 train_cos=0.994782 train_nmse=-19.896dB train_rec=0.000000e+00 train_recT=0.000000e+00 train_fc=0.000000e+00 train_decoder_tail=0.000000e+00
I 07.01/04:38:21 train_mapper.py:615 ] epoch=0120 train_loss=6.556151e-03 train_mse=6.556151e-03 train_cos=0.994795 train_nmse=-19.907dB train_rec=0.000000e+00 train_recT=0.000000e+00 train_fc=0.000000e+00 train_decoder_tail=0.000000e+00
I 07.01/04:38:46 train_mapper.py:615 ] epoch=0121 train_loss=6.525498e-03 train_mse=6.525498e-03 train_cos=0.994818 train_nmse=-19.928dB train_rec=0.000000e+00 train_recT=0.000000e+00 train_fc=0.000000e+00 train_decoder_tail=0.000000e+00
I 07.01/04:39:06 train_mapper.py:615 ] epoch=0122 train_loss=6.517744e-03 train_mse=6.517744e-03 train_cos=0.994824 train_nmse=-19.933dB train_rec=0.000000e+00 train_recT=0.000000e+00 train_fc=0.000000e+00 train_decoder_tail=0.000000e+00
I 07.01/04:39:26 train_mapper.py:615 ] epoch=0123 train_loss=6.480185e-03 train_mse=6.480185e-03 train_cos=0.994856 train_nmse=-19.958dB train_rec=0.000000e+00 train_recT=0.000000e+00 train_fc=0.000000e+00 train_decoder_tail=0.000000e+00
I 07.01/04:39:51 train_mapper.py:615 ] epoch=0124 train_loss=6.448318e-03 train_mse=6.448318e-03 train_cos=0.994883 train_nmse=-19.979dB train_rec=0.000000e+00 train_recT=0.000000e+00 train_fc=0.000000e+00 train_decoder_tail=0.000000e+00
I 07.01/04:40:21 train_mapper.py:615 ] epoch=0125 train_loss=6.414765e-03 train_mse=6.414765e-03 train_cos=0.994911 train_nmse=-20.002dB train_rec=0.000000e+00 train_recT=0.000000e+00 train_fc=0.000000e+00 train_decoder_tail=0.000000e+00
I 07.01/04:40:40 train_mapper.py:615 ] epoch=0126 train_loss=6.375756e-03 train_mse=6.375756e-03 train_cos=0.994940 train_nmse=-20.029dB train_rec=0.000000e+00 train_recT=0.000000e+00 train_fc=0.000000e+00 train_decoder_tail=0.000000e+00
I 07.01/04:40:58 train_mapper.py:615 ] epoch=0127 train_loss=6.339585e-03 train_mse=6.339585e-03 train_cos=0.994967 train_nmse=-20.053dB train_rec=0.000000e+00 train_recT=0.000000e+00 train_fc=0.000000e+00 train_decoder_tail=0.000000e+00
I 07.01/04:41:27 train_mapper.py:615 ] epoch=0128 train_loss=6.312165e-03 train_mse=6.312165e-03 train_cos=0.994987 train_nmse=-20.072dB train_rec=0.000000e+00 train_recT=0.000000e+00 train_fc=0.000000e+00 train_decoder_tail=0.000000e+00
I 07.01/04:42:05 train_mapper.py:615 ] epoch=0129 train_loss=6.300011e-03 train_mse=6.300011e-03 train_cos=0.994998 train_nmse=-20.081dB train_rec=0.000000e+00 train_recT=0.000000e+00 train_fc=0.000000e+00 train_decoder_tail=0.000000e+00
I 07.01/04:42:26 train_mapper.py:615 ] epoch=0130 train_loss=6.263657e-03 train_mse=6.263657e-03 train_cos=0.995028 train_nmse=-20.106dB train_rec=0.000000e+00 train_recT=0.000000e+00 train_fc=0.000000e+00 train_decoder_tail=0.000000e+00
I 07.01/04:42:44 train_mapper.py:615 ] epoch=0131 train_loss=6.219934e-03 train_mse=6.219934e-03 train_cos=0.995063 train_nmse=-20.136dB train_rec=0.000000e+00 train_recT=0.000000e+00 train_fc=0.000000e+00 train_decoder_tail=0.000000e+00
I 07.01/04:43:03 train_mapper.py:615 ] epoch=0132 train_loss=6.199315e-03 train_mse=6.199315e-03 train_cos=0.995078 train_nmse=-20.151dB train_rec=0.000000e+00 train_recT=0.000000e+00 train_fc=0.000000e+00 train_decoder_tail=0.000000e+00
I 07.01/04:43:23 train_mapper.py:615 ] epoch=0133 train_loss=6.182257e-03 train_mse=6.182257e-03 train_cos=0.995093 train_nmse=-20.163dB train_rec=0.000000e+00 train_recT=0.000000e+00 train_fc=0.000000e+00 train_decoder_tail=0.000000e+00
I 07.01/04:43:44 train_mapper.py:615 ] epoch=0134 train_loss=6.157537e-03 train_mse=6.157537e-03 train_cos=0.995114 train_nmse=-20.180dB train_rec=0.000000e+00 train_recT=0.000000e+00 train_fc=0.000000e+00 train_decoder_tail=0.000000e+00
I 07.01/04:44:06 train_mapper.py:615 ] epoch=0135 train_loss=6.120314e-03 train_mse=6.120314e-03 train_cos=0.995144 train_nmse=-20.206dB train_rec=0.000000e+00 train_recT=0.000000e+00 train_fc=0.000000e+00 train_decoder_tail=0.000000e+00
I 07.01/04:44:22 train_mapper.py:615 ] epoch=0136 train_loss=6.106070e-03 train_mse=6.106070e-03 train_cos=0.995155 train_nmse=-20.216dB train_rec=0.000000e+00 train_recT=0.000000e+00 train_fc=0.000000e+00 train_decoder_tail=0.000000e+00
I 07.01/04:44:46 train_mapper.py:615 ] epoch=0137 train_loss=6.089328e-03 train_mse=6.089328e-03 train_cos=0.995169 train_nmse=-20.228dB train_rec=0.000000e+00 train_recT=0.000000e+00 train_fc=0.000000e+00 train_decoder_tail=0.000000e+00
I 07.01/04:45:18 train_mapper.py:615 ] epoch=0138 train_loss=6.058995e-03 train_mse=6.058995e-03 train_cos=0.995192 train_nmse=-20.250dB train_rec=0.000000e+00 train_recT=0.000000e+00 train_fc=0.000000e+00 train_decoder_tail=0.000000e+00
I 07.01/04:45:45 train_mapper.py:615 ] epoch=0139 train_loss=6.011622e-03 train_mse=6.011622e-03 train_cos=0.995230 train_nmse=-20.284dB train_rec=0.000000e+00 train_recT=0.000000e+00 train_fc=0.000000e+00 train_decoder_tail=0.000000e+00
I 07.01/04:46:05 train_mapper.py:615 ] epoch=0140 train_loss=6.009764e-03 train_mse=6.009764e-03 train_cos=0.995231 train_nmse=-20.285dB train_rec=0.000000e+00 train_recT=0.000000e+00 train_fc=0.000000e+00 train_decoder_tail=0.000000e+00
I 07.01/04:46:23 train_mapper.py:615 ] epoch=0141 train_loss=5.981639e-03 train_mse=5.981639e-03 train_cos=0.995253 train_nmse=-20.306dB train_rec=0.000000e+00 train_recT=0.000000e+00 train_fc=0.000000e+00 train_decoder_tail=0.000000e+00
I 07.01/04:46:40 train_mapper.py:615 ] epoch=0142 train_loss=5.965077e-03 train_mse=5.965077e-03 train_cos=0.995266 train_nmse=-20.318dB train_rec=0.000000e+00 train_recT=0.000000e+00 train_fc=0.000000e+00 train_decoder_tail=0.000000e+00
I 07.01/04:46:55 train_mapper.py:615 ] epoch=0143 train_loss=5.912156e-03 train_mse=5.912156e-03 train_cos=0.995308 train_nmse=-20.356dB train_rec=0.000000e+00 train_recT=0.000000e+00 train_fc=0.000000e+00 train_decoder_tail=0.000000e+00
I 07.01/04:47:08 train_mapper.py:615 ] epoch=0144 train_loss=5.876570e-03 train_mse=5.876570e-03 train_cos=0.995335 train_nmse=-20.383dB train_rec=0.000000e+00 train_recT=0.000000e+00 train_fc=0.000000e+00 train_decoder_tail=0.000000e+00
I 07.01/04:47:31 train_mapper.py:615 ] epoch=0145 train_loss=5.885774e-03 train_mse=5.885774e-03 train_cos=0.995329 train_nmse=-20.376dB train_rec=0.000000e+00 train_recT=0.000000e+00 train_fc=0.000000e+00 train_decoder_tail=0.000000e+00
I 07.01/04:47:46 train_mapper.py:615 ] epoch=0146 train_loss=5.872750e-03 train_mse=5.872750e-03 train_cos=0.995342 train_nmse=-20.385dB train_rec=0.000000e+00 train_recT=0.000000e+00 train_fc=0.000000e+00 train_decoder_tail=0.000000e+00
I 07.01/04:48:07 train_mapper.py:615 ] epoch=0147 train_loss=5.821074e-03 train_mse=5.821074e-03 train_cos=0.995381 train_nmse=-20.424dB train_rec=0.000000e+00 train_recT=0.000000e+00 train_fc=0.000000e+00 train_decoder_tail=0.000000e+00
I 07.01/04:48:24 train_mapper.py:615 ] epoch=0148 train_loss=5.815658e-03 train_mse=5.815658e-03 train_cos=0.995385 train_nmse=-20.428dB train_rec=0.000000e+00 train_recT=0.000000e+00 train_fc=0.000000e+00 train_decoder_tail=0.000000e+00
I 07.01/04:48:42 train_mapper.py:615 ] epoch=0149 train_loss=5.810896e-03 train_mse=5.810896e-03 train_cos=0.995389 train_nmse=-20.431dB train_rec=0.000000e+00 train_recT=0.000000e+00 train_fc=0.000000e+00 train_decoder_tail=0.000000e+00
I 07.01/04:48:59 train_mapper.py:615 ] epoch=0150 train_loss=5.774457e-03 train_mse=5.774457e-03 train_cos=0.995419 train_nmse=-20.459dB train_rec=0.000000e+00 train_recT=0.000000e+00 train_fc=0.000000e+00 train_decoder_tail=0.000000e+00
I 07.01/04:49:29 train_mapper.py:615 ] epoch=0151 train_loss=5.758918e-03 train_mse=5.758918e-03 train_cos=0.995430 train_nmse=-20.471dB train_rec=0.000000e+00 train_recT=0.000000e+00 train_fc=0.000000e+00 train_decoder_tail=0.000000e+00
I 07.01/04:49:49 train_mapper.py:615 ] epoch=0152 train_loss=5.719741e-03 train_mse=5.719741e-03 train_cos=0.995463 train_nmse=-20.500dB train_rec=0.000000e+00 train_recT=0.000000e+00 train_fc=0.000000e+00 train_decoder_tail=0.000000e+00
I 07.01/04:50:16 train_mapper.py:615 ] epoch=0153 train_loss=5.712560e-03 train_mse=5.712560e-03 train_cos=0.995467 train_nmse=-20.505dB train_rec=0.000000e+00 train_recT=0.000000e+00 train_fc=0.000000e+00 train_decoder_tail=0.000000e+00
I 07.01/04:50:43 train_mapper.py:615 ] epoch=0154 train_loss=5.660382e-03 train_mse=5.660382e-03 train_cos=0.995508 train_nmse=-20.545dB train_rec=0.000000e+00 train_recT=0.000000e+00 train_fc=0.000000e+00 train_decoder_tail=0.000000e+00
I 07.01/04:51:16 train_mapper.py:615 ] epoch=0155 train_loss=5.639324e-03 train_mse=5.639324e-03 train_cos=0.995524 train_nmse=-20.562dB train_rec=0.000000e+00 train_recT=0.000000e+00 train_fc=0.000000e+00 train_decoder_tail=0.000000e+00
I 07.01/04:51:46 train_mapper.py:615 ] epoch=0156 train_loss=5.639201e-03 train_mse=5.639201e-03 train_cos=0.995524 train_nmse=-20.562dB train_rec=0.000000e+00 train_recT=0.000000e+00 train_fc=0.000000e+00 train_decoder_tail=0.000000e+00
I 07.01/04:52:16 train_mapper.py:615 ] epoch=0157 train_loss=5.629795e-03 train_mse=5.629795e-03 train_cos=0.995531 train_nmse=-20.569dB train_rec=0.000000e+00 train_recT=0.000000e+00 train_fc=0.000000e+00 train_decoder_tail=0.000000e+00
I 07.01/04:52:46 train_mapper.py:615 ] epoch=0158 train_loss=5.603420e-03 train_mse=5.603420e-03 train_cos=0.995555 train_nmse=-20.589dB train_rec=0.000000e+00 train_recT=0.000000e+00 train_fc=0.000000e+00 train_decoder_tail=0.000000e+00
I 07.01/04:53:25 train_mapper.py:615 ] epoch=0159 train_loss=5.552968e-03 train_mse=5.552968e-03 train_cos=0.995594 train_nmse=-20.629dB train_rec=0.000000e+00 train_recT=0.000000e+00 train_fc=0.000000e+00 train_decoder_tail=0.000000e+00
I 07.01/04:53:59 train_mapper.py:615 ] epoch=0160 train_loss=5.533293e-03 train_mse=5.533293e-03 train_cos=0.995609 train_nmse=-20.644dB train_rec=0.000000e+00 train_recT=0.000000e+00 train_fc=0.000000e+00 train_decoder_tail=0.000000e+00
I 07.01/04:54:45 train_mapper.py:615 ] epoch=0161 train_loss=5.554647e-03 train_mse=5.554647e-03 train_cos=0.995594 train_nmse=-20.627dB train_rec=0.000000e+00 train_recT=0.000000e+00 train_fc=0.000000e+00 train_decoder_tail=0.000000e+00
I 07.01/04:55:29 train_mapper.py:615 ] epoch=0162 train_loss=5.540057e-03 train_mse=5.540057e-03 train_cos=0.995608 train_nmse=-20.639dB train_rec=0.000000e+00 train_recT=0.000000e+00 train_fc=0.000000e+00 train_decoder_tail=0.000000e+00
I 07.01/04:56:16 train_mapper.py:615 ] epoch=0163 train_loss=5.523665e-03 train_mse=5.523665e-03 train_cos=0.995622 train_nmse=-20.651dB train_rec=0.000000e+00 train_recT=0.000000e+00 train_fc=0.000000e+00 train_decoder_tail=0.000000e+00
I 07.01/04:56:48 train_mapper.py:615 ] epoch=0164 train_loss=5.507140e-03 train_mse=5.507140e-03 train_cos=0.995633 train_nmse=-20.665dB train_rec=0.000000e+00 train_recT=0.000000e+00 train_fc=0.000000e+00 train_decoder_tail=0.000000e+00
I 07.01/04:57:31 train_mapper.py:615 ] epoch=0165 train_loss=5.466000e-03 train_mse=5.466000e-03 train_cos=0.995664 train_nmse=-20.697dB train_rec=0.000000e+00 train_recT=0.000000e+00 train_fc=0.000000e+00 train_decoder_tail=0.000000e+00
I 07.01/04:58:19 train_mapper.py:615 ] epoch=0166 train_loss=5.418759e-03 train_mse=5.418759e-03 train_cos=0.995699 train_nmse=-20.735dB train_rec=0.000000e+00 train_recT=0.000000e+00 train_fc=0.000000e+00 train_decoder_tail=0.000000e+00
I 07.01/04:58:52 train_mapper.py:615 ] epoch=0167 train_loss=5.442489e-03 train_mse=5.442489e-03 train_cos=0.995680 train_nmse=-20.716dB train_rec=0.000000e+00 train_recT=0.000000e+00 train_fc=0.000000e+00 train_decoder_tail=0.000000e+00
I 07.01/04:59:15 train_mapper.py:615 ] epoch=0168 train_loss=5.411715e-03 train_mse=5.411715e-03 train_cos=0.995706 train_nmse=-20.740dB train_rec=0.000000e+00 train_recT=0.000000e+00 train_fc=0.000000e+00 train_decoder_tail=0.000000e+00
I 07.01/04:59:34 train_mapper.py:615 ] epoch=0169 train_loss=5.403528e-03 train_mse=5.403528e-03 train_cos=0.995715 train_nmse=-20.747dB train_rec=0.000000e+00 train_recT=0.000000e+00 train_fc=0.000000e+00 train_decoder_tail=0.000000e+00
I 07.01/05:00:01 train_mapper.py:615 ] epoch=0170 train_loss=5.376769e-03 train_mse=5.376769e-03 train_cos=0.995736 train_nmse=-20.768dB train_rec=0.000000e+00 train_recT=0.000000e+00 train_fc=0.000000e+00 train_decoder_tail=0.000000e+00
I 07.01/05:00:22 train_mapper.py:615 ] epoch=0171 train_loss=5.364080e-03 train_mse=5.364080e-03 train_cos=0.995746 train_nmse=-20.779dB train_rec=0.000000e+00 train_recT=0.000000e+00 train_fc=0.000000e+00 train_decoder_tail=0.000000e+00
I 07.01/05:00:41 train_mapper.py:615 ] epoch=0172 train_loss=5.370435e-03 train_mse=5.370435e-03 train_cos=0.995741 train_nmse=-20.774dB train_rec=0.000000e+00 train_recT=0.000000e+00 train_fc=0.000000e+00 train_decoder_tail=0.000000e+00
I 07.01/05:00:59 train_mapper.py:615 ] epoch=0173 train_loss=5.361440e-03 train_mse=5.361440e-03 train_cos=0.995751 train_nmse=-20.781dB train_rec=0.000000e+00 train_recT=0.000000e+00 train_fc=0.000000e+00 train_decoder_tail=0.000000e+00
I 07.01/05:01:20 train_mapper.py:615 ] epoch=0174 train_loss=5.307104e-03 train_mse=5.307104e-03 train_cos=0.995790 train_nmse=-20.825dB train_rec=0.000000e+00 train_recT=0.000000e+00 train_fc=0.000000e+00 train_decoder_tail=0.000000e+00
I 07.01/05:01:38 train_mapper.py:615 ] epoch=0175 train_loss=5.287359e-03 train_mse=5.287359e-03 train_cos=0.995807 train_nmse=-20.841dB train_rec=0.000000e+00 train_recT=0.000000e+00 train_fc=0.000000e+00 train_decoder_tail=0.000000e+00
I 07.01/05:01:58 train_mapper.py:615 ] epoch=0176 train_loss=5.267611e-03 train_mse=5.267611e-03 train_cos=0.995823 train_nmse=-20.858dB train_rec=0.000000e+00 train_recT=0.000000e+00 train_fc=0.000000e+00 train_decoder_tail=0.000000e+00
I 07.01/05:02:20 train_mapper.py:615 ] epoch=0177 train_loss=5.276259e-03 train_mse=5.276259e-03 train_cos=0.995817 train_nmse=-20.851dB train_rec=0.000000e+00 train_recT=0.000000e+00 train_fc=0.000000e+00 train_decoder_tail=0.000000e+00
I 07.01/05:02:41 train_mapper.py:615 ] epoch=0178 train_loss=5.252245e-03 train_mse=5.252245e-03 train_cos=0.995838 train_nmse=-20.870dB train_rec=0.000000e+00 train_recT=0.000000e+00 train_fc=0.000000e+00 train_decoder_tail=0.000000e+00
I 07.01/05:03:09 train_mapper.py:615 ] epoch=0179 train_loss=5.238031e-03 train_mse=5.238031e-03 train_cos=0.995847 train_nmse=-20.882dB train_rec=0.000000e+00 train_recT=0.000000e+00 train_fc=0.000000e+00 train_decoder_tail=0.000000e+00
I 07.01/05:03:31 train_mapper.py:615 ] epoch=0180 train_loss=5.229787e-03 train_mse=5.229787e-03 train_cos=0.995854 train_nmse=-20.889dB train_rec=0.000000e+00 train_recT=0.000000e+00 train_fc=0.000000e+00 train_decoder_tail=0.000000e+00
I 07.01/05:03:50 train_mapper.py:615 ] epoch=0181 train_loss=5.205331e-03 train_mse=5.205331e-03 train_cos=0.995873 train_nmse=-20.909dB train_rec=0.000000e+00 train_recT=0.000000e+00 train_fc=0.000000e+00 train_decoder_tail=0.000000e+00
I 07.01/05:04:21 train_mapper.py:615 ] epoch=0182 train_loss=5.190661e-03 train_mse=5.190661e-03 train_cos=0.995884 train_nmse=-20.921dB train_rec=0.000000e+00 train_recT=0.000000e+00 train_fc=0.000000e+00 train_decoder_tail=0.000000e+00
I 07.01/05:04:54 train_mapper.py:615 ] epoch=0183 train_loss=5.171728e-03 train_mse=5.171728e-03 train_cos=0.995899 train_nmse=-20.937dB train_rec=0.000000e+00 train_recT=0.000000e+00 train_fc=0.000000e+00 train_decoder_tail=0.000000e+00
I 07.01/05:05:14 train_mapper.py:615 ] epoch=0184 train_loss=5.129374e-03 train_mse=5.129374e-03 train_cos=0.995932 train_nmse=-20.973dB train_rec=0.000000e+00 train_recT=0.000000e+00 train_fc=0.000000e+00 train_decoder_tail=0.000000e+00
I 07.01/05:05:41 train_mapper.py:615 ] epoch=0185 train_loss=5.121877e-03 train_mse=5.121877e-03 train_cos=0.995938 train_nmse=-20.980dB train_rec=0.000000e+00 train_recT=0.000000e+00 train_fc=0.000000e+00 train_decoder_tail=0.000000e+00
I 07.01/05:06:04 train_mapper.py:615 ] epoch=0186 train_loss=5.112657e-03 train_mse=5.112657e-03 train_cos=0.995946 train_nmse=-20.987dB train_rec=0.000000e+00 train_recT=0.000000e+00 train_fc=0.000000e+00 train_decoder_tail=0.000000e+00
I 07.01/05:06:22 train_mapper.py:615 ] epoch=0187 train_loss=5.120845e-03 train_mse=5.120845e-03 train_cos=0.995940 train_nmse=-20.980dB train_rec=0.000000e+00 train_recT=0.000000e+00 train_fc=0.000000e+00 train_decoder_tail=0.000000e+00
I 07.01/05:06:39 train_mapper.py:615 ] epoch=0188 train_loss=5.122279e-03 train_mse=5.122279e-03 train_cos=0.995941 train_nmse=-20.979dB train_rec=0.000000e+00 train_recT=0.000000e+00 train_fc=0.000000e+00 train_decoder_tail=0.000000e+00
I 07.01/05:06:57 train_mapper.py:615 ] epoch=0189 train_loss=5.109871e-03 train_mse=5.109871e-03 train_cos=0.995952 train_nmse=-20.990dB train_rec=0.000000e+00 train_recT=0.000000e+00 train_fc=0.000000e+00 train_decoder_tail=0.000000e+00
I 07.01/05:07:16 train_mapper.py:615 ] epoch=0190 train_loss=5.082006e-03 train_mse=5.082006e-03 train_cos=0.995973 train_nmse=-21.013dB train_rec=0.000000e+00 train_recT=0.000000e+00 train_fc=0.000000e+00 train_decoder_tail=0.000000e+00
I 07.01/05:07:34 train_mapper.py:615 ] epoch=0191 train_loss=5.052673e-03 train_mse=5.052673e-03 train_cos=0.995997 train_nmse=-21.038dB train_rec=0.000000e+00 train_recT=0.000000e+00 train_fc=0.000000e+00 train_decoder_tail=0.000000e+00
I 07.01/05:07:53 train_mapper.py:615 ] epoch=0192 train_loss=5.018820e-03 train_mse=5.018820e-03 train_cos=0.996022 train_nmse=-21.068dB train_rec=0.000000e+00 train_recT=0.000000e+00 train_fc=0.000000e+00 train_decoder_tail=0.000000e+00
I 07.01/05:08:10 train_mapper.py:615 ] epoch=0193 train_loss=4.997957e-03 train_mse=4.997957e-03 train_cos=0.996036 train_nmse=-21.086dB train_rec=0.000000e+00 train_recT=0.000000e+00 train_fc=0.000000e+00 train_decoder_tail=0.000000e+00
I 07.01/05:08:25 train_mapper.py:615 ] epoch=0194 train_loss=5.007523e-03 train_mse=5.007523e-03 train_cos=0.996027 train_nmse=-21.078dB train_rec=0.000000e+00 train_recT=0.000000e+00 train_fc=0.000000e+00 train_decoder_tail=0.000000e+00
I 07.01/05:08:43 train_mapper.py:615 ] epoch=0195 train_loss=4.981514e-03 train_mse=4.981514e-03 train_cos=0.996050 train_nmse=-21.100dB train_rec=0.000000e+00 train_recT=0.000000e+00 train_fc=0.000000e+00 train_decoder_tail=0.000000e+00
I 07.01/05:09:05 train_mapper.py:615 ] epoch=0196 train_loss=4.984528e-03 train_mse=4.984528e-03 train_cos=0.996048 train_nmse=-21.097dB train_rec=0.000000e+00 train_recT=0.000000e+00 train_fc=0.000000e+00 train_decoder_tail=0.000000e+00
I 07.01/05:09:27 train_mapper.py:615 ] epoch=0197 train_loss=4.985373e-03 train_mse=4.985373e-03 train_cos=0.996047 train_nmse=-21.097dB train_rec=0.000000e+00 train_recT=0.000000e+00 train_fc=0.000000e+00 train_decoder_tail=0.000000e+00
I 07.01/05:09:45 train_mapper.py:615 ] epoch=0198 train_loss=4.948921e-03 train_mse=4.948921e-03 train_cos=0.996076 train_nmse=-21.129dB train_rec=0.000000e+00 train_recT=0.000000e+00 train_fc=0.000000e+00 train_decoder_tail=0.000000e+00
I 07.01/05:10:06 train_mapper.py:615 ] epoch=0199 train_loss=4.936984e-03 train_mse=4.936984e-03 train_cos=0.996087 train_nmse=-21.139dB train_rec=0.000000e+00 train_recT=0.000000e+00 train_fc=0.000000e+00 train_decoder_tail=0.000000e+00
I 07.01/05:10:26 train_mapper.py:615 ] epoch=0200 train_loss=4.936351e-03 train_mse=4.936351e-03 train_cos=0.996087 train_nmse=-21.140dB train_rec=0.000000e+00 train_recT=0.000000e+00 train_fc=0.000000e+00 train_decoder_tail=0.000000e+00
I 07.01/05:10:45 train_mapper.py:615 ] epoch=0201 train_loss=4.936874e-03 train_mse=4.936874e-03 train_cos=0.996090 train_nmse=-21.139dB train_rec=0.000000e+00 train_recT=0.000000e+00 train_fc=0.000000e+00 train_decoder_tail=0.000000e+00
I 07.01/05:11:05 train_mapper.py:615 ] epoch=0202 train_loss=4.920612e-03 train_mse=4.920612e-03 train_cos=0.996103 train_nmse=-21.154dB train_rec=0.000000e+00 train_recT=0.000000e+00 train_fc=0.000000e+00 train_decoder_tail=0.000000e+00
I 07.01/05:11:24 train_mapper.py:615 ] epoch=0203 train_loss=4.923495e-03 train_mse=4.923495e-03 train_cos=0.996101 train_nmse=-21.151dB train_rec=0.000000e+00 train_recT=0.000000e+00 train_fc=0.000000e+00 train_decoder_tail=0.000000e+00
I 07.01/05:11:42 train_mapper.py:615 ] epoch=0204 train_loss=4.879712e-03 train_mse=4.879712e-03 train_cos=0.996136 train_nmse=-21.190dB train_rec=0.000000e+00 train_recT=0.000000e+00 train_fc=0.000000e+00 train_decoder_tail=0.000000e+00
I 07.01/05:12:01 train_mapper.py:615 ] epoch=0205 train_loss=4.852907e-03 train_mse=4.852907e-03 train_cos=0.996155 train_nmse=-21.214dB train_rec=0.000000e+00 train_recT=0.000000e+00 train_fc=0.000000e+00 train_decoder_tail=0.000000e+00
I 07.01/05:12:21 train_mapper.py:615 ] epoch=0206 train_loss=4.872810e-03 train_mse=4.872810e-03 train_cos=0.996140 train_nmse=-21.196dB train_rec=0.000000e+00 train_recT=0.000000e+00 train_fc=0.000000e+00 train_decoder_tail=0.000000e+00
I 07.01/05:12:40 train_mapper.py:615 ] epoch=0207 train_loss=4.852671e-03 train_mse=4.852671e-03 train_cos=0.996157 train_nmse=-21.214dB train_rec=0.000000e+00 train_recT=0.000000e+00 train_fc=0.000000e+00 train_decoder_tail=0.000000e+00
I 07.01/05:13:01 train_mapper.py:615 ] epoch=0208 train_loss=4.835284e-03 train_mse=4.835284e-03 train_cos=0.996168 train_nmse=-21.229dB train_rec=0.000000e+00 train_recT=0.000000e+00 train_fc=0.000000e+00 train_decoder_tail=0.000000e+00
I 07.01/05:13:21 train_mapper.py:615 ] epoch=0209 train_loss=4.805507e-03 train_mse=4.805507e-03 train_cos=0.996192 train_nmse=-21.256dB train_rec=0.000000e+00 train_recT=0.000000e+00 train_fc=0.000000e+00 train_decoder_tail=0.000000e+00
I 07.01/05:13:41 train_mapper.py:615 ] epoch=0210 train_loss=4.782200e-03 train_mse=4.782200e-03 train_cos=0.996210 train_nmse=-21.278dB train_rec=0.000000e+00 train_recT=0.000000e+00 train_fc=0.000000e+00 train_decoder_tail=0.000000e+00
I 07.01/05:14:00 train_mapper.py:615 ] epoch=0211 train_loss=4.770645e-03 train_mse=4.770645e-03 train_cos=0.996217 train_nmse=-21.288dB train_rec=0.000000e+00 train_recT=0.000000e+00 train_fc=0.000000e+00 train_decoder_tail=0.000000e+00
I 07.01/05:14:19 train_mapper.py:615 ] epoch=0212 train_loss=4.774686e-03 train_mse=4.774686e-03 train_cos=0.996217 train_nmse=-21.284dB train_rec=0.000000e+00 train_recT=0.000000e+00 train_fc=0.000000e+00 train_decoder_tail=0.000000e+00
I 07.01/05:14:40 train_mapper.py:615 ] epoch=0213 train_loss=4.759769e-03 train_mse=4.759769e-03 train_cos=0.996229 train_nmse=-21.298dB train_rec=0.000000e+00 train_recT=0.000000e+00 train_fc=0.000000e+00 train_decoder_tail=0.000000e+00
I 07.01/05:15:06 train_mapper.py:615 ] epoch=0214 train_loss=4.761542e-03 train_mse=4.761542e-03 train_cos=0.996228 train_nmse=-21.296dB train_rec=0.000000e+00 train_recT=0.000000e+00 train_fc=0.000000e+00 train_decoder_tail=0.000000e+00
I 07.01/05:15:24 train_mapper.py:615 ] epoch=0215 train_loss=4.766833e-03 train_mse=4.766833e-03 train_cos=0.996224 train_nmse=-21.291dB train_rec=0.000000e+00 train_recT=0.000000e+00 train_fc=0.000000e+00 train_decoder_tail=0.000000e+00
I 07.01/05:15:51 train_mapper.py:615 ] epoch=0216 train_loss=4.739241e-03 train_mse=4.739241e-03 train_cos=0.996246 train_nmse=-21.317dB train_rec=0.000000e+00 train_recT=0.000000e+00 train_fc=0.000000e+00 train_decoder_tail=0.000000e+00
I 07.01/05:16:12 train_mapper.py:615 ] epoch=0217 train_loss=4.719548e-03 train_mse=4.719548e-03 train_cos=0.996263 train_nmse=-21.335dB train_rec=0.000000e+00 train_recT=0.000000e+00 train_fc=0.000000e+00 train_decoder_tail=0.000000e+00
I 07.01/05:16:33 train_mapper.py:615 ] epoch=0218 train_loss=4.713451e-03 train_mse=4.713451e-03 train_cos=0.996268 train_nmse=-21.340dB train_rec=0.000000e+00 train_recT=0.000000e+00 train_fc=0.000000e+00 train_decoder_tail=0.000000e+00
I 07.01/05:16:52 train_mapper.py:615 ] epoch=0219 train_loss=4.697462e-03 train_mse=4.697462e-03 train_cos=0.996279 train_nmse=-21.355dB train_rec=0.000000e+00 train_recT=0.000000e+00 train_fc=0.000000e+00 train_decoder_tail=0.000000e+00
I 07.01/05:17:18 train_mapper.py:615 ] epoch=0220 train_loss=4.683860e-03 train_mse=4.683860e-03 train_cos=0.996290 train_nmse=-21.368dB train_rec=0.000000e+00 train_recT=0.000000e+00 train_fc=0.000000e+00 train_decoder_tail=0.000000e+00
I 07.01/05:17:38 train_mapper.py:615 ] epoch=0221 train_loss=4.685995e-03 train_mse=4.685995e-03 train_cos=0.996290 train_nmse=-21.366dB train_rec=0.000000e+00 train_recT=0.000000e+00 train_fc=0.000000e+00 train_decoder_tail=0.000000e+00
I 07.01/05:18:00 train_mapper.py:615 ] epoch=0222 train_loss=4.666268e-03 train_mse=4.666268e-03 train_cos=0.996306 train_nmse=-21.384dB train_rec=0.000000e+00 train_recT=0.000000e+00 train_fc=0.000000e+00 train_decoder_tail=0.000000e+00
I 07.01/05:18:20 train_mapper.py:615 ] epoch=0223 train_loss=4.649721e-03 train_mse=4.649721e-03 train_cos=0.996319 train_nmse=-21.400dB train_rec=0.000000e+00 train_recT=0.000000e+00 train_fc=0.000000e+00 train_decoder_tail=0.000000e+00
I 07.01/05:18:38 train_mapper.py:615 ] epoch=0224 train_loss=4.632669e-03 train_mse=4.632669e-03 train_cos=0.996332 train_nmse=-21.415dB train_rec=0.000000e+00 train_recT=0.000000e+00 train_fc=0.000000e+00 train_decoder_tail=0.000000e+00
I 07.01/05:18:56 train_mapper.py:615 ] epoch=0225 train_loss=4.635017e-03 train_mse=4.635017e-03 train_cos=0.996329 train_nmse=-21.413dB train_rec=0.000000e+00 train_recT=0.000000e+00 train_fc=0.000000e+00 train_decoder_tail=0.000000e+00
I 07.01/05:19:15 train_mapper.py:615 ] epoch=0226 train_loss=4.620933e-03 train_mse=4.620933e-03 train_cos=0.996342 train_nmse=-21.426dB train_rec=0.000000e+00 train_recT=0.000000e+00 train_fc=0.000000e+00 train_decoder_tail=0.000000e+00
I 07.01/05:19:33 train_mapper.py:615 ] epoch=0227 train_loss=4.642966e-03 train_mse=4.642966e-03 train_cos=0.996325 train_nmse=-21.406dB train_rec=0.000000e+00 train_recT=0.000000e+00 train_fc=0.000000e+00 train_decoder_tail=0.000000e+00
I 07.01/05:19:54 train_mapper.py:615 ] epoch=0228 train_loss=4.600099e-03 train_mse=4.600099e-03 train_cos=0.996359 train_nmse=-21.446dB train_rec=0.000000e+00 train_recT=0.000000e+00 train_fc=0.000000e+00 train_decoder_tail=0.000000e+00
I 07.01/05:20:19 train_mapper.py:615 ] epoch=0229 train_loss=4.583339e-03 train_mse=4.583339e-03 train_cos=0.996370 train_nmse=-21.462dB train_rec=0.000000e+00 train_recT=0.000000e+00 train_fc=0.000000e+00 train_decoder_tail=0.000000e+00
I 07.01/05:20:42 train_mapper.py:615 ] epoch=0230 train_loss=4.567708e-03 train_mse=4.567708e-03 train_cos=0.996384 train_nmse=-21.477dB train_rec=0.000000e+00 train_recT=0.000000e+00 train_fc=0.000000e+00 train_decoder_tail=0.000000e+00
I 07.01/05:21:07 train_mapper.py:615 ] epoch=0231 train_loss=4.562506e-03 train_mse=4.562506e-03 train_cos=0.996388 train_nmse=-21.482dB train_rec=0.000000e+00 train_recT=0.000000e+00 train_fc=0.000000e+00 train_decoder_tail=0.000000e+00
I 07.01/05:21:27 train_mapper.py:615 ] epoch=0232 train_loss=4.568252e-03 train_mse=4.568252e-03 train_cos=0.996384 train_nmse=-21.476dB train_rec=0.000000e+00 train_recT=0.000000e+00 train_fc=0.000000e+00 train_decoder_tail=0.000000e+00
I 07.01/05:21:49 train_mapper.py:615 ] epoch=0233 train_loss=4.563089e-03 train_mse=4.563089e-03 train_cos=0.996388 train_nmse=-21.481dB train_rec=0.000000e+00 train_recT=0.000000e+00 train_fc=0.000000e+00 train_decoder_tail=0.000000e+00
I 07.01/05:22:14 train_mapper.py:615 ] epoch=0234 train_loss=4.562302e-03 train_mse=4.562302e-03 train_cos=0.996391 train_nmse=-21.482dB train_rec=0.000000e+00 train_recT=0.000000e+00 train_fc=0.000000e+00 train_decoder_tail=0.000000e+00
I 07.01/05:22:35 train_mapper.py:615 ] epoch=0235 train_loss=4.527208e-03 train_mse=4.527208e-03 train_cos=0.996417 train_nmse=-21.516dB train_rec=0.000000e+00 train_recT=0.000000e+00 train_fc=0.000000e+00 train_decoder_tail=0.000000e+00
I 07.01/05:22:56 train_mapper.py:615 ] epoch=0236 train_loss=4.530376e-03 train_mse=4.530376e-03 train_cos=0.996416 train_nmse=-21.513dB train_rec=0.000000e+00 train_recT=0.000000e+00 train_fc=0.000000e+00 train_decoder_tail=0.000000e+00
I 07.01/05:23:23 train_mapper.py:615 ] epoch=0237 train_loss=4.506067e-03 train_mse=4.506067e-03 train_cos=0.996436 train_nmse=-21.536dB train_rec=0.000000e+00 train_recT=0.000000e+00 train_fc=0.000000e+00 train_decoder_tail=0.000000e+00
I 07.01/05:23:43 train_mapper.py:615 ] epoch=0238 train_loss=4.497219e-03 train_mse=4.497219e-03 train_cos=0.996441 train_nmse=-21.544dB train_rec=0.000000e+00 train_recT=0.000000e+00 train_fc=0.000000e+00 train_decoder_tail=0.000000e+00
I 07.01/05:24:06 train_mapper.py:615 ] epoch=0239 train_loss=4.475883e-03 train_mse=4.475883e-03 train_cos=0.996458 train_nmse=-21.565dB train_rec=0.000000e+00 train_recT=0.000000e+00 train_fc=0.000000e+00 train_decoder_tail=0.000000e+00
I 07.01/05:24:27 train_mapper.py:615 ] epoch=0240 train_loss=4.467529e-03 train_mse=4.467529e-03 train_cos=0.996462 train_nmse=-21.573dB train_rec=0.000000e+00 train_recT=0.000000e+00 train_fc=0.000000e+00 train_decoder_tail=0.000000e+00
I 07.01/05:24:46 train_mapper.py:615 ] epoch=0241 train_loss=4.483749e-03 train_mse=4.483749e-03 train_cos=0.996452 train_nmse=-21.557dB train_rec=0.000000e+00 train_recT=0.000000e+00 train_fc=0.000000e+00 train_decoder_tail=0.000000e+00
I 07.01/05:25:08 train_mapper.py:615 ] epoch=0242 train_loss=4.465042e-03 train_mse=4.465042e-03 train_cos=0.996469 train_nmse=-21.576dB train_rec=0.000000e+00 train_recT=0.000000e+00 train_fc=0.000000e+00 train_decoder_tail=0.000000e+00
I 07.01/05:25:30 train_mapper.py:615 ] epoch=0243 train_loss=4.437303e-03 train_mse=4.437303e-03 train_cos=0.996489 train_nmse=-21.603dB train_rec=0.000000e+00 train_recT=0.000000e+00 train_fc=0.000000e+00 train_decoder_tail=0.000000e+00
I 07.01/05:25:52 train_mapper.py:615 ] epoch=0244 train_loss=4.437749e-03 train_mse=4.437749e-03 train_cos=0.996490 train_nmse=-21.602dB train_rec=0.000000e+00 train_recT=0.000000e+00 train_fc=0.000000e+00 train_decoder_tail=0.000000e+00
I 07.01/05:26:19 train_mapper.py:615 ] epoch=0245 train_loss=4.427195e-03 train_mse=4.427195e-03 train_cos=0.996497 train_nmse=-21.613dB train_rec=0.000000e+00 train_recT=0.000000e+00 train_fc=0.000000e+00 train_decoder_tail=0.000000e+00
I 07.01/05:26:41 train_mapper.py:615 ] epoch=0246 train_loss=4.400242e-03 train_mse=4.400242e-03 train_cos=0.996519 train_nmse=-21.639dB train_rec=0.000000e+00 train_recT=0.000000e+00 train_fc=0.000000e+00 train_decoder_tail=0.000000e+00
I 07.01/05:27:00 train_mapper.py:615 ] epoch=0247 train_loss=4.404756e-03 train_mse=4.404756e-03 train_cos=0.996514 train_nmse=-21.635dB train_rec=0.000000e+00 train_recT=0.000000e+00 train_fc=0.000000e+00 train_decoder_tail=0.000000e+00
I 07.01/05:27:20 train_mapper.py:615 ] epoch=0248 train_loss=4.392921e-03 train_mse=4.392921e-03 train_cos=0.996524 train_nmse=-21.646dB train_rec=0.000000e+00 train_recT=0.000000e+00 train_fc=0.000000e+00 train_decoder_tail=0.000000e+00
I 07.01/05:27:42 train_mapper.py:615 ] epoch=0249 train_loss=4.391345e-03 train_mse=4.391345e-03 train_cos=0.996527 train_nmse=-21.648dB train_rec=0.000000e+00 train_recT=0.000000e+00 train_fc=0.000000e+00 train_decoder_tail=0.000000e+00
I 07.01/05:28:05 train_mapper.py:615 ] epoch=0250 train_loss=4.375813e-03 train_mse=4.375813e-03 train_cos=0.996539 train_nmse=-21.663dB train_rec=0.000000e+00 train_recT=0.000000e+00 train_fc=0.000000e+00 train_decoder_tail=0.000000e+00
I 07.01/05:28:26 train_mapper.py:615 ] epoch=0251 train_loss=4.372558e-03 train_mse=4.372558e-03 train_cos=0.996540 train_nmse=-21.667dB train_rec=0.000000e+00 train_recT=0.000000e+00 train_fc=0.000000e+00 train_decoder_tail=0.000000e+00
I 07.01/05:28:47 train_mapper.py:615 ] epoch=0252 train_loss=4.354588e-03 train_mse=4.354588e-03 train_cos=0.996555 train_nmse=-21.684dB train_rec=0.000000e+00 train_recT=0.000000e+00 train_fc=0.000000e+00 train_decoder_tail=0.000000e+00
I 07.01/05:29:10 train_mapper.py:615 ] epoch=0253 train_loss=4.354773e-03 train_mse=4.354773e-03 train_cos=0.996557 train_nmse=-21.684dB train_rec=0.000000e+00 train_recT=0.000000e+00 train_fc=0.000000e+00 train_decoder_tail=0.000000e+00
I 07.01/05:29:32 train_mapper.py:615 ] epoch=0254 train_loss=4.353944e-03 train_mse=4.353944e-03 train_cos=0.996557 train_nmse=-21.685dB train_rec=0.000000e+00 train_recT=0.000000e+00 train_fc=0.000000e+00 train_decoder_tail=0.000000e+00
I 07.01/05:29:54 train_mapper.py:615 ] epoch=0255 train_loss=4.332942e-03 train_mse=4.332942e-03 train_cos=0.996577 train_nmse=-21.706dB train_rec=0.000000e+00 train_recT=0.000000e+00 train_fc=0.000000e+00 train_decoder_tail=0.000000e+00
I 07.01/05:30:16 train_mapper.py:615 ] epoch=0256 train_loss=4.335861e-03 train_mse=4.335861e-03 train_cos=0.996572 train_nmse=-21.703dB train_rec=0.000000e+00 train_recT=0.000000e+00 train_fc=0.000000e+00 train_decoder_tail=0.000000e+00
I 07.01/05:30:33 train_mapper.py:615 ] epoch=0257 train_loss=4.324791e-03 train_mse=4.324791e-03 train_cos=0.996583 train_nmse=-21.714dB train_rec=0.000000e+00 train_recT=0.000000e+00 train_fc=0.000000e+00 train_decoder_tail=0.000000e+00
I 07.01/05:30:56 train_mapper.py:615 ] epoch=0258 train_loss=4.321001e-03 train_mse=4.321001e-03 train_cos=0.996585 train_nmse=-21.718dB train_rec=0.000000e+00 train_recT=0.000000e+00 train_fc=0.000000e+00 train_decoder_tail=0.000000e+00
I 07.01/05:31:19 train_mapper.py:615 ] epoch=0259 train_loss=4.315406e-03 train_mse=4.315406e-03 train_cos=0.996591 train_nmse=-21.724dB train_rec=0.000000e+00 train_recT=0.000000e+00 train_fc=0.000000e+00 train_decoder_tail=0.000000e+00
I 07.01/05:31:41 train_mapper.py:615 ] epoch=0260 train_loss=4.278412e-03 train_mse=4.278412e-03 train_cos=0.996618 train_nmse=-21.761dB train_rec=0.000000e+00 train_recT=0.000000e+00 train_fc=0.000000e+00 train_decoder_tail=0.000000e+00
I 07.01/05:32:01 train_mapper.py:615 ] epoch=0261 train_loss=4.280834e-03 train_mse=4.280834e-03 train_cos=0.996615 train_nmse=-21.759dB train_rec=0.000000e+00 train_recT=0.000000e+00 train_fc=0.000000e+00 train_decoder_tail=0.000000e+00
I 07.01/05:32:22 train_mapper.py:615 ] epoch=0262 train_loss=4.272461e-03 train_mse=4.272461e-03 train_cos=0.996623 train_nmse=-21.767dB train_rec=0.000000e+00 train_recT=0.000000e+00 train_fc=0.000000e+00 train_decoder_tail=0.000000e+00
I 07.01/05:32:42 train_mapper.py:615 ] epoch=0263 train_loss=4.263779e-03 train_mse=4.263779e-03 train_cos=0.996630 train_nmse=-21.776dB train_rec=0.000000e+00 train_recT=0.000000e+00 train_fc=0.000000e+00 train_decoder_tail=0.000000e+00
I 07.01/05:33:01 train_mapper.py:615 ] epoch=0264 train_loss=4.273419e-03 train_mse=4.273419e-03 train_cos=0.996624 train_nmse=-21.766dB train_rec=0.000000e+00 train_recT=0.000000e+00 train_fc=0.000000e+00 train_decoder_tail=0.000000e+00
I 07.01/05:33:24 train_mapper.py:615 ] epoch=0265 train_loss=4.268583e-03 train_mse=4.268583e-03 train_cos=0.996629 train_nmse=-21.771dB train_rec=0.000000e+00 train_recT=0.000000e+00 train_fc=0.000000e+00 train_decoder_tail=0.000000e+00
I 07.01/05:33:46 train_mapper.py:615 ] epoch=0266 train_loss=4.230869e-03 train_mse=4.230869e-03 train_cos=0.996658 train_nmse=-21.810dB train_rec=0.000000e+00 train_recT=0.000000e+00 train_fc=0.000000e+00 train_decoder_tail=0.000000e+00
I 07.01/05:34:09 train_mapper.py:615 ] epoch=0267 train_loss=4.211031e-03 train_mse=4.211031e-03 train_cos=0.996672 train_nmse=-21.830dB train_rec=0.000000e+00 train_recT=0.000000e+00 train_fc=0.000000e+00 train_decoder_tail=0.000000e+00
I 07.01/05:34:31 train_mapper.py:615 ] epoch=0268 train_loss=4.227707e-03 train_mse=4.227707e-03 train_cos=0.996658 train_nmse=-21.813dB train_rec=0.000000e+00 train_recT=0.000000e+00 train_fc=0.000000e+00 train_decoder_tail=0.000000e+00
I 07.01/05:35:03 train_mapper.py:615 ] epoch=0269 train_loss=4.225896e-03 train_mse=4.225896e-03 train_cos=0.996661 train_nmse=-21.815dB train_rec=0.000000e+00 train_recT=0.000000e+00 train_fc=0.000000e+00 train_decoder_tail=0.000000e+00
I 07.01/05:35:52 train_mapper.py:615 ] epoch=0270 train_loss=4.194236e-03 train_mse=4.194236e-03 train_cos=0.996687 train_nmse=-21.847dB train_rec=0.000000e+00 train_recT=0.000000e+00 train_fc=0.000000e+00 train_decoder_tail=0.000000e+00
I 07.01/05:36:40 train_mapper.py:615 ] epoch=0271 train_loss=4.203162e-03 train_mse=4.203162e-03 train_cos=0.996677 train_nmse=-21.838dB train_rec=0.000000e+00 train_recT=0.000000e+00 train_fc=0.000000e+00 train_decoder_tail=0.000000e+00
I 07.01/05:37:29 train_mapper.py:615 ] epoch=0272 train_loss=4.185073e-03 train_mse=4.185073e-03 train_cos=0.996694 train_nmse=-21.857dB train_rec=0.000000e+00 train_recT=0.000000e+00 train_fc=0.000000e+00 train_decoder_tail=0.000000e+00
I 07.01/05:38:15 train_mapper.py:615 ] epoch=0273 train_loss=4.170513e-03 train_mse=4.170513e-03 train_cos=0.996705 train_nmse=-21.872dB train_rec=0.000000e+00 train_recT=0.000000e+00 train_fc=0.000000e+00 train_decoder_tail=0.000000e+00
I 07.01/05:38:54 train_mapper.py:615 ] epoch=0274 train_loss=4.169570e-03 train_mse=4.169570e-03 train_cos=0.996706 train_nmse=-21.873dB train_rec=0.000000e+00 train_recT=0.000000e+00 train_fc=0.000000e+00 train_decoder_tail=0.000000e+00
I 07.01/05:39:15 train_mapper.py:615 ] epoch=0275 train_loss=4.163821e-03 train_mse=4.163821e-03 train_cos=0.996713 train_nmse=-21.879dB train_rec=0.000000e+00 train_recT=0.000000e+00 train_fc=0.000000e+00 train_decoder_tail=0.000000e+00
I 07.01/05:39:33 train_mapper.py:615 ] epoch=0276 train_loss=4.161036e-03 train_mse=4.161036e-03 train_cos=0.996712 train_nmse=-21.882dB train_rec=0.000000e+00 train_recT=0.000000e+00 train_fc=0.000000e+00 train_decoder_tail=0.000000e+00
I 07.01/05:39:52 train_mapper.py:615 ] epoch=0277 train_loss=4.129083e-03 train_mse=4.129083e-03 train_cos=0.996739 train_nmse=-21.915dB train_rec=0.000000e+00 train_recT=0.000000e+00 train_fc=0.000000e+00 train_decoder_tail=0.000000e+00
I 07.01/05:40:15 train_mapper.py:615 ] epoch=0278 train_loss=4.132853e-03 train_mse=4.132853e-03 train_cos=0.996736 train_nmse=-21.911dB train_rec=0.000000e+00 train_recT=0.000000e+00 train_fc=0.000000e+00 train_decoder_tail=0.000000e+00
I 07.01/05:40:36 train_mapper.py:615 ] epoch=0279 train_loss=4.132841e-03 train_mse=4.132841e-03 train_cos=0.996737 train_nmse=-21.911dB train_rec=0.000000e+00 train_recT=0.000000e+00 train_fc=0.000000e+00 train_decoder_tail=0.000000e+00
I 07.01/05:40:57 train_mapper.py:615 ] epoch=0280 train_loss=4.153562e-03 train_mse=4.153562e-03 train_cos=0.996720 train_nmse=-21.890dB train_rec=0.000000e+00 train_recT=0.000000e+00 train_fc=0.000000e+00 train_decoder_tail=0.000000e+00
I 07.01/05:41:18 train_mapper.py:615 ] epoch=0281 train_loss=4.136267e-03 train_mse=4.136267e-03 train_cos=0.996737 train_nmse=-21.908dB train_rec=0.000000e+00 train_recT=0.000000e+00 train_fc=0.000000e+00 train_decoder_tail=0.000000e+00
I 07.01/05:41:39 train_mapper.py:615 ] epoch=0282 train_loss=4.119737e-03 train_mse=4.119737e-03 train_cos=0.996751 train_nmse=-21.925dB train_rec=0.000000e+00 train_recT=0.000000e+00 train_fc=0.000000e+00 train_decoder_tail=0.000000e+00
I 07.01/05:42:00 train_mapper.py:615 ] epoch=0283 train_loss=4.111678e-03 train_mse=4.111678e-03 train_cos=0.996755 train_nmse=-21.933dB train_rec=0.000000e+00 train_recT=0.000000e+00 train_fc=0.000000e+00 train_decoder_tail=0.000000e+00
I 07.01/05:42:19 train_mapper.py:615 ] epoch=0284 train_loss=4.091899e-03 train_mse=4.091899e-03 train_cos=0.996769 train_nmse=-21.955dB train_rec=0.000000e+00 train_recT=0.000000e+00 train_fc=0.000000e+00 train_decoder_tail=0.000000e+00
I 07.01/05:42:38 train_mapper.py:615 ] epoch=0285 train_loss=4.076009e-03 train_mse=4.076009e-03 train_cos=0.996783 train_nmse=-21.972dB train_rec=0.000000e+00 train_recT=0.000000e+00 train_fc=0.000000e+00 train_decoder_tail=0.000000e+00
I 07.01/05:42:57 train_mapper.py:615 ] epoch=0286 train_loss=4.070063e-03 train_mse=4.070063e-03 train_cos=0.996787 train_nmse=-21.978dB train_rec=0.000000e+00 train_recT=0.000000e+00 train_fc=0.000000e+00 train_decoder_tail=0.000000e+00
I 07.01/05:43:18 train_mapper.py:615 ] epoch=0287 train_loss=4.065227e-03 train_mse=4.065227e-03 train_cos=0.996792 train_nmse=-21.983dB train_rec=0.000000e+00 train_recT=0.000000e+00 train_fc=0.000000e+00 train_decoder_tail=0.000000e+00
I 07.01/05:43:38 train_mapper.py:615 ] epoch=0288 train_loss=4.054355e-03 train_mse=4.054355e-03 train_cos=0.996800 train_nmse=-21.995dB train_rec=0.000000e+00 train_recT=0.000000e+00 train_fc=0.000000e+00 train_decoder_tail=0.000000e+00
I 07.01/05:43:57 train_mapper.py:615 ] epoch=0289 train_loss=4.047147e-03 train_mse=4.047147e-03 train_cos=0.996806 train_nmse=-22.002dB train_rec=0.000000e+00 train_recT=0.000000e+00 train_fc=0.000000e+00 train_decoder_tail=0.000000e+00
I 07.01/05:44:18 train_mapper.py:615 ] epoch=0290 train_loss=4.032549e-03 train_mse=4.032549e-03 train_cos=0.996817 train_nmse=-22.018dB train_rec=0.000000e+00 train_recT=0.000000e+00 train_fc=0.000000e+00 train_decoder_tail=0.000000e+00
I 07.01/05:44:42 train_mapper.py:615 ] epoch=0291 train_loss=4.028786e-03 train_mse=4.028786e-03 train_cos=0.996820 train_nmse=-22.022dB train_rec=0.000000e+00 train_recT=0.000000e+00 train_fc=0.000000e+00 train_decoder_tail=0.000000e+00
I 07.01/05:44:59 train_mapper.py:615 ] epoch=0292 train_loss=4.031773e-03 train_mse=4.031773e-03 train_cos=0.996817 train_nmse=-22.019dB train_rec=0.000000e+00 train_recT=0.000000e+00 train_fc=0.000000e+00 train_decoder_tail=0.000000e+00
I 07.01/05:45:19 train_mapper.py:615 ] epoch=0293 train_loss=4.037007e-03 train_mse=4.037007e-03 train_cos=0.996815 train_nmse=-22.013dB train_rec=0.000000e+00 train_recT=0.000000e+00 train_fc=0.000000e+00 train_decoder_tail=0.000000e+00
I 07.01/05:45:37 train_mapper.py:615 ] epoch=0294 train_loss=4.003362e-03 train_mse=4.003362e-03 train_cos=0.996842 train_nmse=-22.050dB train_rec=0.000000e+00 train_recT=0.000000e+00 train_fc=0.000000e+00 train_decoder_tail=0.000000e+00
I 07.01/05:46:00 train_mapper.py:615 ] epoch=0295 train_loss=4.013768e-03 train_mse=4.013768e-03 train_cos=0.996834 train_nmse=-22.038dB train_rec=0.000000e+00 train_recT=0.000000e+00 train_fc=0.000000e+00 train_decoder_tail=0.000000e+00
I 07.01/05:46:24 train_mapper.py:615 ] epoch=0296 train_loss=4.037988e-03 train_mse=4.037988e-03 train_cos=0.996814 train_nmse=-22.012dB train_rec=0.000000e+00 train_recT=0.000000e+00 train_fc=0.000000e+00 train_decoder_tail=0.000000e+00
I 07.01/05:46:46 train_mapper.py:615 ] epoch=0297 train_loss=4.009083e-03 train_mse=4.009083e-03 train_cos=0.996838 train_nmse=-22.043dB train_rec=0.000000e+00 train_recT=0.000000e+00 train_fc=0.000000e+00 train_decoder_tail=0.000000e+00
I 07.01/05:47:08 train_mapper.py:615 ] epoch=0298 train_loss=3.998013e-03 train_mse=3.998013e-03 train_cos=0.996847 train_nmse=-22.056dB train_rec=0.000000e+00 train_recT=0.000000e+00 train_fc=0.000000e+00 train_decoder_tail=0.000000e+00
I 07.01/05:47:30 train_mapper.py:615 ] epoch=0299 train_loss=3.977791e-03 train_mse=3.977791e-03 train_cos=0.996862 train_nmse=-22.077dB train_rec=0.000000e+00 train_recT=0.000000e+00 train_fc=0.000000e+00 train_decoder_tail=0.000000e+00
I 07.01/05:47:52 train_mapper.py:615 ] epoch=0300 train_loss=3.978024e-03 train_mse=3.978024e-03 train_cos=0.996861 train_nmse=-22.077dB train_rec=0.000000e+00 train_recT=0.000000e+00 train_fc=0.000000e+00 train_decoder_tail=0.000000e+00
I 07.01/05:48:16 train_mapper.py:615 ] epoch=0301 train_loss=3.959088e-03 train_mse=3.959088e-03 train_cos=0.996877 train_nmse=-22.098dB train_rec=0.000000e+00 train_recT=0.000000e+00 train_fc=0.000000e+00 train_decoder_tail=0.000000e+00
I 07.01/05:48:36 train_mapper.py:615 ] epoch=0302 train_loss=3.981026e-03 train_mse=3.981026e-03 train_cos=0.996858 train_nmse=-22.074dB train_rec=0.000000e+00 train_recT=0.000000e+00 train_fc=0.000000e+00 train_decoder_tail=0.000000e+00
I 07.01/05:48:58 train_mapper.py:615 ] epoch=0303 train_loss=3.951141e-03 train_mse=3.951141e-03 train_cos=0.996884 train_nmse=-22.106dB train_rec=0.000000e+00 train_recT=0.000000e+00 train_fc=0.000000e+00 train_decoder_tail=0.000000e+00
I 07.01/05:49:22 train_mapper.py:615 ] epoch=0304 train_loss=3.937594e-03 train_mse=3.937594e-03 train_cos=0.996894 train_nmse=-22.122dB train_rec=0.000000e+00 train_recT=0.000000e+00 train_fc=0.000000e+00 train_decoder_tail=0.000000e+00
I 07.01/05:49:41 train_mapper.py:615 ] epoch=0305 train_loss=3.935220e-03 train_mse=3.935220e-03 train_cos=0.996896 train_nmse=-22.124dB train_rec=0.000000e+00 train_recT=0.000000e+00 train_fc=0.000000e+00 train_decoder_tail=0.000000e+00
I 07.01/05:50:05 train_mapper.py:615 ] epoch=0306 train_loss=3.918613e-03 train_mse=3.918613e-03 train_cos=0.996909 train_nmse=-22.143dB train_rec=0.000000e+00 train_recT=0.000000e+00 train_fc=0.000000e+00 train_decoder_tail=0.000000e+00
I 07.01/05:50:23 train_mapper.py:615 ] epoch=0307 train_loss=3.908622e-03 train_mse=3.908622e-03 train_cos=0.996917 train_nmse=-22.154dB train_rec=0.000000e+00 train_recT=0.000000e+00 train_fc=0.000000e+00 train_decoder_tail=0.000000e+00
I 07.01/05:50:42 train_mapper.py:615 ] epoch=0308 train_loss=3.923828e-03 train_mse=3.923828e-03 train_cos=0.996904 train_nmse=-22.137dB train_rec=0.000000e+00 train_recT=0.000000e+00 train_fc=0.000000e+00 train_decoder_tail=0.000000e+00
I 07.01/05:50:59 train_mapper.py:615 ] epoch=0309 train_loss=3.916153e-03 train_mse=3.916153e-03 train_cos=0.996911 train_nmse=-22.145dB train_rec=0.000000e+00 train_recT=0.000000e+00 train_fc=0.000000e+00 train_decoder_tail=0.000000e+00
I 07.01/05:51:17 train_mapper.py:615 ] epoch=0310 train_loss=3.911562e-03 train_mse=3.911562e-03 train_cos=0.996913 train_nmse=-22.150dB train_rec=0.000000e+00 train_recT=0.000000e+00 train_fc=0.000000e+00 train_decoder_tail=0.000000e+00
I 07.01/05:51:35 train_mapper.py:615 ] epoch=0311 train_loss=3.903081e-03 train_mse=3.903081e-03 train_cos=0.996923 train_nmse=-22.160dB train_rec=0.000000e+00 train_recT=0.000000e+00 train_fc=0.000000e+00 train_decoder_tail=0.000000e+00
I 07.01/05:51:54 train_mapper.py:615 ] epoch=0312 train_loss=3.882596e-03 train_mse=3.882596e-03 train_cos=0.996940 train_nmse=-22.183dB train_rec=0.000000e+00 train_recT=0.000000e+00 train_fc=0.000000e+00 train_decoder_tail=0.000000e+00
I 07.01/05:52:27 train_mapper.py:615 ] epoch=0313 train_loss=3.875375e-03 train_mse=3.875375e-03 train_cos=0.996945 train_nmse=-22.191dB train_rec=0.000000e+00 train_recT=0.000000e+00 train_fc=0.000000e+00 train_decoder_tail=0.000000e+00
I 07.01/05:52:49 train_mapper.py:615 ] epoch=0314 train_loss=3.872544e-03 train_mse=3.872544e-03 train_cos=0.996947 train_nmse=-22.194dB train_rec=0.000000e+00 train_recT=0.000000e+00 train_fc=0.000000e+00 train_decoder_tail=0.000000e+00
I 07.01/05:53:12 train_mapper.py:615 ] epoch=0315 train_loss=3.873370e-03 train_mse=3.873370e-03 train_cos=0.996946 train_nmse=-22.193dB train_rec=0.000000e+00 train_recT=0.000000e+00 train_fc=0.000000e+00 train_decoder_tail=0.000000e+00
I 07.01/05:53:29 train_mapper.py:615 ] epoch=0316 train_loss=3.875310e-03 train_mse=3.875310e-03 train_cos=0.996945 train_nmse=-22.191dB train_rec=0.000000e+00 train_recT=0.000000e+00 train_fc=0.000000e+00 train_decoder_tail=0.000000e+00
I 07.01/05:53:49 train_mapper.py:615 ] epoch=0317 train_loss=3.875366e-03 train_mse=3.875366e-03 train_cos=0.996946 train_nmse=-22.191dB train_rec=0.000000e+00 train_recT=0.000000e+00 train_fc=0.000000e+00 train_decoder_tail=0.000000e+00
I 07.01/05:54:15 train_mapper.py:615 ] epoch=0318 train_loss=3.862053e-03 train_mse=3.862053e-03 train_cos=0.996955 train_nmse=-22.206dB train_rec=0.000000e+00 train_recT=0.000000e+00 train_fc=0.000000e+00 train_decoder_tail=0.000000e+00
I 07.01/05:54:34 train_mapper.py:615 ] epoch=0319 train_loss=3.857535e-03 train_mse=3.857535e-03 train_cos=0.996960 train_nmse=-22.211dB train_rec=0.000000e+00 train_recT=0.000000e+00 train_fc=0.000000e+00 train_decoder_tail=0.000000e+00
I 07.01/05:54:51 train_mapper.py:615 ] epoch=0320 train_loss=3.837846e-03 train_mse=3.837846e-03 train_cos=0.996975 train_nmse=-22.233dB train_rec=0.000000e+00 train_recT=0.000000e+00 train_fc=0.000000e+00 train_decoder_tail=0.000000e+00
I 07.01/05:55:12 train_mapper.py:615 ] epoch=0321 train_loss=3.834380e-03 train_mse=3.834380e-03 train_cos=0.996977 train_nmse=-22.237dB train_rec=0.000000e+00 train_recT=0.000000e+00 train_fc=0.000000e+00 train_decoder_tail=0.000000e+00
I 07.01/05:55:35 train_mapper.py:615 ] epoch=0322 train_loss=3.841253e-03 train_mse=3.841253e-03 train_cos=0.996972 train_nmse=-22.229dB train_rec=0.000000e+00 train_recT=0.000000e+00 train_fc=0.000000e+00 train_decoder_tail=0.000000e+00
I 07.01/05:55:52 train_mapper.py:615 ] epoch=0323 train_loss=3.820429e-03 train_mse=3.820429e-03 train_cos=0.996988 train_nmse=-22.253dB train_rec=0.000000e+00 train_recT=0.000000e+00 train_fc=0.000000e+00 train_decoder_tail=0.000000e+00
I 07.01/05:56:14 train_mapper.py:615 ] epoch=0324 train_loss=3.810572e-03 train_mse=3.810572e-03 train_cos=0.996996 train_nmse=-22.264dB train_rec=0.000000e+00 train_recT=0.000000e+00 train_fc=0.000000e+00 train_decoder_tail=0.000000e+00
I 07.01/05:56:42 train_mapper.py:615 ] epoch=0325 train_loss=3.813092e-03 train_mse=3.813092e-03 train_cos=0.996994 train_nmse=-22.261dB train_rec=0.000000e+00 train_recT=0.000000e+00 train_fc=0.000000e+00 train_decoder_tail=0.000000e+00
I 07.01/05:56:58 train_mapper.py:615 ] epoch=0326 train_loss=3.805069e-03 train_mse=3.805069e-03 train_cos=0.997000 train_nmse=-22.270dB train_rec=0.000000e+00 train_recT=0.000000e+00 train_fc=0.000000e+00 train_decoder_tail=0.000000e+00
I 07.01/05:57:17 train_mapper.py:615 ] epoch=0327 train_loss=3.790091e-03 train_mse=3.790091e-03 train_cos=0.997013 train_nmse=-22.287dB train_rec=0.000000e+00 train_recT=0.000000e+00 train_fc=0.000000e+00 train_decoder_tail=0.000000e+00
I 07.01/05:57:36 train_mapper.py:615 ] epoch=0328 train_loss=3.795165e-03 train_mse=3.795165e-03 train_cos=0.997008 train_nmse=-22.282dB train_rec=0.000000e+00 train_recT=0.000000e+00 train_fc=0.000000e+00 train_decoder_tail=0.000000e+00
I 07.01/05:57:54 train_mapper.py:615 ] epoch=0329 train_loss=3.774359e-03 train_mse=3.774359e-03 train_cos=0.997026 train_nmse=-22.305dB train_rec=0.000000e+00 train_recT=0.000000e+00 train_fc=0.000000e+00 train_decoder_tail=0.000000e+00
I 07.01/05:58:15 train_mapper.py:615 ] epoch=0330 train_loss=3.770991e-03 train_mse=3.770991e-03 train_cos=0.997025 train_nmse=-22.309dB train_rec=0.000000e+00 train_recT=0.000000e+00 train_fc=0.000000e+00 train_decoder_tail=0.000000e+00
I 07.01/05:58:37 train_mapper.py:615 ] epoch=0331 train_loss=3.752379e-03 train_mse=3.752379e-03 train_cos=0.997041 train_nmse=-22.331dB train_rec=0.000000e+00 train_recT=0.000000e+00 train_fc=0.000000e+00 train_decoder_tail=0.000000e+00
I 07.01/05:58:54 train_mapper.py:615 ] epoch=0332 train_loss=3.749453e-03 train_mse=3.749453e-03 train_cos=0.997043 train_nmse=-22.334dB train_rec=0.000000e+00 train_recT=0.000000e+00 train_fc=0.000000e+00 train_decoder_tail=0.000000e+00
I 07.01/05:59:11 train_mapper.py:615 ] epoch=0333 train_loss=3.751074e-03 train_mse=3.751074e-03 train_cos=0.997042 train_nmse=-22.332dB train_rec=0.000000e+00 train_recT=0.000000e+00 train_fc=0.000000e+00 train_decoder_tail=0.000000e+00
I 07.01/05:59:29 train_mapper.py:615 ] epoch=0334 train_loss=3.749229e-03 train_mse=3.749229e-03 train_cos=0.997046 train_nmse=-22.335dB train_rec=0.000000e+00 train_recT=0.000000e+00 train_fc=0.000000e+00 train_decoder_tail=0.000000e+00
I 07.01/05:59:49 train_mapper.py:615 ] epoch=0335 train_loss=3.759425e-03 train_mse=3.759425e-03 train_cos=0.997038 train_nmse=-22.323dB train_rec=0.000000e+00 train_recT=0.000000e+00 train_fc=0.000000e+00 train_decoder_tail=0.000000e+00
I 07.01/06:00:14 train_mapper.py:615 ] epoch=0336 train_loss=3.747234e-03 train_mse=3.747234e-03 train_cos=0.997047 train_nmse=-22.337dB train_rec=0.000000e+00 train_recT=0.000000e+00 train_fc=0.000000e+00 train_decoder_tail=0.000000e+00
I 07.01/06:00:33 train_mapper.py:615 ] epoch=0337 train_loss=3.734209e-03 train_mse=3.734209e-03 train_cos=0.997057 train_nmse=-22.352dB train_rec=0.000000e+00 train_recT=0.000000e+00 train_fc=0.000000e+00 train_decoder_tail=0.000000e+00
I 07.01/06:00:54 train_mapper.py:615 ] epoch=0338 train_loss=3.714939e-03 train_mse=3.714939e-03 train_cos=0.997072 train_nmse=-22.374dB train_rec=0.000000e+00 train_recT=0.000000e+00 train_fc=0.000000e+00 train_decoder_tail=0.000000e+00
I 07.01/06:01:14 train_mapper.py:615 ] epoch=0339 train_loss=3.742954e-03 train_mse=3.742954e-03 train_cos=0.997049 train_nmse=-22.342dB train_rec=0.000000e+00 train_recT=0.000000e+00 train_fc=0.000000e+00 train_decoder_tail=0.000000e+00
I 07.01/06:01:34 train_mapper.py:615 ] epoch=0340 train_loss=3.711223e-03 train_mse=3.711223e-03 train_cos=0.997075 train_nmse=-22.379dB train_rec=0.000000e+00 train_recT=0.000000e+00 train_fc=0.000000e+00 train_decoder_tail=0.000000e+00
I 07.01/06:01:56 train_mapper.py:615 ] epoch=0341 train_loss=3.703354e-03 train_mse=3.703354e-03 train_cos=0.997084 train_nmse=-22.388dB train_rec=0.000000e+00 train_recT=0.000000e+00 train_fc=0.000000e+00 train_decoder_tail=0.000000e+00
I 07.01/06:02:19 train_mapper.py:615 ] epoch=0342 train_loss=3.716305e-03 train_mse=3.716305e-03 train_cos=0.997072 train_nmse=-22.373dB train_rec=0.000000e+00 train_recT=0.000000e+00 train_fc=0.000000e+00 train_decoder_tail=0.000000e+00
I 07.01/06:02:40 train_mapper.py:615 ] epoch=0343 train_loss=3.709303e-03 train_mse=3.709303e-03 train_cos=0.997078 train_nmse=-22.381dB train_rec=0.000000e+00 train_recT=0.000000e+00 train_fc=0.000000e+00 train_decoder_tail=0.000000e+00
I 07.01/06:03:00 train_mapper.py:615 ] epoch=0344 train_loss=3.715817e-03 train_mse=3.715817e-03 train_cos=0.997072 train_nmse=-22.373dB train_rec=0.000000e+00 train_recT=0.000000e+00 train_fc=0.000000e+00 train_decoder_tail=0.000000e+00
I 07.01/06:03:21 train_mapper.py:615 ] epoch=0345 train_loss=3.708858e-03 train_mse=3.708858e-03 train_cos=0.997079 train_nmse=-22.381dB train_rec=0.000000e+00 train_recT=0.000000e+00 train_fc=0.000000e+00 train_decoder_tail=0.000000e+00
I 07.01/06:03:42 train_mapper.py:615 ] epoch=0346 train_loss=3.691239e-03 train_mse=3.691239e-03 train_cos=0.997093 train_nmse=-22.402dB train_rec=0.000000e+00 train_recT=0.000000e+00 train_fc=0.000000e+00 train_decoder_tail=0.000000e+00
I 07.01/06:04:07 train_mapper.py:615 ] epoch=0347 train_loss=3.689395e-03 train_mse=3.689395e-03 train_cos=0.997092 train_nmse=-22.404dB train_rec=0.000000e+00 train_recT=0.000000e+00 train_fc=0.000000e+00 train_decoder_tail=0.000000e+00
I 07.01/06:04:29 train_mapper.py:615 ] epoch=0348 train_loss=3.667522e-03 train_mse=3.667522e-03 train_cos=0.997109 train_nmse=-22.430dB train_rec=0.000000e+00 train_recT=0.000000e+00 train_fc=0.000000e+00 train_decoder_tail=0.000000e+00
I 07.01/06:04:50 train_mapper.py:615 ] epoch=0349 train_loss=3.664224e-03 train_mse=3.664224e-03 train_cos=0.997112 train_nmse=-22.434dB train_rec=0.000000e+00 train_recT=0.000000e+00 train_fc=0.000000e+00 train_decoder_tail=0.000000e+00
I 07.01/06:05:18 train_mapper.py:615 ] epoch=0350 train_loss=3.657021e-03 train_mse=3.657021e-03 train_cos=0.997118 train_nmse=-22.443dB train_rec=0.000000e+00 train_recT=0.000000e+00 train_fc=0.000000e+00 train_decoder_tail=0.000000e+00
I 07.01/06:05:39 train_mapper.py:615 ] epoch=0351 train_loss=3.636058e-03 train_mse=3.636058e-03 train_cos=0.997134 train_nmse=-22.468dB train_rec=0.000000e+00 train_recT=0.000000e+00 train_fc=0.000000e+00 train_decoder_tail=0.000000e+00
I 07.01/06:06:01 train_mapper.py:615 ] epoch=0352 train_loss=3.627365e-03 train_mse=3.627365e-03 train_cos=0.997140 train_nmse=-22.478dB train_rec=0.000000e+00 train_recT=0.000000e+00 train_fc=0.000000e+00 train_decoder_tail=0.000000e+00
I 07.01/06:06:20 train_mapper.py:615 ] epoch=0353 train_loss=3.625703e-03 train_mse=3.625703e-03 train_cos=0.997142 train_nmse=-22.480dB train_rec=0.000000e+00 train_recT=0.000000e+00 train_fc=0.000000e+00 train_decoder_tail=0.000000e+00
I 07.01/06:06:43 train_mapper.py:615 ] epoch=0354 train_loss=3.630616e-03 train_mse=3.630616e-03 train_cos=0.997139 train_nmse=-22.474dB train_rec=0.000000e+00 train_recT=0.000000e+00 train_fc=0.000000e+00 train_decoder_tail=0.000000e+00
I 07.01/06:07:27 train_mapper.py:615 ] epoch=0355 train_loss=3.635260e-03 train_mse=3.635260e-03 train_cos=0.997135 train_nmse=-22.469dB train_rec=0.000000e+00 train_recT=0.000000e+00 train_fc=0.000000e+00 train_decoder_tail=0.000000e+00
I 07.01/06:08:19 train_mapper.py:615 ] epoch=0356 train_loss=3.633073e-03 train_mse=3.633073e-03 train_cos=0.997138 train_nmse=-22.471dB train_rec=0.000000e+00 train_recT=0.000000e+00 train_fc=0.000000e+00 train_decoder_tail=0.000000e+00
I 07.01/06:09:10 train_mapper.py:615 ] epoch=0357 train_loss=3.622824e-03 train_mse=3.622824e-03 train_cos=0.997146 train_nmse=-22.484dB train_rec=0.000000e+00 train_recT=0.000000e+00 train_fc=0.000000e+00 train_decoder_tail=0.000000e+00
I 07.01/06:09:57 train_mapper.py:615 ] epoch=0358 train_loss=3.628574e-03 train_mse=3.628574e-03 train_cos=0.997141 train_nmse=-22.477dB train_rec=0.000000e+00 train_recT=0.000000e+00 train_fc=0.000000e+00 train_decoder_tail=0.000000e+00
I 07.01/06:10:45 train_mapper.py:615 ] epoch=0359 train_loss=3.611098e-03 train_mse=3.611098e-03 train_cos=0.997158 train_nmse=-22.497dB train_rec=0.000000e+00 train_recT=0.000000e+00 train_fc=0.000000e+00 train_decoder_tail=0.000000e+00
I 07.01/06:11:35 train_mapper.py:615 ] epoch=0360 train_loss=3.628691e-03 train_mse=3.628691e-03 train_cos=0.997142 train_nmse=-22.476dB train_rec=0.000000e+00 train_recT=0.000000e+00 train_fc=0.000000e+00 train_decoder_tail=0.000000e+00
I 07.01/06:12:11 train_mapper.py:615 ] epoch=0361 train_loss=3.614777e-03 train_mse=3.614777e-03 train_cos=0.997155 train_nmse=-22.493dB train_rec=0.000000e+00 train_recT=0.000000e+00 train_fc=0.000000e+00 train_decoder_tail=0.000000e+00
I 07.01/06:12:25 train_mapper.py:615 ] epoch=0362 train_loss=3.616776e-03 train_mse=3.616776e-03 train_cos=0.997151 train_nmse=-22.491dB train_rec=0.000000e+00 train_recT=0.000000e+00 train_fc=0.000000e+00 train_decoder_tail=0.000000e+00
I 07.01/06:12:38 train_mapper.py:615 ] epoch=0363 train_loss=3.603784e-03 train_mse=3.603784e-03 train_cos=0.997162 train_nmse=-22.506dB train_rec=0.000000e+00 train_recT=0.000000e+00 train_fc=0.000000e+00 train_decoder_tail=0.000000e+00
I 07.01/06:12:57 train_mapper.py:615 ] epoch=0364 train_loss=3.592808e-03 train_mse=3.592808e-03 train_cos=0.997170 train_nmse=-22.520dB train_rec=0.000000e+00 train_recT=0.000000e+00 train_fc=0.000000e+00 train_decoder_tail=0.000000e+00
I 07.01/06:13:24 train_mapper.py:615 ] epoch=0365 train_loss=3.565431e-03 train_mse=3.565431e-03 train_cos=0.997192 train_nmse=-22.553dB train_rec=0.000000e+00 train_recT=0.000000e+00 train_fc=0.000000e+00 train_decoder_tail=0.000000e+00
I 07.01/06:13:48 train_mapper.py:615 ] epoch=0366 train_loss=3.550038e-03 train_mse=3.550038e-03 train_cos=0.997202 train_nmse=-22.572dB train_rec=0.000000e+00 train_recT=0.000000e+00 train_fc=0.000000e+00 train_decoder_tail=0.000000e+00
I 07.01/06:14:17 train_mapper.py:615 ] epoch=0367 train_loss=3.563968e-03 train_mse=3.563968e-03 train_cos=0.997191 train_nmse=-22.555dB train_rec=0.000000e+00 train_recT=0.000000e+00 train_fc=0.000000e+00 train_decoder_tail=0.000000e+00
I 07.01/06:14:42 train_mapper.py:615 ] epoch=0368 train_loss=3.555072e-03 train_mse=3.555072e-03 train_cos=0.997199 train_nmse=-22.566dB train_rec=0.000000e+00 train_recT=0.000000e+00 train_fc=0.000000e+00 train_decoder_tail=0.000000e+00
I 07.01/06:15:26 train_mapper.py:615 ] epoch=0369 train_loss=3.559164e-03 train_mse=3.559164e-03 train_cos=0.997196 train_nmse=-22.560dB train_rec=0.000000e+00 train_recT=0.000000e+00 train_fc=0.000000e+00 train_decoder_tail=0.000000e+00
I 07.01/06:16:13 train_mapper.py:615 ] epoch=0370 train_loss=3.553116e-03 train_mse=3.553116e-03 train_cos=0.997200 train_nmse=-22.568dB train_rec=0.000000e+00 train_recT=0.000000e+00 train_fc=0.000000e+00 train_decoder_tail=0.000000e+00
I 07.01/06:16:55 train_mapper.py:615 ] epoch=0371 train_loss=3.539964e-03 train_mse=3.539964e-03 train_cos=0.997212 train_nmse=-22.584dB train_rec=0.000000e+00 train_recT=0.000000e+00 train_fc=0.000000e+00 train_decoder_tail=0.000000e+00
I 07.01/06:17:43 train_mapper.py:615 ] epoch=0372 train_loss=3.537014e-03 train_mse=3.537014e-03 train_cos=0.997214 train_nmse=-22.587dB train_rec=0.000000e+00 train_recT=0.000000e+00 train_fc=0.000000e+00 train_decoder_tail=0.000000e+00
I 07.01/06:18:34 train_mapper.py:615 ] epoch=0373 train_loss=3.535587e-03 train_mse=3.535587e-03 train_cos=0.997217 train_nmse=-22.589dB train_rec=0.000000e+00 train_recT=0.000000e+00 train_fc=0.000000e+00 train_decoder_tail=0.000000e+00
I 07.01/06:19:22 train_mapper.py:615 ] epoch=0374 train_loss=3.530733e-03 train_mse=3.530733e-03 train_cos=0.997219 train_nmse=-22.595dB train_rec=0.000000e+00 train_recT=0.000000e+00 train_fc=0.000000e+00 train_decoder_tail=0.000000e+00
I 07.01/06:20:09 train_mapper.py:615 ] epoch=0375 train_loss=3.538581e-03 train_mse=3.538581e-03 train_cos=0.997213 train_nmse=-22.586dB train_rec=0.000000e+00 train_recT=0.000000e+00 train_fc=0.000000e+00 train_decoder_tail=0.000000e+00
I 07.01/06:20:38 train_mapper.py:615 ] epoch=0376 train_loss=3.535472e-03 train_mse=3.535472e-03 train_cos=0.997216 train_nmse=-22.589dB train_rec=0.000000e+00 train_recT=0.000000e+00 train_fc=0.000000e+00 train_decoder_tail=0.000000e+00
I 07.01/06:20:56 train_mapper.py:615 ] epoch=0377 train_loss=3.527277e-03 train_mse=3.527277e-03 train_cos=0.997223 train_nmse=-22.600dB train_rec=0.000000e+00 train_recT=0.000000e+00 train_fc=0.000000e+00 train_decoder_tail=0.000000e+00
I 07.01/06:21:17 train_mapper.py:615 ] epoch=0378 train_loss=3.519457e-03 train_mse=3.519457e-03 train_cos=0.997228 train_nmse=-22.609dB train_rec=0.000000e+00 train_recT=0.000000e+00 train_fc=0.000000e+00 train_decoder_tail=0.000000e+00
I 07.01/06:21:54 train_mapper.py:615 ] epoch=0379 train_loss=3.512342e-03 train_mse=3.512342e-03 train_cos=0.997235 train_nmse=-22.618dB train_rec=0.000000e+00 train_recT=0.000000e+00 train_fc=0.000000e+00 train_decoder_tail=0.000000e+00
I 07.01/06:22:38 train_mapper.py:615 ] epoch=0380 train_loss=3.504900e-03 train_mse=3.504900e-03 train_cos=0.997241 train_nmse=-22.627dB train_rec=0.000000e+00 train_recT=0.000000e+00 train_fc=0.000000e+00 train_decoder_tail=0.000000e+00
I 07.01/06:23:20 train_mapper.py:615 ] epoch=0381 train_loss=3.513639e-03 train_mse=3.513639e-03 train_cos=0.997235 train_nmse=-22.616dB train_rec=0.000000e+00 train_recT=0.000000e+00 train_fc=0.000000e+00 train_decoder_tail=0.000000e+00
I 07.01/06:23:58 train_mapper.py:615 ] epoch=0382 train_loss=3.510459e-03 train_mse=3.510459e-03 train_cos=0.997236 train_nmse=-22.620dB train_rec=0.000000e+00 train_recT=0.000000e+00 train_fc=0.000000e+00 train_decoder_tail=0.000000e+00
I 07.01/06:24:42 train_mapper.py:615 ] epoch=0383 train_loss=3.499633e-03 train_mse=3.499633e-03 train_cos=0.997246 train_nmse=-22.634dB train_rec=0.000000e+00 train_recT=0.000000e+00 train_fc=0.000000e+00 train_decoder_tail=0.000000e+00
I 07.01/06:25:27 train_mapper.py:615 ] epoch=0384 train_loss=3.480384e-03 train_mse=3.480384e-03 train_cos=0.997260 train_nmse=-22.658dB train_rec=0.000000e+00 train_recT=0.000000e+00 train_fc=0.000000e+00 train_decoder_tail=0.000000e+00
I 07.01/06:26:13 train_mapper.py:615 ] epoch=0385 train_loss=3.473196e-03 train_mse=3.473196e-03 train_cos=0.997264 train_nmse=-22.667dB train_rec=0.000000e+00 train_recT=0.000000e+00 train_fc=0.000000e+00 train_decoder_tail=0.000000e+00
I 07.01/06:27:03 train_mapper.py:615 ] epoch=0386 train_loss=3.471749e-03 train_mse=3.471749e-03 train_cos=0.997265 train_nmse=-22.668dB train_rec=0.000000e+00 train_recT=0.000000e+00 train_fc=0.000000e+00 train_decoder_tail=0.000000e+00
I 07.01/06:27:45 train_mapper.py:615 ] epoch=0387 train_loss=3.469151e-03 train_mse=3.469151e-03 train_cos=0.997267 train_nmse=-22.672dB train_rec=0.000000e+00 train_recT=0.000000e+00 train_fc=0.000000e+00 train_decoder_tail=0.000000e+00
I 07.01/06:28:30 train_mapper.py:615 ] epoch=0388 train_loss=3.448010e-03 train_mse=3.448010e-03 train_cos=0.997283 train_nmse=-22.698dB train_rec=0.000000e+00 train_recT=0.000000e+00 train_fc=0.000000e+00 train_decoder_tail=0.000000e+00
I 07.01/06:29:15 train_mapper.py:615 ] epoch=0389 train_loss=3.452454e-03 train_mse=3.452454e-03 train_cos=0.997279 train_nmse=-22.693dB train_rec=0.000000e+00 train_recT=0.000000e+00 train_fc=0.000000e+00 train_decoder_tail=0.000000e+00
I 07.01/06:29:57 train_mapper.py:615 ] epoch=0390 train_loss=3.460654e-03 train_mse=3.460654e-03 train_cos=0.997273 train_nmse=-22.682dB train_rec=0.000000e+00 train_recT=0.000000e+00 train_fc=0.000000e+00 train_decoder_tail=0.000000e+00
I 07.01/06:30:46 train_mapper.py:615 ] epoch=0391 train_loss=3.445233e-03 train_mse=3.445233e-03 train_cos=0.997288 train_nmse=-22.702dB train_rec=0.000000e+00 train_recT=0.000000e+00 train_fc=0.000000e+00 train_decoder_tail=0.000000e+00
I 07.01/06:31:37 train_mapper.py:615 ] epoch=0392 train_loss=3.429987e-03 train_mse=3.429987e-03 train_cos=0.997299 train_nmse=-22.721dB train_rec=0.000000e+00 train_recT=0.000000e+00 train_fc=0.000000e+00 train_decoder_tail=0.000000e+00
I 07.01/06:32:22 train_mapper.py:615 ] epoch=0393 train_loss=3.443252e-03 train_mse=3.443252e-03 train_cos=0.997286 train_nmse=-22.704dB train_rec=0.000000e+00 train_recT=0.000000e+00 train_fc=0.000000e+00 train_decoder_tail=0.000000e+00
I 07.01/06:32:59 train_mapper.py:615 ] epoch=0394 train_loss=3.439655e-03 train_mse=3.439655e-03 train_cos=0.997291 train_nmse=-22.709dB train_rec=0.000000e+00 train_recT=0.000000e+00 train_fc=0.000000e+00 train_decoder_tail=0.000000e+00
I 07.01/06:33:17 train_mapper.py:615 ] epoch=0395 train_loss=3.432192e-03 train_mse=3.432192e-03 train_cos=0.997298 train_nmse=-22.718dB train_rec=0.000000e+00 train_recT=0.000000e+00 train_fc=0.000000e+00 train_decoder_tail=0.000000e+00
I 07.01/06:33:38 train_mapper.py:615 ] epoch=0396 train_loss=3.425615e-03 train_mse=3.425615e-03 train_cos=0.997303 train_nmse=-22.726dB train_rec=0.000000e+00 train_recT=0.000000e+00 train_fc=0.000000e+00 train_decoder_tail=0.000000e+00
I 07.01/06:34:13 train_mapper.py:615 ] epoch=0397 train_loss=3.446292e-03 train_mse=3.446292e-03 train_cos=0.997286 train_nmse=-22.701dB train_rec=0.000000e+00 train_recT=0.000000e+00 train_fc=0.000000e+00 train_decoder_tail=0.000000e+00
I 07.01/06:34:27 train_mapper.py:615 ] epoch=0398 train_loss=3.431964e-03 train_mse=3.431964e-03 train_cos=0.997299 train_nmse=-22.719dB train_rec=0.000000e+00 train_recT=0.000000e+00 train_fc=0.000000e+00 train_decoder_tail=0.000000e+00
I 07.01/06:34:46 train_mapper.py:615 ] epoch=0399 train_loss=3.411292e-03 train_mse=3.411292e-03 train_cos=0.997315 train_nmse=-22.745dB train_rec=0.000000e+00 train_recT=0.000000e+00 train_fc=0.000000e+00 train_decoder_tail=0.000000e+00
I 07.01/06:35:07 train_mapper.py:615 ] epoch=0400 train_loss=3.384521e-03 train_mse=3.384521e-03 train_cos=0.997336 train_nmse=-22.779dB train_rec=0.000000e+00 train_recT=0.000000e+00 train_fc=0.000000e+00 train_decoder_tail=0.000000e+00
I 07.01/06:35:47 train_mapper.py:683 ] best_epoch=400 best_selection=train_loss best_metric=3.384521e-03 best_mse=3.384521e-03 best_loss=3.384521e-03
I 07.01/06:35:47 train_mapper.py:688 ] all_mse=3.284532e-03 all_cos=0.997427 all_nmse=-22.909dB
