I 07.01/14:48:49 train_mapper.py:431 ] => Experiment directory: mapper/exps_combined_losses/hybrid/tail_recT_fc/seed2026_transnet_transnet_to_seed42_transnet_lr5e-4_ep400
I 07.01/14:48:49 train_mapper.py:432 ] => Checkpoint directory: mapper/exps_combined_losses/hybrid/tail_recT_fc/seed2026_transnet_transnet_to_seed42_transnet_lr5e-4_ep400/checkpoints
I 07.01/14:48:49 train_mapper.py:433 ] => Codeword directory: mapper/exps_combined_losses/hybrid/tail_recT_fc/seed2026_transnet_transnet_to_seed42_transnet_lr5e-4_ep400/codewords
I 07.01/14:48:49 train_mapper.py:434 ] => TensorBoard directory: mapper/exps_combined_losses/hybrid/tail_recT_fc/seed2026_transnet_transnet_to_seed42_transnet_lr5e-4_ep400/tensorboard
I 07.01/14:48:54 train_mapper.py:519 ] => Loaded fixed decoder from exps/COST2100/in/seed42/transnet_transnet/checkpoints/best_nmse.pth
I 07.01/14:48:54 train_mapper.py:524 ] device=cuda
I 07.01/14:48:54 train_mapper.py:525 ] mapper=hybrid, params=23108608
I 07.01/14:48:54 train_mapper.py:527 ] train=100000, val=0, code_dim=512
I 07.01/14:48:54 train_mapper.py:529 ] val_ratio<=0: skip per-epoch validation; select best checkpoint by train loss
I 07.01/14:48:54 train_mapper.py:531 ] loss=mse + smoothl1*0.0 + sample_tail*0.1 + dim_tail*0.05 + whiten*0.0 + rec*0.0 + recT*1.0 + fc*0.01 + decoder_tail*0.0 + cos*0.0 + cov*0.0
I 07.01/14:49:16 train_mapper.py:622 ] epoch=0001 train_loss=4.190942e-01 train_mse=3.361882e-01 train_cos=0.824677 train_nmse=-3.695dB train_rec=0.000000e+00 train_recT=1.910877e-03 train_fc=3.219450e-01 train_decoder_tail=0.000000e+00
I 07.01/14:49:49 train_mapper.py:622 ] epoch=0002 train_loss=1.288747e-01 train_mse=1.039044e-01 train_cos=0.959763 train_nmse=-7.954dB train_rec=0.000000e+00 train_recT=1.667400e-04 train_fc=8.948316e-02 train_decoder_tail=0.000000e+00
I 07.01/14:50:39 train_mapper.py:622 ] epoch=0003 train_loss=8.787110e-02 train_mse=7.016526e-02 train_cos=0.974226 train_nmse=-9.624dB train_rec=0.000000e+00 train_recT=1.121547e-04 train_fc=6.582101e-02 train_decoder_tail=0.000000e+00
I 07.01/14:51:47 train_mapper.py:622 ] epoch=0004 train_loss=6.953807e-02 train_mse=5.522714e-02 train_cos=0.978759 train_nmse=-10.658dB train_rec=0.000000e+00 train_recT=7.929659e-05 train_fc=5.305668e-02 train_decoder_tail=0.000000e+00
I 07.01/14:52:56 train_mapper.py:622 ] epoch=0005 train_loss=5.869861e-02 train_mse=4.642061e-02 train_cos=0.981005 train_nmse=-11.409dB train_rec=0.000000e+00 train_recT=5.774509e-05 train_fc=4.451885e-02 train_decoder_tail=0.000000e+00
I 07.01/14:54:16 train_mapper.py:622 ] epoch=0006 train_loss=5.189061e-02 train_mse=4.085961e-02 train_cos=0.982465 train_nmse=-11.962dB train_rec=0.000000e+00 train_recT=4.403195e-05 train_fc=3.877572e-02 train_decoder_tail=0.000000e+00
I 07.01/14:55:39 train_mapper.py:622 ] epoch=0007 train_loss=4.750750e-02 train_mse=3.721667e-02 train_cos=0.983602 train_nmse=-12.367dB train_rec=0.000000e+00 train_recT=3.551878e-05 train_fc=3.504655e-02 train_decoder_tail=0.000000e+00
I 07.01/14:57:04 train_mapper.py:622 ] epoch=0008 train_loss=4.433810e-02 train_mse=3.457297e-02 train_cos=0.984673 train_nmse=-12.687dB train_rec=0.000000e+00 train_recT=3.007376e-05 train_fc=3.243646e-02 train_decoder_tail=0.000000e+00
I 07.01/14:58:31 train_mapper.py:622 ] epoch=0009 train_loss=4.230666e-02 train_mse=3.285019e-02 train_cos=0.985431 train_nmse=-12.909dB train_rec=0.000000e+00 train_recT=2.662057e-05 train_fc=3.082019e-02 train_decoder_tail=0.000000e+00
I 07.01/14:59:58 train_mapper.py:622 ] epoch=0010 train_loss=4.056797e-02 train_mse=3.139662e-02 train_cos=0.986174 train_nmse=-13.106dB train_rec=0.000000e+00 train_recT=2.430056e-05 train_fc=2.960708e-02 train_decoder_tail=0.000000e+00
I 07.01/15:01:29 train_mapper.py:622 ] epoch=0011 train_loss=3.918733e-02 train_mse=3.025818e-02 train_cos=0.986755 train_nmse=-13.266dB train_rec=0.000000e+00 train_recT=2.264590e-05 train_fc=2.871005e-02 train_decoder_tail=0.000000e+00
I 07.01/15:02:56 train_mapper.py:622 ] epoch=0012 train_loss=3.771521e-02 train_mse=2.906461e-02 train_cos=0.987413 train_nmse=-13.441dB train_rec=0.000000e+00 train_recT=2.136181e-05 train_fc=2.787383e-02 train_decoder_tail=0.000000e+00
I 07.01/15:04:28 train_mapper.py:622 ] epoch=0013 train_loss=3.652500e-02 train_mse=2.810417e-02 train_cos=0.987889 train_nmse=-13.587dB train_rec=0.000000e+00 train_recT=2.028961e-05 train_fc=2.718595e-02 train_decoder_tail=0.000000e+00
I 07.01/15:05:58 train_mapper.py:622 ] epoch=0014 train_loss=3.530508e-02 train_mse=2.711942e-02 train_cos=0.988372 train_nmse=-13.742dB train_rec=0.000000e+00 train_recT=1.927209e-05 train_fc=2.647847e-02 train_decoder_tail=0.000000e+00
I 07.01/15:07:28 train_mapper.py:622 ] epoch=0015 train_loss=3.407217e-02 train_mse=2.613118e-02 train_cos=0.988848 train_nmse=-13.903dB train_rec=0.000000e+00 train_recT=1.833035e-05 train_fc=2.576376e-02 train_decoder_tail=0.000000e+00
I 07.01/15:08:56 train_mapper.py:622 ] epoch=0016 train_loss=3.301024e-02 train_mse=2.527076e-02 train_cos=0.989193 train_nmse=-14.049dB train_rec=0.000000e+00 train_recT=1.737195e-05 train_fc=2.512064e-02 train_decoder_tail=0.000000e+00
I 07.01/15:10:26 train_mapper.py:622 ] epoch=0017 train_loss=3.186816e-02 train_mse=2.435053e-02 train_cos=0.989565 train_nmse=-14.210dB train_rec=0.000000e+00 train_recT=1.639088e-05 train_fc=2.437055e-02 train_decoder_tail=0.000000e+00
I 07.01/15:11:59 train_mapper.py:622 ] epoch=0018 train_loss=3.062478e-02 train_mse=2.333449e-02 train_cos=0.989968 train_nmse=-14.395dB train_rec=0.000000e+00 train_recT=1.531047e-05 train_fc=2.350453e-02 train_decoder_tail=0.000000e+00
I 07.01/15:13:32 train_mapper.py:622 ] epoch=0019 train_loss=2.947934e-02 train_mse=2.238212e-02 train_cos=0.990250 train_nmse=-14.576dB train_rec=0.000000e+00 train_recT=1.414981e-05 train_fc=2.259005e-02 train_decoder_tail=0.000000e+00
I 07.01/15:15:00 train_mapper.py:622 ] epoch=0020 train_loss=2.812729e-02 train_mse=2.122625e-02 train_cos=0.990518 train_nmse=-14.806dB train_rec=0.000000e+00 train_recT=1.261950e-05 train_fc=2.119577e-02 train_decoder_tail=0.000000e+00
I 07.01/15:16:31 train_mapper.py:622 ] epoch=0021 train_loss=2.637002e-02 train_mse=1.964092e-02 train_cos=0.990478 train_nmse=-15.144dB train_rec=0.000000e+00 train_recT=9.973869e-06 train_fc=1.840547e-02 train_decoder_tail=0.000000e+00
I 07.01/15:18:07 train_mapper.py:622 ] epoch=0022 train_loss=2.356024e-02 train_mse=1.731002e-02 train_cos=0.990314 train_nmse=-15.693dB train_rec=0.000000e+00 train_recT=7.065510e-06 train_fc=1.399400e-02 train_decoder_tail=0.000000e+00
I 07.01/15:19:37 train_mapper.py:622 ] epoch=0023 train_loss=2.107018e-02 train_mse=1.552513e-02 train_cos=0.990497 train_nmse=-16.164dB train_rec=0.000000e+00 train_recT=5.807303e-06 train_fc=1.133559e-02 train_decoder_tail=0.000000e+00
I 07.01/15:21:11 train_mapper.py:622 ] epoch=0024 train_loss=1.941526e-02 train_mse=1.437805e-02 train_cos=0.990696 train_nmse=-16.498dB train_rec=0.000000e+00 train_recT=5.102587e-06 train_fc=9.811230e-03 train_decoder_tail=0.000000e+00
I 07.01/15:22:45 train_mapper.py:622 ] epoch=0025 train_loss=1.776660e-02 train_mse=1.321953e-02 train_cos=0.991162 train_nmse=-16.862dB train_rec=0.000000e+00 train_recT=4.513034e-06 train_fc=8.649770e-03 train_decoder_tail=0.000000e+00
I 07.01/15:24:13 train_mapper.py:622 ] epoch=0026 train_loss=1.659187e-02 train_mse=1.239525e-02 train_cos=0.991497 train_nmse=-17.142dB train_rec=0.000000e+00 train_recT=4.078472e-06 train_fc=7.848701e-03 train_decoder_tail=0.000000e+00
I 07.01/15:25:32 train_mapper.py:622 ] epoch=0027 train_loss=1.582313e-02 train_mse=1.185934e-02 train_cos=0.991691 train_nmse=-17.334dB train_rec=0.000000e+00 train_recT=3.782807e-06 train_fc=7.312701e-03 train_decoder_tail=0.000000e+00
I 07.01/15:26:51 train_mapper.py:622 ] epoch=0028 train_loss=1.523924e-02 train_mse=1.145020e-02 train_cos=0.991846 train_nmse=-17.487dB train_rec=0.000000e+00 train_recT=3.570319e-06 train_fc=6.907345e-03 train_decoder_tail=0.000000e+00
I 07.01/15:28:15 train_mapper.py:622 ] epoch=0029 train_loss=1.455537e-02 train_mse=1.096348e-02 train_cos=0.992100 train_nmse=-17.675dB train_rec=0.000000e+00 train_recT=3.355405e-06 train_fc=6.513608e-03 train_decoder_tail=0.000000e+00
I 07.01/15:29:39 train_mapper.py:622 ] epoch=0030 train_loss=1.397471e-02 train_mse=1.054194e-02 train_cos=0.992329 train_nmse=-17.845dB train_rec=0.000000e+00 train_recT=3.162556e-06 train_fc=6.168672e-03 train_decoder_tail=0.000000e+00
I 07.01/15:31:03 train_mapper.py:622 ] epoch=0031 train_loss=1.354496e-02 train_mse=1.023424e-02 train_cos=0.992485 train_nmse=-17.974dB train_rec=0.000000e+00 train_recT=3.012210e-06 train_fc=5.924311e-03 train_decoder_tail=0.000000e+00
I 07.01/15:32:25 train_mapper.py:622 ] epoch=0032 train_loss=1.305435e-02 train_mse=9.878695e-03 train_cos=0.992698 train_nmse=-18.127dB train_rec=0.000000e+00 train_recT=2.869599e-06 train_fc=5.664983e-03 train_decoder_tail=0.000000e+00
I 07.01/15:33:47 train_mapper.py:622 ] epoch=0033 train_loss=1.276349e-02 train_mse=9.661659e-03 train_cos=0.992809 train_nmse=-18.224dB train_rec=0.000000e+00 train_recT=2.773639e-06 train_fc=5.481508e-03 train_decoder_tail=0.000000e+00
I 07.01/15:35:08 train_mapper.py:622 ] epoch=0034 train_loss=1.237179e-02 train_mse=9.373360e-03 train_cos=0.992986 train_nmse=-18.356dB train_rec=0.000000e+00 train_recT=2.650174e-06 train_fc=5.278919e-03 train_decoder_tail=0.000000e+00
I 07.01/15:36:28 train_mapper.py:622 ] epoch=0035 train_loss=1.196750e-02 train_mse=9.070355e-03 train_cos=0.993183 train_nmse=-18.498dB train_rec=0.000000e+00 train_recT=2.541864e-06 train_fc=5.072173e-03 train_decoder_tail=0.000000e+00
I 07.01/15:37:47 train_mapper.py:622 ] epoch=0036 train_loss=1.172334e-02 train_mse=8.893174e-03 train_cos=0.993284 train_nmse=-18.584dB train_rec=0.000000e+00 train_recT=2.464580e-06 train_fc=4.942900e-03 train_decoder_tail=0.000000e+00
I 07.01/15:39:09 train_mapper.py:622 ] epoch=0037 train_loss=1.143236e-02 train_mse=8.672043e-03 train_cos=0.993428 train_nmse=-18.693dB train_rec=0.000000e+00 train_recT=2.381575e-06 train_fc=4.787773e-03 train_decoder_tail=0.000000e+00
I 07.01/15:40:30 train_mapper.py:622 ] epoch=0038 train_loss=1.113427e-02 train_mse=8.446592e-03 train_cos=0.993579 train_nmse=-18.808dB train_rec=0.000000e+00 train_recT=2.302286e-06 train_fc=4.645430e-03 train_decoder_tail=0.000000e+00
I 07.01/15:41:51 train_mapper.py:622 ] epoch=0039 train_loss=1.100123e-02 train_mse=8.344275e-03 train_cos=0.993641 train_nmse=-18.860dB train_rec=0.000000e+00 train_recT=2.271349e-06 train_fc=4.567974e-03 train_decoder_tail=0.000000e+00
I 07.01/15:43:13 train_mapper.py:622 ] epoch=0040 train_loss=1.076201e-02 train_mse=8.162949e-03 train_cos=0.993759 train_nmse=-18.956dB train_rec=0.000000e+00 train_recT=2.200086e-06 train_fc=4.451259e-03 train_decoder_tail=0.000000e+00
I 07.01/15:44:33 train_mapper.py:622 ] epoch=0041 train_loss=1.058856e-02 train_mse=8.025899e-03 train_cos=0.993851 train_nmse=-19.029dB train_rec=0.000000e+00 train_recT=2.150138e-06 train_fc=4.360526e-03 train_decoder_tail=0.000000e+00
I 07.01/15:45:56 train_mapper.py:622 ] epoch=0042 train_loss=1.034175e-02 train_mse=7.839226e-03 train_cos=0.993981 train_nmse=-19.132dB train_rec=0.000000e+00 train_recT=2.083193e-06 train_fc=4.242633e-03 train_decoder_tail=0.000000e+00
I 07.01/15:47:28 train_mapper.py:622 ] epoch=0043 train_loss=1.015063e-02 train_mse=7.691888e-03 train_cos=0.994081 train_nmse=-19.214dB train_rec=0.000000e+00 train_recT=2.043222e-06 train_fc=4.149895e-03 train_decoder_tail=0.000000e+00
I 07.01/15:49:16 train_mapper.py:622 ] epoch=0044 train_loss=1.004593e-02 train_mse=7.607257e-03 train_cos=0.994137 train_nmse=-19.263dB train_rec=0.000000e+00 train_recT=2.017380e-06 train_fc=4.095809e-03 train_decoder_tail=0.000000e+00
I 07.01/15:51:03 train_mapper.py:622 ] epoch=0045 train_loss=9.889477e-03 train_mse=7.488108e-03 train_cos=0.994217 train_nmse=-19.330dB train_rec=0.000000e+00 train_recT=1.969435e-06 train_fc=4.015613e-03 train_decoder_tail=0.000000e+00
I 07.01/15:52:49 train_mapper.py:622 ] epoch=0046 train_loss=9.651145e-03 train_mse=7.300887e-03 train_cos=0.994357 train_nmse=-19.440dB train_rec=0.000000e+00 train_recT=1.913608e-06 train_fc=3.903593e-03 train_decoder_tail=0.000000e+00
I 07.01/15:54:36 train_mapper.py:622 ] epoch=0047 train_loss=9.545527e-03 train_mse=7.217916e-03 train_cos=0.994413 train_nmse=-19.490dB train_rec=0.000000e+00 train_recT=1.885503e-06 train_fc=3.850221e-03 train_decoder_tail=0.000000e+00
I 07.01/15:56:29 train_mapper.py:622 ] epoch=0048 train_loss=9.376462e-03 train_mse=7.082281e-03 train_cos=0.994509 train_nmse=-19.573dB train_rec=0.000000e+00 train_recT=1.837829e-06 train_fc=3.769290e-03 train_decoder_tail=0.000000e+00
I 07.01/15:58:17 train_mapper.py:622 ] epoch=0049 train_loss=9.244398e-03 train_mse=6.979182e-03 train_cos=0.994584 train_nmse=-19.636dB train_rec=0.000000e+00 train_recT=1.806936e-06 train_fc=3.705354e-03 train_decoder_tail=0.000000e+00
I 07.01/16:00:04 train_mapper.py:622 ] epoch=0050 train_loss=9.124122e-03 train_mse=6.883521e-03 train_cos=0.994655 train_nmse=-19.696dB train_rec=0.000000e+00 train_recT=1.776668e-06 train_fc=3.649296e-03 train_decoder_tail=0.000000e+00
I 07.01/16:01:54 train_mapper.py:622 ] epoch=0051 train_loss=8.998518e-03 train_mse=6.786861e-03 train_cos=0.994724 train_nmse=-19.758dB train_rec=0.000000e+00 train_recT=1.743614e-06 train_fc=3.588233e-03 train_decoder_tail=0.000000e+00
I 07.01/16:03:44 train_mapper.py:622 ] epoch=0052 train_loss=8.898218e-03 train_mse=6.702913e-03 train_cos=0.994784 train_nmse=-19.812dB train_rec=0.000000e+00 train_recT=1.715328e-06 train_fc=3.538045e-03 train_decoder_tail=0.000000e+00
I 07.01/16:05:33 train_mapper.py:622 ] epoch=0053 train_loss=8.817385e-03 train_mse=6.639721e-03 train_cos=0.994832 train_nmse=-19.853dB train_rec=0.000000e+00 train_recT=1.703331e-06 train_fc=3.497587e-03 train_decoder_tail=0.000000e+00
I 07.01/16:07:22 train_mapper.py:622 ] epoch=0054 train_loss=8.712686e-03 train_mse=6.554527e-03 train_cos=0.994897 train_nmse=-19.909dB train_rec=0.000000e+00 train_recT=1.684299e-06 train_fc=3.452828e-03 train_decoder_tail=0.000000e+00
I 07.01/16:08:54 train_mapper.py:622 ] epoch=0055 train_loss=8.680987e-03 train_mse=6.529777e-03 train_cos=0.994914 train_nmse=-19.925dB train_rec=0.000000e+00 train_recT=1.698464e-06 train_fc=3.444536e-03 train_decoder_tail=0.000000e+00
I 07.01/16:10:23 train_mapper.py:622 ] epoch=0056 train_loss=8.423896e-03 train_mse=6.330037e-03 train_cos=0.995069 train_nmse=-20.061dB train_rec=0.000000e+00 train_recT=1.610610e-06 train_fc=3.326267e-03 train_decoder_tail=0.000000e+00
I 07.01/16:11:54 train_mapper.py:622 ] epoch=0057 train_loss=8.407697e-03 train_mse=6.311330e-03 train_cos=0.995076 train_nmse=-20.073dB train_rec=0.000000e+00 train_recT=1.614192e-06 train_fc=3.314513e-03 train_decoder_tail=0.000000e+00
I 07.01/16:13:29 train_mapper.py:622 ] epoch=0058 train_loss=8.316055e-03 train_mse=6.237772e-03 train_cos=0.995128 train_nmse=-20.124dB train_rec=0.000000e+00 train_recT=1.587422e-06 train_fc=3.270413e-03 train_decoder_tail=0.000000e+00
I 07.01/16:15:06 train_mapper.py:622 ] epoch=0059 train_loss=8.184016e-03 train_mse=6.132294e-03 train_cos=0.995215 train_nmse=-20.198dB train_rec=0.000000e+00 train_recT=1.573756e-06 train_fc=3.208540e-03 train_decoder_tail=0.000000e+00
I 07.01/16:16:32 train_mapper.py:622 ] epoch=0060 train_loss=8.099143e-03 train_mse=6.063616e-03 train_cos=0.995265 train_nmse=-20.247dB train_rec=0.000000e+00 train_recT=1.541942e-06 train_fc=3.169116e-03 train_decoder_tail=0.000000e+00
I 07.01/16:17:58 train_mapper.py:622 ] epoch=0061 train_loss=8.036884e-03 train_mse=6.010500e-03 train_cos=0.995303 train_nmse=-20.285dB train_rec=0.000000e+00 train_recT=1.522515e-06 train_fc=3.139176e-03 train_decoder_tail=0.000000e+00
I 07.01/16:19:27 train_mapper.py:622 ] epoch=0062 train_loss=7.955982e-03 train_mse=5.949133e-03 train_cos=0.995353 train_nmse=-20.329dB train_rec=0.000000e+00 train_recT=1.516041e-06 train_fc=3.106797e-03 train_decoder_tail=0.000000e+00
I 07.01/16:20:56 train_mapper.py:622 ] epoch=0063 train_loss=7.882416e-03 train_mse=5.884912e-03 train_cos=0.995400 train_nmse=-20.377dB train_rec=0.000000e+00 train_recT=1.487004e-06 train_fc=3.067888e-03 train_decoder_tail=0.000000e+00
I 07.01/16:22:24 train_mapper.py:622 ] epoch=0064 train_loss=7.805218e-03 train_mse=5.823786e-03 train_cos=0.995447 train_nmse=-20.423dB train_rec=0.000000e+00 train_recT=1.469495e-06 train_fc=3.031195e-03 train_decoder_tail=0.000000e+00
I 07.01/16:23:48 train_mapper.py:622 ] epoch=0065 train_loss=7.815428e-03 train_mse=5.828014e-03 train_cos=0.995440 train_nmse=-20.419dB train_rec=0.000000e+00 train_recT=1.486011e-06 train_fc=3.031348e-03 train_decoder_tail=0.000000e+00
I 07.01/16:25:13 train_mapper.py:622 ] epoch=0066 train_loss=7.592804e-03 train_mse=5.659165e-03 train_cos=0.995576 train_nmse=-20.546dB train_rec=0.000000e+00 train_recT=1.429901e-06 train_fc=2.943772e-03 train_decoder_tail=0.000000e+00
I 07.01/16:26:48 train_mapper.py:622 ] epoch=0067 train_loss=7.603190e-03 train_mse=5.656637e-03 train_cos=0.995574 train_nmse=-20.549dB train_rec=0.000000e+00 train_recT=1.432743e-06 train_fc=2.936246e-03 train_decoder_tail=0.000000e+00
I 07.01/16:28:19 train_mapper.py:622 ] epoch=0068 train_loss=7.537223e-03 train_mse=5.606788e-03 train_cos=0.995610 train_nmse=-20.587dB train_rec=0.000000e+00 train_recT=1.405577e-06 train_fc=2.911640e-03 train_decoder_tail=0.000000e+00
I 07.01/16:29:48 train_mapper.py:622 ] epoch=0069 train_loss=7.443098e-03 train_mse=5.530376e-03 train_cos=0.995673 train_nmse=-20.647dB train_rec=0.000000e+00 train_recT=1.392129e-06 train_fc=2.871303e-03 train_decoder_tail=0.000000e+00
I 07.01/16:31:13 train_mapper.py:622 ] epoch=0070 train_loss=7.429911e-03 train_mse=5.519671e-03 train_cos=0.995674 train_nmse=-20.655dB train_rec=0.000000e+00 train_recT=1.389031e-06 train_fc=2.866767e-03 train_decoder_tail=0.000000e+00
I 07.01/16:32:20 train_mapper.py:622 ] epoch=0071 train_loss=7.339935e-03 train_mse=5.448703e-03 train_cos=0.995733 train_nmse=-20.711dB train_rec=0.000000e+00 train_recT=1.370438e-06 train_fc=2.829061e-03 train_decoder_tail=0.000000e+00
I 07.01/16:33:22 train_mapper.py:622 ] epoch=0072 train_loss=7.246568e-03 train_mse=5.374385e-03 train_cos=0.995792 train_nmse=-20.771dB train_rec=0.000000e+00 train_recT=1.349941e-06 train_fc=2.784805e-03 train_decoder_tail=0.000000e+00
I 07.01/16:34:25 train_mapper.py:622 ] epoch=0073 train_loss=7.182790e-03 train_mse=5.321023e-03 train_cos=0.995832 train_nmse=-20.814dB train_rec=0.000000e+00 train_recT=1.336425e-06 train_fc=2.750115e-03 train_decoder_tail=0.000000e+00
I 07.01/16:35:29 train_mapper.py:622 ] epoch=0074 train_loss=7.205894e-03 train_mse=5.333236e-03 train_cos=0.995819 train_nmse=-20.804dB train_rec=0.000000e+00 train_recT=1.347023e-06 train_fc=2.761960e-03 train_decoder_tail=0.000000e+00
I 07.01/16:36:31 train_mapper.py:622 ] epoch=0075 train_loss=7.126593e-03 train_mse=5.272398e-03 train_cos=0.995871 train_nmse=-20.854dB train_rec=0.000000e+00 train_recT=1.325740e-06 train_fc=2.725569e-03 train_decoder_tail=0.000000e+00
I 07.01/16:37:33 train_mapper.py:622 ] epoch=0076 train_loss=6.936899e-03 train_mse=5.123606e-03 train_cos=0.995989 train_nmse=-20.978dB train_rec=0.000000e+00 train_recT=1.279056e-06 train_fc=2.648068e-03 train_decoder_tail=0.000000e+00
I 07.01/16:38:37 train_mapper.py:622 ] epoch=0077 train_loss=7.030026e-03 train_mse=5.190259e-03 train_cos=0.995928 train_nmse=-20.923dB train_rec=0.000000e+00 train_recT=1.296350e-06 train_fc=2.680206e-03 train_decoder_tail=0.000000e+00
I 07.01/16:39:41 train_mapper.py:622 ] epoch=0078 train_loss=6.962738e-03 train_mse=5.141443e-03 train_cos=0.995969 train_nmse=-20.963dB train_rec=0.000000e+00 train_recT=1.286841e-06 train_fc=2.660404e-03 train_decoder_tail=0.000000e+00
I 07.01/16:40:42 train_mapper.py:622 ] epoch=0079 train_loss=6.901914e-03 train_mse=5.088522e-03 train_cos=0.996011 train_nmse=-21.009dB train_rec=0.000000e+00 train_recT=1.274781e-06 train_fc=2.629997e-03 train_decoder_tail=0.000000e+00
I 07.01/16:41:47 train_mapper.py:622 ] epoch=0080 train_loss=6.868215e-03 train_mse=5.060915e-03 train_cos=0.996031 train_nmse=-21.032dB train_rec=0.000000e+00 train_recT=1.263472e-06 train_fc=2.611784e-03 train_decoder_tail=0.000000e+00
I 07.01/16:42:49 train_mapper.py:622 ] epoch=0081 train_loss=6.792465e-03 train_mse=5.002902e-03 train_cos=0.996079 train_nmse=-21.082dB train_rec=0.000000e+00 train_recT=1.246759e-06 train_fc=2.580954e-03 train_decoder_tail=0.000000e+00
I 07.01/16:43:52 train_mapper.py:622 ] epoch=0082 train_loss=6.717129e-03 train_mse=4.941498e-03 train_cos=0.996125 train_nmse=-21.135dB train_rec=0.000000e+00 train_recT=1.232765e-06 train_fc=2.550534e-03 train_decoder_tail=0.000000e+00
I 07.01/16:44:57 train_mapper.py:622 ] epoch=0083 train_loss=6.665850e-03 train_mse=4.899032e-03 train_cos=0.996159 train_nmse=-21.173dB train_rec=0.000000e+00 train_recT=1.225090e-06 train_fc=2.521419e-03 train_decoder_tail=0.000000e+00
I 07.01/16:46:00 train_mapper.py:622 ] epoch=0084 train_loss=6.668574e-03 train_mse=4.896567e-03 train_cos=0.996154 train_nmse=-21.176dB train_rec=0.000000e+00 train_recT=1.218573e-06 train_fc=2.520506e-03 train_decoder_tail=0.000000e+00
I 07.01/16:47:02 train_mapper.py:622 ] epoch=0085 train_loss=6.557223e-03 train_mse=4.812109e-03 train_cos=0.996230 train_nmse=-21.251dB train_rec=0.000000e+00 train_recT=1.198557e-06 train_fc=2.480351e-03 train_decoder_tail=0.000000e+00
I 07.01/16:48:03 train_mapper.py:622 ] epoch=0086 train_loss=6.601838e-03 train_mse=4.843440e-03 train_cos=0.996198 train_nmse=-21.223dB train_rec=0.000000e+00 train_recT=1.205367e-06 train_fc=2.496599e-03 train_decoder_tail=0.000000e+00
I 07.01/16:49:07 train_mapper.py:622 ] epoch=0087 train_loss=6.512450e-03 train_mse=4.773245e-03 train_cos=0.996260 train_nmse=-21.286dB train_rec=0.000000e+00 train_recT=1.184900e-06 train_fc=2.457178e-03 train_decoder_tail=0.000000e+00
I 07.01/16:50:18 train_mapper.py:622 ] epoch=0088 train_loss=6.377195e-03 train_mse=4.668298e-03 train_cos=0.996341 train_nmse=-21.383dB train_rec=0.000000e+00 train_recT=1.148531e-06 train_fc=2.399912e-03 train_decoder_tail=0.000000e+00
I 07.01/16:51:27 train_mapper.py:622 ] epoch=0089 train_loss=6.492944e-03 train_mse=4.751042e-03 train_cos=0.996268 train_nmse=-21.307dB train_rec=0.000000e+00 train_recT=1.178300e-06 train_fc=2.440664e-03 train_decoder_tail=0.000000e+00
I 07.01/16:52:29 train_mapper.py:622 ] epoch=0090 train_loss=6.439406e-03 train_mse=4.712197e-03 train_cos=0.996303 train_nmse=-21.342dB train_rec=0.000000e+00 train_recT=1.173444e-06 train_fc=2.425029e-03 train_decoder_tail=0.000000e+00
I 07.01/16:53:31 train_mapper.py:622 ] epoch=0091 train_loss=6.329467e-03 train_mse=4.627302e-03 train_cos=0.996371 train_nmse=-21.421dB train_rec=0.000000e+00 train_recT=1.149472e-06 train_fc=2.378911e-03 train_decoder_tail=0.000000e+00
I 07.01/16:54:34 train_mapper.py:622 ] epoch=0092 train_loss=6.282830e-03 train_mse=4.586116e-03 train_cos=0.996401 train_nmse=-21.459dB train_rec=0.000000e+00 train_recT=1.132838e-06 train_fc=2.355078e-03 train_decoder_tail=0.000000e+00
I 07.01/16:55:41 train_mapper.py:622 ] epoch=0093 train_loss=6.226346e-03 train_mse=4.542438e-03 train_cos=0.996436 train_nmse=-21.501dB train_rec=0.000000e+00 train_recT=1.123227e-06 train_fc=2.331457e-03 train_decoder_tail=0.000000e+00
I 07.01/16:56:50 train_mapper.py:622 ] epoch=0094 train_loss=6.227976e-03 train_mse=4.539021e-03 train_cos=0.996436 train_nmse=-21.505dB train_rec=0.000000e+00 train_recT=1.123254e-06 train_fc=2.328325e-03 train_decoder_tail=0.000000e+00
I 07.01/16:58:00 train_mapper.py:622 ] epoch=0095 train_loss=6.249501e-03 train_mse=4.557154e-03 train_cos=0.996423 train_nmse=-21.487dB train_rec=0.000000e+00 train_recT=1.126028e-06 train_fc=2.339700e-03 train_decoder_tail=0.000000e+00
I 07.01/16:59:03 train_mapper.py:622 ] epoch=0096 train_loss=6.270391e-03 train_mse=4.570569e-03 train_cos=0.996410 train_nmse=-21.474dB train_rec=0.000000e+00 train_recT=1.137156e-06 train_fc=2.353420e-03 train_decoder_tail=0.000000e+00
I 07.01/17:00:02 train_mapper.py:622 ] epoch=0097 train_loss=6.171162e-03 train_mse=4.494817e-03 train_cos=0.996476 train_nmse=-21.547dB train_rec=0.000000e+00 train_recT=1.120702e-06 train_fc=2.314373e-03 train_decoder_tail=0.000000e+00
I 07.01/17:01:09 train_mapper.py:622 ] epoch=0098 train_loss=6.117930e-03 train_mse=4.449852e-03 train_cos=0.996509 train_nmse=-21.591dB train_rec=0.000000e+00 train_recT=1.106378e-06 train_fc=2.286262e-03 train_decoder_tail=0.000000e+00
I 07.01/17:02:14 train_mapper.py:622 ] epoch=0099 train_loss=6.161696e-03 train_mse=4.481456e-03 train_cos=0.996481 train_nmse=-21.560dB train_rec=0.000000e+00 train_recT=1.114019e-06 train_fc=2.302348e-03 train_decoder_tail=0.000000e+00
I 07.01/17:03:18 train_mapper.py:622 ] epoch=0100 train_loss=6.005255e-03 train_mse=4.362097e-03 train_cos=0.996581 train_nmse=-21.677dB train_rec=0.000000e+00 train_recT=1.079171e-06 train_fc=2.239206e-03 train_decoder_tail=0.000000e+00
I 07.01/17:04:21 train_mapper.py:622 ] epoch=0101 train_loss=6.030167e-03 train_mse=4.377584e-03 train_cos=0.996561 train_nmse=-21.662dB train_rec=0.000000e+00 train_recT=1.085671e-06 train_fc=2.247568e-03 train_decoder_tail=0.000000e+00
I 07.01/17:05:24 train_mapper.py:622 ] epoch=0102 train_loss=5.989854e-03 train_mse=4.347117e-03 train_cos=0.996589 train_nmse=-21.692dB train_rec=0.000000e+00 train_recT=1.074648e-06 train_fc=2.230161e-03 train_decoder_tail=0.000000e+00
I 07.01/17:06:28 train_mapper.py:622 ] epoch=0103 train_loss=5.849416e-03 train_mse=4.237006e-03 train_cos=0.996677 train_nmse=-21.803dB train_rec=0.000000e+00 train_recT=1.042110e-06 train_fc=2.167892e-03 train_decoder_tail=0.000000e+00
I 07.01/17:07:34 train_mapper.py:622 ] epoch=0104 train_loss=5.849789e-03 train_mse=4.234670e-03 train_cos=0.996677 train_nmse=-21.806dB train_rec=0.000000e+00 train_recT=1.048808e-06 train_fc=2.168810e-03 train_decoder_tail=0.000000e+00
I 07.01/17:08:38 train_mapper.py:622 ] epoch=0105 train_loss=5.911496e-03 train_mse=4.279798e-03 train_cos=0.996640 train_nmse=-21.760dB train_rec=0.000000e+00 train_recT=1.066401e-06 train_fc=2.195699e-03 train_decoder_tail=0.000000e+00
I 07.01/17:09:41 train_mapper.py:622 ] epoch=0106 train_loss=5.897205e-03 train_mse=4.269475e-03 train_cos=0.996647 train_nmse=-21.770dB train_rec=0.000000e+00 train_recT=1.058709e-06 train_fc=2.188551e-03 train_decoder_tail=0.000000e+00
I 07.01/17:10:44 train_mapper.py:622 ] epoch=0107 train_loss=5.872379e-03 train_mse=4.249550e-03 train_cos=0.996661 train_nmse=-21.790dB train_rec=0.000000e+00 train_recT=1.043561e-06 train_fc=2.180144e-03 train_decoder_tail=0.000000e+00
I 07.01/17:11:45 train_mapper.py:622 ] epoch=0108 train_loss=5.778685e-03 train_mse=4.175568e-03 train_cos=0.996723 train_nmse=-21.867dB train_rec=0.000000e+00 train_recT=1.026446e-06 train_fc=2.139546e-03 train_decoder_tail=0.000000e+00
I 07.01/17:12:46 train_mapper.py:622 ] epoch=0109 train_loss=5.774033e-03 train_mse=4.169315e-03 train_cos=0.996726 train_nmse=-21.873dB train_rec=0.000000e+00 train_recT=1.030460e-06 train_fc=2.133182e-03 train_decoder_tail=0.000000e+00
I 07.01/17:13:52 train_mapper.py:622 ] epoch=0110 train_loss=5.712316e-03 train_mse=4.121484e-03 train_cos=0.996765 train_nmse=-21.923dB train_rec=0.000000e+00 train_recT=1.019842e-06 train_fc=2.109983e-03 train_decoder_tail=0.000000e+00
I 07.01/17:14:56 train_mapper.py:622 ] epoch=0111 train_loss=5.657222e-03 train_mse=4.079409e-03 train_cos=0.996798 train_nmse=-21.968dB train_rec=0.000000e+00 train_recT=9.992148e-07 train_fc=2.087239e-03 train_decoder_tail=0.000000e+00
I 07.01/17:16:05 train_mapper.py:622 ] epoch=0112 train_loss=5.652603e-03 train_mse=4.073944e-03 train_cos=0.996802 train_nmse=-21.974dB train_rec=0.000000e+00 train_recT=1.001999e-06 train_fc=2.086698e-03 train_decoder_tail=0.000000e+00
I 07.01/17:17:09 train_mapper.py:622 ] epoch=0113 train_loss=5.680712e-03 train_mse=4.095740e-03 train_cos=0.996785 train_nmse=-21.951dB train_rec=0.000000e+00 train_recT=1.013466e-06 train_fc=2.096167e-03 train_decoder_tail=0.000000e+00
I 07.01/17:18:10 train_mapper.py:622 ] epoch=0114 train_loss=5.676407e-03 train_mse=4.091787e-03 train_cos=0.996786 train_nmse=-21.955dB train_rec=0.000000e+00 train_recT=1.010465e-06 train_fc=2.096667e-03 train_decoder_tail=0.000000e+00
I 07.01/17:19:13 train_mapper.py:622 ] epoch=0115 train_loss=5.589154e-03 train_mse=4.021654e-03 train_cos=0.996845 train_nmse=-22.030dB train_rec=0.000000e+00 train_recT=9.880611e-07 train_fc=2.058044e-03 train_decoder_tail=0.000000e+00
I 07.01/17:20:20 train_mapper.py:622 ] epoch=0116 train_loss=5.522565e-03 train_mse=3.970913e-03 train_cos=0.996887 train_nmse=-22.085dB train_rec=0.000000e+00 train_recT=9.710002e-07 train_fc=2.032773e-03 train_decoder_tail=0.000000e+00
I 07.01/17:21:24 train_mapper.py:622 ] epoch=0117 train_loss=5.556615e-03 train_mse=3.997260e-03 train_cos=0.996862 train_nmse=-22.056dB train_rec=0.000000e+00 train_recT=9.766997e-07 train_fc=2.047174e-03 train_decoder_tail=0.000000e+00
I 07.01/17:22:26 train_mapper.py:622 ] epoch=0118 train_loss=5.551511e-03 train_mse=3.989407e-03 train_cos=0.996866 train_nmse=-22.065dB train_rec=0.000000e+00 train_recT=9.763314e-07 train_fc=2.039852e-03 train_decoder_tail=0.000000e+00
I 07.01/17:23:27 train_mapper.py:622 ] epoch=0119 train_loss=5.582619e-03 train_mse=4.011925e-03 train_cos=0.996847 train_nmse=-22.040dB train_rec=0.000000e+00 train_recT=9.894397e-07 train_fc=2.051853e-03 train_decoder_tail=0.000000e+00
I 07.01/17:24:30 train_mapper.py:622 ] epoch=0120 train_loss=5.511874e-03 train_mse=3.958570e-03 train_cos=0.996894 train_nmse=-22.098dB train_rec=0.000000e+00 train_recT=9.760002e-07 train_fc=2.027018e-03 train_decoder_tail=0.000000e+00
I 07.01/17:25:32 train_mapper.py:622 ] epoch=0121 train_loss=5.496546e-03 train_mse=3.945441e-03 train_cos=0.996903 train_nmse=-22.113dB train_rec=0.000000e+00 train_recT=9.710286e-07 train_fc=2.018226e-03 train_decoder_tail=0.000000e+00
I 07.01/17:26:36 train_mapper.py:622 ] epoch=0122 train_loss=5.427520e-03 train_mse=3.890613e-03 train_cos=0.996947 train_nmse=-22.174dB train_rec=0.000000e+00 train_recT=9.598733e-07 train_fc=1.991790e-03 train_decoder_tail=0.000000e+00
I 07.01/17:27:41 train_mapper.py:622 ] epoch=0123 train_loss=5.358790e-03 train_mse=3.838322e-03 train_cos=0.996989 train_nmse=-22.232dB train_rec=0.000000e+00 train_recT=9.425949e-07 train_fc=1.964253e-03 train_decoder_tail=0.000000e+00
I 07.01/17:28:49 train_mapper.py:622 ] epoch=0124 train_loss=5.338806e-03 train_mse=3.821474e-03 train_cos=0.996999 train_nmse=-22.252dB train_rec=0.000000e+00 train_recT=9.310414e-07 train_fc=1.950950e-03 train_decoder_tail=0.000000e+00
I 07.01/17:29:54 train_mapper.py:622 ] epoch=0125 train_loss=5.401662e-03 train_mse=3.868586e-03 train_cos=0.996959 train_nmse=-22.198dB train_rec=0.000000e+00 train_recT=9.443711e-07 train_fc=1.977100e-03 train_decoder_tail=0.000000e+00
I 07.01/17:30:57 train_mapper.py:622 ] epoch=0126 train_loss=5.288460e-03 train_mse=3.780871e-03 train_cos=0.997035 train_nmse=-22.298dB train_rec=0.000000e+00 train_recT=9.241878e-07 train_fc=1.933778e-03 train_decoder_tail=0.000000e+00
I 07.01/17:32:00 train_mapper.py:622 ] epoch=0127 train_loss=5.257730e-03 train_mse=3.756239e-03 train_cos=0.997054 train_nmse=-22.326dB train_rec=0.000000e+00 train_recT=9.135460e-07 train_fc=1.922124e-03 train_decoder_tail=0.000000e+00
I 07.01/17:33:07 train_mapper.py:622 ] epoch=0128 train_loss=5.213874e-03 train_mse=3.723178e-03 train_cos=0.997078 train_nmse=-22.365dB train_rec=0.000000e+00 train_recT=9.028783e-07 train_fc=1.906647e-03 train_decoder_tail=0.000000e+00
I 07.01/17:34:12 train_mapper.py:622 ] epoch=0129 train_loss=5.240520e-03 train_mse=3.743994e-03 train_cos=0.997063 train_nmse=-22.340dB train_rec=0.000000e+00 train_recT=9.181613e-07 train_fc=1.915431e-03 train_decoder_tail=0.000000e+00
I 07.01/17:35:15 train_mapper.py:622 ] epoch=0130 train_loss=5.301094e-03 train_mse=3.788415e-03 train_cos=0.997026 train_nmse=-22.290dB train_rec=0.000000e+00 train_recT=9.306632e-07 train_fc=1.937194e-03 train_decoder_tail=0.000000e+00
I 07.01/17:36:15 train_mapper.py:622 ] epoch=0131 train_loss=5.338981e-03 train_mse=3.816316e-03 train_cos=0.997003 train_nmse=-22.257dB train_rec=0.000000e+00 train_recT=9.414830e-07 train_fc=1.950686e-03 train_decoder_tail=0.000000e+00
I 07.01/17:37:15 train_mapper.py:622 ] epoch=0132 train_loss=5.279115e-03 train_mse=3.771348e-03 train_cos=0.997039 train_nmse=-22.309dB train_rec=0.000000e+00 train_recT=9.300369e-07 train_fc=1.933276e-03 train_decoder_tail=0.000000e+00
I 07.01/17:38:19 train_mapper.py:622 ] epoch=0133 train_loss=5.276420e-03 train_mse=3.766168e-03 train_cos=0.997042 train_nmse=-22.315dB train_rec=0.000000e+00 train_recT=9.250729e-07 train_fc=1.929089e-03 train_decoder_tail=0.000000e+00
I 07.01/17:39:23 train_mapper.py:622 ] epoch=0134 train_loss=5.268628e-03 train_mse=3.759237e-03 train_cos=0.997049 train_nmse=-22.323dB train_rec=0.000000e+00 train_recT=9.281588e-07 train_fc=1.923921e-03 train_decoder_tail=0.000000e+00
I 07.01/17:40:27 train_mapper.py:622 ] epoch=0135 train_loss=5.124596e-03 train_mse=3.647749e-03 train_cos=0.997140 train_nmse=-22.453dB train_rec=0.000000e+00 train_recT=8.935266e-07 train_fc=1.864845e-03 train_decoder_tail=0.000000e+00
I 07.01/17:41:31 train_mapper.py:622 ] epoch=0136 train_loss=5.003703e-03 train_mse=3.555336e-03 train_cos=0.997212 train_nmse=-22.565dB train_rec=0.000000e+00 train_recT=8.615402e-07 train_fc=1.815278e-03 train_decoder_tail=0.000000e+00
I 07.01/17:42:34 train_mapper.py:622 ] epoch=0137 train_loss=4.960831e-03 train_mse=3.521235e-03 train_cos=0.997239 train_nmse=-22.607dB train_rec=0.000000e+00 train_recT=8.521750e-07 train_fc=1.796797e-03 train_decoder_tail=0.000000e+00
I 07.01/17:43:41 train_mapper.py:622 ] epoch=0138 train_loss=5.002520e-03 train_mse=3.553141e-03 train_cos=0.997211 train_nmse=-22.568dB train_rec=0.000000e+00 train_recT=8.602245e-07 train_fc=1.812428e-03 train_decoder_tail=0.000000e+00
I 07.01/17:44:43 train_mapper.py:622 ] epoch=0139 train_loss=5.032426e-03 train_mse=3.577088e-03 train_cos=0.997193 train_nmse=-22.539dB train_rec=0.000000e+00 train_recT=8.646334e-07 train_fc=1.826562e-03 train_decoder_tail=0.000000e+00
I 07.01/17:45:44 train_mapper.py:622 ] epoch=0140 train_loss=5.054388e-03 train_mse=3.593301e-03 train_cos=0.997180 train_nmse=-22.519dB train_rec=0.000000e+00 train_recT=8.693961e-07 train_fc=1.835293e-03 train_decoder_tail=0.000000e+00
I 07.01/17:46:46 train_mapper.py:622 ] epoch=0141 train_loss=5.083763e-03 train_mse=3.616342e-03 train_cos=0.997163 train_nmse=-22.491dB train_rec=0.000000e+00 train_recT=8.829875e-07 train_fc=1.849542e-03 train_decoder_tail=0.000000e+00
I 07.01/17:47:50 train_mapper.py:622 ] epoch=0142 train_loss=5.011771e-03 train_mse=3.559395e-03 train_cos=0.997209 train_nmse=-22.560dB train_rec=0.000000e+00 train_recT=8.656261e-07 train_fc=1.818915e-03 train_decoder_tail=0.000000e+00
I 07.01/17:48:55 train_mapper.py:622 ] epoch=0143 train_loss=5.039744e-03 train_mse=3.580348e-03 train_cos=0.997190 train_nmse=-22.534dB train_rec=0.000000e+00 train_recT=8.709331e-07 train_fc=1.832454e-03 train_decoder_tail=0.000000e+00
I 07.01/17:49:59 train_mapper.py:622 ] epoch=0144 train_loss=5.012400e-03 train_mse=3.558793e-03 train_cos=0.997208 train_nmse=-22.561dB train_rec=0.000000e+00 train_recT=8.675039e-07 train_fc=1.818039e-03 train_decoder_tail=0.000000e+00
I 07.01/17:51:05 train_mapper.py:622 ] epoch=0145 train_loss=4.898669e-03 train_mse=3.472539e-03 train_cos=0.997279 train_nmse=-22.667dB train_rec=0.000000e+00 train_recT=8.419911e-07 train_fc=1.774483e-03 train_decoder_tail=0.000000e+00
I 07.01/17:52:08 train_mapper.py:622 ] epoch=0146 train_loss=4.865119e-03 train_mse=3.445073e-03 train_cos=0.997299 train_nmse=-22.702dB train_rec=0.000000e+00 train_recT=8.334261e-07 train_fc=1.762764e-03 train_decoder_tail=0.000000e+00
I 07.01/17:53:11 train_mapper.py:622 ] epoch=0147 train_loss=4.907075e-03 train_mse=3.477513e-03 train_cos=0.997270 train_nmse=-22.661dB train_rec=0.000000e+00 train_recT=8.406840e-07 train_fc=1.779799e-03 train_decoder_tail=0.000000e+00
I 07.01/17:54:14 train_mapper.py:622 ] epoch=0148 train_loss=4.867329e-03 train_mse=3.446503e-03 train_cos=0.997298 train_nmse=-22.700dB train_rec=0.000000e+00 train_recT=8.353409e-07 train_fc=1.762288e-03 train_decoder_tail=0.000000e+00
I 07.01/17:55:17 train_mapper.py:622 ] epoch=0149 train_loss=4.835041e-03 train_mse=3.420920e-03 train_cos=0.997317 train_nmse=-22.732dB train_rec=0.000000e+00 train_recT=8.242638e-07 train_fc=1.747863e-03 train_decoder_tail=0.000000e+00
I 07.01/17:56:22 train_mapper.py:622 ] epoch=0150 train_loss=4.809686e-03 train_mse=3.400217e-03 train_cos=0.997332 train_nmse=-22.759dB train_rec=0.000000e+00 train_recT=8.186534e-07 train_fc=1.737506e-03 train_decoder_tail=0.000000e+00
I 07.01/17:57:29 train_mapper.py:622 ] epoch=0151 train_loss=4.826002e-03 train_mse=3.413249e-03 train_cos=0.997322 train_nmse=-22.742dB train_rec=0.000000e+00 train_recT=8.276287e-07 train_fc=1.747851e-03 train_decoder_tail=0.000000e+00
I 07.01/17:58:35 train_mapper.py:622 ] epoch=0152 train_loss=4.844201e-03 train_mse=3.426612e-03 train_cos=0.997311 train_nmse=-22.725dB train_rec=0.000000e+00 train_recT=8.301051e-07 train_fc=1.753012e-03 train_decoder_tail=0.000000e+00
I 07.01/17:59:37 train_mapper.py:622 ] epoch=0153 train_loss=4.759568e-03 train_mse=3.359897e-03 train_cos=0.997368 train_nmse=-22.811dB train_rec=0.000000e+00 train_recT=8.111691e-07 train_fc=1.718158e-03 train_decoder_tail=0.000000e+00
I 07.01/18:00:43 train_mapper.py:622 ] epoch=0154 train_loss=4.783049e-03 train_mse=3.378492e-03 train_cos=0.997351 train_nmse=-22.787dB train_rec=0.000000e+00 train_recT=8.167669e-07 train_fc=1.729688e-03 train_decoder_tail=0.000000e+00
I 07.01/18:01:46 train_mapper.py:622 ] epoch=0155 train_loss=4.763154e-03 train_mse=3.363090e-03 train_cos=0.997365 train_nmse=-22.806dB train_rec=0.000000e+00 train_recT=8.130039e-07 train_fc=1.720716e-03 train_decoder_tail=0.000000e+00
I 07.01/18:02:50 train_mapper.py:622 ] epoch=0156 train_loss=4.739420e-03 train_mse=3.343865e-03 train_cos=0.997378 train_nmse=-22.831dB train_rec=0.000000e+00 train_recT=8.051407e-07 train_fc=1.708274e-03 train_decoder_tail=0.000000e+00
I 07.01/18:03:55 train_mapper.py:622 ] epoch=0157 train_loss=4.723053e-03 train_mse=3.330752e-03 train_cos=0.997386 train_nmse=-22.849dB train_rec=0.000000e+00 train_recT=8.011556e-07 train_fc=1.702720e-03 train_decoder_tail=0.000000e+00
I 07.01/18:05:00 train_mapper.py:622 ] epoch=0158 train_loss=4.721018e-03 train_mse=3.330049e-03 train_cos=0.997389 train_nmse=-22.849dB train_rec=0.000000e+00 train_recT=8.068238e-07 train_fc=1.704107e-03 train_decoder_tail=0.000000e+00
I 07.01/18:06:04 train_mapper.py:622 ] epoch=0159 train_loss=4.696154e-03 train_mse=3.310050e-03 train_cos=0.997407 train_nmse=-22.875dB train_rec=0.000000e+00 train_recT=8.048820e-07 train_fc=1.692849e-03 train_decoder_tail=0.000000e+00
I 07.01/18:07:06 train_mapper.py:622 ] epoch=0160 train_loss=4.665885e-03 train_mse=3.285498e-03 train_cos=0.997425 train_nmse=-22.908dB train_rec=0.000000e+00 train_recT=7.947601e-07 train_fc=1.679199e-03 train_decoder_tail=0.000000e+00
I 07.01/18:08:09 train_mapper.py:622 ] epoch=0161 train_loss=4.666952e-03 train_mse=3.286662e-03 train_cos=0.997423 train_nmse=-22.906dB train_rec=0.000000e+00 train_recT=7.933928e-07 train_fc=1.681465e-03 train_decoder_tail=0.000000e+00
I 07.01/18:09:12 train_mapper.py:622 ] epoch=0162 train_loss=4.687883e-03 train_mse=3.303248e-03 train_cos=0.997407 train_nmse=-22.884dB train_rec=0.000000e+00 train_recT=7.972818e-07 train_fc=1.689872e-03 train_decoder_tail=0.000000e+00
I 07.01/18:10:13 train_mapper.py:622 ] epoch=0163 train_loss=4.617060e-03 train_mse=3.249179e-03 train_cos=0.997453 train_nmse=-22.956dB train_rec=0.000000e+00 train_recT=7.805634e-07 train_fc=1.661177e-03 train_decoder_tail=0.000000e+00
I 07.01/18:11:18 train_mapper.py:622 ] epoch=0164 train_loss=4.600540e-03 train_mse=3.234739e-03 train_cos=0.997464 train_nmse=-22.975dB train_rec=0.000000e+00 train_recT=7.761921e-07 train_fc=1.654304e-03 train_decoder_tail=0.000000e+00
I 07.01/18:12:21 train_mapper.py:622 ] epoch=0165 train_loss=4.607700e-03 train_mse=3.240415e-03 train_cos=0.997459 train_nmse=-22.968dB train_rec=0.000000e+00 train_recT=7.786949e-07 train_fc=1.656855e-03 train_decoder_tail=0.000000e+00
I 07.01/18:13:26 train_mapper.py:622 ] epoch=0166 train_loss=4.585846e-03 train_mse=3.222918e-03 train_cos=0.997474 train_nmse=-22.991dB train_rec=0.000000e+00 train_recT=7.775919e-07 train_fc=1.651430e-03 train_decoder_tail=0.000000e+00
I 07.01/18:14:29 train_mapper.py:622 ] epoch=0167 train_loss=4.577285e-03 train_mse=3.214761e-03 train_cos=0.997478 train_nmse=-23.003dB train_rec=0.000000e+00 train_recT=7.755369e-07 train_fc=1.644861e-03 train_decoder_tail=0.000000e+00
I 07.01/18:15:33 train_mapper.py:622 ] epoch=0168 train_loss=4.525452e-03 train_mse=3.176107e-03 train_cos=0.997510 train_nmse=-23.055dB train_rec=0.000000e+00 train_recT=7.631983e-07 train_fc=1.624807e-03 train_decoder_tail=0.000000e+00
I 07.01/18:16:36 train_mapper.py:622 ] epoch=0169 train_loss=4.515577e-03 train_mse=3.167389e-03 train_cos=0.997517 train_nmse=-23.067dB train_rec=0.000000e+00 train_recT=7.616351e-07 train_fc=1.620582e-03 train_decoder_tail=0.000000e+00
I 07.01/18:17:39 train_mapper.py:622 ] epoch=0170 train_loss=4.522023e-03 train_mse=3.171257e-03 train_cos=0.997512 train_nmse=-23.062dB train_rec=0.000000e+00 train_recT=7.601863e-07 train_fc=1.621387e-03 train_decoder_tail=0.000000e+00
I 07.01/18:18:41 train_mapper.py:622 ] epoch=0171 train_loss=4.532515e-03 train_mse=3.178512e-03 train_cos=0.997506 train_nmse=-23.052dB train_rec=0.000000e+00 train_recT=7.647431e-07 train_fc=1.627089e-03 train_decoder_tail=0.000000e+00
I 07.01/18:19:43 train_mapper.py:622 ] epoch=0172 train_loss=4.538985e-03 train_mse=3.186565e-03 train_cos=0.997501 train_nmse=-23.040dB train_rec=0.000000e+00 train_recT=7.642637e-07 train_fc=1.633338e-03 train_decoder_tail=0.000000e+00
I 07.01/18:20:43 train_mapper.py:622 ] epoch=0173 train_loss=4.517925e-03 train_mse=3.169547e-03 train_cos=0.997513 train_nmse=-23.064dB train_rec=0.000000e+00 train_recT=7.604974e-07 train_fc=1.625080e-03 train_decoder_tail=0.000000e+00
I 07.01/18:21:48 train_mapper.py:622 ] epoch=0174 train_loss=4.471198e-03 train_mse=3.133881e-03 train_cos=0.997543 train_nmse=-23.113dB train_rec=0.000000e+00 train_recT=7.530536e-07 train_fc=1.604189e-03 train_decoder_tail=0.000000e+00
I 07.01/18:22:56 train_mapper.py:622 ] epoch=0175 train_loss=4.465649e-03 train_mse=3.129395e-03 train_cos=0.997548 train_nmse=-23.119dB train_rec=0.000000e+00 train_recT=7.552082e-07 train_fc=1.601517e-03 train_decoder_tail=0.000000e+00
I 07.01/18:24:02 train_mapper.py:622 ] epoch=0176 train_loss=4.392642e-03 train_mse=3.071273e-03 train_cos=0.997595 train_nmse=-23.201dB train_rec=0.000000e+00 train_recT=7.364396e-07 train_fc=1.571851e-03 train_decoder_tail=0.000000e+00
I 07.01/18:25:05 train_mapper.py:622 ] epoch=0177 train_loss=4.422466e-03 train_mse=3.094865e-03 train_cos=0.997573 train_nmse=-23.168dB train_rec=0.000000e+00 train_recT=7.449519e-07 train_fc=1.585591e-03 train_decoder_tail=0.000000e+00
I 07.01/18:26:10 train_mapper.py:622 ] epoch=0178 train_loss=4.427985e-03 train_mse=3.099489e-03 train_cos=0.997571 train_nmse=-23.161dB train_rec=0.000000e+00 train_recT=7.487838e-07 train_fc=1.588831e-03 train_decoder_tail=0.000000e+00
I 07.01/18:27:12 train_mapper.py:622 ] epoch=0179 train_loss=4.387738e-03 train_mse=3.067461e-03 train_cos=0.997597 train_nmse=-23.206dB train_rec=0.000000e+00 train_recT=7.353642e-07 train_fc=1.570323e-03 train_decoder_tail=0.000000e+00
I 07.01/18:28:15 train_mapper.py:622 ] epoch=0180 train_loss=4.382930e-03 train_mse=3.064260e-03 train_cos=0.997600 train_nmse=-23.211dB train_rec=0.000000e+00 train_recT=7.392793e-07 train_fc=1.570378e-03 train_decoder_tail=0.000000e+00
I 07.01/18:29:18 train_mapper.py:622 ] epoch=0181 train_loss=4.366377e-03 train_mse=3.052471e-03 train_cos=0.997608 train_nmse=-23.227dB train_rec=0.000000e+00 train_recT=7.328759e-07 train_fc=1.562810e-03 train_decoder_tail=0.000000e+00
I 07.01/18:30:21 train_mapper.py:622 ] epoch=0182 train_loss=4.375037e-03 train_mse=3.057846e-03 train_cos=0.997604 train_nmse=-23.219dB train_rec=0.000000e+00 train_recT=7.358281e-07 train_fc=1.568031e-03 train_decoder_tail=0.000000e+00
I 07.01/18:31:24 train_mapper.py:622 ] epoch=0183 train_loss=4.363339e-03 train_mse=3.049084e-03 train_cos=0.997609 train_nmse=-23.232dB train_rec=0.000000e+00 train_recT=7.308835e-07 train_fc=1.561937e-03 train_decoder_tail=0.000000e+00
I 07.01/18:32:29 train_mapper.py:622 ] epoch=0184 train_loss=4.341571e-03 train_mse=3.031590e-03 train_cos=0.997623 train_nmse=-23.257dB train_rec=0.000000e+00 train_recT=7.249646e-07 train_fc=1.554438e-03 train_decoder_tail=0.000000e+00
I 07.01/18:33:42 train_mapper.py:622 ] epoch=0185 train_loss=4.353430e-03 train_mse=3.041933e-03 train_cos=0.997614 train_nmse=-23.242dB train_rec=0.000000e+00 train_recT=7.285764e-07 train_fc=1.560462e-03 train_decoder_tail=0.000000e+00
I 07.01/18:34:46 train_mapper.py:622 ] epoch=0186 train_loss=4.312586e-03 train_mse=3.010804e-03 train_cos=0.997643 train_nmse=-23.287dB train_rec=0.000000e+00 train_recT=7.217596e-07 train_fc=1.545437e-03 train_decoder_tail=0.000000e+00
I 07.01/18:35:48 train_mapper.py:622 ] epoch=0187 train_loss=4.280896e-03 train_mse=2.985350e-03 train_cos=0.997662 train_nmse=-23.324dB train_rec=0.000000e+00 train_recT=7.147939e-07 train_fc=1.531082e-03 train_decoder_tail=0.000000e+00
I 07.01/18:36:54 train_mapper.py:622 ] epoch=0188 train_loss=4.257143e-03 train_mse=2.967104e-03 train_cos=0.997677 train_nmse=-23.351dB train_rec=0.000000e+00 train_recT=7.081244e-07 train_fc=1.522014e-03 train_decoder_tail=0.000000e+00
I 07.01/18:37:59 train_mapper.py:622 ] epoch=0189 train_loss=4.297217e-03 train_mse=2.997102e-03 train_cos=0.997650 train_nmse=-23.307dB train_rec=0.000000e+00 train_recT=7.193278e-07 train_fc=1.537745e-03 train_decoder_tail=0.000000e+00
I 07.01/18:39:10 train_mapper.py:622 ] epoch=0190 train_loss=4.282500e-03 train_mse=2.987849e-03 train_cos=0.997660 train_nmse=-23.320dB train_rec=0.000000e+00 train_recT=7.190031e-07 train_fc=1.533991e-03 train_decoder_tail=0.000000e+00
I 07.01/18:40:10 train_mapper.py:622 ] epoch=0191 train_loss=4.251180e-03 train_mse=2.963330e-03 train_cos=0.997680 train_nmse=-23.356dB train_rec=0.000000e+00 train_recT=7.080670e-07 train_fc=1.518957e-03 train_decoder_tail=0.000000e+00
I 07.01/18:41:13 train_mapper.py:622 ] epoch=0192 train_loss=4.210765e-03 train_mse=2.931300e-03 train_cos=0.997705 train_nmse=-23.403dB train_rec=0.000000e+00 train_recT=6.998930e-07 train_fc=1.503437e-03 train_decoder_tail=0.000000e+00
I 07.01/18:42:19 train_mapper.py:622 ] epoch=0193 train_loss=4.253009e-03 train_mse=2.965326e-03 train_cos=0.997675 train_nmse=-23.353dB train_rec=0.000000e+00 train_recT=7.139809e-07 train_fc=1.523517e-03 train_decoder_tail=0.000000e+00
I 07.01/18:43:20 train_mapper.py:622 ] epoch=0194 train_loss=4.239705e-03 train_mse=2.955294e-03 train_cos=0.997686 train_nmse=-23.368dB train_rec=0.000000e+00 train_recT=7.079672e-07 train_fc=1.517545e-03 train_decoder_tail=0.000000e+00
I 07.01/18:44:21 train_mapper.py:622 ] epoch=0195 train_loss=4.220628e-03 train_mse=2.940295e-03 train_cos=0.997698 train_nmse=-23.390dB train_rec=0.000000e+00 train_recT=7.024469e-07 train_fc=1.511770e-03 train_decoder_tail=0.000000e+00
I 07.01/18:45:21 train_mapper.py:622 ] epoch=0196 train_loss=4.200957e-03 train_mse=2.924703e-03 train_cos=0.997709 train_nmse=-23.413dB train_rec=0.000000e+00 train_recT=6.971370e-07 train_fc=1.502535e-03 train_decoder_tail=0.000000e+00
I 07.01/18:46:21 train_mapper.py:622 ] epoch=0197 train_loss=4.190311e-03 train_mse=2.916694e-03 train_cos=0.997716 train_nmse=-23.425dB train_rec=0.000000e+00 train_recT=6.960868e-07 train_fc=1.498885e-03 train_decoder_tail=0.000000e+00
I 07.01/18:47:24 train_mapper.py:622 ] epoch=0198 train_loss=4.162555e-03 train_mse=2.895500e-03 train_cos=0.997732 train_nmse=-23.457dB train_rec=0.000000e+00 train_recT=6.904488e-07 train_fc=1.487701e-03 train_decoder_tail=0.000000e+00
I 07.01/18:48:27 train_mapper.py:622 ] epoch=0199 train_loss=4.124615e-03 train_mse=2.866460e-03 train_cos=0.997756 train_nmse=-23.500dB train_rec=0.000000e+00 train_recT=6.841976e-07 train_fc=1.472317e-03 train_decoder_tail=0.000000e+00
I 07.01/18:49:32 train_mapper.py:622 ] epoch=0200 train_loss=4.141070e-03 train_mse=2.879462e-03 train_cos=0.997745 train_nmse=-23.481dB train_rec=0.000000e+00 train_recT=6.894189e-07 train_fc=1.480397e-03 train_decoder_tail=0.000000e+00
I 07.01/18:50:32 train_mapper.py:622 ] epoch=0201 train_loss=4.168048e-03 train_mse=2.900516e-03 train_cos=0.997729 train_nmse=-23.449dB train_rec=0.000000e+00 train_recT=6.984739e-07 train_fc=1.492134e-03 train_decoder_tail=0.000000e+00
I 07.01/18:51:31 train_mapper.py:622 ] epoch=0202 train_loss=4.192521e-03 train_mse=2.919886e-03 train_cos=0.997715 train_nmse=-23.420dB train_rec=0.000000e+00 train_recT=7.042144e-07 train_fc=1.502161e-03 train_decoder_tail=0.000000e+00
I 07.01/18:52:32 train_mapper.py:622 ] epoch=0203 train_loss=4.124620e-03 train_mse=2.866994e-03 train_cos=0.997757 train_nmse=-23.499dB train_rec=0.000000e+00 train_recT=6.875565e-07 train_fc=1.475179e-03 train_decoder_tail=0.000000e+00
I 07.01/18:53:32 train_mapper.py:622 ] epoch=0204 train_loss=4.113725e-03 train_mse=2.859892e-03 train_cos=0.997762 train_nmse=-23.510dB train_rec=0.000000e+00 train_recT=6.834679e-07 train_fc=1.472748e-03 train_decoder_tail=0.000000e+00
I 07.01/18:54:35 train_mapper.py:622 ] epoch=0205 train_loss=4.055602e-03 train_mse=2.813612e-03 train_cos=0.997800 train_nmse=-23.582dB train_rec=0.000000e+00 train_recT=6.705435e-07 train_fc=1.447510e-03 train_decoder_tail=0.000000e+00
I 07.01/18:55:39 train_mapper.py:622 ] epoch=0206 train_loss=4.108693e-03 train_mse=2.855980e-03 train_cos=0.997764 train_nmse=-23.516dB train_rec=0.000000e+00 train_recT=6.861787e-07 train_fc=1.471114e-03 train_decoder_tail=0.000000e+00
I 07.01/18:56:39 train_mapper.py:622 ] epoch=0207 train_loss=4.047201e-03 train_mse=2.807793e-03 train_cos=0.997805 train_nmse=-23.590dB train_rec=0.000000e+00 train_recT=6.703539e-07 train_fc=1.444235e-03 train_decoder_tail=0.000000e+00
I 07.01/18:57:44 train_mapper.py:622 ] epoch=0208 train_loss=4.056364e-03 train_mse=2.815888e-03 train_cos=0.997795 train_nmse=-23.578dB train_rec=0.000000e+00 train_recT=6.696219e-07 train_fc=1.450214e-03 train_decoder_tail=0.000000e+00
I 07.01/18:58:45 train_mapper.py:622 ] epoch=0209 train_loss=4.136813e-03 train_mse=2.877220e-03 train_cos=0.997743 train_nmse=-23.485dB train_rec=0.000000e+00 train_recT=6.932501e-07 train_fc=1.482659e-03 train_decoder_tail=0.000000e+00
I 07.01/18:59:46 train_mapper.py:622 ] epoch=0210 train_loss=4.046827e-03 train_mse=2.809709e-03 train_cos=0.997806 train_nmse=-23.587dB train_rec=0.000000e+00 train_recT=6.733211e-07 train_fc=1.446568e-03 train_decoder_tail=0.000000e+00
I 07.01/19:00:48 train_mapper.py:622 ] epoch=0211 train_loss=3.985029e-03 train_mse=2.760118e-03 train_cos=0.997841 train_nmse=-23.665dB train_rec=0.000000e+00 train_recT=6.540687e-07 train_fc=1.420500e-03 train_decoder_tail=0.000000e+00
I 07.01/19:01:50 train_mapper.py:622 ] epoch=0212 train_loss=4.012767e-03 train_mse=2.783612e-03 train_cos=0.997820 train_nmse=-23.628dB train_rec=0.000000e+00 train_recT=6.669380e-07 train_fc=1.433767e-03 train_decoder_tail=0.000000e+00
I 07.01/19:02:51 train_mapper.py:622 ] epoch=0213 train_loss=4.008247e-03 train_mse=2.779620e-03 train_cos=0.997824 train_nmse=-23.634dB train_rec=0.000000e+00 train_recT=6.662344e-07 train_fc=1.434317e-03 train_decoder_tail=0.000000e+00
I 07.01/19:03:49 train_mapper.py:622 ] epoch=0214 train_loss=3.990913e-03 train_mse=2.766421e-03 train_cos=0.997835 train_nmse=-23.655dB train_rec=0.000000e+00 train_recT=6.592865e-07 train_fc=1.425866e-03 train_decoder_tail=0.000000e+00
I 07.01/19:04:51 train_mapper.py:622 ] epoch=0215 train_loss=4.006897e-03 train_mse=2.779379e-03 train_cos=0.997824 train_nmse=-23.635dB train_rec=0.000000e+00 train_recT=6.647206e-07 train_fc=1.433842e-03 train_decoder_tail=0.000000e+00
I 07.01/19:05:52 train_mapper.py:622 ] epoch=0216 train_loss=3.998217e-03 train_mse=2.773464e-03 train_cos=0.997832 train_nmse=-23.644dB train_rec=0.000000e+00 train_recT=6.643362e-07 train_fc=1.430601e-03 train_decoder_tail=0.000000e+00
I 07.01/19:06:52 train_mapper.py:622 ] epoch=0217 train_loss=4.001861e-03 train_mse=2.776105e-03 train_cos=0.997828 train_nmse=-23.640dB train_rec=0.000000e+00 train_recT=6.664079e-07 train_fc=1.432872e-03 train_decoder_tail=0.000000e+00
I 07.01/19:07:54 train_mapper.py:622 ] epoch=0218 train_loss=3.955080e-03 train_mse=2.740487e-03 train_cos=0.997859 train_nmse=-23.696dB train_rec=0.000000e+00 train_recT=6.532216e-07 train_fc=1.414141e-03 train_decoder_tail=0.000000e+00
I 07.01/19:08:55 train_mapper.py:622 ] epoch=0219 train_loss=3.961734e-03 train_mse=2.745941e-03 train_cos=0.997851 train_nmse=-23.687dB train_rec=0.000000e+00 train_recT=6.549684e-07 train_fc=1.417357e-03 train_decoder_tail=0.000000e+00
I 07.01/19:09:57 train_mapper.py:622 ] epoch=0220 train_loss=3.952767e-03 train_mse=2.740043e-03 train_cos=0.997856 train_nmse=-23.696dB train_rec=0.000000e+00 train_recT=6.521686e-07 train_fc=1.414171e-03 train_decoder_tail=0.000000e+00
I 07.01/19:10:59 train_mapper.py:622 ] epoch=0221 train_loss=3.917299e-03 train_mse=2.711283e-03 train_cos=0.997881 train_nmse=-23.742dB train_rec=0.000000e+00 train_recT=6.465940e-07 train_fc=1.399506e-03 train_decoder_tail=0.000000e+00
I 07.01/19:11:58 train_mapper.py:622 ] epoch=0222 train_loss=3.953473e-03 train_mse=2.740326e-03 train_cos=0.997856 train_nmse=-23.696dB train_rec=0.000000e+00 train_recT=6.589432e-07 train_fc=1.416886e-03 train_decoder_tail=0.000000e+00
I 07.01/19:12:59 train_mapper.py:622 ] epoch=0223 train_loss=3.957520e-03 train_mse=2.744255e-03 train_cos=0.997854 train_nmse=-23.689dB train_rec=0.000000e+00 train_recT=6.601184e-07 train_fc=1.419029e-03 train_decoder_tail=0.000000e+00
I 07.01/19:13:58 train_mapper.py:622 ] epoch=0224 train_loss=3.930084e-03 train_mse=2.722598e-03 train_cos=0.997871 train_nmse=-23.724dB train_rec=0.000000e+00 train_recT=6.521650e-07 train_fc=1.406720e-03 train_decoder_tail=0.000000e+00
I 07.01/19:14:59 train_mapper.py:622 ] epoch=0225 train_loss=3.853446e-03 train_mse=2.663632e-03 train_cos=0.997919 train_nmse=-23.819dB train_rec=0.000000e+00 train_recT=6.296798e-07 train_fc=1.375388e-03 train_decoder_tail=0.000000e+00
I 07.01/19:16:01 train_mapper.py:622 ] epoch=0226 train_loss=3.859388e-03 train_mse=2.668934e-03 train_cos=0.997913 train_nmse=-23.810dB train_rec=0.000000e+00 train_recT=6.351911e-07 train_fc=1.378464e-03 train_decoder_tail=0.000000e+00
I 07.01/19:17:02 train_mapper.py:622 ] epoch=0227 train_loss=3.856268e-03 train_mse=2.666343e-03 train_cos=0.997913 train_nmse=-23.815dB train_rec=0.000000e+00 train_recT=6.326333e-07 train_fc=1.377833e-03 train_decoder_tail=0.000000e+00
I 07.01/19:17:57 train_mapper.py:622 ] epoch=0228 train_loss=3.868621e-03 train_mse=2.676403e-03 train_cos=0.997906 train_nmse=-23.799dB train_rec=0.000000e+00 train_recT=6.355877e-07 train_fc=1.383617e-03 train_decoder_tail=0.000000e+00
I 07.01/19:18:57 train_mapper.py:622 ] epoch=0229 train_loss=3.858183e-03 train_mse=2.669087e-03 train_cos=0.997912 train_nmse=-23.810dB train_rec=0.000000e+00 train_recT=6.335006e-07 train_fc=1.380441e-03 train_decoder_tail=0.000000e+00
I 07.01/19:19:59 train_mapper.py:622 ] epoch=0230 train_loss=3.856020e-03 train_mse=2.668868e-03 train_cos=0.997913 train_nmse=-23.811dB train_rec=0.000000e+00 train_recT=6.342605e-07 train_fc=1.381680e-03 train_decoder_tail=0.000000e+00
I 07.01/19:20:58 train_mapper.py:622 ] epoch=0231 train_loss=3.861352e-03 train_mse=2.672437e-03 train_cos=0.997911 train_nmse=-23.805dB train_rec=0.000000e+00 train_recT=6.370385e-07 train_fc=1.383021e-03 train_decoder_tail=0.000000e+00
I 07.01/19:21:56 train_mapper.py:622 ] epoch=0232 train_loss=3.861428e-03 train_mse=2.673366e-03 train_cos=0.997909 train_nmse=-23.804dB train_rec=0.000000e+00 train_recT=6.383813e-07 train_fc=1.383169e-03 train_decoder_tail=0.000000e+00
I 07.01/19:22:57 train_mapper.py:622 ] epoch=0233 train_loss=3.832362e-03 train_mse=2.651575e-03 train_cos=0.997928 train_nmse=-23.839dB train_rec=0.000000e+00 train_recT=6.348291e-07 train_fc=1.373327e-03 train_decoder_tail=0.000000e+00
I 07.01/19:23:58 train_mapper.py:622 ] epoch=0234 train_loss=3.792065e-03 train_mse=2.620137e-03 train_cos=0.997953 train_nmse=-23.891dB train_rec=0.000000e+00 train_recT=6.246758e-07 train_fc=1.357831e-03 train_decoder_tail=0.000000e+00
I 07.01/19:24:58 train_mapper.py:622 ] epoch=0235 train_loss=3.806056e-03 train_mse=2.631149e-03 train_cos=0.997943 train_nmse=-23.872dB train_rec=0.000000e+00 train_recT=6.301986e-07 train_fc=1.362586e-03 train_decoder_tail=0.000000e+00
I 07.01/19:25:58 train_mapper.py:622 ] epoch=0236 train_loss=3.778554e-03 train_mse=2.610369e-03 train_cos=0.997960 train_nmse=-23.907dB train_rec=0.000000e+00 train_recT=6.211850e-07 train_fc=1.351586e-03 train_decoder_tail=0.000000e+00
I 07.01/19:27:01 train_mapper.py:622 ] epoch=0237 train_loss=3.804475e-03 train_mse=2.631334e-03 train_cos=0.997942 train_nmse=-23.872dB train_rec=0.000000e+00 train_recT=6.270149e-07 train_fc=1.363204e-03 train_decoder_tail=0.000000e+00
I 07.01/19:28:05 train_mapper.py:622 ] epoch=0238 train_loss=3.787889e-03 train_mse=2.618389e-03 train_cos=0.997954 train_nmse=-23.893dB train_rec=0.000000e+00 train_recT=6.214879e-07 train_fc=1.356512e-03 train_decoder_tail=0.000000e+00
I 07.01/19:29:04 train_mapper.py:622 ] epoch=0239 train_loss=3.773055e-03 train_mse=2.608231e-03 train_cos=0.997964 train_nmse=-23.910dB train_rec=0.000000e+00 train_recT=6.216419e-07 train_fc=1.353138e-03 train_decoder_tail=0.000000e+00
I 07.01/19:30:07 train_mapper.py:622 ] epoch=0240 train_loss=3.744889e-03 train_mse=2.585190e-03 train_cos=0.997981 train_nmse=-23.950dB train_rec=0.000000e+00 train_recT=6.154990e-07 train_fc=1.340662e-03 train_decoder_tail=0.000000e+00
I 07.01/19:31:08 train_mapper.py:622 ] epoch=0241 train_loss=3.845511e-03 train_mse=2.664527e-03 train_cos=0.997913 train_nmse=-23.818dB train_rec=0.000000e+00 train_recT=6.375814e-07 train_fc=1.382780e-03 train_decoder_tail=0.000000e+00
I 07.01/19:32:09 train_mapper.py:622 ] epoch=0242 train_loss=3.744701e-03 train_mse=2.588957e-03 train_cos=0.997981 train_nmse=-23.943dB train_rec=0.000000e+00 train_recT=6.168775e-07 train_fc=1.343541e-03 train_decoder_tail=0.000000e+00
I 07.01/19:33:09 train_mapper.py:622 ] epoch=0243 train_loss=3.701426e-03 train_mse=2.553568e-03 train_cos=0.998006 train_nmse=-24.002dB train_rec=0.000000e+00 train_recT=6.046855e-07 train_fc=1.324771e-03 train_decoder_tail=0.000000e+00
I 07.01/19:34:12 train_mapper.py:622 ] epoch=0244 train_loss=3.699295e-03 train_mse=2.553158e-03 train_cos=0.998005 train_nmse=-24.003dB train_rec=0.000000e+00 train_recT=6.071164e-07 train_fc=1.324937e-03 train_decoder_tail=0.000000e+00
I 07.01/19:35:16 train_mapper.py:622 ] epoch=0245 train_loss=3.729391e-03 train_mse=2.576786e-03 train_cos=0.997986 train_nmse=-23.963dB train_rec=0.000000e+00 train_recT=6.151577e-07 train_fc=1.338644e-03 train_decoder_tail=0.000000e+00
I 07.01/19:36:15 train_mapper.py:622 ] epoch=0246 train_loss=3.687984e-03 train_mse=2.545275e-03 train_cos=0.998013 train_nmse=-24.017dB train_rec=0.000000e+00 train_recT=6.044994e-07 train_fc=1.320913e-03 train_decoder_tail=0.000000e+00
I 07.01/19:37:17 train_mapper.py:622 ] epoch=0247 train_loss=3.640816e-03 train_mse=2.508517e-03 train_cos=0.998045 train_nmse=-24.080dB train_rec=0.000000e+00 train_recT=5.927473e-07 train_fc=1.302545e-03 train_decoder_tail=0.000000e+00
I 07.01/19:38:23 train_mapper.py:622 ] epoch=0248 train_loss=3.665241e-03 train_mse=2.529170e-03 train_cos=0.998026 train_nmse=-24.044dB train_rec=0.000000e+00 train_recT=6.016392e-07 train_fc=1.313847e-03 train_decoder_tail=0.000000e+00
I 07.01/19:39:23 train_mapper.py:622 ] epoch=0249 train_loss=3.708659e-03 train_mse=2.563208e-03 train_cos=0.997998 train_nmse=-23.986dB train_rec=0.000000e+00 train_recT=6.104297e-07 train_fc=1.334086e-03 train_decoder_tail=0.000000e+00
I 07.01/19:40:24 train_mapper.py:622 ] epoch=0250 train_loss=3.794711e-03 train_mse=2.630025e-03 train_cos=0.997944 train_nmse=-23.875dB train_rec=0.000000e+00 train_recT=6.345117e-07 train_fc=1.367904e-03 train_decoder_tail=0.000000e+00
I 07.01/19:41:23 train_mapper.py:622 ] epoch=0251 train_loss=3.703053e-03 train_mse=2.561480e-03 train_cos=0.998004 train_nmse=-23.989dB train_rec=0.000000e+00 train_recT=6.143770e-07 train_fc=1.332631e-03 train_decoder_tail=0.000000e+00
I 07.01/19:42:23 train_mapper.py:622 ] epoch=0252 train_loss=3.642077e-03 train_mse=2.513951e-03 train_cos=0.998040 train_nmse=-24.070dB train_rec=0.000000e+00 train_recT=5.955347e-07 train_fc=1.307877e-03 train_decoder_tail=0.000000e+00
I 07.01/19:43:24 train_mapper.py:622 ] epoch=0253 train_loss=3.633704e-03 train_mse=2.507022e-03 train_cos=0.998042 train_nmse=-24.083dB train_rec=0.000000e+00 train_recT=5.946731e-07 train_fc=1.306367e-03 train_decoder_tail=0.000000e+00
I 07.01/19:44:26 train_mapper.py:622 ] epoch=0254 train_loss=3.617726e-03 train_mse=2.495787e-03 train_cos=0.998052 train_nmse=-24.102dB train_rec=0.000000e+00 train_recT=5.925443e-07 train_fc=1.298951e-03 train_decoder_tail=0.000000e+00
I 07.01/19:45:30 train_mapper.py:622 ] epoch=0255 train_loss=3.627560e-03 train_mse=2.504758e-03 train_cos=0.998044 train_nmse=-24.086dB train_rec=0.000000e+00 train_recT=5.955374e-07 train_fc=1.304594e-03 train_decoder_tail=0.000000e+00
I 07.01/19:46:30 train_mapper.py:622 ] epoch=0256 train_loss=3.585504e-03 train_mse=2.472776e-03 train_cos=0.998073 train_nmse=-24.142dB train_rec=0.000000e+00 train_recT=5.867425e-07 train_fc=1.287828e-03 train_decoder_tail=0.000000e+00
I 07.01/19:47:32 train_mapper.py:622 ] epoch=0257 train_loss=3.576048e-03 train_mse=2.465741e-03 train_cos=0.998076 train_nmse=-24.155dB train_rec=0.000000e+00 train_recT=5.861704e-07 train_fc=1.284840e-03 train_decoder_tail=0.000000e+00
I 07.01/19:48:36 train_mapper.py:622 ] epoch=0258 train_loss=3.589816e-03 train_mse=2.476408e-03 train_cos=0.998067 train_nmse=-24.136dB train_rec=0.000000e+00 train_recT=5.912564e-07 train_fc=1.291257e-03 train_decoder_tail=0.000000e+00
I 07.01/19:49:38 train_mapper.py:622 ] epoch=0259 train_loss=3.682073e-03 train_mse=2.549568e-03 train_cos=0.998005 train_nmse=-24.009dB train_rec=0.000000e+00 train_recT=6.135083e-07 train_fc=1.330913e-03 train_decoder_tail=0.000000e+00
I 07.01/19:50:38 train_mapper.py:622 ] epoch=0260 train_loss=3.610115e-03 train_mse=2.494559e-03 train_cos=0.998056 train_nmse=-24.104dB train_rec=0.000000e+00 train_recT=5.929970e-07 train_fc=1.300369e-03 train_decoder_tail=0.000000e+00
I 07.01/19:51:39 train_mapper.py:622 ] epoch=0261 train_loss=3.551096e-03 train_mse=2.448945e-03 train_cos=0.998094 train_nmse=-24.184dB train_rec=0.000000e+00 train_recT=5.826430e-07 train_fc=1.277087e-03 train_decoder_tail=0.000000e+00
I 07.01/19:52:44 train_mapper.py:622 ] epoch=0262 train_loss=3.566628e-03 train_mse=2.461503e-03 train_cos=0.998081 train_nmse=-24.162dB train_rec=0.000000e+00 train_recT=5.868857e-07 train_fc=1.284169e-03 train_decoder_tail=0.000000e+00
I 07.01/19:53:43 train_mapper.py:622 ] epoch=0263 train_loss=3.561699e-03 train_mse=2.458408e-03 train_cos=0.998084 train_nmse=-24.168dB train_rec=0.000000e+00 train_recT=5.834165e-07 train_fc=1.283745e-03 train_decoder_tail=0.000000e+00
I 07.01/19:54:46 train_mapper.py:622 ] epoch=0264 train_loss=3.604847e-03 train_mse=2.492882e-03 train_cos=0.998056 train_nmse=-24.107dB train_rec=0.000000e+00 train_recT=5.988102e-07 train_fc=1.301917e-03 train_decoder_tail=0.000000e+00
I 07.01/19:55:45 train_mapper.py:622 ] epoch=0265 train_loss=3.553004e-03 train_mse=2.453900e-03 train_cos=0.998089 train_nmse=-24.175dB train_rec=0.000000e+00 train_recT=5.851126e-07 train_fc=1.282853e-03 train_decoder_tail=0.000000e+00
I 07.01/19:56:46 train_mapper.py:622 ] epoch=0266 train_loss=3.551466e-03 train_mse=2.452683e-03 train_cos=0.998087 train_nmse=-24.178dB train_rec=0.000000e+00 train_recT=5.845974e-07 train_fc=1.282442e-03 train_decoder_tail=0.000000e+00
I 07.01/19:57:48 train_mapper.py:622 ] epoch=0267 train_loss=3.532699e-03 train_mse=2.438772e-03 train_cos=0.998097 train_nmse=-24.202dB train_rec=0.000000e+00 train_recT=5.796593e-07 train_fc=1.275418e-03 train_decoder_tail=0.000000e+00
I 07.01/19:58:51 train_mapper.py:622 ] epoch=0268 train_loss=3.565309e-03 train_mse=2.465525e-03 train_cos=0.998072 train_nmse=-24.155dB train_rec=0.000000e+00 train_recT=5.895637e-07 train_fc=1.289340e-03 train_decoder_tail=0.000000e+00
I 07.01/19:59:51 train_mapper.py:622 ] epoch=0269 train_loss=3.485786e-03 train_mse=2.404300e-03 train_cos=0.998127 train_nmse=-24.264dB train_rec=0.000000e+00 train_recT=5.696047e-07 train_fc=1.257075e-03 train_decoder_tail=0.000000e+00
I 07.01/20:00:53 train_mapper.py:622 ] epoch=0270 train_loss=3.444237e-03 train_mse=2.371847e-03 train_cos=0.998152 train_nmse=-24.323dB train_rec=0.000000e+00 train_recT=5.585487e-07 train_fc=1.241123e-03 train_decoder_tail=0.000000e+00
I 07.01/20:01:56 train_mapper.py:622 ] epoch=0271 train_loss=3.477199e-03 train_mse=2.399142e-03 train_cos=0.998130 train_nmse=-24.273dB train_rec=0.000000e+00 train_recT=5.680413e-07 train_fc=1.256170e-03 train_decoder_tail=0.000000e+00
I 07.01/20:02:58 train_mapper.py:622 ] epoch=0272 train_loss=3.474175e-03 train_mse=2.396634e-03 train_cos=0.998133 train_nmse=-24.278dB train_rec=0.000000e+00 train_recT=5.699319e-07 train_fc=1.254782e-03 train_decoder_tail=0.000000e+00
I 07.01/20:04:01 train_mapper.py:622 ] epoch=0273 train_loss=3.522358e-03 train_mse=2.434909e-03 train_cos=0.998101 train_nmse=-24.209dB train_rec=0.000000e+00 train_recT=5.846265e-07 train_fc=1.277144e-03 train_decoder_tail=0.000000e+00
I 07.01/20:05:00 train_mapper.py:622 ] epoch=0274 train_loss=3.498995e-03 train_mse=2.418317e-03 train_cos=0.998117 train_nmse=-24.239dB train_rec=0.000000e+00 train_recT=5.763100e-07 train_fc=1.268162e-03 train_decoder_tail=0.000000e+00
I 07.01/20:06:00 train_mapper.py:622 ] epoch=0275 train_loss=3.470025e-03 train_mse=2.395658e-03 train_cos=0.998136 train_nmse=-24.280dB train_rec=0.000000e+00 train_recT=5.692468e-07 train_fc=1.256580e-03 train_decoder_tail=0.000000e+00
I 07.01/20:07:03 train_mapper.py:622 ] epoch=0276 train_loss=3.503696e-03 train_mse=2.421856e-03 train_cos=0.998110 train_nmse=-24.234dB train_rec=0.000000e+00 train_recT=5.767948e-07 train_fc=1.270163e-03 train_decoder_tail=0.000000e+00
I 07.01/20:08:05 train_mapper.py:622 ] epoch=0277 train_loss=3.512140e-03 train_mse=2.431297e-03 train_cos=0.998106 train_nmse=-24.216dB train_rec=0.000000e+00 train_recT=5.857018e-07 train_fc=1.276509e-03 train_decoder_tail=0.000000e+00
I 07.01/20:09:08 train_mapper.py:622 ] epoch=0278 train_loss=3.436957e-03 train_mse=2.372133e-03 train_cos=0.998155 train_nmse=-24.323dB train_rec=0.000000e+00 train_recT=5.660029e-07 train_fc=1.245305e-03 train_decoder_tail=0.000000e+00
I 07.01/20:10:11 train_mapper.py:622 ] epoch=0279 train_loss=3.391305e-03 train_mse=2.337655e-03 train_cos=0.998181 train_nmse=-24.386dB train_rec=0.000000e+00 train_recT=5.533373e-07 train_fc=1.227115e-03 train_decoder_tail=0.000000e+00
I 07.01/20:11:14 train_mapper.py:622 ] epoch=0280 train_loss=3.402156e-03 train_mse=2.345736e-03 train_cos=0.998172 train_nmse=-24.371dB train_rec=0.000000e+00 train_recT=5.568711e-07 train_fc=1.232064e-03 train_decoder_tail=0.000000e+00
I 07.01/20:12:17 train_mapper.py:622 ] epoch=0281 train_loss=3.468991e-03 train_mse=2.399375e-03 train_cos=0.998127 train_nmse=-24.273dB train_rec=0.000000e+00 train_recT=5.774531e-07 train_fc=1.261530e-03 train_decoder_tail=0.000000e+00
I 07.01/20:13:19 train_mapper.py:622 ] epoch=0282 train_loss=3.376612e-03 train_mse=2.328291e-03 train_cos=0.998189 train_nmse=-24.403dB train_rec=0.000000e+00 train_recT=5.511010e-07 train_fc=1.222882e-03 train_decoder_tail=0.000000e+00
I 07.01/20:14:23 train_mapper.py:622 ] epoch=0283 train_loss=3.382876e-03 train_mse=2.334276e-03 train_cos=0.998182 train_nmse=-24.392dB train_rec=0.000000e+00 train_recT=5.531468e-07 train_fc=1.226331e-03 train_decoder_tail=0.000000e+00
I 07.01/20:15:26 train_mapper.py:622 ] epoch=0284 train_loss=3.450145e-03 train_mse=2.385724e-03 train_cos=0.998137 train_nmse=-24.298dB train_rec=0.000000e+00 train_recT=5.697878e-07 train_fc=1.254363e-03 train_decoder_tail=0.000000e+00
I 07.01/20:16:27 train_mapper.py:622 ] epoch=0285 train_loss=3.478828e-03 train_mse=2.412031e-03 train_cos=0.998119 train_nmse=-24.250dB train_rec=0.000000e+00 train_recT=5.841117e-07 train_fc=1.270542e-03 train_decoder_tail=0.000000e+00
I 07.01/20:17:30 train_mapper.py:622 ] epoch=0286 train_loss=3.365959e-03 train_mse=2.323398e-03 train_cos=0.998195 train_nmse=-24.413dB train_rec=0.000000e+00 train_recT=5.517044e-07 train_fc=1.224405e-03 train_decoder_tail=0.000000e+00
I 07.01/20:18:32 train_mapper.py:622 ] epoch=0287 train_loss=3.321139e-03 train_mse=2.288131e-03 train_cos=0.998222 train_nmse=-24.479dB train_rec=0.000000e+00 train_recT=5.400601e-07 train_fc=1.204193e-03 train_decoder_tail=0.000000e+00
I 07.01/20:19:36 train_mapper.py:622 ] epoch=0288 train_loss=3.321743e-03 train_mse=2.290216e-03 train_cos=0.998218 train_nmse=-24.475dB train_rec=0.000000e+00 train_recT=5.402596e-07 train_fc=1.206112e-03 train_decoder_tail=0.000000e+00
I 07.01/20:20:36 train_mapper.py:622 ] epoch=0289 train_loss=3.373251e-03 train_mse=2.330491e-03 train_cos=0.998185 train_nmse=-24.400dB train_rec=0.000000e+00 train_recT=5.550221e-07 train_fc=1.227387e-03 train_decoder_tail=0.000000e+00
I 07.01/20:21:40 train_mapper.py:622 ] epoch=0290 train_loss=3.424543e-03 train_mse=2.370761e-03 train_cos=0.998152 train_nmse=-24.325dB train_rec=0.000000e+00 train_recT=5.687542e-07 train_fc=1.251404e-03 train_decoder_tail=0.000000e+00
I 07.01/20:22:43 train_mapper.py:622 ] epoch=0291 train_loss=3.402432e-03 train_mse=2.355549e-03 train_cos=0.998168 train_nmse=-24.353dB train_rec=0.000000e+00 train_recT=5.652451e-07 train_fc=1.242886e-03 train_decoder_tail=0.000000e+00
I 07.01/20:23:47 train_mapper.py:622 ] epoch=0292 train_loss=3.347826e-03 train_mse=2.313980e-03 train_cos=0.998200 train_nmse=-24.430dB train_rec=0.000000e+00 train_recT=5.511472e-07 train_fc=1.221290e-03 train_decoder_tail=0.000000e+00
I 07.01/20:24:49 train_mapper.py:622 ] epoch=0293 train_loss=3.294646e-03 train_mse=2.272390e-03 train_cos=0.998235 train_nmse=-24.509dB train_rec=0.000000e+00 train_recT=5.384121e-07 train_fc=1.199549e-03 train_decoder_tail=0.000000e+00
I 07.01/20:25:51 train_mapper.py:622 ] epoch=0294 train_loss=3.320097e-03 train_mse=2.293669e-03 train_cos=0.998214 train_nmse=-24.469dB train_rec=0.000000e+00 train_recT=5.440744e-07 train_fc=1.210061e-03 train_decoder_tail=0.000000e+00
I 07.01/20:26:54 train_mapper.py:622 ] epoch=0295 train_loss=3.318272e-03 train_mse=2.293376e-03 train_cos=0.998216 train_nmse=-24.469dB train_rec=0.000000e+00 train_recT=5.449695e-07 train_fc=1.211213e-03 train_decoder_tail=0.000000e+00
I 07.01/20:27:57 train_mapper.py:622 ] epoch=0296 train_loss=3.291285e-03 train_mse=2.271628e-03 train_cos=0.998234 train_nmse=-24.511dB train_rec=0.000000e+00 train_recT=5.391248e-07 train_fc=1.200845e-03 train_decoder_tail=0.000000e+00
I 07.01/20:28:59 train_mapper.py:622 ] epoch=0297 train_loss=3.352802e-03 train_mse=2.320437e-03 train_cos=0.998191 train_nmse=-24.419dB train_rec=0.000000e+00 train_recT=5.546912e-07 train_fc=1.226932e-03 train_decoder_tail=0.000000e+00
I 07.01/20:30:00 train_mapper.py:622 ] epoch=0298 train_loss=3.310473e-03 train_mse=2.289472e-03 train_cos=0.998219 train_nmse=-24.477dB train_rec=0.000000e+00 train_recT=5.445259e-07 train_fc=1.210931e-03 train_decoder_tail=0.000000e+00
I 07.01/20:31:03 train_mapper.py:622 ] epoch=0299 train_loss=3.246012e-03 train_mse=2.239110e-03 train_cos=0.998260 train_nmse=-24.573dB train_rec=0.000000e+00 train_recT=5.289104e-07 train_fc=1.184967e-03 train_decoder_tail=0.000000e+00
I 07.01/20:32:06 train_mapper.py:622 ] epoch=0300 train_loss=3.278608e-03 train_mse=2.265339e-03 train_cos=0.998238 train_nmse=-24.523dB train_rec=0.000000e+00 train_recT=5.393883e-07 train_fc=1.197742e-03 train_decoder_tail=0.000000e+00
I 07.01/20:33:06 train_mapper.py:622 ] epoch=0301 train_loss=3.288977e-03 train_mse=2.272112e-03 train_cos=0.998231 train_nmse=-24.510dB train_rec=0.000000e+00 train_recT=5.435374e-07 train_fc=1.203475e-03 train_decoder_tail=0.000000e+00
I 07.01/20:34:09 train_mapper.py:622 ] epoch=0302 train_loss=3.279520e-03 train_mse=2.268338e-03 train_cos=0.998237 train_nmse=-24.517dB train_rec=0.000000e+00 train_recT=5.406019e-07 train_fc=1.200528e-03 train_decoder_tail=0.000000e+00
I 07.01/20:35:11 train_mapper.py:622 ] epoch=0303 train_loss=3.246716e-03 train_mse=2.243145e-03 train_cos=0.998256 train_nmse=-24.565dB train_rec=0.000000e+00 train_recT=5.325454e-07 train_fc=1.188577e-03 train_decoder_tail=0.000000e+00
I 07.01/20:36:11 train_mapper.py:622 ] epoch=0304 train_loss=3.267987e-03 train_mse=2.260967e-03 train_cos=0.998242 train_nmse=-24.531dB train_rec=0.000000e+00 train_recT=5.393484e-07 train_fc=1.197796e-03 train_decoder_tail=0.000000e+00
I 07.01/20:37:14 train_mapper.py:622 ] epoch=0305 train_loss=3.237355e-03 train_mse=2.236756e-03 train_cos=0.998262 train_nmse=-24.578dB train_rec=0.000000e+00 train_recT=5.329679e-07 train_fc=1.185806e-03 train_decoder_tail=0.000000e+00
I 07.01/20:38:18 train_mapper.py:622 ] epoch=0306 train_loss=3.230509e-03 train_mse=2.233284e-03 train_cos=0.998265 train_nmse=-24.584dB train_rec=0.000000e+00 train_recT=5.307840e-07 train_fc=1.183792e-03 train_decoder_tail=0.000000e+00
I 07.01/20:39:23 train_mapper.py:622 ] epoch=0307 train_loss=3.373311e-03 train_mse=2.342669e-03 train_cos=0.998170 train_nmse=-24.378dB train_rec=0.000000e+00 train_recT=5.671337e-07 train_fc=1.242940e-03 train_decoder_tail=0.000000e+00
I 07.01/20:40:25 train_mapper.py:622 ] epoch=0308 train_loss=3.233489e-03 train_mse=2.237486e-03 train_cos=0.998266 train_nmse=-24.576dB train_rec=0.000000e+00 train_recT=5.328730e-07 train_fc=1.187806e-03 train_decoder_tail=0.000000e+00
I 07.01/20:41:27 train_mapper.py:622 ] epoch=0309 train_loss=3.182744e-03 train_mse=2.197458e-03 train_cos=0.998293 train_nmse=-24.655dB train_rec=0.000000e+00 train_recT=5.185157e-07 train_fc=1.166854e-03 train_decoder_tail=0.000000e+00
I 07.01/20:42:30 train_mapper.py:622 ] epoch=0310 train_loss=3.186566e-03 train_mse=2.200599e-03 train_cos=0.998289 train_nmse=-24.648dB train_rec=0.000000e+00 train_recT=5.204422e-07 train_fc=1.166770e-03 train_decoder_tail=0.000000e+00
I 07.01/20:43:33 train_mapper.py:622 ] epoch=0311 train_loss=3.208935e-03 train_mse=2.219434e-03 train_cos=0.998272 train_nmse=-24.612dB train_rec=0.000000e+00 train_recT=5.300607e-07 train_fc=1.177331e-03 train_decoder_tail=0.000000e+00
I 07.01/20:44:35 train_mapper.py:622 ] epoch=0312 train_loss=3.213359e-03 train_mse=2.223026e-03 train_cos=0.998272 train_nmse=-24.605dB train_rec=0.000000e+00 train_recT=5.331149e-07 train_fc=1.180874e-03 train_decoder_tail=0.000000e+00
I 07.01/20:45:35 train_mapper.py:622 ] epoch=0313 train_loss=3.174240e-03 train_mse=2.194418e-03 train_cos=0.998296 train_nmse=-24.661dB train_rec=0.000000e+00 train_recT=5.209395e-07 train_fc=1.166357e-03 train_decoder_tail=0.000000e+00
I 07.01/20:46:39 train_mapper.py:622 ] epoch=0314 train_loss=3.182424e-03 train_mse=2.201896e-03 train_cos=0.998288 train_nmse=-24.646dB train_rec=0.000000e+00 train_recT=5.220311e-07 train_fc=1.170286e-03 train_decoder_tail=0.000000e+00
I 07.01/20:47:40 train_mapper.py:622 ] epoch=0315 train_loss=3.194299e-03 train_mse=2.210518e-03 train_cos=0.998282 train_nmse=-24.629dB train_rec=0.000000e+00 train_recT=5.273225e-07 train_fc=1.174729e-03 train_decoder_tail=0.000000e+00
I 07.01/20:48:43 train_mapper.py:622 ] epoch=0316 train_loss=3.164195e-03 train_mse=2.189774e-03 train_cos=0.998301 train_nmse=-24.670dB train_rec=0.000000e+00 train_recT=5.200898e-07 train_fc=1.164671e-03 train_decoder_tail=0.000000e+00
I 07.01/20:49:45 train_mapper.py:622 ] epoch=0317 train_loss=3.214905e-03 train_mse=2.228445e-03 train_cos=0.998265 train_nmse=-24.595dB train_rec=0.000000e+00 train_recT=5.323903e-07 train_fc=1.184786e-03 train_decoder_tail=0.000000e+00
I 07.01/20:50:45 train_mapper.py:622 ] epoch=0318 train_loss=3.183836e-03 train_mse=2.206838e-03 train_cos=0.998286 train_nmse=-24.636dB train_rec=0.000000e+00 train_recT=5.279232e-07 train_fc=1.173987e-03 train_decoder_tail=0.000000e+00
I 07.01/20:51:47 train_mapper.py:622 ] epoch=0319 train_loss=3.183265e-03 train_mse=2.203889e-03 train_cos=0.998285 train_nmse=-24.644dB train_rec=0.000000e+00 train_recT=5.261096e-07 train_fc=1.174011e-03 train_decoder_tail=0.000000e+00
I 07.01/20:52:47 train_mapper.py:622 ] epoch=0320 train_loss=3.213384e-03 train_mse=2.231675e-03 train_cos=0.998265 train_nmse=-24.588dB train_rec=0.000000e+00 train_recT=5.375449e-07 train_fc=1.188066e-03 train_decoder_tail=0.000000e+00
I 07.01/20:53:50 train_mapper.py:622 ] epoch=0321 train_loss=3.110849e-03 train_mse=2.150591e-03 train_cos=0.998333 train_nmse=-24.748dB train_rec=0.000000e+00 train_recT=5.114197e-07 train_fc=1.145554e-03 train_decoder_tail=0.000000e+00
I 07.01/20:54:55 train_mapper.py:622 ] epoch=0322 train_loss=3.106024e-03 train_mse=2.147014e-03 train_cos=0.998332 train_nmse=-24.756dB train_rec=0.000000e+00 train_recT=5.104553e-07 train_fc=1.143548e-03 train_decoder_tail=0.000000e+00
I 07.01/20:55:59 train_mapper.py:622 ] epoch=0323 train_loss=3.289070e-02 train_mse=2.375972e-02 train_cos=0.981678 train_nmse=-22.580dB train_rec=0.000000e+00 train_recT=1.431418e-05 train_fc=1.464707e-02 train_decoder_tail=0.000000e+00
I 07.01/20:57:05 train_mapper.py:622 ] epoch=0324 train_loss=8.690268e-02 train_mse=6.791585e-02 train_cos=0.946080 train_nmse=-11.201dB train_rec=0.000000e+00 train_recT=3.620076e-05 train_fc=3.687964e-02 train_decoder_tail=0.000000e+00
I 07.01/20:58:06 train_mapper.py:622 ] epoch=0325 train_loss=2.218821e-02 train_mse=1.707333e-02 train_cos=0.987308 train_nmse=-15.768dB train_rec=0.000000e+00 train_recT=4.936394e-06 train_fc=9.462328e-03 train_decoder_tail=0.000000e+00
I 07.01/20:59:07 train_mapper.py:622 ] epoch=0326 train_loss=1.728315e-02 train_mse=1.326555e-02 train_cos=0.990077 train_nmse=-16.850dB train_rec=0.000000e+00 train_recT=3.616984e-06 train_fc=7.409457e-03 train_decoder_tail=0.000000e+00
I 07.01/21:00:09 train_mapper.py:622 ] epoch=0327 train_loss=1.476947e-02 train_mse=1.132876e-02 train_cos=0.991487 train_nmse=-17.534dB train_rec=0.000000e+00 train_recT=3.017412e-06 train_fc=6.333800e-03 train_decoder_tail=0.000000e+00
I 07.01/21:01:11 train_mapper.py:622 ] epoch=0328 train_loss=1.306367e-02 train_mse=1.001810e-02 train_cos=0.992444 train_nmse=-18.067dB train_rec=0.000000e+00 train_recT=2.629240e-06 train_fc=5.591613e-03 train_decoder_tail=0.000000e+00
I 07.01/21:02:13 train_mapper.py:622 ] epoch=0329 train_loss=1.179868e-02 train_mse=9.045979e-03 train_cos=0.993156 train_nmse=-18.510dB train_rec=0.000000e+00 train_recT=2.356519e-06 train_fc=5.037340e-03 train_decoder_tail=0.000000e+00
I 07.01/21:03:15 train_mapper.py:622 ] epoch=0330 train_loss=1.080153e-02 train_mse=8.278211e-03 train_cos=0.993720 train_nmse=-18.895dB train_rec=0.000000e+00 train_recT=2.141874e-06 train_fc=4.595962e-03 train_decoder_tail=0.000000e+00
I 07.01/21:04:18 train_mapper.py:622 ] epoch=0331 train_loss=9.996312e-03 train_mse=7.656658e-03 train_cos=0.994178 train_nmse=-19.233dB train_rec=0.000000e+00 train_recT=1.973972e-06 train_fc=4.237605e-03 train_decoder_tail=0.000000e+00
I 07.01/21:05:20 train_mapper.py:622 ] epoch=0332 train_loss=9.315251e-03 train_mse=7.129099e-03 train_cos=0.994568 train_nmse=-19.543dB train_rec=0.000000e+00 train_recT=1.828913e-06 train_fc=3.931979e-03 train_decoder_tail=0.000000e+00
I 07.01/21:06:20 train_mapper.py:622 ] epoch=0333 train_loss=8.746914e-03 train_mse=6.687431e-03 train_cos=0.994895 train_nmse=-19.821dB train_rec=0.000000e+00 train_recT=1.710587e-06 train_fc=3.677457e-03 train_decoder_tail=0.000000e+00
I 07.01/21:07:22 train_mapper.py:622 ] epoch=0334 train_loss=8.253744e-03 train_mse=6.302782e-03 train_cos=0.995181 train_nmse=-20.079dB train_rec=0.000000e+00 train_recT=1.608413e-06 train_fc=3.454127e-03 train_decoder_tail=0.000000e+00
I 07.01/21:08:21 train_mapper.py:622 ] epoch=0335 train_loss=7.823887e-03 train_mse=5.966901e-03 train_cos=0.995431 train_nmse=-20.316dB train_rec=0.000000e+00 train_recT=1.519707e-06 train_fc=3.260327e-03 train_decoder_tail=0.000000e+00
I 07.01/21:09:23 train_mapper.py:622 ] epoch=0336 train_loss=7.451433e-03 train_mse=5.675574e-03 train_cos=0.995647 train_nmse=-20.534dB train_rec=0.000000e+00 train_recT=1.439591e-06 train_fc=3.093048e-03 train_decoder_tail=0.000000e+00
I 07.01/21:10:25 train_mapper.py:622 ] epoch=0337 train_loss=7.121154e-03 train_mse=5.415908e-03 train_cos=0.995842 train_nmse=-20.737dB train_rec=0.000000e+00 train_recT=1.372146e-06 train_fc=2.943739e-03 train_decoder_tail=0.000000e+00
I 07.01/21:11:26 train_mapper.py:622 ] epoch=0338 train_loss=6.818812e-03 train_mse=5.177974e-03 train_cos=0.996020 train_nmse=-20.932dB train_rec=0.000000e+00 train_recT=1.308023e-06 train_fc=2.805490e-03 train_decoder_tail=0.000000e+00
I 07.01/21:12:32 train_mapper.py:622 ] epoch=0339 train_loss=6.550459e-03 train_mse=4.966624e-03 train_cos=0.996177 train_nmse=-21.113dB train_rec=0.000000e+00 train_recT=1.251139e-06 train_fc=2.686443e-03 train_decoder_tail=0.000000e+00
I 07.01/21:13:34 train_mapper.py:622 ] epoch=0340 train_loss=6.316686e-03 train_mse=4.781598e-03 train_cos=0.996315 train_nmse=-21.278dB train_rec=0.000000e+00 train_recT=1.202323e-06 train_fc=2.579440e-03 train_decoder_tail=0.000000e+00
I 07.01/21:14:36 train_mapper.py:622 ] epoch=0341 train_loss=6.098282e-03 train_mse=4.609769e-03 train_cos=0.996444 train_nmse=-21.437dB train_rec=0.000000e+00 train_recT=1.157094e-06 train_fc=2.481479e-03 train_decoder_tail=0.000000e+00
I 07.01/21:15:42 train_mapper.py:622 ] epoch=0342 train_loss=5.918360e-03 train_mse=4.466298e-03 train_cos=0.996550 train_nmse=-21.574dB train_rec=0.000000e+00 train_recT=1.120485e-06 train_fc=2.399725e-03 train_decoder_tail=0.000000e+00
I 07.01/21:16:49 train_mapper.py:622 ] epoch=0343 train_loss=5.745014e-03 train_mse=4.328564e-03 train_cos=0.996652 train_nmse=-21.710dB train_rec=0.000000e+00 train_recT=1.081308e-06 train_fc=2.322429e-03 train_decoder_tail=0.000000e+00
I 07.01/21:17:51 train_mapper.py:622 ] epoch=0344 train_loss=5.587847e-03 train_mse=4.203101e-03 train_cos=0.996745 train_nmse=-21.838dB train_rec=0.000000e+00 train_recT=1.049805e-06 train_fc=2.251203e-03 train_decoder_tail=0.000000e+00
I 07.01/21:18:53 train_mapper.py:622 ] epoch=0345 train_loss=5.435972e-03 train_mse=4.081306e-03 train_cos=0.996837 train_nmse=-21.966dB train_rec=0.000000e+00 train_recT=1.017897e-06 train_fc=2.181613e-03 train_decoder_tail=0.000000e+00
I 07.01/21:19:57 train_mapper.py:622 ] epoch=0346 train_loss=5.244341e-03 train_mse=3.931619e-03 train_cos=0.996953 train_nmse=-22.128dB train_rec=0.000000e+00 train_recT=9.743254e-07 train_fc=2.099322e-03 train_decoder_tail=0.000000e+00
I 07.01/21:21:03 train_mapper.py:622 ] epoch=0347 train_loss=5.111294e-03 train_mse=3.825638e-03 train_cos=0.997032 train_nmse=-22.247dB train_rec=0.000000e+00 train_recT=9.452716e-07 train_fc=2.040005e-03 train_decoder_tail=0.000000e+00
I 07.01/21:22:07 train_mapper.py:622 ] epoch=0348 train_loss=4.990317e-03 train_mse=3.728633e-03 train_cos=0.997105 train_nmse=-22.359dB train_rec=0.000000e+00 train_recT=9.203984e-07 train_fc=1.985666e-03 train_decoder_tail=0.000000e+00
I 07.01/21:23:06 train_mapper.py:622 ] epoch=0349 train_loss=4.887269e-03 train_mse=3.647087e-03 train_cos=0.997166 train_nmse=-22.454dB train_rec=0.000000e+00 train_recT=8.983686e-07 train_fc=1.940833e-03 train_decoder_tail=0.000000e+00
I 07.01/21:24:09 train_mapper.py:622 ] epoch=0350 train_loss=4.784354e-03 train_mse=3.564254e-03 train_cos=0.997228 train_nmse=-22.554dB train_rec=0.000000e+00 train_recT=8.767192e-07 train_fc=1.894487e-03 train_decoder_tail=0.000000e+00
I 07.01/21:25:12 train_mapper.py:622 ] epoch=0351 train_loss=4.672245e-03 train_mse=3.474616e-03 train_cos=0.997296 train_nmse=-22.665dB train_rec=0.000000e+00 train_recT=8.515238e-07 train_fc=1.844664e-03 train_decoder_tail=0.000000e+00
I 07.01/21:26:16 train_mapper.py:622 ] epoch=0352 train_loss=4.580368e-03 train_mse=3.401177e-03 train_cos=0.997352 train_nmse=-22.758dB train_rec=0.000000e+00 train_recT=8.320793e-07 train_fc=1.804729e-03 train_decoder_tail=0.000000e+00
I 07.01/21:27:19 train_mapper.py:622 ] epoch=0353 train_loss=4.527227e-03 train_mse=3.358556e-03 train_cos=0.997380 train_nmse=-22.813dB train_rec=0.000000e+00 train_recT=8.252102e-07 train_fc=1.783382e-03 train_decoder_tail=0.000000e+00
I 07.01/21:28:23 train_mapper.py:622 ] epoch=0354 train_loss=4.400586e-03 train_mse=3.256556e-03 train_cos=0.997462 train_nmse=-22.946dB train_rec=0.000000e+00 train_recT=7.924640e-07 train_fc=1.724847e-03 train_decoder_tail=0.000000e+00
I 07.01/21:29:26 train_mapper.py:622 ] epoch=0355 train_loss=4.355588e-03 train_mse=3.220486e-03 train_cos=0.997486 train_nmse=-22.995dB train_rec=0.000000e+00 train_recT=7.849491e-07 train_fc=1.708019e-03 train_decoder_tail=0.000000e+00
I 07.01/21:30:32 train_mapper.py:622 ] epoch=0356 train_loss=4.275157e-03 train_mse=3.155733e-03 train_cos=0.997536 train_nmse=-23.083dB train_rec=0.000000e+00 train_recT=7.680211e-07 train_fc=1.671110e-03 train_decoder_tail=0.000000e+00
I 07.01/21:31:33 train_mapper.py:622 ] epoch=0357 train_loss=4.211916e-03 train_mse=3.104957e-03 train_cos=0.997574 train_nmse=-23.153dB train_rec=0.000000e+00 train_recT=7.534925e-07 train_fc=1.643927e-03 train_decoder_tail=0.000000e+00
I 07.01/21:32:36 train_mapper.py:622 ] epoch=0358 train_loss=4.131282e-03 train_mse=3.040203e-03 train_cos=0.997624 train_nmse=-23.245dB train_rec=0.000000e+00 train_recT=7.343252e-07 train_fc=1.608033e-03 train_decoder_tail=0.000000e+00
I 07.01/21:33:38 train_mapper.py:622 ] epoch=0359 train_loss=4.164509e-03 train_mse=3.063152e-03 train_cos=0.997599 train_nmse=-23.213dB train_rec=0.000000e+00 train_recT=7.468453e-07 train_fc=1.624647e-03 train_decoder_tail=0.000000e+00
I 07.01/21:34:39 train_mapper.py:622 ] epoch=0360 train_loss=4.037838e-03 train_mse=2.963958e-03 train_cos=0.997681 train_nmse=-23.355dB train_rec=0.000000e+00 train_recT=7.159092e-07 train_fc=1.567211e-03 train_decoder_tail=0.000000e+00
I 07.01/21:35:41 train_mapper.py:622 ] epoch=0361 train_loss=3.959070e-03 train_mse=2.900932e-03 train_cos=0.997730 train_nmse=-23.449dB train_rec=0.000000e+00 train_recT=6.974967e-07 train_fc=1.532166e-03 train_decoder_tail=0.000000e+00
I 07.01/21:36:48 train_mapper.py:622 ] epoch=0362 train_loss=3.923789e-03 train_mse=2.872341e-03 train_cos=0.997750 train_nmse=-23.492dB train_rec=0.000000e+00 train_recT=6.887204e-07 train_fc=1.518477e-03 train_decoder_tail=0.000000e+00
I 07.01/21:37:49 train_mapper.py:622 ] epoch=0363 train_loss=4.060141e-03 train_mse=2.961859e-03 train_cos=0.997666 train_nmse=-23.394dB train_rec=0.000000e+00 train_recT=7.758452e-07 train_fc=1.598290e-03 train_decoder_tail=0.000000e+00
I 07.01/21:38:52 train_mapper.py:622 ] epoch=0364 train_loss=4.626180e-03 train_mse=3.402511e-03 train_cos=0.997300 train_nmse=-22.770dB train_rec=0.000000e+00 train_recT=8.754936e-07 train_fc=1.807194e-03 train_decoder_tail=0.000000e+00
I 07.01/21:39:56 train_mapper.py:622 ] epoch=0365 train_loss=3.890583e-03 train_mse=2.839060e-03 train_cos=0.997775 train_nmse=-23.543dB train_rec=0.000000e+00 train_recT=6.829340e-07 train_fc=1.500778e-03 train_decoder_tail=0.000000e+00
I 07.01/21:40:57 train_mapper.py:622 ] epoch=0366 train_loss=3.711229e-03 train_mse=2.698310e-03 train_cos=0.997888 train_nmse=-23.763dB train_rec=0.000000e+00 train_recT=6.401428e-07 train_fc=1.422961e-03 train_decoder_tail=0.000000e+00
I 07.01/21:42:02 train_mapper.py:622 ] epoch=0367 train_loss=3.674121e-03 train_mse=2.669034e-03 train_cos=0.997908 train_nmse=-23.811dB train_rec=0.000000e+00 train_recT=6.311511e-07 train_fc=1.408846e-03 train_decoder_tail=0.000000e+00
I 07.01/21:43:25 train_mapper.py:622 ] epoch=0368 train_loss=3.628328e-03 train_mse=2.631878e-03 train_cos=0.997938 train_nmse=-23.871dB train_rec=0.000000e+00 train_recT=6.227210e-07 train_fc=1.387995e-03 train_decoder_tail=0.000000e+00
I 07.01/21:44:43 train_mapper.py:622 ] epoch=0369 train_loss=3.606032e-03 train_mse=2.614370e-03 train_cos=0.997950 train_nmse=-23.900dB train_rec=0.000000e+00 train_recT=6.173493e-07 train_fc=1.379663e-03 train_decoder_tail=0.000000e+00
I 07.01/21:45:49 train_mapper.py:622 ] epoch=0370 train_loss=3.590729e-03 train_mse=2.601809e-03 train_cos=0.997959 train_nmse=-23.921dB train_rec=0.000000e+00 train_recT=6.151389e-07 train_fc=1.374083e-03 train_decoder_tail=0.000000e+00
I 07.01/21:47:00 train_mapper.py:622 ] epoch=0371 train_loss=3.567113e-03 train_mse=2.581838e-03 train_cos=0.997976 train_nmse=-23.955dB train_rec=0.000000e+00 train_recT=6.112923e-07 train_fc=1.364119e-03 train_decoder_tail=0.000000e+00
I 07.01/21:48:05 train_mapper.py:622 ] epoch=0372 train_loss=3.693250e-03 train_mse=2.675970e-03 train_cos=0.997893 train_nmse=-23.801dB train_rec=0.000000e+00 train_recT=6.331587e-07 train_fc=1.425220e-03 train_decoder_tail=0.000000e+00
I 07.01/21:49:08 train_mapper.py:622 ] epoch=0373 train_loss=3.541624e-03 train_mse=2.560127e-03 train_cos=0.997996 train_nmse=-23.992dB train_rec=0.000000e+00 train_recT=6.054923e-07 train_fc=1.355097e-03 train_decoder_tail=0.000000e+00
I 07.01/21:50:11 train_mapper.py:622 ] epoch=0374 train_loss=3.513492e-03 train_mse=2.537525e-03 train_cos=0.998013 train_nmse=-24.030dB train_rec=0.000000e+00 train_recT=6.017881e-07 train_fc=1.343284e-03 train_decoder_tail=0.000000e+00
I 07.01/21:51:21 train_mapper.py:622 ] epoch=0375 train_loss=3.669842e-03 train_mse=2.651860e-03 train_cos=0.997913 train_nmse=-23.845dB train_rec=0.000000e+00 train_recT=6.410007e-07 train_fc=1.410926e-03 train_decoder_tail=0.000000e+00
I 07.01/21:52:34 train_mapper.py:622 ] epoch=0376 train_loss=3.524432e-03 train_mse=2.544839e-03 train_cos=0.998010 train_nmse=-24.017dB train_rec=0.000000e+00 train_recT=6.056243e-07 train_fc=1.350014e-03 train_decoder_tail=0.000000e+00
I 07.01/21:53:47 train_mapper.py:622 ] epoch=0377 train_loss=3.475676e-03 train_mse=2.506144e-03 train_cos=0.998039 train_nmse=-24.084dB train_rec=0.000000e+00 train_recT=5.926684e-07 train_fc=1.329656e-03 train_decoder_tail=0.000000e+00
I 07.01/21:55:05 train_mapper.py:622 ] epoch=0378 train_loss=3.477325e-03 train_mse=2.506639e-03 train_cos=0.998038 train_nmse=-24.083dB train_rec=0.000000e+00 train_recT=5.937970e-07 train_fc=1.329651e-03 train_decoder_tail=0.000000e+00
I 07.01/21:56:27 train_mapper.py:622 ] epoch=0379 train_loss=3.469121e-03 train_mse=2.500027e-03 train_cos=0.998044 train_nmse=-24.095dB train_rec=0.000000e+00 train_recT=5.940434e-07 train_fc=1.327561e-03 train_decoder_tail=0.000000e+00
I 07.01/21:57:52 train_mapper.py:622 ] epoch=0380 train_loss=3.659179e-03 train_mse=2.642693e-03 train_cos=0.997922 train_nmse=-23.860dB train_rec=0.000000e+00 train_recT=6.378800e-07 train_fc=1.410728e-03 train_decoder_tail=0.000000e+00
I 07.01/21:59:24 train_mapper.py:622 ] epoch=0381 train_loss=3.480731e-03 train_mse=2.508350e-03 train_cos=0.998041 train_nmse=-24.080dB train_rec=0.000000e+00 train_recT=5.956104e-07 train_fc=1.335494e-03 train_decoder_tail=0.000000e+00
I 07.01/22:00:49 train_mapper.py:622 ] epoch=0382 train_loss=3.451128e-03 train_mse=2.483905e-03 train_cos=0.998059 train_nmse=-24.123dB train_rec=0.000000e+00 train_recT=5.887428e-07 train_fc=1.321334e-03 train_decoder_tail=0.000000e+00
I 07.01/22:02:23 train_mapper.py:622 ] epoch=0383 train_loss=3.416140e-03 train_mse=2.456545e-03 train_cos=0.998082 train_nmse=-24.171dB train_rec=0.000000e+00 train_recT=5.808152e-07 train_fc=1.305519e-03 train_decoder_tail=0.000000e+00
I 07.01/22:03:52 train_mapper.py:622 ] epoch=0384 train_loss=3.503951e-03 train_mse=2.518420e-03 train_cos=0.998025 train_nmse=-24.072dB train_rec=0.000000e+00 train_recT=6.071716e-07 train_fc=1.347436e-03 train_decoder_tail=0.000000e+00
I 07.01/22:05:22 train_mapper.py:622 ] epoch=0385 train_loss=3.581252e-03 train_mse=2.585426e-03 train_cos=0.997977 train_nmse=-23.952dB train_rec=0.000000e+00 train_recT=6.280453e-07 train_fc=1.379765e-03 train_decoder_tail=0.000000e+00
I 07.01/22:06:49 train_mapper.py:622 ] epoch=0386 train_loss=3.396225e-03 train_mse=2.439878e-03 train_cos=0.998097 train_nmse=-24.200dB train_rec=0.000000e+00 train_recT=5.759685e-07 train_fc=1.298409e-03 train_decoder_tail=0.000000e+00
I 07.01/22:08:14 train_mapper.py:622 ] epoch=0387 train_loss=3.383780e-03 train_mse=2.430337e-03 train_cos=0.998102 train_nmse=-24.217dB train_rec=0.000000e+00 train_recT=5.744319e-07 train_fc=1.292768e-03 train_decoder_tail=0.000000e+00
I 07.01/22:09:37 train_mapper.py:622 ] epoch=0388 train_loss=3.381705e-03 train_mse=2.428705e-03 train_cos=0.998102 train_nmse=-24.220dB train_rec=0.000000e+00 train_recT=5.727635e-07 train_fc=1.293241e-03 train_decoder_tail=0.000000e+00
I 07.01/22:11:02 train_mapper.py:622 ] epoch=0389 train_loss=3.378398e-03 train_mse=2.426281e-03 train_cos=0.998104 train_nmse=-24.225dB train_rec=0.000000e+00 train_recT=5.729343e-07 train_fc=1.292076e-03 train_decoder_tail=0.000000e+00
I 07.01/22:12:26 train_mapper.py:622 ] epoch=0390 train_loss=3.435566e-03 train_mse=2.465699e-03 train_cos=0.998070 train_nmse=-24.164dB train_rec=0.000000e+00 train_recT=5.865395e-07 train_fc=1.320397e-03 train_decoder_tail=0.000000e+00
I 07.01/22:13:50 train_mapper.py:622 ] epoch=0391 train_loss=9.475973e-03 train_mse=7.146318e-03 train_cos=0.994351 train_nmse=-19.980dB train_rec=0.000000e+00 train_recT=2.323074e-06 train_fc=4.155963e-03 train_decoder_tail=0.000000e+00
I 07.01/22:15:13 train_mapper.py:622 ] epoch=0392 train_loss=4.432910e-03 train_mse=3.262835e-03 train_cos=0.997505 train_nmse=-22.942dB train_rec=0.000000e+00 train_recT=8.080483e-07 train_fc=1.780632e-03 train_decoder_tail=0.000000e+00
I 07.01/22:16:34 train_mapper.py:622 ] epoch=0393 train_loss=3.644220e-03 train_mse=2.648131e-03 train_cos=0.997944 train_nmse=-23.844dB train_rec=0.000000e+00 train_recT=6.326316e-07 train_fc=1.416000e-03 train_decoder_tail=0.000000e+00
I 07.01/22:17:47 train_mapper.py:622 ] epoch=0394 train_loss=3.371260e-03 train_mse=2.429449e-03 train_cos=0.998102 train_nmse=-24.218dB train_rec=0.000000e+00 train_recT=5.718724e-07 train_fc=1.289235e-03 train_decoder_tail=0.000000e+00
I 07.01/22:18:54 train_mapper.py:622 ] epoch=0395 train_loss=3.243932e-03 train_mse=2.326348e-03 train_cos=0.998178 train_nmse=-24.407dB train_rec=0.000000e+00 train_recT=5.429869e-07 train_fc=1.230751e-03 train_decoder_tail=0.000000e+00
I 07.01/22:20:03 train_mapper.py:622 ] epoch=0396 train_loss=3.179952e-03 train_mse=2.274471e-03 train_cos=0.998216 train_nmse=-24.505dB train_rec=0.000000e+00 train_recT=5.286688e-07 train_fc=1.202351e-03 train_decoder_tail=0.000000e+00
I 07.01/22:21:16 train_mapper.py:622 ] epoch=0397 train_loss=3.146745e-03 train_mse=2.247150e-03 train_cos=0.998238 train_nmse=-24.558dB train_rec=0.000000e+00 train_recT=5.214632e-07 train_fc=1.187240e-03 train_decoder_tail=0.000000e+00
I 07.01/22:22:24 train_mapper.py:622 ] epoch=0398 train_loss=3.133527e-03 train_mse=2.235796e-03 train_cos=0.998247 train_nmse=-24.580dB train_rec=0.000000e+00 train_recT=5.197957e-07 train_fc=1.181249e-03 train_decoder_tail=0.000000e+00
I 07.01/22:23:33 train_mapper.py:622 ] epoch=0399 train_loss=3.143980e-03 train_mse=2.243595e-03 train_cos=0.998243 train_nmse=-24.565dB train_rec=0.000000e+00 train_recT=5.223725e-07 train_fc=1.186915e-03 train_decoder_tail=0.000000e+00
I 07.01/22:24:41 train_mapper.py:622 ] epoch=0400 train_loss=3.174532e-03 train_mse=2.266908e-03 train_cos=0.998228 train_nmse=-24.520dB train_rec=0.000000e+00 train_recT=5.285101e-07 train_fc=1.201663e-03 train_decoder_tail=0.000000e+00
I 07.01/22:29:20 train_mapper.py:738 ] best_loss_epoch=322 best_loss_selection=train_loss best_loss_metric=3.106024e-03 best_loss_mse=2.147014e-03 best_loss_loss=3.106024e-03
I 07.01/22:29:20 train_mapper.py:743 ] best_mse_epoch=322 best_mse_selection=train_mse best_mse_metric=2.147014e-03 best_mse_mse=2.147014e-03 best_mse_loss=3.106024e-03
I 07.01/22:29:20 train_mapper.py:749 ] all_best_loss_mse=2.106973e-03 all_best_loss_cos=0.998367 all_best_loss_nmse=-24.837dB
I 07.01/22:29:20 train_mapper.py:753 ] all_best_mse_mse=2.106973e-03 all_best_mse_cos=0.998367 all_best_mse_nmse=-24.837dB
