I 07.01/14:50:32 train_mapper.py:431 ] => Experiment directory: mapper/exps_combined_losses/hybrid/smooth_tail_white_recT_fc/seed2026_transnet_transnet_to_seed42_transnet_lr5e-4_ep400
I 07.01/14:50:32 train_mapper.py:432 ] => Checkpoint directory: mapper/exps_combined_losses/hybrid/smooth_tail_white_recT_fc/seed2026_transnet_transnet_to_seed42_transnet_lr5e-4_ep400/checkpoints
I 07.01/14:50:32 train_mapper.py:433 ] => Codeword directory: mapper/exps_combined_losses/hybrid/smooth_tail_white_recT_fc/seed2026_transnet_transnet_to_seed42_transnet_lr5e-4_ep400/codewords
I 07.01/14:50:32 train_mapper.py:434 ] => TensorBoard directory: mapper/exps_combined_losses/hybrid/smooth_tail_white_recT_fc/seed2026_transnet_transnet_to_seed42_transnet_lr5e-4_ep400/tensorboard
I 07.01/14:52:21 train_mapper.py:519 ] => Loaded fixed decoder from exps/COST2100/in/seed42/transnet_transnet/checkpoints/best_nmse.pth
I 07.01/14:52:21 train_mapper.py:524 ] device=cuda
I 07.01/14:52:21 train_mapper.py:525 ] mapper=hybrid, params=23108608
I 07.01/14:52:21 train_mapper.py:527 ] train=100000, val=0, code_dim=512
I 07.01/14:52:21 train_mapper.py:529 ] val_ratio<=0: skip per-epoch validation; select best checkpoint by train loss
I 07.01/14:52:21 train_mapper.py:531 ] loss=mse + smoothl1*0.5 + sample_tail*0.1 + dim_tail*0.05 + whiten*0.0001 + rec*0.0 + recT*1.0 + fc*0.01 + decoder_tail*0.0 + cos*0.0 + cov*0.0
I 07.01/14:53:54 train_mapper.py:622 ] epoch=0001 train_loss=6.029935e-01 train_mse=3.232850e-01 train_cos=0.832460 train_nmse=-3.899dB train_rec=0.000000e+00 train_recT=1.889090e-03 train_fc=3.132663e-01 train_decoder_tail=0.000000e+00
I 07.01/14:55:17 train_mapper.py:622 ] epoch=0002 train_loss=2.272244e-01 train_mse=9.541110e-02 train_cos=0.963626 train_nmse=-8.328dB train_rec=0.000000e+00 train_recT=1.600751e-04 train_fc=8.624010e-02 train_decoder_tail=0.000000e+00
I 07.01/14:56:38 train_mapper.py:622 ] epoch=0003 train_loss=1.651911e-01 train_mse=6.328237e-02 train_cos=0.976477 train_nmse=-10.073dB train_rec=0.000000e+00 train_recT=1.006535e-04 train_fc=6.182720e-02 train_decoder_tail=0.000000e+00
I 07.01/14:58:06 train_mapper.py:622 ] epoch=0004 train_loss=1.364561e-01 train_mse=4.950076e-02 train_cos=0.980195 train_nmse=-11.133dB train_rec=0.000000e+00 train_recT=6.662730e-05 train_fc=4.876269e-02 train_decoder_tail=0.000000e+00
I 07.01/14:59:29 train_mapper.py:622 ] epoch=0005 train_loss=1.195140e-01 train_mse=4.175018e-02 train_cos=0.982093 train_nmse=-11.870dB train_rec=0.000000e+00 train_recT=4.631968e-05 train_fc=4.049327e-02 train_decoder_tail=0.000000e+00
I 07.01/15:00:50 train_mapper.py:622 ] epoch=0006 train_loss=1.091086e-01 train_mse=3.716186e-02 train_cos=0.983429 train_nmse=-12.374dB train_rec=0.000000e+00 train_recT=3.474260e-05 train_fc=3.544535e-02 train_decoder_tail=0.000000e+00
I 07.01/15:02:09 train_mapper.py:622 ] epoch=0007 train_loss=1.028307e-01 train_mse=3.447030e-02 train_cos=0.984402 train_nmse=-12.700dB train_rec=0.000000e+00 train_recT=2.816316e-05 train_fc=3.253155e-02 train_decoder_tail=0.000000e+00
I 07.01/15:03:29 train_mapper.py:622 ] epoch=0008 train_loss=9.816642e-02 train_mse=3.250956e-02 train_cos=0.985343 train_nmse=-12.955dB train_rec=0.000000e+00 train_recT=2.428962e-05 train_fc=3.067101e-02 train_decoder_tail=0.000000e+00
I 07.01/15:04:48 train_mapper.py:622 ] epoch=0009 train_loss=9.467058e-02 train_mse=3.105070e-02 train_cos=0.986099 train_nmse=-13.154dB train_rec=0.000000e+00 train_recT=2.182253e-05 train_fc=2.947537e-02 train_decoder_tail=0.000000e+00
I 07.01/15:06:05 train_mapper.py:622 ] epoch=0010 train_loss=9.155788e-02 train_mse=2.975393e-02 train_cos=0.986776 train_nmse=-13.339dB train_rec=0.000000e+00 train_recT=2.011159e-05 train_fc=2.852755e-02 train_decoder_tail=0.000000e+00
I 07.01/15:07:22 train_mapper.py:622 ] epoch=0011 train_loss=8.866725e-02 train_mse=2.854986e-02 train_cos=0.987363 train_nmse=-13.519dB train_rec=0.000000e+00 train_recT=1.864533e-05 train_fc=2.764511e-02 train_decoder_tail=0.000000e+00
I 07.01/15:08:34 train_mapper.py:622 ] epoch=0012 train_loss=8.579978e-02 train_mse=2.736433e-02 train_cos=0.987887 train_nmse=-13.703dB train_rec=0.000000e+00 train_recT=1.734677e-05 train_fc=2.676768e-02 train_decoder_tail=0.000000e+00
I 07.01/15:09:47 train_mapper.py:622 ] epoch=0013 train_loss=8.298262e-02 train_mse=2.620190e-02 train_cos=0.988309 train_nmse=-13.891dB train_rec=0.000000e+00 train_recT=1.599204e-05 train_fc=2.582396e-02 train_decoder_tail=0.000000e+00
I 07.01/15:11:06 train_mapper.py:622 ] epoch=0014 train_loss=7.994281e-02 train_mse=2.497065e-02 train_cos=0.988656 train_nmse=-14.101dB train_rec=0.000000e+00 train_recT=1.439160e-05 train_fc=2.456584e-02 train_decoder_tail=0.000000e+00
I 07.01/15:12:17 train_mapper.py:622 ] epoch=0015 train_loss=7.647182e-02 train_mse=2.360849e-02 train_cos=0.988813 train_nmse=-14.345dB train_rec=0.000000e+00 train_recT=1.238007e-05 train_fc=2.274331e-02 train_decoder_tail=0.000000e+00
I 07.01/15:13:27 train_mapper.py:622 ] epoch=0016 train_loss=7.185716e-02 train_mse=2.189915e-02 train_cos=0.988724 train_nmse=-14.671dB train_rec=0.000000e+00 train_recT=9.789043e-06 train_fc=1.965942e-02 train_decoder_tail=0.000000e+00
I 07.01/15:14:38 train_mapper.py:622 ] epoch=0017 train_loss=6.618130e-02 train_mse=1.978482e-02 train_cos=0.988823 train_nmse=-15.113dB train_rec=0.000000e+00 train_recT=7.660864e-06 train_fc=1.602798e-02 train_decoder_tail=0.000000e+00
I 07.01/15:15:48 train_mapper.py:622 ] epoch=0018 train_loss=6.060198e-02 train_mse=1.766720e-02 train_cos=0.989362 train_nmse=-15.604dB train_rec=0.000000e+00 train_recT=6.360449e-06 train_fc=1.311899e-02 train_decoder_tail=0.000000e+00
I 07.01/15:16:57 train_mapper.py:622 ] epoch=0019 train_loss=5.650015e-02 train_mse=1.611626e-02 train_cos=0.989809 train_nmse=-16.003dB train_rec=0.000000e+00 train_recT=5.549849e-06 train_fc=1.113918e-02 train_decoder_tail=0.000000e+00
I 07.01/15:18:03 train_mapper.py:622 ] epoch=0020 train_loss=5.316658e-02 train_mse=1.488065e-02 train_cos=0.990250 train_nmse=-16.349dB train_rec=0.000000e+00 train_recT=4.918446e-06 train_fc=9.765867e-03 train_decoder_tail=0.000000e+00
I 07.01/15:19:10 train_mapper.py:622 ] epoch=0021 train_loss=5.054516e-02 train_mse=1.392346e-02 train_cos=0.990640 train_nmse=-16.637dB train_rec=0.000000e+00 train_recT=4.453047e-06 train_fc=8.794469e-03 train_decoder_tail=0.000000e+00
I 07.01/15:20:16 train_mapper.py:622 ] epoch=0022 train_loss=4.857488e-02 train_mse=1.320625e-02 train_cos=0.990931 train_nmse=-16.867dB train_rec=0.000000e+00 train_recT=4.121560e-06 train_fc=8.097986e-03 train_decoder_tail=0.000000e+00
I 07.01/15:21:24 train_mapper.py:622 ] epoch=0023 train_loss=4.662991e-02 train_mse=1.251974e-02 train_cos=0.991277 train_nmse=-17.099dB train_rec=0.000000e+00 train_recT=3.809865e-06 train_fc=7.492561e-03 train_decoder_tail=0.000000e+00
I 07.01/15:22:27 train_mapper.py:622 ] epoch=0024 train_loss=4.492057e-02 train_mse=1.192494e-02 train_cos=0.991586 train_nmse=-17.310dB train_rec=0.000000e+00 train_recT=3.562787e-06 train_fc=7.013902e-03 train_decoder_tail=0.000000e+00
I 07.01/15:23:37 train_mapper.py:622 ] epoch=0025 train_loss=4.351518e-02 train_mse=1.143807e-02 train_cos=0.991844 train_nmse=-17.491dB train_rec=0.000000e+00 train_recT=3.354960e-06 train_fc=6.622046e-03 train_decoder_tail=0.000000e+00
I 07.01/15:24:52 train_mapper.py:622 ] epoch=0026 train_loss=4.230920e-02 train_mse=1.102437e-02 train_cos=0.992072 train_nmse=-17.652dB train_rec=0.000000e+00 train_recT=3.216215e-06 train_fc=6.310759e-03 train_decoder_tail=0.000000e+00
I 07.01/15:26:07 train_mapper.py:622 ] epoch=0027 train_loss=4.108449e-02 train_mse=1.061338e-02 train_cos=0.992310 train_nmse=-17.816dB train_rec=0.000000e+00 train_recT=3.017613e-06 train_fc=6.001196e-03 train_decoder_tail=0.000000e+00
I 07.01/15:27:20 train_mapper.py:622 ] epoch=0028 train_loss=4.006326e-02 train_mse=1.027111e-02 train_cos=0.992512 train_nmse=-17.958dB train_rec=0.000000e+00 train_recT=2.900881e-06 train_fc=5.755610e-03 train_decoder_tail=0.000000e+00
I 07.01/15:28:34 train_mapper.py:622 ] epoch=0029 train_loss=3.908033e-02 train_mse=9.946404e-03 train_cos=0.992704 train_nmse=-18.098dB train_rec=0.000000e+00 train_recT=2.769432e-06 train_fc=5.524236e-03 train_decoder_tail=0.000000e+00
I 07.01/15:29:51 train_mapper.py:622 ] epoch=0030 train_loss=3.818647e-02 train_mse=9.653412e-03 train_cos=0.992886 train_nmse=-18.228dB train_rec=0.000000e+00 train_recT=2.655142e-06 train_fc=5.322596e-03 train_decoder_tail=0.000000e+00
I 07.01/15:31:08 train_mapper.py:622 ] epoch=0031 train_loss=3.725085e-02 train_mse=9.353013e-03 train_cos=0.993078 train_nmse=-18.365dB train_rec=0.000000e+00 train_recT=2.556560e-06 train_fc=5.121128e-03 train_decoder_tail=0.000000e+00
I 07.01/15:32:23 train_mapper.py:622 ] epoch=0032 train_loss=3.657401e-02 train_mse=9.133596e-03 train_cos=0.993220 train_nmse=-18.468dB train_rec=0.000000e+00 train_recT=2.483696e-06 train_fc=4.974061e-03 train_decoder_tail=0.000000e+00
I 07.01/15:33:37 train_mapper.py:622 ] epoch=0033 train_loss=3.576720e-02 train_mse=8.877810e-03 train_cos=0.993385 train_nmse=-18.592dB train_rec=0.000000e+00 train_recT=2.399951e-06 train_fc=4.807327e-03 train_decoder_tail=0.000000e+00
I 07.01/15:34:53 train_mapper.py:622 ] epoch=0034 train_loss=3.504236e-02 train_mse=8.650937e-03 train_cos=0.993532 train_nmse=-18.704dB train_rec=0.000000e+00 train_recT=2.296775e-06 train_fc=4.662110e-03 train_decoder_tail=0.000000e+00
I 07.01/15:36:10 train_mapper.py:622 ] epoch=0035 train_loss=3.448088e-02 train_mse=8.471691e-03 train_cos=0.993652 train_nmse=-18.795dB train_rec=0.000000e+00 train_recT=2.285125e-06 train_fc=4.563366e-03 train_decoder_tail=0.000000e+00
I 07.01/15:37:23 train_mapper.py:622 ] epoch=0036 train_loss=3.372358e-02 train_mse=8.240732e-03 train_cos=0.993808 train_nmse=-18.915dB train_rec=0.000000e+00 train_recT=2.169226e-06 train_fc=4.407351e-03 train_decoder_tail=0.000000e+00
I 07.01/15:38:38 train_mapper.py:622 ] epoch=0037 train_loss=3.320523e-02 train_mse=8.080156e-03 train_cos=0.993918 train_nmse=-19.001dB train_rec=0.000000e+00 train_recT=2.124039e-06 train_fc=4.301169e-03 train_decoder_tail=0.000000e+00
I 07.01/15:39:52 train_mapper.py:622 ] epoch=0038 train_loss=3.249497e-02 train_mse=7.867530e-03 train_cos=0.994066 train_nmse=-19.116dB train_rec=0.000000e+00 train_recT=2.053857e-06 train_fc=4.173014e-03 train_decoder_tail=0.000000e+00
I 07.01/15:41:08 train_mapper.py:622 ] epoch=0039 train_loss=3.203982e-02 train_mse=7.727495e-03 train_cos=0.994160 train_nmse=-19.194dB train_rec=0.000000e+00 train_recT=2.009010e-06 train_fc=4.083952e-03 train_decoder_tail=0.000000e+00
I 07.01/15:42:23 train_mapper.py:622 ] epoch=0040 train_loss=3.149310e-02 train_mse=7.563530e-03 train_cos=0.994278 train_nmse=-19.288dB train_rec=0.000000e+00 train_recT=1.970967e-06 train_fc=3.994826e-03 train_decoder_tail=0.000000e+00
I 07.01/15:43:37 train_mapper.py:622 ] epoch=0041 train_loss=3.095539e-02 train_mse=7.405382e-03 train_cos=0.994392 train_nmse=-19.379dB train_rec=0.000000e+00 train_recT=1.905990e-06 train_fc=3.890671e-03 train_decoder_tail=0.000000e+00
I 07.01/15:44:53 train_mapper.py:622 ] epoch=0042 train_loss=3.056731e-02 train_mse=7.288213e-03 train_cos=0.994470 train_nmse=-19.448dB train_rec=0.000000e+00 train_recT=1.870089e-06 train_fc=3.820945e-03 train_decoder_tail=0.000000e+00
I 07.01/15:46:08 train_mapper.py:622 ] epoch=0043 train_loss=3.018601e-02 train_mse=7.174470e-03 train_cos=0.994549 train_nmse=-19.516dB train_rec=0.000000e+00 train_recT=1.832182e-06 train_fc=3.757433e-03 train_decoder_tail=0.000000e+00
I 07.01/15:47:22 train_mapper.py:622 ] epoch=0044 train_loss=2.966111e-02 train_mse=7.023230e-03 train_cos=0.994660 train_nmse=-19.610dB train_rec=0.000000e+00 train_recT=1.792231e-06 train_fc=3.664724e-03 train_decoder_tail=0.000000e+00
I 07.01/15:48:37 train_mapper.py:622 ] epoch=0045 train_loss=2.943523e-02 train_mse=6.952521e-03 train_cos=0.994708 train_nmse=-19.653dB train_rec=0.000000e+00 train_recT=1.776049e-06 train_fc=3.626037e-03 train_decoder_tail=0.000000e+00
I 07.01/15:49:50 train_mapper.py:622 ] epoch=0046 train_loss=2.890424e-02 train_mse=6.803320e-03 train_cos=0.994819 train_nmse=-19.747dB train_rec=0.000000e+00 train_recT=1.728061e-06 train_fc=3.542513e-03 train_decoder_tail=0.000000e+00
I 07.01/15:51:07 train_mapper.py:622 ] epoch=0047 train_loss=2.854028e-02 train_mse=6.697555e-03 train_cos=0.994895 train_nmse=-19.815dB train_rec=0.000000e+00 train_recT=1.706636e-06 train_fc=3.482593e-03 train_decoder_tail=0.000000e+00
I 07.01/15:52:21 train_mapper.py:622 ] epoch=0048 train_loss=2.814790e-02 train_mse=6.586019e-03 train_cos=0.994976 train_nmse=-19.889dB train_rec=0.000000e+00 train_recT=1.662262e-06 train_fc=3.411812e-03 train_decoder_tail=0.000000e+00
I 07.01/15:53:36 train_mapper.py:622 ] epoch=0049 train_loss=2.770788e-02 train_mse=6.462452e-03 train_cos=0.995067 train_nmse=-19.971dB train_rec=0.000000e+00 train_recT=1.626753e-06 train_fc=3.345958e-03 train_decoder_tail=0.000000e+00
I 07.01/15:54:52 train_mapper.py:622 ] epoch=0050 train_loss=2.735073e-02 train_mse=6.362787e-03 train_cos=0.995141 train_nmse=-20.038dB train_rec=0.000000e+00 train_recT=1.592547e-06 train_fc=3.288074e-03 train_decoder_tail=0.000000e+00
I 07.01/15:56:06 train_mapper.py:622 ] epoch=0051 train_loss=2.725434e-02 train_mse=6.330612e-03 train_cos=0.995163 train_nmse=-20.060dB train_rec=0.000000e+00 train_recT=1.599489e-06 train_fc=3.276456e-03 train_decoder_tail=0.000000e+00
I 07.01/15:57:16 train_mapper.py:622 ] epoch=0052 train_loss=2.674416e-02 train_mse=6.191788e-03 train_cos=0.995267 train_nmse=-20.156dB train_rec=0.000000e+00 train_recT=1.553096e-06 train_fc=3.194285e-03 train_decoder_tail=0.000000e+00
I 07.01/15:58:28 train_mapper.py:622 ] epoch=0053 train_loss=2.647511e-02 train_mse=6.115506e-03 train_cos=0.995320 train_nmse=-20.210dB train_rec=0.000000e+00 train_recT=1.515900e-06 train_fc=3.145923e-03 train_decoder_tail=0.000000e+00
I 07.01/15:59:41 train_mapper.py:622 ] epoch=0054 train_loss=2.618376e-02 train_mse=6.034407e-03 train_cos=0.995382 train_nmse=-20.268dB train_rec=0.000000e+00 train_recT=1.506159e-06 train_fc=3.104759e-03 train_decoder_tail=0.000000e+00
I 07.01/16:00:53 train_mapper.py:622 ] epoch=0055 train_loss=2.589903e-02 train_mse=5.955636e-03 train_cos=0.995442 train_nmse=-20.325dB train_rec=0.000000e+00 train_recT=1.483996e-06 train_fc=3.061588e-03 train_decoder_tail=0.000000e+00
I 07.01/16:02:04 train_mapper.py:622 ] epoch=0056 train_loss=2.560607e-02 train_mse=5.876088e-03 train_cos=0.995502 train_nmse=-20.384dB train_rec=0.000000e+00 train_recT=1.457422e-06 train_fc=3.012899e-03 train_decoder_tail=0.000000e+00
I 07.01/16:03:16 train_mapper.py:622 ] epoch=0057 train_loss=2.534567e-02 train_mse=5.804477e-03 train_cos=0.995556 train_nmse=-20.437dB train_rec=0.000000e+00 train_recT=1.440382e-06 train_fc=2.973410e-03 train_decoder_tail=0.000000e+00
I 07.01/16:04:27 train_mapper.py:622 ] epoch=0058 train_loss=2.510637e-02 train_mse=5.738727e-03 train_cos=0.995605 train_nmse=-20.486dB train_rec=0.000000e+00 train_recT=1.427121e-06 train_fc=2.939472e-03 train_decoder_tail=0.000000e+00
I 07.01/16:05:39 train_mapper.py:622 ] epoch=0059 train_loss=2.486044e-02 train_mse=5.671478e-03 train_cos=0.995655 train_nmse=-20.537dB train_rec=0.000000e+00 train_recT=1.405560e-06 train_fc=2.904930e-03 train_decoder_tail=0.000000e+00
I 07.01/16:06:56 train_mapper.py:622 ] epoch=0060 train_loss=2.459376e-02 train_mse=5.599368e-03 train_cos=0.995709 train_nmse=-20.593dB train_rec=0.000000e+00 train_recT=1.387575e-06 train_fc=2.862898e-03 train_decoder_tail=0.000000e+00
I 07.01/16:08:09 train_mapper.py:622 ] epoch=0061 train_loss=2.435820e-02 train_mse=5.535830e-03 train_cos=0.995756 train_nmse=-20.643dB train_rec=0.000000e+00 train_recT=1.365262e-06 train_fc=2.831045e-03 train_decoder_tail=0.000000e+00
I 07.01/16:09:23 train_mapper.py:622 ] epoch=0062 train_loss=2.418185e-02 train_mse=5.487851e-03 train_cos=0.995793 train_nmse=-20.680dB train_rec=0.000000e+00 train_recT=1.355791e-06 train_fc=2.804227e-03 train_decoder_tail=0.000000e+00
I 07.01/16:10:37 train_mapper.py:622 ] epoch=0063 train_loss=2.397158e-02 train_mse=5.429917e-03 train_cos=0.995834 train_nmse=-20.727dB train_rec=0.000000e+00 train_recT=1.342656e-06 train_fc=2.770995e-03 train_decoder_tail=0.000000e+00
I 07.01/16:11:50 train_mapper.py:622 ] epoch=0064 train_loss=2.373954e-02 train_mse=5.368442e-03 train_cos=0.995883 train_nmse=-20.776dB train_rec=0.000000e+00 train_recT=1.323108e-06 train_fc=2.737705e-03 train_decoder_tail=0.000000e+00
I 07.01/16:13:04 train_mapper.py:622 ] epoch=0065 train_loss=2.358119e-02 train_mse=5.324442e-03 train_cos=0.995915 train_nmse=-20.812dB train_rec=0.000000e+00 train_recT=1.313532e-06 train_fc=2.715008e-03 train_decoder_tail=0.000000e+00
I 07.01/16:14:18 train_mapper.py:622 ] epoch=0066 train_loss=2.327104e-02 train_mse=5.244212e-03 train_cos=0.995977 train_nmse=-20.878dB train_rec=0.000000e+00 train_recT=1.287442e-06 train_fc=2.672936e-03 train_decoder_tail=0.000000e+00
I 07.01/16:15:32 train_mapper.py:622 ] epoch=0067 train_loss=2.312142e-02 train_mse=5.203806e-03 train_cos=0.996008 train_nmse=-20.911dB train_rec=0.000000e+00 train_recT=1.270808e-06 train_fc=2.648651e-03 train_decoder_tail=0.000000e+00
I 07.01/16:16:47 train_mapper.py:622 ] epoch=0068 train_loss=2.295027e-02 train_mse=5.157845e-03 train_cos=0.996045 train_nmse=-20.949dB train_rec=0.000000e+00 train_recT=1.265846e-06 train_fc=2.623064e-03 train_decoder_tail=0.000000e+00
I 07.01/16:18:05 train_mapper.py:622 ] epoch=0069 train_loss=2.279334e-02 train_mse=5.115411e-03 train_cos=0.996074 train_nmse=-20.986dB train_rec=0.000000e+00 train_recT=1.259663e-06 train_fc=2.606858e-03 train_decoder_tail=0.000000e+00
I 07.01/16:19:20 train_mapper.py:622 ] epoch=0070 train_loss=2.255886e-02 train_mse=5.054194e-03 train_cos=0.996120 train_nmse=-21.038dB train_rec=0.000000e+00 train_recT=1.236546e-06 train_fc=2.568337e-03 train_decoder_tail=0.000000e+00
I 07.01/16:20:36 train_mapper.py:622 ] epoch=0071 train_loss=2.234644e-02 train_mse=4.998924e-03 train_cos=0.996161 train_nmse=-21.086dB train_rec=0.000000e+00 train_recT=1.215842e-06 train_fc=2.540824e-03 train_decoder_tail=0.000000e+00
I 07.01/16:21:50 train_mapper.py:622 ] epoch=0072 train_loss=2.223403e-02 train_mse=4.967895e-03 train_cos=0.996186 train_nmse=-21.113dB train_rec=0.000000e+00 train_recT=1.214766e-06 train_fc=2.523544e-03 train_decoder_tail=0.000000e+00
I 07.01/16:23:07 train_mapper.py:622 ] epoch=0073 train_loss=2.202980e-02 train_mse=4.915055e-03 train_cos=0.996225 train_nmse=-21.159dB train_rec=0.000000e+00 train_recT=1.197210e-06 train_fc=2.494031e-03 train_decoder_tail=0.000000e+00
I 07.01/16:24:22 train_mapper.py:622 ] epoch=0074 train_loss=2.188173e-02 train_mse=4.875977e-03 train_cos=0.996258 train_nmse=-21.194dB train_rec=0.000000e+00 train_recT=1.195660e-06 train_fc=2.473191e-03 train_decoder_tail=0.000000e+00
I 07.01/16:25:38 train_mapper.py:622 ] epoch=0075 train_loss=2.177789e-02 train_mse=4.846771e-03 train_cos=0.996277 train_nmse=-21.220dB train_rec=0.000000e+00 train_recT=1.177170e-06 train_fc=2.460387e-03 train_decoder_tail=0.000000e+00
I 07.01/16:26:50 train_mapper.py:622 ] epoch=0076 train_loss=2.157163e-02 train_mse=4.794050e-03 train_cos=0.996318 train_nmse=-21.267dB train_rec=0.000000e+00 train_recT=1.167797e-06 train_fc=2.433450e-03 train_decoder_tail=0.000000e+00
I 07.01/16:28:02 train_mapper.py:622 ] epoch=0077 train_loss=2.137533e-02 train_mse=4.743583e-03 train_cos=0.996357 train_nmse=-21.313dB train_rec=0.000000e+00 train_recT=1.156042e-06 train_fc=2.405007e-03 train_decoder_tail=0.000000e+00
I 07.01/16:29:19 train_mapper.py:622 ] epoch=0078 train_loss=2.122683e-02 train_mse=4.704254e-03 train_cos=0.996384 train_nmse=-21.349dB train_rec=0.000000e+00 train_recT=1.143096e-06 train_fc=2.387092e-03 train_decoder_tail=0.000000e+00
I 07.01/16:30:31 train_mapper.py:622 ] epoch=0079 train_loss=2.107789e-02 train_mse=4.664768e-03 train_cos=0.996416 train_nmse=-21.386dB train_rec=0.000000e+00 train_recT=1.137302e-06 train_fc=2.363233e-03 train_decoder_tail=0.000000e+00
I 07.01/16:31:56 train_mapper.py:622 ] epoch=0080 train_loss=2.092487e-02 train_mse=4.625582e-03 train_cos=0.996448 train_nmse=-21.422dB train_rec=0.000000e+00 train_recT=1.120515e-06 train_fc=2.344007e-03 train_decoder_tail=0.000000e+00
I 07.01/16:33:30 train_mapper.py:622 ] epoch=0081 train_loss=2.080524e-02 train_mse=4.592638e-03 train_cos=0.996472 train_nmse=-21.454dB train_rec=0.000000e+00 train_recT=1.113506e-06 train_fc=2.327290e-03 train_decoder_tail=0.000000e+00
I 07.01/16:35:03 train_mapper.py:622 ] epoch=0082 train_loss=2.076032e-02 train_mse=4.577955e-03 train_cos=0.996480 train_nmse=-21.468dB train_rec=0.000000e+00 train_recT=1.115286e-06 train_fc=2.323867e-03 train_decoder_tail=0.000000e+00
I 07.01/16:36:35 train_mapper.py:622 ] epoch=0083 train_loss=2.052784e-02 train_mse=4.520844e-03 train_cos=0.996526 train_nmse=-21.522dB train_rec=0.000000e+00 train_recT=1.090775e-06 train_fc=2.292169e-03 train_decoder_tail=0.000000e+00
I 07.01/16:38:13 train_mapper.py:622 ] epoch=0084 train_loss=2.042316e-02 train_mse=4.491449e-03 train_cos=0.996549 train_nmse=-21.550dB train_rec=0.000000e+00 train_recT=1.087599e-06 train_fc=2.273680e-03 train_decoder_tail=0.000000e+00
I 07.01/16:39:46 train_mapper.py:622 ] epoch=0085 train_loss=2.021375e-02 train_mse=4.438211e-03 train_cos=0.996589 train_nmse=-21.602dB train_rec=0.000000e+00 train_recT=1.070901e-06 train_fc=2.245299e-03 train_decoder_tail=0.000000e+00
I 07.01/16:41:20 train_mapper.py:622 ] epoch=0086 train_loss=2.008425e-02 train_mse=4.404106e-03 train_cos=0.996615 train_nmse=-21.636dB train_rec=0.000000e+00 train_recT=1.063257e-06 train_fc=2.230484e-03 train_decoder_tail=0.000000e+00
I 07.01/16:42:57 train_mapper.py:622 ] epoch=0087 train_loss=1.997735e-02 train_mse=4.375378e-03 train_cos=0.996637 train_nmse=-21.664dB train_rec=0.000000e+00 train_recT=1.055654e-06 train_fc=2.216423e-03 train_decoder_tail=0.000000e+00
I 07.01/16:44:36 train_mapper.py:622 ] epoch=0088 train_loss=1.991885e-02 train_mse=4.358195e-03 train_cos=0.996651 train_nmse=-21.681dB train_rec=0.000000e+00 train_recT=1.060132e-06 train_fc=2.209103e-03 train_decoder_tail=0.000000e+00
I 07.01/16:46:01 train_mapper.py:622 ] epoch=0089 train_loss=1.980075e-02 train_mse=4.326909e-03 train_cos=0.996676 train_nmse=-21.712dB train_rec=0.000000e+00 train_recT=1.054425e-06 train_fc=2.194637e-03 train_decoder_tail=0.000000e+00
I 07.01/16:47:28 train_mapper.py:622 ] epoch=0090 train_loss=1.967704e-02 train_mse=4.293725e-03 train_cos=0.996699 train_nmse=-21.746dB train_rec=0.000000e+00 train_recT=1.042770e-06 train_fc=2.177527e-03 train_decoder_tail=0.000000e+00
I 07.01/16:48:57 train_mapper.py:622 ] epoch=0091 train_loss=1.953952e-02 train_mse=4.257884e-03 train_cos=0.996727 train_nmse=-21.782dB train_rec=0.000000e+00 train_recT=1.027569e-06 train_fc=2.157549e-03 train_decoder_tail=0.000000e+00
I 07.01/16:50:24 train_mapper.py:622 ] epoch=0092 train_loss=1.940979e-02 train_mse=4.223945e-03 train_cos=0.996753 train_nmse=-21.817dB train_rec=0.000000e+00 train_recT=1.016590e-06 train_fc=2.140607e-03 train_decoder_tail=0.000000e+00
I 07.01/16:51:50 train_mapper.py:622 ] epoch=0093 train_loss=1.932650e-02 train_mse=4.200668e-03 train_cos=0.996773 train_nmse=-21.841dB train_rec=0.000000e+00 train_recT=1.015594e-06 train_fc=2.130629e-03 train_decoder_tail=0.000000e+00
I 07.01/16:53:20 train_mapper.py:622 ] epoch=0094 train_loss=1.917522e-02 train_mse=4.162149e-03 train_cos=0.996802 train_nmse=-21.881dB train_rec=0.000000e+00 train_recT=1.010930e-06 train_fc=2.111144e-03 train_decoder_tail=0.000000e+00
I 07.01/16:54:50 train_mapper.py:622 ] epoch=0095 train_loss=1.903713e-02 train_mse=4.126626e-03 train_cos=0.996828 train_nmse=-21.918dB train_rec=0.000000e+00 train_recT=9.915965e-07 train_fc=2.091439e-03 train_decoder_tail=0.000000e+00
I 07.01/16:56:17 train_mapper.py:622 ] epoch=0096 train_loss=1.893961e-02 train_mse=4.100443e-03 train_cos=0.996847 train_nmse=-21.946dB train_rec=0.000000e+00 train_recT=9.873034e-07 train_fc=2.080314e-03 train_decoder_tail=0.000000e+00
I 07.01/16:57:49 train_mapper.py:622 ] epoch=0097 train_loss=1.890773e-02 train_mse=4.088901e-03 train_cos=0.996855 train_nmse=-21.958dB train_rec=0.000000e+00 train_recT=9.849333e-07 train_fc=2.079320e-03 train_decoder_tail=0.000000e+00
I 07.01/16:59:20 train_mapper.py:622 ] epoch=0098 train_loss=1.879685e-02 train_mse=4.060427e-03 train_cos=0.996878 train_nmse=-21.988dB train_rec=0.000000e+00 train_recT=9.795468e-07 train_fc=2.063883e-03 train_decoder_tail=0.000000e+00
I 07.01/17:00:53 train_mapper.py:622 ] epoch=0099 train_loss=1.868926e-02 train_mse=4.032047e-03 train_cos=0.996900 train_nmse=-22.019dB train_rec=0.000000e+00 train_recT=9.797387e-07 train_fc=2.050405e-03 train_decoder_tail=0.000000e+00
I 07.01/17:02:26 train_mapper.py:622 ] epoch=0100 train_loss=1.857235e-02 train_mse=4.002164e-03 train_cos=0.996924 train_nmse=-22.051dB train_rec=0.000000e+00 train_recT=9.679478e-07 train_fc=2.033029e-03 train_decoder_tail=0.000000e+00
I 07.01/17:04:06 train_mapper.py:622 ] epoch=0101 train_loss=1.845279e-02 train_mse=3.971644e-03 train_cos=0.996945 train_nmse=-22.084dB train_rec=0.000000e+00 train_recT=9.546146e-07 train_fc=2.014479e-03 train_decoder_tail=0.000000e+00
I 07.01/17:05:42 train_mapper.py:622 ] epoch=0102 train_loss=1.832494e-02 train_mse=3.938942e-03 train_cos=0.996971 train_nmse=-22.120dB train_rec=0.000000e+00 train_recT=9.603015e-07 train_fc=2.004394e-03 train_decoder_tail=0.000000e+00
I 07.01/17:07:17 train_mapper.py:622 ] epoch=0103 train_loss=1.823452e-02 train_mse=3.915522e-03 train_cos=0.996988 train_nmse=-22.146dB train_rec=0.000000e+00 train_recT=9.409153e-07 train_fc=1.988856e-03 train_decoder_tail=0.000000e+00
I 07.01/17:08:49 train_mapper.py:622 ] epoch=0104 train_loss=1.814813e-02 train_mse=3.893434e-03 train_cos=0.997003 train_nmse=-22.171dB train_rec=0.000000e+00 train_recT=9.386768e-07 train_fc=1.980344e-03 train_decoder_tail=0.000000e+00
I 07.01/17:10:26 train_mapper.py:622 ] epoch=0105 train_loss=1.800157e-02 train_mse=3.857360e-03 train_cos=0.997031 train_nmse=-22.211dB train_rec=0.000000e+00 train_recT=9.248281e-07 train_fc=1.957867e-03 train_decoder_tail=0.000000e+00
I 07.01/17:12:05 train_mapper.py:622 ] epoch=0106 train_loss=1.793172e-02 train_mse=3.838791e-03 train_cos=0.997044 train_nmse=-22.232dB train_rec=0.000000e+00 train_recT=9.204130e-07 train_fc=1.948257e-03 train_decoder_tail=0.000000e+00
I 07.01/17:13:38 train_mapper.py:622 ] epoch=0107 train_loss=1.781055e-02 train_mse=3.809348e-03 train_cos=0.997067 train_nmse=-22.266dB train_rec=0.000000e+00 train_recT=9.149876e-07 train_fc=1.932416e-03 train_decoder_tail=0.000000e+00
I 07.01/17:15:11 train_mapper.py:622 ] epoch=0108 train_loss=1.773774e-02 train_mse=3.790129e-03 train_cos=0.997081 train_nmse=-22.288dB train_rec=0.000000e+00 train_recT=9.135108e-07 train_fc=1.926361e-03 train_decoder_tail=0.000000e+00
I 07.01/17:16:45 train_mapper.py:622 ] epoch=0109 train_loss=1.764646e-02 train_mse=3.767382e-03 train_cos=0.997099 train_nmse=-22.314dB train_rec=0.000000e+00 train_recT=9.077545e-07 train_fc=1.915903e-03 train_decoder_tail=0.000000e+00
I 07.01/17:18:22 train_mapper.py:622 ] epoch=0110 train_loss=1.763489e-02 train_mse=3.762675e-03 train_cos=0.997103 train_nmse=-22.319dB train_rec=0.000000e+00 train_recT=9.094749e-07 train_fc=1.913185e-03 train_decoder_tail=0.000000e+00
I 07.01/17:19:55 train_mapper.py:622 ] epoch=0111 train_loss=1.749862e-02 train_mse=3.729984e-03 train_cos=0.997127 train_nmse=-22.357dB train_rec=0.000000e+00 train_recT=8.908277e-07 train_fc=1.894292e-03 train_decoder_tail=0.000000e+00
I 07.01/17:21:29 train_mapper.py:622 ] epoch=0112 train_loss=1.742784e-02 train_mse=3.711889e-03 train_cos=0.997140 train_nmse=-22.378dB train_rec=0.000000e+00 train_recT=8.913420e-07 train_fc=1.884765e-03 train_decoder_tail=0.000000e+00
I 07.01/17:23:00 train_mapper.py:622 ] epoch=0113 train_loss=1.735941e-02 train_mse=3.694818e-03 train_cos=0.997155 train_nmse=-22.398dB train_rec=0.000000e+00 train_recT=8.915940e-07 train_fc=1.877109e-03 train_decoder_tail=0.000000e+00
I 07.01/17:24:31 train_mapper.py:622 ] epoch=0114 train_loss=1.723855e-02 train_mse=3.665977e-03 train_cos=0.997176 train_nmse=-22.432dB train_rec=0.000000e+00 train_recT=8.842971e-07 train_fc=1.864004e-03 train_decoder_tail=0.000000e+00
I 07.01/17:26:08 train_mapper.py:622 ] epoch=0115 train_loss=1.716448e-02 train_mse=3.647630e-03 train_cos=0.997188 train_nmse=-22.454dB train_rec=0.000000e+00 train_recT=8.735663e-07 train_fc=1.851563e-03 train_decoder_tail=0.000000e+00
I 07.01/17:27:45 train_mapper.py:622 ] epoch=0116 train_loss=1.709020e-02 train_mse=3.629534e-03 train_cos=0.997204 train_nmse=-22.475dB train_rec=0.000000e+00 train_recT=8.726363e-07 train_fc=1.843042e-03 train_decoder_tail=0.000000e+00
I 07.01/17:29:20 train_mapper.py:622 ] epoch=0117 train_loss=1.695268e-02 train_mse=3.597385e-03 train_cos=0.997227 train_nmse=-22.514dB train_rec=0.000000e+00 train_recT=8.633522e-07 train_fc=1.825995e-03 train_decoder_tail=0.000000e+00
I 07.01/17:30:53 train_mapper.py:622 ] epoch=0118 train_loss=1.692772e-02 train_mse=3.589653e-03 train_cos=0.997232 train_nmse=-22.524dB train_rec=0.000000e+00 train_recT=8.619251e-07 train_fc=1.821921e-03 train_decoder_tail=0.000000e+00
I 07.01/17:32:30 train_mapper.py:622 ] epoch=0119 train_loss=1.689978e-02 train_mse=3.581174e-03 train_cos=0.997237 train_nmse=-22.534dB train_rec=0.000000e+00 train_recT=8.589710e-07 train_fc=1.820452e-03 train_decoder_tail=0.000000e+00
I 07.01/17:34:07 train_mapper.py:622 ] epoch=0120 train_loss=1.676286e-02 train_mse=3.550107e-03 train_cos=0.997263 train_nmse=-22.571dB train_rec=0.000000e+00 train_recT=8.490791e-07 train_fc=1.804036e-03 train_decoder_tail=0.000000e+00
I 07.01/17:35:40 train_mapper.py:622 ] epoch=0121 train_loss=1.665960e-02 train_mse=3.525719e-03 train_cos=0.997280 train_nmse=-22.602dB train_rec=0.000000e+00 train_recT=8.387999e-07 train_fc=1.788132e-03 train_decoder_tail=0.000000e+00
I 07.01/17:37:14 train_mapper.py:622 ] epoch=0122 train_loss=1.663576e-02 train_mse=3.518305e-03 train_cos=0.997287 train_nmse=-22.611dB train_rec=0.000000e+00 train_recT=8.455065e-07 train_fc=1.785670e-03 train_decoder_tail=0.000000e+00
I 07.01/17:38:47 train_mapper.py:622 ] epoch=0123 train_loss=1.656531e-02 train_mse=3.502012e-03 train_cos=0.997300 train_nmse=-22.631dB train_rec=0.000000e+00 train_recT=8.388623e-07 train_fc=1.776562e-03 train_decoder_tail=0.000000e+00
I 07.01/17:40:21 train_mapper.py:622 ] epoch=0124 train_loss=1.647173e-02 train_mse=3.479924e-03 train_cos=0.997317 train_nmse=-22.658dB train_rec=0.000000e+00 train_recT=8.334952e-07 train_fc=1.765286e-03 train_decoder_tail=0.000000e+00
I 07.01/17:41:53 train_mapper.py:622 ] epoch=0125 train_loss=1.640735e-02 train_mse=3.464277e-03 train_cos=0.997329 train_nmse=-22.678dB train_rec=0.000000e+00 train_recT=8.285414e-07 train_fc=1.758034e-03 train_decoder_tail=0.000000e+00
I 07.01/17:43:30 train_mapper.py:622 ] epoch=0126 train_loss=1.635211e-02 train_mse=3.450364e-03 train_cos=0.997339 train_nmse=-22.695dB train_rec=0.000000e+00 train_recT=8.305484e-07 train_fc=1.750144e-03 train_decoder_tail=0.000000e+00
I 07.01/17:45:02 train_mapper.py:622 ] epoch=0127 train_loss=1.628323e-02 train_mse=3.433777e-03 train_cos=0.997351 train_nmse=-22.716dB train_rec=0.000000e+00 train_recT=8.246542e-07 train_fc=1.742453e-03 train_decoder_tail=0.000000e+00
I 07.01/17:46:36 train_mapper.py:622 ] epoch=0128 train_loss=1.622540e-02 train_mse=3.419951e-03 train_cos=0.997362 train_nmse=-22.734dB train_rec=0.000000e+00 train_recT=8.206102e-07 train_fc=1.734744e-03 train_decoder_tail=0.000000e+00
I 07.01/17:48:07 train_mapper.py:622 ] epoch=0129 train_loss=1.614998e-02 train_mse=3.402272e-03 train_cos=0.997375 train_nmse=-22.756dB train_rec=0.000000e+00 train_recT=8.144462e-07 train_fc=1.727548e-03 train_decoder_tail=0.000000e+00
I 07.01/17:49:41 train_mapper.py:622 ] epoch=0130 train_loss=1.610540e-02 train_mse=3.391276e-03 train_cos=0.997383 train_nmse=-22.770dB train_rec=0.000000e+00 train_recT=8.098363e-07 train_fc=1.720649e-03 train_decoder_tail=0.000000e+00
I 07.01/17:51:16 train_mapper.py:622 ] epoch=0131 train_loss=1.599830e-02 train_mse=3.366943e-03 train_cos=0.997404 train_nmse=-22.802dB train_rec=0.000000e+00 train_recT=8.052542e-07 train_fc=1.706618e-03 train_decoder_tail=0.000000e+00
I 07.01/17:52:50 train_mapper.py:622 ] epoch=0132 train_loss=1.593050e-02 train_mse=3.350989e-03 train_cos=0.997416 train_nmse=-22.822dB train_rec=0.000000e+00 train_recT=8.018595e-07 train_fc=1.698097e-03 train_decoder_tail=0.000000e+00
I 07.01/17:54:25 train_mapper.py:622 ] epoch=0133 train_loss=1.591800e-02 train_mse=3.346148e-03 train_cos=0.997417 train_nmse=-22.829dB train_rec=0.000000e+00 train_recT=8.017873e-07 train_fc=1.695893e-03 train_decoder_tail=0.000000e+00
I 07.01/17:56:01 train_mapper.py:622 ] epoch=0134 train_loss=1.583674e-02 train_mse=3.327265e-03 train_cos=0.997432 train_nmse=-22.853dB train_rec=0.000000e+00 train_recT=7.942677e-07 train_fc=1.687632e-03 train_decoder_tail=0.000000e+00
I 07.01/17:57:36 train_mapper.py:622 ] epoch=0135 train_loss=1.577990e-02 train_mse=3.314003e-03 train_cos=0.997442 train_nmse=-22.870dB train_rec=0.000000e+00 train_recT=7.909843e-07 train_fc=1.679915e-03 train_decoder_tail=0.000000e+00
I 07.01/17:59:10 train_mapper.py:622 ] epoch=0136 train_loss=1.576118e-02 train_mse=3.308326e-03 train_cos=0.997448 train_nmse=-22.878dB train_rec=0.000000e+00 train_recT=7.991976e-07 train_fc=1.679680e-03 train_decoder_tail=0.000000e+00
I 07.01/18:00:41 train_mapper.py:622 ] epoch=0137 train_loss=1.559597e-02 train_mse=3.272189e-03 train_cos=0.997475 train_nmse=-22.925dB train_rec=0.000000e+00 train_recT=7.774769e-07 train_fc=1.654609e-03 train_decoder_tail=0.000000e+00
I 07.01/18:02:14 train_mapper.py:622 ] epoch=0138 train_loss=1.552252e-02 train_mse=3.254538e-03 train_cos=0.997487 train_nmse=-22.949dB train_rec=0.000000e+00 train_recT=7.716639e-07 train_fc=1.647976e-03 train_decoder_tail=0.000000e+00
I 07.01/18:03:46 train_mapper.py:622 ] epoch=0139 train_loss=1.556930e-02 train_mse=3.263110e-03 train_cos=0.997480 train_nmse=-22.938dB train_rec=0.000000e+00 train_recT=7.744136e-07 train_fc=1.651895e-03 train_decoder_tail=0.000000e+00
I 07.01/18:05:17 train_mapper.py:622 ] epoch=0140 train_loss=1.549499e-02 train_mse=3.246269e-03 train_cos=0.997493 train_nmse=-22.960dB train_rec=0.000000e+00 train_recT=7.751175e-07 train_fc=1.646526e-03 train_decoder_tail=0.000000e+00
I 07.01/18:06:51 train_mapper.py:622 ] epoch=0141 train_loss=1.547112e-02 train_mse=3.239747e-03 train_cos=0.997499 train_nmse=-22.969dB train_rec=0.000000e+00 train_recT=7.756213e-07 train_fc=1.641997e-03 train_decoder_tail=0.000000e+00
I 07.01/18:08:27 train_mapper.py:622 ] epoch=0142 train_loss=1.531427e-02 train_mse=3.205362e-03 train_cos=0.997527 train_nmse=-23.015dB train_rec=0.000000e+00 train_recT=7.661057e-07 train_fc=1.622095e-03 train_decoder_tail=0.000000e+00
I 07.01/18:10:04 train_mapper.py:622 ] epoch=0143 train_loss=1.536566e-02 train_mse=3.214754e-03 train_cos=0.997517 train_nmse=-23.002dB train_rec=0.000000e+00 train_recT=7.678315e-07 train_fc=1.630208e-03 train_decoder_tail=0.000000e+00
I 07.01/18:11:32 train_mapper.py:622 ] epoch=0144 train_loss=1.522731e-02 train_mse=3.184319e-03 train_cos=0.997542 train_nmse=-23.044dB train_rec=0.000000e+00 train_recT=7.618179e-07 train_fc=1.613167e-03 train_decoder_tail=0.000000e+00
I 07.01/18:13:10 train_mapper.py:622 ] epoch=0145 train_loss=1.521039e-02 train_mse=3.179072e-03 train_cos=0.997546 train_nmse=-23.051dB train_rec=0.000000e+00 train_recT=7.609689e-07 train_fc=1.609985e-03 train_decoder_tail=0.000000e+00
I 07.01/18:14:40 train_mapper.py:622 ] epoch=0146 train_loss=1.518027e-02 train_mse=3.171598e-03 train_cos=0.997551 train_nmse=-23.061dB train_rec=0.000000e+00 train_recT=7.534576e-07 train_fc=1.607171e-03 train_decoder_tail=0.000000e+00
I 07.01/18:16:18 train_mapper.py:622 ] epoch=0147 train_loss=1.513498e-02 train_mse=3.160983e-03 train_cos=0.997558 train_nmse=-23.076dB train_rec=0.000000e+00 train_recT=7.524576e-07 train_fc=1.601813e-03 train_decoder_tail=0.000000e+00
I 07.01/18:17:48 train_mapper.py:622 ] epoch=0148 train_loss=1.505552e-02 train_mse=3.142942e-03 train_cos=0.997573 train_nmse=-23.101dB train_rec=0.000000e+00 train_recT=7.458540e-07 train_fc=1.589919e-03 train_decoder_tail=0.000000e+00
I 07.01/18:19:22 train_mapper.py:622 ] epoch=0149 train_loss=1.495025e-02 train_mse=3.119985e-03 train_cos=0.997592 train_nmse=-23.132dB train_rec=0.000000e+00 train_recT=7.418747e-07 train_fc=1.578072e-03 train_decoder_tail=0.000000e+00
I 07.01/18:20:57 train_mapper.py:622 ] epoch=0150 train_loss=1.497500e-02 train_mse=3.123464e-03 train_cos=0.997587 train_nmse=-23.128dB train_rec=0.000000e+00 train_recT=7.451832e-07 train_fc=1.580953e-03 train_decoder_tail=0.000000e+00
I 07.01/18:22:26 train_mapper.py:622 ] epoch=0151 train_loss=1.492005e-02 train_mse=3.110785e-03 train_cos=0.997599 train_nmse=-23.145dB train_rec=0.000000e+00 train_recT=7.417902e-07 train_fc=1.574550e-03 train_decoder_tail=0.000000e+00
I 07.01/18:24:01 train_mapper.py:622 ] epoch=0152 train_loss=1.483464e-02 train_mse=3.091491e-03 train_cos=0.997613 train_nmse=-23.172dB train_rec=0.000000e+00 train_recT=7.371607e-07 train_fc=1.564979e-03 train_decoder_tail=0.000000e+00
I 07.01/18:25:38 train_mapper.py:622 ] epoch=0153 train_loss=1.475055e-02 train_mse=3.072563e-03 train_cos=0.997627 train_nmse=-23.199dB train_rec=0.000000e+00 train_recT=7.251216e-07 train_fc=1.553763e-03 train_decoder_tail=0.000000e+00
I 07.01/18:27:12 train_mapper.py:622 ] epoch=0154 train_loss=1.476734e-02 train_mse=3.074804e-03 train_cos=0.997625 train_nmse=-23.196dB train_rec=0.000000e+00 train_recT=7.303661e-07 train_fc=1.555603e-03 train_decoder_tail=0.000000e+00
I 07.01/18:28:39 train_mapper.py:622 ] epoch=0155 train_loss=1.472293e-02 train_mse=3.064931e-03 train_cos=0.997634 train_nmse=-23.210dB train_rec=0.000000e+00 train_recT=7.311974e-07 train_fc=1.552160e-03 train_decoder_tail=0.000000e+00
I 07.01/18:30:16 train_mapper.py:622 ] epoch=0156 train_loss=1.468896e-02 train_mse=3.056095e-03 train_cos=0.997641 train_nmse=-23.222dB train_rec=0.000000e+00 train_recT=7.290175e-07 train_fc=1.544789e-03 train_decoder_tail=0.000000e+00
I 07.01/18:31:49 train_mapper.py:622 ] epoch=0157 train_loss=1.463096e-02 train_mse=3.043037e-03 train_cos=0.997650 train_nmse=-23.241dB train_rec=0.000000e+00 train_recT=7.217467e-07 train_fc=1.539020e-03 train_decoder_tail=0.000000e+00
I 07.01/18:33:21 train_mapper.py:622 ] epoch=0158 train_loss=1.459867e-02 train_mse=3.034666e-03 train_cos=0.997655 train_nmse=-23.253dB train_rec=0.000000e+00 train_recT=7.229699e-07 train_fc=1.537676e-03 train_decoder_tail=0.000000e+00
I 07.01/18:34:52 train_mapper.py:622 ] epoch=0159 train_loss=1.447934e-02 train_mse=3.009280e-03 train_cos=0.997676 train_nmse=-23.289dB train_rec=0.000000e+00 train_recT=7.116708e-07 train_fc=1.522474e-03 train_decoder_tail=0.000000e+00
I 07.01/18:36:26 train_mapper.py:622 ] epoch=0160 train_loss=1.451986e-02 train_mse=3.016099e-03 train_cos=0.997670 train_nmse=-23.279dB train_rec=0.000000e+00 train_recT=7.198643e-07 train_fc=1.526339e-03 train_decoder_tail=0.000000e+00
I 07.01/18:37:58 train_mapper.py:622 ] epoch=0161 train_loss=1.438152e-02 train_mse=2.986761e-03 train_cos=0.997695 train_nmse=-23.322dB train_rec=0.000000e+00 train_recT=7.082467e-07 train_fc=1.509512e-03 train_decoder_tail=0.000000e+00
I 07.01/18:39:32 train_mapper.py:622 ] epoch=0162 train_loss=1.440537e-02 train_mse=2.989920e-03 train_cos=0.997691 train_nmse=-23.317dB train_rec=0.000000e+00 train_recT=7.088156e-07 train_fc=1.510461e-03 train_decoder_tail=0.000000e+00
I 07.01/18:41:04 train_mapper.py:622 ] epoch=0163 train_loss=1.432417e-02 train_mse=2.972463e-03 train_cos=0.997705 train_nmse=-23.343dB train_rec=0.000000e+00 train_recT=7.087591e-07 train_fc=1.503281e-03 train_decoder_tail=0.000000e+00
I 07.01/18:42:31 train_mapper.py:622 ] epoch=0164 train_loss=1.436136e-02 train_mse=2.978274e-03 train_cos=0.997698 train_nmse=-23.334dB train_rec=0.000000e+00 train_recT=7.071082e-07 train_fc=1.506851e-03 train_decoder_tail=0.000000e+00
I 07.01/18:43:55 train_mapper.py:622 ] epoch=0165 train_loss=1.424269e-02 train_mse=2.953064e-03 train_cos=0.997720 train_nmse=-23.372dB train_rec=0.000000e+00 train_recT=7.021196e-07 train_fc=1.493124e-03 train_decoder_tail=0.000000e+00
I 07.01/18:45:12 train_mapper.py:622 ] epoch=0166 train_loss=1.419008e-02 train_mse=2.941018e-03 train_cos=0.997729 train_nmse=-23.389dB train_rec=0.000000e+00 train_recT=6.945795e-07 train_fc=1.486671e-03 train_decoder_tail=0.000000e+00
I 07.01/18:46:26 train_mapper.py:622 ] epoch=0167 train_loss=1.419150e-02 train_mse=2.939795e-03 train_cos=0.997728 train_nmse=-23.391dB train_rec=0.000000e+00 train_recT=6.985483e-07 train_fc=1.487526e-03 train_decoder_tail=0.000000e+00
I 07.01/18:47:38 train_mapper.py:622 ] epoch=0168 train_loss=1.414316e-02 train_mse=2.928943e-03 train_cos=0.997739 train_nmse=-23.407dB train_rec=0.000000e+00 train_recT=6.974727e-07 train_fc=1.482401e-03 train_decoder_tail=0.000000e+00
I 07.01/18:48:50 train_mapper.py:622 ] epoch=0169 train_loss=1.409957e-02 train_mse=2.918901e-03 train_cos=0.997747 train_nmse=-23.422dB train_rec=0.000000e+00 train_recT=6.945670e-07 train_fc=1.475939e-03 train_decoder_tail=0.000000e+00
I 07.01/18:50:04 train_mapper.py:622 ] epoch=0170 train_loss=1.405849e-02 train_mse=2.909403e-03 train_cos=0.997754 train_nmse=-23.436dB train_rec=0.000000e+00 train_recT=6.915889e-07 train_fc=1.471149e-03 train_decoder_tail=0.000000e+00
I 07.01/18:51:14 train_mapper.py:622 ] epoch=0171 train_loss=1.400615e-02 train_mse=2.897665e-03 train_cos=0.997763 train_nmse=-23.454dB train_rec=0.000000e+00 train_recT=6.863343e-07 train_fc=1.465514e-03 train_decoder_tail=0.000000e+00
I 07.01/18:52:26 train_mapper.py:622 ] epoch=0172 train_loss=1.401980e-02 train_mse=2.898741e-03 train_cos=0.997760 train_nmse=-23.452dB train_rec=0.000000e+00 train_recT=6.903147e-07 train_fc=1.466335e-03 train_decoder_tail=0.000000e+00
I 07.01/18:53:35 train_mapper.py:622 ] epoch=0173 train_loss=1.389947e-02 train_mse=2.873230e-03 train_cos=0.997781 train_nmse=-23.490dB train_rec=0.000000e+00 train_recT=6.806293e-07 train_fc=1.451346e-03 train_decoder_tail=0.000000e+00
I 07.01/18:54:50 train_mapper.py:622 ] epoch=0174 train_loss=1.385146e-02 train_mse=2.862247e-03 train_cos=0.997791 train_nmse=-23.507dB train_rec=0.000000e+00 train_recT=6.798678e-07 train_fc=1.446370e-03 train_decoder_tail=0.000000e+00
I 07.01/18:56:05 train_mapper.py:622 ] epoch=0175 train_loss=1.389935e-02 train_mse=2.870960e-03 train_cos=0.997783 train_nmse=-23.494dB train_rec=0.000000e+00 train_recT=6.823324e-07 train_fc=1.452668e-03 train_decoder_tail=0.000000e+00
I 07.01/18:57:17 train_mapper.py:622 ] epoch=0176 train_loss=1.386829e-02 train_mse=2.863281e-03 train_cos=0.997788 train_nmse=-23.505dB train_rec=0.000000e+00 train_recT=6.816089e-07 train_fc=1.449089e-03 train_decoder_tail=0.000000e+00
I 07.01/18:58:27 train_mapper.py:622 ] epoch=0177 train_loss=1.380264e-02 train_mse=2.849156e-03 train_cos=0.997800 train_nmse=-23.527dB train_rec=0.000000e+00 train_recT=6.756461e-07 train_fc=1.441183e-03 train_decoder_tail=0.000000e+00
I 07.01/18:59:38 train_mapper.py:622 ] epoch=0178 train_loss=1.372689e-02 train_mse=2.832275e-03 train_cos=0.997813 train_nmse=-23.553dB train_rec=0.000000e+00 train_recT=6.686294e-07 train_fc=1.431876e-03 train_decoder_tail=0.000000e+00
I 07.01/19:00:49 train_mapper.py:622 ] epoch=0179 train_loss=1.369381e-02 train_mse=2.824314e-03 train_cos=0.997818 train_nmse=-23.565dB train_rec=0.000000e+00 train_recT=6.690113e-07 train_fc=1.428120e-03 train_decoder_tail=0.000000e+00
I 07.01/19:02:00 train_mapper.py:622 ] epoch=0180 train_loss=1.366950e-02 train_mse=2.818166e-03 train_cos=0.997823 train_nmse=-23.575dB train_rec=0.000000e+00 train_recT=6.672637e-07 train_fc=1.425719e-03 train_decoder_tail=0.000000e+00
I 07.01/19:03:17 train_mapper.py:622 ] epoch=0181 train_loss=1.363430e-02 train_mse=2.810109e-03 train_cos=0.997830 train_nmse=-23.587dB train_rec=0.000000e+00 train_recT=6.683410e-07 train_fc=1.422363e-03 train_decoder_tail=0.000000e+00
I 07.01/19:04:28 train_mapper.py:622 ] epoch=0182 train_loss=1.355590e-02 train_mse=2.793072e-03 train_cos=0.997844 train_nmse=-23.613dB train_rec=0.000000e+00 train_recT=6.615523e-07 train_fc=1.411870e-03 train_decoder_tail=0.000000e+00
I 07.01/19:05:38 train_mapper.py:622 ] epoch=0183 train_loss=1.351432e-02 train_mse=2.783514e-03 train_cos=0.997851 train_nmse=-23.628dB train_rec=0.000000e+00 train_recT=6.587491e-07 train_fc=1.405808e-03 train_decoder_tail=0.000000e+00
I 07.01/19:06:54 train_mapper.py:622 ] epoch=0184 train_loss=1.346775e-02 train_mse=2.773068e-03 train_cos=0.997859 train_nmse=-23.644dB train_rec=0.000000e+00 train_recT=6.568288e-07 train_fc=1.400721e-03 train_decoder_tail=0.000000e+00
I 07.01/19:08:09 train_mapper.py:622 ] epoch=0185 train_loss=1.354930e-02 train_mse=2.788249e-03 train_cos=0.997846 train_nmse=-23.621dB train_rec=0.000000e+00 train_recT=6.612313e-07 train_fc=1.410057e-03 train_decoder_tail=0.000000e+00
I 07.01/19:09:18 train_mapper.py:622 ] epoch=0186 train_loss=1.346682e-02 train_mse=2.770800e-03 train_cos=0.997862 train_nmse=-23.648dB train_rec=0.000000e+00 train_recT=6.598086e-07 train_fc=1.401635e-03 train_decoder_tail=0.000000e+00
I 07.01/19:10:30 train_mapper.py:622 ] epoch=0187 train_loss=1.341642e-02 train_mse=2.759349e-03 train_cos=0.997871 train_nmse=-23.666dB train_rec=0.000000e+00 train_recT=6.565679e-07 train_fc=1.394952e-03 train_decoder_tail=0.000000e+00
I 07.01/19:11:45 train_mapper.py:622 ] epoch=0188 train_loss=1.335081e-02 train_mse=2.745115e-03 train_cos=0.997880 train_nmse=-23.688dB train_rec=0.000000e+00 train_recT=6.472965e-07 train_fc=1.387700e-03 train_decoder_tail=0.000000e+00
I 07.01/19:12:55 train_mapper.py:622 ] epoch=0189 train_loss=1.335791e-02 train_mse=2.745336e-03 train_cos=0.997879 train_nmse=-23.688dB train_rec=0.000000e+00 train_recT=6.511244e-07 train_fc=1.389846e-03 train_decoder_tail=0.000000e+00
I 07.01/19:14:05 train_mapper.py:622 ] epoch=0190 train_loss=1.326905e-02 train_mse=2.726382e-03 train_cos=0.997895 train_nmse=-23.718dB train_rec=0.000000e+00 train_recT=6.427084e-07 train_fc=1.378821e-03 train_decoder_tail=0.000000e+00
I 07.01/19:15:16 train_mapper.py:622 ] epoch=0191 train_loss=1.324831e-02 train_mse=2.720736e-03 train_cos=0.997899 train_nmse=-23.727dB train_rec=0.000000e+00 train_recT=6.460346e-07 train_fc=1.376705e-03 train_decoder_tail=0.000000e+00
I 07.01/19:16:29 train_mapper.py:622 ] epoch=0192 train_loss=1.321401e-02 train_mse=2.712887e-03 train_cos=0.997904 train_nmse=-23.740dB train_rec=0.000000e+00 train_recT=6.414946e-07 train_fc=1.371060e-03 train_decoder_tail=0.000000e+00
I 07.01/19:17:45 train_mapper.py:622 ] epoch=0193 train_loss=1.318911e-02 train_mse=2.706925e-03 train_cos=0.997910 train_nmse=-23.749dB train_rec=0.000000e+00 train_recT=6.384245e-07 train_fc=1.368252e-03 train_decoder_tail=0.000000e+00
I 07.01/19:18:58 train_mapper.py:622 ] epoch=0194 train_loss=1.318982e-02 train_mse=2.706320e-03 train_cos=0.997910 train_nmse=-23.750dB train_rec=0.000000e+00 train_recT=6.442660e-07 train_fc=1.368864e-03 train_decoder_tail=0.000000e+00
I 07.01/19:20:10 train_mapper.py:622 ] epoch=0195 train_loss=1.318259e-02 train_mse=2.703884e-03 train_cos=0.997913 train_nmse=-23.754dB train_rec=0.000000e+00 train_recT=6.417481e-07 train_fc=1.367505e-03 train_decoder_tail=0.000000e+00
I 07.01/19:21:21 train_mapper.py:622 ] epoch=0196 train_loss=1.308908e-02 train_mse=2.683815e-03 train_cos=0.997928 train_nmse=-23.786dB train_rec=0.000000e+00 train_recT=6.365540e-07 train_fc=1.358498e-03 train_decoder_tail=0.000000e+00
I 07.01/19:22:31 train_mapper.py:622 ] epoch=0197 train_loss=1.304330e-02 train_mse=2.673552e-03 train_cos=0.997937 train_nmse=-23.803dB train_rec=0.000000e+00 train_recT=6.337712e-07 train_fc=1.350435e-03 train_decoder_tail=0.000000e+00
I 07.01/19:23:43 train_mapper.py:622 ] epoch=0198 train_loss=1.308514e-02 train_mse=2.681319e-03 train_cos=0.997930 train_nmse=-23.791dB train_rec=0.000000e+00 train_recT=6.363204e-07 train_fc=1.357524e-03 train_decoder_tail=0.000000e+00
I 07.01/19:24:52 train_mapper.py:622 ] epoch=0199 train_loss=1.300868e-02 train_mse=2.664633e-03 train_cos=0.997944 train_nmse=-23.818dB train_rec=0.000000e+00 train_recT=6.304383e-07 train_fc=1.346929e-03 train_decoder_tail=0.000000e+00
I 07.01/19:26:04 train_mapper.py:622 ] epoch=0200 train_loss=1.298119e-02 train_mse=2.658147e-03 train_cos=0.997948 train_nmse=-23.828dB train_rec=0.000000e+00 train_recT=6.321249e-07 train_fc=1.345394e-03 train_decoder_tail=0.000000e+00
I 07.01/19:27:14 train_mapper.py:622 ] epoch=0201 train_loss=1.294654e-02 train_mse=2.650219e-03 train_cos=0.997956 train_nmse=-23.842dB train_rec=0.000000e+00 train_recT=6.306355e-07 train_fc=1.340388e-03 train_decoder_tail=0.000000e+00
I 07.01/19:28:27 train_mapper.py:622 ] epoch=0202 train_loss=1.292174e-02 train_mse=2.644196e-03 train_cos=0.997958 train_nmse=-23.851dB train_rec=0.000000e+00 train_recT=6.279139e-07 train_fc=1.338863e-03 train_decoder_tail=0.000000e+00
I 07.01/19:29:38 train_mapper.py:622 ] epoch=0203 train_loss=1.283562e-02 train_mse=2.625682e-03 train_cos=0.997972 train_nmse=-23.882dB train_rec=0.000000e+00 train_recT=6.169463e-07 train_fc=1.326793e-03 train_decoder_tail=0.000000e+00
I 07.01/19:30:51 train_mapper.py:622 ] epoch=0204 train_loss=1.284202e-02 train_mse=2.626263e-03 train_cos=0.997973 train_nmse=-23.881dB train_rec=0.000000e+00 train_recT=6.209117e-07 train_fc=1.327536e-03 train_decoder_tail=0.000000e+00
I 07.01/19:31:58 train_mapper.py:622 ] epoch=0205 train_loss=1.279350e-02 train_mse=2.615704e-03 train_cos=0.997980 train_nmse=-23.898dB train_rec=0.000000e+00 train_recT=6.164402e-07 train_fc=1.322952e-03 train_decoder_tail=0.000000e+00
I 07.01/19:33:14 train_mapper.py:622 ] epoch=0206 train_loss=1.278280e-02 train_mse=2.612804e-03 train_cos=0.997983 train_nmse=-23.903dB train_rec=0.000000e+00 train_recT=6.193485e-07 train_fc=1.322691e-03 train_decoder_tail=0.000000e+00
I 07.01/19:34:25 train_mapper.py:622 ] epoch=0207 train_loss=1.275341e-02 train_mse=2.606116e-03 train_cos=0.997990 train_nmse=-23.914dB train_rec=0.000000e+00 train_recT=6.144402e-07 train_fc=1.318012e-03 train_decoder_tail=0.000000e+00
I 07.01/19:35:37 train_mapper.py:622 ] epoch=0208 train_loss=1.273883e-02 train_mse=2.601869e-03 train_cos=0.997991 train_nmse=-23.921dB train_rec=0.000000e+00 train_recT=6.175156e-07 train_fc=1.316843e-03 train_decoder_tail=0.000000e+00
I 07.01/19:36:48 train_mapper.py:622 ] epoch=0209 train_loss=1.274593e-02 train_mse=2.602787e-03 train_cos=0.997991 train_nmse=-23.920dB train_rec=0.000000e+00 train_recT=6.171987e-07 train_fc=1.317129e-03 train_decoder_tail=0.000000e+00
I 07.01/19:38:00 train_mapper.py:622 ] epoch=0210 train_loss=1.267304e-02 train_mse=2.587180e-03 train_cos=0.998003 train_nmse=-23.946dB train_rec=0.000000e+00 train_recT=6.143142e-07 train_fc=1.309662e-03 train_decoder_tail=0.000000e+00
I 07.01/19:39:15 train_mapper.py:622 ] epoch=0211 train_loss=1.264435e-02 train_mse=2.580508e-03 train_cos=0.998009 train_nmse=-23.957dB train_rec=0.000000e+00 train_recT=6.104311e-07 train_fc=1.305701e-03 train_decoder_tail=0.000000e+00
I 07.01/19:40:27 train_mapper.py:622 ] epoch=0212 train_loss=1.261418e-02 train_mse=2.573325e-03 train_cos=0.998014 train_nmse=-23.969dB train_rec=0.000000e+00 train_recT=6.067542e-07 train_fc=1.302187e-03 train_decoder_tail=0.000000e+00
I 07.01/19:41:39 train_mapper.py:622 ] epoch=0213 train_loss=1.263554e-02 train_mse=2.577034e-03 train_cos=0.998010 train_nmse=-23.963dB train_rec=0.000000e+00 train_recT=6.105951e-07 train_fc=1.305197e-03 train_decoder_tail=0.000000e+00
I 07.01/19:42:50 train_mapper.py:622 ] epoch=0214 train_loss=1.258851e-02 train_mse=2.566660e-03 train_cos=0.998019 train_nmse=-23.980dB train_rec=0.000000e+00 train_recT=6.110797e-07 train_fc=1.299412e-03 train_decoder_tail=0.000000e+00
I 07.01/19:44:08 train_mapper.py:622 ] epoch=0215 train_loss=1.246505e-02 train_mse=2.541426e-03 train_cos=0.998039 train_nmse=-24.023dB train_rec=0.000000e+00 train_recT=5.967542e-07 train_fc=1.284812e-03 train_decoder_tail=0.000000e+00
I 07.01/19:45:21 train_mapper.py:622 ] epoch=0216 train_loss=1.248729e-02 train_mse=2.544750e-03 train_cos=0.998035 train_nmse=-24.018dB train_rec=0.000000e+00 train_recT=6.001626e-07 train_fc=1.286269e-03 train_decoder_tail=0.000000e+00
I 07.01/19:46:32 train_mapper.py:622 ] epoch=0217 train_loss=1.252433e-02 train_mse=2.551563e-03 train_cos=0.998031 train_nmse=-24.006dB train_rec=0.000000e+00 train_recT=6.078823e-07 train_fc=1.290828e-03 train_decoder_tail=0.000000e+00
I 07.01/19:47:44 train_mapper.py:622 ] epoch=0218 train_loss=1.241692e-02 train_mse=2.529108e-03 train_cos=0.998048 train_nmse=-24.044dB train_rec=0.000000e+00 train_recT=5.975280e-07 train_fc=1.279040e-03 train_decoder_tail=0.000000e+00
I 07.01/19:49:01 train_mapper.py:622 ] epoch=0219 train_loss=1.237945e-02 train_mse=2.520956e-03 train_cos=0.998054 train_nmse=-24.058dB train_rec=0.000000e+00 train_recT=5.935419e-07 train_fc=1.274445e-03 train_decoder_tail=0.000000e+00
I 07.01/19:50:13 train_mapper.py:622 ] epoch=0220 train_loss=1.237430e-02 train_mse=2.518993e-03 train_cos=0.998055 train_nmse=-24.062dB train_rec=0.000000e+00 train_recT=5.961694e-07 train_fc=1.273284e-03 train_decoder_tail=0.000000e+00
I 07.01/19:51:23 train_mapper.py:622 ] epoch=0221 train_loss=1.235181e-02 train_mse=2.513657e-03 train_cos=0.998060 train_nmse=-24.071dB train_rec=0.000000e+00 train_recT=5.928057e-07 train_fc=1.271011e-03 train_decoder_tail=0.000000e+00
I 07.01/19:52:34 train_mapper.py:622 ] epoch=0222 train_loss=1.236176e-02 train_mse=2.514988e-03 train_cos=0.998059 train_nmse=-24.068dB train_rec=0.000000e+00 train_recT=5.949106e-07 train_fc=1.271752e-03 train_decoder_tail=0.000000e+00
I 07.01/19:53:48 train_mapper.py:622 ] epoch=0223 train_loss=1.231529e-02 train_mse=2.505029e-03 train_cos=0.998066 train_nmse=-24.086dB train_rec=0.000000e+00 train_recT=5.904694e-07 train_fc=1.266163e-03 train_decoder_tail=0.000000e+00
I 07.01/19:55:14 train_mapper.py:622 ] epoch=0224 train_loss=1.224387e-02 train_mse=2.490051e-03 train_cos=0.998078 train_nmse=-24.112dB train_rec=0.000000e+00 train_recT=5.890169e-07 train_fc=1.259839e-03 train_decoder_tail=0.000000e+00
I 07.01/19:56:25 train_mapper.py:622 ] epoch=0225 train_loss=1.226731e-02 train_mse=2.493968e-03 train_cos=0.998075 train_nmse=-24.105dB train_rec=0.000000e+00 train_recT=5.903705e-07 train_fc=1.262244e-03 train_decoder_tail=0.000000e+00
I 07.01/19:57:36 train_mapper.py:622 ] epoch=0226 train_loss=1.222911e-02 train_mse=2.485540e-03 train_cos=0.998081 train_nmse=-24.120dB train_rec=0.000000e+00 train_recT=5.843665e-07 train_fc=1.257755e-03 train_decoder_tail=0.000000e+00
I 07.01/19:58:49 train_mapper.py:622 ] epoch=0227 train_loss=1.221295e-02 train_mse=2.481968e-03 train_cos=0.998085 train_nmse=-24.126dB train_rec=0.000000e+00 train_recT=5.859733e-07 train_fc=1.256613e-03 train_decoder_tail=0.000000e+00
I 07.01/20:00:04 train_mapper.py:622 ] epoch=0228 train_loss=1.216157e-02 train_mse=2.471058e-03 train_cos=0.998093 train_nmse=-24.145dB train_rec=0.000000e+00 train_recT=5.804419e-07 train_fc=1.248765e-03 train_decoder_tail=0.000000e+00
I 07.01/20:01:17 train_mapper.py:622 ] epoch=0229 train_loss=1.218407e-02 train_mse=2.474436e-03 train_cos=0.998088 train_nmse=-24.139dB train_rec=0.000000e+00 train_recT=5.834394e-07 train_fc=1.252610e-03 train_decoder_tail=0.000000e+00
I 07.01/20:02:28 train_mapper.py:622 ] epoch=0230 train_loss=1.214604e-02 train_mse=2.465984e-03 train_cos=0.998095 train_nmse=-24.154dB train_rec=0.000000e+00 train_recT=5.800757e-07 train_fc=1.248650e-03 train_decoder_tail=0.000000e+00
I 07.01/20:03:41 train_mapper.py:622 ] epoch=0231 train_loss=1.207796e-02 train_mse=2.452196e-03 train_cos=0.998108 train_nmse=-24.178dB train_rec=0.000000e+00 train_recT=5.796471e-07 train_fc=1.239883e-03 train_decoder_tail=0.000000e+00
I 07.01/20:04:52 train_mapper.py:622 ] epoch=0232 train_loss=1.205468e-02 train_mse=2.446775e-03 train_cos=0.998112 train_nmse=-24.188dB train_rec=0.000000e+00 train_recT=5.780880e-07 train_fc=1.237021e-03 train_decoder_tail=0.000000e+00
I 07.01/20:06:07 train_mapper.py:622 ] epoch=0233 train_loss=1.207619e-02 train_mse=2.450365e-03 train_cos=0.998109 train_nmse=-24.182dB train_rec=0.000000e+00 train_recT=5.792131e-07 train_fc=1.240918e-03 train_decoder_tail=0.000000e+00
I 07.01/20:07:16 train_mapper.py:622 ] epoch=0234 train_loss=1.201014e-02 train_mse=2.437094e-03 train_cos=0.998120 train_nmse=-24.205dB train_rec=0.000000e+00 train_recT=5.741823e-07 train_fc=1.232577e-03 train_decoder_tail=0.000000e+00
I 07.01/20:08:36 train_mapper.py:622 ] epoch=0235 train_loss=1.199090e-02 train_mse=2.432193e-03 train_cos=0.998124 train_nmse=-24.214dB train_rec=0.000000e+00 train_recT=5.742632e-07 train_fc=1.230267e-03 train_decoder_tail=0.000000e+00
I 07.01/20:09:48 train_mapper.py:622 ] epoch=0236 train_loss=1.196449e-02 train_mse=2.426114e-03 train_cos=0.998128 train_nmse=-24.225dB train_rec=0.000000e+00 train_recT=5.742266e-07 train_fc=1.226277e-03 train_decoder_tail=0.000000e+00
I 07.01/20:11:05 train_mapper.py:622 ] epoch=0237 train_loss=1.196839e-02 train_mse=2.426513e-03 train_cos=0.998127 train_nmse=-24.224dB train_rec=0.000000e+00 train_recT=5.716363e-07 train_fc=1.227597e-03 train_decoder_tail=0.000000e+00
I 07.01/20:12:14 train_mapper.py:622 ] epoch=0238 train_loss=1.190085e-02 train_mse=2.412310e-03 train_cos=0.998139 train_nmse=-24.249dB train_rec=0.000000e+00 train_recT=5.684119e-07 train_fc=1.220593e-03 train_decoder_tail=0.000000e+00
I 07.01/20:13:27 train_mapper.py:622 ] epoch=0239 train_loss=1.191460e-02 train_mse=2.414466e-03 train_cos=0.998136 train_nmse=-24.246dB train_rec=0.000000e+00 train_recT=5.676124e-07 train_fc=1.221296e-03 train_decoder_tail=0.000000e+00
I 07.01/20:14:37 train_mapper.py:622 ] epoch=0240 train_loss=1.189311e-02 train_mse=2.409572e-03 train_cos=0.998140 train_nmse=-24.255dB train_rec=0.000000e+00 train_recT=5.670387e-07 train_fc=1.218141e-03 train_decoder_tail=0.000000e+00
I 07.01/20:15:49 train_mapper.py:622 ] epoch=0241 train_loss=1.185624e-02 train_mse=2.401644e-03 train_cos=0.998146 train_nmse=-24.269dB train_rec=0.000000e+00 train_recT=5.669861e-07 train_fc=1.215093e-03 train_decoder_tail=0.000000e+00
I 07.01/20:17:03 train_mapper.py:622 ] epoch=0242 train_loss=1.182183e-02 train_mse=2.394375e-03 train_cos=0.998152 train_nmse=-24.282dB train_rec=0.000000e+00 train_recT=5.636449e-07 train_fc=1.211625e-03 train_decoder_tail=0.000000e+00
I 07.01/20:18:18 train_mapper.py:622 ] epoch=0243 train_loss=1.179496e-02 train_mse=2.388098e-03 train_cos=0.998156 train_nmse=-24.293dB train_rec=0.000000e+00 train_recT=5.617033e-07 train_fc=1.206889e-03 train_decoder_tail=0.000000e+00
I 07.01/20:19:31 train_mapper.py:622 ] epoch=0244 train_loss=1.181370e-02 train_mse=2.391279e-03 train_cos=0.998155 train_nmse=-24.288dB train_rec=0.000000e+00 train_recT=5.677664e-07 train_fc=1.209908e-03 train_decoder_tail=0.000000e+00
I 07.01/20:20:43 train_mapper.py:622 ] epoch=0245 train_loss=1.177215e-02 train_mse=2.382638e-03 train_cos=0.998162 train_nmse=-24.304dB train_rec=0.000000e+00 train_recT=5.637081e-07 train_fc=1.206104e-03 train_decoder_tail=0.000000e+00
I 07.01/20:21:55 train_mapper.py:622 ] epoch=0246 train_loss=1.169320e-02 train_mse=2.366741e-03 train_cos=0.998174 train_nmse=-24.333dB train_rec=0.000000e+00 train_recT=5.553498e-07 train_fc=1.196505e-03 train_decoder_tail=0.000000e+00
I 07.01/20:23:10 train_mapper.py:622 ] epoch=0247 train_loss=1.173914e-02 train_mse=2.374869e-03 train_cos=0.998166 train_nmse=-24.317dB train_rec=0.000000e+00 train_recT=5.629916e-07 train_fc=1.202172e-03 train_decoder_tail=0.000000e+00
I 07.01/20:24:19 train_mapper.py:622 ] epoch=0248 train_loss=1.168558e-02 train_mse=2.363790e-03 train_cos=0.998175 train_nmse=-24.338dB train_rec=0.000000e+00 train_recT=5.555870e-07 train_fc=1.194412e-03 train_decoder_tail=0.000000e+00
I 07.01/20:25:29 train_mapper.py:622 ] epoch=0249 train_loss=1.166407e-02 train_mse=2.358975e-03 train_cos=0.998179 train_nmse=-24.347dB train_rec=0.000000e+00 train_recT=5.511748e-07 train_fc=1.192923e-03 train_decoder_tail=0.000000e+00
I 07.01/20:26:41 train_mapper.py:622 ] epoch=0250 train_loss=1.165763e-02 train_mse=2.357097e-03 train_cos=0.998179 train_nmse=-24.350dB train_rec=0.000000e+00 train_recT=5.518765e-07 train_fc=1.191766e-03 train_decoder_tail=0.000000e+00
I 07.01/20:27:52 train_mapper.py:622 ] epoch=0251 train_loss=1.163159e-02 train_mse=2.351488e-03 train_cos=0.998186 train_nmse=-24.361dB train_rec=0.000000e+00 train_recT=5.551290e-07 train_fc=1.190139e-03 train_decoder_tail=0.000000e+00
I 07.01/20:29:06 train_mapper.py:622 ] epoch=0252 train_loss=1.161049e-02 train_mse=2.346863e-03 train_cos=0.998189 train_nmse=-24.369dB train_rec=0.000000e+00 train_recT=5.525094e-07 train_fc=1.187341e-03 train_decoder_tail=0.000000e+00
I 07.01/20:30:19 train_mapper.py:622 ] epoch=0253 train_loss=1.158639e-02 train_mse=2.341570e-03 train_cos=0.998193 train_nmse=-24.379dB train_rec=0.000000e+00 train_recT=5.521832e-07 train_fc=1.182863e-03 train_decoder_tail=0.000000e+00
I 07.01/20:31:32 train_mapper.py:622 ] epoch=0254 train_loss=1.156774e-02 train_mse=2.337267e-03 train_cos=0.998196 train_nmse=-24.387dB train_rec=0.000000e+00 train_recT=5.492759e-07 train_fc=1.182194e-03 train_decoder_tail=0.000000e+00
I 07.01/20:32:46 train_mapper.py:622 ] epoch=0255 train_loss=1.156054e-02 train_mse=2.335430e-03 train_cos=0.998198 train_nmse=-24.390dB train_rec=0.000000e+00 train_recT=5.491780e-07 train_fc=1.181027e-03 train_decoder_tail=0.000000e+00
I 07.01/20:33:56 train_mapper.py:622 ] epoch=0256 train_loss=1.154462e-02 train_mse=2.331756e-03 train_cos=0.998200 train_nmse=-24.397dB train_rec=0.000000e+00 train_recT=5.490296e-07 train_fc=1.178660e-03 train_decoder_tail=0.000000e+00
I 07.01/20:35:12 train_mapper.py:622 ] epoch=0257 train_loss=1.148280e-02 train_mse=2.318769e-03 train_cos=0.998209 train_nmse=-24.421dB train_rec=0.000000e+00 train_recT=5.440847e-07 train_fc=1.172484e-03 train_decoder_tail=0.000000e+00
I 07.01/20:36:23 train_mapper.py:622 ] epoch=0258 train_loss=1.145447e-02 train_mse=2.313051e-03 train_cos=0.998214 train_nmse=-24.432dB train_rec=0.000000e+00 train_recT=5.441396e-07 train_fc=1.170926e-03 train_decoder_tail=0.000000e+00
I 07.01/20:37:35 train_mapper.py:622 ] epoch=0259 train_loss=1.142994e-02 train_mse=2.307591e-03 train_cos=0.998218 train_nmse=-24.443dB train_rec=0.000000e+00 train_recT=5.411755e-07 train_fc=1.166432e-03 train_decoder_tail=0.000000e+00
I 07.01/20:38:47 train_mapper.py:622 ] epoch=0260 train_loss=1.140774e-02 train_mse=2.302730e-03 train_cos=0.998222 train_nmse=-24.452dB train_rec=0.000000e+00 train_recT=5.394502e-07 train_fc=1.164412e-03 train_decoder_tail=0.000000e+00
I 07.01/20:39:58 train_mapper.py:622 ] epoch=0261 train_loss=1.137298e-02 train_mse=2.295383e-03 train_cos=0.998227 train_nmse=-24.466dB train_rec=0.000000e+00 train_recT=5.350545e-07 train_fc=1.159884e-03 train_decoder_tail=0.000000e+00
I 07.01/20:41:13 train_mapper.py:622 ] epoch=0262 train_loss=1.138834e-02 train_mse=2.297865e-03 train_cos=0.998226 train_nmse=-24.461dB train_rec=0.000000e+00 train_recT=5.414185e-07 train_fc=1.162265e-03 train_decoder_tail=0.000000e+00
I 07.01/20:42:25 train_mapper.py:622 ] epoch=0263 train_loss=1.137731e-02 train_mse=2.295043e-03 train_cos=0.998228 train_nmse=-24.466dB train_rec=0.000000e+00 train_recT=5.389263e-07 train_fc=1.159302e-03 train_decoder_tail=0.000000e+00
I 07.01/20:43:36 train_mapper.py:622 ] epoch=0264 train_loss=1.134796e-02 train_mse=2.289315e-03 train_cos=0.998233 train_nmse=-24.477dB train_rec=0.000000e+00 train_recT=5.360858e-07 train_fc=1.156889e-03 train_decoder_tail=0.000000e+00
I 07.01/20:44:50 train_mapper.py:622 ] epoch=0265 train_loss=1.135390e-02 train_mse=2.289600e-03 train_cos=0.998233 train_nmse=-24.476dB train_rec=0.000000e+00 train_recT=5.393106e-07 train_fc=1.158959e-03 train_decoder_tail=0.000000e+00
I 07.01/20:46:02 train_mapper.py:622 ] epoch=0266 train_loss=1.134531e-02 train_mse=2.287498e-03 train_cos=0.998234 train_nmse=-24.480dB train_rec=0.000000e+00 train_recT=5.364908e-07 train_fc=1.157274e-03 train_decoder_tail=0.000000e+00
I 07.01/20:47:13 train_mapper.py:622 ] epoch=0267 train_loss=1.128644e-02 train_mse=2.275711e-03 train_cos=0.998244 train_nmse=-24.503dB train_rec=0.000000e+00 train_recT=5.323103e-07 train_fc=1.150035e-03 train_decoder_tail=0.000000e+00
I 07.01/20:48:24 train_mapper.py:622 ] epoch=0268 train_loss=1.124949e-02 train_mse=2.267781e-03 train_cos=0.998251 train_nmse=-24.518dB train_rec=0.000000e+00 train_recT=5.338021e-07 train_fc=1.147327e-03 train_decoder_tail=0.000000e+00
I 07.01/20:49:38 train_mapper.py:622 ] epoch=0269 train_loss=1.126476e-02 train_mse=2.269854e-03 train_cos=0.998247 train_nmse=-24.514dB train_rec=0.000000e+00 train_recT=5.350237e-07 train_fc=1.148660e-03 train_decoder_tail=0.000000e+00
I 07.01/20:50:50 train_mapper.py:622 ] epoch=0270 train_loss=1.126490e-02 train_mse=2.269771e-03 train_cos=0.998248 train_nmse=-24.514dB train_rec=0.000000e+00 train_recT=5.354879e-07 train_fc=1.148661e-03 train_decoder_tail=0.000000e+00
I 07.01/20:52:00 train_mapper.py:622 ] epoch=0271 train_loss=1.120709e-02 train_mse=2.258129e-03 train_cos=0.998258 train_nmse=-24.536dB train_rec=0.000000e+00 train_recT=5.304964e-07 train_fc=1.141032e-03 train_decoder_tail=0.000000e+00
I 07.01/20:53:13 train_mapper.py:622 ] epoch=0272 train_loss=1.117961e-02 train_mse=2.252268e-03 train_cos=0.998261 train_nmse=-24.548dB train_rec=0.000000e+00 train_recT=5.287638e-07 train_fc=1.138494e-03 train_decoder_tail=0.000000e+00
I 07.01/20:54:27 train_mapper.py:622 ] epoch=0273 train_loss=1.117622e-02 train_mse=2.250927e-03 train_cos=0.998263 train_nmse=-24.550dB train_rec=0.000000e+00 train_recT=5.271862e-07 train_fc=1.137417e-03 train_decoder_tail=0.000000e+00
I 07.01/20:55:37 train_mapper.py:622 ] epoch=0274 train_loss=1.117975e-02 train_mse=2.251156e-03 train_cos=0.998261 train_nmse=-24.550dB train_rec=0.000000e+00 train_recT=5.263783e-07 train_fc=1.139543e-03 train_decoder_tail=0.000000e+00
I 07.01/20:56:47 train_mapper.py:622 ] epoch=0275 train_loss=1.114700e-02 train_mse=2.244668e-03 train_cos=0.998268 train_nmse=-24.562dB train_rec=0.000000e+00 train_recT=5.265302e-07 train_fc=1.135423e-03 train_decoder_tail=0.000000e+00
I 07.01/20:57:59 train_mapper.py:622 ] epoch=0276 train_loss=1.113794e-02 train_mse=2.242301e-03 train_cos=0.998270 train_nmse=-24.567dB train_rec=0.000000e+00 train_recT=5.291539e-07 train_fc=1.134857e-03 train_decoder_tail=0.000000e+00
I 07.01/20:59:15 train_mapper.py:622 ] epoch=0277 train_loss=1.110316e-02 train_mse=2.234940e-03 train_cos=0.998275 train_nmse=-24.581dB train_rec=0.000000e+00 train_recT=5.226378e-07 train_fc=1.129730e-03 train_decoder_tail=0.000000e+00
I 07.01/21:00:29 train_mapper.py:622 ] epoch=0278 train_loss=1.103734e-02 train_mse=2.221848e-03 train_cos=0.998286 train_nmse=-24.607dB train_rec=0.000000e+00 train_recT=5.203589e-07 train_fc=1.123145e-03 train_decoder_tail=0.000000e+00
I 07.01/21:01:46 train_mapper.py:622 ] epoch=0279 train_loss=1.106402e-02 train_mse=2.226212e-03 train_cos=0.998280 train_nmse=-24.598dB train_rec=0.000000e+00 train_recT=5.217427e-07 train_fc=1.125529e-03 train_decoder_tail=0.000000e+00
I 07.01/21:02:56 train_mapper.py:622 ] epoch=0280 train_loss=1.102932e-02 train_mse=2.219222e-03 train_cos=0.998287 train_nmse=-24.612dB train_rec=0.000000e+00 train_recT=5.218030e-07 train_fc=1.123242e-03 train_decoder_tail=0.000000e+00
I 07.01/21:04:11 train_mapper.py:622 ] epoch=0281 train_loss=1.104792e-02 train_mse=2.222566e-03 train_cos=0.998284 train_nmse=-24.606dB train_rec=0.000000e+00 train_recT=5.217425e-07 train_fc=1.124185e-03 train_decoder_tail=0.000000e+00
I 07.01/21:05:19 train_mapper.py:622 ] epoch=0282 train_loss=1.099787e-02 train_mse=2.212212e-03 train_cos=0.998292 train_nmse=-24.626dB train_rec=0.000000e+00 train_recT=5.161527e-07 train_fc=1.117134e-03 train_decoder_tail=0.000000e+00
I 07.01/21:06:33 train_mapper.py:622 ] epoch=0283 train_loss=1.094665e-02 train_mse=2.201939e-03 train_cos=0.998300 train_nmse=-24.646dB train_rec=0.000000e+00 train_recT=5.121231e-07 train_fc=1.112500e-03 train_decoder_tail=0.000000e+00
I 07.01/21:07:49 train_mapper.py:622 ] epoch=0284 train_loss=1.101936e-02 train_mse=2.215345e-03 train_cos=0.998288 train_nmse=-24.620dB train_rec=0.000000e+00 train_recT=5.176256e-07 train_fc=1.120088e-03 train_decoder_tail=0.000000e+00
I 07.01/21:09:00 train_mapper.py:622 ] epoch=0285 train_loss=1.093922e-02 train_mse=2.199687e-03 train_cos=0.998302 train_nmse=-24.650dB train_rec=0.000000e+00 train_recT=5.137312e-07 train_fc=1.112274e-03 train_decoder_tail=0.000000e+00
I 07.01/21:10:13 train_mapper.py:622 ] epoch=0286 train_loss=1.095390e-02 train_mse=2.202121e-03 train_cos=0.998300 train_nmse=-24.646dB train_rec=0.000000e+00 train_recT=5.205544e-07 train_fc=1.115456e-03 train_decoder_tail=0.000000e+00
I 07.01/21:11:27 train_mapper.py:622 ] epoch=0287 train_loss=1.088909e-02 train_mse=2.189042e-03 train_cos=0.998310 train_nmse=-24.672dB train_rec=0.000000e+00 train_recT=5.113585e-07 train_fc=1.105682e-03 train_decoder_tail=0.000000e+00
I 07.01/21:12:42 train_mapper.py:622 ] epoch=0288 train_loss=1.092500e-02 train_mse=2.195270e-03 train_cos=0.998304 train_nmse=-24.659dB train_rec=0.000000e+00 train_recT=5.148585e-07 train_fc=1.110122e-03 train_decoder_tail=0.000000e+00
I 07.01/21:13:52 train_mapper.py:622 ] epoch=0289 train_loss=1.086266e-02 train_mse=2.182820e-03 train_cos=0.998315 train_nmse=-24.684dB train_rec=0.000000e+00 train_recT=5.079156e-07 train_fc=1.102260e-03 train_decoder_tail=0.000000e+00
I 07.01/21:15:09 train_mapper.py:622 ] epoch=0290 train_loss=1.083817e-02 train_mse=2.177810e-03 train_cos=0.998318 train_nmse=-24.694dB train_rec=0.000000e+00 train_recT=5.084420e-07 train_fc=1.100039e-03 train_decoder_tail=0.000000e+00
I 07.01/21:16:24 train_mapper.py:622 ] epoch=0291 train_loss=1.085173e-02 train_mse=2.179947e-03 train_cos=0.998316 train_nmse=-24.689dB train_rec=0.000000e+00 train_recT=5.097335e-07 train_fc=1.101259e-03 train_decoder_tail=0.000000e+00
I 07.01/21:17:34 train_mapper.py:622 ] epoch=0292 train_loss=1.078755e-02 train_mse=2.167458e-03 train_cos=0.998327 train_nmse=-24.714dB train_rec=0.000000e+00 train_recT=5.043026e-07 train_fc=1.094969e-03 train_decoder_tail=0.000000e+00
I 07.01/21:18:48 train_mapper.py:622 ] epoch=0293 train_loss=1.084395e-02 train_mse=2.177491e-03 train_cos=0.998318 train_nmse=-24.695dB train_rec=0.000000e+00 train_recT=5.109101e-07 train_fc=1.101071e-03 train_decoder_tail=0.000000e+00
I 07.01/21:19:58 train_mapper.py:622 ] epoch=0294 train_loss=1.078440e-02 train_mse=2.165950e-03 train_cos=0.998329 train_nmse=-24.717dB train_rec=0.000000e+00 train_recT=5.074445e-07 train_fc=1.094820e-03 train_decoder_tail=0.000000e+00
I 07.01/21:21:14 train_mapper.py:622 ] epoch=0295 train_loss=1.078693e-02 train_mse=2.165886e-03 train_cos=0.998328 train_nmse=-24.718dB train_rec=0.000000e+00 train_recT=5.041778e-07 train_fc=1.093842e-03 train_decoder_tail=0.000000e+00
I 07.01/21:22:26 train_mapper.py:622 ] epoch=0296 train_loss=1.073535e-02 train_mse=2.155701e-03 train_cos=0.998337 train_nmse=-24.738dB train_rec=0.000000e+00 train_recT=5.023212e-07 train_fc=1.089931e-03 train_decoder_tail=0.000000e+00
I 07.01/21:23:38 train_mapper.py:622 ] epoch=0297 train_loss=1.077166e-02 train_mse=2.161901e-03 train_cos=0.998331 train_nmse=-24.726dB train_rec=0.000000e+00 train_recT=5.068921e-07 train_fc=1.093664e-03 train_decoder_tail=0.000000e+00
I 07.01/21:24:47 train_mapper.py:622 ] epoch=0298 train_loss=1.069225e-02 train_mse=2.146322e-03 train_cos=0.998343 train_nmse=-24.757dB train_rec=0.000000e+00 train_recT=4.991156e-07 train_fc=1.084957e-03 train_decoder_tail=0.000000e+00
I 07.01/21:26:01 train_mapper.py:622 ] epoch=0299 train_loss=1.069248e-02 train_mse=2.145948e-03 train_cos=0.998343 train_nmse=-24.758dB train_rec=0.000000e+00 train_recT=4.992788e-07 train_fc=1.084020e-03 train_decoder_tail=0.000000e+00
I 07.01/21:27:13 train_mapper.py:622 ] epoch=0300 train_loss=1.072493e-02 train_mse=2.151948e-03 train_cos=0.998339 train_nmse=-24.746dB train_rec=0.000000e+00 train_recT=5.064106e-07 train_fc=1.087910e-03 train_decoder_tail=0.000000e+00
I 07.01/21:28:25 train_mapper.py:622 ] epoch=0301 train_loss=1.066862e-02 train_mse=2.140778e-03 train_cos=0.998348 train_nmse=-24.768dB train_rec=0.000000e+00 train_recT=5.019892e-07 train_fc=1.082274e-03 train_decoder_tail=0.000000e+00
I 07.01/21:29:39 train_mapper.py:622 ] epoch=0302 train_loss=1.065752e-02 train_mse=2.138194e-03 train_cos=0.998350 train_nmse=-24.773dB train_rec=0.000000e+00 train_recT=5.003823e-07 train_fc=1.080240e-03 train_decoder_tail=0.000000e+00
I 07.01/21:30:56 train_mapper.py:622 ] epoch=0303 train_loss=1.061715e-02 train_mse=2.129996e-03 train_cos=0.998356 train_nmse=-24.790dB train_rec=0.000000e+00 train_recT=4.959660e-07 train_fc=1.075478e-03 train_decoder_tail=0.000000e+00
I 07.01/21:32:13 train_mapper.py:622 ] epoch=0304 train_loss=1.061378e-02 train_mse=2.128885e-03 train_cos=0.998356 train_nmse=-24.792dB train_rec=0.000000e+00 train_recT=4.970228e-07 train_fc=1.075583e-03 train_decoder_tail=0.000000e+00
I 07.01/21:33:28 train_mapper.py:622 ] epoch=0305 train_loss=1.067076e-02 train_mse=2.139259e-03 train_cos=0.998348 train_nmse=-24.771dB train_rec=0.000000e+00 train_recT=5.060326e-07 train_fc=1.083529e-03 train_decoder_tail=0.000000e+00
I 07.01/21:34:38 train_mapper.py:622 ] epoch=0306 train_loss=1.059777e-02 train_mse=2.124895e-03 train_cos=0.998359 train_nmse=-24.801dB train_rec=0.000000e+00 train_recT=4.949703e-07 train_fc=1.074641e-03 train_decoder_tail=0.000000e+00
I 07.01/21:35:51 train_mapper.py:622 ] epoch=0307 train_loss=1.054461e-02 train_mse=2.114751e-03 train_cos=0.998367 train_nmse=-24.822dB train_rec=0.000000e+00 train_recT=4.909295e-07 train_fc=1.068496e-03 train_decoder_tail=0.000000e+00
I 07.01/21:37:06 train_mapper.py:622 ] epoch=0308 train_loss=1.054913e-02 train_mse=2.114799e-03 train_cos=0.998366 train_nmse=-24.821dB train_rec=0.000000e+00 train_recT=4.930287e-07 train_fc=1.069452e-03 train_decoder_tail=0.000000e+00
I 07.01/21:38:14 train_mapper.py:622 ] epoch=0309 train_loss=1.051125e-02 train_mse=2.107173e-03 train_cos=0.998372 train_nmse=-24.837dB train_rec=0.000000e+00 train_recT=4.897691e-07 train_fc=1.064098e-03 train_decoder_tail=0.000000e+00
I 07.01/21:39:30 train_mapper.py:622 ] epoch=0310 train_loss=1.052031e-02 train_mse=2.108593e-03 train_cos=0.998372 train_nmse=-24.834dB train_rec=0.000000e+00 train_recT=4.896875e-07 train_fc=1.065183e-03 train_decoder_tail=0.000000e+00
I 07.01/21:40:45 train_mapper.py:622 ] epoch=0311 train_loss=1.054908e-02 train_mse=2.113674e-03 train_cos=0.998369 train_nmse=-24.824dB train_rec=0.000000e+00 train_recT=4.966685e-07 train_fc=1.068954e-03 train_decoder_tail=0.000000e+00
I 07.01/21:41:56 train_mapper.py:622 ] epoch=0312 train_loss=1.054596e-02 train_mse=2.112867e-03 train_cos=0.998369 train_nmse=-24.825dB train_rec=0.000000e+00 train_recT=4.953550e-07 train_fc=1.069073e-03 train_decoder_tail=0.000000e+00
I 07.01/21:43:08 train_mapper.py:622 ] epoch=0313 train_loss=1.046869e-02 train_mse=2.097898e-03 train_cos=0.998381 train_nmse=-24.856dB train_rec=0.000000e+00 train_recT=4.881494e-07 train_fc=1.060167e-03 train_decoder_tail=0.000000e+00
I 07.01/21:44:18 train_mapper.py:622 ] epoch=0314 train_loss=1.046380e-02 train_mse=2.096291e-03 train_cos=0.998381 train_nmse=-24.860dB train_rec=0.000000e+00 train_recT=4.908920e-07 train_fc=1.059501e-03 train_decoder_tail=0.000000e+00
I 07.01/21:45:39 train_mapper.py:622 ] epoch=0315 train_loss=1.042814e-02 train_mse=2.088907e-03 train_cos=0.998386 train_nmse=-24.875dB train_rec=0.000000e+00 train_recT=4.862010e-07 train_fc=1.055111e-03 train_decoder_tail=0.000000e+00
I 07.01/21:46:57 train_mapper.py:622 ] epoch=0316 train_loss=1.041134e-02 train_mse=2.085307e-03 train_cos=0.998390 train_nmse=-24.882dB train_rec=0.000000e+00 train_recT=4.855393e-07 train_fc=1.053460e-03 train_decoder_tail=0.000000e+00
I 07.01/21:48:14 train_mapper.py:622 ] epoch=0317 train_loss=1.043457e-02 train_mse=2.089613e-03 train_cos=0.998386 train_nmse=-24.873dB train_rec=0.000000e+00 train_recT=4.880292e-07 train_fc=1.055217e-03 train_decoder_tail=0.000000e+00
I 07.01/21:49:35 train_mapper.py:622 ] epoch=0318 train_loss=1.040090e-02 train_mse=2.082671e-03 train_cos=0.998391 train_nmse=-24.888dB train_rec=0.000000e+00 train_recT=4.844056e-07 train_fc=1.052545e-03 train_decoder_tail=0.000000e+00
I 07.01/21:51:03 train_mapper.py:622 ] epoch=0319 train_loss=1.037854e-02 train_mse=2.078032e-03 train_cos=0.998395 train_nmse=-24.898dB train_rec=0.000000e+00 train_recT=4.820544e-07 train_fc=1.048921e-03 train_decoder_tail=0.000000e+00
I 07.01/21:52:27 train_mapper.py:622 ] epoch=0320 train_loss=1.037286e-02 train_mse=2.076712e-03 train_cos=0.998397 train_nmse=-24.901dB train_rec=0.000000e+00 train_recT=4.845738e-07 train_fc=1.048857e-03 train_decoder_tail=0.000000e+00
I 07.01/21:53:49 train_mapper.py:622 ] epoch=0321 train_loss=1.039111e-02 train_mse=2.079909e-03 train_cos=0.998394 train_nmse=-24.894dB train_rec=0.000000e+00 train_recT=4.896025e-07 train_fc=1.052785e-03 train_decoder_tail=0.000000e+00
I 07.01/21:55:05 train_mapper.py:622 ] epoch=0322 train_loss=1.029908e-02 train_mse=2.061770e-03 train_cos=0.998408 train_nmse=-24.932dB train_rec=0.000000e+00 train_recT=4.781461e-07 train_fc=1.041258e-03 train_decoder_tail=0.000000e+00
I 07.01/21:56:15 train_mapper.py:622 ] epoch=0323 train_loss=1.031194e-02 train_mse=2.064066e-03 train_cos=0.998406 train_nmse=-24.927dB train_rec=0.000000e+00 train_recT=4.787032e-07 train_fc=1.042792e-03 train_decoder_tail=0.000000e+00
I 07.01/21:57:22 train_mapper.py:622 ] epoch=0324 train_loss=1.032889e-02 train_mse=2.066643e-03 train_cos=0.998403 train_nmse=-24.921dB train_rec=0.000000e+00 train_recT=4.805376e-07 train_fc=1.044325e-03 train_decoder_tail=0.000000e+00
I 07.01/21:58:35 train_mapper.py:622 ] epoch=0325 train_loss=1.031490e-02 train_mse=2.063814e-03 train_cos=0.998406 train_nmse=-24.927dB train_rec=0.000000e+00 train_recT=4.823198e-07 train_fc=1.043073e-03 train_decoder_tail=0.000000e+00
I 07.01/21:59:42 train_mapper.py:622 ] epoch=0326 train_loss=1.026542e-02 train_mse=2.053957e-03 train_cos=0.998414 train_nmse=-24.948dB train_rec=0.000000e+00 train_recT=4.769481e-07 train_fc=1.038418e-03 train_decoder_tail=0.000000e+00
I 07.01/22:00:48 train_mapper.py:622 ] epoch=0327 train_loss=1.028652e-02 train_mse=2.057905e-03 train_cos=0.998412 train_nmse=-24.940dB train_rec=0.000000e+00 train_recT=4.790545e-07 train_fc=1.039478e-03 train_decoder_tail=0.000000e+00
I 07.01/22:02:03 train_mapper.py:622 ] epoch=0328 train_loss=1.024169e-02 train_mse=2.049056e-03 train_cos=0.998419 train_nmse=-24.958dB train_rec=0.000000e+00 train_recT=4.752496e-07 train_fc=1.034465e-03 train_decoder_tail=0.000000e+00
I 07.01/22:03:11 train_mapper.py:622 ] epoch=0329 train_loss=1.026356e-02 train_mse=2.052586e-03 train_cos=0.998415 train_nmse=-24.951dB train_rec=0.000000e+00 train_recT=4.793894e-07 train_fc=1.038038e-03 train_decoder_tail=0.000000e+00
I 07.01/22:04:14 train_mapper.py:622 ] epoch=0330 train_loss=1.019115e-02 train_mse=2.038732e-03 train_cos=0.998427 train_nmse=-24.980dB train_rec=0.000000e+00 train_recT=4.757066e-07 train_fc=1.030121e-03 train_decoder_tail=0.000000e+00
I 07.01/22:05:16 train_mapper.py:622 ] epoch=0331 train_loss=1.020008e-02 train_mse=2.039929e-03 train_cos=0.998426 train_nmse=-24.978dB train_rec=0.000000e+00 train_recT=4.735167e-07 train_fc=1.029150e-03 train_decoder_tail=0.000000e+00
I 07.01/22:06:14 train_mapper.py:622 ] epoch=0332 train_loss=1.022938e-02 train_mse=2.045219e-03 train_cos=0.998421 train_nmse=-24.967dB train_rec=0.000000e+00 train_recT=4.808141e-07 train_fc=1.035487e-03 train_decoder_tail=0.000000e+00
I 07.01/22:07:13 train_mapper.py:622 ] epoch=0333 train_loss=1.020770e-02 train_mse=2.040582e-03 train_cos=0.998424 train_nmse=-24.977dB train_rec=0.000000e+00 train_recT=4.772282e-07 train_fc=1.032076e-03 train_decoder_tail=0.000000e+00
I 07.01/22:08:15 train_mapper.py:622 ] epoch=0334 train_loss=1.019264e-02 train_mse=2.037577e-03 train_cos=0.998427 train_nmse=-24.983dB train_rec=0.000000e+00 train_recT=4.766416e-07 train_fc=1.030353e-03 train_decoder_tail=0.000000e+00
I 07.01/22:09:19 train_mapper.py:622 ] epoch=0335 train_loss=1.014185e-02 train_mse=2.027335e-03 train_cos=0.998434 train_nmse=-25.005dB train_rec=0.000000e+00 train_recT=4.699862e-07 train_fc=1.024469e-03 train_decoder_tail=0.000000e+00
I 07.01/22:10:25 train_mapper.py:622 ] epoch=0336 train_loss=1.013732e-02 train_mse=2.026367e-03 train_cos=0.998436 train_nmse=-25.007dB train_rec=0.000000e+00 train_recT=4.698428e-07 train_fc=1.023845e-03 train_decoder_tail=0.000000e+00
I 07.01/22:11:36 train_mapper.py:622 ] epoch=0337 train_loss=1.009702e-02 train_mse=2.018253e-03 train_cos=0.998442 train_nmse=-25.024dB train_rec=0.000000e+00 train_recT=4.678963e-07 train_fc=1.018978e-03 train_decoder_tail=0.000000e+00
I 07.01/22:12:45 train_mapper.py:622 ] epoch=0338 train_loss=1.009252e-02 train_mse=2.017112e-03 train_cos=0.998442 train_nmse=-25.027dB train_rec=0.000000e+00 train_recT=4.688363e-07 train_fc=1.018219e-03 train_decoder_tail=0.000000e+00
I 07.01/22:13:55 train_mapper.py:622 ] epoch=0339 train_loss=1.012487e-02 train_mse=2.022677e-03 train_cos=0.998437 train_nmse=-25.015dB train_rec=0.000000e+00 train_recT=4.709726e-07 train_fc=1.023056e-03 train_decoder_tail=0.000000e+00
I 07.01/22:15:00 train_mapper.py:622 ] epoch=0340 train_loss=1.008137e-02 train_mse=2.014600e-03 train_cos=0.998445 train_nmse=-25.032dB train_rec=0.000000e+00 train_recT=4.676332e-07 train_fc=1.017641e-03 train_decoder_tail=0.000000e+00
I 07.01/22:16:06 train_mapper.py:622 ] epoch=0341 train_loss=1.005982e-02 train_mse=2.009968e-03 train_cos=0.998448 train_nmse=-25.042dB train_rec=0.000000e+00 train_recT=4.657865e-07 train_fc=1.014379e-03 train_decoder_tail=0.000000e+00
I 07.01/22:17:06 train_mapper.py:622 ] epoch=0342 train_loss=1.004336e-02 train_mse=2.006395e-03 train_cos=0.998450 train_nmse=-25.050dB train_rec=0.000000e+00 train_recT=4.653101e-07 train_fc=1.013866e-03 train_decoder_tail=0.000000e+00
I 07.01/22:17:57 train_mapper.py:622 ] epoch=0343 train_loss=1.003676e-02 train_mse=2.004722e-03 train_cos=0.998451 train_nmse=-25.053dB train_rec=0.000000e+00 train_recT=4.622409e-07 train_fc=1.011213e-03 train_decoder_tail=0.000000e+00
I 07.01/22:18:51 train_mapper.py:622 ] epoch=0344 train_loss=1.001624e-02 train_mse=2.000475e-03 train_cos=0.998455 train_nmse=-25.063dB train_rec=0.000000e+00 train_recT=4.636987e-07 train_fc=1.009835e-03 train_decoder_tail=0.000000e+00
I 07.01/22:19:44 train_mapper.py:622 ] epoch=0345 train_loss=1.003725e-02 train_mse=2.004239e-03 train_cos=0.998451 train_nmse=-25.055dB train_rec=0.000000e+00 train_recT=4.678118e-07 train_fc=1.013143e-03 train_decoder_tail=0.000000e+00
I 07.01/22:20:39 train_mapper.py:622 ] epoch=0346 train_loss=1.003581e-02 train_mse=2.003758e-03 train_cos=0.998453 train_nmse=-25.056dB train_rec=0.000000e+00 train_recT=4.642307e-07 train_fc=1.011832e-03 train_decoder_tail=0.000000e+00
I 07.01/22:21:33 train_mapper.py:622 ] epoch=0347 train_loss=1.002711e-02 train_mse=2.001763e-03 train_cos=0.998455 train_nmse=-25.060dB train_rec=0.000000e+00 train_recT=4.677223e-07 train_fc=1.011562e-03 train_decoder_tail=0.000000e+00
I 07.01/22:22:26 train_mapper.py:622 ] epoch=0348 train_loss=9.957699e-03 train_mse=1.988208e-03 train_cos=0.998465 train_nmse=-25.089dB train_rec=0.000000e+00 train_recT=4.613781e-07 train_fc=1.005095e-03 train_decoder_tail=0.000000e+00
I 07.01/22:23:14 train_mapper.py:622 ] epoch=0349 train_loss=9.962102e-03 train_mse=1.988765e-03 train_cos=0.998464 train_nmse=-25.088dB train_rec=0.000000e+00 train_recT=4.640173e-07 train_fc=1.004747e-03 train_decoder_tail=0.000000e+00
I 07.01/22:23:59 train_mapper.py:622 ] epoch=0350 train_loss=9.938206e-03 train_mse=1.983801e-03 train_cos=0.998468 train_nmse=-25.099dB train_rec=0.000000e+00 train_recT=4.594169e-07 train_fc=1.001661e-03 train_decoder_tail=0.000000e+00
I 07.01/22:24:39 train_mapper.py:622 ] epoch=0351 train_loss=9.940784e-03 train_mse=1.984043e-03 train_cos=0.998467 train_nmse=-25.099dB train_rec=0.000000e+00 train_recT=4.592016e-07 train_fc=1.002093e-03 train_decoder_tail=0.000000e+00
I 07.01/22:25:28 train_mapper.py:622 ] epoch=0352 train_loss=9.954686e-03 train_mse=1.986452e-03 train_cos=0.998466 train_nmse=-25.093dB train_rec=0.000000e+00 train_recT=4.653354e-07 train_fc=1.005603e-03 train_decoder_tail=0.000000e+00
I 07.01/22:26:17 train_mapper.py:622 ] epoch=0353 train_loss=9.877204e-03 train_mse=1.971623e-03 train_cos=0.998478 train_nmse=-25.126dB train_rec=0.000000e+00 train_recT=4.552009e-07 train_fc=9.955814e-04 train_decoder_tail=0.000000e+00
I 07.01/22:27:10 train_mapper.py:622 ] epoch=0354 train_loss=9.900921e-03 train_mse=1.975420e-03 train_cos=0.998474 train_nmse=-25.117dB train_rec=0.000000e+00 train_recT=4.565754e-07 train_fc=9.968870e-04 train_decoder_tail=0.000000e+00
I 07.01/22:27:58 train_mapper.py:622 ] epoch=0355 train_loss=9.879993e-03 train_mse=1.971379e-03 train_cos=0.998478 train_nmse=-25.126dB train_rec=0.000000e+00 train_recT=4.583214e-07 train_fc=9.959277e-04 train_decoder_tail=0.000000e+00
I 07.01/22:28:47 train_mapper.py:622 ] epoch=0356 train_loss=9.880340e-03 train_mse=1.970970e-03 train_cos=0.998478 train_nmse=-25.127dB train_rec=0.000000e+00 train_recT=4.593086e-07 train_fc=9.958518e-04 train_decoder_tail=0.000000e+00
I 07.01/22:29:35 train_mapper.py:622 ] epoch=0357 train_loss=9.872429e-03 train_mse=1.969259e-03 train_cos=0.998479 train_nmse=-25.131dB train_rec=0.000000e+00 train_recT=4.567469e-07 train_fc=9.946903e-04 train_decoder_tail=0.000000e+00
I 07.01/22:30:20 train_mapper.py:622 ] epoch=0358 train_loss=9.846278e-03 train_mse=1.963959e-03 train_cos=0.998483 train_nmse=-25.143dB train_rec=0.000000e+00 train_recT=4.563932e-07 train_fc=9.923121e-04 train_decoder_tail=0.000000e+00
I 07.01/22:31:17 train_mapper.py:622 ] epoch=0359 train_loss=9.832927e-03 train_mse=1.961264e-03 train_cos=0.998485 train_nmse=-25.149dB train_rec=0.000000e+00 train_recT=4.556887e-07 train_fc=9.912941e-04 train_decoder_tail=0.000000e+00
I 07.01/22:32:13 train_mapper.py:622 ] epoch=0360 train_loss=9.822104e-03 train_mse=1.958735e-03 train_cos=0.998487 train_nmse=-25.154dB train_rec=0.000000e+00 train_recT=4.520412e-07 train_fc=9.890761e-04 train_decoder_tail=0.000000e+00
I 07.01/22:33:06 train_mapper.py:622 ] epoch=0361 train_loss=9.788680e-03 train_mse=1.952332e-03 train_cos=0.998492 train_nmse=-25.169dB train_rec=0.000000e+00 train_recT=4.503765e-07 train_fc=9.864714e-04 train_decoder_tail=0.000000e+00
I 07.01/22:33:58 train_mapper.py:622 ] epoch=0362 train_loss=9.834864e-03 train_mse=1.960509e-03 train_cos=0.998485 train_nmse=-25.150dB train_rec=0.000000e+00 train_recT=4.589929e-07 train_fc=9.920091e-04 train_decoder_tail=0.000000e+00
I 07.01/22:34:48 train_mapper.py:622 ] epoch=0363 train_loss=9.792371e-03 train_mse=1.952475e-03 train_cos=0.998492 train_nmse=-25.168dB train_rec=0.000000e+00 train_recT=4.532894e-07 train_fc=9.857343e-04 train_decoder_tail=0.000000e+00
I 07.01/22:35:39 train_mapper.py:622 ] epoch=0364 train_loss=9.752901e-03 train_mse=1.944688e-03 train_cos=0.998498 train_nmse=-25.186dB train_rec=0.000000e+00 train_recT=4.496603e-07 train_fc=9.823429e-04 train_decoder_tail=0.000000e+00
I 07.01/22:36:29 train_mapper.py:622 ] epoch=0365 train_loss=9.744296e-03 train_mse=1.942786e-03 train_cos=0.998500 train_nmse=-25.190dB train_rec=0.000000e+00 train_recT=4.533418e-07 train_fc=9.809960e-04 train_decoder_tail=0.000000e+00
I 07.01/22:37:17 train_mapper.py:622 ] epoch=0366 train_loss=9.736887e-03 train_mse=1.940975e-03 train_cos=0.998501 train_nmse=-25.194dB train_rec=0.000000e+00 train_recT=4.509333e-07 train_fc=9.799491e-04 train_decoder_tail=0.000000e+00
I 07.01/22:38:04 train_mapper.py:622 ] epoch=0367 train_loss=9.744391e-03 train_mse=1.942281e-03 train_cos=0.998500 train_nmse=-25.191dB train_rec=0.000000e+00 train_recT=4.490255e-07 train_fc=9.811369e-04 train_decoder_tail=0.000000e+00
I 07.01/22:38:48 train_mapper.py:622 ] epoch=0368 train_loss=9.706519e-03 train_mse=1.934915e-03 train_cos=0.998507 train_nmse=-25.207dB train_rec=0.000000e+00 train_recT=4.489707e-07 train_fc=9.769054e-04 train_decoder_tail=0.000000e+00
I 07.01/22:39:32 train_mapper.py:622 ] epoch=0369 train_loss=9.725618e-03 train_mse=1.937972e-03 train_cos=0.998502 train_nmse=-25.201dB train_rec=0.000000e+00 train_recT=4.457735e-07 train_fc=9.779722e-04 train_decoder_tail=0.000000e+00
I 07.01/22:40:16 train_mapper.py:622 ] epoch=0370 train_loss=9.703175e-03 train_mse=1.933457e-03 train_cos=0.998506 train_nmse=-25.211dB train_rec=0.000000e+00 train_recT=4.508054e-07 train_fc=9.778508e-04 train_decoder_tail=0.000000e+00
I 07.01/22:41:03 train_mapper.py:622 ] epoch=0371 train_loss=9.675501e-03 train_mse=1.928162e-03 train_cos=0.998511 train_nmse=-25.223dB train_rec=0.000000e+00 train_recT=4.447385e-07 train_fc=9.737749e-04 train_decoder_tail=0.000000e+00
I 07.01/22:41:52 train_mapper.py:622 ] epoch=0372 train_loss=9.672191e-03 train_mse=1.927312e-03 train_cos=0.998512 train_nmse=-25.224dB train_rec=0.000000e+00 train_recT=4.455315e-07 train_fc=9.724808e-04 train_decoder_tail=0.000000e+00
I 07.01/22:42:41 train_mapper.py:622 ] epoch=0373 train_loss=9.653204e-03 train_mse=1.923422e-03 train_cos=0.998515 train_nmse=-25.233dB train_rec=0.000000e+00 train_recT=4.462699e-07 train_fc=9.728495e-04 train_decoder_tail=0.000000e+00
I 07.01/22:43:28 train_mapper.py:622 ] epoch=0374 train_loss=9.684149e-03 train_mse=1.928622e-03 train_cos=0.998510 train_nmse=-25.222dB train_rec=0.000000e+00 train_recT=4.481327e-07 train_fc=9.733549e-04 train_decoder_tail=0.000000e+00
I 07.01/22:44:26 train_mapper.py:622 ] epoch=0375 train_loss=9.642375e-03 train_mse=1.920846e-03 train_cos=0.998517 train_nmse=-25.239dB train_rec=0.000000e+00 train_recT=4.428338e-07 train_fc=9.690680e-04 train_decoder_tail=0.000000e+00
I 07.01/22:45:10 train_mapper.py:622 ] epoch=0376 train_loss=9.621645e-03 train_mse=1.916502e-03 train_cos=0.998520 train_nmse=-25.249dB train_rec=0.000000e+00 train_recT=4.427089e-07 train_fc=9.663797e-04 train_decoder_tail=0.000000e+00
I 07.01/22:45:55 train_mapper.py:622 ] epoch=0377 train_loss=9.629403e-03 train_mse=1.917482e-03 train_cos=0.998518 train_nmse=-25.247dB train_rec=0.000000e+00 train_recT=4.427642e-07 train_fc=9.672715e-04 train_decoder_tail=0.000000e+00
I 07.01/22:46:38 train_mapper.py:622 ] epoch=0378 train_loss=9.605795e-03 train_mse=1.912645e-03 train_cos=0.998522 train_nmse=-25.258dB train_rec=0.000000e+00 train_recT=4.435625e-07 train_fc=9.665836e-04 train_decoder_tail=0.000000e+00
I 07.01/22:47:19 train_mapper.py:622 ] epoch=0379 train_loss=9.574635e-03 train_mse=1.906859e-03 train_cos=0.998527 train_nmse=-25.271dB train_rec=0.000000e+00 train_recT=4.405660e-07 train_fc=9.623396e-04 train_decoder_tail=0.000000e+00
I 07.01/22:48:00 train_mapper.py:622 ] epoch=0380 train_loss=9.569002e-03 train_mse=1.905540e-03 train_cos=0.998529 train_nmse=-25.274dB train_rec=0.000000e+00 train_recT=4.399917e-07 train_fc=9.617906e-04 train_decoder_tail=0.000000e+00
I 07.01/22:48:40 train_mapper.py:622 ] epoch=0381 train_loss=9.593357e-03 train_mse=1.909770e-03 train_cos=0.998525 train_nmse=-25.264dB train_rec=0.000000e+00 train_recT=4.424439e-07 train_fc=9.631253e-04 train_decoder_tail=0.000000e+00
I 07.01/22:49:18 train_mapper.py:622 ] epoch=0382 train_loss=9.536157e-03 train_mse=1.898889e-03 train_cos=0.998534 train_nmse=-25.289dB train_rec=0.000000e+00 train_recT=4.367198e-07 train_fc=9.579997e-04 train_decoder_tail=0.000000e+00
I 07.01/22:49:46 train_mapper.py:622 ] epoch=0383 train_loss=9.609049e-03 train_mse=1.912018e-03 train_cos=0.998522 train_nmse=-25.260dB train_rec=0.000000e+00 train_recT=4.496680e-07 train_fc=9.685160e-04 train_decoder_tail=0.000000e+00
I 07.01/22:50:24 train_mapper.py:622 ] epoch=0384 train_loss=9.516444e-03 train_mse=1.894535e-03 train_cos=0.998537 train_nmse=-25.299dB train_rec=0.000000e+00 train_recT=4.377722e-07 train_fc=9.567302e-04 train_decoder_tail=0.000000e+00
I 07.01/22:51:02 train_mapper.py:622 ] epoch=0385 train_loss=9.512132e-03 train_mse=1.893398e-03 train_cos=0.998537 train_nmse=-25.302dB train_rec=0.000000e+00 train_recT=4.360932e-07 train_fc=9.560834e-04 train_decoder_tail=0.000000e+00
I 07.01/22:51:43 train_mapper.py:622 ] epoch=0386 train_loss=9.479935e-03 train_mse=1.887312e-03 train_cos=0.998543 train_nmse=-25.316dB train_rec=0.000000e+00 train_recT=4.336463e-07 train_fc=9.524720e-04 train_decoder_tail=0.000000e+00
I 07.01/22:52:24 train_mapper.py:622 ] epoch=0387 train_loss=9.483197e-03 train_mse=1.887444e-03 train_cos=0.998542 train_nmse=-25.315dB train_rec=0.000000e+00 train_recT=4.322687e-07 train_fc=9.518966e-04 train_decoder_tail=0.000000e+00
I 07.01/22:53:05 train_mapper.py:622 ] epoch=0388 train_loss=9.505378e-03 train_mse=1.891236e-03 train_cos=0.998539 train_nmse=-25.307dB train_rec=0.000000e+00 train_recT=4.396857e-07 train_fc=9.566996e-04 train_decoder_tail=0.000000e+00
I 07.01/22:53:45 train_mapper.py:622 ] epoch=0389 train_loss=9.496005e-03 train_mse=1.889341e-03 train_cos=0.998540 train_nmse=-25.311dB train_rec=0.000000e+00 train_recT=4.360016e-07 train_fc=9.545423e-04 train_decoder_tail=0.000000e+00
I 07.01/22:54:29 train_mapper.py:622 ] epoch=0390 train_loss=9.467049e-03 train_mse=1.883485e-03 train_cos=0.998545 train_nmse=-25.324dB train_rec=0.000000e+00 train_recT=4.357416e-07 train_fc=9.517234e-04 train_decoder_tail=0.000000e+00
I 07.01/22:55:10 train_mapper.py:622 ] epoch=0391 train_loss=9.454705e-03 train_mse=1.880865e-03 train_cos=0.998547 train_nmse=-25.330dB train_rec=0.000000e+00 train_recT=4.340536e-07 train_fc=9.499718e-04 train_decoder_tail=0.000000e+00
I 07.01/22:55:45 train_mapper.py:622 ] epoch=0392 train_loss=9.434400e-03 train_mse=1.877027e-03 train_cos=0.998550 train_nmse=-25.339dB train_rec=0.000000e+00 train_recT=4.340907e-07 train_fc=9.486769e-04 train_decoder_tail=0.000000e+00
I 07.01/22:56:25 train_mapper.py:622 ] epoch=0393 train_loss=9.462768e-03 train_mse=1.881759e-03 train_cos=0.998545 train_nmse=-25.328dB train_rec=0.000000e+00 train_recT=4.343043e-07 train_fc=9.497948e-04 train_decoder_tail=0.000000e+00
I 07.01/22:57:06 train_mapper.py:622 ] epoch=0394 train_loss=9.451141e-03 train_mse=1.879402e-03 train_cos=0.998549 train_nmse=-25.334dB train_rec=0.000000e+00 train_recT=4.365532e-07 train_fc=9.487171e-04 train_decoder_tail=0.000000e+00
I 07.01/22:57:51 train_mapper.py:622 ] epoch=0395 train_loss=9.409628e-03 train_mse=1.871657e-03 train_cos=0.998555 train_nmse=-25.352dB train_rec=0.000000e+00 train_recT=4.331631e-07 train_fc=9.454258e-04 train_decoder_tail=0.000000e+00
I 07.01/22:58:34 train_mapper.py:622 ] epoch=0396 train_loss=9.374000e-03 train_mse=1.864724e-03 train_cos=0.998560 train_nmse=-25.368dB train_rec=0.000000e+00 train_recT=4.310353e-07 train_fc=9.408378e-04 train_decoder_tail=0.000000e+00
I 07.01/22:59:13 train_mapper.py:622 ] epoch=0397 train_loss=9.359641e-03 train_mse=1.861877e-03 train_cos=0.998562 train_nmse=-25.375dB train_rec=0.000000e+00 train_recT=4.277828e-07 train_fc=9.388432e-04 train_decoder_tail=0.000000e+00
I 07.01/22:59:54 train_mapper.py:622 ] epoch=0398 train_loss=9.379564e-03 train_mse=1.865199e-03 train_cos=0.998559 train_nmse=-25.367dB train_rec=0.000000e+00 train_recT=4.304258e-07 train_fc=9.412679e-04 train_decoder_tail=0.000000e+00
I 07.01/23:00:34 train_mapper.py:622 ] epoch=0399 train_loss=9.407923e-03 train_mse=1.870285e-03 train_cos=0.998555 train_nmse=-25.355dB train_rec=0.000000e+00 train_recT=4.316403e-07 train_fc=9.437830e-04 train_decoder_tail=0.000000e+00
I 07.01/23:01:17 train_mapper.py:622 ] epoch=0400 train_loss=9.384087e-03 train_mse=1.865504e-03 train_cos=0.998559 train_nmse=-25.366dB train_rec=0.000000e+00 train_recT=4.291812e-07 train_fc=9.417007e-04 train_decoder_tail=0.000000e+00
I 07.01/23:04:48 train_mapper.py:738 ] best_loss_epoch=397 best_loss_selection=train_loss best_loss_metric=9.359641e-03 best_loss_mse=1.861877e-03 best_loss_loss=9.359641e-03
I 07.01/23:04:48 train_mapper.py:743 ] best_mse_epoch=397 best_mse_selection=train_mse best_mse_metric=1.861877e-03 best_mse_mse=1.861877e-03 best_mse_loss=9.359641e-03
I 07.01/23:04:48 train_mapper.py:749 ] all_best_loss_mse=1.831104e-03 all_best_loss_cos=0.998586 all_best_loss_nmse=-25.447dB
I 07.01/23:04:48 train_mapper.py:753 ] all_best_mse_mse=1.831104e-03 all_best_mse_cos=0.998586 all_best_mse_nmse=-25.447dB
