I 07.01/03:34:00 train_mapper.py:431 ] => Experiment directory: mapper/exps/hybrid/tail_whiten1e-4/seed2026_crnet_transnet_to_seed42_transnet_lr5e-4_ep400
I 07.01/03:34:00 train_mapper.py:432 ] => Checkpoint directory: mapper/exps/hybrid/tail_whiten1e-4/seed2026_crnet_transnet_to_seed42_transnet_lr5e-4_ep400/checkpoints
I 07.01/03:34:00 train_mapper.py:433 ] => Codeword directory: mapper/exps/hybrid/tail_whiten1e-4/seed2026_crnet_transnet_to_seed42_transnet_lr5e-4_ep400/codewords
I 07.01/03:34:00 train_mapper.py:434 ] => TensorBoard directory: mapper/exps/hybrid/tail_whiten1e-4/seed2026_crnet_transnet_to_seed42_transnet_lr5e-4_ep400/tensorboard
I 07.01/03:34:37 train_mapper.py:524 ] device=cuda
I 07.01/03:34:37 train_mapper.py:525 ] mapper=hybrid, params=23108608
I 07.01/03:34:37 train_mapper.py:527 ] train=100000, val=0, code_dim=512
I 07.01/03:34:37 train_mapper.py:529 ] val_ratio<=0: skip per-epoch validation; select best checkpoint by train loss
I 07.01/03:34:37 train_mapper.py:531 ] loss=mse + smoothl1*0.0 + sample_tail*0.1 + dim_tail*0.05 + whiten*0.0001 + rec*0.0 + recT*0.0 + fc*0.0 + decoder_tail*0.0 + cos*0.0 + cov*0.0
I 07.01/03:34:58 train_mapper.py:615 ] epoch=0001 train_loss=4.187568e-01 train_mse=3.386890e-01 train_cos=0.823401 train_nmse=-3.493dB train_rec=0.000000e+00 train_recT=0.000000e+00 train_fc=0.000000e+00 train_decoder_tail=0.000000e+00
I 07.01/03:35:24 train_mapper.py:615 ] epoch=0002 train_loss=1.560208e-01 train_mse=1.273604e-01 train_cos=0.943625 train_nmse=-7.056dB train_rec=0.000000e+00 train_recT=0.000000e+00 train_fc=0.000000e+00 train_decoder_tail=0.000000e+00
I 07.01/03:35:47 train_mapper.py:615 ] epoch=0003 train_loss=1.087318e-01 train_mse=8.847769e-02 train_cos=0.960766 train_nmse=-8.618dB train_rec=0.000000e+00 train_recT=0.000000e+00 train_fc=0.000000e+00 train_decoder_tail=0.000000e+00
I 07.01/03:36:14 train_mapper.py:615 ] epoch=0004 train_loss=8.559103e-02 train_mse=6.932532e-02 train_cos=0.967873 train_nmse=-9.669dB train_rec=0.000000e+00 train_recT=0.000000e+00 train_fc=0.000000e+00 train_decoder_tail=0.000000e+00
I 07.01/03:36:33 train_mapper.py:615 ] epoch=0005 train_loss=7.223727e-02 train_mse=5.824733e-02 train_cos=0.971664 train_nmse=-10.423dB train_rec=0.000000e+00 train_recT=0.000000e+00 train_fc=0.000000e+00 train_decoder_tail=0.000000e+00
I 07.01/03:36:53 train_mapper.py:615 ] epoch=0006 train_loss=6.396787e-02 train_mse=5.133728e-02 train_cos=0.974134 train_nmse=-10.970dB train_rec=0.000000e+00 train_recT=0.000000e+00 train_fc=0.000000e+00 train_decoder_tail=0.000000e+00
I 07.01/03:37:18 train_mapper.py:615 ] epoch=0007 train_loss=5.871691e-02 train_mse=4.689910e-02 train_cos=0.975917 train_nmse=-11.362dB train_rec=0.000000e+00 train_recT=0.000000e+00 train_fc=0.000000e+00 train_decoder_tail=0.000000e+00
I 07.01/03:37:40 train_mapper.py:615 ] epoch=0008 train_loss=5.523664e-02 train_mse=4.393688e-02 train_cos=0.977256 train_nmse=-11.646dB train_rec=0.000000e+00 train_recT=0.000000e+00 train_fc=0.000000e+00 train_decoder_tail=0.000000e+00
I 07.01/03:38:02 train_mapper.py:615 ] epoch=0009 train_loss=5.233979e-02 train_mse=4.149139e-02 train_cos=0.978592 train_nmse=-11.895dB train_rec=0.000000e+00 train_recT=0.000000e+00 train_fc=0.000000e+00 train_decoder_tail=0.000000e+00
I 07.01/03:38:23 train_mapper.py:615 ] epoch=0010 train_loss=5.012563e-02 train_mse=3.963134e-02 train_cos=0.979661 train_nmse=-12.094dB train_rec=0.000000e+00 train_recT=0.000000e+00 train_fc=0.000000e+00 train_decoder_tail=0.000000e+00
I 07.01/03:38:43 train_mapper.py:615 ] epoch=0011 train_loss=4.817996e-02 train_mse=3.803149e-02 train_cos=0.980594 train_nmse=-12.273dB train_rec=0.000000e+00 train_recT=0.000000e+00 train_fc=0.000000e+00 train_decoder_tail=0.000000e+00
I 07.01/03:39:06 train_mapper.py:615 ] epoch=0012 train_loss=4.652956e-02 train_mse=3.667937e-02 train_cos=0.981374 train_nmse=-12.430dB train_rec=0.000000e+00 train_recT=0.000000e+00 train_fc=0.000000e+00 train_decoder_tail=0.000000e+00
I 07.01/03:39:24 train_mapper.py:615 ] epoch=0013 train_loss=4.501022e-02 train_mse=3.545293e-02 train_cos=0.982052 train_nmse=-12.578dB train_rec=0.000000e+00 train_recT=0.000000e+00 train_fc=0.000000e+00 train_decoder_tail=0.000000e+00
I 07.01/03:39:42 train_mapper.py:615 ] epoch=0014 train_loss=4.350452e-02 train_mse=3.423313e-02 train_cos=0.982722 train_nmse=-12.730dB train_rec=0.000000e+00 train_recT=0.000000e+00 train_fc=0.000000e+00 train_decoder_tail=0.000000e+00
I 07.01/03:40:01 train_mapper.py:615 ] epoch=0015 train_loss=4.190242e-02 train_mse=3.293406e-02 train_cos=0.983440 train_nmse=-12.898dB train_rec=0.000000e+00 train_recT=0.000000e+00 train_fc=0.000000e+00 train_decoder_tail=0.000000e+00
I 07.01/03:40:22 train_mapper.py:615 ] epoch=0016 train_loss=4.144846e-02 train_mse=3.256655e-02 train_cos=0.983368 train_nmse=-12.948dB train_rec=0.000000e+00 train_recT=0.000000e+00 train_fc=0.000000e+00 train_decoder_tail=0.000000e+00
I 07.01/03:40:38 train_mapper.py:615 ] epoch=0017 train_loss=3.919693e-02 train_mse=3.071964e-02 train_cos=0.984503 train_nmse=-13.200dB train_rec=0.000000e+00 train_recT=0.000000e+00 train_fc=0.000000e+00 train_decoder_tail=0.000000e+00
I 07.01/03:40:55 train_mapper.py:615 ] epoch=0018 train_loss=3.794408e-02 train_mse=2.969278e-02 train_cos=0.984901 train_nmse=-13.348dB train_rec=0.000000e+00 train_recT=0.000000e+00 train_fc=0.000000e+00 train_decoder_tail=0.000000e+00
I 07.01/03:41:16 train_mapper.py:615 ] epoch=0019 train_loss=3.653685e-02 train_mse=2.850025e-02 train_cos=0.985356 train_nmse=-13.526dB train_rec=0.000000e+00 train_recT=0.000000e+00 train_fc=0.000000e+00 train_decoder_tail=0.000000e+00
I 07.01/03:41:35 train_mapper.py:615 ] epoch=0020 train_loss=3.516134e-02 train_mse=2.731316e-02 train_cos=0.985651 train_nmse=-13.711dB train_rec=0.000000e+00 train_recT=0.000000e+00 train_fc=0.000000e+00 train_decoder_tail=0.000000e+00
I 07.01/03:41:53 train_mapper.py:615 ] epoch=0021 train_loss=3.339060e-02 train_mse=2.572406e-02 train_cos=0.985911 train_nmse=-13.971dB train_rec=0.000000e+00 train_recT=0.000000e+00 train_fc=0.000000e+00 train_decoder_tail=0.000000e+00
I 07.01/03:42:14 train_mapper.py:615 ] epoch=0022 train_loss=3.127734e-02 train_mse=2.383984e-02 train_cos=0.985922 train_nmse=-14.302dB train_rec=0.000000e+00 train_recT=0.000000e+00 train_fc=0.000000e+00 train_decoder_tail=0.000000e+00
I 07.01/03:42:32 train_mapper.py:615 ] epoch=0023 train_loss=2.904793e-02 train_mse=2.206532e-02 train_cos=0.986019 train_nmse=-14.637dB train_rec=0.000000e+00 train_recT=0.000000e+00 train_fc=0.000000e+00 train_decoder_tail=0.000000e+00
I 07.01/03:42:50 train_mapper.py:615 ] epoch=0024 train_loss=2.709421e-02 train_mse=2.061628e-02 train_cos=0.986305 train_nmse=-14.932dB train_rec=0.000000e+00 train_recT=0.000000e+00 train_fc=0.000000e+00 train_decoder_tail=0.000000e+00
I 07.01/03:43:10 train_mapper.py:615 ] epoch=0025 train_loss=2.554568e-02 train_mse=1.949669e-02 train_cos=0.986622 train_nmse=-15.175dB train_rec=0.000000e+00 train_recT=0.000000e+00 train_fc=0.000000e+00 train_decoder_tail=0.000000e+00
I 07.01/03:43:29 train_mapper.py:615 ] epoch=0026 train_loss=2.454309e-02 train_mse=1.879043e-02 train_cos=0.986769 train_nmse=-15.335dB train_rec=0.000000e+00 train_recT=0.000000e+00 train_fc=0.000000e+00 train_decoder_tail=0.000000e+00
I 07.01/03:43:48 train_mapper.py:615 ] epoch=0027 train_loss=2.325536e-02 train_mse=1.784573e-02 train_cos=0.987245 train_nmse=-15.559dB train_rec=0.000000e+00 train_recT=0.000000e+00 train_fc=0.000000e+00 train_decoder_tail=0.000000e+00
I 07.01/03:44:11 train_mapper.py:615 ] epoch=0028 train_loss=2.227262e-02 train_mse=1.712590e-02 train_cos=0.987594 train_nmse=-15.738dB train_rec=0.000000e+00 train_recT=0.000000e+00 train_fc=0.000000e+00 train_decoder_tail=0.000000e+00
I 07.01/03:44:30 train_mapper.py:615 ] epoch=0029 train_loss=2.177891e-02 train_mse=1.678337e-02 train_cos=0.987681 train_nmse=-15.825dB train_rec=0.000000e+00 train_recT=0.000000e+00 train_fc=0.000000e+00 train_decoder_tail=0.000000e+00
I 07.01/03:44:48 train_mapper.py:615 ] epoch=0030 train_loss=2.089762e-02 train_mse=1.612815e-02 train_cos=0.988076 train_nmse=-15.998dB train_rec=0.000000e+00 train_recT=0.000000e+00 train_fc=0.000000e+00 train_decoder_tail=0.000000e+00
I 07.01/03:45:06 train_mapper.py:615 ] epoch=0031 train_loss=2.028984e-02 train_mse=1.567874e-02 train_cos=0.988319 train_nmse=-16.121dB train_rec=0.000000e+00 train_recT=0.000000e+00 train_fc=0.000000e+00 train_decoder_tail=0.000000e+00
I 07.01/03:45:25 train_mapper.py:615 ] epoch=0032 train_loss=2.007590e-02 train_mse=1.553438e-02 train_cos=0.988335 train_nmse=-16.162dB train_rec=0.000000e+00 train_recT=0.000000e+00 train_fc=0.000000e+00 train_decoder_tail=0.000000e+00
I 07.01/03:45:43 train_mapper.py:615 ] epoch=0033 train_loss=1.940939e-02 train_mse=1.503150e-02 train_cos=0.988666 train_nmse=-16.304dB train_rec=0.000000e+00 train_recT=0.000000e+00 train_fc=0.000000e+00 train_decoder_tail=0.000000e+00
I 07.01/03:46:00 train_mapper.py:615 ] epoch=0034 train_loss=1.889442e-02 train_mse=1.464616e-02 train_cos=0.988903 train_nmse=-16.417dB train_rec=0.000000e+00 train_recT=0.000000e+00 train_fc=0.000000e+00 train_decoder_tail=0.000000e+00
I 07.01/03:46:19 train_mapper.py:615 ] epoch=0035 train_loss=1.841826e-02 train_mse=1.428241e-02 train_cos=0.989135 train_nmse=-16.526dB train_rec=0.000000e+00 train_recT=0.000000e+00 train_fc=0.000000e+00 train_decoder_tail=0.000000e+00
I 07.01/03:46:36 train_mapper.py:615 ] epoch=0036 train_loss=1.809554e-02 train_mse=1.404236e-02 train_cos=0.989268 train_nmse=-16.600dB train_rec=0.000000e+00 train_recT=0.000000e+00 train_fc=0.000000e+00 train_decoder_tail=0.000000e+00
I 07.01/03:46:53 train_mapper.py:615 ] epoch=0037 train_loss=1.768525e-02 train_mse=1.372952e-02 train_cos=0.989482 train_nmse=-16.698dB train_rec=0.000000e+00 train_recT=0.000000e+00 train_fc=0.000000e+00 train_decoder_tail=0.000000e+00
I 07.01/03:47:13 train_mapper.py:615 ] epoch=0038 train_loss=1.745195e-02 train_mse=1.355166e-02 train_cos=0.989580 train_nmse=-16.754dB train_rec=0.000000e+00 train_recT=0.000000e+00 train_fc=0.000000e+00 train_decoder_tail=0.000000e+00
I 07.01/03:47:30 train_mapper.py:615 ] epoch=0039 train_loss=1.707268e-02 train_mse=1.326021e-02 train_cos=0.989781 train_nmse=-16.850dB train_rec=0.000000e+00 train_recT=0.000000e+00 train_fc=0.000000e+00 train_decoder_tail=0.000000e+00
I 07.01/03:47:48 train_mapper.py:615 ] epoch=0040 train_loss=1.684299e-02 train_mse=1.308814e-02 train_cos=0.989895 train_nmse=-16.906dB train_rec=0.000000e+00 train_recT=0.000000e+00 train_fc=0.000000e+00 train_decoder_tail=0.000000e+00
I 07.01/03:48:10 train_mapper.py:615 ] epoch=0041 train_loss=1.657676e-02 train_mse=1.287718e-02 train_cos=0.990029 train_nmse=-16.976dB train_rec=0.000000e+00 train_recT=0.000000e+00 train_fc=0.000000e+00 train_decoder_tail=0.000000e+00
I 07.01/03:48:30 train_mapper.py:615 ] epoch=0042 train_loss=1.621176e-02 train_mse=1.259419e-02 train_cos=0.990232 train_nmse=-17.073dB train_rec=0.000000e+00 train_recT=0.000000e+00 train_fc=0.000000e+00 train_decoder_tail=0.000000e+00
I 07.01/03:48:47 train_mapper.py:615 ] epoch=0043 train_loss=1.595883e-02 train_mse=1.240002e-02 train_cos=0.990366 train_nmse=-17.140dB train_rec=0.000000e+00 train_recT=0.000000e+00 train_fc=0.000000e+00 train_decoder_tail=0.000000e+00
I 07.01/03:49:06 train_mapper.py:615 ] epoch=0044 train_loss=1.566055e-02 train_mse=1.216320e-02 train_cos=0.990533 train_nmse=-17.224dB train_rec=0.000000e+00 train_recT=0.000000e+00 train_fc=0.000000e+00 train_decoder_tail=0.000000e+00
I 07.01/03:49:25 train_mapper.py:615 ] epoch=0045 train_loss=1.556829e-02 train_mse=1.209542e-02 train_cos=0.990568 train_nmse=-17.248dB train_rec=0.000000e+00 train_recT=0.000000e+00 train_fc=0.000000e+00 train_decoder_tail=0.000000e+00
I 07.01/03:49:46 train_mapper.py:615 ] epoch=0046 train_loss=1.539712e-02 train_mse=1.195921e-02 train_cos=0.990660 train_nmse=-17.298dB train_rec=0.000000e+00 train_recT=0.000000e+00 train_fc=0.000000e+00 train_decoder_tail=0.000000e+00
I 07.01/03:50:06 train_mapper.py:615 ] epoch=0047 train_loss=1.515255e-02 train_mse=1.176760e-02 train_cos=0.990804 train_nmse=-17.368dB train_rec=0.000000e+00 train_recT=0.000000e+00 train_fc=0.000000e+00 train_decoder_tail=0.000000e+00
I 07.01/03:50:25 train_mapper.py:615 ] epoch=0048 train_loss=1.506343e-02 train_mse=1.169845e-02 train_cos=0.990849 train_nmse=-17.392dB train_rec=0.000000e+00 train_recT=0.000000e+00 train_fc=0.000000e+00 train_decoder_tail=0.000000e+00
I 07.01/03:50:44 train_mapper.py:615 ] epoch=0049 train_loss=1.475625e-02 train_mse=1.145752e-02 train_cos=0.991033 train_nmse=-17.483dB train_rec=0.000000e+00 train_recT=0.000000e+00 train_fc=0.000000e+00 train_decoder_tail=0.000000e+00
I 07.01/03:51:03 train_mapper.py:615 ] epoch=0050 train_loss=1.456202e-02 train_mse=1.130401e-02 train_cos=0.991135 train_nmse=-17.542dB train_rec=0.000000e+00 train_recT=0.000000e+00 train_fc=0.000000e+00 train_decoder_tail=0.000000e+00
I 07.01/03:51:20 train_mapper.py:615 ] epoch=0051 train_loss=1.452102e-02 train_mse=1.127003e-02 train_cos=0.991149 train_nmse=-17.555dB train_rec=0.000000e+00 train_recT=0.000000e+00 train_fc=0.000000e+00 train_decoder_tail=0.000000e+00
I 07.01/03:51:39 train_mapper.py:615 ] epoch=0052 train_loss=1.427400e-02 train_mse=1.107534e-02 train_cos=0.991300 train_nmse=-17.631dB train_rec=0.000000e+00 train_recT=0.000000e+00 train_fc=0.000000e+00 train_decoder_tail=0.000000e+00
I 07.01/03:51:58 train_mapper.py:615 ] epoch=0053 train_loss=1.400357e-02 train_mse=1.086067e-02 train_cos=0.991464 train_nmse=-17.715dB train_rec=0.000000e+00 train_recT=0.000000e+00 train_fc=0.000000e+00 train_decoder_tail=0.000000e+00
I 07.01/03:52:16 train_mapper.py:615 ] epoch=0054 train_loss=1.400227e-02 train_mse=1.085535e-02 train_cos=0.991451 train_nmse=-17.719dB train_rec=0.000000e+00 train_recT=0.000000e+00 train_fc=0.000000e+00 train_decoder_tail=0.000000e+00
I 07.01/03:52:36 train_mapper.py:615 ] epoch=0055 train_loss=1.368592e-02 train_mse=1.061270e-02 train_cos=0.991651 train_nmse=-17.815dB train_rec=0.000000e+00 train_recT=0.000000e+00 train_fc=0.000000e+00 train_decoder_tail=0.000000e+00
I 07.01/03:52:56 train_mapper.py:615 ] epoch=0056 train_loss=1.358672e-02 train_mse=1.053042e-02 train_cos=0.991709 train_nmse=-17.850dB train_rec=0.000000e+00 train_recT=0.000000e+00 train_fc=0.000000e+00 train_decoder_tail=0.000000e+00
I 07.01/03:53:15 train_mapper.py:615 ] epoch=0057 train_loss=1.345803e-02 train_mse=1.042870e-02 train_cos=0.991789 train_nmse=-17.892dB train_rec=0.000000e+00 train_recT=0.000000e+00 train_fc=0.000000e+00 train_decoder_tail=0.000000e+00
I 07.01/03:53:37 train_mapper.py:615 ] epoch=0058 train_loss=1.334657e-02 train_mse=1.033994e-02 train_cos=0.991849 train_nmse=-17.930dB train_rec=0.000000e+00 train_recT=0.000000e+00 train_fc=0.000000e+00 train_decoder_tail=0.000000e+00
I 07.01/03:53:55 train_mapper.py:615 ] epoch=0059 train_loss=1.329688e-02 train_mse=1.030233e-02 train_cos=0.991876 train_nmse=-17.945dB train_rec=0.000000e+00 train_recT=0.000000e+00 train_fc=0.000000e+00 train_decoder_tail=0.000000e+00
I 07.01/03:54:14 train_mapper.py:615 ] epoch=0060 train_loss=1.306320e-02 train_mse=1.011892e-02 train_cos=0.992014 train_nmse=-18.022dB train_rec=0.000000e+00 train_recT=0.000000e+00 train_fc=0.000000e+00 train_decoder_tail=0.000000e+00
I 07.01/03:54:33 train_mapper.py:615 ] epoch=0061 train_loss=1.275009e-02 train_mse=9.872794e-03 train_cos=0.992213 train_nmse=-18.130dB train_rec=0.000000e+00 train_recT=0.000000e+00 train_fc=0.000000e+00 train_decoder_tail=0.000000e+00
I 07.01/03:54:52 train_mapper.py:615 ] epoch=0062 train_loss=1.276357e-02 train_mse=9.882835e-03 train_cos=0.992196 train_nmse=-18.126dB train_rec=0.000000e+00 train_recT=0.000000e+00 train_fc=0.000000e+00 train_decoder_tail=0.000000e+00
I 07.01/03:55:13 train_mapper.py:615 ] epoch=0063 train_loss=1.283685e-02 train_mse=9.941339e-03 train_cos=0.992144 train_nmse=-18.099dB train_rec=0.000000e+00 train_recT=0.000000e+00 train_fc=0.000000e+00 train_decoder_tail=0.000000e+00
I 07.01/03:55:34 train_mapper.py:615 ] epoch=0064 train_loss=1.262846e-02 train_mse=9.778986e-03 train_cos=0.992275 train_nmse=-18.171dB train_rec=0.000000e+00 train_recT=0.000000e+00 train_fc=0.000000e+00 train_decoder_tail=0.000000e+00
I 07.01/03:55:54 train_mapper.py:615 ] epoch=0065 train_loss=1.245706e-02 train_mse=9.646116e-03 train_cos=0.992377 train_nmse=-18.230dB train_rec=0.000000e+00 train_recT=0.000000e+00 train_fc=0.000000e+00 train_decoder_tail=0.000000e+00
I 07.01/03:56:12 train_mapper.py:615 ] epoch=0066 train_loss=1.236987e-02 train_mse=9.580152e-03 train_cos=0.992427 train_nmse=-18.260dB train_rec=0.000000e+00 train_recT=0.000000e+00 train_fc=0.000000e+00 train_decoder_tail=0.000000e+00
I 07.01/03:56:30 train_mapper.py:615 ] epoch=0067 train_loss=1.228844e-02 train_mse=9.516245e-03 train_cos=0.992480 train_nmse=-18.290dB train_rec=0.000000e+00 train_recT=0.000000e+00 train_fc=0.000000e+00 train_decoder_tail=0.000000e+00
I 07.01/03:56:51 train_mapper.py:615 ] epoch=0068 train_loss=1.218836e-02 train_mse=9.440943e-03 train_cos=0.992540 train_nmse=-18.324dB train_rec=0.000000e+00 train_recT=0.000000e+00 train_fc=0.000000e+00 train_decoder_tail=0.000000e+00
I 07.01/03:57:10 train_mapper.py:615 ] epoch=0069 train_loss=1.200407e-02 train_mse=9.297816e-03 train_cos=0.992649 train_nmse=-18.391dB train_rec=0.000000e+00 train_recT=0.000000e+00 train_fc=0.000000e+00 train_decoder_tail=0.000000e+00
I 07.01/03:57:28 train_mapper.py:615 ] epoch=0070 train_loss=1.186330e-02 train_mse=9.191852e-03 train_cos=0.992734 train_nmse=-18.440dB train_rec=0.000000e+00 train_recT=0.000000e+00 train_fc=0.000000e+00 train_decoder_tail=0.000000e+00
I 07.01/03:57:47 train_mapper.py:615 ] epoch=0071 train_loss=1.167396e-02 train_mse=9.042239e-03 train_cos=0.992854 train_nmse=-18.511dB train_rec=0.000000e+00 train_recT=0.000000e+00 train_fc=0.000000e+00 train_decoder_tail=0.000000e+00
I 07.01/03:58:06 train_mapper.py:615 ] epoch=0072 train_loss=1.167173e-02 train_mse=9.043582e-03 train_cos=0.992845 train_nmse=-18.511dB train_rec=0.000000e+00 train_recT=0.000000e+00 train_fc=0.000000e+00 train_decoder_tail=0.000000e+00
I 07.01/03:58:25 train_mapper.py:615 ] epoch=0073 train_loss=1.159697e-02 train_mse=8.988025e-03 train_cos=0.992891 train_nmse=-18.537dB train_rec=0.000000e+00 train_recT=0.000000e+00 train_fc=0.000000e+00 train_decoder_tail=0.000000e+00
I 07.01/03:58:46 train_mapper.py:615 ] epoch=0074 train_loss=1.151892e-02 train_mse=8.926463e-03 train_cos=0.992937 train_nmse=-18.567dB train_rec=0.000000e+00 train_recT=0.000000e+00 train_fc=0.000000e+00 train_decoder_tail=0.000000e+00
I 07.01/03:59:12 train_mapper.py:615 ] epoch=0075 train_loss=1.135139e-02 train_mse=8.796774e-03 train_cos=0.993043 train_nmse=-18.631dB train_rec=0.000000e+00 train_recT=0.000000e+00 train_fc=0.000000e+00 train_decoder_tail=0.000000e+00
I 07.01/03:59:38 train_mapper.py:615 ] epoch=0076 train_loss=1.128510e-02 train_mse=8.745430e-03 train_cos=0.993078 train_nmse=-18.656dB train_rec=0.000000e+00 train_recT=0.000000e+00 train_fc=0.000000e+00 train_decoder_tail=0.000000e+00
I 07.01/04:00:01 train_mapper.py:615 ] epoch=0077 train_loss=1.131051e-02 train_mse=8.769737e-03 train_cos=0.993050 train_nmse=-18.644dB train_rec=0.000000e+00 train_recT=0.000000e+00 train_fc=0.000000e+00 train_decoder_tail=0.000000e+00
I 07.01/04:00:32 train_mapper.py:615 ] epoch=0078 train_loss=1.120016e-02 train_mse=8.684439e-03 train_cos=0.993115 train_nmse=-18.686dB train_rec=0.000000e+00 train_recT=0.000000e+00 train_fc=0.000000e+00 train_decoder_tail=0.000000e+00
I 07.01/04:01:04 train_mapper.py:615 ] epoch=0079 train_loss=1.099925e-02 train_mse=8.527350e-03 train_cos=0.993245 train_nmse=-18.766dB train_rec=0.000000e+00 train_recT=0.000000e+00 train_fc=0.000000e+00 train_decoder_tail=0.000000e+00
I 07.01/04:01:35 train_mapper.py:615 ] epoch=0080 train_loss=1.086050e-02 train_mse=8.420694e-03 train_cos=0.993328 train_nmse=-18.820dB train_rec=0.000000e+00 train_recT=0.000000e+00 train_fc=0.000000e+00 train_decoder_tail=0.000000e+00
I 07.01/04:02:11 train_mapper.py:615 ] epoch=0081 train_loss=1.085171e-02 train_mse=8.416708e-03 train_cos=0.993328 train_nmse=-18.823dB train_rec=0.000000e+00 train_recT=0.000000e+00 train_fc=0.000000e+00 train_decoder_tail=0.000000e+00
I 07.01/04:02:46 train_mapper.py:615 ] epoch=0082 train_loss=1.087591e-02 train_mse=8.433308e-03 train_cos=0.993306 train_nmse=-18.814dB train_rec=0.000000e+00 train_recT=0.000000e+00 train_fc=0.000000e+00 train_decoder_tail=0.000000e+00
I 07.01/04:03:25 train_mapper.py:615 ] epoch=0083 train_loss=1.069148e-02 train_mse=8.289148e-03 train_cos=0.993426 train_nmse=-18.889dB train_rec=0.000000e+00 train_recT=0.000000e+00 train_fc=0.000000e+00 train_decoder_tail=0.000000e+00
I 07.01/04:04:02 train_mapper.py:615 ] epoch=0084 train_loss=1.055878e-02 train_mse=8.185571e-03 train_cos=0.993504 train_nmse=-18.944dB train_rec=0.000000e+00 train_recT=0.000000e+00 train_fc=0.000000e+00 train_decoder_tail=0.000000e+00
I 07.01/04:04:43 train_mapper.py:615 ] epoch=0085 train_loss=1.051066e-02 train_mse=8.150670e-03 train_cos=0.993529 train_nmse=-18.962dB train_rec=0.000000e+00 train_recT=0.000000e+00 train_fc=0.000000e+00 train_decoder_tail=0.000000e+00
I 07.01/04:05:24 train_mapper.py:615 ] epoch=0086 train_loss=1.051286e-02 train_mse=8.153854e-03 train_cos=0.993520 train_nmse=-18.960dB train_rec=0.000000e+00 train_recT=0.000000e+00 train_fc=0.000000e+00 train_decoder_tail=0.000000e+00
I 07.01/04:06:06 train_mapper.py:615 ] epoch=0087 train_loss=1.035517e-02 train_mse=8.029570e-03 train_cos=0.993626 train_nmse=-19.027dB train_rec=0.000000e+00 train_recT=0.000000e+00 train_fc=0.000000e+00 train_decoder_tail=0.000000e+00
I 07.01/04:06:47 train_mapper.py:615 ] epoch=0088 train_loss=1.027868e-02 train_mse=7.968766e-03 train_cos=0.993671 train_nmse=-19.060dB train_rec=0.000000e+00 train_recT=0.000000e+00 train_fc=0.000000e+00 train_decoder_tail=0.000000e+00
I 07.01/04:07:30 train_mapper.py:615 ] epoch=0089 train_loss=1.027267e-02 train_mse=7.968725e-03 train_cos=0.993669 train_nmse=-19.060dB train_rec=0.000000e+00 train_recT=0.000000e+00 train_fc=0.000000e+00 train_decoder_tail=0.000000e+00
I 07.01/04:08:14 train_mapper.py:615 ] epoch=0090 train_loss=1.013396e-02 train_mse=7.857725e-03 train_cos=0.993756 train_nmse=-19.121dB train_rec=0.000000e+00 train_recT=0.000000e+00 train_fc=0.000000e+00 train_decoder_tail=0.000000e+00
I 07.01/04:08:58 train_mapper.py:615 ] epoch=0091 train_loss=1.010113e-02 train_mse=7.831993e-03 train_cos=0.993777 train_nmse=-19.135dB train_rec=0.000000e+00 train_recT=0.000000e+00 train_fc=0.000000e+00 train_decoder_tail=0.000000e+00
I 07.01/04:09:43 train_mapper.py:615 ] epoch=0092 train_loss=9.987948e-03 train_mse=7.745952e-03 train_cos=0.993841 train_nmse=-19.183dB train_rec=0.000000e+00 train_recT=0.000000e+00 train_fc=0.000000e+00 train_decoder_tail=0.000000e+00
I 07.01/04:10:30 train_mapper.py:615 ] epoch=0093 train_loss=9.857888e-03 train_mse=7.643470e-03 train_cos=0.993924 train_nmse=-19.241dB train_rec=0.000000e+00 train_recT=0.000000e+00 train_fc=0.000000e+00 train_decoder_tail=0.000000e+00
I 07.01/04:11:15 train_mapper.py:615 ] epoch=0094 train_loss=9.896670e-03 train_mse=7.678132e-03 train_cos=0.993894 train_nmse=-19.221dB train_rec=0.000000e+00 train_recT=0.000000e+00 train_fc=0.000000e+00 train_decoder_tail=0.000000e+00
I 07.01/04:11:59 train_mapper.py:615 ] epoch=0095 train_loss=9.760428e-03 train_mse=7.567389e-03 train_cos=0.993985 train_nmse=-19.284dB train_rec=0.000000e+00 train_recT=0.000000e+00 train_fc=0.000000e+00 train_decoder_tail=0.000000e+00
I 07.01/04:12:45 train_mapper.py:615 ] epoch=0096 train_loss=9.822403e-03 train_mse=7.620596e-03 train_cos=0.993932 train_nmse=-19.254dB train_rec=0.000000e+00 train_recT=0.000000e+00 train_fc=0.000000e+00 train_decoder_tail=0.000000e+00
I 07.01/04:13:32 train_mapper.py:615 ] epoch=0097 train_loss=9.704013e-03 train_mse=7.527756e-03 train_cos=0.994012 train_nmse=-19.307dB train_rec=0.000000e+00 train_recT=0.000000e+00 train_fc=0.000000e+00 train_decoder_tail=0.000000e+00
I 07.01/04:14:17 train_mapper.py:615 ] epoch=0098 train_loss=9.620656e-03 train_mse=7.465029e-03 train_cos=0.994061 train_nmse=-19.343dB train_rec=0.000000e+00 train_recT=0.000000e+00 train_fc=0.000000e+00 train_decoder_tail=0.000000e+00
I 07.01/04:14:58 train_mapper.py:615 ] epoch=0099 train_loss=9.399951e-03 train_mse=7.288678e-03 train_cos=0.994200 train_nmse=-19.448dB train_rec=0.000000e+00 train_recT=0.000000e+00 train_fc=0.000000e+00 train_decoder_tail=0.000000e+00
I 07.01/04:15:43 train_mapper.py:615 ] epoch=0100 train_loss=9.505669e-03 train_mse=7.374994e-03 train_cos=0.994121 train_nmse=-19.396dB train_rec=0.000000e+00 train_recT=0.000000e+00 train_fc=0.000000e+00 train_decoder_tail=0.000000e+00
I 07.01/04:16:29 train_mapper.py:615 ] epoch=0101 train_loss=9.300289e-03 train_mse=7.214647e-03 train_cos=0.994261 train_nmse=-19.491dB train_rec=0.000000e+00 train_recT=0.000000e+00 train_fc=0.000000e+00 train_decoder_tail=0.000000e+00
I 07.01/04:17:13 train_mapper.py:615 ] epoch=0102 train_loss=9.257927e-03 train_mse=7.181310e-03 train_cos=0.994281 train_nmse=-19.512dB train_rec=0.000000e+00 train_recT=0.000000e+00 train_fc=0.000000e+00 train_decoder_tail=0.000000e+00
I 07.01/04:17:57 train_mapper.py:615 ] epoch=0103 train_loss=9.265788e-03 train_mse=7.188867e-03 train_cos=0.994277 train_nmse=-19.507dB train_rec=0.000000e+00 train_recT=0.000000e+00 train_fc=0.000000e+00 train_decoder_tail=0.000000e+00
I 07.01/04:18:43 train_mapper.py:615 ] epoch=0104 train_loss=9.335577e-03 train_mse=7.245913e-03 train_cos=0.994224 train_nmse=-19.473dB train_rec=0.000000e+00 train_recT=0.000000e+00 train_fc=0.000000e+00 train_decoder_tail=0.000000e+00
I 07.01/04:19:29 train_mapper.py:615 ] epoch=0105 train_loss=9.339129e-03 train_mse=7.248688e-03 train_cos=0.994217 train_nmse=-19.471dB train_rec=0.000000e+00 train_recT=0.000000e+00 train_fc=0.000000e+00 train_decoder_tail=0.000000e+00
I 07.01/04:20:16 train_mapper.py:615 ] epoch=0106 train_loss=9.155239e-03 train_mse=7.105081e-03 train_cos=0.994338 train_nmse=-19.558dB train_rec=0.000000e+00 train_recT=0.000000e+00 train_fc=0.000000e+00 train_decoder_tail=0.000000e+00
I 07.01/04:21:00 train_mapper.py:615 ] epoch=0107 train_loss=9.058557e-03 train_mse=7.029253e-03 train_cos=0.994398 train_nmse=-19.605dB train_rec=0.000000e+00 train_recT=0.000000e+00 train_fc=0.000000e+00 train_decoder_tail=0.000000e+00
I 07.01/04:21:46 train_mapper.py:615 ] epoch=0108 train_loss=9.094509e-03 train_mse=7.058495e-03 train_cos=0.994370 train_nmse=-19.587dB train_rec=0.000000e+00 train_recT=0.000000e+00 train_fc=0.000000e+00 train_decoder_tail=0.000000e+00
I 07.01/04:22:33 train_mapper.py:615 ] epoch=0109 train_loss=8.968234e-03 train_mse=6.961424e-03 train_cos=0.994451 train_nmse=-19.647dB train_rec=0.000000e+00 train_recT=0.000000e+00 train_fc=0.000000e+00 train_decoder_tail=0.000000e+00
I 07.01/04:23:20 train_mapper.py:615 ] epoch=0110 train_loss=8.861024e-03 train_mse=6.874538e-03 train_cos=0.994519 train_nmse=-19.703dB train_rec=0.000000e+00 train_recT=0.000000e+00 train_fc=0.000000e+00 train_decoder_tail=0.000000e+00
I 07.01/04:24:07 train_mapper.py:615 ] epoch=0111 train_loss=8.910322e-03 train_mse=6.917468e-03 train_cos=0.994484 train_nmse=-19.674dB train_rec=0.000000e+00 train_recT=0.000000e+00 train_fc=0.000000e+00 train_decoder_tail=0.000000e+00
I 07.01/04:24:53 train_mapper.py:615 ] epoch=0112 train_loss=8.864779e-03 train_mse=6.881481e-03 train_cos=0.994507 train_nmse=-19.697dB train_rec=0.000000e+00 train_recT=0.000000e+00 train_fc=0.000000e+00 train_decoder_tail=0.000000e+00
I 07.01/04:25:43 train_mapper.py:615 ] epoch=0113 train_loss=8.750439e-03 train_mse=6.789815e-03 train_cos=0.994584 train_nmse=-19.756dB train_rec=0.000000e+00 train_recT=0.000000e+00 train_fc=0.000000e+00 train_decoder_tail=0.000000e+00
I 07.01/04:26:30 train_mapper.py:615 ] epoch=0114 train_loss=8.822661e-03 train_mse=6.849238e-03 train_cos=0.994533 train_nmse=-19.717dB train_rec=0.000000e+00 train_recT=0.000000e+00 train_fc=0.000000e+00 train_decoder_tail=0.000000e+00
I 07.01/04:27:21 train_mapper.py:615 ] epoch=0115 train_loss=8.653713e-03 train_mse=6.714354e-03 train_cos=0.994646 train_nmse=-19.804dB train_rec=0.000000e+00 train_recT=0.000000e+00 train_fc=0.000000e+00 train_decoder_tail=0.000000e+00
I 07.01/04:28:11 train_mapper.py:615 ] epoch=0116 train_loss=8.551502e-03 train_mse=6.636808e-03 train_cos=0.994708 train_nmse=-19.854dB train_rec=0.000000e+00 train_recT=0.000000e+00 train_fc=0.000000e+00 train_decoder_tail=0.000000e+00
I 07.01/04:28:59 train_mapper.py:615 ] epoch=0117 train_loss=8.489486e-03 train_mse=6.586413e-03 train_cos=0.994741 train_nmse=-19.887dB train_rec=0.000000e+00 train_recT=0.000000e+00 train_fc=0.000000e+00 train_decoder_tail=0.000000e+00
I 07.01/04:29:49 train_mapper.py:615 ] epoch=0118 train_loss=8.567479e-03 train_mse=6.648726e-03 train_cos=0.994682 train_nmse=-19.847dB train_rec=0.000000e+00 train_recT=0.000000e+00 train_fc=0.000000e+00 train_decoder_tail=0.000000e+00
I 07.01/04:30:39 train_mapper.py:615 ] epoch=0119 train_loss=8.568035e-03 train_mse=6.650060e-03 train_cos=0.994689 train_nmse=-19.846dB train_rec=0.000000e+00 train_recT=0.000000e+00 train_fc=0.000000e+00 train_decoder_tail=0.000000e+00
I 07.01/04:31:31 train_mapper.py:615 ] epoch=0120 train_loss=8.545609e-03 train_mse=6.634470e-03 train_cos=0.994705 train_nmse=-19.855dB train_rec=0.000000e+00 train_recT=0.000000e+00 train_fc=0.000000e+00 train_decoder_tail=0.000000e+00
I 07.01/04:32:21 train_mapper.py:615 ] epoch=0121 train_loss=8.317140e-03 train_mse=6.453903e-03 train_cos=0.994851 train_nmse=-19.976dB train_rec=0.000000e+00 train_recT=0.000000e+00 train_fc=0.000000e+00 train_decoder_tail=0.000000e+00
I 07.01/04:33:09 train_mapper.py:615 ] epoch=0122 train_loss=8.291565e-03 train_mse=6.435025e-03 train_cos=0.994858 train_nmse=-19.988dB train_rec=0.000000e+00 train_recT=0.000000e+00 train_fc=0.000000e+00 train_decoder_tail=0.000000e+00
I 07.01/04:33:56 train_mapper.py:615 ] epoch=0123 train_loss=8.307512e-03 train_mse=6.446123e-03 train_cos=0.994847 train_nmse=-19.981dB train_rec=0.000000e+00 train_recT=0.000000e+00 train_fc=0.000000e+00 train_decoder_tail=0.000000e+00
I 07.01/04:34:44 train_mapper.py:615 ] epoch=0124 train_loss=8.159393e-03 train_mse=6.330855e-03 train_cos=0.994945 train_nmse=-20.059dB train_rec=0.000000e+00 train_recT=0.000000e+00 train_fc=0.000000e+00 train_decoder_tail=0.000000e+00
I 07.01/04:35:32 train_mapper.py:615 ] epoch=0125 train_loss=8.107968e-03 train_mse=6.289148e-03 train_cos=0.994978 train_nmse=-20.088dB train_rec=0.000000e+00 train_recT=0.000000e+00 train_fc=0.000000e+00 train_decoder_tail=0.000000e+00
I 07.01/04:36:19 train_mapper.py:615 ] epoch=0126 train_loss=8.139602e-03 train_mse=6.314675e-03 train_cos=0.994954 train_nmse=-20.070dB train_rec=0.000000e+00 train_recT=0.000000e+00 train_fc=0.000000e+00 train_decoder_tail=0.000000e+00
I 07.01/04:37:07 train_mapper.py:615 ] epoch=0127 train_loss=8.154496e-03 train_mse=6.328561e-03 train_cos=0.994942 train_nmse=-20.061dB train_rec=0.000000e+00 train_recT=0.000000e+00 train_fc=0.000000e+00 train_decoder_tail=0.000000e+00
I 07.01/04:37:54 train_mapper.py:615 ] epoch=0128 train_loss=8.132701e-03 train_mse=6.310837e-03 train_cos=0.994956 train_nmse=-20.073dB train_rec=0.000000e+00 train_recT=0.000000e+00 train_fc=0.000000e+00 train_decoder_tail=0.000000e+00
I 07.01/04:38:45 train_mapper.py:615 ] epoch=0129 train_loss=8.136696e-03 train_mse=6.314696e-03 train_cos=0.994952 train_nmse=-20.070dB train_rec=0.000000e+00 train_recT=0.000000e+00 train_fc=0.000000e+00 train_decoder_tail=0.000000e+00
I 07.01/04:39:35 train_mapper.py:615 ] epoch=0130 train_loss=8.073020e-03 train_mse=6.264241e-03 train_cos=0.994994 train_nmse=-20.105dB train_rec=0.000000e+00 train_recT=0.000000e+00 train_fc=0.000000e+00 train_decoder_tail=0.000000e+00
I 07.01/04:40:25 train_mapper.py:615 ] epoch=0131 train_loss=7.970677e-03 train_mse=6.184489e-03 train_cos=0.995059 train_nmse=-20.160dB train_rec=0.000000e+00 train_recT=0.000000e+00 train_fc=0.000000e+00 train_decoder_tail=0.000000e+00
I 07.01/04:41:16 train_mapper.py:615 ] epoch=0132 train_loss=7.850149e-03 train_mse=6.088299e-03 train_cos=0.995134 train_nmse=-20.229dB train_rec=0.000000e+00 train_recT=0.000000e+00 train_fc=0.000000e+00 train_decoder_tail=0.000000e+00
I 07.01/04:42:03 train_mapper.py:615 ] epoch=0133 train_loss=7.816142e-03 train_mse=6.062891e-03 train_cos=0.995150 train_nmse=-20.247dB train_rec=0.000000e+00 train_recT=0.000000e+00 train_fc=0.000000e+00 train_decoder_tail=0.000000e+00
I 07.01/04:42:51 train_mapper.py:615 ] epoch=0134 train_loss=7.807156e-03 train_mse=6.054500e-03 train_cos=0.995155 train_nmse=-20.253dB train_rec=0.000000e+00 train_recT=0.000000e+00 train_fc=0.000000e+00 train_decoder_tail=0.000000e+00
I 07.01/04:43:42 train_mapper.py:615 ] epoch=0135 train_loss=7.843813e-03 train_mse=6.085401e-03 train_cos=0.995127 train_nmse=-20.231dB train_rec=0.000000e+00 train_recT=0.000000e+00 train_fc=0.000000e+00 train_decoder_tail=0.000000e+00
I 07.01/04:44:32 train_mapper.py:615 ] epoch=0136 train_loss=7.753505e-03 train_mse=6.013540e-03 train_cos=0.995191 train_nmse=-20.283dB train_rec=0.000000e+00 train_recT=0.000000e+00 train_fc=0.000000e+00 train_decoder_tail=0.000000e+00
I 07.01/04:45:19 train_mapper.py:615 ] epoch=0137 train_loss=7.726368e-03 train_mse=5.992387e-03 train_cos=0.995207 train_nmse=-20.297dB train_rec=0.000000e+00 train_recT=0.000000e+00 train_fc=0.000000e+00 train_decoder_tail=0.000000e+00
I 07.01/04:46:07 train_mapper.py:615 ] epoch=0138 train_loss=7.721294e-03 train_mse=5.986972e-03 train_cos=0.995209 train_nmse=-20.302dB train_rec=0.000000e+00 train_recT=0.000000e+00 train_fc=0.000000e+00 train_decoder_tail=0.000000e+00
I 07.01/04:46:55 train_mapper.py:615 ] epoch=0139 train_loss=7.701849e-03 train_mse=5.974962e-03 train_cos=0.995218 train_nmse=-20.310dB train_rec=0.000000e+00 train_recT=0.000000e+00 train_fc=0.000000e+00 train_decoder_tail=0.000000e+00
I 07.01/04:47:44 train_mapper.py:615 ] epoch=0140 train_loss=7.589645e-03 train_mse=5.884211e-03 train_cos=0.995294 train_nmse=-20.377dB train_rec=0.000000e+00 train_recT=0.000000e+00 train_fc=0.000000e+00 train_decoder_tail=0.000000e+00
I 07.01/04:48:29 train_mapper.py:615 ] epoch=0141 train_loss=7.581264e-03 train_mse=5.877544e-03 train_cos=0.995300 train_nmse=-20.382dB train_rec=0.000000e+00 train_recT=0.000000e+00 train_fc=0.000000e+00 train_decoder_tail=0.000000e+00
I 07.01/04:49:17 train_mapper.py:615 ] epoch=0142 train_loss=7.583620e-03 train_mse=5.879531e-03 train_cos=0.995293 train_nmse=-20.380dB train_rec=0.000000e+00 train_recT=0.000000e+00 train_fc=0.000000e+00 train_decoder_tail=0.000000e+00
I 07.01/04:50:07 train_mapper.py:615 ] epoch=0143 train_loss=7.590361e-03 train_mse=5.886064e-03 train_cos=0.995286 train_nmse=-20.376dB train_rec=0.000000e+00 train_recT=0.000000e+00 train_fc=0.000000e+00 train_decoder_tail=0.000000e+00
I 07.01/04:50:54 train_mapper.py:615 ] epoch=0144 train_loss=7.511052e-03 train_mse=5.823583e-03 train_cos=0.995339 train_nmse=-20.422dB train_rec=0.000000e+00 train_recT=0.000000e+00 train_fc=0.000000e+00 train_decoder_tail=0.000000e+00
I 07.01/04:51:44 train_mapper.py:615 ] epoch=0145 train_loss=7.497200e-03 train_mse=5.811985e-03 train_cos=0.995344 train_nmse=-20.431dB train_rec=0.000000e+00 train_recT=0.000000e+00 train_fc=0.000000e+00 train_decoder_tail=0.000000e+00
I 07.01/04:52:36 train_mapper.py:615 ] epoch=0146 train_loss=7.392920e-03 train_mse=5.729800e-03 train_cos=0.995412 train_nmse=-20.492dB train_rec=0.000000e+00 train_recT=0.000000e+00 train_fc=0.000000e+00 train_decoder_tail=0.000000e+00
I 07.01/04:53:31 train_mapper.py:615 ] epoch=0147 train_loss=7.399655e-03 train_mse=5.735779e-03 train_cos=0.995402 train_nmse=-20.488dB train_rec=0.000000e+00 train_recT=0.000000e+00 train_fc=0.000000e+00 train_decoder_tail=0.000000e+00
I 07.01/04:54:22 train_mapper.py:615 ] epoch=0148 train_loss=7.389117e-03 train_mse=5.728976e-03 train_cos=0.995403 train_nmse=-20.493dB train_rec=0.000000e+00 train_recT=0.000000e+00 train_fc=0.000000e+00 train_decoder_tail=0.000000e+00
I 07.01/04:55:13 train_mapper.py:615 ] epoch=0149 train_loss=7.345454e-03 train_mse=5.692281e-03 train_cos=0.995440 train_nmse=-20.521dB train_rec=0.000000e+00 train_recT=0.000000e+00 train_fc=0.000000e+00 train_decoder_tail=0.000000e+00
I 07.01/04:56:00 train_mapper.py:615 ] epoch=0150 train_loss=7.307351e-03 train_mse=5.664074e-03 train_cos=0.995461 train_nmse=-20.543dB train_rec=0.000000e+00 train_recT=0.000000e+00 train_fc=0.000000e+00 train_decoder_tail=0.000000e+00
I 07.01/04:56:50 train_mapper.py:615 ] epoch=0151 train_loss=7.296701e-03 train_mse=5.655057e-03 train_cos=0.995470 train_nmse=-20.549dB train_rec=0.000000e+00 train_recT=0.000000e+00 train_fc=0.000000e+00 train_decoder_tail=0.000000e+00
I 07.01/04:57:43 train_mapper.py:615 ] epoch=0152 train_loss=7.295167e-03 train_mse=5.652538e-03 train_cos=0.995473 train_nmse=-20.551dB train_rec=0.000000e+00 train_recT=0.000000e+00 train_fc=0.000000e+00 train_decoder_tail=0.000000e+00
I 07.01/04:58:35 train_mapper.py:615 ] epoch=0153 train_loss=7.289621e-03 train_mse=5.648966e-03 train_cos=0.995481 train_nmse=-20.554dB train_rec=0.000000e+00 train_recT=0.000000e+00 train_fc=0.000000e+00 train_decoder_tail=0.000000e+00
I 07.01/04:59:27 train_mapper.py:615 ] epoch=0154 train_loss=7.214079e-03 train_mse=5.589383e-03 train_cos=0.995523 train_nmse=-20.600dB train_rec=0.000000e+00 train_recT=0.000000e+00 train_fc=0.000000e+00 train_decoder_tail=0.000000e+00
I 07.01/05:00:21 train_mapper.py:615 ] epoch=0155 train_loss=7.120538e-03 train_mse=5.514708e-03 train_cos=0.995583 train_nmse=-20.658dB train_rec=0.000000e+00 train_recT=0.000000e+00 train_fc=0.000000e+00 train_decoder_tail=0.000000e+00
I 07.01/05:01:15 train_mapper.py:615 ] epoch=0156 train_loss=7.131527e-03 train_mse=5.524671e-03 train_cos=0.995570 train_nmse=-20.651dB train_rec=0.000000e+00 train_recT=0.000000e+00 train_fc=0.000000e+00 train_decoder_tail=0.000000e+00
I 07.01/05:02:00 train_mapper.py:615 ] epoch=0157 train_loss=7.098277e-03 train_mse=5.498946e-03 train_cos=0.995589 train_nmse=-20.671dB train_rec=0.000000e+00 train_recT=0.000000e+00 train_fc=0.000000e+00 train_decoder_tail=0.000000e+00
I 07.01/05:02:48 train_mapper.py:615 ] epoch=0158 train_loss=7.070045e-03 train_mse=5.474955e-03 train_cos=0.995609 train_nmse=-20.690dB train_rec=0.000000e+00 train_recT=0.000000e+00 train_fc=0.000000e+00 train_decoder_tail=0.000000e+00
I 07.01/05:03:40 train_mapper.py:615 ] epoch=0159 train_loss=7.002239e-03 train_mse=5.421464e-03 train_cos=0.995650 train_nmse=-20.732dB train_rec=0.000000e+00 train_recT=0.000000e+00 train_fc=0.000000e+00 train_decoder_tail=0.000000e+00
I 07.01/05:04:27 train_mapper.py:615 ] epoch=0160 train_loss=6.922207e-03 train_mse=5.357321e-03 train_cos=0.995704 train_nmse=-20.784dB train_rec=0.000000e+00 train_recT=0.000000e+00 train_fc=0.000000e+00 train_decoder_tail=0.000000e+00
I 07.01/05:05:17 train_mapper.py:615 ] epoch=0161 train_loss=6.992554e-03 train_mse=5.415457e-03 train_cos=0.995657 train_nmse=-20.737dB train_rec=0.000000e+00 train_recT=0.000000e+00 train_fc=0.000000e+00 train_decoder_tail=0.000000e+00
I 07.01/05:06:06 train_mapper.py:615 ] epoch=0162 train_loss=6.934788e-03 train_mse=5.367987e-03 train_cos=0.995696 train_nmse=-20.775dB train_rec=0.000000e+00 train_recT=0.000000e+00 train_fc=0.000000e+00 train_decoder_tail=0.000000e+00
I 07.01/05:06:57 train_mapper.py:615 ] epoch=0163 train_loss=6.965724e-03 train_mse=5.395050e-03 train_cos=0.995673 train_nmse=-20.754dB train_rec=0.000000e+00 train_recT=0.000000e+00 train_fc=0.000000e+00 train_decoder_tail=0.000000e+00
I 07.01/05:07:48 train_mapper.py:615 ] epoch=0164 train_loss=7.024819e-03 train_mse=5.441753e-03 train_cos=0.995633 train_nmse=-20.716dB train_rec=0.000000e+00 train_recT=0.000000e+00 train_fc=0.000000e+00 train_decoder_tail=0.000000e+00
I 07.01/05:08:38 train_mapper.py:615 ] epoch=0165 train_loss=6.898851e-03 train_mse=5.341146e-03 train_cos=0.995720 train_nmse=-20.797dB train_rec=0.000000e+00 train_recT=0.000000e+00 train_fc=0.000000e+00 train_decoder_tail=0.000000e+00
I 07.01/05:09:31 train_mapper.py:615 ] epoch=0166 train_loss=6.842837e-03 train_mse=5.295982e-03 train_cos=0.995754 train_nmse=-20.834dB train_rec=0.000000e+00 train_recT=0.000000e+00 train_fc=0.000000e+00 train_decoder_tail=0.000000e+00
I 07.01/05:10:26 train_mapper.py:615 ] epoch=0167 train_loss=6.871150e-03 train_mse=5.320024e-03 train_cos=0.995730 train_nmse=-20.815dB train_rec=0.000000e+00 train_recT=0.000000e+00 train_fc=0.000000e+00 train_decoder_tail=0.000000e+00
I 07.01/05:11:16 train_mapper.py:615 ] epoch=0168 train_loss=6.807877e-03 train_mse=5.267817e-03 train_cos=0.995775 train_nmse=-20.857dB train_rec=0.000000e+00 train_recT=0.000000e+00 train_fc=0.000000e+00 train_decoder_tail=0.000000e+00
I 07.01/05:12:09 train_mapper.py:615 ] epoch=0169 train_loss=6.795379e-03 train_mse=5.260063e-03 train_cos=0.995779 train_nmse=-20.864dB train_rec=0.000000e+00 train_recT=0.000000e+00 train_fc=0.000000e+00 train_decoder_tail=0.000000e+00
I 07.01/05:13:00 train_mapper.py:615 ] epoch=0170 train_loss=6.708749e-03 train_mse=5.191569e-03 train_cos=0.995834 train_nmse=-20.921dB train_rec=0.000000e+00 train_recT=0.000000e+00 train_fc=0.000000e+00 train_decoder_tail=0.000000e+00
I 07.01/05:13:53 train_mapper.py:615 ] epoch=0171 train_loss=6.740199e-03 train_mse=5.215965e-03 train_cos=0.995808 train_nmse=-20.901dB train_rec=0.000000e+00 train_recT=0.000000e+00 train_fc=0.000000e+00 train_decoder_tail=0.000000e+00
I 07.01/05:14:45 train_mapper.py:615 ] epoch=0172 train_loss=6.789842e-03 train_mse=5.258202e-03 train_cos=0.995774 train_nmse=-20.865dB train_rec=0.000000e+00 train_recT=0.000000e+00 train_fc=0.000000e+00 train_decoder_tail=0.000000e+00
I 07.01/05:15:34 train_mapper.py:615 ] epoch=0173 train_loss=6.646282e-03 train_mse=5.142921e-03 train_cos=0.995877 train_nmse=-20.961dB train_rec=0.000000e+00 train_recT=0.000000e+00 train_fc=0.000000e+00 train_decoder_tail=0.000000e+00
I 07.01/05:16:23 train_mapper.py:615 ] epoch=0174 train_loss=6.680845e-03 train_mse=5.169194e-03 train_cos=0.995851 train_nmse=-20.939dB train_rec=0.000000e+00 train_recT=0.000000e+00 train_fc=0.000000e+00 train_decoder_tail=0.000000e+00
I 07.01/05:17:12 train_mapper.py:615 ] epoch=0175 train_loss=6.695349e-03 train_mse=5.180888e-03 train_cos=0.995842 train_nmse=-20.930dB train_rec=0.000000e+00 train_recT=0.000000e+00 train_fc=0.000000e+00 train_decoder_tail=0.000000e+00
I 07.01/05:17:57 train_mapper.py:615 ] epoch=0176 train_loss=6.622788e-03 train_mse=5.122704e-03 train_cos=0.995888 train_nmse=-20.979dB train_rec=0.000000e+00 train_recT=0.000000e+00 train_fc=0.000000e+00 train_decoder_tail=0.000000e+00
I 07.01/05:18:48 train_mapper.py:615 ] epoch=0177 train_loss=6.558450e-03 train_mse=5.071808e-03 train_cos=0.995933 train_nmse=-21.022dB train_rec=0.000000e+00 train_recT=0.000000e+00 train_fc=0.000000e+00 train_decoder_tail=0.000000e+00
I 07.01/05:19:40 train_mapper.py:615 ] epoch=0178 train_loss=6.569625e-03 train_mse=5.080834e-03 train_cos=0.995920 train_nmse=-21.015dB train_rec=0.000000e+00 train_recT=0.000000e+00 train_fc=0.000000e+00 train_decoder_tail=0.000000e+00
I 07.01/05:20:32 train_mapper.py:615 ] epoch=0179 train_loss=6.516070e-03 train_mse=5.039244e-03 train_cos=0.995954 train_nmse=-21.050dB train_rec=0.000000e+00 train_recT=0.000000e+00 train_fc=0.000000e+00 train_decoder_tail=0.000000e+00
I 07.01/05:21:25 train_mapper.py:615 ] epoch=0180 train_loss=6.590590e-03 train_mse=5.100411e-03 train_cos=0.995900 train_nmse=-20.997dB train_rec=0.000000e+00 train_recT=0.000000e+00 train_fc=0.000000e+00 train_decoder_tail=0.000000e+00
I 07.01/05:22:19 train_mapper.py:615 ] epoch=0181 train_loss=6.534669e-03 train_mse=5.055373e-03 train_cos=0.995942 train_nmse=-21.036dB train_rec=0.000000e+00 train_recT=0.000000e+00 train_fc=0.000000e+00 train_decoder_tail=0.000000e+00
I 07.01/05:23:12 train_mapper.py:615 ] epoch=0182 train_loss=6.504596e-03 train_mse=5.031827e-03 train_cos=0.995961 train_nmse=-21.056dB train_rec=0.000000e+00 train_recT=0.000000e+00 train_fc=0.000000e+00 train_decoder_tail=0.000000e+00
I 07.01/05:24:00 train_mapper.py:615 ] epoch=0183 train_loss=6.463277e-03 train_mse=4.998618e-03 train_cos=0.995989 train_nmse=-21.085dB train_rec=0.000000e+00 train_recT=0.000000e+00 train_fc=0.000000e+00 train_decoder_tail=0.000000e+00
I 07.01/05:24:52 train_mapper.py:615 ] epoch=0184 train_loss=6.494137e-03 train_mse=5.022982e-03 train_cos=0.995964 train_nmse=-21.064dB train_rec=0.000000e+00 train_recT=0.000000e+00 train_fc=0.000000e+00 train_decoder_tail=0.000000e+00
I 07.01/05:25:47 train_mapper.py:615 ] epoch=0185 train_loss=6.376963e-03 train_mse=4.928630e-03 train_cos=0.996042 train_nmse=-21.146dB train_rec=0.000000e+00 train_recT=0.000000e+00 train_fc=0.000000e+00 train_decoder_tail=0.000000e+00
I 07.01/05:26:39 train_mapper.py:615 ] epoch=0186 train_loss=6.429309e-03 train_mse=4.969591e-03 train_cos=0.996005 train_nmse=-21.111dB train_rec=0.000000e+00 train_recT=0.000000e+00 train_fc=0.000000e+00 train_decoder_tail=0.000000e+00
I 07.01/05:27:34 train_mapper.py:615 ] epoch=0187 train_loss=6.381377e-03 train_mse=4.933093e-03 train_cos=0.996040 train_nmse=-21.142dB train_rec=0.000000e+00 train_recT=0.000000e+00 train_fc=0.000000e+00 train_decoder_tail=0.000000e+00
I 07.01/05:28:27 train_mapper.py:615 ] epoch=0188 train_loss=6.436241e-03 train_mse=4.975088e-03 train_cos=0.996000 train_nmse=-21.106dB train_rec=0.000000e+00 train_recT=0.000000e+00 train_fc=0.000000e+00 train_decoder_tail=0.000000e+00
I 07.01/05:29:19 train_mapper.py:615 ] epoch=0189 train_loss=6.426113e-03 train_mse=4.970135e-03 train_cos=0.996006 train_nmse=-21.110dB train_rec=0.000000e+00 train_recT=0.000000e+00 train_fc=0.000000e+00 train_decoder_tail=0.000000e+00
I 07.01/05:30:11 train_mapper.py:615 ] epoch=0190 train_loss=6.341228e-03 train_mse=4.903155e-03 train_cos=0.996063 train_nmse=-21.169dB train_rec=0.000000e+00 train_recT=0.000000e+00 train_fc=0.000000e+00 train_decoder_tail=0.000000e+00
I 07.01/05:31:04 train_mapper.py:615 ] epoch=0191 train_loss=6.293054e-03 train_mse=4.863345e-03 train_cos=0.996092 train_nmse=-21.204dB train_rec=0.000000e+00 train_recT=0.000000e+00 train_fc=0.000000e+00 train_decoder_tail=0.000000e+00
I 07.01/05:31:50 train_mapper.py:615 ] epoch=0192 train_loss=6.270514e-03 train_mse=4.845213e-03 train_cos=0.996106 train_nmse=-21.220dB train_rec=0.000000e+00 train_recT=0.000000e+00 train_fc=0.000000e+00 train_decoder_tail=0.000000e+00
I 07.01/05:32:42 train_mapper.py:615 ] epoch=0193 train_loss=6.192539e-03 train_mse=4.784642e-03 train_cos=0.996156 train_nmse=-21.275dB train_rec=0.000000e+00 train_recT=0.000000e+00 train_fc=0.000000e+00 train_decoder_tail=0.000000e+00
I 07.01/05:33:32 train_mapper.py:615 ] epoch=0194 train_loss=6.226285e-03 train_mse=4.810541e-03 train_cos=0.996131 train_nmse=-21.252dB train_rec=0.000000e+00 train_recT=0.000000e+00 train_fc=0.000000e+00 train_decoder_tail=0.000000e+00
I 07.01/05:34:28 train_mapper.py:615 ] epoch=0195 train_loss=6.220782e-03 train_mse=4.806071e-03 train_cos=0.996138 train_nmse=-21.256dB train_rec=0.000000e+00 train_recT=0.000000e+00 train_fc=0.000000e+00 train_decoder_tail=0.000000e+00
I 07.01/05:35:21 train_mapper.py:615 ] epoch=0196 train_loss=6.238209e-03 train_mse=4.820097e-03 train_cos=0.996126 train_nmse=-21.243dB train_rec=0.000000e+00 train_recT=0.000000e+00 train_fc=0.000000e+00 train_decoder_tail=0.000000e+00
I 07.01/05:36:13 train_mapper.py:615 ] epoch=0197 train_loss=6.213429e-03 train_mse=4.800345e-03 train_cos=0.996145 train_nmse=-21.261dB train_rec=0.000000e+00 train_recT=0.000000e+00 train_fc=0.000000e+00 train_decoder_tail=0.000000e+00
I 07.01/05:37:04 train_mapper.py:615 ] epoch=0198 train_loss=6.192339e-03 train_mse=4.783340e-03 train_cos=0.996155 train_nmse=-21.276dB train_rec=0.000000e+00 train_recT=0.000000e+00 train_fc=0.000000e+00 train_decoder_tail=0.000000e+00
I 07.01/05:37:54 train_mapper.py:615 ] epoch=0199 train_loss=6.152041e-03 train_mse=4.751546e-03 train_cos=0.996179 train_nmse=-21.305dB train_rec=0.000000e+00 train_recT=0.000000e+00 train_fc=0.000000e+00 train_decoder_tail=0.000000e+00
I 07.01/05:38:44 train_mapper.py:615 ] epoch=0200 train_loss=6.101434e-03 train_mse=4.712084e-03 train_cos=0.996214 train_nmse=-21.341dB train_rec=0.000000e+00 train_recT=0.000000e+00 train_fc=0.000000e+00 train_decoder_tail=0.000000e+00
I 07.01/05:39:34 train_mapper.py:615 ] epoch=0201 train_loss=6.107518e-03 train_mse=4.716196e-03 train_cos=0.996209 train_nmse=-21.338dB train_rec=0.000000e+00 train_recT=0.000000e+00 train_fc=0.000000e+00 train_decoder_tail=0.000000e+00
I 07.01/05:40:24 train_mapper.py:615 ] epoch=0202 train_loss=6.071370e-03 train_mse=4.687438e-03 train_cos=0.996235 train_nmse=-21.364dB train_rec=0.000000e+00 train_recT=0.000000e+00 train_fc=0.000000e+00 train_decoder_tail=0.000000e+00
I 07.01/05:41:19 train_mapper.py:615 ] epoch=0203 train_loss=6.132001e-03 train_mse=4.736022e-03 train_cos=0.996192 train_nmse=-21.320dB train_rec=0.000000e+00 train_recT=0.000000e+00 train_fc=0.000000e+00 train_decoder_tail=0.000000e+00
I 07.01/05:42:12 train_mapper.py:615 ] epoch=0204 train_loss=6.133169e-03 train_mse=4.737751e-03 train_cos=0.996190 train_nmse=-21.318dB train_rec=0.000000e+00 train_recT=0.000000e+00 train_fc=0.000000e+00 train_decoder_tail=0.000000e+00
I 07.01/05:43:05 train_mapper.py:615 ] epoch=0205 train_loss=6.051564e-03 train_mse=4.672094e-03 train_cos=0.996247 train_nmse=-21.378dB train_rec=0.000000e+00 train_recT=0.000000e+00 train_fc=0.000000e+00 train_decoder_tail=0.000000e+00
I 07.01/05:43:58 train_mapper.py:615 ] epoch=0206 train_loss=6.006086e-03 train_mse=4.636188e-03 train_cos=0.996275 train_nmse=-21.412dB train_rec=0.000000e+00 train_recT=0.000000e+00 train_fc=0.000000e+00 train_decoder_tail=0.000000e+00
I 07.01/05:44:50 train_mapper.py:615 ] epoch=0207 train_loss=6.008904e-03 train_mse=4.638608e-03 train_cos=0.996267 train_nmse=-21.410dB train_rec=0.000000e+00 train_recT=0.000000e+00 train_fc=0.000000e+00 train_decoder_tail=0.000000e+00
I 07.01/05:45:40 train_mapper.py:615 ] epoch=0208 train_loss=5.987394e-03 train_mse=4.621983e-03 train_cos=0.996281 train_nmse=-21.425dB train_rec=0.000000e+00 train_recT=0.000000e+00 train_fc=0.000000e+00 train_decoder_tail=0.000000e+00
I 07.01/05:46:35 train_mapper.py:615 ] epoch=0209 train_loss=5.979577e-03 train_mse=4.614438e-03 train_cos=0.996290 train_nmse=-21.432dB train_rec=0.000000e+00 train_recT=0.000000e+00 train_fc=0.000000e+00 train_decoder_tail=0.000000e+00
I 07.01/05:47:26 train_mapper.py:615 ] epoch=0210 train_loss=5.975540e-03 train_mse=4.611974e-03 train_cos=0.996291 train_nmse=-21.435dB train_rec=0.000000e+00 train_recT=0.000000e+00 train_fc=0.000000e+00 train_decoder_tail=0.000000e+00
I 07.01/05:48:16 train_mapper.py:615 ] epoch=0211 train_loss=6.012330e-03 train_mse=4.642394e-03 train_cos=0.996261 train_nmse=-21.406dB train_rec=0.000000e+00 train_recT=0.000000e+00 train_fc=0.000000e+00 train_decoder_tail=0.000000e+00
I 07.01/05:49:07 train_mapper.py:615 ] epoch=0212 train_loss=5.921911e-03 train_mse=4.569376e-03 train_cos=0.996325 train_nmse=-21.475dB train_rec=0.000000e+00 train_recT=0.000000e+00 train_fc=0.000000e+00 train_decoder_tail=0.000000e+00
I 07.01/05:49:55 train_mapper.py:615 ] epoch=0213 train_loss=5.871489e-03 train_mse=4.529122e-03 train_cos=0.996356 train_nmse=-21.513dB train_rec=0.000000e+00 train_recT=0.000000e+00 train_fc=0.000000e+00 train_decoder_tail=0.000000e+00
I 07.01/05:50:48 train_mapper.py:615 ] epoch=0214 train_loss=5.870292e-03 train_mse=4.528842e-03 train_cos=0.996354 train_nmse=-21.514dB train_rec=0.000000e+00 train_recT=0.000000e+00 train_fc=0.000000e+00 train_decoder_tail=0.000000e+00
I 07.01/05:51:36 train_mapper.py:615 ] epoch=0215 train_loss=5.904322e-03 train_mse=4.556264e-03 train_cos=0.996333 train_nmse=-21.487dB train_rec=0.000000e+00 train_recT=0.000000e+00 train_fc=0.000000e+00 train_decoder_tail=0.000000e+00
I 07.01/05:52:26 train_mapper.py:615 ] epoch=0216 train_loss=5.840656e-03 train_mse=4.506588e-03 train_cos=0.996375 train_nmse=-21.535dB train_rec=0.000000e+00 train_recT=0.000000e+00 train_fc=0.000000e+00 train_decoder_tail=0.000000e+00
I 07.01/05:53:19 train_mapper.py:615 ] epoch=0217 train_loss=5.838216e-03 train_mse=4.504306e-03 train_cos=0.996376 train_nmse=-21.538dB train_rec=0.000000e+00 train_recT=0.000000e+00 train_fc=0.000000e+00 train_decoder_tail=0.000000e+00
I 07.01/05:54:09 train_mapper.py:615 ] epoch=0218 train_loss=5.886966e-03 train_mse=4.542889e-03 train_cos=0.996342 train_nmse=-21.500dB train_rec=0.000000e+00 train_recT=0.000000e+00 train_fc=0.000000e+00 train_decoder_tail=0.000000e+00
I 07.01/05:54:57 train_mapper.py:615 ] epoch=0219 train_loss=5.830648e-03 train_mse=4.499283e-03 train_cos=0.996382 train_nmse=-21.542dB train_rec=0.000000e+00 train_recT=0.000000e+00 train_fc=0.000000e+00 train_decoder_tail=0.000000e+00
I 07.01/05:55:44 train_mapper.py:615 ] epoch=0220 train_loss=5.791596e-03 train_mse=4.466730e-03 train_cos=0.996407 train_nmse=-21.574dB train_rec=0.000000e+00 train_recT=0.000000e+00 train_fc=0.000000e+00 train_decoder_tail=0.000000e+00
I 07.01/05:56:33 train_mapper.py:615 ] epoch=0221 train_loss=5.776965e-03 train_mse=4.454779e-03 train_cos=0.996417 train_nmse=-21.585dB train_rec=0.000000e+00 train_recT=0.000000e+00 train_fc=0.000000e+00 train_decoder_tail=0.000000e+00
I 07.01/05:57:22 train_mapper.py:615 ] epoch=0222 train_loss=5.771524e-03 train_mse=4.450633e-03 train_cos=0.996420 train_nmse=-21.590dB train_rec=0.000000e+00 train_recT=0.000000e+00 train_fc=0.000000e+00 train_decoder_tail=0.000000e+00
I 07.01/05:58:12 train_mapper.py:615 ] epoch=0223 train_loss=5.803839e-03 train_mse=4.478154e-03 train_cos=0.996397 train_nmse=-21.563dB train_rec=0.000000e+00 train_recT=0.000000e+00 train_fc=0.000000e+00 train_decoder_tail=0.000000e+00
I 07.01/05:58:58 train_mapper.py:615 ] epoch=0224 train_loss=5.748120e-03 train_mse=4.433773e-03 train_cos=0.996436 train_nmse=-21.606dB train_rec=0.000000e+00 train_recT=0.000000e+00 train_fc=0.000000e+00 train_decoder_tail=0.000000e+00
I 07.01/05:59:50 train_mapper.py:615 ] epoch=0225 train_loss=5.755047e-03 train_mse=4.437968e-03 train_cos=0.996427 train_nmse=-21.603dB train_rec=0.000000e+00 train_recT=0.000000e+00 train_fc=0.000000e+00 train_decoder_tail=0.000000e+00
I 07.01/06:00:43 train_mapper.py:615 ] epoch=0226 train_loss=5.743869e-03 train_mse=4.430979e-03 train_cos=0.996436 train_nmse=-21.608dB train_rec=0.000000e+00 train_recT=0.000000e+00 train_fc=0.000000e+00 train_decoder_tail=0.000000e+00
I 07.01/06:01:37 train_mapper.py:615 ] epoch=0227 train_loss=5.709877e-03 train_mse=4.403445e-03 train_cos=0.996456 train_nmse=-21.636dB train_rec=0.000000e+00 train_recT=0.000000e+00 train_fc=0.000000e+00 train_decoder_tail=0.000000e+00
I 07.01/06:02:31 train_mapper.py:615 ] epoch=0228 train_loss=5.673727e-03 train_mse=4.374836e-03 train_cos=0.996478 train_nmse=-21.664dB train_rec=0.000000e+00 train_recT=0.000000e+00 train_fc=0.000000e+00 train_decoder_tail=0.000000e+00
I 07.01/06:03:20 train_mapper.py:615 ] epoch=0229 train_loss=5.695210e-03 train_mse=4.391329e-03 train_cos=0.996463 train_nmse=-21.648dB train_rec=0.000000e+00 train_recT=0.000000e+00 train_fc=0.000000e+00 train_decoder_tail=0.000000e+00
I 07.01/06:04:09 train_mapper.py:615 ] epoch=0230 train_loss=5.623459e-03 train_mse=4.333432e-03 train_cos=0.996516 train_nmse=-21.705dB train_rec=0.000000e+00 train_recT=0.000000e+00 train_fc=0.000000e+00 train_decoder_tail=0.000000e+00
I 07.01/06:04:57 train_mapper.py:615 ] epoch=0231 train_loss=5.621756e-03 train_mse=4.332530e-03 train_cos=0.996512 train_nmse=-21.706dB train_rec=0.000000e+00 train_recT=0.000000e+00 train_fc=0.000000e+00 train_decoder_tail=0.000000e+00
I 07.01/06:05:48 train_mapper.py:615 ] epoch=0232 train_loss=5.620808e-03 train_mse=4.333208e-03 train_cos=0.996512 train_nmse=-21.705dB train_rec=0.000000e+00 train_recT=0.000000e+00 train_fc=0.000000e+00 train_decoder_tail=0.000000e+00
I 07.01/06:06:39 train_mapper.py:615 ] epoch=0233 train_loss=5.595717e-03 train_mse=4.310359e-03 train_cos=0.996530 train_nmse=-21.729dB train_rec=0.000000e+00 train_recT=0.000000e+00 train_fc=0.000000e+00 train_decoder_tail=0.000000e+00
I 07.01/06:07:30 train_mapper.py:615 ] epoch=0234 train_loss=5.600212e-03 train_mse=4.315310e-03 train_cos=0.996528 train_nmse=-21.723dB train_rec=0.000000e+00 train_recT=0.000000e+00 train_fc=0.000000e+00 train_decoder_tail=0.000000e+00
I 07.01/06:08:22 train_mapper.py:615 ] epoch=0235 train_loss=5.537032e-03 train_mse=4.265835e-03 train_cos=0.996565 train_nmse=-21.774dB train_rec=0.000000e+00 train_recT=0.000000e+00 train_fc=0.000000e+00 train_decoder_tail=0.000000e+00
I 07.01/06:09:18 train_mapper.py:615 ] epoch=0236 train_loss=5.611934e-03 train_mse=4.325196e-03 train_cos=0.996513 train_nmse=-21.714dB train_rec=0.000000e+00 train_recT=0.000000e+00 train_fc=0.000000e+00 train_decoder_tail=0.000000e+00
I 07.01/06:10:13 train_mapper.py:615 ] epoch=0237 train_loss=5.529093e-03 train_mse=4.260404e-03 train_cos=0.996573 train_nmse=-21.779dB train_rec=0.000000e+00 train_recT=0.000000e+00 train_fc=0.000000e+00 train_decoder_tail=0.000000e+00
I 07.01/06:11:04 train_mapper.py:615 ] epoch=0238 train_loss=5.558836e-03 train_mse=4.282571e-03 train_cos=0.996553 train_nmse=-21.757dB train_rec=0.000000e+00 train_recT=0.000000e+00 train_fc=0.000000e+00 train_decoder_tail=0.000000e+00
I 07.01/06:11:52 train_mapper.py:615 ] epoch=0239 train_loss=5.545443e-03 train_mse=4.273436e-03 train_cos=0.996559 train_nmse=-21.766dB train_rec=0.000000e+00 train_recT=0.000000e+00 train_fc=0.000000e+00 train_decoder_tail=0.000000e+00
I 07.01/06:12:36 train_mapper.py:615 ] epoch=0240 train_loss=5.498714e-03 train_mse=4.235515e-03 train_cos=0.996590 train_nmse=-21.805dB train_rec=0.000000e+00 train_recT=0.000000e+00 train_fc=0.000000e+00 train_decoder_tail=0.000000e+00
I 07.01/06:13:22 train_mapper.py:615 ] epoch=0241 train_loss=5.555125e-03 train_mse=4.280244e-03 train_cos=0.996552 train_nmse=-21.759dB train_rec=0.000000e+00 train_recT=0.000000e+00 train_fc=0.000000e+00 train_decoder_tail=0.000000e+00
I 07.01/06:14:11 train_mapper.py:615 ] epoch=0242 train_loss=5.521997e-03 train_mse=4.255651e-03 train_cos=0.996577 train_nmse=-21.784dB train_rec=0.000000e+00 train_recT=0.000000e+00 train_fc=0.000000e+00 train_decoder_tail=0.000000e+00
I 07.01/06:15:05 train_mapper.py:615 ] epoch=0243 train_loss=5.470552e-03 train_mse=4.213405e-03 train_cos=0.996609 train_nmse=-21.827dB train_rec=0.000000e+00 train_recT=0.000000e+00 train_fc=0.000000e+00 train_decoder_tail=0.000000e+00
I 07.01/06:15:56 train_mapper.py:615 ] epoch=0244 train_loss=5.469727e-03 train_mse=4.211075e-03 train_cos=0.996611 train_nmse=-21.830dB train_rec=0.000000e+00 train_recT=0.000000e+00 train_fc=0.000000e+00 train_decoder_tail=0.000000e+00
I 07.01/06:16:49 train_mapper.py:615 ] epoch=0245 train_loss=5.465068e-03 train_mse=4.209997e-03 train_cos=0.996610 train_nmse=-21.831dB train_rec=0.000000e+00 train_recT=0.000000e+00 train_fc=0.000000e+00 train_decoder_tail=0.000000e+00
I 07.01/06:17:37 train_mapper.py:615 ] epoch=0246 train_loss=5.460490e-03 train_mse=4.205838e-03 train_cos=0.996610 train_nmse=-21.835dB train_rec=0.000000e+00 train_recT=0.000000e+00 train_fc=0.000000e+00 train_decoder_tail=0.000000e+00
I 07.01/06:18:32 train_mapper.py:615 ] epoch=0247 train_loss=5.408742e-03 train_mse=4.164231e-03 train_cos=0.996648 train_nmse=-21.878dB train_rec=0.000000e+00 train_recT=0.000000e+00 train_fc=0.000000e+00 train_decoder_tail=0.000000e+00
I 07.01/06:19:23 train_mapper.py:615 ] epoch=0248 train_loss=5.446957e-03 train_mse=4.196429e-03 train_cos=0.996619 train_nmse=-21.845dB train_rec=0.000000e+00 train_recT=0.000000e+00 train_fc=0.000000e+00 train_decoder_tail=0.000000e+00
I 07.01/06:20:11 train_mapper.py:615 ] epoch=0249 train_loss=5.382804e-03 train_mse=4.144960e-03 train_cos=0.996661 train_nmse=-21.898dB train_rec=0.000000e+00 train_recT=0.000000e+00 train_fc=0.000000e+00 train_decoder_tail=0.000000e+00
I 07.01/06:21:02 train_mapper.py:615 ] epoch=0250 train_loss=5.353014e-03 train_mse=4.120564e-03 train_cos=0.996679 train_nmse=-21.924dB train_rec=0.000000e+00 train_recT=0.000000e+00 train_fc=0.000000e+00 train_decoder_tail=0.000000e+00
I 07.01/06:21:50 train_mapper.py:615 ] epoch=0251 train_loss=5.386770e-03 train_mse=4.148660e-03 train_cos=0.996658 train_nmse=-21.894dB train_rec=0.000000e+00 train_recT=0.000000e+00 train_fc=0.000000e+00 train_decoder_tail=0.000000e+00
I 07.01/06:22:35 train_mapper.py:615 ] epoch=0252 train_loss=5.350549e-03 train_mse=4.118406e-03 train_cos=0.996683 train_nmse=-21.927dB train_rec=0.000000e+00 train_recT=0.000000e+00 train_fc=0.000000e+00 train_decoder_tail=0.000000e+00
I 07.01/06:23:20 train_mapper.py:615 ] epoch=0253 train_loss=5.390780e-03 train_mse=4.152608e-03 train_cos=0.996656 train_nmse=-21.890dB train_rec=0.000000e+00 train_recT=0.000000e+00 train_fc=0.000000e+00 train_decoder_tail=0.000000e+00
I 07.01/06:24:05 train_mapper.py:615 ] epoch=0254 train_loss=5.402467e-03 train_mse=4.160195e-03 train_cos=0.996647 train_nmse=-21.883dB train_rec=0.000000e+00 train_recT=0.000000e+00 train_fc=0.000000e+00 train_decoder_tail=0.000000e+00
I 07.01/06:24:50 train_mapper.py:615 ] epoch=0255 train_loss=5.386811e-03 train_mse=4.149104e-03 train_cos=0.996659 train_nmse=-21.894dB train_rec=0.000000e+00 train_recT=0.000000e+00 train_fc=0.000000e+00 train_decoder_tail=0.000000e+00
I 07.01/06:25:39 train_mapper.py:615 ] epoch=0256 train_loss=5.283848e-03 train_mse=4.066150e-03 train_cos=0.996725 train_nmse=-21.982dB train_rec=0.000000e+00 train_recT=0.000000e+00 train_fc=0.000000e+00 train_decoder_tail=0.000000e+00
I 07.01/06:26:32 train_mapper.py:615 ] epoch=0257 train_loss=5.336276e-03 train_mse=4.109521e-03 train_cos=0.996689 train_nmse=-21.936dB train_rec=0.000000e+00 train_recT=0.000000e+00 train_fc=0.000000e+00 train_decoder_tail=0.000000e+00
I 07.01/06:27:23 train_mapper.py:615 ] epoch=0258 train_loss=5.351257e-03 train_mse=4.119702e-03 train_cos=0.996680 train_nmse=-21.925dB train_rec=0.000000e+00 train_recT=0.000000e+00 train_fc=0.000000e+00 train_decoder_tail=0.000000e+00
I 07.01/06:28:11 train_mapper.py:615 ] epoch=0259 train_loss=5.294481e-03 train_mse=4.073325e-03 train_cos=0.996719 train_nmse=-21.974dB train_rec=0.000000e+00 train_recT=0.000000e+00 train_fc=0.000000e+00 train_decoder_tail=0.000000e+00
I 07.01/06:28:59 train_mapper.py:615 ] epoch=0260 train_loss=5.279379e-03 train_mse=4.062545e-03 train_cos=0.996726 train_nmse=-21.986dB train_rec=0.000000e+00 train_recT=0.000000e+00 train_fc=0.000000e+00 train_decoder_tail=0.000000e+00
I 07.01/06:29:46 train_mapper.py:615 ] epoch=0261 train_loss=5.191841e-03 train_mse=3.994569e-03 train_cos=0.996784 train_nmse=-22.059dB train_rec=0.000000e+00 train_recT=0.000000e+00 train_fc=0.000000e+00 train_decoder_tail=0.000000e+00
I 07.01/06:30:35 train_mapper.py:615 ] epoch=0262 train_loss=5.195208e-03 train_mse=3.996710e-03 train_cos=0.996778 train_nmse=-22.057dB train_rec=0.000000e+00 train_recT=0.000000e+00 train_fc=0.000000e+00 train_decoder_tail=0.000000e+00
I 07.01/06:31:26 train_mapper.py:615 ] epoch=0263 train_loss=5.225445e-03 train_mse=4.019434e-03 train_cos=0.996762 train_nmse=-22.032dB train_rec=0.000000e+00 train_recT=0.000000e+00 train_fc=0.000000e+00 train_decoder_tail=0.000000e+00
I 07.01/06:32:17 train_mapper.py:615 ] epoch=0264 train_loss=5.213651e-03 train_mse=4.010986e-03 train_cos=0.996770 train_nmse=-22.041dB train_rec=0.000000e+00 train_recT=0.000000e+00 train_fc=0.000000e+00 train_decoder_tail=0.000000e+00
I 07.01/06:33:01 train_mapper.py:615 ] epoch=0265 train_loss=5.206981e-03 train_mse=4.005243e-03 train_cos=0.996773 train_nmse=-22.047dB train_rec=0.000000e+00 train_recT=0.000000e+00 train_fc=0.000000e+00 train_decoder_tail=0.000000e+00
I 07.01/06:33:43 train_mapper.py:615 ] epoch=0266 train_loss=5.244079e-03 train_mse=4.035826e-03 train_cos=0.996747 train_nmse=-22.014dB train_rec=0.000000e+00 train_recT=0.000000e+00 train_fc=0.000000e+00 train_decoder_tail=0.000000e+00
I 07.01/06:34:23 train_mapper.py:615 ] epoch=0267 train_loss=5.233638e-03 train_mse=4.028326e-03 train_cos=0.996754 train_nmse=-22.022dB train_rec=0.000000e+00 train_recT=0.000000e+00 train_fc=0.000000e+00 train_decoder_tail=0.000000e+00
I 07.01/06:35:08 train_mapper.py:615 ] epoch=0268 train_loss=5.205445e-03 train_mse=4.005535e-03 train_cos=0.996772 train_nmse=-22.047dB train_rec=0.000000e+00 train_recT=0.000000e+00 train_fc=0.000000e+00 train_decoder_tail=0.000000e+00
I 07.01/06:35:50 train_mapper.py:615 ] epoch=0269 train_loss=5.190931e-03 train_mse=3.992867e-03 train_cos=0.996783 train_nmse=-22.061dB train_rec=0.000000e+00 train_recT=0.000000e+00 train_fc=0.000000e+00 train_decoder_tail=0.000000e+00
I 07.01/06:36:32 train_mapper.py:615 ] epoch=0270 train_loss=5.141930e-03 train_mse=3.952571e-03 train_cos=0.996815 train_nmse=-22.106dB train_rec=0.000000e+00 train_recT=0.000000e+00 train_fc=0.000000e+00 train_decoder_tail=0.000000e+00
I 07.01/06:37:14 train_mapper.py:615 ] epoch=0271 train_loss=5.167534e-03 train_mse=3.976084e-03 train_cos=0.996796 train_nmse=-22.079dB train_rec=0.000000e+00 train_recT=0.000000e+00 train_fc=0.000000e+00 train_decoder_tail=0.000000e+00
I 07.01/06:37:47 train_mapper.py:615 ] epoch=0272 train_loss=5.162520e-03 train_mse=3.971427e-03 train_cos=0.996799 train_nmse=-22.084dB train_rec=0.000000e+00 train_recT=0.000000e+00 train_fc=0.000000e+00 train_decoder_tail=0.000000e+00
I 07.01/06:38:26 train_mapper.py:615 ] epoch=0273 train_loss=5.179383e-03 train_mse=3.983286e-03 train_cos=0.996788 train_nmse=-22.072dB train_rec=0.000000e+00 train_recT=0.000000e+00 train_fc=0.000000e+00 train_decoder_tail=0.000000e+00
I 07.01/06:39:10 train_mapper.py:615 ] epoch=0274 train_loss=5.157800e-03 train_mse=3.968113e-03 train_cos=0.996801 train_nmse=-22.088dB train_rec=0.000000e+00 train_recT=0.000000e+00 train_fc=0.000000e+00 train_decoder_tail=0.000000e+00
I 07.01/06:39:46 train_mapper.py:615 ] epoch=0275 train_loss=5.184710e-03 train_mse=3.990413e-03 train_cos=0.996781 train_nmse=-22.064dB train_rec=0.000000e+00 train_recT=0.000000e+00 train_fc=0.000000e+00 train_decoder_tail=0.000000e+00
I 07.01/06:40:24 train_mapper.py:615 ] epoch=0276 train_loss=5.017494e-03 train_mse=3.855716e-03 train_cos=0.996894 train_nmse=-22.213dB train_rec=0.000000e+00 train_recT=0.000000e+00 train_fc=0.000000e+00 train_decoder_tail=0.000000e+00
I 07.01/06:41:04 train_mapper.py:615 ] epoch=0277 train_loss=5.045443e-03 train_mse=3.876658e-03 train_cos=0.996873 train_nmse=-22.189dB train_rec=0.000000e+00 train_recT=0.000000e+00 train_fc=0.000000e+00 train_decoder_tail=0.000000e+00
I 07.01/06:41:47 train_mapper.py:615 ] epoch=0278 train_loss=5.055247e-03 train_mse=3.886437e-03 train_cos=0.996867 train_nmse=-22.178dB train_rec=0.000000e+00 train_recT=0.000000e+00 train_fc=0.000000e+00 train_decoder_tail=0.000000e+00
I 07.01/06:42:28 train_mapper.py:615 ] epoch=0279 train_loss=5.034365e-03 train_mse=3.867963e-03 train_cos=0.996881 train_nmse=-22.199dB train_rec=0.000000e+00 train_recT=0.000000e+00 train_fc=0.000000e+00 train_decoder_tail=0.000000e+00
I 07.01/06:43:06 train_mapper.py:615 ] epoch=0280 train_loss=5.069794e-03 train_mse=3.898791e-03 train_cos=0.996856 train_nmse=-22.164dB train_rec=0.000000e+00 train_recT=0.000000e+00 train_fc=0.000000e+00 train_decoder_tail=0.000000e+00
I 07.01/06:43:42 train_mapper.py:615 ] epoch=0281 train_loss=5.117267e-03 train_mse=3.935198e-03 train_cos=0.996827 train_nmse=-22.124dB train_rec=0.000000e+00 train_recT=0.000000e+00 train_fc=0.000000e+00 train_decoder_tail=0.000000e+00
I 07.01/06:44:21 train_mapper.py:615 ] epoch=0282 train_loss=5.063941e-03 train_mse=3.893892e-03 train_cos=0.996862 train_nmse=-22.170dB train_rec=0.000000e+00 train_recT=0.000000e+00 train_fc=0.000000e+00 train_decoder_tail=0.000000e+00
I 07.01/06:45:03 train_mapper.py:615 ] epoch=0283 train_loss=4.990911e-03 train_mse=3.834861e-03 train_cos=0.996911 train_nmse=-22.236dB train_rec=0.000000e+00 train_recT=0.000000e+00 train_fc=0.000000e+00 train_decoder_tail=0.000000e+00
I 07.01/06:45:39 train_mapper.py:615 ] epoch=0284 train_loss=5.001417e-03 train_mse=3.844598e-03 train_cos=0.996899 train_nmse=-22.226dB train_rec=0.000000e+00 train_recT=0.000000e+00 train_fc=0.000000e+00 train_decoder_tail=0.000000e+00
I 07.01/06:46:18 train_mapper.py:615 ] epoch=0285 train_loss=4.952538e-03 train_mse=3.804066e-03 train_cos=0.996935 train_nmse=-22.271dB train_rec=0.000000e+00 train_recT=0.000000e+00 train_fc=0.000000e+00 train_decoder_tail=0.000000e+00
I 07.01/06:46:57 train_mapper.py:615 ] epoch=0286 train_loss=5.011951e-03 train_mse=3.851844e-03 train_cos=0.996893 train_nmse=-22.217dB train_rec=0.000000e+00 train_recT=0.000000e+00 train_fc=0.000000e+00 train_decoder_tail=0.000000e+00
I 07.01/06:47:32 train_mapper.py:615 ] epoch=0287 train_loss=5.034398e-03 train_mse=3.872297e-03 train_cos=0.996879 train_nmse=-22.194dB train_rec=0.000000e+00 train_recT=0.000000e+00 train_fc=0.000000e+00 train_decoder_tail=0.000000e+00
I 07.01/06:48:03 train_mapper.py:615 ] epoch=0288 train_loss=5.037823e-03 train_mse=3.872974e-03 train_cos=0.996877 train_nmse=-22.194dB train_rec=0.000000e+00 train_recT=0.000000e+00 train_fc=0.000000e+00 train_decoder_tail=0.000000e+00
I 07.01/06:48:37 train_mapper.py:615 ] epoch=0289 train_loss=5.044174e-03 train_mse=3.877637e-03 train_cos=0.996875 train_nmse=-22.188dB train_rec=0.000000e+00 train_recT=0.000000e+00 train_fc=0.000000e+00 train_decoder_tail=0.000000e+00
I 07.01/06:49:16 train_mapper.py:615 ] epoch=0290 train_loss=4.983245e-03 train_mse=3.828917e-03 train_cos=0.996914 train_nmse=-22.243dB train_rec=0.000000e+00 train_recT=0.000000e+00 train_fc=0.000000e+00 train_decoder_tail=0.000000e+00
I 07.01/06:49:50 train_mapper.py:615 ] epoch=0291 train_loss=5.010545e-03 train_mse=3.852059e-03 train_cos=0.996892 train_nmse=-22.217dB train_rec=0.000000e+00 train_recT=0.000000e+00 train_fc=0.000000e+00 train_decoder_tail=0.000000e+00
I 07.01/06:50:27 train_mapper.py:615 ] epoch=0292 train_loss=4.968452e-03 train_mse=3.818172e-03 train_cos=0.996921 train_nmse=-22.255dB train_rec=0.000000e+00 train_recT=0.000000e+00 train_fc=0.000000e+00 train_decoder_tail=0.000000e+00
I 07.01/06:50:59 train_mapper.py:615 ] epoch=0293 train_loss=4.866342e-03 train_mse=3.736613e-03 train_cos=0.996989 train_nmse=-22.349dB train_rec=0.000000e+00 train_recT=0.000000e+00 train_fc=0.000000e+00 train_decoder_tail=0.000000e+00
I 07.01/06:51:33 train_mapper.py:615 ] epoch=0294 train_loss=4.888658e-03 train_mse=3.753475e-03 train_cos=0.996971 train_nmse=-22.329dB train_rec=0.000000e+00 train_recT=0.000000e+00 train_fc=0.000000e+00 train_decoder_tail=0.000000e+00
I 07.01/06:52:08 train_mapper.py:615 ] epoch=0295 train_loss=4.943580e-03 train_mse=3.799167e-03 train_cos=0.996935 train_nmse=-22.277dB train_rec=0.000000e+00 train_recT=0.000000e+00 train_fc=0.000000e+00 train_decoder_tail=0.000000e+00
I 07.01/06:52:44 train_mapper.py:615 ] epoch=0296 train_loss=4.898597e-03 train_mse=3.762053e-03 train_cos=0.996966 train_nmse=-22.319dB train_rec=0.000000e+00 train_recT=0.000000e+00 train_fc=0.000000e+00 train_decoder_tail=0.000000e+00
I 07.01/06:53:20 train_mapper.py:615 ] epoch=0297 train_loss=4.896557e-03 train_mse=3.761479e-03 train_cos=0.996965 train_nmse=-22.320dB train_rec=0.000000e+00 train_recT=0.000000e+00 train_fc=0.000000e+00 train_decoder_tail=0.000000e+00
I 07.01/06:53:55 train_mapper.py:615 ] epoch=0298 train_loss=4.906096e-03 train_mse=3.770228e-03 train_cos=0.996960 train_nmse=-22.310dB train_rec=0.000000e+00 train_recT=0.000000e+00 train_fc=0.000000e+00 train_decoder_tail=0.000000e+00
I 07.01/06:54:34 train_mapper.py:615 ] epoch=0299 train_loss=4.896160e-03 train_mse=3.760692e-03 train_cos=0.996967 train_nmse=-22.321dB train_rec=0.000000e+00 train_recT=0.000000e+00 train_fc=0.000000e+00 train_decoder_tail=0.000000e+00
I 07.01/06:55:11 train_mapper.py:615 ] epoch=0300 train_loss=4.907562e-03 train_mse=3.770873e-03 train_cos=0.996958 train_nmse=-22.309dB train_rec=0.000000e+00 train_recT=0.000000e+00 train_fc=0.000000e+00 train_decoder_tail=0.000000e+00
I 07.01/06:55:44 train_mapper.py:615 ] epoch=0301 train_loss=4.827693e-03 train_mse=3.706885e-03 train_cos=0.997012 train_nmse=-22.384dB train_rec=0.000000e+00 train_recT=0.000000e+00 train_fc=0.000000e+00 train_decoder_tail=0.000000e+00
I 07.01/06:56:16 train_mapper.py:615 ] epoch=0302 train_loss=4.871498e-03 train_mse=3.740140e-03 train_cos=0.996982 train_nmse=-22.345dB train_rec=0.000000e+00 train_recT=0.000000e+00 train_fc=0.000000e+00 train_decoder_tail=0.000000e+00
I 07.01/06:56:48 train_mapper.py:615 ] epoch=0303 train_loss=4.872325e-03 train_mse=3.743329e-03 train_cos=0.996982 train_nmse=-22.341dB train_rec=0.000000e+00 train_recT=0.000000e+00 train_fc=0.000000e+00 train_decoder_tail=0.000000e+00
I 07.01/06:57:21 train_mapper.py:615 ] epoch=0304 train_loss=4.820697e-03 train_mse=3.700500e-03 train_cos=0.997016 train_nmse=-22.391dB train_rec=0.000000e+00 train_recT=0.000000e+00 train_fc=0.000000e+00 train_decoder_tail=0.000000e+00
I 07.01/06:57:46 train_mapper.py:615 ] epoch=0305 train_loss=4.798172e-03 train_mse=3.683391e-03 train_cos=0.997034 train_nmse=-22.411dB train_rec=0.000000e+00 train_recT=0.000000e+00 train_fc=0.000000e+00 train_decoder_tail=0.000000e+00
I 07.01/06:58:11 train_mapper.py:615 ] epoch=0306 train_loss=4.860169e-03 train_mse=3.732614e-03 train_cos=0.996988 train_nmse=-22.353dB train_rec=0.000000e+00 train_recT=0.000000e+00 train_fc=0.000000e+00 train_decoder_tail=0.000000e+00
I 07.01/06:58:28 train_mapper.py:615 ] epoch=0307 train_loss=4.803864e-03 train_mse=3.688508e-03 train_cos=0.997026 train_nmse=-22.405dB train_rec=0.000000e+00 train_recT=0.000000e+00 train_fc=0.000000e+00 train_decoder_tail=0.000000e+00
I 07.01/06:58:41 train_mapper.py:615 ] epoch=0308 train_loss=4.818968e-03 train_mse=3.700476e-03 train_cos=0.997014 train_nmse=-22.391dB train_rec=0.000000e+00 train_recT=0.000000e+00 train_fc=0.000000e+00 train_decoder_tail=0.000000e+00
I 07.01/06:58:55 train_mapper.py:615 ] epoch=0309 train_loss=4.820232e-03 train_mse=3.699771e-03 train_cos=0.997010 train_nmse=-22.392dB train_rec=0.000000e+00 train_recT=0.000000e+00 train_fc=0.000000e+00 train_decoder_tail=0.000000e+00
I 07.01/06:59:25 train_mapper.py:615 ] epoch=0310 train_loss=4.800268e-03 train_mse=3.686407e-03 train_cos=0.997024 train_nmse=-22.407dB train_rec=0.000000e+00 train_recT=0.000000e+00 train_fc=0.000000e+00 train_decoder_tail=0.000000e+00
I 07.01/06:59:52 train_mapper.py:615 ] epoch=0311 train_loss=4.789402e-03 train_mse=3.676519e-03 train_cos=0.997035 train_nmse=-22.419dB train_rec=0.000000e+00 train_recT=0.000000e+00 train_fc=0.000000e+00 train_decoder_tail=0.000000e+00
I 07.01/07:00:23 train_mapper.py:615 ] epoch=0312 train_loss=4.761369e-03 train_mse=3.654092e-03 train_cos=0.997052 train_nmse=-22.446dB train_rec=0.000000e+00 train_recT=0.000000e+00 train_fc=0.000000e+00 train_decoder_tail=0.000000e+00
I 07.01/07:00:55 train_mapper.py:615 ] epoch=0313 train_loss=4.817199e-03 train_mse=3.699198e-03 train_cos=0.997013 train_nmse=-22.393dB train_rec=0.000000e+00 train_recT=0.000000e+00 train_fc=0.000000e+00 train_decoder_tail=0.000000e+00
I 07.01/07:01:26 train_mapper.py:615 ] epoch=0314 train_loss=4.754678e-03 train_mse=3.649851e-03 train_cos=0.997057 train_nmse=-22.451dB train_rec=0.000000e+00 train_recT=0.000000e+00 train_fc=0.000000e+00 train_decoder_tail=0.000000e+00
I 07.01/07:01:57 train_mapper.py:615 ] epoch=0315 train_loss=4.747656e-03 train_mse=3.643623e-03 train_cos=0.997060 train_nmse=-22.458dB train_rec=0.000000e+00 train_recT=0.000000e+00 train_fc=0.000000e+00 train_decoder_tail=0.000000e+00
I 07.01/07:02:25 train_mapper.py:615 ] epoch=0316 train_loss=4.795378e-03 train_mse=3.682163e-03 train_cos=0.997025 train_nmse=-22.413dB train_rec=0.000000e+00 train_recT=0.000000e+00 train_fc=0.000000e+00 train_decoder_tail=0.000000e+00
I 07.01/07:02:53 train_mapper.py:615 ] epoch=0317 train_loss=4.694578e-03 train_mse=3.601796e-03 train_cos=0.997095 train_nmse=-22.508dB train_rec=0.000000e+00 train_recT=0.000000e+00 train_fc=0.000000e+00 train_decoder_tail=0.000000e+00
I 07.01/07:03:24 train_mapper.py:615 ] epoch=0318 train_loss=4.714175e-03 train_mse=3.616458e-03 train_cos=0.997080 train_nmse=-22.491dB train_rec=0.000000e+00 train_recT=0.000000e+00 train_fc=0.000000e+00 train_decoder_tail=0.000000e+00
I 07.01/07:03:53 train_mapper.py:615 ] epoch=0319 train_loss=4.744610e-03 train_mse=3.642248e-03 train_cos=0.997059 train_nmse=-22.460dB train_rec=0.000000e+00 train_recT=0.000000e+00 train_fc=0.000000e+00 train_decoder_tail=0.000000e+00
I 07.01/07:04:22 train_mapper.py:615 ] epoch=0320 train_loss=4.645508e-03 train_mse=3.562688e-03 train_cos=0.997128 train_nmse=-22.556dB train_rec=0.000000e+00 train_recT=0.000000e+00 train_fc=0.000000e+00 train_decoder_tail=0.000000e+00
I 07.01/07:04:52 train_mapper.py:615 ] epoch=0321 train_loss=4.704708e-03 train_mse=3.610106e-03 train_cos=0.997085 train_nmse=-22.498dB train_rec=0.000000e+00 train_recT=0.000000e+00 train_fc=0.000000e+00 train_decoder_tail=0.000000e+00
I 07.01/07:05:20 train_mapper.py:615 ] epoch=0322 train_loss=4.727678e-03 train_mse=3.627623e-03 train_cos=0.997072 train_nmse=-22.477dB train_rec=0.000000e+00 train_recT=0.000000e+00 train_fc=0.000000e+00 train_decoder_tail=0.000000e+00
I 07.01/07:05:46 train_mapper.py:615 ] epoch=0323 train_loss=4.669739e-03 train_mse=3.581731e-03 train_cos=0.997112 train_nmse=-22.533dB train_rec=0.000000e+00 train_recT=0.000000e+00 train_fc=0.000000e+00 train_decoder_tail=0.000000e+00
I 07.01/07:06:13 train_mapper.py:615 ] epoch=0324 train_loss=4.724303e-03 train_mse=3.625622e-03 train_cos=0.997072 train_nmse=-22.480dB train_rec=0.000000e+00 train_recT=0.000000e+00 train_fc=0.000000e+00 train_decoder_tail=0.000000e+00
I 07.01/07:06:38 train_mapper.py:615 ] epoch=0325 train_loss=4.747778e-03 train_mse=3.644998e-03 train_cos=0.997056 train_nmse=-22.457dB train_rec=0.000000e+00 train_recT=0.000000e+00 train_fc=0.000000e+00 train_decoder_tail=0.000000e+00
I 07.01/07:07:05 train_mapper.py:615 ] epoch=0326 train_loss=4.639809e-03 train_mse=3.557405e-03 train_cos=0.997129 train_nmse=-22.562dB train_rec=0.000000e+00 train_recT=0.000000e+00 train_fc=0.000000e+00 train_decoder_tail=0.000000e+00
I 07.01/07:07:30 train_mapper.py:615 ] epoch=0327 train_loss=4.620883e-03 train_mse=3.544000e-03 train_cos=0.997140 train_nmse=-22.579dB train_rec=0.000000e+00 train_recT=0.000000e+00 train_fc=0.000000e+00 train_decoder_tail=0.000000e+00
I 07.01/07:07:56 train_mapper.py:615 ] epoch=0328 train_loss=4.592433e-03 train_mse=3.520348e-03 train_cos=0.997157 train_nmse=-22.608dB train_rec=0.000000e+00 train_recT=0.000000e+00 train_fc=0.000000e+00 train_decoder_tail=0.000000e+00
I 07.01/07:08:23 train_mapper.py:615 ] epoch=0329 train_loss=4.691253e-03 train_mse=3.601320e-03 train_cos=0.997089 train_nmse=-22.509dB train_rec=0.000000e+00 train_recT=0.000000e+00 train_fc=0.000000e+00 train_decoder_tail=0.000000e+00
I 07.01/07:08:47 train_mapper.py:615 ] epoch=0330 train_loss=4.568034e-03 train_mse=3.501510e-03 train_cos=0.997177 train_nmse=-22.631dB train_rec=0.000000e+00 train_recT=0.000000e+00 train_fc=0.000000e+00 train_decoder_tail=0.000000e+00
I 07.01/07:09:14 train_mapper.py:615 ] epoch=0331 train_loss=4.648785e-03 train_mse=3.565294e-03 train_cos=0.997120 train_nmse=-22.553dB train_rec=0.000000e+00 train_recT=0.000000e+00 train_fc=0.000000e+00 train_decoder_tail=0.000000e+00
I 07.01/07:09:40 train_mapper.py:615 ] epoch=0332 train_loss=4.634584e-03 train_mse=3.555041e-03 train_cos=0.997129 train_nmse=-22.565dB train_rec=0.000000e+00 train_recT=0.000000e+00 train_fc=0.000000e+00 train_decoder_tail=0.000000e+00
I 07.01/07:10:11 train_mapper.py:615 ] epoch=0333 train_loss=4.621722e-03 train_mse=3.545012e-03 train_cos=0.997140 train_nmse=-22.577dB train_rec=0.000000e+00 train_recT=0.000000e+00 train_fc=0.000000e+00 train_decoder_tail=0.000000e+00
I 07.01/07:10:42 train_mapper.py:615 ] epoch=0334 train_loss=4.592644e-03 train_mse=3.519843e-03 train_cos=0.997160 train_nmse=-22.609dB train_rec=0.000000e+00 train_recT=0.000000e+00 train_fc=0.000000e+00 train_decoder_tail=0.000000e+00
I 07.01/07:11:14 train_mapper.py:615 ] epoch=0335 train_loss=4.641944e-03 train_mse=3.561885e-03 train_cos=0.997125 train_nmse=-22.557dB train_rec=0.000000e+00 train_recT=0.000000e+00 train_fc=0.000000e+00 train_decoder_tail=0.000000e+00
I 07.01/07:11:43 train_mapper.py:615 ] epoch=0336 train_loss=4.566613e-03 train_mse=3.500084e-03 train_cos=0.997177 train_nmse=-22.633dB train_rec=0.000000e+00 train_recT=0.000000e+00 train_fc=0.000000e+00 train_decoder_tail=0.000000e+00
I 07.01/07:12:11 train_mapper.py:615 ] epoch=0337 train_loss=4.556298e-03 train_mse=3.492205e-03 train_cos=0.997181 train_nmse=-22.643dB train_rec=0.000000e+00 train_recT=0.000000e+00 train_fc=0.000000e+00 train_decoder_tail=0.000000e+00
I 07.01/07:12:36 train_mapper.py:615 ] epoch=0338 train_loss=4.556284e-03 train_mse=3.491259e-03 train_cos=0.997182 train_nmse=-22.644dB train_rec=0.000000e+00 train_recT=0.000000e+00 train_fc=0.000000e+00 train_decoder_tail=0.000000e+00
I 07.01/07:12:59 train_mapper.py:615 ] epoch=0339 train_loss=4.593663e-03 train_mse=3.522543e-03 train_cos=0.997156 train_nmse=-22.605dB train_rec=0.000000e+00 train_recT=0.000000e+00 train_fc=0.000000e+00 train_decoder_tail=0.000000e+00
I 07.01/07:13:20 train_mapper.py:615 ] epoch=0340 train_loss=4.590744e-03 train_mse=3.521379e-03 train_cos=0.997158 train_nmse=-22.607dB train_rec=0.000000e+00 train_recT=0.000000e+00 train_fc=0.000000e+00 train_decoder_tail=0.000000e+00
I 07.01/07:13:38 train_mapper.py:615 ] epoch=0341 train_loss=4.529722e-03 train_mse=3.472729e-03 train_cos=0.997201 train_nmse=-22.667dB train_rec=0.000000e+00 train_recT=0.000000e+00 train_fc=0.000000e+00 train_decoder_tail=0.000000e+00
I 07.01/07:13:58 train_mapper.py:615 ] epoch=0342 train_loss=4.524418e-03 train_mse=3.465548e-03 train_cos=0.997202 train_nmse=-22.676dB train_rec=0.000000e+00 train_recT=0.000000e+00 train_fc=0.000000e+00 train_decoder_tail=0.000000e+00
I 07.01/07:14:24 train_mapper.py:615 ] epoch=0343 train_loss=4.604794e-03 train_mse=3.531200e-03 train_cos=0.997145 train_nmse=-22.595dB train_rec=0.000000e+00 train_recT=0.000000e+00 train_fc=0.000000e+00 train_decoder_tail=0.000000e+00
I 07.01/07:14:41 train_mapper.py:615 ] epoch=0344 train_loss=4.587912e-03 train_mse=3.518585e-03 train_cos=0.997158 train_nmse=-22.610dB train_rec=0.000000e+00 train_recT=0.000000e+00 train_fc=0.000000e+00 train_decoder_tail=0.000000e+00
I 07.01/07:15:09 train_mapper.py:615 ] epoch=0345 train_loss=4.511114e-03 train_mse=3.457672e-03 train_cos=0.997212 train_nmse=-22.686dB train_rec=0.000000e+00 train_recT=0.000000e+00 train_fc=0.000000e+00 train_decoder_tail=0.000000e+00
I 07.01/07:15:27 train_mapper.py:615 ] epoch=0346 train_loss=4.480934e-03 train_mse=3.433385e-03 train_cos=0.997229 train_nmse=-22.717dB train_rec=0.000000e+00 train_recT=0.000000e+00 train_fc=0.000000e+00 train_decoder_tail=0.000000e+00
I 07.01/07:15:45 train_mapper.py:615 ] epoch=0347 train_loss=4.526766e-03 train_mse=3.469768e-03 train_cos=0.997195 train_nmse=-22.671dB train_rec=0.000000e+00 train_recT=0.000000e+00 train_fc=0.000000e+00 train_decoder_tail=0.000000e+00
I 07.01/07:16:14 train_mapper.py:615 ] epoch=0348 train_loss=4.502926e-03 train_mse=3.452300e-03 train_cos=0.997213 train_nmse=-22.693dB train_rec=0.000000e+00 train_recT=0.000000e+00 train_fc=0.000000e+00 train_decoder_tail=0.000000e+00
I 07.01/07:16:40 train_mapper.py:615 ] epoch=0349 train_loss=4.480609e-03 train_mse=3.431553e-03 train_cos=0.997229 train_nmse=-22.719dB train_rec=0.000000e+00 train_recT=0.000000e+00 train_fc=0.000000e+00 train_decoder_tail=0.000000e+00
I 07.01/07:16:55 train_mapper.py:615 ] epoch=0350 train_loss=4.500194e-03 train_mse=3.449178e-03 train_cos=0.997214 train_nmse=-22.696dB train_rec=0.000000e+00 train_recT=0.000000e+00 train_fc=0.000000e+00 train_decoder_tail=0.000000e+00
I 07.01/07:17:15 train_mapper.py:615 ] epoch=0351 train_loss=4.474694e-03 train_mse=3.429072e-03 train_cos=0.997231 train_nmse=-22.722dB train_rec=0.000000e+00 train_recT=0.000000e+00 train_fc=0.000000e+00 train_decoder_tail=0.000000e+00
I 07.01/07:17:31 train_mapper.py:615 ] epoch=0352 train_loss=4.434761e-03 train_mse=3.396398e-03 train_cos=0.997257 train_nmse=-22.764dB train_rec=0.000000e+00 train_recT=0.000000e+00 train_fc=0.000000e+00 train_decoder_tail=0.000000e+00
I 07.01/07:17:43 train_mapper.py:615 ] epoch=0353 train_loss=4.466978e-03 train_mse=3.423679e-03 train_cos=0.997234 train_nmse=-22.729dB train_rec=0.000000e+00 train_recT=0.000000e+00 train_fc=0.000000e+00 train_decoder_tail=0.000000e+00
I 07.01/07:17:50 train_mapper.py:615 ] epoch=0354 train_loss=4.456800e-03 train_mse=3.415046e-03 train_cos=0.997242 train_nmse=-22.740dB train_rec=0.000000e+00 train_recT=0.000000e+00 train_fc=0.000000e+00 train_decoder_tail=0.000000e+00
I 07.01/07:17:57 train_mapper.py:615 ] epoch=0355 train_loss=4.511389e-03 train_mse=3.458497e-03 train_cos=0.997204 train_nmse=-22.685dB train_rec=0.000000e+00 train_recT=0.000000e+00 train_fc=0.000000e+00 train_decoder_tail=0.000000e+00
I 07.01/07:18:10 train_mapper.py:615 ] epoch=0356 train_loss=4.368407e-03 train_mse=3.344616e-03 train_cos=0.997305 train_nmse=-22.830dB train_rec=0.000000e+00 train_recT=0.000000e+00 train_fc=0.000000e+00 train_decoder_tail=0.000000e+00
I 07.01/07:18:20 train_mapper.py:615 ] epoch=0357 train_loss=4.490732e-03 train_mse=3.439719e-03 train_cos=0.997220 train_nmse=-22.709dB train_rec=0.000000e+00 train_recT=0.000000e+00 train_fc=0.000000e+00 train_decoder_tail=0.000000e+00
I 07.01/07:18:36 train_mapper.py:615 ] epoch=0358 train_loss=4.524549e-03 train_mse=3.469599e-03 train_cos=0.997197 train_nmse=-22.671dB train_rec=0.000000e+00 train_recT=0.000000e+00 train_fc=0.000000e+00 train_decoder_tail=0.000000e+00
I 07.01/07:18:52 train_mapper.py:615 ] epoch=0359 train_loss=4.408239e-03 train_mse=3.376995e-03 train_cos=0.997279 train_nmse=-22.788dB train_rec=0.000000e+00 train_recT=0.000000e+00 train_fc=0.000000e+00 train_decoder_tail=0.000000e+00
I 07.01/07:19:06 train_mapper.py:615 ] epoch=0360 train_loss=4.524040e-03 train_mse=3.467526e-03 train_cos=0.997198 train_nmse=-22.675dB train_rec=0.000000e+00 train_recT=0.000000e+00 train_fc=0.000000e+00 train_decoder_tail=0.000000e+00
I 07.01/07:19:15 train_mapper.py:615 ] epoch=0361 train_loss=4.443280e-03 train_mse=3.405693e-03 train_cos=0.997252 train_nmse=-22.752dB train_rec=0.000000e+00 train_recT=0.000000e+00 train_fc=0.000000e+00 train_decoder_tail=0.000000e+00
I 07.01/07:19:23 train_mapper.py:615 ] epoch=0362 train_loss=4.401537e-03 train_mse=3.369525e-03 train_cos=0.997279 train_nmse=-22.798dB train_rec=0.000000e+00 train_recT=0.000000e+00 train_fc=0.000000e+00 train_decoder_tail=0.000000e+00
I 07.01/07:19:30 train_mapper.py:615 ] epoch=0363 train_loss=4.381267e-03 train_mse=3.354112e-03 train_cos=0.997290 train_nmse=-22.818dB train_rec=0.000000e+00 train_recT=0.000000e+00 train_fc=0.000000e+00 train_decoder_tail=0.000000e+00
I 07.01/07:19:41 train_mapper.py:615 ] epoch=0364 train_loss=4.426126e-03 train_mse=3.390719e-03 train_cos=0.997260 train_nmse=-22.771dB train_rec=0.000000e+00 train_recT=0.000000e+00 train_fc=0.000000e+00 train_decoder_tail=0.000000e+00
I 07.01/07:19:51 train_mapper.py:615 ] epoch=0365 train_loss=4.383912e-03 train_mse=3.357577e-03 train_cos=0.997287 train_nmse=-22.814dB train_rec=0.000000e+00 train_recT=0.000000e+00 train_fc=0.000000e+00 train_decoder_tail=0.000000e+00
I 07.01/07:19:59 train_mapper.py:615 ] epoch=0366 train_loss=4.340494e-03 train_mse=3.322822e-03 train_cos=0.997317 train_nmse=-22.858dB train_rec=0.000000e+00 train_recT=0.000000e+00 train_fc=0.000000e+00 train_decoder_tail=0.000000e+00
I 07.01/07:20:11 train_mapper.py:615 ] epoch=0367 train_loss=4.354451e-03 train_mse=3.332253e-03 train_cos=0.997307 train_nmse=-22.846dB train_rec=0.000000e+00 train_recT=0.000000e+00 train_fc=0.000000e+00 train_decoder_tail=0.000000e+00
I 07.01/07:20:23 train_mapper.py:615 ] epoch=0368 train_loss=4.322223e-03 train_mse=3.307471e-03 train_cos=0.997329 train_nmse=-22.879dB train_rec=0.000000e+00 train_recT=0.000000e+00 train_fc=0.000000e+00 train_decoder_tail=0.000000e+00
I 07.01/07:20:29 train_mapper.py:615 ] epoch=0369 train_loss=4.413899e-03 train_mse=3.382718e-03 train_cos=0.997266 train_nmse=-22.781dB train_rec=0.000000e+00 train_recT=0.000000e+00 train_fc=0.000000e+00 train_decoder_tail=0.000000e+00
I 07.01/07:20:36 train_mapper.py:615 ] epoch=0370 train_loss=4.397223e-03 train_mse=3.368494e-03 train_cos=0.997278 train_nmse=-22.799dB train_rec=0.000000e+00 train_recT=0.000000e+00 train_fc=0.000000e+00 train_decoder_tail=0.000000e+00
I 07.01/07:20:42 train_mapper.py:615 ] epoch=0371 train_loss=4.340038e-03 train_mse=3.323218e-03 train_cos=0.997317 train_nmse=-22.858dB train_rec=0.000000e+00 train_recT=0.000000e+00 train_fc=0.000000e+00 train_decoder_tail=0.000000e+00
I 07.01/07:20:49 train_mapper.py:615 ] epoch=0372 train_loss=4.355645e-03 train_mse=3.335658e-03 train_cos=0.997304 train_nmse=-22.842dB train_rec=0.000000e+00 train_recT=0.000000e+00 train_fc=0.000000e+00 train_decoder_tail=0.000000e+00
I 07.01/07:20:55 train_mapper.py:615 ] epoch=0373 train_loss=4.380947e-03 train_mse=3.354556e-03 train_cos=0.997290 train_nmse=-22.819dB train_rec=0.000000e+00 train_recT=0.000000e+00 train_fc=0.000000e+00 train_decoder_tail=0.000000e+00
I 07.01/07:21:05 train_mapper.py:615 ] epoch=0374 train_loss=4.329097e-03 train_mse=3.314279e-03 train_cos=0.997326 train_nmse=-22.870dB train_rec=0.000000e+00 train_recT=0.000000e+00 train_fc=0.000000e+00 train_decoder_tail=0.000000e+00
I 07.01/07:21:11 train_mapper.py:615 ] epoch=0375 train_loss=4.291037e-03 train_mse=3.283196e-03 train_cos=0.997349 train_nmse=-22.911dB train_rec=0.000000e+00 train_recT=0.000000e+00 train_fc=0.000000e+00 train_decoder_tail=0.000000e+00
I 07.01/07:21:17 train_mapper.py:615 ] epoch=0376 train_loss=4.324165e-03 train_mse=3.310661e-03 train_cos=0.997324 train_nmse=-22.875dB train_rec=0.000000e+00 train_recT=0.000000e+00 train_fc=0.000000e+00 train_decoder_tail=0.000000e+00
I 07.01/07:21:23 train_mapper.py:615 ] epoch=0377 train_loss=4.346545e-03 train_mse=3.329392e-03 train_cos=0.997310 train_nmse=-22.850dB train_rec=0.000000e+00 train_recT=0.000000e+00 train_fc=0.000000e+00 train_decoder_tail=0.000000e+00
I 07.01/07:21:30 train_mapper.py:615 ] epoch=0378 train_loss=4.308544e-03 train_mse=3.297763e-03 train_cos=0.997336 train_nmse=-22.891dB train_rec=0.000000e+00 train_recT=0.000000e+00 train_fc=0.000000e+00 train_decoder_tail=0.000000e+00
I 07.01/07:21:36 train_mapper.py:615 ] epoch=0379 train_loss=4.298981e-03 train_mse=3.290149e-03 train_cos=0.997344 train_nmse=-22.901dB train_rec=0.000000e+00 train_recT=0.000000e+00 train_fc=0.000000e+00 train_decoder_tail=0.000000e+00
I 07.01/07:21:42 train_mapper.py:615 ] epoch=0380 train_loss=4.362775e-03 train_mse=3.341109e-03 train_cos=0.997300 train_nmse=-22.835dB train_rec=0.000000e+00 train_recT=0.000000e+00 train_fc=0.000000e+00 train_decoder_tail=0.000000e+00
I 07.01/07:21:48 train_mapper.py:615 ] epoch=0381 train_loss=4.281472e-03 train_mse=3.276950e-03 train_cos=0.997355 train_nmse=-22.919dB train_rec=0.000000e+00 train_recT=0.000000e+00 train_fc=0.000000e+00 train_decoder_tail=0.000000e+00
I 07.01/07:21:55 train_mapper.py:615 ] epoch=0382 train_loss=4.263004e-03 train_mse=3.262357e-03 train_cos=0.997369 train_nmse=-22.938dB train_rec=0.000000e+00 train_recT=0.000000e+00 train_fc=0.000000e+00 train_decoder_tail=0.000000e+00
I 07.01/07:22:06 train_mapper.py:615 ] epoch=0383 train_loss=4.301651e-03 train_mse=3.292465e-03 train_cos=0.997341 train_nmse=-22.899dB train_rec=0.000000e+00 train_recT=0.000000e+00 train_fc=0.000000e+00 train_decoder_tail=0.000000e+00
I 07.01/07:22:12 train_mapper.py:615 ] epoch=0384 train_loss=4.275127e-03 train_mse=3.271063e-03 train_cos=0.997358 train_nmse=-22.927dB train_rec=0.000000e+00 train_recT=0.000000e+00 train_fc=0.000000e+00 train_decoder_tail=0.000000e+00
I 07.01/07:22:19 train_mapper.py:615 ] epoch=0385 train_loss=4.295465e-03 train_mse=3.286584e-03 train_cos=0.997343 train_nmse=-22.906dB train_rec=0.000000e+00 train_recT=0.000000e+00 train_fc=0.000000e+00 train_decoder_tail=0.000000e+00
I 07.01/07:22:25 train_mapper.py:615 ] epoch=0386 train_loss=4.269776e-03 train_mse=3.267803e-03 train_cos=0.997362 train_nmse=-22.931dB train_rec=0.000000e+00 train_recT=0.000000e+00 train_fc=0.000000e+00 train_decoder_tail=0.000000e+00
I 07.01/07:22:32 train_mapper.py:615 ] epoch=0387 train_loss=4.256083e-03 train_mse=3.257027e-03 train_cos=0.997369 train_nmse=-22.946dB train_rec=0.000000e+00 train_recT=0.000000e+00 train_fc=0.000000e+00 train_decoder_tail=0.000000e+00
I 07.01/07:22:38 train_mapper.py:615 ] epoch=0388 train_loss=4.237692e-03 train_mse=3.242213e-03 train_cos=0.997381 train_nmse=-22.965dB train_rec=0.000000e+00 train_recT=0.000000e+00 train_fc=0.000000e+00 train_decoder_tail=0.000000e+00
I 07.01/07:22:45 train_mapper.py:615 ] epoch=0389 train_loss=4.292851e-03 train_mse=3.286022e-03 train_cos=0.997342 train_nmse=-22.907dB train_rec=0.000000e+00 train_recT=0.000000e+00 train_fc=0.000000e+00 train_decoder_tail=0.000000e+00
I 07.01/07:22:52 train_mapper.py:615 ] epoch=0390 train_loss=4.259391e-03 train_mse=3.261572e-03 train_cos=0.997366 train_nmse=-22.939dB train_rec=0.000000e+00 train_recT=0.000000e+00 train_fc=0.000000e+00 train_decoder_tail=0.000000e+00
I 07.01/07:22:58 train_mapper.py:615 ] epoch=0391 train_loss=4.214279e-03 train_mse=3.224375e-03 train_cos=0.997397 train_nmse=-22.989dB train_rec=0.000000e+00 train_recT=0.000000e+00 train_fc=0.000000e+00 train_decoder_tail=0.000000e+00
I 07.01/07:23:08 train_mapper.py:615 ] epoch=0392 train_loss=4.216644e-03 train_mse=3.223405e-03 train_cos=0.997394 train_nmse=-22.991dB train_rec=0.000000e+00 train_recT=0.000000e+00 train_fc=0.000000e+00 train_decoder_tail=0.000000e+00
I 07.01/07:23:14 train_mapper.py:615 ] epoch=0393 train_loss=4.227287e-03 train_mse=3.234147e-03 train_cos=0.997386 train_nmse=-22.976dB train_rec=0.000000e+00 train_recT=0.000000e+00 train_fc=0.000000e+00 train_decoder_tail=0.000000e+00
I 07.01/07:23:20 train_mapper.py:615 ] epoch=0394 train_loss=4.258890e-03 train_mse=3.259928e-03 train_cos=0.997366 train_nmse=-22.942dB train_rec=0.000000e+00 train_recT=0.000000e+00 train_fc=0.000000e+00 train_decoder_tail=0.000000e+00
I 07.01/07:23:27 train_mapper.py:615 ] epoch=0395 train_loss=4.129612e-03 train_mse=3.156263e-03 train_cos=0.997453 train_nmse=-23.082dB train_rec=0.000000e+00 train_recT=0.000000e+00 train_fc=0.000000e+00 train_decoder_tail=0.000000e+00
I 07.01/07:23:34 train_mapper.py:615 ] epoch=0396 train_loss=4.222963e-03 train_mse=3.230062e-03 train_cos=0.997386 train_nmse=-22.983dB train_rec=0.000000e+00 train_recT=0.000000e+00 train_fc=0.000000e+00 train_decoder_tail=0.000000e+00
I 07.01/07:23:41 train_mapper.py:615 ] epoch=0397 train_loss=4.261239e-03 train_mse=3.262248e-03 train_cos=0.997360 train_nmse=-22.939dB train_rec=0.000000e+00 train_recT=0.000000e+00 train_fc=0.000000e+00 train_decoder_tail=0.000000e+00
I 07.01/07:23:47 train_mapper.py:615 ] epoch=0398 train_loss=4.260384e-03 train_mse=3.262789e-03 train_cos=0.997364 train_nmse=-22.938dB train_rec=0.000000e+00 train_recT=0.000000e+00 train_fc=0.000000e+00 train_decoder_tail=0.000000e+00
I 07.01/07:23:53 train_mapper.py:615 ] epoch=0399 train_loss=4.152991e-03 train_mse=3.175216e-03 train_cos=0.997437 train_nmse=-23.056dB train_rec=0.000000e+00 train_recT=0.000000e+00 train_fc=0.000000e+00 train_decoder_tail=0.000000e+00
I 07.01/07:23:59 train_mapper.py:615 ] epoch=0400 train_loss=4.114926e-03 train_mse=3.145677e-03 train_cos=0.997460 train_nmse=-23.096dB train_rec=0.000000e+00 train_recT=0.000000e+00 train_fc=0.000000e+00 train_decoder_tail=0.000000e+00
I 07.01/07:24:18 train_mapper.py:683 ] best_epoch=400 best_selection=train_loss best_metric=4.114926e-03 best_mse=3.145677e-03 best_loss=4.114926e-03
I 07.01/07:24:18 train_mapper.py:688 ] all_mse=3.033921e-03 all_cos=0.997553 all_nmse=-23.253dB
