I 07.01/14:49:40 train_mapper.py:431 ] => Experiment directory: mapper/exps_combined_losses/hybrid/smooth_tail_recT_fc/seed2026_transnet_transnet_to_seed42_transnet_lr5e-4_ep400
I 07.01/14:49:40 train_mapper.py:432 ] => Checkpoint directory: mapper/exps_combined_losses/hybrid/smooth_tail_recT_fc/seed2026_transnet_transnet_to_seed42_transnet_lr5e-4_ep400/checkpoints
I 07.01/14:49:40 train_mapper.py:433 ] => Codeword directory: mapper/exps_combined_losses/hybrid/smooth_tail_recT_fc/seed2026_transnet_transnet_to_seed42_transnet_lr5e-4_ep400/codewords
I 07.01/14:49:40 train_mapper.py:434 ] => TensorBoard directory: mapper/exps_combined_losses/hybrid/smooth_tail_recT_fc/seed2026_transnet_transnet_to_seed42_transnet_lr5e-4_ep400/tensorboard
I 07.01/14:49:46 train_mapper.py:519 ] => Loaded fixed decoder from exps/COST2100/in/seed42/transnet_transnet/checkpoints/best_nmse.pth
I 07.01/14:49:46 train_mapper.py:524 ] device=cuda
I 07.01/14:49:46 train_mapper.py:525 ] mapper=hybrid, params=23108608
I 07.01/14:49:46 train_mapper.py:527 ] train=100000, val=0, code_dim=512
I 07.01/14:49:46 train_mapper.py:529 ] val_ratio<=0: skip per-epoch validation; select best checkpoint by train loss
I 07.01/14:49:46 train_mapper.py:531 ] loss=mse + smoothl1*0.5 + sample_tail*0.1 + dim_tail*0.05 + whiten*0.0 + rec*0.0 + recT*1.0 + fc*0.01 + decoder_tail*0.0 + cos*0.0 + cov*0.0
I 07.01/14:50:16 train_mapper.py:622 ] epoch=0001 train_loss=6.014376e-01 train_mse=3.223756e-01 train_cos=0.833022 train_nmse=-3.916dB train_rec=0.000000e+00 train_recT=1.884927e-03 train_fc=3.124313e-01 train_decoder_tail=0.000000e+00
I 07.01/14:51:06 train_mapper.py:622 ] epoch=0002 train_loss=2.268304e-01 train_mse=9.520329e-02 train_cos=0.963754 train_nmse=-8.338dB train_rec=0.000000e+00 train_recT=1.596775e-04 train_fc=8.606562e-02 train_decoder_tail=0.000000e+00
I 07.01/14:52:14 train_mapper.py:622 ] epoch=0003 train_loss=1.649787e-01 train_mse=6.318123e-02 train_cos=0.976537 train_nmse=-10.080dB train_rec=0.000000e+00 train_recT=1.004498e-04 train_fc=6.173164e-02 train_decoder_tail=0.000000e+00
I 07.01/14:53:42 train_mapper.py:622 ] epoch=0004 train_loss=1.365037e-01 train_mse=4.952172e-02 train_cos=0.980170 train_nmse=-11.132dB train_rec=0.000000e+00 train_recT=6.655321e-05 train_fc=4.875897e-02 train_decoder_tail=0.000000e+00
I 07.01/14:55:07 train_mapper.py:622 ] epoch=0005 train_loss=1.194175e-01 train_mse=4.170564e-02 train_cos=0.982117 train_nmse=-11.874dB train_rec=0.000000e+00 train_recT=4.622829e-05 train_fc=4.044787e-02 train_decoder_tail=0.000000e+00
I 07.01/14:56:28 train_mapper.py:622 ] epoch=0006 train_loss=1.090823e-01 train_mse=3.714949e-02 train_cos=0.983431 train_nmse=-12.375dB train_rec=0.000000e+00 train_recT=3.467549e-05 train_fc=3.543697e-02 train_decoder_tail=0.000000e+00
I 07.01/14:57:48 train_mapper.py:622 ] epoch=0007 train_loss=1.027049e-01 train_mse=3.441770e-02 train_cos=0.984437 train_nmse=-12.707dB train_rec=0.000000e+00 train_recT=2.814381e-05 train_fc=3.251155e-02 train_decoder_tail=0.000000e+00
I 07.01/14:59:12 train_mapper.py:622 ] epoch=0008 train_loss=9.811131e-02 train_mse=3.248575e-02 train_cos=0.985357 train_nmse=-12.958dB train_rec=0.000000e+00 train_recT=2.428668e-05 train_fc=3.066910e-02 train_decoder_tail=0.000000e+00
I 07.01/15:00:32 train_mapper.py:622 ] epoch=0009 train_loss=9.461148e-02 train_mse=3.102671e-02 train_cos=0.986113 train_nmse=-13.157dB train_rec=0.000000e+00 train_recT=2.178631e-05 train_fc=2.944365e-02 train_decoder_tail=0.000000e+00
I 07.01/15:01:51 train_mapper.py:622 ] epoch=0010 train_loss=9.149641e-02 train_mse=2.972967e-02 train_cos=0.986790 train_nmse=-13.343dB train_rec=0.000000e+00 train_recT=2.008489e-05 train_fc=2.850344e-02 train_decoder_tail=0.000000e+00
I 07.01/15:03:11 train_mapper.py:622 ] epoch=0011 train_loss=8.858751e-02 train_mse=2.852023e-02 train_cos=0.987381 train_nmse=-13.523dB train_rec=0.000000e+00 train_recT=1.861319e-05 train_fc=2.762859e-02 train_decoder_tail=0.000000e+00
I 07.01/15:04:30 train_mapper.py:622 ] epoch=0012 train_loss=8.570993e-02 train_mse=2.732842e-02 train_cos=0.987909 train_nmse=-13.709dB train_rec=0.000000e+00 train_recT=1.732447e-05 train_fc=2.674448e-02 train_decoder_tail=0.000000e+00
I 07.01/15:05:49 train_mapper.py:622 ] epoch=0013 train_loss=8.288891e-02 train_mse=2.616645e-02 train_cos=0.988333 train_nmse=-13.897dB train_rec=0.000000e+00 train_recT=1.597014e-05 train_fc=2.579687e-02 train_decoder_tail=0.000000e+00
I 07.01/15:07:07 train_mapper.py:622 ] epoch=0014 train_loss=7.987318e-02 train_mse=2.494355e-02 train_cos=0.988677 train_nmse=-14.106dB train_rec=0.000000e+00 train_recT=1.439242e-05 train_fc=2.455779e-02 train_decoder_tail=0.000000e+00
I 07.01/15:08:19 train_mapper.py:622 ] epoch=0015 train_loss=7.640993e-02 train_mse=2.358384e-02 train_cos=0.988844 train_nmse=-14.349dB train_rec=0.000000e+00 train_recT=1.240062e-05 train_fc=2.275234e-02 train_decoder_tail=0.000000e+00
I 07.01/15:09:35 train_mapper.py:622 ] epoch=0016 train_loss=7.186944e-02 train_mse=2.190140e-02 train_cos=0.988752 train_nmse=-14.671dB train_rec=0.000000e+00 train_recT=9.825470e-06 train_fc=1.970395e-02 train_decoder_tail=0.000000e+00
I 07.01/15:10:51 train_mapper.py:622 ] epoch=0017 train_loss=6.620276e-02 train_mse=1.979324e-02 train_cos=0.988837 train_nmse=-15.111dB train_rec=0.000000e+00 train_recT=7.687001e-06 train_fc=1.607485e-02 train_decoder_tail=0.000000e+00
I 07.01/15:12:07 train_mapper.py:622 ] epoch=0018 train_loss=6.061413e-02 train_mse=1.767315e-02 train_cos=0.989368 train_nmse=-15.602dB train_rec=0.000000e+00 train_recT=6.379228e-06 train_fc=1.314664e-02 train_decoder_tail=0.000000e+00
I 07.01/15:13:17 train_mapper.py:622 ] epoch=0019 train_loss=5.643859e-02 train_mse=1.609591e-02 train_cos=0.989830 train_nmse=-16.008dB train_rec=0.000000e+00 train_recT=5.539756e-06 train_fc=1.113557e-02 train_decoder_tail=0.000000e+00
I 07.01/15:14:28 train_mapper.py:622 ] epoch=0020 train_loss=5.311054e-02 train_mse=1.486267e-02 train_cos=0.990268 train_nmse=-16.354dB train_rec=0.000000e+00 train_recT=4.910517e-06 train_fc=9.759526e-03 train_decoder_tail=0.000000e+00
I 07.01/15:15:38 train_mapper.py:622 ] epoch=0021 train_loss=5.052555e-02 train_mse=1.391680e-02 train_cos=0.990646 train_nmse=-16.639dB train_rec=0.000000e+00 train_recT=4.452364e-06 train_fc=8.793060e-03 train_decoder_tail=0.000000e+00
I 07.01/15:16:51 train_mapper.py:622 ] epoch=0022 train_loss=4.846533e-02 train_mse=1.317129e-02 train_cos=0.990960 train_nmse=-16.879dB train_rec=0.000000e+00 train_recT=4.096773e-06 train_fc=8.072710e-03 train_decoder_tail=0.000000e+00
I 07.01/15:17:58 train_mapper.py:622 ] epoch=0023 train_loss=4.660918e-02 train_mse=1.251234e-02 train_cos=0.991284 train_nmse=-17.101dB train_rec=0.000000e+00 train_recT=3.823097e-06 train_fc=7.491980e-03 train_decoder_tail=0.000000e+00
I 07.01/15:19:02 train_mapper.py:622 ] epoch=0024 train_loss=4.493288e-02 train_mse=1.192783e-02 train_cos=0.991583 train_nmse=-17.309dB train_rec=0.000000e+00 train_recT=3.567849e-06 train_fc=7.020482e-03 train_decoder_tail=0.000000e+00
I 07.01/15:20:15 train_mapper.py:622 ] epoch=0025 train_loss=4.343309e-02 train_mse=1.141263e-02 train_cos=0.991865 train_nmse=-17.501dB train_rec=0.000000e+00 train_recT=3.347472e-06 train_fc=6.607033e-03 train_decoder_tail=0.000000e+00
I 07.01/15:21:22 train_mapper.py:622 ] epoch=0026 train_loss=4.219386e-02 train_mse=1.098860e-02 train_cos=0.992098 train_nmse=-17.666dB train_rec=0.000000e+00 train_recT=3.190562e-06 train_fc=6.289847e-03 train_decoder_tail=0.000000e+00
I 07.01/15:22:32 train_mapper.py:622 ] epoch=0027 train_loss=4.108957e-02 train_mse=1.061311e-02 train_cos=0.992309 train_nmse=-17.817dB train_rec=0.000000e+00 train_recT=3.028599e-06 train_fc=5.999735e-03 train_decoder_tail=0.000000e+00
I 07.01/15:23:46 train_mapper.py:622 ] epoch=0028 train_loss=3.996941e-02 train_mse=1.024201e-02 train_cos=0.992532 train_nmse=-17.971dB train_rec=0.000000e+00 train_recT=2.872544e-06 train_fc=5.738039e-03 train_decoder_tail=0.000000e+00
I 07.01/15:25:00 train_mapper.py:622 ] epoch=0029 train_loss=3.899004e-02 train_mse=9.918123e-03 train_cos=0.992725 train_nmse=-18.111dB train_rec=0.000000e+00 train_recT=2.764294e-06 train_fc=5.506665e-03 train_decoder_tail=0.000000e+00
I 07.01/15:26:15 train_mapper.py:622 ] epoch=0030 train_loss=3.810885e-02 train_mse=9.629141e-03 train_cos=0.992904 train_nmse=-18.238dB train_rec=0.000000e+00 train_recT=2.647939e-06 train_fc=5.307318e-03 train_decoder_tail=0.000000e+00
I 07.01/15:27:27 train_mapper.py:622 ] epoch=0031 train_loss=3.720730e-02 train_mse=9.339366e-03 train_cos=0.993090 train_nmse=-18.371dB train_rec=0.000000e+00 train_recT=2.554489e-06 train_fc=5.110682e-03 train_decoder_tail=0.000000e+00
I 07.01/15:28:41 train_mapper.py:622 ] epoch=0032 train_loss=3.656379e-02 train_mse=9.128905e-03 train_cos=0.993222 train_nmse=-18.470dB train_rec=0.000000e+00 train_recT=2.485281e-06 train_fc=4.973721e-03 train_decoder_tail=0.000000e+00
I 07.01/15:29:56 train_mapper.py:622 ] epoch=0033 train_loss=3.570409e-02 train_mse=8.859142e-03 train_cos=0.993400 train_nmse=-18.601dB train_rec=0.000000e+00 train_recT=2.390538e-06 train_fc=4.798415e-03 train_decoder_tail=0.000000e+00
I 07.01/15:31:13 train_mapper.py:622 ] epoch=0034 train_loss=3.497030e-02 train_mse=8.628737e-03 train_cos=0.993548 train_nmse=-18.715dB train_rec=0.000000e+00 train_recT=2.287700e-06 train_fc=4.649096e-03 train_decoder_tail=0.000000e+00
I 07.01/15:32:27 train_mapper.py:622 ] epoch=0035 train_loss=3.437542e-02 train_mse=8.440800e-03 train_cos=0.993677 train_nmse=-18.811dB train_rec=0.000000e+00 train_recT=2.273015e-06 train_fc=4.540668e-03 train_decoder_tail=0.000000e+00
I 07.01/15:33:43 train_mapper.py:622 ] epoch=0036 train_loss=3.365636e-02 train_mse=8.220458e-03 train_cos=0.993824 train_nmse=-18.925dB train_rec=0.000000e+00 train_recT=2.162883e-06 train_fc=4.394214e-03 train_decoder_tail=0.000000e+00
I 07.01/15:34:58 train_mapper.py:622 ] epoch=0037 train_loss=3.312603e-02 train_mse=8.057024e-03 train_cos=0.993936 train_nmse=-19.013dB train_rec=0.000000e+00 train_recT=2.114036e-06 train_fc=4.287968e-03 train_decoder_tail=0.000000e+00
I 07.01/15:36:16 train_mapper.py:622 ] epoch=0038 train_loss=3.240540e-02 train_mse=7.841905e-03 train_cos=0.994086 train_nmse=-19.130dB train_rec=0.000000e+00 train_recT=2.037630e-06 train_fc=4.155105e-03 train_decoder_tail=0.000000e+00
I 07.01/15:37:35 train_mapper.py:622 ] epoch=0039 train_loss=3.208685e-02 train_mse=7.739015e-03 train_cos=0.994154 train_nmse=-19.188dB train_rec=0.000000e+00 train_recT=2.026351e-06 train_fc=4.094999e-03 train_decoder_tail=0.000000e+00
I 07.01/15:38:52 train_mapper.py:622 ] epoch=0040 train_loss=3.146772e-02 train_mse=7.555781e-03 train_cos=0.994281 train_nmse=-19.292dB train_rec=0.000000e+00 train_recT=1.950581e-06 train_fc=3.986220e-03 train_decoder_tail=0.000000e+00
I 07.01/15:40:09 train_mapper.py:622 ] epoch=0041 train_loss=3.093530e-02 train_mse=7.399175e-03 train_cos=0.994396 train_nmse=-19.383dB train_rec=0.000000e+00 train_recT=1.902890e-06 train_fc=3.887710e-03 train_decoder_tail=0.000000e+00
I 07.01/15:41:27 train_mapper.py:622 ] epoch=0042 train_loss=3.048899e-02 train_mse=7.266424e-03 train_cos=0.994488 train_nmse=-19.461dB train_rec=0.000000e+00 train_recT=1.865578e-06 train_fc=3.809636e-03 train_decoder_tail=0.000000e+00
I 07.01/15:42:41 train_mapper.py:622 ] epoch=0043 train_loss=3.010467e-02 train_mse=7.151327e-03 train_cos=0.994567 train_nmse=-19.530dB train_rec=0.000000e+00 train_recT=1.839224e-06 train_fc=3.751335e-03 train_decoder_tail=0.000000e+00
I 07.01/15:43:56 train_mapper.py:622 ] epoch=0044 train_loss=2.964631e-02 train_mse=7.017865e-03 train_cos=0.994665 train_nmse=-19.612dB train_rec=0.000000e+00 train_recT=1.789529e-06 train_fc=3.660294e-03 train_decoder_tail=0.000000e+00
I 07.01/15:45:17 train_mapper.py:622 ] epoch=0045 train_loss=2.939544e-02 train_mse=6.941159e-03 train_cos=0.994719 train_nmse=-19.660dB train_rec=0.000000e+00 train_recT=1.775982e-06 train_fc=3.620462e-03 train_decoder_tail=0.000000e+00
I 07.01/15:46:29 train_mapper.py:622 ] epoch=0046 train_loss=2.880510e-02 train_mse=6.776336e-03 train_cos=0.994840 train_nmse=-19.765dB train_rec=0.000000e+00 train_recT=1.721249e-06 train_fc=3.526840e-03 train_decoder_tail=0.000000e+00
I 07.01/15:47:43 train_mapper.py:622 ] epoch=0047 train_loss=2.848053e-02 train_mse=6.681057e-03 train_cos=0.994907 train_nmse=-19.826dB train_rec=0.000000e+00 train_recT=1.688975e-06 train_fc=3.468714e-03 train_decoder_tail=0.000000e+00
I 07.01/15:48:56 train_mapper.py:622 ] epoch=0048 train_loss=2.818272e-02 train_mse=6.595141e-03 train_cos=0.994969 train_nmse=-19.883dB train_rec=0.000000e+00 train_recT=1.668912e-06 train_fc=3.420482e-03 train_decoder_tail=0.000000e+00
I 07.01/15:50:13 train_mapper.py:622 ] epoch=0049 train_loss=2.765404e-02 train_mse=6.448226e-03 train_cos=0.995078 train_nmse=-19.980dB train_rec=0.000000e+00 train_recT=1.614085e-06 train_fc=3.334965e-03 train_decoder_tail=0.000000e+00
I 07.01/15:51:29 train_mapper.py:622 ] epoch=0050 train_loss=2.735694e-02 train_mse=6.363732e-03 train_cos=0.995139 train_nmse=-20.037dB train_rec=0.000000e+00 train_recT=1.600248e-06 train_fc=3.288603e-03 train_decoder_tail=0.000000e+00
I 07.01/15:52:42 train_mapper.py:622 ] epoch=0051 train_loss=2.717795e-02 train_mse=6.309719e-03 train_cos=0.995178 train_nmse=-20.074dB train_rec=0.000000e+00 train_recT=1.590875e-06 train_fc=3.264654e-03 train_decoder_tail=0.000000e+00
I 07.01/15:53:57 train_mapper.py:622 ] epoch=0052 train_loss=2.663772e-02 train_mse=6.163582e-03 train_cos=0.995289 train_nmse=-20.176dB train_rec=0.000000e+00 train_recT=1.536201e-06 train_fc=3.175231e-03 train_decoder_tail=0.000000e+00
I 07.01/15:55:12 train_mapper.py:622 ] epoch=0053 train_loss=2.641816e-02 train_mse=6.100210e-03 train_cos=0.995334 train_nmse=-20.221dB train_rec=0.000000e+00 train_recT=1.525740e-06 train_fc=3.138791e-03 train_decoder_tail=0.000000e+00
I 07.01/15:56:25 train_mapper.py:622 ] epoch=0054 train_loss=2.611961e-02 train_mse=6.018371e-03 train_cos=0.995396 train_nmse=-20.279dB train_rec=0.000000e+00 train_recT=1.492610e-06 train_fc=3.090279e-03 train_decoder_tail=0.000000e+00
I 07.01/15:57:38 train_mapper.py:622 ] epoch=0055 train_loss=2.591007e-02 train_mse=5.957949e-03 train_cos=0.995441 train_nmse=-20.323dB train_rec=0.000000e+00 train_recT=1.495998e-06 train_fc=3.066857e-03 train_decoder_tail=0.000000e+00
I 07.01/15:58:50 train_mapper.py:622 ] epoch=0056 train_loss=2.558636e-02 train_mse=5.870769e-03 train_cos=0.995506 train_nmse=-20.388dB train_rec=0.000000e+00 train_recT=1.456814e-06 train_fc=3.010672e-03 train_decoder_tail=0.000000e+00
I 07.01/16:00:05 train_mapper.py:622 ] epoch=0057 train_loss=2.532834e-02 train_mse=5.799227e-03 train_cos=0.995558 train_nmse=-20.441dB train_rec=0.000000e+00 train_recT=1.443535e-06 train_fc=2.973525e-03 train_decoder_tail=0.000000e+00
I 07.01/16:01:16 train_mapper.py:622 ] epoch=0058 train_loss=2.509930e-02 train_mse=5.736116e-03 train_cos=0.995605 train_nmse=-20.489dB train_rec=0.000000e+00 train_recT=1.420366e-06 train_fc=2.936804e-03 train_decoder_tail=0.000000e+00
I 07.01/16:02:31 train_mapper.py:622 ] epoch=0059 train_loss=2.485159e-02 train_mse=5.668833e-03 train_cos=0.995658 train_nmse=-20.539dB train_rec=0.000000e+00 train_recT=1.396742e-06 train_fc=2.901418e-03 train_decoder_tail=0.000000e+00
I 07.01/16:03:44 train_mapper.py:622 ] epoch=0060 train_loss=2.459541e-02 train_mse=5.599228e-03 train_cos=0.995709 train_nmse=-20.593dB train_rec=0.000000e+00 train_recT=1.384454e-06 train_fc=2.864086e-03 train_decoder_tail=0.000000e+00
I 07.01/16:05:04 train_mapper.py:622 ] epoch=0061 train_loss=2.431705e-02 train_mse=5.525174e-03 train_cos=0.995766 train_nmse=-20.651dB train_rec=0.000000e+00 train_recT=1.361953e-06 train_fc=2.821251e-03 train_decoder_tail=0.000000e+00
I 07.01/16:06:16 train_mapper.py:622 ] epoch=0062 train_loss=2.418212e-02 train_mse=5.487013e-03 train_cos=0.995794 train_nmse=-20.681dB train_rec=0.000000e+00 train_recT=1.363021e-06 train_fc=2.804660e-03 train_decoder_tail=0.000000e+00
I 07.01/16:07:26 train_mapper.py:622 ] epoch=0063 train_loss=2.390919e-02 train_mse=5.414853e-03 train_cos=0.995851 train_nmse=-20.738dB train_rec=0.000000e+00 train_recT=1.341518e-06 train_fc=2.763460e-03 train_decoder_tail=0.000000e+00
I 07.01/16:08:40 train_mapper.py:622 ] epoch=0064 train_loss=2.365592e-02 train_mse=5.347254e-03 train_cos=0.995902 train_nmse=-20.793dB train_rec=0.000000e+00 train_recT=1.318163e-06 train_fc=2.721786e-03 train_decoder_tail=0.000000e+00
I 07.01/16:09:54 train_mapper.py:622 ] epoch=0065 train_loss=2.355452e-02 train_mse=5.317282e-03 train_cos=0.995921 train_nmse=-20.818dB train_rec=0.000000e+00 train_recT=1.311209e-06 train_fc=2.712434e-03 train_decoder_tail=0.000000e+00
I 07.01/16:11:06 train_mapper.py:622 ] epoch=0066 train_loss=2.331002e-02 train_mse=5.253369e-03 train_cos=0.995969 train_nmse=-20.870dB train_rec=0.000000e+00 train_recT=1.290656e-06 train_fc=2.678343e-03 train_decoder_tail=0.000000e+00
I 07.01/16:12:20 train_mapper.py:622 ] epoch=0067 train_loss=2.309332e-02 train_mse=5.196842e-03 train_cos=0.996014 train_nmse=-20.917dB train_rec=0.000000e+00 train_recT=1.277283e-06 train_fc=2.645674e-03 train_decoder_tail=0.000000e+00
I 07.01/16:13:31 train_mapper.py:622 ] epoch=0068 train_loss=2.291811e-02 train_mse=5.149551e-03 train_cos=0.996050 train_nmse=-20.956dB train_rec=0.000000e+00 train_recT=1.260486e-06 train_fc=2.617790e-03 train_decoder_tail=0.000000e+00
I 07.01/16:14:44 train_mapper.py:622 ] epoch=0069 train_loss=2.271577e-02 train_mse=5.095516e-03 train_cos=0.996088 train_nmse=-21.003dB train_rec=0.000000e+00 train_recT=1.251054e-06 train_fc=2.593608e-03 train_decoder_tail=0.000000e+00
I 07.01/16:16:01 train_mapper.py:622 ] epoch=0070 train_loss=2.245139e-02 train_mse=5.027965e-03 train_cos=0.996139 train_nmse=-21.060dB train_rec=0.000000e+00 train_recT=1.226589e-06 train_fc=2.553376e-03 train_decoder_tail=0.000000e+00
I 07.01/16:17:18 train_mapper.py:622 ] epoch=0071 train_loss=2.232148e-02 train_mse=4.992368e-03 train_cos=0.996166 train_nmse=-21.091dB train_rec=0.000000e+00 train_recT=1.212824e-06 train_fc=2.537055e-03 train_decoder_tail=0.000000e+00
I 07.01/16:18:33 train_mapper.py:622 ] epoch=0072 train_loss=2.222148e-02 train_mse=4.964632e-03 train_cos=0.996189 train_nmse=-21.115dB train_rec=0.000000e+00 train_recT=1.217825e-06 train_fc=2.526444e-03 train_decoder_tail=0.000000e+00
I 07.01/16:19:48 train_mapper.py:622 ] epoch=0073 train_loss=2.202645e-02 train_mse=4.913963e-03 train_cos=0.996229 train_nmse=-21.160dB train_rec=0.000000e+00 train_recT=1.207663e-06 train_fc=2.495514e-03 train_decoder_tail=0.000000e+00
I 07.01/16:21:03 train_mapper.py:622 ] epoch=0074 train_loss=2.187500e-02 train_mse=4.873856e-03 train_cos=0.996259 train_nmse=-21.195dB train_rec=0.000000e+00 train_recT=1.191037e-06 train_fc=2.475353e-03 train_decoder_tail=0.000000e+00
I 07.01/16:22:19 train_mapper.py:622 ] epoch=0075 train_loss=2.167885e-02 train_mse=4.822698e-03 train_cos=0.996296 train_nmse=-21.241dB train_rec=0.000000e+00 train_recT=1.176780e-06 train_fc=2.447909e-03 train_decoder_tail=0.000000e+00
I 07.01/16:23:32 train_mapper.py:622 ] epoch=0076 train_loss=2.155752e-02 train_mse=4.789629e-03 train_cos=0.996321 train_nmse=-21.271dB train_rec=0.000000e+00 train_recT=1.168304e-06 train_fc=2.433425e-03 train_decoder_tail=0.000000e+00
I 07.01/16:24:50 train_mapper.py:622 ] epoch=0077 train_loss=2.136535e-02 train_mse=4.740524e-03 train_cos=0.996361 train_nmse=-21.316dB train_rec=0.000000e+00 train_recT=1.157864e-06 train_fc=2.404152e-03 train_decoder_tail=0.000000e+00
I 07.01/16:26:05 train_mapper.py:622 ] epoch=0078 train_loss=2.119868e-02 train_mse=4.697534e-03 train_cos=0.996391 train_nmse=-21.355dB train_rec=0.000000e+00 train_recT=1.141557e-06 train_fc=2.381255e-03 train_decoder_tail=0.000000e+00
I 07.01/16:27:15 train_mapper.py:622 ] epoch=0079 train_loss=2.105258e-02 train_mse=4.658325e-03 train_cos=0.996421 train_nmse=-21.392dB train_rec=0.000000e+00 train_recT=1.136682e-06 train_fc=2.362589e-03 train_decoder_tail=0.000000e+00
I 07.01/16:28:27 train_mapper.py:622 ] epoch=0080 train_loss=2.090016e-02 train_mse=4.619146e-03 train_cos=0.996451 train_nmse=-21.429dB train_rec=0.000000e+00 train_recT=1.117129e-06 train_fc=2.342291e-03 train_decoder_tail=0.000000e+00
I 07.01/16:29:41 train_mapper.py:622 ] epoch=0081 train_loss=2.076520e-02 train_mse=4.583015e-03 train_cos=0.996479 train_nmse=-21.463dB train_rec=0.000000e+00 train_recT=1.110825e-06 train_fc=2.323448e-03 train_decoder_tail=0.000000e+00
I 07.01/16:30:56 train_mapper.py:622 ] epoch=0082 train_loss=2.069102e-02 train_mse=4.562251e-03 train_cos=0.996496 train_nmse=-21.482dB train_rec=0.000000e+00 train_recT=1.110329e-06 train_fc=2.311711e-03 train_decoder_tail=0.000000e+00
I 07.01/16:32:26 train_mapper.py:622 ] epoch=0083 train_loss=2.054992e-02 train_mse=4.524993e-03 train_cos=0.996523 train_nmse=-21.518dB train_rec=0.000000e+00 train_recT=1.093944e-06 train_fc=2.293817e-03 train_decoder_tail=0.000000e+00
I 07.01/16:33:59 train_mapper.py:622 ] epoch=0084 train_loss=2.043120e-02 train_mse=4.492896e-03 train_cos=0.996548 train_nmse=-21.549dB train_rec=0.000000e+00 train_recT=1.090019e-06 train_fc=2.276382e-03 train_decoder_tail=0.000000e+00
I 07.01/16:35:32 train_mapper.py:622 ] epoch=0085 train_loss=2.024660e-02 train_mse=4.445826e-03 train_cos=0.996585 train_nmse=-21.595dB train_rec=0.000000e+00 train_recT=1.079039e-06 train_fc=2.252578e-03 train_decoder_tail=0.000000e+00
I 07.01/16:37:10 train_mapper.py:622 ] epoch=0086 train_loss=2.000226e-02 train_mse=4.384794e-03 train_cos=0.996631 train_nmse=-21.655dB train_rec=0.000000e+00 train_recT=1.056322e-06 train_fc=2.220280e-03 train_decoder_tail=0.000000e+00
I 07.01/16:38:45 train_mapper.py:622 ] epoch=0087 train_loss=2.002039e-02 train_mse=4.385031e-03 train_cos=0.996630 train_nmse=-21.654dB train_rec=0.000000e+00 train_recT=1.062169e-06 train_fc=2.223759e-03 train_decoder_tail=0.000000e+00
I 07.01/16:40:18 train_mapper.py:622 ] epoch=0088 train_loss=1.984558e-02 train_mse=4.341082e-03 train_cos=0.996664 train_nmse=-21.698dB train_rec=0.000000e+00 train_recT=1.044972e-06 train_fc=2.198680e-03 train_decoder_tail=0.000000e+00
I 07.01/16:41:53 train_mapper.py:622 ] epoch=0089 train_loss=1.975884e-02 train_mse=4.316040e-03 train_cos=0.996683 train_nmse=-21.723dB train_rec=0.000000e+00 train_recT=1.049360e-06 train_fc=2.190676e-03 train_decoder_tail=0.000000e+00
I 07.01/16:43:31 train_mapper.py:622 ] epoch=0090 train_loss=1.967230e-02 train_mse=4.291794e-03 train_cos=0.996700 train_nmse=-21.748dB train_rec=0.000000e+00 train_recT=1.037946e-06 train_fc=2.176235e-03 train_decoder_tail=0.000000e+00
I 07.01/16:45:00 train_mapper.py:622 ] epoch=0091 train_loss=1.949560e-02 train_mse=4.246991e-03 train_cos=0.996734 train_nmse=-21.793dB train_rec=0.000000e+00 train_recT=1.026207e-06 train_fc=2.154548e-03 train_decoder_tail=0.000000e+00
I 07.01/16:46:27 train_mapper.py:622 ] epoch=0092 train_loss=1.941138e-02 train_mse=4.223903e-03 train_cos=0.996754 train_nmse=-21.817dB train_rec=0.000000e+00 train_recT=1.022589e-06 train_fc=2.144579e-03 train_decoder_tail=0.000000e+00
I 07.01/16:47:57 train_mapper.py:622 ] epoch=0093 train_loss=1.928981e-02 train_mse=4.191355e-03 train_cos=0.996781 train_nmse=-21.851dB train_rec=0.000000e+00 train_recT=1.019132e-06 train_fc=2.128262e-03 train_decoder_tail=0.000000e+00
I 07.01/16:49:24 train_mapper.py:622 ] epoch=0094 train_loss=1.914286e-02 train_mse=4.154238e-03 train_cos=0.996809 train_nmse=-21.889dB train_rec=0.000000e+00 train_recT=1.004696e-06 train_fc=2.106784e-03 train_decoder_tail=0.000000e+00
I 07.01/16:50:48 train_mapper.py:622 ] epoch=0095 train_loss=1.905972e-02 train_mse=4.131020e-03 train_cos=0.996825 train_nmse=-21.913dB train_rec=0.000000e+00 train_recT=9.945196e-07 train_fc=2.096102e-03 train_decoder_tail=0.000000e+00
I 07.01/16:52:16 train_mapper.py:622 ] epoch=0096 train_loss=1.894688e-02 train_mse=4.101420e-03 train_cos=0.996848 train_nmse=-21.945dB train_rec=0.000000e+00 train_recT=9.931668e-07 train_fc=2.082756e-03 train_decoder_tail=0.000000e+00
I 07.01/16:53:44 train_mapper.py:622 ] epoch=0097 train_loss=1.886503e-02 train_mse=4.078573e-03 train_cos=0.996865 train_nmse=-21.969dB train_rec=0.000000e+00 train_recT=9.872103e-07 train_fc=2.072912e-03 train_decoder_tail=0.000000e+00
I 07.01/16:55:13 train_mapper.py:622 ] epoch=0098 train_loss=1.875085e-02 train_mse=4.048908e-03 train_cos=0.996886 train_nmse=-22.001dB train_rec=0.000000e+00 train_recT=9.757290e-07 train_fc=2.056705e-03 train_decoder_tail=0.000000e+00
I 07.01/16:56:39 train_mapper.py:622 ] epoch=0099 train_loss=1.862397e-02 train_mse=4.016526e-03 train_cos=0.996912 train_nmse=-22.036dB train_rec=0.000000e+00 train_recT=9.686318e-07 train_fc=2.039393e-03 train_decoder_tail=0.000000e+00
I 07.01/16:58:08 train_mapper.py:622 ] epoch=0100 train_loss=1.849463e-02 train_mse=3.983883e-03 train_cos=0.996937 train_nmse=-22.071dB train_rec=0.000000e+00 train_recT=9.642301e-07 train_fc=2.025344e-03 train_decoder_tail=0.000000e+00
I 07.01/16:59:40 train_mapper.py:622 ] epoch=0101 train_loss=1.846191e-02 train_mse=3.973136e-03 train_cos=0.996943 train_nmse=-22.083dB train_rec=0.000000e+00 train_recT=9.565908e-07 train_fc=2.019449e-03 train_decoder_tail=0.000000e+00
I 07.01/17:01:14 train_mapper.py:622 ] epoch=0102 train_loss=1.827521e-02 train_mse=3.927865e-03 train_cos=0.996979 train_nmse=-22.133dB train_rec=0.000000e+00 train_recT=9.439746e-07 train_fc=1.996602e-03 train_decoder_tail=0.000000e+00
I 07.01/17:02:46 train_mapper.py:622 ] epoch=0103 train_loss=1.821824e-02 train_mse=3.911592e-03 train_cos=0.996991 train_nmse=-22.151dB train_rec=0.000000e+00 train_recT=9.420285e-07 train_fc=1.986273e-03 train_decoder_tail=0.000000e+00
I 07.01/17:04:24 train_mapper.py:622 ] epoch=0104 train_loss=1.815040e-02 train_mse=3.893536e-03 train_cos=0.997003 train_nmse=-22.171dB train_rec=0.000000e+00 train_recT=9.416145e-07 train_fc=1.978972e-03 train_decoder_tail=0.000000e+00
I 07.01/17:05:54 train_mapper.py:622 ] epoch=0105 train_loss=1.798310e-02 train_mse=3.853286e-03 train_cos=0.997035 train_nmse=-22.216dB train_rec=0.000000e+00 train_recT=9.266298e-07 train_fc=1.957310e-03 train_decoder_tail=0.000000e+00
I 07.01/17:07:30 train_mapper.py:622 ] epoch=0106 train_loss=1.789905e-02 train_mse=3.831769e-03 train_cos=0.997053 train_nmse=-22.240dB train_rec=0.000000e+00 train_recT=9.232775e-07 train_fc=1.945041e-03 train_decoder_tail=0.000000e+00
I 07.01/17:09:00 train_mapper.py:622 ] epoch=0107 train_loss=1.782388e-02 train_mse=3.811733e-03 train_cos=0.997065 train_nmse=-22.263dB train_rec=0.000000e+00 train_recT=9.154614e-07 train_fc=1.935170e-03 train_decoder_tail=0.000000e+00
I 07.01/17:10:39 train_mapper.py:622 ] epoch=0108 train_loss=1.765480e-02 train_mse=3.771759e-03 train_cos=0.997097 train_nmse=-22.309dB train_rec=0.000000e+00 train_recT=9.065185e-07 train_fc=1.915209e-03 train_decoder_tail=0.000000e+00
I 07.01/17:12:11 train_mapper.py:622 ] epoch=0109 train_loss=1.771328e-02 train_mse=3.782002e-03 train_cos=0.997088 train_nmse=-22.297dB train_rec=0.000000e+00 train_recT=9.146618e-07 train_fc=1.925581e-03 train_decoder_tail=0.000000e+00
I 07.01/17:13:43 train_mapper.py:622 ] epoch=0110 train_loss=1.754821e-02 train_mse=3.743452e-03 train_cos=0.997118 train_nmse=-22.341dB train_rec=0.000000e+00 train_recT=9.014747e-07 train_fc=1.902849e-03 train_decoder_tail=0.000000e+00
I 07.01/17:15:14 train_mapper.py:622 ] epoch=0111 train_loss=1.752565e-02 train_mse=3.735779e-03 train_cos=0.997123 train_nmse=-22.350dB train_rec=0.000000e+00 train_recT=8.978777e-07 train_fc=1.898384e-03 train_decoder_tail=0.000000e+00
I 07.01/17:16:47 train_mapper.py:622 ] epoch=0112 train_loss=1.744898e-02 train_mse=3.716497e-03 train_cos=0.997138 train_nmse=-22.373dB train_rec=0.000000e+00 train_recT=8.980594e-07 train_fc=1.888480e-03 train_decoder_tail=0.000000e+00
I 07.01/17:18:22 train_mapper.py:622 ] epoch=0113 train_loss=1.731762e-02 train_mse=3.685642e-03 train_cos=0.997161 train_nmse=-22.409dB train_rec=0.000000e+00 train_recT=8.852516e-07 train_fc=1.872398e-03 train_decoder_tail=0.000000e+00
I 07.01/17:19:58 train_mapper.py:622 ] epoch=0114 train_loss=1.720903e-02 train_mse=3.659106e-03 train_cos=0.997181 train_nmse=-22.441dB train_rec=0.000000e+00 train_recT=8.753966e-07 train_fc=1.859096e-03 train_decoder_tail=0.000000e+00
I 07.01/17:21:28 train_mapper.py:622 ] epoch=0115 train_loss=1.720685e-02 train_mse=3.656641e-03 train_cos=0.997183 train_nmse=-22.443dB train_rec=0.000000e+00 train_recT=8.864831e-07 train_fc=1.859304e-03 train_decoder_tail=0.000000e+00
I 07.01/17:23:00 train_mapper.py:622 ] epoch=0116 train_loss=1.711045e-02 train_mse=3.634074e-03 train_cos=0.997201 train_nmse=-22.470dB train_rec=0.000000e+00 train_recT=8.772560e-07 train_fc=1.849390e-03 train_decoder_tail=0.000000e+00
I 07.01/17:24:34 train_mapper.py:622 ] epoch=0117 train_loss=1.697332e-02 train_mse=3.602050e-03 train_cos=0.997225 train_nmse=-22.509dB train_rec=0.000000e+00 train_recT=8.675925e-07 train_fc=1.831221e-03 train_decoder_tail=0.000000e+00
I 07.01/17:26:12 train_mapper.py:622 ] epoch=0118 train_loss=1.685014e-02 train_mse=3.572291e-03 train_cos=0.997245 train_nmse=-22.545dB train_rec=0.000000e+00 train_recT=8.520941e-07 train_fc=1.812156e-03 train_decoder_tail=0.000000e+00
I 07.01/17:27:47 train_mapper.py:622 ] epoch=0119 train_loss=1.674112e-02 train_mse=3.546464e-03 train_cos=0.997265 train_nmse=-22.576dB train_rec=0.000000e+00 train_recT=8.487786e-07 train_fc=1.799772e-03 train_decoder_tail=0.000000e+00
I 07.01/17:29:23 train_mapper.py:622 ] epoch=0120 train_loss=1.675070e-02 train_mse=3.547033e-03 train_cos=0.997265 train_nmse=-22.575dB train_rec=0.000000e+00 train_recT=8.517848e-07 train_fc=1.801151e-03 train_decoder_tail=0.000000e+00
I 07.01/17:30:56 train_mapper.py:622 ] epoch=0121 train_loss=1.665160e-02 train_mse=3.523868e-03 train_cos=0.997283 train_nmse=-22.604dB train_rec=0.000000e+00 train_recT=8.441361e-07 train_fc=1.787912e-03 train_decoder_tail=0.000000e+00
I 07.01/17:32:31 train_mapper.py:622 ] epoch=0122 train_loss=1.664630e-02 train_mse=3.520654e-03 train_cos=0.997284 train_nmse=-22.608dB train_rec=0.000000e+00 train_recT=8.438960e-07 train_fc=1.787023e-03 train_decoder_tail=0.000000e+00
I 07.01/17:34:08 train_mapper.py:622 ] epoch=0123 train_loss=1.652049e-02 train_mse=3.492158e-03 train_cos=0.997307 train_nmse=-22.643dB train_rec=0.000000e+00 train_recT=8.356878e-07 train_fc=1.771815e-03 train_decoder_tail=0.000000e+00
I 07.01/17:35:40 train_mapper.py:622 ] epoch=0124 train_loss=1.643624e-02 train_mse=3.471833e-03 train_cos=0.997322 train_nmse=-22.668dB train_rec=0.000000e+00 train_recT=8.311086e-07 train_fc=1.762083e-03 train_decoder_tail=0.000000e+00
I 07.01/17:37:16 train_mapper.py:622 ] epoch=0125 train_loss=1.639252e-02 train_mse=3.461114e-03 train_cos=0.997331 train_nmse=-22.682dB train_rec=0.000000e+00 train_recT=8.279532e-07 train_fc=1.757632e-03 train_decoder_tail=0.000000e+00
I 07.01/17:38:52 train_mapper.py:622 ] epoch=0126 train_loss=1.630122e-02 train_mse=3.439726e-03 train_cos=0.997348 train_nmse=-22.709dB train_rec=0.000000e+00 train_recT=8.194572e-07 train_fc=1.743003e-03 train_decoder_tail=0.000000e+00
I 07.01/17:40:27 train_mapper.py:622 ] epoch=0127 train_loss=1.626792e-02 train_mse=3.430477e-03 train_cos=0.997354 train_nmse=-22.721dB train_rec=0.000000e+00 train_recT=8.254590e-07 train_fc=1.740951e-03 train_decoder_tail=0.000000e+00
I 07.01/17:42:02 train_mapper.py:622 ] epoch=0128 train_loss=1.624027e-02 train_mse=3.423209e-03 train_cos=0.997360 train_nmse=-22.730dB train_rec=0.000000e+00 train_recT=8.220354e-07 train_fc=1.738182e-03 train_decoder_tail=0.000000e+00
I 07.01/17:43:38 train_mapper.py:622 ] epoch=0129 train_loss=1.619878e-02 train_mse=3.412954e-03 train_cos=0.997368 train_nmse=-22.743dB train_rec=0.000000e+00 train_recT=8.221313e-07 train_fc=1.732759e-03 train_decoder_tail=0.000000e+00
I 07.01/17:45:11 train_mapper.py:622 ] epoch=0130 train_loss=1.603769e-02 train_mse=3.376988e-03 train_cos=0.997396 train_nmse=-22.789dB train_rec=0.000000e+00 train_recT=8.090790e-07 train_fc=1.712704e-03 train_decoder_tail=0.000000e+00
I 07.01/17:46:40 train_mapper.py:622 ] epoch=0131 train_loss=1.600984e-02 train_mse=3.368837e-03 train_cos=0.997400 train_nmse=-22.799dB train_rec=0.000000e+00 train_recT=8.055009e-07 train_fc=1.710282e-03 train_decoder_tail=0.000000e+00
I 07.01/17:48:13 train_mapper.py:622 ] epoch=0132 train_loss=1.589985e-02 train_mse=3.343693e-03 train_cos=0.997420 train_nmse=-22.832dB train_rec=0.000000e+00 train_recT=7.993760e-07 train_fc=1.693901e-03 train_decoder_tail=0.000000e+00
I 07.01/17:49:48 train_mapper.py:622 ] epoch=0133 train_loss=1.586356e-02 train_mse=3.334766e-03 train_cos=0.997427 train_nmse=-22.843dB train_rec=0.000000e+00 train_recT=7.990593e-07 train_fc=1.689513e-03 train_decoder_tail=0.000000e+00
I 07.01/17:51:25 train_mapper.py:622 ] epoch=0134 train_loss=1.583051e-02 train_mse=3.325980e-03 train_cos=0.997433 train_nmse=-22.855dB train_rec=0.000000e+00 train_recT=7.942395e-07 train_fc=1.684754e-03 train_decoder_tail=0.000000e+00
I 07.01/17:53:01 train_mapper.py:622 ] epoch=0135 train_loss=1.576860e-02 train_mse=3.311922e-03 train_cos=0.997444 train_nmse=-22.873dB train_rec=0.000000e+00 train_recT=7.906475e-07 train_fc=1.678118e-03 train_decoder_tail=0.000000e+00
I 07.01/17:54:36 train_mapper.py:622 ] epoch=0136 train_loss=1.572828e-02 train_mse=3.301770e-03 train_cos=0.997454 train_nmse=-22.887dB train_rec=0.000000e+00 train_recT=7.927110e-07 train_fc=1.673046e-03 train_decoder_tail=0.000000e+00
I 07.01/17:56:12 train_mapper.py:622 ] epoch=0137 train_loss=1.563801e-02 train_mse=3.281322e-03 train_cos=0.997468 train_nmse=-22.913dB train_rec=0.000000e+00 train_recT=7.881706e-07 train_fc=1.662488e-03 train_decoder_tail=0.000000e+00
I 07.01/17:57:44 train_mapper.py:622 ] epoch=0138 train_loss=1.556575e-02 train_mse=3.264128e-03 train_cos=0.997480 train_nmse=-22.937dB train_rec=0.000000e+00 train_recT=7.777909e-07 train_fc=1.652289e-03 train_decoder_tail=0.000000e+00
I 07.01/17:59:17 train_mapper.py:622 ] epoch=0139 train_loss=1.554683e-02 train_mse=3.258977e-03 train_cos=0.997485 train_nmse=-22.943dB train_rec=0.000000e+00 train_recT=7.774909e-07 train_fc=1.651194e-03 train_decoder_tail=0.000000e+00
I 07.01/18:00:47 train_mapper.py:622 ] epoch=0140 train_loss=1.546133e-02 train_mse=3.239247e-03 train_cos=0.997500 train_nmse=-22.970dB train_rec=0.000000e+00 train_recT=7.693941e-07 train_fc=1.640001e-03 train_decoder_tail=0.000000e+00
I 07.01/18:02:22 train_mapper.py:622 ] epoch=0141 train_loss=1.541508e-02 train_mse=3.228153e-03 train_cos=0.997508 train_nmse=-22.984dB train_rec=0.000000e+00 train_recT=7.677633e-07 train_fc=1.634730e-03 train_decoder_tail=0.000000e+00
I 07.01/18:03:53 train_mapper.py:622 ] epoch=0142 train_loss=1.532538e-02 train_mse=3.207775e-03 train_cos=0.997523 train_nmse=-23.012dB train_rec=0.000000e+00 train_recT=7.669697e-07 train_fc=1.624318e-03 train_decoder_tail=0.000000e+00
I 07.01/18:05:24 train_mapper.py:622 ] epoch=0143 train_loss=1.531171e-02 train_mse=3.203389e-03 train_cos=0.997526 train_nmse=-23.018dB train_rec=0.000000e+00 train_recT=7.608645e-07 train_fc=1.622199e-03 train_decoder_tail=0.000000e+00
I 07.01/18:07:03 train_mapper.py:622 ] epoch=0144 train_loss=1.523685e-02 train_mse=3.186476e-03 train_cos=0.997540 train_nmse=-23.041dB train_rec=0.000000e+00 train_recT=7.597335e-07 train_fc=1.613891e-03 train_decoder_tail=0.000000e+00
I 07.01/18:08:37 train_mapper.py:622 ] epoch=0145 train_loss=1.520915e-02 train_mse=3.179190e-03 train_cos=0.997544 train_nmse=-23.051dB train_rec=0.000000e+00 train_recT=7.602788e-07 train_fc=1.611182e-03 train_decoder_tail=0.000000e+00
I 07.01/18:10:10 train_mapper.py:622 ] epoch=0146 train_loss=1.517702e-02 train_mse=3.171118e-03 train_cos=0.997551 train_nmse=-23.062dB train_rec=0.000000e+00 train_recT=7.555437e-07 train_fc=1.606424e-03 train_decoder_tail=0.000000e+00
I 07.01/18:11:41 train_mapper.py:622 ] epoch=0147 train_loss=1.509222e-02 train_mse=3.151950e-03 train_cos=0.997566 train_nmse=-23.088dB train_rec=0.000000e+00 train_recT=7.469010e-07 train_fc=1.595951e-03 train_decoder_tail=0.000000e+00
I 07.01/18:13:18 train_mapper.py:622 ] epoch=0148 train_loss=1.505204e-02 train_mse=3.142302e-03 train_cos=0.997574 train_nmse=-23.102dB train_rec=0.000000e+00 train_recT=7.481202e-07 train_fc=1.591417e-03 train_decoder_tail=0.000000e+00
I 07.01/18:14:51 train_mapper.py:622 ] epoch=0149 train_loss=1.497055e-02 train_mse=3.124470e-03 train_cos=0.997588 train_nmse=-23.126dB train_rec=0.000000e+00 train_recT=7.464422e-07 train_fc=1.582462e-03 train_decoder_tail=0.000000e+00
I 07.01/18:16:26 train_mapper.py:622 ] epoch=0150 train_loss=1.495430e-02 train_mse=3.119494e-03 train_cos=0.997593 train_nmse=-23.133dB train_rec=0.000000e+00 train_recT=7.444444e-07 train_fc=1.577889e-03 train_decoder_tail=0.000000e+00
I 07.01/18:17:57 train_mapper.py:622 ] epoch=0151 train_loss=1.487590e-02 train_mse=3.101888e-03 train_cos=0.997606 train_nmse=-23.158dB train_rec=0.000000e+00 train_recT=7.408628e-07 train_fc=1.568044e-03 train_decoder_tail=0.000000e+00
I 07.01/18:19:29 train_mapper.py:622 ] epoch=0152 train_loss=1.480738e-02 train_mse=3.086223e-03 train_cos=0.997617 train_nmse=-23.180dB train_rec=0.000000e+00 train_recT=7.353901e-07 train_fc=1.560812e-03 train_decoder_tail=0.000000e+00
I 07.01/18:21:06 train_mapper.py:622 ] epoch=0153 train_loss=1.483211e-02 train_mse=3.089860e-03 train_cos=0.997614 train_nmse=-23.175dB train_rec=0.000000e+00 train_recT=7.364629e-07 train_fc=1.563771e-03 train_decoder_tail=0.000000e+00
I 07.01/18:22:35 train_mapper.py:622 ] epoch=0154 train_loss=1.476675e-02 train_mse=3.075017e-03 train_cos=0.997625 train_nmse=-23.196dB train_rec=0.000000e+00 train_recT=7.365110e-07 train_fc=1.556680e-03 train_decoder_tail=0.000000e+00
I 07.01/18:24:11 train_mapper.py:622 ] epoch=0155 train_loss=1.468203e-02 train_mse=3.056056e-03 train_cos=0.997640 train_nmse=-23.222dB train_rec=0.000000e+00 train_recT=7.241694e-07 train_fc=1.544554e-03 train_decoder_tail=0.000000e+00
I 07.01/18:25:48 train_mapper.py:622 ] epoch=0156 train_loss=1.465225e-02 train_mse=3.048524e-03 train_cos=0.997645 train_nmse=-23.233dB train_rec=0.000000e+00 train_recT=7.239260e-07 train_fc=1.541956e-03 train_decoder_tail=0.000000e+00
I 07.01/18:27:18 train_mapper.py:622 ] epoch=0157 train_loss=1.464097e-02 train_mse=3.044915e-03 train_cos=0.997648 train_nmse=-23.238dB train_rec=0.000000e+00 train_recT=7.253100e-07 train_fc=1.541328e-03 train_decoder_tail=0.000000e+00
I 07.01/18:28:49 train_mapper.py:622 ] epoch=0158 train_loss=1.453345e-02 train_mse=3.021743e-03 train_cos=0.997666 train_nmse=-23.271dB train_rec=0.000000e+00 train_recT=7.161179e-07 train_fc=1.529127e-03 train_decoder_tail=0.000000e+00
I 07.01/18:30:29 train_mapper.py:622 ] epoch=0159 train_loss=1.449101e-02 train_mse=3.011648e-03 train_cos=0.997674 train_nmse=-23.286dB train_rec=0.000000e+00 train_recT=7.147448e-07 train_fc=1.523452e-03 train_decoder_tail=0.000000e+00
I 07.01/18:32:06 train_mapper.py:622 ] epoch=0160 train_loss=1.452723e-02 train_mse=3.017820e-03 train_cos=0.997669 train_nmse=-23.277dB train_rec=0.000000e+00 train_recT=7.193729e-07 train_fc=1.529115e-03 train_decoder_tail=0.000000e+00
I 07.01/18:33:32 train_mapper.py:622 ] epoch=0161 train_loss=1.446217e-02 train_mse=3.003049e-03 train_cos=0.997680 train_nmse=-23.298dB train_rec=0.000000e+00 train_recT=7.138746e-07 train_fc=1.521018e-03 train_decoder_tail=0.000000e+00
I 07.01/18:35:07 train_mapper.py:622 ] epoch=0162 train_loss=1.435135e-02 train_mse=2.979632e-03 train_cos=0.997700 train_nmse=-23.333dB train_rec=0.000000e+00 train_recT=7.086645e-07 train_fc=1.507335e-03 train_decoder_tail=0.000000e+00
I 07.01/18:36:37 train_mapper.py:622 ] epoch=0163 train_loss=1.432225e-02 train_mse=2.971858e-03 train_cos=0.997706 train_nmse=-23.344dB train_rec=0.000000e+00 train_recT=7.102247e-07 train_fc=1.503525e-03 train_decoder_tail=0.000000e+00
I 07.01/18:38:09 train_mapper.py:622 ] epoch=0164 train_loss=1.433138e-02 train_mse=2.972697e-03 train_cos=0.997705 train_nmse=-23.342dB train_rec=0.000000e+00 train_recT=7.100962e-07 train_fc=1.505954e-03 train_decoder_tail=0.000000e+00
I 07.01/18:39:40 train_mapper.py:622 ] epoch=0165 train_loss=1.419927e-02 train_mse=2.944487e-03 train_cos=0.997728 train_nmse=-23.384dB train_rec=0.000000e+00 train_recT=6.981368e-07 train_fc=1.488059e-03 train_decoder_tail=0.000000e+00
I 07.01/18:41:16 train_mapper.py:622 ] epoch=0166 train_loss=1.422064e-02 train_mse=2.947301e-03 train_cos=0.997724 train_nmse=-23.380dB train_rec=0.000000e+00 train_recT=7.020371e-07 train_fc=1.490272e-03 train_decoder_tail=0.000000e+00
I 07.01/18:42:45 train_mapper.py:622 ] epoch=0167 train_loss=1.415921e-02 train_mse=2.933287e-03 train_cos=0.997734 train_nmse=-23.401dB train_rec=0.000000e+00 train_recT=6.968367e-07 train_fc=1.483497e-03 train_decoder_tail=0.000000e+00
I 07.01/18:44:11 train_mapper.py:622 ] epoch=0168 train_loss=1.412938e-02 train_mse=2.926389e-03 train_cos=0.997740 train_nmse=-23.411dB train_rec=0.000000e+00 train_recT=6.986865e-07 train_fc=1.481725e-03 train_decoder_tail=0.000000e+00
I 07.01/18:45:26 train_mapper.py:622 ] epoch=0169 train_loss=1.405758e-02 train_mse=2.910144e-03 train_cos=0.997753 train_nmse=-23.435dB train_rec=0.000000e+00 train_recT=6.902487e-07 train_fc=1.471036e-03 train_decoder_tail=0.000000e+00
I 07.01/18:46:40 train_mapper.py:622 ] epoch=0170 train_loss=1.402316e-02 train_mse=2.902242e-03 train_cos=0.997759 train_nmse=-23.447dB train_rec=0.000000e+00 train_recT=6.916376e-07 train_fc=1.467277e-03 train_decoder_tail=0.000000e+00
I 07.01/18:47:52 train_mapper.py:622 ] epoch=0171 train_loss=1.403455e-02 train_mse=2.903145e-03 train_cos=0.997757 train_nmse=-23.445dB train_rec=0.000000e+00 train_recT=6.907588e-07 train_fc=1.469112e-03 train_decoder_tail=0.000000e+00
I 07.01/18:49:02 train_mapper.py:622 ] epoch=0172 train_loss=1.398751e-02 train_mse=2.892420e-03 train_cos=0.997766 train_nmse=-23.461dB train_rec=0.000000e+00 train_recT=6.865495e-07 train_fc=1.461986e-03 train_decoder_tail=0.000000e+00
I 07.01/18:50:16 train_mapper.py:622 ] epoch=0173 train_loss=1.392287e-02 train_mse=2.878086e-03 train_cos=0.997778 train_nmse=-23.483dB train_rec=0.000000e+00 train_recT=6.807931e-07 train_fc=1.454646e-03 train_decoder_tail=0.000000e+00
I 07.01/18:51:30 train_mapper.py:622 ] epoch=0174 train_loss=1.388699e-02 train_mse=2.869646e-03 train_cos=0.997785 train_nmse=-23.496dB train_rec=0.000000e+00 train_recT=6.800886e-07 train_fc=1.450316e-03 train_decoder_tail=0.000000e+00
I 07.01/18:52:43 train_mapper.py:622 ] epoch=0175 train_loss=1.391853e-02 train_mse=2.875132e-03 train_cos=0.997780 train_nmse=-23.488dB train_rec=0.000000e+00 train_recT=6.878032e-07 train_fc=1.455980e-03 train_decoder_tail=0.000000e+00
I 07.01/18:53:52 train_mapper.py:622 ] epoch=0176 train_loss=1.382005e-02 train_mse=2.853727e-03 train_cos=0.997797 train_nmse=-23.520dB train_rec=0.000000e+00 train_recT=6.793086e-07 train_fc=1.443840e-03 train_decoder_tail=0.000000e+00
I 07.01/18:55:06 train_mapper.py:622 ] epoch=0177 train_loss=1.376030e-02 train_mse=2.840428e-03 train_cos=0.997808 train_nmse=-23.540dB train_rec=0.000000e+00 train_recT=6.745942e-07 train_fc=1.435602e-03 train_decoder_tail=0.000000e+00
I 07.01/18:56:20 train_mapper.py:622 ] epoch=0178 train_loss=1.370989e-02 train_mse=2.828503e-03 train_cos=0.997815 train_nmse=-23.559dB train_rec=0.000000e+00 train_recT=6.701516e-07 train_fc=1.429740e-03 train_decoder_tail=0.000000e+00
I 07.01/18:57:33 train_mapper.py:622 ] epoch=0179 train_loss=1.366077e-02 train_mse=2.817831e-03 train_cos=0.997823 train_nmse=-23.575dB train_rec=0.000000e+00 train_recT=6.652124e-07 train_fc=1.424584e-03 train_decoder_tail=0.000000e+00
I 07.01/18:58:43 train_mapper.py:622 ] epoch=0180 train_loss=1.366719e-02 train_mse=2.818033e-03 train_cos=0.997824 train_nmse=-23.575dB train_rec=0.000000e+00 train_recT=6.721241e-07 train_fc=1.425636e-03 train_decoder_tail=0.000000e+00
I 07.01/18:59:51 train_mapper.py:622 ] epoch=0181 train_loss=1.362322e-02 train_mse=2.807923e-03 train_cos=0.997831 train_nmse=-23.590dB train_rec=0.000000e+00 train_recT=6.649665e-07 train_fc=1.420472e-03 train_decoder_tail=0.000000e+00
I 07.01/19:01:06 train_mapper.py:622 ] epoch=0182 train_loss=1.356461e-02 train_mse=2.794829e-03 train_cos=0.997842 train_nmse=-23.611dB train_rec=0.000000e+00 train_recT=6.632549e-07 train_fc=1.412999e-03 train_decoder_tail=0.000000e+00
I 07.01/19:02:18 train_mapper.py:622 ] epoch=0183 train_loss=1.350240e-02 train_mse=2.780933e-03 train_cos=0.997852 train_nmse=-23.632dB train_rec=0.000000e+00 train_recT=6.571711e-07 train_fc=1.405644e-03 train_decoder_tail=0.000000e+00
I 07.01/19:03:31 train_mapper.py:622 ] epoch=0184 train_loss=1.350490e-02 train_mse=2.780443e-03 train_cos=0.997853 train_nmse=-23.633dB train_rec=0.000000e+00 train_recT=6.643787e-07 train_fc=1.407413e-03 train_decoder_tail=0.000000e+00
I 07.01/19:04:44 train_mapper.py:622 ] epoch=0185 train_loss=1.348517e-02 train_mse=2.775583e-03 train_cos=0.997857 train_nmse=-23.641dB train_rec=0.000000e+00 train_recT=6.566695e-07 train_fc=1.403186e-03 train_decoder_tail=0.000000e+00
I 07.01/19:05:56 train_mapper.py:622 ] epoch=0186 train_loss=1.344932e-02 train_mse=2.767042e-03 train_cos=0.997864 train_nmse=-23.654dB train_rec=0.000000e+00 train_recT=6.605480e-07 train_fc=1.401971e-03 train_decoder_tail=0.000000e+00
I 07.01/19:07:10 train_mapper.py:622 ] epoch=0187 train_loss=1.338362e-02 train_mse=2.752478e-03 train_cos=0.997874 train_nmse=-23.677dB train_rec=0.000000e+00 train_recT=6.493156e-07 train_fc=1.391556e-03 train_decoder_tail=0.000000e+00
I 07.01/19:08:21 train_mapper.py:622 ] epoch=0188 train_loss=1.335653e-02 train_mse=2.746423e-03 train_cos=0.997880 train_nmse=-23.686dB train_rec=0.000000e+00 train_recT=6.519018e-07 train_fc=1.388894e-03 train_decoder_tail=0.000000e+00
I 07.01/19:09:32 train_mapper.py:622 ] epoch=0189 train_loss=1.335658e-02 train_mse=2.745289e-03 train_cos=0.997882 train_nmse=-23.688dB train_rec=0.000000e+00 train_recT=6.550055e-07 train_fc=1.389419e-03 train_decoder_tail=0.000000e+00
I 07.01/19:10:43 train_mapper.py:622 ] epoch=0190 train_loss=1.330665e-02 train_mse=2.734629e-03 train_cos=0.997890 train_nmse=-23.705dB train_rec=0.000000e+00 train_recT=6.472143e-07 train_fc=1.382260e-03 train_decoder_tail=0.000000e+00
I 07.01/19:11:55 train_mapper.py:622 ] epoch=0191 train_loss=1.326989e-02 train_mse=2.725083e-03 train_cos=0.997895 train_nmse=-23.720dB train_rec=0.000000e+00 train_recT=6.461291e-07 train_fc=1.378352e-03 train_decoder_tail=0.000000e+00
I 07.01/19:13:09 train_mapper.py:622 ] epoch=0192 train_loss=1.322516e-02 train_mse=2.715256e-03 train_cos=0.997902 train_nmse=-23.736dB train_rec=0.000000e+00 train_recT=6.428373e-07 train_fc=1.373605e-03 train_decoder_tail=0.000000e+00
I 07.01/19:14:21 train_mapper.py:622 ] epoch=0193 train_loss=1.314906e-02 train_mse=2.698849e-03 train_cos=0.997916 train_nmse=-23.762dB train_rec=0.000000e+00 train_recT=6.376524e-07 train_fc=1.365032e-03 train_decoder_tail=0.000000e+00
I 07.01/19:15:34 train_mapper.py:622 ] epoch=0194 train_loss=1.315332e-02 train_mse=2.698597e-03 train_cos=0.997916 train_nmse=-23.763dB train_rec=0.000000e+00 train_recT=6.392957e-07 train_fc=1.364311e-03 train_decoder_tail=0.000000e+00
I 07.01/19:16:45 train_mapper.py:622 ] epoch=0195 train_loss=1.319048e-02 train_mse=2.705165e-03 train_cos=0.997910 train_nmse=-23.752dB train_rec=0.000000e+00 train_recT=6.408241e-07 train_fc=1.368487e-03 train_decoder_tail=0.000000e+00
I 07.01/19:17:56 train_mapper.py:622 ] epoch=0196 train_loss=1.306002e-02 train_mse=2.678031e-03 train_cos=0.997933 train_nmse=-23.796dB train_rec=0.000000e+00 train_recT=6.356524e-07 train_fc=1.353969e-03 train_decoder_tail=0.000000e+00
I 07.01/19:19:10 train_mapper.py:622 ] epoch=0197 train_loss=1.307487e-02 train_mse=2.679691e-03 train_cos=0.997931 train_nmse=-23.793dB train_rec=0.000000e+00 train_recT=6.376874e-07 train_fc=1.355881e-03 train_decoder_tail=0.000000e+00
I 07.01/19:20:19 train_mapper.py:622 ] epoch=0198 train_loss=1.303870e-02 train_mse=2.671659e-03 train_cos=0.997937 train_nmse=-23.806dB train_rec=0.000000e+00 train_recT=6.328850e-07 train_fc=1.351380e-03 train_decoder_tail=0.000000e+00
I 07.01/19:21:30 train_mapper.py:622 ] epoch=0199 train_loss=1.298818e-02 train_mse=2.660294e-03 train_cos=0.997946 train_nmse=-23.825dB train_rec=0.000000e+00 train_recT=6.291855e-07 train_fc=1.345078e-03 train_decoder_tail=0.000000e+00
I 07.01/19:22:41 train_mapper.py:622 ] epoch=0200 train_loss=1.292003e-02 train_mse=2.645828e-03 train_cos=0.997958 train_nmse=-23.848dB train_rec=0.000000e+00 train_recT=6.240421e-07 train_fc=1.337793e-03 train_decoder_tail=0.000000e+00
I 07.01/19:23:54 train_mapper.py:622 ] epoch=0201 train_loss=1.296181e-02 train_mse=2.653152e-03 train_cos=0.997953 train_nmse=-23.837dB train_rec=0.000000e+00 train_recT=6.319173e-07 train_fc=1.343899e-03 train_decoder_tail=0.000000e+00
I 07.01/19:25:06 train_mapper.py:622 ] epoch=0202 train_loss=1.290227e-02 train_mse=2.640702e-03 train_cos=0.997962 train_nmse=-23.857dB train_rec=0.000000e+00 train_recT=6.264682e-07 train_fc=1.336520e-03 train_decoder_tail=0.000000e+00
I 07.01/19:26:18 train_mapper.py:622 ] epoch=0203 train_loss=1.289972e-02 train_mse=2.638994e-03 train_cos=0.997963 train_nmse=-23.860dB train_rec=0.000000e+00 train_recT=6.235081e-07 train_fc=1.333550e-03 train_decoder_tail=0.000000e+00
I 07.01/19:27:27 train_mapper.py:622 ] epoch=0204 train_loss=1.288607e-02 train_mse=2.635175e-03 train_cos=0.997965 train_nmse=-23.866dB train_rec=0.000000e+00 train_recT=6.232113e-07 train_fc=1.332771e-03 train_decoder_tail=0.000000e+00
I 07.01/19:28:41 train_mapper.py:622 ] epoch=0205 train_loss=1.276824e-02 train_mse=2.610789e-03 train_cos=0.997985 train_nmse=-23.906dB train_rec=0.000000e+00 train_recT=6.186092e-07 train_fc=1.321043e-03 train_decoder_tail=0.000000e+00
I 07.01/19:29:53 train_mapper.py:622 ] epoch=0206 train_loss=1.273936e-02 train_mse=2.603889e-03 train_cos=0.997989 train_nmse=-23.918dB train_rec=0.000000e+00 train_recT=6.170517e-07 train_fc=1.318410e-03 train_decoder_tail=0.000000e+00
I 07.01/19:31:06 train_mapper.py:622 ] epoch=0207 train_loss=1.276102e-02 train_mse=2.607254e-03 train_cos=0.997988 train_nmse=-23.912dB train_rec=0.000000e+00 train_recT=6.173458e-07 train_fc=1.320824e-03 train_decoder_tail=0.000000e+00
I 07.01/19:32:17 train_mapper.py:622 ] epoch=0208 train_loss=1.271989e-02 train_mse=2.597984e-03 train_cos=0.997995 train_nmse=-23.928dB train_rec=0.000000e+00 train_recT=6.159377e-07 train_fc=1.313426e-03 train_decoder_tail=0.000000e+00
I 07.01/19:33:33 train_mapper.py:622 ] epoch=0209 train_loss=1.267184e-02 train_mse=2.587559e-03 train_cos=0.998003 train_nmse=-23.945dB train_rec=0.000000e+00 train_recT=6.110613e-07 train_fc=1.307469e-03 train_decoder_tail=0.000000e+00
I 07.01/19:34:45 train_mapper.py:622 ] epoch=0210 train_loss=1.267834e-02 train_mse=2.587936e-03 train_cos=0.998002 train_nmse=-23.944dB train_rec=0.000000e+00 train_recT=6.158177e-07 train_fc=1.309254e-03 train_decoder_tail=0.000000e+00
I 07.01/19:35:54 train_mapper.py:622 ] epoch=0211 train_loss=1.260855e-02 train_mse=2.573069e-03 train_cos=0.998014 train_nmse=-23.970dB train_rec=0.000000e+00 train_recT=6.113073e-07 train_fc=1.303212e-03 train_decoder_tail=0.000000e+00
I 07.01/19:37:08 train_mapper.py:622 ] epoch=0212 train_loss=1.262878e-02 train_mse=2.576230e-03 train_cos=0.998010 train_nmse=-23.964dB train_rec=0.000000e+00 train_recT=6.092858e-07 train_fc=1.303967e-03 train_decoder_tail=0.000000e+00
I 07.01/19:38:18 train_mapper.py:622 ] epoch=0213 train_loss=1.254633e-02 train_mse=2.559025e-03 train_cos=0.998025 train_nmse=-23.993dB train_rec=0.000000e+00 train_recT=6.020118e-07 train_fc=1.293491e-03 train_decoder_tail=0.000000e+00
I 07.01/19:39:31 train_mapper.py:622 ] epoch=0214 train_loss=1.261175e-02 train_mse=2.571184e-03 train_cos=0.998015 train_nmse=-23.973dB train_rec=0.000000e+00 train_recT=6.134232e-07 train_fc=1.300795e-03 train_decoder_tail=0.000000e+00
I 07.01/19:40:40 train_mapper.py:622 ] epoch=0215 train_loss=1.250573e-02 train_mse=2.549599e-03 train_cos=0.998033 train_nmse=-24.009dB train_rec=0.000000e+00 train_recT=6.012116e-07 train_fc=1.290494e-03 train_decoder_tail=0.000000e+00
I 07.01/19:41:53 train_mapper.py:622 ] epoch=0216 train_loss=1.250376e-02 train_mse=2.548164e-03 train_cos=0.998033 train_nmse=-24.012dB train_rec=0.000000e+00 train_recT=6.040054e-07 train_fc=1.290218e-03 train_decoder_tail=0.000000e+00
I 07.01/19:43:07 train_mapper.py:622 ] epoch=0217 train_loss=1.247078e-02 train_mse=2.540886e-03 train_cos=0.998040 train_nmse=-24.024dB train_rec=0.000000e+00 train_recT=6.045032e-07 train_fc=1.286492e-03 train_decoder_tail=0.000000e+00
I 07.01/19:44:17 train_mapper.py:622 ] epoch=0218 train_loss=1.244875e-02 train_mse=2.535199e-03 train_cos=0.998043 train_nmse=-24.034dB train_rec=0.000000e+00 train_recT=6.022424e-07 train_fc=1.282611e-03 train_decoder_tail=0.000000e+00
I 07.01/19:45:27 train_mapper.py:622 ] epoch=0219 train_loss=1.237817e-02 train_mse=2.520833e-03 train_cos=0.998054 train_nmse=-24.059dB train_rec=0.000000e+00 train_recT=5.924300e-07 train_fc=1.275358e-03 train_decoder_tail=0.000000e+00
I 07.01/19:46:39 train_mapper.py:622 ] epoch=0220 train_loss=1.233098e-02 train_mse=2.510496e-03 train_cos=0.998062 train_nmse=-24.076dB train_rec=0.000000e+00 train_recT=5.926973e-07 train_fc=1.269433e-03 train_decoder_tail=0.000000e+00
I 07.01/19:47:53 train_mapper.py:622 ] epoch=0221 train_loss=1.231650e-02 train_mse=2.506664e-03 train_cos=0.998066 train_nmse=-24.083dB train_rec=0.000000e+00 train_recT=5.925211e-07 train_fc=1.266595e-03 train_decoder_tail=0.000000e+00
I 07.01/19:49:08 train_mapper.py:622 ] epoch=0222 train_loss=1.231861e-02 train_mse=2.506370e-03 train_cos=0.998065 train_nmse=-24.083dB train_rec=0.000000e+00 train_recT=5.897901e-07 train_fc=1.266005e-03 train_decoder_tail=0.000000e+00
I 07.01/19:50:20 train_mapper.py:622 ] epoch=0223 train_loss=1.229364e-02 train_mse=2.500829e-03 train_cos=0.998069 train_nmse=-24.093dB train_rec=0.000000e+00 train_recT=5.876516e-07 train_fc=1.264626e-03 train_decoder_tail=0.000000e+00
I 07.01/19:51:34 train_mapper.py:622 ] epoch=0224 train_loss=1.229955e-02 train_mse=2.500686e-03 train_cos=0.998069 train_nmse=-24.093dB train_rec=0.000000e+00 train_recT=5.952071e-07 train_fc=1.266364e-03 train_decoder_tail=0.000000e+00
I 07.01/19:52:46 train_mapper.py:622 ] epoch=0225 train_loss=1.221927e-02 train_mse=2.484346e-03 train_cos=0.998082 train_nmse=-24.122dB train_rec=0.000000e+00 train_recT=5.863341e-07 train_fc=1.256791e-03 train_decoder_tail=0.000000e+00
I 07.01/19:54:00 train_mapper.py:622 ] epoch=0226 train_loss=1.218329e-02 train_mse=2.476312e-03 train_cos=0.998088 train_nmse=-24.136dB train_rec=0.000000e+00 train_recT=5.828523e-07 train_fc=1.252072e-03 train_decoder_tail=0.000000e+00
I 07.01/19:55:22 train_mapper.py:622 ] epoch=0227 train_loss=1.217788e-02 train_mse=2.474581e-03 train_cos=0.998090 train_nmse=-24.139dB train_rec=0.000000e+00 train_recT=5.862578e-07 train_fc=1.253039e-03 train_decoder_tail=0.000000e+00
I 07.01/19:56:36 train_mapper.py:622 ] epoch=0228 train_loss=1.219938e-02 train_mse=2.478190e-03 train_cos=0.998087 train_nmse=-24.133dB train_rec=0.000000e+00 train_recT=5.840936e-07 train_fc=1.252331e-03 train_decoder_tail=0.000000e+00
I 07.01/19:57:46 train_mapper.py:622 ] epoch=0229 train_loss=1.219868e-02 train_mse=2.477300e-03 train_cos=0.998087 train_nmse=-24.134dB train_rec=0.000000e+00 train_recT=5.875665e-07 train_fc=1.255568e-03 train_decoder_tail=0.000000e+00
I 07.01/19:58:58 train_mapper.py:622 ] epoch=0230 train_loss=1.208747e-02 train_mse=2.454580e-03 train_cos=0.998106 train_nmse=-24.174dB train_rec=0.000000e+00 train_recT=5.801315e-07 train_fc=1.241094e-03 train_decoder_tail=0.000000e+00
I 07.01/20:00:16 train_mapper.py:622 ] epoch=0231 train_loss=1.206308e-02 train_mse=2.448870e-03 train_cos=0.998110 train_nmse=-24.184dB train_rec=0.000000e+00 train_recT=5.781519e-07 train_fc=1.238430e-03 train_decoder_tail=0.000000e+00
I 07.01/20:01:29 train_mapper.py:622 ] epoch=0232 train_loss=1.207016e-02 train_mse=2.449742e-03 train_cos=0.998110 train_nmse=-24.183dB train_rec=0.000000e+00 train_recT=5.810079e-07 train_fc=1.240424e-03 train_decoder_tail=0.000000e+00
I 07.01/20:02:40 train_mapper.py:622 ] epoch=0233 train_loss=1.204599e-02 train_mse=2.444551e-03 train_cos=0.998114 train_nmse=-24.192dB train_rec=0.000000e+00 train_recT=5.769872e-07 train_fc=1.236982e-03 train_decoder_tail=0.000000e+00
I 07.01/20:03:53 train_mapper.py:622 ] epoch=0234 train_loss=1.197875e-02 train_mse=2.430442e-03 train_cos=0.998125 train_nmse=-24.217dB train_rec=0.000000e+00 train_recT=5.719595e-07 train_fc=1.228688e-03 train_decoder_tail=0.000000e+00
I 07.01/20:05:05 train_mapper.py:622 ] epoch=0235 train_loss=1.201404e-02 train_mse=2.436780e-03 train_cos=0.998119 train_nmse=-24.206dB train_rec=0.000000e+00 train_recT=5.768531e-07 train_fc=1.233234e-03 train_decoder_tail=0.000000e+00
I 07.01/20:06:13 train_mapper.py:622 ] epoch=0236 train_loss=1.195948e-02 train_mse=2.425089e-03 train_cos=0.998129 train_nmse=-24.227dB train_rec=0.000000e+00 train_recT=5.726000e-07 train_fc=1.227555e-03 train_decoder_tail=0.000000e+00
I 07.01/20:07:26 train_mapper.py:622 ] epoch=0237 train_loss=1.189357e-02 train_mse=2.411636e-03 train_cos=0.998139 train_nmse=-24.251dB train_rec=0.000000e+00 train_recT=5.652817e-07 train_fc=1.219292e-03 train_decoder_tail=0.000000e+00
I 07.01/20:08:41 train_mapper.py:622 ] epoch=0238 train_loss=1.189460e-02 train_mse=2.410772e-03 train_cos=0.998139 train_nmse=-24.252dB train_rec=0.000000e+00 train_recT=5.665076e-07 train_fc=1.219609e-03 train_decoder_tail=0.000000e+00
I 07.01/20:09:52 train_mapper.py:622 ] epoch=0239 train_loss=1.191412e-02 train_mse=2.414143e-03 train_cos=0.998136 train_nmse=-24.246dB train_rec=0.000000e+00 train_recT=5.691697e-07 train_fc=1.221980e-03 train_decoder_tail=0.000000e+00
I 07.01/20:11:04 train_mapper.py:622 ] epoch=0240 train_loss=1.189586e-02 train_mse=2.409717e-03 train_cos=0.998139 train_nmse=-24.254dB train_rec=0.000000e+00 train_recT=5.663028e-07 train_fc=1.219541e-03 train_decoder_tail=0.000000e+00
I 07.01/20:12:13 train_mapper.py:622 ] epoch=0241 train_loss=1.187839e-02 train_mse=2.405863e-03 train_cos=0.998143 train_nmse=-24.261dB train_rec=0.000000e+00 train_recT=5.693185e-07 train_fc=1.217363e-03 train_decoder_tail=0.000000e+00
I 07.01/20:13:23 train_mapper.py:622 ] epoch=0242 train_loss=1.186012e-02 train_mse=2.401528e-03 train_cos=0.998147 train_nmse=-24.269dB train_rec=0.000000e+00 train_recT=5.684601e-07 train_fc=1.216117e-03 train_decoder_tail=0.000000e+00
I 07.01/20:14:34 train_mapper.py:622 ] epoch=0243 train_loss=1.179464e-02 train_mse=2.388203e-03 train_cos=0.998157 train_nmse=-24.293dB train_rec=0.000000e+00 train_recT=5.648166e-07 train_fc=1.207372e-03 train_decoder_tail=0.000000e+00
I 07.01/20:15:46 train_mapper.py:622 ] epoch=0244 train_loss=1.174896e-02 train_mse=2.378387e-03 train_cos=0.998164 train_nmse=-24.311dB train_rec=0.000000e+00 train_recT=5.579510e-07 train_fc=1.202196e-03 train_decoder_tail=0.000000e+00
I 07.01/20:16:58 train_mapper.py:622 ] epoch=0245 train_loss=1.175547e-02 train_mse=2.379149e-03 train_cos=0.998164 train_nmse=-24.310dB train_rec=0.000000e+00 train_recT=5.598141e-07 train_fc=1.203558e-03 train_decoder_tail=0.000000e+00
I 07.01/20:18:10 train_mapper.py:622 ] epoch=0246 train_loss=1.170402e-02 train_mse=2.368475e-03 train_cos=0.998172 train_nmse=-24.330dB train_rec=0.000000e+00 train_recT=5.596504e-07 train_fc=1.198241e-03 train_decoder_tail=0.000000e+00
I 07.01/20:19:23 train_mapper.py:622 ] epoch=0247 train_loss=1.171635e-02 train_mse=2.370317e-03 train_cos=0.998170 train_nmse=-24.326dB train_rec=0.000000e+00 train_recT=5.619050e-07 train_fc=1.199812e-03 train_decoder_tail=0.000000e+00
I 07.01/20:20:32 train_mapper.py:622 ] epoch=0248 train_loss=1.165236e-02 train_mse=2.357058e-03 train_cos=0.998181 train_nmse=-24.350dB train_rec=0.000000e+00 train_recT=5.535300e-07 train_fc=1.191716e-03 train_decoder_tail=0.000000e+00
I 07.01/20:21:44 train_mapper.py:622 ] epoch=0249 train_loss=1.165251e-02 train_mse=2.356856e-03 train_cos=0.998181 train_nmse=-24.351dB train_rec=0.000000e+00 train_recT=5.531502e-07 train_fc=1.191579e-03 train_decoder_tail=0.000000e+00
I 07.01/20:22:56 train_mapper.py:622 ] epoch=0250 train_loss=1.167211e-02 train_mse=2.359852e-03 train_cos=0.998178 train_nmse=-24.345dB train_rec=0.000000e+00 train_recT=5.542427e-07 train_fc=1.193295e-03 train_decoder_tail=0.000000e+00
I 07.01/20:24:08 train_mapper.py:622 ] epoch=0251 train_loss=1.162451e-02 train_mse=2.350050e-03 train_cos=0.998186 train_nmse=-24.363dB train_rec=0.000000e+00 train_recT=5.515234e-07 train_fc=1.189120e-03 train_decoder_tail=0.000000e+00
I 07.01/20:25:21 train_mapper.py:622 ] epoch=0252 train_loss=1.159110e-02 train_mse=2.342700e-03 train_cos=0.998192 train_nmse=-24.377dB train_rec=0.000000e+00 train_recT=5.540661e-07 train_fc=1.185506e-03 train_decoder_tail=0.000000e+00
I 07.01/20:26:32 train_mapper.py:622 ] epoch=0253 train_loss=1.155342e-02 train_mse=2.334732e-03 train_cos=0.998197 train_nmse=-24.392dB train_rec=0.000000e+00 train_recT=5.477793e-07 train_fc=1.180519e-03 train_decoder_tail=0.000000e+00
I 07.01/20:27:43 train_mapper.py:622 ] epoch=0254 train_loss=1.157239e-02 train_mse=2.338205e-03 train_cos=0.998196 train_nmse=-24.385dB train_rec=0.000000e+00 train_recT=5.535439e-07 train_fc=1.183368e-03 train_decoder_tail=0.000000e+00
I 07.01/20:28:53 train_mapper.py:622 ] epoch=0255 train_loss=1.156018e-02 train_mse=2.335457e-03 train_cos=0.998197 train_nmse=-24.390dB train_rec=0.000000e+00 train_recT=5.476980e-07 train_fc=1.181408e-03 train_decoder_tail=0.000000e+00
I 07.01/20:30:06 train_mapper.py:622 ] epoch=0256 train_loss=1.146997e-02 train_mse=2.317274e-03 train_cos=0.998212 train_nmse=-24.424dB train_rec=0.000000e+00 train_recT=5.448017e-07 train_fc=1.171073e-03 train_decoder_tail=0.000000e+00
I 07.01/20:31:19 train_mapper.py:622 ] epoch=0257 train_loss=1.149415e-02 train_mse=2.320985e-03 train_cos=0.998208 train_nmse=-24.418dB train_rec=0.000000e+00 train_recT=5.475212e-07 train_fc=1.174139e-03 train_decoder_tail=0.000000e+00
I 07.01/20:32:28 train_mapper.py:622 ] epoch=0258 train_loss=1.147064e-02 train_mse=2.315912e-03 train_cos=0.998212 train_nmse=-24.427dB train_rec=0.000000e+00 train_recT=5.459941e-07 train_fc=1.171745e-03 train_decoder_tail=0.000000e+00
I 07.01/20:33:40 train_mapper.py:622 ] epoch=0259 train_loss=1.144323e-02 train_mse=2.310054e-03 train_cos=0.998216 train_nmse=-24.438dB train_rec=0.000000e+00 train_recT=5.419523e-07 train_fc=1.168042e-03 train_decoder_tail=0.000000e+00
I 07.01/20:34:53 train_mapper.py:622 ] epoch=0260 train_loss=1.142197e-02 train_mse=2.305381e-03 train_cos=0.998220 train_nmse=-24.447dB train_rec=0.000000e+00 train_recT=5.426141e-07 train_fc=1.166692e-03 train_decoder_tail=0.000000e+00
I 07.01/20:36:05 train_mapper.py:622 ] epoch=0261 train_loss=1.137616e-02 train_mse=2.296133e-03 train_cos=0.998228 train_nmse=-24.464dB train_rec=0.000000e+00 train_recT=5.387791e-07 train_fc=1.161096e-03 train_decoder_tail=0.000000e+00
I 07.01/20:37:16 train_mapper.py:622 ] epoch=0262 train_loss=1.139763e-02 train_mse=2.299863e-03 train_cos=0.998224 train_nmse=-24.457dB train_rec=0.000000e+00 train_recT=5.416602e-07 train_fc=1.163213e-03 train_decoder_tail=0.000000e+00
I 07.01/20:38:26 train_mapper.py:622 ] epoch=0263 train_loss=1.140206e-02 train_mse=2.299947e-03 train_cos=0.998225 train_nmse=-24.457dB train_rec=0.000000e+00 train_recT=5.415122e-07 train_fc=1.163955e-03 train_decoder_tail=0.000000e+00
I 07.01/20:39:39 train_mapper.py:622 ] epoch=0264 train_loss=1.136521e-02 train_mse=2.292700e-03 train_cos=0.998231 train_nmse=-24.471dB train_rec=0.000000e+00 train_recT=5.408895e-07 train_fc=1.160880e-03 train_decoder_tail=0.000000e+00
I 07.01/20:40:52 train_mapper.py:622 ] epoch=0265 train_loss=1.139989e-02 train_mse=2.298372e-03 train_cos=0.998225 train_nmse=-24.460dB train_rec=0.000000e+00 train_recT=5.443823e-07 train_fc=1.164342e-03 train_decoder_tail=0.000000e+00
I 07.01/20:42:05 train_mapper.py:622 ] epoch=0266 train_loss=1.129239e-02 train_mse=2.277184e-03 train_cos=0.998242 train_nmse=-24.500dB train_rec=0.000000e+00 train_recT=5.318316e-07 train_fc=1.150937e-03 train_decoder_tail=0.000000e+00
I 07.01/20:43:16 train_mapper.py:622 ] epoch=0267 train_loss=1.122319e-02 train_mse=2.262962e-03 train_cos=0.998253 train_nmse=-24.527dB train_rec=0.000000e+00 train_recT=5.281991e-07 train_fc=1.143558e-03 train_decoder_tail=0.000000e+00
I 07.01/20:44:28 train_mapper.py:622 ] epoch=0268 train_loss=1.118517e-02 train_mse=2.255125e-03 train_cos=0.998259 train_nmse=-24.542dB train_rec=0.000000e+00 train_recT=5.268658e-07 train_fc=1.139273e-03 train_decoder_tail=0.000000e+00
I 07.01/20:45:40 train_mapper.py:622 ] epoch=0269 train_loss=1.130158e-02 train_mse=2.276760e-03 train_cos=0.998240 train_nmse=-24.501dB train_rec=0.000000e+00 train_recT=5.405360e-07 train_fc=1.152616e-03 train_decoder_tail=0.000000e+00
I 07.01/20:46:50 train_mapper.py:622 ] epoch=0270 train_loss=1.124195e-02 train_mse=2.265256e-03 train_cos=0.998252 train_nmse=-24.523dB train_rec=0.000000e+00 train_recT=5.356503e-07 train_fc=1.147046e-03 train_decoder_tail=0.000000e+00
I 07.01/20:48:00 train_mapper.py:622 ] epoch=0271 train_loss=1.121636e-02 train_mse=2.259894e-03 train_cos=0.998257 train_nmse=-24.533dB train_rec=0.000000e+00 train_recT=5.307385e-07 train_fc=1.142757e-03 train_decoder_tail=0.000000e+00
I 07.01/20:49:12 train_mapper.py:622 ] epoch=0272 train_loss=1.115597e-02 train_mse=2.247739e-03 train_cos=0.998266 train_nmse=-24.557dB train_rec=0.000000e+00 train_recT=5.267338e-07 train_fc=1.135947e-03 train_decoder_tail=0.000000e+00
I 07.01/20:50:26 train_mapper.py:622 ] epoch=0273 train_loss=1.114470e-02 train_mse=2.244583e-03 train_cos=0.998266 train_nmse=-24.563dB train_rec=0.000000e+00 train_recT=5.254678e-07 train_fc=1.134501e-03 train_decoder_tail=0.000000e+00
I 07.01/20:51:37 train_mapper.py:622 ] epoch=0274 train_loss=1.115637e-02 train_mse=2.246496e-03 train_cos=0.998265 train_nmse=-24.559dB train_rec=0.000000e+00 train_recT=5.261391e-07 train_fc=1.136167e-03 train_decoder_tail=0.000000e+00
I 07.01/20:52:48 train_mapper.py:622 ] epoch=0275 train_loss=1.112521e-02 train_mse=2.240265e-03 train_cos=0.998270 train_nmse=-24.571dB train_rec=0.000000e+00 train_recT=5.240533e-07 train_fc=1.132520e-03 train_decoder_tail=0.000000e+00
I 07.01/20:53:56 train_mapper.py:622 ] epoch=0276 train_loss=1.109649e-02 train_mse=2.234244e-03 train_cos=0.998276 train_nmse=-24.583dB train_rec=0.000000e+00 train_recT=5.233843e-07 train_fc=1.129711e-03 train_decoder_tail=0.000000e+00
I 07.01/20:55:10 train_mapper.py:622 ] epoch=0277 train_loss=1.108974e-02 train_mse=2.232270e-03 train_cos=0.998277 train_nmse=-24.587dB train_rec=0.000000e+00 train_recT=5.226400e-07 train_fc=1.127288e-03 train_decoder_tail=0.000000e+00
I 07.01/20:56:23 train_mapper.py:622 ] epoch=0278 train_loss=1.105823e-02 train_mse=2.225568e-03 train_cos=0.998281 train_nmse=-24.600dB train_rec=0.000000e+00 train_recT=5.202931e-07 train_fc=1.125354e-03 train_decoder_tail=0.000000e+00
I 07.01/20:57:34 train_mapper.py:622 ] epoch=0279 train_loss=1.108876e-02 train_mse=2.230901e-03 train_cos=0.998277 train_nmse=-24.589dB train_rec=0.000000e+00 train_recT=5.239392e-07 train_fc=1.127726e-03 train_decoder_tail=0.000000e+00
I 07.01/20:58:44 train_mapper.py:622 ] epoch=0280 train_loss=1.107820e-02 train_mse=2.228524e-03 train_cos=0.998280 train_nmse=-24.594dB train_rec=0.000000e+00 train_recT=5.231206e-07 train_fc=1.127695e-03 train_decoder_tail=0.000000e+00
I 07.01/20:59:54 train_mapper.py:622 ] epoch=0281 train_loss=1.097975e-02 train_mse=2.209428e-03 train_cos=0.998295 train_nmse=-24.631dB train_rec=0.000000e+00 train_recT=5.161320e-07 train_fc=1.117416e-03 train_decoder_tail=0.000000e+00
I 07.01/21:01:11 train_mapper.py:622 ] epoch=0282 train_loss=1.102068e-02 train_mse=2.216416e-03 train_cos=0.998289 train_nmse=-24.618dB train_rec=0.000000e+00 train_recT=5.245820e-07 train_fc=1.122752e-03 train_decoder_tail=0.000000e+00
I 07.01/21:02:22 train_mapper.py:622 ] epoch=0283 train_loss=1.095163e-02 train_mse=2.202816e-03 train_cos=0.998300 train_nmse=-24.644dB train_rec=0.000000e+00 train_recT=5.154462e-07 train_fc=1.113610e-03 train_decoder_tail=0.000000e+00
I 07.01/21:03:35 train_mapper.py:622 ] epoch=0284 train_loss=1.095141e-02 train_mse=2.202331e-03 train_cos=0.998300 train_nmse=-24.645dB train_rec=0.000000e+00 train_recT=5.185841e-07 train_fc=1.113678e-03 train_decoder_tail=0.000000e+00
I 07.01/21:04:45 train_mapper.py:622 ] epoch=0285 train_loss=1.092469e-02 train_mse=2.196540e-03 train_cos=0.998304 train_nmse=-24.657dB train_rec=0.000000e+00 train_recT=5.126879e-07 train_fc=1.110391e-03 train_decoder_tail=0.000000e+00
I 07.01/21:05:57 train_mapper.py:622 ] epoch=0286 train_loss=1.091323e-02 train_mse=2.194299e-03 train_cos=0.998306 train_nmse=-24.661dB train_rec=0.000000e+00 train_recT=5.131176e-07 train_fc=1.110366e-03 train_decoder_tail=0.000000e+00
I 07.01/21:07:12 train_mapper.py:622 ] epoch=0287 train_loss=1.090935e-02 train_mse=2.192717e-03 train_cos=0.998307 train_nmse=-24.664dB train_rec=0.000000e+00 train_recT=5.138876e-07 train_fc=1.108560e-03 train_decoder_tail=0.000000e+00
I 07.01/21:08:26 train_mapper.py:622 ] epoch=0288 train_loss=1.090653e-02 train_mse=2.191776e-03 train_cos=0.998308 train_nmse=-24.666dB train_rec=0.000000e+00 train_recT=5.116400e-07 train_fc=1.108044e-03 train_decoder_tail=0.000000e+00
I 07.01/21:09:40 train_mapper.py:622 ] epoch=0289 train_loss=1.091006e-02 train_mse=2.191965e-03 train_cos=0.998308 train_nmse=-24.666dB train_rec=0.000000e+00 train_recT=5.153610e-07 train_fc=1.108670e-03 train_decoder_tail=0.000000e+00
I 07.01/21:10:50 train_mapper.py:622 ] epoch=0290 train_loss=1.093478e-02 train_mse=2.196347e-03 train_cos=0.998303 train_nmse=-24.657dB train_rec=0.000000e+00 train_recT=5.184180e-07 train_fc=1.111272e-03 train_decoder_tail=0.000000e+00
I 07.01/21:11:59 train_mapper.py:622 ] epoch=0291 train_loss=1.080967e-02 train_mse=2.171828e-03 train_cos=0.998324 train_nmse=-24.706dB train_rec=0.000000e+00 train_recT=5.077245e-07 train_fc=1.097627e-03 train_decoder_tail=0.000000e+00
I 07.01/21:13:14 train_mapper.py:622 ] epoch=0292 train_loss=1.081516e-02 train_mse=2.172398e-03 train_cos=0.998322 train_nmse=-24.705dB train_rec=0.000000e+00 train_recT=5.057275e-07 train_fc=1.099024e-03 train_decoder_tail=0.000000e+00
I 07.01/21:14:24 train_mapper.py:622 ] epoch=0293 train_loss=1.074868e-02 train_mse=2.159042e-03 train_cos=0.998333 train_nmse=-24.732dB train_rec=0.000000e+00 train_recT=5.038813e-07 train_fc=1.090860e-03 train_decoder_tail=0.000000e+00
I 07.01/21:15:37 train_mapper.py:622 ] epoch=0294 train_loss=1.078281e-02 train_mse=2.165327e-03 train_cos=0.998327 train_nmse=-24.719dB train_rec=0.000000e+00 train_recT=5.070664e-07 train_fc=1.094715e-03 train_decoder_tail=0.000000e+00
I 07.01/21:16:48 train_mapper.py:622 ] epoch=0295 train_loss=1.072527e-02 train_mse=2.153896e-03 train_cos=0.998337 train_nmse=-24.742dB train_rec=0.000000e+00 train_recT=5.045689e-07 train_fc=1.088591e-03 train_decoder_tail=0.000000e+00
I 07.01/21:18:05 train_mapper.py:622 ] epoch=0296 train_loss=1.075934e-02 train_mse=2.159884e-03 train_cos=0.998332 train_nmse=-24.729dB train_rec=0.000000e+00 train_recT=5.090219e-07 train_fc=1.092231e-03 train_decoder_tail=0.000000e+00
I 07.01/21:19:12 train_mapper.py:622 ] epoch=0297 train_loss=1.073872e-02 train_mse=2.155539e-03 train_cos=0.998336 train_nmse=-24.739dB train_rec=0.000000e+00 train_recT=5.024329e-07 train_fc=1.089450e-03 train_decoder_tail=0.000000e+00
I 07.01/21:20:21 train_mapper.py:622 ] epoch=0298 train_loss=1.068989e-02 train_mse=2.145779e-03 train_cos=0.998342 train_nmse=-24.758dB train_rec=0.000000e+00 train_recT=4.989192e-07 train_fc=1.084091e-03 train_decoder_tail=0.000000e+00
I 07.01/21:21:35 train_mapper.py:622 ] epoch=0299 train_loss=1.070306e-02 train_mse=2.147758e-03 train_cos=0.998341 train_nmse=-24.754dB train_rec=0.000000e+00 train_recT=5.030053e-07 train_fc=1.086293e-03 train_decoder_tail=0.000000e+00
I 07.01/21:22:44 train_mapper.py:622 ] epoch=0300 train_loss=1.071595e-02 train_mse=2.150304e-03 train_cos=0.998340 train_nmse=-24.749dB train_rec=0.000000e+00 train_recT=5.039507e-07 train_fc=1.087929e-03 train_decoder_tail=0.000000e+00
I 07.01/21:23:54 train_mapper.py:622 ] epoch=0301 train_loss=1.067255e-02 train_mse=2.141420e-03 train_cos=0.998347 train_nmse=-24.767dB train_rec=0.000000e+00 train_recT=5.010666e-07 train_fc=1.082794e-03 train_decoder_tail=0.000000e+00
I 07.01/21:25:05 train_mapper.py:622 ] epoch=0302 train_loss=1.062702e-02 train_mse=2.132017e-03 train_cos=0.998354 train_nmse=-24.786dB train_rec=0.000000e+00 train_recT=4.967660e-07 train_fc=1.076569e-03 train_decoder_tail=0.000000e+00
I 07.01/21:26:18 train_mapper.py:622 ] epoch=0303 train_loss=1.062601e-02 train_mse=2.131423e-03 train_cos=0.998354 train_nmse=-24.787dB train_rec=0.000000e+00 train_recT=4.975088e-07 train_fc=1.076521e-03 train_decoder_tail=0.000000e+00
I 07.01/21:27:30 train_mapper.py:622 ] epoch=0304 train_loss=1.061599e-02 train_mse=2.129025e-03 train_cos=0.998356 train_nmse=-24.792dB train_rec=0.000000e+00 train_recT=4.974617e-07 train_fc=1.076203e-03 train_decoder_tail=0.000000e+00
I 07.01/21:28:44 train_mapper.py:622 ] epoch=0305 train_loss=1.060385e-02 train_mse=2.126369e-03 train_cos=0.998358 train_nmse=-24.798dB train_rec=0.000000e+00 train_recT=4.974414e-07 train_fc=1.076983e-03 train_decoder_tail=0.000000e+00
I 07.01/21:29:57 train_mapper.py:622 ] epoch=0306 train_loss=1.058773e-02 train_mse=2.122842e-03 train_cos=0.998361 train_nmse=-24.805dB train_rec=0.000000e+00 train_recT=4.971250e-07 train_fc=1.073873e-03 train_decoder_tail=0.000000e+00
I 07.01/21:31:14 train_mapper.py:622 ] epoch=0307 train_loss=1.052677e-02 train_mse=2.111278e-03 train_cos=0.998371 train_nmse=-24.829dB train_rec=0.000000e+00 train_recT=4.916115e-07 train_fc=1.066080e-03 train_decoder_tail=0.000000e+00
I 07.01/21:32:27 train_mapper.py:622 ] epoch=0308 train_loss=1.056600e-02 train_mse=2.117690e-03 train_cos=0.998364 train_nmse=-24.815dB train_rec=0.000000e+00 train_recT=4.942925e-07 train_fc=1.069826e-03 train_decoder_tail=0.000000e+00
I 07.01/21:33:42 train_mapper.py:622 ] epoch=0309 train_loss=1.057189e-02 train_mse=2.118664e-03 train_cos=0.998364 train_nmse=-24.813dB train_rec=0.000000e+00 train_recT=5.010876e-07 train_fc=1.072335e-03 train_decoder_tail=0.000000e+00
I 07.01/21:34:53 train_mapper.py:622 ] epoch=0310 train_loss=1.050687e-02 train_mse=2.106084e-03 train_cos=0.998375 train_nmse=-24.839dB train_rec=0.000000e+00 train_recT=4.937932e-07 train_fc=1.064637e-03 train_decoder_tail=0.000000e+00
I 07.01/21:36:10 train_mapper.py:622 ] epoch=0311 train_loss=1.049384e-02 train_mse=2.103076e-03 train_cos=0.998376 train_nmse=-24.846dB train_rec=0.000000e+00 train_recT=4.901764e-07 train_fc=1.062973e-03 train_decoder_tail=0.000000e+00
I 07.01/21:37:23 train_mapper.py:622 ] epoch=0312 train_loss=1.047693e-02 train_mse=2.099664e-03 train_cos=0.998379 train_nmse=-24.852dB train_rec=0.000000e+00 train_recT=4.880952e-07 train_fc=1.060567e-03 train_decoder_tail=0.000000e+00
I 07.01/21:38:35 train_mapper.py:622 ] epoch=0313 train_loss=1.045676e-02 train_mse=2.095444e-03 train_cos=0.998383 train_nmse=-24.861dB train_rec=0.000000e+00 train_recT=4.911203e-07 train_fc=1.059545e-03 train_decoder_tail=0.000000e+00
I 07.01/21:39:55 train_mapper.py:622 ] epoch=0314 train_loss=1.046891e-02 train_mse=2.097172e-03 train_cos=0.998380 train_nmse=-24.858dB train_rec=0.000000e+00 train_recT=4.863901e-07 train_fc=1.059665e-03 train_decoder_tail=0.000000e+00
I 07.01/21:41:07 train_mapper.py:622 ] epoch=0315 train_loss=1.046213e-02 train_mse=2.095523e-03 train_cos=0.998381 train_nmse=-24.861dB train_rec=0.000000e+00 train_recT=4.882913e-07 train_fc=1.059613e-03 train_decoder_tail=0.000000e+00
I 07.01/21:42:18 train_mapper.py:622 ] epoch=0316 train_loss=1.043717e-02 train_mse=2.090287e-03 train_cos=0.998386 train_nmse=-24.872dB train_rec=0.000000e+00 train_recT=4.855316e-07 train_fc=1.055661e-03 train_decoder_tail=0.000000e+00
I 07.01/21:43:31 train_mapper.py:622 ] epoch=0317 train_loss=1.043503e-02 train_mse=2.089586e-03 train_cos=0.998386 train_nmse=-24.874dB train_rec=0.000000e+00 train_recT=4.895249e-07 train_fc=1.056230e-03 train_decoder_tail=0.000000e+00
I 07.01/21:44:42 train_mapper.py:622 ] epoch=0318 train_loss=1.036694e-02 train_mse=2.076324e-03 train_cos=0.998398 train_nmse=-24.901dB train_rec=0.000000e+00 train_recT=4.842494e-07 train_fc=1.049487e-03 train_decoder_tail=0.000000e+00
I 07.01/21:46:06 train_mapper.py:622 ] epoch=0319 train_loss=1.035875e-02 train_mse=2.074127e-03 train_cos=0.998398 train_nmse=-24.906dB train_rec=0.000000e+00 train_recT=4.839403e-07 train_fc=1.047347e-03 train_decoder_tail=0.000000e+00
I 07.01/21:47:19 train_mapper.py:622 ] epoch=0320 train_loss=1.039676e-02 train_mse=2.080962e-03 train_cos=0.998393 train_nmse=-24.892dB train_rec=0.000000e+00 train_recT=4.884754e-07 train_fc=1.051701e-03 train_decoder_tail=0.000000e+00
I 07.01/21:48:39 train_mapper.py:622 ] epoch=0321 train_loss=1.034453e-02 train_mse=2.070959e-03 train_cos=0.998402 train_nmse=-24.912dB train_rec=0.000000e+00 train_recT=4.848128e-07 train_fc=1.046882e-03 train_decoder_tail=0.000000e+00
I 07.01/21:50:00 train_mapper.py:622 ] epoch=0322 train_loss=1.031644e-02 train_mse=2.064972e-03 train_cos=0.998405 train_nmse=-24.925dB train_rec=0.000000e+00 train_recT=4.807872e-07 train_fc=1.041951e-03 train_decoder_tail=0.000000e+00
I 07.01/21:51:31 train_mapper.py:622 ] epoch=0323 train_loss=1.038174e-02 train_mse=2.077022e-03 train_cos=0.998396 train_nmse=-24.900dB train_rec=0.000000e+00 train_recT=4.874379e-07 train_fc=1.050937e-03 train_decoder_tail=0.000000e+00
I 07.01/21:52:53 train_mapper.py:622 ] epoch=0324 train_loss=1.031147e-02 train_mse=2.063258e-03 train_cos=0.998407 train_nmse=-24.928dB train_rec=0.000000e+00 train_recT=4.840440e-07 train_fc=1.042762e-03 train_decoder_tail=0.000000e+00
I 07.01/21:54:16 train_mapper.py:622 ] epoch=0325 train_loss=1.027595e-02 train_mse=2.056483e-03 train_cos=0.998412 train_nmse=-24.943dB train_rec=0.000000e+00 train_recT=4.781975e-07 train_fc=1.038179e-03 train_decoder_tail=0.000000e+00
I 07.01/21:55:31 train_mapper.py:622 ] epoch=0326 train_loss=1.023749e-02 train_mse=2.048572e-03 train_cos=0.998418 train_nmse=-24.959dB train_rec=0.000000e+00 train_recT=4.746727e-07 train_fc=1.035301e-03 train_decoder_tail=0.000000e+00
I 07.01/21:56:38 train_mapper.py:622 ] epoch=0327 train_loss=1.028344e-02 train_mse=2.057015e-03 train_cos=0.998411 train_nmse=-24.942dB train_rec=0.000000e+00 train_recT=4.785539e-07 train_fc=1.039482e-03 train_decoder_tail=0.000000e+00
I 07.01/21:57:42 train_mapper.py:622 ] epoch=0328 train_loss=1.023062e-02 train_mse=2.047012e-03 train_cos=0.998420 train_nmse=-24.963dB train_rec=0.000000e+00 train_recT=4.740401e-07 train_fc=1.034819e-03 train_decoder_tail=0.000000e+00
I 07.01/21:58:52 train_mapper.py:622 ] epoch=0329 train_loss=1.025701e-02 train_mse=2.051075e-03 train_cos=0.998416 train_nmse=-24.954dB train_rec=0.000000e+00 train_recT=4.802643e-07 train_fc=1.037384e-03 train_decoder_tail=0.000000e+00
I 07.01/22:00:06 train_mapper.py:622 ] epoch=0330 train_loss=1.025945e-02 train_mse=2.051213e-03 train_cos=0.998415 train_nmse=-24.954dB train_rec=0.000000e+00 train_recT=4.794002e-07 train_fc=1.037520e-03 train_decoder_tail=0.000000e+00
I 07.01/22:01:21 train_mapper.py:622 ] epoch=0331 train_loss=1.018974e-02 train_mse=2.037727e-03 train_cos=0.998427 train_nmse=-24.983dB train_rec=0.000000e+00 train_recT=4.746331e-07 train_fc=1.030223e-03 train_decoder_tail=0.000000e+00
I 07.01/22:02:38 train_mapper.py:622 ] epoch=0332 train_loss=1.016217e-02 train_mse=2.032258e-03 train_cos=0.998432 train_nmse=-24.995dB train_rec=0.000000e+00 train_recT=4.712516e-07 train_fc=1.025555e-03 train_decoder_tail=0.000000e+00
I 07.01/22:03:57 train_mapper.py:622 ] epoch=0333 train_loss=1.016533e-02 train_mse=2.032628e-03 train_cos=0.998431 train_nmse=-24.994dB train_rec=0.000000e+00 train_recT=4.743001e-07 train_fc=1.026998e-03 train_decoder_tail=0.000000e+00
I 07.01/22:05:14 train_mapper.py:622 ] epoch=0334 train_loss=1.016616e-02 train_mse=2.032148e-03 train_cos=0.998430 train_nmse=-24.995dB train_rec=0.000000e+00 train_recT=4.719285e-07 train_fc=1.027291e-03 train_decoder_tail=0.000000e+00
I 07.01/22:06:27 train_mapper.py:622 ] epoch=0335 train_loss=1.017904e-02 train_mse=2.034254e-03 train_cos=0.998429 train_nmse=-24.990dB train_rec=0.000000e+00 train_recT=4.735772e-07 train_fc=1.027450e-03 train_decoder_tail=0.000000e+00
I 07.01/22:07:44 train_mapper.py:622 ] epoch=0336 train_loss=1.015257e-02 train_mse=2.029261e-03 train_cos=0.998434 train_nmse=-25.001dB train_rec=0.000000e+00 train_recT=4.729988e-07 train_fc=1.026357e-03 train_decoder_tail=0.000000e+00
I 07.01/22:08:53 train_mapper.py:622 ] epoch=0337 train_loss=1.013619e-02 train_mse=2.025444e-03 train_cos=0.998436 train_nmse=-25.009dB train_rec=0.000000e+00 train_recT=4.724453e-07 train_fc=1.024164e-03 train_decoder_tail=0.000000e+00
I 07.01/22:10:03 train_mapper.py:622 ] epoch=0338 train_loss=1.010227e-02 train_mse=2.018837e-03 train_cos=0.998441 train_nmse=-25.023dB train_rec=0.000000e+00 train_recT=4.682009e-07 train_fc=1.020910e-03 train_decoder_tail=0.000000e+00
I 07.01/22:11:10 train_mapper.py:622 ] epoch=0339 train_loss=1.008210e-02 train_mse=2.014640e-03 train_cos=0.998444 train_nmse=-25.032dB train_rec=0.000000e+00 train_recT=4.694189e-07 train_fc=1.018669e-03 train_decoder_tail=0.000000e+00
I 07.01/22:12:18 train_mapper.py:622 ] epoch=0340 train_loss=1.005695e-02 train_mse=2.009953e-03 train_cos=0.998448 train_nmse=-25.042dB train_rec=0.000000e+00 train_recT=4.655120e-07 train_fc=1.015018e-03 train_decoder_tail=0.000000e+00
I 07.01/22:13:24 train_mapper.py:622 ] epoch=0341 train_loss=1.005324e-02 train_mse=2.008516e-03 train_cos=0.998449 train_nmse=-25.045dB train_rec=0.000000e+00 train_recT=4.680229e-07 train_fc=1.015452e-03 train_decoder_tail=0.000000e+00
I 07.01/22:14:30 train_mapper.py:622 ] epoch=0342 train_loss=1.005430e-02 train_mse=2.008503e-03 train_cos=0.998449 train_nmse=-25.045dB train_rec=0.000000e+00 train_recT=4.689352e-07 train_fc=1.014601e-03 train_decoder_tail=0.000000e+00
I 07.01/22:15:36 train_mapper.py:622 ] epoch=0343 train_loss=1.006670e-02 train_mse=2.010358e-03 train_cos=0.998447 train_nmse=-25.041dB train_rec=0.000000e+00 train_recT=4.712352e-07 train_fc=1.016267e-03 train_decoder_tail=0.000000e+00
I 07.01/22:16:35 train_mapper.py:622 ] epoch=0344 train_loss=1.000624e-02 train_mse=1.998775e-03 train_cos=0.998457 train_nmse=-25.067dB train_rec=0.000000e+00 train_recT=4.641748e-07 train_fc=1.009125e-03 train_decoder_tail=0.000000e+00
I 07.01/22:17:33 train_mapper.py:622 ] epoch=0345 train_loss=1.003130e-02 train_mse=2.003068e-03 train_cos=0.998453 train_nmse=-25.057dB train_rec=0.000000e+00 train_recT=4.651932e-07 train_fc=1.010905e-03 train_decoder_tail=0.000000e+00
I 07.01/22:18:25 train_mapper.py:622 ] epoch=0346 train_loss=1.000665e-02 train_mse=1.998176e-03 train_cos=0.998457 train_nmse=-25.068dB train_rec=0.000000e+00 train_recT=4.667687e-07 train_fc=1.009833e-03 train_decoder_tail=0.000000e+00
I 07.01/22:19:19 train_mapper.py:622 ] epoch=0347 train_loss=1.000805e-02 train_mse=1.998212e-03 train_cos=0.998457 train_nmse=-25.067dB train_rec=0.000000e+00 train_recT=4.650883e-07 train_fc=1.010455e-03 train_decoder_tail=0.000000e+00
I 07.01/22:20:13 train_mapper.py:622 ] epoch=0348 train_loss=9.967158e-03 train_mse=1.990109e-03 train_cos=0.998463 train_nmse=-25.085dB train_rec=0.000000e+00 train_recT=4.621666e-07 train_fc=1.005522e-03 train_decoder_tail=0.000000e+00
I 07.01/22:21:11 train_mapper.py:622 ] epoch=0349 train_loss=1.000114e-02 train_mse=1.996049e-03 train_cos=0.998457 train_nmse=-25.073dB train_rec=0.000000e+00 train_recT=4.673903e-07 train_fc=1.010454e-03 train_decoder_tail=0.000000e+00
I 07.01/22:22:04 train_mapper.py:622 ] epoch=0350 train_loss=9.964152e-03 train_mse=1.988688e-03 train_cos=0.998464 train_nmse=-25.088dB train_rec=0.000000e+00 train_recT=4.636012e-07 train_fc=1.004599e-03 train_decoder_tail=0.000000e+00
I 07.01/22:22:53 train_mapper.py:622 ] epoch=0351 train_loss=9.909007e-03 train_mse=1.977928e-03 train_cos=0.998472 train_nmse=-25.112dB train_rec=0.000000e+00 train_recT=4.581551e-07 train_fc=9.993762e-04 train_decoder_tail=0.000000e+00
I 07.01/22:23:45 train_mapper.py:622 ] epoch=0352 train_loss=9.915163e-03 train_mse=1.978995e-03 train_cos=0.998472 train_nmse=-25.110dB train_rec=0.000000e+00 train_recT=4.570206e-07 train_fc=9.989035e-04 train_decoder_tail=0.000000e+00
I 07.01/22:24:36 train_mapper.py:622 ] epoch=0353 train_loss=9.909724e-03 train_mse=1.977497e-03 train_cos=0.998472 train_nmse=-25.113dB train_rec=0.000000e+00 train_recT=4.580120e-07 train_fc=9.993530e-04 train_decoder_tail=0.000000e+00
I 07.01/22:25:26 train_mapper.py:622 ] epoch=0354 train_loss=9.897190e-03 train_mse=1.974794e-03 train_cos=0.998474 train_nmse=-25.119dB train_rec=0.000000e+00 train_recT=4.595143e-07 train_fc=9.975159e-04 train_decoder_tail=0.000000e+00
I 07.01/22:26:20 train_mapper.py:622 ] epoch=0355 train_loss=9.839075e-03 train_mse=1.963499e-03 train_cos=0.998485 train_nmse=-25.144dB train_rec=0.000000e+00 train_recT=4.569047e-07 train_fc=9.915653e-04 train_decoder_tail=0.000000e+00
I 07.01/22:27:13 train_mapper.py:622 ] epoch=0356 train_loss=9.863036e-03 train_mse=1.967697e-03 train_cos=0.998481 train_nmse=-25.135dB train_rec=0.000000e+00 train_recT=4.596264e-07 train_fc=9.951306e-04 train_decoder_tail=0.000000e+00
I 07.01/22:28:09 train_mapper.py:622 ] epoch=0357 train_loss=9.857528e-03 train_mse=1.966270e-03 train_cos=0.998481 train_nmse=-25.137dB train_rec=0.000000e+00 train_recT=4.564222e-07 train_fc=9.924775e-04 train_decoder_tail=0.000000e+00
I 07.01/22:28:57 train_mapper.py:622 ] epoch=0358 train_loss=9.828882e-03 train_mse=1.960734e-03 train_cos=0.998486 train_nmse=-25.150dB train_rec=0.000000e+00 train_recT=4.540168e-07 train_fc=9.890047e-04 train_decoder_tail=0.000000e+00
I 07.01/22:29:46 train_mapper.py:622 ] epoch=0359 train_loss=9.836966e-03 train_mse=1.962052e-03 train_cos=0.998485 train_nmse=-25.147dB train_rec=0.000000e+00 train_recT=4.572087e-07 train_fc=9.919056e-04 train_decoder_tail=0.000000e+00
I 07.01/22:30:36 train_mapper.py:622 ] epoch=0360 train_loss=9.820841e-03 train_mse=1.958708e-03 train_cos=0.998487 train_nmse=-25.154dB train_rec=0.000000e+00 train_recT=4.534803e-07 train_fc=9.893864e-04 train_decoder_tail=0.000000e+00
I 07.01/22:31:36 train_mapper.py:622 ] epoch=0361 train_loss=9.824363e-03 train_mse=1.958797e-03 train_cos=0.998486 train_nmse=-25.154dB train_rec=0.000000e+00 train_recT=4.539837e-07 train_fc=9.884265e-04 train_decoder_tail=0.000000e+00
I 07.01/22:32:30 train_mapper.py:622 ] epoch=0362 train_loss=9.840695e-03 train_mse=1.961524e-03 train_cos=0.998485 train_nmse=-25.148dB train_rec=0.000000e+00 train_recT=4.581545e-07 train_fc=9.918985e-04 train_decoder_tail=0.000000e+00
I 07.01/22:33:25 train_mapper.py:622 ] epoch=0363 train_loss=9.755561e-03 train_mse=1.945594e-03 train_cos=0.998498 train_nmse=-25.183dB train_rec=0.000000e+00 train_recT=4.505989e-07 train_fc=9.822615e-04 train_decoder_tail=0.000000e+00
I 07.01/22:34:21 train_mapper.py:622 ] epoch=0364 train_loss=9.760793e-03 train_mse=1.945992e-03 train_cos=0.998497 train_nmse=-25.183dB train_rec=0.000000e+00 train_recT=4.517310e-07 train_fc=9.822328e-04 train_decoder_tail=0.000000e+00
I 07.01/22:35:17 train_mapper.py:622 ] epoch=0365 train_loss=9.772911e-03 train_mse=1.947907e-03 train_cos=0.998495 train_nmse=-25.178dB train_rec=0.000000e+00 train_recT=4.535719e-07 train_fc=9.845275e-04 train_decoder_tail=0.000000e+00
I 07.01/22:36:11 train_mapper.py:622 ] epoch=0366 train_loss=9.703763e-03 train_mse=1.934875e-03 train_cos=0.998506 train_nmse=-25.208dB train_rec=0.000000e+00 train_recT=4.436497e-07 train_fc=9.761230e-04 train_decoder_tail=0.000000e+00
I 07.01/22:37:00 train_mapper.py:622 ] epoch=0367 train_loss=9.723705e-03 train_mse=1.938320e-03 train_cos=0.998503 train_nmse=-25.200dB train_rec=0.000000e+00 train_recT=4.477378e-07 train_fc=9.788831e-04 train_decoder_tail=0.000000e+00
I 07.01/22:37:49 train_mapper.py:622 ] epoch=0368 train_loss=9.723115e-03 train_mse=1.937807e-03 train_cos=0.998504 train_nmse=-25.201dB train_rec=0.000000e+00 train_recT=4.485011e-07 train_fc=9.781376e-04 train_decoder_tail=0.000000e+00
I 07.01/22:38:39 train_mapper.py:622 ] epoch=0369 train_loss=9.728536e-03 train_mse=1.938612e-03 train_cos=0.998502 train_nmse=-25.199dB train_rec=0.000000e+00 train_recT=4.482286e-07 train_fc=9.791539e-04 train_decoder_tail=0.000000e+00
I 07.01/22:39:23 train_mapper.py:622 ] epoch=0370 train_loss=9.704585e-03 train_mse=1.933746e-03 train_cos=0.998507 train_nmse=-25.210dB train_rec=0.000000e+00 train_recT=4.482451e-07 train_fc=9.772745e-04 train_decoder_tail=0.000000e+00
I 07.01/22:40:09 train_mapper.py:622 ] epoch=0371 train_loss=9.677802e-03 train_mse=1.928625e-03 train_cos=0.998511 train_nmse=-25.222dB train_rec=0.000000e+00 train_recT=4.465295e-07 train_fc=9.736836e-04 train_decoder_tail=0.000000e+00
I 07.01/22:40:56 train_mapper.py:622 ] epoch=0372 train_loss=9.664686e-03 train_mse=1.925702e-03 train_cos=0.998512 train_nmse=-25.228dB train_rec=0.000000e+00 train_recT=4.457943e-07 train_fc=9.727625e-04 train_decoder_tail=0.000000e+00
I 07.01/22:41:46 train_mapper.py:622 ] epoch=0373 train_loss=9.641903e-03 train_mse=1.921064e-03 train_cos=0.998516 train_nmse=-25.239dB train_rec=0.000000e+00 train_recT=4.432420e-07 train_fc=9.702409e-04 train_decoder_tail=0.000000e+00
I 07.01/22:42:38 train_mapper.py:622 ] epoch=0374 train_loss=9.673450e-03 train_mse=1.926583e-03 train_cos=0.998511 train_nmse=-25.226dB train_rec=0.000000e+00 train_recT=4.483334e-07 train_fc=9.740017e-04 train_decoder_tail=0.000000e+00
I 07.01/22:43:25 train_mapper.py:622 ] epoch=0375 train_loss=9.656873e-03 train_mse=1.923424e-03 train_cos=0.998514 train_nmse=-25.233dB train_rec=0.000000e+00 train_recT=4.453662e-07 train_fc=9.714583e-04 train_decoder_tail=0.000000e+00
I 07.01/22:44:27 train_mapper.py:622 ] epoch=0376 train_loss=9.616141e-03 train_mse=1.915413e-03 train_cos=0.998521 train_nmse=-25.252dB train_rec=0.000000e+00 train_recT=4.432695e-07 train_fc=9.675243e-04 train_decoder_tail=0.000000e+00
I 07.01/22:45:13 train_mapper.py:622 ] epoch=0377 train_loss=9.598751e-03 train_mse=1.911799e-03 train_cos=0.998523 train_nmse=-25.260dB train_rec=0.000000e+00 train_recT=4.466168e-07 train_fc=9.670830e-04 train_decoder_tail=0.000000e+00
I 07.01/22:45:59 train_mapper.py:622 ] epoch=0378 train_loss=9.604576e-03 train_mse=1.912382e-03 train_cos=0.998522 train_nmse=-25.258dB train_rec=0.000000e+00 train_recT=4.433065e-07 train_fc=9.661493e-04 train_decoder_tail=0.000000e+00
I 07.01/22:46:50 train_mapper.py:622 ] epoch=0379 train_loss=9.545715e-03 train_mse=1.901399e-03 train_cos=0.998532 train_nmse=-25.283dB train_rec=0.000000e+00 train_recT=4.394694e-07 train_fc=9.590905e-04 train_decoder_tail=0.000000e+00
I 07.01/22:47:35 train_mapper.py:622 ] epoch=0380 train_loss=9.581840e-03 train_mse=1.907821e-03 train_cos=0.998526 train_nmse=-25.269dB train_rec=0.000000e+00 train_recT=4.450832e-07 train_fc=9.647524e-04 train_decoder_tail=0.000000e+00
I 07.01/22:48:20 train_mapper.py:622 ] epoch=0381 train_loss=9.560829e-03 train_mse=1.903787e-03 train_cos=0.998530 train_nmse=-25.278dB train_rec=0.000000e+00 train_recT=4.419019e-07 train_fc=9.613513e-04 train_decoder_tail=0.000000e+00
I 07.01/22:49:00 train_mapper.py:622 ] epoch=0382 train_loss=9.508809e-03 train_mse=1.893760e-03 train_cos=0.998538 train_nmse=-25.301dB train_rec=0.000000e+00 train_recT=4.351311e-07 train_fc=9.559081e-04 train_decoder_tail=0.000000e+00
I 07.01/22:49:46 train_mapper.py:622 ] epoch=0383 train_loss=9.589503e-03 train_mse=1.908300e-03 train_cos=0.998525 train_nmse=-25.268dB train_rec=0.000000e+00 train_recT=4.444090e-07 train_fc=9.641303e-04 train_decoder_tail=0.000000e+00
I 07.01/22:50:31 train_mapper.py:622 ] epoch=0384 train_loss=9.549755e-03 train_mse=1.900691e-03 train_cos=0.998531 train_nmse=-25.285dB train_rec=0.000000e+00 train_recT=4.372595e-07 train_fc=9.595951e-04 train_decoder_tail=0.000000e+00
I 07.01/22:51:17 train_mapper.py:622 ] epoch=0385 train_loss=9.510674e-03 train_mse=1.893429e-03 train_cos=0.998538 train_nmse=-25.302dB train_rec=0.000000e+00 train_recT=4.374767e-07 train_fc=9.565230e-04 train_decoder_tail=0.000000e+00
I 07.01/22:52:04 train_mapper.py:622 ] epoch=0386 train_loss=9.518574e-03 train_mse=1.894453e-03 train_cos=0.998537 train_nmse=-25.299dB train_rec=0.000000e+00 train_recT=4.391934e-07 train_fc=9.573134e-04 train_decoder_tail=0.000000e+00
I 07.01/22:52:48 train_mapper.py:622 ] epoch=0387 train_loss=9.496339e-03 train_mse=1.890004e-03 train_cos=0.998541 train_nmse=-25.309dB train_rec=0.000000e+00 train_recT=4.374795e-07 train_fc=9.552655e-04 train_decoder_tail=0.000000e+00
I 07.01/22:53:36 train_mapper.py:622 ] epoch=0388 train_loss=9.457581e-03 train_mse=1.882386e-03 train_cos=0.998546 train_nmse=-25.327dB train_rec=0.000000e+00 train_recT=4.356324e-07 train_fc=9.504872e-04 train_decoder_tail=0.000000e+00
I 07.01/22:54:22 train_mapper.py:622 ] epoch=0389 train_loss=9.482580e-03 train_mse=1.886743e-03 train_cos=0.998542 train_nmse=-25.317dB train_rec=0.000000e+00 train_recT=4.344536e-07 train_fc=9.522913e-04 train_decoder_tail=0.000000e+00
I 07.01/22:55:03 train_mapper.py:622 ] epoch=0390 train_loss=9.468117e-03 train_mse=1.883829e-03 train_cos=0.998545 train_nmse=-25.323dB train_rec=0.000000e+00 train_recT=4.352765e-07 train_fc=9.513304e-04 train_decoder_tail=0.000000e+00
I 07.01/22:55:41 train_mapper.py:622 ] epoch=0391 train_loss=9.451721e-03 train_mse=1.880422e-03 train_cos=0.998547 train_nmse=-25.331dB train_rec=0.000000e+00 train_recT=4.350514e-07 train_fc=9.499580e-04 train_decoder_tail=0.000000e+00
I 07.01/22:56:25 train_mapper.py:622 ] epoch=0392 train_loss=9.415280e-03 train_mse=1.873582e-03 train_cos=0.998552 train_nmse=-25.347dB train_rec=0.000000e+00 train_recT=4.293644e-07 train_fc=9.459049e-04 train_decoder_tail=0.000000e+00
I 07.01/22:57:10 train_mapper.py:622 ] epoch=0393 train_loss=9.421838e-03 train_mse=1.874346e-03 train_cos=0.998552 train_nmse=-25.346dB train_rec=0.000000e+00 train_recT=4.333040e-07 train_fc=9.470853e-04 train_decoder_tail=0.000000e+00
I 07.01/22:57:53 train_mapper.py:622 ] epoch=0394 train_loss=9.436293e-03 train_mse=1.876784e-03 train_cos=0.998550 train_nmse=-25.340dB train_rec=0.000000e+00 train_recT=4.345968e-07 train_fc=9.475238e-04 train_decoder_tail=0.000000e+00
I 07.01/22:58:37 train_mapper.py:622 ] epoch=0395 train_loss=9.424413e-03 train_mse=1.874373e-03 train_cos=0.998553 train_nmse=-25.346dB train_rec=0.000000e+00 train_recT=4.335221e-07 train_fc=9.466325e-04 train_decoder_tail=0.000000e+00
I 07.01/22:59:19 train_mapper.py:622 ] epoch=0396 train_loss=9.381842e-03 train_mse=1.866185e-03 train_cos=0.998559 train_nmse=-25.364dB train_rec=0.000000e+00 train_recT=4.302376e-07 train_fc=9.416889e-04 train_decoder_tail=0.000000e+00
I 07.01/23:00:06 train_mapper.py:622 ] epoch=0397 train_loss=9.380421e-03 train_mse=1.865682e-03 train_cos=0.998559 train_nmse=-25.366dB train_rec=0.000000e+00 train_recT=4.325720e-07 train_fc=9.412678e-04 train_decoder_tail=0.000000e+00
I 07.01/23:00:49 train_mapper.py:622 ] epoch=0398 train_loss=9.401306e-03 train_mse=1.869061e-03 train_cos=0.998556 train_nmse=-25.358dB train_rec=0.000000e+00 train_recT=4.316381e-07 train_fc=9.434789e-04 train_decoder_tail=0.000000e+00
I 07.01/23:01:33 train_mapper.py:622 ] epoch=0399 train_loss=9.376222e-03 train_mse=1.864351e-03 train_cos=0.998560 train_nmse=-25.369dB train_rec=0.000000e+00 train_recT=4.312760e-07 train_fc=9.420023e-04 train_decoder_tail=0.000000e+00
I 07.01/23:02:18 train_mapper.py:622 ] epoch=0400 train_loss=9.339935e-03 train_mse=1.857298e-03 train_cos=0.998566 train_nmse=-25.385dB train_rec=0.000000e+00 train_recT=4.279735e-07 train_fc=9.373674e-04 train_decoder_tail=0.000000e+00
I 07.01/23:05:50 train_mapper.py:738 ] best_loss_epoch=400 best_loss_selection=train_loss best_loss_metric=9.339935e-03 best_loss_mse=1.857298e-03 best_loss_loss=9.339935e-03
I 07.01/23:05:50 train_mapper.py:743 ] best_mse_epoch=400 best_mse_selection=train_mse best_mse_metric=1.857298e-03 best_mse_mse=1.857298e-03 best_mse_loss=9.339935e-03
I 07.01/23:05:50 train_mapper.py:749 ] all_best_loss_mse=1.810186e-03 all_best_loss_cos=0.998607 all_best_loss_nmse=-25.497dB
I 07.01/23:05:50 train_mapper.py:753 ] all_best_mse_mse=1.810186e-03 all_best_mse_cos=0.998607 all_best_mse_nmse=-25.497dB
