device=cuda
mapper=mlp, params=8403968
train=90000, val=10000, code_dim=512
epoch=0001 train_mse=1.868727e-01 val_mse=8.264433e-02 val_cos=0.957456 val_nmse=-8.917dB
epoch=0002 train_mse=6.492454e-02 val_mse=5.843263e-02 val_cos=0.966670 val_nmse=-10.425dB
epoch=0003 train_mse=5.149687e-02 val_mse=5.226085e-02 val_cos=0.970065 val_nmse=-10.911dB
epoch=0004 train_mse=4.650724e-02 val_mse=4.863514e-02 val_cos=0.972037 val_nmse=-11.224dB
epoch=0005 train_mse=4.271942e-02 val_mse=4.568076e-02 val_cos=0.973235 val_nmse=-11.497dB
epoch=0006 train_mse=3.795504e-02 val_mse=3.923925e-02 val_cos=0.973751 val_nmse=-12.158dB
epoch=0007 train_mse=3.188430e-02 val_mse=3.557724e-02 val_cos=0.975070 val_nmse=-12.582dB
epoch=0008 train_mse=2.901628e-02 val_mse=3.348170e-02 val_cos=0.976246 val_nmse=-12.846dB
epoch=0009 train_mse=2.704619e-02 val_mse=3.206748e-02 val_cos=0.977117 val_nmse=-13.034dB
epoch=0010 train_mse=2.551356e-02 val_mse=3.092258e-02 val_cos=0.977808 val_nmse=-13.191dB
epoch=0011 train_mse=2.428929e-02 val_mse=3.036714e-02 val_cos=0.978152 val_nmse=-13.270dB
epoch=0012 train_mse=2.322413e-02 val_mse=2.955303e-02 val_cos=0.978757 val_nmse=-13.388dB
epoch=0013 train_mse=2.226867e-02 val_mse=2.899777e-02 val_cos=0.979169 val_nmse=-13.471dB
epoch=0014 train_mse=2.144114e-02 val_mse=2.832710e-02 val_cos=0.979665 val_nmse=-13.572dB
epoch=0015 train_mse=2.074794e-02 val_mse=2.762165e-02 val_cos=0.980187 val_nmse=-13.682dB
epoch=0016 train_mse=2.004994e-02 val_mse=2.715466e-02 val_cos=0.980561 val_nmse=-13.756dB
epoch=0017 train_mse=1.946563e-02 val_mse=2.656582e-02 val_cos=0.980970 val_nmse=-13.852dB
epoch=0018 train_mse=1.884783e-02 val_mse=2.609699e-02 val_cos=0.981352 val_nmse=-13.929dB
epoch=0019 train_mse=1.839502e-02 val_mse=2.595654e-02 val_cos=0.981454 val_nmse=-13.953dB
epoch=0020 train_mse=1.790662e-02 val_mse=2.549461e-02 val_cos=0.981780 val_nmse=-14.031dB
epoch=0021 train_mse=1.748420e-02 val_mse=2.533598e-02 val_cos=0.981905 val_nmse=-14.058dB
epoch=0022 train_mse=1.709437e-02 val_mse=2.499243e-02 val_cos=0.982180 val_nmse=-14.117dB
epoch=0023 train_mse=1.672039e-02 val_mse=2.483456e-02 val_cos=0.982256 val_nmse=-14.145dB
epoch=0024 train_mse=1.632772e-02 val_mse=2.435730e-02 val_cos=0.982635 val_nmse=-14.230dB
epoch=0025 train_mse=1.603088e-02 val_mse=2.424496e-02 val_cos=0.982700 val_nmse=-14.249dB
epoch=0026 train_mse=1.572323e-02 val_mse=2.380815e-02 val_cos=0.983040 val_nmse=-14.328dB
epoch=0027 train_mse=1.540522e-02 val_mse=2.363034e-02 val_cos=0.983200 val_nmse=-14.361dB
epoch=0028 train_mse=1.516607e-02 val_mse=2.336332e-02 val_cos=0.983390 val_nmse=-14.411dB
epoch=0029 train_mse=1.485200e-02 val_mse=2.327505e-02 val_cos=0.983455 val_nmse=-14.426dB
epoch=0030 train_mse=1.460254e-02 val_mse=2.313104e-02 val_cos=0.983506 val_nmse=-14.455dB
epoch=0031 train_mse=1.440125e-02 val_mse=2.294695e-02 val_cos=0.983711 val_nmse=-14.490dB
epoch=0032 train_mse=1.416108e-02 val_mse=2.273357e-02 val_cos=0.983870 val_nmse=-14.530dB
epoch=0033 train_mse=1.394639e-02 val_mse=2.248571e-02 val_cos=0.984073 val_nmse=-14.578dB
epoch=0034 train_mse=1.374531e-02 val_mse=2.226465e-02 val_cos=0.984222 val_nmse=-14.620dB
epoch=0035 train_mse=1.348369e-02 val_mse=2.210654e-02 val_cos=0.984332 val_nmse=-14.651dB
epoch=0036 train_mse=1.328380e-02 val_mse=2.189847e-02 val_cos=0.984493 val_nmse=-14.692dB
epoch=0037 train_mse=1.312172e-02 val_mse=2.174165e-02 val_cos=0.984607 val_nmse=-14.723dB
epoch=0038 train_mse=1.297395e-02 val_mse=2.162596e-02 val_cos=0.984679 val_nmse=-14.746dB
epoch=0039 train_mse=1.273548e-02 val_mse=2.162385e-02 val_cos=0.984721 val_nmse=-14.747dB
epoch=0040 train_mse=1.260330e-02 val_mse=2.144512e-02 val_cos=0.984863 val_nmse=-14.783dB
epoch=0041 train_mse=1.242606e-02 val_mse=2.131116e-02 val_cos=0.984926 val_nmse=-14.811dB
epoch=0042 train_mse=1.227828e-02 val_mse=2.115349e-02 val_cos=0.985071 val_nmse=-14.843dB
epoch=0043 train_mse=1.211331e-02 val_mse=2.107766e-02 val_cos=0.985123 val_nmse=-14.859dB
epoch=0044 train_mse=1.195019e-02 val_mse=2.083620e-02 val_cos=0.985330 val_nmse=-14.909dB
epoch=0045 train_mse=1.181593e-02 val_mse=2.076940e-02 val_cos=0.985364 val_nmse=-14.922dB
epoch=0046 train_mse=1.164468e-02 val_mse=2.057746e-02 val_cos=0.985453 val_nmse=-14.963dB
epoch=0047 train_mse=1.151452e-02 val_mse=2.040179e-02 val_cos=0.985621 val_nmse=-15.000dB
epoch=0048 train_mse=1.140582e-02 val_mse=2.042757e-02 val_cos=0.985588 val_nmse=-14.995dB
epoch=0049 train_mse=1.127643e-02 val_mse=2.029511e-02 val_cos=0.985696 val_nmse=-15.023dB
epoch=0050 train_mse=1.113114e-02 val_mse=2.020084e-02 val_cos=0.985762 val_nmse=-15.044dB
epoch=0051 train_mse=1.105692e-02 val_mse=2.002055e-02 val_cos=0.985894 val_nmse=-15.082dB
epoch=0052 train_mse=1.093687e-02 val_mse=2.012290e-02 val_cos=0.985815 val_nmse=-15.061dB
epoch=0053 train_mse=1.080705e-02 val_mse=1.997920e-02 val_cos=0.985919 val_nmse=-15.091dB
epoch=0054 train_mse=1.067664e-02 val_mse=1.989192e-02 val_cos=0.985987 val_nmse=-15.110dB
epoch=0055 train_mse=1.060300e-02 val_mse=1.958804e-02 val_cos=0.986222 val_nmse=-15.178dB
epoch=0056 train_mse=1.046968e-02 val_mse=1.958684e-02 val_cos=0.986215 val_nmse=-15.178dB
epoch=0057 train_mse=1.035671e-02 val_mse=1.955057e-02 val_cos=0.986236 val_nmse=-15.186dB
epoch=0058 train_mse=1.027472e-02 val_mse=1.953729e-02 val_cos=0.986261 val_nmse=-15.189dB
epoch=0059 train_mse=1.021320e-02 val_mse=1.941615e-02 val_cos=0.986353 val_nmse=-15.216dB
epoch=0060 train_mse=1.010035e-02 val_mse=1.936101e-02 val_cos=0.986382 val_nmse=-15.229dB
epoch=0061 train_mse=9.995091e-03 val_mse=1.922964e-02 val_cos=0.986459 val_nmse=-15.258dB
epoch=0062 train_mse=9.918059e-03 val_mse=1.928815e-02 val_cos=0.986414 val_nmse=-15.245dB
epoch=0063 train_mse=9.850379e-03 val_mse=1.904203e-02 val_cos=0.986613 val_nmse=-15.301dB
epoch=0064 train_mse=9.751555e-03 val_mse=1.896781e-02 val_cos=0.986672 val_nmse=-15.318dB
epoch=0065 train_mse=9.664568e-03 val_mse=1.908133e-02 val_cos=0.986568 val_nmse=-15.292dB
epoch=0066 train_mse=9.603062e-03 val_mse=1.890899e-02 val_cos=0.986728 val_nmse=-15.332dB
epoch=0067 train_mse=9.512381e-03 val_mse=1.890789e-02 val_cos=0.986701 val_nmse=-15.332dB
epoch=0068 train_mse=9.430779e-03 val_mse=1.879642e-02 val_cos=0.986801 val_nmse=-15.358dB
epoch=0069 train_mse=9.377275e-03 val_mse=1.871797e-02 val_cos=0.986850 val_nmse=-15.376dB
epoch=0070 train_mse=9.284764e-03 val_mse=1.861240e-02 val_cos=0.986926 val_nmse=-15.401dB
epoch=0071 train_mse=9.239779e-03 val_mse=1.858370e-02 val_cos=0.986959 val_nmse=-15.407dB
epoch=0072 train_mse=9.138810e-03 val_mse=1.843001e-02 val_cos=0.987050 val_nmse=-15.443dB
epoch=0073 train_mse=9.076989e-03 val_mse=1.851526e-02 val_cos=0.987023 val_nmse=-15.424dB
epoch=0074 train_mse=9.047510e-03 val_mse=1.832803e-02 val_cos=0.987141 val_nmse=-15.468dB
epoch=0075 train_mse=8.940934e-03 val_mse=1.842482e-02 val_cos=0.987035 val_nmse=-15.444dB
epoch=0076 train_mse=8.893819e-03 val_mse=1.835715e-02 val_cos=0.987101 val_nmse=-15.460dB
epoch=0077 train_mse=8.813820e-03 val_mse=1.828954e-02 val_cos=0.987158 val_nmse=-15.477dB
epoch=0078 train_mse=8.775744e-03 val_mse=1.815958e-02 val_cos=0.987256 val_nmse=-15.508dB
epoch=0079 train_mse=8.721991e-03 val_mse=1.819529e-02 val_cos=0.987221 val_nmse=-15.499dB
epoch=0080 train_mse=8.655192e-03 val_mse=1.811413e-02 val_cos=0.987293 val_nmse=-15.518dB
epoch=0081 train_mse=8.601479e-03 val_mse=1.813128e-02 val_cos=0.987269 val_nmse=-15.515dB
epoch=0082 train_mse=8.511895e-03 val_mse=1.792998e-02 val_cos=0.987422 val_nmse=-15.563dB
epoch=0083 train_mse=8.482647e-03 val_mse=1.785187e-02 val_cos=0.987469 val_nmse=-15.582dB
epoch=0084 train_mse=8.442390e-03 val_mse=1.785787e-02 val_cos=0.987468 val_nmse=-15.580dB
epoch=0085 train_mse=8.378330e-03 val_mse=1.785554e-02 val_cos=0.987459 val_nmse=-15.581dB
epoch=0086 train_mse=8.323036e-03 val_mse=1.772292e-02 val_cos=0.987573 val_nmse=-15.614dB
epoch=0087 train_mse=8.271550e-03 val_mse=1.778098e-02 val_cos=0.987532 val_nmse=-15.600dB
epoch=0088 train_mse=8.222007e-03 val_mse=1.767435e-02 val_cos=0.987601 val_nmse=-15.626dB
epoch=0089 train_mse=8.182160e-03 val_mse=1.774849e-02 val_cos=0.987560 val_nmse=-15.608dB
epoch=0090 train_mse=8.128753e-03 val_mse=1.758883e-02 val_cos=0.987692 val_nmse=-15.646dB
epoch=0091 train_mse=8.060985e-03 val_mse=1.747236e-02 val_cos=0.987756 val_nmse=-15.676dB
epoch=0092 train_mse=8.028109e-03 val_mse=1.756597e-02 val_cos=0.987697 val_nmse=-15.653dB
epoch=0093 train_mse=7.977853e-03 val_mse=1.749550e-02 val_cos=0.987747 val_nmse=-15.670dB
epoch=0094 train_mse=7.964807e-03 val_mse=1.750032e-02 val_cos=0.987726 val_nmse=-15.669dB
epoch=0095 train_mse=7.900617e-03 val_mse=1.743847e-02 val_cos=0.987800 val_nmse=-15.684dB
epoch=0096 train_mse=7.845757e-03 val_mse=1.739722e-02 val_cos=0.987828 val_nmse=-15.695dB
epoch=0097 train_mse=7.806627e-03 val_mse=1.734540e-02 val_cos=0.987846 val_nmse=-15.707dB
epoch=0098 train_mse=7.756778e-03 val_mse=1.723397e-02 val_cos=0.987915 val_nmse=-15.735dB
epoch=0099 train_mse=7.728762e-03 val_mse=1.721634e-02 val_cos=0.987931 val_nmse=-15.740dB
epoch=0100 train_mse=7.685954e-03 val_mse=1.730831e-02 val_cos=0.987862 val_nmse=-15.717dB
epoch=0101 train_mse=7.644936e-03 val_mse=1.719660e-02 val_cos=0.987939 val_nmse=-15.745dB
epoch=0102 train_mse=7.597508e-03 val_mse=1.726494e-02 val_cos=0.987895 val_nmse=-15.728dB
epoch=0103 train_mse=7.563790e-03 val_mse=1.715258e-02 val_cos=0.987982 val_nmse=-15.755dB
epoch=0104 train_mse=7.541144e-03 val_mse=1.717232e-02 val_cos=0.987983 val_nmse=-15.751dB
epoch=0105 train_mse=7.488002e-03 val_mse=1.696747e-02 val_cos=0.988120 val_nmse=-15.803dB
epoch=0106 train_mse=7.462215e-03 val_mse=1.705126e-02 val_cos=0.988074 val_nmse=-15.781dB
epoch=0107 train_mse=7.432514e-03 val_mse=1.705617e-02 val_cos=0.988057 val_nmse=-15.781dB
epoch=0108 train_mse=7.382052e-03 val_mse=1.699453e-02 val_cos=0.988104 val_nmse=-15.796dB
epoch=0109 train_mse=7.332030e-03 val_mse=1.697371e-02 val_cos=0.988104 val_nmse=-15.802dB
epoch=0110 train_mse=7.311661e-03 val_mse=1.689989e-02 val_cos=0.988184 val_nmse=-15.821dB
epoch=0111 train_mse=7.274040e-03 val_mse=1.692339e-02 val_cos=0.988130 val_nmse=-15.814dB
epoch=0112 train_mse=7.236223e-03 val_mse=1.685460e-02 val_cos=0.988198 val_nmse=-15.833dB
epoch=0113 train_mse=7.200776e-03 val_mse=1.682552e-02 val_cos=0.988234 val_nmse=-15.840dB
epoch=0114 train_mse=7.165732e-03 val_mse=1.678734e-02 val_cos=0.988242 val_nmse=-15.849dB
epoch=0115 train_mse=7.146237e-03 val_mse=1.682100e-02 val_cos=0.988225 val_nmse=-15.840dB
epoch=0116 train_mse=7.127689e-03 val_mse=1.669874e-02 val_cos=0.988307 val_nmse=-15.872dB
epoch=0117 train_mse=7.085366e-03 val_mse=1.670432e-02 val_cos=0.988322 val_nmse=-15.872dB
epoch=0118 train_mse=7.037559e-03 val_mse=1.671789e-02 val_cos=0.988298 val_nmse=-15.868dB
epoch=0119 train_mse=7.000110e-03 val_mse=1.672414e-02 val_cos=0.988302 val_nmse=-15.866dB
epoch=0120 train_mse=6.952322e-03 val_mse=1.673225e-02 val_cos=0.988281 val_nmse=-15.864dB
epoch=0121 train_mse=6.955502e-03 val_mse=1.667642e-02 val_cos=0.988318 val_nmse=-15.878dB
epoch=0122 train_mse=6.933715e-03 val_mse=1.663317e-02 val_cos=0.988370 val_nmse=-15.890dB
epoch=0123 train_mse=6.897529e-03 val_mse=1.657953e-02 val_cos=0.988398 val_nmse=-15.904dB
epoch=0124 train_mse=6.870104e-03 val_mse=1.662992e-02 val_cos=0.988368 val_nmse=-15.891dB
epoch=0125 train_mse=6.836670e-03 val_mse=1.653975e-02 val_cos=0.988437 val_nmse=-15.914dB
epoch=0126 train_mse=6.816484e-03 val_mse=1.656546e-02 val_cos=0.988437 val_nmse=-15.907dB
epoch=0127 train_mse=6.780730e-03 val_mse=1.661031e-02 val_cos=0.988376 val_nmse=-15.895dB
epoch=0128 train_mse=6.752953e-03 val_mse=1.655802e-02 val_cos=0.988392 val_nmse=-15.909dB
epoch=0129 train_mse=6.723649e-03 val_mse=1.643289e-02 val_cos=0.988502 val_nmse=-15.942dB
epoch=0130 train_mse=6.692112e-03 val_mse=1.642976e-02 val_cos=0.988515 val_nmse=-15.944dB
epoch=0131 train_mse=6.667028e-03 val_mse=1.643709e-02 val_cos=0.988519 val_nmse=-15.941dB
epoch=0132 train_mse=6.624848e-03 val_mse=1.641427e-02 val_cos=0.988535 val_nmse=-15.947dB
epoch=0133 train_mse=6.602331e-03 val_mse=1.633937e-02 val_cos=0.988580 val_nmse=-15.968dB
epoch=0134 train_mse=6.564347e-03 val_mse=1.628182e-02 val_cos=0.988636 val_nmse=-15.983dB
epoch=0135 train_mse=6.553197e-03 val_mse=1.631115e-02 val_cos=0.988592 val_nmse=-15.976dB
epoch=0136 train_mse=6.524244e-03 val_mse=1.622992e-02 val_cos=0.988663 val_nmse=-15.996dB
epoch=0137 train_mse=6.520360e-03 val_mse=1.627496e-02 val_cos=0.988637 val_nmse=-15.985dB
epoch=0138 train_mse=6.485020e-03 val_mse=1.622010e-02 val_cos=0.988660 val_nmse=-15.999dB
epoch=0139 train_mse=6.460502e-03 val_mse=1.616491e-02 val_cos=0.988715 val_nmse=-16.014dB
epoch=0140 train_mse=6.441073e-03 val_mse=1.609222e-02 val_cos=0.988767 val_nmse=-16.034dB
epoch=0141 train_mse=6.398543e-03 val_mse=1.615394e-02 val_cos=0.988736 val_nmse=-16.017dB
epoch=0142 train_mse=6.376275e-03 val_mse=1.621568e-02 val_cos=0.988674 val_nmse=-16.001dB
epoch=0143 train_mse=6.350532e-03 val_mse=1.616140e-02 val_cos=0.988722 val_nmse=-16.016dB
epoch=0144 train_mse=6.326767e-03 val_mse=1.618820e-02 val_cos=0.988681 val_nmse=-16.008dB
epoch=0145 train_mse=6.326490e-03 val_mse=1.606238e-02 val_cos=0.988784 val_nmse=-16.041dB
epoch=0146 train_mse=6.300124e-03 val_mse=1.620448e-02 val_cos=0.988671 val_nmse=-16.004dB
epoch=0147 train_mse=6.276148e-03 val_mse=1.605342e-02 val_cos=0.988800 val_nmse=-16.044dB
epoch=0148 train_mse=6.247693e-03 val_mse=1.619371e-02 val_cos=0.988682 val_nmse=-16.006dB
epoch=0149 train_mse=6.215267e-03 val_mse=1.594946e-02 val_cos=0.988881 val_nmse=-16.073dB
epoch=0150 train_mse=6.188796e-03 val_mse=1.606067e-02 val_cos=0.988795 val_nmse=-16.043dB
epoch=0151 train_mse=6.177698e-03 val_mse=1.603214e-02 val_cos=0.988803 val_nmse=-16.050dB
epoch=0152 train_mse=6.142490e-03 val_mse=1.610188e-02 val_cos=0.988765 val_nmse=-16.031dB
epoch=0153 train_mse=6.149792e-03 val_mse=1.595673e-02 val_cos=0.988872 val_nmse=-16.071dB
epoch=0154 train_mse=6.098953e-03 val_mse=1.595122e-02 val_cos=0.988873 val_nmse=-16.073dB
epoch=0155 train_mse=6.091299e-03 val_mse=1.604251e-02 val_cos=0.988788 val_nmse=-16.048dB
epoch=0156 train_mse=6.068551e-03 val_mse=1.584237e-02 val_cos=0.988940 val_nmse=-16.101dB
epoch=0157 train_mse=6.056210e-03 val_mse=1.590325e-02 val_cos=0.988903 val_nmse=-16.085dB
epoch=0158 train_mse=6.034467e-03 val_mse=1.589698e-02 val_cos=0.988915 val_nmse=-16.087dB
epoch=0159 train_mse=6.014255e-03 val_mse=1.588483e-02 val_cos=0.988919 val_nmse=-16.090dB
epoch=0160 train_mse=5.999207e-03 val_mse=1.578352e-02 val_cos=0.989009 val_nmse=-16.118dB
epoch=0161 train_mse=5.973517e-03 val_mse=1.582594e-02 val_cos=0.988962 val_nmse=-16.105dB
epoch=0162 train_mse=5.949540e-03 val_mse=1.583357e-02 val_cos=0.988950 val_nmse=-16.105dB
epoch=0163 train_mse=5.911038e-03 val_mse=1.578773e-02 val_cos=0.988964 val_nmse=-16.116dB
epoch=0164 train_mse=5.908660e-03 val_mse=1.578898e-02 val_cos=0.988985 val_nmse=-16.117dB
epoch=0165 train_mse=5.892122e-03 val_mse=1.582136e-02 val_cos=0.988961 val_nmse=-16.107dB
epoch=0166 train_mse=5.861256e-03 val_mse=1.579868e-02 val_cos=0.988984 val_nmse=-16.114dB
epoch=0167 train_mse=5.855373e-03 val_mse=1.565278e-02 val_cos=0.989091 val_nmse=-16.155dB
epoch=0168 train_mse=5.846323e-03 val_mse=1.571204e-02 val_cos=0.989051 val_nmse=-16.138dB
epoch=0169 train_mse=5.812236e-03 val_mse=1.575987e-02 val_cos=0.989030 val_nmse=-16.124dB
epoch=0170 train_mse=5.800570e-03 val_mse=1.564662e-02 val_cos=0.989080 val_nmse=-16.156dB
epoch=0171 train_mse=5.780240e-03 val_mse=1.568360e-02 val_cos=0.989050 val_nmse=-16.146dB
epoch=0172 train_mse=5.768684e-03 val_mse=1.565854e-02 val_cos=0.989096 val_nmse=-16.152dB
epoch=0173 train_mse=5.742992e-03 val_mse=1.560234e-02 val_cos=0.989135 val_nmse=-16.168dB
epoch=0174 train_mse=5.729428e-03 val_mse=1.560139e-02 val_cos=0.989118 val_nmse=-16.168dB
epoch=0175 train_mse=5.708125e-03 val_mse=1.559748e-02 val_cos=0.989114 val_nmse=-16.169dB
epoch=0176 train_mse=5.694380e-03 val_mse=1.560964e-02 val_cos=0.989103 val_nmse=-16.166dB
epoch=0177 train_mse=5.680421e-03 val_mse=1.561513e-02 val_cos=0.989107 val_nmse=-16.165dB
epoch=0178 train_mse=5.661674e-03 val_mse=1.548253e-02 val_cos=0.989206 val_nmse=-16.202dB
epoch=0179 train_mse=5.637249e-03 val_mse=1.559396e-02 val_cos=0.989119 val_nmse=-16.170dB
epoch=0180 train_mse=5.609728e-03 val_mse=1.560079e-02 val_cos=0.989120 val_nmse=-16.168dB
epoch=0181 train_mse=5.609787e-03 val_mse=1.561560e-02 val_cos=0.989092 val_nmse=-16.164dB
epoch=0182 train_mse=5.596303e-03 val_mse=1.552984e-02 val_cos=0.989187 val_nmse=-16.188dB
epoch=0183 train_mse=5.582431e-03 val_mse=1.546917e-02 val_cos=0.989209 val_nmse=-16.204dB
epoch=0184 train_mse=5.573667e-03 val_mse=1.548504e-02 val_cos=0.989215 val_nmse=-16.201dB
epoch=0185 train_mse=5.552070e-03 val_mse=1.548299e-02 val_cos=0.989206 val_nmse=-16.201dB
epoch=0186 train_mse=5.528357e-03 val_mse=1.542038e-02 val_cos=0.989252 val_nmse=-16.219dB
epoch=0187 train_mse=5.509259e-03 val_mse=1.542411e-02 val_cos=0.989237 val_nmse=-16.218dB
epoch=0188 train_mse=5.495244e-03 val_mse=1.544667e-02 val_cos=0.989234 val_nmse=-16.211dB
epoch=0189 train_mse=5.484018e-03 val_mse=1.543716e-02 val_cos=0.989254 val_nmse=-16.214dB
epoch=0190 train_mse=5.470971e-03 val_mse=1.543219e-02 val_cos=0.989239 val_nmse=-16.216dB
epoch=0191 train_mse=5.462557e-03 val_mse=1.549348e-02 val_cos=0.989194 val_nmse=-16.198dB
epoch=0192 train_mse=5.449674e-03 val_mse=1.534075e-02 val_cos=0.989302 val_nmse=-16.241dB
epoch=0193 train_mse=5.432672e-03 val_mse=1.543076e-02 val_cos=0.989255 val_nmse=-16.216dB
epoch=0194 train_mse=5.398367e-03 val_mse=1.537737e-02 val_cos=0.989283 val_nmse=-16.231dB
epoch=0195 train_mse=5.390149e-03 val_mse=1.533426e-02 val_cos=0.989310 val_nmse=-16.244dB
epoch=0196 train_mse=5.389783e-03 val_mse=1.540512e-02 val_cos=0.989251 val_nmse=-16.224dB
epoch=0197 train_mse=5.378998e-03 val_mse=1.534661e-02 val_cos=0.989316 val_nmse=-16.240dB
epoch=0198 train_mse=5.358027e-03 val_mse=1.531042e-02 val_cos=0.989320 val_nmse=-16.250dB
epoch=0199 train_mse=5.348980e-03 val_mse=1.529755e-02 val_cos=0.989362 val_nmse=-16.255dB
epoch=0200 train_mse=5.324816e-03 val_mse=1.532422e-02 val_cos=0.989336 val_nmse=-16.246dB
epoch=0201 train_mse=5.314224e-03 val_mse=1.528774e-02 val_cos=0.989342 val_nmse=-16.256dB
epoch=0202 train_mse=5.307088e-03 val_mse=1.523512e-02 val_cos=0.989384 val_nmse=-16.272dB
epoch=0203 train_mse=5.271591e-03 val_mse=1.533089e-02 val_cos=0.989309 val_nmse=-16.244dB
epoch=0204 train_mse=5.267599e-03 val_mse=1.527259e-02 val_cos=0.989366 val_nmse=-16.260dB
epoch=0205 train_mse=5.254136e-03 val_mse=1.521174e-02 val_cos=0.989407 val_nmse=-16.279dB
epoch=0206 train_mse=5.241772e-03 val_mse=1.522928e-02 val_cos=0.989390 val_nmse=-16.273dB
epoch=0207 train_mse=5.231320e-03 val_mse=1.527231e-02 val_cos=0.989359 val_nmse=-16.261dB
epoch=0208 train_mse=5.220973e-03 val_mse=1.521483e-02 val_cos=0.989405 val_nmse=-16.278dB
epoch=0209 train_mse=5.204449e-03 val_mse=1.527276e-02 val_cos=0.989382 val_nmse=-16.261dB
epoch=0210 train_mse=5.192969e-03 val_mse=1.519190e-02 val_cos=0.989429 val_nmse=-16.284dB
epoch=0211 train_mse=5.176650e-03 val_mse=1.524289e-02 val_cos=0.989382 val_nmse=-16.269dB
epoch=0212 train_mse=5.169407e-03 val_mse=1.515257e-02 val_cos=0.989446 val_nmse=-16.296dB
epoch=0213 train_mse=5.142816e-03 val_mse=1.514069e-02 val_cos=0.989460 val_nmse=-16.298dB
epoch=0214 train_mse=5.143923e-03 val_mse=1.518584e-02 val_cos=0.989401 val_nmse=-16.286dB
epoch=0215 train_mse=5.133286e-03 val_mse=1.521858e-02 val_cos=0.989405 val_nmse=-16.276dB
epoch=0216 train_mse=5.123029e-03 val_mse=1.511422e-02 val_cos=0.989465 val_nmse=-16.306dB
epoch=0217 train_mse=5.109268e-03 val_mse=1.512185e-02 val_cos=0.989478 val_nmse=-16.304dB
epoch=0218 train_mse=5.099734e-03 val_mse=1.514652e-02 val_cos=0.989444 val_nmse=-16.297dB
epoch=0219 train_mse=5.089754e-03 val_mse=1.510259e-02 val_cos=0.989473 val_nmse=-16.309dB
epoch=0220 train_mse=5.062387e-03 val_mse=1.508815e-02 val_cos=0.989488 val_nmse=-16.314dB
epoch=0221 train_mse=5.053661e-03 val_mse=1.512367e-02 val_cos=0.989472 val_nmse=-16.304dB
epoch=0222 train_mse=5.052777e-03 val_mse=1.506340e-02 val_cos=0.989497 val_nmse=-16.321dB
epoch=0223 train_mse=5.037458e-03 val_mse=1.507061e-02 val_cos=0.989502 val_nmse=-16.319dB
epoch=0224 train_mse=5.025838e-03 val_mse=1.505926e-02 val_cos=0.989519 val_nmse=-16.322dB
epoch=0225 train_mse=5.011582e-03 val_mse=1.511848e-02 val_cos=0.989474 val_nmse=-16.306dB
epoch=0226 train_mse=5.001929e-03 val_mse=1.502504e-02 val_cos=0.989545 val_nmse=-16.332dB
epoch=0227 train_mse=4.997250e-03 val_mse=1.504362e-02 val_cos=0.989523 val_nmse=-16.327dB
epoch=0228 train_mse=4.995563e-03 val_mse=1.506157e-02 val_cos=0.989501 val_nmse=-16.321dB
epoch=0229 train_mse=4.976832e-03 val_mse=1.506222e-02 val_cos=0.989507 val_nmse=-16.322dB
epoch=0230 train_mse=4.956407e-03 val_mse=1.500322e-02 val_cos=0.989549 val_nmse=-16.338dB
epoch=0231 train_mse=4.947791e-03 val_mse=1.504242e-02 val_cos=0.989527 val_nmse=-16.327dB
epoch=0232 train_mse=4.920331e-03 val_mse=1.503237e-02 val_cos=0.989523 val_nmse=-16.329dB
epoch=0233 train_mse=4.935011e-03 val_mse=1.493473e-02 val_cos=0.989598 val_nmse=-16.358dB
epoch=0234 train_mse=4.924625e-03 val_mse=1.508167e-02 val_cos=0.989507 val_nmse=-16.315dB
epoch=0235 train_mse=4.915061e-03 val_mse=1.495206e-02 val_cos=0.989584 val_nmse=-16.354dB
epoch=0236 train_mse=4.897909e-03 val_mse=1.499048e-02 val_cos=0.989557 val_nmse=-16.342dB
epoch=0237 train_mse=4.890508e-03 val_mse=1.502346e-02 val_cos=0.989539 val_nmse=-16.333dB
epoch=0238 train_mse=4.869619e-03 val_mse=1.504346e-02 val_cos=0.989520 val_nmse=-16.327dB
epoch=0239 train_mse=4.856287e-03 val_mse=1.491136e-02 val_cos=0.989617 val_nmse=-16.365dB
epoch=0240 train_mse=4.860289e-03 val_mse=1.502774e-02 val_cos=0.989548 val_nmse=-16.331dB
epoch=0241 train_mse=4.844019e-03 val_mse=1.492897e-02 val_cos=0.989605 val_nmse=-16.360dB
epoch=0242 train_mse=4.826106e-03 val_mse=1.488667e-02 val_cos=0.989639 val_nmse=-16.373dB
epoch=0243 train_mse=4.824987e-03 val_mse=1.494559e-02 val_cos=0.989602 val_nmse=-16.355dB
epoch=0244 train_mse=4.811813e-03 val_mse=1.501146e-02 val_cos=0.989538 val_nmse=-16.335dB
epoch=0245 train_mse=4.810193e-03 val_mse=1.491157e-02 val_cos=0.989623 val_nmse=-16.365dB
epoch=0246 train_mse=4.794205e-03 val_mse=1.486743e-02 val_cos=0.989652 val_nmse=-16.378dB
epoch=0247 train_mse=4.792263e-03 val_mse=1.484466e-02 val_cos=0.989653 val_nmse=-16.384dB
epoch=0248 train_mse=4.769964e-03 val_mse=1.488946e-02 val_cos=0.989623 val_nmse=-16.372dB
epoch=0249 train_mse=4.775324e-03 val_mse=1.491160e-02 val_cos=0.989624 val_nmse=-16.365dB
epoch=0250 train_mse=4.773716e-03 val_mse=1.498808e-02 val_cos=0.989562 val_nmse=-16.342dB
epoch=0251 train_mse=4.746611e-03 val_mse=1.481475e-02 val_cos=0.989671 val_nmse=-16.394dB
epoch=0252 train_mse=4.734970e-03 val_mse=1.491417e-02 val_cos=0.989614 val_nmse=-16.364dB
epoch=0253 train_mse=4.724046e-03 val_mse=1.482330e-02 val_cos=0.989674 val_nmse=-16.391dB
epoch=0254 train_mse=4.721118e-03 val_mse=1.483647e-02 val_cos=0.989668 val_nmse=-16.387dB
epoch=0255 train_mse=4.710307e-03 val_mse=1.490621e-02 val_cos=0.989630 val_nmse=-16.366dB
epoch=0256 train_mse=4.708850e-03 val_mse=1.478742e-02 val_cos=0.989705 val_nmse=-16.402dB
epoch=0257 train_mse=4.690551e-03 val_mse=1.479811e-02 val_cos=0.989714 val_nmse=-16.398dB
epoch=0258 train_mse=4.673731e-03 val_mse=1.483883e-02 val_cos=0.989685 val_nmse=-16.386dB
epoch=0259 train_mse=4.674654e-03 val_mse=1.479215e-02 val_cos=0.989706 val_nmse=-16.400dB
epoch=0260 train_mse=4.664228e-03 val_mse=1.488227e-02 val_cos=0.989631 val_nmse=-16.374dB
epoch=0261 train_mse=4.649808e-03 val_mse=1.479764e-02 val_cos=0.989700 val_nmse=-16.399dB
epoch=0262 train_mse=4.643701e-03 val_mse=1.482354e-02 val_cos=0.989684 val_nmse=-16.391dB
epoch=0263 train_mse=4.636267e-03 val_mse=1.473742e-02 val_cos=0.989741 val_nmse=-16.416dB
epoch=0264 train_mse=4.622019e-03 val_mse=1.481136e-02 val_cos=0.989695 val_nmse=-16.395dB
epoch=0265 train_mse=4.634921e-03 val_mse=1.478023e-02 val_cos=0.989705 val_nmse=-16.404dB
epoch=0266 train_mse=4.619910e-03 val_mse=1.478517e-02 val_cos=0.989707 val_nmse=-16.402dB
epoch=0267 train_mse=4.601897e-03 val_mse=1.487084e-02 val_cos=0.989643 val_nmse=-16.377dB
epoch=0268 train_mse=4.591007e-03 val_mse=1.479970e-02 val_cos=0.989682 val_nmse=-16.398dB
epoch=0269 train_mse=4.593187e-03 val_mse=1.482020e-02 val_cos=0.989684 val_nmse=-16.392dB
epoch=0270 train_mse=4.575880e-03 val_mse=1.479881e-02 val_cos=0.989694 val_nmse=-16.398dB
epoch=0271 train_mse=4.568066e-03 val_mse=1.477663e-02 val_cos=0.989705 val_nmse=-16.404dB
epoch=0272 train_mse=4.556719e-03 val_mse=1.473446e-02 val_cos=0.989746 val_nmse=-16.417dB
epoch=0273 train_mse=4.559362e-03 val_mse=1.479499e-02 val_cos=0.989697 val_nmse=-16.399dB
epoch=0274 train_mse=4.547681e-03 val_mse=1.470047e-02 val_cos=0.989761 val_nmse=-16.427dB
epoch=0275 train_mse=4.536864e-03 val_mse=1.478400e-02 val_cos=0.989705 val_nmse=-16.403dB
epoch=0276 train_mse=4.531053e-03 val_mse=1.472767e-02 val_cos=0.989755 val_nmse=-16.419dB
epoch=0277 train_mse=4.522240e-03 val_mse=1.466341e-02 val_cos=0.989800 val_nmse=-16.438dB
epoch=0278 train_mse=4.513587e-03 val_mse=1.473443e-02 val_cos=0.989743 val_nmse=-16.417dB
epoch=0279 train_mse=4.505379e-03 val_mse=1.467128e-02 val_cos=0.989783 val_nmse=-16.436dB
epoch=0280 train_mse=4.495570e-03 val_mse=1.473773e-02 val_cos=0.989749 val_nmse=-16.416dB
epoch=0281 train_mse=4.489522e-03 val_mse=1.464781e-02 val_cos=0.989800 val_nmse=-16.443dB
epoch=0282 train_mse=4.478537e-03 val_mse=1.471125e-02 val_cos=0.989761 val_nmse=-16.424dB
epoch=0283 train_mse=4.468986e-03 val_mse=1.471363e-02 val_cos=0.989756 val_nmse=-16.423dB
epoch=0284 train_mse=4.470742e-03 val_mse=1.467644e-02 val_cos=0.989789 val_nmse=-16.434dB
epoch=0285 train_mse=4.466057e-03 val_mse=1.468442e-02 val_cos=0.989779 val_nmse=-16.432dB
epoch=0286 train_mse=4.445362e-03 val_mse=1.470415e-02 val_cos=0.989752 val_nmse=-16.426dB
epoch=0287 train_mse=4.443295e-03 val_mse=1.472804e-02 val_cos=0.989737 val_nmse=-16.419dB
epoch=0288 train_mse=4.432439e-03 val_mse=1.464728e-02 val_cos=0.989808 val_nmse=-16.443dB
epoch=0289 train_mse=4.430814e-03 val_mse=1.470174e-02 val_cos=0.989770 val_nmse=-16.427dB
epoch=0290 train_mse=4.414899e-03 val_mse=1.468036e-02 val_cos=0.989780 val_nmse=-16.433dB
epoch=0291 train_mse=4.405149e-03 val_mse=1.464874e-02 val_cos=0.989808 val_nmse=-16.443dB
epoch=0292 train_mse=4.403931e-03 val_mse=1.461263e-02 val_cos=0.989831 val_nmse=-16.453dB
epoch=0293 train_mse=4.399254e-03 val_mse=1.466939e-02 val_cos=0.989787 val_nmse=-16.437dB
epoch=0294 train_mse=4.390719e-03 val_mse=1.460541e-02 val_cos=0.989827 val_nmse=-16.456dB
epoch=0295 train_mse=4.375531e-03 val_mse=1.458077e-02 val_cos=0.989854 val_nmse=-16.463dB
epoch=0296 train_mse=4.376299e-03 val_mse=1.464636e-02 val_cos=0.989781 val_nmse=-16.443dB
epoch=0297 train_mse=4.385162e-03 val_mse=1.464535e-02 val_cos=0.989794 val_nmse=-16.444dB
epoch=0298 train_mse=4.368658e-03 val_mse=1.460568e-02 val_cos=0.989827 val_nmse=-16.456dB
epoch=0299 train_mse=4.362233e-03 val_mse=1.457871e-02 val_cos=0.989865 val_nmse=-16.464dB
epoch=0300 train_mse=4.344987e-03 val_mse=1.463617e-02 val_cos=0.989797 val_nmse=-16.446dB
epoch=0301 train_mse=4.330046e-03 val_mse=1.462483e-02 val_cos=0.989828 val_nmse=-16.449dB
epoch=0302 train_mse=4.334531e-03 val_mse=1.460675e-02 val_cos=0.989840 val_nmse=-16.455dB
epoch=0303 train_mse=4.330861e-03 val_mse=1.458322e-02 val_cos=0.989852 val_nmse=-16.462dB
epoch=0304 train_mse=4.321666e-03 val_mse=1.457792e-02 val_cos=0.989857 val_nmse=-16.464dB
epoch=0305 train_mse=4.313994e-03 val_mse=1.455233e-02 val_cos=0.989883 val_nmse=-16.471dB
epoch=0306 train_mse=4.306271e-03 val_mse=1.460392e-02 val_cos=0.989838 val_nmse=-16.456dB
epoch=0307 train_mse=4.299803e-03 val_mse=1.460388e-02 val_cos=0.989852 val_nmse=-16.456dB
epoch=0308 train_mse=4.293168e-03 val_mse=1.455826e-02 val_cos=0.989873 val_nmse=-16.469dB
epoch=0309 train_mse=4.279733e-03 val_mse=1.457330e-02 val_cos=0.989850 val_nmse=-16.465dB
epoch=0310 train_mse=4.272690e-03 val_mse=1.455461e-02 val_cos=0.989892 val_nmse=-16.471dB
epoch=0311 train_mse=4.271113e-03 val_mse=1.454923e-02 val_cos=0.989867 val_nmse=-16.473dB
epoch=0312 train_mse=4.268515e-03 val_mse=1.452763e-02 val_cos=0.989885 val_nmse=-16.479dB
epoch=0313 train_mse=4.259968e-03 val_mse=1.453784e-02 val_cos=0.989879 val_nmse=-16.476dB
epoch=0314 train_mse=4.256267e-03 val_mse=1.455197e-02 val_cos=0.989875 val_nmse=-16.471dB
epoch=0315 train_mse=4.245637e-03 val_mse=1.448875e-02 val_cos=0.989909 val_nmse=-16.490dB
epoch=0316 train_mse=4.241172e-03 val_mse=1.452252e-02 val_cos=0.989894 val_nmse=-16.480dB
epoch=0317 train_mse=4.230520e-03 val_mse=1.454386e-02 val_cos=0.989875 val_nmse=-16.474dB
epoch=0318 train_mse=4.229226e-03 val_mse=1.451072e-02 val_cos=0.989904 val_nmse=-16.484dB
epoch=0319 train_mse=4.213411e-03 val_mse=1.455148e-02 val_cos=0.989881 val_nmse=-16.472dB
epoch=0320 train_mse=4.216475e-03 val_mse=1.451914e-02 val_cos=0.989895 val_nmse=-16.481dB
epoch=0321 train_mse=4.205863e-03 val_mse=1.448652e-02 val_cos=0.989913 val_nmse=-16.491dB
epoch=0322 train_mse=4.210257e-03 val_mse=1.452282e-02 val_cos=0.989887 val_nmse=-16.480dB
epoch=0323 train_mse=4.198505e-03 val_mse=1.454515e-02 val_cos=0.989876 val_nmse=-16.473dB
epoch=0324 train_mse=4.194155e-03 val_mse=1.458363e-02 val_cos=0.989840 val_nmse=-16.462dB
epoch=0325 train_mse=4.180511e-03 val_mse=1.446987e-02 val_cos=0.989922 val_nmse=-16.496dB
epoch=0326 train_mse=4.171055e-03 val_mse=1.444683e-02 val_cos=0.989942 val_nmse=-16.503dB
epoch=0327 train_mse=4.174003e-03 val_mse=1.446420e-02 val_cos=0.989928 val_nmse=-16.498dB
epoch=0328 train_mse=4.159062e-03 val_mse=1.450007e-02 val_cos=0.989899 val_nmse=-16.487dB
epoch=0329 train_mse=4.161820e-03 val_mse=1.447722e-02 val_cos=0.989927 val_nmse=-16.494dB
epoch=0330 train_mse=4.155274e-03 val_mse=1.446011e-02 val_cos=0.989954 val_nmse=-16.499dB
epoch=0331 train_mse=4.145063e-03 val_mse=1.448253e-02 val_cos=0.989920 val_nmse=-16.492dB
epoch=0332 train_mse=4.153367e-03 val_mse=1.444746e-02 val_cos=0.989949 val_nmse=-16.503dB
epoch=0333 train_mse=4.134058e-03 val_mse=1.452854e-02 val_cos=0.989886 val_nmse=-16.479dB
epoch=0334 train_mse=4.129976e-03 val_mse=1.444425e-02 val_cos=0.989942 val_nmse=-16.504dB
epoch=0335 train_mse=4.131539e-03 val_mse=1.445212e-02 val_cos=0.989943 val_nmse=-16.501dB
epoch=0336 train_mse=4.126818e-03 val_mse=1.440853e-02 val_cos=0.989973 val_nmse=-16.515dB
epoch=0337 train_mse=4.105417e-03 val_mse=1.444533e-02 val_cos=0.989952 val_nmse=-16.503dB
epoch=0338 train_mse=4.108522e-03 val_mse=1.439730e-02 val_cos=0.989972 val_nmse=-16.518dB
epoch=0339 train_mse=4.095952e-03 val_mse=1.443791e-02 val_cos=0.989950 val_nmse=-16.506dB
epoch=0340 train_mse=4.081449e-03 val_mse=1.448360e-02 val_cos=0.989939 val_nmse=-16.493dB
epoch=0341 train_mse=4.095723e-03 val_mse=1.443278e-02 val_cos=0.989952 val_nmse=-16.507dB
epoch=0342 train_mse=4.085340e-03 val_mse=1.442994e-02 val_cos=0.989954 val_nmse=-16.508dB
epoch=0343 train_mse=4.094082e-03 val_mse=1.442729e-02 val_cos=0.989964 val_nmse=-16.510dB
epoch=0344 train_mse=4.074411e-03 val_mse=1.441228e-02 val_cos=0.989972 val_nmse=-16.514dB
epoch=0345 train_mse=4.064175e-03 val_mse=1.441598e-02 val_cos=0.989965 val_nmse=-16.512dB
epoch=0346 train_mse=4.057181e-03 val_mse=1.442709e-02 val_cos=0.989972 val_nmse=-16.509dB
epoch=0347 train_mse=4.051598e-03 val_mse=1.443854e-02 val_cos=0.989932 val_nmse=-16.506dB
epoch=0348 train_mse=4.048984e-03 val_mse=1.441511e-02 val_cos=0.989967 val_nmse=-16.513dB
epoch=0349 train_mse=4.045820e-03 val_mse=1.437159e-02 val_cos=0.990002 val_nmse=-16.527dB
epoch=0350 train_mse=4.034321e-03 val_mse=1.437938e-02 val_cos=0.989999 val_nmse=-16.523dB
epoch=0351 train_mse=4.042206e-03 val_mse=1.440973e-02 val_cos=0.989969 val_nmse=-16.514dB
epoch=0352 train_mse=4.036100e-03 val_mse=1.441819e-02 val_cos=0.989958 val_nmse=-16.511dB
epoch=0353 train_mse=4.032697e-03 val_mse=1.433912e-02 val_cos=0.990010 val_nmse=-16.536dB
epoch=0354 train_mse=4.015754e-03 val_mse=1.435609e-02 val_cos=0.990014 val_nmse=-16.531dB
epoch=0355 train_mse=4.009797e-03 val_mse=1.437983e-02 val_cos=0.989991 val_nmse=-16.523dB
epoch=0356 train_mse=4.013874e-03 val_mse=1.441885e-02 val_cos=0.989972 val_nmse=-16.512dB
epoch=0357 train_mse=4.000974e-03 val_mse=1.437832e-02 val_cos=0.990002 val_nmse=-16.524dB
epoch=0358 train_mse=3.986016e-03 val_mse=1.445470e-02 val_cos=0.989928 val_nmse=-16.500dB
epoch=0359 train_mse=3.987182e-03 val_mse=1.441371e-02 val_cos=0.989960 val_nmse=-16.513dB
epoch=0360 train_mse=3.989342e-03 val_mse=1.438757e-02 val_cos=0.989973 val_nmse=-16.521dB
epoch=0361 train_mse=3.989383e-03 val_mse=1.442100e-02 val_cos=0.989965 val_nmse=-16.511dB
epoch=0362 train_mse=3.967344e-03 val_mse=1.437609e-02 val_cos=0.989996 val_nmse=-16.525dB
epoch=0363 train_mse=3.973382e-03 val_mse=1.430419e-02 val_cos=0.990045 val_nmse=-16.547dB
epoch=0364 train_mse=3.962802e-03 val_mse=1.439746e-02 val_cos=0.989974 val_nmse=-16.518dB
epoch=0365 train_mse=3.965140e-03 val_mse=1.438951e-02 val_cos=0.989970 val_nmse=-16.520dB
epoch=0366 train_mse=3.967146e-03 val_mse=1.431587e-02 val_cos=0.990026 val_nmse=-16.543dB
epoch=0367 train_mse=3.948015e-03 val_mse=1.432304e-02 val_cos=0.990024 val_nmse=-16.541dB
epoch=0368 train_mse=3.954165e-03 val_mse=1.432297e-02 val_cos=0.990034 val_nmse=-16.541dB
epoch=0369 train_mse=3.937095e-03 val_mse=1.433419e-02 val_cos=0.990024 val_nmse=-16.538dB
epoch=0370 train_mse=3.925921e-03 val_mse=1.432730e-02 val_cos=0.990028 val_nmse=-16.539dB
epoch=0371 train_mse=3.926575e-03 val_mse=1.435149e-02 val_cos=0.990014 val_nmse=-16.532dB
epoch=0372 train_mse=3.925687e-03 val_mse=1.438837e-02 val_cos=0.990001 val_nmse=-16.521dB
epoch=0373 train_mse=3.929952e-03 val_mse=1.430287e-02 val_cos=0.990053 val_nmse=-16.547dB
epoch=0374 train_mse=3.921459e-03 val_mse=1.432386e-02 val_cos=0.990025 val_nmse=-16.540dB
epoch=0375 train_mse=3.914902e-03 val_mse=1.430272e-02 val_cos=0.990040 val_nmse=-16.547dB
epoch=0376 train_mse=3.912000e-03 val_mse=1.430280e-02 val_cos=0.990055 val_nmse=-16.547dB
epoch=0377 train_mse=3.907961e-03 val_mse=1.433306e-02 val_cos=0.990035 val_nmse=-16.537dB
epoch=0378 train_mse=3.899315e-03 val_mse=1.430718e-02 val_cos=0.990057 val_nmse=-16.546dB
epoch=0379 train_mse=3.888374e-03 val_mse=1.432343e-02 val_cos=0.990035 val_nmse=-16.540dB
epoch=0380 train_mse=3.881923e-03 val_mse=1.433785e-02 val_cos=0.990017 val_nmse=-16.536dB
epoch=0381 train_mse=3.889337e-03 val_mse=1.435013e-02 val_cos=0.990026 val_nmse=-16.533dB
epoch=0382 train_mse=3.881007e-03 val_mse=1.429924e-02 val_cos=0.990047 val_nmse=-16.547dB
epoch=0383 train_mse=3.874452e-03 val_mse=1.432560e-02 val_cos=0.990042 val_nmse=-16.540dB
epoch=0384 train_mse=3.873073e-03 val_mse=1.431841e-02 val_cos=0.990043 val_nmse=-16.542dB
epoch=0385 train_mse=3.873108e-03 val_mse=1.432950e-02 val_cos=0.990036 val_nmse=-16.539dB
epoch=0386 train_mse=3.860975e-03 val_mse=1.429321e-02 val_cos=0.990055 val_nmse=-16.549dB
epoch=0387 train_mse=3.852952e-03 val_mse=1.434031e-02 val_cos=0.990032 val_nmse=-16.535dB
epoch=0388 train_mse=3.848547e-03 val_mse=1.428423e-02 val_cos=0.990074 val_nmse=-16.552dB
epoch=0389 train_mse=3.854867e-03 val_mse=1.426630e-02 val_cos=0.990060 val_nmse=-16.558dB
epoch=0390 train_mse=3.846887e-03 val_mse=1.431987e-02 val_cos=0.990035 val_nmse=-16.542dB
epoch=0391 train_mse=3.834918e-03 val_mse=1.424109e-02 val_cos=0.990079 val_nmse=-16.565dB
epoch=0392 train_mse=3.831683e-03 val_mse=1.430020e-02 val_cos=0.990046 val_nmse=-16.548dB
epoch=0393 train_mse=3.829383e-03 val_mse=1.433284e-02 val_cos=0.990026 val_nmse=-16.537dB
epoch=0394 train_mse=3.825017e-03 val_mse=1.429483e-02 val_cos=0.990045 val_nmse=-16.549dB
epoch=0395 train_mse=3.822315e-03 val_mse=1.426731e-02 val_cos=0.990082 val_nmse=-16.558dB
epoch=0396 train_mse=3.808850e-03 val_mse=1.428424e-02 val_cos=0.990049 val_nmse=-16.552dB
epoch=0397 train_mse=3.812767e-03 val_mse=1.429021e-02 val_cos=0.990068 val_nmse=-16.551dB
epoch=0398 train_mse=3.811750e-03 val_mse=1.425725e-02 val_cos=0.990066 val_nmse=-16.561dB
epoch=0399 train_mse=3.805067e-03 val_mse=1.428559e-02 val_cos=0.990072 val_nmse=-16.552dB
epoch=0400 train_mse=3.795786e-03 val_mse=1.423906e-02 val_cos=0.990093 val_nmse=-16.566dB
best_epoch=400 best_val_mse=1.423906e-02
all_mse=4.746884e-03 all_cos=0.996408 all_nmse=-21.814dB
