I 07.02/01:32:44 train_mapper.py:431 ] => Experiment directory: mapper/exps/mlp/mse/seed2026_transnet_transnet_to_seed42_transnet_lr5e-4_ep400
I 07.02/01:32:44 train_mapper.py:432 ] => Checkpoint directory: mapper/exps/mlp/mse/seed2026_transnet_transnet_to_seed42_transnet_lr5e-4_ep400/checkpoints
I 07.02/01:32:44 train_mapper.py:433 ] => Codeword directory: mapper/exps/mlp/mse/seed2026_transnet_transnet_to_seed42_transnet_lr5e-4_ep400/codewords
I 07.02/01:32:44 train_mapper.py:434 ] => TensorBoard directory: mapper/exps/mlp/mse/seed2026_transnet_transnet_to_seed42_transnet_lr5e-4_ep400/tensorboard
I 07.02/01:32:48 train_mapper.py:524 ] device=cuda
I 07.02/01:32:48 train_mapper.py:525 ] mapper=mlp, params=8403968
I 07.02/01:32:48 train_mapper.py:527 ] train=100000, val=0, code_dim=512
I 07.02/01:32:48 train_mapper.py:529 ] val_ratio<=0: skip per-epoch validation; select best checkpoint by train loss
I 07.02/01:32:48 train_mapper.py:531 ] loss=mse + smoothl1*0.0 + sample_tail*0.0 + dim_tail*0.0 + whiten*0.0 + rec*0.0 + recT*0.0 + fc*0.0 + decoder_tail*0.0 + cos*0.0 + cov*0.0
I 07.02/01:32:57 train_mapper.py:622 ] epoch=0001 train_loss=3.268681e-01 train_mse=3.268681e-01 train_cos=0.830649 train_nmse=-3.738dB train_rec=0.000000e+00 train_recT=0.000000e+00 train_fc=0.000000e+00 train_decoder_tail=0.000000e+00
I 07.02/01:33:12 train_mapper.py:622 ] epoch=0002 train_loss=1.104840e-01 train_mse=1.104840e-01 train_cos=0.954450 train_nmse=-7.694dB train_rec=0.000000e+00 train_recT=0.000000e+00 train_fc=0.000000e+00 train_decoder_tail=0.000000e+00
I 07.02/01:33:26 train_mapper.py:622 ] epoch=0003 train_loss=7.283407e-02 train_mse=7.283407e-02 train_cos=0.971032 train_nmse=-9.466dB train_rec=0.000000e+00 train_recT=0.000000e+00 train_fc=0.000000e+00 train_decoder_tail=0.000000e+00
I 07.02/01:33:38 train_mapper.py:622 ] epoch=0004 train_loss=5.667002e-02 train_mse=5.667002e-02 train_cos=0.976508 train_nmse=-10.547dB train_rec=0.000000e+00 train_recT=0.000000e+00 train_fc=0.000000e+00 train_decoder_tail=0.000000e+00
I 07.02/01:33:56 train_mapper.py:622 ] epoch=0005 train_loss=4.810638e-02 train_mse=4.810638e-02 train_cos=0.978829 train_nmse=-11.256dB train_rec=0.000000e+00 train_recT=0.000000e+00 train_fc=0.000000e+00 train_decoder_tail=0.000000e+00
I 07.02/01:34:27 train_mapper.py:622 ] epoch=0006 train_loss=4.284524e-02 train_mse=4.284524e-02 train_cos=0.980305 train_nmse=-11.756dB train_rec=0.000000e+00 train_recT=0.000000e+00 train_fc=0.000000e+00 train_decoder_tail=0.000000e+00
I 07.02/01:35:09 train_mapper.py:622 ] epoch=0007 train_loss=3.970991e-02 train_mse=3.970991e-02 train_cos=0.981239 train_nmse=-12.086dB train_rec=0.000000e+00 train_recT=0.000000e+00 train_fc=0.000000e+00 train_decoder_tail=0.000000e+00
I 07.02/01:36:03 train_mapper.py:622 ] epoch=0008 train_loss=3.757792e-02 train_mse=3.757792e-02 train_cos=0.982043 train_nmse=-12.325dB train_rec=0.000000e+00 train_recT=0.000000e+00 train_fc=0.000000e+00 train_decoder_tail=0.000000e+00
I 07.02/01:36:58 train_mapper.py:622 ] epoch=0009 train_loss=3.617095e-02 train_mse=3.617095e-02 train_cos=0.982634 train_nmse=-12.491dB train_rec=0.000000e+00 train_recT=0.000000e+00 train_fc=0.000000e+00 train_decoder_tail=0.000000e+00
I 07.02/01:37:58 train_mapper.py:622 ] epoch=0010 train_loss=3.497897e-02 train_mse=3.497897e-02 train_cos=0.983213 train_nmse=-12.637dB train_rec=0.000000e+00 train_recT=0.000000e+00 train_fc=0.000000e+00 train_decoder_tail=0.000000e+00
I 07.02/01:39:00 train_mapper.py:622 ] epoch=0011 train_loss=3.394698e-02 train_mse=3.394698e-02 train_cos=0.983728 train_nmse=-12.767dB train_rec=0.000000e+00 train_recT=0.000000e+00 train_fc=0.000000e+00 train_decoder_tail=0.000000e+00
I 07.02/01:40:05 train_mapper.py:622 ] epoch=0012 train_loss=3.306744e-02 train_mse=3.306744e-02 train_cos=0.984134 train_nmse=-12.881dB train_rec=0.000000e+00 train_recT=0.000000e+00 train_fc=0.000000e+00 train_decoder_tail=0.000000e+00
I 07.02/01:41:04 train_mapper.py:622 ] epoch=0013 train_loss=3.207079e-02 train_mse=3.207079e-02 train_cos=0.984621 train_nmse=-13.014dB train_rec=0.000000e+00 train_recT=0.000000e+00 train_fc=0.000000e+00 train_decoder_tail=0.000000e+00
I 07.02/01:41:59 train_mapper.py:622 ] epoch=0014 train_loss=3.115305e-02 train_mse=3.115305e-02 train_cos=0.985024 train_nmse=-13.140dB train_rec=0.000000e+00 train_recT=0.000000e+00 train_fc=0.000000e+00 train_decoder_tail=0.000000e+00
I 07.02/01:42:55 train_mapper.py:622 ] epoch=0015 train_loss=3.029299e-02 train_mse=3.029299e-02 train_cos=0.985351 train_nmse=-13.262dB train_rec=0.000000e+00 train_recT=0.000000e+00 train_fc=0.000000e+00 train_decoder_tail=0.000000e+00
I 07.02/01:43:52 train_mapper.py:622 ] epoch=0016 train_loss=2.931668e-02 train_mse=2.931668e-02 train_cos=0.985736 train_nmse=-13.404dB train_rec=0.000000e+00 train_recT=0.000000e+00 train_fc=0.000000e+00 train_decoder_tail=0.000000e+00
I 07.02/01:44:49 train_mapper.py:622 ] epoch=0017 train_loss=2.840925e-02 train_mse=2.840925e-02 train_cos=0.986020 train_nmse=-13.540dB train_rec=0.000000e+00 train_recT=0.000000e+00 train_fc=0.000000e+00 train_decoder_tail=0.000000e+00
I 07.02/01:45:45 train_mapper.py:622 ] epoch=0018 train_loss=2.749947e-02 train_mse=2.749947e-02 train_cos=0.986232 train_nmse=-13.682dB train_rec=0.000000e+00 train_recT=0.000000e+00 train_fc=0.000000e+00 train_decoder_tail=0.000000e+00
I 07.02/01:46:39 train_mapper.py:622 ] epoch=0019 train_loss=2.639855e-02 train_mse=2.639855e-02 train_cos=0.986413 train_nmse=-13.860dB train_rec=0.000000e+00 train_recT=0.000000e+00 train_fc=0.000000e+00 train_decoder_tail=0.000000e+00
I 07.02/01:47:36 train_mapper.py:622 ] epoch=0020 train_loss=2.445377e-02 train_mse=2.445377e-02 train_cos=0.986295 train_nmse=-14.194dB train_rec=0.000000e+00 train_recT=0.000000e+00 train_fc=0.000000e+00 train_decoder_tail=0.000000e+00
I 07.02/01:48:32 train_mapper.py:622 ] epoch=0021 train_loss=2.180653e-02 train_mse=2.180653e-02 train_cos=0.986700 train_nmse=-14.690dB train_rec=0.000000e+00 train_recT=0.000000e+00 train_fc=0.000000e+00 train_decoder_tail=0.000000e+00
I 07.02/01:49:29 train_mapper.py:622 ] epoch=0022 train_loss=2.016043e-02 train_mse=2.016043e-02 train_cos=0.987097 train_nmse=-15.030dB train_rec=0.000000e+00 train_recT=0.000000e+00 train_fc=0.000000e+00 train_decoder_tail=0.000000e+00
I 07.02/01:50:28 train_mapper.py:622 ] epoch=0023 train_loss=1.897315e-02 train_mse=1.897315e-02 train_cos=0.987455 train_nmse=-15.294dB train_rec=0.000000e+00 train_recT=0.000000e+00 train_fc=0.000000e+00 train_decoder_tail=0.000000e+00
I 07.02/01:51:25 train_mapper.py:622 ] epoch=0024 train_loss=1.817999e-02 train_mse=1.817999e-02 train_cos=0.987697 train_nmse=-15.479dB train_rec=0.000000e+00 train_recT=0.000000e+00 train_fc=0.000000e+00 train_decoder_tail=0.000000e+00
I 07.02/01:52:26 train_mapper.py:622 ] epoch=0025 train_loss=1.739894e-02 train_mse=1.739894e-02 train_cos=0.988031 train_nmse=-15.669dB train_rec=0.000000e+00 train_recT=0.000000e+00 train_fc=0.000000e+00 train_decoder_tail=0.000000e+00
I 07.02/01:53:23 train_mapper.py:622 ] epoch=0026 train_loss=1.690726e-02 train_mse=1.690726e-02 train_cos=0.988214 train_nmse=-15.794dB train_rec=0.000000e+00 train_recT=0.000000e+00 train_fc=0.000000e+00 train_decoder_tail=0.000000e+00
I 07.02/01:54:22 train_mapper.py:622 ] epoch=0027 train_loss=1.635368e-02 train_mse=1.635368e-02 train_cos=0.988482 train_nmse=-15.939dB train_rec=0.000000e+00 train_recT=0.000000e+00 train_fc=0.000000e+00 train_decoder_tail=0.000000e+00
I 07.02/01:55:17 train_mapper.py:622 ] epoch=0028 train_loss=1.592307e-02 train_mse=1.592307e-02 train_cos=0.988694 train_nmse=-16.054dB train_rec=0.000000e+00 train_recT=0.000000e+00 train_fc=0.000000e+00 train_decoder_tail=0.000000e+00
I 07.02/01:56:15 train_mapper.py:622 ] epoch=0029 train_loss=1.550525e-02 train_mse=1.550525e-02 train_cos=0.988910 train_nmse=-16.170dB train_rec=0.000000e+00 train_recT=0.000000e+00 train_fc=0.000000e+00 train_decoder_tail=0.000000e+00
I 07.02/01:57:14 train_mapper.py:622 ] epoch=0030 train_loss=1.513581e-02 train_mse=1.513581e-02 train_cos=0.989109 train_nmse=-16.274dB train_rec=0.000000e+00 train_recT=0.000000e+00 train_fc=0.000000e+00 train_decoder_tail=0.000000e+00
I 07.02/01:58:12 train_mapper.py:622 ] epoch=0031 train_loss=1.483627e-02 train_mse=1.483627e-02 train_cos=0.989267 train_nmse=-16.362dB train_rec=0.000000e+00 train_recT=0.000000e+00 train_fc=0.000000e+00 train_decoder_tail=0.000000e+00
I 07.02/01:59:08 train_mapper.py:622 ] epoch=0032 train_loss=1.454572e-02 train_mse=1.454572e-02 train_cos=0.989431 train_nmse=-16.448dB train_rec=0.000000e+00 train_recT=0.000000e+00 train_fc=0.000000e+00 train_decoder_tail=0.000000e+00
I 07.02/02:00:01 train_mapper.py:622 ] epoch=0033 train_loss=1.420853e-02 train_mse=1.420853e-02 train_cos=0.989636 train_nmse=-16.549dB train_rec=0.000000e+00 train_recT=0.000000e+00 train_fc=0.000000e+00 train_decoder_tail=0.000000e+00
I 07.02/02:00:57 train_mapper.py:622 ] epoch=0034 train_loss=1.395574e-02 train_mse=1.395574e-02 train_cos=0.989782 train_nmse=-16.627dB train_rec=0.000000e+00 train_recT=0.000000e+00 train_fc=0.000000e+00 train_decoder_tail=0.000000e+00
I 07.02/02:01:53 train_mapper.py:622 ] epoch=0035 train_loss=1.373405e-02 train_mse=1.373405e-02 train_cos=0.989911 train_nmse=-16.697dB train_rec=0.000000e+00 train_recT=0.000000e+00 train_fc=0.000000e+00 train_decoder_tail=0.000000e+00
I 07.02/02:02:49 train_mapper.py:622 ] epoch=0036 train_loss=1.348571e-02 train_mse=1.348571e-02 train_cos=0.990067 train_nmse=-16.776dB train_rec=0.000000e+00 train_recT=0.000000e+00 train_fc=0.000000e+00 train_decoder_tail=0.000000e+00
I 07.02/02:03:42 train_mapper.py:622 ] epoch=0037 train_loss=1.323740e-02 train_mse=1.323740e-02 train_cos=0.990217 train_nmse=-16.856dB train_rec=0.000000e+00 train_recT=0.000000e+00 train_fc=0.000000e+00 train_decoder_tail=0.000000e+00
I 07.02/02:04:30 train_mapper.py:622 ] epoch=0038 train_loss=1.306049e-02 train_mse=1.306049e-02 train_cos=0.990326 train_nmse=-16.915dB train_rec=0.000000e+00 train_recT=0.000000e+00 train_fc=0.000000e+00 train_decoder_tail=0.000000e+00
I 07.02/02:05:25 train_mapper.py:622 ] epoch=0039 train_loss=1.282918e-02 train_mse=1.282918e-02 train_cos=0.990476 train_nmse=-16.992dB train_rec=0.000000e+00 train_recT=0.000000e+00 train_fc=0.000000e+00 train_decoder_tail=0.000000e+00
I 07.02/02:06:20 train_mapper.py:622 ] epoch=0040 train_loss=1.265788e-02 train_mse=1.265788e-02 train_cos=0.990583 train_nmse=-17.051dB train_rec=0.000000e+00 train_recT=0.000000e+00 train_fc=0.000000e+00 train_decoder_tail=0.000000e+00
I 07.02/02:07:16 train_mapper.py:622 ] epoch=0041 train_loss=1.250089e-02 train_mse=1.250089e-02 train_cos=0.990683 train_nmse=-17.105dB train_rec=0.000000e+00 train_recT=0.000000e+00 train_fc=0.000000e+00 train_decoder_tail=0.000000e+00
I 07.02/02:08:11 train_mapper.py:622 ] epoch=0042 train_loss=1.225659e-02 train_mse=1.225659e-02 train_cos=0.990848 train_nmse=-17.191dB train_rec=0.000000e+00 train_recT=0.000000e+00 train_fc=0.000000e+00 train_decoder_tail=0.000000e+00
I 07.02/02:09:05 train_mapper.py:622 ] epoch=0043 train_loss=1.209190e-02 train_mse=1.209190e-02 train_cos=0.990955 train_nmse=-17.250dB train_rec=0.000000e+00 train_recT=0.000000e+00 train_fc=0.000000e+00 train_decoder_tail=0.000000e+00
I 07.02/02:09:59 train_mapper.py:622 ] epoch=0044 train_loss=1.195522e-02 train_mse=1.195522e-02 train_cos=0.991042 train_nmse=-17.299dB train_rec=0.000000e+00 train_recT=0.000000e+00 train_fc=0.000000e+00 train_decoder_tail=0.000000e+00
I 07.02/02:10:55 train_mapper.py:622 ] epoch=0045 train_loss=1.175136e-02 train_mse=1.175136e-02 train_cos=0.991182 train_nmse=-17.373dB train_rec=0.000000e+00 train_recT=0.000000e+00 train_fc=0.000000e+00 train_decoder_tail=0.000000e+00
I 07.02/02:11:49 train_mapper.py:622 ] epoch=0046 train_loss=1.160211e-02 train_mse=1.160211e-02 train_cos=0.991284 train_nmse=-17.429dB train_rec=0.000000e+00 train_recT=0.000000e+00 train_fc=0.000000e+00 train_decoder_tail=0.000000e+00
I 07.02/02:12:38 train_mapper.py:622 ] epoch=0047 train_loss=1.145697e-02 train_mse=1.145697e-02 train_cos=0.991381 train_nmse=-17.484dB train_rec=0.000000e+00 train_recT=0.000000e+00 train_fc=0.000000e+00 train_decoder_tail=0.000000e+00
I 07.02/02:13:31 train_mapper.py:622 ] epoch=0048 train_loss=1.132174e-02 train_mse=1.132174e-02 train_cos=0.991473 train_nmse=-17.535dB train_rec=0.000000e+00 train_recT=0.000000e+00 train_fc=0.000000e+00 train_decoder_tail=0.000000e+00
I 07.02/02:14:24 train_mapper.py:622 ] epoch=0049 train_loss=1.119372e-02 train_mse=1.119372e-02 train_cos=0.991561 train_nmse=-17.585dB train_rec=0.000000e+00 train_recT=0.000000e+00 train_fc=0.000000e+00 train_decoder_tail=0.000000e+00
I 07.02/02:15:18 train_mapper.py:622 ] epoch=0050 train_loss=1.106955e-02 train_mse=1.106955e-02 train_cos=0.991645 train_nmse=-17.633dB train_rec=0.000000e+00 train_recT=0.000000e+00 train_fc=0.000000e+00 train_decoder_tail=0.000000e+00
I 07.02/02:16:09 train_mapper.py:622 ] epoch=0051 train_loss=1.090770e-02 train_mse=1.090770e-02 train_cos=0.991759 train_nmse=-17.697dB train_rec=0.000000e+00 train_recT=0.000000e+00 train_fc=0.000000e+00 train_decoder_tail=0.000000e+00
I 07.02/02:17:01 train_mapper.py:622 ] epoch=0052 train_loss=1.075103e-02 train_mse=1.075103e-02 train_cos=0.991868 train_nmse=-17.760dB train_rec=0.000000e+00 train_recT=0.000000e+00 train_fc=0.000000e+00 train_decoder_tail=0.000000e+00
I 07.02/02:17:55 train_mapper.py:622 ] epoch=0053 train_loss=1.067220e-02 train_mse=1.067220e-02 train_cos=0.991921 train_nmse=-17.793dB train_rec=0.000000e+00 train_recT=0.000000e+00 train_fc=0.000000e+00 train_decoder_tail=0.000000e+00
I 07.02/02:18:49 train_mapper.py:622 ] epoch=0054 train_loss=1.055074e-02 train_mse=1.055074e-02 train_cos=0.992007 train_nmse=-17.841dB train_rec=0.000000e+00 train_recT=0.000000e+00 train_fc=0.000000e+00 train_decoder_tail=0.000000e+00
I 07.02/02:19:44 train_mapper.py:622 ] epoch=0055 train_loss=1.039918e-02 train_mse=1.039918e-02 train_cos=0.992115 train_nmse=-17.904dB train_rec=0.000000e+00 train_recT=0.000000e+00 train_fc=0.000000e+00 train_decoder_tail=0.000000e+00
I 07.02/02:20:38 train_mapper.py:622 ] epoch=0056 train_loss=1.029803e-02 train_mse=1.029803e-02 train_cos=0.992186 train_nmse=-17.947dB train_rec=0.000000e+00 train_recT=0.000000e+00 train_fc=0.000000e+00 train_decoder_tail=0.000000e+00
I 07.02/02:21:26 train_mapper.py:622 ] epoch=0057 train_loss=1.021413e-02 train_mse=1.021413e-02 train_cos=0.992243 train_nmse=-17.982dB train_rec=0.000000e+00 train_recT=0.000000e+00 train_fc=0.000000e+00 train_decoder_tail=0.000000e+00
I 07.02/02:22:19 train_mapper.py:622 ] epoch=0058 train_loss=1.009685e-02 train_mse=1.009685e-02 train_cos=0.992331 train_nmse=-18.032dB train_rec=0.000000e+00 train_recT=0.000000e+00 train_fc=0.000000e+00 train_decoder_tail=0.000000e+00
I 07.02/02:23:14 train_mapper.py:622 ] epoch=0059 train_loss=9.987846e-03 train_mse=9.987846e-03 train_cos=0.992407 train_nmse=-18.080dB train_rec=0.000000e+00 train_recT=0.000000e+00 train_fc=0.000000e+00 train_decoder_tail=0.000000e+00
I 07.02/02:24:07 train_mapper.py:622 ] epoch=0060 train_loss=9.893403e-03 train_mse=9.893403e-03 train_cos=0.992474 train_nmse=-18.121dB train_rec=0.000000e+00 train_recT=0.000000e+00 train_fc=0.000000e+00 train_decoder_tail=0.000000e+00
I 07.02/02:24:58 train_mapper.py:622 ] epoch=0061 train_loss=9.809493e-03 train_mse=9.809493e-03 train_cos=0.992535 train_nmse=-18.158dB train_rec=0.000000e+00 train_recT=0.000000e+00 train_fc=0.000000e+00 train_decoder_tail=0.000000e+00
I 07.02/02:25:47 train_mapper.py:622 ] epoch=0062 train_loss=9.711530e-03 train_mse=9.711530e-03 train_cos=0.992603 train_nmse=-18.202dB train_rec=0.000000e+00 train_recT=0.000000e+00 train_fc=0.000000e+00 train_decoder_tail=0.000000e+00
I 07.02/02:26:36 train_mapper.py:622 ] epoch=0063 train_loss=9.611861e-03 train_mse=9.611861e-03 train_cos=0.992676 train_nmse=-18.247dB train_rec=0.000000e+00 train_recT=0.000000e+00 train_fc=0.000000e+00 train_decoder_tail=0.000000e+00
I 07.02/02:27:25 train_mapper.py:622 ] epoch=0064 train_loss=9.507893e-03 train_mse=9.507893e-03 train_cos=0.992753 train_nmse=-18.294dB train_rec=0.000000e+00 train_recT=0.000000e+00 train_fc=0.000000e+00 train_decoder_tail=0.000000e+00
I 07.02/02:28:11 train_mapper.py:622 ] epoch=0065 train_loss=9.423434e-03 train_mse=9.423434e-03 train_cos=0.992813 train_nmse=-18.332dB train_rec=0.000000e+00 train_recT=0.000000e+00 train_fc=0.000000e+00 train_decoder_tail=0.000000e+00
I 07.02/02:29:01 train_mapper.py:622 ] epoch=0066 train_loss=9.334391e-03 train_mse=9.334391e-03 train_cos=0.992878 train_nmse=-18.374dB train_rec=0.000000e+00 train_recT=0.000000e+00 train_fc=0.000000e+00 train_decoder_tail=0.000000e+00
I 07.02/02:29:49 train_mapper.py:622 ] epoch=0067 train_loss=9.254874e-03 train_mse=9.254874e-03 train_cos=0.992936 train_nmse=-18.411dB train_rec=0.000000e+00 train_recT=0.000000e+00 train_fc=0.000000e+00 train_decoder_tail=0.000000e+00
I 07.02/02:30:40 train_mapper.py:622 ] epoch=0068 train_loss=9.200386e-03 train_mse=9.200386e-03 train_cos=0.992979 train_nmse=-18.437dB train_rec=0.000000e+00 train_recT=0.000000e+00 train_fc=0.000000e+00 train_decoder_tail=0.000000e+00
I 07.02/02:31:31 train_mapper.py:622 ] epoch=0069 train_loss=9.096781e-03 train_mse=9.096781e-03 train_cos=0.993052 train_nmse=-18.486dB train_rec=0.000000e+00 train_recT=0.000000e+00 train_fc=0.000000e+00 train_decoder_tail=0.000000e+00
I 07.02/02:32:26 train_mapper.py:622 ] epoch=0070 train_loss=9.013280e-03 train_mse=9.013280e-03 train_cos=0.993115 train_nmse=-18.526dB train_rec=0.000000e+00 train_recT=0.000000e+00 train_fc=0.000000e+00 train_decoder_tail=0.000000e+00
I 07.02/02:33:20 train_mapper.py:622 ] epoch=0071 train_loss=8.927704e-03 train_mse=8.927704e-03 train_cos=0.993178 train_nmse=-18.567dB train_rec=0.000000e+00 train_recT=0.000000e+00 train_fc=0.000000e+00 train_decoder_tail=0.000000e+00
I 07.02/02:34:14 train_mapper.py:622 ] epoch=0072 train_loss=8.850829e-03 train_mse=8.850829e-03 train_cos=0.993235 train_nmse=-18.605dB train_rec=0.000000e+00 train_recT=0.000000e+00 train_fc=0.000000e+00 train_decoder_tail=0.000000e+00
I 07.02/02:35:08 train_mapper.py:622 ] epoch=0073 train_loss=8.805605e-03 train_mse=8.805605e-03 train_cos=0.993266 train_nmse=-18.627dB train_rec=0.000000e+00 train_recT=0.000000e+00 train_fc=0.000000e+00 train_decoder_tail=0.000000e+00
I 07.02/02:35:59 train_mapper.py:622 ] epoch=0074 train_loss=8.741890e-03 train_mse=8.741890e-03 train_cos=0.993313 train_nmse=-18.659dB train_rec=0.000000e+00 train_recT=0.000000e+00 train_fc=0.000000e+00 train_decoder_tail=0.000000e+00
I 07.02/02:36:54 train_mapper.py:622 ] epoch=0075 train_loss=8.642533e-03 train_mse=8.642533e-03 train_cos=0.993387 train_nmse=-18.708dB train_rec=0.000000e+00 train_recT=0.000000e+00 train_fc=0.000000e+00 train_decoder_tail=0.000000e+00
I 07.02/02:37:45 train_mapper.py:622 ] epoch=0076 train_loss=8.601585e-03 train_mse=8.601585e-03 train_cos=0.993416 train_nmse=-18.729dB train_rec=0.000000e+00 train_recT=0.000000e+00 train_fc=0.000000e+00 train_decoder_tail=0.000000e+00
I 07.02/02:38:40 train_mapper.py:622 ] epoch=0077 train_loss=8.500298e-03 train_mse=8.500298e-03 train_cos=0.993494 train_nmse=-18.780dB train_rec=0.000000e+00 train_recT=0.000000e+00 train_fc=0.000000e+00 train_decoder_tail=0.000000e+00
I 07.02/02:39:35 train_mapper.py:622 ] epoch=0078 train_loss=8.442989e-03 train_mse=8.442989e-03 train_cos=0.993536 train_nmse=-18.810dB train_rec=0.000000e+00 train_recT=0.000000e+00 train_fc=0.000000e+00 train_decoder_tail=0.000000e+00
I 07.02/02:40:26 train_mapper.py:622 ] epoch=0079 train_loss=8.388551e-03 train_mse=8.388551e-03 train_cos=0.993575 train_nmse=-18.838dB train_rec=0.000000e+00 train_recT=0.000000e+00 train_fc=0.000000e+00 train_decoder_tail=0.000000e+00
I 07.02/02:41:19 train_mapper.py:622 ] epoch=0080 train_loss=8.314502e-03 train_mse=8.314502e-03 train_cos=0.993631 train_nmse=-18.876dB train_rec=0.000000e+00 train_recT=0.000000e+00 train_fc=0.000000e+00 train_decoder_tail=0.000000e+00
I 07.02/02:42:07 train_mapper.py:622 ] epoch=0081 train_loss=8.269841e-03 train_mse=8.269841e-03 train_cos=0.993666 train_nmse=-18.899dB train_rec=0.000000e+00 train_recT=0.000000e+00 train_fc=0.000000e+00 train_decoder_tail=0.000000e+00
I 07.02/02:42:57 train_mapper.py:622 ] epoch=0082 train_loss=8.197059e-03 train_mse=8.197059e-03 train_cos=0.993721 train_nmse=-18.938dB train_rec=0.000000e+00 train_recT=0.000000e+00 train_fc=0.000000e+00 train_decoder_tail=0.000000e+00
I 07.02/02:43:52 train_mapper.py:622 ] epoch=0083 train_loss=8.163898e-03 train_mse=8.163898e-03 train_cos=0.993744 train_nmse=-18.956dB train_rec=0.000000e+00 train_recT=0.000000e+00 train_fc=0.000000e+00 train_decoder_tail=0.000000e+00
I 07.02/02:44:44 train_mapper.py:622 ] epoch=0084 train_loss=8.070331e-03 train_mse=8.070331e-03 train_cos=0.993816 train_nmse=-19.006dB train_rec=0.000000e+00 train_recT=0.000000e+00 train_fc=0.000000e+00 train_decoder_tail=0.000000e+00
I 07.02/02:45:31 train_mapper.py:622 ] epoch=0085 train_loss=8.037464e-03 train_mse=8.037464e-03 train_cos=0.993840 train_nmse=-19.023dB train_rec=0.000000e+00 train_recT=0.000000e+00 train_fc=0.000000e+00 train_decoder_tail=0.000000e+00
I 07.02/02:46:24 train_mapper.py:622 ] epoch=0086 train_loss=7.958958e-03 train_mse=7.958958e-03 train_cos=0.993899 train_nmse=-19.066dB train_rec=0.000000e+00 train_recT=0.000000e+00 train_fc=0.000000e+00 train_decoder_tail=0.000000e+00
I 07.02/02:47:15 train_mapper.py:622 ] epoch=0087 train_loss=7.894586e-03 train_mse=7.894586e-03 train_cos=0.993947 train_nmse=-19.101dB train_rec=0.000000e+00 train_recT=0.000000e+00 train_fc=0.000000e+00 train_decoder_tail=0.000000e+00
I 07.02/02:48:07 train_mapper.py:622 ] epoch=0088 train_loss=7.858818e-03 train_mse=7.858818e-03 train_cos=0.993975 train_nmse=-19.121dB train_rec=0.000000e+00 train_recT=0.000000e+00 train_fc=0.000000e+00 train_decoder_tail=0.000000e+00
I 07.02/02:48:57 train_mapper.py:622 ] epoch=0089 train_loss=7.813377e-03 train_mse=7.813377e-03 train_cos=0.994010 train_nmse=-19.146dB train_rec=0.000000e+00 train_recT=0.000000e+00 train_fc=0.000000e+00 train_decoder_tail=0.000000e+00
I 07.02/02:49:47 train_mapper.py:622 ] epoch=0090 train_loss=7.731468e-03 train_mse=7.731468e-03 train_cos=0.994073 train_nmse=-19.192dB train_rec=0.000000e+00 train_recT=0.000000e+00 train_fc=0.000000e+00 train_decoder_tail=0.000000e+00
I 07.02/02:50:38 train_mapper.py:622 ] epoch=0091 train_loss=7.681177e-03 train_mse=7.681177e-03 train_cos=0.994110 train_nmse=-19.220dB train_rec=0.000000e+00 train_recT=0.000000e+00 train_fc=0.000000e+00 train_decoder_tail=0.000000e+00
I 07.02/02:51:24 train_mapper.py:622 ] epoch=0092 train_loss=7.634072e-03 train_mse=7.634072e-03 train_cos=0.994146 train_nmse=-19.247dB train_rec=0.000000e+00 train_recT=0.000000e+00 train_fc=0.000000e+00 train_decoder_tail=0.000000e+00
I 07.02/02:52:13 train_mapper.py:622 ] epoch=0093 train_loss=7.577118e-03 train_mse=7.577118e-03 train_cos=0.994188 train_nmse=-19.280dB train_rec=0.000000e+00 train_recT=0.000000e+00 train_fc=0.000000e+00 train_decoder_tail=0.000000e+00
I 07.02/02:53:05 train_mapper.py:622 ] epoch=0094 train_loss=7.542180e-03 train_mse=7.542180e-03 train_cos=0.994217 train_nmse=-19.300dB train_rec=0.000000e+00 train_recT=0.000000e+00 train_fc=0.000000e+00 train_decoder_tail=0.000000e+00
I 07.02/02:53:56 train_mapper.py:622 ] epoch=0095 train_loss=7.459343e-03 train_mse=7.459343e-03 train_cos=0.994279 train_nmse=-19.348dB train_rec=0.000000e+00 train_recT=0.000000e+00 train_fc=0.000000e+00 train_decoder_tail=0.000000e+00
I 07.02/02:54:42 train_mapper.py:622 ] epoch=0096 train_loss=7.423562e-03 train_mse=7.423562e-03 train_cos=0.994305 train_nmse=-19.368dB train_rec=0.000000e+00 train_recT=0.000000e+00 train_fc=0.000000e+00 train_decoder_tail=0.000000e+00
I 07.02/02:55:34 train_mapper.py:622 ] epoch=0097 train_loss=7.361525e-03 train_mse=7.361525e-03 train_cos=0.994352 train_nmse=-19.405dB train_rec=0.000000e+00 train_recT=0.000000e+00 train_fc=0.000000e+00 train_decoder_tail=0.000000e+00
I 07.02/02:56:21 train_mapper.py:622 ] epoch=0098 train_loss=7.345146e-03 train_mse=7.345146e-03 train_cos=0.994365 train_nmse=-19.415dB train_rec=0.000000e+00 train_recT=0.000000e+00 train_fc=0.000000e+00 train_decoder_tail=0.000000e+00
I 07.02/02:57:07 train_mapper.py:622 ] epoch=0099 train_loss=7.284967e-03 train_mse=7.284967e-03 train_cos=0.994410 train_nmse=-19.450dB train_rec=0.000000e+00 train_recT=0.000000e+00 train_fc=0.000000e+00 train_decoder_tail=0.000000e+00
I 07.02/02:57:51 train_mapper.py:622 ] epoch=0100 train_loss=7.239829e-03 train_mse=7.239829e-03 train_cos=0.994444 train_nmse=-19.477dB train_rec=0.000000e+00 train_recT=0.000000e+00 train_fc=0.000000e+00 train_decoder_tail=0.000000e+00
I 07.02/02:58:41 train_mapper.py:622 ] epoch=0101 train_loss=7.183460e-03 train_mse=7.183460e-03 train_cos=0.994484 train_nmse=-19.511dB train_rec=0.000000e+00 train_recT=0.000000e+00 train_fc=0.000000e+00 train_decoder_tail=0.000000e+00
I 07.02/02:59:28 train_mapper.py:622 ] epoch=0102 train_loss=7.141726e-03 train_mse=7.141726e-03 train_cos=0.994516 train_nmse=-19.537dB train_rec=0.000000e+00 train_recT=0.000000e+00 train_fc=0.000000e+00 train_decoder_tail=0.000000e+00
I 07.02/03:00:14 train_mapper.py:622 ] epoch=0103 train_loss=7.100932e-03 train_mse=7.100932e-03 train_cos=0.994546 train_nmse=-19.562dB train_rec=0.000000e+00 train_recT=0.000000e+00 train_fc=0.000000e+00 train_decoder_tail=0.000000e+00
I 07.02/03:00:59 train_mapper.py:622 ] epoch=0104 train_loss=7.071140e-03 train_mse=7.071140e-03 train_cos=0.994571 train_nmse=-19.580dB train_rec=0.000000e+00 train_recT=0.000000e+00 train_fc=0.000000e+00 train_decoder_tail=0.000000e+00
I 07.02/03:01:48 train_mapper.py:622 ] epoch=0105 train_loss=7.026396e-03 train_mse=7.026396e-03 train_cos=0.994602 train_nmse=-19.607dB train_rec=0.000000e+00 train_recT=0.000000e+00 train_fc=0.000000e+00 train_decoder_tail=0.000000e+00
I 07.02/03:02:35 train_mapper.py:622 ] epoch=0106 train_loss=6.967447e-03 train_mse=6.967447e-03 train_cos=0.994647 train_nmse=-19.644dB train_rec=0.000000e+00 train_recT=0.000000e+00 train_fc=0.000000e+00 train_decoder_tail=0.000000e+00
I 07.02/03:03:22 train_mapper.py:622 ] epoch=0107 train_loss=6.943745e-03 train_mse=6.943745e-03 train_cos=0.994663 train_nmse=-19.658dB train_rec=0.000000e+00 train_recT=0.000000e+00 train_fc=0.000000e+00 train_decoder_tail=0.000000e+00
I 07.02/03:04:11 train_mapper.py:622 ] epoch=0108 train_loss=6.913478e-03 train_mse=6.913478e-03 train_cos=0.994686 train_nmse=-19.678dB train_rec=0.000000e+00 train_recT=0.000000e+00 train_fc=0.000000e+00 train_decoder_tail=0.000000e+00
I 07.02/03:04:57 train_mapper.py:622 ] epoch=0109 train_loss=6.880959e-03 train_mse=6.880959e-03 train_cos=0.994711 train_nmse=-19.698dB train_rec=0.000000e+00 train_recT=0.000000e+00 train_fc=0.000000e+00 train_decoder_tail=0.000000e+00
I 07.02/03:05:46 train_mapper.py:622 ] epoch=0110 train_loss=6.827443e-03 train_mse=6.827443e-03 train_cos=0.994750 train_nmse=-19.732dB train_rec=0.000000e+00 train_recT=0.000000e+00 train_fc=0.000000e+00 train_decoder_tail=0.000000e+00
I 07.02/03:06:35 train_mapper.py:622 ] epoch=0111 train_loss=6.802238e-03 train_mse=6.802238e-03 train_cos=0.994769 train_nmse=-19.748dB train_rec=0.000000e+00 train_recT=0.000000e+00 train_fc=0.000000e+00 train_decoder_tail=0.000000e+00
I 07.02/03:07:21 train_mapper.py:622 ] epoch=0112 train_loss=6.745352e-03 train_mse=6.745352e-03 train_cos=0.994813 train_nmse=-19.784dB train_rec=0.000000e+00 train_recT=0.000000e+00 train_fc=0.000000e+00 train_decoder_tail=0.000000e+00
I 07.02/03:08:10 train_mapper.py:622 ] epoch=0113 train_loss=6.724588e-03 train_mse=6.724588e-03 train_cos=0.994827 train_nmse=-19.798dB train_rec=0.000000e+00 train_recT=0.000000e+00 train_fc=0.000000e+00 train_decoder_tail=0.000000e+00
I 07.02/03:08:56 train_mapper.py:622 ] epoch=0114 train_loss=6.700881e-03 train_mse=6.700881e-03 train_cos=0.994844 train_nmse=-19.813dB train_rec=0.000000e+00 train_recT=0.000000e+00 train_fc=0.000000e+00 train_decoder_tail=0.000000e+00
I 07.02/03:09:44 train_mapper.py:622 ] epoch=0115 train_loss=6.651749e-03 train_mse=6.651749e-03 train_cos=0.994881 train_nmse=-19.845dB train_rec=0.000000e+00 train_recT=0.000000e+00 train_fc=0.000000e+00 train_decoder_tail=0.000000e+00
I 07.02/03:10:33 train_mapper.py:622 ] epoch=0116 train_loss=6.624879e-03 train_mse=6.624879e-03 train_cos=0.994902 train_nmse=-19.863dB train_rec=0.000000e+00 train_recT=0.000000e+00 train_fc=0.000000e+00 train_decoder_tail=0.000000e+00
I 07.02/03:11:22 train_mapper.py:622 ] epoch=0117 train_loss=6.594957e-03 train_mse=6.594957e-03 train_cos=0.994925 train_nmse=-19.882dB train_rec=0.000000e+00 train_recT=0.000000e+00 train_fc=0.000000e+00 train_decoder_tail=0.000000e+00
I 07.02/03:12:09 train_mapper.py:622 ] epoch=0118 train_loss=6.557188e-03 train_mse=6.557188e-03 train_cos=0.994954 train_nmse=-19.907dB train_rec=0.000000e+00 train_recT=0.000000e+00 train_fc=0.000000e+00 train_decoder_tail=0.000000e+00
I 07.02/03:12:54 train_mapper.py:622 ] epoch=0119 train_loss=6.544139e-03 train_mse=6.544139e-03 train_cos=0.994962 train_nmse=-19.916dB train_rec=0.000000e+00 train_recT=0.000000e+00 train_fc=0.000000e+00 train_decoder_tail=0.000000e+00
I 07.02/03:13:42 train_mapper.py:622 ] epoch=0120 train_loss=6.496089e-03 train_mse=6.496089e-03 train_cos=0.994999 train_nmse=-19.948dB train_rec=0.000000e+00 train_recT=0.000000e+00 train_fc=0.000000e+00 train_decoder_tail=0.000000e+00
I 07.02/03:14:30 train_mapper.py:622 ] epoch=0121 train_loss=6.457631e-03 train_mse=6.457631e-03 train_cos=0.995028 train_nmse=-19.974dB train_rec=0.000000e+00 train_recT=0.000000e+00 train_fc=0.000000e+00 train_decoder_tail=0.000000e+00
I 07.02/03:15:17 train_mapper.py:622 ] epoch=0122 train_loss=6.435674e-03 train_mse=6.435674e-03 train_cos=0.995043 train_nmse=-19.989dB train_rec=0.000000e+00 train_recT=0.000000e+00 train_fc=0.000000e+00 train_decoder_tail=0.000000e+00
I 07.02/03:16:02 train_mapper.py:622 ] epoch=0123 train_loss=6.413873e-03 train_mse=6.413873e-03 train_cos=0.995060 train_nmse=-20.003dB train_rec=0.000000e+00 train_recT=0.000000e+00 train_fc=0.000000e+00 train_decoder_tail=0.000000e+00
I 07.02/03:16:51 train_mapper.py:622 ] epoch=0124 train_loss=6.379951e-03 train_mse=6.379951e-03 train_cos=0.995086 train_nmse=-20.026dB train_rec=0.000000e+00 train_recT=0.000000e+00 train_fc=0.000000e+00 train_decoder_tail=0.000000e+00
I 07.02/03:17:40 train_mapper.py:622 ] epoch=0125 train_loss=6.366510e-03 train_mse=6.366510e-03 train_cos=0.995096 train_nmse=-20.035dB train_rec=0.000000e+00 train_recT=0.000000e+00 train_fc=0.000000e+00 train_decoder_tail=0.000000e+00
I 07.02/03:18:28 train_mapper.py:622 ] epoch=0126 train_loss=6.318323e-03 train_mse=6.318323e-03 train_cos=0.995131 train_nmse=-20.069dB train_rec=0.000000e+00 train_recT=0.000000e+00 train_fc=0.000000e+00 train_decoder_tail=0.000000e+00
I 07.02/03:19:17 train_mapper.py:622 ] epoch=0127 train_loss=6.289957e-03 train_mse=6.289957e-03 train_cos=0.995154 train_nmse=-20.088dB train_rec=0.000000e+00 train_recT=0.000000e+00 train_fc=0.000000e+00 train_decoder_tail=0.000000e+00
I 07.02/03:20:06 train_mapper.py:622 ] epoch=0128 train_loss=6.281618e-03 train_mse=6.281618e-03 train_cos=0.995158 train_nmse=-20.094dB train_rec=0.000000e+00 train_recT=0.000000e+00 train_fc=0.000000e+00 train_decoder_tail=0.000000e+00
I 07.02/03:20:54 train_mapper.py:622 ] epoch=0129 train_loss=6.243106e-03 train_mse=6.243106e-03 train_cos=0.995187 train_nmse=-20.121dB train_rec=0.000000e+00 train_recT=0.000000e+00 train_fc=0.000000e+00 train_decoder_tail=0.000000e+00
I 07.02/03:21:44 train_mapper.py:622 ] epoch=0130 train_loss=6.223547e-03 train_mse=6.223547e-03 train_cos=0.995203 train_nmse=-20.134dB train_rec=0.000000e+00 train_recT=0.000000e+00 train_fc=0.000000e+00 train_decoder_tail=0.000000e+00
I 07.02/03:22:32 train_mapper.py:622 ] epoch=0131 train_loss=6.195995e-03 train_mse=6.195995e-03 train_cos=0.995224 train_nmse=-20.154dB train_rec=0.000000e+00 train_recT=0.000000e+00 train_fc=0.000000e+00 train_decoder_tail=0.000000e+00
I 07.02/03:23:25 train_mapper.py:622 ] epoch=0132 train_loss=6.173195e-03 train_mse=6.173195e-03 train_cos=0.995240 train_nmse=-20.169dB train_rec=0.000000e+00 train_recT=0.000000e+00 train_fc=0.000000e+00 train_decoder_tail=0.000000e+00
I 07.02/03:24:10 train_mapper.py:622 ] epoch=0133 train_loss=6.155061e-03 train_mse=6.155061e-03 train_cos=0.995256 train_nmse=-20.182dB train_rec=0.000000e+00 train_recT=0.000000e+00 train_fc=0.000000e+00 train_decoder_tail=0.000000e+00
I 07.02/03:24:53 train_mapper.py:622 ] epoch=0134 train_loss=6.120079e-03 train_mse=6.120079e-03 train_cos=0.995281 train_nmse=-20.207dB train_rec=0.000000e+00 train_recT=0.000000e+00 train_fc=0.000000e+00 train_decoder_tail=0.000000e+00
I 07.02/03:25:37 train_mapper.py:622 ] epoch=0135 train_loss=6.093448e-03 train_mse=6.093448e-03 train_cos=0.995302 train_nmse=-20.226dB train_rec=0.000000e+00 train_recT=0.000000e+00 train_fc=0.000000e+00 train_decoder_tail=0.000000e+00
I 07.02/03:26:21 train_mapper.py:622 ] epoch=0136 train_loss=6.048816e-03 train_mse=6.048816e-03 train_cos=0.995334 train_nmse=-20.258dB train_rec=0.000000e+00 train_recT=0.000000e+00 train_fc=0.000000e+00 train_decoder_tail=0.000000e+00
I 07.02/03:27:09 train_mapper.py:622 ] epoch=0137 train_loss=6.047764e-03 train_mse=6.047764e-03 train_cos=0.995335 train_nmse=-20.259dB train_rec=0.000000e+00 train_recT=0.000000e+00 train_fc=0.000000e+00 train_decoder_tail=0.000000e+00
I 07.02/03:27:53 train_mapper.py:622 ] epoch=0138 train_loss=6.031577e-03 train_mse=6.031577e-03 train_cos=0.995348 train_nmse=-20.270dB train_rec=0.000000e+00 train_recT=0.000000e+00 train_fc=0.000000e+00 train_decoder_tail=0.000000e+00
I 07.02/03:28:35 train_mapper.py:622 ] epoch=0139 train_loss=5.995648e-03 train_mse=5.995648e-03 train_cos=0.995375 train_nmse=-20.296dB train_rec=0.000000e+00 train_recT=0.000000e+00 train_fc=0.000000e+00 train_decoder_tail=0.000000e+00
I 07.02/03:29:13 train_mapper.py:622 ] epoch=0140 train_loss=5.970866e-03 train_mse=5.970866e-03 train_cos=0.995395 train_nmse=-20.314dB train_rec=0.000000e+00 train_recT=0.000000e+00 train_fc=0.000000e+00 train_decoder_tail=0.000000e+00
I 07.02/03:29:51 train_mapper.py:622 ] epoch=0141 train_loss=5.946609e-03 train_mse=5.946609e-03 train_cos=0.995412 train_nmse=-20.332dB train_rec=0.000000e+00 train_recT=0.000000e+00 train_fc=0.000000e+00 train_decoder_tail=0.000000e+00
I 07.02/03:30:31 train_mapper.py:622 ] epoch=0142 train_loss=5.928084e-03 train_mse=5.928084e-03 train_cos=0.995425 train_nmse=-20.345dB train_rec=0.000000e+00 train_recT=0.000000e+00 train_fc=0.000000e+00 train_decoder_tail=0.000000e+00
I 07.02/03:31:26 train_mapper.py:622 ] epoch=0143 train_loss=5.897312e-03 train_mse=5.897312e-03 train_cos=0.995450 train_nmse=-20.368dB train_rec=0.000000e+00 train_recT=0.000000e+00 train_fc=0.000000e+00 train_decoder_tail=0.000000e+00
I 07.02/03:32:17 train_mapper.py:622 ] epoch=0144 train_loss=5.892642e-03 train_mse=5.892642e-03 train_cos=0.995453 train_nmse=-20.371dB train_rec=0.000000e+00 train_recT=0.000000e+00 train_fc=0.000000e+00 train_decoder_tail=0.000000e+00
I 07.02/03:33:06 train_mapper.py:622 ] epoch=0145 train_loss=5.874535e-03 train_mse=5.874535e-03 train_cos=0.995465 train_nmse=-20.385dB train_rec=0.000000e+00 train_recT=0.000000e+00 train_fc=0.000000e+00 train_decoder_tail=0.000000e+00
I 07.02/03:33:45 train_mapper.py:622 ] epoch=0146 train_loss=5.846200e-03 train_mse=5.846200e-03 train_cos=0.995488 train_nmse=-20.406dB train_rec=0.000000e+00 train_recT=0.000000e+00 train_fc=0.000000e+00 train_decoder_tail=0.000000e+00
I 07.02/03:34:35 train_mapper.py:622 ] epoch=0147 train_loss=5.822146e-03 train_mse=5.822146e-03 train_cos=0.995507 train_nmse=-20.424dB train_rec=0.000000e+00 train_recT=0.000000e+00 train_fc=0.000000e+00 train_decoder_tail=0.000000e+00
I 07.02/03:35:30 train_mapper.py:622 ] epoch=0148 train_loss=5.800782e-03 train_mse=5.800782e-03 train_cos=0.995522 train_nmse=-20.439dB train_rec=0.000000e+00 train_recT=0.000000e+00 train_fc=0.000000e+00 train_decoder_tail=0.000000e+00
I 07.02/03:36:27 train_mapper.py:622 ] epoch=0149 train_loss=5.794761e-03 train_mse=5.794761e-03 train_cos=0.995525 train_nmse=-20.444dB train_rec=0.000000e+00 train_recT=0.000000e+00 train_fc=0.000000e+00 train_decoder_tail=0.000000e+00
I 07.02/03:37:22 train_mapper.py:622 ] epoch=0150 train_loss=5.766481e-03 train_mse=5.766481e-03 train_cos=0.995548 train_nmse=-20.465dB train_rec=0.000000e+00 train_recT=0.000000e+00 train_fc=0.000000e+00 train_decoder_tail=0.000000e+00
I 07.02/03:37:53 train_mapper.py:622 ] epoch=0151 train_loss=5.739918e-03 train_mse=5.739918e-03 train_cos=0.995568 train_nmse=-20.485dB train_rec=0.000000e+00 train_recT=0.000000e+00 train_fc=0.000000e+00 train_decoder_tail=0.000000e+00
I 07.02/03:38:28 train_mapper.py:622 ] epoch=0152 train_loss=5.734564e-03 train_mse=5.734564e-03 train_cos=0.995571 train_nmse=-20.489dB train_rec=0.000000e+00 train_recT=0.000000e+00 train_fc=0.000000e+00 train_decoder_tail=0.000000e+00
I 07.02/03:39:08 train_mapper.py:622 ] epoch=0153 train_loss=5.694808e-03 train_mse=5.694808e-03 train_cos=0.995604 train_nmse=-20.519dB train_rec=0.000000e+00 train_recT=0.000000e+00 train_fc=0.000000e+00 train_decoder_tail=0.000000e+00
I 07.02/03:39:45 train_mapper.py:622 ] epoch=0154 train_loss=5.684535e-03 train_mse=5.684535e-03 train_cos=0.995611 train_nmse=-20.528dB train_rec=0.000000e+00 train_recT=0.000000e+00 train_fc=0.000000e+00 train_decoder_tail=0.000000e+00
I 07.02/03:40:21 train_mapper.py:622 ] epoch=0155 train_loss=5.666833e-03 train_mse=5.666833e-03 train_cos=0.995624 train_nmse=-20.541dB train_rec=0.000000e+00 train_recT=0.000000e+00 train_fc=0.000000e+00 train_decoder_tail=0.000000e+00
I 07.02/03:41:02 train_mapper.py:622 ] epoch=0156 train_loss=5.653958e-03 train_mse=5.653958e-03 train_cos=0.995634 train_nmse=-20.551dB train_rec=0.000000e+00 train_recT=0.000000e+00 train_fc=0.000000e+00 train_decoder_tail=0.000000e+00
I 07.02/03:41:44 train_mapper.py:622 ] epoch=0157 train_loss=5.628894e-03 train_mse=5.628894e-03 train_cos=0.995653 train_nmse=-20.570dB train_rec=0.000000e+00 train_recT=0.000000e+00 train_fc=0.000000e+00 train_decoder_tail=0.000000e+00
I 07.02/03:42:19 train_mapper.py:622 ] epoch=0158 train_loss=5.618158e-03 train_mse=5.618158e-03 train_cos=0.995660 train_nmse=-20.578dB train_rec=0.000000e+00 train_recT=0.000000e+00 train_fc=0.000000e+00 train_decoder_tail=0.000000e+00
I 07.02/03:42:50 train_mapper.py:622 ] epoch=0159 train_loss=5.601347e-03 train_mse=5.601347e-03 train_cos=0.995673 train_nmse=-20.591dB train_rec=0.000000e+00 train_recT=0.000000e+00 train_fc=0.000000e+00 train_decoder_tail=0.000000e+00
I 07.02/03:43:30 train_mapper.py:622 ] epoch=0160 train_loss=5.571812e-03 train_mse=5.571812e-03 train_cos=0.995697 train_nmse=-20.614dB train_rec=0.000000e+00 train_recT=0.000000e+00 train_fc=0.000000e+00 train_decoder_tail=0.000000e+00
I 07.02/03:44:10 train_mapper.py:622 ] epoch=0161 train_loss=5.550106e-03 train_mse=5.550106e-03 train_cos=0.995715 train_nmse=-20.632dB train_rec=0.000000e+00 train_recT=0.000000e+00 train_fc=0.000000e+00 train_decoder_tail=0.000000e+00
I 07.02/03:44:47 train_mapper.py:622 ] epoch=0162 train_loss=5.544425e-03 train_mse=5.544425e-03 train_cos=0.995717 train_nmse=-20.636dB train_rec=0.000000e+00 train_recT=0.000000e+00 train_fc=0.000000e+00 train_decoder_tail=0.000000e+00
I 07.02/03:45:24 train_mapper.py:622 ] epoch=0163 train_loss=5.515208e-03 train_mse=5.515208e-03 train_cos=0.995739 train_nmse=-20.659dB train_rec=0.000000e+00 train_recT=0.000000e+00 train_fc=0.000000e+00 train_decoder_tail=0.000000e+00
I 07.02/03:45:58 train_mapper.py:622 ] epoch=0164 train_loss=5.515296e-03 train_mse=5.515296e-03 train_cos=0.995737 train_nmse=-20.659dB train_rec=0.000000e+00 train_recT=0.000000e+00 train_fc=0.000000e+00 train_decoder_tail=0.000000e+00
I 07.02/03:46:35 train_mapper.py:622 ] epoch=0165 train_loss=5.488006e-03 train_mse=5.488006e-03 train_cos=0.995759 train_nmse=-20.680dB train_rec=0.000000e+00 train_recT=0.000000e+00 train_fc=0.000000e+00 train_decoder_tail=0.000000e+00
I 07.02/03:47:14 train_mapper.py:622 ] epoch=0166 train_loss=5.473453e-03 train_mse=5.473453e-03 train_cos=0.995771 train_nmse=-20.692dB train_rec=0.000000e+00 train_recT=0.000000e+00 train_fc=0.000000e+00 train_decoder_tail=0.000000e+00
I 07.02/03:47:54 train_mapper.py:622 ] epoch=0167 train_loss=5.453853e-03 train_mse=5.453853e-03 train_cos=0.995785 train_nmse=-20.707dB train_rec=0.000000e+00 train_recT=0.000000e+00 train_fc=0.000000e+00 train_decoder_tail=0.000000e+00
I 07.02/03:48:39 train_mapper.py:622 ] epoch=0168 train_loss=5.446986e-03 train_mse=5.446986e-03 train_cos=0.995790 train_nmse=-20.713dB train_rec=0.000000e+00 train_recT=0.000000e+00 train_fc=0.000000e+00 train_decoder_tail=0.000000e+00
I 07.02/03:49:19 train_mapper.py:622 ] epoch=0169 train_loss=5.427286e-03 train_mse=5.427286e-03 train_cos=0.995805 train_nmse=-20.728dB train_rec=0.000000e+00 train_recT=0.000000e+00 train_fc=0.000000e+00 train_decoder_tail=0.000000e+00
I 07.02/03:50:02 train_mapper.py:622 ] epoch=0170 train_loss=5.404537e-03 train_mse=5.404537e-03 train_cos=0.995823 train_nmse=-20.747dB train_rec=0.000000e+00 train_recT=0.000000e+00 train_fc=0.000000e+00 train_decoder_tail=0.000000e+00
I 07.02/03:50:41 train_mapper.py:622 ] epoch=0171 train_loss=5.395387e-03 train_mse=5.395387e-03 train_cos=0.995831 train_nmse=-20.754dB train_rec=0.000000e+00 train_recT=0.000000e+00 train_fc=0.000000e+00 train_decoder_tail=0.000000e+00
I 07.02/03:51:24 train_mapper.py:622 ] epoch=0172 train_loss=5.371968e-03 train_mse=5.371968e-03 train_cos=0.995849 train_nmse=-20.773dB train_rec=0.000000e+00 train_recT=0.000000e+00 train_fc=0.000000e+00 train_decoder_tail=0.000000e+00
I 07.02/03:52:10 train_mapper.py:622 ] epoch=0173 train_loss=5.365141e-03 train_mse=5.365141e-03 train_cos=0.995853 train_nmse=-20.779dB train_rec=0.000000e+00 train_recT=0.000000e+00 train_fc=0.000000e+00 train_decoder_tail=0.000000e+00
I 07.02/03:52:51 train_mapper.py:622 ] epoch=0174 train_loss=5.343371e-03 train_mse=5.343371e-03 train_cos=0.995870 train_nmse=-20.796dB train_rec=0.000000e+00 train_recT=0.000000e+00 train_fc=0.000000e+00 train_decoder_tail=0.000000e+00
I 07.02/03:53:34 train_mapper.py:622 ] epoch=0175 train_loss=5.334922e-03 train_mse=5.334922e-03 train_cos=0.995876 train_nmse=-20.803dB train_rec=0.000000e+00 train_recT=0.000000e+00 train_fc=0.000000e+00 train_decoder_tail=0.000000e+00
I 07.02/03:54:24 train_mapper.py:622 ] epoch=0176 train_loss=5.322358e-03 train_mse=5.322358e-03 train_cos=0.995886 train_nmse=-20.813dB train_rec=0.000000e+00 train_recT=0.000000e+00 train_fc=0.000000e+00 train_decoder_tail=0.000000e+00
I 07.02/03:55:18 train_mapper.py:622 ] epoch=0177 train_loss=5.301576e-03 train_mse=5.301576e-03 train_cos=0.995902 train_nmse=-20.830dB train_rec=0.000000e+00 train_recT=0.000000e+00 train_fc=0.000000e+00 train_decoder_tail=0.000000e+00
I 07.02/03:56:09 train_mapper.py:622 ] epoch=0178 train_loss=5.280276e-03 train_mse=5.280276e-03 train_cos=0.995918 train_nmse=-20.848dB train_rec=0.000000e+00 train_recT=0.000000e+00 train_fc=0.000000e+00 train_decoder_tail=0.000000e+00
I 07.02/03:56:54 train_mapper.py:622 ] epoch=0179 train_loss=5.290249e-03 train_mse=5.290249e-03 train_cos=0.995911 train_nmse=-20.840dB train_rec=0.000000e+00 train_recT=0.000000e+00 train_fc=0.000000e+00 train_decoder_tail=0.000000e+00
I 07.02/03:57:47 train_mapper.py:622 ] epoch=0180 train_loss=5.258895e-03 train_mse=5.258895e-03 train_cos=0.995936 train_nmse=-20.865dB train_rec=0.000000e+00 train_recT=0.000000e+00 train_fc=0.000000e+00 train_decoder_tail=0.000000e+00
I 07.02/03:58:35 train_mapper.py:622 ] epoch=0181 train_loss=5.250801e-03 train_mse=5.250801e-03 train_cos=0.995941 train_nmse=-20.872dB train_rec=0.000000e+00 train_recT=0.000000e+00 train_fc=0.000000e+00 train_decoder_tail=0.000000e+00
I 07.02/03:59:23 train_mapper.py:622 ] epoch=0182 train_loss=5.228134e-03 train_mse=5.228134e-03 train_cos=0.995958 train_nmse=-20.890dB train_rec=0.000000e+00 train_recT=0.000000e+00 train_fc=0.000000e+00 train_decoder_tail=0.000000e+00
I 07.02/04:00:08 train_mapper.py:622 ] epoch=0183 train_loss=5.216988e-03 train_mse=5.216988e-03 train_cos=0.995965 train_nmse=-20.900dB train_rec=0.000000e+00 train_recT=0.000000e+00 train_fc=0.000000e+00 train_decoder_tail=0.000000e+00
I 07.02/04:00:48 train_mapper.py:622 ] epoch=0184 train_loss=5.198391e-03 train_mse=5.198391e-03 train_cos=0.995981 train_nmse=-20.915dB train_rec=0.000000e+00 train_recT=0.000000e+00 train_fc=0.000000e+00 train_decoder_tail=0.000000e+00
I 07.02/04:01:33 train_mapper.py:622 ] epoch=0185 train_loss=5.191828e-03 train_mse=5.191828e-03 train_cos=0.995985 train_nmse=-20.921dB train_rec=0.000000e+00 train_recT=0.000000e+00 train_fc=0.000000e+00 train_decoder_tail=0.000000e+00
I 07.02/04:02:25 train_mapper.py:622 ] epoch=0186 train_loss=5.173943e-03 train_mse=5.173943e-03 train_cos=0.995999 train_nmse=-20.936dB train_rec=0.000000e+00 train_recT=0.000000e+00 train_fc=0.000000e+00 train_decoder_tail=0.000000e+00
I 07.02/04:03:09 train_mapper.py:622 ] epoch=0187 train_loss=5.163288e-03 train_mse=5.163288e-03 train_cos=0.996007 train_nmse=-20.945dB train_rec=0.000000e+00 train_recT=0.000000e+00 train_fc=0.000000e+00 train_decoder_tail=0.000000e+00
I 07.02/04:03:54 train_mapper.py:622 ] epoch=0188 train_loss=5.157969e-03 train_mse=5.157969e-03 train_cos=0.996012 train_nmse=-20.949dB train_rec=0.000000e+00 train_recT=0.000000e+00 train_fc=0.000000e+00 train_decoder_tail=0.000000e+00
I 07.02/04:04:38 train_mapper.py:622 ] epoch=0189 train_loss=5.153686e-03 train_mse=5.153686e-03 train_cos=0.996014 train_nmse=-20.953dB train_rec=0.000000e+00 train_recT=0.000000e+00 train_fc=0.000000e+00 train_decoder_tail=0.000000e+00
I 07.02/04:05:25 train_mapper.py:622 ] epoch=0190 train_loss=5.133854e-03 train_mse=5.133854e-03 train_cos=0.996030 train_nmse=-20.970dB train_rec=0.000000e+00 train_recT=0.000000e+00 train_fc=0.000000e+00 train_decoder_tail=0.000000e+00
I 07.02/04:06:06 train_mapper.py:622 ] epoch=0191 train_loss=5.110910e-03 train_mse=5.110910e-03 train_cos=0.996048 train_nmse=-20.989dB train_rec=0.000000e+00 train_recT=0.000000e+00 train_fc=0.000000e+00 train_decoder_tail=0.000000e+00
I 07.02/04:06:50 train_mapper.py:622 ] epoch=0192 train_loss=5.106523e-03 train_mse=5.106523e-03 train_cos=0.996050 train_nmse=-20.993dB train_rec=0.000000e+00 train_recT=0.000000e+00 train_fc=0.000000e+00 train_decoder_tail=0.000000e+00
I 07.02/04:07:35 train_mapper.py:622 ] epoch=0193 train_loss=5.093363e-03 train_mse=5.093363e-03 train_cos=0.996061 train_nmse=-21.004dB train_rec=0.000000e+00 train_recT=0.000000e+00 train_fc=0.000000e+00 train_decoder_tail=0.000000e+00
I 07.02/04:08:21 train_mapper.py:622 ] epoch=0194 train_loss=5.070680e-03 train_mse=5.070680e-03 train_cos=0.996077 train_nmse=-21.024dB train_rec=0.000000e+00 train_recT=0.000000e+00 train_fc=0.000000e+00 train_decoder_tail=0.000000e+00
I 07.02/04:09:08 train_mapper.py:622 ] epoch=0195 train_loss=5.064342e-03 train_mse=5.064342e-03 train_cos=0.996083 train_nmse=-21.029dB train_rec=0.000000e+00 train_recT=0.000000e+00 train_fc=0.000000e+00 train_decoder_tail=0.000000e+00
I 07.02/04:09:52 train_mapper.py:622 ] epoch=0196 train_loss=5.054820e-03 train_mse=5.054820e-03 train_cos=0.996091 train_nmse=-21.038dB train_rec=0.000000e+00 train_recT=0.000000e+00 train_fc=0.000000e+00 train_decoder_tail=0.000000e+00
I 07.02/04:10:39 train_mapper.py:622 ] epoch=0197 train_loss=5.034267e-03 train_mse=5.034267e-03 train_cos=0.996106 train_nmse=-21.055dB train_rec=0.000000e+00 train_recT=0.000000e+00 train_fc=0.000000e+00 train_decoder_tail=0.000000e+00
I 07.02/04:11:31 train_mapper.py:622 ] epoch=0198 train_loss=5.033825e-03 train_mse=5.033825e-03 train_cos=0.996105 train_nmse=-21.055dB train_rec=0.000000e+00 train_recT=0.000000e+00 train_fc=0.000000e+00 train_decoder_tail=0.000000e+00
I 07.02/04:12:15 train_mapper.py:622 ] epoch=0199 train_loss=5.024681e-03 train_mse=5.024681e-03 train_cos=0.996112 train_nmse=-21.063dB train_rec=0.000000e+00 train_recT=0.000000e+00 train_fc=0.000000e+00 train_decoder_tail=0.000000e+00
I 07.02/04:12:59 train_mapper.py:622 ] epoch=0200 train_loss=5.013274e-03 train_mse=5.013274e-03 train_cos=0.996122 train_nmse=-21.073dB train_rec=0.000000e+00 train_recT=0.000000e+00 train_fc=0.000000e+00 train_decoder_tail=0.000000e+00
I 07.02/04:13:43 train_mapper.py:622 ] epoch=0201 train_loss=4.998869e-03 train_mse=4.998869e-03 train_cos=0.996133 train_nmse=-21.086dB train_rec=0.000000e+00 train_recT=0.000000e+00 train_fc=0.000000e+00 train_decoder_tail=0.000000e+00
I 07.02/04:14:31 train_mapper.py:622 ] epoch=0202 train_loss=4.971825e-03 train_mse=4.971825e-03 train_cos=0.996154 train_nmse=-21.109dB train_rec=0.000000e+00 train_recT=0.000000e+00 train_fc=0.000000e+00 train_decoder_tail=0.000000e+00
I 07.02/04:15:14 train_mapper.py:622 ] epoch=0203 train_loss=4.977089e-03 train_mse=4.977089e-03 train_cos=0.996150 train_nmse=-21.104dB train_rec=0.000000e+00 train_recT=0.000000e+00 train_fc=0.000000e+00 train_decoder_tail=0.000000e+00
I 07.02/04:16:00 train_mapper.py:622 ] epoch=0204 train_loss=4.961694e-03 train_mse=4.961694e-03 train_cos=0.996161 train_nmse=-21.118dB train_rec=0.000000e+00 train_recT=0.000000e+00 train_fc=0.000000e+00 train_decoder_tail=0.000000e+00
I 07.02/04:16:47 train_mapper.py:622 ] epoch=0205 train_loss=4.943087e-03 train_mse=4.943087e-03 train_cos=0.996175 train_nmse=-21.134dB train_rec=0.000000e+00 train_recT=0.000000e+00 train_fc=0.000000e+00 train_decoder_tail=0.000000e+00
I 07.02/04:17:31 train_mapper.py:622 ] epoch=0206 train_loss=4.926725e-03 train_mse=4.926725e-03 train_cos=0.996188 train_nmse=-21.148dB train_rec=0.000000e+00 train_recT=0.000000e+00 train_fc=0.000000e+00 train_decoder_tail=0.000000e+00
I 07.02/04:18:20 train_mapper.py:622 ] epoch=0207 train_loss=4.919840e-03 train_mse=4.919840e-03 train_cos=0.996193 train_nmse=-21.155dB train_rec=0.000000e+00 train_recT=0.000000e+00 train_fc=0.000000e+00 train_decoder_tail=0.000000e+00
I 07.02/04:19:10 train_mapper.py:622 ] epoch=0208 train_loss=4.925749e-03 train_mse=4.925749e-03 train_cos=0.996189 train_nmse=-21.149dB train_rec=0.000000e+00 train_recT=0.000000e+00 train_fc=0.000000e+00 train_decoder_tail=0.000000e+00
I 07.02/04:19:53 train_mapper.py:622 ] epoch=0209 train_loss=4.907739e-03 train_mse=4.907739e-03 train_cos=0.996203 train_nmse=-21.165dB train_rec=0.000000e+00 train_recT=0.000000e+00 train_fc=0.000000e+00 train_decoder_tail=0.000000e+00
I 07.02/04:20:38 train_mapper.py:622 ] epoch=0210 train_loss=4.903406e-03 train_mse=4.903406e-03 train_cos=0.996206 train_nmse=-21.169dB train_rec=0.000000e+00 train_recT=0.000000e+00 train_fc=0.000000e+00 train_decoder_tail=0.000000e+00
I 07.02/04:21:26 train_mapper.py:622 ] epoch=0211 train_loss=4.889267e-03 train_mse=4.889267e-03 train_cos=0.996217 train_nmse=-21.182dB train_rec=0.000000e+00 train_recT=0.000000e+00 train_fc=0.000000e+00 train_decoder_tail=0.000000e+00
I 07.02/04:22:12 train_mapper.py:622 ] epoch=0212 train_loss=4.864793e-03 train_mse=4.864793e-03 train_cos=0.996235 train_nmse=-21.204dB train_rec=0.000000e+00 train_recT=0.000000e+00 train_fc=0.000000e+00 train_decoder_tail=0.000000e+00
I 07.02/04:22:55 train_mapper.py:622 ] epoch=0213 train_loss=4.853941e-03 train_mse=4.853941e-03 train_cos=0.996243 train_nmse=-21.213dB train_rec=0.000000e+00 train_recT=0.000000e+00 train_fc=0.000000e+00 train_decoder_tail=0.000000e+00
I 07.02/04:23:41 train_mapper.py:622 ] epoch=0214 train_loss=4.847090e-03 train_mse=4.847090e-03 train_cos=0.996248 train_nmse=-21.219dB train_rec=0.000000e+00 train_recT=0.000000e+00 train_fc=0.000000e+00 train_decoder_tail=0.000000e+00
I 07.02/04:24:27 train_mapper.py:622 ] epoch=0215 train_loss=4.831266e-03 train_mse=4.831266e-03 train_cos=0.996261 train_nmse=-21.234dB train_rec=0.000000e+00 train_recT=0.000000e+00 train_fc=0.000000e+00 train_decoder_tail=0.000000e+00
I 07.02/04:25:19 train_mapper.py:622 ] epoch=0216 train_loss=4.824554e-03 train_mse=4.824554e-03 train_cos=0.996266 train_nmse=-21.240dB train_rec=0.000000e+00 train_recT=0.000000e+00 train_fc=0.000000e+00 train_decoder_tail=0.000000e+00
I 07.02/04:26:04 train_mapper.py:622 ] epoch=0217 train_loss=4.815418e-03 train_mse=4.815418e-03 train_cos=0.996273 train_nmse=-21.248dB train_rec=0.000000e+00 train_recT=0.000000e+00 train_fc=0.000000e+00 train_decoder_tail=0.000000e+00
I 07.02/04:26:49 train_mapper.py:622 ] epoch=0218 train_loss=4.815451e-03 train_mse=4.815451e-03 train_cos=0.996274 train_nmse=-21.248dB train_rec=0.000000e+00 train_recT=0.000000e+00 train_fc=0.000000e+00 train_decoder_tail=0.000000e+00
I 07.02/04:27:33 train_mapper.py:622 ] epoch=0219 train_loss=4.809864e-03 train_mse=4.809864e-03 train_cos=0.996277 train_nmse=-21.253dB train_rec=0.000000e+00 train_recT=0.000000e+00 train_fc=0.000000e+00 train_decoder_tail=0.000000e+00
I 07.02/04:28:20 train_mapper.py:622 ] epoch=0220 train_loss=4.786633e-03 train_mse=4.786633e-03 train_cos=0.996295 train_nmse=-21.274dB train_rec=0.000000e+00 train_recT=0.000000e+00 train_fc=0.000000e+00 train_decoder_tail=0.000000e+00
I 07.02/04:29:08 train_mapper.py:622 ] epoch=0221 train_loss=4.788503e-03 train_mse=4.788503e-03 train_cos=0.996294 train_nmse=-21.272dB train_rec=0.000000e+00 train_recT=0.000000e+00 train_fc=0.000000e+00 train_decoder_tail=0.000000e+00
I 07.02/04:29:52 train_mapper.py:622 ] epoch=0222 train_loss=4.776861e-03 train_mse=4.776861e-03 train_cos=0.996304 train_nmse=-21.283dB train_rec=0.000000e+00 train_recT=0.000000e+00 train_fc=0.000000e+00 train_decoder_tail=0.000000e+00
I 07.02/04:30:37 train_mapper.py:622 ] epoch=0223 train_loss=4.756767e-03 train_mse=4.756767e-03 train_cos=0.996317 train_nmse=-21.301dB train_rec=0.000000e+00 train_recT=0.000000e+00 train_fc=0.000000e+00 train_decoder_tail=0.000000e+00
I 07.02/04:31:25 train_mapper.py:622 ] epoch=0224 train_loss=4.737309e-03 train_mse=4.737309e-03 train_cos=0.996332 train_nmse=-21.319dB train_rec=0.000000e+00 train_recT=0.000000e+00 train_fc=0.000000e+00 train_decoder_tail=0.000000e+00
I 07.02/04:32:14 train_mapper.py:622 ] epoch=0225 train_loss=4.744550e-03 train_mse=4.744550e-03 train_cos=0.996327 train_nmse=-21.312dB train_rec=0.000000e+00 train_recT=0.000000e+00 train_fc=0.000000e+00 train_decoder_tail=0.000000e+00
I 07.02/04:32:57 train_mapper.py:622 ] epoch=0226 train_loss=4.736915e-03 train_mse=4.736915e-03 train_cos=0.996334 train_nmse=-21.320dB train_rec=0.000000e+00 train_recT=0.000000e+00 train_fc=0.000000e+00 train_decoder_tail=0.000000e+00
I 07.02/04:33:41 train_mapper.py:622 ] epoch=0227 train_loss=4.720649e-03 train_mse=4.720649e-03 train_cos=0.996347 train_nmse=-21.334dB train_rec=0.000000e+00 train_recT=0.000000e+00 train_fc=0.000000e+00 train_decoder_tail=0.000000e+00
I 07.02/04:34:31 train_mapper.py:622 ] epoch=0228 train_loss=4.711950e-03 train_mse=4.711950e-03 train_cos=0.996352 train_nmse=-21.342dB train_rec=0.000000e+00 train_recT=0.000000e+00 train_fc=0.000000e+00 train_decoder_tail=0.000000e+00
I 07.02/04:35:17 train_mapper.py:622 ] epoch=0229 train_loss=4.709913e-03 train_mse=4.709913e-03 train_cos=0.996353 train_nmse=-21.344dB train_rec=0.000000e+00 train_recT=0.000000e+00 train_fc=0.000000e+00 train_decoder_tail=0.000000e+00
I 07.02/04:36:07 train_mapper.py:622 ] epoch=0230 train_loss=4.694543e-03 train_mse=4.694543e-03 train_cos=0.996366 train_nmse=-21.358dB train_rec=0.000000e+00 train_recT=0.000000e+00 train_fc=0.000000e+00 train_decoder_tail=0.000000e+00
I 07.02/04:36:51 train_mapper.py:622 ] epoch=0231 train_loss=4.691360e-03 train_mse=4.691360e-03 train_cos=0.996369 train_nmse=-21.361dB train_rec=0.000000e+00 train_recT=0.000000e+00 train_fc=0.000000e+00 train_decoder_tail=0.000000e+00
I 07.02/04:37:40 train_mapper.py:622 ] epoch=0232 train_loss=4.675792e-03 train_mse=4.675792e-03 train_cos=0.996381 train_nmse=-21.376dB train_rec=0.000000e+00 train_recT=0.000000e+00 train_fc=0.000000e+00 train_decoder_tail=0.000000e+00
I 07.02/04:38:21 train_mapper.py:622 ] epoch=0233 train_loss=4.671962e-03 train_mse=4.671962e-03 train_cos=0.996383 train_nmse=-21.379dB train_rec=0.000000e+00 train_recT=0.000000e+00 train_fc=0.000000e+00 train_decoder_tail=0.000000e+00
I 07.02/04:39:05 train_mapper.py:622 ] epoch=0234 train_loss=4.663704e-03 train_mse=4.663704e-03 train_cos=0.996389 train_nmse=-21.387dB train_rec=0.000000e+00 train_recT=0.000000e+00 train_fc=0.000000e+00 train_decoder_tail=0.000000e+00
I 07.02/04:39:49 train_mapper.py:622 ] epoch=0235 train_loss=4.645011e-03 train_mse=4.645011e-03 train_cos=0.996404 train_nmse=-21.405dB train_rec=0.000000e+00 train_recT=0.000000e+00 train_fc=0.000000e+00 train_decoder_tail=0.000000e+00
I 07.02/04:40:33 train_mapper.py:622 ] epoch=0236 train_loss=4.635438e-03 train_mse=4.635438e-03 train_cos=0.996412 train_nmse=-21.413dB train_rec=0.000000e+00 train_recT=0.000000e+00 train_fc=0.000000e+00 train_decoder_tail=0.000000e+00
I 07.02/04:41:24 train_mapper.py:622 ] epoch=0237 train_loss=4.620674e-03 train_mse=4.620674e-03 train_cos=0.996423 train_nmse=-21.427dB train_rec=0.000000e+00 train_recT=0.000000e+00 train_fc=0.000000e+00 train_decoder_tail=0.000000e+00
I 07.02/04:42:10 train_mapper.py:622 ] epoch=0238 train_loss=4.619352e-03 train_mse=4.619352e-03 train_cos=0.996423 train_nmse=-21.428dB train_rec=0.000000e+00 train_recT=0.000000e+00 train_fc=0.000000e+00 train_decoder_tail=0.000000e+00
I 07.02/04:42:52 train_mapper.py:622 ] epoch=0239 train_loss=4.614598e-03 train_mse=4.614598e-03 train_cos=0.996427 train_nmse=-21.433dB train_rec=0.000000e+00 train_recT=0.000000e+00 train_fc=0.000000e+00 train_decoder_tail=0.000000e+00
I 07.02/04:43:42 train_mapper.py:622 ] epoch=0240 train_loss=4.601948e-03 train_mse=4.601948e-03 train_cos=0.996436 train_nmse=-21.445dB train_rec=0.000000e+00 train_recT=0.000000e+00 train_fc=0.000000e+00 train_decoder_tail=0.000000e+00
I 07.02/04:44:28 train_mapper.py:622 ] epoch=0241 train_loss=4.600353e-03 train_mse=4.600353e-03 train_cos=0.996438 train_nmse=-21.446dB train_rec=0.000000e+00 train_recT=0.000000e+00 train_fc=0.000000e+00 train_decoder_tail=0.000000e+00
I 07.02/04:45:18 train_mapper.py:622 ] epoch=0242 train_loss=4.592396e-03 train_mse=4.592396e-03 train_cos=0.996444 train_nmse=-21.454dB train_rec=0.000000e+00 train_recT=0.000000e+00 train_fc=0.000000e+00 train_decoder_tail=0.000000e+00
I 07.02/04:46:02 train_mapper.py:622 ] epoch=0243 train_loss=4.574891e-03 train_mse=4.574891e-03 train_cos=0.996458 train_nmse=-21.470dB train_rec=0.000000e+00 train_recT=0.000000e+00 train_fc=0.000000e+00 train_decoder_tail=0.000000e+00
I 07.02/04:46:51 train_mapper.py:622 ] epoch=0244 train_loss=4.574746e-03 train_mse=4.574746e-03 train_cos=0.996458 train_nmse=-21.470dB train_rec=0.000000e+00 train_recT=0.000000e+00 train_fc=0.000000e+00 train_decoder_tail=0.000000e+00
I 07.02/04:47:41 train_mapper.py:622 ] epoch=0245 train_loss=4.565416e-03 train_mse=4.565416e-03 train_cos=0.996464 train_nmse=-21.479dB train_rec=0.000000e+00 train_recT=0.000000e+00 train_fc=0.000000e+00 train_decoder_tail=0.000000e+00
I 07.02/04:48:27 train_mapper.py:622 ] epoch=0246 train_loss=4.563771e-03 train_mse=4.563771e-03 train_cos=0.996466 train_nmse=-21.481dB train_rec=0.000000e+00 train_recT=0.000000e+00 train_fc=0.000000e+00 train_decoder_tail=0.000000e+00
I 07.02/04:49:16 train_mapper.py:622 ] epoch=0247 train_loss=4.543024e-03 train_mse=4.543024e-03 train_cos=0.996483 train_nmse=-21.501dB train_rec=0.000000e+00 train_recT=0.000000e+00 train_fc=0.000000e+00 train_decoder_tail=0.000000e+00
I 07.02/04:49:58 train_mapper.py:622 ] epoch=0248 train_loss=4.542582e-03 train_mse=4.542582e-03 train_cos=0.996482 train_nmse=-21.501dB train_rec=0.000000e+00 train_recT=0.000000e+00 train_fc=0.000000e+00 train_decoder_tail=0.000000e+00
I 07.02/04:50:46 train_mapper.py:622 ] epoch=0249 train_loss=4.530744e-03 train_mse=4.530744e-03 train_cos=0.996493 train_nmse=-21.513dB train_rec=0.000000e+00 train_recT=0.000000e+00 train_fc=0.000000e+00 train_decoder_tail=0.000000e+00
I 07.02/04:51:32 train_mapper.py:622 ] epoch=0250 train_loss=4.523707e-03 train_mse=4.523707e-03 train_cos=0.996497 train_nmse=-21.519dB train_rec=0.000000e+00 train_recT=0.000000e+00 train_fc=0.000000e+00 train_decoder_tail=0.000000e+00
I 07.02/04:52:17 train_mapper.py:622 ] epoch=0251 train_loss=4.494307e-03 train_mse=4.494307e-03 train_cos=0.996520 train_nmse=-21.548dB train_rec=0.000000e+00 train_recT=0.000000e+00 train_fc=0.000000e+00 train_decoder_tail=0.000000e+00
I 07.02/04:52:58 train_mapper.py:622 ] epoch=0252 train_loss=4.510200e-03 train_mse=4.510200e-03 train_cos=0.996507 train_nmse=-21.532dB train_rec=0.000000e+00 train_recT=0.000000e+00 train_fc=0.000000e+00 train_decoder_tail=0.000000e+00
I 07.02/04:53:42 train_mapper.py:622 ] epoch=0253 train_loss=4.494722e-03 train_mse=4.494722e-03 train_cos=0.996520 train_nmse=-21.547dB train_rec=0.000000e+00 train_recT=0.000000e+00 train_fc=0.000000e+00 train_decoder_tail=0.000000e+00
I 07.02/04:54:27 train_mapper.py:622 ] epoch=0254 train_loss=4.483987e-03 train_mse=4.483987e-03 train_cos=0.996528 train_nmse=-21.558dB train_rec=0.000000e+00 train_recT=0.000000e+00 train_fc=0.000000e+00 train_decoder_tail=0.000000e+00
I 07.02/04:55:16 train_mapper.py:622 ] epoch=0255 train_loss=4.481879e-03 train_mse=4.481879e-03 train_cos=0.996531 train_nmse=-21.559dB train_rec=0.000000e+00 train_recT=0.000000e+00 train_fc=0.000000e+00 train_decoder_tail=0.000000e+00
I 07.02/04:56:05 train_mapper.py:622 ] epoch=0256 train_loss=4.482337e-03 train_mse=4.482337e-03 train_cos=0.996530 train_nmse=-21.559dB train_rec=0.000000e+00 train_recT=0.000000e+00 train_fc=0.000000e+00 train_decoder_tail=0.000000e+00
I 07.02/04:57:00 train_mapper.py:622 ] epoch=0257 train_loss=4.467730e-03 train_mse=4.467730e-03 train_cos=0.996541 train_nmse=-21.573dB train_rec=0.000000e+00 train_recT=0.000000e+00 train_fc=0.000000e+00 train_decoder_tail=0.000000e+00
I 07.02/04:58:01 train_mapper.py:622 ] epoch=0258 train_loss=4.461658e-03 train_mse=4.461658e-03 train_cos=0.996546 train_nmse=-21.579dB train_rec=0.000000e+00 train_recT=0.000000e+00 train_fc=0.000000e+00 train_decoder_tail=0.000000e+00
I 07.02/04:59:03 train_mapper.py:622 ] epoch=0259 train_loss=4.447762e-03 train_mse=4.447762e-03 train_cos=0.996557 train_nmse=-21.593dB train_rec=0.000000e+00 train_recT=0.000000e+00 train_fc=0.000000e+00 train_decoder_tail=0.000000e+00
I 07.02/04:59:48 train_mapper.py:622 ] epoch=0260 train_loss=4.449997e-03 train_mse=4.449997e-03 train_cos=0.996554 train_nmse=-21.591dB train_rec=0.000000e+00 train_recT=0.000000e+00 train_fc=0.000000e+00 train_decoder_tail=0.000000e+00
I 07.02/05:00:32 train_mapper.py:622 ] epoch=0261 train_loss=4.434080e-03 train_mse=4.434080e-03 train_cos=0.996566 train_nmse=-21.606dB train_rec=0.000000e+00 train_recT=0.000000e+00 train_fc=0.000000e+00 train_decoder_tail=0.000000e+00
I 07.02/05:01:31 train_mapper.py:622 ] epoch=0262 train_loss=4.430918e-03 train_mse=4.430918e-03 train_cos=0.996569 train_nmse=-21.609dB train_rec=0.000000e+00 train_recT=0.000000e+00 train_fc=0.000000e+00 train_decoder_tail=0.000000e+00
I 07.02/05:02:33 train_mapper.py:622 ] epoch=0263 train_loss=4.413483e-03 train_mse=4.413483e-03 train_cos=0.996582 train_nmse=-21.626dB train_rec=0.000000e+00 train_recT=0.000000e+00 train_fc=0.000000e+00 train_decoder_tail=0.000000e+00
I 07.02/05:03:35 train_mapper.py:622 ] epoch=0264 train_loss=4.409224e-03 train_mse=4.409224e-03 train_cos=0.996586 train_nmse=-21.631dB train_rec=0.000000e+00 train_recT=0.000000e+00 train_fc=0.000000e+00 train_decoder_tail=0.000000e+00
I 07.02/05:04:32 train_mapper.py:622 ] epoch=0265 train_loss=4.410554e-03 train_mse=4.410554e-03 train_cos=0.996585 train_nmse=-21.629dB train_rec=0.000000e+00 train_recT=0.000000e+00 train_fc=0.000000e+00 train_decoder_tail=0.000000e+00
I 07.02/05:05:32 train_mapper.py:622 ] epoch=0266 train_loss=4.397284e-03 train_mse=4.397284e-03 train_cos=0.996597 train_nmse=-21.642dB train_rec=0.000000e+00 train_recT=0.000000e+00 train_fc=0.000000e+00 train_decoder_tail=0.000000e+00
I 07.02/05:06:32 train_mapper.py:622 ] epoch=0267 train_loss=4.399998e-03 train_mse=4.399998e-03 train_cos=0.996593 train_nmse=-21.640dB train_rec=0.000000e+00 train_recT=0.000000e+00 train_fc=0.000000e+00 train_decoder_tail=0.000000e+00
I 07.02/05:07:29 train_mapper.py:622 ] epoch=0268 train_loss=4.376809e-03 train_mse=4.376809e-03 train_cos=0.996611 train_nmse=-21.662dB train_rec=0.000000e+00 train_recT=0.000000e+00 train_fc=0.000000e+00 train_decoder_tail=0.000000e+00
I 07.02/05:08:28 train_mapper.py:622 ] epoch=0269 train_loss=4.379896e-03 train_mse=4.379896e-03 train_cos=0.996608 train_nmse=-21.660dB train_rec=0.000000e+00 train_recT=0.000000e+00 train_fc=0.000000e+00 train_decoder_tail=0.000000e+00
I 07.02/05:09:24 train_mapper.py:622 ] epoch=0270 train_loss=4.370188e-03 train_mse=4.370188e-03 train_cos=0.996616 train_nmse=-21.669dB train_rec=0.000000e+00 train_recT=0.000000e+00 train_fc=0.000000e+00 train_decoder_tail=0.000000e+00
I 07.02/05:10:23 train_mapper.py:622 ] epoch=0271 train_loss=4.363792e-03 train_mse=4.363792e-03 train_cos=0.996620 train_nmse=-21.676dB train_rec=0.000000e+00 train_recT=0.000000e+00 train_fc=0.000000e+00 train_decoder_tail=0.000000e+00
I 07.02/05:11:21 train_mapper.py:622 ] epoch=0272 train_loss=4.346596e-03 train_mse=4.346596e-03 train_cos=0.996634 train_nmse=-21.693dB train_rec=0.000000e+00 train_recT=0.000000e+00 train_fc=0.000000e+00 train_decoder_tail=0.000000e+00
I 07.02/05:12:20 train_mapper.py:622 ] epoch=0273 train_loss=4.346290e-03 train_mse=4.346290e-03 train_cos=0.996635 train_nmse=-21.693dB train_rec=0.000000e+00 train_recT=0.000000e+00 train_fc=0.000000e+00 train_decoder_tail=0.000000e+00
I 07.02/05:13:17 train_mapper.py:622 ] epoch=0274 train_loss=4.331953e-03 train_mse=4.331953e-03 train_cos=0.996645 train_nmse=-21.707dB train_rec=0.000000e+00 train_recT=0.000000e+00 train_fc=0.000000e+00 train_decoder_tail=0.000000e+00
I 07.02/05:14:13 train_mapper.py:622 ] epoch=0275 train_loss=4.330515e-03 train_mse=4.330515e-03 train_cos=0.996647 train_nmse=-21.709dB train_rec=0.000000e+00 train_recT=0.000000e+00 train_fc=0.000000e+00 train_decoder_tail=0.000000e+00
I 07.02/05:15:08 train_mapper.py:622 ] epoch=0276 train_loss=4.322594e-03 train_mse=4.322594e-03 train_cos=0.996653 train_nmse=-21.717dB train_rec=0.000000e+00 train_recT=0.000000e+00 train_fc=0.000000e+00 train_decoder_tail=0.000000e+00
I 07.02/05:16:03 train_mapper.py:622 ] epoch=0277 train_loss=4.315574e-03 train_mse=4.315574e-03 train_cos=0.996659 train_nmse=-21.724dB train_rec=0.000000e+00 train_recT=0.000000e+00 train_fc=0.000000e+00 train_decoder_tail=0.000000e+00
I 07.02/05:16:57 train_mapper.py:622 ] epoch=0278 train_loss=4.323124e-03 train_mse=4.323124e-03 train_cos=0.996653 train_nmse=-21.716dB train_rec=0.000000e+00 train_recT=0.000000e+00 train_fc=0.000000e+00 train_decoder_tail=0.000000e+00
I 07.02/05:17:49 train_mapper.py:622 ] epoch=0279 train_loss=4.311303e-03 train_mse=4.311303e-03 train_cos=0.996662 train_nmse=-21.728dB train_rec=0.000000e+00 train_recT=0.000000e+00 train_fc=0.000000e+00 train_decoder_tail=0.000000e+00
I 07.02/05:18:38 train_mapper.py:622 ] epoch=0280 train_loss=4.307527e-03 train_mse=4.307527e-03 train_cos=0.996665 train_nmse=-21.732dB train_rec=0.000000e+00 train_recT=0.000000e+00 train_fc=0.000000e+00 train_decoder_tail=0.000000e+00
I 07.02/05:19:28 train_mapper.py:622 ] epoch=0281 train_loss=4.292622e-03 train_mse=4.292622e-03 train_cos=0.996677 train_nmse=-21.747dB train_rec=0.000000e+00 train_recT=0.000000e+00 train_fc=0.000000e+00 train_decoder_tail=0.000000e+00
I 07.02/05:20:21 train_mapper.py:622 ] epoch=0282 train_loss=4.281673e-03 train_mse=4.281673e-03 train_cos=0.996684 train_nmse=-21.758dB train_rec=0.000000e+00 train_recT=0.000000e+00 train_fc=0.000000e+00 train_decoder_tail=0.000000e+00
I 07.02/05:21:17 train_mapper.py:622 ] epoch=0283 train_loss=4.287888e-03 train_mse=4.287888e-03 train_cos=0.996679 train_nmse=-21.752dB train_rec=0.000000e+00 train_recT=0.000000e+00 train_fc=0.000000e+00 train_decoder_tail=0.000000e+00
I 07.02/05:22:09 train_mapper.py:622 ] epoch=0284 train_loss=4.259081e-03 train_mse=4.259081e-03 train_cos=0.996702 train_nmse=-21.781dB train_rec=0.000000e+00 train_recT=0.000000e+00 train_fc=0.000000e+00 train_decoder_tail=0.000000e+00
I 07.02/05:22:59 train_mapper.py:622 ] epoch=0285 train_loss=4.262961e-03 train_mse=4.262961e-03 train_cos=0.996699 train_nmse=-21.777dB train_rec=0.000000e+00 train_recT=0.000000e+00 train_fc=0.000000e+00 train_decoder_tail=0.000000e+00
I 07.02/05:23:46 train_mapper.py:622 ] epoch=0286 train_loss=4.268770e-03 train_mse=4.268770e-03 train_cos=0.996695 train_nmse=-21.771dB train_rec=0.000000e+00 train_recT=0.000000e+00 train_fc=0.000000e+00 train_decoder_tail=0.000000e+00
I 07.02/05:24:33 train_mapper.py:622 ] epoch=0287 train_loss=4.241616e-03 train_mse=4.241616e-03 train_cos=0.996716 train_nmse=-21.799dB train_rec=0.000000e+00 train_recT=0.000000e+00 train_fc=0.000000e+00 train_decoder_tail=0.000000e+00
I 07.02/05:25:22 train_mapper.py:622 ] epoch=0288 train_loss=4.243591e-03 train_mse=4.243591e-03 train_cos=0.996714 train_nmse=-21.797dB train_rec=0.000000e+00 train_recT=0.000000e+00 train_fc=0.000000e+00 train_decoder_tail=0.000000e+00
I 07.02/05:26:07 train_mapper.py:622 ] epoch=0289 train_loss=4.246215e-03 train_mse=4.246215e-03 train_cos=0.996712 train_nmse=-21.794dB train_rec=0.000000e+00 train_recT=0.000000e+00 train_fc=0.000000e+00 train_decoder_tail=0.000000e+00
I 07.02/05:26:53 train_mapper.py:622 ] epoch=0290 train_loss=4.240887e-03 train_mse=4.240887e-03 train_cos=0.996716 train_nmse=-21.799dB train_rec=0.000000e+00 train_recT=0.000000e+00 train_fc=0.000000e+00 train_decoder_tail=0.000000e+00
I 07.02/05:27:38 train_mapper.py:622 ] epoch=0291 train_loss=4.224640e-03 train_mse=4.224640e-03 train_cos=0.996729 train_nmse=-21.816dB train_rec=0.000000e+00 train_recT=0.000000e+00 train_fc=0.000000e+00 train_decoder_tail=0.000000e+00
I 07.02/05:28:22 train_mapper.py:622 ] epoch=0292 train_loss=4.217509e-03 train_mse=4.217509e-03 train_cos=0.996734 train_nmse=-21.824dB train_rec=0.000000e+00 train_recT=0.000000e+00 train_fc=0.000000e+00 train_decoder_tail=0.000000e+00
I 07.02/05:29:08 train_mapper.py:622 ] epoch=0293 train_loss=4.211558e-03 train_mse=4.211558e-03 train_cos=0.996739 train_nmse=-21.830dB train_rec=0.000000e+00 train_recT=0.000000e+00 train_fc=0.000000e+00 train_decoder_tail=0.000000e+00
I 07.02/05:29:54 train_mapper.py:622 ] epoch=0294 train_loss=4.216612e-03 train_mse=4.216612e-03 train_cos=0.996735 train_nmse=-21.825dB train_rec=0.000000e+00 train_recT=0.000000e+00 train_fc=0.000000e+00 train_decoder_tail=0.000000e+00
I 07.02/05:30:38 train_mapper.py:622 ] epoch=0295 train_loss=4.203626e-03 train_mse=4.203626e-03 train_cos=0.996745 train_nmse=-21.838dB train_rec=0.000000e+00 train_recT=0.000000e+00 train_fc=0.000000e+00 train_decoder_tail=0.000000e+00
I 07.02/05:31:22 train_mapper.py:622 ] epoch=0296 train_loss=4.191419e-03 train_mse=4.191419e-03 train_cos=0.996754 train_nmse=-21.850dB train_rec=0.000000e+00 train_recT=0.000000e+00 train_fc=0.000000e+00 train_decoder_tail=0.000000e+00
I 07.02/05:32:09 train_mapper.py:622 ] epoch=0297 train_loss=4.182270e-03 train_mse=4.182270e-03 train_cos=0.996762 train_nmse=-21.860dB train_rec=0.000000e+00 train_recT=0.000000e+00 train_fc=0.000000e+00 train_decoder_tail=0.000000e+00
I 07.02/05:32:51 train_mapper.py:622 ] epoch=0298 train_loss=4.174223e-03 train_mse=4.174223e-03 train_cos=0.996768 train_nmse=-21.868dB train_rec=0.000000e+00 train_recT=0.000000e+00 train_fc=0.000000e+00 train_decoder_tail=0.000000e+00
I 07.02/05:33:37 train_mapper.py:622 ] epoch=0299 train_loss=4.175947e-03 train_mse=4.175947e-03 train_cos=0.996766 train_nmse=-21.867dB train_rec=0.000000e+00 train_recT=0.000000e+00 train_fc=0.000000e+00 train_decoder_tail=0.000000e+00
I 07.02/05:34:20 train_mapper.py:622 ] epoch=0300 train_loss=4.161853e-03 train_mse=4.161853e-03 train_cos=0.996776 train_nmse=-21.881dB train_rec=0.000000e+00 train_recT=0.000000e+00 train_fc=0.000000e+00 train_decoder_tail=0.000000e+00
I 07.02/05:35:03 train_mapper.py:622 ] epoch=0301 train_loss=4.169033e-03 train_mse=4.169033e-03 train_cos=0.996771 train_nmse=-21.874dB train_rec=0.000000e+00 train_recT=0.000000e+00 train_fc=0.000000e+00 train_decoder_tail=0.000000e+00
I 07.02/05:35:46 train_mapper.py:622 ] epoch=0302 train_loss=4.153924e-03 train_mse=4.153924e-03 train_cos=0.996783 train_nmse=-21.890dB train_rec=0.000000e+00 train_recT=0.000000e+00 train_fc=0.000000e+00 train_decoder_tail=0.000000e+00
I 07.02/05:36:31 train_mapper.py:622 ] epoch=0303 train_loss=4.143869e-03 train_mse=4.143869e-03 train_cos=0.996791 train_nmse=-21.900dB train_rec=0.000000e+00 train_recT=0.000000e+00 train_fc=0.000000e+00 train_decoder_tail=0.000000e+00
I 07.02/05:37:19 train_mapper.py:622 ] epoch=0304 train_loss=4.142023e-03 train_mse=4.142023e-03 train_cos=0.996792 train_nmse=-21.902dB train_rec=0.000000e+00 train_recT=0.000000e+00 train_fc=0.000000e+00 train_decoder_tail=0.000000e+00
I 07.02/05:38:04 train_mapper.py:622 ] epoch=0305 train_loss=4.135798e-03 train_mse=4.135798e-03 train_cos=0.996797 train_nmse=-21.909dB train_rec=0.000000e+00 train_recT=0.000000e+00 train_fc=0.000000e+00 train_decoder_tail=0.000000e+00
I 07.02/05:38:50 train_mapper.py:622 ] epoch=0306 train_loss=4.130658e-03 train_mse=4.130658e-03 train_cos=0.996802 train_nmse=-21.914dB train_rec=0.000000e+00 train_recT=0.000000e+00 train_fc=0.000000e+00 train_decoder_tail=0.000000e+00
I 07.02/05:39:37 train_mapper.py:622 ] epoch=0307 train_loss=4.130464e-03 train_mse=4.130464e-03 train_cos=0.996801 train_nmse=-21.914dB train_rec=0.000000e+00 train_recT=0.000000e+00 train_fc=0.000000e+00 train_decoder_tail=0.000000e+00
I 07.02/05:40:22 train_mapper.py:622 ] epoch=0308 train_loss=4.128502e-03 train_mse=4.128502e-03 train_cos=0.996804 train_nmse=-21.916dB train_rec=0.000000e+00 train_recT=0.000000e+00 train_fc=0.000000e+00 train_decoder_tail=0.000000e+00
I 07.02/05:41:06 train_mapper.py:622 ] epoch=0309 train_loss=4.117346e-03 train_mse=4.117346e-03 train_cos=0.996811 train_nmse=-21.928dB train_rec=0.000000e+00 train_recT=0.000000e+00 train_fc=0.000000e+00 train_decoder_tail=0.000000e+00
I 07.02/05:41:51 train_mapper.py:622 ] epoch=0310 train_loss=4.122209e-03 train_mse=4.122209e-03 train_cos=0.996808 train_nmse=-21.923dB train_rec=0.000000e+00 train_recT=0.000000e+00 train_fc=0.000000e+00 train_decoder_tail=0.000000e+00
I 07.02/05:42:37 train_mapper.py:622 ] epoch=0311 train_loss=4.101173e-03 train_mse=4.101173e-03 train_cos=0.996824 train_nmse=-21.945dB train_rec=0.000000e+00 train_recT=0.000000e+00 train_fc=0.000000e+00 train_decoder_tail=0.000000e+00
I 07.02/05:43:21 train_mapper.py:622 ] epoch=0312 train_loss=4.091107e-03 train_mse=4.091107e-03 train_cos=0.996832 train_nmse=-21.956dB train_rec=0.000000e+00 train_recT=0.000000e+00 train_fc=0.000000e+00 train_decoder_tail=0.000000e+00
I 07.02/05:44:06 train_mapper.py:622 ] epoch=0313 train_loss=4.086339e-03 train_mse=4.086339e-03 train_cos=0.996836 train_nmse=-21.961dB train_rec=0.000000e+00 train_recT=0.000000e+00 train_fc=0.000000e+00 train_decoder_tail=0.000000e+00
I 07.02/05:44:50 train_mapper.py:622 ] epoch=0314 train_loss=4.089994e-03 train_mse=4.089994e-03 train_cos=0.996833 train_nmse=-21.957dB train_rec=0.000000e+00 train_recT=0.000000e+00 train_fc=0.000000e+00 train_decoder_tail=0.000000e+00
I 07.02/05:45:32 train_mapper.py:622 ] epoch=0315 train_loss=4.078689e-03 train_mse=4.078689e-03 train_cos=0.996841 train_nmse=-21.969dB train_rec=0.000000e+00 train_recT=0.000000e+00 train_fc=0.000000e+00 train_decoder_tail=0.000000e+00
I 07.02/05:46:15 train_mapper.py:622 ] epoch=0316 train_loss=4.079551e-03 train_mse=4.079551e-03 train_cos=0.996841 train_nmse=-21.968dB train_rec=0.000000e+00 train_recT=0.000000e+00 train_fc=0.000000e+00 train_decoder_tail=0.000000e+00
I 07.02/05:46:58 train_mapper.py:622 ] epoch=0317 train_loss=4.077169e-03 train_mse=4.077169e-03 train_cos=0.996843 train_nmse=-21.970dB train_rec=0.000000e+00 train_recT=0.000000e+00 train_fc=0.000000e+00 train_decoder_tail=0.000000e+00
I 07.02/05:47:41 train_mapper.py:622 ] epoch=0318 train_loss=4.068579e-03 train_mse=4.068579e-03 train_cos=0.996849 train_nmse=-21.980dB train_rec=0.000000e+00 train_recT=0.000000e+00 train_fc=0.000000e+00 train_decoder_tail=0.000000e+00
I 07.02/05:48:25 train_mapper.py:622 ] epoch=0319 train_loss=4.064705e-03 train_mse=4.064705e-03 train_cos=0.996852 train_nmse=-21.983dB train_rec=0.000000e+00 train_recT=0.000000e+00 train_fc=0.000000e+00 train_decoder_tail=0.000000e+00
I 07.02/05:49:12 train_mapper.py:622 ] epoch=0320 train_loss=4.048639e-03 train_mse=4.048639e-03 train_cos=0.996866 train_nmse=-22.001dB train_rec=0.000000e+00 train_recT=0.000000e+00 train_fc=0.000000e+00 train_decoder_tail=0.000000e+00
I 07.02/05:49:52 train_mapper.py:622 ] epoch=0321 train_loss=4.038656e-03 train_mse=4.038656e-03 train_cos=0.996873 train_nmse=-22.012dB train_rec=0.000000e+00 train_recT=0.000000e+00 train_fc=0.000000e+00 train_decoder_tail=0.000000e+00
I 07.02/05:50:35 train_mapper.py:622 ] epoch=0322 train_loss=4.043335e-03 train_mse=4.043335e-03 train_cos=0.996869 train_nmse=-22.007dB train_rec=0.000000e+00 train_recT=0.000000e+00 train_fc=0.000000e+00 train_decoder_tail=0.000000e+00
I 07.02/05:51:17 train_mapper.py:622 ] epoch=0323 train_loss=4.041425e-03 train_mse=4.041425e-03 train_cos=0.996870 train_nmse=-22.009dB train_rec=0.000000e+00 train_recT=0.000000e+00 train_fc=0.000000e+00 train_decoder_tail=0.000000e+00
I 07.02/05:52:00 train_mapper.py:622 ] epoch=0324 train_loss=4.033476e-03 train_mse=4.033476e-03 train_cos=0.996877 train_nmse=-22.017dB train_rec=0.000000e+00 train_recT=0.000000e+00 train_fc=0.000000e+00 train_decoder_tail=0.000000e+00
I 07.02/05:52:40 train_mapper.py:622 ] epoch=0325 train_loss=4.026300e-03 train_mse=4.026300e-03 train_cos=0.996882 train_nmse=-22.025dB train_rec=0.000000e+00 train_recT=0.000000e+00 train_fc=0.000000e+00 train_decoder_tail=0.000000e+00
I 07.02/05:53:19 train_mapper.py:622 ] epoch=0326 train_loss=4.014341e-03 train_mse=4.014341e-03 train_cos=0.996892 train_nmse=-22.038dB train_rec=0.000000e+00 train_recT=0.000000e+00 train_fc=0.000000e+00 train_decoder_tail=0.000000e+00
I 07.02/05:53:57 train_mapper.py:622 ] epoch=0327 train_loss=4.027482e-03 train_mse=4.027482e-03 train_cos=0.996880 train_nmse=-22.024dB train_rec=0.000000e+00 train_recT=0.000000e+00 train_fc=0.000000e+00 train_decoder_tail=0.000000e+00
I 07.02/05:54:34 train_mapper.py:622 ] epoch=0328 train_loss=4.017657e-03 train_mse=4.017657e-03 train_cos=0.996888 train_nmse=-22.034dB train_rec=0.000000e+00 train_recT=0.000000e+00 train_fc=0.000000e+00 train_decoder_tail=0.000000e+00
I 07.02/05:55:12 train_mapper.py:622 ] epoch=0329 train_loss=4.005467e-03 train_mse=4.005467e-03 train_cos=0.996898 train_nmse=-22.047dB train_rec=0.000000e+00 train_recT=0.000000e+00 train_fc=0.000000e+00 train_decoder_tail=0.000000e+00
I 07.02/05:55:50 train_mapper.py:622 ] epoch=0330 train_loss=3.992741e-03 train_mse=3.992741e-03 train_cos=0.996908 train_nmse=-22.061dB train_rec=0.000000e+00 train_recT=0.000000e+00 train_fc=0.000000e+00 train_decoder_tail=0.000000e+00
I 07.02/05:56:29 train_mapper.py:622 ] epoch=0331 train_loss=3.985753e-03 train_mse=3.985753e-03 train_cos=0.996914 train_nmse=-22.069dB train_rec=0.000000e+00 train_recT=0.000000e+00 train_fc=0.000000e+00 train_decoder_tail=0.000000e+00
I 07.02/05:57:08 train_mapper.py:622 ] epoch=0332 train_loss=3.990676e-03 train_mse=3.990676e-03 train_cos=0.996910 train_nmse=-22.064dB train_rec=0.000000e+00 train_recT=0.000000e+00 train_fc=0.000000e+00 train_decoder_tail=0.000000e+00
I 07.02/05:57:44 train_mapper.py:622 ] epoch=0333 train_loss=3.987167e-03 train_mse=3.987167e-03 train_cos=0.996913 train_nmse=-22.067dB train_rec=0.000000e+00 train_recT=0.000000e+00 train_fc=0.000000e+00 train_decoder_tail=0.000000e+00
I 07.02/05:58:23 train_mapper.py:622 ] epoch=0334 train_loss=3.980892e-03 train_mse=3.980892e-03 train_cos=0.996917 train_nmse=-22.074dB train_rec=0.000000e+00 train_recT=0.000000e+00 train_fc=0.000000e+00 train_decoder_tail=0.000000e+00
I 07.02/05:59:05 train_mapper.py:622 ] epoch=0335 train_loss=3.978348e-03 train_mse=3.978348e-03 train_cos=0.996919 train_nmse=-22.077dB train_rec=0.000000e+00 train_recT=0.000000e+00 train_fc=0.000000e+00 train_decoder_tail=0.000000e+00
I 07.02/05:59:42 train_mapper.py:622 ] epoch=0336 train_loss=3.970792e-03 train_mse=3.970792e-03 train_cos=0.996924 train_nmse=-22.085dB train_rec=0.000000e+00 train_recT=0.000000e+00 train_fc=0.000000e+00 train_decoder_tail=0.000000e+00
I 07.02/06:00:20 train_mapper.py:622 ] epoch=0337 train_loss=3.959425e-03 train_mse=3.959425e-03 train_cos=0.996933 train_nmse=-22.098dB train_rec=0.000000e+00 train_recT=0.000000e+00 train_fc=0.000000e+00 train_decoder_tail=0.000000e+00
I 07.02/06:00:57 train_mapper.py:622 ] epoch=0338 train_loss=3.962954e-03 train_mse=3.962954e-03 train_cos=0.996930 train_nmse=-22.094dB train_rec=0.000000e+00 train_recT=0.000000e+00 train_fc=0.000000e+00 train_decoder_tail=0.000000e+00
I 07.02/06:01:32 train_mapper.py:622 ] epoch=0339 train_loss=3.944887e-03 train_mse=3.944887e-03 train_cos=0.996945 train_nmse=-22.114dB train_rec=0.000000e+00 train_recT=0.000000e+00 train_fc=0.000000e+00 train_decoder_tail=0.000000e+00
I 07.02/06:02:10 train_mapper.py:622 ] epoch=0340 train_loss=3.947062e-03 train_mse=3.947062e-03 train_cos=0.996942 train_nmse=-22.111dB train_rec=0.000000e+00 train_recT=0.000000e+00 train_fc=0.000000e+00 train_decoder_tail=0.000000e+00
I 07.02/06:02:47 train_mapper.py:622 ] epoch=0341 train_loss=3.945701e-03 train_mse=3.945701e-03 train_cos=0.996944 train_nmse=-22.113dB train_rec=0.000000e+00 train_recT=0.000000e+00 train_fc=0.000000e+00 train_decoder_tail=0.000000e+00
I 07.02/06:03:22 train_mapper.py:622 ] epoch=0342 train_loss=3.944385e-03 train_mse=3.944385e-03 train_cos=0.996944 train_nmse=-22.114dB train_rec=0.000000e+00 train_recT=0.000000e+00 train_fc=0.000000e+00 train_decoder_tail=0.000000e+00
I 07.02/06:03:59 train_mapper.py:622 ] epoch=0343 train_loss=3.936725e-03 train_mse=3.936725e-03 train_cos=0.996951 train_nmse=-22.123dB train_rec=0.000000e+00 train_recT=0.000000e+00 train_fc=0.000000e+00 train_decoder_tail=0.000000e+00
I 07.02/06:04:36 train_mapper.py:622 ] epoch=0344 train_loss=3.927744e-03 train_mse=3.927744e-03 train_cos=0.996957 train_nmse=-22.133dB train_rec=0.000000e+00 train_recT=0.000000e+00 train_fc=0.000000e+00 train_decoder_tail=0.000000e+00
I 07.02/06:05:12 train_mapper.py:622 ] epoch=0345 train_loss=3.917857e-03 train_mse=3.917857e-03 train_cos=0.996964 train_nmse=-22.144dB train_rec=0.000000e+00 train_recT=0.000000e+00 train_fc=0.000000e+00 train_decoder_tail=0.000000e+00
I 07.02/06:05:48 train_mapper.py:622 ] epoch=0346 train_loss=3.919430e-03 train_mse=3.919430e-03 train_cos=0.996964 train_nmse=-22.142dB train_rec=0.000000e+00 train_recT=0.000000e+00 train_fc=0.000000e+00 train_decoder_tail=0.000000e+00
I 07.02/06:06:26 train_mapper.py:622 ] epoch=0347 train_loss=3.913314e-03 train_mse=3.913314e-03 train_cos=0.996969 train_nmse=-22.149dB train_rec=0.000000e+00 train_recT=0.000000e+00 train_fc=0.000000e+00 train_decoder_tail=0.000000e+00
I 07.02/06:07:01 train_mapper.py:622 ] epoch=0348 train_loss=3.923709e-03 train_mse=3.923709e-03 train_cos=0.996961 train_nmse=-22.137dB train_rec=0.000000e+00 train_recT=0.000000e+00 train_fc=0.000000e+00 train_decoder_tail=0.000000e+00
I 07.02/06:07:37 train_mapper.py:622 ] epoch=0349 train_loss=3.909249e-03 train_mse=3.909249e-03 train_cos=0.996972 train_nmse=-22.153dB train_rec=0.000000e+00 train_recT=0.000000e+00 train_fc=0.000000e+00 train_decoder_tail=0.000000e+00
I 07.02/06:08:14 train_mapper.py:622 ] epoch=0350 train_loss=3.904567e-03 train_mse=3.904567e-03 train_cos=0.996975 train_nmse=-22.159dB train_rec=0.000000e+00 train_recT=0.000000e+00 train_fc=0.000000e+00 train_decoder_tail=0.000000e+00
I 07.02/06:08:50 train_mapper.py:622 ] epoch=0351 train_loss=3.886177e-03 train_mse=3.886177e-03 train_cos=0.996990 train_nmse=-22.179dB train_rec=0.000000e+00 train_recT=0.000000e+00 train_fc=0.000000e+00 train_decoder_tail=0.000000e+00
I 07.02/06:09:27 train_mapper.py:622 ] epoch=0352 train_loss=3.897623e-03 train_mse=3.897623e-03 train_cos=0.996980 train_nmse=-22.166dB train_rec=0.000000e+00 train_recT=0.000000e+00 train_fc=0.000000e+00 train_decoder_tail=0.000000e+00
I 07.02/06:10:03 train_mapper.py:622 ] epoch=0353 train_loss=3.897341e-03 train_mse=3.897341e-03 train_cos=0.996981 train_nmse=-22.166dB train_rec=0.000000e+00 train_recT=0.000000e+00 train_fc=0.000000e+00 train_decoder_tail=0.000000e+00
I 07.02/06:10:40 train_mapper.py:622 ] epoch=0354 train_loss=3.883311e-03 train_mse=3.883311e-03 train_cos=0.996991 train_nmse=-22.182dB train_rec=0.000000e+00 train_recT=0.000000e+00 train_fc=0.000000e+00 train_decoder_tail=0.000000e+00
I 07.02/06:11:17 train_mapper.py:622 ] epoch=0355 train_loss=3.870067e-03 train_mse=3.870067e-03 train_cos=0.997003 train_nmse=-22.197dB train_rec=0.000000e+00 train_recT=0.000000e+00 train_fc=0.000000e+00 train_decoder_tail=0.000000e+00
I 07.02/06:11:52 train_mapper.py:622 ] epoch=0356 train_loss=3.871085e-03 train_mse=3.871085e-03 train_cos=0.997000 train_nmse=-22.196dB train_rec=0.000000e+00 train_recT=0.000000e+00 train_fc=0.000000e+00 train_decoder_tail=0.000000e+00
I 07.02/06:12:28 train_mapper.py:622 ] epoch=0357 train_loss=3.868242e-03 train_mse=3.868242e-03 train_cos=0.997003 train_nmse=-22.199dB train_rec=0.000000e+00 train_recT=0.000000e+00 train_fc=0.000000e+00 train_decoder_tail=0.000000e+00
I 07.02/06:13:04 train_mapper.py:622 ] epoch=0358 train_loss=3.859086e-03 train_mse=3.859086e-03 train_cos=0.997011 train_nmse=-22.209dB train_rec=0.000000e+00 train_recT=0.000000e+00 train_fc=0.000000e+00 train_decoder_tail=0.000000e+00
I 07.02/06:13:38 train_mapper.py:622 ] epoch=0359 train_loss=3.861909e-03 train_mse=3.861909e-03 train_cos=0.997008 train_nmse=-22.206dB train_rec=0.000000e+00 train_recT=0.000000e+00 train_fc=0.000000e+00 train_decoder_tail=0.000000e+00
I 07.02/06:14:13 train_mapper.py:622 ] epoch=0360 train_loss=3.851763e-03 train_mse=3.851763e-03 train_cos=0.997016 train_nmse=-22.218dB train_rec=0.000000e+00 train_recT=0.000000e+00 train_fc=0.000000e+00 train_decoder_tail=0.000000e+00
I 07.02/06:14:49 train_mapper.py:622 ] epoch=0361 train_loss=3.844298e-03 train_mse=3.844298e-03 train_cos=0.997022 train_nmse=-22.226dB train_rec=0.000000e+00 train_recT=0.000000e+00 train_fc=0.000000e+00 train_decoder_tail=0.000000e+00
I 07.02/06:15:23 train_mapper.py:622 ] epoch=0362 train_loss=3.844964e-03 train_mse=3.844964e-03 train_cos=0.997022 train_nmse=-22.225dB train_rec=0.000000e+00 train_recT=0.000000e+00 train_fc=0.000000e+00 train_decoder_tail=0.000000e+00
I 07.02/06:15:59 train_mapper.py:622 ] epoch=0363 train_loss=3.841932e-03 train_mse=3.841932e-03 train_cos=0.997023 train_nmse=-22.229dB train_rec=0.000000e+00 train_recT=0.000000e+00 train_fc=0.000000e+00 train_decoder_tail=0.000000e+00
I 07.02/06:16:36 train_mapper.py:622 ] epoch=0364 train_loss=3.838390e-03 train_mse=3.838390e-03 train_cos=0.997026 train_nmse=-22.233dB train_rec=0.000000e+00 train_recT=0.000000e+00 train_fc=0.000000e+00 train_decoder_tail=0.000000e+00
I 07.02/06:17:13 train_mapper.py:622 ] epoch=0365 train_loss=3.830176e-03 train_mse=3.830176e-03 train_cos=0.997033 train_nmse=-22.242dB train_rec=0.000000e+00 train_recT=0.000000e+00 train_fc=0.000000e+00 train_decoder_tail=0.000000e+00
I 07.02/06:17:49 train_mapper.py:622 ] epoch=0366 train_loss=3.831297e-03 train_mse=3.831297e-03 train_cos=0.997031 train_nmse=-22.241dB train_rec=0.000000e+00 train_recT=0.000000e+00 train_fc=0.000000e+00 train_decoder_tail=0.000000e+00
I 07.02/06:18:25 train_mapper.py:622 ] epoch=0367 train_loss=3.828727e-03 train_mse=3.828727e-03 train_cos=0.997033 train_nmse=-22.244dB train_rec=0.000000e+00 train_recT=0.000000e+00 train_fc=0.000000e+00 train_decoder_tail=0.000000e+00
I 07.02/06:19:00 train_mapper.py:622 ] epoch=0368 train_loss=3.818907e-03 train_mse=3.818907e-03 train_cos=0.997042 train_nmse=-22.255dB train_rec=0.000000e+00 train_recT=0.000000e+00 train_fc=0.000000e+00 train_decoder_tail=0.000000e+00
I 07.02/06:19:37 train_mapper.py:622 ] epoch=0369 train_loss=3.828515e-03 train_mse=3.828515e-03 train_cos=0.997035 train_nmse=-22.244dB train_rec=0.000000e+00 train_recT=0.000000e+00 train_fc=0.000000e+00 train_decoder_tail=0.000000e+00
I 07.02/06:20:14 train_mapper.py:622 ] epoch=0370 train_loss=3.824618e-03 train_mse=3.824618e-03 train_cos=0.997037 train_nmse=-22.249dB train_rec=0.000000e+00 train_recT=0.000000e+00 train_fc=0.000000e+00 train_decoder_tail=0.000000e+00
I 07.02/06:20:49 train_mapper.py:622 ] epoch=0371 train_loss=3.809889e-03 train_mse=3.809889e-03 train_cos=0.997048 train_nmse=-22.265dB train_rec=0.000000e+00 train_recT=0.000000e+00 train_fc=0.000000e+00 train_decoder_tail=0.000000e+00
I 07.02/06:21:24 train_mapper.py:622 ] epoch=0372 train_loss=3.800919e-03 train_mse=3.800919e-03 train_cos=0.997055 train_nmse=-22.275dB train_rec=0.000000e+00 train_recT=0.000000e+00 train_fc=0.000000e+00 train_decoder_tail=0.000000e+00
I 07.02/06:21:59 train_mapper.py:622 ] epoch=0373 train_loss=3.796830e-03 train_mse=3.796830e-03 train_cos=0.997057 train_nmse=-22.280dB train_rec=0.000000e+00 train_recT=0.000000e+00 train_fc=0.000000e+00 train_decoder_tail=0.000000e+00
I 07.02/06:22:35 train_mapper.py:622 ] epoch=0374 train_loss=3.790679e-03 train_mse=3.790679e-03 train_cos=0.997062 train_nmse=-22.287dB train_rec=0.000000e+00 train_recT=0.000000e+00 train_fc=0.000000e+00 train_decoder_tail=0.000000e+00
I 07.02/06:23:11 train_mapper.py:622 ] epoch=0375 train_loss=3.781211e-03 train_mse=3.781211e-03 train_cos=0.997069 train_nmse=-22.298dB train_rec=0.000000e+00 train_recT=0.000000e+00 train_fc=0.000000e+00 train_decoder_tail=0.000000e+00
I 07.02/06:23:45 train_mapper.py:622 ] epoch=0376 train_loss=3.781626e-03 train_mse=3.781626e-03 train_cos=0.997068 train_nmse=-22.298dB train_rec=0.000000e+00 train_recT=0.000000e+00 train_fc=0.000000e+00 train_decoder_tail=0.000000e+00
I 07.02/06:24:21 train_mapper.py:622 ] epoch=0377 train_loss=3.783414e-03 train_mse=3.783414e-03 train_cos=0.997067 train_nmse=-22.295dB train_rec=0.000000e+00 train_recT=0.000000e+00 train_fc=0.000000e+00 train_decoder_tail=0.000000e+00
I 07.02/06:24:54 train_mapper.py:622 ] epoch=0378 train_loss=3.772725e-03 train_mse=3.772725e-03 train_cos=0.997076 train_nmse=-22.308dB train_rec=0.000000e+00 train_recT=0.000000e+00 train_fc=0.000000e+00 train_decoder_tail=0.000000e+00
I 07.02/06:25:30 train_mapper.py:622 ] epoch=0379 train_loss=3.774211e-03 train_mse=3.774211e-03 train_cos=0.997075 train_nmse=-22.306dB train_rec=0.000000e+00 train_recT=0.000000e+00 train_fc=0.000000e+00 train_decoder_tail=0.000000e+00
I 07.02/06:25:58 train_mapper.py:622 ] epoch=0380 train_loss=3.760291e-03 train_mse=3.760291e-03 train_cos=0.997087 train_nmse=-22.322dB train_rec=0.000000e+00 train_recT=0.000000e+00 train_fc=0.000000e+00 train_decoder_tail=0.000000e+00
I 07.02/06:26:27 train_mapper.py:622 ] epoch=0381 train_loss=3.761353e-03 train_mse=3.761353e-03 train_cos=0.997085 train_nmse=-22.321dB train_rec=0.000000e+00 train_recT=0.000000e+00 train_fc=0.000000e+00 train_decoder_tail=0.000000e+00
I 07.02/06:26:54 train_mapper.py:622 ] epoch=0382 train_loss=3.764644e-03 train_mse=3.764644e-03 train_cos=0.997083 train_nmse=-22.317dB train_rec=0.000000e+00 train_recT=0.000000e+00 train_fc=0.000000e+00 train_decoder_tail=0.000000e+00
I 07.02/06:27:23 train_mapper.py:622 ] epoch=0383 train_loss=3.765846e-03 train_mse=3.765846e-03 train_cos=0.997082 train_nmse=-22.316dB train_rec=0.000000e+00 train_recT=0.000000e+00 train_fc=0.000000e+00 train_decoder_tail=0.000000e+00
I 07.02/06:27:47 train_mapper.py:622 ] epoch=0384 train_loss=3.756620e-03 train_mse=3.756620e-03 train_cos=0.997090 train_nmse=-22.326dB train_rec=0.000000e+00 train_recT=0.000000e+00 train_fc=0.000000e+00 train_decoder_tail=0.000000e+00
I 07.02/06:28:12 train_mapper.py:622 ] epoch=0385 train_loss=3.747187e-03 train_mse=3.747187e-03 train_cos=0.997096 train_nmse=-22.337dB train_rec=0.000000e+00 train_recT=0.000000e+00 train_fc=0.000000e+00 train_decoder_tail=0.000000e+00
I 07.02/06:28:35 train_mapper.py:622 ] epoch=0386 train_loss=3.742641e-03 train_mse=3.742641e-03 train_cos=0.997099 train_nmse=-22.342dB train_rec=0.000000e+00 train_recT=0.000000e+00 train_fc=0.000000e+00 train_decoder_tail=0.000000e+00
I 07.02/06:28:58 train_mapper.py:622 ] epoch=0387 train_loss=3.740448e-03 train_mse=3.740448e-03 train_cos=0.997101 train_nmse=-22.345dB train_rec=0.000000e+00 train_recT=0.000000e+00 train_fc=0.000000e+00 train_decoder_tail=0.000000e+00
I 07.02/06:29:26 train_mapper.py:622 ] epoch=0388 train_loss=3.732835e-03 train_mse=3.732835e-03 train_cos=0.997107 train_nmse=-22.354dB train_rec=0.000000e+00 train_recT=0.000000e+00 train_fc=0.000000e+00 train_decoder_tail=0.000000e+00
I 07.02/06:29:53 train_mapper.py:622 ] epoch=0389 train_loss=3.729940e-03 train_mse=3.729940e-03 train_cos=0.997110 train_nmse=-22.357dB train_rec=0.000000e+00 train_recT=0.000000e+00 train_fc=0.000000e+00 train_decoder_tail=0.000000e+00
I 07.02/06:30:22 train_mapper.py:622 ] epoch=0390 train_loss=3.729387e-03 train_mse=3.729387e-03 train_cos=0.997109 train_nmse=-22.358dB train_rec=0.000000e+00 train_recT=0.000000e+00 train_fc=0.000000e+00 train_decoder_tail=0.000000e+00
I 07.02/06:30:51 train_mapper.py:622 ] epoch=0391 train_loss=3.727980e-03 train_mse=3.727980e-03 train_cos=0.997110 train_nmse=-22.359dB train_rec=0.000000e+00 train_recT=0.000000e+00 train_fc=0.000000e+00 train_decoder_tail=0.000000e+00
I 07.02/06:31:19 train_mapper.py:622 ] epoch=0392 train_loss=3.712267e-03 train_mse=3.712267e-03 train_cos=0.997123 train_nmse=-22.378dB train_rec=0.000000e+00 train_recT=0.000000e+00 train_fc=0.000000e+00 train_decoder_tail=0.000000e+00
I 07.02/06:31:46 train_mapper.py:622 ] epoch=0393 train_loss=3.718863e-03 train_mse=3.718863e-03 train_cos=0.997117 train_nmse=-22.370dB train_rec=0.000000e+00 train_recT=0.000000e+00 train_fc=0.000000e+00 train_decoder_tail=0.000000e+00
I 07.02/06:32:15 train_mapper.py:622 ] epoch=0394 train_loss=3.708223e-03 train_mse=3.708223e-03 train_cos=0.997127 train_nmse=-22.382dB train_rec=0.000000e+00 train_recT=0.000000e+00 train_fc=0.000000e+00 train_decoder_tail=0.000000e+00
I 07.02/06:32:43 train_mapper.py:622 ] epoch=0395 train_loss=3.696666e-03 train_mse=3.696666e-03 train_cos=0.997135 train_nmse=-22.396dB train_rec=0.000000e+00 train_recT=0.000000e+00 train_fc=0.000000e+00 train_decoder_tail=0.000000e+00
I 07.02/06:33:12 train_mapper.py:622 ] epoch=0396 train_loss=3.711809e-03 train_mse=3.711809e-03 train_cos=0.997122 train_nmse=-22.378dB train_rec=0.000000e+00 train_recT=0.000000e+00 train_fc=0.000000e+00 train_decoder_tail=0.000000e+00
I 07.02/06:33:44 train_mapper.py:622 ] epoch=0397 train_loss=3.700350e-03 train_mse=3.700350e-03 train_cos=0.997132 train_nmse=-22.391dB train_rec=0.000000e+00 train_recT=0.000000e+00 train_fc=0.000000e+00 train_decoder_tail=0.000000e+00
I 07.02/06:34:13 train_mapper.py:622 ] epoch=0398 train_loss=3.703816e-03 train_mse=3.703816e-03 train_cos=0.997129 train_nmse=-22.387dB train_rec=0.000000e+00 train_recT=0.000000e+00 train_fc=0.000000e+00 train_decoder_tail=0.000000e+00
I 07.02/06:34:40 train_mapper.py:622 ] epoch=0399 train_loss=3.690948e-03 train_mse=3.690948e-03 train_cos=0.997139 train_nmse=-22.403dB train_rec=0.000000e+00 train_recT=0.000000e+00 train_fc=0.000000e+00 train_decoder_tail=0.000000e+00
I 07.02/06:35:11 train_mapper.py:622 ] epoch=0400 train_loss=3.697402e-03 train_mse=3.697402e-03 train_cos=0.997133 train_nmse=-22.395dB train_rec=0.000000e+00 train_recT=0.000000e+00 train_fc=0.000000e+00 train_decoder_tail=0.000000e+00
I 07.02/06:37:29 train_mapper.py:738 ] best_loss_epoch=399 best_loss_selection=train_loss best_loss_metric=3.690948e-03 best_loss_mse=3.690948e-03 best_loss_loss=3.690948e-03
I 07.02/06:37:29 train_mapper.py:743 ] best_mse_epoch=399 best_mse_selection=train_mse best_mse_metric=3.690948e-03 best_mse_mse=3.690948e-03 best_mse_loss=3.690948e-03
I 07.02/06:37:29 train_mapper.py:749 ] all_best_loss_mse=3.593414e-03 all_best_loss_cos=0.997211 all_best_loss_nmse=-22.519dB
I 07.02/06:37:29 train_mapper.py:753 ] all_best_mse_mse=3.593414e-03 all_best_mse_cos=0.997211 all_best_mse_nmse=-22.519dB
