I 07.01/07:55:52 train_mapper.py:431 ] => Experiment directory: mapper/exps_decoder_aware/hybrid/recT_fc/seed2026_crnet_transnet_to_seed42_transnet_lr5e-4_ep400
I 07.01/07:55:52 train_mapper.py:432 ] => Checkpoint directory: mapper/exps_decoder_aware/hybrid/recT_fc/seed2026_crnet_transnet_to_seed42_transnet_lr5e-4_ep400/checkpoints
I 07.01/07:55:52 train_mapper.py:433 ] => Codeword directory: mapper/exps_decoder_aware/hybrid/recT_fc/seed2026_crnet_transnet_to_seed42_transnet_lr5e-4_ep400/codewords
I 07.01/07:55:52 train_mapper.py:434 ] => TensorBoard directory: mapper/exps_decoder_aware/hybrid/recT_fc/seed2026_crnet_transnet_to_seed42_transnet_lr5e-4_ep400/tensorboard
I 07.01/07:55:59 train_mapper.py:519 ] => Loaded fixed decoder from exps/COST2100/in/seed42/transnet_transnet/checkpoints/best_nmse.pth
I 07.01/07:55:59 train_mapper.py:524 ] device=cuda
I 07.01/07:55:59 train_mapper.py:525 ] mapper=hybrid, params=23108608
I 07.01/07:55:59 train_mapper.py:527 ] train=100000, val=0, code_dim=512
I 07.01/07:55:59 train_mapper.py:529 ] val_ratio<=0: skip per-epoch validation; select best checkpoint by train loss
I 07.01/07:55:59 train_mapper.py:531 ] loss=mse + smoothl1*0.0 + sample_tail*0.0 + dim_tail*0.0 + whiten*0.0 + rec*0.0 + recT*1.0 + fc*0.01 + decoder_tail*0.0 + cos*0.0 + cov*0.0
I 07.01/07:56:20 train_mapper.py:622 ] epoch=0001 train_loss=3.736141e-01 train_mse=3.668353e-01 train_cos=0.806342 train_nmse=-3.145dB train_rec=0.000000e+00 train_recT=2.770737e-03 train_fc=4.008125e-01 train_decoder_tail=0.000000e+00
I 07.01/07:56:51 train_mapper.py:622 ] epoch=0002 train_loss=1.358658e-01 train_mse=1.344387e-01 train_cos=0.939275 train_nmse=-6.830dB train_rec=0.000000e+00 train_recT=2.389086e-04 train_fc=1.188155e-01 train_decoder_tail=0.000000e+00
I 07.01/07:57:37 train_mapper.py:622 ] epoch=0003 train_loss=9.120809e-02 train_mse=9.021771e-02 train_cos=0.959786 train_nmse=-8.534dB train_rec=0.000000e+00 train_recT=1.487339e-04 train_fc=8.416521e-02 train_decoder_tail=0.000000e+00
I 07.01/07:58:31 train_mapper.py:622 ] epoch=0004 train_loss=7.061810e-02 train_mse=6.985841e-02 train_cos=0.967769 train_nmse=-9.637dB train_rec=0.000000e+00 train_recT=1.004384e-04 train_fc=6.592591e-02 train_decoder_tail=0.000000e+00
I 07.01/07:59:23 train_mapper.py:622 ] epoch=0005 train_loss=5.892598e-02 train_mse=5.831105e-02 train_cos=0.971883 train_nmse=-10.419dB train_rec=0.000000e+00 train_recT=7.108830e-05 train_fc=5.438442e-02 train_decoder_tail=0.000000e+00
I 07.01/08:00:18 train_mapper.py:622 ] epoch=0006 train_loss=5.189825e-02 train_mse=5.137540e-02 train_cos=0.974301 train_nmse=-10.967dB train_rec=0.000000e+00 train_recT=5.300213e-05 train_fc=4.698480e-02 train_decoder_tail=0.000000e+00
I 07.01/08:01:13 train_mapper.py:622 ] epoch=0007 train_loss=4.728080e-02 train_mse=4.681888e-02 train_cos=0.976097 train_nmse=-11.370dB train_rec=0.000000e+00 train_recT=4.170207e-05 train_fc=4.202211e-02 train_decoder_tail=0.000000e+00
I 07.01/08:02:05 train_mapper.py:622 ] epoch=0008 train_loss=4.404294e-02 train_mse=4.362111e-02 train_cos=0.977569 train_nmse=-11.677dB train_rec=0.000000e+00 train_recT=3.458272e-05 train_fc=3.872428e-02 train_decoder_tail=0.000000e+00
I 07.01/08:02:58 train_mapper.py:622 ] epoch=0009 train_loss=4.195924e-02 train_mse=4.156304e-02 train_cos=0.978587 train_nmse=-11.888dB train_rec=0.000000e+00 train_recT=3.013219e-05 train_fc=3.660666e-02 train_decoder_tail=0.000000e+00
I 07.01/08:03:56 train_mapper.py:622 ] epoch=0010 train_loss=4.006865e-02 train_mse=3.969188e-02 train_cos=0.979651 train_nmse=-12.089dB train_rec=0.000000e+00 train_recT=2.699277e-05 train_fc=3.497784e-02 train_decoder_tail=0.000000e+00
I 07.01/08:04:54 train_mapper.py:622 ] epoch=0011 train_loss=3.898329e-02 train_mse=3.861829e-02 train_cos=0.980194 train_nmse=-12.207dB train_rec=0.000000e+00 train_recT=2.487461e-05 train_fc=3.401247e-02 train_decoder_tail=0.000000e+00
I 07.01/08:05:52 train_mapper.py:622 ] epoch=0012 train_loss=3.684942e-02 train_mse=3.650190e-02 train_cos=0.981586 train_nmse=-12.451dB train_rec=0.000000e+00 train_recT=2.299624e-05 train_fc=3.245168e-02 train_decoder_tail=0.000000e+00
I 07.01/08:06:49 train_mapper.py:622 ] epoch=0013 train_loss=3.564302e-02 train_mse=3.530536e-02 train_cos=0.982233 train_nmse=-12.596dB train_rec=0.000000e+00 train_recT=2.165587e-05 train_fc=3.160083e-02 train_decoder_tail=0.000000e+00
I 07.01/08:07:44 train_mapper.py:622 ] epoch=0014 train_loss=3.472764e-02 train_mse=3.439820e-02 train_cos=0.982629 train_nmse=-12.710dB train_rec=0.000000e+00 train_recT=2.050715e-05 train_fc=3.089307e-02 train_decoder_tail=0.000000e+00
I 07.01/08:08:37 train_mapper.py:622 ] epoch=0015 train_loss=3.331107e-02 train_mse=3.299332e-02 train_cos=0.983395 train_nmse=-12.890dB train_rec=0.000000e+00 train_recT=1.926678e-05 train_fc=2.984915e-02 train_decoder_tail=0.000000e+00
I 07.01/08:09:30 train_mapper.py:622 ] epoch=0016 train_loss=3.438931e-02 train_mse=3.406743e-02 train_cos=0.982128 train_nmse=-12.767dB train_rec=0.000000e+00 train_recT=1.878647e-05 train_fc=3.030958e-02 train_decoder_tail=0.000000e+00
I 07.01/08:10:26 train_mapper.py:622 ] epoch=0017 train_loss=3.131916e-02 train_mse=3.102061e-02 train_cos=0.984125 train_nmse=-13.158dB train_rec=0.000000e+00 train_recT=1.693891e-05 train_fc=2.816101e-02 train_decoder_tail=0.000000e+00
I 07.01/08:11:20 train_mapper.py:622 ] epoch=0018 train_loss=2.997971e-02 train_mse=2.969501e-02 train_cos=0.984672 train_nmse=-13.348dB train_rec=0.000000e+00 train_recT=1.565944e-05 train_fc=2.690412e-02 train_decoder_tail=0.000000e+00
I 07.01/08:12:11 train_mapper.py:622 ] epoch=0019 train_loss=2.870958e-02 train_mse=2.843965e-02 train_cos=0.985072 train_nmse=-13.535dB train_rec=0.000000e+00 train_recT=1.430053e-05 train_fc=2.556287e-02 train_decoder_tail=0.000000e+00
I 07.01/08:13:03 train_mapper.py:622 ] epoch=0020 train_loss=2.750707e-02 train_mse=2.725441e-02 train_cos=0.985288 train_nmse=-13.720dB train_rec=0.000000e+00 train_recT=1.283106e-05 train_fc=2.398240e-02 train_decoder_tail=0.000000e+00
I 07.01/08:13:55 train_mapper.py:622 ] epoch=0021 train_loss=2.609132e-02 train_mse=2.586360e-02 train_cos=0.985387 train_nmse=-13.948dB train_rec=0.000000e+00 train_recT=1.103295e-05 train_fc=2.166899e-02 train_decoder_tail=0.000000e+00
I 07.01/08:14:50 train_mapper.py:622 ] epoch=0022 train_loss=2.380249e-02 train_mse=2.361827e-02 train_cos=0.985625 train_nmse=-14.342dB train_rec=0.000000e+00 train_recT=8.889061e-06 train_fc=1.753328e-02 train_decoder_tail=0.000000e+00
I 07.01/08:15:45 train_mapper.py:622 ] epoch=0023 train_loss=2.172798e-02 train_mse=2.157502e-02 train_cos=0.986115 train_nmse=-14.735dB train_rec=0.000000e+00 train_recT=7.781024e-06 train_fc=1.451830e-02 train_decoder_tail=0.000000e+00
I 07.01/08:16:41 train_mapper.py:622 ] epoch=0024 train_loss=2.035064e-02 train_mse=2.021491e-02 train_cos=0.986486 train_nmse=-15.018dB train_rec=0.000000e+00 train_recT=7.161501e-06 train_fc=1.285677e-02 train_decoder_tail=0.000000e+00
I 07.01/08:17:37 train_mapper.py:622 ] epoch=0025 train_loss=1.927632e-02 train_mse=1.915247e-02 train_cos=0.986868 train_nmse=-15.252dB train_rec=0.000000e+00 train_recT=6.663051e-06 train_fc=1.171843e-02 train_decoder_tail=0.000000e+00
I 07.01/08:18:34 train_mapper.py:622 ] epoch=0026 train_loss=1.845737e-02 train_mse=1.834184e-02 train_cos=0.987187 train_nmse=-15.440dB train_rec=0.000000e+00 train_recT=6.282891e-06 train_fc=1.092531e-02 train_decoder_tail=0.000000e+00
I 07.01/08:19:29 train_mapper.py:622 ] epoch=0027 train_loss=1.787480e-02 train_mse=1.776503e-02 train_cos=0.987391 train_nmse=-15.579dB train_rec=0.000000e+00 train_recT=5.973810e-06 train_fc=1.037970e-02 train_decoder_tail=0.000000e+00
I 07.01/08:20:21 train_mapper.py:622 ] epoch=0028 train_loss=1.715162e-02 train_mse=1.704797e-02 train_cos=0.987770 train_nmse=-15.758dB train_rec=0.000000e+00 train_recT=5.685708e-06 train_fc=9.795824e-03 train_decoder_tail=0.000000e+00
I 07.01/08:21:15 train_mapper.py:622 ] epoch=0029 train_loss=1.663154e-02 train_mse=1.653235e-02 train_cos=0.988025 train_nmse=-15.892dB train_rec=0.000000e+00 train_recT=5.430046e-06 train_fc=9.375689e-03 train_decoder_tail=0.000000e+00
I 07.01/08:22:07 train_mapper.py:622 ] epoch=0030 train_loss=1.611115e-02 train_mse=1.601600e-02 train_cos=0.988312 train_nmse=-16.029dB train_rec=0.000000e+00 train_recT=5.218031e-06 train_fc=8.992595e-03 train_decoder_tail=0.000000e+00
I 07.01/08:22:57 train_mapper.py:622 ] epoch=0031 train_loss=1.578983e-02 train_mse=1.569730e-02 train_cos=0.988453 train_nmse=-16.118dB train_rec=0.000000e+00 train_recT=5.052248e-06 train_fc=8.747946e-03 train_decoder_tail=0.000000e+00
I 07.01/08:23:53 train_mapper.py:622 ] epoch=0032 train_loss=1.535406e-02 train_mse=1.526471e-02 train_cos=0.988714 train_nmse=-16.238dB train_rec=0.000000e+00 train_recT=4.851948e-06 train_fc=8.450212e-03 train_decoder_tail=0.000000e+00
I 07.01/08:24:44 train_mapper.py:622 ] epoch=0033 train_loss=1.485908e-02 train_mse=1.477321e-02 train_cos=0.989025 train_nmse=-16.380dB train_rec=0.000000e+00 train_recT=4.681135e-06 train_fc=8.119079e-03 train_decoder_tail=0.000000e+00
I 07.01/08:25:33 train_mapper.py:622 ] epoch=0034 train_loss=1.453353e-02 train_mse=1.445000e-02 train_cos=0.989211 train_nmse=-16.476dB train_rec=0.000000e+00 train_recT=4.532607e-06 train_fc=7.900150e-03 train_decoder_tail=0.000000e+00
I 07.01/08:26:25 train_mapper.py:622 ] epoch=0035 train_loss=1.421514e-02 train_mse=1.413379e-02 train_cos=0.989401 train_nmse=-16.573dB train_rec=0.000000e+00 train_recT=4.392425e-06 train_fc=7.695848e-03 train_decoder_tail=0.000000e+00
I 07.01/08:27:15 train_mapper.py:622 ] epoch=0036 train_loss=1.392647e-02 train_mse=1.384709e-02 train_cos=0.989580 train_nmse=-16.661dB train_rec=0.000000e+00 train_recT=4.278585e-06 train_fc=7.510056e-03 train_decoder_tail=0.000000e+00
I 07.01/08:28:09 train_mapper.py:622 ] epoch=0037 train_loss=1.365435e-02 train_mse=1.357685e-02 train_cos=0.989746 train_nmse=-16.747dB train_rec=0.000000e+00 train_recT=4.164086e-06 train_fc=7.333676e-03 train_decoder_tail=0.000000e+00
I 07.01/08:29:01 train_mapper.py:622 ] epoch=0038 train_loss=1.340801e-02 train_mse=1.333211e-02 train_cos=0.989894 train_nmse=-16.825dB train_rec=0.000000e+00 train_recT=4.036209e-06 train_fc=7.186633e-03 train_decoder_tail=0.000000e+00
I 07.01/08:29:51 train_mapper.py:622 ] epoch=0039 train_loss=1.311737e-02 train_mse=1.304344e-02 train_cos=0.990086 train_nmse=-16.920dB train_rec=0.000000e+00 train_recT=3.926197e-06 train_fc=7.001146e-03 train_decoder_tail=0.000000e+00
I 07.01/08:30:36 train_mapper.py:622 ] epoch=0040 train_loss=1.288965e-02 train_mse=1.281720e-02 train_cos=0.990230 train_nmse=-16.997dB train_rec=0.000000e+00 train_recT=3.828555e-06 train_fc=6.862086e-03 train_decoder_tail=0.000000e+00
I 07.01/08:31:24 train_mapper.py:622 ] epoch=0041 train_loss=1.263082e-02 train_mse=1.255999e-02 train_cos=0.990411 train_nmse=-17.085dB train_rec=0.000000e+00 train_recT=3.741438e-06 train_fc=6.708352e-03 train_decoder_tail=0.000000e+00
I 07.01/08:32:15 train_mapper.py:622 ] epoch=0042 train_loss=1.246136e-02 train_mse=1.239170e-02 train_cos=0.990509 train_nmse=-17.143dB train_rec=0.000000e+00 train_recT=3.653105e-06 train_fc=6.600019e-03 train_decoder_tail=0.000000e+00
I 07.01/08:33:08 train_mapper.py:622 ] epoch=0043 train_loss=1.220737e-02 train_mse=1.213919e-02 train_cos=0.990688 train_nmse=-17.233dB train_rec=0.000000e+00 train_recT=3.575461e-06 train_fc=6.459709e-03 train_decoder_tail=0.000000e+00
I 07.01/08:33:51 train_mapper.py:622 ] epoch=0044 train_loss=1.206537e-02 train_mse=1.199813e-02 train_cos=0.990773 train_nmse=-17.284dB train_rec=0.000000e+00 train_recT=3.501907e-06 train_fc=6.374178e-03 train_decoder_tail=0.000000e+00
I 07.01/08:34:38 train_mapper.py:622 ] epoch=0045 train_loss=1.185912e-02 train_mse=1.179318e-02 train_cos=0.990918 train_nmse=-17.358dB train_rec=0.000000e+00 train_recT=3.428615e-06 train_fc=6.251415e-03 train_decoder_tail=0.000000e+00
I 07.01/08:35:29 train_mapper.py:622 ] epoch=0046 train_loss=1.165066e-02 train_mse=1.158607e-02 train_cos=0.991060 train_nmse=-17.435dB train_rec=0.000000e+00 train_recT=3.351054e-06 train_fc=6.124006e-03 train_decoder_tail=0.000000e+00
I 07.01/08:36:20 train_mapper.py:622 ] epoch=0047 train_loss=1.148403e-02 train_mse=1.142048e-02 train_cos=0.991176 train_nmse=-17.498dB train_rec=0.000000e+00 train_recT=3.288888e-06 train_fc=6.026014e-03 train_decoder_tail=0.000000e+00
I 07.01/08:37:12 train_mapper.py:622 ] epoch=0048 train_loss=1.128817e-02 train_mse=1.122595e-02 train_cos=0.991307 train_nmse=-17.573dB train_rec=0.000000e+00 train_recT=3.212597e-06 train_fc=5.900951e-03 train_decoder_tail=0.000000e+00
I 07.01/08:38:02 train_mapper.py:622 ] epoch=0049 train_loss=1.111396e-02 train_mse=1.105270e-02 train_cos=0.991433 train_nmse=-17.640dB train_rec=0.000000e+00 train_recT=3.158346e-06 train_fc=5.809723e-03 train_decoder_tail=0.000000e+00
I 07.01/08:38:54 train_mapper.py:622 ] epoch=0050 train_loss=1.100990e-02 train_mse=1.094925e-02 train_cos=0.991502 train_nmse=-17.681dB train_rec=0.000000e+00 train_recT=3.111423e-06 train_fc=5.753400e-03 train_decoder_tail=0.000000e+00
I 07.01/08:39:45 train_mapper.py:622 ] epoch=0051 train_loss=1.084289e-02 train_mse=1.078325e-02 train_cos=0.991621 train_nmse=-17.747dB train_rec=0.000000e+00 train_recT=3.047558e-06 train_fc=5.658383e-03 train_decoder_tail=0.000000e+00
I 07.01/08:40:34 train_mapper.py:622 ] epoch=0052 train_loss=1.075378e-02 train_mse=1.069467e-02 train_cos=0.991681 train_nmse=-17.783dB train_rec=0.000000e+00 train_recT=3.017144e-06 train_fc=5.609439e-03 train_decoder_tail=0.000000e+00
I 07.01/08:41:23 train_mapper.py:622 ] epoch=0053 train_loss=1.056468e-02 train_mse=1.050676e-02 train_cos=0.991816 train_nmse=-17.860dB train_rec=0.000000e+00 train_recT=2.945974e-06 train_fc=5.497199e-03 train_decoder_tail=0.000000e+00
I 07.01/08:42:14 train_mapper.py:622 ] epoch=0054 train_loss=1.041446e-02 train_mse=1.035741e-02 train_cos=0.991926 train_nmse=-17.922dB train_rec=0.000000e+00 train_recT=2.889107e-06 train_fc=5.415231e-03 train_decoder_tail=0.000000e+00
I 07.01/08:43:00 train_mapper.py:622 ] epoch=0055 train_loss=1.033787e-02 train_mse=1.028118e-02 train_cos=0.991977 train_nmse=-17.954dB train_rec=0.000000e+00 train_recT=2.872374e-06 train_fc=5.382013e-03 train_decoder_tail=0.000000e+00
I 07.01/08:43:49 train_mapper.py:622 ] epoch=0056 train_loss=1.023005e-02 train_mse=1.017403e-02 train_cos=0.992055 train_nmse=-18.000dB train_rec=0.000000e+00 train_recT=2.827796e-06 train_fc=5.318908e-03 train_decoder_tail=0.000000e+00
I 07.01/08:44:37 train_mapper.py:622 ] epoch=0057 train_loss=1.009088e-02 train_mse=1.003575e-02 train_cos=0.992155 train_nmse=-18.060dB train_rec=0.000000e+00 train_recT=2.775178e-06 train_fc=5.235931e-03 train_decoder_tail=0.000000e+00
I 07.01/08:45:24 train_mapper.py:622 ] epoch=0058 train_loss=9.942150e-03 train_mse=9.887876e-03 train_cos=0.992265 train_nmse=-18.124dB train_rec=0.000000e+00 train_recT=2.732931e-06 train_fc=5.154083e-03 train_decoder_tail=0.000000e+00
I 07.01/08:46:12 train_mapper.py:622 ] epoch=0059 train_loss=9.841252e-03 train_mse=9.787626e-03 train_cos=0.992334 train_nmse=-18.168dB train_rec=0.000000e+00 train_recT=2.698246e-06 train_fc=5.092739e-03 train_decoder_tail=0.000000e+00
I 07.01/08:46:57 train_mapper.py:622 ] epoch=0060 train_loss=9.725411e-03 train_mse=9.672390e-03 train_cos=0.992423 train_nmse=-18.219dB train_rec=0.000000e+00 train_recT=2.650895e-06 train_fc=5.036999e-03 train_decoder_tail=0.000000e+00
I 07.01/08:47:41 train_mapper.py:622 ] epoch=0061 train_loss=9.619200e-03 train_mse=9.566842e-03 train_cos=0.992500 train_nmse=-18.267dB train_rec=0.000000e+00 train_recT=2.619188e-06 train_fc=4.973806e-03 train_decoder_tail=0.000000e+00
I 07.01/08:48:26 train_mapper.py:622 ] epoch=0062 train_loss=9.480670e-03 train_mse=9.429170e-03 train_cos=0.992604 train_nmse=-18.330dB train_rec=0.000000e+00 train_recT=2.574858e-06 train_fc=4.892547e-03 train_decoder_tail=0.000000e+00
I 07.01/08:49:12 train_mapper.py:622 ] epoch=0063 train_loss=9.410802e-03 train_mse=9.359644e-03 train_cos=0.992651 train_nmse=-18.362dB train_rec=0.000000e+00 train_recT=2.550500e-06 train_fc=4.860668e-03 train_decoder_tail=0.000000e+00
I 07.01/08:49:54 train_mapper.py:622 ] epoch=0064 train_loss=9.336499e-03 train_mse=9.285755e-03 train_cos=0.992707 train_nmse=-18.397dB train_rec=0.000000e+00 train_recT=2.528151e-06 train_fc=4.821652e-03 train_decoder_tail=0.000000e+00
I 07.01/08:50:42 train_mapper.py:622 ] epoch=0065 train_loss=9.226895e-03 train_mse=9.176793e-03 train_cos=0.992790 train_nmse=-18.447dB train_rec=0.000000e+00 train_recT=2.494598e-06 train_fc=4.760827e-03 train_decoder_tail=0.000000e+00
I 07.01/08:51:30 train_mapper.py:622 ] epoch=0066 train_loss=9.112055e-03 train_mse=9.062635e-03 train_cos=0.992875 train_nmse=-18.502dB train_rec=0.000000e+00 train_recT=2.453519e-06 train_fc=4.696622e-03 train_decoder_tail=0.000000e+00
I 07.01/08:52:13 train_mapper.py:622 ] epoch=0067 train_loss=9.052065e-03 train_mse=9.002973e-03 train_cos=0.992917 train_nmse=-18.530dB train_rec=0.000000e+00 train_recT=2.433504e-06 train_fc=4.665825e-03 train_decoder_tail=0.000000e+00
I 07.01/08:52:56 train_mapper.py:622 ] epoch=0068 train_loss=8.953189e-03 train_mse=8.904672e-03 train_cos=0.992990 train_nmse=-18.579dB train_rec=0.000000e+00 train_recT=2.394250e-06 train_fc=4.612211e-03 train_decoder_tail=0.000000e+00
I 07.01/08:53:38 train_mapper.py:622 ] epoch=0069 train_loss=8.861156e-03 train_mse=8.813131e-03 train_cos=0.993063 train_nmse=-18.623dB train_rec=0.000000e+00 train_recT=2.374289e-06 train_fc=4.565005e-03 train_decoder_tail=0.000000e+00
I 07.01/08:54:24 train_mapper.py:622 ] epoch=0070 train_loss=8.815300e-03 train_mse=8.767570e-03 train_cos=0.993096 train_nmse=-18.645dB train_rec=0.000000e+00 train_recT=2.358019e-06 train_fc=4.537168e-03 train_decoder_tail=0.000000e+00
I 07.01/08:55:11 train_mapper.py:622 ] epoch=0071 train_loss=8.710791e-03 train_mse=8.663671e-03 train_cos=0.993173 train_nmse=-18.697dB train_rec=0.000000e+00 train_recT=2.319822e-06 train_fc=4.479995e-03 train_decoder_tail=0.000000e+00
I 07.01/08:55:52 train_mapper.py:622 ] epoch=0072 train_loss=8.647110e-03 train_mse=8.600357e-03 train_cos=0.993222 train_nmse=-18.729dB train_rec=0.000000e+00 train_recT=2.306407e-06 train_fc=4.444694e-03 train_decoder_tail=0.000000e+00
I 07.01/08:56:26 train_mapper.py:622 ] epoch=0073 train_loss=8.555032e-03 train_mse=8.508813e-03 train_cos=0.993292 train_nmse=-18.776dB train_rec=0.000000e+00 train_recT=2.273386e-06 train_fc=4.394538e-03 train_decoder_tail=0.000000e+00
I 07.01/08:56:59 train_mapper.py:622 ] epoch=0074 train_loss=8.510454e-03 train_mse=8.464399e-03 train_cos=0.993319 train_nmse=-18.798dB train_rec=0.000000e+00 train_recT=2.248066e-06 train_fc=4.380720e-03 train_decoder_tail=0.000000e+00
I 07.01/08:57:41 train_mapper.py:622 ] epoch=0075 train_loss=8.399500e-03 train_mse=8.354106e-03 train_cos=0.993406 train_nmse=-18.855dB train_rec=0.000000e+00 train_recT=2.220410e-06 train_fc=4.317345e-03 train_decoder_tail=0.000000e+00
I 07.01/08:58:23 train_mapper.py:622 ] epoch=0076 train_loss=8.339299e-03 train_mse=8.294284e-03 train_cos=0.993448 train_nmse=-18.887dB train_rec=0.000000e+00 train_recT=2.205167e-06 train_fc=4.280980e-03 train_decoder_tail=0.000000e+00
I 07.01/08:59:05 train_mapper.py:622 ] epoch=0077 train_loss=8.244598e-03 train_mse=8.200079e-03 train_cos=0.993524 train_nmse=-18.936dB train_rec=0.000000e+00 train_recT=2.176232e-06 train_fc=4.234237e-03 train_decoder_tail=0.000000e+00
I 07.01/08:59:45 train_mapper.py:622 ] epoch=0078 train_loss=8.235195e-03 train_mse=8.190695e-03 train_cos=0.993530 train_nmse=-18.941dB train_rec=0.000000e+00 train_recT=2.178004e-06 train_fc=4.232199e-03 train_decoder_tail=0.000000e+00
I 07.01/09:00:26 train_mapper.py:622 ] epoch=0079 train_loss=8.148057e-03 train_mse=8.104010e-03 train_cos=0.993599 train_nmse=-18.987dB train_rec=0.000000e+00 train_recT=2.146564e-06 train_fc=4.190066e-03 train_decoder_tail=0.000000e+00
I 07.01/09:01:08 train_mapper.py:622 ] epoch=0080 train_loss=8.087846e-03 train_mse=8.044178e-03 train_cos=0.993642 train_nmse=-19.019dB train_rec=0.000000e+00 train_recT=2.132110e-06 train_fc=4.153607e-03 train_decoder_tail=0.000000e+00
I 07.01/09:01:50 train_mapper.py:622 ] epoch=0081 train_loss=7.986064e-03 train_mse=7.942996e-03 train_cos=0.993720 train_nmse=-19.075dB train_rec=0.000000e+00 train_recT=2.097455e-06 train_fc=4.097034e-03 train_decoder_tail=0.000000e+00
I 07.01/09:02:32 train_mapper.py:622 ] epoch=0082 train_loss=7.931005e-03 train_mse=7.888191e-03 train_cos=0.993764 train_nmse=-19.104dB train_rec=0.000000e+00 train_recT=2.086156e-06 train_fc=4.072802e-03 train_decoder_tail=0.000000e+00
I 07.01/09:03:14 train_mapper.py:622 ] epoch=0083 train_loss=7.878681e-03 train_mse=7.836163e-03 train_cos=0.993801 train_nmse=-19.133dB train_rec=0.000000e+00 train_recT=2.067299e-06 train_fc=4.045132e-03 train_decoder_tail=0.000000e+00
I 07.01/09:03:50 train_mapper.py:622 ] epoch=0084 train_loss=7.805805e-03 train_mse=7.763722e-03 train_cos=0.993858 train_nmse=-19.174dB train_rec=0.000000e+00 train_recT=2.047108e-06 train_fc=4.003541e-03 train_decoder_tail=0.000000e+00
I 07.01/09:04:32 train_mapper.py:622 ] epoch=0085 train_loss=7.745847e-03 train_mse=7.704151e-03 train_cos=0.993904 train_nmse=-19.207dB train_rec=0.000000e+00 train_recT=2.021073e-06 train_fc=3.967496e-03 train_decoder_tail=0.000000e+00
I 07.01/09:05:11 train_mapper.py:622 ] epoch=0086 train_loss=7.683308e-03 train_mse=7.641908e-03 train_cos=0.993949 train_nmse=-19.243dB train_rec=0.000000e+00 train_recT=2.002521e-06 train_fc=3.939671e-03 train_decoder_tail=0.000000e+00
I 07.01/09:05:45 train_mapper.py:622 ] epoch=0087 train_loss=7.635682e-03 train_mse=7.594475e-03 train_cos=0.993990 train_nmse=-19.269dB train_rec=0.000000e+00 train_recT=1.999577e-06 train_fc=3.920759e-03 train_decoder_tail=0.000000e+00
I 07.01/09:06:26 train_mapper.py:622 ] epoch=0088 train_loss=7.568142e-03 train_mse=7.527295e-03 train_cos=0.994044 train_nmse=-19.308dB train_rec=0.000000e+00 train_recT=1.981325e-06 train_fc=3.886585e-03 train_decoder_tail=0.000000e+00
I 07.01/09:07:07 train_mapper.py:622 ] epoch=0089 train_loss=7.555836e-03 train_mse=7.515105e-03 train_cos=0.994047 train_nmse=-19.315dB train_rec=0.000000e+00 train_recT=1.964130e-06 train_fc=3.876733e-03 train_decoder_tail=0.000000e+00
I 07.01/09:07:47 train_mapper.py:622 ] epoch=0090 train_loss=7.458052e-03 train_mse=7.417866e-03 train_cos=0.994124 train_nmse=-19.372dB train_rec=0.000000e+00 train_recT=1.934537e-06 train_fc=3.825183e-03 train_decoder_tail=0.000000e+00
I 07.01/09:08:23 train_mapper.py:622 ] epoch=0091 train_loss=7.441524e-03 train_mse=7.401372e-03 train_cos=0.994135 train_nmse=-19.381dB train_rec=0.000000e+00 train_recT=1.935755e-06 train_fc=3.821690e-03 train_decoder_tail=0.000000e+00
I 07.01/09:09:01 train_mapper.py:622 ] epoch=0092 train_loss=7.386979e-03 train_mse=7.347027e-03 train_cos=0.994182 train_nmse=-19.413dB train_rec=0.000000e+00 train_recT=1.924704e-06 train_fc=3.802722e-03 train_decoder_tail=0.000000e+00
I 07.01/09:09:36 train_mapper.py:622 ] epoch=0093 train_loss=7.312732e-03 train_mse=7.273255e-03 train_cos=0.994240 train_nmse=-19.457dB train_rec=0.000000e+00 train_recT=1.903287e-06 train_fc=3.757373e-03 train_decoder_tail=0.000000e+00
I 07.01/09:10:10 train_mapper.py:622 ] epoch=0094 train_loss=7.254501e-03 train_mse=7.215345e-03 train_cos=0.994280 train_nmse=-19.492dB train_rec=0.000000e+00 train_recT=1.879140e-06 train_fc=3.727674e-03 train_decoder_tail=0.000000e+00
I 07.01/09:10:47 train_mapper.py:622 ] epoch=0095 train_loss=7.227428e-03 train_mse=7.188393e-03 train_cos=0.994302 train_nmse=-19.508dB train_rec=0.000000e+00 train_recT=1.876414e-06 train_fc=3.715870e-03 train_decoder_tail=0.000000e+00
I 07.01/09:11:24 train_mapper.py:622 ] epoch=0096 train_loss=7.151088e-03 train_mse=7.112470e-03 train_cos=0.994361 train_nmse=-19.555dB train_rec=0.000000e+00 train_recT=1.853745e-06 train_fc=3.676438e-03 train_decoder_tail=0.000000e+00
I 07.01/09:12:05 train_mapper.py:622 ] epoch=0097 train_loss=7.120236e-03 train_mse=7.081705e-03 train_cos=0.994387 train_nmse=-19.573dB train_rec=0.000000e+00 train_recT=1.848519e-06 train_fc=3.668238e-03 train_decoder_tail=0.000000e+00
I 07.01/09:12:34 train_mapper.py:622 ] epoch=0098 train_loss=7.051667e-03 train_mse=7.013530e-03 train_cos=0.994442 train_nmse=-19.615dB train_rec=0.000000e+00 train_recT=1.828813e-06 train_fc=3.630749e-03 train_decoder_tail=0.000000e+00
I 07.01/09:13:15 train_mapper.py:622 ] epoch=0099 train_loss=7.018099e-03 train_mse=6.980121e-03 train_cos=0.994468 train_nmse=-19.636dB train_rec=0.000000e+00 train_recT=1.827898e-06 train_fc=3.615002e-03 train_decoder_tail=0.000000e+00
I 07.01/09:13:54 train_mapper.py:622 ] epoch=0100 train_loss=6.984734e-03 train_mse=6.946954e-03 train_cos=0.994492 train_nmse=-19.656dB train_rec=0.000000e+00 train_recT=1.807710e-06 train_fc=3.597280e-03 train_decoder_tail=0.000000e+00
I 07.01/09:14:39 train_mapper.py:622 ] epoch=0101 train_loss=6.933015e-03 train_mse=6.895437e-03 train_cos=0.994533 train_nmse=-19.688dB train_rec=0.000000e+00 train_recT=1.798718e-06 train_fc=3.577998e-03 train_decoder_tail=0.000000e+00
I 07.01/09:15:12 train_mapper.py:622 ] epoch=0102 train_loss=6.863433e-03 train_mse=6.826243e-03 train_cos=0.994589 train_nmse=-19.733dB train_rec=0.000000e+00 train_recT=1.779076e-06 train_fc=3.541129e-03 train_decoder_tail=0.000000e+00
I 07.01/09:15:40 train_mapper.py:622 ] epoch=0103 train_loss=6.826078e-03 train_mse=6.789082e-03 train_cos=0.994617 train_nmse=-19.756dB train_rec=0.000000e+00 train_recT=1.772411e-06 train_fc=3.522354e-03 train_decoder_tail=0.000000e+00
I 07.01/09:16:07 train_mapper.py:622 ] epoch=0104 train_loss=6.778317e-03 train_mse=6.741626e-03 train_cos=0.994651 train_nmse=-19.787dB train_rec=0.000000e+00 train_recT=1.753742e-06 train_fc=3.493743e-03 train_decoder_tail=0.000000e+00
I 07.01/09:16:37 train_mapper.py:622 ] epoch=0105 train_loss=6.721512e-03 train_mse=6.685122e-03 train_cos=0.994693 train_nmse=-19.823dB train_rec=0.000000e+00 train_recT=1.735953e-06 train_fc=3.465369e-03 train_decoder_tail=0.000000e+00
I 07.01/09:17:09 train_mapper.py:622 ] epoch=0106 train_loss=6.690693e-03 train_mse=6.654442e-03 train_cos=0.994719 train_nmse=-19.843dB train_rec=0.000000e+00 train_recT=1.734724e-06 train_fc=3.451696e-03 train_decoder_tail=0.000000e+00
I 07.01/09:17:37 train_mapper.py:622 ] epoch=0107 train_loss=6.649588e-03 train_mse=6.613569e-03 train_cos=0.994753 train_nmse=-19.870dB train_rec=0.000000e+00 train_recT=1.716491e-06 train_fc=3.430297e-03 train_decoder_tail=0.000000e+00
I 07.01/09:18:07 train_mapper.py:622 ] epoch=0108 train_loss=6.611785e-03 train_mse=6.576004e-03 train_cos=0.994780 train_nmse=-19.894dB train_rec=0.000000e+00 train_recT=1.712010e-06 train_fc=3.406883e-03 train_decoder_tail=0.000000e+00
I 07.01/09:18:42 train_mapper.py:622 ] epoch=0109 train_loss=6.575994e-03 train_mse=6.540434e-03 train_cos=0.994805 train_nmse=-19.918dB train_rec=0.000000e+00 train_recT=1.690372e-06 train_fc=3.387004e-03 train_decoder_tail=0.000000e+00
I 07.01/09:19:07 train_mapper.py:622 ] epoch=0110 train_loss=6.515610e-03 train_mse=6.480353e-03 train_cos=0.994854 train_nmse=-19.958dB train_rec=0.000000e+00 train_recT=1.679559e-06 train_fc=3.357668e-03 train_decoder_tail=0.000000e+00
I 07.01/09:19:26 train_mapper.py:622 ] epoch=0111 train_loss=6.518564e-03 train_mse=6.483220e-03 train_cos=0.994851 train_nmse=-19.956dB train_rec=0.000000e+00 train_recT=1.681665e-06 train_fc=3.366194e-03 train_decoder_tail=0.000000e+00
I 07.01/09:19:56 train_mapper.py:622 ] epoch=0112 train_loss=6.478349e-03 train_mse=6.443253e-03 train_cos=0.994883 train_nmse=-19.983dB train_rec=0.000000e+00 train_recT=1.670613e-06 train_fc=3.342548e-03 train_decoder_tail=0.000000e+00
I 07.01/09:20:35 train_mapper.py:622 ] epoch=0113 train_loss=6.428503e-03 train_mse=6.393695e-03 train_cos=0.994920 train_nmse=-20.016dB train_rec=0.000000e+00 train_recT=1.652000e-06 train_fc=3.315586e-03 train_decoder_tail=0.000000e+00
I 07.01/09:21:09 train_mapper.py:622 ] epoch=0114 train_loss=6.496664e-03 train_mse=6.461392e-03 train_cos=0.994861 train_nmse=-19.972dB train_rec=0.000000e+00 train_recT=1.667537e-06 train_fc=3.360515e-03 train_decoder_tail=0.000000e+00
I 07.01/09:21:40 train_mapper.py:622 ] epoch=0115 train_loss=6.378000e-03 train_mse=6.343454e-03 train_cos=0.994963 train_nmse=-20.051dB train_rec=0.000000e+00 train_recT=1.641942e-06 train_fc=3.290411e-03 train_decoder_tail=0.000000e+00
I 07.01/09:22:14 train_mapper.py:622 ] epoch=0116 train_loss=6.304122e-03 train_mse=6.270034e-03 train_cos=0.995014 train_nmse=-20.101dB train_rec=0.000000e+00 train_recT=1.615591e-06 train_fc=3.247190e-03 train_decoder_tail=0.000000e+00
I 07.01/09:22:45 train_mapper.py:622 ] epoch=0117 train_loss=6.248516e-03 train_mse=6.214762e-03 train_cos=0.995057 train_nmse=-20.140dB train_rec=0.000000e+00 train_recT=1.602091e-06 train_fc=3.215149e-03 train_decoder_tail=0.000000e+00
I 07.01/09:23:15 train_mapper.py:622 ] epoch=0118 train_loss=6.236932e-03 train_mse=6.203228e-03 train_cos=0.995065 train_nmse=-20.148dB train_rec=0.000000e+00 train_recT=1.597678e-06 train_fc=3.210671e-03 train_decoder_tail=0.000000e+00
I 07.01/09:23:38 train_mapper.py:622 ] epoch=0119 train_loss=6.215114e-03 train_mse=6.181519e-03 train_cos=0.995080 train_nmse=-20.163dB train_rec=0.000000e+00 train_recT=1.586846e-06 train_fc=3.200856e-03 train_decoder_tail=0.000000e+00
I 07.01/09:24:15 train_mapper.py:622 ] epoch=0120 train_loss=6.198477e-03 train_mse=6.164981e-03 train_cos=0.995097 train_nmse=-20.175dB train_rec=0.000000e+00 train_recT=1.586282e-06 train_fc=3.191015e-03 train_decoder_tail=0.000000e+00
I 07.01/09:24:41 train_mapper.py:622 ] epoch=0121 train_loss=6.147568e-03 train_mse=6.114346e-03 train_cos=0.995135 train_nmse=-20.211dB train_rec=0.000000e+00 train_recT=1.573120e-06 train_fc=3.164951e-03 train_decoder_tail=0.000000e+00
I 07.01/09:25:11 train_mapper.py:622 ] epoch=0122 train_loss=6.131405e-03 train_mse=6.098241e-03 train_cos=0.995146 train_nmse=-20.222dB train_rec=0.000000e+00 train_recT=1.569319e-06 train_fc=3.159544e-03 train_decoder_tail=0.000000e+00
I 07.01/09:25:39 train_mapper.py:622 ] epoch=0123 train_loss=6.102659e-03 train_mse=6.069687e-03 train_cos=0.995167 train_nmse=-20.242dB train_rec=0.000000e+00 train_recT=1.554967e-06 train_fc=3.141751e-03 train_decoder_tail=0.000000e+00
I 07.01/09:25:53 train_mapper.py:622 ] epoch=0124 train_loss=6.082215e-03 train_mse=6.049352e-03 train_cos=0.995185 train_nmse=-20.257dB train_rec=0.000000e+00 train_recT=1.552260e-06 train_fc=3.131158e-03 train_decoder_tail=0.000000e+00
I 07.01/09:26:27 train_mapper.py:622 ] epoch=0125 train_loss=6.048149e-03 train_mse=6.015449e-03 train_cos=0.995212 train_nmse=-20.281dB train_rec=0.000000e+00 train_recT=1.540220e-06 train_fc=3.115947e-03 train_decoder_tail=0.000000e+00
I 07.01/09:27:06 train_mapper.py:622 ] epoch=0126 train_loss=6.034443e-03 train_mse=6.001849e-03 train_cos=0.995222 train_nmse=-20.291dB train_rec=0.000000e+00 train_recT=1.540761e-06 train_fc=3.105304e-03 train_decoder_tail=0.000000e+00
I 07.01/09:27:26 train_mapper.py:622 ] epoch=0127 train_loss=5.986735e-03 train_mse=5.954417e-03 train_cos=0.995260 train_nmse=-20.325dB train_rec=0.000000e+00 train_recT=1.529041e-06 train_fc=3.078839e-03 train_decoder_tail=0.000000e+00
I 07.01/09:27:45 train_mapper.py:622 ] epoch=0128 train_loss=5.956905e-03 train_mse=5.924729e-03 train_cos=0.995284 train_nmse=-20.347dB train_rec=0.000000e+00 train_recT=1.519379e-06 train_fc=3.065650e-03 train_decoder_tail=0.000000e+00
I 07.01/09:28:25 train_mapper.py:622 ] epoch=0129 train_loss=5.940256e-03 train_mse=5.908138e-03 train_cos=0.995297 train_nmse=-20.360dB train_rec=0.000000e+00 train_recT=1.514345e-06 train_fc=3.060337e-03 train_decoder_tail=0.000000e+00
I 07.01/09:29:06 train_mapper.py:622 ] epoch=0130 train_loss=5.937776e-03 train_mse=5.905667e-03 train_cos=0.995299 train_nmse=-20.361dB train_rec=0.000000e+00 train_recT=1.515986e-06 train_fc=3.059286e-03 train_decoder_tail=0.000000e+00
I 07.01/09:29:33 train_mapper.py:622 ] epoch=0131 train_loss=5.923533e-03 train_mse=5.891519e-03 train_cos=0.995310 train_nmse=-20.371dB train_rec=0.000000e+00 train_recT=1.511067e-06 train_fc=3.050279e-03 train_decoder_tail=0.000000e+00
I 07.01/09:29:54 train_mapper.py:622 ] epoch=0132 train_loss=5.845527e-03 train_mse=5.813943e-03 train_cos=0.995371 train_nmse=-20.429dB train_rec=0.000000e+00 train_recT=1.485030e-06 train_fc=3.009902e-03 train_decoder_tail=0.000000e+00
I 07.01/09:30:11 train_mapper.py:622 ] epoch=0133 train_loss=5.809851e-03 train_mse=5.778521e-03 train_cos=0.995394 train_nmse=-20.456dB train_rec=0.000000e+00 train_recT=1.474115e-06 train_fc=2.985643e-03 train_decoder_tail=0.000000e+00
I 07.01/09:30:42 train_mapper.py:622 ] epoch=0134 train_loss=5.800821e-03 train_mse=5.769546e-03 train_cos=0.995401 train_nmse=-20.463dB train_rec=0.000000e+00 train_recT=1.471599e-06 train_fc=2.980360e-03 train_decoder_tail=0.000000e+00
I 07.01/09:31:21 train_mapper.py:622 ] epoch=0135 train_loss=5.776417e-03 train_mse=5.745271e-03 train_cos=0.995421 train_nmse=-20.481dB train_rec=0.000000e+00 train_recT=1.468860e-06 train_fc=2.967718e-03 train_decoder_tail=0.000000e+00
I 07.01/09:31:34 train_mapper.py:622 ] epoch=0136 train_loss=5.739708e-03 train_mse=5.708758e-03 train_cos=0.995451 train_nmse=-20.509dB train_rec=0.000000e+00 train_recT=1.457118e-06 train_fc=2.949257e-03 train_decoder_tail=0.000000e+00
I 07.01/09:32:07 train_mapper.py:622 ] epoch=0137 train_loss=5.728571e-03 train_mse=5.697705e-03 train_cos=0.995458 train_nmse=-20.517dB train_rec=0.000000e+00 train_recT=1.452389e-06 train_fc=2.941357e-03 train_decoder_tail=0.000000e+00
I 07.01/09:32:37 train_mapper.py:622 ] epoch=0138 train_loss=5.689273e-03 train_mse=5.658604e-03 train_cos=0.995490 train_nmse=-20.547dB train_rec=0.000000e+00 train_recT=1.442400e-06 train_fc=2.922583e-03 train_decoder_tail=0.000000e+00
I 07.01/09:33:08 train_mapper.py:622 ] epoch=0139 train_loss=5.685103e-03 train_mse=5.654481e-03 train_cos=0.995491 train_nmse=-20.550dB train_rec=0.000000e+00 train_recT=1.440526e-06 train_fc=2.918186e-03 train_decoder_tail=0.000000e+00
I 07.01/09:33:40 train_mapper.py:622 ] epoch=0140 train_loss=5.658127e-03 train_mse=5.627602e-03 train_cos=0.995513 train_nmse=-20.571dB train_rec=0.000000e+00 train_recT=1.431930e-06 train_fc=2.909274e-03 train_decoder_tail=0.000000e+00
I 07.01/09:34:11 train_mapper.py:622 ] epoch=0141 train_loss=5.632691e-03 train_mse=5.602326e-03 train_cos=0.995535 train_nmse=-20.590dB train_rec=0.000000e+00 train_recT=1.427274e-06 train_fc=2.893783e-03 train_decoder_tail=0.000000e+00
I 07.01/09:34:44 train_mapper.py:622 ] epoch=0142 train_loss=5.644111e-03 train_mse=5.613691e-03 train_cos=0.995525 train_nmse=-20.582dB train_rec=0.000000e+00 train_recT=1.432485e-06 train_fc=2.898722e-03 train_decoder_tail=0.000000e+00
I 07.01/09:35:09 train_mapper.py:622 ] epoch=0143 train_loss=5.585227e-03 train_mse=5.555150e-03 train_cos=0.995571 train_nmse=-20.627dB train_rec=0.000000e+00 train_recT=1.415100e-06 train_fc=2.866255e-03 train_decoder_tail=0.000000e+00
I 07.01/09:35:30 train_mapper.py:622 ] epoch=0144 train_loss=5.592157e-03 train_mse=5.562052e-03 train_cos=0.995562 train_nmse=-20.622dB train_rec=0.000000e+00 train_recT=1.409582e-06 train_fc=2.869573e-03 train_decoder_tail=0.000000e+00
I 07.01/09:35:57 train_mapper.py:622 ] epoch=0145 train_loss=5.531746e-03 train_mse=5.501986e-03 train_cos=0.995612 train_nmse=-20.669dB train_rec=0.000000e+00 train_recT=1.398852e-06 train_fc=2.836103e-03 train_decoder_tail=0.000000e+00
I 07.01/09:36:24 train_mapper.py:622 ] epoch=0146 train_loss=5.524394e-03 train_mse=5.494666e-03 train_cos=0.995611 train_nmse=-20.675dB train_rec=0.000000e+00 train_recT=1.386565e-06 train_fc=2.834095e-03 train_decoder_tail=0.000000e+00
I 07.01/09:36:37 train_mapper.py:622 ] epoch=0147 train_loss=5.513303e-03 train_mse=5.483631e-03 train_cos=0.995623 train_nmse=-20.683dB train_rec=0.000000e+00 train_recT=1.386591e-06 train_fc=2.828550e-03 train_decoder_tail=0.000000e+00
I 07.01/09:36:51 train_mapper.py:622 ] epoch=0148 train_loss=5.480866e-03 train_mse=5.451376e-03 train_cos=0.995652 train_nmse=-20.709dB train_rec=0.000000e+00 train_recT=1.379386e-06 train_fc=2.811150e-03 train_decoder_tail=0.000000e+00
I 07.01/09:37:11 train_mapper.py:622 ] epoch=0149 train_loss=5.457047e-03 train_mse=5.427657e-03 train_cos=0.995673 train_nmse=-20.728dB train_rec=0.000000e+00 train_recT=1.377273e-06 train_fc=2.801249e-03 train_decoder_tail=0.000000e+00
I 07.01/09:37:26 train_mapper.py:622 ] epoch=0150 train_loss=5.464869e-03 train_mse=5.435453e-03 train_cos=0.995661 train_nmse=-20.722dB train_rec=0.000000e+00 train_recT=1.373499e-06 train_fc=2.804313e-03 train_decoder_tail=0.000000e+00
I 07.01/09:37:37 train_mapper.py:622 ] epoch=0151 train_loss=5.428389e-03 train_mse=5.399156e-03 train_cos=0.995693 train_nmse=-20.751dB train_rec=0.000000e+00 train_recT=1.364807e-06 train_fc=2.786777e-03 train_decoder_tail=0.000000e+00
I 07.01/09:37:50 train_mapper.py:622 ] epoch=0152 train_loss=5.429370e-03 train_mse=5.400149e-03 train_cos=0.995690 train_nmse=-20.750dB train_rec=0.000000e+00 train_recT=1.371479e-06 train_fc=2.784941e-03 train_decoder_tail=0.000000e+00
I 07.01/09:38:06 train_mapper.py:622 ] epoch=0153 train_loss=5.383290e-03 train_mse=5.354331e-03 train_cos=0.995727 train_nmse=-20.787dB train_rec=0.000000e+00 train_recT=1.353144e-06 train_fc=2.760605e-03 train_decoder_tail=0.000000e+00
I 07.01/09:38:20 train_mapper.py:622 ] epoch=0154 train_loss=5.360952e-03 train_mse=5.332119e-03 train_cos=0.995745 train_nmse=-20.805dB train_rec=0.000000e+00 train_recT=1.352172e-06 train_fc=2.748154e-03 train_decoder_tail=0.000000e+00
I 07.01/09:38:33 train_mapper.py:622 ] epoch=0155 train_loss=5.352334e-03 train_mse=5.323556e-03 train_cos=0.995751 train_nmse=-20.812dB train_rec=0.000000e+00 train_recT=1.349893e-06 train_fc=2.742834e-03 train_decoder_tail=0.000000e+00
I 07.01/09:38:48 train_mapper.py:622 ] epoch=0156 train_loss=5.344264e-03 train_mse=5.315527e-03 train_cos=0.995756 train_nmse=-20.818dB train_rec=0.000000e+00 train_recT=1.345070e-06 train_fc=2.739226e-03 train_decoder_tail=0.000000e+00
I 07.01/09:39:14 train_mapper.py:622 ] epoch=0157 train_loss=5.312114e-03 train_mse=5.283538e-03 train_cos=0.995780 train_nmse=-20.844dB train_rec=0.000000e+00 train_recT=1.332987e-06 train_fc=2.724310e-03 train_decoder_tail=0.000000e+00
I 07.01/09:39:31 train_mapper.py:622 ] epoch=0158 train_loss=5.301256e-03 train_mse=5.272770e-03 train_cos=0.995792 train_nmse=-20.854dB train_rec=0.000000e+00 train_recT=1.330737e-06 train_fc=2.715462e-03 train_decoder_tail=0.000000e+00
I 07.01/09:39:47 train_mapper.py:622 ] epoch=0159 train_loss=5.265714e-03 train_mse=5.237433e-03 train_cos=0.995816 train_nmse=-20.883dB train_rec=0.000000e+00 train_recT=1.316730e-06 train_fc=2.696518e-03 train_decoder_tail=0.000000e+00
I 07.01/09:40:05 train_mapper.py:622 ] epoch=0160 train_loss=5.232719e-03 train_mse=5.204625e-03 train_cos=0.995842 train_nmse=-20.910dB train_rec=0.000000e+00 train_recT=1.310668e-06 train_fc=2.678314e-03 train_decoder_tail=0.000000e+00
I 07.01/09:40:19 train_mapper.py:622 ] epoch=0161 train_loss=5.213100e-03 train_mse=5.185081e-03 train_cos=0.995858 train_nmse=-20.926dB train_rec=0.000000e+00 train_recT=1.305805e-06 train_fc=2.671326e-03 train_decoder_tail=0.000000e+00
I 07.01/09:40:33 train_mapper.py:622 ] epoch=0162 train_loss=5.242392e-03 train_mse=5.214210e-03 train_cos=0.995835 train_nmse=-20.902dB train_rec=0.000000e+00 train_recT=1.313455e-06 train_fc=2.686847e-03 train_decoder_tail=0.000000e+00
I 07.01/09:40:46 train_mapper.py:622 ] epoch=0163 train_loss=5.200847e-03 train_mse=5.172902e-03 train_cos=0.995869 train_nmse=-20.937dB train_rec=0.000000e+00 train_recT=1.299146e-06 train_fc=2.664582e-03 train_decoder_tail=0.000000e+00
I 07.01/09:41:00 train_mapper.py:622 ] epoch=0164 train_loss=5.205796e-03 train_mse=5.177815e-03 train_cos=0.995866 train_nmse=-20.932dB train_rec=0.000000e+00 train_recT=1.307205e-06 train_fc=2.667327e-03 train_decoder_tail=0.000000e+00
I 07.01/09:41:17 train_mapper.py:622 ] epoch=0165 train_loss=5.195997e-03 train_mse=5.168070e-03 train_cos=0.995873 train_nmse=-20.941dB train_rec=0.000000e+00 train_recT=1.301953e-06 train_fc=2.662522e-03 train_decoder_tail=0.000000e+00
I 07.01/09:41:37 train_mapper.py:622 ] epoch=0166 train_loss=5.148885e-03 train_mse=5.121233e-03 train_cos=0.995911 train_nmse=-20.980dB train_rec=0.000000e+00 train_recT=1.289377e-06 train_fc=2.636243e-03 train_decoder_tail=0.000000e+00
I 07.01/09:41:57 train_mapper.py:622 ] epoch=0167 train_loss=5.142086e-03 train_mse=5.114469e-03 train_cos=0.995914 train_nmse=-20.986dB train_rec=0.000000e+00 train_recT=1.285582e-06 train_fc=2.633179e-03 train_decoder_tail=0.000000e+00
I 07.01/09:42:22 train_mapper.py:622 ] epoch=0168 train_loss=5.114270e-03 train_mse=5.086831e-03 train_cos=0.995937 train_nmse=-21.009dB train_rec=0.000000e+00 train_recT=1.279236e-06 train_fc=2.616034e-03 train_decoder_tail=0.000000e+00
I 07.01/09:42:37 train_mapper.py:622 ] epoch=0169 train_loss=5.086982e-03 train_mse=5.059694e-03 train_cos=0.995958 train_nmse=-21.032dB train_rec=0.000000e+00 train_recT=1.270821e-06 train_fc=2.601702e-03 train_decoder_tail=0.000000e+00
I 07.01/09:42:50 train_mapper.py:622 ] epoch=0170 train_loss=5.045948e-03 train_mse=5.018932e-03 train_cos=0.995988 train_nmse=-21.068dB train_rec=0.000000e+00 train_recT=1.254099e-06 train_fc=2.576195e-03 train_decoder_tail=0.000000e+00
I 07.01/09:43:10 train_mapper.py:622 ] epoch=0171 train_loss=5.088232e-03 train_mse=5.060926e-03 train_cos=0.995951 train_nmse=-21.032dB train_rec=0.000000e+00 train_recT=1.269801e-06 train_fc=2.603592e-03 train_decoder_tail=0.000000e+00
I 07.01/09:43:37 train_mapper.py:622 ] epoch=0172 train_loss=5.039260e-03 train_mse=5.012224e-03 train_cos=0.995996 train_nmse=-21.073dB train_rec=0.000000e+00 train_recT=1.257270e-06 train_fc=2.577859e-03 train_decoder_tail=0.000000e+00
I 07.01/09:44:00 train_mapper.py:622 ] epoch=0173 train_loss=5.004145e-03 train_mse=4.977315e-03 train_cos=0.996020 train_nmse=-21.104dB train_rec=0.000000e+00 train_recT=1.247870e-06 train_fc=2.558202e-03 train_decoder_tail=0.000000e+00
I 07.01/09:44:19 train_mapper.py:622 ] epoch=0174 train_loss=5.006480e-03 train_mse=4.979635e-03 train_cos=0.996020 train_nmse=-21.102dB train_rec=0.000000e+00 train_recT=1.247046e-06 train_fc=2.559761e-03 train_decoder_tail=0.000000e+00
I 07.01/09:44:32 train_mapper.py:622 ] epoch=0175 train_loss=5.031328e-03 train_mse=5.004339e-03 train_cos=0.996002 train_nmse=-21.081dB train_rec=0.000000e+00 train_recT=1.256322e-06 train_fc=2.573297e-03 train_decoder_tail=0.000000e+00
I 07.01/09:44:45 train_mapper.py:622 ] epoch=0176 train_loss=4.997028e-03 train_mse=4.970197e-03 train_cos=0.996032 train_nmse=-21.110dB train_rec=0.000000e+00 train_recT=1.249962e-06 train_fc=2.558093e-03 train_decoder_tail=0.000000e+00
I 07.01/09:45:04 train_mapper.py:622 ] epoch=0177 train_loss=5.015980e-03 train_mse=4.989039e-03 train_cos=0.996014 train_nmse=-21.094dB train_rec=0.000000e+00 train_recT=1.256965e-06 train_fc=2.568408e-03 train_decoder_tail=0.000000e+00
I 07.01/09:45:31 train_mapper.py:622 ] epoch=0178 train_loss=4.985769e-03 train_mse=4.959015e-03 train_cos=0.996037 train_nmse=-21.120dB train_rec=0.000000e+00 train_recT=1.240401e-06 train_fc=2.551352e-03 train_decoder_tail=0.000000e+00
I 07.01/09:45:51 train_mapper.py:622 ] epoch=0179 train_loss=4.935108e-03 train_mse=4.908638e-03 train_cos=0.996076 train_nmse=-21.164dB train_rec=0.000000e+00 train_recT=1.231713e-06 train_fc=2.523831e-03 train_decoder_tail=0.000000e+00
I 07.01/09:46:07 train_mapper.py:622 ] epoch=0180 train_loss=4.935997e-03 train_mse=4.909530e-03 train_cos=0.996074 train_nmse=-21.163dB train_rec=0.000000e+00 train_recT=1.229895e-06 train_fc=2.523627e-03 train_decoder_tail=0.000000e+00
I 07.01/09:46:30 train_mapper.py:622 ] epoch=0181 train_loss=4.916528e-03 train_mse=4.890153e-03 train_cos=0.996090 train_nmse=-21.181dB train_rec=0.000000e+00 train_recT=1.224278e-06 train_fc=2.515151e-03 train_decoder_tail=0.000000e+00
I 07.01/09:46:50 train_mapper.py:622 ] epoch=0182 train_loss=4.901276e-03 train_mse=4.874981e-03 train_cos=0.996102 train_nmse=-21.194dB train_rec=0.000000e+00 train_recT=1.218328e-06 train_fc=2.507671e-03 train_decoder_tail=0.000000e+00
I 07.01/09:47:08 train_mapper.py:622 ] epoch=0183 train_loss=4.866416e-03 train_mse=4.840328e-03 train_cos=0.996131 train_nmse=-21.225dB train_rec=0.000000e+00 train_recT=1.208750e-06 train_fc=2.487948e-03 train_decoder_tail=0.000000e+00
I 07.01/09:47:24 train_mapper.py:622 ] epoch=0184 train_loss=4.864436e-03 train_mse=4.838368e-03 train_cos=0.996130 train_nmse=-21.227dB train_rec=0.000000e+00 train_recT=1.208851e-06 train_fc=2.485911e-03 train_decoder_tail=0.000000e+00
I 07.01/09:47:40 train_mapper.py:622 ] epoch=0185 train_loss=4.848981e-03 train_mse=4.823014e-03 train_cos=0.996142 train_nmse=-21.241dB train_rec=0.000000e+00 train_recT=1.206939e-06 train_fc=2.476010e-03 train_decoder_tail=0.000000e+00
I 07.01/09:48:06 train_mapper.py:622 ] epoch=0186 train_loss=4.832168e-03 train_mse=4.806249e-03 train_cos=0.996157 train_nmse=-21.256dB train_rec=0.000000e+00 train_recT=1.200252e-06 train_fc=2.471833e-03 train_decoder_tail=0.000000e+00
I 07.01/09:48:20 train_mapper.py:622 ] epoch=0187 train_loss=4.821716e-03 train_mse=4.795892e-03 train_cos=0.996162 train_nmse=-21.265dB train_rec=0.000000e+00 train_recT=1.193818e-06 train_fc=2.463003e-03 train_decoder_tail=0.000000e+00
I 07.01/09:48:34 train_mapper.py:622 ] epoch=0188 train_loss=4.816919e-03 train_mse=4.791121e-03 train_cos=0.996169 train_nmse=-21.269dB train_rec=0.000000e+00 train_recT=1.196207e-06 train_fc=2.460199e-03 train_decoder_tail=0.000000e+00
I 07.01/09:48:47 train_mapper.py:622 ] epoch=0189 train_loss=4.813630e-03 train_mse=4.787850e-03 train_cos=0.996172 train_nmse=-21.272dB train_rec=0.000000e+00 train_recT=1.197894e-06 train_fc=2.458226e-03 train_decoder_tail=0.000000e+00
I 07.01/09:49:00 train_mapper.py:622 ] epoch=0190 train_loss=4.821411e-03 train_mse=4.795565e-03 train_cos=0.996168 train_nmse=-21.265dB train_rec=0.000000e+00 train_recT=1.203996e-06 train_fc=2.464176e-03 train_decoder_tail=0.000000e+00
I 07.01/09:49:15 train_mapper.py:622 ] epoch=0191 train_loss=4.784112e-03 train_mse=4.758488e-03 train_cos=0.996195 train_nmse=-21.299dB train_rec=0.000000e+00 train_recT=1.190606e-06 train_fc=2.443351e-03 train_decoder_tail=0.000000e+00
I 07.01/09:49:36 train_mapper.py:622 ] epoch=0192 train_loss=4.765890e-03 train_mse=4.740359e-03 train_cos=0.996208 train_nmse=-21.316dB train_rec=0.000000e+00 train_recT=1.181169e-06 train_fc=2.434985e-03 train_decoder_tail=0.000000e+00
I 07.01/09:49:57 train_mapper.py:622 ] epoch=0193 train_loss=4.773615e-03 train_mse=4.748039e-03 train_cos=0.996203 train_nmse=-21.309dB train_rec=0.000000e+00 train_recT=1.187492e-06 train_fc=2.438783e-03 train_decoder_tail=0.000000e+00
I 07.01/09:50:18 train_mapper.py:622 ] epoch=0194 train_loss=4.731740e-03 train_mse=4.706423e-03 train_cos=0.996235 train_nmse=-21.347dB train_rec=0.000000e+00 train_recT=1.172366e-06 train_fc=2.414452e-03 train_decoder_tail=0.000000e+00
I 07.01/09:50:39 train_mapper.py:622 ] epoch=0195 train_loss=4.728139e-03 train_mse=4.702816e-03 train_cos=0.996239 train_nmse=-21.350dB train_rec=0.000000e+00 train_recT=1.175144e-06 train_fc=2.414748e-03 train_decoder_tail=0.000000e+00
I 07.01/09:50:53 train_mapper.py:622 ] epoch=0196 train_loss=4.725407e-03 train_mse=4.700083e-03 train_cos=0.996241 train_nmse=-21.353dB train_rec=0.000000e+00 train_recT=1.175134e-06 train_fc=2.414884e-03 train_decoder_tail=0.000000e+00
I 07.01/09:51:13 train_mapper.py:622 ] epoch=0197 train_loss=4.717137e-03 train_mse=4.691857e-03 train_cos=0.996249 train_nmse=-21.360dB train_rec=0.000000e+00 train_recT=1.171168e-06 train_fc=2.410922e-03 train_decoder_tail=0.000000e+00
I 07.01/09:51:27 train_mapper.py:622 ] epoch=0198 train_loss=4.699002e-03 train_mse=4.673880e-03 train_cos=0.996262 train_nmse=-21.377dB train_rec=0.000000e+00 train_recT=1.162535e-06 train_fc=2.395911e-03 train_decoder_tail=0.000000e+00
I 07.01/09:51:40 train_mapper.py:622 ] epoch=0199 train_loss=4.658614e-03 train_mse=4.633709e-03 train_cos=0.996292 train_nmse=-21.415dB train_rec=0.000000e+00 train_recT=1.149695e-06 train_fc=2.375521e-03 train_decoder_tail=0.000000e+00
I 07.01/09:51:56 train_mapper.py:622 ] epoch=0200 train_loss=4.646461e-03 train_mse=4.621592e-03 train_cos=0.996302 train_nmse=-21.426dB train_rec=0.000000e+00 train_recT=1.147965e-06 train_fc=2.372047e-03 train_decoder_tail=0.000000e+00
I 07.01/09:52:14 train_mapper.py:622 ] epoch=0201 train_loss=4.648583e-03 train_mse=4.623713e-03 train_cos=0.996301 train_nmse=-21.424dB train_rec=0.000000e+00 train_recT=1.155063e-06 train_fc=2.371552e-03 train_decoder_tail=0.000000e+00
I 07.01/09:52:27 train_mapper.py:622 ] epoch=0202 train_loss=4.638150e-03 train_mse=4.613358e-03 train_cos=0.996309 train_nmse=-21.434dB train_rec=0.000000e+00 train_recT=1.147005e-06 train_fc=2.364561e-03 train_decoder_tail=0.000000e+00
I 07.01/09:52:41 train_mapper.py:622 ] epoch=0203 train_loss=4.620966e-03 train_mse=4.596261e-03 train_cos=0.996322 train_nmse=-21.450dB train_rec=0.000000e+00 train_recT=1.142521e-06 train_fc=2.356225e-03 train_decoder_tail=0.000000e+00
I 07.01/09:52:57 train_mapper.py:622 ] epoch=0204 train_loss=4.626330e-03 train_mse=4.601551e-03 train_cos=0.996320 train_nmse=-21.445dB train_rec=0.000000e+00 train_recT=1.145596e-06 train_fc=2.363337e-03 train_decoder_tail=0.000000e+00
I 07.01/09:53:27 train_mapper.py:622 ] epoch=0205 train_loss=4.595579e-03 train_mse=4.571021e-03 train_cos=0.996345 train_nmse=-21.474dB train_rec=0.000000e+00 train_recT=1.139863e-06 train_fc=2.341811e-03 train_decoder_tail=0.000000e+00
I 07.01/09:53:42 train_mapper.py:622 ] epoch=0206 train_loss=4.599181e-03 train_mse=4.574556e-03 train_cos=0.996342 train_nmse=-21.470dB train_rec=0.000000e+00 train_recT=1.143618e-06 train_fc=2.348131e-03 train_decoder_tail=0.000000e+00
I 07.01/09:53:56 train_mapper.py:622 ] epoch=0207 train_loss=4.600928e-03 train_mse=4.576284e-03 train_cos=0.996338 train_nmse=-21.469dB train_rec=0.000000e+00 train_recT=1.137884e-06 train_fc=2.350606e-03 train_decoder_tail=0.000000e+00
I 07.01/09:54:16 train_mapper.py:622 ] epoch=0208 train_loss=4.587785e-03 train_mse=4.563254e-03 train_cos=0.996349 train_nmse=-21.481dB train_rec=0.000000e+00 train_recT=1.133026e-06 train_fc=2.339839e-03 train_decoder_tail=0.000000e+00
I 07.01/09:54:30 train_mapper.py:622 ] epoch=0209 train_loss=4.586731e-03 train_mse=4.562180e-03 train_cos=0.996349 train_nmse=-21.482dB train_rec=0.000000e+00 train_recT=1.132038e-06 train_fc=2.341853e-03 train_decoder_tail=0.000000e+00
I 07.01/09:54:43 train_mapper.py:622 ] epoch=0210 train_loss=4.539053e-03 train_mse=4.514782e-03 train_cos=0.996389 train_nmse=-21.527dB train_rec=0.000000e+00 train_recT=1.125907e-06 train_fc=2.314494e-03 train_decoder_tail=0.000000e+00
I 07.01/09:55:02 train_mapper.py:622 ] epoch=0211 train_loss=4.529050e-03 train_mse=4.504836e-03 train_cos=0.996394 train_nmse=-21.537dB train_rec=0.000000e+00 train_recT=1.116538e-06 train_fc=2.309759e-03 train_decoder_tail=0.000000e+00
I 07.01/09:55:18 train_mapper.py:622 ] epoch=0212 train_loss=4.533967e-03 train_mse=4.509726e-03 train_cos=0.996389 train_nmse=-21.532dB train_rec=0.000000e+00 train_recT=1.117298e-06 train_fc=2.312313e-03 train_decoder_tail=0.000000e+00
I 07.01/09:55:37 train_mapper.py:622 ] epoch=0213 train_loss=4.499393e-03 train_mse=4.475349e-03 train_cos=0.996420 train_nmse=-21.565dB train_rec=0.000000e+00 train_recT=1.114704e-06 train_fc=2.292911e-03 train_decoder_tail=0.000000e+00
I 07.01/09:56:09 train_mapper.py:622 ] epoch=0214 train_loss=4.508087e-03 train_mse=4.484006e-03 train_cos=0.996410 train_nmse=-21.557dB train_rec=0.000000e+00 train_recT=1.109503e-06 train_fc=2.297195e-03 train_decoder_tail=0.000000e+00
I 07.01/09:56:29 train_mapper.py:622 ] epoch=0215 train_loss=4.492034e-03 train_mse=4.468020e-03 train_cos=0.996425 train_nmse=-21.573dB train_rec=0.000000e+00 train_recT=1.107282e-06 train_fc=2.290622e-03 train_decoder_tail=0.000000e+00
I 07.01/09:56:53 train_mapper.py:622 ] epoch=0216 train_loss=4.481128e-03 train_mse=4.457187e-03 train_cos=0.996433 train_nmse=-21.583dB train_rec=0.000000e+00 train_recT=1.107194e-06 train_fc=2.283380e-03 train_decoder_tail=0.000000e+00
I 07.01/09:57:17 train_mapper.py:622 ] epoch=0217 train_loss=4.474297e-03 train_mse=4.450364e-03 train_cos=0.996439 train_nmse=-21.590dB train_rec=0.000000e+00 train_recT=1.104953e-06 train_fc=2.282785e-03 train_decoder_tail=0.000000e+00
I 07.01/09:57:51 train_mapper.py:622 ] epoch=0218 train_loss=4.475178e-03 train_mse=4.451261e-03 train_cos=0.996437 train_nmse=-21.589dB train_rec=0.000000e+00 train_recT=1.108278e-06 train_fc=2.280904e-03 train_decoder_tail=0.000000e+00
I 07.01/09:58:10 train_mapper.py:622 ] epoch=0219 train_loss=4.448164e-03 train_mse=4.424398e-03 train_cos=0.996458 train_nmse=-21.616dB train_rec=0.000000e+00 train_recT=1.094037e-06 train_fc=2.267252e-03 train_decoder_tail=0.000000e+00
I 07.01/09:58:24 train_mapper.py:622 ] epoch=0220 train_loss=4.431628e-03 train_mse=4.407958e-03 train_cos=0.996472 train_nmse=-21.631dB train_rec=0.000000e+00 train_recT=1.090664e-06 train_fc=2.257977e-03 train_decoder_tail=0.000000e+00
I 07.01/09:58:38 train_mapper.py:622 ] epoch=0221 train_loss=4.454423e-03 train_mse=4.430606e-03 train_cos=0.996452 train_nmse=-21.609dB train_rec=0.000000e+00 train_recT=1.097628e-06 train_fc=2.271953e-03 train_decoder_tail=0.000000e+00
I 07.01/09:58:51 train_mapper.py:622 ] epoch=0222 train_loss=4.420983e-03 train_mse=4.397338e-03 train_cos=0.996481 train_nmse=-21.642dB train_rec=0.000000e+00 train_recT=1.090716e-06 train_fc=2.255461e-03 train_decoder_tail=0.000000e+00
I 07.01/09:59:15 train_mapper.py:622 ] epoch=0223 train_loss=4.419166e-03 train_mse=4.395527e-03 train_cos=0.996481 train_nmse=-21.644dB train_rec=0.000000e+00 train_recT=1.088218e-06 train_fc=2.255106e-03 train_decoder_tail=0.000000e+00
I 07.01/09:59:36 train_mapper.py:622 ] epoch=0224 train_loss=4.420425e-03 train_mse=4.396777e-03 train_cos=0.996481 train_nmse=-21.643dB train_rec=0.000000e+00 train_recT=1.094113e-06 train_fc=2.255426e-03 train_decoder_tail=0.000000e+00
I 07.01/09:59:50 train_mapper.py:622 ] epoch=0225 train_loss=4.370670e-03 train_mse=4.347319e-03 train_cos=0.996522 train_nmse=-21.692dB train_rec=0.000000e+00 train_recT=1.078681e-06 train_fc=2.227178e-03 train_decoder_tail=0.000000e+00
I 07.01/10:00:16 train_mapper.py:622 ] epoch=0226 train_loss=4.375379e-03 train_mse=4.352023e-03 train_cos=0.996515 train_nmse=-21.687dB train_rec=0.000000e+00 train_recT=1.075867e-06 train_fc=2.228022e-03 train_decoder_tail=0.000000e+00
I 07.01/10:00:36 train_mapper.py:622 ] epoch=0227 train_loss=4.368842e-03 train_mse=4.345526e-03 train_cos=0.996521 train_nmse=-21.693dB train_rec=0.000000e+00 train_recT=1.070904e-06 train_fc=2.224498e-03 train_decoder_tail=0.000000e+00
I 07.01/10:00:50 train_mapper.py:622 ] epoch=0228 train_loss=4.349491e-03 train_mse=4.326267e-03 train_cos=0.996537 train_nmse=-21.713dB train_rec=0.000000e+00 train_recT=1.072816e-06 train_fc=2.215113e-03 train_decoder_tail=0.000000e+00
I 07.01/10:01:14 train_mapper.py:622 ] epoch=0229 train_loss=4.357775e-03 train_mse=4.334515e-03 train_cos=0.996530 train_nmse=-21.704dB train_rec=0.000000e+00 train_recT=1.074537e-06 train_fc=2.218541e-03 train_decoder_tail=0.000000e+00
I 07.01/10:01:33 train_mapper.py:622 ] epoch=0230 train_loss=4.337830e-03 train_mse=4.314652e-03 train_cos=0.996546 train_nmse=-21.724dB train_rec=0.000000e+00 train_recT=1.067869e-06 train_fc=2.211108e-03 train_decoder_tail=0.000000e+00
I 07.01/10:02:01 train_mapper.py:622 ] epoch=0231 train_loss=4.337781e-03 train_mse=4.314629e-03 train_cos=0.996546 train_nmse=-21.724dB train_rec=0.000000e+00 train_recT=1.064332e-06 train_fc=2.208738e-03 train_decoder_tail=0.000000e+00
I 07.01/10:02:21 train_mapper.py:622 ] epoch=0232 train_loss=4.324923e-03 train_mse=4.301831e-03 train_cos=0.996554 train_nmse=-21.737dB train_rec=0.000000e+00 train_recT=1.059903e-06 train_fc=2.203216e-03 train_decoder_tail=0.000000e+00
I 07.01/10:02:34 train_mapper.py:622 ] epoch=0233 train_loss=4.305724e-03 train_mse=4.282732e-03 train_cos=0.996572 train_nmse=-21.756dB train_rec=0.000000e+00 train_recT=1.057714e-06 train_fc=2.193394e-03 train_decoder_tail=0.000000e+00
I 07.01/10:03:04 train_mapper.py:622 ] epoch=0234 train_loss=4.296408e-03 train_mse=4.273483e-03 train_cos=0.996578 train_nmse=-21.766dB train_rec=0.000000e+00 train_recT=1.056330e-06 train_fc=2.186848e-03 train_decoder_tail=0.000000e+00
I 07.01/10:03:17 train_mapper.py:622 ] epoch=0235 train_loss=4.302716e-03 train_mse=4.279734e-03 train_cos=0.996574 train_nmse=-21.760dB train_rec=0.000000e+00 train_recT=1.059225e-06 train_fc=2.192215e-03 train_decoder_tail=0.000000e+00
I 07.01/10:03:30 train_mapper.py:622 ] epoch=0236 train_loss=4.279759e-03 train_mse=4.256920e-03 train_cos=0.996594 train_nmse=-21.783dB train_rec=0.000000e+00 train_recT=1.052853e-06 train_fc=2.178566e-03 train_decoder_tail=0.000000e+00
I 07.01/10:03:45 train_mapper.py:622 ] epoch=0237 train_loss=4.286023e-03 train_mse=4.263127e-03 train_cos=0.996587 train_nmse=-21.777dB train_rec=0.000000e+00 train_recT=1.053234e-06 train_fc=2.184328e-03 train_decoder_tail=0.000000e+00
I 07.01/10:03:58 train_mapper.py:622 ] epoch=0238 train_loss=4.277415e-03 train_mse=4.254568e-03 train_cos=0.996593 train_nmse=-21.785dB train_rec=0.000000e+00 train_recT=1.049110e-06 train_fc=2.179883e-03 train_decoder_tail=0.000000e+00
I 07.01/10:04:14 train_mapper.py:622 ] epoch=0239 train_loss=4.277552e-03 train_mse=4.254734e-03 train_cos=0.996594 train_nmse=-21.785dB train_rec=0.000000e+00 train_recT=1.052575e-06 train_fc=2.176565e-03 train_decoder_tail=0.000000e+00
I 07.01/10:04:27 train_mapper.py:622 ] epoch=0240 train_loss=4.231074e-03 train_mse=4.208496e-03 train_cos=0.996632 train_nmse=-21.832dB train_rec=0.000000e+00 train_recT=1.039681e-06 train_fc=2.153816e-03 train_decoder_tail=0.000000e+00
I 07.01/10:04:41 train_mapper.py:622 ] epoch=0241 train_loss=4.238532e-03 train_mse=4.215917e-03 train_cos=0.996625 train_nmse=-21.825dB train_rec=0.000000e+00 train_recT=1.045129e-06 train_fc=2.157053e-03 train_decoder_tail=0.000000e+00
I 07.01/10:04:54 train_mapper.py:622 ] epoch=0242 train_loss=4.234753e-03 train_mse=4.212143e-03 train_cos=0.996627 train_nmse=-21.829dB train_rec=0.000000e+00 train_recT=1.042032e-06 train_fc=2.156830e-03 train_decoder_tail=0.000000e+00
I 07.01/10:05:15 train_mapper.py:622 ] epoch=0243 train_loss=4.211769e-03 train_mse=4.189334e-03 train_cos=0.996644 train_nmse=-21.852dB train_rec=0.000000e+00 train_recT=1.035401e-06 train_fc=2.139937e-03 train_decoder_tail=0.000000e+00
I 07.01/10:05:35 train_mapper.py:622 ] epoch=0244 train_loss=4.204202e-03 train_mse=4.181747e-03 train_cos=0.996652 train_nmse=-21.860dB train_rec=0.000000e+00 train_recT=1.034089e-06 train_fc=2.142140e-03 train_decoder_tail=0.000000e+00
I 07.01/10:05:51 train_mapper.py:622 ] epoch=0245 train_loss=4.210149e-03 train_mse=4.187677e-03 train_cos=0.996646 train_nmse=-21.854dB train_rec=0.000000e+00 train_recT=1.033873e-06 train_fc=2.143797e-03 train_decoder_tail=0.000000e+00
I 07.01/10:06:13 train_mapper.py:622 ] epoch=0246 train_loss=4.205394e-03 train_mse=4.182917e-03 train_cos=0.996649 train_nmse=-21.859dB train_rec=0.000000e+00 train_recT=1.031763e-06 train_fc=2.144473e-03 train_decoder_tail=0.000000e+00
I 07.01/10:06:44 train_mapper.py:622 ] epoch=0247 train_loss=4.203448e-03 train_mse=4.180989e-03 train_cos=0.996652 train_nmse=-21.861dB train_rec=0.000000e+00 train_recT=1.030545e-06 train_fc=2.142873e-03 train_decoder_tail=0.000000e+00
I 07.01/10:07:20 train_mapper.py:622 ] epoch=0248 train_loss=4.176777e-03 train_mse=4.154480e-03 train_cos=0.996673 train_nmse=-21.889dB train_rec=0.000000e+00 train_recT=1.021987e-06 train_fc=2.127452e-03 train_decoder_tail=0.000000e+00
I 07.01/10:07:50 train_mapper.py:622 ] epoch=0249 train_loss=4.167652e-03 train_mse=4.145411e-03 train_cos=0.996680 train_nmse=-21.898dB train_rec=0.000000e+00 train_recT=1.019484e-06 train_fc=2.122120e-03 train_decoder_tail=0.000000e+00
I 07.01/10:08:22 train_mapper.py:622 ] epoch=0250 train_loss=4.168305e-03 train_mse=4.146074e-03 train_cos=0.996681 train_nmse=-21.897dB train_rec=0.000000e+00 train_recT=1.024033e-06 train_fc=2.120717e-03 train_decoder_tail=0.000000e+00
I 07.01/10:08:38 train_mapper.py:622 ] epoch=0251 train_loss=4.142798e-03 train_mse=4.120670e-03 train_cos=0.996701 train_nmse=-21.924dB train_rec=0.000000e+00 train_recT=1.019051e-06 train_fc=2.110872e-03 train_decoder_tail=0.000000e+00
I 07.01/10:08:51 train_mapper.py:622 ] epoch=0252 train_loss=4.129730e-03 train_mse=4.107705e-03 train_cos=0.996711 train_nmse=-21.938dB train_rec=0.000000e+00 train_recT=1.011781e-06 train_fc=2.101308e-03 train_decoder_tail=0.000000e+00
I 07.01/10:09:09 train_mapper.py:622 ] epoch=0253 train_loss=4.136662e-03 train_mse=4.114620e-03 train_cos=0.996703 train_nmse=-21.931dB train_rec=0.000000e+00 train_recT=1.012122e-06 train_fc=2.103042e-03 train_decoder_tail=0.000000e+00
I 07.01/10:09:30 train_mapper.py:622 ] epoch=0254 train_loss=4.111179e-03 train_mse=4.089246e-03 train_cos=0.996724 train_nmse=-21.958dB train_rec=0.000000e+00 train_recT=1.005741e-06 train_fc=2.092712e-03 train_decoder_tail=0.000000e+00
I 07.01/10:09:51 train_mapper.py:622 ] epoch=0255 train_loss=4.131430e-03 train_mse=4.109380e-03 train_cos=0.996708 train_nmse=-21.936dB train_rec=0.000000e+00 train_recT=1.010600e-06 train_fc=2.103890e-03 train_decoder_tail=0.000000e+00
I 07.01/10:10:26 train_mapper.py:622 ] epoch=0256 train_loss=4.107238e-03 train_mse=4.085334e-03 train_cos=0.996727 train_nmse=-21.961dB train_rec=0.000000e+00 train_recT=1.006424e-06 train_fc=2.089784e-03 train_decoder_tail=0.000000e+00
I 07.01/10:11:08 train_mapper.py:622 ] epoch=0257 train_loss=4.119441e-03 train_mse=4.097455e-03 train_cos=0.996717 train_nmse=-21.949dB train_rec=0.000000e+00 train_recT=1.009299e-06 train_fc=2.097632e-03 train_decoder_tail=0.000000e+00
I 07.01/10:11:29 train_mapper.py:622 ] epoch=0258 train_loss=4.086906e-03 train_mse=4.065096e-03 train_cos=0.996746 train_nmse=-21.983dB train_rec=0.000000e+00 train_recT=1.001861e-06 train_fc=2.080805e-03 train_decoder_tail=0.000000e+00
I 07.01/10:11:47 train_mapper.py:622 ] epoch=0259 train_loss=4.092800e-03 train_mse=4.070958e-03 train_cos=0.996739 train_nmse=-21.977dB train_rec=0.000000e+00 train_recT=1.002662e-06 train_fc=2.083895e-03 train_decoder_tail=0.000000e+00
I 07.01/10:12:01 train_mapper.py:622 ] epoch=0260 train_loss=4.073738e-03 train_mse=4.051999e-03 train_cos=0.996754 train_nmse=-21.997dB train_rec=0.000000e+00 train_recT=9.972176e-07 train_fc=2.074153e-03 train_decoder_tail=0.000000e+00
I 07.01/10:12:16 train_mapper.py:622 ] epoch=0261 train_loss=4.084815e-03 train_mse=4.063001e-03 train_cos=0.996745 train_nmse=-21.986dB train_rec=0.000000e+00 train_recT=1.006326e-06 train_fc=2.080733e-03 train_decoder_tail=0.000000e+00
I 07.01/10:12:29 train_mapper.py:622 ] epoch=0262 train_loss=4.087545e-03 train_mse=4.065692e-03 train_cos=0.996743 train_nmse=-21.982dB train_rec=0.000000e+00 train_recT=9.998050e-07 train_fc=2.085339e-03 train_decoder_tail=0.000000e+00
I 07.01/10:12:50 train_mapper.py:622 ] epoch=0263 train_loss=4.064777e-03 train_mse=4.043072e-03 train_cos=0.996764 train_nmse=-22.007dB train_rec=0.000000e+00 train_recT=9.975324e-07 train_fc=2.070777e-03 train_decoder_tail=0.000000e+00
I 07.01/10:13:06 train_mapper.py:622 ] epoch=0264 train_loss=4.025460e-03 train_mse=4.004001e-03 train_cos=0.996795 train_nmse=-22.049dB train_rec=0.000000e+00 train_recT=9.857925e-07 train_fc=2.047283e-03 train_decoder_tail=0.000000e+00
I 07.01/10:13:20 train_mapper.py:622 ] epoch=0265 train_loss=4.025328e-03 train_mse=4.003877e-03 train_cos=0.996790 train_nmse=-22.049dB train_rec=0.000000e+00 train_recT=9.820920e-07 train_fc=2.046915e-03 train_decoder_tail=0.000000e+00
I 07.01/10:13:40 train_mapper.py:622 ] epoch=0266 train_loss=4.022483e-03 train_mse=4.001032e-03 train_cos=0.996793 train_nmse=-22.052dB train_rec=0.000000e+00 train_recT=9.814281e-07 train_fc=2.046876e-03 train_decoder_tail=0.000000e+00
I 07.01/10:13:56 train_mapper.py:622 ] epoch=0267 train_loss=4.027822e-03 train_mse=4.006365e-03 train_cos=0.996791 train_nmse=-22.046dB train_rec=0.000000e+00 train_recT=9.874492e-07 train_fc=2.047018e-03 train_decoder_tail=0.000000e+00
I 07.01/10:14:32 train_mapper.py:622 ] epoch=0268 train_loss=4.007196e-03 train_mse=3.985824e-03 train_cos=0.996805 train_nmse=-22.069dB train_rec=0.000000e+00 train_recT=9.789954e-07 train_fc=2.039230e-03 train_decoder_tail=0.000000e+00
I 07.01/10:14:54 train_mapper.py:622 ] epoch=0269 train_loss=4.006334e-03 train_mse=3.984970e-03 train_cos=0.996807 train_nmse=-22.069dB train_rec=0.000000e+00 train_recT=9.764033e-07 train_fc=2.038709e-03 train_decoder_tail=0.000000e+00
I 07.01/10:15:11 train_mapper.py:622 ] epoch=0270 train_loss=3.990283e-03 train_mse=3.969010e-03 train_cos=0.996819 train_nmse=-22.087dB train_rec=0.000000e+00 train_recT=9.751625e-07 train_fc=2.029722e-03 train_decoder_tail=0.000000e+00
I 07.01/10:15:25 train_mapper.py:622 ] epoch=0271 train_loss=3.998426e-03 train_mse=3.977090e-03 train_cos=0.996813 train_nmse=-22.078dB train_rec=0.000000e+00 train_recT=9.778103e-07 train_fc=2.035794e-03 train_decoder_tail=0.000000e+00
I 07.01/10:15:38 train_mapper.py:622 ] epoch=0272 train_loss=3.997598e-03 train_mse=3.976271e-03 train_cos=0.996816 train_nmse=-22.079dB train_rec=0.000000e+00 train_recT=9.783435e-07 train_fc=2.034826e-03 train_decoder_tail=0.000000e+00
I 07.01/10:15:51 train_mapper.py:622 ] epoch=0273 train_loss=3.998707e-03 train_mse=3.977350e-03 train_cos=0.996814 train_nmse=-22.078dB train_rec=0.000000e+00 train_recT=9.789170e-07 train_fc=2.037730e-03 train_decoder_tail=0.000000e+00
I 07.01/10:16:07 train_mapper.py:622 ] epoch=0274 train_loss=3.966812e-03 train_mse=3.945638e-03 train_cos=0.996840 train_nmse=-22.112dB train_rec=0.000000e+00 train_recT=9.678249e-07 train_fc=2.020646e-03 train_decoder_tail=0.000000e+00
I 07.01/10:16:21 train_mapper.py:622 ] epoch=0275 train_loss=3.973113e-03 train_mse=3.951926e-03 train_cos=0.996835 train_nmse=-22.106dB train_rec=0.000000e+00 train_recT=9.714293e-07 train_fc=2.021622e-03 train_decoder_tail=0.000000e+00
I 07.01/10:16:34 train_mapper.py:622 ] epoch=0276 train_loss=3.956794e-03 train_mse=3.935670e-03 train_cos=0.996847 train_nmse=-22.124dB train_rec=0.000000e+00 train_recT=9.665447e-07 train_fc=2.015693e-03 train_decoder_tail=0.000000e+00
I 07.01/10:16:49 train_mapper.py:622 ] epoch=0277 train_loss=3.957403e-03 train_mse=3.936270e-03 train_cos=0.996844 train_nmse=-22.123dB train_rec=0.000000e+00 train_recT=9.664752e-07 train_fc=2.016617e-03 train_decoder_tail=0.000000e+00
I 07.01/10:17:05 train_mapper.py:622 ] epoch=0278 train_loss=3.934849e-03 train_mse=3.913867e-03 train_cos=0.996865 train_nmse=-22.148dB train_rec=0.000000e+00 train_recT=9.590717e-07 train_fc=2.002252e-03 train_decoder_tail=0.000000e+00
I 07.01/10:17:18 train_mapper.py:622 ] epoch=0279 train_loss=3.917196e-03 train_mse=3.896355e-03 train_cos=0.996877 train_nmse=-22.167dB train_rec=0.000000e+00 train_recT=9.509752e-07 train_fc=1.988970e-03 train_decoder_tail=0.000000e+00
I 07.01/10:17:33 train_mapper.py:622 ] epoch=0280 train_loss=3.908217e-03 train_mse=3.887392e-03 train_cos=0.996885 train_nmse=-22.177dB train_rec=0.000000e+00 train_recT=9.525171e-07 train_fc=1.987175e-03 train_decoder_tail=0.000000e+00
I 07.01/10:17:47 train_mapper.py:622 ] epoch=0281 train_loss=3.913910e-03 train_mse=3.893062e-03 train_cos=0.996878 train_nmse=-22.171dB train_rec=0.000000e+00 train_recT=9.522151e-07 train_fc=1.989551e-03 train_decoder_tail=0.000000e+00
I 07.01/10:18:03 train_mapper.py:622 ] epoch=0282 train_loss=3.914296e-03 train_mse=3.893427e-03 train_cos=0.996881 train_nmse=-22.171dB train_rec=0.000000e+00 train_recT=9.559852e-07 train_fc=1.991297e-03 train_decoder_tail=0.000000e+00
I 07.01/10:18:17 train_mapper.py:622 ] epoch=0283 train_loss=3.921250e-03 train_mse=3.900317e-03 train_cos=0.996874 train_nmse=-22.163dB train_rec=0.000000e+00 train_recT=9.547818e-07 train_fc=1.997842e-03 train_decoder_tail=0.000000e+00
I 07.01/10:18:30 train_mapper.py:622 ] epoch=0284 train_loss=3.918148e-03 train_mse=3.897242e-03 train_cos=0.996877 train_nmse=-22.166dB train_rec=0.000000e+00 train_recT=9.531692e-07 train_fc=1.995295e-03 train_decoder_tail=0.000000e+00
I 07.01/10:18:40 train_mapper.py:622 ] epoch=0285 train_loss=3.865116e-03 train_mse=3.844523e-03 train_cos=0.996922 train_nmse=-22.225dB train_rec=0.000000e+00 train_recT=9.412857e-07 train_fc=1.965155e-03 train_decoder_tail=0.000000e+00
I 07.01/10:18:54 train_mapper.py:622 ] epoch=0286 train_loss=3.877034e-03 train_mse=3.856369e-03 train_cos=0.996910 train_nmse=-22.212dB train_rec=0.000000e+00 train_recT=9.418567e-07 train_fc=1.972348e-03 train_decoder_tail=0.000000e+00
I 07.01/10:19:09 train_mapper.py:622 ] epoch=0287 train_loss=3.897180e-03 train_mse=3.876392e-03 train_cos=0.996892 train_nmse=-22.190dB train_rec=0.000000e+00 train_recT=9.462935e-07 train_fc=1.984112e-03 train_decoder_tail=0.000000e+00
I 07.01/10:19:22 train_mapper.py:622 ] epoch=0288 train_loss=3.877011e-03 train_mse=3.856325e-03 train_cos=0.996912 train_nmse=-22.212dB train_rec=0.000000e+00 train_recT=9.441306e-07 train_fc=1.974112e-03 train_decoder_tail=0.000000e+00
I 07.01/10:19:35 train_mapper.py:622 ] epoch=0289 train_loss=3.869397e-03 train_mse=3.848733e-03 train_cos=0.996919 train_nmse=-22.221dB train_rec=0.000000e+00 train_recT=9.431220e-07 train_fc=1.972116e-03 train_decoder_tail=0.000000e+00
I 07.01/10:19:48 train_mapper.py:622 ] epoch=0290 train_loss=3.858978e-03 train_mse=3.838397e-03 train_cos=0.996925 train_nmse=-22.232dB train_rec=0.000000e+00 train_recT=9.404224e-07 train_fc=1.964129e-03 train_decoder_tail=0.000000e+00
I 07.01/10:20:03 train_mapper.py:622 ] epoch=0291 train_loss=3.858388e-03 train_mse=3.837812e-03 train_cos=0.996923 train_nmse=-22.233dB train_rec=0.000000e+00 train_recT=9.384296e-07 train_fc=1.963781e-03 train_decoder_tail=0.000000e+00
I 07.01/10:20:19 train_mapper.py:622 ] epoch=0292 train_loss=3.856277e-03 train_mse=3.835705e-03 train_cos=0.996927 train_nmse=-22.235dB train_rec=0.000000e+00 train_recT=9.406620e-07 train_fc=1.963158e-03 train_decoder_tail=0.000000e+00
I 07.01/10:20:33 train_mapper.py:622 ] epoch=0293 train_loss=3.829190e-03 train_mse=3.808785e-03 train_cos=0.996949 train_nmse=-22.266dB train_rec=0.000000e+00 train_recT=9.333825e-07 train_fc=1.947108e-03 train_decoder_tail=0.000000e+00
I 07.01/10:20:46 train_mapper.py:622 ] epoch=0294 train_loss=3.810639e-03 train_mse=3.790347e-03 train_cos=0.996964 train_nmse=-22.287dB train_rec=0.000000e+00 train_recT=9.289888e-07 train_fc=1.936290e-03 train_decoder_tail=0.000000e+00
I 07.01/10:21:00 train_mapper.py:622 ] epoch=0295 train_loss=3.831965e-03 train_mse=3.811534e-03 train_cos=0.996947 train_nmse=-22.263dB train_rec=0.000000e+00 train_recT=9.343709e-07 train_fc=1.949727e-03 train_decoder_tail=0.000000e+00
I 07.01/10:21:17 train_mapper.py:622 ] epoch=0296 train_loss=3.826494e-03 train_mse=3.806081e-03 train_cos=0.996951 train_nmse=-22.269dB train_rec=0.000000e+00 train_recT=9.321878e-07 train_fc=1.948035e-03 train_decoder_tail=0.000000e+00
I 07.01/10:21:31 train_mapper.py:622 ] epoch=0297 train_loss=3.826308e-03 train_mse=3.805873e-03 train_cos=0.996948 train_nmse=-22.269dB train_rec=0.000000e+00 train_recT=9.287767e-07 train_fc=1.950635e-03 train_decoder_tail=0.000000e+00
I 07.01/10:21:44 train_mapper.py:622 ] epoch=0298 train_loss=3.795555e-03 train_mse=3.775285e-03 train_cos=0.996975 train_nmse=-22.304dB train_rec=0.000000e+00 train_recT=9.207530e-07 train_fc=1.935018e-03 train_decoder_tail=0.000000e+00
I 07.01/10:21:57 train_mapper.py:622 ] epoch=0299 train_loss=3.795637e-03 train_mse=3.775398e-03 train_cos=0.996974 train_nmse=-22.304dB train_rec=0.000000e+00 train_recT=9.216753e-07 train_fc=1.931793e-03 train_decoder_tail=0.000000e+00
I 07.01/10:22:16 train_mapper.py:622 ] epoch=0300 train_loss=3.785157e-03 train_mse=3.764966e-03 train_cos=0.996983 train_nmse=-22.316dB train_rec=0.000000e+00 train_recT=9.188855e-07 train_fc=1.927194e-03 train_decoder_tail=0.000000e+00
I 07.01/10:22:33 train_mapper.py:622 ] epoch=0301 train_loss=3.784418e-03 train_mse=3.764221e-03 train_cos=0.996983 train_nmse=-22.317dB train_rec=0.000000e+00 train_recT=9.184585e-07 train_fc=1.927785e-03 train_decoder_tail=0.000000e+00
I 07.01/10:22:47 train_mapper.py:622 ] epoch=0302 train_loss=3.789987e-03 train_mse=3.769761e-03 train_cos=0.996979 train_nmse=-22.311dB train_rec=0.000000e+00 train_recT=9.254678e-07 train_fc=1.930031e-03 train_decoder_tail=0.000000e+00
I 07.01/10:23:01 train_mapper.py:622 ] epoch=0303 train_loss=3.775767e-03 train_mse=3.755624e-03 train_cos=0.996991 train_nmse=-22.327dB train_rec=0.000000e+00 train_recT=9.194222e-07 train_fc=1.922381e-03 train_decoder_tail=0.000000e+00
I 07.01/10:23:22 train_mapper.py:622 ] epoch=0304 train_loss=3.761680e-03 train_mse=3.741633e-03 train_cos=0.997000 train_nmse=-22.343dB train_rec=0.000000e+00 train_recT=9.110541e-07 train_fc=1.913617e-03 train_decoder_tail=0.000000e+00
I 07.01/10:23:36 train_mapper.py:622 ] epoch=0305 train_loss=3.763592e-03 train_mse=3.743550e-03 train_cos=0.996998 train_nmse=-22.341dB train_rec=0.000000e+00 train_recT=9.131642e-07 train_fc=1.912838e-03 train_decoder_tail=0.000000e+00
I 07.01/10:23:49 train_mapper.py:622 ] epoch=0306 train_loss=3.743497e-03 train_mse=3.723545e-03 train_cos=0.997016 train_nmse=-22.364dB train_rec=0.000000e+00 train_recT=9.102864e-07 train_fc=1.904201e-03 train_decoder_tail=0.000000e+00
I 07.01/10:24:08 train_mapper.py:622 ] epoch=0307 train_loss=3.738975e-03 train_mse=3.719027e-03 train_cos=0.997020 train_nmse=-22.370dB train_rec=0.000000e+00 train_recT=9.089796e-07 train_fc=1.903978e-03 train_decoder_tail=0.000000e+00
I 07.01/10:24:22 train_mapper.py:622 ] epoch=0308 train_loss=3.753087e-03 train_mse=3.733077e-03 train_cos=0.997008 train_nmse=-22.353dB train_rec=0.000000e+00 train_recT=9.119045e-07 train_fc=1.909784e-03 train_decoder_tail=0.000000e+00
I 07.01/10:24:35 train_mapper.py:622 ] epoch=0309 train_loss=3.734464e-03 train_mse=3.714576e-03 train_cos=0.997023 train_nmse=-22.375dB train_rec=0.000000e+00 train_recT=9.063776e-07 train_fc=1.898187e-03 train_decoder_tail=0.000000e+00
I 07.01/10:24:49 train_mapper.py:622 ] epoch=0310 train_loss=3.714657e-03 train_mse=3.694880e-03 train_cos=0.997037 train_nmse=-22.398dB train_rec=0.000000e+00 train_recT=8.979707e-07 train_fc=1.887991e-03 train_decoder_tail=0.000000e+00
I 07.01/10:25:07 train_mapper.py:622 ] epoch=0311 train_loss=3.709121e-03 train_mse=3.689350e-03 train_cos=0.997045 train_nmse=-22.404dB train_rec=0.000000e+00 train_recT=9.022325e-07 train_fc=1.886953e-03 train_decoder_tail=0.000000e+00
I 07.01/10:25:26 train_mapper.py:622 ] epoch=0312 train_loss=3.710066e-03 train_mse=3.690289e-03 train_cos=0.997043 train_nmse=-22.403dB train_rec=0.000000e+00 train_recT=9.015217e-07 train_fc=1.887559e-03 train_decoder_tail=0.000000e+00
I 07.01/10:25:50 train_mapper.py:622 ] epoch=0313 train_loss=3.708607e-03 train_mse=3.688821e-03 train_cos=0.997043 train_nmse=-22.405dB train_rec=0.000000e+00 train_recT=8.976642e-07 train_fc=1.888831e-03 train_decoder_tail=0.000000e+00
I 07.01/10:26:06 train_mapper.py:622 ] epoch=0314 train_loss=3.716071e-03 train_mse=3.696240e-03 train_cos=0.997037 train_nmse=-22.396dB train_rec=0.000000e+00 train_recT=9.016129e-07 train_fc=1.892942e-03 train_decoder_tail=0.000000e+00
I 07.01/10:26:19 train_mapper.py:622 ] epoch=0315 train_loss=3.695724e-03 train_mse=3.676012e-03 train_cos=0.997054 train_nmse=-22.420dB train_rec=0.000000e+00 train_recT=8.970455e-07 train_fc=1.881467e-03 train_decoder_tail=0.000000e+00
I 07.01/10:26:33 train_mapper.py:622 ] epoch=0316 train_loss=3.687314e-03 train_mse=3.667641e-03 train_cos=0.997061 train_nmse=-22.430dB train_rec=0.000000e+00 train_recT=8.940722e-07 train_fc=1.877888e-03 train_decoder_tail=0.000000e+00
I 07.01/10:26:47 train_mapper.py:622 ] epoch=0317 train_loss=3.702709e-03 train_mse=3.682961e-03 train_cos=0.997049 train_nmse=-22.412dB train_rec=0.000000e+00 train_recT=9.022724e-07 train_fc=1.884592e-03 train_decoder_tail=0.000000e+00
I 07.01/10:27:00 train_mapper.py:622 ] epoch=0318 train_loss=3.692516e-03 train_mse=3.672797e-03 train_cos=0.997057 train_nmse=-22.424dB train_rec=0.000000e+00 train_recT=8.973680e-07 train_fc=1.882137e-03 train_decoder_tail=0.000000e+00
I 07.01/10:27:15 train_mapper.py:622 ] epoch=0319 train_loss=3.675310e-03 train_mse=3.655689e-03 train_cos=0.997070 train_nmse=-22.444dB train_rec=0.000000e+00 train_recT=8.907499e-07 train_fc=1.873073e-03 train_decoder_tail=0.000000e+00
I 07.01/10:27:29 train_mapper.py:622 ] epoch=0320 train_loss=3.657841e-03 train_mse=3.638338e-03 train_cos=0.997085 train_nmse=-22.465dB train_rec=0.000000e+00 train_recT=8.869671e-07 train_fc=1.861669e-03 train_decoder_tail=0.000000e+00
I 07.01/10:27:43 train_mapper.py:622 ] epoch=0321 train_loss=3.668304e-03 train_mse=3.648732e-03 train_cos=0.997076 train_nmse=-22.453dB train_rec=0.000000e+00 train_recT=8.894047e-07 train_fc=1.868244e-03 train_decoder_tail=0.000000e+00
I 07.01/10:27:55 train_mapper.py:622 ] epoch=0322 train_loss=3.655892e-03 train_mse=3.636404e-03 train_cos=0.997086 train_nmse=-22.467dB train_rec=0.000000e+00 train_recT=8.866350e-07 train_fc=1.860120e-03 train_decoder_tail=0.000000e+00
I 07.01/10:28:13 train_mapper.py:622 ] epoch=0323 train_loss=3.641354e-03 train_mse=3.621947e-03 train_cos=0.997096 train_nmse=-22.484dB train_rec=0.000000e+00 train_recT=8.800439e-07 train_fc=1.852608e-03 train_decoder_tail=0.000000e+00
I 07.01/10:28:26 train_mapper.py:622 ] epoch=0324 train_loss=3.637653e-03 train_mse=3.618250e-03 train_cos=0.997099 train_nmse=-22.489dB train_rec=0.000000e+00 train_recT=8.797294e-07 train_fc=1.852255e-03 train_decoder_tail=0.000000e+00
I 07.01/10:28:39 train_mapper.py:622 ] epoch=0325 train_loss=3.634387e-03 train_mse=3.615007e-03 train_cos=0.997102 train_nmse=-22.492dB train_rec=0.000000e+00 train_recT=8.774748e-07 train_fc=1.850233e-03 train_decoder_tail=0.000000e+00
I 07.01/10:28:54 train_mapper.py:622 ] epoch=0326 train_loss=3.639767e-03 train_mse=3.620365e-03 train_cos=0.997097 train_nmse=-22.486dB train_rec=0.000000e+00 train_recT=8.815529e-07 train_fc=1.852109e-03 train_decoder_tail=0.000000e+00
I 07.01/10:29:11 train_mapper.py:622 ] epoch=0327 train_loss=3.614608e-03 train_mse=3.595328e-03 train_cos=0.997119 train_nmse=-22.516dB train_rec=0.000000e+00 train_recT=8.756789e-07 train_fc=1.840382e-03 train_decoder_tail=0.000000e+00
I 07.01/10:29:31 train_mapper.py:622 ] epoch=0328 train_loss=3.621583e-03 train_mse=3.602267e-03 train_cos=0.997114 train_nmse=-22.508dB train_rec=0.000000e+00 train_recT=8.780058e-07 train_fc=1.843799e-03 train_decoder_tail=0.000000e+00
I 07.01/10:30:05 train_mapper.py:622 ] epoch=0329 train_loss=3.620728e-03 train_mse=3.601412e-03 train_cos=0.997114 train_nmse=-22.509dB train_rec=0.000000e+00 train_recT=8.791341e-07 train_fc=1.843767e-03 train_decoder_tail=0.000000e+00
I 07.01/10:30:18 train_mapper.py:622 ] epoch=0330 train_loss=3.614131e-03 train_mse=3.594867e-03 train_cos=0.997118 train_nmse=-22.517dB train_rec=0.000000e+00 train_recT=8.757015e-07 train_fc=1.838843e-03 train_decoder_tail=0.000000e+00
I 07.01/10:30:33 train_mapper.py:622 ] epoch=0331 train_loss=3.596748e-03 train_mse=3.577572e-03 train_cos=0.997134 train_nmse=-22.538dB train_rec=0.000000e+00 train_recT=8.714328e-07 train_fc=1.830462e-03 train_decoder_tail=0.000000e+00
I 07.01/10:30:48 train_mapper.py:622 ] epoch=0332 train_loss=3.606550e-03 train_mse=3.587292e-03 train_cos=0.997124 train_nmse=-22.526dB train_rec=0.000000e+00 train_recT=8.736181e-07 train_fc=1.838435e-03 train_decoder_tail=0.000000e+00
I 07.01/10:31:04 train_mapper.py:622 ] epoch=0333 train_loss=3.612387e-03 train_mse=3.593107e-03 train_cos=0.997120 train_nmse=-22.519dB train_rec=0.000000e+00 train_recT=8.742374e-07 train_fc=1.840546e-03 train_decoder_tail=0.000000e+00
I 07.01/10:31:17 train_mapper.py:622 ] epoch=0334 train_loss=3.595865e-03 train_mse=3.576691e-03 train_cos=0.997135 train_nmse=-22.539dB train_rec=0.000000e+00 train_recT=8.727597e-07 train_fc=1.830131e-03 train_decoder_tail=0.000000e+00
I 07.01/10:31:30 train_mapper.py:622 ] epoch=0335 train_loss=3.575494e-03 train_mse=3.556427e-03 train_cos=0.997149 train_nmse=-22.564dB train_rec=0.000000e+00 train_recT=8.625620e-07 train_fc=1.820445e-03 train_decoder_tail=0.000000e+00
I 07.01/10:31:44 train_mapper.py:622 ] epoch=0336 train_loss=3.577810e-03 train_mse=3.558739e-03 train_cos=0.997147 train_nmse=-22.561dB train_rec=0.000000e+00 train_recT=8.638945e-07 train_fc=1.820682e-03 train_decoder_tail=0.000000e+00
I 07.01/10:31:57 train_mapper.py:622 ] epoch=0337 train_loss=3.569167e-03 train_mse=3.550136e-03 train_cos=0.997154 train_nmse=-22.571dB train_rec=0.000000e+00 train_recT=8.616255e-07 train_fc=1.816902e-03 train_decoder_tail=0.000000e+00
I 07.01/10:32:15 train_mapper.py:622 ] epoch=0338 train_loss=3.558564e-03 train_mse=3.539597e-03 train_cos=0.997162 train_nmse=-22.584dB train_rec=0.000000e+00 train_recT=8.587319e-07 train_fc=1.810770e-03 train_decoder_tail=0.000000e+00
I 07.01/10:32:28 train_mapper.py:622 ] epoch=0339 train_loss=3.539318e-03 train_mse=3.520465e-03 train_cos=0.997178 train_nmse=-22.608dB train_rec=0.000000e+00 train_recT=8.530754e-07 train_fc=1.800034e-03 train_decoder_tail=0.000000e+00
I 07.01/10:32:46 train_mapper.py:622 ] epoch=0340 train_loss=3.565367e-03 train_mse=3.546386e-03 train_cos=0.997155 train_nmse=-22.576dB train_rec=0.000000e+00 train_recT=8.599274e-07 train_fc=1.812138e-03 train_decoder_tail=0.000000e+00
I 07.01/10:33:12 train_mapper.py:622 ] epoch=0341 train_loss=3.528462e-03 train_mse=3.509662e-03 train_cos=0.997186 train_nmse=-22.621dB train_rec=0.000000e+00 train_recT=8.533174e-07 train_fc=1.794692e-03 train_decoder_tail=0.000000e+00
I 07.01/10:33:26 train_mapper.py:622 ] epoch=0342 train_loss=3.530315e-03 train_mse=3.511486e-03 train_cos=0.997185 train_nmse=-22.619dB train_rec=0.000000e+00 train_recT=8.538199e-07 train_fc=1.797437e-03 train_decoder_tail=0.000000e+00
I 07.01/10:33:40 train_mapper.py:622 ] epoch=0343 train_loss=3.534406e-03 train_mse=3.515564e-03 train_cos=0.997181 train_nmse=-22.614dB train_rec=0.000000e+00 train_recT=8.564980e-07 train_fc=1.798519e-03 train_decoder_tail=0.000000e+00
I 07.01/10:33:53 train_mapper.py:622 ] epoch=0344 train_loss=3.519783e-03 train_mse=3.501005e-03 train_cos=0.997195 train_nmse=-22.632dB train_rec=0.000000e+00 train_recT=8.527324e-07 train_fc=1.792606e-03 train_decoder_tail=0.000000e+00
I 07.01/10:34:10 train_mapper.py:622 ] epoch=0345 train_loss=3.548467e-03 train_mse=3.529533e-03 train_cos=0.997170 train_nmse=-22.597dB train_rec=0.000000e+00 train_recT=8.575913e-07 train_fc=1.807569e-03 train_decoder_tail=0.000000e+00
I 07.01/10:34:23 train_mapper.py:622 ] epoch=0346 train_loss=3.534230e-03 train_mse=3.515368e-03 train_cos=0.997182 train_nmse=-22.614dB train_rec=0.000000e+00 train_recT=8.540103e-07 train_fc=1.800735e-03 train_decoder_tail=0.000000e+00
I 07.01/10:34:36 train_mapper.py:622 ] epoch=0347 train_loss=3.521163e-03 train_mse=3.502384e-03 train_cos=0.997195 train_nmse=-22.630dB train_rec=0.000000e+00 train_recT=8.514564e-07 train_fc=1.792718e-03 train_decoder_tail=0.000000e+00
I 07.01/10:34:49 train_mapper.py:622 ] epoch=0348 train_loss=3.519917e-03 train_mse=3.501154e-03 train_cos=0.997192 train_nmse=-22.632dB train_rec=0.000000e+00 train_recT=8.483525e-07 train_fc=1.791481e-03 train_decoder_tail=0.000000e+00
I 07.01/10:35:05 train_mapper.py:622 ] epoch=0349 train_loss=3.511037e-03 train_mse=3.492312e-03 train_cos=0.997201 train_nmse=-22.643dB train_rec=0.000000e+00 train_recT=8.492730e-07 train_fc=1.787614e-03 train_decoder_tail=0.000000e+00
I 07.01/10:35:20 train_mapper.py:622 ] epoch=0350 train_loss=3.494488e-03 train_mse=3.475865e-03 train_cos=0.997215 train_nmse=-22.663dB train_rec=0.000000e+00 train_recT=8.434683e-07 train_fc=1.777903e-03 train_decoder_tail=0.000000e+00
I 07.01/10:35:34 train_mapper.py:622 ] epoch=0351 train_loss=3.471253e-03 train_mse=3.452774e-03 train_cos=0.997231 train_nmse=-22.692dB train_rec=0.000000e+00 train_recT=8.355996e-07 train_fc=1.764392e-03 train_decoder_tail=0.000000e+00
I 07.01/10:35:53 train_mapper.py:622 ] epoch=0352 train_loss=3.479681e-03 train_mse=3.461148e-03 train_cos=0.997223 train_nmse=-22.682dB train_rec=0.000000e+00 train_recT=8.374553e-07 train_fc=1.769523e-03 train_decoder_tail=0.000000e+00
I 07.01/10:36:29 train_mapper.py:622 ] epoch=0353 train_loss=3.480798e-03 train_mse=3.462240e-03 train_cos=0.997223 train_nmse=-22.680dB train_rec=0.000000e+00 train_recT=8.403868e-07 train_fc=1.771754e-03 train_decoder_tail=0.000000e+00
I 07.01/10:36:42 train_mapper.py:622 ] epoch=0354 train_loss=3.486772e-03 train_mse=3.468187e-03 train_cos=0.997218 train_nmse=-22.673dB train_rec=0.000000e+00 train_recT=8.413547e-07 train_fc=1.774375e-03 train_decoder_tail=0.000000e+00
I 07.01/10:36:56 train_mapper.py:622 ] epoch=0355 train_loss=3.470354e-03 train_mse=3.451868e-03 train_cos=0.997233 train_nmse=-22.693dB train_rec=0.000000e+00 train_recT=8.376055e-07 train_fc=1.764914e-03 train_decoder_tail=0.000000e+00
I 07.01/10:37:14 train_mapper.py:622 ] epoch=0356 train_loss=3.453938e-03 train_mse=3.435559e-03 train_cos=0.997245 train_nmse=-22.714dB train_rec=0.000000e+00 train_recT=8.308610e-07 train_fc=1.754810e-03 train_decoder_tail=0.000000e+00
I 07.01/10:37:29 train_mapper.py:622 ] epoch=0357 train_loss=3.468242e-03 train_mse=3.449764e-03 train_cos=0.997232 train_nmse=-22.696dB train_rec=0.000000e+00 train_recT=8.339881e-07 train_fc=1.764434e-03 train_decoder_tail=0.000000e+00
I 07.01/10:37:42 train_mapper.py:622 ] epoch=0358 train_loss=3.435820e-03 train_mse=3.417513e-03 train_cos=0.997262 train_nmse=-22.737dB train_rec=0.000000e+00 train_recT=8.266117e-07 train_fc=1.748105e-03 train_decoder_tail=0.000000e+00
I 07.01/10:37:57 train_mapper.py:622 ] epoch=0359 train_loss=3.471144e-03 train_mse=3.452647e-03 train_cos=0.997230 train_nmse=-22.692dB train_rec=0.000000e+00 train_recT=8.363579e-07 train_fc=1.766142e-03 train_decoder_tail=0.000000e+00
I 07.01/10:38:15 train_mapper.py:622 ] epoch=0360 train_loss=3.449966e-03 train_mse=3.431556e-03 train_cos=0.997251 train_nmse=-22.719dB train_rec=0.000000e+00 train_recT=8.326355e-07 train_fc=1.757731e-03 train_decoder_tail=0.000000e+00
I 07.01/10:38:28 train_mapper.py:622 ] epoch=0361 train_loss=3.462237e-03 train_mse=3.443779e-03 train_cos=0.997239 train_nmse=-22.703dB train_rec=0.000000e+00 train_recT=8.363556e-07 train_fc=1.762147e-03 train_decoder_tail=0.000000e+00
I 07.01/10:38:42 train_mapper.py:622 ] epoch=0362 train_loss=3.451938e-03 train_mse=3.433519e-03 train_cos=0.997246 train_nmse=-22.716dB train_rec=0.000000e+00 train_recT=8.305907e-07 train_fc=1.758828e-03 train_decoder_tail=0.000000e+00
I 07.01/10:38:56 train_mapper.py:622 ] epoch=0363 train_loss=3.429079e-03 train_mse=3.410777e-03 train_cos=0.997267 train_nmse=-22.745dB train_rec=0.000000e+00 train_recT=8.235222e-07 train_fc=1.747907e-03 train_decoder_tail=0.000000e+00
I 07.01/10:39:14 train_mapper.py:622 ] epoch=0364 train_loss=3.438771e-03 train_mse=3.420418e-03 train_cos=0.997256 train_nmse=-22.733dB train_rec=0.000000e+00 train_recT=8.272290e-07 train_fc=1.752497e-03 train_decoder_tail=0.000000e+00
I 07.01/10:39:28 train_mapper.py:622 ] epoch=0365 train_loss=3.433448e-03 train_mse=3.415136e-03 train_cos=0.997262 train_nmse=-22.740dB train_rec=0.000000e+00 train_recT=8.279071e-07 train_fc=1.748385e-03 train_decoder_tail=0.000000e+00
I 07.01/10:39:42 train_mapper.py:622 ] epoch=0366 train_loss=3.424329e-03 train_mse=3.406081e-03 train_cos=0.997268 train_nmse=-22.751dB train_rec=0.000000e+00 train_recT=8.267001e-07 train_fc=1.742077e-03 train_decoder_tail=0.000000e+00
I 07.01/10:39:56 train_mapper.py:622 ] epoch=0367 train_loss=3.416811e-03 train_mse=3.398598e-03 train_cos=0.997276 train_nmse=-22.761dB train_rec=0.000000e+00 train_recT=8.255138e-07 train_fc=1.738698e-03 train_decoder_tail=0.000000e+00
I 07.01/10:40:14 train_mapper.py:622 ] epoch=0368 train_loss=3.420834e-03 train_mse=3.402588e-03 train_cos=0.997270 train_nmse=-22.756dB train_rec=0.000000e+00 train_recT=8.235695e-07 train_fc=1.742197e-03 train_decoder_tail=0.000000e+00
I 07.01/10:40:37 train_mapper.py:622 ] epoch=0369 train_loss=3.409014e-03 train_mse=3.390852e-03 train_cos=0.997281 train_nmse=-22.771dB train_rec=0.000000e+00 train_recT=8.200924e-07 train_fc=1.734198e-03 train_decoder_tail=0.000000e+00
I 07.01/10:40:57 train_mapper.py:622 ] epoch=0370 train_loss=3.399786e-03 train_mse=3.381657e-03 train_cos=0.997287 train_nmse=-22.782dB train_rec=0.000000e+00 train_recT=8.184202e-07 train_fc=1.731093e-03 train_decoder_tail=0.000000e+00
I 07.01/10:41:21 train_mapper.py:622 ] epoch=0371 train_loss=3.386020e-03 train_mse=3.367977e-03 train_cos=0.997299 train_nmse=-22.800dB train_rec=0.000000e+00 train_recT=8.164176e-07 train_fc=1.722678e-03 train_decoder_tail=0.000000e+00
I 07.01/10:41:55 train_mapper.py:622 ] epoch=0372 train_loss=3.398987e-03 train_mse=3.380872e-03 train_cos=0.997289 train_nmse=-22.783dB train_rec=0.000000e+00 train_recT=8.175108e-07 train_fc=1.729837e-03 train_decoder_tail=0.000000e+00
I 07.01/10:42:21 train_mapper.py:622 ] epoch=0373 train_loss=3.411067e-03 train_mse=3.392882e-03 train_cos=0.997278 train_nmse=-22.768dB train_rec=0.000000e+00 train_recT=8.203451e-07 train_fc=1.736513e-03 train_decoder_tail=0.000000e+00
I 07.01/10:42:35 train_mapper.py:622 ] epoch=0374 train_loss=3.379406e-03 train_mse=3.361403e-03 train_cos=0.997304 train_nmse=-22.809dB train_rec=0.000000e+00 train_recT=8.110989e-07 train_fc=1.719238e-03 train_decoder_tail=0.000000e+00
I 07.01/10:42:50 train_mapper.py:622 ] epoch=0375 train_loss=3.380279e-03 train_mse=3.362250e-03 train_cos=0.997304 train_nmse=-22.807dB train_rec=0.000000e+00 train_recT=8.140103e-07 train_fc=1.721474e-03 train_decoder_tail=0.000000e+00
I 07.01/10:43:11 train_mapper.py:622 ] epoch=0376 train_loss=3.368693e-03 train_mse=3.350730e-03 train_cos=0.997312 train_nmse=-22.822dB train_rec=0.000000e+00 train_recT=8.081066e-07 train_fc=1.715443e-03 train_decoder_tail=0.000000e+00
I 07.01/10:43:26 train_mapper.py:622 ] epoch=0377 train_loss=3.369073e-03 train_mse=3.351109e-03 train_cos=0.997312 train_nmse=-22.822dB train_rec=0.000000e+00 train_recT=8.100265e-07 train_fc=1.715420e-03 train_decoder_tail=0.000000e+00
I 07.01/10:43:49 train_mapper.py:622 ] epoch=0378 train_loss=3.365439e-03 train_mse=3.347494e-03 train_cos=0.997315 train_nmse=-22.826dB train_rec=0.000000e+00 train_recT=8.086805e-07 train_fc=1.713653e-03 train_decoder_tail=0.000000e+00
I 07.01/10:44:08 train_mapper.py:622 ] epoch=0379 train_loss=3.371041e-03 train_mse=3.353086e-03 train_cos=0.997309 train_nmse=-22.819dB train_rec=0.000000e+00 train_recT=8.087809e-07 train_fc=1.714694e-03 train_decoder_tail=0.000000e+00
I 07.01/10:44:22 train_mapper.py:622 ] epoch=0380 train_loss=3.363586e-03 train_mse=3.345656e-03 train_cos=0.997316 train_nmse=-22.829dB train_rec=0.000000e+00 train_recT=8.083487e-07 train_fc=1.712195e-03 train_decoder_tail=0.000000e+00
I 07.01/10:44:37 train_mapper.py:622 ] epoch=0381 train_loss=3.348606e-03 train_mse=3.330775e-03 train_cos=0.997327 train_nmse=-22.848dB train_rec=0.000000e+00 train_recT=8.017144e-07 train_fc=1.702943e-03 train_decoder_tail=0.000000e+00
I 07.01/10:44:52 train_mapper.py:622 ] epoch=0382 train_loss=3.341821e-03 train_mse=3.324023e-03 train_cos=0.997333 train_nmse=-22.857dB train_rec=0.000000e+00 train_recT=8.023961e-07 train_fc=1.699552e-03 train_decoder_tail=0.000000e+00
I 07.01/10:45:11 train_mapper.py:622 ] epoch=0383 train_loss=3.339273e-03 train_mse=3.321493e-03 train_cos=0.997336 train_nmse=-22.860dB train_rec=0.000000e+00 train_recT=8.007795e-07 train_fc=1.697936e-03 train_decoder_tail=0.000000e+00
I 07.01/10:45:26 train_mapper.py:622 ] epoch=0384 train_loss=3.327055e-03 train_mse=3.309328e-03 train_cos=0.997346 train_nmse=-22.876dB train_rec=0.000000e+00 train_recT=7.976419e-07 train_fc=1.692968e-03 train_decoder_tail=0.000000e+00
I 07.01/10:45:42 train_mapper.py:622 ] epoch=0385 train_loss=3.332567e-03 train_mse=3.314825e-03 train_cos=0.997339 train_nmse=-22.869dB train_rec=0.000000e+00 train_recT=7.981343e-07 train_fc=1.694404e-03 train_decoder_tail=0.000000e+00
I 07.01/10:45:56 train_mapper.py:622 ] epoch=0386 train_loss=3.325587e-03 train_mse=3.307869e-03 train_cos=0.997346 train_nmse=-22.878dB train_rec=0.000000e+00 train_recT=7.983121e-07 train_fc=1.691950e-03 train_decoder_tail=0.000000e+00
I 07.01/10:46:15 train_mapper.py:622 ] epoch=0387 train_loss=3.322874e-03 train_mse=3.305178e-03 train_cos=0.997349 train_nmse=-22.882dB train_rec=0.000000e+00 train_recT=7.989568e-07 train_fc=1.689694e-03 train_decoder_tail=0.000000e+00
I 07.01/10:46:30 train_mapper.py:622 ] epoch=0388 train_loss=3.332718e-03 train_mse=3.314960e-03 train_cos=0.997340 train_nmse=-22.869dB train_rec=0.000000e+00 train_recT=7.989990e-07 train_fc=1.695925e-03 train_decoder_tail=0.000000e+00
I 07.01/10:46:50 train_mapper.py:622 ] epoch=0389 train_loss=3.321719e-03 train_mse=3.304017e-03 train_cos=0.997351 train_nmse=-22.883dB train_rec=0.000000e+00 train_recT=7.990408e-07 train_fc=1.690292e-03 train_decoder_tail=0.000000e+00
I 07.01/10:47:27 train_mapper.py:622 ] epoch=0390 train_loss=3.327709e-03 train_mse=3.309962e-03 train_cos=0.997347 train_nmse=-22.875dB train_rec=0.000000e+00 train_recT=8.013190e-07 train_fc=1.694580e-03 train_decoder_tail=0.000000e+00
I 07.01/10:47:51 train_mapper.py:622 ] epoch=0391 train_loss=3.319878e-03 train_mse=3.302189e-03 train_cos=0.997351 train_nmse=-22.886dB train_rec=0.000000e+00 train_recT=7.973483e-07 train_fc=1.689243e-03 train_decoder_tail=0.000000e+00
I 07.01/10:48:11 train_mapper.py:622 ] epoch=0392 train_loss=3.299224e-03 train_mse=3.281631e-03 train_cos=0.997367 train_nmse=-22.913dB train_rec=0.000000e+00 train_recT=7.899264e-07 train_fc=1.680298e-03 train_decoder_tail=0.000000e+00
I 07.01/10:48:47 train_mapper.py:622 ] epoch=0393 train_loss=3.284326e-03 train_mse=3.266832e-03 train_cos=0.997378 train_nmse=-22.933dB train_rec=0.000000e+00 train_recT=7.842978e-07 train_fc=1.670930e-03 train_decoder_tail=0.000000e+00
I 07.01/10:49:05 train_mapper.py:622 ] epoch=0394 train_loss=3.308058e-03 train_mse=3.290409e-03 train_cos=0.997361 train_nmse=-22.901dB train_rec=0.000000e+00 train_recT=7.972944e-07 train_fc=1.685119e-03 train_decoder_tail=0.000000e+00
I 07.01/10:49:19 train_mapper.py:622 ] epoch=0395 train_loss=3.300308e-03 train_mse=3.282711e-03 train_cos=0.997367 train_nmse=-22.911dB train_rec=0.000000e+00 train_recT=7.923185e-07 train_fc=1.680418e-03 train_decoder_tail=0.000000e+00
I 07.01/10:49:33 train_mapper.py:622 ] epoch=0396 train_loss=3.295707e-03 train_mse=3.278158e-03 train_cos=0.997370 train_nmse=-22.917dB train_rec=0.000000e+00 train_recT=7.918121e-07 train_fc=1.675678e-03 train_decoder_tail=0.000000e+00
I 07.01/10:50:01 train_mapper.py:622 ] epoch=0397 train_loss=3.267422e-03 train_mse=3.250003e-03 train_cos=0.997394 train_nmse=-22.955dB train_rec=0.000000e+00 train_recT=7.836720e-07 train_fc=1.663555e-03 train_decoder_tail=0.000000e+00
I 07.01/10:50:24 train_mapper.py:622 ] epoch=0398 train_loss=3.289562e-03 train_mse=3.272035e-03 train_cos=0.997373 train_nmse=-22.926dB train_rec=0.000000e+00 train_recT=7.864830e-07 train_fc=1.674078e-03 train_decoder_tail=0.000000e+00
I 07.01/10:50:39 train_mapper.py:622 ] epoch=0399 train_loss=3.265601e-03 train_mse=3.248215e-03 train_cos=0.997395 train_nmse=-22.957dB train_rec=0.000000e+00 train_recT=7.818336e-07 train_fc=1.660444e-03 train_decoder_tail=0.000000e+00
I 07.01/10:50:55 train_mapper.py:622 ] epoch=0400 train_loss=3.276010e-03 train_mse=3.258551e-03 train_cos=0.997385 train_nmse=-22.943dB train_rec=0.000000e+00 train_recT=7.843878e-07 train_fc=1.667448e-03 train_decoder_tail=0.000000e+00
I 07.01/10:53:04 train_mapper.py:738 ] best_loss_epoch=399 best_loss_selection=train_loss best_loss_metric=3.265601e-03 best_loss_mse=3.248215e-03 best_loss_loss=3.265601e-03
I 07.01/10:53:04 train_mapper.py:743 ] best_mse_epoch=399 best_mse_selection=train_mse best_mse_metric=3.248215e-03 best_mse_mse=3.248215e-03 best_mse_loss=3.265601e-03
I 07.01/10:53:04 train_mapper.py:749 ] all_best_loss_mse=3.153591e-03 all_best_loss_cos=0.997476 all_best_loss_nmse=-23.086dB
I 07.01/10:53:04 train_mapper.py:753 ] all_best_mse_mse=3.153591e-03 all_best_mse_cos=0.997476 all_best_mse_nmse=-23.086dB
