I 07.01/03:34:21 train_mapper.py:431 ] => Experiment directory: mapper/exps/hybrid/smooth_tail_white/seed2026_clnet_transnet_to_seed42_transnet_lr5e-4_ep400
I 07.01/03:34:21 train_mapper.py:432 ] => Checkpoint directory: mapper/exps/hybrid/smooth_tail_white/seed2026_clnet_transnet_to_seed42_transnet_lr5e-4_ep400/checkpoints
I 07.01/03:34:21 train_mapper.py:433 ] => Codeword directory: mapper/exps/hybrid/smooth_tail_white/seed2026_clnet_transnet_to_seed42_transnet_lr5e-4_ep400/codewords
I 07.01/03:34:21 train_mapper.py:434 ] => TensorBoard directory: mapper/exps/hybrid/smooth_tail_white/seed2026_clnet_transnet_to_seed42_transnet_lr5e-4_ep400/tensorboard
I 07.01/03:35:04 train_mapper.py:524 ] device=cuda
I 07.01/03:35:04 train_mapper.py:525 ] mapper=hybrid, params=23108608
I 07.01/03:35:04 train_mapper.py:527 ] train=100000, val=0, code_dim=512
I 07.01/03:35:04 train_mapper.py:529 ] val_ratio<=0: skip per-epoch validation; select best checkpoint by train loss
I 07.01/03:35:04 train_mapper.py:531 ] loss=mse + smoothl1*0.5 + sample_tail*0.1 + dim_tail*0.05 + whiten*0.0001 + rec*0.0 + recT*0.0 + fc*0.0 + decoder_tail*0.0 + cos*0.0 + cov*0.0
I 07.01/03:35:24 train_mapper.py:615 ] epoch=0001 train_loss=6.456511e-01 train_mse=3.509765e-01 train_cos=0.815586 train_nmse=-3.329dB train_rec=0.000000e+00 train_recT=0.000000e+00 train_fc=0.000000e+00 train_decoder_tail=0.000000e+00
I 07.01/03:35:41 train_mapper.py:615 ] epoch=0002 train_loss=2.843686e-01 train_mse=1.275768e-01 train_cos=0.942335 train_nmse=-7.059dB train_rec=0.000000e+00 train_recT=0.000000e+00 train_fc=0.000000e+00 train_decoder_tail=0.000000e+00
I 07.01/03:35:59 train_mapper.py:615 ] epoch=0003 train_loss=2.070589e-01 train_mse=8.524664e-02 train_cos=0.961164 train_nmse=-8.781dB train_rec=0.000000e+00 train_recT=0.000000e+00 train_fc=0.000000e+00 train_decoder_tail=0.000000e+00
I 07.01/03:36:16 train_mapper.py:615 ] epoch=0004 train_loss=1.695139e-01 train_mse=6.590346e-02 train_cos=0.968340 train_nmse=-9.890dB train_rec=0.000000e+00 train_recT=0.000000e+00 train_fc=0.000000e+00 train_decoder_tail=0.000000e+00
I 07.01/03:36:33 train_mapper.py:615 ] epoch=0005 train_loss=1.476483e-01 train_mse=5.514775e-02 train_cos=0.972166 train_nmse=-10.661dB train_rec=0.000000e+00 train_recT=0.000000e+00 train_fc=0.000000e+00 train_decoder_tail=0.000000e+00
I 07.01/03:36:50 train_mapper.py:615 ] epoch=0006 train_loss=1.341411e-01 train_mse=4.872460e-02 train_cos=0.974706 train_nmse=-11.197dB train_rec=0.000000e+00 train_recT=0.000000e+00 train_fc=0.000000e+00 train_decoder_tail=0.000000e+00
I 07.01/03:37:07 train_mapper.py:615 ] epoch=0007 train_loss=1.261155e-01 train_mse=4.500214e-02 train_cos=0.976372 train_nmse=-11.542dB train_rec=0.000000e+00 train_recT=0.000000e+00 train_fc=0.000000e+00 train_decoder_tail=0.000000e+00
I 07.01/03:37:24 train_mapper.py:615 ] epoch=0008 train_loss=1.205899e-01 train_mse=4.249380e-02 train_cos=0.977687 train_nmse=-11.792dB train_rec=0.000000e+00 train_recT=0.000000e+00 train_fc=0.000000e+00 train_decoder_tail=0.000000e+00
I 07.01/03:37:41 train_mapper.py:615 ] epoch=0009 train_loss=1.156623e-01 train_mse=4.029071e-02 train_cos=0.979018 train_nmse=-12.022dB train_rec=0.000000e+00 train_recT=0.000000e+00 train_fc=0.000000e+00 train_decoder_tail=0.000000e+00
I 07.01/03:37:58 train_mapper.py:615 ] epoch=0010 train_loss=1.119619e-01 train_mse=3.864709e-02 train_cos=0.979980 train_nmse=-12.203dB train_rec=0.000000e+00 train_recT=0.000000e+00 train_fc=0.000000e+00 train_decoder_tail=0.000000e+00
I 07.01/03:38:14 train_mapper.py:615 ] epoch=0011 train_loss=1.084696e-01 train_mse=3.710431e-02 train_cos=0.980874 train_nmse=-12.380dB train_rec=0.000000e+00 train_recT=0.000000e+00 train_fc=0.000000e+00 train_decoder_tail=0.000000e+00
I 07.01/03:38:30 train_mapper.py:615 ] epoch=0012 train_loss=1.054562e-01 train_mse=3.577012e-02 train_cos=0.981561 train_nmse=-12.539dB train_rec=0.000000e+00 train_recT=0.000000e+00 train_fc=0.000000e+00 train_decoder_tail=0.000000e+00
I 07.01/03:38:47 train_mapper.py:615 ] epoch=0013 train_loss=1.023276e-01 train_mse=3.439901e-02 train_cos=0.982223 train_nmse=-12.709dB train_rec=0.000000e+00 train_recT=0.000000e+00 train_fc=0.000000e+00 train_decoder_tail=0.000000e+00
I 07.01/03:39:05 train_mapper.py:615 ] epoch=0014 train_loss=9.870522e-02 train_mse=3.282268e-02 train_cos=0.982966 train_nmse=-12.913dB train_rec=0.000000e+00 train_recT=0.000000e+00 train_fc=0.000000e+00 train_decoder_tail=0.000000e+00
I 07.01/03:39:19 train_mapper.py:615 ] epoch=0015 train_loss=9.535444e-02 train_mse=3.137754e-02 train_cos=0.983405 train_nmse=-13.109dB train_rec=0.000000e+00 train_recT=0.000000e+00 train_fc=0.000000e+00 train_decoder_tail=0.000000e+00
I 07.01/03:39:35 train_mapper.py:615 ] epoch=0016 train_loss=9.177201e-02 train_mse=2.988831e-02 train_cos=0.983419 train_nmse=-13.321dB train_rec=0.000000e+00 train_recT=0.000000e+00 train_fc=0.000000e+00 train_decoder_tail=0.000000e+00
I 07.01/03:39:51 train_mapper.py:615 ] epoch=0017 train_loss=8.591466e-02 train_mse=2.752695e-02 train_cos=0.983585 train_nmse=-13.677dB train_rec=0.000000e+00 train_recT=0.000000e+00 train_fc=0.000000e+00 train_decoder_tail=0.000000e+00
I 07.01/03:40:06 train_mapper.py:615 ] epoch=0018 train_loss=7.995428e-02 train_mse=2.509161e-02 train_cos=0.984168 train_nmse=-14.080dB train_rec=0.000000e+00 train_recT=0.000000e+00 train_fc=0.000000e+00 train_decoder_tail=0.000000e+00
I 07.01/03:40:21 train_mapper.py:615 ] epoch=0019 train_loss=7.507827e-02 train_mse=2.310884e-02 train_cos=0.984841 train_nmse=-14.437dB train_rec=0.000000e+00 train_recT=0.000000e+00 train_fc=0.000000e+00 train_decoder_tail=0.000000e+00
I 07.01/03:40:37 train_mapper.py:615 ] epoch=0020 train_loss=7.173614e-02 train_mse=2.174845e-02 train_cos=0.985292 train_nmse=-14.700dB train_rec=0.000000e+00 train_recT=0.000000e+00 train_fc=0.000000e+00 train_decoder_tail=0.000000e+00
I 07.01/03:40:53 train_mapper.py:615 ] epoch=0021 train_loss=6.865344e-02 train_mse=2.052948e-02 train_cos=0.985830 train_nmse=-14.951dB train_rec=0.000000e+00 train_recT=0.000000e+00 train_fc=0.000000e+00 train_decoder_tail=0.000000e+00
I 07.01/03:41:10 train_mapper.py:615 ] epoch=0022 train_loss=6.608051e-02 train_mse=1.951755e-02 train_cos=0.986307 train_nmse=-15.170dB train_rec=0.000000e+00 train_recT=0.000000e+00 train_fc=0.000000e+00 train_decoder_tail=0.000000e+00
I 07.01/03:41:25 train_mapper.py:615 ] epoch=0023 train_loss=6.391466e-02 train_mse=1.867547e-02 train_cos=0.986729 train_nmse=-15.362dB train_rec=0.000000e+00 train_recT=0.000000e+00 train_fc=0.000000e+00 train_decoder_tail=0.000000e+00
I 07.01/03:41:40 train_mapper.py:615 ] epoch=0024 train_loss=7.251816e-02 train_mse=2.192208e-02 train_cos=0.984001 train_nmse=-14.727dB train_rec=0.000000e+00 train_recT=0.000000e+00 train_fc=0.000000e+00 train_decoder_tail=0.000000e+00
I 07.01/03:41:56 train_mapper.py:615 ] epoch=0025 train_loss=6.209922e-02 train_mse=1.797227e-02 train_cos=0.986991 train_nmse=-15.528dB train_rec=0.000000e+00 train_recT=0.000000e+00 train_fc=0.000000e+00 train_decoder_tail=0.000000e+00
I 07.01/03:42:11 train_mapper.py:615 ] epoch=0026 train_loss=5.939939e-02 train_mse=1.696024e-02 train_cos=0.987635 train_nmse=-15.780dB train_rec=0.000000e+00 train_recT=0.000000e+00 train_fc=0.000000e+00 train_decoder_tail=0.000000e+00
I 07.01/03:42:28 train_mapper.py:615 ] epoch=0027 train_loss=5.766516e-02 train_mse=1.631200e-02 train_cos=0.988027 train_nmse=-15.949dB train_rec=0.000000e+00 train_recT=0.000000e+00 train_fc=0.000000e+00 train_decoder_tail=0.000000e+00
I 07.01/03:42:44 train_mapper.py:615 ] epoch=0028 train_loss=5.614131e-02 train_mse=1.574731e-02 train_cos=0.988377 train_nmse=-16.103dB train_rec=0.000000e+00 train_recT=0.000000e+00 train_fc=0.000000e+00 train_decoder_tail=0.000000e+00
I 07.01/03:43:00 train_mapper.py:615 ] epoch=0029 train_loss=5.484992e-02 train_mse=1.527268e-02 train_cos=0.988671 train_nmse=-16.235dB train_rec=0.000000e+00 train_recT=0.000000e+00 train_fc=0.000000e+00 train_decoder_tail=0.000000e+00
I 07.01/03:43:16 train_mapper.py:615 ] epoch=0030 train_loss=5.361683e-02 train_mse=1.482307e-02 train_cos=0.988954 train_nmse=-16.365dB train_rec=0.000000e+00 train_recT=0.000000e+00 train_fc=0.000000e+00 train_decoder_tail=0.000000e+00
I 07.01/03:43:31 train_mapper.py:615 ] epoch=0031 train_loss=5.262141e-02 train_mse=1.446220e-02 train_cos=0.989183 train_nmse=-16.472dB train_rec=0.000000e+00 train_recT=0.000000e+00 train_fc=0.000000e+00 train_decoder_tail=0.000000e+00
I 07.01/03:43:48 train_mapper.py:615 ] epoch=0032 train_loss=5.158412e-02 train_mse=1.408874e-02 train_cos=0.989423 train_nmse=-16.586dB train_rec=0.000000e+00 train_recT=0.000000e+00 train_fc=0.000000e+00 train_decoder_tail=0.000000e+00
I 07.01/03:44:07 train_mapper.py:615 ] epoch=0033 train_loss=5.051397e-02 train_mse=1.370965e-02 train_cos=0.989674 train_nmse=-16.704dB train_rec=0.000000e+00 train_recT=0.000000e+00 train_fc=0.000000e+00 train_decoder_tail=0.000000e+00
I 07.01/03:44:23 train_mapper.py:615 ] epoch=0034 train_loss=4.967448e-02 train_mse=1.341175e-02 train_cos=0.989868 train_nmse=-16.800dB train_rec=0.000000e+00 train_recT=0.000000e+00 train_fc=0.000000e+00 train_decoder_tail=0.000000e+00
I 07.01/03:44:39 train_mapper.py:615 ] epoch=0035 train_loss=4.882226e-02 train_mse=1.311215e-02 train_cos=0.990068 train_nmse=-16.898dB train_rec=0.000000e+00 train_recT=0.000000e+00 train_fc=0.000000e+00 train_decoder_tail=0.000000e+00
I 07.01/03:44:56 train_mapper.py:615 ] epoch=0036 train_loss=4.794206e-02 train_mse=1.280619e-02 train_cos=0.990278 train_nmse=-17.000dB train_rec=0.000000e+00 train_recT=0.000000e+00 train_fc=0.000000e+00 train_decoder_tail=0.000000e+00
I 07.01/03:45:15 train_mapper.py:615 ] epoch=0037 train_loss=4.710072e-02 train_mse=1.251534e-02 train_cos=0.990473 train_nmse=-17.100dB train_rec=0.000000e+00 train_recT=0.000000e+00 train_fc=0.000000e+00 train_decoder_tail=0.000000e+00
I 07.01/03:45:31 train_mapper.py:615 ] epoch=0038 train_loss=4.648913e-02 train_mse=1.230132e-02 train_cos=0.990615 train_nmse=-17.175dB train_rec=0.000000e+00 train_recT=0.000000e+00 train_fc=0.000000e+00 train_decoder_tail=0.000000e+00
I 07.01/03:45:48 train_mapper.py:615 ] epoch=0039 train_loss=4.575671e-02 train_mse=1.205246e-02 train_cos=0.990793 train_nmse=-17.264dB train_rec=0.000000e+00 train_recT=0.000000e+00 train_fc=0.000000e+00 train_decoder_tail=0.000000e+00
I 07.01/03:46:05 train_mapper.py:615 ] epoch=0040 train_loss=4.515583e-02 train_mse=1.184635e-02 train_cos=0.990930 train_nmse=-17.339dB train_rec=0.000000e+00 train_recT=0.000000e+00 train_fc=0.000000e+00 train_decoder_tail=0.000000e+00
I 07.01/03:46:20 train_mapper.py:615 ] epoch=0041 train_loss=4.449395e-02 train_mse=1.162266e-02 train_cos=0.991087 train_nmse=-17.422dB train_rec=0.000000e+00 train_recT=0.000000e+00 train_fc=0.000000e+00 train_decoder_tail=0.000000e+00
I 07.01/03:46:36 train_mapper.py:615 ] epoch=0042 train_loss=4.397579e-02 train_mse=1.144471e-02 train_cos=0.991209 train_nmse=-17.488dB train_rec=0.000000e+00 train_recT=0.000000e+00 train_fc=0.000000e+00 train_decoder_tail=0.000000e+00
I 07.01/03:46:52 train_mapper.py:615 ] epoch=0043 train_loss=4.319032e-02 train_mse=1.118743e-02 train_cos=0.991397 train_nmse=-17.587dB train_rec=0.000000e+00 train_recT=0.000000e+00 train_fc=0.000000e+00 train_decoder_tail=0.000000e+00
I 07.01/03:47:08 train_mapper.py:615 ] epoch=0044 train_loss=4.257352e-02 train_mse=1.098274e-02 train_cos=0.991542 train_nmse=-17.667dB train_rec=0.000000e+00 train_recT=0.000000e+00 train_fc=0.000000e+00 train_decoder_tail=0.000000e+00
I 07.01/03:47:25 train_mapper.py:615 ] epoch=0045 train_loss=4.202597e-02 train_mse=1.080053e-02 train_cos=0.991669 train_nmse=-17.740dB train_rec=0.000000e+00 train_recT=0.000000e+00 train_fc=0.000000e+00 train_decoder_tail=0.000000e+00
I 07.01/03:47:42 train_mapper.py:615 ] epoch=0046 train_loss=4.159119e-02 train_mse=1.065551e-02 train_cos=0.991770 train_nmse=-17.799dB train_rec=0.000000e+00 train_recT=0.000000e+00 train_fc=0.000000e+00 train_decoder_tail=0.000000e+00
I 07.01/03:47:59 train_mapper.py:615 ] epoch=0047 train_loss=4.113425e-02 train_mse=1.050474e-02 train_cos=0.991880 train_nmse=-17.861dB train_rec=0.000000e+00 train_recT=0.000000e+00 train_fc=0.000000e+00 train_decoder_tail=0.000000e+00
I 07.01/03:48:15 train_mapper.py:615 ] epoch=0048 train_loss=4.057040e-02 train_mse=1.032333e-02 train_cos=0.992014 train_nmse=-17.936dB train_rec=0.000000e+00 train_recT=0.000000e+00 train_fc=0.000000e+00 train_decoder_tail=0.000000e+00
I 07.01/03:48:31 train_mapper.py:615 ] epoch=0049 train_loss=4.019980e-02 train_mse=1.020136e-02 train_cos=0.992102 train_nmse=-17.988dB train_rec=0.000000e+00 train_recT=0.000000e+00 train_fc=0.000000e+00 train_decoder_tail=0.000000e+00
I 07.01/03:48:49 train_mapper.py:615 ] epoch=0050 train_loss=3.968209e-02 train_mse=1.003496e-02 train_cos=0.992224 train_nmse=-18.059dB train_rec=0.000000e+00 train_recT=0.000000e+00 train_fc=0.000000e+00 train_decoder_tail=0.000000e+00
I 07.01/03:49:06 train_mapper.py:615 ] epoch=0051 train_loss=3.934069e-02 train_mse=9.922664e-03 train_cos=0.992303 train_nmse=-18.108dB train_rec=0.000000e+00 train_recT=0.000000e+00 train_fc=0.000000e+00 train_decoder_tail=0.000000e+00
I 07.01/03:49:23 train_mapper.py:615 ] epoch=0052 train_loss=3.888249e-02 train_mse=9.776390e-03 train_cos=0.992410 train_nmse=-18.173dB train_rec=0.000000e+00 train_recT=0.000000e+00 train_fc=0.000000e+00 train_decoder_tail=0.000000e+00
I 07.01/03:49:40 train_mapper.py:615 ] epoch=0053 train_loss=3.852658e-02 train_mse=9.661310e-03 train_cos=0.992492 train_nmse=-18.224dB train_rec=0.000000e+00 train_recT=0.000000e+00 train_fc=0.000000e+00 train_decoder_tail=0.000000e+00
I 07.01/03:49:58 train_mapper.py:615 ] epoch=0054 train_loss=3.816811e-02 train_mse=9.547090e-03 train_cos=0.992576 train_nmse=-18.276dB train_rec=0.000000e+00 train_recT=0.000000e+00 train_fc=0.000000e+00 train_decoder_tail=0.000000e+00
I 07.01/03:50:16 train_mapper.py:615 ] epoch=0055 train_loss=3.764387e-02 train_mse=9.381535e-03 train_cos=0.992700 train_nmse=-18.351dB train_rec=0.000000e+00 train_recT=0.000000e+00 train_fc=0.000000e+00 train_decoder_tail=0.000000e+00
I 07.01/03:50:34 train_mapper.py:615 ] epoch=0056 train_loss=3.729326e-02 train_mse=9.271179e-03 train_cos=0.992780 train_nmse=-18.403dB train_rec=0.000000e+00 train_recT=0.000000e+00 train_fc=0.000000e+00 train_decoder_tail=0.000000e+00
I 07.01/03:50:51 train_mapper.py:615 ] epoch=0057 train_loss=3.696459e-02 train_mse=9.168503e-03 train_cos=0.992856 train_nmse=-18.452dB train_rec=0.000000e+00 train_recT=0.000000e+00 train_fc=0.000000e+00 train_decoder_tail=0.000000e+00
I 07.01/03:51:08 train_mapper.py:615 ] epoch=0058 train_loss=3.661967e-02 train_mse=9.058560e-03 train_cos=0.992938 train_nmse=-18.504dB train_rec=0.000000e+00 train_recT=0.000000e+00 train_fc=0.000000e+00 train_decoder_tail=0.000000e+00
I 07.01/03:51:25 train_mapper.py:615 ] epoch=0059 train_loss=3.625500e-02 train_mse=8.946405e-03 train_cos=0.993023 train_nmse=-18.558dB train_rec=0.000000e+00 train_recT=0.000000e+00 train_fc=0.000000e+00 train_decoder_tail=0.000000e+00
I 07.01/03:51:43 train_mapper.py:615 ] epoch=0060 train_loss=3.603960e-02 train_mse=8.876395e-03 train_cos=0.993072 train_nmse=-18.592dB train_rec=0.000000e+00 train_recT=0.000000e+00 train_fc=0.000000e+00 train_decoder_tail=0.000000e+00
I 07.01/03:52:02 train_mapper.py:615 ] epoch=0061 train_loss=3.569170e-02 train_mse=8.769352e-03 train_cos=0.993154 train_nmse=-18.645dB train_rec=0.000000e+00 train_recT=0.000000e+00 train_fc=0.000000e+00 train_decoder_tail=0.000000e+00
I 07.01/03:52:19 train_mapper.py:615 ] epoch=0062 train_loss=3.536763e-02 train_mse=8.669800e-03 train_cos=0.993226 train_nmse=-18.694dB train_rec=0.000000e+00 train_recT=0.000000e+00 train_fc=0.000000e+00 train_decoder_tail=0.000000e+00
I 07.01/03:52:36 train_mapper.py:615 ] epoch=0063 train_loss=3.506492e-02 train_mse=8.575946e-03 train_cos=0.993298 train_nmse=-18.742dB train_rec=0.000000e+00 train_recT=0.000000e+00 train_fc=0.000000e+00 train_decoder_tail=0.000000e+00
I 07.01/03:52:54 train_mapper.py:615 ] epoch=0064 train_loss=3.475646e-02 train_mse=8.480922e-03 train_cos=0.993368 train_nmse=-18.790dB train_rec=0.000000e+00 train_recT=0.000000e+00 train_fc=0.000000e+00 train_decoder_tail=0.000000e+00
I 07.01/03:53:12 train_mapper.py:615 ] epoch=0065 train_loss=3.447827e-02 train_mse=8.395750e-03 train_cos=0.993431 train_nmse=-18.833dB train_rec=0.000000e+00 train_recT=0.000000e+00 train_fc=0.000000e+00 train_decoder_tail=0.000000e+00
I 07.01/03:53:30 train_mapper.py:615 ] epoch=0066 train_loss=3.421035e-02 train_mse=8.313193e-03 train_cos=0.993492 train_nmse=-18.876dB train_rec=0.000000e+00 train_recT=0.000000e+00 train_fc=0.000000e+00 train_decoder_tail=0.000000e+00
I 07.01/03:53:49 train_mapper.py:615 ] epoch=0067 train_loss=3.391025e-02 train_mse=8.222687e-03 train_cos=0.993564 train_nmse=-18.924dB train_rec=0.000000e+00 train_recT=0.000000e+00 train_fc=0.000000e+00 train_decoder_tail=0.000000e+00
I 07.01/03:54:07 train_mapper.py:615 ] epoch=0068 train_loss=3.367086e-02 train_mse=8.148556e-03 train_cos=0.993618 train_nmse=-18.964dB train_rec=0.000000e+00 train_recT=0.000000e+00 train_fc=0.000000e+00 train_decoder_tail=0.000000e+00
I 07.01/03:54:24 train_mapper.py:615 ] epoch=0069 train_loss=3.336977e-02 train_mse=8.058485e-03 train_cos=0.993687 train_nmse=-19.012dB train_rec=0.000000e+00 train_recT=0.000000e+00 train_fc=0.000000e+00 train_decoder_tail=0.000000e+00
I 07.01/03:54:42 train_mapper.py:615 ] epoch=0070 train_loss=3.313343e-02 train_mse=7.985711e-03 train_cos=0.993740 train_nmse=-19.051dB train_rec=0.000000e+00 train_recT=0.000000e+00 train_fc=0.000000e+00 train_decoder_tail=0.000000e+00
I 07.01/03:55:02 train_mapper.py:615 ] epoch=0071 train_loss=3.296664e-02 train_mse=7.934391e-03 train_cos=0.993777 train_nmse=-19.079dB train_rec=0.000000e+00 train_recT=0.000000e+00 train_fc=0.000000e+00 train_decoder_tail=0.000000e+00
I 07.01/03:55:20 train_mapper.py:615 ] epoch=0072 train_loss=3.273632e-02 train_mse=7.864921e-03 train_cos=0.993830 train_nmse=-19.117dB train_rec=0.000000e+00 train_recT=0.000000e+00 train_fc=0.000000e+00 train_decoder_tail=0.000000e+00
I 07.01/03:55:39 train_mapper.py:615 ] epoch=0073 train_loss=3.247378e-02 train_mse=7.785908e-03 train_cos=0.993890 train_nmse=-19.161dB train_rec=0.000000e+00 train_recT=0.000000e+00 train_fc=0.000000e+00 train_decoder_tail=0.000000e+00
I 07.01/03:55:57 train_mapper.py:615 ] epoch=0074 train_loss=3.225349e-02 train_mse=7.719731e-03 train_cos=0.993940 train_nmse=-19.198dB train_rec=0.000000e+00 train_recT=0.000000e+00 train_fc=0.000000e+00 train_decoder_tail=0.000000e+00
I 07.01/03:56:15 train_mapper.py:615 ] epoch=0075 train_loss=3.195467e-02 train_mse=7.632495e-03 train_cos=0.994009 train_nmse=-19.247dB train_rec=0.000000e+00 train_recT=0.000000e+00 train_fc=0.000000e+00 train_decoder_tail=0.000000e+00
I 07.01/03:56:33 train_mapper.py:615 ] epoch=0076 train_loss=3.192321e-02 train_mse=7.618505e-03 train_cos=0.994018 train_nmse=-19.255dB train_rec=0.000000e+00 train_recT=0.000000e+00 train_fc=0.000000e+00 train_decoder_tail=0.000000e+00
I 07.01/03:56:52 train_mapper.py:615 ] epoch=0077 train_loss=3.170315e-02 train_mse=7.553378e-03 train_cos=0.994067 train_nmse=-19.293dB train_rec=0.000000e+00 train_recT=0.000000e+00 train_fc=0.000000e+00 train_decoder_tail=0.000000e+00
I 07.01/03:57:09 train_mapper.py:615 ] epoch=0078 train_loss=3.140563e-02 train_mse=7.465690e-03 train_cos=0.994134 train_nmse=-19.343dB train_rec=0.000000e+00 train_recT=0.000000e+00 train_fc=0.000000e+00 train_decoder_tail=0.000000e+00
I 07.01/03:57:28 train_mapper.py:615 ] epoch=0079 train_loss=3.116828e-02 train_mse=7.396214e-03 train_cos=0.994186 train_nmse=-19.384dB train_rec=0.000000e+00 train_recT=0.000000e+00 train_fc=0.000000e+00 train_decoder_tail=0.000000e+00
I 07.01/03:57:47 train_mapper.py:615 ] epoch=0080 train_loss=3.090980e-02 train_mse=7.320460e-03 train_cos=0.994247 train_nmse=-19.429dB train_rec=0.000000e+00 train_recT=0.000000e+00 train_fc=0.000000e+00 train_decoder_tail=0.000000e+00
I 07.01/03:58:05 train_mapper.py:615 ] epoch=0081 train_loss=3.076734e-02 train_mse=7.276249e-03 train_cos=0.994277 train_nmse=-19.456dB train_rec=0.000000e+00 train_recT=0.000000e+00 train_fc=0.000000e+00 train_decoder_tail=0.000000e+00
I 07.01/03:58:24 train_mapper.py:615 ] epoch=0082 train_loss=3.060288e-02 train_mse=7.227075e-03 train_cos=0.994318 train_nmse=-19.484dB train_rec=0.000000e+00 train_recT=0.000000e+00 train_fc=0.000000e+00 train_decoder_tail=0.000000e+00
I 07.01/03:58:43 train_mapper.py:615 ] epoch=0083 train_loss=3.050372e-02 train_mse=7.197346e-03 train_cos=0.994341 train_nmse=-19.502dB train_rec=0.000000e+00 train_recT=0.000000e+00 train_fc=0.000000e+00 train_decoder_tail=0.000000e+00
I 07.01/03:59:01 train_mapper.py:615 ] epoch=0084 train_loss=3.026103e-02 train_mse=7.125456e-03 train_cos=0.994394 train_nmse=-19.546dB train_rec=0.000000e+00 train_recT=0.000000e+00 train_fc=0.000000e+00 train_decoder_tail=0.000000e+00
I 07.01/03:59:18 train_mapper.py:615 ] epoch=0085 train_loss=3.002999e-02 train_mse=7.058178e-03 train_cos=0.994447 train_nmse=-19.587dB train_rec=0.000000e+00 train_recT=0.000000e+00 train_fc=0.000000e+00 train_decoder_tail=0.000000e+00
I 07.01/03:59:39 train_mapper.py:615 ] epoch=0086 train_loss=2.991628e-02 train_mse=7.022319e-03 train_cos=0.994471 train_nmse=-19.609dB train_rec=0.000000e+00 train_recT=0.000000e+00 train_fc=0.000000e+00 train_decoder_tail=0.000000e+00
I 07.01/03:59:58 train_mapper.py:615 ] epoch=0087 train_loss=2.958510e-02 train_mse=6.928689e-03 train_cos=0.994547 train_nmse=-19.668dB train_rec=0.000000e+00 train_recT=0.000000e+00 train_fc=0.000000e+00 train_decoder_tail=0.000000e+00
I 07.01/04:00:17 train_mapper.py:615 ] epoch=0088 train_loss=2.955495e-02 train_mse=6.914802e-03 train_cos=0.994553 train_nmse=-19.676dB train_rec=0.000000e+00 train_recT=0.000000e+00 train_fc=0.000000e+00 train_decoder_tail=0.000000e+00
I 07.01/04:00:37 train_mapper.py:615 ] epoch=0089 train_loss=2.928630e-02 train_mse=6.838844e-03 train_cos=0.994613 train_nmse=-19.724dB train_rec=0.000000e+00 train_recT=0.000000e+00 train_fc=0.000000e+00 train_decoder_tail=0.000000e+00
I 07.01/04:00:57 train_mapper.py:615 ] epoch=0090 train_loss=2.916719e-02 train_mse=6.802288e-03 train_cos=0.994639 train_nmse=-19.748dB train_rec=0.000000e+00 train_recT=0.000000e+00 train_fc=0.000000e+00 train_decoder_tail=0.000000e+00
I 07.01/04:01:15 train_mapper.py:615 ] epoch=0091 train_loss=2.904325e-02 train_mse=6.765521e-03 train_cos=0.994672 train_nmse=-19.771dB train_rec=0.000000e+00 train_recT=0.000000e+00 train_fc=0.000000e+00 train_decoder_tail=0.000000e+00
I 07.01/04:01:34 train_mapper.py:615 ] epoch=0092 train_loss=2.892665e-02 train_mse=6.728752e-03 train_cos=0.994697 train_nmse=-19.795dB train_rec=0.000000e+00 train_recT=0.000000e+00 train_fc=0.000000e+00 train_decoder_tail=0.000000e+00
I 07.01/04:01:53 train_mapper.py:615 ] epoch=0093 train_loss=2.864507e-02 train_mse=6.649643e-03 train_cos=0.994761 train_nmse=-19.846dB train_rec=0.000000e+00 train_recT=0.000000e+00 train_fc=0.000000e+00 train_decoder_tail=0.000000e+00
I 07.01/04:02:11 train_mapper.py:615 ] epoch=0094 train_loss=2.857443e-02 train_mse=6.626182e-03 train_cos=0.994775 train_nmse=-19.861dB train_rec=0.000000e+00 train_recT=0.000000e+00 train_fc=0.000000e+00 train_decoder_tail=0.000000e+00
I 07.01/04:02:28 train_mapper.py:615 ] epoch=0095 train_loss=2.834981e-02 train_mse=6.561701e-03 train_cos=0.994828 train_nmse=-19.904dB train_rec=0.000000e+00 train_recT=0.000000e+00 train_fc=0.000000e+00 train_decoder_tail=0.000000e+00
I 07.01/04:02:46 train_mapper.py:615 ] epoch=0096 train_loss=2.828386e-02 train_mse=6.539898e-03 train_cos=0.994841 train_nmse=-19.918dB train_rec=0.000000e+00 train_recT=0.000000e+00 train_fc=0.000000e+00 train_decoder_tail=0.000000e+00
I 07.01/04:03:02 train_mapper.py:615 ] epoch=0097 train_loss=2.811656e-02 train_mse=6.491320e-03 train_cos=0.994882 train_nmse=-19.951dB train_rec=0.000000e+00 train_recT=0.000000e+00 train_fc=0.000000e+00 train_decoder_tail=0.000000e+00
I 07.01/04:03:19 train_mapper.py:615 ] epoch=0098 train_loss=2.798911e-02 train_mse=6.452771e-03 train_cos=0.994909 train_nmse=-19.976dB train_rec=0.000000e+00 train_recT=0.000000e+00 train_fc=0.000000e+00 train_decoder_tail=0.000000e+00
I 07.01/04:03:37 train_mapper.py:615 ] epoch=0099 train_loss=2.778944e-02 train_mse=6.395003e-03 train_cos=0.994955 train_nmse=-20.016dB train_rec=0.000000e+00 train_recT=0.000000e+00 train_fc=0.000000e+00 train_decoder_tail=0.000000e+00
I 07.01/04:03:55 train_mapper.py:615 ] epoch=0100 train_loss=2.762396e-02 train_mse=6.346791e-03 train_cos=0.994991 train_nmse=-20.048dB train_rec=0.000000e+00 train_recT=0.000000e+00 train_fc=0.000000e+00 train_decoder_tail=0.000000e+00
I 07.01/04:04:12 train_mapper.py:615 ] epoch=0101 train_loss=2.750423e-02 train_mse=6.311270e-03 train_cos=0.995017 train_nmse=-20.073dB train_rec=0.000000e+00 train_recT=0.000000e+00 train_fc=0.000000e+00 train_decoder_tail=0.000000e+00
I 07.01/04:04:29 train_mapper.py:615 ] epoch=0102 train_loss=2.733869e-02 train_mse=6.263749e-03 train_cos=0.995055 train_nmse=-20.106dB train_rec=0.000000e+00 train_recT=0.000000e+00 train_fc=0.000000e+00 train_decoder_tail=0.000000e+00
I 07.01/04:04:47 train_mapper.py:615 ] epoch=0103 train_loss=2.724125e-02 train_mse=6.234160e-03 train_cos=0.995080 train_nmse=-20.126dB train_rec=0.000000e+00 train_recT=0.000000e+00 train_fc=0.000000e+00 train_decoder_tail=0.000000e+00
I 07.01/04:05:05 train_mapper.py:615 ] epoch=0104 train_loss=2.712001e-02 train_mse=6.198285e-03 train_cos=0.995107 train_nmse=-20.151dB train_rec=0.000000e+00 train_recT=0.000000e+00 train_fc=0.000000e+00 train_decoder_tail=0.000000e+00
I 07.01/04:05:23 train_mapper.py:615 ] epoch=0105 train_loss=2.705616e-02 train_mse=6.177417e-03 train_cos=0.995119 train_nmse=-20.166dB train_rec=0.000000e+00 train_recT=0.000000e+00 train_fc=0.000000e+00 train_decoder_tail=0.000000e+00
I 07.01/04:05:41 train_mapper.py:615 ] epoch=0106 train_loss=2.690940e-02 train_mse=6.135453e-03 train_cos=0.995154 train_nmse=-20.195dB train_rec=0.000000e+00 train_recT=0.000000e+00 train_fc=0.000000e+00 train_decoder_tail=0.000000e+00
I 07.01/04:05:57 train_mapper.py:615 ] epoch=0107 train_loss=2.671081e-02 train_mse=6.079868e-03 train_cos=0.995198 train_nmse=-20.235dB train_rec=0.000000e+00 train_recT=0.000000e+00 train_fc=0.000000e+00 train_decoder_tail=0.000000e+00
I 07.01/04:06:23 train_mapper.py:615 ] epoch=0108 train_loss=2.659751e-02 train_mse=6.045641e-03 train_cos=0.995221 train_nmse=-20.260dB train_rec=0.000000e+00 train_recT=0.000000e+00 train_fc=0.000000e+00 train_decoder_tail=0.000000e+00
I 07.01/04:06:41 train_mapper.py:615 ] epoch=0109 train_loss=2.648281e-02 train_mse=6.013290e-03 train_cos=0.995248 train_nmse=-20.283dB train_rec=0.000000e+00 train_recT=0.000000e+00 train_fc=0.000000e+00 train_decoder_tail=0.000000e+00
I 07.01/04:06:59 train_mapper.py:615 ] epoch=0110 train_loss=2.633507e-02 train_mse=5.971230e-03 train_cos=0.995280 train_nmse=-20.313dB train_rec=0.000000e+00 train_recT=0.000000e+00 train_fc=0.000000e+00 train_decoder_tail=0.000000e+00
I 07.01/04:07:16 train_mapper.py:615 ] epoch=0111 train_loss=2.624421e-02 train_mse=5.943564e-03 train_cos=0.995299 train_nmse=-20.333dB train_rec=0.000000e+00 train_recT=0.000000e+00 train_fc=0.000000e+00 train_decoder_tail=0.000000e+00
I 07.01/04:07:35 train_mapper.py:615 ] epoch=0112 train_loss=2.614609e-02 train_mse=5.915305e-03 train_cos=0.995320 train_nmse=-20.354dB train_rec=0.000000e+00 train_recT=0.000000e+00 train_fc=0.000000e+00 train_decoder_tail=0.000000e+00
I 07.01/04:07:53 train_mapper.py:615 ] epoch=0113 train_loss=2.595526e-02 train_mse=5.863264e-03 train_cos=0.995363 train_nmse=-20.393dB train_rec=0.000000e+00 train_recT=0.000000e+00 train_fc=0.000000e+00 train_decoder_tail=0.000000e+00
I 07.01/04:08:09 train_mapper.py:615 ] epoch=0114 train_loss=2.594084e-02 train_mse=5.856728e-03 train_cos=0.995366 train_nmse=-20.397dB train_rec=0.000000e+00 train_recT=0.000000e+00 train_fc=0.000000e+00 train_decoder_tail=0.000000e+00
I 07.01/04:08:24 train_mapper.py:615 ] epoch=0115 train_loss=2.576691e-02 train_mse=5.808338e-03 train_cos=0.995403 train_nmse=-20.433dB train_rec=0.000000e+00 train_recT=0.000000e+00 train_fc=0.000000e+00 train_decoder_tail=0.000000e+00
I 07.01/04:08:41 train_mapper.py:615 ] epoch=0116 train_loss=2.565329e-02 train_mse=5.775719e-03 train_cos=0.995429 train_nmse=-20.458dB train_rec=0.000000e+00 train_recT=0.000000e+00 train_fc=0.000000e+00 train_decoder_tail=0.000000e+00
I 07.01/04:08:57 train_mapper.py:615 ] epoch=0117 train_loss=2.559612e-02 train_mse=5.758565e-03 train_cos=0.995441 train_nmse=-20.471dB train_rec=0.000000e+00 train_recT=0.000000e+00 train_fc=0.000000e+00 train_decoder_tail=0.000000e+00
I 07.01/04:09:16 train_mapper.py:615 ] epoch=0118 train_loss=2.545219e-02 train_mse=5.719704e-03 train_cos=0.995472 train_nmse=-20.500dB train_rec=0.000000e+00 train_recT=0.000000e+00 train_fc=0.000000e+00 train_decoder_tail=0.000000e+00
I 07.01/04:09:38 train_mapper.py:615 ] epoch=0119 train_loss=2.533251e-02 train_mse=5.686861e-03 train_cos=0.995501 train_nmse=-20.525dB train_rec=0.000000e+00 train_recT=0.000000e+00 train_fc=0.000000e+00 train_decoder_tail=0.000000e+00
I 07.01/04:09:53 train_mapper.py:615 ] epoch=0120 train_loss=2.527548e-02 train_mse=5.668888e-03 train_cos=0.995513 train_nmse=-20.539dB train_rec=0.000000e+00 train_recT=0.000000e+00 train_fc=0.000000e+00 train_decoder_tail=0.000000e+00
I 07.01/04:10:13 train_mapper.py:615 ] epoch=0121 train_loss=2.509073e-02 train_mse=5.618778e-03 train_cos=0.995548 train_nmse=-20.578dB train_rec=0.000000e+00 train_recT=0.000000e+00 train_fc=0.000000e+00 train_decoder_tail=0.000000e+00
I 07.01/04:10:38 train_mapper.py:615 ] epoch=0122 train_loss=2.497005e-02 train_mse=5.585462e-03 train_cos=0.995571 train_nmse=-20.603dB train_rec=0.000000e+00 train_recT=0.000000e+00 train_fc=0.000000e+00 train_decoder_tail=0.000000e+00
I 07.01/04:11:06 train_mapper.py:615 ] epoch=0123 train_loss=2.485363e-02 train_mse=5.553960e-03 train_cos=0.995597 train_nmse=-20.628dB train_rec=0.000000e+00 train_recT=0.000000e+00 train_fc=0.000000e+00 train_decoder_tail=0.000000e+00
I 07.01/04:11:31 train_mapper.py:615 ] epoch=0124 train_loss=2.477981e-02 train_mse=5.533359e-03 train_cos=0.995613 train_nmse=-20.644dB train_rec=0.000000e+00 train_recT=0.000000e+00 train_fc=0.000000e+00 train_decoder_tail=0.000000e+00
I 07.01/04:11:57 train_mapper.py:615 ] epoch=0125 train_loss=2.473860e-02 train_mse=5.520491e-03 train_cos=0.995624 train_nmse=-20.654dB train_rec=0.000000e+00 train_recT=0.000000e+00 train_fc=0.000000e+00 train_decoder_tail=0.000000e+00
I 07.01/04:12:25 train_mapper.py:615 ] epoch=0126 train_loss=2.468301e-02 train_mse=5.505008e-03 train_cos=0.995636 train_nmse=-20.666dB train_rec=0.000000e+00 train_recT=0.000000e+00 train_fc=0.000000e+00 train_decoder_tail=0.000000e+00
I 07.01/04:12:55 train_mapper.py:615 ] epoch=0127 train_loss=2.452786e-02 train_mse=5.463742e-03 train_cos=0.995671 train_nmse=-20.699dB train_rec=0.000000e+00 train_recT=0.000000e+00 train_fc=0.000000e+00 train_decoder_tail=0.000000e+00
I 07.01/04:13:30 train_mapper.py:615 ] epoch=0128 train_loss=2.441878e-02 train_mse=5.433980e-03 train_cos=0.995692 train_nmse=-20.723dB train_rec=0.000000e+00 train_recT=0.000000e+00 train_fc=0.000000e+00 train_decoder_tail=0.000000e+00
I 07.01/04:14:08 train_mapper.py:615 ] epoch=0129 train_loss=2.437195e-02 train_mse=5.419507e-03 train_cos=0.995703 train_nmse=-20.734dB train_rec=0.000000e+00 train_recT=0.000000e+00 train_fc=0.000000e+00 train_decoder_tail=0.000000e+00
I 07.01/04:14:42 train_mapper.py:615 ] epoch=0130 train_loss=2.421995e-02 train_mse=5.379274e-03 train_cos=0.995734 train_nmse=-20.766dB train_rec=0.000000e+00 train_recT=0.000000e+00 train_fc=0.000000e+00 train_decoder_tail=0.000000e+00
I 07.01/04:15:18 train_mapper.py:615 ] epoch=0131 train_loss=2.413662e-02 train_mse=5.356474e-03 train_cos=0.995751 train_nmse=-20.785dB train_rec=0.000000e+00 train_recT=0.000000e+00 train_fc=0.000000e+00 train_decoder_tail=0.000000e+00
I 07.01/04:15:53 train_mapper.py:615 ] epoch=0132 train_loss=2.406397e-02 train_mse=5.335751e-03 train_cos=0.995765 train_nmse=-20.802dB train_rec=0.000000e+00 train_recT=0.000000e+00 train_fc=0.000000e+00 train_decoder_tail=0.000000e+00
I 07.01/04:16:29 train_mapper.py:615 ] epoch=0133 train_loss=2.397639e-02 train_mse=5.312394e-03 train_cos=0.995784 train_nmse=-20.821dB train_rec=0.000000e+00 train_recT=0.000000e+00 train_fc=0.000000e+00 train_decoder_tail=0.000000e+00
I 07.01/04:17:05 train_mapper.py:615 ] epoch=0134 train_loss=2.388111e-02 train_mse=5.286833e-03 train_cos=0.995805 train_nmse=-20.842dB train_rec=0.000000e+00 train_recT=0.000000e+00 train_fc=0.000000e+00 train_decoder_tail=0.000000e+00
I 07.01/04:17:38 train_mapper.py:615 ] epoch=0135 train_loss=2.376776e-02 train_mse=5.256242e-03 train_cos=0.995827 train_nmse=-20.867dB train_rec=0.000000e+00 train_recT=0.000000e+00 train_fc=0.000000e+00 train_decoder_tail=0.000000e+00
I 07.01/04:18:13 train_mapper.py:615 ] epoch=0136 train_loss=2.377746e-02 train_mse=5.257660e-03 train_cos=0.995828 train_nmse=-20.866dB train_rec=0.000000e+00 train_recT=0.000000e+00 train_fc=0.000000e+00 train_decoder_tail=0.000000e+00
I 07.01/04:18:50 train_mapper.py:615 ] epoch=0137 train_loss=2.372005e-02 train_mse=5.241968e-03 train_cos=0.995840 train_nmse=-20.879dB train_rec=0.000000e+00 train_recT=0.000000e+00 train_fc=0.000000e+00 train_decoder_tail=0.000000e+00
I 07.01/04:19:30 train_mapper.py:615 ] epoch=0138 train_loss=2.360001e-02 train_mse=5.209890e-03 train_cos=0.995864 train_nmse=-20.906dB train_rec=0.000000e+00 train_recT=0.000000e+00 train_fc=0.000000e+00 train_decoder_tail=0.000000e+00
I 07.01/04:20:12 train_mapper.py:615 ] epoch=0139 train_loss=2.352687e-02 train_mse=5.189626e-03 train_cos=0.995879 train_nmse=-20.923dB train_rec=0.000000e+00 train_recT=0.000000e+00 train_fc=0.000000e+00 train_decoder_tail=0.000000e+00
I 07.01/04:20:52 train_mapper.py:615 ] epoch=0140 train_loss=2.338879e-02 train_mse=5.153493e-03 train_cos=0.995907 train_nmse=-20.953dB train_rec=0.000000e+00 train_recT=0.000000e+00 train_fc=0.000000e+00 train_decoder_tail=0.000000e+00
I 07.01/04:21:36 train_mapper.py:615 ] epoch=0141 train_loss=2.337552e-02 train_mse=5.147852e-03 train_cos=0.995910 train_nmse=-20.958dB train_rec=0.000000e+00 train_recT=0.000000e+00 train_fc=0.000000e+00 train_decoder_tail=0.000000e+00
I 07.01/04:22:19 train_mapper.py:615 ] epoch=0142 train_loss=2.320239e-02 train_mse=5.104150e-03 train_cos=0.995945 train_nmse=-20.995dB train_rec=0.000000e+00 train_recT=0.000000e+00 train_fc=0.000000e+00 train_decoder_tail=0.000000e+00
I 07.01/04:23:04 train_mapper.py:615 ] epoch=0143 train_loss=2.313790e-02 train_mse=5.086419e-03 train_cos=0.995959 train_nmse=-21.010dB train_rec=0.000000e+00 train_recT=0.000000e+00 train_fc=0.000000e+00 train_decoder_tail=0.000000e+00
I 07.01/04:23:46 train_mapper.py:615 ] epoch=0144 train_loss=2.305396e-02 train_mse=5.064277e-03 train_cos=0.995976 train_nmse=-21.029dB train_rec=0.000000e+00 train_recT=0.000000e+00 train_fc=0.000000e+00 train_decoder_tail=0.000000e+00
I 07.01/04:24:32 train_mapper.py:615 ] epoch=0145 train_loss=2.300701e-02 train_mse=5.050539e-03 train_cos=0.995987 train_nmse=-21.040dB train_rec=0.000000e+00 train_recT=0.000000e+00 train_fc=0.000000e+00 train_decoder_tail=0.000000e+00
I 07.01/04:25:18 train_mapper.py:615 ] epoch=0146 train_loss=2.300305e-02 train_mse=5.048056e-03 train_cos=0.995988 train_nmse=-21.042dB train_rec=0.000000e+00 train_recT=0.000000e+00 train_fc=0.000000e+00 train_decoder_tail=0.000000e+00
I 07.01/04:26:07 train_mapper.py:615 ] epoch=0147 train_loss=2.288147e-02 train_mse=5.016834e-03 train_cos=0.996014 train_nmse=-21.069dB train_rec=0.000000e+00 train_recT=0.000000e+00 train_fc=0.000000e+00 train_decoder_tail=0.000000e+00
I 07.01/04:26:52 train_mapper.py:615 ] epoch=0148 train_loss=2.277731e-02 train_mse=4.989771e-03 train_cos=0.996035 train_nmse=-21.093dB train_rec=0.000000e+00 train_recT=0.000000e+00 train_fc=0.000000e+00 train_decoder_tail=0.000000e+00
I 07.01/04:27:40 train_mapper.py:615 ] epoch=0149 train_loss=2.272313e-02 train_mse=4.974704e-03 train_cos=0.996046 train_nmse=-21.106dB train_rec=0.000000e+00 train_recT=0.000000e+00 train_fc=0.000000e+00 train_decoder_tail=0.000000e+00
I 07.01/04:28:29 train_mapper.py:615 ] epoch=0150 train_loss=2.259455e-02 train_mse=4.942024e-03 train_cos=0.996072 train_nmse=-21.135dB train_rec=0.000000e+00 train_recT=0.000000e+00 train_fc=0.000000e+00 train_decoder_tail=0.000000e+00
I 07.01/04:29:17 train_mapper.py:615 ] epoch=0151 train_loss=2.254871e-02 train_mse=4.928961e-03 train_cos=0.996081 train_nmse=-21.146dB train_rec=0.000000e+00 train_recT=0.000000e+00 train_fc=0.000000e+00 train_decoder_tail=0.000000e+00
I 07.01/04:30:07 train_mapper.py:615 ] epoch=0152 train_loss=2.246863e-02 train_mse=4.908243e-03 train_cos=0.996099 train_nmse=-21.165dB train_rec=0.000000e+00 train_recT=0.000000e+00 train_fc=0.000000e+00 train_decoder_tail=0.000000e+00
I 07.01/04:30:53 train_mapper.py:615 ] epoch=0153 train_loss=2.242297e-02 train_mse=4.895927e-03 train_cos=0.996108 train_nmse=-21.175dB train_rec=0.000000e+00 train_recT=0.000000e+00 train_fc=0.000000e+00 train_decoder_tail=0.000000e+00
I 07.01/04:31:42 train_mapper.py:615 ] epoch=0154 train_loss=2.236562e-02 train_mse=4.880106e-03 train_cos=0.996119 train_nmse=-21.190dB train_rec=0.000000e+00 train_recT=0.000000e+00 train_fc=0.000000e+00 train_decoder_tail=0.000000e+00
I 07.01/04:32:29 train_mapper.py:615 ] epoch=0155 train_loss=2.238819e-02 train_mse=4.884096e-03 train_cos=0.996116 train_nmse=-21.186dB train_rec=0.000000e+00 train_recT=0.000000e+00 train_fc=0.000000e+00 train_decoder_tail=0.000000e+00
I 07.01/04:33:16 train_mapper.py:615 ] epoch=0156 train_loss=2.227819e-02 train_mse=4.856242e-03 train_cos=0.996138 train_nmse=-21.211dB train_rec=0.000000e+00 train_recT=0.000000e+00 train_fc=0.000000e+00 train_decoder_tail=0.000000e+00
I 07.01/04:34:02 train_mapper.py:615 ] epoch=0157 train_loss=2.211912e-02 train_mse=4.816342e-03 train_cos=0.996171 train_nmse=-21.247dB train_rec=0.000000e+00 train_recT=0.000000e+00 train_fc=0.000000e+00 train_decoder_tail=0.000000e+00
I 07.01/04:34:46 train_mapper.py:615 ] epoch=0158 train_loss=2.218901e-02 train_mse=4.831652e-03 train_cos=0.996156 train_nmse=-21.233dB train_rec=0.000000e+00 train_recT=0.000000e+00 train_fc=0.000000e+00 train_decoder_tail=0.000000e+00
I 07.01/04:35:32 train_mapper.py:615 ] epoch=0159 train_loss=2.201022e-02 train_mse=4.786651e-03 train_cos=0.996194 train_nmse=-21.274dB train_rec=0.000000e+00 train_recT=0.000000e+00 train_fc=0.000000e+00 train_decoder_tail=0.000000e+00
I 07.01/04:36:19 train_mapper.py:615 ] epoch=0160 train_loss=2.193544e-02 train_mse=4.766363e-03 train_cos=0.996207 train_nmse=-21.292dB train_rec=0.000000e+00 train_recT=0.000000e+00 train_fc=0.000000e+00 train_decoder_tail=0.000000e+00
I 07.01/04:37:01 train_mapper.py:615 ] epoch=0161 train_loss=2.193470e-02 train_mse=4.765408e-03 train_cos=0.996207 train_nmse=-21.293dB train_rec=0.000000e+00 train_recT=0.000000e+00 train_fc=0.000000e+00 train_decoder_tail=0.000000e+00
I 07.01/04:37:46 train_mapper.py:615 ] epoch=0162 train_loss=2.179280e-02 train_mse=4.729904e-03 train_cos=0.996236 train_nmse=-21.325dB train_rec=0.000000e+00 train_recT=0.000000e+00 train_fc=0.000000e+00 train_decoder_tail=0.000000e+00
I 07.01/04:38:32 train_mapper.py:615 ] epoch=0163 train_loss=2.170335e-02 train_mse=4.706783e-03 train_cos=0.996255 train_nmse=-21.346dB train_rec=0.000000e+00 train_recT=0.000000e+00 train_fc=0.000000e+00 train_decoder_tail=0.000000e+00
I 07.01/04:39:17 train_mapper.py:615 ] epoch=0164 train_loss=2.173084e-02 train_mse=4.712462e-03 train_cos=0.996250 train_nmse=-21.341dB train_rec=0.000000e+00 train_recT=0.000000e+00 train_fc=0.000000e+00 train_decoder_tail=0.000000e+00
I 07.01/04:40:05 train_mapper.py:615 ] epoch=0165 train_loss=2.162554e-02 train_mse=4.686202e-03 train_cos=0.996272 train_nmse=-21.366dB train_rec=0.000000e+00 train_recT=0.000000e+00 train_fc=0.000000e+00 train_decoder_tail=0.000000e+00
I 07.01/04:40:50 train_mapper.py:615 ] epoch=0166 train_loss=2.161048e-02 train_mse=4.680519e-03 train_cos=0.996276 train_nmse=-21.371dB train_rec=0.000000e+00 train_recT=0.000000e+00 train_fc=0.000000e+00 train_decoder_tail=0.000000e+00
I 07.01/04:41:38 train_mapper.py:615 ] epoch=0167 train_loss=2.157866e-02 train_mse=4.671763e-03 train_cos=0.996281 train_nmse=-21.379dB train_rec=0.000000e+00 train_recT=0.000000e+00 train_fc=0.000000e+00 train_decoder_tail=0.000000e+00
I 07.01/04:42:21 train_mapper.py:615 ] epoch=0168 train_loss=2.140420e-02 train_mse=4.628687e-03 train_cos=0.996318 train_nmse=-21.419dB train_rec=0.000000e+00 train_recT=0.000000e+00 train_fc=0.000000e+00 train_decoder_tail=0.000000e+00
I 07.01/04:43:08 train_mapper.py:615 ] epoch=0169 train_loss=2.143238e-02 train_mse=4.633613e-03 train_cos=0.996311 train_nmse=-21.415dB train_rec=0.000000e+00 train_recT=0.000000e+00 train_fc=0.000000e+00 train_decoder_tail=0.000000e+00
I 07.01/04:43:50 train_mapper.py:615 ] epoch=0170 train_loss=2.134054e-02 train_mse=4.610559e-03 train_cos=0.996329 train_nmse=-21.436dB train_rec=0.000000e+00 train_recT=0.000000e+00 train_fc=0.000000e+00 train_decoder_tail=0.000000e+00
I 07.01/04:44:35 train_mapper.py:615 ] epoch=0171 train_loss=2.122018e-02 train_mse=4.580618e-03 train_cos=0.996353 train_nmse=-21.465dB train_rec=0.000000e+00 train_recT=0.000000e+00 train_fc=0.000000e+00 train_decoder_tail=0.000000e+00
I 07.01/04:45:20 train_mapper.py:615 ] epoch=0172 train_loss=2.124183e-02 train_mse=4.584835e-03 train_cos=0.996349 train_nmse=-21.461dB train_rec=0.000000e+00 train_recT=0.000000e+00 train_fc=0.000000e+00 train_decoder_tail=0.000000e+00
I 07.01/04:45:59 train_mapper.py:615 ] epoch=0173 train_loss=2.117554e-02 train_mse=4.568033e-03 train_cos=0.996365 train_nmse=-21.476dB train_rec=0.000000e+00 train_recT=0.000000e+00 train_fc=0.000000e+00 train_decoder_tail=0.000000e+00
I 07.01/04:46:44 train_mapper.py:615 ] epoch=0174 train_loss=2.116004e-02 train_mse=4.562609e-03 train_cos=0.996367 train_nmse=-21.482dB train_rec=0.000000e+00 train_recT=0.000000e+00 train_fc=0.000000e+00 train_decoder_tail=0.000000e+00
I 07.01/04:47:29 train_mapper.py:615 ] epoch=0175 train_loss=2.112716e-02 train_mse=4.554191e-03 train_cos=0.996376 train_nmse=-21.490dB train_rec=0.000000e+00 train_recT=0.000000e+00 train_fc=0.000000e+00 train_decoder_tail=0.000000e+00
I 07.01/04:48:12 train_mapper.py:615 ] epoch=0176 train_loss=2.100864e-02 train_mse=4.523868e-03 train_cos=0.996398 train_nmse=-21.519dB train_rec=0.000000e+00 train_recT=0.000000e+00 train_fc=0.000000e+00 train_decoder_tail=0.000000e+00
I 07.01/04:48:55 train_mapper.py:615 ] epoch=0177 train_loss=2.095539e-02 train_mse=4.509801e-03 train_cos=0.996408 train_nmse=-21.532dB train_rec=0.000000e+00 train_recT=0.000000e+00 train_fc=0.000000e+00 train_decoder_tail=0.000000e+00
I 07.01/04:49:40 train_mapper.py:615 ] epoch=0178 train_loss=2.089918e-02 train_mse=4.496084e-03 train_cos=0.996421 train_nmse=-21.545dB train_rec=0.000000e+00 train_recT=0.000000e+00 train_fc=0.000000e+00 train_decoder_tail=0.000000e+00
I 07.01/04:50:24 train_mapper.py:615 ] epoch=0179 train_loss=2.083922e-02 train_mse=4.479895e-03 train_cos=0.996432 train_nmse=-21.561dB train_rec=0.000000e+00 train_recT=0.000000e+00 train_fc=0.000000e+00 train_decoder_tail=0.000000e+00
I 07.01/04:51:08 train_mapper.py:615 ] epoch=0180 train_loss=2.081859e-02 train_mse=4.473953e-03 train_cos=0.996437 train_nmse=-21.567dB train_rec=0.000000e+00 train_recT=0.000000e+00 train_fc=0.000000e+00 train_decoder_tail=0.000000e+00
I 07.01/04:51:51 train_mapper.py:615 ] epoch=0181 train_loss=2.073536e-02 train_mse=4.453139e-03 train_cos=0.996455 train_nmse=-21.587dB train_rec=0.000000e+00 train_recT=0.000000e+00 train_fc=0.000000e+00 train_decoder_tail=0.000000e+00
I 07.01/04:52:38 train_mapper.py:615 ] epoch=0182 train_loss=2.063525e-02 train_mse=4.428054e-03 train_cos=0.996475 train_nmse=-21.612dB train_rec=0.000000e+00 train_recT=0.000000e+00 train_fc=0.000000e+00 train_decoder_tail=0.000000e+00
I 07.01/04:53:27 train_mapper.py:615 ] epoch=0183 train_loss=2.064967e-02 train_mse=4.429717e-03 train_cos=0.996470 train_nmse=-21.610dB train_rec=0.000000e+00 train_recT=0.000000e+00 train_fc=0.000000e+00 train_decoder_tail=0.000000e+00
I 07.01/04:54:12 train_mapper.py:615 ] epoch=0184 train_loss=2.053816e-02 train_mse=4.402617e-03 train_cos=0.996493 train_nmse=-21.637dB train_rec=0.000000e+00 train_recT=0.000000e+00 train_fc=0.000000e+00 train_decoder_tail=0.000000e+00
I 07.01/04:54:54 train_mapper.py:615 ] epoch=0185 train_loss=2.059157e-02 train_mse=4.413591e-03 train_cos=0.996482 train_nmse=-21.626dB train_rec=0.000000e+00 train_recT=0.000000e+00 train_fc=0.000000e+00 train_decoder_tail=0.000000e+00
I 07.01/04:55:36 train_mapper.py:615 ] epoch=0186 train_loss=2.055513e-02 train_mse=4.405139e-03 train_cos=0.996492 train_nmse=-21.634dB train_rec=0.000000e+00 train_recT=0.000000e+00 train_fc=0.000000e+00 train_decoder_tail=0.000000e+00
I 07.01/04:56:20 train_mapper.py:615 ] epoch=0187 train_loss=2.038256e-02 train_mse=4.363306e-03 train_cos=0.996527 train_nmse=-21.676dB train_rec=0.000000e+00 train_recT=0.000000e+00 train_fc=0.000000e+00 train_decoder_tail=0.000000e+00
I 07.01/04:57:05 train_mapper.py:615 ] epoch=0188 train_loss=2.037167e-02 train_mse=4.358686e-03 train_cos=0.996528 train_nmse=-21.680dB train_rec=0.000000e+00 train_recT=0.000000e+00 train_fc=0.000000e+00 train_decoder_tail=0.000000e+00
I 07.01/04:57:52 train_mapper.py:615 ] epoch=0189 train_loss=2.036849e-02 train_mse=4.356689e-03 train_cos=0.996529 train_nmse=-21.682dB train_rec=0.000000e+00 train_recT=0.000000e+00 train_fc=0.000000e+00 train_decoder_tail=0.000000e+00
I 07.01/04:58:37 train_mapper.py:615 ] epoch=0190 train_loss=2.022080e-02 train_mse=4.320810e-03 train_cos=0.996558 train_nmse=-21.718dB train_rec=0.000000e+00 train_recT=0.000000e+00 train_fc=0.000000e+00 train_decoder_tail=0.000000e+00
I 07.01/04:59:23 train_mapper.py:615 ] epoch=0191 train_loss=2.020843e-02 train_mse=4.316524e-03 train_cos=0.996560 train_nmse=-21.722dB train_rec=0.000000e+00 train_recT=0.000000e+00 train_fc=0.000000e+00 train_decoder_tail=0.000000e+00
I 07.01/05:00:10 train_mapper.py:615 ] epoch=0192 train_loss=2.020392e-02 train_mse=4.315014e-03 train_cos=0.996563 train_nmse=-21.724dB train_rec=0.000000e+00 train_recT=0.000000e+00 train_fc=0.000000e+00 train_decoder_tail=0.000000e+00
I 07.01/05:00:56 train_mapper.py:615 ] epoch=0193 train_loss=2.016185e-02 train_mse=4.303775e-03 train_cos=0.996571 train_nmse=-21.735dB train_rec=0.000000e+00 train_recT=0.000000e+00 train_fc=0.000000e+00 train_decoder_tail=0.000000e+00
I 07.01/05:01:44 train_mapper.py:615 ] epoch=0194 train_loss=2.011368e-02 train_mse=4.291588e-03 train_cos=0.996580 train_nmse=-21.748dB train_rec=0.000000e+00 train_recT=0.000000e+00 train_fc=0.000000e+00 train_decoder_tail=0.000000e+00
I 07.01/05:02:27 train_mapper.py:615 ] epoch=0195 train_loss=2.005203e-02 train_mse=4.276043e-03 train_cos=0.996594 train_nmse=-21.763dB train_rec=0.000000e+00 train_recT=0.000000e+00 train_fc=0.000000e+00 train_decoder_tail=0.000000e+00
I 07.01/05:03:11 train_mapper.py:615 ] epoch=0196 train_loss=2.001736e-02 train_mse=4.266384e-03 train_cos=0.996598 train_nmse=-21.773dB train_rec=0.000000e+00 train_recT=0.000000e+00 train_fc=0.000000e+00 train_decoder_tail=0.000000e+00
I 07.01/05:03:55 train_mapper.py:615 ] epoch=0197 train_loss=1.996860e-02 train_mse=4.254576e-03 train_cos=0.996610 train_nmse=-21.785dB train_rec=0.000000e+00 train_recT=0.000000e+00 train_fc=0.000000e+00 train_decoder_tail=0.000000e+00
I 07.01/05:04:41 train_mapper.py:615 ] epoch=0198 train_loss=1.993581e-02 train_mse=4.245333e-03 train_cos=0.996616 train_nmse=-21.795dB train_rec=0.000000e+00 train_recT=0.000000e+00 train_fc=0.000000e+00 train_decoder_tail=0.000000e+00
I 07.01/05:05:31 train_mapper.py:615 ] epoch=0199 train_loss=1.981708e-02 train_mse=4.217167e-03 train_cos=0.996640 train_nmse=-21.824dB train_rec=0.000000e+00 train_recT=0.000000e+00 train_fc=0.000000e+00 train_decoder_tail=0.000000e+00
I 07.01/05:06:19 train_mapper.py:615 ] epoch=0200 train_loss=1.983178e-02 train_mse=4.218890e-03 train_cos=0.996638 train_nmse=-21.822dB train_rec=0.000000e+00 train_recT=0.000000e+00 train_fc=0.000000e+00 train_decoder_tail=0.000000e+00
I 07.01/05:07:07 train_mapper.py:615 ] epoch=0201 train_loss=1.974357e-02 train_mse=4.197553e-03 train_cos=0.996656 train_nmse=-21.844dB train_rec=0.000000e+00 train_recT=0.000000e+00 train_fc=0.000000e+00 train_decoder_tail=0.000000e+00
I 07.01/05:07:48 train_mapper.py:615 ] epoch=0202 train_loss=1.974431e-02 train_mse=4.196077e-03 train_cos=0.996657 train_nmse=-21.845dB train_rec=0.000000e+00 train_recT=0.000000e+00 train_fc=0.000000e+00 train_decoder_tail=0.000000e+00
I 07.01/05:08:33 train_mapper.py:615 ] epoch=0203 train_loss=1.973801e-02 train_mse=4.194391e-03 train_cos=0.996658 train_nmse=-21.847dB train_rec=0.000000e+00 train_recT=0.000000e+00 train_fc=0.000000e+00 train_decoder_tail=0.000000e+00
I 07.01/05:09:24 train_mapper.py:615 ] epoch=0204 train_loss=1.966106e-02 train_mse=4.175417e-03 train_cos=0.996674 train_nmse=-21.867dB train_rec=0.000000e+00 train_recT=0.000000e+00 train_fc=0.000000e+00 train_decoder_tail=0.000000e+00
I 07.01/05:10:14 train_mapper.py:615 ] epoch=0205 train_loss=1.958437e-02 train_mse=4.156236e-03 train_cos=0.996687 train_nmse=-21.887dB train_rec=0.000000e+00 train_recT=0.000000e+00 train_fc=0.000000e+00 train_decoder_tail=0.000000e+00
I 07.01/05:10:59 train_mapper.py:615 ] epoch=0206 train_loss=1.954851e-02 train_mse=4.146286e-03 train_cos=0.996694 train_nmse=-21.897dB train_rec=0.000000e+00 train_recT=0.000000e+00 train_fc=0.000000e+00 train_decoder_tail=0.000000e+00
I 07.01/05:11:48 train_mapper.py:615 ] epoch=0207 train_loss=1.948050e-02 train_mse=4.129562e-03 train_cos=0.996708 train_nmse=-21.915dB train_rec=0.000000e+00 train_recT=0.000000e+00 train_fc=0.000000e+00 train_decoder_tail=0.000000e+00
I 07.01/05:12:37 train_mapper.py:615 ] epoch=0208 train_loss=1.948910e-02 train_mse=4.129943e-03 train_cos=0.996706 train_nmse=-21.914dB train_rec=0.000000e+00 train_recT=0.000000e+00 train_fc=0.000000e+00 train_decoder_tail=0.000000e+00
I 07.01/05:13:24 train_mapper.py:615 ] epoch=0209 train_loss=1.930957e-02 train_mse=4.088058e-03 train_cos=0.996744 train_nmse=-21.958dB train_rec=0.000000e+00 train_recT=0.000000e+00 train_fc=0.000000e+00 train_decoder_tail=0.000000e+00
I 07.01/05:14:12 train_mapper.py:615 ] epoch=0210 train_loss=1.936743e-02 train_mse=4.100553e-03 train_cos=0.996731 train_nmse=-21.945dB train_rec=0.000000e+00 train_recT=0.000000e+00 train_fc=0.000000e+00 train_decoder_tail=0.000000e+00
I 07.01/05:14:54 train_mapper.py:615 ] epoch=0211 train_loss=1.932462e-02 train_mse=4.089255e-03 train_cos=0.996738 train_nmse=-21.957dB train_rec=0.000000e+00 train_recT=0.000000e+00 train_fc=0.000000e+00 train_decoder_tail=0.000000e+00
I 07.01/05:15:38 train_mapper.py:615 ] epoch=0212 train_loss=1.928488e-02 train_mse=4.079622e-03 train_cos=0.996748 train_nmse=-21.968dB train_rec=0.000000e+00 train_recT=0.000000e+00 train_fc=0.000000e+00 train_decoder_tail=0.000000e+00
I 07.01/05:16:26 train_mapper.py:615 ] epoch=0213 train_loss=1.922609e-02 train_mse=4.065075e-03 train_cos=0.996761 train_nmse=-21.983dB train_rec=0.000000e+00 train_recT=0.000000e+00 train_fc=0.000000e+00 train_decoder_tail=0.000000e+00
I 07.01/05:17:13 train_mapper.py:615 ] epoch=0214 train_loss=1.923178e-02 train_mse=4.065052e-03 train_cos=0.996759 train_nmse=-21.983dB train_rec=0.000000e+00 train_recT=0.000000e+00 train_fc=0.000000e+00 train_decoder_tail=0.000000e+00
I 07.01/05:17:56 train_mapper.py:615 ] epoch=0215 train_loss=1.919492e-02 train_mse=4.055338e-03 train_cos=0.996766 train_nmse=-21.994dB train_rec=0.000000e+00 train_recT=0.000000e+00 train_fc=0.000000e+00 train_decoder_tail=0.000000e+00
I 07.01/05:18:42 train_mapper.py:615 ] epoch=0216 train_loss=1.914317e-02 train_mse=4.042764e-03 train_cos=0.996777 train_nmse=-22.007dB train_rec=0.000000e+00 train_recT=0.000000e+00 train_fc=0.000000e+00 train_decoder_tail=0.000000e+00
I 07.01/05:19:32 train_mapper.py:615 ] epoch=0217 train_loss=1.905442e-02 train_mse=4.021490e-03 train_cos=0.996795 train_nmse=-22.030dB train_rec=0.000000e+00 train_recT=0.000000e+00 train_fc=0.000000e+00 train_decoder_tail=0.000000e+00
I 07.01/05:20:22 train_mapper.py:615 ] epoch=0218 train_loss=1.908283e-02 train_mse=4.026733e-03 train_cos=0.996790 train_nmse=-22.024dB train_rec=0.000000e+00 train_recT=0.000000e+00 train_fc=0.000000e+00 train_decoder_tail=0.000000e+00
I 07.01/05:21:08 train_mapper.py:615 ] epoch=0219 train_loss=1.895561e-02 train_mse=3.996889e-03 train_cos=0.996813 train_nmse=-22.057dB train_rec=0.000000e+00 train_recT=0.000000e+00 train_fc=0.000000e+00 train_decoder_tail=0.000000e+00
I 07.01/05:21:55 train_mapper.py:615 ] epoch=0220 train_loss=1.896075e-02 train_mse=3.996708e-03 train_cos=0.996812 train_nmse=-22.057dB train_rec=0.000000e+00 train_recT=0.000000e+00 train_fc=0.000000e+00 train_decoder_tail=0.000000e+00
I 07.01/05:22:45 train_mapper.py:615 ] epoch=0221 train_loss=1.891456e-02 train_mse=3.985323e-03 train_cos=0.996822 train_nmse=-22.069dB train_rec=0.000000e+00 train_recT=0.000000e+00 train_fc=0.000000e+00 train_decoder_tail=0.000000e+00
I 07.01/05:23:32 train_mapper.py:615 ] epoch=0222 train_loss=1.887978e-02 train_mse=3.976299e-03 train_cos=0.996830 train_nmse=-22.079dB train_rec=0.000000e+00 train_recT=0.000000e+00 train_fc=0.000000e+00 train_decoder_tail=0.000000e+00
I 07.01/05:24:20 train_mapper.py:615 ] epoch=0223 train_loss=1.893376e-02 train_mse=3.987866e-03 train_cos=0.996820 train_nmse=-22.066dB train_rec=0.000000e+00 train_recT=0.000000e+00 train_fc=0.000000e+00 train_decoder_tail=0.000000e+00
I 07.01/05:25:08 train_mapper.py:615 ] epoch=0224 train_loss=1.880853e-02 train_mse=3.958520e-03 train_cos=0.996846 train_nmse=-22.098dB train_rec=0.000000e+00 train_recT=0.000000e+00 train_fc=0.000000e+00 train_decoder_tail=0.000000e+00
I 07.01/05:26:00 train_mapper.py:615 ] epoch=0225 train_loss=1.884120e-02 train_mse=3.964945e-03 train_cos=0.996838 train_nmse=-22.091dB train_rec=0.000000e+00 train_recT=0.000000e+00 train_fc=0.000000e+00 train_decoder_tail=0.000000e+00
I 07.01/05:26:48 train_mapper.py:615 ] epoch=0226 train_loss=1.874630e-02 train_mse=3.942057e-03 train_cos=0.996857 train_nmse=-22.116dB train_rec=0.000000e+00 train_recT=0.000000e+00 train_fc=0.000000e+00 train_decoder_tail=0.000000e+00
I 07.01/05:27:36 train_mapper.py:615 ] epoch=0227 train_loss=1.867895e-02 train_mse=3.925753e-03 train_cos=0.996868 train_nmse=-22.134dB train_rec=0.000000e+00 train_recT=0.000000e+00 train_fc=0.000000e+00 train_decoder_tail=0.000000e+00
I 07.01/05:28:26 train_mapper.py:615 ] epoch=0228 train_loss=1.860078e-02 train_mse=3.906754e-03 train_cos=0.996884 train_nmse=-22.156dB train_rec=0.000000e+00 train_recT=0.000000e+00 train_fc=0.000000e+00 train_decoder_tail=0.000000e+00
I 07.01/05:29:19 train_mapper.py:615 ] epoch=0229 train_loss=1.863339e-02 train_mse=3.912989e-03 train_cos=0.996877 train_nmse=-22.149dB train_rec=0.000000e+00 train_recT=0.000000e+00 train_fc=0.000000e+00 train_decoder_tail=0.000000e+00
I 07.01/05:30:07 train_mapper.py:615 ] epoch=0230 train_loss=1.855245e-02 train_mse=3.894244e-03 train_cos=0.996894 train_nmse=-22.170dB train_rec=0.000000e+00 train_recT=0.000000e+00 train_fc=0.000000e+00 train_decoder_tail=0.000000e+00
I 07.01/05:30:57 train_mapper.py:615 ] epoch=0231 train_loss=1.850138e-02 train_mse=3.881577e-03 train_cos=0.996905 train_nmse=-22.184dB train_rec=0.000000e+00 train_recT=0.000000e+00 train_fc=0.000000e+00 train_decoder_tail=0.000000e+00
I 07.01/05:31:46 train_mapper.py:615 ] epoch=0232 train_loss=1.851903e-02 train_mse=3.884793e-03 train_cos=0.996901 train_nmse=-22.180dB train_rec=0.000000e+00 train_recT=0.000000e+00 train_fc=0.000000e+00 train_decoder_tail=0.000000e+00
I 07.01/05:32:35 train_mapper.py:615 ] epoch=0233 train_loss=1.845467e-02 train_mse=3.869612e-03 train_cos=0.996914 train_nmse=-22.197dB train_rec=0.000000e+00 train_recT=0.000000e+00 train_fc=0.000000e+00 train_decoder_tail=0.000000e+00
I 07.01/05:33:24 train_mapper.py:615 ] epoch=0234 train_loss=1.842688e-02 train_mse=3.862637e-03 train_cos=0.996920 train_nmse=-22.205dB train_rec=0.000000e+00 train_recT=0.000000e+00 train_fc=0.000000e+00 train_decoder_tail=0.000000e+00
I 07.01/05:34:15 train_mapper.py:615 ] epoch=0235 train_loss=1.846496e-02 train_mse=3.869986e-03 train_cos=0.996913 train_nmse=-22.197dB train_rec=0.000000e+00 train_recT=0.000000e+00 train_fc=0.000000e+00 train_decoder_tail=0.000000e+00
I 07.01/05:35:07 train_mapper.py:615 ] epoch=0236 train_loss=1.842361e-02 train_mse=3.859753e-03 train_cos=0.996921 train_nmse=-22.208dB train_rec=0.000000e+00 train_recT=0.000000e+00 train_fc=0.000000e+00 train_decoder_tail=0.000000e+00
I 07.01/05:35:55 train_mapper.py:615 ] epoch=0237 train_loss=1.836036e-02 train_mse=3.844433e-03 train_cos=0.996934 train_nmse=-22.225dB train_rec=0.000000e+00 train_recT=0.000000e+00 train_fc=0.000000e+00 train_decoder_tail=0.000000e+00
I 07.01/05:36:34 train_mapper.py:615 ] epoch=0238 train_loss=1.828384e-02 train_mse=3.826799e-03 train_cos=0.996948 train_nmse=-22.245dB train_rec=0.000000e+00 train_recT=0.000000e+00 train_fc=0.000000e+00 train_decoder_tail=0.000000e+00
I 07.01/05:37:15 train_mapper.py:615 ] epoch=0239 train_loss=1.833756e-02 train_mse=3.838139e-03 train_cos=0.996939 train_nmse=-22.233dB train_rec=0.000000e+00 train_recT=0.000000e+00 train_fc=0.000000e+00 train_decoder_tail=0.000000e+00
I 07.01/05:37:54 train_mapper.py:615 ] epoch=0240 train_loss=1.828546e-02 train_mse=3.825705e-03 train_cos=0.996950 train_nmse=-22.247dB train_rec=0.000000e+00 train_recT=0.000000e+00 train_fc=0.000000e+00 train_decoder_tail=0.000000e+00
I 07.01/05:38:37 train_mapper.py:615 ] epoch=0241 train_loss=1.814533e-02 train_mse=3.792886e-03 train_cos=0.996977 train_nmse=-22.284dB train_rec=0.000000e+00 train_recT=0.000000e+00 train_fc=0.000000e+00 train_decoder_tail=0.000000e+00
I 07.01/05:39:26 train_mapper.py:615 ] epoch=0242 train_loss=1.813903e-02 train_mse=3.790332e-03 train_cos=0.996976 train_nmse=-22.287dB train_rec=0.000000e+00 train_recT=0.000000e+00 train_fc=0.000000e+00 train_decoder_tail=0.000000e+00
I 07.01/05:40:14 train_mapper.py:615 ] epoch=0243 train_loss=1.809035e-02 train_mse=3.778470e-03 train_cos=0.996985 train_nmse=-22.301dB train_rec=0.000000e+00 train_recT=0.000000e+00 train_fc=0.000000e+00 train_decoder_tail=0.000000e+00
I 07.01/05:41:02 train_mapper.py:615 ] epoch=0244 train_loss=1.810906e-02 train_mse=3.781852e-03 train_cos=0.996981 train_nmse=-22.297dB train_rec=0.000000e+00 train_recT=0.000000e+00 train_fc=0.000000e+00 train_decoder_tail=0.000000e+00
I 07.01/05:41:51 train_mapper.py:615 ] epoch=0245 train_loss=1.803850e-02 train_mse=3.765527e-03 train_cos=0.996996 train_nmse=-22.316dB train_rec=0.000000e+00 train_recT=0.000000e+00 train_fc=0.000000e+00 train_decoder_tail=0.000000e+00
I 07.01/05:42:39 train_mapper.py:615 ] epoch=0246 train_loss=1.800255e-02 train_mse=3.756252e-03 train_cos=0.997003 train_nmse=-22.326dB train_rec=0.000000e+00 train_recT=0.000000e+00 train_fc=0.000000e+00 train_decoder_tail=0.000000e+00
I 07.01/05:43:26 train_mapper.py:615 ] epoch=0247 train_loss=1.798790e-02 train_mse=3.752633e-03 train_cos=0.997008 train_nmse=-22.330dB train_rec=0.000000e+00 train_recT=0.000000e+00 train_fc=0.000000e+00 train_decoder_tail=0.000000e+00
I 07.01/05:44:16 train_mapper.py:615 ] epoch=0248 train_loss=1.801839e-02 train_mse=3.758831e-03 train_cos=0.997002 train_nmse=-22.323dB train_rec=0.000000e+00 train_recT=0.000000e+00 train_fc=0.000000e+00 train_decoder_tail=0.000000e+00
I 07.01/05:44:55 train_mapper.py:615 ] epoch=0249 train_loss=1.799332e-02 train_mse=3.752596e-03 train_cos=0.997007 train_nmse=-22.330dB train_rec=0.000000e+00 train_recT=0.000000e+00 train_fc=0.000000e+00 train_decoder_tail=0.000000e+00
I 07.01/05:45:38 train_mapper.py:615 ] epoch=0250 train_loss=1.791879e-02 train_mse=3.734729e-03 train_cos=0.997020 train_nmse=-22.351dB train_rec=0.000000e+00 train_recT=0.000000e+00 train_fc=0.000000e+00 train_decoder_tail=0.000000e+00
I 07.01/05:46:26 train_mapper.py:615 ] epoch=0251 train_loss=1.784512e-02 train_mse=3.717100e-03 train_cos=0.997036 train_nmse=-22.372dB train_rec=0.000000e+00 train_recT=0.000000e+00 train_fc=0.000000e+00 train_decoder_tail=0.000000e+00
I 07.01/05:47:10 train_mapper.py:615 ] epoch=0252 train_loss=1.784593e-02 train_mse=3.716391e-03 train_cos=0.997034 train_nmse=-22.373dB train_rec=0.000000e+00 train_recT=0.000000e+00 train_fc=0.000000e+00 train_decoder_tail=0.000000e+00
I 07.01/05:47:53 train_mapper.py:615 ] epoch=0253 train_loss=1.780949e-02 train_mse=3.707487e-03 train_cos=0.997040 train_nmse=-22.383dB train_rec=0.000000e+00 train_recT=0.000000e+00 train_fc=0.000000e+00 train_decoder_tail=0.000000e+00
I 07.01/05:48:46 train_mapper.py:615 ] epoch=0254 train_loss=1.778299e-02 train_mse=3.701099e-03 train_cos=0.997047 train_nmse=-22.391dB train_rec=0.000000e+00 train_recT=0.000000e+00 train_fc=0.000000e+00 train_decoder_tail=0.000000e+00
I 07.01/05:49:30 train_mapper.py:615 ] epoch=0255 train_loss=1.776629e-02 train_mse=3.697170e-03 train_cos=0.997051 train_nmse=-22.395dB train_rec=0.000000e+00 train_recT=0.000000e+00 train_fc=0.000000e+00 train_decoder_tail=0.000000e+00
I 07.01/05:50:05 train_mapper.py:615 ] epoch=0256 train_loss=1.769860e-02 train_mse=3.681074e-03 train_cos=0.997064 train_nmse=-22.414dB train_rec=0.000000e+00 train_recT=0.000000e+00 train_fc=0.000000e+00 train_decoder_tail=0.000000e+00
I 07.01/05:50:41 train_mapper.py:615 ] epoch=0257 train_loss=1.773715e-02 train_mse=3.688667e-03 train_cos=0.997055 train_nmse=-22.405dB train_rec=0.000000e+00 train_recT=0.000000e+00 train_fc=0.000000e+00 train_decoder_tail=0.000000e+00
I 07.01/05:51:19 train_mapper.py:615 ] epoch=0258 train_loss=1.758656e-02 train_mse=3.654594e-03 train_cos=0.997086 train_nmse=-22.445dB train_rec=0.000000e+00 train_recT=0.000000e+00 train_fc=0.000000e+00 train_decoder_tail=0.000000e+00
I 07.01/05:51:56 train_mapper.py:615 ] epoch=0259 train_loss=1.769157e-02 train_mse=3.677209e-03 train_cos=0.997065 train_nmse=-22.418dB train_rec=0.000000e+00 train_recT=0.000000e+00 train_fc=0.000000e+00 train_decoder_tail=0.000000e+00
I 07.01/05:52:37 train_mapper.py:615 ] epoch=0260 train_loss=1.756401e-02 train_mse=3.648011e-03 train_cos=0.997091 train_nmse=-22.453dB train_rec=0.000000e+00 train_recT=0.000000e+00 train_fc=0.000000e+00 train_decoder_tail=0.000000e+00
I 07.01/05:53:22 train_mapper.py:615 ] epoch=0261 train_loss=1.759178e-02 train_mse=3.653227e-03 train_cos=0.997084 train_nmse=-22.447dB train_rec=0.000000e+00 train_recT=0.000000e+00 train_fc=0.000000e+00 train_decoder_tail=0.000000e+00
I 07.01/05:54:05 train_mapper.py:615 ] epoch=0262 train_loss=1.756136e-02 train_mse=3.646315e-03 train_cos=0.997091 train_nmse=-22.455dB train_rec=0.000000e+00 train_recT=0.000000e+00 train_fc=0.000000e+00 train_decoder_tail=0.000000e+00
I 07.01/05:54:50 train_mapper.py:615 ] epoch=0263 train_loss=1.753789e-02 train_mse=3.640466e-03 train_cos=0.997096 train_nmse=-22.462dB train_rec=0.000000e+00 train_recT=0.000000e+00 train_fc=0.000000e+00 train_decoder_tail=0.000000e+00
I 07.01/05:55:30 train_mapper.py:615 ] epoch=0264 train_loss=1.756210e-02 train_mse=3.645111e-03 train_cos=0.997090 train_nmse=-22.457dB train_rec=0.000000e+00 train_recT=0.000000e+00 train_fc=0.000000e+00 train_decoder_tail=0.000000e+00
I 07.01/05:56:12 train_mapper.py:615 ] epoch=0265 train_loss=1.744345e-02 train_mse=3.618272e-03 train_cos=0.997113 train_nmse=-22.489dB train_rec=0.000000e+00 train_recT=0.000000e+00 train_fc=0.000000e+00 train_decoder_tail=0.000000e+00
I 07.01/05:56:49 train_mapper.py:615 ] epoch=0266 train_loss=1.738029e-02 train_mse=3.603359e-03 train_cos=0.997124 train_nmse=-22.507dB train_rec=0.000000e+00 train_recT=0.000000e+00 train_fc=0.000000e+00 train_decoder_tail=0.000000e+00
I 07.01/05:57:34 train_mapper.py:615 ] epoch=0267 train_loss=1.737610e-02 train_mse=3.600982e-03 train_cos=0.997124 train_nmse=-22.509dB train_rec=0.000000e+00 train_recT=0.000000e+00 train_fc=0.000000e+00 train_decoder_tail=0.000000e+00
I 07.01/05:58:16 train_mapper.py:615 ] epoch=0268 train_loss=1.735470e-02 train_mse=3.596037e-03 train_cos=0.997129 train_nmse=-22.516dB train_rec=0.000000e+00 train_recT=0.000000e+00 train_fc=0.000000e+00 train_decoder_tail=0.000000e+00
I 07.01/05:58:49 train_mapper.py:615 ] epoch=0269 train_loss=1.730498e-02 train_mse=3.584755e-03 train_cos=0.997141 train_nmse=-22.529dB train_rec=0.000000e+00 train_recT=0.000000e+00 train_fc=0.000000e+00 train_decoder_tail=0.000000e+00
I 07.01/05:59:31 train_mapper.py:615 ] epoch=0270 train_loss=1.732821e-02 train_mse=3.589017e-03 train_cos=0.997135 train_nmse=-22.524dB train_rec=0.000000e+00 train_recT=0.000000e+00 train_fc=0.000000e+00 train_decoder_tail=0.000000e+00
I 07.01/05:59:59 train_mapper.py:615 ] epoch=0271 train_loss=1.728342e-02 train_mse=3.578457e-03 train_cos=0.997144 train_nmse=-22.537dB train_rec=0.000000e+00 train_recT=0.000000e+00 train_fc=0.000000e+00 train_decoder_tail=0.000000e+00
I 07.01/06:00:22 train_mapper.py:615 ] epoch=0272 train_loss=1.728069e-02 train_mse=3.577394e-03 train_cos=0.997145 train_nmse=-22.538dB train_rec=0.000000e+00 train_recT=0.000000e+00 train_fc=0.000000e+00 train_decoder_tail=0.000000e+00
I 07.01/06:00:47 train_mapper.py:615 ] epoch=0273 train_loss=1.715188e-02 train_mse=3.547515e-03 train_cos=0.997168 train_nmse=-22.574dB train_rec=0.000000e+00 train_recT=0.000000e+00 train_fc=0.000000e+00 train_decoder_tail=0.000000e+00
I 07.01/06:01:25 train_mapper.py:615 ] epoch=0274 train_loss=1.722160e-02 train_mse=3.562586e-03 train_cos=0.997154 train_nmse=-22.556dB train_rec=0.000000e+00 train_recT=0.000000e+00 train_fc=0.000000e+00 train_decoder_tail=0.000000e+00
I 07.01/06:01:46 train_mapper.py:615 ] epoch=0275 train_loss=1.718964e-02 train_mse=3.555213e-03 train_cos=0.997161 train_nmse=-22.565dB train_rec=0.000000e+00 train_recT=0.000000e+00 train_fc=0.000000e+00 train_decoder_tail=0.000000e+00
I 07.01/06:02:09 train_mapper.py:615 ] epoch=0276 train_loss=1.709410e-02 train_mse=3.533227e-03 train_cos=0.997180 train_nmse=-22.592dB train_rec=0.000000e+00 train_recT=0.000000e+00 train_fc=0.000000e+00 train_decoder_tail=0.000000e+00
I 07.01/06:02:31 train_mapper.py:615 ] epoch=0277 train_loss=1.710263e-02 train_mse=3.534328e-03 train_cos=0.997177 train_nmse=-22.591dB train_rec=0.000000e+00 train_recT=0.000000e+00 train_fc=0.000000e+00 train_decoder_tail=0.000000e+00
I 07.01/06:02:52 train_mapper.py:615 ] epoch=0278 train_loss=1.707175e-02 train_mse=3.527234e-03 train_cos=0.997185 train_nmse=-22.599dB train_rec=0.000000e+00 train_recT=0.000000e+00 train_fc=0.000000e+00 train_decoder_tail=0.000000e+00
I 07.01/06:03:14 train_mapper.py:615 ] epoch=0279 train_loss=1.709646e-02 train_mse=3.531896e-03 train_cos=0.997180 train_nmse=-22.594dB train_rec=0.000000e+00 train_recT=0.000000e+00 train_fc=0.000000e+00 train_decoder_tail=0.000000e+00
I 07.01/06:03:34 train_mapper.py:615 ] epoch=0280 train_loss=1.704947e-02 train_mse=3.520942e-03 train_cos=0.997189 train_nmse=-22.607dB train_rec=0.000000e+00 train_recT=0.000000e+00 train_fc=0.000000e+00 train_decoder_tail=0.000000e+00
I 07.01/06:03:55 train_mapper.py:615 ] epoch=0281 train_loss=1.702139e-02 train_mse=3.514467e-03 train_cos=0.997194 train_nmse=-22.615dB train_rec=0.000000e+00 train_recT=0.000000e+00 train_fc=0.000000e+00 train_decoder_tail=0.000000e+00
I 07.01/06:04:21 train_mapper.py:615 ] epoch=0282 train_loss=1.700105e-02 train_mse=3.509265e-03 train_cos=0.997198 train_nmse=-22.622dB train_rec=0.000000e+00 train_recT=0.000000e+00 train_fc=0.000000e+00 train_decoder_tail=0.000000e+00
I 07.01/06:04:46 train_mapper.py:615 ] epoch=0283 train_loss=1.700100e-02 train_mse=3.508846e-03 train_cos=0.997198 train_nmse=-22.622dB train_rec=0.000000e+00 train_recT=0.000000e+00 train_fc=0.000000e+00 train_decoder_tail=0.000000e+00
I 07.01/06:05:11 train_mapper.py:615 ] epoch=0284 train_loss=1.690779e-02 train_mse=3.487093e-03 train_cos=0.997215 train_nmse=-22.649dB train_rec=0.000000e+00 train_recT=0.000000e+00 train_fc=0.000000e+00 train_decoder_tail=0.000000e+00
I 07.01/06:05:54 train_mapper.py:615 ] epoch=0285 train_loss=1.682487e-02 train_mse=3.468302e-03 train_cos=0.997231 train_nmse=-22.673dB train_rec=0.000000e+00 train_recT=0.000000e+00 train_fc=0.000000e+00 train_decoder_tail=0.000000e+00
I 07.01/06:06:39 train_mapper.py:615 ] epoch=0286 train_loss=1.685989e-02 train_mse=3.475273e-03 train_cos=0.997225 train_nmse=-22.664dB train_rec=0.000000e+00 train_recT=0.000000e+00 train_fc=0.000000e+00 train_decoder_tail=0.000000e+00
I 07.01/06:07:18 train_mapper.py:615 ] epoch=0287 train_loss=1.687475e-02 train_mse=3.478223e-03 train_cos=0.997221 train_nmse=-22.660dB train_rec=0.000000e+00 train_recT=0.000000e+00 train_fc=0.000000e+00 train_decoder_tail=0.000000e+00
I 07.01/06:08:08 train_mapper.py:615 ] epoch=0288 train_loss=1.683196e-02 train_mse=3.468555e-03 train_cos=0.997231 train_nmse=-22.672dB train_rec=0.000000e+00 train_recT=0.000000e+00 train_fc=0.000000e+00 train_decoder_tail=0.000000e+00
I 07.01/06:08:51 train_mapper.py:615 ] epoch=0289 train_loss=1.680210e-02 train_mse=3.461823e-03 train_cos=0.997236 train_nmse=-22.681dB train_rec=0.000000e+00 train_recT=0.000000e+00 train_fc=0.000000e+00 train_decoder_tail=0.000000e+00
I 07.01/06:09:19 train_mapper.py:615 ] epoch=0290 train_loss=1.675166e-02 train_mse=3.449824e-03 train_cos=0.997245 train_nmse=-22.696dB train_rec=0.000000e+00 train_recT=0.000000e+00 train_fc=0.000000e+00 train_decoder_tail=0.000000e+00
I 07.01/06:09:42 train_mapper.py:615 ] epoch=0291 train_loss=1.672277e-02 train_mse=3.442742e-03 train_cos=0.997251 train_nmse=-22.705dB train_rec=0.000000e+00 train_recT=0.000000e+00 train_fc=0.000000e+00 train_decoder_tail=0.000000e+00
I 07.01/06:10:05 train_mapper.py:615 ] epoch=0292 train_loss=1.670640e-02 train_mse=3.438382e-03 train_cos=0.997253 train_nmse=-22.710dB train_rec=0.000000e+00 train_recT=0.000000e+00 train_fc=0.000000e+00 train_decoder_tail=0.000000e+00
I 07.01/06:10:25 train_mapper.py:615 ] epoch=0293 train_loss=1.667613e-02 train_mse=3.431457e-03 train_cos=0.997259 train_nmse=-22.719dB train_rec=0.000000e+00 train_recT=0.000000e+00 train_fc=0.000000e+00 train_decoder_tail=0.000000e+00
I 07.01/06:10:44 train_mapper.py:615 ] epoch=0294 train_loss=1.668675e-02 train_mse=3.432868e-03 train_cos=0.997257 train_nmse=-22.717dB train_rec=0.000000e+00 train_recT=0.000000e+00 train_fc=0.000000e+00 train_decoder_tail=0.000000e+00
I 07.01/06:11:04 train_mapper.py:615 ] epoch=0295 train_loss=1.660918e-02 train_mse=3.416182e-03 train_cos=0.997272 train_nmse=-22.738dB train_rec=0.000000e+00 train_recT=0.000000e+00 train_fc=0.000000e+00 train_decoder_tail=0.000000e+00
I 07.01/06:11:31 train_mapper.py:615 ] epoch=0296 train_loss=1.663660e-02 train_mse=3.421504e-03 train_cos=0.997268 train_nmse=-22.732dB train_rec=0.000000e+00 train_recT=0.000000e+00 train_fc=0.000000e+00 train_decoder_tail=0.000000e+00
I 07.01/06:11:47 train_mapper.py:615 ] epoch=0297 train_loss=1.654619e-02 train_mse=3.400495e-03 train_cos=0.997284 train_nmse=-22.758dB train_rec=0.000000e+00 train_recT=0.000000e+00 train_fc=0.000000e+00 train_decoder_tail=0.000000e+00
I 07.01/06:12:07 train_mapper.py:615 ] epoch=0298 train_loss=1.658111e-02 train_mse=3.407642e-03 train_cos=0.997277 train_nmse=-22.749dB train_rec=0.000000e+00 train_recT=0.000000e+00 train_fc=0.000000e+00 train_decoder_tail=0.000000e+00
I 07.01/06:12:31 train_mapper.py:615 ] epoch=0299 train_loss=1.658824e-02 train_mse=3.409026e-03 train_cos=0.997277 train_nmse=-22.747dB train_rec=0.000000e+00 train_recT=0.000000e+00 train_fc=0.000000e+00 train_decoder_tail=0.000000e+00
I 07.01/06:12:55 train_mapper.py:615 ] epoch=0300 train_loss=1.651699e-02 train_mse=3.393081e-03 train_cos=0.997291 train_nmse=-22.768dB train_rec=0.000000e+00 train_recT=0.000000e+00 train_fc=0.000000e+00 train_decoder_tail=0.000000e+00
I 07.01/06:13:20 train_mapper.py:615 ] epoch=0301 train_loss=1.643384e-02 train_mse=3.374476e-03 train_cos=0.997306 train_nmse=-22.792dB train_rec=0.000000e+00 train_recT=0.000000e+00 train_fc=0.000000e+00 train_decoder_tail=0.000000e+00
I 07.01/06:13:46 train_mapper.py:615 ] epoch=0302 train_loss=1.649690e-02 train_mse=3.387493e-03 train_cos=0.997293 train_nmse=-22.775dB train_rec=0.000000e+00 train_recT=0.000000e+00 train_fc=0.000000e+00 train_decoder_tail=0.000000e+00
I 07.01/06:14:15 train_mapper.py:615 ] epoch=0303 train_loss=1.638307e-02 train_mse=3.362146e-03 train_cos=0.997316 train_nmse=-22.808dB train_rec=0.000000e+00 train_recT=0.000000e+00 train_fc=0.000000e+00 train_decoder_tail=0.000000e+00
I 07.01/06:14:42 train_mapper.py:615 ] epoch=0304 train_loss=1.640504e-02 train_mse=3.366296e-03 train_cos=0.997310 train_nmse=-22.802dB train_rec=0.000000e+00 train_recT=0.000000e+00 train_fc=0.000000e+00 train_decoder_tail=0.000000e+00
I 07.01/06:15:26 train_mapper.py:615 ] epoch=0305 train_loss=1.636452e-02 train_mse=3.357145e-03 train_cos=0.997318 train_nmse=-22.814dB train_rec=0.000000e+00 train_recT=0.000000e+00 train_fc=0.000000e+00 train_decoder_tail=0.000000e+00
I 07.01/06:15:54 train_mapper.py:615 ] epoch=0306 train_loss=1.638671e-02 train_mse=3.361335e-03 train_cos=0.997313 train_nmse=-22.809dB train_rec=0.000000e+00 train_recT=0.000000e+00 train_fc=0.000000e+00 train_decoder_tail=0.000000e+00
I 07.01/06:16:30 train_mapper.py:615 ] epoch=0307 train_loss=1.632542e-02 train_mse=3.347710e-03 train_cos=0.997327 train_nmse=-22.826dB train_rec=0.000000e+00 train_recT=0.000000e+00 train_fc=0.000000e+00 train_decoder_tail=0.000000e+00
I 07.01/06:17:09 train_mapper.py:615 ] epoch=0308 train_loss=1.638112e-02 train_mse=3.358911e-03 train_cos=0.997316 train_nmse=-22.812dB train_rec=0.000000e+00 train_recT=0.000000e+00 train_fc=0.000000e+00 train_decoder_tail=0.000000e+00
I 07.01/06:17:40 train_mapper.py:615 ] epoch=0309 train_loss=1.634794e-02 train_mse=3.351210e-03 train_cos=0.997322 train_nmse=-22.822dB train_rec=0.000000e+00 train_recT=0.000000e+00 train_fc=0.000000e+00 train_decoder_tail=0.000000e+00
I 07.01/06:18:24 train_mapper.py:615 ] epoch=0310 train_loss=1.627032e-02 train_mse=3.334010e-03 train_cos=0.997336 train_nmse=-22.844dB train_rec=0.000000e+00 train_recT=0.000000e+00 train_fc=0.000000e+00 train_decoder_tail=0.000000e+00
I 07.01/06:18:59 train_mapper.py:615 ] epoch=0311 train_loss=1.621005e-02 train_mse=3.320385e-03 train_cos=0.997348 train_nmse=-22.862dB train_rec=0.000000e+00 train_recT=0.000000e+00 train_fc=0.000000e+00 train_decoder_tail=0.000000e+00
I 07.01/06:19:42 train_mapper.py:615 ] epoch=0312 train_loss=1.621025e-02 train_mse=3.319981e-03 train_cos=0.997348 train_nmse=-22.862dB train_rec=0.000000e+00 train_recT=0.000000e+00 train_fc=0.000000e+00 train_decoder_tail=0.000000e+00
I 07.01/06:20:23 train_mapper.py:615 ] epoch=0313 train_loss=1.623716e-02 train_mse=3.325379e-03 train_cos=0.997343 train_nmse=-22.855dB train_rec=0.000000e+00 train_recT=0.000000e+00 train_fc=0.000000e+00 train_decoder_tail=0.000000e+00
I 07.01/06:21:08 train_mapper.py:615 ] epoch=0314 train_loss=1.622200e-02 train_mse=3.321811e-03 train_cos=0.997346 train_nmse=-22.860dB train_rec=0.000000e+00 train_recT=0.000000e+00 train_fc=0.000000e+00 train_decoder_tail=0.000000e+00
I 07.01/06:21:51 train_mapper.py:615 ] epoch=0315 train_loss=1.615493e-02 train_mse=3.306960e-03 train_cos=0.997360 train_nmse=-22.880dB train_rec=0.000000e+00 train_recT=0.000000e+00 train_fc=0.000000e+00 train_decoder_tail=0.000000e+00
I 07.01/06:22:32 train_mapper.py:615 ] epoch=0316 train_loss=1.625723e-02 train_mse=3.328494e-03 train_cos=0.997340 train_nmse=-22.851dB train_rec=0.000000e+00 train_recT=0.000000e+00 train_fc=0.000000e+00 train_decoder_tail=0.000000e+00
I 07.01/06:23:08 train_mapper.py:615 ] epoch=0317 train_loss=1.609804e-02 train_mse=3.293639e-03 train_cos=0.997370 train_nmse=-22.897dB train_rec=0.000000e+00 train_recT=0.000000e+00 train_fc=0.000000e+00 train_decoder_tail=0.000000e+00
I 07.01/06:23:48 train_mapper.py:615 ] epoch=0318 train_loss=1.608947e-02 train_mse=3.291065e-03 train_cos=0.997370 train_nmse=-22.900dB train_rec=0.000000e+00 train_recT=0.000000e+00 train_fc=0.000000e+00 train_decoder_tail=0.000000e+00
I 07.01/06:24:24 train_mapper.py:615 ] epoch=0319 train_loss=1.609691e-02 train_mse=3.292198e-03 train_cos=0.997369 train_nmse=-22.899dB train_rec=0.000000e+00 train_recT=0.000000e+00 train_fc=0.000000e+00 train_decoder_tail=0.000000e+00
I 07.01/06:25:08 train_mapper.py:615 ] epoch=0320 train_loss=1.604688e-02 train_mse=3.280891e-03 train_cos=0.997379 train_nmse=-22.914dB train_rec=0.000000e+00 train_recT=0.000000e+00 train_fc=0.000000e+00 train_decoder_tail=0.000000e+00
I 07.01/06:25:50 train_mapper.py:615 ] epoch=0321 train_loss=1.604791e-02 train_mse=3.280278e-03 train_cos=0.997380 train_nmse=-22.915dB train_rec=0.000000e+00 train_recT=0.000000e+00 train_fc=0.000000e+00 train_decoder_tail=0.000000e+00
I 07.01/06:26:37 train_mapper.py:615 ] epoch=0322 train_loss=1.602664e-02 train_mse=3.275634e-03 train_cos=0.997383 train_nmse=-22.921dB train_rec=0.000000e+00 train_recT=0.000000e+00 train_fc=0.000000e+00 train_decoder_tail=0.000000e+00
I 07.01/06:27:17 train_mapper.py:615 ] epoch=0323 train_loss=1.599029e-02 train_mse=3.267107e-03 train_cos=0.997389 train_nmse=-22.932dB train_rec=0.000000e+00 train_recT=0.000000e+00 train_fc=0.000000e+00 train_decoder_tail=0.000000e+00
I 07.01/06:27:53 train_mapper.py:615 ] epoch=0324 train_loss=1.589543e-02 train_mse=3.246334e-03 train_cos=0.997407 train_nmse=-22.960dB train_rec=0.000000e+00 train_recT=0.000000e+00 train_fc=0.000000e+00 train_decoder_tail=0.000000e+00
I 07.01/06:28:16 train_mapper.py:615 ] epoch=0325 train_loss=1.596809e-02 train_mse=3.261161e-03 train_cos=0.997391 train_nmse=-22.940dB train_rec=0.000000e+00 train_recT=0.000000e+00 train_fc=0.000000e+00 train_decoder_tail=0.000000e+00
I 07.01/06:28:34 train_mapper.py:615 ] epoch=0326 train_loss=1.589381e-02 train_mse=3.244771e-03 train_cos=0.997406 train_nmse=-22.962dB train_rec=0.000000e+00 train_recT=0.000000e+00 train_fc=0.000000e+00 train_decoder_tail=0.000000e+00
I 07.01/06:28:56 train_mapper.py:615 ] epoch=0327 train_loss=1.594489e-02 train_mse=3.255252e-03 train_cos=0.997396 train_nmse=-22.948dB train_rec=0.000000e+00 train_recT=0.000000e+00 train_fc=0.000000e+00 train_decoder_tail=0.000000e+00
I 07.01/06:29:16 train_mapper.py:615 ] epoch=0328 train_loss=1.588626e-02 train_mse=3.242318e-03 train_cos=0.997409 train_nmse=-22.965dB train_rec=0.000000e+00 train_recT=0.000000e+00 train_fc=0.000000e+00 train_decoder_tail=0.000000e+00
I 07.01/06:29:35 train_mapper.py:615 ] epoch=0329 train_loss=1.588359e-02 train_mse=3.241067e-03 train_cos=0.997408 train_nmse=-22.967dB train_rec=0.000000e+00 train_recT=0.000000e+00 train_fc=0.000000e+00 train_decoder_tail=0.000000e+00
I 07.01/06:29:52 train_mapper.py:615 ] epoch=0330 train_loss=1.577768e-02 train_mse=3.218037e-03 train_cos=0.997428 train_nmse=-22.998dB train_rec=0.000000e+00 train_recT=0.000000e+00 train_fc=0.000000e+00 train_decoder_tail=0.000000e+00
I 07.01/06:30:10 train_mapper.py:615 ] epoch=0331 train_loss=1.580508e-02 train_mse=3.223503e-03 train_cos=0.997423 train_nmse=-22.990dB train_rec=0.000000e+00 train_recT=0.000000e+00 train_fc=0.000000e+00 train_decoder_tail=0.000000e+00
I 07.01/06:30:28 train_mapper.py:615 ] epoch=0332 train_loss=1.581139e-02 train_mse=3.224257e-03 train_cos=0.997423 train_nmse=-22.989dB train_rec=0.000000e+00 train_recT=0.000000e+00 train_fc=0.000000e+00 train_decoder_tail=0.000000e+00
I 07.01/06:30:46 train_mapper.py:615 ] epoch=0333 train_loss=1.577855e-02 train_mse=3.216892e-03 train_cos=0.997430 train_nmse=-22.999dB train_rec=0.000000e+00 train_recT=0.000000e+00 train_fc=0.000000e+00 train_decoder_tail=0.000000e+00
I 07.01/06:31:08 train_mapper.py:615 ] epoch=0334 train_loss=1.576811e-02 train_mse=3.214748e-03 train_cos=0.997433 train_nmse=-23.002dB train_rec=0.000000e+00 train_recT=0.000000e+00 train_fc=0.000000e+00 train_decoder_tail=0.000000e+00
I 07.01/06:31:27 train_mapper.py:615 ] epoch=0335 train_loss=1.575001e-02 train_mse=3.210421e-03 train_cos=0.997435 train_nmse=-23.008dB train_rec=0.000000e+00 train_recT=0.000000e+00 train_fc=0.000000e+00 train_decoder_tail=0.000000e+00
I 07.01/06:31:50 train_mapper.py:615 ] epoch=0336 train_loss=1.568307e-02 train_mse=3.195118e-03 train_cos=0.997447 train_nmse=-23.029dB train_rec=0.000000e+00 train_recT=0.000000e+00 train_fc=0.000000e+00 train_decoder_tail=0.000000e+00
I 07.01/06:32:09 train_mapper.py:615 ] epoch=0337 train_loss=1.566950e-02 train_mse=3.191588e-03 train_cos=0.997448 train_nmse=-23.034dB train_rec=0.000000e+00 train_recT=0.000000e+00 train_fc=0.000000e+00 train_decoder_tail=0.000000e+00
I 07.01/06:32:36 train_mapper.py:615 ] epoch=0338 train_loss=1.569063e-02 train_mse=3.195753e-03 train_cos=0.997444 train_nmse=-23.028dB train_rec=0.000000e+00 train_recT=0.000000e+00 train_fc=0.000000e+00 train_decoder_tail=0.000000e+00
I 07.01/06:33:12 train_mapper.py:615 ] epoch=0339 train_loss=1.563365e-02 train_mse=3.183398e-03 train_cos=0.997456 train_nmse=-23.045dB train_rec=0.000000e+00 train_recT=0.000000e+00 train_fc=0.000000e+00 train_decoder_tail=0.000000e+00
I 07.01/06:33:37 train_mapper.py:615 ] epoch=0340 train_loss=1.566187e-02 train_mse=3.188581e-03 train_cos=0.997450 train_nmse=-23.038dB train_rec=0.000000e+00 train_recT=0.000000e+00 train_fc=0.000000e+00 train_decoder_tail=0.000000e+00
I 07.01/06:33:57 train_mapper.py:615 ] epoch=0341 train_loss=1.558904e-02 train_mse=3.172856e-03 train_cos=0.997465 train_nmse=-23.059dB train_rec=0.000000e+00 train_recT=0.000000e+00 train_fc=0.000000e+00 train_decoder_tail=0.000000e+00
I 07.01/06:34:34 train_mapper.py:615 ] epoch=0342 train_loss=1.561074e-02 train_mse=3.176771e-03 train_cos=0.997460 train_nmse=-23.054dB train_rec=0.000000e+00 train_recT=0.000000e+00 train_fc=0.000000e+00 train_decoder_tail=0.000000e+00
I 07.01/06:35:01 train_mapper.py:615 ] epoch=0343 train_loss=1.558097e-02 train_mse=3.170320e-03 train_cos=0.997467 train_nmse=-23.063dB train_rec=0.000000e+00 train_recT=0.000000e+00 train_fc=0.000000e+00 train_decoder_tail=0.000000e+00
I 07.01/06:35:18 train_mapper.py:615 ] epoch=0344 train_loss=1.562661e-02 train_mse=3.179737e-03 train_cos=0.997459 train_nmse=-23.050dB train_rec=0.000000e+00 train_recT=0.000000e+00 train_fc=0.000000e+00 train_decoder_tail=0.000000e+00
I 07.01/06:35:40 train_mapper.py:615 ] epoch=0345 train_loss=1.559806e-02 train_mse=3.172948e-03 train_cos=0.997463 train_nmse=-23.059dB train_rec=0.000000e+00 train_recT=0.000000e+00 train_fc=0.000000e+00 train_decoder_tail=0.000000e+00
I 07.01/06:36:01 train_mapper.py:615 ] epoch=0346 train_loss=1.545803e-02 train_mse=3.142638e-03 train_cos=0.997488 train_nmse=-23.101dB train_rec=0.000000e+00 train_recT=0.000000e+00 train_fc=0.000000e+00 train_decoder_tail=0.000000e+00
I 07.01/06:36:21 train_mapper.py:615 ] epoch=0347 train_loss=1.550239e-02 train_mse=3.151534e-03 train_cos=0.997481 train_nmse=-23.088dB train_rec=0.000000e+00 train_recT=0.000000e+00 train_fc=0.000000e+00 train_decoder_tail=0.000000e+00
I 07.01/06:36:41 train_mapper.py:615 ] epoch=0348 train_loss=1.548674e-02 train_mse=3.148160e-03 train_cos=0.997485 train_nmse=-23.093dB train_rec=0.000000e+00 train_recT=0.000000e+00 train_fc=0.000000e+00 train_decoder_tail=0.000000e+00
I 07.01/06:37:13 train_mapper.py:615 ] epoch=0349 train_loss=1.547253e-02 train_mse=3.144292e-03 train_cos=0.997485 train_nmse=-23.099dB train_rec=0.000000e+00 train_recT=0.000000e+00 train_fc=0.000000e+00 train_decoder_tail=0.000000e+00
I 07.01/06:37:37 train_mapper.py:615 ] epoch=0350 train_loss=1.544803e-02 train_mse=3.138769e-03 train_cos=0.997490 train_nmse=-23.106dB train_rec=0.000000e+00 train_recT=0.000000e+00 train_fc=0.000000e+00 train_decoder_tail=0.000000e+00
I 07.01/06:37:51 train_mapper.py:615 ] epoch=0351 train_loss=1.544815e-02 train_mse=3.138147e-03 train_cos=0.997489 train_nmse=-23.107dB train_rec=0.000000e+00 train_recT=0.000000e+00 train_fc=0.000000e+00 train_decoder_tail=0.000000e+00
I 07.01/06:38:07 train_mapper.py:615 ] epoch=0352 train_loss=1.534037e-02 train_mse=3.114972e-03 train_cos=0.997510 train_nmse=-23.139dB train_rec=0.000000e+00 train_recT=0.000000e+00 train_fc=0.000000e+00 train_decoder_tail=0.000000e+00
I 07.01/06:38:25 train_mapper.py:615 ] epoch=0353 train_loss=1.537763e-02 train_mse=3.122274e-03 train_cos=0.997503 train_nmse=-23.129dB train_rec=0.000000e+00 train_recT=0.000000e+00 train_fc=0.000000e+00 train_decoder_tail=0.000000e+00
I 07.01/06:38:54 train_mapper.py:615 ] epoch=0354 train_loss=1.532488e-02 train_mse=3.111097e-03 train_cos=0.997513 train_nmse=-23.145dB train_rec=0.000000e+00 train_recT=0.000000e+00 train_fc=0.000000e+00 train_decoder_tail=0.000000e+00
I 07.01/06:39:30 train_mapper.py:615 ] epoch=0355 train_loss=1.534159e-02 train_mse=3.113895e-03 train_cos=0.997509 train_nmse=-23.141dB train_rec=0.000000e+00 train_recT=0.000000e+00 train_fc=0.000000e+00 train_decoder_tail=0.000000e+00
I 07.01/06:40:09 train_mapper.py:615 ] epoch=0356 train_loss=1.532762e-02 train_mse=3.110815e-03 train_cos=0.997512 train_nmse=-23.145dB train_rec=0.000000e+00 train_recT=0.000000e+00 train_fc=0.000000e+00 train_decoder_tail=0.000000e+00
I 07.01/06:40:44 train_mapper.py:615 ] epoch=0357 train_loss=1.531993e-02 train_mse=3.108490e-03 train_cos=0.997515 train_nmse=-23.148dB train_rec=0.000000e+00 train_recT=0.000000e+00 train_fc=0.000000e+00 train_decoder_tail=0.000000e+00
I 07.01/06:41:12 train_mapper.py:615 ] epoch=0358 train_loss=1.529858e-02 train_mse=3.104017e-03 train_cos=0.997519 train_nmse=-23.154dB train_rec=0.000000e+00 train_recT=0.000000e+00 train_fc=0.000000e+00 train_decoder_tail=0.000000e+00
I 07.01/06:41:27 train_mapper.py:615 ] epoch=0359 train_loss=1.532383e-02 train_mse=3.108918e-03 train_cos=0.997513 train_nmse=-23.148dB train_rec=0.000000e+00 train_recT=0.000000e+00 train_fc=0.000000e+00 train_decoder_tail=0.000000e+00
I 07.01/06:41:44 train_mapper.py:615 ] epoch=0360 train_loss=1.521200e-02 train_mse=3.084933e-03 train_cos=0.997535 train_nmse=-23.181dB train_rec=0.000000e+00 train_recT=0.000000e+00 train_fc=0.000000e+00 train_decoder_tail=0.000000e+00
I 07.01/06:42:12 train_mapper.py:615 ] epoch=0361 train_loss=1.523029e-02 train_mse=3.088217e-03 train_cos=0.997531 train_nmse=-23.177dB train_rec=0.000000e+00 train_recT=0.000000e+00 train_fc=0.000000e+00 train_decoder_tail=0.000000e+00
I 07.01/06:42:28 train_mapper.py:615 ] epoch=0362 train_loss=1.518249e-02 train_mse=3.076977e-03 train_cos=0.997539 train_nmse=-23.192dB train_rec=0.000000e+00 train_recT=0.000000e+00 train_fc=0.000000e+00 train_decoder_tail=0.000000e+00
I 07.01/06:42:50 train_mapper.py:615 ] epoch=0363 train_loss=1.520899e-02 train_mse=3.082754e-03 train_cos=0.997535 train_nmse=-23.184dB train_rec=0.000000e+00 train_recT=0.000000e+00 train_fc=0.000000e+00 train_decoder_tail=0.000000e+00
I 07.01/06:43:20 train_mapper.py:615 ] epoch=0364 train_loss=1.523861e-02 train_mse=3.088785e-03 train_cos=0.997530 train_nmse=-23.176dB train_rec=0.000000e+00 train_recT=0.000000e+00 train_fc=0.000000e+00 train_decoder_tail=0.000000e+00
I 07.01/06:43:32 train_mapper.py:615 ] epoch=0365 train_loss=1.517371e-02 train_mse=3.074717e-03 train_cos=0.997542 train_nmse=-23.196dB train_rec=0.000000e+00 train_recT=0.000000e+00 train_fc=0.000000e+00 train_decoder_tail=0.000000e+00
I 07.01/06:43:46 train_mapper.py:615 ] epoch=0366 train_loss=1.516459e-02 train_mse=3.072192e-03 train_cos=0.997542 train_nmse=-23.199dB train_rec=0.000000e+00 train_recT=0.000000e+00 train_fc=0.000000e+00 train_decoder_tail=0.000000e+00
I 07.01/06:43:59 train_mapper.py:615 ] epoch=0367 train_loss=1.513216e-02 train_mse=3.064873e-03 train_cos=0.997549 train_nmse=-23.210dB train_rec=0.000000e+00 train_recT=0.000000e+00 train_fc=0.000000e+00 train_decoder_tail=0.000000e+00
I 07.01/06:44:14 train_mapper.py:615 ] epoch=0368 train_loss=1.517799e-02 train_mse=3.074266e-03 train_cos=0.997541 train_nmse=-23.196dB train_rec=0.000000e+00 train_recT=0.000000e+00 train_fc=0.000000e+00 train_decoder_tail=0.000000e+00
I 07.01/06:44:37 train_mapper.py:615 ] epoch=0369 train_loss=1.510127e-02 train_mse=3.057670e-03 train_cos=0.997556 train_nmse=-23.220dB train_rec=0.000000e+00 train_recT=0.000000e+00 train_fc=0.000000e+00 train_decoder_tail=0.000000e+00
I 07.01/06:44:52 train_mapper.py:615 ] epoch=0370 train_loss=1.512793e-02 train_mse=3.063140e-03 train_cos=0.997550 train_nmse=-23.212dB train_rec=0.000000e+00 train_recT=0.000000e+00 train_fc=0.000000e+00 train_decoder_tail=0.000000e+00
I 07.01/06:45:14 train_mapper.py:615 ] epoch=0371 train_loss=1.505090e-02 train_mse=3.045919e-03 train_cos=0.997564 train_nmse=-23.237dB train_rec=0.000000e+00 train_recT=0.000000e+00 train_fc=0.000000e+00 train_decoder_tail=0.000000e+00
I 07.01/06:45:34 train_mapper.py:615 ] epoch=0372 train_loss=1.496304e-02 train_mse=3.026969e-03 train_cos=0.997578 train_nmse=-23.264dB train_rec=0.000000e+00 train_recT=0.000000e+00 train_fc=0.000000e+00 train_decoder_tail=0.000000e+00
I 07.01/06:45:59 train_mapper.py:615 ] epoch=0373 train_loss=1.505282e-02 train_mse=3.045866e-03 train_cos=0.997564 train_nmse=-23.237dB train_rec=0.000000e+00 train_recT=0.000000e+00 train_fc=0.000000e+00 train_decoder_tail=0.000000e+00
I 07.01/06:46:22 train_mapper.py:615 ] epoch=0374 train_loss=1.494786e-02 train_mse=3.023081e-03 train_cos=0.997583 train_nmse=-23.269dB train_rec=0.000000e+00 train_recT=0.000000e+00 train_fc=0.000000e+00 train_decoder_tail=0.000000e+00
I 07.01/06:46:49 train_mapper.py:615 ] epoch=0375 train_loss=1.496258e-02 train_mse=3.025822e-03 train_cos=0.997581 train_nmse=-23.265dB train_rec=0.000000e+00 train_recT=0.000000e+00 train_fc=0.000000e+00 train_decoder_tail=0.000000e+00
I 07.01/06:47:18 train_mapper.py:615 ] epoch=0376 train_loss=1.491076e-02 train_mse=3.014709e-03 train_cos=0.997590 train_nmse=-23.281dB train_rec=0.000000e+00 train_recT=0.000000e+00 train_fc=0.000000e+00 train_decoder_tail=0.000000e+00
I 07.01/06:47:33 train_mapper.py:615 ] epoch=0377 train_loss=1.500686e-02 train_mse=3.034670e-03 train_cos=0.997573 train_nmse=-23.253dB train_rec=0.000000e+00 train_recT=0.000000e+00 train_fc=0.000000e+00 train_decoder_tail=0.000000e+00
I 07.01/06:47:47 train_mapper.py:615 ] epoch=0378 train_loss=1.498288e-02 train_mse=3.029040e-03 train_cos=0.997577 train_nmse=-23.261dB train_rec=0.000000e+00 train_recT=0.000000e+00 train_fc=0.000000e+00 train_decoder_tail=0.000000e+00
I 07.01/06:48:17 train_mapper.py:615 ] epoch=0379 train_loss=1.488673e-02 train_mse=3.008260e-03 train_cos=0.997595 train_nmse=-23.291dB train_rec=0.000000e+00 train_recT=0.000000e+00 train_fc=0.000000e+00 train_decoder_tail=0.000000e+00
I 07.01/06:48:40 train_mapper.py:615 ] epoch=0380 train_loss=1.491044e-02 train_mse=3.012856e-03 train_cos=0.997590 train_nmse=-23.284dB train_rec=0.000000e+00 train_recT=0.000000e+00 train_fc=0.000000e+00 train_decoder_tail=0.000000e+00
I 07.01/06:48:58 train_mapper.py:615 ] epoch=0381 train_loss=1.491185e-02 train_mse=3.013113e-03 train_cos=0.997589 train_nmse=-23.284dB train_rec=0.000000e+00 train_recT=0.000000e+00 train_fc=0.000000e+00 train_decoder_tail=0.000000e+00
I 07.01/06:49:22 train_mapper.py:615 ] epoch=0382 train_loss=1.484087e-02 train_mse=2.998044e-03 train_cos=0.997603 train_nmse=-23.305dB train_rec=0.000000e+00 train_recT=0.000000e+00 train_fc=0.000000e+00 train_decoder_tail=0.000000e+00
I 07.01/06:49:37 train_mapper.py:615 ] epoch=0383 train_loss=1.488845e-02 train_mse=3.007405e-03 train_cos=0.997594 train_nmse=-23.292dB train_rec=0.000000e+00 train_recT=0.000000e+00 train_fc=0.000000e+00 train_decoder_tail=0.000000e+00
I 07.01/06:50:03 train_mapper.py:615 ] epoch=0384 train_loss=1.476088e-02 train_mse=2.979899e-03 train_cos=0.997617 train_nmse=-23.332dB train_rec=0.000000e+00 train_recT=0.000000e+00 train_fc=0.000000e+00 train_decoder_tail=0.000000e+00
I 07.01/06:50:28 train_mapper.py:615 ] epoch=0385 train_loss=1.486366e-02 train_mse=3.001152e-03 train_cos=0.997597 train_nmse=-23.301dB train_rec=0.000000e+00 train_recT=0.000000e+00 train_fc=0.000000e+00 train_decoder_tail=0.000000e+00
I 07.01/06:50:42 train_mapper.py:615 ] epoch=0386 train_loss=1.483814e-02 train_mse=2.995886e-03 train_cos=0.997604 train_nmse=-23.308dB train_rec=0.000000e+00 train_recT=0.000000e+00 train_fc=0.000000e+00 train_decoder_tail=0.000000e+00
I 07.01/06:50:54 train_mapper.py:615 ] epoch=0387 train_loss=1.485156e-02 train_mse=2.998342e-03 train_cos=0.997600 train_nmse=-23.305dB train_rec=0.000000e+00 train_recT=0.000000e+00 train_fc=0.000000e+00 train_decoder_tail=0.000000e+00
I 07.01/06:51:19 train_mapper.py:615 ] epoch=0388 train_loss=1.477111e-02 train_mse=2.981123e-03 train_cos=0.997615 train_nmse=-23.330dB train_rec=0.000000e+00 train_recT=0.000000e+00 train_fc=0.000000e+00 train_decoder_tail=0.000000e+00
I 07.01/06:51:49 train_mapper.py:615 ] epoch=0389 train_loss=1.475600e-02 train_mse=2.977410e-03 train_cos=0.997618 train_nmse=-23.335dB train_rec=0.000000e+00 train_recT=0.000000e+00 train_fc=0.000000e+00 train_decoder_tail=0.000000e+00
I 07.01/06:52:23 train_mapper.py:615 ] epoch=0390 train_loss=1.478262e-02 train_mse=2.982715e-03 train_cos=0.997613 train_nmse=-23.328dB train_rec=0.000000e+00 train_recT=0.000000e+00 train_fc=0.000000e+00 train_decoder_tail=0.000000e+00
I 07.01/06:52:41 train_mapper.py:615 ] epoch=0391 train_loss=1.472251e-02 train_mse=2.969669e-03 train_cos=0.997624 train_nmse=-23.347dB train_rec=0.000000e+00 train_recT=0.000000e+00 train_fc=0.000000e+00 train_decoder_tail=0.000000e+00
I 07.01/06:52:58 train_mapper.py:615 ] epoch=0392 train_loss=1.465298e-02 train_mse=2.954834e-03 train_cos=0.997636 train_nmse=-23.369dB train_rec=0.000000e+00 train_recT=0.000000e+00 train_fc=0.000000e+00 train_decoder_tail=0.000000e+00
I 07.01/06:53:13 train_mapper.py:615 ] epoch=0393 train_loss=1.462858e-02 train_mse=2.948866e-03 train_cos=0.997641 train_nmse=-23.377dB train_rec=0.000000e+00 train_recT=0.000000e+00 train_fc=0.000000e+00 train_decoder_tail=0.000000e+00
I 07.01/06:53:36 train_mapper.py:615 ] epoch=0394 train_loss=1.467167e-02 train_mse=2.957717e-03 train_cos=0.997634 train_nmse=-23.364dB train_rec=0.000000e+00 train_recT=0.000000e+00 train_fc=0.000000e+00 train_decoder_tail=0.000000e+00
I 07.01/06:53:55 train_mapper.py:615 ] epoch=0395 train_loss=1.464634e-02 train_mse=2.952387e-03 train_cos=0.997638 train_nmse=-23.372dB train_rec=0.000000e+00 train_recT=0.000000e+00 train_fc=0.000000e+00 train_decoder_tail=0.000000e+00
I 07.01/06:54:08 train_mapper.py:615 ] epoch=0396 train_loss=1.466715e-02 train_mse=2.956021e-03 train_cos=0.997633 train_nmse=-23.367dB train_rec=0.000000e+00 train_recT=0.000000e+00 train_fc=0.000000e+00 train_decoder_tail=0.000000e+00
I 07.01/06:54:25 train_mapper.py:615 ] epoch=0397 train_loss=1.462663e-02 train_mse=2.947281e-03 train_cos=0.997641 train_nmse=-23.380dB train_rec=0.000000e+00 train_recT=0.000000e+00 train_fc=0.000000e+00 train_decoder_tail=0.000000e+00
I 07.01/06:54:40 train_mapper.py:615 ] epoch=0398 train_loss=1.458042e-02 train_mse=2.937559e-03 train_cos=0.997651 train_nmse=-23.394dB train_rec=0.000000e+00 train_recT=0.000000e+00 train_fc=0.000000e+00 train_decoder_tail=0.000000e+00
I 07.01/06:54:55 train_mapper.py:615 ] epoch=0399 train_loss=1.456547e-02 train_mse=2.933767e-03 train_cos=0.997654 train_nmse=-23.399dB train_rec=0.000000e+00 train_recT=0.000000e+00 train_fc=0.000000e+00 train_decoder_tail=0.000000e+00
I 07.01/06:55:10 train_mapper.py:615 ] epoch=0400 train_loss=1.454549e-02 train_mse=2.929047e-03 train_cos=0.997656 train_nmse=-23.406dB train_rec=0.000000e+00 train_recT=0.000000e+00 train_fc=0.000000e+00 train_decoder_tail=0.000000e+00
I 07.01/06:56:08 train_mapper.py:683 ] best_epoch=400 best_selection=train_loss best_metric=1.454549e-02 best_mse=2.929047e-03 best_loss=1.454549e-02
I 07.01/06:56:08 train_mapper.py:688 ] all_mse=2.861549e-03 all_cos=0.997718 all_nmse=-23.507dB
