I 07.01/14:49:45 train_mapper.py:431 ] => Experiment directory: mapper/exps_combined_losses/hybrid/smooth_tail_recT_fc/seed3407_transnet_transnet_to_seed42_transnet_lr5e-4_ep400
I 07.01/14:49:45 train_mapper.py:432 ] => Checkpoint directory: mapper/exps_combined_losses/hybrid/smooth_tail_recT_fc/seed3407_transnet_transnet_to_seed42_transnet_lr5e-4_ep400/checkpoints
I 07.01/14:49:45 train_mapper.py:433 ] => Codeword directory: mapper/exps_combined_losses/hybrid/smooth_tail_recT_fc/seed3407_transnet_transnet_to_seed42_transnet_lr5e-4_ep400/codewords
I 07.01/14:49:45 train_mapper.py:434 ] => TensorBoard directory: mapper/exps_combined_losses/hybrid/smooth_tail_recT_fc/seed3407_transnet_transnet_to_seed42_transnet_lr5e-4_ep400/tensorboard
I 07.01/14:49:52 train_mapper.py:519 ] => Loaded fixed decoder from exps/COST2100/in/seed42/transnet_transnet/checkpoints/best_nmse.pth
I 07.01/14:49:52 train_mapper.py:524 ] device=cuda
I 07.01/14:49:52 train_mapper.py:525 ] mapper=hybrid, params=23108608
I 07.01/14:49:52 train_mapper.py:527 ] train=100000, val=0, code_dim=512
I 07.01/14:49:52 train_mapper.py:529 ] val_ratio<=0: skip per-epoch validation; select best checkpoint by train loss
I 07.01/14:49:52 train_mapper.py:531 ] loss=mse + smoothl1*0.5 + sample_tail*0.1 + dim_tail*0.05 + whiten*0.0 + rec*0.0 + recT*1.0 + fc*0.01 + decoder_tail*0.0 + cos*0.0 + cov*0.0
I 07.01/14:50:22 train_mapper.py:622 ] epoch=0001 train_loss=6.224673e-01 train_mse=3.349437e-01 train_cos=0.825335 train_nmse=-3.669dB train_rec=0.000000e+00 train_recT=2.115562e-03 train_fc=3.253967e-01 train_decoder_tail=0.000000e+00
I 07.01/14:51:09 train_mapper.py:622 ] epoch=0002 train_loss=2.502910e-01 train_mse=1.080584e-01 train_cos=0.955685 train_nmse=-7.781dB train_rec=0.000000e+00 train_recT=1.704966e-04 train_fc=9.325157e-02 train_decoder_tail=0.000000e+00
I 07.01/14:52:23 train_mapper.py:622 ] epoch=0003 train_loss=1.833156e-01 train_mse=7.258681e-02 train_cos=0.970424 train_nmse=-9.477dB train_rec=0.000000e+00 train_recT=1.061306e-04 train_fc=6.662937e-02 train_decoder_tail=0.000000e+00
I 07.01/14:53:49 train_mapper.py:622 ] epoch=0004 train_loss=1.495802e-01 train_mse=5.588349e-02 train_cos=0.975915 train_nmse=-10.608dB train_rec=0.000000e+00 train_recT=6.971923e-05 train_fc=5.183310e-02 train_decoder_tail=0.000000e+00
I 07.01/14:55:15 train_mapper.py:622 ] epoch=0005 train_loss=1.280350e-01 train_mse=4.571644e-02 train_cos=0.979371 train_nmse=-11.477dB train_rec=0.000000e+00 train_recT=4.793888e-05 train_fc=4.221876e-02 train_decoder_tail=0.000000e+00
I 07.01/14:56:35 train_mapper.py:622 ] epoch=0006 train_loss=1.143935e-01 train_mse=3.952883e-02 train_cos=0.981789 train_nmse=-12.106dB train_rec=0.000000e+00 train_recT=3.551610e-05 train_fc=3.631238e-02 train_decoder_tail=0.000000e+00
I 07.01/14:57:57 train_mapper.py:622 ] epoch=0007 train_loss=1.056665e-01 train_mse=3.570271e-02 train_cos=0.983568 train_nmse=-12.548dB train_rec=0.000000e+00 train_recT=2.859112e-05 train_fc=3.284144e-02 train_decoder_tail=0.000000e+00
I 07.01/14:59:21 train_mapper.py:622 ] epoch=0008 train_loss=1.000515e-01 train_mse=3.329640e-02 train_cos=0.984824 train_nmse=-12.851dB train_rec=0.000000e+00 train_recT=2.457276e-05 train_fc=3.080414e-02 train_decoder_tail=0.000000e+00
I 07.01/15:00:51 train_mapper.py:622 ] epoch=0009 train_loss=9.574980e-02 train_mse=3.148445e-02 train_cos=0.985839 train_nmse=-13.094dB train_rec=0.000000e+00 train_recT=2.201048e-05 train_fc=2.948645e-02 train_decoder_tail=0.000000e+00
I 07.01/15:02:28 train_mapper.py:622 ] epoch=0010 train_loss=9.218524e-02 train_mse=2.999510e-02 train_cos=0.986660 train_nmse=-13.304dB train_rec=0.000000e+00 train_recT=2.025877e-05 train_fc=2.846143e-02 train_decoder_tail=0.000000e+00
I 07.01/15:04:13 train_mapper.py:622 ] epoch=0011 train_loss=8.909216e-02 train_mse=2.870627e-02 train_cos=0.987305 train_nmse=-13.495dB train_rec=0.000000e+00 train_recT=1.881501e-05 train_fc=2.759740e-02 train_decoder_tail=0.000000e+00
I 07.01/15:05:56 train_mapper.py:622 ] epoch=0012 train_loss=8.611996e-02 train_mse=2.747712e-02 train_cos=0.987858 train_nmse=-13.686dB train_rec=0.000000e+00 train_recT=1.749211e-05 train_fc=2.672629e-02 train_decoder_tail=0.000000e+00
I 07.01/15:07:36 train_mapper.py:622 ] epoch=0013 train_loss=8.323586e-02 train_mse=2.628832e-02 train_cos=0.988304 train_nmse=-13.877dB train_rec=0.000000e+00 train_recT=1.613252e-05 train_fc=2.578174e-02 train_decoder_tail=0.000000e+00
I 07.01/15:09:19 train_mapper.py:622 ] epoch=0014 train_loss=8.030087e-02 train_mse=2.510183e-02 train_cos=0.988615 train_nmse=-14.078dB train_rec=0.000000e+00 train_recT=1.457041e-05 train_fc=2.456647e-02 train_decoder_tail=0.000000e+00
I 07.01/15:11:04 train_mapper.py:622 ] epoch=0015 train_loss=7.677987e-02 train_mse=2.373025e-02 train_cos=0.988738 train_nmse=-14.322dB train_rec=0.000000e+00 train_recT=1.247825e-05 train_fc=2.263362e-02 train_decoder_tail=0.000000e+00
I 07.01/15:12:49 train_mapper.py:622 ] epoch=0016 train_loss=7.192117e-02 train_mse=2.195937e-02 train_cos=0.988520 train_nmse=-14.659dB train_rec=0.000000e+00 train_recT=9.637031e-06 train_fc=1.913887e-02 train_decoder_tail=0.000000e+00
I 07.01/15:14:36 train_mapper.py:622 ] epoch=0017 train_loss=6.573868e-02 train_mse=1.963927e-02 train_cos=0.988721 train_nmse=-15.144dB train_rec=0.000000e+00 train_recT=7.542292e-06 train_fc=1.529805e-02 train_decoder_tail=0.000000e+00
I 07.01/15:16:20 train_mapper.py:622 ] epoch=0018 train_loss=6.044190e-02 train_mse=1.761068e-02 train_cos=0.989274 train_nmse=-15.618dB train_rec=0.000000e+00 train_recT=6.372977e-06 train_fc=1.261349e-02 train_decoder_tail=0.000000e+00
I 07.01/15:18:09 train_mapper.py:622 ] epoch=0019 train_loss=5.663063e-02 train_mse=1.616040e-02 train_cos=0.989696 train_nmse=-15.991dB train_rec=0.000000e+00 train_recT=5.585483e-06 train_fc=1.086906e-02 train_decoder_tail=0.000000e+00
I 07.01/15:19:59 train_mapper.py:622 ] epoch=0020 train_loss=5.357934e-02 train_mse=1.502184e-02 train_cos=0.990110 train_nmse=-16.308dB train_rec=0.000000e+00 train_recT=5.014791e-06 train_fc=9.652944e-03 train_decoder_tail=0.000000e+00
I 07.01/15:21:48 train_mapper.py:622 ] epoch=0021 train_loss=5.123246e-02 train_mse=1.415491e-02 train_cos=0.990451 train_nmse=-16.566dB train_rec=0.000000e+00 train_recT=4.571412e-06 train_fc=8.783934e-03 train_decoder_tail=0.000000e+00
I 07.01/15:23:40 train_mapper.py:622 ] epoch=0022 train_loss=4.900471e-02 train_mse=1.335680e-02 train_cos=0.990823 train_nmse=-16.818dB train_rec=0.000000e+00 train_recT=4.192947e-06 train_fc=8.067703e-03 train_decoder_tail=0.000000e+00
I 07.01/15:25:19 train_mapper.py:622 ] epoch=0023 train_loss=4.726835e-02 train_mse=1.273381e-02 train_cos=0.991117 train_nmse=-17.025dB train_rec=0.000000e+00 train_recT=3.919344e-06 train_fc=7.542057e-03 train_decoder_tail=0.000000e+00
I 07.01/15:26:57 train_mapper.py:622 ] epoch=0024 train_loss=4.582496e-02 train_mse=1.222032e-02 train_cos=0.991368 train_nmse=-17.204dB train_rec=0.000000e+00 train_recT=3.672647e-06 train_fc=7.110886e-03 train_decoder_tail=0.000000e+00
I 07.01/15:28:37 train_mapper.py:622 ] epoch=0025 train_loss=4.429652e-02 train_mse=1.169551e-02 train_cos=0.991663 train_nmse=-17.394dB train_rec=0.000000e+00 train_recT=3.478402e-06 train_fc=6.712048e-03 train_decoder_tail=0.000000e+00
I 07.01/15:30:20 train_mapper.py:622 ] epoch=0026 train_loss=4.315728e-02 train_mse=1.129871e-02 train_cos=0.991873 train_nmse=-17.545dB train_rec=0.000000e+00 train_recT=3.300531e-06 train_fc=6.405333e-03 train_decoder_tail=0.000000e+00
I 07.01/15:32:02 train_mapper.py:622 ] epoch=0027 train_loss=4.204612e-02 train_mse=1.091956e-02 train_cos=0.992087 train_nmse=-17.693dB train_rec=0.000000e+00 train_recT=3.144651e-06 train_fc=6.128293e-03 train_decoder_tail=0.000000e+00
I 07.01/15:33:44 train_mapper.py:622 ] epoch=0028 train_loss=4.104392e-02 train_mse=1.058261e-02 train_cos=0.992286 train_nmse=-17.828dB train_rec=0.000000e+00 train_recT=3.010470e-06 train_fc=5.884489e-03 train_decoder_tail=0.000000e+00
I 07.01/15:35:33 train_mapper.py:622 ] epoch=0029 train_loss=4.004062e-02 train_mse=1.024927e-02 train_cos=0.992488 train_nmse=-17.968dB train_rec=0.000000e+00 train_recT=2.881899e-06 train_fc=5.652481e-03 train_decoder_tail=0.000000e+00
I 07.01/15:37:17 train_mapper.py:622 ] epoch=0030 train_loss=3.920350e-02 train_mse=9.971874e-03 train_cos=0.992658 train_nmse=-18.087dB train_rec=0.000000e+00 train_recT=2.793037e-06 train_fc=5.473024e-03 train_decoder_tail=0.000000e+00
I 07.01/15:38:55 train_mapper.py:622 ] epoch=0031 train_loss=3.828796e-02 train_mse=9.676031e-03 train_cos=0.992846 train_nmse=-18.218dB train_rec=0.000000e+00 train_recT=2.677064e-06 train_fc=5.267877e-03 train_decoder_tail=0.000000e+00
I 07.01/15:40:37 train_mapper.py:622 ] epoch=0032 train_loss=3.759843e-02 train_mse=9.449160e-03 train_cos=0.992984 train_nmse=-18.321dB train_rec=0.000000e+00 train_recT=2.587178e-06 train_fc=5.120725e-03 train_decoder_tail=0.000000e+00
I 07.01/15:42:17 train_mapper.py:622 ] epoch=0033 train_loss=3.678750e-02 train_mse=9.192342e-03 train_cos=0.993155 train_nmse=-18.441dB train_rec=0.000000e+00 train_recT=2.501122e-06 train_fc=4.956473e-03 train_decoder_tail=0.000000e+00
I 07.01/15:43:56 train_mapper.py:622 ] epoch=0034 train_loss=3.616704e-02 train_mse=8.992468e-03 train_cos=0.993280 train_nmse=-18.536dB train_rec=0.000000e+00 train_recT=2.422020e-06 train_fc=4.831117e-03 train_decoder_tail=0.000000e+00
I 07.01/15:45:41 train_mapper.py:622 ] epoch=0035 train_loss=3.554739e-02 train_mse=8.795733e-03 train_cos=0.993411 train_nmse=-18.632dB train_rec=0.000000e+00 train_recT=2.359922e-06 train_fc=4.706365e-03 train_decoder_tail=0.000000e+00
I 07.01/15:47:28 train_mapper.py:622 ] epoch=0036 train_loss=3.489847e-02 train_mse=8.593077e-03 train_cos=0.993550 train_nmse=-18.733dB train_rec=0.000000e+00 train_recT=2.294723e-06 train_fc=4.576681e-03 train_decoder_tail=0.000000e+00
I 07.01/15:49:09 train_mapper.py:622 ] epoch=0037 train_loss=3.429469e-02 train_mse=8.405971e-03 train_cos=0.993676 train_nmse=-18.829dB train_rec=0.000000e+00 train_recT=2.222693e-06 train_fc=4.459468e-03 train_decoder_tail=0.000000e+00
I 07.01/15:50:56 train_mapper.py:622 ] epoch=0038 train_loss=3.381738e-02 train_mse=8.256036e-03 train_cos=0.993772 train_nmse=-18.907dB train_rec=0.000000e+00 train_recT=2.183660e-06 train_fc=4.369923e-03 train_decoder_tail=0.000000e+00
I 07.01/15:52:39 train_mapper.py:622 ] epoch=0039 train_loss=3.320903e-02 train_mse=8.071760e-03 train_cos=0.993906 train_nmse=-19.005dB train_rec=0.000000e+00 train_recT=2.122189e-06 train_fc=4.257003e-03 train_decoder_tail=0.000000e+00
I 07.01/15:54:26 train_mapper.py:622 ] epoch=0040 train_loss=3.268035e-02 train_mse=7.910837e-03 train_cos=0.994017 train_nmse=-19.092dB train_rec=0.000000e+00 train_recT=2.071727e-06 train_fc=4.163534e-03 train_decoder_tail=0.000000e+00
I 07.01/15:56:19 train_mapper.py:622 ] epoch=0041 train_loss=3.223155e-02 train_mse=7.775311e-03 train_cos=0.994112 train_nmse=-19.167dB train_rec=0.000000e+00 train_recT=2.015575e-06 train_fc=4.079553e-03 train_decoder_tail=0.000000e+00
I 07.01/15:57:59 train_mapper.py:622 ] epoch=0042 train_loss=3.187381e-02 train_mse=7.665753e-03 train_cos=0.994189 train_nmse=-19.229dB train_rec=0.000000e+00 train_recT=1.996701e-06 train_fc=4.015448e-03 train_decoder_tail=0.000000e+00
I 07.01/15:59:45 train_mapper.py:622 ] epoch=0043 train_loss=3.135175e-02 train_mse=7.511585e-03 train_cos=0.994300 train_nmse=-19.317dB train_rec=0.000000e+00 train_recT=1.947139e-06 train_fc=3.923723e-03 train_decoder_tail=0.000000e+00
I 07.01/16:01:33 train_mapper.py:622 ] epoch=0044 train_loss=3.094157e-02 train_mse=7.388313e-03 train_cos=0.994385 train_nmse=-19.389dB train_rec=0.000000e+00 train_recT=1.899110e-06 train_fc=3.850712e-03 train_decoder_tail=0.000000e+00
I 07.01/16:03:24 train_mapper.py:622 ] epoch=0045 train_loss=3.051619e-02 train_mse=7.263275e-03 train_cos=0.994477 train_nmse=-19.463dB train_rec=0.000000e+00 train_recT=1.879766e-06 train_fc=3.782360e-03 train_decoder_tail=0.000000e+00
I 07.01/16:05:13 train_mapper.py:622 ] epoch=0046 train_loss=3.008411e-02 train_mse=7.137806e-03 train_cos=0.994569 train_nmse=-19.539dB train_rec=0.000000e+00 train_recT=1.837396e-06 train_fc=3.706609e-03 train_decoder_tail=0.000000e+00
I 07.01/16:07:04 train_mapper.py:622 ] epoch=0047 train_loss=2.973891e-02 train_mse=7.035583e-03 train_cos=0.994640 train_nmse=-19.601dB train_rec=0.000000e+00 train_recT=1.810039e-06 train_fc=3.652133e-03 train_decoder_tail=0.000000e+00
I 07.01/16:08:39 train_mapper.py:622 ] epoch=0048 train_loss=2.939729e-02 train_mse=6.936726e-03 train_cos=0.994711 train_nmse=-19.663dB train_rec=0.000000e+00 train_recT=1.767205e-06 train_fc=3.596869e-03 train_decoder_tail=0.000000e+00
I 07.01/16:10:07 train_mapper.py:622 ] epoch=0049 train_loss=2.899957e-02 train_mse=6.822291e-03 train_cos=0.994796 train_nmse=-19.735dB train_rec=0.000000e+00 train_recT=1.737665e-06 train_fc=3.524678e-03 train_decoder_tail=0.000000e+00
I 07.01/16:11:42 train_mapper.py:622 ] epoch=0050 train_loss=2.865365e-02 train_mse=6.722568e-03 train_cos=0.994870 train_nmse=-19.799dB train_rec=0.000000e+00 train_recT=1.710749e-06 train_fc=3.469693e-03 train_decoder_tail=0.000000e+00
I 07.01/16:13:18 train_mapper.py:622 ] epoch=0051 train_loss=2.840446e-02 train_mse=6.649883e-03 train_cos=0.994922 train_nmse=-19.846dB train_rec=0.000000e+00 train_recT=1.684641e-06 train_fc=3.427504e-03 train_decoder_tail=0.000000e+00
I 07.01/16:14:45 train_mapper.py:622 ] epoch=0052 train_loss=2.805530e-02 train_mse=6.550958e-03 train_cos=0.994994 train_nmse=-19.911dB train_rec=0.000000e+00 train_recT=1.661967e-06 train_fc=3.374487e-03 train_decoder_tail=0.000000e+00
I 07.01/16:16:16 train_mapper.py:622 ] epoch=0053 train_loss=2.768942e-02 train_mse=6.448294e-03 train_cos=0.995072 train_nmse=-19.980dB train_rec=0.000000e+00 train_recT=1.631360e-06 train_fc=3.315077e-03 train_decoder_tail=0.000000e+00
I 07.01/16:17:41 train_mapper.py:622 ] epoch=0054 train_loss=2.745268e-02 train_mse=6.380252e-03 train_cos=0.995122 train_nmse=-20.026dB train_rec=0.000000e+00 train_recT=1.615415e-06 train_fc=3.277465e-03 train_decoder_tail=0.000000e+00
I 07.01/16:19:08 train_mapper.py:622 ] epoch=0055 train_loss=2.718625e-02 train_mse=6.304698e-03 train_cos=0.995180 train_nmse=-20.078dB train_rec=0.000000e+00 train_recT=1.599176e-06 train_fc=3.234836e-03 train_decoder_tail=0.000000e+00
I 07.01/16:20:40 train_mapper.py:622 ] epoch=0056 train_loss=2.690800e-02 train_mse=6.227292e-03 train_cos=0.995235 train_nmse=-20.132dB train_rec=0.000000e+00 train_recT=1.564275e-06 train_fc=3.192427e-03 train_decoder_tail=0.000000e+00
I 07.01/16:22:09 train_mapper.py:622 ] epoch=0057 train_loss=2.657323e-02 train_mse=6.135753e-03 train_cos=0.995307 train_nmse=-20.196dB train_rec=0.000000e+00 train_recT=1.543310e-06 train_fc=3.142391e-03 train_decoder_tail=0.000000e+00
I 07.01/16:23:35 train_mapper.py:622 ] epoch=0058 train_loss=2.634539e-02 train_mse=6.071231e-03 train_cos=0.995351 train_nmse=-20.242dB train_rec=0.000000e+00 train_recT=1.525474e-06 train_fc=3.107065e-03 train_decoder_tail=0.000000e+00
I 07.01/16:25:00 train_mapper.py:622 ] epoch=0059 train_loss=2.606270e-02 train_mse=5.993024e-03 train_cos=0.995413 train_nmse=-20.298dB train_rec=0.000000e+00 train_recT=1.506552e-06 train_fc=3.063825e-03 train_decoder_tail=0.000000e+00
I 07.01/16:26:31 train_mapper.py:622 ] epoch=0060 train_loss=2.586968e-02 train_mse=5.939233e-03 train_cos=0.995453 train_nmse=-20.337dB train_rec=0.000000e+00 train_recT=1.491529e-06 train_fc=3.033236e-03 train_decoder_tail=0.000000e+00
I 07.01/16:28:04 train_mapper.py:622 ] epoch=0061 train_loss=2.565456e-02 train_mse=5.879626e-03 train_cos=0.995498 train_nmse=-20.381dB train_rec=0.000000e+00 train_recT=1.479392e-06 train_fc=3.003992e-03 train_decoder_tail=0.000000e+00
I 07.01/16:29:32 train_mapper.py:622 ] epoch=0062 train_loss=2.543515e-02 train_mse=5.818303e-03 train_cos=0.995543 train_nmse=-20.426dB train_rec=0.000000e+00 train_recT=1.454912e-06 train_fc=2.969849e-03 train_decoder_tail=0.000000e+00
I 07.01/16:30:58 train_mapper.py:622 ] epoch=0063 train_loss=2.511640e-02 train_mse=5.732952e-03 train_cos=0.995606 train_nmse=-20.491dB train_rec=0.000000e+00 train_recT=1.430041e-06 train_fc=2.922457e-03 train_decoder_tail=0.000000e+00
I 07.01/16:32:09 train_mapper.py:622 ] epoch=0064 train_loss=2.498765e-02 train_mse=5.696605e-03 train_cos=0.995636 train_nmse=-20.518dB train_rec=0.000000e+00 train_recT=1.426113e-06 train_fc=2.904928e-03 train_decoder_tail=0.000000e+00
I 07.01/16:33:12 train_mapper.py:622 ] epoch=0065 train_loss=2.467334e-02 train_mse=5.612503e-03 train_cos=0.995701 train_nmse=-20.583dB train_rec=0.000000e+00 train_recT=1.408019e-06 train_fc=2.857933e-03 train_decoder_tail=0.000000e+00
I 07.01/16:34:16 train_mapper.py:622 ] epoch=0066 train_loss=2.453355e-02 train_mse=5.572508e-03 train_cos=0.995726 train_nmse=-20.614dB train_rec=0.000000e+00 train_recT=1.388581e-06 train_fc=2.837321e-03 train_decoder_tail=0.000000e+00
I 07.01/16:35:21 train_mapper.py:622 ] epoch=0067 train_loss=2.434028e-02 train_mse=5.520601e-03 train_cos=0.995767 train_nmse=-20.654dB train_rec=0.000000e+00 train_recT=1.375484e-06 train_fc=2.804591e-03 train_decoder_tail=0.000000e+00
I 07.01/16:36:24 train_mapper.py:622 ] epoch=0068 train_loss=2.415315e-02 train_mse=5.470092e-03 train_cos=0.995806 train_nmse=-20.694dB train_rec=0.000000e+00 train_recT=1.362577e-06 train_fc=2.779368e-03 train_decoder_tail=0.000000e+00
I 07.01/16:37:29 train_mapper.py:622 ] epoch=0069 train_loss=2.392372e-02 train_mse=5.408895e-03 train_cos=0.995852 train_nmse=-20.744dB train_rec=0.000000e+00 train_recT=1.346556e-06 train_fc=2.747291e-03 train_decoder_tail=0.000000e+00
I 07.01/16:38:32 train_mapper.py:622 ] epoch=0070 train_loss=2.377384e-02 train_mse=5.367935e-03 train_cos=0.995885 train_nmse=-20.776dB train_rec=0.000000e+00 train_recT=1.340774e-06 train_fc=2.726847e-03 train_decoder_tail=0.000000e+00
I 07.01/16:39:37 train_mapper.py:622 ] epoch=0071 train_loss=2.354397e-02 train_mse=5.307358e-03 train_cos=0.995930 train_nmse=-20.826dB train_rec=0.000000e+00 train_recT=1.316877e-06 train_fc=2.692990e-03 train_decoder_tail=0.000000e+00
I 07.01/16:40:40 train_mapper.py:622 ] epoch=0072 train_loss=2.342446e-02 train_mse=5.274116e-03 train_cos=0.995953 train_nmse=-20.853dB train_rec=0.000000e+00 train_recT=1.310718e-06 train_fc=2.679060e-03 train_decoder_tail=0.000000e+00
I 07.01/16:41:44 train_mapper.py:622 ] epoch=0073 train_loss=2.322295e-02 train_mse=5.220772e-03 train_cos=0.995994 train_nmse=-20.897dB train_rec=0.000000e+00 train_recT=1.291190e-06 train_fc=2.647392e-03 train_decoder_tail=0.000000e+00
I 07.01/16:42:47 train_mapper.py:622 ] epoch=0074 train_loss=2.301777e-02 train_mse=5.166995e-03 train_cos=0.996037 train_nmse=-20.942dB train_rec=0.000000e+00 train_recT=1.278535e-06 train_fc=2.619899e-03 train_decoder_tail=0.000000e+00
I 07.01/16:43:49 train_mapper.py:622 ] epoch=0075 train_loss=2.287509e-02 train_mse=5.127889e-03 train_cos=0.996067 train_nmse=-20.975dB train_rec=0.000000e+00 train_recT=1.276374e-06 train_fc=2.597505e-03 train_decoder_tail=0.000000e+00
I 07.01/16:44:52 train_mapper.py:622 ] epoch=0076 train_loss=2.276076e-02 train_mse=5.095829e-03 train_cos=0.996090 train_nmse=-21.002dB train_rec=0.000000e+00 train_recT=1.267167e-06 train_fc=2.582844e-03 train_decoder_tail=0.000000e+00
I 07.01/16:45:55 train_mapper.py:622 ] epoch=0077 train_loss=2.255739e-02 train_mse=5.043172e-03 train_cos=0.996131 train_nmse=-21.047dB train_rec=0.000000e+00 train_recT=1.249144e-06 train_fc=2.551710e-03 train_decoder_tail=0.000000e+00
I 07.01/16:46:59 train_mapper.py:622 ] epoch=0078 train_loss=2.241473e-02 train_mse=5.005234e-03 train_cos=0.996159 train_nmse=-21.080dB train_rec=0.000000e+00 train_recT=1.237581e-06 train_fc=2.535832e-03 train_decoder_tail=0.000000e+00
I 07.01/16:48:06 train_mapper.py:622 ] epoch=0079 train_loss=2.228949e-02 train_mse=4.970560e-03 train_cos=0.996186 train_nmse=-21.110dB train_rec=0.000000e+00 train_recT=1.233388e-06 train_fc=2.518907e-03 train_decoder_tail=0.000000e+00
I 07.01/16:49:11 train_mapper.py:622 ] epoch=0080 train_loss=2.214078e-02 train_mse=4.931287e-03 train_cos=0.996215 train_nmse=-21.145dB train_rec=0.000000e+00 train_recT=1.216812e-06 train_fc=2.497519e-03 train_decoder_tail=0.000000e+00
I 07.01/16:50:24 train_mapper.py:622 ] epoch=0081 train_loss=2.194369e-02 train_mse=4.879478e-03 train_cos=0.996254 train_nmse=-21.191dB train_rec=0.000000e+00 train_recT=1.200194e-06 train_fc=2.467392e-03 train_decoder_tail=0.000000e+00
I 07.01/16:51:36 train_mapper.py:622 ] epoch=0082 train_loss=2.182213e-02 train_mse=4.847306e-03 train_cos=0.996281 train_nmse=-21.219dB train_rec=0.000000e+00 train_recT=1.198812e-06 train_fc=2.450662e-03 train_decoder_tail=0.000000e+00
I 07.01/16:52:39 train_mapper.py:622 ] epoch=0083 train_loss=2.172758e-02 train_mse=4.820290e-03 train_cos=0.996300 train_nmse=-21.244dB train_rec=0.000000e+00 train_recT=1.195440e-06 train_fc=2.438267e-03 train_decoder_tail=0.000000e+00
I 07.01/16:53:45 train_mapper.py:622 ] epoch=0084 train_loss=2.155423e-02 train_mse=4.775281e-03 train_cos=0.996335 train_nmse=-21.284dB train_rec=0.000000e+00 train_recT=1.177930e-06 train_fc=2.415544e-03 train_decoder_tail=0.000000e+00
I 07.01/16:54:48 train_mapper.py:622 ] epoch=0085 train_loss=2.146028e-02 train_mse=4.748673e-03 train_cos=0.996353 train_nmse=-21.309dB train_rec=0.000000e+00 train_recT=1.168305e-06 train_fc=2.400795e-03 train_decoder_tail=0.000000e+00
I 07.01/16:55:59 train_mapper.py:622 ] epoch=0086 train_loss=2.123301e-02 train_mse=4.690825e-03 train_cos=0.996400 train_nmse=-21.362dB train_rec=0.000000e+00 train_recT=1.158476e-06 train_fc=2.369813e-03 train_decoder_tail=0.000000e+00
I 07.01/16:57:11 train_mapper.py:622 ] epoch=0087 train_loss=2.112233e-02 train_mse=4.660576e-03 train_cos=0.996423 train_nmse=-21.390dB train_rec=0.000000e+00 train_recT=1.145559e-06 train_fc=2.355397e-03 train_decoder_tail=0.000000e+00
I 07.01/16:58:21 train_mapper.py:622 ] epoch=0088 train_loss=2.097680e-02 train_mse=4.622572e-03 train_cos=0.996452 train_nmse=-21.425dB train_rec=0.000000e+00 train_recT=1.137409e-06 train_fc=2.337231e-03 train_decoder_tail=0.000000e+00
I 07.01/16:59:23 train_mapper.py:622 ] epoch=0089 train_loss=2.093215e-02 train_mse=4.607130e-03 train_cos=0.996462 train_nmse=-21.440dB train_rec=0.000000e+00 train_recT=1.136039e-06 train_fc=2.331073e-03 train_decoder_tail=0.000000e+00
I 07.01/17:00:24 train_mapper.py:622 ] epoch=0090 train_loss=2.077972e-02 train_mse=4.567890e-03 train_cos=0.996495 train_nmse=-21.477dB train_rec=0.000000e+00 train_recT=1.126919e-06 train_fc=2.311181e-03 train_decoder_tail=0.000000e+00
I 07.01/17:01:31 train_mapper.py:622 ] epoch=0091 train_loss=2.066154e-02 train_mse=4.534884e-03 train_cos=0.996515 train_nmse=-21.509dB train_rec=0.000000e+00 train_recT=1.111973e-06 train_fc=2.295109e-03 train_decoder_tail=0.000000e+00
I 07.01/17:02:36 train_mapper.py:622 ] epoch=0092 train_loss=2.050614e-02 train_mse=4.494465e-03 train_cos=0.996548 train_nmse=-21.548dB train_rec=0.000000e+00 train_recT=1.109229e-06 train_fc=2.271888e-03 train_decoder_tail=0.000000e+00
I 07.01/17:03:39 train_mapper.py:622 ] epoch=0093 train_loss=2.047118e-02 train_mse=4.482876e-03 train_cos=0.996558 train_nmse=-21.558dB train_rec=0.000000e+00 train_recT=1.105536e-06 train_fc=2.269453e-03 train_decoder_tail=0.000000e+00
I 07.01/17:04:43 train_mapper.py:622 ] epoch=0094 train_loss=2.025094e-02 train_mse=4.428061e-03 train_cos=0.996602 train_nmse=-21.612dB train_rec=0.000000e+00 train_recT=1.090898e-06 train_fc=2.239029e-03 train_decoder_tail=0.000000e+00
I 07.01/17:05:50 train_mapper.py:622 ] epoch=0095 train_loss=2.019466e-02 train_mse=4.409752e-03 train_cos=0.996613 train_nmse=-21.630dB train_rec=0.000000e+00 train_recT=1.084827e-06 train_fc=2.231710e-03 train_decoder_tail=0.000000e+00
I 07.01/17:06:54 train_mapper.py:622 ] epoch=0096 train_loss=2.007140e-02 train_mse=4.378205e-03 train_cos=0.996640 train_nmse=-21.661dB train_rec=0.000000e+00 train_recT=1.080464e-06 train_fc=2.215209e-03 train_decoder_tail=0.000000e+00
I 07.01/17:08:02 train_mapper.py:622 ] epoch=0097 train_loss=1.992491e-02 train_mse=4.340005e-03 train_cos=0.996669 train_nmse=-21.699dB train_rec=0.000000e+00 train_recT=1.069816e-06 train_fc=2.193436e-03 train_decoder_tail=0.000000e+00
I 07.01/17:09:07 train_mapper.py:622 ] epoch=0098 train_loss=1.989483e-02 train_mse=4.328924e-03 train_cos=0.996677 train_nmse=-21.710dB train_rec=0.000000e+00 train_recT=1.069137e-06 train_fc=2.191259e-03 train_decoder_tail=0.000000e+00
I 07.01/17:10:11 train_mapper.py:622 ] epoch=0099 train_loss=1.976168e-02 train_mse=4.294077e-03 train_cos=0.996702 train_nmse=-21.745dB train_rec=0.000000e+00 train_recT=1.059608e-06 train_fc=2.172963e-03 train_decoder_tail=0.000000e+00
I 07.01/17:11:16 train_mapper.py:622 ] epoch=0100 train_loss=1.961777e-02 train_mse=4.257894e-03 train_cos=0.996730 train_nmse=-21.782dB train_rec=0.000000e+00 train_recT=1.045189e-06 train_fc=2.156964e-03 train_decoder_tail=0.000000e+00
I 07.01/17:12:19 train_mapper.py:622 ] epoch=0101 train_loss=1.952695e-02 train_mse=4.232520e-03 train_cos=0.996749 train_nmse=-21.808dB train_rec=0.000000e+00 train_recT=1.038366e-06 train_fc=2.143394e-03 train_decoder_tail=0.000000e+00
I 07.01/17:13:21 train_mapper.py:622 ] epoch=0102 train_loss=1.939813e-02 train_mse=4.198643e-03 train_cos=0.996773 train_nmse=-21.843dB train_rec=0.000000e+00 train_recT=1.032688e-06 train_fc=2.126255e-03 train_decoder_tail=0.000000e+00
I 07.01/17:14:26 train_mapper.py:622 ] epoch=0103 train_loss=1.933268e-02 train_mse=4.180267e-03 train_cos=0.996788 train_nmse=-21.862dB train_rec=0.000000e+00 train_recT=1.032903e-06 train_fc=2.118831e-03 train_decoder_tail=0.000000e+00
I 07.01/17:15:31 train_mapper.py:622 ] epoch=0104 train_loss=1.920036e-02 train_mse=4.147854e-03 train_cos=0.996815 train_nmse=-21.896dB train_rec=0.000000e+00 train_recT=1.019608e-06 train_fc=2.100701e-03 train_decoder_tail=0.000000e+00
I 07.01/17:16:37 train_mapper.py:622 ] epoch=0105 train_loss=1.910971e-02 train_mse=4.123444e-03 train_cos=0.996832 train_nmse=-21.921dB train_rec=0.000000e+00 train_recT=1.012953e-06 train_fc=2.088073e-03 train_decoder_tail=0.000000e+00
I 07.01/17:17:42 train_mapper.py:622 ] epoch=0106 train_loss=1.905882e-02 train_mse=4.108090e-03 train_cos=0.996840 train_nmse=-21.938dB train_rec=0.000000e+00 train_recT=1.003502e-06 train_fc=2.080784e-03 train_decoder_tail=0.000000e+00
I 07.01/17:18:45 train_mapper.py:622 ] epoch=0107 train_loss=1.893813e-02 train_mse=4.077826e-03 train_cos=0.996866 train_nmse=-21.970dB train_rec=0.000000e+00 train_recT=1.001667e-06 train_fc=2.063838e-03 train_decoder_tail=0.000000e+00
I 07.01/17:19:51 train_mapper.py:622 ] epoch=0108 train_loss=1.882709e-02 train_mse=4.050040e-03 train_cos=0.996888 train_nmse=-21.999dB train_rec=0.000000e+00 train_recT=9.969587e-07 train_fc=2.049816e-03 train_decoder_tail=0.000000e+00
I 07.01/17:20:56 train_mapper.py:622 ] epoch=0109 train_loss=1.873073e-02 train_mse=4.024669e-03 train_cos=0.996905 train_nmse=-22.027dB train_rec=0.000000e+00 train_recT=9.910700e-07 train_fc=2.039489e-03 train_decoder_tail=0.000000e+00
I 07.01/17:21:59 train_mapper.py:622 ] epoch=0110 train_loss=1.864034e-02 train_mse=4.001840e-03 train_cos=0.996924 train_nmse=-22.051dB train_rec=0.000000e+00 train_recT=9.835193e-07 train_fc=2.025409e-03 train_decoder_tail=0.000000e+00
I 07.01/17:23:07 train_mapper.py:622 ] epoch=0111 train_loss=1.858510e-02 train_mse=3.986844e-03 train_cos=0.996935 train_nmse=-22.068dB train_rec=0.000000e+00 train_recT=9.825916e-07 train_fc=2.018741e-03 train_decoder_tail=0.000000e+00
I 07.01/17:24:13 train_mapper.py:622 ] epoch=0112 train_loss=1.849577e-02 train_mse=3.964620e-03 train_cos=0.996954 train_nmse=-22.092dB train_rec=0.000000e+00 train_recT=9.809408e-07 train_fc=2.007095e-03 train_decoder_tail=0.000000e+00
I 07.01/17:25:17 train_mapper.py:622 ] epoch=0113 train_loss=1.838040e-02 train_mse=3.935774e-03 train_cos=0.996974 train_nmse=-22.124dB train_rec=0.000000e+00 train_recT=9.629720e-07 train_fc=1.993591e-03 train_decoder_tail=0.000000e+00
I 07.01/17:26:20 train_mapper.py:622 ] epoch=0114 train_loss=1.828202e-02 train_mse=3.911142e-03 train_cos=0.996993 train_nmse=-22.151dB train_rec=0.000000e+00 train_recT=9.605079e-07 train_fc=1.982039e-03 train_decoder_tail=0.000000e+00
I 07.01/17:27:23 train_mapper.py:622 ] epoch=0115 train_loss=1.824087e-02 train_mse=3.899044e-03 train_cos=0.997000 train_nmse=-22.165dB train_rec=0.000000e+00 train_recT=9.583932e-07 train_fc=1.974463e-03 train_decoder_tail=0.000000e+00
I 07.01/17:28:33 train_mapper.py:622 ] epoch=0116 train_loss=1.816015e-02 train_mse=3.879630e-03 train_cos=0.997016 train_nmse=-22.186dB train_rec=0.000000e+00 train_recT=9.496540e-07 train_fc=1.965202e-03 train_decoder_tail=0.000000e+00
I 07.01/17:29:38 train_mapper.py:622 ] epoch=0117 train_loss=1.802783e-02 train_mse=3.847739e-03 train_cos=0.997041 train_nmse=-22.222dB train_rec=0.000000e+00 train_recT=9.462138e-07 train_fc=1.948852e-03 train_decoder_tail=0.000000e+00
I 07.01/17:30:42 train_mapper.py:622 ] epoch=0118 train_loss=1.794551e-02 train_mse=3.826515e-03 train_cos=0.997056 train_nmse=-22.246dB train_rec=0.000000e+00 train_recT=9.394516e-07 train_fc=1.936907e-03 train_decoder_tail=0.000000e+00
I 07.01/17:31:45 train_mapper.py:622 ] epoch=0119 train_loss=1.786397e-02 train_mse=3.806020e-03 train_cos=0.997071 train_nmse=-22.269dB train_rec=0.000000e+00 train_recT=9.340817e-07 train_fc=1.926637e-03 train_decoder_tail=0.000000e+00
I 07.01/17:32:51 train_mapper.py:622 ] epoch=0120 train_loss=1.780413e-02 train_mse=3.791362e-03 train_cos=0.997083 train_nmse=-22.286dB train_rec=0.000000e+00 train_recT=9.315867e-07 train_fc=1.917784e-03 train_decoder_tail=0.000000e+00
I 07.01/17:33:55 train_mapper.py:622 ] epoch=0121 train_loss=1.772891e-02 train_mse=3.772635e-03 train_cos=0.997098 train_nmse=-22.308dB train_rec=0.000000e+00 train_recT=9.297630e-07 train_fc=1.908410e-03 train_decoder_tail=0.000000e+00
I 07.01/17:34:57 train_mapper.py:622 ] epoch=0122 train_loss=1.767483e-02 train_mse=3.758470e-03 train_cos=0.997106 train_nmse=-22.324dB train_rec=0.000000e+00 train_recT=9.155682e-07 train_fc=1.904082e-03 train_decoder_tail=0.000000e+00
I 07.01/17:35:59 train_mapper.py:622 ] epoch=0123 train_loss=1.754280e-02 train_mse=3.727919e-03 train_cos=0.997132 train_nmse=-22.359dB train_rec=0.000000e+00 train_recT=9.135733e-07 train_fc=1.885126e-03 train_decoder_tail=0.000000e+00
I 07.01/17:36:59 train_mapper.py:622 ] epoch=0124 train_loss=1.746191e-02 train_mse=3.708243e-03 train_cos=0.997146 train_nmse=-22.382dB train_rec=0.000000e+00 train_recT=9.106349e-07 train_fc=1.875990e-03 train_decoder_tail=0.000000e+00
I 07.01/17:38:03 train_mapper.py:622 ] epoch=0125 train_loss=1.739209e-02 train_mse=3.690559e-03 train_cos=0.997158 train_nmse=-22.403dB train_rec=0.000000e+00 train_recT=9.019397e-07 train_fc=1.865482e-03 train_decoder_tail=0.000000e+00
I 07.01/17:39:09 train_mapper.py:622 ] epoch=0126 train_loss=1.737894e-02 train_mse=3.685924e-03 train_cos=0.997161 train_nmse=-22.408dB train_rec=0.000000e+00 train_recT=9.038853e-07 train_fc=1.864072e-03 train_decoder_tail=0.000000e+00
I 07.01/17:40:14 train_mapper.py:622 ] epoch=0127 train_loss=1.728660e-02 train_mse=3.664053e-03 train_cos=0.997179 train_nmse=-22.434dB train_rec=0.000000e+00 train_recT=8.997276e-07 train_fc=1.854737e-03 train_decoder_tail=0.000000e+00
I 07.01/17:41:21 train_mapper.py:622 ] epoch=0128 train_loss=1.722377e-02 train_mse=3.648573e-03 train_cos=0.997190 train_nmse=-22.453dB train_rec=0.000000e+00 train_recT=8.930594e-07 train_fc=1.844761e-03 train_decoder_tail=0.000000e+00
I 07.01/17:42:25 train_mapper.py:622 ] epoch=0129 train_loss=1.712475e-02 train_mse=3.624558e-03 train_cos=0.997209 train_nmse=-22.482dB train_rec=0.000000e+00 train_recT=8.849639e-07 train_fc=1.831201e-03 train_decoder_tail=0.000000e+00
I 07.01/17:43:29 train_mapper.py:622 ] epoch=0130 train_loss=1.709387e-02 train_mse=3.616648e-03 train_cos=0.997214 train_nmse=-22.491dB train_rec=0.000000e+00 train_recT=8.870361e-07 train_fc=1.828328e-03 train_decoder_tail=0.000000e+00
I 07.01/17:44:32 train_mapper.py:622 ] epoch=0131 train_loss=1.699205e-02 train_mse=3.592324e-03 train_cos=0.997231 train_nmse=-22.520dB train_rec=0.000000e+00 train_recT=8.753964e-07 train_fc=1.816028e-03 train_decoder_tail=0.000000e+00
I 07.01/17:45:37 train_mapper.py:622 ] epoch=0132 train_loss=1.693288e-02 train_mse=3.578596e-03 train_cos=0.997245 train_nmse=-22.537dB train_rec=0.000000e+00 train_recT=8.770533e-07 train_fc=1.806936e-03 train_decoder_tail=0.000000e+00
I 07.01/17:46:40 train_mapper.py:622 ] epoch=0133 train_loss=1.685985e-02 train_mse=3.560318e-03 train_cos=0.997258 train_nmse=-22.559dB train_rec=0.000000e+00 train_recT=8.727826e-07 train_fc=1.798185e-03 train_decoder_tail=0.000000e+00
I 07.01/17:47:47 train_mapper.py:622 ] epoch=0134 train_loss=1.680976e-02 train_mse=3.547877e-03 train_cos=0.997267 train_nmse=-22.574dB train_rec=0.000000e+00 train_recT=8.693646e-07 train_fc=1.791731e-03 train_decoder_tail=0.000000e+00
I 07.01/17:48:53 train_mapper.py:622 ] epoch=0135 train_loss=1.670967e-02 train_mse=3.524698e-03 train_cos=0.997284 train_nmse=-22.603dB train_rec=0.000000e+00 train_recT=8.594981e-07 train_fc=1.778470e-03 train_decoder_tail=0.000000e+00
I 07.01/17:50:01 train_mapper.py:622 ] epoch=0136 train_loss=1.671759e-02 train_mse=3.524791e-03 train_cos=0.997283 train_nmse=-22.603dB train_rec=0.000000e+00 train_recT=8.613187e-07 train_fc=1.781524e-03 train_decoder_tail=0.000000e+00
I 07.01/17:51:08 train_mapper.py:622 ] epoch=0137 train_loss=1.658139e-02 train_mse=3.493891e-03 train_cos=0.997308 train_nmse=-22.641dB train_rec=0.000000e+00 train_recT=8.499566e-07 train_fc=1.761908e-03 train_decoder_tail=0.000000e+00
I 07.01/17:52:14 train_mapper.py:622 ] epoch=0138 train_loss=1.656789e-02 train_mse=3.488916e-03 train_cos=0.997310 train_nmse=-22.647dB train_rec=0.000000e+00 train_recT=8.539276e-07 train_fc=1.761840e-03 train_decoder_tail=0.000000e+00
I 07.01/17:53:17 train_mapper.py:622 ] epoch=0139 train_loss=1.646710e-02 train_mse=3.466052e-03 train_cos=0.997332 train_nmse=-22.676dB train_rec=0.000000e+00 train_recT=8.461606e-07 train_fc=1.748444e-03 train_decoder_tail=0.000000e+00
I 07.01/17:54:22 train_mapper.py:622 ] epoch=0140 train_loss=1.642937e-02 train_mse=3.456254e-03 train_cos=0.997336 train_nmse=-22.688dB train_rec=0.000000e+00 train_recT=8.440556e-07 train_fc=1.746096e-03 train_decoder_tail=0.000000e+00
I 07.01/17:55:25 train_mapper.py:622 ] epoch=0141 train_loss=1.639092e-02 train_mse=3.446492e-03 train_cos=0.997343 train_nmse=-22.700dB train_rec=0.000000e+00 train_recT=8.427723e-07 train_fc=1.739642e-03 train_decoder_tail=0.000000e+00
I 07.01/17:56:31 train_mapper.py:622 ] epoch=0142 train_loss=1.633293e-02 train_mse=3.431990e-03 train_cos=0.997353 train_nmse=-22.719dB train_rec=0.000000e+00 train_recT=8.358519e-07 train_fc=1.731813e-03 train_decoder_tail=0.000000e+00
I 07.01/17:57:36 train_mapper.py:622 ] epoch=0143 train_loss=1.626185e-02 train_mse=3.415573e-03 train_cos=0.997368 train_nmse=-22.739dB train_rec=0.000000e+00 train_recT=8.331492e-07 train_fc=1.721887e-03 train_decoder_tail=0.000000e+00
I 07.01/17:58:45 train_mapper.py:622 ] epoch=0144 train_loss=1.622744e-02 train_mse=3.406791e-03 train_cos=0.997373 train_nmse=-22.751dB train_rec=0.000000e+00 train_recT=8.318256e-07 train_fc=1.720180e-03 train_decoder_tail=0.000000e+00
I 07.01/17:59:48 train_mapper.py:622 ] epoch=0145 train_loss=1.615774e-02 train_mse=3.390583e-03 train_cos=0.997387 train_nmse=-22.771dB train_rec=0.000000e+00 train_recT=8.277286e-07 train_fc=1.709568e-03 train_decoder_tail=0.000000e+00
I 07.01/18:00:56 train_mapper.py:622 ] epoch=0146 train_loss=1.608105e-02 train_mse=3.372838e-03 train_cos=0.997402 train_nmse=-22.794dB train_rec=0.000000e+00 train_recT=8.253398e-07 train_fc=1.701556e-03 train_decoder_tail=0.000000e+00
I 07.01/18:01:58 train_mapper.py:622 ] epoch=0147 train_loss=1.604912e-02 train_mse=3.364638e-03 train_cos=0.997406 train_nmse=-22.804dB train_rec=0.000000e+00 train_recT=8.191004e-07 train_fc=1.698196e-03 train_decoder_tail=0.000000e+00
I 07.01/18:03:05 train_mapper.py:622 ] epoch=0148 train_loss=1.597467e-02 train_mse=3.347245e-03 train_cos=0.997419 train_nmse=-22.827dB train_rec=0.000000e+00 train_recT=8.153330e-07 train_fc=1.689080e-03 train_decoder_tail=0.000000e+00
I 07.01/18:04:12 train_mapper.py:622 ] epoch=0149 train_loss=1.591906e-02 train_mse=3.334112e-03 train_cos=0.997429 train_nmse=-22.844dB train_rec=0.000000e+00 train_recT=8.110084e-07 train_fc=1.681425e-03 train_decoder_tail=0.000000e+00
I 07.01/18:05:15 train_mapper.py:622 ] epoch=0150 train_loss=1.588704e-02 train_mse=3.325045e-03 train_cos=0.997435 train_nmse=-22.856dB train_rec=0.000000e+00 train_recT=8.094923e-07 train_fc=1.675158e-03 train_decoder_tail=0.000000e+00
I 07.01/18:06:17 train_mapper.py:622 ] epoch=0151 train_loss=1.583480e-02 train_mse=3.313127e-03 train_cos=0.997446 train_nmse=-22.872dB train_rec=0.000000e+00 train_recT=8.073496e-07 train_fc=1.670831e-03 train_decoder_tail=0.000000e+00
I 07.01/18:07:25 train_mapper.py:622 ] epoch=0152 train_loss=1.573078e-02 train_mse=3.290026e-03 train_cos=0.997464 train_nmse=-22.902dB train_rec=0.000000e+00 train_recT=8.002290e-07 train_fc=1.657878e-03 train_decoder_tail=0.000000e+00
I 07.01/18:08:30 train_mapper.py:622 ] epoch=0153 train_loss=1.569526e-02 train_mse=3.281056e-03 train_cos=0.997471 train_nmse=-22.914dB train_rec=0.000000e+00 train_recT=8.014141e-07 train_fc=1.654476e-03 train_decoder_tail=0.000000e+00
I 07.01/18:09:35 train_mapper.py:622 ] epoch=0154 train_loss=1.570133e-02 train_mse=3.280692e-03 train_cos=0.997470 train_nmse=-22.914dB train_rec=0.000000e+00 train_recT=7.986798e-07 train_fc=1.655181e-03 train_decoder_tail=0.000000e+00
I 07.01/18:10:41 train_mapper.py:622 ] epoch=0155 train_loss=1.564705e-02 train_mse=3.267907e-03 train_cos=0.997480 train_nmse=-22.931dB train_rec=0.000000e+00 train_recT=7.972781e-07 train_fc=1.647014e-03 train_decoder_tail=0.000000e+00
I 07.01/18:11:45 train_mapper.py:622 ] epoch=0156 train_loss=1.559458e-02 train_mse=3.255677e-03 train_cos=0.997489 train_nmse=-22.948dB train_rec=0.000000e+00 train_recT=7.915379e-07 train_fc=1.642049e-03 train_decoder_tail=0.000000e+00
I 07.01/18:12:49 train_mapper.py:622 ] epoch=0157 train_loss=1.551521e-02 train_mse=3.237154e-03 train_cos=0.997503 train_nmse=-22.972dB train_rec=0.000000e+00 train_recT=7.859018e-07 train_fc=1.630974e-03 train_decoder_tail=0.000000e+00
I 07.01/18:13:53 train_mapper.py:622 ] epoch=0158 train_loss=1.546914e-02 train_mse=3.226470e-03 train_cos=0.997513 train_nmse=-22.987dB train_rec=0.000000e+00 train_recT=7.879325e-07 train_fc=1.626919e-03 train_decoder_tail=0.000000e+00
I 07.01/18:14:56 train_mapper.py:622 ] epoch=0159 train_loss=1.541282e-02 train_mse=3.212726e-03 train_cos=0.997523 train_nmse=-23.005dB train_rec=0.000000e+00 train_recT=7.847877e-07 train_fc=1.619186e-03 train_decoder_tail=0.000000e+00
I 07.01/18:16:00 train_mapper.py:622 ] epoch=0160 train_loss=1.539228e-02 train_mse=3.207323e-03 train_cos=0.997527 train_nmse=-23.013dB train_rec=0.000000e+00 train_recT=7.804419e-07 train_fc=1.616892e-03 train_decoder_tail=0.000000e+00
I 07.01/18:17:06 train_mapper.py:622 ] epoch=0161 train_loss=1.534080e-02 train_mse=3.195319e-03 train_cos=0.997536 train_nmse=-23.029dB train_rec=0.000000e+00 train_recT=7.782346e-07 train_fc=1.609812e-03 train_decoder_tail=0.000000e+00
I 07.01/18:18:11 train_mapper.py:622 ] epoch=0162 train_loss=1.526884e-02 train_mse=3.179219e-03 train_cos=0.997549 train_nmse=-23.051dB train_rec=0.000000e+00 train_recT=7.772145e-07 train_fc=1.602138e-03 train_decoder_tail=0.000000e+00
I 07.01/18:19:16 train_mapper.py:622 ] epoch=0163 train_loss=1.521356e-02 train_mse=3.165720e-03 train_cos=0.997559 train_nmse=-23.069dB train_rec=0.000000e+00 train_recT=7.727799e-07 train_fc=1.595568e-03 train_decoder_tail=0.000000e+00
I 07.01/18:20:20 train_mapper.py:622 ] epoch=0164 train_loss=1.520035e-02 train_mse=3.161859e-03 train_cos=0.997562 train_nmse=-23.075dB train_rec=0.000000e+00 train_recT=7.690167e-07 train_fc=1.593073e-03 train_decoder_tail=0.000000e+00
I 07.01/18:21:24 train_mapper.py:622 ] epoch=0165 train_loss=1.512194e-02 train_mse=3.144255e-03 train_cos=0.997576 train_nmse=-23.099dB train_rec=0.000000e+00 train_recT=7.652552e-07 train_fc=1.583687e-03 train_decoder_tail=0.000000e+00
I 07.01/18:22:34 train_mapper.py:622 ] epoch=0166 train_loss=1.509995e-02 train_mse=3.138162e-03 train_cos=0.997580 train_nmse=-23.107dB train_rec=0.000000e+00 train_recT=7.649025e-07 train_fc=1.581483e-03 train_decoder_tail=0.000000e+00
I 07.01/18:23:38 train_mapper.py:622 ] epoch=0167 train_loss=1.506861e-02 train_mse=3.130227e-03 train_cos=0.997585 train_nmse=-23.118dB train_rec=0.000000e+00 train_recT=7.613814e-07 train_fc=1.577581e-03 train_decoder_tail=0.000000e+00
I 07.01/18:24:45 train_mapper.py:622 ] epoch=0168 train_loss=1.499459e-02 train_mse=3.113884e-03 train_cos=0.997600 train_nmse=-23.141dB train_rec=0.000000e+00 train_recT=7.576320e-07 train_fc=1.568851e-03 train_decoder_tail=0.000000e+00
I 07.01/18:25:52 train_mapper.py:622 ] epoch=0169 train_loss=1.494744e-02 train_mse=3.102939e-03 train_cos=0.997608 train_nmse=-23.156dB train_rec=0.000000e+00 train_recT=7.572061e-07 train_fc=1.562286e-03 train_decoder_tail=0.000000e+00
I 07.01/18:26:56 train_mapper.py:622 ] epoch=0170 train_loss=1.493932e-02 train_mse=3.099909e-03 train_cos=0.997611 train_nmse=-23.160dB train_rec=0.000000e+00 train_recT=7.554720e-07 train_fc=1.561622e-03 train_decoder_tail=0.000000e+00
I 07.01/18:27:58 train_mapper.py:622 ] epoch=0171 train_loss=1.489946e-02 train_mse=3.090340e-03 train_cos=0.997616 train_nmse=-23.174dB train_rec=0.000000e+00 train_recT=7.505639e-07 train_fc=1.556399e-03 train_decoder_tail=0.000000e+00
I 07.01/18:29:03 train_mapper.py:622 ] epoch=0172 train_loss=1.489917e-02 train_mse=3.088804e-03 train_cos=0.997617 train_nmse=-23.176dB train_rec=0.000000e+00 train_recT=7.501528e-07 train_fc=1.556059e-03 train_decoder_tail=0.000000e+00
I 07.01/18:30:05 train_mapper.py:622 ] epoch=0173 train_loss=1.481535e-02 train_mse=3.070507e-03 train_cos=0.997633 train_nmse=-23.202dB train_rec=0.000000e+00 train_recT=7.472949e-07 train_fc=1.547253e-03 train_decoder_tail=0.000000e+00
I 07.01/18:31:11 train_mapper.py:622 ] epoch=0174 train_loss=1.478747e-02 train_mse=3.063283e-03 train_cos=0.997638 train_nmse=-23.212dB train_rec=0.000000e+00 train_recT=7.457884e-07 train_fc=1.543823e-03 train_decoder_tail=0.000000e+00
I 07.01/18:32:15 train_mapper.py:622 ] epoch=0175 train_loss=1.471205e-02 train_mse=3.046110e-03 train_cos=0.997651 train_nmse=-23.237dB train_rec=0.000000e+00 train_recT=7.431520e-07 train_fc=1.533675e-03 train_decoder_tail=0.000000e+00
I 07.01/18:33:31 train_mapper.py:622 ] epoch=0176 train_loss=1.461998e-02 train_mse=3.025996e-03 train_cos=0.997667 train_nmse=-23.265dB train_rec=0.000000e+00 train_recT=7.351658e-07 train_fc=1.522342e-03 train_decoder_tail=0.000000e+00
I 07.01/18:34:37 train_mapper.py:622 ] epoch=0177 train_loss=1.461928e-02 train_mse=3.024919e-03 train_cos=0.997668 train_nmse=-23.267dB train_rec=0.000000e+00 train_recT=7.382225e-07 train_fc=1.522580e-03 train_decoder_tail=0.000000e+00
I 07.01/18:35:40 train_mapper.py:622 ] epoch=0178 train_loss=1.462218e-02 train_mse=3.023877e-03 train_cos=0.997667 train_nmse=-23.268dB train_rec=0.000000e+00 train_recT=7.374390e-07 train_fc=1.523184e-03 train_decoder_tail=0.000000e+00
I 07.01/18:36:39 train_mapper.py:622 ] epoch=0179 train_loss=1.453496e-02 train_mse=3.004632e-03 train_cos=0.997683 train_nmse=-23.296dB train_rec=0.000000e+00 train_recT=7.301717e-07 train_fc=1.513228e-03 train_decoder_tail=0.000000e+00
I 07.01/18:37:42 train_mapper.py:622 ] epoch=0180 train_loss=1.454705e-02 train_mse=3.005801e-03 train_cos=0.997682 train_nmse=-23.294dB train_rec=0.000000e+00 train_recT=7.288934e-07 train_fc=1.513545e-03 train_decoder_tail=0.000000e+00
I 07.01/18:38:52 train_mapper.py:622 ] epoch=0181 train_loss=1.446483e-02 train_mse=2.987504e-03 train_cos=0.997695 train_nmse=-23.321dB train_rec=0.000000e+00 train_recT=7.232025e-07 train_fc=1.504952e-03 train_decoder_tail=0.000000e+00
I 07.01/18:39:55 train_mapper.py:622 ] epoch=0182 train_loss=1.443517e-02 train_mse=2.980297e-03 train_cos=0.997702 train_nmse=-23.331dB train_rec=0.000000e+00 train_recT=7.236768e-07 train_fc=1.500947e-03 train_decoder_tail=0.000000e+00
I 07.01/18:40:56 train_mapper.py:622 ] epoch=0183 train_loss=1.434221e-02 train_mse=2.959909e-03 train_cos=0.997719 train_nmse=-23.361dB train_rec=0.000000e+00 train_recT=7.183286e-07 train_fc=1.489430e-03 train_decoder_tail=0.000000e+00
I 07.01/18:41:59 train_mapper.py:622 ] epoch=0184 train_loss=1.435526e-02 train_mse=2.961310e-03 train_cos=0.997715 train_nmse=-23.359dB train_rec=0.000000e+00 train_recT=7.193262e-07 train_fc=1.490694e-03 train_decoder_tail=0.000000e+00
I 07.01/18:43:04 train_mapper.py:622 ] epoch=0185 train_loss=1.432116e-02 train_mse=2.953460e-03 train_cos=0.997724 train_nmse=-23.371dB train_rec=0.000000e+00 train_recT=7.197358e-07 train_fc=1.488088e-03 train_decoder_tail=0.000000e+00
I 07.01/18:44:08 train_mapper.py:622 ] epoch=0186 train_loss=1.431148e-02 train_mse=2.950306e-03 train_cos=0.997725 train_nmse=-23.375dB train_rec=0.000000e+00 train_recT=7.187616e-07 train_fc=1.486336e-03 train_decoder_tail=0.000000e+00
I 07.01/18:45:07 train_mapper.py:622 ] epoch=0187 train_loss=1.425572e-02 train_mse=2.937903e-03 train_cos=0.997736 train_nmse=-23.394dB train_rec=0.000000e+00 train_recT=7.148385e-07 train_fc=1.477714e-03 train_decoder_tail=0.000000e+00
I 07.01/18:46:09 train_mapper.py:622 ] epoch=0188 train_loss=1.421953e-02 train_mse=2.929058e-03 train_cos=0.997742 train_nmse=-23.407dB train_rec=0.000000e+00 train_recT=7.134811e-07 train_fc=1.476178e-03 train_decoder_tail=0.000000e+00
I 07.01/18:47:14 train_mapper.py:622 ] epoch=0189 train_loss=1.416518e-02 train_mse=2.916572e-03 train_cos=0.997752 train_nmse=-23.425dB train_rec=0.000000e+00 train_recT=7.078477e-07 train_fc=1.468263e-03 train_decoder_tail=0.000000e+00
I 07.01/18:48:15 train_mapper.py:622 ] epoch=0190 train_loss=1.414657e-02 train_mse=2.911741e-03 train_cos=0.997755 train_nmse=-23.433dB train_rec=0.000000e+00 train_recT=7.061362e-07 train_fc=1.465649e-03 train_decoder_tail=0.000000e+00
I 07.01/18:49:18 train_mapper.py:622 ] epoch=0191 train_loss=1.413920e-02 train_mse=2.908714e-03 train_cos=0.997756 train_nmse=-23.437dB train_rec=0.000000e+00 train_recT=7.104504e-07 train_fc=1.466572e-03 train_decoder_tail=0.000000e+00
I 07.01/18:50:18 train_mapper.py:622 ] epoch=0192 train_loss=1.404301e-02 train_mse=2.888093e-03 train_cos=0.997773 train_nmse=-23.468dB train_rec=0.000000e+00 train_recT=7.011171e-07 train_fc=1.454320e-03 train_decoder_tail=0.000000e+00
I 07.01/18:51:22 train_mapper.py:622 ] epoch=0193 train_loss=1.397892e-02 train_mse=2.873572e-03 train_cos=0.997784 train_nmse=-23.490dB train_rec=0.000000e+00 train_recT=6.954365e-07 train_fc=1.446734e-03 train_decoder_tail=0.000000e+00
I 07.01/18:52:27 train_mapper.py:622 ] epoch=0194 train_loss=1.395518e-02 train_mse=2.867614e-03 train_cos=0.997787 train_nmse=-23.499dB train_rec=0.000000e+00 train_recT=6.955793e-07 train_fc=1.443925e-03 train_decoder_tail=0.000000e+00
I 07.01/18:53:30 train_mapper.py:622 ] epoch=0195 train_loss=1.393145e-02 train_mse=2.862061e-03 train_cos=0.997793 train_nmse=-23.507dB train_rec=0.000000e+00 train_recT=6.939569e-07 train_fc=1.441221e-03 train_decoder_tail=0.000000e+00
I 07.01/18:54:34 train_mapper.py:622 ] epoch=0196 train_loss=1.395648e-02 train_mse=2.866201e-03 train_cos=0.997790 train_nmse=-23.501dB train_rec=0.000000e+00 train_recT=7.012306e-07 train_fc=1.443300e-03 train_decoder_tail=0.000000e+00
I 07.01/18:55:35 train_mapper.py:622 ] epoch=0197 train_loss=1.389583e-02 train_mse=2.852790e-03 train_cos=0.997801 train_nmse=-23.521dB train_rec=0.000000e+00 train_recT=6.942206e-07 train_fc=1.436012e-03 train_decoder_tail=0.000000e+00
I 07.01/18:56:38 train_mapper.py:622 ] epoch=0198 train_loss=1.390337e-02 train_mse=2.853225e-03 train_cos=0.997799 train_nmse=-23.521dB train_rec=0.000000e+00 train_recT=6.927733e-07 train_fc=1.437075e-03 train_decoder_tail=0.000000e+00
I 07.01/18:57:38 train_mapper.py:622 ] epoch=0199 train_loss=1.378907e-02 train_mse=2.828657e-03 train_cos=0.997819 train_nmse=-23.558dB train_rec=0.000000e+00 train_recT=6.850847e-07 train_fc=1.424311e-03 train_decoder_tail=0.000000e+00
I 07.01/18:58:42 train_mapper.py:622 ] epoch=0200 train_loss=1.372425e-02 train_mse=2.814425e-03 train_cos=0.997830 train_nmse=-23.580dB train_rec=0.000000e+00 train_recT=6.814397e-07 train_fc=1.416396e-03 train_decoder_tail=0.000000e+00
I 07.01/18:59:45 train_mapper.py:622 ] epoch=0201 train_loss=1.377374e-02 train_mse=2.823736e-03 train_cos=0.997823 train_nmse=-23.566dB train_rec=0.000000e+00 train_recT=6.851801e-07 train_fc=1.420205e-03 train_decoder_tail=0.000000e+00
I 07.01/19:00:45 train_mapper.py:622 ] epoch=0202 train_loss=1.374121e-02 train_mse=2.816280e-03 train_cos=0.997827 train_nmse=-23.577dB train_rec=0.000000e+00 train_recT=6.825375e-07 train_fc=1.418832e-03 train_decoder_tail=0.000000e+00
I 07.01/19:01:42 train_mapper.py:622 ] epoch=0203 train_loss=1.369926e-02 train_mse=2.806589e-03 train_cos=0.997836 train_nmse=-23.592dB train_rec=0.000000e+00 train_recT=6.813772e-07 train_fc=1.413331e-03 train_decoder_tail=0.000000e+00
I 07.01/19:02:45 train_mapper.py:622 ] epoch=0204 train_loss=1.366642e-02 train_mse=2.799220e-03 train_cos=0.997842 train_nmse=-23.604dB train_rec=0.000000e+00 train_recT=6.779811e-07 train_fc=1.410797e-03 train_decoder_tail=0.000000e+00
I 07.01/19:03:47 train_mapper.py:622 ] epoch=0205 train_loss=1.359978e-02 train_mse=2.784184e-03 train_cos=0.997853 train_nmse=-23.627dB train_rec=0.000000e+00 train_recT=6.741728e-07 train_fc=1.402046e-03 train_decoder_tail=0.000000e+00
I 07.01/19:04:52 train_mapper.py:622 ] epoch=0206 train_loss=1.357762e-02 train_mse=2.778593e-03 train_cos=0.997856 train_nmse=-23.636dB train_rec=0.000000e+00 train_recT=6.700292e-07 train_fc=1.398209e-03 train_decoder_tail=0.000000e+00
I 07.01/19:05:55 train_mapper.py:622 ] epoch=0207 train_loss=1.354522e-02 train_mse=2.771572e-03 train_cos=0.997863 train_nmse=-23.647dB train_rec=0.000000e+00 train_recT=6.711072e-07 train_fc=1.395672e-03 train_decoder_tail=0.000000e+00
I 07.01/19:06:57 train_mapper.py:622 ] epoch=0208 train_loss=1.350655e-02 train_mse=2.762458e-03 train_cos=0.997871 train_nmse=-23.661dB train_rec=0.000000e+00 train_recT=6.703565e-07 train_fc=1.390647e-03 train_decoder_tail=0.000000e+00
I 07.01/19:07:59 train_mapper.py:622 ] epoch=0209 train_loss=1.357929e-02 train_mse=2.776244e-03 train_cos=0.997858 train_nmse=-23.639dB train_rec=0.000000e+00 train_recT=6.737557e-07 train_fc=1.398910e-03 train_decoder_tail=0.000000e+00
I 07.01/19:08:58 train_mapper.py:622 ] epoch=0210 train_loss=1.344204e-02 train_mse=2.747766e-03 train_cos=0.997882 train_nmse=-23.684dB train_rec=0.000000e+00 train_recT=6.682256e-07 train_fc=1.383377e-03 train_decoder_tail=0.000000e+00
I 07.01/19:10:01 train_mapper.py:622 ] epoch=0211 train_loss=1.341598e-02 train_mse=2.741437e-03 train_cos=0.997887 train_nmse=-23.694dB train_rec=0.000000e+00 train_recT=6.680509e-07 train_fc=1.379564e-03 train_decoder_tail=0.000000e+00
I 07.01/19:11:02 train_mapper.py:622 ] epoch=0212 train_loss=1.339568e-02 train_mse=2.736076e-03 train_cos=0.997891 train_nmse=-23.703dB train_rec=0.000000e+00 train_recT=6.674752e-07 train_fc=1.377444e-03 train_decoder_tail=0.000000e+00
I 07.01/19:12:04 train_mapper.py:622 ] epoch=0213 train_loss=1.341625e-02 train_mse=2.739343e-03 train_cos=0.997887 train_nmse=-23.697dB train_rec=0.000000e+00 train_recT=6.677778e-07 train_fc=1.379771e-03 train_decoder_tail=0.000000e+00
I 07.01/19:13:05 train_mapper.py:622 ] epoch=0214 train_loss=1.333829e-02 train_mse=2.722934e-03 train_cos=0.997902 train_nmse=-23.724dB train_rec=0.000000e+00 train_recT=6.656692e-07 train_fc=1.369730e-03 train_decoder_tail=0.000000e+00
I 07.01/19:14:07 train_mapper.py:622 ] epoch=0215 train_loss=1.329656e-02 train_mse=2.713496e-03 train_cos=0.997908 train_nmse=-23.739dB train_rec=0.000000e+00 train_recT=6.579014e-07 train_fc=1.364939e-03 train_decoder_tail=0.000000e+00
I 07.01/19:15:08 train_mapper.py:622 ] epoch=0216 train_loss=1.328717e-02 train_mse=2.710855e-03 train_cos=0.997909 train_nmse=-23.743dB train_rec=0.000000e+00 train_recT=6.540902e-07 train_fc=1.364021e-03 train_decoder_tail=0.000000e+00
I 07.01/19:16:11 train_mapper.py:622 ] epoch=0217 train_loss=1.323816e-02 train_mse=2.700305e-03 train_cos=0.997918 train_nmse=-23.760dB train_rec=0.000000e+00 train_recT=6.522398e-07 train_fc=1.357809e-03 train_decoder_tail=0.000000e+00
I 07.01/19:17:10 train_mapper.py:622 ] epoch=0218 train_loss=1.324276e-02 train_mse=2.699864e-03 train_cos=0.997917 train_nmse=-23.760dB train_rec=0.000000e+00 train_recT=6.541806e-07 train_fc=1.359598e-03 train_decoder_tail=0.000000e+00
I 07.01/19:18:09 train_mapper.py:622 ] epoch=0219 train_loss=1.320269e-02 train_mse=2.691416e-03 train_cos=0.997925 train_nmse=-23.774dB train_rec=0.000000e+00 train_recT=6.501333e-07 train_fc=1.355822e-03 train_decoder_tail=0.000000e+00
I 07.01/19:19:13 train_mapper.py:622 ] epoch=0220 train_loss=1.315405e-02 train_mse=2.680774e-03 train_cos=0.997932 train_nmse=-23.791dB train_rec=0.000000e+00 train_recT=6.467893e-07 train_fc=1.349521e-03 train_decoder_tail=0.000000e+00
I 07.01/19:20:18 train_mapper.py:622 ] epoch=0221 train_loss=1.310537e-02 train_mse=2.669820e-03 train_cos=0.997941 train_nmse=-23.809dB train_rec=0.000000e+00 train_recT=6.445878e-07 train_fc=1.343057e-03 train_decoder_tail=0.000000e+00
I 07.01/19:21:17 train_mapper.py:622 ] epoch=0222 train_loss=1.308138e-02 train_mse=2.664532e-03 train_cos=0.997945 train_nmse=-23.818dB train_rec=0.000000e+00 train_recT=6.460027e-07 train_fc=1.341278e-03 train_decoder_tail=0.000000e+00
I 07.01/19:22:18 train_mapper.py:622 ] epoch=0223 train_loss=1.310310e-02 train_mse=2.667587e-03 train_cos=0.997942 train_nmse=-23.813dB train_rec=0.000000e+00 train_recT=6.495197e-07 train_fc=1.342803e-03 train_decoder_tail=0.000000e+00
I 07.01/19:23:20 train_mapper.py:622 ] epoch=0224 train_loss=1.304527e-02 train_mse=2.655626e-03 train_cos=0.997952 train_nmse=-23.832dB train_rec=0.000000e+00 train_recT=6.409048e-07 train_fc=1.336086e-03 train_decoder_tail=0.000000e+00
I 07.01/19:24:22 train_mapper.py:622 ] epoch=0225 train_loss=1.297675e-02 train_mse=2.640537e-03 train_cos=0.997964 train_nmse=-23.857dB train_rec=0.000000e+00 train_recT=6.368410e-07 train_fc=1.327181e-03 train_decoder_tail=0.000000e+00
I 07.01/19:25:27 train_mapper.py:622 ] epoch=0226 train_loss=1.299936e-02 train_mse=2.644724e-03 train_cos=0.997959 train_nmse=-23.850dB train_rec=0.000000e+00 train_recT=6.395044e-07 train_fc=1.331240e-03 train_decoder_tail=0.000000e+00
I 07.01/19:26:29 train_mapper.py:622 ] epoch=0227 train_loss=1.299269e-02 train_mse=2.642927e-03 train_cos=0.997963 train_nmse=-23.853dB train_rec=0.000000e+00 train_recT=6.428218e-07 train_fc=1.331267e-03 train_decoder_tail=0.000000e+00
I 07.01/19:27:30 train_mapper.py:622 ] epoch=0228 train_loss=1.294345e-02 train_mse=2.632583e-03 train_cos=0.997971 train_nmse=-23.870dB train_rec=0.000000e+00 train_recT=6.368578e-07 train_fc=1.325504e-03 train_decoder_tail=0.000000e+00
I 07.01/19:28:32 train_mapper.py:622 ] epoch=0229 train_loss=1.296249e-02 train_mse=2.635207e-03 train_cos=0.997968 train_nmse=-23.866dB train_rec=0.000000e+00 train_recT=6.399739e-07 train_fc=1.327147e-03 train_decoder_tail=0.000000e+00
I 07.01/19:29:34 train_mapper.py:622 ] epoch=0230 train_loss=1.287359e-02 train_mse=2.616492e-03 train_cos=0.997983 train_nmse=-23.897dB train_rec=0.000000e+00 train_recT=6.331457e-07 train_fc=1.316373e-03 train_decoder_tail=0.000000e+00
I 07.01/19:30:36 train_mapper.py:622 ] epoch=0231 train_loss=1.283894e-02 train_mse=2.608763e-03 train_cos=0.997988 train_nmse=-23.909dB train_rec=0.000000e+00 train_recT=6.306810e-07 train_fc=1.311843e-03 train_decoder_tail=0.000000e+00
I 07.01/19:31:40 train_mapper.py:622 ] epoch=0232 train_loss=1.283750e-02 train_mse=2.607989e-03 train_cos=0.997989 train_nmse=-23.911dB train_rec=0.000000e+00 train_recT=6.319078e-07 train_fc=1.311901e-03 train_decoder_tail=0.000000e+00
I 07.01/19:32:45 train_mapper.py:622 ] epoch=0233 train_loss=1.285565e-02 train_mse=2.610768e-03 train_cos=0.997985 train_nmse=-23.906dB train_rec=0.000000e+00 train_recT=6.303502e-07 train_fc=1.315817e-03 train_decoder_tail=0.000000e+00
I 07.01/19:33:45 train_mapper.py:622 ] epoch=0234 train_loss=1.278618e-02 train_mse=2.596291e-03 train_cos=0.997998 train_nmse=-23.931dB train_rec=0.000000e+00 train_recT=6.264387e-07 train_fc=1.306639e-03 train_decoder_tail=0.000000e+00
I 07.01/19:34:50 train_mapper.py:622 ] epoch=0235 train_loss=1.272171e-02 train_mse=2.582716e-03 train_cos=0.998008 train_nmse=-23.953dB train_rec=0.000000e+00 train_recT=6.198662e-07 train_fc=1.298752e-03 train_decoder_tail=0.000000e+00
I 07.01/19:35:55 train_mapper.py:622 ] epoch=0236 train_loss=1.275724e-02 train_mse=2.588852e-03 train_cos=0.998003 train_nmse=-23.943dB train_rec=0.000000e+00 train_recT=6.281147e-07 train_fc=1.303254e-03 train_decoder_tail=0.000000e+00
I 07.01/19:36:54 train_mapper.py:622 ] epoch=0237 train_loss=1.270929e-02 train_mse=2.578870e-03 train_cos=0.998012 train_nmse=-23.960dB train_rec=0.000000e+00 train_recT=6.252793e-07 train_fc=1.297961e-03 train_decoder_tail=0.000000e+00
I 07.01/19:37:57 train_mapper.py:622 ] epoch=0238 train_loss=1.264892e-02 train_mse=2.566009e-03 train_cos=0.998022 train_nmse=-23.981dB train_rec=0.000000e+00 train_recT=6.204543e-07 train_fc=1.290636e-03 train_decoder_tail=0.000000e+00
I 07.01/19:38:59 train_mapper.py:622 ] epoch=0239 train_loss=1.268724e-02 train_mse=2.572911e-03 train_cos=0.998016 train_nmse=-23.970dB train_rec=0.000000e+00 train_recT=6.232217e-07 train_fc=1.295949e-03 train_decoder_tail=0.000000e+00
I 07.01/19:40:00 train_mapper.py:622 ] epoch=0240 train_loss=1.259767e-02 train_mse=2.554365e-03 train_cos=0.998030 train_nmse=-24.001dB train_rec=0.000000e+00 train_recT=6.161566e-07 train_fc=1.284918e-03 train_decoder_tail=0.000000e+00
I 07.01/19:41:05 train_mapper.py:622 ] epoch=0241 train_loss=1.262043e-02 train_mse=2.558544e-03 train_cos=0.998027 train_nmse=-23.994dB train_rec=0.000000e+00 train_recT=6.210617e-07 train_fc=1.287781e-03 train_decoder_tail=0.000000e+00
I 07.01/19:42:09 train_mapper.py:622 ] epoch=0242 train_loss=1.257839e-02 train_mse=2.548824e-03 train_cos=0.998034 train_nmse=-24.010dB train_rec=0.000000e+00 train_recT=6.162736e-07 train_fc=1.283187e-03 train_decoder_tail=0.000000e+00
I 07.01/19:43:13 train_mapper.py:622 ] epoch=0243 train_loss=1.257838e-02 train_mse=2.548449e-03 train_cos=0.998033 train_nmse=-24.011dB train_rec=0.000000e+00 train_recT=6.145403e-07 train_fc=1.281256e-03 train_decoder_tail=0.000000e+00
I 07.01/19:44:14 train_mapper.py:622 ] epoch=0244 train_loss=1.253586e-02 train_mse=2.539609e-03 train_cos=0.998041 train_nmse=-24.026dB train_rec=0.000000e+00 train_recT=6.110223e-07 train_fc=1.277710e-03 train_decoder_tail=0.000000e+00
I 07.01/19:45:16 train_mapper.py:622 ] epoch=0245 train_loss=1.247054e-02 train_mse=2.526013e-03 train_cos=0.998052 train_nmse=-24.050dB train_rec=0.000000e+00 train_recT=6.083287e-07 train_fc=1.269751e-03 train_decoder_tail=0.000000e+00
I 07.01/19:46:18 train_mapper.py:622 ] epoch=0246 train_loss=1.246865e-02 train_mse=2.524411e-03 train_cos=0.998052 train_nmse=-24.052dB train_rec=0.000000e+00 train_recT=6.080632e-07 train_fc=1.270311e-03 train_decoder_tail=0.000000e+00
I 07.01/19:47:19 train_mapper.py:622 ] epoch=0247 train_loss=1.246150e-02 train_mse=2.522758e-03 train_cos=0.998054 train_nmse=-24.055dB train_rec=0.000000e+00 train_recT=6.099081e-07 train_fc=1.269956e-03 train_decoder_tail=0.000000e+00
I 07.01/19:48:22 train_mapper.py:622 ] epoch=0248 train_loss=1.242004e-02 train_mse=2.513916e-03 train_cos=0.998061 train_nmse=-24.071dB train_rec=0.000000e+00 train_recT=6.073643e-07 train_fc=1.264736e-03 train_decoder_tail=0.000000e+00
I 07.01/19:49:24 train_mapper.py:622 ] epoch=0249 train_loss=1.238945e-02 train_mse=2.507591e-03 train_cos=0.998067 train_nmse=-24.081dB train_rec=0.000000e+00 train_recT=6.036981e-07 train_fc=1.261520e-03 train_decoder_tail=0.000000e+00
I 07.01/19:50:27 train_mapper.py:622 ] epoch=0250 train_loss=1.242528e-02 train_mse=2.513742e-03 train_cos=0.998060 train_nmse=-24.071dB train_rec=0.000000e+00 train_recT=6.052166e-07 train_fc=1.263993e-03 train_decoder_tail=0.000000e+00
I 07.01/19:51:30 train_mapper.py:622 ] epoch=0251 train_loss=1.234712e-02 train_mse=2.497537e-03 train_cos=0.998073 train_nmse=-24.099dB train_rec=0.000000e+00 train_recT=5.996490e-07 train_fc=1.255835e-03 train_decoder_tail=0.000000e+00
I 07.01/19:52:33 train_mapper.py:622 ] epoch=0252 train_loss=1.231699e-02 train_mse=2.491016e-03 train_cos=0.998078 train_nmse=-24.110dB train_rec=0.000000e+00 train_recT=6.021105e-07 train_fc=1.252391e-03 train_decoder_tail=0.000000e+00
I 07.01/19:53:34 train_mapper.py:622 ] epoch=0253 train_loss=1.232921e-02 train_mse=2.492487e-03 train_cos=0.998075 train_nmse=-24.108dB train_rec=0.000000e+00 train_recT=6.015810e-07 train_fc=1.255493e-03 train_decoder_tail=0.000000e+00
I 07.01/19:54:35 train_mapper.py:622 ] epoch=0254 train_loss=1.230143e-02 train_mse=2.486745e-03 train_cos=0.998083 train_nmse=-24.118dB train_rec=0.000000e+00 train_recT=5.985203e-07 train_fc=1.250542e-03 train_decoder_tail=0.000000e+00
I 07.01/19:55:36 train_mapper.py:622 ] epoch=0255 train_loss=1.227834e-02 train_mse=2.481882e-03 train_cos=0.998087 train_nmse=-24.126dB train_rec=0.000000e+00 train_recT=5.982079e-07 train_fc=1.248730e-03 train_decoder_tail=0.000000e+00
I 07.01/19:56:39 train_mapper.py:622 ] epoch=0256 train_loss=1.225842e-02 train_mse=2.477413e-03 train_cos=0.998089 train_nmse=-24.134dB train_rec=0.000000e+00 train_recT=5.975239e-07 train_fc=1.246485e-03 train_decoder_tail=0.000000e+00
I 07.01/19:57:45 train_mapper.py:622 ] epoch=0257 train_loss=1.220508e-02 train_mse=2.465873e-03 train_cos=0.998098 train_nmse=-24.154dB train_rec=0.000000e+00 train_recT=5.943278e-07 train_fc=1.239943e-03 train_decoder_tail=0.000000e+00
I 07.01/19:58:46 train_mapper.py:622 ] epoch=0258 train_loss=1.222456e-02 train_mse=2.469531e-03 train_cos=0.998096 train_nmse=-24.148dB train_rec=0.000000e+00 train_recT=5.970773e-07 train_fc=1.241587e-03 train_decoder_tail=0.000000e+00
I 07.01/19:59:47 train_mapper.py:622 ] epoch=0259 train_loss=1.223572e-02 train_mse=2.470806e-03 train_cos=0.998093 train_nmse=-24.146dB train_rec=0.000000e+00 train_recT=5.993499e-07 train_fc=1.242795e-03 train_decoder_tail=0.000000e+00
I 07.01/20:00:49 train_mapper.py:622 ] epoch=0260 train_loss=1.217853e-02 train_mse=2.458773e-03 train_cos=0.998103 train_nmse=-24.167dB train_rec=0.000000e+00 train_recT=5.928558e-07 train_fc=1.237196e-03 train_decoder_tail=0.000000e+00
I 07.01/20:01:50 train_mapper.py:622 ] epoch=0261 train_loss=1.206910e-02 train_mse=2.436555e-03 train_cos=0.998120 train_nmse=-24.206dB train_rec=0.000000e+00 train_recT=5.852677e-07 train_fc=1.225302e-03 train_decoder_tail=0.000000e+00
I 07.01/20:02:54 train_mapper.py:622 ] epoch=0262 train_loss=1.211793e-02 train_mse=2.445521e-03 train_cos=0.998112 train_nmse=-24.190dB train_rec=0.000000e+00 train_recT=5.914305e-07 train_fc=1.230550e-03 train_decoder_tail=0.000000e+00
I 07.01/20:03:56 train_mapper.py:622 ] epoch=0263 train_loss=1.211347e-02 train_mse=2.444519e-03 train_cos=0.998114 train_nmse=-24.192dB train_rec=0.000000e+00 train_recT=5.889445e-07 train_fc=1.228934e-03 train_decoder_tail=0.000000e+00
I 07.01/20:04:58 train_mapper.py:622 ] epoch=0264 train_loss=1.199325e-02 train_mse=2.420430e-03 train_cos=0.998133 train_nmse=-24.235dB train_rec=0.000000e+00 train_recT=5.784693e-07 train_fc=1.216006e-03 train_decoder_tail=0.000000e+00
I 07.01/20:06:00 train_mapper.py:622 ] epoch=0265 train_loss=1.203360e-02 train_mse=2.427600e-03 train_cos=0.998128 train_nmse=-24.222dB train_rec=0.000000e+00 train_recT=5.826193e-07 train_fc=1.219691e-03 train_decoder_tail=0.000000e+00
I 07.01/20:07:04 train_mapper.py:622 ] epoch=0266 train_loss=1.208770e-02 train_mse=2.437863e-03 train_cos=0.998119 train_nmse=-24.204dB train_rec=0.000000e+00 train_recT=5.883875e-07 train_fc=1.225471e-03 train_decoder_tail=0.000000e+00
I 07.01/20:08:06 train_mapper.py:622 ] epoch=0267 train_loss=1.198556e-02 train_mse=2.417354e-03 train_cos=0.998137 train_nmse=-24.241dB train_rec=0.000000e+00 train_recT=5.819283e-07 train_fc=1.215322e-03 train_decoder_tail=0.000000e+00
I 07.01/20:09:09 train_mapper.py:622 ] epoch=0268 train_loss=1.202749e-02 train_mse=2.424649e-03 train_cos=0.998128 train_nmse=-24.227dB train_rec=0.000000e+00 train_recT=5.847538e-07 train_fc=1.220697e-03 train_decoder_tail=0.000000e+00
I 07.01/20:10:11 train_mapper.py:622 ] epoch=0269 train_loss=1.197678e-02 train_mse=2.413836e-03 train_cos=0.998137 train_nmse=-24.247dB train_rec=0.000000e+00 train_recT=5.807558e-07 train_fc=1.213550e-03 train_decoder_tail=0.000000e+00
I 07.01/20:11:15 train_mapper.py:622 ] epoch=0270 train_loss=1.194214e-02 train_mse=2.406829e-03 train_cos=0.998143 train_nmse=-24.259dB train_rec=0.000000e+00 train_recT=5.798517e-07 train_fc=1.209322e-03 train_decoder_tail=0.000000e+00
I 07.01/20:12:18 train_mapper.py:622 ] epoch=0271 train_loss=1.193668e-02 train_mse=2.405229e-03 train_cos=0.998144 train_nmse=-24.262dB train_rec=0.000000e+00 train_recT=5.789792e-07 train_fc=1.208589e-03 train_decoder_tail=0.000000e+00
I 07.01/20:13:23 train_mapper.py:622 ] epoch=0272 train_loss=1.189546e-02 train_mse=2.396783e-03 train_cos=0.998150 train_nmse=-24.278dB train_rec=0.000000e+00 train_recT=5.761662e-07 train_fc=1.205269e-03 train_decoder_tail=0.000000e+00
I 07.01/20:14:27 train_mapper.py:622 ] epoch=0273 train_loss=1.186154e-02 train_mse=2.389295e-03 train_cos=0.998157 train_nmse=-24.291dB train_rec=0.000000e+00 train_recT=5.735955e-07 train_fc=1.201850e-03 train_decoder_tail=0.000000e+00
I 07.01/20:15:30 train_mapper.py:622 ] epoch=0274 train_loss=1.181606e-02 train_mse=2.380247e-03 train_cos=0.998164 train_nmse=-24.308dB train_rec=0.000000e+00 train_recT=5.706493e-07 train_fc=1.195549e-03 train_decoder_tail=0.000000e+00
I 07.01/20:16:32 train_mapper.py:622 ] epoch=0275 train_loss=1.188612e-02 train_mse=2.393201e-03 train_cos=0.998152 train_nmse=-24.284dB train_rec=0.000000e+00 train_recT=5.770091e-07 train_fc=1.203064e-03 train_decoder_tail=0.000000e+00
I 07.01/20:17:34 train_mapper.py:622 ] epoch=0276 train_loss=1.185851e-02 train_mse=2.387510e-03 train_cos=0.998157 train_nmse=-24.294dB train_rec=0.000000e+00 train_recT=5.752362e-07 train_fc=1.200517e-03 train_decoder_tail=0.000000e+00
I 07.01/20:18:35 train_mapper.py:622 ] epoch=0277 train_loss=1.179496e-02 train_mse=2.374724e-03 train_cos=0.998168 train_nmse=-24.318dB train_rec=0.000000e+00 train_recT=5.706270e-07 train_fc=1.194303e-03 train_decoder_tail=0.000000e+00
I 07.01/20:19:39 train_mapper.py:622 ] epoch=0278 train_loss=1.177677e-02 train_mse=2.370397e-03 train_cos=0.998171 train_nmse=-24.326dB train_rec=0.000000e+00 train_recT=5.695597e-07 train_fc=1.192261e-03 train_decoder_tail=0.000000e+00
I 07.01/20:20:44 train_mapper.py:622 ] epoch=0279 train_loss=1.180375e-02 train_mse=2.374915e-03 train_cos=0.998167 train_nmse=-24.317dB train_rec=0.000000e+00 train_recT=5.701983e-07 train_fc=1.195108e-03 train_decoder_tail=0.000000e+00
I 07.01/20:21:46 train_mapper.py:622 ] epoch=0280 train_loss=1.172920e-02 train_mse=2.359772e-03 train_cos=0.998179 train_nmse=-24.345dB train_rec=0.000000e+00 train_recT=5.673208e-07 train_fc=1.185742e-03 train_decoder_tail=0.000000e+00
I 07.01/20:22:52 train_mapper.py:622 ] epoch=0281 train_loss=1.171251e-02 train_mse=2.356392e-03 train_cos=0.998182 train_nmse=-24.352dB train_rec=0.000000e+00 train_recT=5.655716e-07 train_fc=1.184741e-03 train_decoder_tail=0.000000e+00
I 07.01/20:23:56 train_mapper.py:622 ] epoch=0282 train_loss=1.170698e-02 train_mse=2.355034e-03 train_cos=0.998184 train_nmse=-24.354dB train_rec=0.000000e+00 train_recT=5.663721e-07 train_fc=1.185116e-03 train_decoder_tail=0.000000e+00
I 07.01/20:24:59 train_mapper.py:622 ] epoch=0283 train_loss=1.171729e-02 train_mse=2.355975e-03 train_cos=0.998181 train_nmse=-24.352dB train_rec=0.000000e+00 train_recT=5.654620e-07 train_fc=1.183910e-03 train_decoder_tail=0.000000e+00
I 07.01/20:26:00 train_mapper.py:622 ] epoch=0284 train_loss=1.170468e-02 train_mse=2.353560e-03 train_cos=0.998184 train_nmse=-24.357dB train_rec=0.000000e+00 train_recT=5.648658e-07 train_fc=1.184033e-03 train_decoder_tail=0.000000e+00
I 07.01/20:27:07 train_mapper.py:622 ] epoch=0285 train_loss=1.163797e-02 train_mse=2.339746e-03 train_cos=0.998194 train_nmse=-24.382dB train_rec=0.000000e+00 train_recT=5.599868e-07 train_fc=1.176066e-03 train_decoder_tail=0.000000e+00
I 07.01/20:28:12 train_mapper.py:622 ] epoch=0286 train_loss=1.161387e-02 train_mse=2.334730e-03 train_cos=0.998198 train_nmse=-24.391dB train_rec=0.000000e+00 train_recT=5.625421e-07 train_fc=1.173517e-03 train_decoder_tail=0.000000e+00
I 07.01/20:29:16 train_mapper.py:622 ] epoch=0287 train_loss=1.162370e-02 train_mse=2.335811e-03 train_cos=0.998197 train_nmse=-24.390dB train_rec=0.000000e+00 train_recT=5.610368e-07 train_fc=1.174765e-03 train_decoder_tail=0.000000e+00
I 07.01/20:30:18 train_mapper.py:622 ] epoch=0288 train_loss=1.161887e-02 train_mse=2.334942e-03 train_cos=0.998198 train_nmse=-24.391dB train_rec=0.000000e+00 train_recT=5.603821e-07 train_fc=1.173809e-03 train_decoder_tail=0.000000e+00
I 07.01/20:31:21 train_mapper.py:622 ] epoch=0289 train_loss=1.159504e-02 train_mse=2.329771e-03 train_cos=0.998203 train_nmse=-24.401dB train_rec=0.000000e+00 train_recT=5.583695e-07 train_fc=1.170558e-03 train_decoder_tail=0.000000e+00
I 07.01/20:32:23 train_mapper.py:622 ] epoch=0290 train_loss=1.159633e-02 train_mse=2.329586e-03 train_cos=0.998202 train_nmse=-24.401dB train_rec=0.000000e+00 train_recT=5.622121e-07 train_fc=1.171976e-03 train_decoder_tail=0.000000e+00
I 07.01/20:33:25 train_mapper.py:622 ] epoch=0291 train_loss=1.151115e-02 train_mse=2.312283e-03 train_cos=0.998217 train_nmse=-24.433dB train_rec=0.000000e+00 train_recT=5.556724e-07 train_fc=1.162722e-03 train_decoder_tail=0.000000e+00
I 07.01/20:34:30 train_mapper.py:622 ] epoch=0292 train_loss=1.149507e-02 train_mse=2.308594e-03 train_cos=0.998218 train_nmse=-24.440dB train_rec=0.000000e+00 train_recT=5.526811e-07 train_fc=1.160438e-03 train_decoder_tail=0.000000e+00
I 07.01/20:35:33 train_mapper.py:622 ] epoch=0293 train_loss=1.150423e-02 train_mse=2.309968e-03 train_cos=0.998217 train_nmse=-24.438dB train_rec=0.000000e+00 train_recT=5.534557e-07 train_fc=1.160978e-03 train_decoder_tail=0.000000e+00
I 07.01/20:36:34 train_mapper.py:622 ] epoch=0294 train_loss=1.143141e-02 train_mse=2.295729e-03 train_cos=0.998230 train_nmse=-24.465dB train_rec=0.000000e+00 train_recT=5.486186e-07 train_fc=1.152701e-03 train_decoder_tail=0.000000e+00
I 07.01/20:37:40 train_mapper.py:622 ] epoch=0295 train_loss=1.148947e-02 train_mse=2.306266e-03 train_cos=0.998220 train_nmse=-24.445dB train_rec=0.000000e+00 train_recT=5.513381e-07 train_fc=1.159659e-03 train_decoder_tail=0.000000e+00
I 07.01/20:38:41 train_mapper.py:622 ] epoch=0296 train_loss=1.144792e-02 train_mse=2.297379e-03 train_cos=0.998227 train_nmse=-24.462dB train_rec=0.000000e+00 train_recT=5.505771e-07 train_fc=1.155378e-03 train_decoder_tail=0.000000e+00
I 07.01/20:39:42 train_mapper.py:622 ] epoch=0297 train_loss=1.142953e-02 train_mse=2.293708e-03 train_cos=0.998230 train_nmse=-24.469dB train_rec=0.000000e+00 train_recT=5.499016e-07 train_fc=1.152638e-03 train_decoder_tail=0.000000e+00
I 07.01/20:40:44 train_mapper.py:622 ] epoch=0298 train_loss=1.141787e-02 train_mse=2.290758e-03 train_cos=0.998232 train_nmse=-24.474dB train_rec=0.000000e+00 train_recT=5.495402e-07 train_fc=1.152584e-03 train_decoder_tail=0.000000e+00
I 07.01/20:41:49 train_mapper.py:622 ] epoch=0299 train_loss=1.137993e-02 train_mse=2.283120e-03 train_cos=0.998238 train_nmse=-24.489dB train_rec=0.000000e+00 train_recT=5.498498e-07 train_fc=1.148773e-03 train_decoder_tail=0.000000e+00
I 07.01/20:42:55 train_mapper.py:622 ] epoch=0300 train_loss=1.139111e-02 train_mse=2.284959e-03 train_cos=0.998236 train_nmse=-24.485dB train_rec=0.000000e+00 train_recT=5.467975e-07 train_fc=1.148303e-03 train_decoder_tail=0.000000e+00
I 07.01/20:43:56 train_mapper.py:622 ] epoch=0301 train_loss=1.134593e-02 train_mse=2.275613e-03 train_cos=0.998244 train_nmse=-24.503dB train_rec=0.000000e+00 train_recT=5.431388e-07 train_fc=1.143479e-03 train_decoder_tail=0.000000e+00
I 07.01/20:44:59 train_mapper.py:622 ] epoch=0302 train_loss=1.135867e-02 train_mse=2.277873e-03 train_cos=0.998242 train_nmse=-24.498dB train_rec=0.000000e+00 train_recT=5.476137e-07 train_fc=1.145779e-03 train_decoder_tail=0.000000e+00
I 07.01/20:46:00 train_mapper.py:622 ] epoch=0303 train_loss=1.137253e-02 train_mse=2.279836e-03 train_cos=0.998240 train_nmse=-24.495dB train_rec=0.000000e+00 train_recT=5.470668e-07 train_fc=1.146048e-03 train_decoder_tail=0.000000e+00
I 07.01/20:47:05 train_mapper.py:622 ] epoch=0304 train_loss=1.129729e-02 train_mse=2.264973e-03 train_cos=0.998252 train_nmse=-24.523dB train_rec=0.000000e+00 train_recT=5.416022e-07 train_fc=1.138276e-03 train_decoder_tail=0.000000e+00
I 07.01/20:48:11 train_mapper.py:622 ] epoch=0305 train_loss=1.129656e-02 train_mse=2.264183e-03 train_cos=0.998252 train_nmse=-24.525dB train_rec=0.000000e+00 train_recT=5.398365e-07 train_fc=1.137507e-03 train_decoder_tail=0.000000e+00
I 07.01/20:49:14 train_mapper.py:622 ] epoch=0306 train_loss=1.128174e-02 train_mse=2.261007e-03 train_cos=0.998255 train_nmse=-24.531dB train_rec=0.000000e+00 train_recT=5.417517e-07 train_fc=1.134789e-03 train_decoder_tail=0.000000e+00
I 07.01/20:50:19 train_mapper.py:622 ] epoch=0307 train_loss=1.129948e-02 train_mse=2.264383e-03 train_cos=0.998252 train_nmse=-24.525dB train_rec=0.000000e+00 train_recT=5.447255e-07 train_fc=1.137768e-03 train_decoder_tail=0.000000e+00
I 07.01/20:51:20 train_mapper.py:622 ] epoch=0308 train_loss=1.124120e-02 train_mse=2.252309e-03 train_cos=0.998262 train_nmse=-24.548dB train_rec=0.000000e+00 train_recT=5.414967e-07 train_fc=1.132231e-03 train_decoder_tail=0.000000e+00
I 07.01/20:52:23 train_mapper.py:622 ] epoch=0309 train_loss=1.119003e-02 train_mse=2.242031e-03 train_cos=0.998270 train_nmse=-24.568dB train_rec=0.000000e+00 train_recT=5.344483e-07 train_fc=1.125710e-03 train_decoder_tail=0.000000e+00
I 07.01/20:53:24 train_mapper.py:622 ] epoch=0310 train_loss=1.122662e-02 train_mse=2.248501e-03 train_cos=0.998263 train_nmse=-24.555dB train_rec=0.000000e+00 train_recT=5.378296e-07 train_fc=1.130195e-03 train_decoder_tail=0.000000e+00
I 07.01/20:54:25 train_mapper.py:622 ] epoch=0311 train_loss=1.115898e-02 train_mse=2.235098e-03 train_cos=0.998275 train_nmse=-24.581dB train_rec=0.000000e+00 train_recT=5.344443e-07 train_fc=1.122862e-03 train_decoder_tail=0.000000e+00
I 07.01/20:55:30 train_mapper.py:622 ] epoch=0312 train_loss=1.113669e-02 train_mse=2.230557e-03 train_cos=0.998278 train_nmse=-24.590dB train_rec=0.000000e+00 train_recT=5.291505e-07 train_fc=1.120007e-03 train_decoder_tail=0.000000e+00
I 07.01/20:56:35 train_mapper.py:622 ] epoch=0313 train_loss=1.117818e-02 train_mse=2.238013e-03 train_cos=0.998271 train_nmse=-24.575dB train_rec=0.000000e+00 train_recT=5.366998e-07 train_fc=1.125409e-03 train_decoder_tail=0.000000e+00
I 07.01/20:57:35 train_mapper.py:622 ] epoch=0314 train_loss=1.119114e-02 train_mse=2.239991e-03 train_cos=0.998270 train_nmse=-24.572dB train_rec=0.000000e+00 train_recT=5.346344e-07 train_fc=1.126156e-03 train_decoder_tail=0.000000e+00
I 07.01/20:58:37 train_mapper.py:622 ] epoch=0315 train_loss=1.110394e-02 train_mse=2.223050e-03 train_cos=0.998284 train_nmse=-24.605dB train_rec=0.000000e+00 train_recT=5.306490e-07 train_fc=1.116387e-03 train_decoder_tail=0.000000e+00
I 07.01/20:59:42 train_mapper.py:622 ] epoch=0316 train_loss=1.109575e-02 train_mse=2.220902e-03 train_cos=0.998286 train_nmse=-24.609dB train_rec=0.000000e+00 train_recT=5.301728e-07 train_fc=1.114931e-03 train_decoder_tail=0.000000e+00
I 07.01/21:00:47 train_mapper.py:622 ] epoch=0317 train_loss=1.111616e-02 train_mse=2.224717e-03 train_cos=0.998283 train_nmse=-24.601dB train_rec=0.000000e+00 train_recT=5.327405e-07 train_fc=1.118048e-03 train_decoder_tail=0.000000e+00
I 07.01/21:01:49 train_mapper.py:622 ] epoch=0318 train_loss=1.104502e-02 train_mse=2.210499e-03 train_cos=0.998294 train_nmse=-24.629dB train_rec=0.000000e+00 train_recT=5.267067e-07 train_fc=1.110318e-03 train_decoder_tail=0.000000e+00
I 07.01/21:02:53 train_mapper.py:622 ] epoch=0319 train_loss=1.111257e-02 train_mse=2.222811e-03 train_cos=0.998283 train_nmse=-24.605dB train_rec=0.000000e+00 train_recT=5.333062e-07 train_fc=1.118173e-03 train_decoder_tail=0.000000e+00
I 07.01/21:03:55 train_mapper.py:622 ] epoch=0320 train_loss=1.106600e-02 train_mse=2.213905e-03 train_cos=0.998292 train_nmse=-24.623dB train_rec=0.000000e+00 train_recT=5.302144e-07 train_fc=1.112026e-03 train_decoder_tail=0.000000e+00
I 07.01/21:04:56 train_mapper.py:622 ] epoch=0321 train_loss=1.107529e-02 train_mse=2.215108e-03 train_cos=0.998291 train_nmse=-24.620dB train_rec=0.000000e+00 train_recT=5.321229e-07 train_fc=1.113792e-03 train_decoder_tail=0.000000e+00
I 07.01/21:05:59 train_mapper.py:622 ] epoch=0322 train_loss=1.101005e-02 train_mse=2.201754e-03 train_cos=0.998300 train_nmse=-24.646dB train_rec=0.000000e+00 train_recT=5.253687e-07 train_fc=1.106410e-03 train_decoder_tail=0.000000e+00
I 07.01/21:07:06 train_mapper.py:622 ] epoch=0323 train_loss=1.102293e-02 train_mse=2.203821e-03 train_cos=0.998297 train_nmse=-24.642dB train_rec=0.000000e+00 train_recT=5.261583e-07 train_fc=1.107322e-03 train_decoder_tail=0.000000e+00
I 07.01/21:08:06 train_mapper.py:622 ] epoch=0324 train_loss=1.098683e-02 train_mse=2.196455e-03 train_cos=0.998304 train_nmse=-24.657dB train_rec=0.000000e+00 train_recT=5.251454e-07 train_fc=1.104032e-03 train_decoder_tail=0.000000e+00
I 07.01/21:09:10 train_mapper.py:622 ] epoch=0325 train_loss=1.094269e-02 train_mse=2.187836e-03 train_cos=0.998312 train_nmse=-24.674dB train_rec=0.000000e+00 train_recT=5.217228e-07 train_fc=1.098721e-03 train_decoder_tail=0.000000e+00
I 07.01/21:10:15 train_mapper.py:622 ] epoch=0326 train_loss=1.092803e-02 train_mse=2.184742e-03 train_cos=0.998313 train_nmse=-24.680dB train_rec=0.000000e+00 train_recT=5.209294e-07 train_fc=1.097850e-03 train_decoder_tail=0.000000e+00
I 07.01/21:11:17 train_mapper.py:622 ] epoch=0327 train_loss=1.093817e-02 train_mse=2.186256e-03 train_cos=0.998312 train_nmse=-24.677dB train_rec=0.000000e+00 train_recT=5.219937e-07 train_fc=1.098511e-03 train_decoder_tail=0.000000e+00
I 07.01/21:12:19 train_mapper.py:622 ] epoch=0328 train_loss=1.089282e-02 train_mse=2.177611e-03 train_cos=0.998320 train_nmse=-24.694dB train_rec=0.000000e+00 train_recT=5.195553e-07 train_fc=1.093430e-03 train_decoder_tail=0.000000e+00
I 07.01/21:13:21 train_mapper.py:622 ] epoch=0329 train_loss=1.095450e-02 train_mse=2.188336e-03 train_cos=0.998309 train_nmse=-24.673dB train_rec=0.000000e+00 train_recT=5.234841e-07 train_fc=1.100230e-03 train_decoder_tail=0.000000e+00
I 07.01/21:14:23 train_mapper.py:622 ] epoch=0330 train_loss=1.089013e-02 train_mse=2.176000e-03 train_cos=0.998319 train_nmse=-24.697dB train_rec=0.000000e+00 train_recT=5.172965e-07 train_fc=1.093606e-03 train_decoder_tail=0.000000e+00
I 07.01/21:15:29 train_mapper.py:622 ] epoch=0331 train_loss=1.083050e-02 train_mse=2.163949e-03 train_cos=0.998330 train_nmse=-24.721dB train_rec=0.000000e+00 train_recT=5.141178e-07 train_fc=1.086600e-03 train_decoder_tail=0.000000e+00
I 07.01/21:16:39 train_mapper.py:622 ] epoch=0332 train_loss=1.086674e-02 train_mse=2.170771e-03 train_cos=0.998324 train_nmse=-24.708dB train_rec=0.000000e+00 train_recT=5.167692e-07 train_fc=1.090528e-03 train_decoder_tail=0.000000e+00
I 07.01/21:17:44 train_mapper.py:622 ] epoch=0333 train_loss=1.084766e-02 train_mse=2.166699e-03 train_cos=0.998328 train_nmse=-24.716dB train_rec=0.000000e+00 train_recT=5.178016e-07 train_fc=1.088524e-03 train_decoder_tail=0.000000e+00
I 07.01/21:18:46 train_mapper.py:622 ] epoch=0334 train_loss=1.087658e-02 train_mse=2.171815e-03 train_cos=0.998323 train_nmse=-24.706dB train_rec=0.000000e+00 train_recT=5.208545e-07 train_fc=1.091222e-03 train_decoder_tail=0.000000e+00
I 07.01/21:19:51 train_mapper.py:622 ] epoch=0335 train_loss=1.080992e-02 train_mse=2.158834e-03 train_cos=0.998334 train_nmse=-24.732dB train_rec=0.000000e+00 train_recT=5.152133e-07 train_fc=1.084355e-03 train_decoder_tail=0.000000e+00
I 07.01/21:20:57 train_mapper.py:622 ] epoch=0336 train_loss=1.081518e-02 train_mse=2.159599e-03 train_cos=0.998333 train_nmse=-24.731dB train_rec=0.000000e+00 train_recT=5.165184e-07 train_fc=1.084276e-03 train_decoder_tail=0.000000e+00
I 07.01/21:21:58 train_mapper.py:622 ] epoch=0337 train_loss=1.079775e-02 train_mse=2.155434e-03 train_cos=0.998336 train_nmse=-24.739dB train_rec=0.000000e+00 train_recT=5.146558e-07 train_fc=1.082757e-03 train_decoder_tail=0.000000e+00
I 07.01/21:22:59 train_mapper.py:622 ] epoch=0338 train_loss=1.077070e-02 train_mse=2.149924e-03 train_cos=0.998339 train_nmse=-24.750dB train_rec=0.000000e+00 train_recT=5.104185e-07 train_fc=1.079512e-03 train_decoder_tail=0.000000e+00
I 07.01/21:24:07 train_mapper.py:622 ] epoch=0339 train_loss=1.074628e-02 train_mse=2.145094e-03 train_cos=0.998344 train_nmse=-24.760dB train_rec=0.000000e+00 train_recT=5.103264e-07 train_fc=1.076832e-03 train_decoder_tail=0.000000e+00
I 07.01/21:25:11 train_mapper.py:622 ] epoch=0340 train_loss=1.071479e-02 train_mse=2.139123e-03 train_cos=0.998349 train_nmse=-24.772dB train_rec=0.000000e+00 train_recT=5.093099e-07 train_fc=1.074374e-03 train_decoder_tail=0.000000e+00
I 07.01/21:26:17 train_mapper.py:622 ] epoch=0341 train_loss=1.075907e-02 train_mse=2.146645e-03 train_cos=0.998342 train_nmse=-24.756dB train_rec=0.000000e+00 train_recT=5.125140e-07 train_fc=1.078790e-03 train_decoder_tail=0.000000e+00
I 07.01/21:27:19 train_mapper.py:622 ] epoch=0342 train_loss=1.071961e-02 train_mse=2.139222e-03 train_cos=0.998349 train_nmse=-24.771dB train_rec=0.000000e+00 train_recT=5.096919e-07 train_fc=1.074430e-03 train_decoder_tail=0.000000e+00
I 07.01/21:28:23 train_mapper.py:622 ] epoch=0343 train_loss=1.071926e-02 train_mse=2.138215e-03 train_cos=0.998348 train_nmse=-24.773dB train_rec=0.000000e+00 train_recT=5.085144e-07 train_fc=1.073625e-03 train_decoder_tail=0.000000e+00
I 07.01/21:29:27 train_mapper.py:622 ] epoch=0344 train_loss=1.068562e-02 train_mse=2.131719e-03 train_cos=0.998354 train_nmse=-24.787dB train_rec=0.000000e+00 train_recT=5.052037e-07 train_fc=1.071036e-03 train_decoder_tail=0.000000e+00
I 07.01/21:30:31 train_mapper.py:622 ] epoch=0345 train_loss=1.069273e-02 train_mse=2.132432e-03 train_cos=0.998353 train_nmse=-24.785dB train_rec=0.000000e+00 train_recT=5.078938e-07 train_fc=1.071015e-03 train_decoder_tail=0.000000e+00
I 07.01/21:31:34 train_mapper.py:622 ] epoch=0346 train_loss=1.067035e-02 train_mse=2.128131e-03 train_cos=0.998358 train_nmse=-24.794dB train_rec=0.000000e+00 train_recT=5.082241e-07 train_fc=1.069534e-03 train_decoder_tail=0.000000e+00
I 07.01/21:32:37 train_mapper.py:622 ] epoch=0347 train_loss=1.066868e-02 train_mse=2.127409e-03 train_cos=0.998358 train_nmse=-24.795dB train_rec=0.000000e+00 train_recT=5.073005e-07 train_fc=1.068680e-03 train_decoder_tail=0.000000e+00
I 07.01/21:33:43 train_mapper.py:622 ] epoch=0348 train_loss=1.060978e-02 train_mse=2.115802e-03 train_cos=0.998367 train_nmse=-24.819dB train_rec=0.000000e+00 train_recT=5.042224e-07 train_fc=1.063209e-03 train_decoder_tail=0.000000e+00
I 07.01/21:34:47 train_mapper.py:622 ] epoch=0349 train_loss=1.063780e-02 train_mse=2.120439e-03 train_cos=0.998362 train_nmse=-24.810dB train_rec=0.000000e+00 train_recT=5.059388e-07 train_fc=1.065064e-03 train_decoder_tail=0.000000e+00
I 07.01/21:35:50 train_mapper.py:622 ] epoch=0350 train_loss=1.061450e-02 train_mse=2.116157e-03 train_cos=0.998366 train_nmse=-24.818dB train_rec=0.000000e+00 train_recT=5.040015e-07 train_fc=1.062365e-03 train_decoder_tail=0.000000e+00
I 07.01/21:36:57 train_mapper.py:622 ] epoch=0351 train_loss=1.055103e-02 train_mse=2.103546e-03 train_cos=0.998376 train_nmse=-24.845dB train_rec=0.000000e+00 train_recT=4.994485e-07 train_fc=1.055943e-03 train_decoder_tail=0.000000e+00
I 07.01/21:38:03 train_mapper.py:622 ] epoch=0352 train_loss=1.059985e-02 train_mse=2.112566e-03 train_cos=0.998368 train_nmse=-24.826dB train_rec=0.000000e+00 train_recT=5.032995e-07 train_fc=1.060710e-03 train_decoder_tail=0.000000e+00
I 07.01/21:39:07 train_mapper.py:622 ] epoch=0353 train_loss=1.056610e-02 train_mse=2.105781e-03 train_cos=0.998374 train_nmse=-24.840dB train_rec=0.000000e+00 train_recT=5.023332e-07 train_fc=1.057784e-03 train_decoder_tail=0.000000e+00
I 07.01/21:40:10 train_mapper.py:622 ] epoch=0354 train_loss=1.055952e-02 train_mse=2.104021e-03 train_cos=0.998374 train_nmse=-24.843dB train_rec=0.000000e+00 train_recT=4.979340e-07 train_fc=1.057328e-03 train_decoder_tail=0.000000e+00
I 07.01/21:41:14 train_mapper.py:622 ] epoch=0355 train_loss=1.050673e-02 train_mse=2.093533e-03 train_cos=0.998384 train_nmse=-24.865dB train_rec=0.000000e+00 train_recT=4.954762e-07 train_fc=1.050966e-03 train_decoder_tail=0.000000e+00
I 07.01/21:42:24 train_mapper.py:622 ] epoch=0356 train_loss=1.051019e-02 train_mse=2.094070e-03 train_cos=0.998383 train_nmse=-24.864dB train_rec=0.000000e+00 train_recT=4.998331e-07 train_fc=1.051794e-03 train_decoder_tail=0.000000e+00
I 07.01/21:43:46 train_mapper.py:622 ] epoch=0357 train_loss=1.053371e-02 train_mse=2.098021e-03 train_cos=0.998380 train_nmse=-24.856dB train_rec=0.000000e+00 train_recT=4.999810e-07 train_fc=1.053608e-03 train_decoder_tail=0.000000e+00
I 07.01/21:45:05 train_mapper.py:622 ] epoch=0358 train_loss=1.047732e-02 train_mse=2.087367e-03 train_cos=0.998390 train_nmse=-24.878dB train_rec=0.000000e+00 train_recT=4.980446e-07 train_fc=1.048761e-03 train_decoder_tail=0.000000e+00
I 07.01/21:46:16 train_mapper.py:622 ] epoch=0359 train_loss=1.049535e-02 train_mse=2.090263e-03 train_cos=0.998386 train_nmse=-24.872dB train_rec=0.000000e+00 train_recT=4.993839e-07 train_fc=1.050456e-03 train_decoder_tail=0.000000e+00
I 07.01/21:47:27 train_mapper.py:622 ] epoch=0360 train_loss=1.047564e-02 train_mse=2.086142e-03 train_cos=0.998388 train_nmse=-24.881dB train_rec=0.000000e+00 train_recT=4.958107e-07 train_fc=1.047988e-03 train_decoder_tail=0.000000e+00
I 07.01/21:48:29 train_mapper.py:622 ] epoch=0361 train_loss=1.045798e-02 train_mse=2.082456e-03 train_cos=0.998392 train_nmse=-24.888dB train_rec=0.000000e+00 train_recT=4.952291e-07 train_fc=1.045804e-03 train_decoder_tail=0.000000e+00
I 07.01/21:49:36 train_mapper.py:622 ] epoch=0362 train_loss=1.042050e-02 train_mse=2.075031e-03 train_cos=0.998398 train_nmse=-24.904dB train_rec=0.000000e+00 train_recT=4.947710e-07 train_fc=1.041218e-03 train_decoder_tail=0.000000e+00
I 07.01/21:50:44 train_mapper.py:622 ] epoch=0363 train_loss=1.043742e-02 train_mse=2.077864e-03 train_cos=0.998395 train_nmse=-24.898dB train_rec=0.000000e+00 train_recT=4.929716e-07 train_fc=1.043039e-03 train_decoder_tail=0.000000e+00
I 07.01/21:51:59 train_mapper.py:622 ] epoch=0364 train_loss=1.040529e-02 train_mse=2.071660e-03 train_cos=0.998400 train_nmse=-24.911dB train_rec=0.000000e+00 train_recT=4.911512e-07 train_fc=1.041112e-03 train_decoder_tail=0.000000e+00
I 07.01/21:53:18 train_mapper.py:622 ] epoch=0365 train_loss=1.043048e-02 train_mse=2.075656e-03 train_cos=0.998396 train_nmse=-24.902dB train_rec=0.000000e+00 train_recT=4.941279e-07 train_fc=1.042644e-03 train_decoder_tail=0.000000e+00
I 07.01/21:54:31 train_mapper.py:622 ] epoch=0366 train_loss=1.038331e-02 train_mse=2.066729e-03 train_cos=0.998403 train_nmse=-24.921dB train_rec=0.000000e+00 train_recT=4.892872e-07 train_fc=1.037707e-03 train_decoder_tail=0.000000e+00
I 07.01/21:55:52 train_mapper.py:622 ] epoch=0367 train_loss=1.035829e-02 train_mse=2.061736e-03 train_cos=0.998409 train_nmse=-24.932dB train_rec=0.000000e+00 train_recT=4.901223e-07 train_fc=1.035289e-03 train_decoder_tail=0.000000e+00
I 07.01/21:57:23 train_mapper.py:622 ] epoch=0368 train_loss=1.036080e-02 train_mse=2.061827e-03 train_cos=0.998408 train_nmse=-24.931dB train_rec=0.000000e+00 train_recT=4.888442e-07 train_fc=1.034803e-03 train_decoder_tail=0.000000e+00
I 07.01/21:58:51 train_mapper.py:622 ] epoch=0369 train_loss=1.033595e-02 train_mse=2.056968e-03 train_cos=0.998412 train_nmse=-24.942dB train_rec=0.000000e+00 train_recT=4.875165e-07 train_fc=1.032176e-03 train_decoder_tail=0.000000e+00
I 07.01/22:00:24 train_mapper.py:622 ] epoch=0370 train_loss=1.037038e-02 train_mse=2.062619e-03 train_cos=0.998407 train_nmse=-24.930dB train_rec=0.000000e+00 train_recT=4.920795e-07 train_fc=1.036096e-03 train_decoder_tail=0.000000e+00
I 07.01/22:01:56 train_mapper.py:622 ] epoch=0371 train_loss=1.033160e-02 train_mse=2.055087e-03 train_cos=0.998412 train_nmse=-24.946dB train_rec=0.000000e+00 train_recT=4.900983e-07 train_fc=1.032298e-03 train_decoder_tail=0.000000e+00
I 07.01/22:03:29 train_mapper.py:622 ] epoch=0372 train_loss=1.029434e-02 train_mse=2.047863e-03 train_cos=0.998418 train_nmse=-24.961dB train_rec=0.000000e+00 train_recT=4.840583e-07 train_fc=1.027243e-03 train_decoder_tail=0.000000e+00
I 07.01/22:04:58 train_mapper.py:622 ] epoch=0373 train_loss=1.029662e-02 train_mse=2.047892e-03 train_cos=0.998418 train_nmse=-24.961dB train_rec=0.000000e+00 train_recT=4.848414e-07 train_fc=1.027621e-03 train_decoder_tail=0.000000e+00
I 07.01/22:06:24 train_mapper.py:622 ] epoch=0374 train_loss=1.025931e-02 train_mse=2.040669e-03 train_cos=0.998425 train_nmse=-24.976dB train_rec=0.000000e+00 train_recT=4.840328e-07 train_fc=1.023728e-03 train_decoder_tail=0.000000e+00
I 07.01/22:07:52 train_mapper.py:622 ] epoch=0375 train_loss=1.028458e-02 train_mse=2.045277e-03 train_cos=0.998421 train_nmse=-24.967dB train_rec=0.000000e+00 train_recT=4.862492e-07 train_fc=1.026961e-03 train_decoder_tail=0.000000e+00
I 07.01/22:09:15 train_mapper.py:622 ] epoch=0376 train_loss=1.031374e-02 train_mse=2.050429e-03 train_cos=0.998416 train_nmse=-24.956dB train_rec=0.000000e+00 train_recT=4.893140e-07 train_fc=1.029820e-03 train_decoder_tail=0.000000e+00
I 07.01/22:10:37 train_mapper.py:622 ] epoch=0377 train_loss=1.027643e-02 train_mse=2.043176e-03 train_cos=0.998423 train_nmse=-24.971dB train_rec=0.000000e+00 train_recT=4.857145e-07 train_fc=1.026600e-03 train_decoder_tail=0.000000e+00
I 07.01/22:12:01 train_mapper.py:622 ] epoch=0378 train_loss=1.023741e-02 train_mse=2.035235e-03 train_cos=0.998429 train_nmse=-24.988dB train_rec=0.000000e+00 train_recT=4.831807e-07 train_fc=1.022147e-03 train_decoder_tail=0.000000e+00
I 07.01/22:13:26 train_mapper.py:622 ] epoch=0379 train_loss=1.027059e-02 train_mse=2.041299e-03 train_cos=0.998423 train_nmse=-24.975dB train_rec=0.000000e+00 train_recT=4.860764e-07 train_fc=1.025114e-03 train_decoder_tail=0.000000e+00
I 07.01/22:14:50 train_mapper.py:622 ] epoch=0380 train_loss=1.020727e-02 train_mse=2.029054e-03 train_cos=0.998433 train_nmse=-25.001dB train_rec=0.000000e+00 train_recT=4.803489e-07 train_fc=1.018944e-03 train_decoder_tail=0.000000e+00
I 07.01/22:16:12 train_mapper.py:622 ] epoch=0381 train_loss=1.021795e-02 train_mse=2.030453e-03 train_cos=0.998431 train_nmse=-24.998dB train_rec=0.000000e+00 train_recT=4.802222e-07 train_fc=1.018041e-03 train_decoder_tail=0.000000e+00
I 07.01/22:17:31 train_mapper.py:622 ] epoch=0382 train_loss=1.016184e-02 train_mse=2.019883e-03 train_cos=0.998441 train_nmse=-25.021dB train_rec=0.000000e+00 train_recT=4.775930e-07 train_fc=1.013121e-03 train_decoder_tail=0.000000e+00
I 07.01/22:18:41 train_mapper.py:622 ] epoch=0383 train_loss=1.015935e-02 train_mse=2.018818e-03 train_cos=0.998441 train_nmse=-25.023dB train_rec=0.000000e+00 train_recT=4.780418e-07 train_fc=1.012978e-03 train_decoder_tail=0.000000e+00
I 07.01/22:19:56 train_mapper.py:622 ] epoch=0384 train_loss=1.020654e-02 train_mse=2.027616e-03 train_cos=0.998434 train_nmse=-25.004dB train_rec=0.000000e+00 train_recT=4.827904e-07 train_fc=1.018753e-03 train_decoder_tail=0.000000e+00
I 07.01/22:21:09 train_mapper.py:622 ] epoch=0385 train_loss=1.017810e-02 train_mse=2.022064e-03 train_cos=0.998439 train_nmse=-25.016dB train_rec=0.000000e+00 train_recT=4.799653e-07 train_fc=1.015520e-03 train_decoder_tail=0.000000e+00
I 07.01/22:22:20 train_mapper.py:622 ] epoch=0386 train_loss=1.015477e-02 train_mse=2.017229e-03 train_cos=0.998441 train_nmse=-25.027dB train_rec=0.000000e+00 train_recT=4.779984e-07 train_fc=1.013319e-03 train_decoder_tail=0.000000e+00
I 07.01/22:23:31 train_mapper.py:622 ] epoch=0387 train_loss=1.014413e-02 train_mse=2.014883e-03 train_cos=0.998444 train_nmse=-25.032dB train_rec=0.000000e+00 train_recT=4.781387e-07 train_fc=1.011822e-03 train_decoder_tail=0.000000e+00
I 07.01/22:24:39 train_mapper.py:622 ] epoch=0388 train_loss=1.012533e-02 train_mse=2.010945e-03 train_cos=0.998447 train_nmse=-25.040dB train_rec=0.000000e+00 train_recT=4.764392e-07 train_fc=1.008860e-03 train_decoder_tail=0.000000e+00
I 07.01/22:25:49 train_mapper.py:622 ] epoch=0389 train_loss=1.009243e-02 train_mse=2.004487e-03 train_cos=0.998451 train_nmse=-25.054dB train_rec=0.000000e+00 train_recT=4.744689e-07 train_fc=1.006187e-03 train_decoder_tail=0.000000e+00
I 07.01/22:26:55 train_mapper.py:622 ] epoch=0390 train_loss=1.009879e-02 train_mse=2.005406e-03 train_cos=0.998451 train_nmse=-25.052dB train_rec=0.000000e+00 train_recT=4.771683e-07 train_fc=1.006713e-03 train_decoder_tail=0.000000e+00
I 07.01/22:28:09 train_mapper.py:622 ] epoch=0391 train_loss=1.007535e-02 train_mse=2.000570e-03 train_cos=0.998455 train_nmse=-25.062dB train_rec=0.000000e+00 train_recT=4.752287e-07 train_fc=1.003489e-03 train_decoder_tail=0.000000e+00
I 07.01/22:29:16 train_mapper.py:622 ] epoch=0392 train_loss=1.005826e-02 train_mse=1.997216e-03 train_cos=0.998457 train_nmse=-25.070dB train_rec=0.000000e+00 train_recT=4.729580e-07 train_fc=1.002058e-03 train_decoder_tail=0.000000e+00
I 07.01/22:30:27 train_mapper.py:622 ] epoch=0393 train_loss=1.007725e-02 train_mse=2.000399e-03 train_cos=0.998454 train_nmse=-25.063dB train_rec=0.000000e+00 train_recT=4.741032e-07 train_fc=1.003346e-03 train_decoder_tail=0.000000e+00
I 07.01/22:31:41 train_mapper.py:622 ] epoch=0394 train_loss=1.001201e-02 train_mse=1.988051e-03 train_cos=0.998466 train_nmse=-25.090dB train_rec=0.000000e+00 train_recT=4.706436e-07 train_fc=9.974943e-04 train_decoder_tail=0.000000e+00
I 07.01/22:32:52 train_mapper.py:622 ] epoch=0395 train_loss=1.003845e-02 train_mse=1.992759e-03 train_cos=0.998461 train_nmse=-25.080dB train_rec=0.000000e+00 train_recT=4.717570e-07 train_fc=9.995519e-04 train_decoder_tail=0.000000e+00
I 07.01/22:34:06 train_mapper.py:622 ] epoch=0396 train_loss=1.003678e-02 train_mse=1.991914e-03 train_cos=0.998460 train_nmse=-25.081dB train_rec=0.000000e+00 train_recT=4.713261e-07 train_fc=9.995606e-04 train_decoder_tail=0.000000e+00
I 07.01/22:35:14 train_mapper.py:622 ] epoch=0397 train_loss=1.001079e-02 train_mse=1.987136e-03 train_cos=0.998466 train_nmse=-25.092dB train_rec=0.000000e+00 train_recT=4.705802e-07 train_fc=9.976361e-04 train_decoder_tail=0.000000e+00
I 07.01/22:36:23 train_mapper.py:622 ] epoch=0398 train_loss=1.002821e-02 train_mse=1.989762e-03 train_cos=0.998463 train_nmse=-25.086dB train_rec=0.000000e+00 train_recT=4.722292e-07 train_fc=9.991350e-04 train_decoder_tail=0.000000e+00
I 07.01/22:37:25 train_mapper.py:622 ] epoch=0399 train_loss=9.997607e-03 train_mse=1.983936e-03 train_cos=0.998467 train_nmse=-25.099dB train_rec=0.000000e+00 train_recT=4.683913e-07 train_fc=9.955313e-04 train_decoder_tail=0.000000e+00
I 07.01/22:38:27 train_mapper.py:622 ] epoch=0400 train_loss=9.974181e-03 train_mse=1.979203e-03 train_cos=0.998471 train_nmse=-25.109dB train_rec=0.000000e+00 train_recT=4.663755e-07 train_fc=9.929357e-04 train_decoder_tail=0.000000e+00
I 07.01/22:43:16 train_mapper.py:738 ] best_loss_epoch=400 best_loss_selection=train_loss best_loss_metric=9.974181e-03 best_loss_mse=1.979203e-03 best_loss_loss=9.974181e-03
I 07.01/22:43:16 train_mapper.py:743 ] best_mse_epoch=400 best_mse_selection=train_mse best_mse_metric=1.979203e-03 best_mse_mse=1.979203e-03 best_mse_loss=9.974181e-03
I 07.01/22:43:16 train_mapper.py:749 ] all_best_loss_mse=1.924980e-03 all_best_loss_cos=0.998519 all_best_loss_nmse=-25.230dB
I 07.01/22:43:16 train_mapper.py:753 ] all_best_mse_mse=1.924980e-03 all_best_mse_cos=0.998519 all_best_mse_nmse=-25.230dB
