I 07.01/14:50:41 train_mapper.py:431 ] => Experiment directory: mapper/exps_combined_losses/hybrid/smooth_tail_white_recT_fc/seed2026_clnet_transnet_to_seed42_transnet_lr5e-4_ep400
I 07.01/14:50:41 train_mapper.py:432 ] => Checkpoint directory: mapper/exps_combined_losses/hybrid/smooth_tail_white_recT_fc/seed2026_clnet_transnet_to_seed42_transnet_lr5e-4_ep400/checkpoints
I 07.01/14:50:41 train_mapper.py:433 ] => Codeword directory: mapper/exps_combined_losses/hybrid/smooth_tail_white_recT_fc/seed2026_clnet_transnet_to_seed42_transnet_lr5e-4_ep400/codewords
I 07.01/14:50:41 train_mapper.py:434 ] => TensorBoard directory: mapper/exps_combined_losses/hybrid/smooth_tail_white_recT_fc/seed2026_clnet_transnet_to_seed42_transnet_lr5e-4_ep400/tensorboard
I 07.01/14:54:09 train_mapper.py:519 ] => Loaded fixed decoder from exps/COST2100/in/seed42/transnet_transnet/checkpoints/best_nmse.pth
I 07.01/14:54:09 train_mapper.py:524 ] device=cuda
I 07.01/14:54:09 train_mapper.py:525 ] mapper=hybrid, params=23108608
I 07.01/14:54:09 train_mapper.py:527 ] train=100000, val=0, code_dim=512
I 07.01/14:54:09 train_mapper.py:529 ] val_ratio<=0: skip per-epoch validation; select best checkpoint by train loss
I 07.01/14:54:09 train_mapper.py:531 ] loss=mse + smoothl1*0.5 + sample_tail*0.1 + dim_tail*0.05 + whiten*0.0001 + rec*0.0 + recT*1.0 + fc*0.01 + decoder_tail*0.0 + cos*0.0 + cov*0.0
I 07.01/14:55:31 train_mapper.py:622 ] epoch=0001 train_loss=6.905864e-01 train_mse=3.762259e-01 train_cos=0.799988 train_nmse=-3.064dB train_rec=0.000000e+00 train_recT=3.069422e-03 train_fc=4.111250e-01 train_decoder_tail=0.000000e+00
I 07.01/14:56:52 train_mapper.py:622 ] epoch=0002 train_loss=2.960528e-01 train_mse=1.333980e-01 train_cos=0.939143 train_nmse=-6.865dB train_rec=0.000000e+00 train_recT=2.196053e-04 train_fc=1.119426e-01 train_decoder_tail=0.000000e+00
I 07.01/14:58:14 train_mapper.py:622 ] epoch=0003 train_loss=2.135743e-01 train_mse=8.820032e-02 train_cos=0.959817 train_nmse=-8.632dB train_rec=0.000000e+00 train_recT=1.349763e-04 train_fc=7.845033e-02 train_decoder_tail=0.000000e+00
I 07.01/14:59:36 train_mapper.py:622 ] epoch=0004 train_loss=1.737366e-01 train_mse=6.768349e-02 train_cos=0.967688 train_nmse=-9.775dB train_rec=0.000000e+00 train_recT=8.853865e-05 train_fc=6.078552e-02 train_decoder_tail=0.000000e+00
I 07.01/15:00:58 train_mapper.py:622 ] epoch=0005 train_loss=1.507285e-01 train_mse=5.636835e-02 train_cos=0.971743 train_nmse=-10.566dB train_rec=0.000000e+00 train_recT=6.100019e-05 train_fc=4.991569e-02 train_decoder_tail=0.000000e+00
I 07.01/15:02:18 train_mapper.py:622 ] epoch=0006 train_loss=1.366222e-01 train_mse=4.966513e-02 train_cos=0.974321 train_nmse=-11.114dB train_rec=0.000000e+00 train_recT=4.506476e-05 train_fc=4.317726e-02 train_decoder_tail=0.000000e+00
I 07.01/15:03:38 train_mapper.py:622 ] epoch=0007 train_loss=1.274178e-01 train_mse=4.540875e-02 train_cos=0.976268 train_nmse=-11.503dB train_rec=0.000000e+00 train_recT=3.591352e-05 train_fc=3.901497e-02 train_decoder_tail=0.000000e+00
I 07.01/15:05:03 train_mapper.py:622 ] epoch=0008 train_loss=1.215898e-01 train_mse=4.276641e-02 train_cos=0.977617 train_nmse=-11.764dB train_rec=0.000000e+00 train_recT=3.050815e-05 train_fc=3.649166e-02 train_decoder_tail=0.000000e+00
I 07.01/15:06:18 train_mapper.py:622 ] epoch=0009 train_loss=1.167529e-01 train_mse=4.060413e-02 train_cos=0.978890 train_nmse=-11.988dB train_rec=0.000000e+00 train_recT=2.709282e-05 train_fc=3.467298e-02 train_decoder_tail=0.000000e+00
I 07.01/15:07:35 train_mapper.py:622 ] epoch=0010 train_loss=1.132683e-01 train_mse=3.905533e-02 train_cos=0.979761 train_nmse=-12.158dB train_rec=0.000000e+00 train_recT=2.476163e-05 train_fc=3.341964e-02 train_decoder_tail=0.000000e+00
I 07.01/15:08:48 train_mapper.py:622 ] epoch=0011 train_loss=1.093816e-01 train_mse=3.735048e-02 train_cos=0.980803 train_nmse=-12.351dB train_rec=0.000000e+00 train_recT=2.287333e-05 train_fc=3.211626e-02 train_decoder_tail=0.000000e+00
I 07.01/15:10:06 train_mapper.py:622 ] epoch=0012 train_loss=1.057814e-01 train_mse=3.577436e-02 train_cos=0.981697 train_nmse=-12.539dB train_rec=0.000000e+00 train_recT=2.133580e-05 train_fc=3.092281e-02 train_decoder_tail=0.000000e+00
I 07.01/15:11:32 train_mapper.py:622 ] epoch=0013 train_loss=1.029446e-01 train_mse=3.452373e-02 train_cos=0.982282 train_nmse=-12.693dB train_rec=0.000000e+00 train_recT=1.994868e-05 train_fc=2.999355e-02 train_decoder_tail=0.000000e+00
I 07.01/15:13:09 train_mapper.py:622 ] epoch=0014 train_loss=9.961028e-02 train_mse=3.307834e-02 train_cos=0.982949 train_nmse=-12.880dB train_rec=0.000000e+00 train_recT=1.844292e-05 train_fc=2.878755e-02 train_decoder_tail=0.000000e+00
I 07.01/15:14:57 train_mapper.py:622 ] epoch=0015 train_loss=9.656088e-02 train_mse=3.175997e-02 train_cos=0.983357 train_nmse=-13.056dB train_rec=0.000000e+00 train_recT=1.673931e-05 train_fc=2.745789e-02 train_decoder_tail=0.000000e+00
I 07.01/15:16:40 train_mapper.py:622 ] epoch=0016 train_loss=9.264392e-02 train_mse=3.011565e-02 train_cos=0.983703 train_nmse=-13.287dB train_rec=0.000000e+00 train_recT=1.448601e-05 train_fc=2.540414e-02 train_decoder_tail=0.000000e+00
I 07.01/15:18:30 train_mapper.py:622 ] epoch=0017 train_loss=8.847894e-02 train_mse=2.841387e-02 train_cos=0.983593 train_nmse=-13.540dB train_rec=0.000000e+00 train_recT=1.193870e-05 train_fc=2.251119e-02 train_decoder_tail=0.000000e+00
I 07.01/15:20:17 train_mapper.py:622 ] epoch=0018 train_loss=8.621397e-02 train_mse=2.749083e-02 train_cos=0.982978 train_nmse=-13.691dB train_rec=0.000000e+00 train_recT=1.025917e-05 train_fc=2.016662e-02 train_decoder_tail=0.000000e+00
I 07.01/15:22:14 train_mapper.py:622 ] epoch=0019 train_loss=7.828631e-02 train_mse=2.428062e-02 train_cos=0.984503 train_nmse=-14.222dB train_rec=0.000000e+00 train_recT=8.837458e-06 train_fc=1.691363e-02 train_decoder_tail=0.000000e+00
I 07.01/15:24:01 train_mapper.py:622 ] epoch=0020 train_loss=7.397999e-02 train_mse=2.253772e-02 train_cos=0.985137 train_nmse=-14.545dB train_rec=0.000000e+00 train_recT=8.023534e-06 train_fc=1.498318e-02 train_decoder_tail=0.000000e+00
I 07.01/15:25:38 train_mapper.py:622 ] epoch=0021 train_loss=7.034722e-02 train_mse=2.108866e-02 train_cos=0.985727 train_nmse=-14.834dB train_rec=0.000000e+00 train_recT=7.385143e-06 train_fc=1.347753e-02 train_decoder_tail=0.000000e+00
I 07.01/15:27:18 train_mapper.py:622 ] epoch=0022 train_loss=6.736713e-02 train_mse=1.991552e-02 train_cos=0.986217 train_nmse=-15.083dB train_rec=0.000000e+00 train_recT=6.900973e-06 train_fc=1.230509e-02 train_decoder_tail=0.000000e+00
I 07.01/15:29:06 train_mapper.py:622 ] epoch=0023 train_loss=6.482846e-02 train_mse=1.893218e-02 train_cos=0.986677 train_nmse=-15.303dB train_rec=0.000000e+00 train_recT=6.486397e-06 train_fc=1.138912e-02 train_decoder_tail=0.000000e+00
I 07.01/15:30:51 train_mapper.py:622 ] epoch=0024 train_loss=6.256552e-02 train_mse=1.806781e-02 train_cos=0.987113 train_nmse=-15.505dB train_rec=0.000000e+00 train_recT=6.131723e-06 train_fc=1.066770e-02 train_decoder_tail=0.000000e+00
I 07.01/15:32:33 train_mapper.py:622 ] epoch=0025 train_loss=6.063127e-02 train_mse=1.733721e-02 train_cos=0.987503 train_nmse=-15.685dB train_rec=0.000000e+00 train_recT=5.818358e-06 train_fc=1.007171e-02 train_decoder_tail=0.000000e+00
I 07.01/15:34:21 train_mapper.py:622 ] epoch=0026 train_loss=5.898647e-02 train_mse=1.671865e-02 train_cos=0.987839 train_nmse=-15.843dB train_rec=0.000000e+00 train_recT=5.544294e-06 train_fc=9.595834e-03 train_decoder_tail=0.000000e+00
I 07.01/15:36:06 train_mapper.py:622 ] epoch=0027 train_loss=5.746761e-02 train_mse=1.615302e-02 train_cos=0.988164 train_nmse=-15.992dB train_rec=0.000000e+00 train_recT=5.308555e-06 train_fc=9.185214e-03 train_decoder_tail=0.000000e+00
I 07.01/15:37:45 train_mapper.py:622 ] epoch=0028 train_loss=5.587781e-02 train_mse=1.557108e-02 train_cos=0.988522 train_nmse=-16.151dB train_rec=0.000000e+00 train_recT=5.085964e-06 train_fc=8.785039e-03 train_decoder_tail=0.000000e+00
I 07.01/15:39:28 train_mapper.py:622 ] epoch=0029 train_loss=5.466526e-02 train_mse=1.512497e-02 train_cos=0.988787 train_nmse=-16.278dB train_rec=0.000000e+00 train_recT=4.883396e-06 train_fc=8.458951e-03 train_decoder_tail=0.000000e+00
I 07.01/15:41:12 train_mapper.py:622 ] epoch=0030 train_loss=5.346720e-02 train_mse=1.469080e-02 train_cos=0.989058 train_nmse=-16.404dB train_rec=0.000000e+00 train_recT=4.705909e-06 train_fc=8.171320e-03 train_decoder_tail=0.000000e+00
I 07.01/15:42:50 train_mapper.py:622 ] epoch=0031 train_loss=5.231033e-02 train_mse=1.427450e-02 train_cos=0.989323 train_nmse=-16.529dB train_rec=0.000000e+00 train_recT=4.545578e-06 train_fc=7.904182e-03 train_decoder_tail=0.000000e+00
I 07.01/15:44:36 train_mapper.py:622 ] epoch=0032 train_loss=5.129570e-02 train_mse=1.391242e-02 train_cos=0.989553 train_nmse=-16.641dB train_rec=0.000000e+00 train_recT=4.390001e-06 train_fc=7.674477e-03 train_decoder_tail=0.000000e+00
I 07.01/15:46:21 train_mapper.py:622 ] epoch=0033 train_loss=5.032115e-02 train_mse=1.356469e-02 train_cos=0.989781 train_nmse=-16.751dB train_rec=0.000000e+00 train_recT=4.259142e-06 train_fc=7.457444e-03 train_decoder_tail=0.000000e+00
I 07.01/15:48:04 train_mapper.py:622 ] epoch=0034 train_loss=4.935270e-02 train_mse=1.322638e-02 train_cos=0.990005 train_nmse=-16.860dB train_rec=0.000000e+00 train_recT=4.112989e-06 train_fc=7.242559e-03 train_decoder_tail=0.000000e+00
I 07.01/15:49:43 train_mapper.py:622 ] epoch=0035 train_loss=4.862916e-02 train_mse=1.296794e-02 train_cos=0.990171 train_nmse=-16.946dB train_rec=0.000000e+00 train_recT=4.016002e-06 train_fc=7.091679e-03 train_decoder_tail=0.000000e+00
I 07.01/15:51:24 train_mapper.py:622 ] epoch=0036 train_loss=4.759438e-02 train_mse=1.261272e-02 train_cos=0.990417 train_nmse=-17.067dB train_rec=0.000000e+00 train_recT=3.876424e-06 train_fc=6.865756e-03 train_decoder_tail=0.000000e+00
I 07.01/15:53:05 train_mapper.py:622 ] epoch=0037 train_loss=4.689319e-02 train_mse=1.236683e-02 train_cos=0.990576 train_nmse=-17.152dB train_rec=0.000000e+00 train_recT=3.771845e-06 train_fc=6.711596e-03 train_decoder_tail=0.000000e+00
I 07.01/15:54:51 train_mapper.py:622 ] epoch=0038 train_loss=4.621227e-02 train_mse=1.213249e-02 train_cos=0.990733 train_nmse=-17.235dB train_rec=0.000000e+00 train_recT=3.684242e-06 train_fc=6.575857e-03 train_decoder_tail=0.000000e+00
I 07.01/15:56:39 train_mapper.py:622 ] epoch=0039 train_loss=4.544431e-02 train_mse=1.187187e-02 train_cos=0.990913 train_nmse=-17.329dB train_rec=0.000000e+00 train_recT=3.575042e-06 train_fc=6.421955e-03 train_decoder_tail=0.000000e+00
I 07.01/15:58:27 train_mapper.py:622 ] epoch=0040 train_loss=4.472837e-02 train_mse=1.162889e-02 train_cos=0.991084 train_nmse=-17.419dB train_rec=0.000000e+00 train_recT=3.485992e-06 train_fc=6.272777e-03 train_decoder_tail=0.000000e+00
I 07.01/16:00:20 train_mapper.py:622 ] epoch=0041 train_loss=4.413782e-02 train_mse=1.142805e-02 train_cos=0.991222 train_nmse=-17.495dB train_rec=0.000000e+00 train_recT=3.403469e-06 train_fc=6.158447e-03 train_decoder_tail=0.000000e+00
I 07.01/16:02:08 train_mapper.py:622 ] epoch=0042 train_loss=4.355578e-02 train_mse=1.123171e-02 train_cos=0.991358 train_nmse=-17.570dB train_rec=0.000000e+00 train_recT=3.334115e-06 train_fc=6.040916e-03 train_decoder_tail=0.000000e+00
I 07.01/16:03:54 train_mapper.py:622 ] epoch=0043 train_loss=4.294190e-02 train_mse=1.102805e-02 train_cos=0.991504 train_nmse=-17.649dB train_rec=0.000000e+00 train_recT=3.266773e-06 train_fc=5.929989e-03 train_decoder_tail=0.000000e+00
I 07.01/16:05:42 train_mapper.py:622 ] epoch=0044 train_loss=4.231910e-02 train_mse=1.082108e-02 train_cos=0.991651 train_nmse=-17.732dB train_rec=0.000000e+00 train_recT=3.185886e-06 train_fc=5.801356e-03 train_decoder_tail=0.000000e+00
I 07.01/16:07:28 train_mapper.py:622 ] epoch=0045 train_loss=4.184569e-02 train_mse=1.066203e-02 train_cos=0.991759 train_nmse=-17.796dB train_rec=0.000000e+00 train_recT=3.117223e-06 train_fc=5.709489e-03 train_decoder_tail=0.000000e+00
I 07.01/16:09:02 train_mapper.py:622 ] epoch=0046 train_loss=4.132054e-02 train_mse=1.049080e-02 train_cos=0.991886 train_nmse=-17.866dB train_rec=0.000000e+00 train_recT=3.065239e-06 train_fc=5.612376e-03 train_decoder_tail=0.000000e+00
I 07.01/16:10:35 train_mapper.py:622 ] epoch=0047 train_loss=4.090766e-02 train_mse=1.035193e-02 train_cos=0.991982 train_nmse=-17.924dB train_rec=0.000000e+00 train_recT=3.004812e-06 train_fc=5.525796e-03 train_decoder_tail=0.000000e+00
I 07.01/16:12:06 train_mapper.py:622 ] epoch=0048 train_loss=4.030704e-02 train_mse=1.016038e-02 train_cos=0.992123 train_nmse=-18.005dB train_rec=0.000000e+00 train_recT=2.938348e-06 train_fc=5.426512e-03 train_decoder_tail=0.000000e+00
I 07.01/16:13:37 train_mapper.py:622 ] epoch=0049 train_loss=3.979402e-02 train_mse=9.993737e-03 train_cos=0.992241 train_nmse=-18.077dB train_rec=0.000000e+00 train_recT=2.881014e-06 train_fc=5.324049e-03 train_decoder_tail=0.000000e+00
I 07.01/16:15:08 train_mapper.py:622 ] epoch=0050 train_loss=3.941083e-02 train_mse=9.868802e-03 train_cos=0.992331 train_nmse=-18.132dB train_rec=0.000000e+00 train_recT=2.833871e-06 train_fc=5.257488e-03 train_decoder_tail=0.000000e+00
I 07.01/16:16:35 train_mapper.py:622 ] epoch=0051 train_loss=3.898460e-02 train_mse=9.732110e-03 train_cos=0.992431 train_nmse=-18.192dB train_rec=0.000000e+00 train_recT=2.784723e-06 train_fc=5.177834e-03 train_decoder_tail=0.000000e+00
I 07.01/16:17:58 train_mapper.py:622 ] epoch=0052 train_loss=3.846223e-02 train_mse=9.566488e-03 train_cos=0.992555 train_nmse=-18.267dB train_rec=0.000000e+00 train_recT=2.724131e-06 train_fc=5.085060e-03 train_decoder_tail=0.000000e+00
I 07.01/16:19:26 train_mapper.py:622 ] epoch=0053 train_loss=3.809192e-02 train_mse=9.448543e-03 train_cos=0.992638 train_nmse=-18.321dB train_rec=0.000000e+00 train_recT=2.680490e-06 train_fc=5.020760e-03 train_decoder_tail=0.000000e+00
I 07.01/16:20:55 train_mapper.py:622 ] epoch=0054 train_loss=3.768478e-02 train_mse=9.318522e-03 train_cos=0.992735 train_nmse=-18.381dB train_rec=0.000000e+00 train_recT=2.638068e-06 train_fc=4.944392e-03 train_decoder_tail=0.000000e+00
I 07.01/16:22:23 train_mapper.py:622 ] epoch=0055 train_loss=3.748087e-02 train_mse=9.251441e-03 train_cos=0.992782 train_nmse=-18.412dB train_rec=0.000000e+00 train_recT=2.616334e-06 train_fc=4.905813e-03 train_decoder_tail=0.000000e+00
I 07.01/16:23:45 train_mapper.py:622 ] epoch=0056 train_loss=3.700428e-02 train_mse=9.102378e-03 train_cos=0.992892 train_nmse=-18.483dB train_rec=0.000000e+00 train_recT=2.565397e-06 train_fc=4.822466e-03 train_decoder_tail=0.000000e+00
I 07.01/16:25:14 train_mapper.py:622 ] epoch=0057 train_loss=3.664363e-02 train_mse=8.989708e-03 train_cos=0.992975 train_nmse=-18.537dB train_rec=0.000000e+00 train_recT=2.520913e-06 train_fc=4.758918e-03 train_decoder_tail=0.000000e+00
I 07.01/16:26:46 train_mapper.py:622 ] epoch=0058 train_loss=3.638008e-02 train_mse=8.906026e-03 train_cos=0.993035 train_nmse=-18.578dB train_rec=0.000000e+00 train_recT=2.494661e-06 train_fc=4.721690e-03 train_decoder_tail=0.000000e+00
I 07.01/16:28:18 train_mapper.py:622 ] epoch=0059 train_loss=3.590760e-02 train_mse=8.760599e-03 train_cos=0.993146 train_nmse=-18.649dB train_rec=0.000000e+00 train_recT=2.448886e-06 train_fc=4.629943e-03 train_decoder_tail=0.000000e+00
I 07.01/16:29:47 train_mapper.py:622 ] epoch=0060 train_loss=3.557387e-02 train_mse=8.657060e-03 train_cos=0.993222 train_nmse=-18.700dB train_rec=0.000000e+00 train_recT=2.409584e-06 train_fc=4.572368e-03 train_decoder_tail=0.000000e+00
I 07.01/16:31:12 train_mapper.py:622 ] epoch=0061 train_loss=3.525547e-02 train_mse=8.559085e-03 train_cos=0.993296 train_nmse=-18.750dB train_rec=0.000000e+00 train_recT=2.377619e-06 train_fc=4.516905e-03 train_decoder_tail=0.000000e+00
I 07.01/16:32:19 train_mapper.py:622 ] epoch=0062 train_loss=3.502655e-02 train_mse=8.486496e-03 train_cos=0.993345 train_nmse=-18.787dB train_rec=0.000000e+00 train_recT=2.345325e-06 train_fc=4.476955e-03 train_decoder_tail=0.000000e+00
I 07.01/16:33:20 train_mapper.py:622 ] epoch=0063 train_loss=3.467399e-02 train_mse=8.379220e-03 train_cos=0.993428 train_nmse=-18.842dB train_rec=0.000000e+00 train_recT=2.315085e-06 train_fc=4.418858e-03 train_decoder_tail=0.000000e+00
I 07.01/16:34:25 train_mapper.py:622 ] epoch=0064 train_loss=3.439434e-02 train_mse=8.293390e-03 train_cos=0.993493 train_nmse=-18.887dB train_rec=0.000000e+00 train_recT=2.285870e-06 train_fc=4.374717e-03 train_decoder_tail=0.000000e+00
I 07.01/16:35:29 train_mapper.py:622 ] epoch=0065 train_loss=3.418100e-02 train_mse=8.227221e-03 train_cos=0.993542 train_nmse=-18.922dB train_rec=0.000000e+00 train_recT=2.264274e-06 train_fc=4.338284e-03 train_decoder_tail=0.000000e+00
I 07.01/16:36:32 train_mapper.py:622 ] epoch=0066 train_loss=3.391412e-02 train_mse=8.144439e-03 train_cos=0.993602 train_nmse=-18.965dB train_rec=0.000000e+00 train_recT=2.234944e-06 train_fc=4.286970e-03 train_decoder_tail=0.000000e+00
I 07.01/16:37:36 train_mapper.py:622 ] epoch=0067 train_loss=3.359251e-02 train_mse=8.049329e-03 train_cos=0.993672 train_nmse=-19.017dB train_rec=0.000000e+00 train_recT=2.201355e-06 train_fc=4.238806e-03 train_decoder_tail=0.000000e+00
I 07.01/16:38:39 train_mapper.py:622 ] epoch=0068 train_loss=3.343077e-02 train_mse=7.998173e-03 train_cos=0.993712 train_nmse=-19.045dB train_rec=0.000000e+00 train_recT=2.189720e-06 train_fc=4.210704e-03 train_decoder_tail=0.000000e+00
I 07.01/16:39:45 train_mapper.py:622 ] epoch=0069 train_loss=3.311031e-02 train_mse=7.902827e-03 train_cos=0.993785 train_nmse=-19.097dB train_rec=0.000000e+00 train_recT=2.160852e-06 train_fc=4.156227e-03 train_decoder_tail=0.000000e+00
I 07.01/16:40:48 train_mapper.py:622 ] epoch=0070 train_loss=3.286346e-02 train_mse=7.828710e-03 train_cos=0.993839 train_nmse=-19.137dB train_rec=0.000000e+00 train_recT=2.130226e-06 train_fc=4.121408e-03 train_decoder_tail=0.000000e+00
I 07.01/16:41:52 train_mapper.py:622 ] epoch=0071 train_loss=3.254676e-02 train_mse=7.734680e-03 train_cos=0.993913 train_nmse=-19.190dB train_rec=0.000000e+00 train_recT=2.105861e-06 train_fc=4.064090e-03 train_decoder_tail=0.000000e+00
I 07.01/16:42:54 train_mapper.py:622 ] epoch=0072 train_loss=3.237081e-02 train_mse=7.680198e-03 train_cos=0.993950 train_nmse=-19.221dB train_rec=0.000000e+00 train_recT=2.084911e-06 train_fc=4.032659e-03 train_decoder_tail=0.000000e+00
I 07.01/16:43:55 train_mapper.py:622 ] epoch=0073 train_loss=3.214357e-02 train_mse=7.612905e-03 train_cos=0.994000 train_nmse=-19.259dB train_rec=0.000000e+00 train_recT=2.053983e-06 train_fc=3.997171e-03 train_decoder_tail=0.000000e+00
I 07.01/16:44:59 train_mapper.py:622 ] epoch=0074 train_loss=3.194328e-02 train_mse=7.552833e-03 train_cos=0.994047 train_nmse=-19.293dB train_rec=0.000000e+00 train_recT=2.039386e-06 train_fc=3.965841e-03 train_decoder_tail=0.000000e+00
I 07.01/16:46:05 train_mapper.py:622 ] epoch=0075 train_loss=3.175642e-02 train_mse=7.497334e-03 train_cos=0.994090 train_nmse=-19.325dB train_rec=0.000000e+00 train_recT=2.022882e-06 train_fc=3.938936e-03 train_decoder_tail=0.000000e+00
I 07.01/16:47:07 train_mapper.py:622 ] epoch=0076 train_loss=3.147864e-02 train_mse=7.415894e-03 train_cos=0.994152 train_nmse=-19.373dB train_rec=0.000000e+00 train_recT=2.001268e-06 train_fc=3.898239e-03 train_decoder_tail=0.000000e+00
I 07.01/16:48:08 train_mapper.py:622 ] epoch=0077 train_loss=3.129644e-02 train_mse=7.362469e-03 train_cos=0.994195 train_nmse=-19.404dB train_rec=0.000000e+00 train_recT=1.983915e-06 train_fc=3.865363e-03 train_decoder_tail=0.000000e+00
I 07.01/16:49:15 train_mapper.py:622 ] epoch=0078 train_loss=3.106187e-02 train_mse=7.293510e-03 train_cos=0.994246 train_nmse=-19.445dB train_rec=0.000000e+00 train_recT=1.957387e-06 train_fc=3.827664e-03 train_decoder_tail=0.000000e+00
I 07.01/16:50:28 train_mapper.py:622 ] epoch=0079 train_loss=3.096238e-02 train_mse=7.261904e-03 train_cos=0.994265 train_nmse=-19.464dB train_rec=0.000000e+00 train_recT=1.943783e-06 train_fc=3.809402e-03 train_decoder_tail=0.000000e+00
I 07.01/16:51:40 train_mapper.py:622 ] epoch=0080 train_loss=3.066092e-02 train_mse=7.175878e-03 train_cos=0.994333 train_nmse=-19.516dB train_rec=0.000000e+00 train_recT=1.919252e-06 train_fc=3.761156e-03 train_decoder_tail=0.000000e+00
I 07.01/16:52:43 train_mapper.py:622 ] epoch=0081 train_loss=3.051679e-02 train_mse=7.132879e-03 train_cos=0.994366 train_nmse=-19.542dB train_rec=0.000000e+00 train_recT=1.903345e-06 train_fc=3.738400e-03 train_decoder_tail=0.000000e+00
I 07.01/16:53:48 train_mapper.py:622 ] epoch=0082 train_loss=3.027813e-02 train_mse=7.064767e-03 train_cos=0.994420 train_nmse=-19.583dB train_rec=0.000000e+00 train_recT=1.883417e-06 train_fc=3.701502e-03 train_decoder_tail=0.000000e+00
I 07.01/16:54:53 train_mapper.py:622 ] epoch=0083 train_loss=3.016977e-02 train_mse=7.030772e-03 train_cos=0.994444 train_nmse=-19.604dB train_rec=0.000000e+00 train_recT=1.871417e-06 train_fc=3.679844e-03 train_decoder_tail=0.000000e+00
I 07.01/16:56:02 train_mapper.py:622 ] epoch=0084 train_loss=2.994470e-02 train_mse=6.966412e-03 train_cos=0.994494 train_nmse=-19.644dB train_rec=0.000000e+00 train_recT=1.858691e-06 train_fc=3.647076e-03 train_decoder_tail=0.000000e+00
I 07.01/16:57:11 train_mapper.py:622 ] epoch=0085 train_loss=2.976386e-02 train_mse=6.914785e-03 train_cos=0.994534 train_nmse=-19.677dB train_rec=0.000000e+00 train_recT=1.839336e-06 train_fc=3.619863e-03 train_decoder_tail=0.000000e+00
I 07.01/16:58:19 train_mapper.py:622 ] epoch=0086 train_loss=2.955130e-02 train_mse=6.853525e-03 train_cos=0.994578 train_nmse=-19.715dB train_rec=0.000000e+00 train_recT=1.816109e-06 train_fc=3.585975e-03 train_decoder_tail=0.000000e+00
I 07.01/16:59:24 train_mapper.py:622 ] epoch=0087 train_loss=2.931318e-02 train_mse=6.786682e-03 train_cos=0.994632 train_nmse=-19.758dB train_rec=0.000000e+00 train_recT=1.799590e-06 train_fc=3.549509e-03 train_decoder_tail=0.000000e+00
I 07.01/17:00:27 train_mapper.py:622 ] epoch=0088 train_loss=2.926077e-02 train_mse=6.769425e-03 train_cos=0.994644 train_nmse=-19.769dB train_rec=0.000000e+00 train_recT=1.792781e-06 train_fc=3.538628e-03 train_decoder_tail=0.000000e+00
I 07.01/17:01:35 train_mapper.py:622 ] epoch=0089 train_loss=2.905504e-02 train_mse=6.711155e-03 train_cos=0.994690 train_nmse=-19.806dB train_rec=0.000000e+00 train_recT=1.773018e-06 train_fc=3.511841e-03 train_decoder_tail=0.000000e+00
I 07.01/17:02:39 train_mapper.py:622 ] epoch=0090 train_loss=2.897711e-02 train_mse=6.686720e-03 train_cos=0.994704 train_nmse=-19.822dB train_rec=0.000000e+00 train_recT=1.764838e-06 train_fc=3.492029e-03 train_decoder_tail=0.000000e+00
I 07.01/17:03:41 train_mapper.py:622 ] epoch=0091 train_loss=2.878829e-02 train_mse=6.633803e-03 train_cos=0.994748 train_nmse=-19.856dB train_rec=0.000000e+00 train_recT=1.756517e-06 train_fc=3.468504e-03 train_decoder_tail=0.000000e+00
I 07.01/17:04:44 train_mapper.py:622 ] epoch=0092 train_loss=2.872179e-02 train_mse=6.613596e-03 train_cos=0.994761 train_nmse=-19.869dB train_rec=0.000000e+00 train_recT=1.739948e-06 train_fc=3.456602e-03 train_decoder_tail=0.000000e+00
I 07.01/17:05:47 train_mapper.py:622 ] epoch=0093 train_loss=2.844899e-02 train_mse=6.537654e-03 train_cos=0.994820 train_nmse=-19.920dB train_rec=0.000000e+00 train_recT=1.717313e-06 train_fc=3.412824e-03 train_decoder_tail=0.000000e+00
I 07.01/17:06:53 train_mapper.py:622 ] epoch=0094 train_loss=2.821955e-02 train_mse=6.474355e-03 train_cos=0.994870 train_nmse=-19.962dB train_rec=0.000000e+00 train_recT=1.701718e-06 train_fc=3.383634e-03 train_decoder_tail=0.000000e+00
I 07.01/17:07:58 train_mapper.py:622 ] epoch=0095 train_loss=2.817553e-02 train_mse=6.460248e-03 train_cos=0.994879 train_nmse=-19.971dB train_rec=0.000000e+00 train_recT=1.689187e-06 train_fc=3.375574e-03 train_decoder_tail=0.000000e+00
I 07.01/17:09:03 train_mapper.py:622 ] epoch=0096 train_loss=2.800362e-02 train_mse=6.411889e-03 train_cos=0.994919 train_nmse=-20.004dB train_rec=0.000000e+00 train_recT=1.683247e-06 train_fc=3.347395e-03 train_decoder_tail=0.000000e+00
I 07.01/17:10:07 train_mapper.py:622 ] epoch=0097 train_loss=2.793653e-02 train_mse=6.392320e-03 train_cos=0.994935 train_nmse=-20.017dB train_rec=0.000000e+00 train_recT=1.678736e-06 train_fc=3.338932e-03 train_decoder_tail=0.000000e+00
I 07.01/17:11:09 train_mapper.py:622 ] epoch=0098 train_loss=2.770936e-02 train_mse=6.329783e-03 train_cos=0.994981 train_nmse=-20.060dB train_rec=0.000000e+00 train_recT=1.658241e-06 train_fc=3.306608e-03 train_decoder_tail=0.000000e+00
I 07.01/17:12:11 train_mapper.py:622 ] epoch=0099 train_loss=2.761029e-02 train_mse=6.300787e-03 train_cos=0.995003 train_nmse=-20.080dB train_rec=0.000000e+00 train_recT=1.644817e-06 train_fc=3.290426e-03 train_decoder_tail=0.000000e+00
I 07.01/17:13:14 train_mapper.py:622 ] epoch=0100 train_loss=2.757362e-02 train_mse=6.288830e-03 train_cos=0.995009 train_nmse=-20.089dB train_rec=0.000000e+00 train_recT=1.639768e-06 train_fc=3.282952e-03 train_decoder_tail=0.000000e+00
I 07.01/17:14:20 train_mapper.py:622 ] epoch=0101 train_loss=2.742453e-02 train_mse=6.248434e-03 train_cos=0.995044 train_nmse=-20.116dB train_rec=0.000000e+00 train_recT=1.627759e-06 train_fc=3.262018e-03 train_decoder_tail=0.000000e+00
I 07.01/17:15:27 train_mapper.py:622 ] epoch=0102 train_loss=2.716972e-02 train_mse=6.178837e-03 train_cos=0.995099 train_nmse=-20.165dB train_rec=0.000000e+00 train_recT=1.608064e-06 train_fc=3.224930e-03 train_decoder_tail=0.000000e+00
I 07.01/17:16:31 train_mapper.py:622 ] epoch=0103 train_loss=2.710341e-02 train_mse=6.159020e-03 train_cos=0.995112 train_nmse=-20.179dB train_rec=0.000000e+00 train_recT=1.604465e-06 train_fc=3.213243e-03 train_decoder_tail=0.000000e+00
I 07.01/17:17:34 train_mapper.py:622 ] epoch=0104 train_loss=2.696556e-02 train_mse=6.120616e-03 train_cos=0.995140 train_nmse=-20.206dB train_rec=0.000000e+00 train_recT=1.584555e-06 train_fc=3.190395e-03 train_decoder_tail=0.000000e+00
I 07.01/17:18:38 train_mapper.py:622 ] epoch=0105 train_loss=2.678404e-02 train_mse=6.071189e-03 train_cos=0.995179 train_nmse=-20.241dB train_rec=0.000000e+00 train_recT=1.571579e-06 train_fc=3.163205e-03 train_decoder_tail=0.000000e+00
I 07.01/17:19:44 train_mapper.py:622 ] epoch=0106 train_loss=2.667674e-02 train_mse=6.040592e-03 train_cos=0.995202 train_nmse=-20.263dB train_rec=0.000000e+00 train_recT=1.563531e-06 train_fc=3.143474e-03 train_decoder_tail=0.000000e+00
I 07.01/17:20:50 train_mapper.py:622 ] epoch=0107 train_loss=2.659435e-02 train_mse=6.018375e-03 train_cos=0.995220 train_nmse=-20.280dB train_rec=0.000000e+00 train_recT=1.558386e-06 train_fc=3.135459e-03 train_decoder_tail=0.000000e+00
I 07.01/17:21:54 train_mapper.py:622 ] epoch=0108 train_loss=2.651870e-02 train_mse=5.997028e-03 train_cos=0.995237 train_nmse=-20.295dB train_rec=0.000000e+00 train_recT=1.549537e-06 train_fc=3.127224e-03 train_decoder_tail=0.000000e+00
I 07.01/17:22:58 train_mapper.py:622 ] epoch=0109 train_loss=2.645226e-02 train_mse=5.977502e-03 train_cos=0.995252 train_nmse=-20.309dB train_rec=0.000000e+00 train_recT=1.546341e-06 train_fc=3.115528e-03 train_decoder_tail=0.000000e+00
I 07.01/17:24:04 train_mapper.py:622 ] epoch=0110 train_loss=2.625767e-02 train_mse=5.924657e-03 train_cos=0.995294 train_nmse=-20.347dB train_rec=0.000000e+00 train_recT=1.530385e-06 train_fc=3.088341e-03 train_decoder_tail=0.000000e+00
I 07.01/17:25:06 train_mapper.py:622 ] epoch=0111 train_loss=2.613239e-02 train_mse=5.890888e-03 train_cos=0.995319 train_nmse=-20.372dB train_rec=0.000000e+00 train_recT=1.521676e-06 train_fc=3.067901e-03 train_decoder_tail=0.000000e+00
I 07.01/17:26:10 train_mapper.py:622 ] epoch=0112 train_loss=2.597800e-02 train_mse=5.849391e-03 train_cos=0.995352 train_nmse=-20.403dB train_rec=0.000000e+00 train_recT=1.510915e-06 train_fc=3.042645e-03 train_decoder_tail=0.000000e+00
I 07.01/17:27:13 train_mapper.py:622 ] epoch=0113 train_loss=2.591802e-02 train_mse=5.831678e-03 train_cos=0.995366 train_nmse=-20.416dB train_rec=0.000000e+00 train_recT=1.510469e-06 train_fc=3.033443e-03 train_decoder_tail=0.000000e+00
I 07.01/17:28:23 train_mapper.py:622 ] epoch=0114 train_loss=2.580829e-02 train_mse=5.802492e-03 train_cos=0.995389 train_nmse=-20.438dB train_rec=0.000000e+00 train_recT=1.494110e-06 train_fc=3.024267e-03 train_decoder_tail=0.000000e+00
I 07.01/17:29:29 train_mapper.py:622 ] epoch=0115 train_loss=2.584431e-02 train_mse=5.810128e-03 train_cos=0.995383 train_nmse=-20.432dB train_rec=0.000000e+00 train_recT=1.496412e-06 train_fc=3.030991e-03 train_decoder_tail=0.000000e+00
I 07.01/17:30:30 train_mapper.py:622 ] epoch=0116 train_loss=2.560849e-02 train_mse=5.746999e-03 train_cos=0.995430 train_nmse=-20.479dB train_rec=0.000000e+00 train_recT=1.475015e-06 train_fc=2.991190e-03 train_decoder_tail=0.000000e+00
I 07.01/17:31:35 train_mapper.py:622 ] epoch=0117 train_loss=2.550185e-02 train_mse=5.717632e-03 train_cos=0.995452 train_nmse=-20.502dB train_rec=0.000000e+00 train_recT=1.467183e-06 train_fc=2.975023e-03 train_decoder_tail=0.000000e+00
I 07.01/17:32:38 train_mapper.py:622 ] epoch=0118 train_loss=2.539730e-02 train_mse=5.690119e-03 train_cos=0.995474 train_nmse=-20.523dB train_rec=0.000000e+00 train_recT=1.456514e-06 train_fc=2.960009e-03 train_decoder_tail=0.000000e+00
I 07.01/17:33:43 train_mapper.py:622 ] epoch=0119 train_loss=2.530476e-02 train_mse=5.665160e-03 train_cos=0.995496 train_nmse=-20.542dB train_rec=0.000000e+00 train_recT=1.456456e-06 train_fc=2.949133e-03 train_decoder_tail=0.000000e+00
I 07.01/17:34:47 train_mapper.py:622 ] epoch=0120 train_loss=2.521673e-02 train_mse=5.641366e-03 train_cos=0.995514 train_nmse=-20.560dB train_rec=0.000000e+00 train_recT=1.445414e-06 train_fc=2.936493e-03 train_decoder_tail=0.000000e+00
I 07.01/17:35:52 train_mapper.py:622 ] epoch=0121 train_loss=2.504869e-02 train_mse=5.595972e-03 train_cos=0.995549 train_nmse=-20.595dB train_rec=0.000000e+00 train_recT=1.433033e-06 train_fc=2.908649e-03 train_decoder_tail=0.000000e+00
I 07.01/17:36:55 train_mapper.py:622 ] epoch=0122 train_loss=2.498349e-02 train_mse=5.578385e-03 train_cos=0.995562 train_nmse=-20.609dB train_rec=0.000000e+00 train_recT=1.427014e-06 train_fc=2.899919e-03 train_decoder_tail=0.000000e+00
I 07.01/17:37:59 train_mapper.py:622 ] epoch=0123 train_loss=2.498079e-02 train_mse=5.576205e-03 train_cos=0.995564 train_nmse=-20.611dB train_rec=0.000000e+00 train_recT=1.431888e-06 train_fc=2.899704e-03 train_decoder_tail=0.000000e+00
I 07.01/17:39:08 train_mapper.py:622 ] epoch=0124 train_loss=2.482083e-02 train_mse=5.534958e-03 train_cos=0.995597 train_nmse=-20.643dB train_rec=0.000000e+00 train_recT=1.419018e-06 train_fc=2.881741e-03 train_decoder_tail=0.000000e+00
I 07.01/17:40:13 train_mapper.py:622 ] epoch=0125 train_loss=2.477222e-02 train_mse=5.520875e-03 train_cos=0.995607 train_nmse=-20.654dB train_rec=0.000000e+00 train_recT=1.410489e-06 train_fc=2.871704e-03 train_decoder_tail=0.000000e+00
I 07.01/17:41:17 train_mapper.py:622 ] epoch=0126 train_loss=2.459675e-02 train_mse=5.475016e-03 train_cos=0.995643 train_nmse=-20.690dB train_rec=0.000000e+00 train_recT=1.398607e-06 train_fc=2.846689e-03 train_decoder_tail=0.000000e+00
I 07.01/17:42:22 train_mapper.py:622 ] epoch=0127 train_loss=2.459473e-02 train_mse=5.472932e-03 train_cos=0.995644 train_nmse=-20.692dB train_rec=0.000000e+00 train_recT=1.399555e-06 train_fc=2.848606e-03 train_decoder_tail=0.000000e+00
I 07.01/17:43:25 train_mapper.py:622 ] epoch=0128 train_loss=2.449539e-02 train_mse=5.446485e-03 train_cos=0.995667 train_nmse=-20.713dB train_rec=0.000000e+00 train_recT=1.393268e-06 train_fc=2.831731e-03 train_decoder_tail=0.000000e+00
I 07.01/17:44:31 train_mapper.py:622 ] epoch=0129 train_loss=2.426637e-02 train_mse=5.387555e-03 train_cos=0.995714 train_nmse=-20.760dB train_rec=0.000000e+00 train_recT=1.378659e-06 train_fc=2.798705e-03 train_decoder_tail=0.000000e+00
I 07.01/17:45:33 train_mapper.py:622 ] epoch=0130 train_loss=2.427991e-02 train_mse=5.388634e-03 train_cos=0.995707 train_nmse=-20.759dB train_rec=0.000000e+00 train_recT=1.365635e-06 train_fc=2.796491e-03 train_decoder_tail=0.000000e+00
I 07.01/17:46:33 train_mapper.py:622 ] epoch=0131 train_loss=2.422475e-02 train_mse=5.374357e-03 train_cos=0.995719 train_nmse=-20.770dB train_rec=0.000000e+00 train_recT=1.362401e-06 train_fc=2.789412e-03 train_decoder_tail=0.000000e+00
I 07.01/17:47:39 train_mapper.py:622 ] epoch=0132 train_loss=2.410057e-02 train_mse=5.342322e-03 train_cos=0.995747 train_nmse=-20.796dB train_rec=0.000000e+00 train_recT=1.356855e-06 train_fc=2.773626e-03 train_decoder_tail=0.000000e+00
I 07.01/17:48:47 train_mapper.py:622 ] epoch=0133 train_loss=2.401864e-02 train_mse=5.319939e-03 train_cos=0.995764 train_nmse=-20.815dB train_rec=0.000000e+00 train_recT=1.355590e-06 train_fc=2.763356e-03 train_decoder_tail=0.000000e+00
I 07.01/17:49:52 train_mapper.py:622 ] epoch=0134 train_loss=2.393216e-02 train_mse=5.297501e-03 train_cos=0.995782 train_nmse=-20.833dB train_rec=0.000000e+00 train_recT=1.345714e-06 train_fc=2.751290e-03 train_decoder_tail=0.000000e+00
I 07.01/17:50:59 train_mapper.py:622 ] epoch=0135 train_loss=2.383939e-02 train_mse=5.273273e-03 train_cos=0.995802 train_nmse=-20.853dB train_rec=0.000000e+00 train_recT=1.341519e-06 train_fc=2.737752e-03 train_decoder_tail=0.000000e+00
I 07.01/17:52:06 train_mapper.py:622 ] epoch=0136 train_loss=2.388278e-02 train_mse=5.282593e-03 train_cos=0.995792 train_nmse=-20.845dB train_rec=0.000000e+00 train_recT=1.338723e-06 train_fc=2.745452e-03 train_decoder_tail=0.000000e+00
I 07.01/17:53:09 train_mapper.py:622 ] epoch=0137 train_loss=2.375255e-02 train_mse=5.249141e-03 train_cos=0.995820 train_nmse=-20.873dB train_rec=0.000000e+00 train_recT=1.331633e-06 train_fc=2.727097e-03 train_decoder_tail=0.000000e+00
I 07.01/17:54:13 train_mapper.py:622 ] epoch=0138 train_loss=2.370910e-02 train_mse=5.236649e-03 train_cos=0.995828 train_nmse=-20.883dB train_rec=0.000000e+00 train_recT=1.324826e-06 train_fc=2.720514e-03 train_decoder_tail=0.000000e+00
I 07.01/17:55:18 train_mapper.py:622 ] epoch=0139 train_loss=2.358698e-02 train_mse=5.205282e-03 train_cos=0.995853 train_nmse=-20.909dB train_rec=0.000000e+00 train_recT=1.319285e-06 train_fc=2.703354e-03 train_decoder_tail=0.000000e+00
I 07.01/17:56:24 train_mapper.py:622 ] epoch=0140 train_loss=2.346491e-02 train_mse=5.173931e-03 train_cos=0.995877 train_nmse=-20.936dB train_rec=0.000000e+00 train_recT=1.307160e-06 train_fc=2.686248e-03 train_decoder_tail=0.000000e+00
I 07.01/17:57:30 train_mapper.py:622 ] epoch=0141 train_loss=2.345412e-02 train_mse=5.170046e-03 train_cos=0.995879 train_nmse=-20.939dB train_rec=0.000000e+00 train_recT=1.303710e-06 train_fc=2.682618e-03 train_decoder_tail=0.000000e+00
I 07.01/17:58:34 train_mapper.py:622 ] epoch=0142 train_loss=2.330302e-02 train_mse=5.131551e-03 train_cos=0.995910 train_nmse=-20.971dB train_rec=0.000000e+00 train_recT=1.291854e-06 train_fc=2.663403e-03 train_decoder_tail=0.000000e+00
I 07.01/17:59:37 train_mapper.py:622 ] epoch=0143 train_loss=2.321459e-02 train_mse=5.108202e-03 train_cos=0.995929 train_nmse=-20.991dB train_rec=0.000000e+00 train_recT=1.287690e-06 train_fc=2.649058e-03 train_decoder_tail=0.000000e+00
I 07.01/18:00:42 train_mapper.py:622 ] epoch=0144 train_loss=2.320005e-02 train_mse=5.103368e-03 train_cos=0.995931 train_nmse=-20.995dB train_rec=0.000000e+00 train_recT=1.286489e-06 train_fc=2.647266e-03 train_decoder_tail=0.000000e+00
I 07.01/18:01:49 train_mapper.py:622 ] epoch=0145 train_loss=2.315491e-02 train_mse=5.091804e-03 train_cos=0.995941 train_nmse=-21.005dB train_rec=0.000000e+00 train_recT=1.284699e-06 train_fc=2.641294e-03 train_decoder_tail=0.000000e+00
I 07.01/18:02:55 train_mapper.py:622 ] epoch=0146 train_loss=2.313822e-02 train_mse=5.086922e-03 train_cos=0.995946 train_nmse=-21.010dB train_rec=0.000000e+00 train_recT=1.284133e-06 train_fc=2.641507e-03 train_decoder_tail=0.000000e+00
I 07.01/18:04:02 train_mapper.py:622 ] epoch=0147 train_loss=2.293930e-02 train_mse=5.037135e-03 train_cos=0.995989 train_nmse=-21.052dB train_rec=0.000000e+00 train_recT=1.276508e-06 train_fc=2.615461e-03 train_decoder_tail=0.000000e+00
I 07.01/18:05:06 train_mapper.py:622 ] epoch=0148 train_loss=2.289874e-02 train_mse=5.025142e-03 train_cos=0.995994 train_nmse=-21.062dB train_rec=0.000000e+00 train_recT=1.267671e-06 train_fc=2.604341e-03 train_decoder_tail=0.000000e+00
I 07.01/18:06:09 train_mapper.py:622 ] epoch=0149 train_loss=2.278538e-02 train_mse=4.996496e-03 train_cos=0.996018 train_nmse=-21.087dB train_rec=0.000000e+00 train_recT=1.260397e-06 train_fc=2.588754e-03 train_decoder_tail=0.000000e+00
I 07.01/18:07:13 train_mapper.py:622 ] epoch=0150 train_loss=2.277584e-02 train_mse=4.992683e-03 train_cos=0.996017 train_nmse=-21.091dB train_rec=0.000000e+00 train_recT=1.252472e-06 train_fc=2.585602e-03 train_decoder_tail=0.000000e+00
I 07.01/18:08:18 train_mapper.py:622 ] epoch=0151 train_loss=2.268351e-02 train_mse=4.969366e-03 train_cos=0.996038 train_nmse=-21.111dB train_rec=0.000000e+00 train_recT=1.249889e-06 train_fc=2.576200e-03 train_decoder_tail=0.000000e+00
I 07.01/18:09:22 train_mapper.py:622 ] epoch=0152 train_loss=2.261781e-02 train_mse=4.952588e-03 train_cos=0.996053 train_nmse=-21.125dB train_rec=0.000000e+00 train_recT=1.246327e-06 train_fc=2.565363e-03 train_decoder_tail=0.000000e+00
I 07.01/18:10:28 train_mapper.py:622 ] epoch=0153 train_loss=2.256924e-02 train_mse=4.939368e-03 train_cos=0.996062 train_nmse=-21.137dB train_rec=0.000000e+00 train_recT=1.240775e-06 train_fc=2.560049e-03 train_decoder_tail=0.000000e+00
I 07.01/18:11:31 train_mapper.py:622 ] epoch=0154 train_loss=2.254034e-02 train_mse=4.931412e-03 train_cos=0.996067 train_nmse=-21.144dB train_rec=0.000000e+00 train_recT=1.237317e-06 train_fc=2.555173e-03 train_decoder_tail=0.000000e+00
I 07.01/18:12:34 train_mapper.py:622 ] epoch=0155 train_loss=2.243984e-02 train_mse=4.906427e-03 train_cos=0.996089 train_nmse=-21.166dB train_rec=0.000000e+00 train_recT=1.233976e-06 train_fc=2.542750e-03 train_decoder_tail=0.000000e+00
I 07.01/18:13:39 train_mapper.py:622 ] epoch=0156 train_loss=2.234103e-02 train_mse=4.880999e-03 train_cos=0.996108 train_nmse=-21.189dB train_rec=0.000000e+00 train_recT=1.223084e-06 train_fc=2.527417e-03 train_decoder_tail=0.000000e+00
I 07.01/18:14:41 train_mapper.py:622 ] epoch=0157 train_loss=2.236808e-02 train_mse=4.886378e-03 train_cos=0.996101 train_nmse=-21.184dB train_rec=0.000000e+00 train_recT=1.221550e-06 train_fc=2.530537e-03 train_decoder_tail=0.000000e+00
I 07.01/18:15:42 train_mapper.py:622 ] epoch=0158 train_loss=2.222799e-02 train_mse=4.851946e-03 train_cos=0.996131 train_nmse=-21.215dB train_rec=0.000000e+00 train_recT=1.213450e-06 train_fc=2.516880e-03 train_decoder_tail=0.000000e+00
I 07.01/18:16:46 train_mapper.py:622 ] epoch=0159 train_loss=2.219087e-02 train_mse=4.842419e-03 train_cos=0.996140 train_nmse=-21.223dB train_rec=0.000000e+00 train_recT=1.218010e-06 train_fc=2.510391e-03 train_decoder_tail=0.000000e+00
I 07.01/18:17:50 train_mapper.py:622 ] epoch=0160 train_loss=2.224160e-02 train_mse=4.852898e-03 train_cos=0.996128 train_nmse=-21.214dB train_rec=0.000000e+00 train_recT=1.213443e-06 train_fc=2.514252e-03 train_decoder_tail=0.000000e+00
I 07.01/18:18:53 train_mapper.py:622 ] epoch=0161 train_loss=2.202137e-02 train_mse=4.799292e-03 train_cos=0.996173 train_nmse=-21.262dB train_rec=0.000000e+00 train_recT=1.204895e-06 train_fc=2.487913e-03 train_decoder_tail=0.000000e+00
I 07.01/18:19:56 train_mapper.py:622 ] epoch=0162 train_loss=2.194876e-02 train_mse=4.780120e-03 train_cos=0.996187 train_nmse=-21.279dB train_rec=0.000000e+00 train_recT=1.193895e-06 train_fc=2.473763e-03 train_decoder_tail=0.000000e+00
I 07.01/18:20:59 train_mapper.py:622 ] epoch=0163 train_loss=2.191640e-02 train_mse=4.771532e-03 train_cos=0.996192 train_nmse=-21.287dB train_rec=0.000000e+00 train_recT=1.189893e-06 train_fc=2.471085e-03 train_decoder_tail=0.000000e+00
I 07.01/18:22:06 train_mapper.py:622 ] epoch=0164 train_loss=2.192347e-02 train_mse=4.772226e-03 train_cos=0.996191 train_nmse=-21.287dB train_rec=0.000000e+00 train_recT=1.192521e-06 train_fc=2.471173e-03 train_decoder_tail=0.000000e+00
I 07.01/18:23:12 train_mapper.py:622 ] epoch=0165 train_loss=2.182616e-02 train_mse=4.748220e-03 train_cos=0.996213 train_nmse=-21.308dB train_rec=0.000000e+00 train_recT=1.187436e-06 train_fc=2.458257e-03 train_decoder_tail=0.000000e+00
I 07.01/18:24:17 train_mapper.py:622 ] epoch=0166 train_loss=2.175114e-02 train_mse=4.729085e-03 train_cos=0.996227 train_nmse=-21.326dB train_rec=0.000000e+00 train_recT=1.179837e-06 train_fc=2.449668e-03 train_decoder_tail=0.000000e+00
I 07.01/18:25:24 train_mapper.py:622 ] epoch=0167 train_loss=2.177391e-02 train_mse=4.733732e-03 train_cos=0.996223 train_nmse=-21.322dB train_rec=0.000000e+00 train_recT=1.183755e-06 train_fc=2.451848e-03 train_decoder_tail=0.000000e+00
I 07.01/18:26:28 train_mapper.py:622 ] epoch=0168 train_loss=2.170629e-02 train_mse=4.717183e-03 train_cos=0.996237 train_nmse=-21.337dB train_rec=0.000000e+00 train_recT=1.178308e-06 train_fc=2.444348e-03 train_decoder_tail=0.000000e+00
I 07.01/18:27:29 train_mapper.py:622 ] epoch=0169 train_loss=2.162179e-02 train_mse=4.695566e-03 train_cos=0.996253 train_nmse=-21.357dB train_rec=0.000000e+00 train_recT=1.170479e-06 train_fc=2.431857e-03 train_decoder_tail=0.000000e+00
I 07.01/18:28:32 train_mapper.py:622 ] epoch=0170 train_loss=2.152503e-02 train_mse=4.671802e-03 train_cos=0.996269 train_nmse=-21.379dB train_rec=0.000000e+00 train_recT=1.161782e-06 train_fc=2.418319e-03 train_decoder_tail=0.000000e+00
I 07.01/18:29:34 train_mapper.py:622 ] epoch=0171 train_loss=2.148797e-02 train_mse=4.661238e-03 train_cos=0.996277 train_nmse=-21.389dB train_rec=0.000000e+00 train_recT=1.160029e-06 train_fc=2.409917e-03 train_decoder_tail=0.000000e+00
I 07.01/18:30:38 train_mapper.py:622 ] epoch=0172 train_loss=2.138757e-02 train_mse=4.636785e-03 train_cos=0.996298 train_nmse=-21.412dB train_rec=0.000000e+00 train_recT=1.151060e-06 train_fc=2.397663e-03 train_decoder_tail=0.000000e+00
I 07.01/18:31:43 train_mapper.py:622 ] epoch=0173 train_loss=2.126936e-02 train_mse=4.607288e-03 train_cos=0.996321 train_nmse=-21.439dB train_rec=0.000000e+00 train_recT=1.143413e-06 train_fc=2.380848e-03 train_decoder_tail=0.000000e+00
I 07.01/18:32:47 train_mapper.py:622 ] epoch=0174 train_loss=2.125351e-02 train_mse=4.602729e-03 train_cos=0.996324 train_nmse=-21.444dB train_rec=0.000000e+00 train_recT=1.144754e-06 train_fc=2.378411e-03 train_decoder_tail=0.000000e+00
I 07.01/18:34:00 train_mapper.py:622 ] epoch=0175 train_loss=2.130985e-02 train_mse=4.616920e-03 train_cos=0.996316 train_nmse=-21.430dB train_rec=0.000000e+00 train_recT=1.149412e-06 train_fc=2.390206e-03 train_decoder_tail=0.000000e+00
I 07.01/18:35:04 train_mapper.py:622 ] epoch=0176 train_loss=2.119187e-02 train_mse=4.587400e-03 train_cos=0.996340 train_nmse=-21.458dB train_rec=0.000000e+00 train_recT=1.138752e-06 train_fc=2.372577e-03 train_decoder_tail=0.000000e+00
I 07.01/18:36:06 train_mapper.py:622 ] epoch=0177 train_loss=2.116949e-02 train_mse=4.580749e-03 train_cos=0.996343 train_nmse=-21.465dB train_rec=0.000000e+00 train_recT=1.135739e-06 train_fc=2.369787e-03 train_decoder_tail=0.000000e+00
I 07.01/18:37:10 train_mapper.py:622 ] epoch=0178 train_loss=2.114145e-02 train_mse=4.573448e-03 train_cos=0.996350 train_nmse=-21.471dB train_rec=0.000000e+00 train_recT=1.138732e-06 train_fc=2.366674e-03 train_decoder_tail=0.000000e+00
I 07.01/18:38:15 train_mapper.py:622 ] epoch=0179 train_loss=2.108596e-02 train_mse=4.559597e-03 train_cos=0.996359 train_nmse=-21.485dB train_rec=0.000000e+00 train_recT=1.128201e-06 train_fc=2.359572e-03 train_decoder_tail=0.000000e+00
I 07.01/18:39:26 train_mapper.py:622 ] epoch=0180 train_loss=2.104712e-02 train_mse=4.549796e-03 train_cos=0.996368 train_nmse=-21.494dB train_rec=0.000000e+00 train_recT=1.130812e-06 train_fc=2.352031e-03 train_decoder_tail=0.000000e+00
I 07.01/18:40:28 train_mapper.py:622 ] epoch=0181 train_loss=2.093112e-02 train_mse=4.521342e-03 train_cos=0.996390 train_nmse=-21.521dB train_rec=0.000000e+00 train_recT=1.122287e-06 train_fc=2.337647e-03 train_decoder_tail=0.000000e+00
I 07.01/18:41:29 train_mapper.py:622 ] epoch=0182 train_loss=2.088465e-02 train_mse=4.509053e-03 train_cos=0.996398 train_nmse=-21.533dB train_rec=0.000000e+00 train_recT=1.116607e-06 train_fc=2.329754e-03 train_decoder_tail=0.000000e+00
I 07.01/18:42:35 train_mapper.py:622 ] epoch=0183 train_loss=2.078376e-02 train_mse=4.484939e-03 train_cos=0.996419 train_nmse=-21.556dB train_rec=0.000000e+00 train_recT=1.113250e-06 train_fc=2.317729e-03 train_decoder_tail=0.000000e+00
I 07.01/18:43:37 train_mapper.py:622 ] epoch=0184 train_loss=2.082147e-02 train_mse=4.492915e-03 train_cos=0.996412 train_nmse=-21.548dB train_rec=0.000000e+00 train_recT=1.114292e-06 train_fc=2.321949e-03 train_decoder_tail=0.000000e+00
I 07.01/18:44:38 train_mapper.py:622 ] epoch=0185 train_loss=2.070230e-02 train_mse=4.464399e-03 train_cos=0.996436 train_nmse=-21.576dB train_rec=0.000000e+00 train_recT=1.107952e-06 train_fc=2.306207e-03 train_decoder_tail=0.000000e+00
I 07.01/18:45:41 train_mapper.py:622 ] epoch=0186 train_loss=2.073708e-02 train_mse=4.471361e-03 train_cos=0.996428 train_nmse=-21.569dB train_rec=0.000000e+00 train_recT=1.108887e-06 train_fc=2.311177e-03 train_decoder_tail=0.000000e+00
I 07.01/18:46:40 train_mapper.py:622 ] epoch=0187 train_loss=2.067385e-02 train_mse=4.455891e-03 train_cos=0.996441 train_nmse=-21.584dB train_rec=0.000000e+00 train_recT=1.102996e-06 train_fc=2.304380e-03 train_decoder_tail=0.000000e+00
I 07.01/18:47:45 train_mapper.py:622 ] epoch=0188 train_loss=2.057517e-02 train_mse=4.432325e-03 train_cos=0.996460 train_nmse=-21.607dB train_rec=0.000000e+00 train_recT=1.096336e-06 train_fc=2.289574e-03 train_decoder_tail=0.000000e+00
I 07.01/18:48:49 train_mapper.py:622 ] epoch=0189 train_loss=2.059293e-02 train_mse=4.434847e-03 train_cos=0.996456 train_nmse=-21.605dB train_rec=0.000000e+00 train_recT=1.098717e-06 train_fc=2.291361e-03 train_decoder_tail=0.000000e+00
I 07.01/18:49:49 train_mapper.py:622 ] epoch=0190 train_loss=2.056058e-02 train_mse=4.427241e-03 train_cos=0.996463 train_nmse=-21.612dB train_rec=0.000000e+00 train_recT=1.089768e-06 train_fc=2.286216e-03 train_decoder_tail=0.000000e+00
I 07.01/18:50:51 train_mapper.py:622 ] epoch=0191 train_loss=2.045639e-02 train_mse=4.401994e-03 train_cos=0.996484 train_nmse=-21.638dB train_rec=0.000000e+00 train_recT=1.087886e-06 train_fc=2.275348e-03 train_decoder_tail=0.000000e+00
I 07.01/18:51:54 train_mapper.py:622 ] epoch=0192 train_loss=2.040583e-02 train_mse=4.389280e-03 train_cos=0.996495 train_nmse=-21.650dB train_rec=0.000000e+00 train_recT=1.086729e-06 train_fc=2.266943e-03 train_decoder_tail=0.000000e+00
I 07.01/18:52:58 train_mapper.py:622 ] epoch=0193 train_loss=2.037446e-02 train_mse=4.381417e-03 train_cos=0.996499 train_nmse=-21.658dB train_rec=0.000000e+00 train_recT=1.082417e-06 train_fc=2.264370e-03 train_decoder_tail=0.000000e+00
I 07.01/18:54:00 train_mapper.py:622 ] epoch=0194 train_loss=2.028295e-02 train_mse=4.359575e-03 train_cos=0.996519 train_nmse=-21.679dB train_rec=0.000000e+00 train_recT=1.077058e-06 train_fc=2.251104e-03 train_decoder_tail=0.000000e+00
I 07.01/18:55:05 train_mapper.py:622 ] epoch=0195 train_loss=2.029826e-02 train_mse=4.362414e-03 train_cos=0.996517 train_nmse=-21.676dB train_rec=0.000000e+00 train_recT=1.077347e-06 train_fc=2.251355e-03 train_decoder_tail=0.000000e+00
I 07.01/18:56:02 train_mapper.py:622 ] epoch=0196 train_loss=2.026691e-02 train_mse=4.353933e-03 train_cos=0.996520 train_nmse=-21.685dB train_rec=0.000000e+00 train_recT=1.072038e-06 train_fc=2.245845e-03 train_decoder_tail=0.000000e+00
I 07.01/18:57:04 train_mapper.py:622 ] epoch=0197 train_loss=2.010898e-02 train_mse=4.317116e-03 train_cos=0.996554 train_nmse=-21.722dB train_rec=0.000000e+00 train_recT=1.066832e-06 train_fc=2.226773e-03 train_decoder_tail=0.000000e+00
I 07.01/18:58:08 train_mapper.py:622 ] epoch=0198 train_loss=2.024749e-02 train_mse=4.348232e-03 train_cos=0.996525 train_nmse=-21.690dB train_rec=0.000000e+00 train_recT=1.074482e-06 train_fc=2.243619e-03 train_decoder_tail=0.000000e+00
I 07.01/18:59:09 train_mapper.py:622 ] epoch=0199 train_loss=2.011455e-02 train_mse=4.316811e-03 train_cos=0.996552 train_nmse=-21.722dB train_rec=0.000000e+00 train_recT=1.063012e-06 train_fc=2.231488e-03 train_decoder_tail=0.000000e+00
I 07.01/19:00:11 train_mapper.py:622 ] epoch=0200 train_loss=2.009428e-02 train_mse=4.311495e-03 train_cos=0.996556 train_nmse=-21.727dB train_rec=0.000000e+00 train_recT=1.063331e-06 train_fc=2.227095e-03 train_decoder_tail=0.000000e+00
I 07.01/19:01:14 train_mapper.py:622 ] epoch=0201 train_loss=2.004480e-02 train_mse=4.299609e-03 train_cos=0.996566 train_nmse=-21.739dB train_rec=0.000000e+00 train_recT=1.061915e-06 train_fc=2.219790e-03 train_decoder_tail=0.000000e+00
I 07.01/19:02:19 train_mapper.py:622 ] epoch=0202 train_loss=2.000956e-02 train_mse=4.290860e-03 train_cos=0.996572 train_nmse=-21.749dB train_rec=0.000000e+00 train_recT=1.058435e-06 train_fc=2.216006e-03 train_decoder_tail=0.000000e+00
I 07.01/19:03:19 train_mapper.py:622 ] epoch=0203 train_loss=1.990512e-02 train_mse=4.265240e-03 train_cos=0.996591 train_nmse=-21.774dB train_rec=0.000000e+00 train_recT=1.049476e-06 train_fc=2.201898e-03 train_decoder_tail=0.000000e+00
I 07.01/19:04:24 train_mapper.py:622 ] epoch=0204 train_loss=1.994672e-02 train_mse=4.274486e-03 train_cos=0.996582 train_nmse=-21.765dB train_rec=0.000000e+00 train_recT=1.049659e-06 train_fc=2.207843e-03 train_decoder_tail=0.000000e+00
I 07.01/19:05:24 train_mapper.py:622 ] epoch=0205 train_loss=1.982098e-02 train_mse=4.244139e-03 train_cos=0.996607 train_nmse=-21.796dB train_rec=0.000000e+00 train_recT=1.043697e-06 train_fc=2.189886e-03 train_decoder_tail=0.000000e+00
I 07.01/19:06:25 train_mapper.py:622 ] epoch=0206 train_loss=1.979363e-02 train_mse=4.237339e-03 train_cos=0.996613 train_nmse=-21.803dB train_rec=0.000000e+00 train_recT=1.042950e-06 train_fc=2.187402e-03 train_decoder_tail=0.000000e+00
I 07.01/19:07:26 train_mapper.py:622 ] epoch=0207 train_loss=1.972548e-02 train_mse=4.221304e-03 train_cos=0.996628 train_nmse=-21.819dB train_rec=0.000000e+00 train_recT=1.037385e-06 train_fc=2.175627e-03 train_decoder_tail=0.000000e+00
I 07.01/19:08:27 train_mapper.py:622 ] epoch=0208 train_loss=1.971033e-02 train_mse=4.217017e-03 train_cos=0.996630 train_nmse=-21.824dB train_rec=0.000000e+00 train_recT=1.034906e-06 train_fc=2.174859e-03 train_decoder_tail=0.000000e+00
I 07.01/19:09:30 train_mapper.py:622 ] epoch=0209 train_loss=1.971478e-02 train_mse=4.218214e-03 train_cos=0.996630 train_nmse=-21.823dB train_rec=0.000000e+00 train_recT=1.035396e-06 train_fc=2.177376e-03 train_decoder_tail=0.000000e+00
I 07.01/19:10:31 train_mapper.py:622 ] epoch=0210 train_loss=1.969837e-02 train_mse=4.213160e-03 train_cos=0.996632 train_nmse=-21.828dB train_rec=0.000000e+00 train_recT=1.035147e-06 train_fc=2.172361e-03 train_decoder_tail=0.000000e+00
I 07.01/19:11:34 train_mapper.py:622 ] epoch=0211 train_loss=1.958839e-02 train_mse=4.186936e-03 train_cos=0.996654 train_nmse=-21.855dB train_rec=0.000000e+00 train_recT=1.027026e-06 train_fc=2.158813e-03 train_decoder_tail=0.000000e+00
I 07.01/19:12:38 train_mapper.py:622 ] epoch=0212 train_loss=1.959478e-02 train_mse=4.187718e-03 train_cos=0.996652 train_nmse=-21.854dB train_rec=0.000000e+00 train_recT=1.028915e-06 train_fc=2.159375e-03 train_decoder_tail=0.000000e+00
I 07.01/19:13:39 train_mapper.py:622 ] epoch=0213 train_loss=1.948329e-02 train_mse=4.162023e-03 train_cos=0.996675 train_nmse=-21.881dB train_rec=0.000000e+00 train_recT=1.022407e-06 train_fc=2.148016e-03 train_decoder_tail=0.000000e+00
I 07.01/19:14:40 train_mapper.py:622 ] epoch=0214 train_loss=1.957399e-02 train_mse=4.181927e-03 train_cos=0.996655 train_nmse=-21.860dB train_rec=0.000000e+00 train_recT=1.025250e-06 train_fc=2.156762e-03 train_decoder_tail=0.000000e+00
I 07.01/19:15:42 train_mapper.py:622 ] epoch=0215 train_loss=1.946769e-02 train_mse=4.157543e-03 train_cos=0.996678 train_nmse=-21.885dB train_rec=0.000000e+00 train_recT=1.023148e-06 train_fc=2.144579e-03 train_decoder_tail=0.000000e+00
I 07.01/19:16:43 train_mapper.py:622 ] epoch=0216 train_loss=1.943074e-02 train_mse=4.147780e-03 train_cos=0.996684 train_nmse=-21.896dB train_rec=0.000000e+00 train_recT=1.018597e-06 train_fc=2.139775e-03 train_decoder_tail=0.000000e+00
I 07.01/19:17:45 train_mapper.py:622 ] epoch=0217 train_loss=1.936737e-02 train_mse=4.133187e-03 train_cos=0.996697 train_nmse=-21.911dB train_rec=0.000000e+00 train_recT=1.013536e-06 train_fc=2.134009e-03 train_decoder_tail=0.000000e+00
I 07.01/19:18:49 train_mapper.py:622 ] epoch=0218 train_loss=1.932080e-02 train_mse=4.121242e-03 train_cos=0.996704 train_nmse=-21.924dB train_rec=0.000000e+00 train_recT=1.007133e-06 train_fc=2.123649e-03 train_decoder_tail=0.000000e+00
I 07.01/19:19:53 train_mapper.py:622 ] epoch=0219 train_loss=1.927313e-02 train_mse=4.110307e-03 train_cos=0.996715 train_nmse=-21.935dB train_rec=0.000000e+00 train_recT=1.006795e-06 train_fc=2.119682e-03 train_decoder_tail=0.000000e+00
I 07.01/19:20:55 train_mapper.py:622 ] epoch=0220 train_loss=1.922909e-02 train_mse=4.099070e-03 train_cos=0.996722 train_nmse=-21.947dB train_rec=0.000000e+00 train_recT=1.001450e-06 train_fc=2.113393e-03 train_decoder_tail=0.000000e+00
I 07.01/19:21:57 train_mapper.py:622 ] epoch=0221 train_loss=1.928043e-02 train_mse=4.110501e-03 train_cos=0.996713 train_nmse=-21.935dB train_rec=0.000000e+00 train_recT=1.007438e-06 train_fc=2.117452e-03 train_decoder_tail=0.000000e+00
I 07.01/19:22:59 train_mapper.py:622 ] epoch=0222 train_loss=1.912997e-02 train_mse=4.075516e-03 train_cos=0.996743 train_nmse=-21.972dB train_rec=0.000000e+00 train_recT=9.996532e-07 train_fc=2.100308e-03 train_decoder_tail=0.000000e+00
I 07.01/19:24:06 train_mapper.py:622 ] epoch=0223 train_loss=1.911553e-02 train_mse=4.071630e-03 train_cos=0.996745 train_nmse=-21.976dB train_rec=0.000000e+00 train_recT=9.964676e-07 train_fc=2.096324e-03 train_decoder_tail=0.000000e+00
I 07.01/19:25:08 train_mapper.py:622 ] epoch=0224 train_loss=1.912618e-02 train_mse=4.073902e-03 train_cos=0.996744 train_nmse=-21.973dB train_rec=0.000000e+00 train_recT=1.000476e-06 train_fc=2.100623e-03 train_decoder_tail=0.000000e+00
I 07.01/19:26:09 train_mapper.py:622 ] epoch=0225 train_loss=1.909262e-02 train_mse=4.065555e-03 train_cos=0.996749 train_nmse=-21.983dB train_rec=0.000000e+00 train_recT=9.926925e-07 train_fc=2.095252e-03 train_decoder_tail=0.000000e+00
I 07.01/19:27:14 train_mapper.py:622 ] epoch=0226 train_loss=1.903516e-02 train_mse=4.051891e-03 train_cos=0.996760 train_nmse=-21.997dB train_rec=0.000000e+00 train_recT=9.878694e-07 train_fc=2.087247e-03 train_decoder_tail=0.000000e+00
I 07.01/19:28:18 train_mapper.py:622 ] epoch=0227 train_loss=1.912044e-02 train_mse=4.070936e-03 train_cos=0.996744 train_nmse=-21.977dB train_rec=0.000000e+00 train_recT=9.933322e-07 train_fc=2.101172e-03 train_decoder_tail=0.000000e+00
I 07.01/19:29:18 train_mapper.py:622 ] epoch=0228 train_loss=1.896622e-02 train_mse=4.035330e-03 train_cos=0.996776 train_nmse=-22.015dB train_rec=0.000000e+00 train_recT=9.866172e-07 train_fc=2.080569e-03 train_decoder_tail=0.000000e+00
I 07.01/19:30:21 train_mapper.py:622 ] epoch=0229 train_loss=1.895747e-02 train_mse=4.032510e-03 train_cos=0.996777 train_nmse=-22.018dB train_rec=0.000000e+00 train_recT=9.861697e-07 train_fc=2.078532e-03 train_decoder_tail=0.000000e+00
I 07.01/19:31:23 train_mapper.py:622 ] epoch=0230 train_loss=1.890970e-02 train_mse=4.020727e-03 train_cos=0.996784 train_nmse=-22.031dB train_rec=0.000000e+00 train_recT=9.804448e-07 train_fc=2.071011e-03 train_decoder_tail=0.000000e+00
I 07.01/19:32:29 train_mapper.py:622 ] epoch=0231 train_loss=1.883995e-02 train_mse=4.004255e-03 train_cos=0.996799 train_nmse=-22.048dB train_rec=0.000000e+00 train_recT=9.765688e-07 train_fc=2.062429e-03 train_decoder_tail=0.000000e+00
I 07.01/19:33:33 train_mapper.py:622 ] epoch=0232 train_loss=1.881439e-02 train_mse=3.998172e-03 train_cos=0.996803 train_nmse=-22.055dB train_rec=0.000000e+00 train_recT=9.752533e-07 train_fc=2.058758e-03 train_decoder_tail=0.000000e+00
I 07.01/19:34:38 train_mapper.py:622 ] epoch=0233 train_loss=1.878887e-02 train_mse=3.991572e-03 train_cos=0.996806 train_nmse=-22.062dB train_rec=0.000000e+00 train_recT=9.700243e-07 train_fc=2.054868e-03 train_decoder_tail=0.000000e+00
I 07.01/19:35:42 train_mapper.py:622 ] epoch=0234 train_loss=1.874922e-02 train_mse=3.982586e-03 train_cos=0.996815 train_nmse=-22.072dB train_rec=0.000000e+00 train_recT=9.703046e-07 train_fc=2.053890e-03 train_decoder_tail=0.000000e+00
I 07.01/19:36:42 train_mapper.py:622 ] epoch=0235 train_loss=1.877404e-02 train_mse=3.988187e-03 train_cos=0.996812 train_nmse=-22.066dB train_rec=0.000000e+00 train_recT=9.724964e-07 train_fc=2.055137e-03 train_decoder_tail=0.000000e+00
I 07.01/19:37:42 train_mapper.py:622 ] epoch=0236 train_loss=1.872334e-02 train_mse=3.975871e-03 train_cos=0.996820 train_nmse=-22.079dB train_rec=0.000000e+00 train_recT=9.686836e-07 train_fc=2.049178e-03 train_decoder_tail=0.000000e+00
I 07.01/19:38:45 train_mapper.py:622 ] epoch=0237 train_loss=1.869508e-02 train_mse=3.969082e-03 train_cos=0.996827 train_nmse=-22.087dB train_rec=0.000000e+00 train_recT=9.711657e-07 train_fc=2.045854e-03 train_decoder_tail=0.000000e+00
I 07.01/19:39:47 train_mapper.py:622 ] epoch=0238 train_loss=1.864990e-02 train_mse=3.957615e-03 train_cos=0.996835 train_nmse=-22.099dB train_rec=0.000000e+00 train_recT=9.640870e-07 train_fc=2.035901e-03 train_decoder_tail=0.000000e+00
I 07.01/19:40:50 train_mapper.py:622 ] epoch=0239 train_loss=1.863578e-02 train_mse=3.954236e-03 train_cos=0.996838 train_nmse=-22.103dB train_rec=0.000000e+00 train_recT=9.669979e-07 train_fc=2.038081e-03 train_decoder_tail=0.000000e+00
I 07.01/19:41:52 train_mapper.py:622 ] epoch=0240 train_loss=1.851998e-02 train_mse=3.927425e-03 train_cos=0.996860 train_nmse=-22.133dB train_rec=0.000000e+00 train_recT=9.577882e-07 train_fc=2.023115e-03 train_decoder_tail=0.000000e+00
I 07.01/19:42:54 train_mapper.py:622 ] epoch=0241 train_loss=1.850437e-02 train_mse=3.923127e-03 train_cos=0.996860 train_nmse=-22.137dB train_rec=0.000000e+00 train_recT=9.526183e-07 train_fc=2.017776e-03 train_decoder_tail=0.000000e+00
I 07.01/19:43:54 train_mapper.py:622 ] epoch=0242 train_loss=1.842678e-02 train_mse=3.905063e-03 train_cos=0.996876 train_nmse=-22.157dB train_rec=0.000000e+00 train_recT=9.481615e-07 train_fc=2.009971e-03 train_decoder_tail=0.000000e+00
I 07.01/19:44:57 train_mapper.py:622 ] epoch=0243 train_loss=1.844893e-02 train_mse=3.909321e-03 train_cos=0.996871 train_nmse=-22.153dB train_rec=0.000000e+00 train_recT=9.488876e-07 train_fc=2.009974e-03 train_decoder_tail=0.000000e+00
I 07.01/19:46:00 train_mapper.py:622 ] epoch=0244 train_loss=1.843057e-02 train_mse=3.905676e-03 train_cos=0.996878 train_nmse=-22.157dB train_rec=0.000000e+00 train_recT=9.527050e-07 train_fc=2.011114e-03 train_decoder_tail=0.000000e+00
I 07.01/19:47:00 train_mapper.py:622 ] epoch=0245 train_loss=1.845719e-02 train_mse=3.911213e-03 train_cos=0.996871 train_nmse=-22.151dB train_rec=0.000000e+00 train_recT=9.517612e-07 train_fc=2.013646e-03 train_decoder_tail=0.000000e+00
I 07.01/19:48:03 train_mapper.py:622 ] epoch=0246 train_loss=1.839119e-02 train_mse=3.895744e-03 train_cos=0.996885 train_nmse=-22.168dB train_rec=0.000000e+00 train_recT=9.462513e-07 train_fc=2.004805e-03 train_decoder_tail=0.000000e+00
I 07.01/19:49:06 train_mapper.py:622 ] epoch=0247 train_loss=1.830222e-02 train_mse=3.875063e-03 train_cos=0.996901 train_nmse=-22.191dB train_rec=0.000000e+00 train_recT=9.440107e-07 train_fc=1.994295e-03 train_decoder_tail=0.000000e+00
I 07.01/19:50:09 train_mapper.py:622 ] epoch=0248 train_loss=1.822326e-02 train_mse=3.856267e-03 train_cos=0.996915 train_nmse=-22.212dB train_rec=0.000000e+00 train_recT=9.378633e-07 train_fc=1.983487e-03 train_decoder_tail=0.000000e+00
I 07.01/19:51:14 train_mapper.py:622 ] epoch=0249 train_loss=1.827315e-02 train_mse=3.867295e-03 train_cos=0.996906 train_nmse=-22.200dB train_rec=0.000000e+00 train_recT=9.389583e-07 train_fc=1.987756e-03 train_decoder_tail=0.000000e+00
I 07.01/19:52:17 train_mapper.py:622 ] epoch=0250 train_loss=1.828299e-02 train_mse=3.869109e-03 train_cos=0.996904 train_nmse=-22.197dB train_rec=0.000000e+00 train_recT=9.416064e-07 train_fc=1.993071e-03 train_decoder_tail=0.000000e+00
I 07.01/19:53:17 train_mapper.py:622 ] epoch=0251 train_loss=1.821480e-02 train_mse=3.853419e-03 train_cos=0.996918 train_nmse=-22.215dB train_rec=0.000000e+00 train_recT=9.369593e-07 train_fc=1.986094e-03 train_decoder_tail=0.000000e+00
I 07.01/19:54:18 train_mapper.py:622 ] epoch=0252 train_loss=1.816985e-02 train_mse=3.842508e-03 train_cos=0.996926 train_nmse=-22.227dB train_rec=0.000000e+00 train_recT=9.329788e-07 train_fc=1.978301e-03 train_decoder_tail=0.000000e+00
I 07.01/19:55:21 train_mapper.py:622 ] epoch=0253 train_loss=1.816178e-02 train_mse=3.840402e-03 train_cos=0.996926 train_nmse=-22.230dB train_rec=0.000000e+00 train_recT=9.297688e-07 train_fc=1.975189e-03 train_decoder_tail=0.000000e+00
I 07.01/19:56:22 train_mapper.py:622 ] epoch=0254 train_loss=1.811965e-02 train_mse=3.830845e-03 train_cos=0.996934 train_nmse=-22.241dB train_rec=0.000000e+00 train_recT=9.296193e-07 train_fc=1.972974e-03 train_decoder_tail=0.000000e+00
I 07.01/19:57:25 train_mapper.py:622 ] epoch=0255 train_loss=1.806328e-02 train_mse=3.817674e-03 train_cos=0.996947 train_nmse=-22.256dB train_rec=0.000000e+00 train_recT=9.276253e-07 train_fc=1.964784e-03 train_decoder_tail=0.000000e+00
I 07.01/19:58:29 train_mapper.py:622 ] epoch=0256 train_loss=1.807556e-02 train_mse=3.819928e-03 train_cos=0.996943 train_nmse=-22.253dB train_rec=0.000000e+00 train_recT=9.267637e-07 train_fc=1.964922e-03 train_decoder_tail=0.000000e+00
I 07.01/19:59:31 train_mapper.py:622 ] epoch=0257 train_loss=1.800650e-02 train_mse=3.803416e-03 train_cos=0.996956 train_nmse=-22.272dB train_rec=0.000000e+00 train_recT=9.210078e-07 train_fc=1.954033e-03 train_decoder_tail=0.000000e+00
I 07.01/20:00:34 train_mapper.py:622 ] epoch=0258 train_loss=1.793769e-02 train_mse=3.787786e-03 train_cos=0.996968 train_nmse=-22.290dB train_rec=0.000000e+00 train_recT=9.149100e-07 train_fc=1.946142e-03 train_decoder_tail=0.000000e+00
I 07.01/20:01:37 train_mapper.py:622 ] epoch=0259 train_loss=1.799813e-02 train_mse=3.801349e-03 train_cos=0.996957 train_nmse=-22.274dB train_rec=0.000000e+00 train_recT=9.193853e-07 train_fc=1.955228e-03 train_decoder_tail=0.000000e+00
I 07.01/20:02:39 train_mapper.py:622 ] epoch=0260 train_loss=1.795381e-02 train_mse=3.790927e-03 train_cos=0.996966 train_nmse=-22.286dB train_rec=0.000000e+00 train_recT=9.166579e-07 train_fc=1.948391e-03 train_decoder_tail=0.000000e+00
I 07.01/20:03:41 train_mapper.py:622 ] epoch=0261 train_loss=1.787135e-02 train_mse=3.772346e-03 train_cos=0.996983 train_nmse=-22.308dB train_rec=0.000000e+00 train_recT=9.121772e-07 train_fc=1.940291e-03 train_decoder_tail=0.000000e+00
I 07.01/20:04:42 train_mapper.py:622 ] epoch=0262 train_loss=1.790017e-02 train_mse=3.778200e-03 train_cos=0.996977 train_nmse=-22.301dB train_rec=0.000000e+00 train_recT=9.144621e-07 train_fc=1.944458e-03 train_decoder_tail=0.000000e+00
I 07.01/20:05:40 train_mapper.py:622 ] epoch=0263 train_loss=1.787360e-02 train_mse=3.772052e-03 train_cos=0.996982 train_nmse=-22.308dB train_rec=0.000000e+00 train_recT=9.121847e-07 train_fc=1.940981e-03 train_decoder_tail=0.000000e+00
I 07.01/20:06:41 train_mapper.py:622 ] epoch=0264 train_loss=1.782990e-02 train_mse=3.761624e-03 train_cos=0.996991 train_nmse=-22.320dB train_rec=0.000000e+00 train_recT=9.097809e-07 train_fc=1.936838e-03 train_decoder_tail=0.000000e+00
I 07.01/20:07:46 train_mapper.py:622 ] epoch=0265 train_loss=1.783712e-02 train_mse=3.762880e-03 train_cos=0.996990 train_nmse=-22.319dB train_rec=0.000000e+00 train_recT=9.135495e-07 train_fc=1.934811e-03 train_decoder_tail=0.000000e+00
I 07.01/20:08:47 train_mapper.py:622 ] epoch=0266 train_loss=1.774174e-02 train_mse=3.741169e-03 train_cos=0.997007 train_nmse=-22.344dB train_rec=0.000000e+00 train_recT=9.047045e-07 train_fc=1.923388e-03 train_decoder_tail=0.000000e+00
I 07.01/20:09:51 train_mapper.py:622 ] epoch=0267 train_loss=1.771864e-02 train_mse=3.735353e-03 train_cos=0.997011 train_nmse=-22.350dB train_rec=0.000000e+00 train_recT=9.050142e-07 train_fc=1.921652e-03 train_decoder_tail=0.000000e+00
I 07.01/20:10:53 train_mapper.py:622 ] epoch=0268 train_loss=1.769241e-02 train_mse=3.729219e-03 train_cos=0.997015 train_nmse=-22.357dB train_rec=0.000000e+00 train_recT=9.021757e-07 train_fc=1.917575e-03 train_decoder_tail=0.000000e+00
I 07.01/20:11:55 train_mapper.py:622 ] epoch=0269 train_loss=1.770780e-02 train_mse=3.731961e-03 train_cos=0.997012 train_nmse=-22.354dB train_rec=0.000000e+00 train_recT=9.040581e-07 train_fc=1.918453e-03 train_decoder_tail=0.000000e+00
I 07.01/20:12:57 train_mapper.py:622 ] epoch=0270 train_loss=1.767833e-02 train_mse=3.725022e-03 train_cos=0.997017 train_nmse=-22.362dB train_rec=0.000000e+00 train_recT=9.000969e-07 train_fc=1.914942e-03 train_decoder_tail=0.000000e+00
I 07.01/20:13:59 train_mapper.py:622 ] epoch=0271 train_loss=1.762599e-02 train_mse=3.713524e-03 train_cos=0.997028 train_nmse=-22.376dB train_rec=0.000000e+00 train_recT=8.964443e-07 train_fc=1.908463e-03 train_decoder_tail=0.000000e+00
I 07.01/20:15:02 train_mapper.py:622 ] epoch=0272 train_loss=1.757635e-02 train_mse=3.701849e-03 train_cos=0.997038 train_nmse=-22.389dB train_rec=0.000000e+00 train_recT=8.932298e-07 train_fc=1.902504e-03 train_decoder_tail=0.000000e+00
I 07.01/20:16:06 train_mapper.py:622 ] epoch=0273 train_loss=1.762359e-02 train_mse=3.711872e-03 train_cos=0.997028 train_nmse=-22.378dB train_rec=0.000000e+00 train_recT=8.979762e-07 train_fc=1.908677e-03 train_decoder_tail=0.000000e+00
I 07.01/20:17:08 train_mapper.py:622 ] epoch=0274 train_loss=1.752757e-02 train_mse=3.690331e-03 train_cos=0.997048 train_nmse=-22.403dB train_rec=0.000000e+00 train_recT=8.913743e-07 train_fc=1.898047e-03 train_decoder_tail=0.000000e+00
I 07.01/20:18:11 train_mapper.py:622 ] epoch=0275 train_loss=1.752531e-02 train_mse=3.689335e-03 train_cos=0.997047 train_nmse=-22.404dB train_rec=0.000000e+00 train_recT=8.894271e-07 train_fc=1.895463e-03 train_decoder_tail=0.000000e+00
I 07.01/20:19:14 train_mapper.py:622 ] epoch=0276 train_loss=1.753511e-02 train_mse=3.690990e-03 train_cos=0.997044 train_nmse=-22.402dB train_rec=0.000000e+00 train_recT=8.898897e-07 train_fc=1.897643e-03 train_decoder_tail=0.000000e+00
I 07.01/20:20:15 train_mapper.py:622 ] epoch=0277 train_loss=1.743511e-02 train_mse=3.668566e-03 train_cos=0.997064 train_nmse=-22.429dB train_rec=0.000000e+00 train_recT=8.862601e-07 train_fc=1.885193e-03 train_decoder_tail=0.000000e+00
I 07.01/20:21:19 train_mapper.py:622 ] epoch=0278 train_loss=1.739921e-02 train_mse=3.659973e-03 train_cos=0.997070 train_nmse=-22.439dB train_rec=0.000000e+00 train_recT=8.816682e-07 train_fc=1.880337e-03 train_decoder_tail=0.000000e+00
I 07.01/20:22:20 train_mapper.py:622 ] epoch=0279 train_loss=1.740800e-02 train_mse=3.661442e-03 train_cos=0.997069 train_nmse=-22.437dB train_rec=0.000000e+00 train_recT=8.824785e-07 train_fc=1.882060e-03 train_decoder_tail=0.000000e+00
I 07.01/20:23:22 train_mapper.py:622 ] epoch=0280 train_loss=1.744555e-02 train_mse=3.669640e-03 train_cos=0.997064 train_nmse=-22.427dB train_rec=0.000000e+00 train_recT=8.872689e-07 train_fc=1.884887e-03 train_decoder_tail=0.000000e+00
I 07.01/20:24:24 train_mapper.py:622 ] epoch=0281 train_loss=1.737735e-02 train_mse=3.654312e-03 train_cos=0.997074 train_nmse=-22.446dB train_rec=0.000000e+00 train_recT=8.800922e-07 train_fc=1.878586e-03 train_decoder_tail=0.000000e+00
I 07.01/20:25:30 train_mapper.py:622 ] epoch=0282 train_loss=1.731100e-02 train_mse=3.639080e-03 train_cos=0.997088 train_nmse=-22.464dB train_rec=0.000000e+00 train_recT=8.776044e-07 train_fc=1.869755e-03 train_decoder_tail=0.000000e+00
I 07.01/20:26:33 train_mapper.py:622 ] epoch=0283 train_loss=1.731238e-02 train_mse=3.639024e-03 train_cos=0.997087 train_nmse=-22.464dB train_rec=0.000000e+00 train_recT=8.749038e-07 train_fc=1.867445e-03 train_decoder_tail=0.000000e+00
I 07.01/20:27:38 train_mapper.py:622 ] epoch=0284 train_loss=1.730198e-02 train_mse=3.636010e-03 train_cos=0.997087 train_nmse=-22.467dB train_rec=0.000000e+00 train_recT=8.725647e-07 train_fc=1.866654e-03 train_decoder_tail=0.000000e+00
I 07.01/20:28:41 train_mapper.py:622 ] epoch=0285 train_loss=1.724664e-02 train_mse=3.623660e-03 train_cos=0.997099 train_nmse=-22.482dB train_rec=0.000000e+00 train_recT=8.726091e-07 train_fc=1.861715e-03 train_decoder_tail=0.000000e+00
I 07.01/20:29:44 train_mapper.py:622 ] epoch=0286 train_loss=1.717142e-02 train_mse=3.606599e-03 train_cos=0.997112 train_nmse=-22.503dB train_rec=0.000000e+00 train_recT=8.662208e-07 train_fc=1.849287e-03 train_decoder_tail=0.000000e+00
I 07.01/20:30:48 train_mapper.py:622 ] epoch=0287 train_loss=1.719302e-02 train_mse=3.611074e-03 train_cos=0.997108 train_nmse=-22.497dB train_rec=0.000000e+00 train_recT=8.696605e-07 train_fc=1.856505e-03 train_decoder_tail=0.000000e+00
I 07.01/20:31:48 train_mapper.py:622 ] epoch=0288 train_loss=1.719477e-02 train_mse=3.611323e-03 train_cos=0.997109 train_nmse=-22.497dB train_rec=0.000000e+00 train_recT=8.696737e-07 train_fc=1.854347e-03 train_decoder_tail=0.000000e+00
I 07.01/20:32:48 train_mapper.py:622 ] epoch=0289 train_loss=1.717275e-02 train_mse=3.606075e-03 train_cos=0.997113 train_nmse=-22.503dB train_rec=0.000000e+00 train_recT=8.679570e-07 train_fc=1.852570e-03 train_decoder_tail=0.000000e+00
I 07.01/20:33:50 train_mapper.py:622 ] epoch=0290 train_loss=1.714389e-02 train_mse=3.599441e-03 train_cos=0.997119 train_nmse=-22.511dB train_rec=0.000000e+00 train_recT=8.672337e-07 train_fc=1.849616e-03 train_decoder_tail=0.000000e+00
I 07.01/20:34:53 train_mapper.py:622 ] epoch=0291 train_loss=1.712559e-02 train_mse=3.595329e-03 train_cos=0.997123 train_nmse=-22.516dB train_rec=0.000000e+00 train_recT=8.674936e-07 train_fc=1.849303e-03 train_decoder_tail=0.000000e+00
I 07.01/20:35:57 train_mapper.py:622 ] epoch=0292 train_loss=1.706899e-02 train_mse=3.582038e-03 train_cos=0.997132 train_nmse=-22.533dB train_rec=0.000000e+00 train_recT=8.611504e-07 train_fc=1.840644e-03 train_decoder_tail=0.000000e+00
I 07.01/20:36:59 train_mapper.py:622 ] epoch=0293 train_loss=1.703098e-02 train_mse=3.572951e-03 train_cos=0.997139 train_nmse=-22.544dB train_rec=0.000000e+00 train_recT=8.599969e-07 train_fc=1.832294e-03 train_decoder_tail=0.000000e+00
I 07.01/20:38:06 train_mapper.py:622 ] epoch=0294 train_loss=1.707842e-02 train_mse=3.583313e-03 train_cos=0.997130 train_nmse=-22.531dB train_rec=0.000000e+00 train_recT=8.609646e-07 train_fc=1.839689e-03 train_decoder_tail=0.000000e+00
I 07.01/20:39:07 train_mapper.py:622 ] epoch=0295 train_loss=1.698902e-02 train_mse=3.563574e-03 train_cos=0.997148 train_nmse=-22.555dB train_rec=0.000000e+00 train_recT=8.561628e-07 train_fc=1.828682e-03 train_decoder_tail=0.000000e+00
I 07.01/20:40:12 train_mapper.py:622 ] epoch=0296 train_loss=1.703282e-02 train_mse=3.572381e-03 train_cos=0.997138 train_nmse=-22.544dB train_rec=0.000000e+00 train_recT=8.572030e-07 train_fc=1.834740e-03 train_decoder_tail=0.000000e+00
I 07.01/20:41:16 train_mapper.py:622 ] epoch=0297 train_loss=1.700642e-02 train_mse=3.566743e-03 train_cos=0.997145 train_nmse=-22.551dB train_rec=0.000000e+00 train_recT=8.596793e-07 train_fc=1.831835e-03 train_decoder_tail=0.000000e+00
I 07.01/20:42:18 train_mapper.py:622 ] epoch=0298 train_loss=1.693230e-02 train_mse=3.550008e-03 train_cos=0.997159 train_nmse=-22.572dB train_rec=0.000000e+00 train_recT=8.542564e-07 train_fc=1.825410e-03 train_decoder_tail=0.000000e+00
I 07.01/20:43:21 train_mapper.py:622 ] epoch=0299 train_loss=1.690799e-02 train_mse=3.544050e-03 train_cos=0.997162 train_nmse=-22.579dB train_rec=0.000000e+00 train_recT=8.519362e-07 train_fc=1.819171e-03 train_decoder_tail=0.000000e+00
I 07.01/20:44:24 train_mapper.py:622 ] epoch=0300 train_loss=1.691520e-02 train_mse=3.545270e-03 train_cos=0.997160 train_nmse=-22.577dB train_rec=0.000000e+00 train_recT=8.496258e-07 train_fc=1.819792e-03 train_decoder_tail=0.000000e+00
I 07.01/20:45:26 train_mapper.py:622 ] epoch=0301 train_loss=1.683104e-02 train_mse=3.526069e-03 train_cos=0.997177 train_nmse=-22.601dB train_rec=0.000000e+00 train_recT=8.455712e-07 train_fc=1.809644e-03 train_decoder_tail=0.000000e+00
I 07.01/20:46:30 train_mapper.py:622 ] epoch=0302 train_loss=1.686367e-02 train_mse=3.533341e-03 train_cos=0.997170 train_nmse=-22.592dB train_rec=0.000000e+00 train_recT=8.472146e-07 train_fc=1.812705e-03 train_decoder_tail=0.000000e+00
I 07.01/20:47:31 train_mapper.py:622 ] epoch=0303 train_loss=1.682014e-02 train_mse=3.523517e-03 train_cos=0.997180 train_nmse=-22.604dB train_rec=0.000000e+00 train_recT=8.482512e-07 train_fc=1.807567e-03 train_decoder_tail=0.000000e+00
I 07.01/20:48:35 train_mapper.py:622 ] epoch=0304 train_loss=1.676759e-02 train_mse=3.511832e-03 train_cos=0.997189 train_nmse=-22.618dB train_rec=0.000000e+00 train_recT=8.422848e-07 train_fc=1.801723e-03 train_decoder_tail=0.000000e+00
I 07.01/20:49:40 train_mapper.py:622 ] epoch=0305 train_loss=1.679667e-02 train_mse=3.517471e-03 train_cos=0.997183 train_nmse=-22.611dB train_rec=0.000000e+00 train_recT=8.439678e-07 train_fc=1.804824e-03 train_decoder_tail=0.000000e+00
I 07.01/20:50:41 train_mapper.py:622 ] epoch=0306 train_loss=1.677031e-02 train_mse=3.511347e-03 train_cos=0.997188 train_nmse=-22.619dB train_rec=0.000000e+00 train_recT=8.439148e-07 train_fc=1.803574e-03 train_decoder_tail=0.000000e+00
I 07.01/20:51:46 train_mapper.py:622 ] epoch=0307 train_loss=1.669013e-02 train_mse=3.493836e-03 train_cos=0.997203 train_nmse=-22.641dB train_rec=0.000000e+00 train_recT=8.381730e-07 train_fc=1.793450e-03 train_decoder_tail=0.000000e+00
I 07.01/20:52:50 train_mapper.py:622 ] epoch=0308 train_loss=1.673291e-02 train_mse=3.502593e-03 train_cos=0.997194 train_nmse=-22.630dB train_rec=0.000000e+00 train_recT=8.395227e-07 train_fc=1.797237e-03 train_decoder_tail=0.000000e+00
I 07.01/20:53:53 train_mapper.py:622 ] epoch=0309 train_loss=1.666505e-02 train_mse=3.487695e-03 train_cos=0.997208 train_nmse=-22.648dB train_rec=0.000000e+00 train_recT=8.368249e-07 train_fc=1.789120e-03 train_decoder_tail=0.000000e+00
I 07.01/20:54:58 train_mapper.py:622 ] epoch=0310 train_loss=1.664589e-02 train_mse=3.482795e-03 train_cos=0.997210 train_nmse=-22.654dB train_rec=0.000000e+00 train_recT=8.341748e-07 train_fc=1.787457e-03 train_decoder_tail=0.000000e+00
I 07.01/20:56:02 train_mapper.py:622 ] epoch=0311 train_loss=1.664510e-02 train_mse=3.482549e-03 train_cos=0.997211 train_nmse=-22.655dB train_rec=0.000000e+00 train_recT=8.345575e-07 train_fc=1.785888e-03 train_decoder_tail=0.000000e+00
I 07.01/20:57:07 train_mapper.py:622 ] epoch=0312 train_loss=1.656111e-02 train_mse=3.464051e-03 train_cos=0.997227 train_nmse=-22.678dB train_rec=0.000000e+00 train_recT=8.299582e-07 train_fc=1.776965e-03 train_decoder_tail=0.000000e+00
I 07.01/20:58:13 train_mapper.py:622 ] epoch=0313 train_loss=1.662958e-02 train_mse=3.478354e-03 train_cos=0.997214 train_nmse=-22.660dB train_rec=0.000000e+00 train_recT=8.327615e-07 train_fc=1.784439e-03 train_decoder_tail=0.000000e+00
I 07.01/20:59:14 train_mapper.py:622 ] epoch=0314 train_loss=1.665400e-02 train_mse=3.483602e-03 train_cos=0.997209 train_nmse=-22.653dB train_rec=0.000000e+00 train_recT=8.357015e-07 train_fc=1.786276e-03 train_decoder_tail=0.000000e+00
I 07.01/21:00:16 train_mapper.py:622 ] epoch=0315 train_loss=1.652707e-02 train_mse=3.455406e-03 train_cos=0.997232 train_nmse=-22.689dB train_rec=0.000000e+00 train_recT=8.294419e-07 train_fc=1.774001e-03 train_decoder_tail=0.000000e+00
I 07.01/21:01:18 train_mapper.py:622 ] epoch=0316 train_loss=1.654255e-02 train_mse=3.458729e-03 train_cos=0.997230 train_nmse=-22.685dB train_rec=0.000000e+00 train_recT=8.294731e-07 train_fc=1.776127e-03 train_decoder_tail=0.000000e+00
I 07.01/21:02:21 train_mapper.py:622 ] epoch=0317 train_loss=1.655534e-02 train_mse=3.461371e-03 train_cos=0.997228 train_nmse=-22.681dB train_rec=0.000000e+00 train_recT=8.296870e-07 train_fc=1.776461e-03 train_decoder_tail=0.000000e+00
I 07.01/21:03:23 train_mapper.py:622 ] epoch=0318 train_loss=1.647338e-02 train_mse=3.442765e-03 train_cos=0.997243 train_nmse=-22.705dB train_rec=0.000000e+00 train_recT=8.243648e-07 train_fc=1.765681e-03 train_decoder_tail=0.000000e+00
I 07.01/21:04:28 train_mapper.py:622 ] epoch=0319 train_loss=1.640542e-02 train_mse=3.427550e-03 train_cos=0.997255 train_nmse=-22.724dB train_rec=0.000000e+00 train_recT=8.195688e-07 train_fc=1.756719e-03 train_decoder_tail=0.000000e+00
I 07.01/21:05:34 train_mapper.py:622 ] epoch=0320 train_loss=1.649660e-02 train_mse=3.447133e-03 train_cos=0.997238 train_nmse=-22.699dB train_rec=0.000000e+00 train_recT=8.262728e-07 train_fc=1.767000e-03 train_decoder_tail=0.000000e+00
I 07.01/21:06:34 train_mapper.py:622 ] epoch=0321 train_loss=1.641220e-02 train_mse=3.428948e-03 train_cos=0.997255 train_nmse=-22.722dB train_rec=0.000000e+00 train_recT=8.201962e-07 train_fc=1.759884e-03 train_decoder_tail=0.000000e+00
I 07.01/21:07:33 train_mapper.py:622 ] epoch=0322 train_loss=1.639014e-02 train_mse=3.423466e-03 train_cos=0.997257 train_nmse=-22.729dB train_rec=0.000000e+00 train_recT=8.186943e-07 train_fc=1.756775e-03 train_decoder_tail=0.000000e+00
I 07.01/21:08:37 train_mapper.py:622 ] epoch=0323 train_loss=1.634559e-02 train_mse=3.413446e-03 train_cos=0.997265 train_nmse=-22.742dB train_rec=0.000000e+00 train_recT=8.151863e-07 train_fc=1.750703e-03 train_decoder_tail=0.000000e+00
I 07.01/21:09:40 train_mapper.py:622 ] epoch=0324 train_loss=1.635915e-02 train_mse=3.415887e-03 train_cos=0.997263 train_nmse=-22.739dB train_rec=0.000000e+00 train_recT=8.145941e-07 train_fc=1.751782e-03 train_decoder_tail=0.000000e+00
I 07.01/21:10:42 train_mapper.py:622 ] epoch=0325 train_loss=1.631322e-02 train_mse=3.405831e-03 train_cos=0.997272 train_nmse=-22.751dB train_rec=0.000000e+00 train_recT=8.130381e-07 train_fc=1.747457e-03 train_decoder_tail=0.000000e+00
I 07.01/21:11:46 train_mapper.py:622 ] epoch=0326 train_loss=1.628621e-02 train_mse=3.399329e-03 train_cos=0.997275 train_nmse=-22.760dB train_rec=0.000000e+00 train_recT=8.074702e-07 train_fc=1.741882e-03 train_decoder_tail=0.000000e+00
I 07.01/21:12:50 train_mapper.py:622 ] epoch=0327 train_loss=1.629277e-02 train_mse=3.400762e-03 train_cos=0.997276 train_nmse=-22.758dB train_rec=0.000000e+00 train_recT=8.127825e-07 train_fc=1.742469e-03 train_decoder_tail=0.000000e+00
I 07.01/21:13:51 train_mapper.py:622 ] epoch=0328 train_loss=1.625363e-02 train_mse=3.392017e-03 train_cos=0.997282 train_nmse=-22.769dB train_rec=0.000000e+00 train_recT=8.089724e-07 train_fc=1.736180e-03 train_decoder_tail=0.000000e+00
I 07.01/21:14:59 train_mapper.py:622 ] epoch=0329 train_loss=1.622434e-02 train_mse=3.384810e-03 train_cos=0.997287 train_nmse=-22.778dB train_rec=0.000000e+00 train_recT=8.080255e-07 train_fc=1.733789e-03 train_decoder_tail=0.000000e+00
I 07.01/21:16:09 train_mapper.py:622 ] epoch=0330 train_loss=1.617973e-02 train_mse=3.375027e-03 train_cos=0.997297 train_nmse=-22.791dB train_rec=0.000000e+00 train_recT=8.059132e-07 train_fc=1.729665e-03 train_decoder_tail=0.000000e+00
I 07.01/21:17:17 train_mapper.py:622 ] epoch=0331 train_loss=1.617809e-02 train_mse=3.374468e-03 train_cos=0.997297 train_nmse=-22.792dB train_rec=0.000000e+00 train_recT=8.047615e-07 train_fc=1.731530e-03 train_decoder_tail=0.000000e+00
I 07.01/21:18:21 train_mapper.py:622 ] epoch=0332 train_loss=1.624315e-02 train_mse=3.388867e-03 train_cos=0.997285 train_nmse=-22.773dB train_rec=0.000000e+00 train_recT=8.082465e-07 train_fc=1.739816e-03 train_decoder_tail=0.000000e+00
I 07.01/21:19:25 train_mapper.py:622 ] epoch=0333 train_loss=1.618726e-02 train_mse=3.376575e-03 train_cos=0.997296 train_nmse=-22.789dB train_rec=0.000000e+00 train_recT=8.078464e-07 train_fc=1.732485e-03 train_decoder_tail=0.000000e+00
I 07.01/21:20:31 train_mapper.py:622 ] epoch=0334 train_loss=1.618407e-02 train_mse=3.375280e-03 train_cos=0.997296 train_nmse=-22.791dB train_rec=0.000000e+00 train_recT=8.065870e-07 train_fc=1.730945e-03 train_decoder_tail=0.000000e+00
I 07.01/21:21:35 train_mapper.py:622 ] epoch=0335 train_loss=1.612925e-02 train_mse=3.362818e-03 train_cos=0.997306 train_nmse=-22.807dB train_rec=0.000000e+00 train_recT=8.027888e-07 train_fc=1.724442e-03 train_decoder_tail=0.000000e+00
I 07.01/21:22:37 train_mapper.py:622 ] epoch=0336 train_loss=1.609779e-02 train_mse=3.355984e-03 train_cos=0.997312 train_nmse=-22.816dB train_rec=0.000000e+00 train_recT=8.029824e-07 train_fc=1.721023e-03 train_decoder_tail=0.000000e+00
I 07.01/21:23:43 train_mapper.py:622 ] epoch=0337 train_loss=1.607833e-02 train_mse=3.351203e-03 train_cos=0.997315 train_nmse=-22.822dB train_rec=0.000000e+00 train_recT=8.014595e-07 train_fc=1.717056e-03 train_decoder_tail=0.000000e+00
I 07.01/21:24:47 train_mapper.py:622 ] epoch=0338 train_loss=1.608133e-02 train_mse=3.351502e-03 train_cos=0.997315 train_nmse=-22.821dB train_rec=0.000000e+00 train_recT=7.989349e-07 train_fc=1.718039e-03 train_decoder_tail=0.000000e+00
I 07.01/21:25:50 train_mapper.py:622 ] epoch=0339 train_loss=1.599666e-02 train_mse=3.332782e-03 train_cos=0.997330 train_nmse=-22.846dB train_rec=0.000000e+00 train_recT=7.937601e-07 train_fc=1.707986e-03 train_decoder_tail=0.000000e+00
I 07.01/21:26:55 train_mapper.py:622 ] epoch=0340 train_loss=1.602182e-02 train_mse=3.338164e-03 train_cos=0.997326 train_nmse=-22.839dB train_rec=0.000000e+00 train_recT=7.942119e-07 train_fc=1.710545e-03 train_decoder_tail=0.000000e+00
I 07.01/21:27:59 train_mapper.py:622 ] epoch=0341 train_loss=1.601782e-02 train_mse=3.336989e-03 train_cos=0.997327 train_nmse=-22.840dB train_rec=0.000000e+00 train_recT=7.962492e-07 train_fc=1.711078e-03 train_decoder_tail=0.000000e+00
I 07.01/21:29:03 train_mapper.py:622 ] epoch=0342 train_loss=1.601986e-02 train_mse=3.337495e-03 train_cos=0.997326 train_nmse=-22.840dB train_rec=0.000000e+00 train_recT=7.958077e-07 train_fc=1.711504e-03 train_decoder_tail=0.000000e+00
I 07.01/21:30:07 train_mapper.py:622 ] epoch=0343 train_loss=1.599318e-02 train_mse=3.331071e-03 train_cos=0.997330 train_nmse=-22.848dB train_rec=0.000000e+00 train_recT=7.920909e-07 train_fc=1.707657e-03 train_decoder_tail=0.000000e+00
I 07.01/21:31:12 train_mapper.py:622 ] epoch=0344 train_loss=1.599040e-02 train_mse=3.330431e-03 train_cos=0.997331 train_nmse=-22.849dB train_rec=0.000000e+00 train_recT=7.935168e-07 train_fc=1.706901e-03 train_decoder_tail=0.000000e+00
I 07.01/21:32:17 train_mapper.py:622 ] epoch=0345 train_loss=1.591596e-02 train_mse=3.314008e-03 train_cos=0.997345 train_nmse=-22.870dB train_rec=0.000000e+00 train_recT=7.868185e-07 train_fc=1.697308e-03 train_decoder_tail=0.000000e+00
I 07.01/21:33:23 train_mapper.py:622 ] epoch=0346 train_loss=1.590443e-02 train_mse=3.311051e-03 train_cos=0.997346 train_nmse=-22.874dB train_rec=0.000000e+00 train_recT=7.871005e-07 train_fc=1.697459e-03 train_decoder_tail=0.000000e+00
I 07.01/21:34:27 train_mapper.py:622 ] epoch=0347 train_loss=1.589066e-02 train_mse=3.308160e-03 train_cos=0.997349 train_nmse=-22.878dB train_rec=0.000000e+00 train_recT=7.858280e-07 train_fc=1.697746e-03 train_decoder_tail=0.000000e+00
I 07.01/21:35:34 train_mapper.py:622 ] epoch=0348 train_loss=1.587816e-02 train_mse=3.304895e-03 train_cos=0.997351 train_nmse=-22.882dB train_rec=0.000000e+00 train_recT=7.864808e-07 train_fc=1.696087e-03 train_decoder_tail=0.000000e+00
I 07.01/21:36:42 train_mapper.py:622 ] epoch=0349 train_loss=1.595730e-02 train_mse=3.321696e-03 train_cos=0.997338 train_nmse=-22.860dB train_rec=0.000000e+00 train_recT=7.934515e-07 train_fc=1.703617e-03 train_decoder_tail=0.000000e+00
I 07.01/21:37:45 train_mapper.py:622 ] epoch=0350 train_loss=1.586014e-02 train_mse=3.300984e-03 train_cos=0.997356 train_nmse=-22.887dB train_rec=0.000000e+00 train_recT=7.879218e-07 train_fc=1.693690e-03 train_decoder_tail=0.000000e+00
I 07.01/21:38:50 train_mapper.py:622 ] epoch=0351 train_loss=1.581508e-02 train_mse=3.290288e-03 train_cos=0.997362 train_nmse=-22.902dB train_rec=0.000000e+00 train_recT=7.803691e-07 train_fc=1.685161e-03 train_decoder_tail=0.000000e+00
I 07.01/21:39:54 train_mapper.py:622 ] epoch=0352 train_loss=1.580770e-02 train_mse=3.288651e-03 train_cos=0.997365 train_nmse=-22.904dB train_rec=0.000000e+00 train_recT=7.814665e-07 train_fc=1.685681e-03 train_decoder_tail=0.000000e+00
I 07.01/21:41:00 train_mapper.py:622 ] epoch=0353 train_loss=1.573702e-02 train_mse=3.273165e-03 train_cos=0.997378 train_nmse=-22.924dB train_rec=0.000000e+00 train_recT=7.780401e-07 train_fc=1.675441e-03 train_decoder_tail=0.000000e+00
I 07.01/21:42:09 train_mapper.py:622 ] epoch=0354 train_loss=1.573362e-02 train_mse=3.271763e-03 train_cos=0.997377 train_nmse=-22.926dB train_rec=0.000000e+00 train_recT=7.745667e-07 train_fc=1.676054e-03 train_decoder_tail=0.000000e+00
I 07.01/21:43:35 train_mapper.py:622 ] epoch=0355 train_loss=1.574817e-02 train_mse=3.275033e-03 train_cos=0.997375 train_nmse=-22.922dB train_rec=0.000000e+00 train_recT=7.775156e-07 train_fc=1.678294e-03 train_decoder_tail=0.000000e+00
I 07.01/21:44:55 train_mapper.py:622 ] epoch=0356 train_loss=1.572200e-02 train_mse=3.268958e-03 train_cos=0.997381 train_nmse=-22.930dB train_rec=0.000000e+00 train_recT=7.765271e-07 train_fc=1.674450e-03 train_decoder_tail=0.000000e+00
I 07.01/21:46:05 train_mapper.py:622 ] epoch=0357 train_loss=1.574781e-02 train_mse=3.274251e-03 train_cos=0.997376 train_nmse=-22.922dB train_rec=0.000000e+00 train_recT=7.771413e-07 train_fc=1.677324e-03 train_decoder_tail=0.000000e+00
I 07.01/21:47:16 train_mapper.py:622 ] epoch=0358 train_loss=1.564790e-02 train_mse=3.252596e-03 train_cos=0.997393 train_nmse=-22.951dB train_rec=0.000000e+00 train_recT=7.708814e-07 train_fc=1.664798e-03 train_decoder_tail=0.000000e+00
I 07.01/21:48:20 train_mapper.py:622 ] epoch=0359 train_loss=1.569006e-02 train_mse=3.261334e-03 train_cos=0.997385 train_nmse=-22.940dB train_rec=0.000000e+00 train_recT=7.712833e-07 train_fc=1.669722e-03 train_decoder_tail=0.000000e+00
I 07.01/21:49:24 train_mapper.py:622 ] epoch=0360 train_loss=1.558008e-02 train_mse=3.237499e-03 train_cos=0.997405 train_nmse=-22.972dB train_rec=0.000000e+00 train_recT=7.648145e-07 train_fc=1.655648e-03 train_decoder_tail=0.000000e+00
I 07.01/21:50:29 train_mapper.py:622 ] epoch=0361 train_loss=1.558221e-02 train_mse=3.237518e-03 train_cos=0.997405 train_nmse=-22.972dB train_rec=0.000000e+00 train_recT=7.675155e-07 train_fc=1.656754e-03 train_decoder_tail=0.000000e+00
I 07.01/21:51:42 train_mapper.py:622 ] epoch=0362 train_loss=1.564861e-02 train_mse=3.251659e-03 train_cos=0.997393 train_nmse=-22.953dB train_rec=0.000000e+00 train_recT=7.721851e-07 train_fc=1.665804e-03 train_decoder_tail=0.000000e+00
I 07.01/21:52:59 train_mapper.py:622 ] epoch=0363 train_loss=1.555931e-02 train_mse=3.232374e-03 train_cos=0.997410 train_nmse=-22.978dB train_rec=0.000000e+00 train_recT=7.690471e-07 train_fc=1.655131e-03 train_decoder_tail=0.000000e+00
I 07.01/21:54:16 train_mapper.py:622 ] epoch=0364 train_loss=1.553673e-02 train_mse=3.227402e-03 train_cos=0.997414 train_nmse=-22.985dB train_rec=0.000000e+00 train_recT=7.680386e-07 train_fc=1.652185e-03 train_decoder_tail=0.000000e+00
I 07.01/21:55:32 train_mapper.py:622 ] epoch=0365 train_loss=1.553055e-02 train_mse=3.225550e-03 train_cos=0.997415 train_nmse=-22.988dB train_rec=0.000000e+00 train_recT=7.638457e-07 train_fc=1.650617e-03 train_decoder_tail=0.000000e+00
I 07.01/21:57:02 train_mapper.py:622 ] epoch=0366 train_loss=1.554654e-02 train_mse=3.228608e-03 train_cos=0.997411 train_nmse=-22.984dB train_rec=0.000000e+00 train_recT=7.641183e-07 train_fc=1.651149e-03 train_decoder_tail=0.000000e+00
I 07.01/21:58:31 train_mapper.py:622 ] epoch=0367 train_loss=1.558945e-02 train_mse=3.237860e-03 train_cos=0.997406 train_nmse=-22.971dB train_rec=0.000000e+00 train_recT=7.706678e-07 train_fc=1.659211e-03 train_decoder_tail=0.000000e+00
I 07.01/21:59:58 train_mapper.py:622 ] epoch=0368 train_loss=1.548891e-02 train_mse=3.216038e-03 train_cos=0.997424 train_nmse=-23.000dB train_rec=0.000000e+00 train_recT=7.630413e-07 train_fc=1.646961e-03 train_decoder_tail=0.000000e+00
I 07.01/22:01:33 train_mapper.py:622 ] epoch=0369 train_loss=1.553418e-02 train_mse=3.225299e-03 train_cos=0.997415 train_nmse=-22.988dB train_rec=0.000000e+00 train_recT=7.651580e-07 train_fc=1.651414e-03 train_decoder_tail=0.000000e+00
I 07.01/22:03:06 train_mapper.py:622 ] epoch=0370 train_loss=1.547061e-02 train_mse=3.211680e-03 train_cos=0.997426 train_nmse=-23.006dB train_rec=0.000000e+00 train_recT=7.616608e-07 train_fc=1.646324e-03 train_decoder_tail=0.000000e+00
I 07.01/22:04:37 train_mapper.py:622 ] epoch=0371 train_loss=1.546228e-02 train_mse=3.209573e-03 train_cos=0.997428 train_nmse=-23.009dB train_rec=0.000000e+00 train_recT=7.600903e-07 train_fc=1.643765e-03 train_decoder_tail=0.000000e+00
I 07.01/22:06:06 train_mapper.py:622 ] epoch=0372 train_loss=1.545497e-02 train_mse=3.207715e-03 train_cos=0.997430 train_nmse=-23.012dB train_rec=0.000000e+00 train_recT=7.619060e-07 train_fc=1.643349e-03 train_decoder_tail=0.000000e+00
I 07.01/22:07:40 train_mapper.py:622 ] epoch=0373 train_loss=1.545150e-02 train_mse=3.206887e-03 train_cos=0.997430 train_nmse=-23.013dB train_rec=0.000000e+00 train_recT=7.608162e-07 train_fc=1.643393e-03 train_decoder_tail=0.000000e+00
I 07.01/22:09:08 train_mapper.py:622 ] epoch=0374 train_loss=1.545303e-02 train_mse=3.207059e-03 train_cos=0.997428 train_nmse=-23.013dB train_rec=0.000000e+00 train_recT=7.591414e-07 train_fc=1.645470e-03 train_decoder_tail=0.000000e+00
I 07.01/22:10:30 train_mapper.py:622 ] epoch=0375 train_loss=1.539893e-02 train_mse=3.195057e-03 train_cos=0.997440 train_nmse=-23.029dB train_rec=0.000000e+00 train_recT=7.581502e-07 train_fc=1.636292e-03 train_decoder_tail=0.000000e+00
I 07.01/22:11:59 train_mapper.py:622 ] epoch=0376 train_loss=1.533801e-02 train_mse=3.181846e-03 train_cos=0.997451 train_nmse=-23.047dB train_rec=0.000000e+00 train_recT=7.524164e-07 train_fc=1.630100e-03 train_decoder_tail=0.000000e+00
I 07.01/22:13:26 train_mapper.py:622 ] epoch=0377 train_loss=1.536792e-02 train_mse=3.187680e-03 train_cos=0.997444 train_nmse=-23.039dB train_rec=0.000000e+00 train_recT=7.548884e-07 train_fc=1.631854e-03 train_decoder_tail=0.000000e+00
I 07.01/22:14:49 train_mapper.py:622 ] epoch=0378 train_loss=1.533495e-02 train_mse=3.180313e-03 train_cos=0.997450 train_nmse=-23.049dB train_rec=0.000000e+00 train_recT=7.528996e-07 train_fc=1.626904e-03 train_decoder_tail=0.000000e+00
I 07.01/22:16:16 train_mapper.py:622 ] epoch=0379 train_loss=1.533659e-02 train_mse=3.180684e-03 train_cos=0.997451 train_nmse=-23.048dB train_rec=0.000000e+00 train_recT=7.529957e-07 train_fc=1.627618e-03 train_decoder_tail=0.000000e+00
I 07.01/22:17:37 train_mapper.py:622 ] epoch=0380 train_loss=1.530542e-02 train_mse=3.173618e-03 train_cos=0.997456 train_nmse=-23.058dB train_rec=0.000000e+00 train_recT=7.490036e-07 train_fc=1.623510e-03 train_decoder_tail=0.000000e+00
I 07.01/22:18:50 train_mapper.py:622 ] epoch=0381 train_loss=1.527452e-02 train_mse=3.166769e-03 train_cos=0.997461 train_nmse=-23.068dB train_rec=0.000000e+00 train_recT=7.475056e-07 train_fc=1.619241e-03 train_decoder_tail=0.000000e+00
I 07.01/22:20:04 train_mapper.py:622 ] epoch=0382 train_loss=1.524267e-02 train_mse=3.159788e-03 train_cos=0.997467 train_nmse=-23.077dB train_rec=0.000000e+00 train_recT=7.461565e-07 train_fc=1.616123e-03 train_decoder_tail=0.000000e+00
I 07.01/22:21:15 train_mapper.py:622 ] epoch=0383 train_loss=1.525703e-02 train_mse=3.162339e-03 train_cos=0.997465 train_nmse=-23.074dB train_rec=0.000000e+00 train_recT=7.466006e-07 train_fc=1.617668e-03 train_decoder_tail=0.000000e+00
I 07.01/22:22:27 train_mapper.py:622 ] epoch=0384 train_loss=1.523243e-02 train_mse=3.156964e-03 train_cos=0.997469 train_nmse=-23.081dB train_rec=0.000000e+00 train_recT=7.487082e-07 train_fc=1.617267e-03 train_decoder_tail=0.000000e+00
I 07.01/22:23:39 train_mapper.py:622 ] epoch=0385 train_loss=1.522001e-02 train_mse=3.154247e-03 train_cos=0.997471 train_nmse=-23.085dB train_rec=0.000000e+00 train_recT=7.454775e-07 train_fc=1.614178e-03 train_decoder_tail=0.000000e+00
I 07.01/22:24:48 train_mapper.py:622 ] epoch=0386 train_loss=1.522131e-02 train_mse=3.154291e-03 train_cos=0.997470 train_nmse=-23.085dB train_rec=0.000000e+00 train_recT=7.447642e-07 train_fc=1.614218e-03 train_decoder_tail=0.000000e+00
I 07.01/22:25:57 train_mapper.py:622 ] epoch=0387 train_loss=1.519665e-02 train_mse=3.148766e-03 train_cos=0.997477 train_nmse=-23.092dB train_rec=0.000000e+00 train_recT=7.447779e-07 train_fc=1.610466e-03 train_decoder_tail=0.000000e+00
I 07.01/22:27:06 train_mapper.py:622 ] epoch=0388 train_loss=1.513992e-02 train_mse=3.136462e-03 train_cos=0.997486 train_nmse=-23.109dB train_rec=0.000000e+00 train_recT=7.416354e-07 train_fc=1.604433e-03 train_decoder_tail=0.000000e+00
I 07.01/22:28:18 train_mapper.py:622 ] epoch=0389 train_loss=1.517240e-02 train_mse=3.142887e-03 train_cos=0.997479 train_nmse=-23.100dB train_rec=0.000000e+00 train_recT=7.408806e-07 train_fc=1.609554e-03 train_decoder_tail=0.000000e+00
I 07.01/22:29:22 train_mapper.py:622 ] epoch=0390 train_loss=1.515496e-02 train_mse=3.139345e-03 train_cos=0.997483 train_nmse=-23.105dB train_rec=0.000000e+00 train_recT=7.408303e-07 train_fc=1.607401e-03 train_decoder_tail=0.000000e+00
I 07.01/22:30:32 train_mapper.py:622 ] epoch=0391 train_loss=1.514292e-02 train_mse=3.136206e-03 train_cos=0.997485 train_nmse=-23.110dB train_rec=0.000000e+00 train_recT=7.397034e-07 train_fc=1.604388e-03 train_decoder_tail=0.000000e+00
I 07.01/22:31:47 train_mapper.py:622 ] epoch=0392 train_loss=1.511306e-02 train_mse=3.129730e-03 train_cos=0.997490 train_nmse=-23.119dB train_rec=0.000000e+00 train_recT=7.397631e-07 train_fc=1.601587e-03 train_decoder_tail=0.000000e+00
I 07.01/22:33:03 train_mapper.py:622 ] epoch=0393 train_loss=1.504995e-02 train_mse=3.116122e-03 train_cos=0.997502 train_nmse=-23.137dB train_rec=0.000000e+00 train_recT=7.350390e-07 train_fc=1.594314e-03 train_decoder_tail=0.000000e+00
I 07.01/22:34:19 train_mapper.py:622 ] epoch=0394 train_loss=1.511850e-02 train_mse=3.130675e-03 train_cos=0.997490 train_nmse=-23.117dB train_rec=0.000000e+00 train_recT=7.393911e-07 train_fc=1.600990e-03 train_decoder_tail=0.000000e+00
I 07.01/22:35:28 train_mapper.py:622 ] epoch=0395 train_loss=1.505101e-02 train_mse=3.116051e-03 train_cos=0.997502 train_nmse=-23.138dB train_rec=0.000000e+00 train_recT=7.355316e-07 train_fc=1.594027e-03 train_decoder_tail=0.000000e+00
I 07.01/22:36:34 train_mapper.py:622 ] epoch=0396 train_loss=1.507249e-02 train_mse=3.119961e-03 train_cos=0.997497 train_nmse=-23.132dB train_rec=0.000000e+00 train_recT=7.348324e-07 train_fc=1.596417e-03 train_decoder_tail=0.000000e+00
I 07.01/22:37:34 train_mapper.py:622 ] epoch=0397 train_loss=1.503532e-02 train_mse=3.112307e-03 train_cos=0.997505 train_nmse=-23.143dB train_rec=0.000000e+00 train_recT=7.328146e-07 train_fc=1.591238e-03 train_decoder_tail=0.000000e+00
I 07.01/22:38:33 train_mapper.py:622 ] epoch=0398 train_loss=1.506360e-02 train_mse=3.117882e-03 train_cos=0.997501 train_nmse=-23.135dB train_rec=0.000000e+00 train_recT=7.356677e-07 train_fc=1.596339e-03 train_decoder_tail=0.000000e+00
I 07.01/22:39:31 train_mapper.py:622 ] epoch=0399 train_loss=1.507034e-02 train_mse=3.119386e-03 train_cos=0.997499 train_nmse=-23.133dB train_rec=0.000000e+00 train_recT=7.360101e-07 train_fc=1.596213e-03 train_decoder_tail=0.000000e+00
I 07.01/22:40:29 train_mapper.py:622 ] epoch=0400 train_loss=1.500095e-02 train_mse=3.104379e-03 train_cos=0.997514 train_nmse=-23.154dB train_rec=0.000000e+00 train_recT=7.366049e-07 train_fc=1.589552e-03 train_decoder_tail=0.000000e+00
I 07.01/22:45:21 train_mapper.py:738 ] best_loss_epoch=400 best_loss_selection=train_loss best_loss_metric=1.500095e-02 best_loss_mse=3.104379e-03 best_loss_loss=1.500095e-02
I 07.01/22:45:21 train_mapper.py:743 ] best_mse_epoch=400 best_mse_selection=train_mse best_mse_metric=3.104379e-03 best_mse_mse=3.104379e-03 best_mse_loss=1.500095e-02
I 07.01/22:45:21 train_mapper.py:749 ] all_best_loss_mse=3.001115e-03 all_best_loss_cos=0.997606 all_best_loss_nmse=-23.301dB
I 07.01/22:45:21 train_mapper.py:753 ] all_best_mse_mse=3.001115e-03 all_best_mse_cos=0.997606 all_best_mse_nmse=-23.301dB
