I 07.02/01:35:09 train_mapper.py:431 ] => Experiment directory: mapper/exps/mlp/smooth_tail_white/seed2026_crnet_transnet_to_seed42_transnet_lr5e-4_ep400
I 07.02/01:35:09 train_mapper.py:432 ] => Checkpoint directory: mapper/exps/mlp/smooth_tail_white/seed2026_crnet_transnet_to_seed42_transnet_lr5e-4_ep400/checkpoints
I 07.02/01:35:09 train_mapper.py:433 ] => Codeword directory: mapper/exps/mlp/smooth_tail_white/seed2026_crnet_transnet_to_seed42_transnet_lr5e-4_ep400/codewords
I 07.02/01:35:09 train_mapper.py:434 ] => TensorBoard directory: mapper/exps/mlp/smooth_tail_white/seed2026_crnet_transnet_to_seed42_transnet_lr5e-4_ep400/tensorboard
I 07.02/01:36:16 train_mapper.py:524 ] device=cuda
I 07.02/01:36:16 train_mapper.py:525 ] mapper=mlp, params=8403968
I 07.02/01:36:16 train_mapper.py:527 ] train=100000, val=0, code_dim=512
I 07.02/01:36:16 train_mapper.py:529 ] val_ratio<=0: skip per-epoch validation; select best checkpoint by train loss
I 07.02/01:36:16 train_mapper.py:531 ] loss=mse + smoothl1*0.5 + sample_tail*0.1 + dim_tail*0.05 + whiten*0.0001 + rec*0.0 + recT*0.0 + fc*0.0 + decoder_tail*0.0 + cos*0.0 + cov*0.0
I 07.02/01:36:45 train_mapper.py:622 ] epoch=0001 train_loss=6.387036e-01 train_mse=3.466939e-01 train_cos=0.818324 train_nmse=-3.423dB train_rec=0.000000e+00 train_recT=0.000000e+00 train_fc=0.000000e+00 train_decoder_tail=0.000000e+00
I 07.02/01:37:10 train_mapper.py:622 ] epoch=0002 train_loss=2.842693e-01 train_mse=1.274045e-01 train_cos=0.942389 train_nmse=-7.060dB train_rec=0.000000e+00 train_recT=0.000000e+00 train_fc=0.000000e+00 train_decoder_tail=0.000000e+00
I 07.02/01:37:45 train_mapper.py:622 ] epoch=0003 train_loss=2.112349e-01 train_mse=8.741070e-02 train_cos=0.959560 train_nmse=-8.671dB train_rec=0.000000e+00 train_recT=0.000000e+00 train_fc=0.000000e+00 train_decoder_tail=0.000000e+00
I 07.02/01:38:33 train_mapper.py:622 ] epoch=0004 train_loss=1.742203e-01 train_mse=6.825502e-02 train_cos=0.966518 train_nmse=-9.738dB train_rec=0.000000e+00 train_recT=0.000000e+00 train_fc=0.000000e+00 train_decoder_tail=0.000000e+00
I 07.02/01:39:28 train_mapper.py:622 ] epoch=0005 train_loss=1.523896e-01 train_mse=5.743096e-02 train_cos=0.970386 train_nmse=-10.485dB train_rec=0.000000e+00 train_recT=0.000000e+00 train_fc=0.000000e+00 train_decoder_tail=0.000000e+00
I 07.02/01:40:29 train_mapper.py:622 ] epoch=0006 train_loss=1.391919e-01 train_mse=5.109607e-02 train_cos=0.972884 train_nmse=-10.991dB train_rec=0.000000e+00 train_recT=0.000000e+00 train_fc=0.000000e+00 train_decoder_tail=0.000000e+00
I 07.02/01:41:22 train_mapper.py:622 ] epoch=0007 train_loss=1.307300e-01 train_mse=4.714175e-02 train_cos=0.974751 train_nmse=-11.340dB train_rec=0.000000e+00 train_recT=0.000000e+00 train_fc=0.000000e+00 train_decoder_tail=0.000000e+00
I 07.02/01:42:14 train_mapper.py:622 ] epoch=0008 train_loss=1.252198e-01 train_mse=4.461293e-02 train_cos=0.976113 train_nmse=-11.580dB train_rec=0.000000e+00 train_recT=0.000000e+00 train_fc=0.000000e+00 train_decoder_tail=0.000000e+00
I 07.02/01:43:05 train_mapper.py:622 ] epoch=0009 train_loss=1.209404e-01 train_mse=4.267514e-02 train_cos=0.977260 train_nmse=-11.773dB train_rec=0.000000e+00 train_recT=0.000000e+00 train_fc=0.000000e+00 train_decoder_tail=0.000000e+00
I 07.02/01:43:56 train_mapper.py:622 ] epoch=0010 train_loss=1.176182e-01 train_mse=4.117474e-02 train_cos=0.978143 train_nmse=-11.928dB train_rec=0.000000e+00 train_recT=0.000000e+00 train_fc=0.000000e+00 train_decoder_tail=0.000000e+00
I 07.02/01:44:50 train_mapper.py:622 ] epoch=0011 train_loss=1.143072e-01 train_mse=3.969015e-02 train_cos=0.979020 train_nmse=-12.088dB train_rec=0.000000e+00 train_recT=0.000000e+00 train_fc=0.000000e+00 train_decoder_tail=0.000000e+00
I 07.02/01:45:40 train_mapper.py:622 ] epoch=0012 train_loss=1.114007e-01 train_mse=3.839233e-02 train_cos=0.979724 train_nmse=-12.232dB train_rec=0.000000e+00 train_recT=0.000000e+00 train_fc=0.000000e+00 train_decoder_tail=0.000000e+00
I 07.02/01:46:30 train_mapper.py:622 ] epoch=0013 train_loss=1.086228e-01 train_mse=3.715059e-02 train_cos=0.980343 train_nmse=-12.375dB train_rec=0.000000e+00 train_recT=0.000000e+00 train_fc=0.000000e+00 train_decoder_tail=0.000000e+00
I 07.02/01:47:21 train_mapper.py:622 ] epoch=0014 train_loss=1.058719e-01 train_mse=3.592984e-02 train_cos=0.980895 train_nmse=-12.520dB train_rec=0.000000e+00 train_recT=0.000000e+00 train_fc=0.000000e+00 train_decoder_tail=0.000000e+00
I 07.02/01:48:14 train_mapper.py:622 ] epoch=0015 train_loss=1.030981e-01 train_mse=3.470388e-02 train_cos=0.981335 train_nmse=-12.671dB train_rec=0.000000e+00 train_recT=0.000000e+00 train_fc=0.000000e+00 train_decoder_tail=0.000000e+00
I 07.02/01:49:06 train_mapper.py:622 ] epoch=0016 train_loss=1.001074e-01 train_mse=3.340782e-02 train_cos=0.981564 train_nmse=-12.836dB train_rec=0.000000e+00 train_recT=0.000000e+00 train_fc=0.000000e+00 train_decoder_tail=0.000000e+00
I 07.02/01:49:59 train_mapper.py:622 ] epoch=0017 train_loss=9.581669e-02 train_mse=3.163897e-02 train_cos=0.981518 train_nmse=-13.072dB train_rec=0.000000e+00 train_recT=0.000000e+00 train_fc=0.000000e+00 train_decoder_tail=0.000000e+00
I 07.02/01:50:52 train_mapper.py:622 ] epoch=0018 train_loss=9.015736e-02 train_mse=2.930953e-02 train_cos=0.981754 train_nmse=-13.405dB train_rec=0.000000e+00 train_recT=0.000000e+00 train_fc=0.000000e+00 train_decoder_tail=0.000000e+00
I 07.02/01:51:45 train_mapper.py:622 ] epoch=0019 train_loss=8.538572e-02 train_mse=2.729824e-02 train_cos=0.982277 train_nmse=-13.714dB train_rec=0.000000e+00 train_recT=0.000000e+00 train_fc=0.000000e+00 train_decoder_tail=0.000000e+00
I 07.02/01:52:35 train_mapper.py:622 ] epoch=0020 train_loss=8.168994e-02 train_mse=2.575645e-02 train_cos=0.982781 train_nmse=-13.966dB train_rec=0.000000e+00 train_recT=0.000000e+00 train_fc=0.000000e+00 train_decoder_tail=0.000000e+00
I 07.02/01:53:26 train_mapper.py:622 ] epoch=0021 train_loss=7.884276e-02 train_mse=2.457579e-02 train_cos=0.983215 train_nmse=-14.170dB train_rec=0.000000e+00 train_recT=0.000000e+00 train_fc=0.000000e+00 train_decoder_tail=0.000000e+00
I 07.02/01:54:17 train_mapper.py:622 ] epoch=0022 train_loss=7.654353e-02 train_mse=2.363377e-02 train_cos=0.983601 train_nmse=-14.339dB train_rec=0.000000e+00 train_recT=0.000000e+00 train_fc=0.000000e+00 train_decoder_tail=0.000000e+00
I 07.02/01:55:07 train_mapper.py:622 ] epoch=0023 train_loss=7.444286e-02 train_mse=2.278433e-02 train_cos=0.984007 train_nmse=-14.498dB train_rec=0.000000e+00 train_recT=0.000000e+00 train_fc=0.000000e+00 train_decoder_tail=0.000000e+00
I 07.02/01:56:00 train_mapper.py:622 ] epoch=0024 train_loss=7.278010e-02 train_mse=2.211209e-02 train_cos=0.984333 train_nmse=-14.628dB train_rec=0.000000e+00 train_recT=0.000000e+00 train_fc=0.000000e+00 train_decoder_tail=0.000000e+00
I 07.02/01:56:50 train_mapper.py:622 ] epoch=0025 train_loss=7.124170e-02 train_mse=2.149947e-02 train_cos=0.984658 train_nmse=-14.750dB train_rec=0.000000e+00 train_recT=0.000000e+00 train_fc=0.000000e+00 train_decoder_tail=0.000000e+00
I 07.02/01:57:43 train_mapper.py:622 ] epoch=0026 train_loss=6.987924e-02 train_mse=2.095806e-02 train_cos=0.984949 train_nmse=-14.861dB train_rec=0.000000e+00 train_recT=0.000000e+00 train_fc=0.000000e+00 train_decoder_tail=0.000000e+00
I 07.02/01:58:37 train_mapper.py:622 ] epoch=0027 train_loss=6.854958e-02 train_mse=2.043644e-02 train_cos=0.985248 train_nmse=-14.970dB train_rec=0.000000e+00 train_recT=0.000000e+00 train_fc=0.000000e+00 train_decoder_tail=0.000000e+00
I 07.02/01:59:27 train_mapper.py:622 ] epoch=0028 train_loss=6.728955e-02 train_mse=1.994783e-02 train_cos=0.985538 train_nmse=-15.075dB train_rec=0.000000e+00 train_recT=0.000000e+00 train_fc=0.000000e+00 train_decoder_tail=0.000000e+00
I 07.02/02:00:19 train_mapper.py:622 ] epoch=0029 train_loss=6.627664e-02 train_mse=1.955220e-02 train_cos=0.985771 train_nmse=-15.163dB train_rec=0.000000e+00 train_recT=0.000000e+00 train_fc=0.000000e+00 train_decoder_tail=0.000000e+00
I 07.02/02:01:09 train_mapper.py:622 ] epoch=0030 train_loss=6.533701e-02 train_mse=1.918528e-02 train_cos=0.985988 train_nmse=-15.245dB train_rec=0.000000e+00 train_recT=0.000000e+00 train_fc=0.000000e+00 train_decoder_tail=0.000000e+00
I 07.02/02:01:59 train_mapper.py:622 ] epoch=0031 train_loss=6.424614e-02 train_mse=1.877065e-02 train_cos=0.986255 train_nmse=-15.340dB train_rec=0.000000e+00 train_recT=0.000000e+00 train_fc=0.000000e+00 train_decoder_tail=0.000000e+00
I 07.02/02:02:52 train_mapper.py:622 ] epoch=0032 train_loss=6.324333e-02 train_mse=1.838726e-02 train_cos=0.986501 train_nmse=-15.429dB train_rec=0.000000e+00 train_recT=0.000000e+00 train_fc=0.000000e+00 train_decoder_tail=0.000000e+00
I 07.02/02:03:42 train_mapper.py:622 ] epoch=0033 train_loss=6.234747e-02 train_mse=1.804824e-02 train_cos=0.986714 train_nmse=-15.510dB train_rec=0.000000e+00 train_recT=0.000000e+00 train_fc=0.000000e+00 train_decoder_tail=0.000000e+00
I 07.02/02:04:27 train_mapper.py:622 ] epoch=0034 train_loss=6.165660e-02 train_mse=1.778159e-02 train_cos=0.986882 train_nmse=-15.575dB train_rec=0.000000e+00 train_recT=0.000000e+00 train_fc=0.000000e+00 train_decoder_tail=0.000000e+00
I 07.02/02:05:17 train_mapper.py:622 ] epoch=0035 train_loss=6.084337e-02 train_mse=1.747558e-02 train_cos=0.987081 train_nmse=-15.650dB train_rec=0.000000e+00 train_recT=0.000000e+00 train_fc=0.000000e+00 train_decoder_tail=0.000000e+00
I 07.02/02:06:09 train_mapper.py:622 ] epoch=0036 train_loss=5.992833e-02 train_mse=1.713882e-02 train_cos=0.987310 train_nmse=-15.735dB train_rec=0.000000e+00 train_recT=0.000000e+00 train_fc=0.000000e+00 train_decoder_tail=0.000000e+00
I 07.02/02:06:58 train_mapper.py:622 ] epoch=0037 train_loss=5.943154e-02 train_mse=1.694466e-02 train_cos=0.987426 train_nmse=-15.784dB train_rec=0.000000e+00 train_recT=0.000000e+00 train_fc=0.000000e+00 train_decoder_tail=0.000000e+00
I 07.02/02:07:46 train_mapper.py:622 ] epoch=0038 train_loss=5.860776e-02 train_mse=1.664394e-02 train_cos=0.987634 train_nmse=-15.862dB train_rec=0.000000e+00 train_recT=0.000000e+00 train_fc=0.000000e+00 train_decoder_tail=0.000000e+00
I 07.02/02:08:33 train_mapper.py:622 ] epoch=0039 train_loss=5.805696e-02 train_mse=1.643531e-02 train_cos=0.987768 train_nmse=-15.917dB train_rec=0.000000e+00 train_recT=0.000000e+00 train_fc=0.000000e+00 train_decoder_tail=0.000000e+00
I 07.02/02:09:20 train_mapper.py:622 ] epoch=0040 train_loss=5.749327e-02 train_mse=1.622559e-02 train_cos=0.987909 train_nmse=-15.973dB train_rec=0.000000e+00 train_recT=0.000000e+00 train_fc=0.000000e+00 train_decoder_tail=0.000000e+00
I 07.02/02:10:07 train_mapper.py:622 ] epoch=0041 train_loss=5.679263e-02 train_mse=1.597006e-02 train_cos=0.988082 train_nmse=-16.041dB train_rec=0.000000e+00 train_recT=0.000000e+00 train_fc=0.000000e+00 train_decoder_tail=0.000000e+00
I 07.02/02:10:52 train_mapper.py:622 ] epoch=0042 train_loss=5.625989e-02 train_mse=1.577576e-02 train_cos=0.988216 train_nmse=-16.094dB train_rec=0.000000e+00 train_recT=0.000000e+00 train_fc=0.000000e+00 train_decoder_tail=0.000000e+00
I 07.02/02:11:39 train_mapper.py:622 ] epoch=0043 train_loss=5.573461e-02 train_mse=1.558124e-02 train_cos=0.988347 train_nmse=-16.148dB train_rec=0.000000e+00 train_recT=0.000000e+00 train_fc=0.000000e+00 train_decoder_tail=0.000000e+00
I 07.02/02:12:22 train_mapper.py:622 ] epoch=0044 train_loss=5.513052e-02 train_mse=1.536194e-02 train_cos=0.988495 train_nmse=-16.210dB train_rec=0.000000e+00 train_recT=0.000000e+00 train_fc=0.000000e+00 train_decoder_tail=0.000000e+00
I 07.02/02:12:55 train_mapper.py:622 ] epoch=0045 train_loss=5.466064e-02 train_mse=1.519122e-02 train_cos=0.988612 train_nmse=-16.258dB train_rec=0.000000e+00 train_recT=0.000000e+00 train_fc=0.000000e+00 train_decoder_tail=0.000000e+00
I 07.02/02:13:25 train_mapper.py:622 ] epoch=0046 train_loss=5.421092e-02 train_mse=1.502824e-02 train_cos=0.988726 train_nmse=-16.305dB train_rec=0.000000e+00 train_recT=0.000000e+00 train_fc=0.000000e+00 train_decoder_tail=0.000000e+00
I 07.02/02:13:44 train_mapper.py:622 ] epoch=0047 train_loss=5.354637e-02 train_mse=1.479227e-02 train_cos=0.988891 train_nmse=-16.374dB train_rec=0.000000e+00 train_recT=0.000000e+00 train_fc=0.000000e+00 train_decoder_tail=0.000000e+00
I 07.02/02:14:10 train_mapper.py:622 ] epoch=0048 train_loss=5.316001e-02 train_mse=1.465050e-02 train_cos=0.988987 train_nmse=-16.416dB train_rec=0.000000e+00 train_recT=0.000000e+00 train_fc=0.000000e+00 train_decoder_tail=0.000000e+00
I 07.02/02:14:27 train_mapper.py:622 ] epoch=0049 train_loss=5.274904e-02 train_mse=1.450328e-02 train_cos=0.989090 train_nmse=-16.460dB train_rec=0.000000e+00 train_recT=0.000000e+00 train_fc=0.000000e+00 train_decoder_tail=0.000000e+00
I 07.02/02:14:49 train_mapper.py:622 ] epoch=0050 train_loss=5.236490e-02 train_mse=1.436572e-02 train_cos=0.989186 train_nmse=-16.501dB train_rec=0.000000e+00 train_recT=0.000000e+00 train_fc=0.000000e+00 train_decoder_tail=0.000000e+00
I 07.02/02:15:10 train_mapper.py:622 ] epoch=0051 train_loss=5.184514e-02 train_mse=1.418285e-02 train_cos=0.989317 train_nmse=-16.557dB train_rec=0.000000e+00 train_recT=0.000000e+00 train_fc=0.000000e+00 train_decoder_tail=0.000000e+00
I 07.02/02:15:28 train_mapper.py:622 ] epoch=0052 train_loss=5.141776e-02 train_mse=1.403223e-02 train_cos=0.989424 train_nmse=-16.603dB train_rec=0.000000e+00 train_recT=0.000000e+00 train_fc=0.000000e+00 train_decoder_tail=0.000000e+00
I 07.02/02:15:48 train_mapper.py:622 ] epoch=0053 train_loss=5.100162e-02 train_mse=1.388312e-02 train_cos=0.989528 train_nmse=-16.650dB train_rec=0.000000e+00 train_recT=0.000000e+00 train_fc=0.000000e+00 train_decoder_tail=0.000000e+00
I 07.02/02:16:08 train_mapper.py:622 ] epoch=0054 train_loss=5.067287e-02 train_mse=1.376501e-02 train_cos=0.989609 train_nmse=-16.686dB train_rec=0.000000e+00 train_recT=0.000000e+00 train_fc=0.000000e+00 train_decoder_tail=0.000000e+00
I 07.02/02:16:25 train_mapper.py:622 ] epoch=0055 train_loss=5.028097e-02 train_mse=1.362834e-02 train_cos=0.989708 train_nmse=-16.730dB train_rec=0.000000e+00 train_recT=0.000000e+00 train_fc=0.000000e+00 train_decoder_tail=0.000000e+00
I 07.02/02:17:00 train_mapper.py:622 ] epoch=0056 train_loss=4.990416e-02 train_mse=1.349609e-02 train_cos=0.989802 train_nmse=-16.773dB train_rec=0.000000e+00 train_recT=0.000000e+00 train_fc=0.000000e+00 train_decoder_tail=0.000000e+00
I 07.02/02:17:46 train_mapper.py:622 ] epoch=0057 train_loss=4.953833e-02 train_mse=1.336741e-02 train_cos=0.989893 train_nmse=-16.814dB train_rec=0.000000e+00 train_recT=0.000000e+00 train_fc=0.000000e+00 train_decoder_tail=0.000000e+00
I 07.02/02:18:09 train_mapper.py:622 ] epoch=0058 train_loss=4.917542e-02 train_mse=1.324046e-02 train_cos=0.989984 train_nmse=-16.855dB train_rec=0.000000e+00 train_recT=0.000000e+00 train_fc=0.000000e+00 train_decoder_tail=0.000000e+00
I 07.02/02:18:27 train_mapper.py:622 ] epoch=0059 train_loss=4.878196e-02 train_mse=1.310589e-02 train_cos=0.990083 train_nmse=-16.900dB train_rec=0.000000e+00 train_recT=0.000000e+00 train_fc=0.000000e+00 train_decoder_tail=0.000000e+00
I 07.02/02:19:11 train_mapper.py:622 ] epoch=0060 train_loss=4.854927e-02 train_mse=1.302200e-02 train_cos=0.990141 train_nmse=-16.928dB train_rec=0.000000e+00 train_recT=0.000000e+00 train_fc=0.000000e+00 train_decoder_tail=0.000000e+00
I 07.02/02:19:54 train_mapper.py:622 ] epoch=0061 train_loss=4.818844e-02 train_mse=1.289792e-02 train_cos=0.990232 train_nmse=-16.969dB train_rec=0.000000e+00 train_recT=0.000000e+00 train_fc=0.000000e+00 train_decoder_tail=0.000000e+00
I 07.02/02:20:34 train_mapper.py:622 ] epoch=0062 train_loss=4.781848e-02 train_mse=1.277018e-02 train_cos=0.990322 train_nmse=-17.012dB train_rec=0.000000e+00 train_recT=0.000000e+00 train_fc=0.000000e+00 train_decoder_tail=0.000000e+00
I 07.02/02:21:06 train_mapper.py:622 ] epoch=0063 train_loss=4.758133e-02 train_mse=1.268622e-02 train_cos=0.990381 train_nmse=-17.041dB train_rec=0.000000e+00 train_recT=0.000000e+00 train_fc=0.000000e+00 train_decoder_tail=0.000000e+00
I 07.02/02:21:34 train_mapper.py:622 ] epoch=0064 train_loss=4.723624e-02 train_mse=1.256884e-02 train_cos=0.990466 train_nmse=-17.081dB train_rec=0.000000e+00 train_recT=0.000000e+00 train_fc=0.000000e+00 train_decoder_tail=0.000000e+00
I 07.02/02:22:19 train_mapper.py:622 ] epoch=0065 train_loss=4.701069e-02 train_mse=1.248916e-02 train_cos=0.990521 train_nmse=-17.109dB train_rec=0.000000e+00 train_recT=0.000000e+00 train_fc=0.000000e+00 train_decoder_tail=0.000000e+00
I 07.02/02:23:07 train_mapper.py:622 ] epoch=0066 train_loss=4.664799e-02 train_mse=1.236763e-02 train_cos=0.990612 train_nmse=-17.152dB train_rec=0.000000e+00 train_recT=0.000000e+00 train_fc=0.000000e+00 train_decoder_tail=0.000000e+00
I 07.02/02:23:50 train_mapper.py:622 ] epoch=0067 train_loss=4.637750e-02 train_mse=1.227431e-02 train_cos=0.990680 train_nmse=-17.185dB train_rec=0.000000e+00 train_recT=0.000000e+00 train_fc=0.000000e+00 train_decoder_tail=0.000000e+00
I 07.02/02:24:16 train_mapper.py:622 ] epoch=0068 train_loss=4.612352e-02 train_mse=1.218720e-02 train_cos=0.990743 train_nmse=-17.216dB train_rec=0.000000e+00 train_recT=0.000000e+00 train_fc=0.000000e+00 train_decoder_tail=0.000000e+00
I 07.02/02:24:39 train_mapper.py:622 ] epoch=0069 train_loss=4.579614e-02 train_mse=1.207622e-02 train_cos=0.990826 train_nmse=-17.255dB train_rec=0.000000e+00 train_recT=0.000000e+00 train_fc=0.000000e+00 train_decoder_tail=0.000000e+00
I 07.02/02:25:08 train_mapper.py:622 ] epoch=0070 train_loss=4.558619e-02 train_mse=1.200229e-02 train_cos=0.990874 train_nmse=-17.282dB train_rec=0.000000e+00 train_recT=0.000000e+00 train_fc=0.000000e+00 train_decoder_tail=0.000000e+00
I 07.02/02:25:26 train_mapper.py:622 ] epoch=0071 train_loss=4.526584e-02 train_mse=1.189678e-02 train_cos=0.990954 train_nmse=-17.320dB train_rec=0.000000e+00 train_recT=0.000000e+00 train_fc=0.000000e+00 train_decoder_tail=0.000000e+00
I 07.02/02:25:49 train_mapper.py:622 ] epoch=0072 train_loss=4.503729e-02 train_mse=1.181704e-02 train_cos=0.991013 train_nmse=-17.349dB train_rec=0.000000e+00 train_recT=0.000000e+00 train_fc=0.000000e+00 train_decoder_tail=0.000000e+00
I 07.02/02:26:21 train_mapper.py:622 ] epoch=0073 train_loss=4.480302e-02 train_mse=1.173632e-02 train_cos=0.991069 train_nmse=-17.379dB train_rec=0.000000e+00 train_recT=0.000000e+00 train_fc=0.000000e+00 train_decoder_tail=0.000000e+00
I 07.02/02:27:00 train_mapper.py:622 ] epoch=0074 train_loss=4.453695e-02 train_mse=1.164835e-02 train_cos=0.991137 train_nmse=-17.412dB train_rec=0.000000e+00 train_recT=0.000000e+00 train_fc=0.000000e+00 train_decoder_tail=0.000000e+00
I 07.02/02:27:44 train_mapper.py:622 ] epoch=0075 train_loss=4.435721e-02 train_mse=1.158533e-02 train_cos=0.991181 train_nmse=-17.435dB train_rec=0.000000e+00 train_recT=0.000000e+00 train_fc=0.000000e+00 train_decoder_tail=0.000000e+00
I 07.02/02:28:20 train_mapper.py:622 ] epoch=0076 train_loss=4.407958e-02 train_mse=1.149382e-02 train_cos=0.991247 train_nmse=-17.470dB train_rec=0.000000e+00 train_recT=0.000000e+00 train_fc=0.000000e+00 train_decoder_tail=0.000000e+00
I 07.02/02:28:59 train_mapper.py:622 ] epoch=0077 train_loss=4.378994e-02 train_mse=1.139729e-02 train_cos=0.991318 train_nmse=-17.506dB train_rec=0.000000e+00 train_recT=0.000000e+00 train_fc=0.000000e+00 train_decoder_tail=0.000000e+00
I 07.02/02:29:39 train_mapper.py:622 ] epoch=0078 train_loss=4.364778e-02 train_mse=1.134802e-02 train_cos=0.991352 train_nmse=-17.525dB train_rec=0.000000e+00 train_recT=0.000000e+00 train_fc=0.000000e+00 train_decoder_tail=0.000000e+00
I 07.02/02:30:21 train_mapper.py:622 ] epoch=0079 train_loss=4.337885e-02 train_mse=1.125886e-02 train_cos=0.991421 train_nmse=-17.560dB train_rec=0.000000e+00 train_recT=0.000000e+00 train_fc=0.000000e+00 train_decoder_tail=0.000000e+00
I 07.02/02:30:52 train_mapper.py:622 ] epoch=0080 train_loss=4.307979e-02 train_mse=1.115949e-02 train_cos=0.991493 train_nmse=-17.598dB train_rec=0.000000e+00 train_recT=0.000000e+00 train_fc=0.000000e+00 train_decoder_tail=0.000000e+00
I 07.02/02:31:34 train_mapper.py:622 ] epoch=0081 train_loss=4.292930e-02 train_mse=1.110844e-02 train_cos=0.991530 train_nmse=-17.618dB train_rec=0.000000e+00 train_recT=0.000000e+00 train_fc=0.000000e+00 train_decoder_tail=0.000000e+00
I 07.02/02:32:19 train_mapper.py:622 ] epoch=0082 train_loss=4.275759e-02 train_mse=1.104955e-02 train_cos=0.991573 train_nmse=-17.641dB train_rec=0.000000e+00 train_recT=0.000000e+00 train_fc=0.000000e+00 train_decoder_tail=0.000000e+00
I 07.02/02:32:45 train_mapper.py:622 ] epoch=0083 train_loss=4.253762e-02 train_mse=1.097767e-02 train_cos=0.991628 train_nmse=-17.669dB train_rec=0.000000e+00 train_recT=0.000000e+00 train_fc=0.000000e+00 train_decoder_tail=0.000000e+00
I 07.02/02:33:17 train_mapper.py:622 ] epoch=0084 train_loss=4.225889e-02 train_mse=1.088643e-02 train_cos=0.991694 train_nmse=-17.705dB train_rec=0.000000e+00 train_recT=0.000000e+00 train_fc=0.000000e+00 train_decoder_tail=0.000000e+00
I 07.02/02:33:40 train_mapper.py:622 ] epoch=0085 train_loss=4.214685e-02 train_mse=1.084591e-02 train_cos=0.991724 train_nmse=-17.722dB train_rec=0.000000e+00 train_recT=0.000000e+00 train_fc=0.000000e+00 train_decoder_tail=0.000000e+00
I 07.02/02:34:08 train_mapper.py:622 ] epoch=0086 train_loss=4.196082e-02 train_mse=1.078440e-02 train_cos=0.991771 train_nmse=-17.746dB train_rec=0.000000e+00 train_recT=0.000000e+00 train_fc=0.000000e+00 train_decoder_tail=0.000000e+00
I 07.02/02:34:41 train_mapper.py:622 ] epoch=0087 train_loss=4.172502e-02 train_mse=1.070771e-02 train_cos=0.991826 train_nmse=-17.777dB train_rec=0.000000e+00 train_recT=0.000000e+00 train_fc=0.000000e+00 train_decoder_tail=0.000000e+00
I 07.02/02:35:08 train_mapper.py:622 ] epoch=0088 train_loss=4.155596e-02 train_mse=1.064975e-02 train_cos=0.991867 train_nmse=-17.801dB train_rec=0.000000e+00 train_recT=0.000000e+00 train_fc=0.000000e+00 train_decoder_tail=0.000000e+00
I 07.02/02:35:27 train_mapper.py:622 ] epoch=0089 train_loss=4.135900e-02 train_mse=1.058614e-02 train_cos=0.991917 train_nmse=-17.827dB train_rec=0.000000e+00 train_recT=0.000000e+00 train_fc=0.000000e+00 train_decoder_tail=0.000000e+00
I 07.02/02:35:43 train_mapper.py:622 ] epoch=0090 train_loss=4.113135e-02 train_mse=1.051133e-02 train_cos=0.991971 train_nmse=-17.858dB train_rec=0.000000e+00 train_recT=0.000000e+00 train_fc=0.000000e+00 train_decoder_tail=0.000000e+00
I 07.02/02:36:08 train_mapper.py:622 ] epoch=0091 train_loss=4.091037e-02 train_mse=1.043820e-02 train_cos=0.992026 train_nmse=-17.888dB train_rec=0.000000e+00 train_recT=0.000000e+00 train_fc=0.000000e+00 train_decoder_tail=0.000000e+00
I 07.02/02:36:35 train_mapper.py:622 ] epoch=0092 train_loss=4.081657e-02 train_mse=1.040436e-02 train_cos=0.992048 train_nmse=-17.902dB train_rec=0.000000e+00 train_recT=0.000000e+00 train_fc=0.000000e+00 train_decoder_tail=0.000000e+00
I 07.02/02:36:58 train_mapper.py:622 ] epoch=0093 train_loss=4.064168e-02 train_mse=1.034697e-02 train_cos=0.992091 train_nmse=-17.926dB train_rec=0.000000e+00 train_recT=0.000000e+00 train_fc=0.000000e+00 train_decoder_tail=0.000000e+00
I 07.02/02:37:18 train_mapper.py:622 ] epoch=0094 train_loss=4.038886e-02 train_mse=1.026528e-02 train_cos=0.992153 train_nmse=-17.961dB train_rec=0.000000e+00 train_recT=0.000000e+00 train_fc=0.000000e+00 train_decoder_tail=0.000000e+00
I 07.02/02:37:37 train_mapper.py:622 ] epoch=0095 train_loss=4.017032e-02 train_mse=1.019484e-02 train_cos=0.992206 train_nmse=-17.991dB train_rec=0.000000e+00 train_recT=0.000000e+00 train_fc=0.000000e+00 train_decoder_tail=0.000000e+00
I 07.02/02:37:57 train_mapper.py:622 ] epoch=0096 train_loss=4.005430e-02 train_mse=1.015438e-02 train_cos=0.992233 train_nmse=-18.008dB train_rec=0.000000e+00 train_recT=0.000000e+00 train_fc=0.000000e+00 train_decoder_tail=0.000000e+00
I 07.02/02:38:16 train_mapper.py:622 ] epoch=0097 train_loss=3.992017e-02 train_mse=1.010978e-02 train_cos=0.992270 train_nmse=-18.027dB train_rec=0.000000e+00 train_recT=0.000000e+00 train_fc=0.000000e+00 train_decoder_tail=0.000000e+00
I 07.02/02:38:33 train_mapper.py:622 ] epoch=0098 train_loss=3.967999e-02 train_mse=1.003281e-02 train_cos=0.992326 train_nmse=-18.060dB train_rec=0.000000e+00 train_recT=0.000000e+00 train_fc=0.000000e+00 train_decoder_tail=0.000000e+00
I 07.02/02:38:51 train_mapper.py:622 ] epoch=0099 train_loss=3.953899e-02 train_mse=9.985778e-03 train_cos=0.992361 train_nmse=-18.080dB train_rec=0.000000e+00 train_recT=0.000000e+00 train_fc=0.000000e+00 train_decoder_tail=0.000000e+00
I 07.02/02:39:17 train_mapper.py:622 ] epoch=0100 train_loss=3.945464e-02 train_mse=9.955664e-03 train_cos=0.992380 train_nmse=-18.094dB train_rec=0.000000e+00 train_recT=0.000000e+00 train_fc=0.000000e+00 train_decoder_tail=0.000000e+00
I 07.02/02:39:57 train_mapper.py:622 ] epoch=0101 train_loss=3.927611e-02 train_mse=9.898410e-03 train_cos=0.992426 train_nmse=-18.119dB train_rec=0.000000e+00 train_recT=0.000000e+00 train_fc=0.000000e+00 train_decoder_tail=0.000000e+00
I 07.02/02:40:31 train_mapper.py:622 ] epoch=0102 train_loss=3.909743e-02 train_mse=9.838605e-03 train_cos=0.992469 train_nmse=-18.145dB train_rec=0.000000e+00 train_recT=0.000000e+00 train_fc=0.000000e+00 train_decoder_tail=0.000000e+00
I 07.02/02:41:00 train_mapper.py:622 ] epoch=0103 train_loss=3.888694e-02 train_mse=9.773333e-03 train_cos=0.992520 train_nmse=-18.174dB train_rec=0.000000e+00 train_recT=0.000000e+00 train_fc=0.000000e+00 train_decoder_tail=0.000000e+00
I 07.02/02:41:38 train_mapper.py:622 ] epoch=0104 train_loss=3.879865e-02 train_mse=9.741309e-03 train_cos=0.992542 train_nmse=-18.188dB train_rec=0.000000e+00 train_recT=0.000000e+00 train_fc=0.000000e+00 train_decoder_tail=0.000000e+00
I 07.02/02:42:12 train_mapper.py:622 ] epoch=0105 train_loss=3.859336e-02 train_mse=9.674481e-03 train_cos=0.992592 train_nmse=-18.218dB train_rec=0.000000e+00 train_recT=0.000000e+00 train_fc=0.000000e+00 train_decoder_tail=0.000000e+00
I 07.02/02:42:37 train_mapper.py:622 ] epoch=0106 train_loss=3.842389e-02 train_mse=9.620925e-03 train_cos=0.992633 train_nmse=-18.243dB train_rec=0.000000e+00 train_recT=0.000000e+00 train_fc=0.000000e+00 train_decoder_tail=0.000000e+00
I 07.02/02:43:07 train_mapper.py:622 ] epoch=0107 train_loss=3.832781e-02 train_mse=9.586889e-03 train_cos=0.992656 train_nmse=-18.257dB train_rec=0.000000e+00 train_recT=0.000000e+00 train_fc=0.000000e+00 train_decoder_tail=0.000000e+00
I 07.02/02:43:33 train_mapper.py:622 ] epoch=0108 train_loss=3.818545e-02 train_mse=9.539823e-03 train_cos=0.992690 train_nmse=-18.279dB train_rec=0.000000e+00 train_recT=0.000000e+00 train_fc=0.000000e+00 train_decoder_tail=0.000000e+00
I 07.02/02:44:00 train_mapper.py:622 ] epoch=0109 train_loss=3.806001e-02 train_mse=9.498881e-03 train_cos=0.992722 train_nmse=-18.298dB train_rec=0.000000e+00 train_recT=0.000000e+00 train_fc=0.000000e+00 train_decoder_tail=0.000000e+00
I 07.02/02:44:41 train_mapper.py:622 ] epoch=0110 train_loss=3.784258e-02 train_mse=9.430129e-03 train_cos=0.992776 train_nmse=-18.329dB train_rec=0.000000e+00 train_recT=0.000000e+00 train_fc=0.000000e+00 train_decoder_tail=0.000000e+00
I 07.02/02:45:14 train_mapper.py:622 ] epoch=0111 train_loss=3.773562e-02 train_mse=9.392751e-03 train_cos=0.992799 train_nmse=-18.346dB train_rec=0.000000e+00 train_recT=0.000000e+00 train_fc=0.000000e+00 train_decoder_tail=0.000000e+00
I 07.02/02:45:45 train_mapper.py:622 ] epoch=0112 train_loss=3.767258e-02 train_mse=9.370831e-03 train_cos=0.992818 train_nmse=-18.356dB train_rec=0.000000e+00 train_recT=0.000000e+00 train_fc=0.000000e+00 train_decoder_tail=0.000000e+00
I 07.02/02:46:29 train_mapper.py:622 ] epoch=0113 train_loss=3.743172e-02 train_mse=9.296160e-03 train_cos=0.992876 train_nmse=-18.391dB train_rec=0.000000e+00 train_recT=0.000000e+00 train_fc=0.000000e+00 train_decoder_tail=0.000000e+00
I 07.02/02:47:01 train_mapper.py:622 ] epoch=0114 train_loss=3.731268e-02 train_mse=9.256127e-03 train_cos=0.992904 train_nmse=-18.410dB train_rec=0.000000e+00 train_recT=0.000000e+00 train_fc=0.000000e+00 train_decoder_tail=0.000000e+00
I 07.02/02:47:32 train_mapper.py:622 ] epoch=0115 train_loss=3.712921e-02 train_mse=9.198504e-03 train_cos=0.992947 train_nmse=-18.437dB train_rec=0.000000e+00 train_recT=0.000000e+00 train_fc=0.000000e+00 train_decoder_tail=0.000000e+00
I 07.02/02:47:54 train_mapper.py:622 ] epoch=0116 train_loss=3.702496e-02 train_mse=9.163313e-03 train_cos=0.992973 train_nmse=-18.454dB train_rec=0.000000e+00 train_recT=0.000000e+00 train_fc=0.000000e+00 train_decoder_tail=0.000000e+00
I 07.02/02:48:14 train_mapper.py:622 ] epoch=0117 train_loss=3.688986e-02 train_mse=9.118917e-03 train_cos=0.993004 train_nmse=-18.474dB train_rec=0.000000e+00 train_recT=0.000000e+00 train_fc=0.000000e+00 train_decoder_tail=0.000000e+00
I 07.02/02:48:39 train_mapper.py:622 ] epoch=0118 train_loss=3.671627e-02 train_mse=9.064121e-03 train_cos=0.993046 train_nmse=-18.501dB train_rec=0.000000e+00 train_recT=0.000000e+00 train_fc=0.000000e+00 train_decoder_tail=0.000000e+00
I 07.02/02:49:12 train_mapper.py:622 ] epoch=0119 train_loss=3.666959e-02 train_mse=9.047023e-03 train_cos=0.993057 train_nmse=-18.509dB train_rec=0.000000e+00 train_recT=0.000000e+00 train_fc=0.000000e+00 train_decoder_tail=0.000000e+00
I 07.02/02:49:41 train_mapper.py:622 ] epoch=0120 train_loss=3.648112e-02 train_mse=8.988743e-03 train_cos=0.993102 train_nmse=-18.537dB train_rec=0.000000e+00 train_recT=0.000000e+00 train_fc=0.000000e+00 train_decoder_tail=0.000000e+00
I 07.02/02:50:11 train_mapper.py:622 ] epoch=0121 train_loss=3.639007e-02 train_mse=8.957523e-03 train_cos=0.993127 train_nmse=-18.552dB train_rec=0.000000e+00 train_recT=0.000000e+00 train_fc=0.000000e+00 train_decoder_tail=0.000000e+00
I 07.02/02:50:31 train_mapper.py:622 ] epoch=0122 train_loss=3.627763e-02 train_mse=8.920560e-03 train_cos=0.993151 train_nmse=-18.570dB train_rec=0.000000e+00 train_recT=0.000000e+00 train_fc=0.000000e+00 train_decoder_tail=0.000000e+00
I 07.02/02:50:51 train_mapper.py:622 ] epoch=0123 train_loss=3.614178e-02 train_mse=8.877525e-03 train_cos=0.993184 train_nmse=-18.591dB train_rec=0.000000e+00 train_recT=0.000000e+00 train_fc=0.000000e+00 train_decoder_tail=0.000000e+00
I 07.02/02:51:15 train_mapper.py:622 ] epoch=0124 train_loss=3.596459e-02 train_mse=8.821764e-03 train_cos=0.993224 train_nmse=-18.619dB train_rec=0.000000e+00 train_recT=0.000000e+00 train_fc=0.000000e+00 train_decoder_tail=0.000000e+00
I 07.02/02:51:32 train_mapper.py:622 ] epoch=0125 train_loss=3.594379e-02 train_mse=8.812807e-03 train_cos=0.993232 train_nmse=-18.623dB train_rec=0.000000e+00 train_recT=0.000000e+00 train_fc=0.000000e+00 train_decoder_tail=0.000000e+00
I 07.02/02:52:07 train_mapper.py:622 ] epoch=0126 train_loss=3.578505e-02 train_mse=8.762819e-03 train_cos=0.993268 train_nmse=-18.648dB train_rec=0.000000e+00 train_recT=0.000000e+00 train_fc=0.000000e+00 train_decoder_tail=0.000000e+00
I 07.02/02:52:28 train_mapper.py:622 ] epoch=0127 train_loss=3.566682e-02 train_mse=8.726141e-03 train_cos=0.993296 train_nmse=-18.666dB train_rec=0.000000e+00 train_recT=0.000000e+00 train_fc=0.000000e+00 train_decoder_tail=0.000000e+00
I 07.02/02:52:48 train_mapper.py:622 ] epoch=0128 train_loss=3.559256e-02 train_mse=8.700903e-03 train_cos=0.993315 train_nmse=-18.679dB train_rec=0.000000e+00 train_recT=0.000000e+00 train_fc=0.000000e+00 train_decoder_tail=0.000000e+00
I 07.02/02:53:14 train_mapper.py:622 ] epoch=0129 train_loss=3.547905e-02 train_mse=8.664397e-03 train_cos=0.993342 train_nmse=-18.697dB train_rec=0.000000e+00 train_recT=0.000000e+00 train_fc=0.000000e+00 train_decoder_tail=0.000000e+00
I 07.02/02:53:38 train_mapper.py:622 ] epoch=0130 train_loss=3.531465e-02 train_mse=8.613297e-03 train_cos=0.993382 train_nmse=-18.723dB train_rec=0.000000e+00 train_recT=0.000000e+00 train_fc=0.000000e+00 train_decoder_tail=0.000000e+00
I 07.02/02:54:02 train_mapper.py:622 ] epoch=0131 train_loss=3.516646e-02 train_mse=8.567979e-03 train_cos=0.993415 train_nmse=-18.746dB train_rec=0.000000e+00 train_recT=0.000000e+00 train_fc=0.000000e+00 train_decoder_tail=0.000000e+00
I 07.02/02:54:26 train_mapper.py:622 ] epoch=0132 train_loss=3.504064e-02 train_mse=8.528254e-03 train_cos=0.993444 train_nmse=-18.766dB train_rec=0.000000e+00 train_recT=0.000000e+00 train_fc=0.000000e+00 train_decoder_tail=0.000000e+00
I 07.02/02:54:57 train_mapper.py:622 ] epoch=0133 train_loss=3.500360e-02 train_mse=8.513549e-03 train_cos=0.993452 train_nmse=-18.773dB train_rec=0.000000e+00 train_recT=0.000000e+00 train_fc=0.000000e+00 train_decoder_tail=0.000000e+00
I 07.02/02:55:27 train_mapper.py:622 ] epoch=0134 train_loss=3.483809e-02 train_mse=8.464386e-03 train_cos=0.993493 train_nmse=-18.798dB train_rec=0.000000e+00 train_recT=0.000000e+00 train_fc=0.000000e+00 train_decoder_tail=0.000000e+00
I 07.02/02:56:00 train_mapper.py:622 ] epoch=0135 train_loss=3.476718e-02 train_mse=8.440614e-03 train_cos=0.993510 train_nmse=-18.810dB train_rec=0.000000e+00 train_recT=0.000000e+00 train_fc=0.000000e+00 train_decoder_tail=0.000000e+00
I 07.02/02:56:21 train_mapper.py:622 ] epoch=0136 train_loss=3.469941e-02 train_mse=8.418875e-03 train_cos=0.993525 train_nmse=-18.822dB train_rec=0.000000e+00 train_recT=0.000000e+00 train_fc=0.000000e+00 train_decoder_tail=0.000000e+00
I 07.02/02:56:49 train_mapper.py:622 ] epoch=0137 train_loss=3.457848e-02 train_mse=8.380961e-03 train_cos=0.993554 train_nmse=-18.841dB train_rec=0.000000e+00 train_recT=0.000000e+00 train_fc=0.000000e+00 train_decoder_tail=0.000000e+00
I 07.02/02:57:07 train_mapper.py:622 ] epoch=0138 train_loss=3.443590e-02 train_mse=8.337367e-03 train_cos=0.993587 train_nmse=-18.864dB train_rec=0.000000e+00 train_recT=0.000000e+00 train_fc=0.000000e+00 train_decoder_tail=0.000000e+00
I 07.02/02:57:29 train_mapper.py:622 ] epoch=0139 train_loss=3.435927e-02 train_mse=8.312074e-03 train_cos=0.993604 train_nmse=-18.877dB train_rec=0.000000e+00 train_recT=0.000000e+00 train_fc=0.000000e+00 train_decoder_tail=0.000000e+00
I 07.02/02:57:59 train_mapper.py:622 ] epoch=0140 train_loss=3.421664e-02 train_mse=8.268617e-03 train_cos=0.993638 train_nmse=-18.900dB train_rec=0.000000e+00 train_recT=0.000000e+00 train_fc=0.000000e+00 train_decoder_tail=0.000000e+00
I 07.02/02:58:21 train_mapper.py:622 ] epoch=0141 train_loss=3.412183e-02 train_mse=8.238687e-03 train_cos=0.993657 train_nmse=-18.916dB train_rec=0.000000e+00 train_recT=0.000000e+00 train_fc=0.000000e+00 train_decoder_tail=0.000000e+00
I 07.02/02:58:52 train_mapper.py:622 ] epoch=0142 train_loss=3.403690e-02 train_mse=8.212646e-03 train_cos=0.993681 train_nmse=-18.929dB train_rec=0.000000e+00 train_recT=0.000000e+00 train_fc=0.000000e+00 train_decoder_tail=0.000000e+00
I 07.02/02:59:10 train_mapper.py:622 ] epoch=0143 train_loss=3.394154e-02 train_mse=8.182451e-03 train_cos=0.993701 train_nmse=-18.946dB train_rec=0.000000e+00 train_recT=0.000000e+00 train_fc=0.000000e+00 train_decoder_tail=0.000000e+00
I 07.02/02:59:44 train_mapper.py:622 ] epoch=0144 train_loss=3.386866e-02 train_mse=8.159041e-03 train_cos=0.993720 train_nmse=-18.958dB train_rec=0.000000e+00 train_recT=0.000000e+00 train_fc=0.000000e+00 train_decoder_tail=0.000000e+00
I 07.02/03:00:17 train_mapper.py:622 ] epoch=0145 train_loss=3.380543e-02 train_mse=8.138369e-03 train_cos=0.993733 train_nmse=-18.969dB train_rec=0.000000e+00 train_recT=0.000000e+00 train_fc=0.000000e+00 train_decoder_tail=0.000000e+00
I 07.02/03:00:38 train_mapper.py:622 ] epoch=0146 train_loss=3.364876e-02 train_mse=8.091858e-03 train_cos=0.993770 train_nmse=-18.994dB train_rec=0.000000e+00 train_recT=0.000000e+00 train_fc=0.000000e+00 train_decoder_tail=0.000000e+00
I 07.02/03:01:10 train_mapper.py:622 ] epoch=0147 train_loss=3.354733e-02 train_mse=8.059626e-03 train_cos=0.993791 train_nmse=-19.011dB train_rec=0.000000e+00 train_recT=0.000000e+00 train_fc=0.000000e+00 train_decoder_tail=0.000000e+00
I 07.02/03:01:37 train_mapper.py:622 ] epoch=0148 train_loss=3.340454e-02 train_mse=8.017314e-03 train_cos=0.993823 train_nmse=-19.034dB train_rec=0.000000e+00 train_recT=0.000000e+00 train_fc=0.000000e+00 train_decoder_tail=0.000000e+00
I 07.02/03:02:09 train_mapper.py:622 ] epoch=0149 train_loss=3.338399e-02 train_mse=8.008605e-03 train_cos=0.993829 train_nmse=-19.039dB train_rec=0.000000e+00 train_recT=0.000000e+00 train_fc=0.000000e+00 train_decoder_tail=0.000000e+00
I 07.02/03:02:42 train_mapper.py:622 ] epoch=0150 train_loss=3.329012e-02 train_mse=7.980578e-03 train_cos=0.993852 train_nmse=-19.054dB train_rec=0.000000e+00 train_recT=0.000000e+00 train_fc=0.000000e+00 train_decoder_tail=0.000000e+00
I 07.02/03:03:11 train_mapper.py:622 ] epoch=0151 train_loss=3.318098e-02 train_mse=7.946545e-03 train_cos=0.993877 train_nmse=-19.072dB train_rec=0.000000e+00 train_recT=0.000000e+00 train_fc=0.000000e+00 train_decoder_tail=0.000000e+00
I 07.02/03:03:27 train_mapper.py:622 ] epoch=0152 train_loss=3.310509e-02 train_mse=7.923098e-03 train_cos=0.993894 train_nmse=-19.085dB train_rec=0.000000e+00 train_recT=0.000000e+00 train_fc=0.000000e+00 train_decoder_tail=0.000000e+00
I 07.02/03:03:48 train_mapper.py:622 ] epoch=0153 train_loss=3.303013e-02 train_mse=7.901114e-03 train_cos=0.993911 train_nmse=-19.097dB train_rec=0.000000e+00 train_recT=0.000000e+00 train_fc=0.000000e+00 train_decoder_tail=0.000000e+00
I 07.02/03:04:19 train_mapper.py:622 ] epoch=0154 train_loss=3.296725e-02 train_mse=7.880659e-03 train_cos=0.993927 train_nmse=-19.109dB train_rec=0.000000e+00 train_recT=0.000000e+00 train_fc=0.000000e+00 train_decoder_tail=0.000000e+00
I 07.02/03:04:56 train_mapper.py:622 ] epoch=0155 train_loss=3.280576e-02 train_mse=7.833166e-03 train_cos=0.993964 train_nmse=-19.135dB train_rec=0.000000e+00 train_recT=0.000000e+00 train_fc=0.000000e+00 train_decoder_tail=0.000000e+00
I 07.02/03:05:24 train_mapper.py:622 ] epoch=0156 train_loss=3.274758e-02 train_mse=7.813017e-03 train_cos=0.993977 train_nmse=-19.146dB train_rec=0.000000e+00 train_recT=0.000000e+00 train_fc=0.000000e+00 train_decoder_tail=0.000000e+00
I 07.02/03:05:57 train_mapper.py:622 ] epoch=0157 train_loss=3.265086e-02 train_mse=7.785212e-03 train_cos=0.994000 train_nmse=-19.161dB train_rec=0.000000e+00 train_recT=0.000000e+00 train_fc=0.000000e+00 train_decoder_tail=0.000000e+00
I 07.02/03:06:18 train_mapper.py:622 ] epoch=0158 train_loss=3.260745e-02 train_mse=7.770788e-03 train_cos=0.994008 train_nmse=-19.169dB train_rec=0.000000e+00 train_recT=0.000000e+00 train_fc=0.000000e+00 train_decoder_tail=0.000000e+00
I 07.02/03:06:37 train_mapper.py:622 ] epoch=0159 train_loss=3.246227e-02 train_mse=7.727124e-03 train_cos=0.994042 train_nmse=-19.194dB train_rec=0.000000e+00 train_recT=0.000000e+00 train_fc=0.000000e+00 train_decoder_tail=0.000000e+00
I 07.02/03:07:13 train_mapper.py:622 ] epoch=0160 train_loss=3.244505e-02 train_mse=7.720265e-03 train_cos=0.994046 train_nmse=-19.198dB train_rec=0.000000e+00 train_recT=0.000000e+00 train_fc=0.000000e+00 train_decoder_tail=0.000000e+00
I 07.02/03:07:48 train_mapper.py:622 ] epoch=0161 train_loss=3.229983e-02 train_mse=7.678331e-03 train_cos=0.994079 train_nmse=-19.222dB train_rec=0.000000e+00 train_recT=0.000000e+00 train_fc=0.000000e+00 train_decoder_tail=0.000000e+00
I 07.02/03:08:09 train_mapper.py:622 ] epoch=0162 train_loss=3.222718e-02 train_mse=7.655473e-03 train_cos=0.994095 train_nmse=-19.234dB train_rec=0.000000e+00 train_recT=0.000000e+00 train_fc=0.000000e+00 train_decoder_tail=0.000000e+00
I 07.02/03:08:31 train_mapper.py:622 ] epoch=0163 train_loss=3.214494e-02 train_mse=7.631002e-03 train_cos=0.994115 train_nmse=-19.248dB train_rec=0.000000e+00 train_recT=0.000000e+00 train_fc=0.000000e+00 train_decoder_tail=0.000000e+00
I 07.02/03:09:11 train_mapper.py:622 ] epoch=0164 train_loss=3.213527e-02 train_mse=7.626475e-03 train_cos=0.994118 train_nmse=-19.251dB train_rec=0.000000e+00 train_recT=0.000000e+00 train_fc=0.000000e+00 train_decoder_tail=0.000000e+00
I 07.02/03:09:30 train_mapper.py:622 ] epoch=0165 train_loss=3.205078e-02 train_mse=7.601505e-03 train_cos=0.994138 train_nmse=-19.265dB train_rec=0.000000e+00 train_recT=0.000000e+00 train_fc=0.000000e+00 train_decoder_tail=0.000000e+00
I 07.02/03:10:07 train_mapper.py:622 ] epoch=0166 train_loss=3.186510e-02 train_mse=7.547296e-03 train_cos=0.994180 train_nmse=-19.296dB train_rec=0.000000e+00 train_recT=0.000000e+00 train_fc=0.000000e+00 train_decoder_tail=0.000000e+00
I 07.02/03:10:24 train_mapper.py:622 ] epoch=0167 train_loss=3.185351e-02 train_mse=7.542012e-03 train_cos=0.994182 train_nmse=-19.300dB train_rec=0.000000e+00 train_recT=0.000000e+00 train_fc=0.000000e+00 train_decoder_tail=0.000000e+00
I 07.02/03:10:43 train_mapper.py:622 ] epoch=0168 train_loss=3.179034e-02 train_mse=7.521838e-03 train_cos=0.994195 train_nmse=-19.311dB train_rec=0.000000e+00 train_recT=0.000000e+00 train_fc=0.000000e+00 train_decoder_tail=0.000000e+00
I 07.02/03:10:59 train_mapper.py:622 ] epoch=0169 train_loss=3.167415e-02 train_mse=7.486676e-03 train_cos=0.994222 train_nmse=-19.331dB train_rec=0.000000e+00 train_recT=0.000000e+00 train_fc=0.000000e+00 train_decoder_tail=0.000000e+00
I 07.02/03:11:27 train_mapper.py:622 ] epoch=0170 train_loss=3.160879e-02 train_mse=7.467252e-03 train_cos=0.994234 train_nmse=-19.343dB train_rec=0.000000e+00 train_recT=0.000000e+00 train_fc=0.000000e+00 train_decoder_tail=0.000000e+00
I 07.02/03:11:50 train_mapper.py:622 ] epoch=0171 train_loss=3.147922e-02 train_mse=7.429670e-03 train_cos=0.994267 train_nmse=-19.365dB train_rec=0.000000e+00 train_recT=0.000000e+00 train_fc=0.000000e+00 train_decoder_tail=0.000000e+00
I 07.02/03:12:12 train_mapper.py:622 ] epoch=0172 train_loss=3.149975e-02 train_mse=7.433097e-03 train_cos=0.994263 train_nmse=-19.362dB train_rec=0.000000e+00 train_recT=0.000000e+00 train_fc=0.000000e+00 train_decoder_tail=0.000000e+00
I 07.02/03:12:36 train_mapper.py:622 ] epoch=0173 train_loss=3.138746e-02 train_mse=7.400659e-03 train_cos=0.994287 train_nmse=-19.382dB train_rec=0.000000e+00 train_recT=0.000000e+00 train_fc=0.000000e+00 train_decoder_tail=0.000000e+00
I 07.02/03:13:17 train_mapper.py:622 ] epoch=0174 train_loss=3.130733e-02 train_mse=7.376734e-03 train_cos=0.994305 train_nmse=-19.396dB train_rec=0.000000e+00 train_recT=0.000000e+00 train_fc=0.000000e+00 train_decoder_tail=0.000000e+00
I 07.02/03:14:07 train_mapper.py:622 ] epoch=0175 train_loss=3.120049e-02 train_mse=7.346000e-03 train_cos=0.994329 train_nmse=-19.414dB train_rec=0.000000e+00 train_recT=0.000000e+00 train_fc=0.000000e+00 train_decoder_tail=0.000000e+00
I 07.02/03:14:55 train_mapper.py:622 ] epoch=0176 train_loss=3.119699e-02 train_mse=7.341106e-03 train_cos=0.994331 train_nmse=-19.417dB train_rec=0.000000e+00 train_recT=0.000000e+00 train_fc=0.000000e+00 train_decoder_tail=0.000000e+00
I 07.02/03:15:26 train_mapper.py:622 ] epoch=0177 train_loss=3.104915e-02 train_mse=7.300771e-03 train_cos=0.994364 train_nmse=-19.440dB train_rec=0.000000e+00 train_recT=0.000000e+00 train_fc=0.000000e+00 train_decoder_tail=0.000000e+00
I 07.02/03:16:03 train_mapper.py:622 ] epoch=0178 train_loss=3.099522e-02 train_mse=7.283241e-03 train_cos=0.994375 train_nmse=-19.451dB train_rec=0.000000e+00 train_recT=0.000000e+00 train_fc=0.000000e+00 train_decoder_tail=0.000000e+00
I 07.02/03:16:37 train_mapper.py:622 ] epoch=0179 train_loss=3.095881e-02 train_mse=7.270617e-03 train_cos=0.994383 train_nmse=-19.459dB train_rec=0.000000e+00 train_recT=0.000000e+00 train_fc=0.000000e+00 train_decoder_tail=0.000000e+00
I 07.02/03:17:18 train_mapper.py:622 ] epoch=0180 train_loss=3.078992e-02 train_mse=7.223115e-03 train_cos=0.994422 train_nmse=-19.487dB train_rec=0.000000e+00 train_recT=0.000000e+00 train_fc=0.000000e+00 train_decoder_tail=0.000000e+00
I 07.02/03:17:40 train_mapper.py:622 ] epoch=0181 train_loss=3.083237e-02 train_mse=7.232591e-03 train_cos=0.994413 train_nmse=-19.481dB train_rec=0.000000e+00 train_recT=0.000000e+00 train_fc=0.000000e+00 train_decoder_tail=0.000000e+00
I 07.02/03:17:52 train_mapper.py:622 ] epoch=0182 train_loss=3.076372e-02 train_mse=7.212301e-03 train_cos=0.994429 train_nmse=-19.493dB train_rec=0.000000e+00 train_recT=0.000000e+00 train_fc=0.000000e+00 train_decoder_tail=0.000000e+00
I 07.02/03:18:12 train_mapper.py:622 ] epoch=0183 train_loss=3.067104e-02 train_mse=7.185364e-03 train_cos=0.994450 train_nmse=-19.510dB train_rec=0.000000e+00 train_recT=0.000000e+00 train_fc=0.000000e+00 train_decoder_tail=0.000000e+00
I 07.02/03:18:28 train_mapper.py:622 ] epoch=0184 train_loss=3.057945e-02 train_mse=7.157660e-03 train_cos=0.994471 train_nmse=-19.526dB train_rec=0.000000e+00 train_recT=0.000000e+00 train_fc=0.000000e+00 train_decoder_tail=0.000000e+00
I 07.02/03:19:13 train_mapper.py:622 ] epoch=0185 train_loss=3.048254e-02 train_mse=7.129759e-03 train_cos=0.994493 train_nmse=-19.543dB train_rec=0.000000e+00 train_recT=0.000000e+00 train_fc=0.000000e+00 train_decoder_tail=0.000000e+00
I 07.02/03:19:57 train_mapper.py:622 ] epoch=0186 train_loss=3.041180e-02 train_mse=7.109138e-03 train_cos=0.994508 train_nmse=-19.556dB train_rec=0.000000e+00 train_recT=0.000000e+00 train_fc=0.000000e+00 train_decoder_tail=0.000000e+00
I 07.02/03:20:45 train_mapper.py:622 ] epoch=0187 train_loss=3.033316e-02 train_mse=7.085823e-03 train_cos=0.994526 train_nmse=-19.570dB train_rec=0.000000e+00 train_recT=0.000000e+00 train_fc=0.000000e+00 train_decoder_tail=0.000000e+00
I 07.02/03:21:37 train_mapper.py:622 ] epoch=0188 train_loss=3.025811e-02 train_mse=7.063257e-03 train_cos=0.994542 train_nmse=-19.584dB train_rec=0.000000e+00 train_recT=0.000000e+00 train_fc=0.000000e+00 train_decoder_tail=0.000000e+00
I 07.02/03:22:26 train_mapper.py:622 ] epoch=0189 train_loss=3.025842e-02 train_mse=7.061221e-03 train_cos=0.994544 train_nmse=-19.585dB train_rec=0.000000e+00 train_recT=0.000000e+00 train_fc=0.000000e+00 train_decoder_tail=0.000000e+00
I 07.02/03:23:11 train_mapper.py:622 ] epoch=0190 train_loss=3.011210e-02 train_mse=7.021299e-03 train_cos=0.994575 train_nmse=-19.610dB train_rec=0.000000e+00 train_recT=0.000000e+00 train_fc=0.000000e+00 train_decoder_tail=0.000000e+00
I 07.02/03:24:00 train_mapper.py:622 ] epoch=0191 train_loss=3.011425e-02 train_mse=7.018979e-03 train_cos=0.994575 train_nmse=-19.611dB train_rec=0.000000e+00 train_recT=0.000000e+00 train_fc=0.000000e+00 train_decoder_tail=0.000000e+00
I 07.02/03:24:35 train_mapper.py:622 ] epoch=0192 train_loss=3.004820e-02 train_mse=7.000068e-03 train_cos=0.994590 train_nmse=-19.623dB train_rec=0.000000e+00 train_recT=0.000000e+00 train_fc=0.000000e+00 train_decoder_tail=0.000000e+00
I 07.02/03:24:59 train_mapper.py:622 ] epoch=0193 train_loss=3.001224e-02 train_mse=6.989065e-03 train_cos=0.994601 train_nmse=-19.630dB train_rec=0.000000e+00 train_recT=0.000000e+00 train_fc=0.000000e+00 train_decoder_tail=0.000000e+00
I 07.02/03:25:26 train_mapper.py:622 ] epoch=0194 train_loss=2.993873e-02 train_mse=6.967120e-03 train_cos=0.994616 train_nmse=-19.644dB train_rec=0.000000e+00 train_recT=0.000000e+00 train_fc=0.000000e+00 train_decoder_tail=0.000000e+00
I 07.02/03:25:49 train_mapper.py:622 ] epoch=0195 train_loss=2.992268e-02 train_mse=6.960947e-03 train_cos=0.994619 train_nmse=-19.647dB train_rec=0.000000e+00 train_recT=0.000000e+00 train_fc=0.000000e+00 train_decoder_tail=0.000000e+00
I 07.02/03:26:24 train_mapper.py:622 ] epoch=0196 train_loss=2.979453e-02 train_mse=6.925107e-03 train_cos=0.994649 train_nmse=-19.670dB train_rec=0.000000e+00 train_recT=0.000000e+00 train_fc=0.000000e+00 train_decoder_tail=0.000000e+00
I 07.02/03:26:45 train_mapper.py:622 ] epoch=0197 train_loss=2.972308e-02 train_mse=6.903802e-03 train_cos=0.994663 train_nmse=-19.683dB train_rec=0.000000e+00 train_recT=0.000000e+00 train_fc=0.000000e+00 train_decoder_tail=0.000000e+00
I 07.02/03:27:06 train_mapper.py:622 ] epoch=0198 train_loss=2.970900e-02 train_mse=6.897678e-03 train_cos=0.994667 train_nmse=-19.687dB train_rec=0.000000e+00 train_recT=0.000000e+00 train_fc=0.000000e+00 train_decoder_tail=0.000000e+00
I 07.02/03:27:25 train_mapper.py:622 ] epoch=0199 train_loss=2.961667e-02 train_mse=6.871697e-03 train_cos=0.994687 train_nmse=-19.703dB train_rec=0.000000e+00 train_recT=0.000000e+00 train_fc=0.000000e+00 train_decoder_tail=0.000000e+00
I 07.02/03:27:45 train_mapper.py:622 ] epoch=0200 train_loss=2.950085e-02 train_mse=6.838958e-03 train_cos=0.994713 train_nmse=-19.724dB train_rec=0.000000e+00 train_recT=0.000000e+00 train_fc=0.000000e+00 train_decoder_tail=0.000000e+00
I 07.02/03:28:09 train_mapper.py:622 ] epoch=0201 train_loss=2.949355e-02 train_mse=6.835106e-03 train_cos=0.994714 train_nmse=-19.727dB train_rec=0.000000e+00 train_recT=0.000000e+00 train_fc=0.000000e+00 train_decoder_tail=0.000000e+00
I 07.02/03:28:31 train_mapper.py:622 ] epoch=0202 train_loss=2.940460e-02 train_mse=6.810037e-03 train_cos=0.994736 train_nmse=-19.742dB train_rec=0.000000e+00 train_recT=0.000000e+00 train_fc=0.000000e+00 train_decoder_tail=0.000000e+00
I 07.02/03:28:53 train_mapper.py:622 ] epoch=0203 train_loss=2.936593e-02 train_mse=6.798384e-03 train_cos=0.994745 train_nmse=-19.750dB train_rec=0.000000e+00 train_recT=0.000000e+00 train_fc=0.000000e+00 train_decoder_tail=0.000000e+00
I 07.02/03:29:18 train_mapper.py:622 ] epoch=0204 train_loss=2.938177e-02 train_mse=6.800439e-03 train_cos=0.994740 train_nmse=-19.749dB train_rec=0.000000e+00 train_recT=0.000000e+00 train_fc=0.000000e+00 train_decoder_tail=0.000000e+00
I 07.02/03:29:40 train_mapper.py:622 ] epoch=0205 train_loss=2.920555e-02 train_mse=6.752076e-03 train_cos=0.994780 train_nmse=-19.780dB train_rec=0.000000e+00 train_recT=0.000000e+00 train_fc=0.000000e+00 train_decoder_tail=0.000000e+00
I 07.02/03:30:05 train_mapper.py:622 ] epoch=0206 train_loss=2.924775e-02 train_mse=6.761115e-03 train_cos=0.994770 train_nmse=-19.774dB train_rec=0.000000e+00 train_recT=0.000000e+00 train_fc=0.000000e+00 train_decoder_tail=0.000000e+00
I 07.02/03:30:26 train_mapper.py:622 ] epoch=0207 train_loss=2.912024e-02 train_mse=6.725514e-03 train_cos=0.994799 train_nmse=-19.797dB train_rec=0.000000e+00 train_recT=0.000000e+00 train_fc=0.000000e+00 train_decoder_tail=0.000000e+00
I 07.02/03:30:47 train_mapper.py:622 ] epoch=0208 train_loss=2.901488e-02 train_mse=6.695525e-03 train_cos=0.994822 train_nmse=-19.816dB train_rec=0.000000e+00 train_recT=0.000000e+00 train_fc=0.000000e+00 train_decoder_tail=0.000000e+00
I 07.02/03:31:10 train_mapper.py:622 ] epoch=0209 train_loss=2.899926e-02 train_mse=6.689819e-03 train_cos=0.994825 train_nmse=-19.820dB train_rec=0.000000e+00 train_recT=0.000000e+00 train_fc=0.000000e+00 train_decoder_tail=0.000000e+00
I 07.02/03:31:31 train_mapper.py:622 ] epoch=0210 train_loss=2.896331e-02 train_mse=6.680088e-03 train_cos=0.994835 train_nmse=-19.826dB train_rec=0.000000e+00 train_recT=0.000000e+00 train_fc=0.000000e+00 train_decoder_tail=0.000000e+00
I 07.02/03:31:51 train_mapper.py:622 ] epoch=0211 train_loss=2.892055e-02 train_mse=6.666046e-03 train_cos=0.994844 train_nmse=-19.835dB train_rec=0.000000e+00 train_recT=0.000000e+00 train_fc=0.000000e+00 train_decoder_tail=0.000000e+00
I 07.02/03:32:09 train_mapper.py:622 ] epoch=0212 train_loss=2.885192e-02 train_mse=6.646029e-03 train_cos=0.994860 train_nmse=-19.849dB train_rec=0.000000e+00 train_recT=0.000000e+00 train_fc=0.000000e+00 train_decoder_tail=0.000000e+00
I 07.02/03:32:28 train_mapper.py:622 ] epoch=0213 train_loss=2.878354e-02 train_mse=6.626743e-03 train_cos=0.994874 train_nmse=-19.861dB train_rec=0.000000e+00 train_recT=0.000000e+00 train_fc=0.000000e+00 train_decoder_tail=0.000000e+00
I 07.02/03:32:49 train_mapper.py:622 ] epoch=0214 train_loss=2.875868e-02 train_mse=6.618678e-03 train_cos=0.994880 train_nmse=-19.866dB train_rec=0.000000e+00 train_recT=0.000000e+00 train_fc=0.000000e+00 train_decoder_tail=0.000000e+00
I 07.02/03:33:10 train_mapper.py:622 ] epoch=0215 train_loss=2.868833e-02 train_mse=6.598397e-03 train_cos=0.994896 train_nmse=-19.880dB train_rec=0.000000e+00 train_recT=0.000000e+00 train_fc=0.000000e+00 train_decoder_tail=0.000000e+00
I 07.02/03:33:30 train_mapper.py:622 ] epoch=0216 train_loss=2.861396e-02 train_mse=6.577686e-03 train_cos=0.994912 train_nmse=-19.893dB train_rec=0.000000e+00 train_recT=0.000000e+00 train_fc=0.000000e+00 train_decoder_tail=0.000000e+00
I 07.02/03:33:53 train_mapper.py:622 ] epoch=0217 train_loss=2.860678e-02 train_mse=6.573388e-03 train_cos=0.994913 train_nmse=-19.896dB train_rec=0.000000e+00 train_recT=0.000000e+00 train_fc=0.000000e+00 train_decoder_tail=0.000000e+00
I 07.02/03:34:18 train_mapper.py:622 ] epoch=0218 train_loss=2.854899e-02 train_mse=6.557922e-03 train_cos=0.994927 train_nmse=-19.907dB train_rec=0.000000e+00 train_recT=0.000000e+00 train_fc=0.000000e+00 train_decoder_tail=0.000000e+00
I 07.02/03:34:40 train_mapper.py:622 ] epoch=0219 train_loss=2.843266e-02 train_mse=6.525254e-03 train_cos=0.994953 train_nmse=-19.928dB train_rec=0.000000e+00 train_recT=0.000000e+00 train_fc=0.000000e+00 train_decoder_tail=0.000000e+00
I 07.02/03:34:58 train_mapper.py:622 ] epoch=0220 train_loss=2.837374e-02 train_mse=6.507602e-03 train_cos=0.994965 train_nmse=-19.940dB train_rec=0.000000e+00 train_recT=0.000000e+00 train_fc=0.000000e+00 train_decoder_tail=0.000000e+00
I 07.02/03:35:19 train_mapper.py:622 ] epoch=0221 train_loss=2.833574e-02 train_mse=6.496609e-03 train_cos=0.994973 train_nmse=-19.947dB train_rec=0.000000e+00 train_recT=0.000000e+00 train_fc=0.000000e+00 train_decoder_tail=0.000000e+00
I 07.02/03:35:36 train_mapper.py:622 ] epoch=0222 train_loss=2.832385e-02 train_mse=6.491365e-03 train_cos=0.994977 train_nmse=-19.951dB train_rec=0.000000e+00 train_recT=0.000000e+00 train_fc=0.000000e+00 train_decoder_tail=0.000000e+00
I 07.02/03:35:53 train_mapper.py:622 ] epoch=0223 train_loss=2.824577e-02 train_mse=6.469933e-03 train_cos=0.994994 train_nmse=-19.965dB train_rec=0.000000e+00 train_recT=0.000000e+00 train_fc=0.000000e+00 train_decoder_tail=0.000000e+00
I 07.02/03:36:21 train_mapper.py:622 ] epoch=0224 train_loss=2.817351e-02 train_mse=6.450108e-03 train_cos=0.995010 train_nmse=-19.978dB train_rec=0.000000e+00 train_recT=0.000000e+00 train_fc=0.000000e+00 train_decoder_tail=0.000000e+00
I 07.02/03:36:39 train_mapper.py:622 ] epoch=0225 train_loss=2.818917e-02 train_mse=6.452899e-03 train_cos=0.995008 train_nmse=-19.976dB train_rec=0.000000e+00 train_recT=0.000000e+00 train_fc=0.000000e+00 train_decoder_tail=0.000000e+00
I 07.02/03:36:56 train_mapper.py:622 ] epoch=0226 train_loss=2.813203e-02 train_mse=6.436418e-03 train_cos=0.995020 train_nmse=-19.988dB train_rec=0.000000e+00 train_recT=0.000000e+00 train_fc=0.000000e+00 train_decoder_tail=0.000000e+00
I 07.02/03:37:14 train_mapper.py:622 ] epoch=0227 train_loss=2.797920e-02 train_mse=6.394482e-03 train_cos=0.995053 train_nmse=-20.016dB train_rec=0.000000e+00 train_recT=0.000000e+00 train_fc=0.000000e+00 train_decoder_tail=0.000000e+00
I 07.02/03:37:34 train_mapper.py:622 ] epoch=0228 train_loss=2.800936e-02 train_mse=6.399917e-03 train_cos=0.995045 train_nmse=-20.013dB train_rec=0.000000e+00 train_recT=0.000000e+00 train_fc=0.000000e+00 train_decoder_tail=0.000000e+00
I 07.02/03:37:54 train_mapper.py:622 ] epoch=0229 train_loss=2.790864e-02 train_mse=6.373473e-03 train_cos=0.995069 train_nmse=-20.030dB train_rec=0.000000e+00 train_recT=0.000000e+00 train_fc=0.000000e+00 train_decoder_tail=0.000000e+00
I 07.02/03:38:17 train_mapper.py:622 ] epoch=0230 train_loss=2.789032e-02 train_mse=6.366583e-03 train_cos=0.995072 train_nmse=-20.035dB train_rec=0.000000e+00 train_recT=0.000000e+00 train_fc=0.000000e+00 train_decoder_tail=0.000000e+00
I 07.02/03:38:39 train_mapper.py:622 ] epoch=0231 train_loss=2.778622e-02 train_mse=6.337253e-03 train_cos=0.995096 train_nmse=-20.055dB train_rec=0.000000e+00 train_recT=0.000000e+00 train_fc=0.000000e+00 train_decoder_tail=0.000000e+00
I 07.02/03:38:59 train_mapper.py:622 ] epoch=0232 train_loss=2.781109e-02 train_mse=6.343834e-03 train_cos=0.995091 train_nmse=-20.051dB train_rec=0.000000e+00 train_recT=0.000000e+00 train_fc=0.000000e+00 train_decoder_tail=0.000000e+00
I 07.02/03:39:22 train_mapper.py:622 ] epoch=0233 train_loss=2.782833e-02 train_mse=6.346566e-03 train_cos=0.995087 train_nmse=-20.049dB train_rec=0.000000e+00 train_recT=0.000000e+00 train_fc=0.000000e+00 train_decoder_tail=0.000000e+00
I 07.02/03:39:41 train_mapper.py:622 ] epoch=0234 train_loss=2.768064e-02 train_mse=6.307041e-03 train_cos=0.995119 train_nmse=-20.076dB train_rec=0.000000e+00 train_recT=0.000000e+00 train_fc=0.000000e+00 train_decoder_tail=0.000000e+00
I 07.02/03:39:57 train_mapper.py:622 ] epoch=0235 train_loss=2.770507e-02 train_mse=6.311627e-03 train_cos=0.995115 train_nmse=-20.073dB train_rec=0.000000e+00 train_recT=0.000000e+00 train_fc=0.000000e+00 train_decoder_tail=0.000000e+00
I 07.02/03:40:14 train_mapper.py:622 ] epoch=0236 train_loss=2.759763e-02 train_mse=6.282811e-03 train_cos=0.995137 train_nmse=-20.093dB train_rec=0.000000e+00 train_recT=0.000000e+00 train_fc=0.000000e+00 train_decoder_tail=0.000000e+00
I 07.02/03:40:32 train_mapper.py:622 ] epoch=0237 train_loss=2.752801e-02 train_mse=6.262461e-03 train_cos=0.995153 train_nmse=-20.107dB train_rec=0.000000e+00 train_recT=0.000000e+00 train_fc=0.000000e+00 train_decoder_tail=0.000000e+00
I 07.02/03:40:52 train_mapper.py:622 ] epoch=0238 train_loss=2.749478e-02 train_mse=6.253144e-03 train_cos=0.995158 train_nmse=-20.113dB train_rec=0.000000e+00 train_recT=0.000000e+00 train_fc=0.000000e+00 train_decoder_tail=0.000000e+00
I 07.02/03:41:15 train_mapper.py:622 ] epoch=0239 train_loss=2.742572e-02 train_mse=6.233196e-03 train_cos=0.995174 train_nmse=-20.127dB train_rec=0.000000e+00 train_recT=0.000000e+00 train_fc=0.000000e+00 train_decoder_tail=0.000000e+00
I 07.02/03:41:35 train_mapper.py:622 ] epoch=0240 train_loss=2.737005e-02 train_mse=6.218103e-03 train_cos=0.995186 train_nmse=-20.138dB train_rec=0.000000e+00 train_recT=0.000000e+00 train_fc=0.000000e+00 train_decoder_tail=0.000000e+00
I 07.02/03:41:55 train_mapper.py:622 ] epoch=0241 train_loss=2.737039e-02 train_mse=6.216145e-03 train_cos=0.995188 train_nmse=-20.139dB train_rec=0.000000e+00 train_recT=0.000000e+00 train_fc=0.000000e+00 train_decoder_tail=0.000000e+00
I 07.02/03:42:16 train_mapper.py:622 ] epoch=0242 train_loss=2.730981e-02 train_mse=6.199837e-03 train_cos=0.995201 train_nmse=-20.150dB train_rec=0.000000e+00 train_recT=0.000000e+00 train_fc=0.000000e+00 train_decoder_tail=0.000000e+00
I 07.02/03:42:36 train_mapper.py:622 ] epoch=0243 train_loss=2.729109e-02 train_mse=6.193525e-03 train_cos=0.995204 train_nmse=-20.155dB train_rec=0.000000e+00 train_recT=0.000000e+00 train_fc=0.000000e+00 train_decoder_tail=0.000000e+00
I 07.02/03:42:55 train_mapper.py:622 ] epoch=0244 train_loss=2.719962e-02 train_mse=6.169064e-03 train_cos=0.995224 train_nmse=-20.172dB train_rec=0.000000e+00 train_recT=0.000000e+00 train_fc=0.000000e+00 train_decoder_tail=0.000000e+00
I 07.02/03:43:19 train_mapper.py:622 ] epoch=0245 train_loss=2.718754e-02 train_mse=6.164063e-03 train_cos=0.995227 train_nmse=-20.175dB train_rec=0.000000e+00 train_recT=0.000000e+00 train_fc=0.000000e+00 train_decoder_tail=0.000000e+00
I 07.02/03:43:40 train_mapper.py:622 ] epoch=0246 train_loss=2.714050e-02 train_mse=6.150810e-03 train_cos=0.995236 train_nmse=-20.185dB train_rec=0.000000e+00 train_recT=0.000000e+00 train_fc=0.000000e+00 train_decoder_tail=0.000000e+00
I 07.02/03:43:59 train_mapper.py:622 ] epoch=0247 train_loss=2.706765e-02 train_mse=6.130273e-03 train_cos=0.995254 train_nmse=-20.199dB train_rec=0.000000e+00 train_recT=0.000000e+00 train_fc=0.000000e+00 train_decoder_tail=0.000000e+00
I 07.02/03:44:19 train_mapper.py:622 ] epoch=0248 train_loss=2.708363e-02 train_mse=6.133056e-03 train_cos=0.995250 train_nmse=-20.197dB train_rec=0.000000e+00 train_recT=0.000000e+00 train_fc=0.000000e+00 train_decoder_tail=0.000000e+00
I 07.02/03:44:38 train_mapper.py:622 ] epoch=0249 train_loss=2.696698e-02 train_mse=6.102278e-03 train_cos=0.995275 train_nmse=-20.219dB train_rec=0.000000e+00 train_recT=0.000000e+00 train_fc=0.000000e+00 train_decoder_tail=0.000000e+00
I 07.02/03:44:59 train_mapper.py:622 ] epoch=0250 train_loss=2.697015e-02 train_mse=6.101522e-03 train_cos=0.995274 train_nmse=-20.220dB train_rec=0.000000e+00 train_recT=0.000000e+00 train_fc=0.000000e+00 train_decoder_tail=0.000000e+00
I 07.02/03:45:23 train_mapper.py:622 ] epoch=0251 train_loss=2.689218e-02 train_mse=6.080372e-03 train_cos=0.995291 train_nmse=-20.235dB train_rec=0.000000e+00 train_recT=0.000000e+00 train_fc=0.000000e+00 train_decoder_tail=0.000000e+00
I 07.02/03:45:45 train_mapper.py:622 ] epoch=0252 train_loss=2.687682e-02 train_mse=6.076538e-03 train_cos=0.995296 train_nmse=-20.237dB train_rec=0.000000e+00 train_recT=0.000000e+00 train_fc=0.000000e+00 train_decoder_tail=0.000000e+00
I 07.02/03:46:12 train_mapper.py:622 ] epoch=0253 train_loss=2.682883e-02 train_mse=6.062365e-03 train_cos=0.995306 train_nmse=-20.248dB train_rec=0.000000e+00 train_recT=0.000000e+00 train_fc=0.000000e+00 train_decoder_tail=0.000000e+00
I 07.02/03:46:35 train_mapper.py:622 ] epoch=0254 train_loss=2.682509e-02 train_mse=6.059635e-03 train_cos=0.995308 train_nmse=-20.250dB train_rec=0.000000e+00 train_recT=0.000000e+00 train_fc=0.000000e+00 train_decoder_tail=0.000000e+00
I 07.02/03:47:01 train_mapper.py:622 ] epoch=0255 train_loss=2.668797e-02 train_mse=6.023183e-03 train_cos=0.995336 train_nmse=-20.276dB train_rec=0.000000e+00 train_recT=0.000000e+00 train_fc=0.000000e+00 train_decoder_tail=0.000000e+00
I 07.02/03:47:27 train_mapper.py:622 ] epoch=0256 train_loss=2.669256e-02 train_mse=6.022982e-03 train_cos=0.995335 train_nmse=-20.276dB train_rec=0.000000e+00 train_recT=0.000000e+00 train_fc=0.000000e+00 train_decoder_tail=0.000000e+00
I 07.02/03:47:51 train_mapper.py:622 ] epoch=0257 train_loss=2.664132e-02 train_mse=6.008967e-03 train_cos=0.995346 train_nmse=-20.286dB train_rec=0.000000e+00 train_recT=0.000000e+00 train_fc=0.000000e+00 train_decoder_tail=0.000000e+00
I 07.02/03:48:18 train_mapper.py:622 ] epoch=0258 train_loss=2.664978e-02 train_mse=6.010622e-03 train_cos=0.995345 train_nmse=-20.285dB train_rec=0.000000e+00 train_recT=0.000000e+00 train_fc=0.000000e+00 train_decoder_tail=0.000000e+00
I 07.02/03:48:41 train_mapper.py:622 ] epoch=0259 train_loss=2.652293e-02 train_mse=5.976183e-03 train_cos=0.995373 train_nmse=-20.310dB train_rec=0.000000e+00 train_recT=0.000000e+00 train_fc=0.000000e+00 train_decoder_tail=0.000000e+00
I 07.02/03:49:07 train_mapper.py:622 ] epoch=0260 train_loss=2.655786e-02 train_mse=5.983771e-03 train_cos=0.995365 train_nmse=-20.304dB train_rec=0.000000e+00 train_recT=0.000000e+00 train_fc=0.000000e+00 train_decoder_tail=0.000000e+00
I 07.02/03:49:26 train_mapper.py:622 ] epoch=0261 train_loss=2.645462e-02 train_mse=5.956460e-03 train_cos=0.995386 train_nmse=-20.324dB train_rec=0.000000e+00 train_recT=0.000000e+00 train_fc=0.000000e+00 train_decoder_tail=0.000000e+00
I 07.02/03:49:50 train_mapper.py:622 ] epoch=0262 train_loss=2.640417e-02 train_mse=5.942158e-03 train_cos=0.995398 train_nmse=-20.335dB train_rec=0.000000e+00 train_recT=0.000000e+00 train_fc=0.000000e+00 train_decoder_tail=0.000000e+00
I 07.02/03:50:25 train_mapper.py:622 ] epoch=0263 train_loss=2.641876e-02 train_mse=5.944411e-03 train_cos=0.995394 train_nmse=-20.333dB train_rec=0.000000e+00 train_recT=0.000000e+00 train_fc=0.000000e+00 train_decoder_tail=0.000000e+00
I 07.02/03:50:48 train_mapper.py:622 ] epoch=0264 train_loss=2.632688e-02 train_mse=5.920162e-03 train_cos=0.995415 train_nmse=-20.351dB train_rec=0.000000e+00 train_recT=0.000000e+00 train_fc=0.000000e+00 train_decoder_tail=0.000000e+00
I 07.02/03:51:10 train_mapper.py:622 ] epoch=0265 train_loss=2.635851e-02 train_mse=5.927675e-03 train_cos=0.995409 train_nmse=-20.345dB train_rec=0.000000e+00 train_recT=0.000000e+00 train_fc=0.000000e+00 train_decoder_tail=0.000000e+00
I 07.02/03:51:28 train_mapper.py:622 ] epoch=0266 train_loss=2.629738e-02 train_mse=5.910538e-03 train_cos=0.995422 train_nmse=-20.358dB train_rec=0.000000e+00 train_recT=0.000000e+00 train_fc=0.000000e+00 train_decoder_tail=0.000000e+00
I 07.02/03:51:48 train_mapper.py:622 ] epoch=0267 train_loss=2.625416e-02 train_mse=5.898520e-03 train_cos=0.995430 train_nmse=-20.367dB train_rec=0.000000e+00 train_recT=0.000000e+00 train_fc=0.000000e+00 train_decoder_tail=0.000000e+00
I 07.02/03:52:11 train_mapper.py:622 ] epoch=0268 train_loss=2.615794e-02 train_mse=5.872835e-03 train_cos=0.995451 train_nmse=-20.386dB train_rec=0.000000e+00 train_recT=0.000000e+00 train_fc=0.000000e+00 train_decoder_tail=0.000000e+00
I 07.02/03:52:32 train_mapper.py:622 ] epoch=0269 train_loss=2.619569e-02 train_mse=5.881084e-03 train_cos=0.995442 train_nmse=-20.380dB train_rec=0.000000e+00 train_recT=0.000000e+00 train_fc=0.000000e+00 train_decoder_tail=0.000000e+00
I 07.02/03:52:52 train_mapper.py:622 ] epoch=0270 train_loss=2.610941e-02 train_mse=5.858444e-03 train_cos=0.995461 train_nmse=-20.396dB train_rec=0.000000e+00 train_recT=0.000000e+00 train_fc=0.000000e+00 train_decoder_tail=0.000000e+00
I 07.02/03:53:15 train_mapper.py:622 ] epoch=0271 train_loss=2.608601e-02 train_mse=5.851523e-03 train_cos=0.995468 train_nmse=-20.401dB train_rec=0.000000e+00 train_recT=0.000000e+00 train_fc=0.000000e+00 train_decoder_tail=0.000000e+00
I 07.02/03:53:35 train_mapper.py:622 ] epoch=0272 train_loss=2.603496e-02 train_mse=5.836737e-03 train_cos=0.995477 train_nmse=-20.412dB train_rec=0.000000e+00 train_recT=0.000000e+00 train_fc=0.000000e+00 train_decoder_tail=0.000000e+00
I 07.02/03:53:56 train_mapper.py:622 ] epoch=0273 train_loss=2.595268e-02 train_mse=5.814843e-03 train_cos=0.995495 train_nmse=-20.429dB train_rec=0.000000e+00 train_recT=0.000000e+00 train_fc=0.000000e+00 train_decoder_tail=0.000000e+00
I 07.02/03:54:20 train_mapper.py:622 ] epoch=0274 train_loss=2.593257e-02 train_mse=5.808775e-03 train_cos=0.995499 train_nmse=-20.433dB train_rec=0.000000e+00 train_recT=0.000000e+00 train_fc=0.000000e+00 train_decoder_tail=0.000000e+00
I 07.02/03:54:40 train_mapper.py:622 ] epoch=0275 train_loss=2.592672e-02 train_mse=5.806177e-03 train_cos=0.995502 train_nmse=-20.435dB train_rec=0.000000e+00 train_recT=0.000000e+00 train_fc=0.000000e+00 train_decoder_tail=0.000000e+00
I 07.02/03:55:00 train_mapper.py:622 ] epoch=0276 train_loss=2.588061e-02 train_mse=5.794056e-03 train_cos=0.995511 train_nmse=-20.444dB train_rec=0.000000e+00 train_recT=0.000000e+00 train_fc=0.000000e+00 train_decoder_tail=0.000000e+00
I 07.02/03:55:23 train_mapper.py:622 ] epoch=0277 train_loss=2.583065e-02 train_mse=5.780187e-03 train_cos=0.995524 train_nmse=-20.455dB train_rec=0.000000e+00 train_recT=0.000000e+00 train_fc=0.000000e+00 train_decoder_tail=0.000000e+00
I 07.02/03:55:46 train_mapper.py:622 ] epoch=0278 train_loss=2.581754e-02 train_mse=5.775135e-03 train_cos=0.995524 train_nmse=-20.458dB train_rec=0.000000e+00 train_recT=0.000000e+00 train_fc=0.000000e+00 train_decoder_tail=0.000000e+00
I 07.02/03:56:12 train_mapper.py:622 ] epoch=0279 train_loss=2.576110e-02 train_mse=5.760179e-03 train_cos=0.995537 train_nmse=-20.470dB train_rec=0.000000e+00 train_recT=0.000000e+00 train_fc=0.000000e+00 train_decoder_tail=0.000000e+00
I 07.02/03:56:35 train_mapper.py:622 ] epoch=0280 train_loss=2.573008e-02 train_mse=5.751431e-03 train_cos=0.995543 train_nmse=-20.477dB train_rec=0.000000e+00 train_recT=0.000000e+00 train_fc=0.000000e+00 train_decoder_tail=0.000000e+00
I 07.02/03:56:58 train_mapper.py:622 ] epoch=0281 train_loss=2.575047e-02 train_mse=5.756137e-03 train_cos=0.995541 train_nmse=-20.473dB train_rec=0.000000e+00 train_recT=0.000000e+00 train_fc=0.000000e+00 train_decoder_tail=0.000000e+00
I 07.02/03:57:23 train_mapper.py:622 ] epoch=0282 train_loss=2.572626e-02 train_mse=5.749081e-03 train_cos=0.995545 train_nmse=-20.478dB train_rec=0.000000e+00 train_recT=0.000000e+00 train_fc=0.000000e+00 train_decoder_tail=0.000000e+00
I 07.02/03:57:47 train_mapper.py:622 ] epoch=0283 train_loss=2.567158e-02 train_mse=5.733966e-03 train_cos=0.995557 train_nmse=-20.489dB train_rec=0.000000e+00 train_recT=0.000000e+00 train_fc=0.000000e+00 train_decoder_tail=0.000000e+00
I 07.02/03:58:12 train_mapper.py:622 ] epoch=0284 train_loss=2.554808e-02 train_mse=5.701311e-03 train_cos=0.995582 train_nmse=-20.514dB train_rec=0.000000e+00 train_recT=0.000000e+00 train_fc=0.000000e+00 train_decoder_tail=0.000000e+00
I 07.02/03:58:47 train_mapper.py:622 ] epoch=0285 train_loss=2.550780e-02 train_mse=5.690006e-03 train_cos=0.995590 train_nmse=-20.523dB train_rec=0.000000e+00 train_recT=0.000000e+00 train_fc=0.000000e+00 train_decoder_tail=0.000000e+00
I 07.02/03:59:38 train_mapper.py:622 ] epoch=0286 train_loss=2.548394e-02 train_mse=5.682367e-03 train_cos=0.995595 train_nmse=-20.529dB train_rec=0.000000e+00 train_recT=0.000000e+00 train_fc=0.000000e+00 train_decoder_tail=0.000000e+00
I 07.02/04:00:21 train_mapper.py:622 ] epoch=0287 train_loss=2.551765e-02 train_mse=5.690714e-03 train_cos=0.995589 train_nmse=-20.522dB train_rec=0.000000e+00 train_recT=0.000000e+00 train_fc=0.000000e+00 train_decoder_tail=0.000000e+00
I 07.02/04:00:41 train_mapper.py:622 ] epoch=0288 train_loss=2.541154e-02 train_mse=5.662735e-03 train_cos=0.995611 train_nmse=-20.544dB train_rec=0.000000e+00 train_recT=0.000000e+00 train_fc=0.000000e+00 train_decoder_tail=0.000000e+00
I 07.02/04:01:02 train_mapper.py:622 ] epoch=0289 train_loss=2.539224e-02 train_mse=5.657181e-03 train_cos=0.995617 train_nmse=-20.548dB train_rec=0.000000e+00 train_recT=0.000000e+00 train_fc=0.000000e+00 train_decoder_tail=0.000000e+00
I 07.02/04:01:24 train_mapper.py:622 ] epoch=0290 train_loss=2.541568e-02 train_mse=5.662196e-03 train_cos=0.995612 train_nmse=-20.544dB train_rec=0.000000e+00 train_recT=0.000000e+00 train_fc=0.000000e+00 train_decoder_tail=0.000000e+00
I 07.02/04:01:44 train_mapper.py:622 ] epoch=0291 train_loss=2.540183e-02 train_mse=5.657239e-03 train_cos=0.995615 train_nmse=-20.548dB train_rec=0.000000e+00 train_recT=0.000000e+00 train_fc=0.000000e+00 train_decoder_tail=0.000000e+00
I 07.02/04:02:08 train_mapper.py:622 ] epoch=0292 train_loss=2.524197e-02 train_mse=5.616952e-03 train_cos=0.995647 train_nmse=-20.579dB train_rec=0.000000e+00 train_recT=0.000000e+00 train_fc=0.000000e+00 train_decoder_tail=0.000000e+00
I 07.02/04:02:30 train_mapper.py:622 ] epoch=0293 train_loss=2.529613e-02 train_mse=5.630271e-03 train_cos=0.995636 train_nmse=-20.569dB train_rec=0.000000e+00 train_recT=0.000000e+00 train_fc=0.000000e+00 train_decoder_tail=0.000000e+00
I 07.02/04:03:00 train_mapper.py:622 ] epoch=0294 train_loss=2.520536e-02 train_mse=5.605240e-03 train_cos=0.995656 train_nmse=-20.588dB train_rec=0.000000e+00 train_recT=0.000000e+00 train_fc=0.000000e+00 train_decoder_tail=0.000000e+00
I 07.02/04:03:19 train_mapper.py:622 ] epoch=0295 train_loss=2.516948e-02 train_mse=5.595089e-03 train_cos=0.995663 train_nmse=-20.596dB train_rec=0.000000e+00 train_recT=0.000000e+00 train_fc=0.000000e+00 train_decoder_tail=0.000000e+00
I 07.02/04:03:38 train_mapper.py:622 ] epoch=0296 train_loss=2.513115e-02 train_mse=5.585011e-03 train_cos=0.995671 train_nmse=-20.604dB train_rec=0.000000e+00 train_recT=0.000000e+00 train_fc=0.000000e+00 train_decoder_tail=0.000000e+00
I 07.02/04:03:57 train_mapper.py:622 ] epoch=0297 train_loss=2.516532e-02 train_mse=5.593035e-03 train_cos=0.995664 train_nmse=-20.597dB train_rec=0.000000e+00 train_recT=0.000000e+00 train_fc=0.000000e+00 train_decoder_tail=0.000000e+00
I 07.02/04:04:36 train_mapper.py:622 ] epoch=0298 train_loss=2.509822e-02 train_mse=5.574854e-03 train_cos=0.995679 train_nmse=-20.612dB train_rec=0.000000e+00 train_recT=0.000000e+00 train_fc=0.000000e+00 train_decoder_tail=0.000000e+00
I 07.02/04:05:23 train_mapper.py:622 ] epoch=0299 train_loss=2.511101e-02 train_mse=5.576926e-03 train_cos=0.995675 train_nmse=-20.610dB train_rec=0.000000e+00 train_recT=0.000000e+00 train_fc=0.000000e+00 train_decoder_tail=0.000000e+00
I 07.02/04:06:18 train_mapper.py:622 ] epoch=0300 train_loss=2.501817e-02 train_mse=5.552628e-03 train_cos=0.995695 train_nmse=-20.629dB train_rec=0.000000e+00 train_recT=0.000000e+00 train_fc=0.000000e+00 train_decoder_tail=0.000000e+00
I 07.02/04:07:11 train_mapper.py:622 ] epoch=0301 train_loss=2.497322e-02 train_mse=5.540631e-03 train_cos=0.995705 train_nmse=-20.638dB train_rec=0.000000e+00 train_recT=0.000000e+00 train_fc=0.000000e+00 train_decoder_tail=0.000000e+00
I 07.02/04:07:59 train_mapper.py:622 ] epoch=0302 train_loss=2.497709e-02 train_mse=5.541050e-03 train_cos=0.995705 train_nmse=-20.638dB train_rec=0.000000e+00 train_recT=0.000000e+00 train_fc=0.000000e+00 train_decoder_tail=0.000000e+00
I 07.02/04:08:39 train_mapper.py:622 ] epoch=0303 train_loss=2.491341e-02 train_mse=5.523719e-03 train_cos=0.995718 train_nmse=-20.652dB train_rec=0.000000e+00 train_recT=0.000000e+00 train_fc=0.000000e+00 train_decoder_tail=0.000000e+00
I 07.02/04:09:08 train_mapper.py:622 ] epoch=0304 train_loss=2.490554e-02 train_mse=5.521163e-03 train_cos=0.995720 train_nmse=-20.654dB train_rec=0.000000e+00 train_recT=0.000000e+00 train_fc=0.000000e+00 train_decoder_tail=0.000000e+00
I 07.02/04:09:33 train_mapper.py:622 ] epoch=0305 train_loss=2.485080e-02 train_mse=5.506592e-03 train_cos=0.995731 train_nmse=-20.665dB train_rec=0.000000e+00 train_recT=0.000000e+00 train_fc=0.000000e+00 train_decoder_tail=0.000000e+00
I 07.02/04:09:55 train_mapper.py:622 ] epoch=0306 train_loss=2.482633e-02 train_mse=5.499588e-03 train_cos=0.995737 train_nmse=-20.671dB train_rec=0.000000e+00 train_recT=0.000000e+00 train_fc=0.000000e+00 train_decoder_tail=0.000000e+00
I 07.02/04:10:21 train_mapper.py:622 ] epoch=0307 train_loss=2.479297e-02 train_mse=5.490371e-03 train_cos=0.995743 train_nmse=-20.678dB train_rec=0.000000e+00 train_recT=0.000000e+00 train_fc=0.000000e+00 train_decoder_tail=0.000000e+00
I 07.02/04:10:39 train_mapper.py:622 ] epoch=0308 train_loss=2.477147e-02 train_mse=5.484436e-03 train_cos=0.995748 train_nmse=-20.683dB train_rec=0.000000e+00 train_recT=0.000000e+00 train_fc=0.000000e+00 train_decoder_tail=0.000000e+00
I 07.02/04:11:03 train_mapper.py:622 ] epoch=0309 train_loss=2.473170e-02 train_mse=5.473396e-03 train_cos=0.995757 train_nmse=-20.691dB train_rec=0.000000e+00 train_recT=0.000000e+00 train_fc=0.000000e+00 train_decoder_tail=0.000000e+00
I 07.02/04:11:35 train_mapper.py:622 ] epoch=0310 train_loss=2.470252e-02 train_mse=5.465264e-03 train_cos=0.995762 train_nmse=-20.698dB train_rec=0.000000e+00 train_recT=0.000000e+00 train_fc=0.000000e+00 train_decoder_tail=0.000000e+00
I 07.02/04:12:01 train_mapper.py:622 ] epoch=0311 train_loss=2.466507e-02 train_mse=5.455244e-03 train_cos=0.995772 train_nmse=-20.706dB train_rec=0.000000e+00 train_recT=0.000000e+00 train_fc=0.000000e+00 train_decoder_tail=0.000000e+00
I 07.02/04:12:47 train_mapper.py:622 ] epoch=0312 train_loss=2.465707e-02 train_mse=5.451921e-03 train_cos=0.995772 train_nmse=-20.709dB train_rec=0.000000e+00 train_recT=0.000000e+00 train_fc=0.000000e+00 train_decoder_tail=0.000000e+00
I 07.02/04:13:39 train_mapper.py:622 ] epoch=0313 train_loss=2.458156e-02 train_mse=5.432709e-03 train_cos=0.995788 train_nmse=-20.724dB train_rec=0.000000e+00 train_recT=0.000000e+00 train_fc=0.000000e+00 train_decoder_tail=0.000000e+00
I 07.02/04:14:16 train_mapper.py:622 ] epoch=0314 train_loss=2.461652e-02 train_mse=5.440320e-03 train_cos=0.995782 train_nmse=-20.718dB train_rec=0.000000e+00 train_recT=0.000000e+00 train_fc=0.000000e+00 train_decoder_tail=0.000000e+00
I 07.02/04:14:35 train_mapper.py:622 ] epoch=0315 train_loss=2.452023e-02 train_mse=5.415125e-03 train_cos=0.995801 train_nmse=-20.738dB train_rec=0.000000e+00 train_recT=0.000000e+00 train_fc=0.000000e+00 train_decoder_tail=0.000000e+00
I 07.02/04:14:55 train_mapper.py:622 ] epoch=0316 train_loss=2.451692e-02 train_mse=5.413394e-03 train_cos=0.995801 train_nmse=-20.739dB train_rec=0.000000e+00 train_recT=0.000000e+00 train_fc=0.000000e+00 train_decoder_tail=0.000000e+00
I 07.02/04:15:21 train_mapper.py:622 ] epoch=0317 train_loss=2.443788e-02 train_mse=5.393392e-03 train_cos=0.995818 train_nmse=-20.755dB train_rec=0.000000e+00 train_recT=0.000000e+00 train_fc=0.000000e+00 train_decoder_tail=0.000000e+00
I 07.02/04:15:43 train_mapper.py:622 ] epoch=0318 train_loss=2.445426e-02 train_mse=5.397157e-03 train_cos=0.995815 train_nmse=-20.753dB train_rec=0.000000e+00 train_recT=0.000000e+00 train_fc=0.000000e+00 train_decoder_tail=0.000000e+00
I 07.02/04:16:05 train_mapper.py:622 ] epoch=0319 train_loss=2.444468e-02 train_mse=5.393793e-03 train_cos=0.995817 train_nmse=-20.755dB train_rec=0.000000e+00 train_recT=0.000000e+00 train_fc=0.000000e+00 train_decoder_tail=0.000000e+00
I 07.02/04:16:24 train_mapper.py:622 ] epoch=0320 train_loss=2.443462e-02 train_mse=5.390738e-03 train_cos=0.995821 train_nmse=-20.757dB train_rec=0.000000e+00 train_recT=0.000000e+00 train_fc=0.000000e+00 train_decoder_tail=0.000000e+00
I 07.02/04:16:45 train_mapper.py:622 ] epoch=0321 train_loss=2.430973e-02 train_mse=5.358928e-03 train_cos=0.995845 train_nmse=-20.783dB train_rec=0.000000e+00 train_recT=0.000000e+00 train_fc=0.000000e+00 train_decoder_tail=0.000000e+00
I 07.02/04:17:06 train_mapper.py:622 ] epoch=0322 train_loss=2.431748e-02 train_mse=5.359865e-03 train_cos=0.995844 train_nmse=-20.783dB train_rec=0.000000e+00 train_recT=0.000000e+00 train_fc=0.000000e+00 train_decoder_tail=0.000000e+00
I 07.02/04:17:25 train_mapper.py:622 ] epoch=0323 train_loss=2.429057e-02 train_mse=5.352252e-03 train_cos=0.995851 train_nmse=-20.789dB train_rec=0.000000e+00 train_recT=0.000000e+00 train_fc=0.000000e+00 train_decoder_tail=0.000000e+00
I 07.02/04:17:44 train_mapper.py:622 ] epoch=0324 train_loss=2.422457e-02 train_mse=5.334660e-03 train_cos=0.995862 train_nmse=-20.803dB train_rec=0.000000e+00 train_recT=0.000000e+00 train_fc=0.000000e+00 train_decoder_tail=0.000000e+00
I 07.02/04:18:21 train_mapper.py:622 ] epoch=0325 train_loss=2.426438e-02 train_mse=5.343797e-03 train_cos=0.995855 train_nmse=-20.796dB train_rec=0.000000e+00 train_recT=0.000000e+00 train_fc=0.000000e+00 train_decoder_tail=0.000000e+00
I 07.02/04:18:42 train_mapper.py:622 ] epoch=0326 train_loss=2.415276e-02 train_mse=5.315568e-03 train_cos=0.995878 train_nmse=-20.819dB train_rec=0.000000e+00 train_recT=0.000000e+00 train_fc=0.000000e+00 train_decoder_tail=0.000000e+00
I 07.02/04:19:00 train_mapper.py:622 ] epoch=0327 train_loss=2.423151e-02 train_mse=5.334038e-03 train_cos=0.995862 train_nmse=-20.804dB train_rec=0.000000e+00 train_recT=0.000000e+00 train_fc=0.000000e+00 train_decoder_tail=0.000000e+00
I 07.02/04:19:21 train_mapper.py:622 ] epoch=0328 train_loss=2.412896e-02 train_mse=5.308372e-03 train_cos=0.995885 train_nmse=-20.825dB train_rec=0.000000e+00 train_recT=0.000000e+00 train_fc=0.000000e+00 train_decoder_tail=0.000000e+00
I 07.02/04:19:39 train_mapper.py:622 ] epoch=0329 train_loss=2.415388e-02 train_mse=5.314364e-03 train_cos=0.995880 train_nmse=-20.819dB train_rec=0.000000e+00 train_recT=0.000000e+00 train_fc=0.000000e+00 train_decoder_tail=0.000000e+00
I 07.02/04:19:56 train_mapper.py:622 ] epoch=0330 train_loss=2.403538e-02 train_mse=5.284087e-03 train_cos=0.995905 train_nmse=-20.844dB train_rec=0.000000e+00 train_recT=0.000000e+00 train_fc=0.000000e+00 train_decoder_tail=0.000000e+00
I 07.02/04:20:19 train_mapper.py:622 ] epoch=0331 train_loss=2.404537e-02 train_mse=5.285823e-03 train_cos=0.995901 train_nmse=-20.843dB train_rec=0.000000e+00 train_recT=0.000000e+00 train_fc=0.000000e+00 train_decoder_tail=0.000000e+00
I 07.02/04:20:36 train_mapper.py:622 ] epoch=0332 train_loss=2.406471e-02 train_mse=5.289546e-03 train_cos=0.995898 train_nmse=-20.840dB train_rec=0.000000e+00 train_recT=0.000000e+00 train_fc=0.000000e+00 train_decoder_tail=0.000000e+00
I 07.02/04:20:53 train_mapper.py:622 ] epoch=0333 train_loss=2.404408e-02 train_mse=5.283699e-03 train_cos=0.995903 train_nmse=-20.845dB train_rec=0.000000e+00 train_recT=0.000000e+00 train_fc=0.000000e+00 train_decoder_tail=0.000000e+00
I 07.02/04:21:13 train_mapper.py:622 ] epoch=0334 train_loss=2.400328e-02 train_mse=5.273031e-03 train_cos=0.995910 train_nmse=-20.854dB train_rec=0.000000e+00 train_recT=0.000000e+00 train_fc=0.000000e+00 train_decoder_tail=0.000000e+00
I 07.02/04:21:30 train_mapper.py:622 ] epoch=0335 train_loss=2.395231e-02 train_mse=5.259015e-03 train_cos=0.995922 train_nmse=-20.865dB train_rec=0.000000e+00 train_recT=0.000000e+00 train_fc=0.000000e+00 train_decoder_tail=0.000000e+00
I 07.02/04:21:49 train_mapper.py:622 ] epoch=0336 train_loss=2.387616e-02 train_mse=5.239659e-03 train_cos=0.995936 train_nmse=-20.881dB train_rec=0.000000e+00 train_recT=0.000000e+00 train_fc=0.000000e+00 train_decoder_tail=0.000000e+00
I 07.02/04:22:07 train_mapper.py:622 ] epoch=0337 train_loss=2.392296e-02 train_mse=5.250266e-03 train_cos=0.995927 train_nmse=-20.872dB train_rec=0.000000e+00 train_recT=0.000000e+00 train_fc=0.000000e+00 train_decoder_tail=0.000000e+00
I 07.02/04:22:26 train_mapper.py:622 ] epoch=0338 train_loss=2.383345e-02 train_mse=5.227797e-03 train_cos=0.995946 train_nmse=-20.891dB train_rec=0.000000e+00 train_recT=0.000000e+00 train_fc=0.000000e+00 train_decoder_tail=0.000000e+00
I 07.02/04:22:47 train_mapper.py:622 ] epoch=0339 train_loss=2.380620e-02 train_mse=5.219795e-03 train_cos=0.995951 train_nmse=-20.897dB train_rec=0.000000e+00 train_recT=0.000000e+00 train_fc=0.000000e+00 train_decoder_tail=0.000000e+00
I 07.02/04:23:08 train_mapper.py:622 ] epoch=0340 train_loss=2.380752e-02 train_mse=5.219894e-03 train_cos=0.995951 train_nmse=-20.897dB train_rec=0.000000e+00 train_recT=0.000000e+00 train_fc=0.000000e+00 train_decoder_tail=0.000000e+00
I 07.02/04:23:26 train_mapper.py:622 ] epoch=0341 train_loss=2.381514e-02 train_mse=5.221137e-03 train_cos=0.995949 train_nmse=-20.896dB train_rec=0.000000e+00 train_recT=0.000000e+00 train_fc=0.000000e+00 train_decoder_tail=0.000000e+00
I 07.02/04:23:44 train_mapper.py:622 ] epoch=0342 train_loss=2.371870e-02 train_mse=5.196629e-03 train_cos=0.995970 train_nmse=-20.917dB train_rec=0.000000e+00 train_recT=0.000000e+00 train_fc=0.000000e+00 train_decoder_tail=0.000000e+00
I 07.02/04:24:06 train_mapper.py:622 ] epoch=0343 train_loss=2.372894e-02 train_mse=5.198041e-03 train_cos=0.995968 train_nmse=-20.916dB train_rec=0.000000e+00 train_recT=0.000000e+00 train_fc=0.000000e+00 train_decoder_tail=0.000000e+00
I 07.02/04:24:24 train_mapper.py:622 ] epoch=0344 train_loss=2.371649e-02 train_mse=5.194967e-03 train_cos=0.995971 train_nmse=-20.918dB train_rec=0.000000e+00 train_recT=0.000000e+00 train_fc=0.000000e+00 train_decoder_tail=0.000000e+00
I 07.02/04:24:43 train_mapper.py:622 ] epoch=0345 train_loss=2.366539e-02 train_mse=5.182018e-03 train_cos=0.995981 train_nmse=-20.929dB train_rec=0.000000e+00 train_recT=0.000000e+00 train_fc=0.000000e+00 train_decoder_tail=0.000000e+00
I 07.02/04:25:14 train_mapper.py:622 ] epoch=0346 train_loss=2.366611e-02 train_mse=5.181244e-03 train_cos=0.995982 train_nmse=-20.930dB train_rec=0.000000e+00 train_recT=0.000000e+00 train_fc=0.000000e+00 train_decoder_tail=0.000000e+00
I 07.02/04:25:36 train_mapper.py:622 ] epoch=0347 train_loss=2.364460e-02 train_mse=5.174871e-03 train_cos=0.995986 train_nmse=-20.935dB train_rec=0.000000e+00 train_recT=0.000000e+00 train_fc=0.000000e+00 train_decoder_tail=0.000000e+00
I 07.02/04:25:56 train_mapper.py:622 ] epoch=0348 train_loss=2.362001e-02 train_mse=5.167872e-03 train_cos=0.995991 train_nmse=-20.941dB train_rec=0.000000e+00 train_recT=0.000000e+00 train_fc=0.000000e+00 train_decoder_tail=0.000000e+00
I 07.02/04:26:17 train_mapper.py:622 ] epoch=0349 train_loss=2.349677e-02 train_mse=5.137042e-03 train_cos=0.996016 train_nmse=-20.967dB train_rec=0.000000e+00 train_recT=0.000000e+00 train_fc=0.000000e+00 train_decoder_tail=0.000000e+00
I 07.02/04:26:38 train_mapper.py:622 ] epoch=0350 train_loss=2.349325e-02 train_mse=5.135672e-03 train_cos=0.996017 train_nmse=-20.968dB train_rec=0.000000e+00 train_recT=0.000000e+00 train_fc=0.000000e+00 train_decoder_tail=0.000000e+00
I 07.02/04:26:58 train_mapper.py:622 ] epoch=0351 train_loss=2.350678e-02 train_mse=5.137863e-03 train_cos=0.996014 train_nmse=-20.966dB train_rec=0.000000e+00 train_recT=0.000000e+00 train_fc=0.000000e+00 train_decoder_tail=0.000000e+00
I 07.02/04:27:21 train_mapper.py:622 ] epoch=0352 train_loss=2.343733e-02 train_mse=5.120245e-03 train_cos=0.996028 train_nmse=-20.981dB train_rec=0.000000e+00 train_recT=0.000000e+00 train_fc=0.000000e+00 train_decoder_tail=0.000000e+00
I 07.02/04:27:43 train_mapper.py:622 ] epoch=0353 train_loss=2.346589e-02 train_mse=5.126705e-03 train_cos=0.996022 train_nmse=-20.976dB train_rec=0.000000e+00 train_recT=0.000000e+00 train_fc=0.000000e+00 train_decoder_tail=0.000000e+00
I 07.02/04:28:25 train_mapper.py:622 ] epoch=0354 train_loss=2.343772e-02 train_mse=5.119048e-03 train_cos=0.996028 train_nmse=-20.982dB train_rec=0.000000e+00 train_recT=0.000000e+00 train_fc=0.000000e+00 train_decoder_tail=0.000000e+00
I 07.02/04:29:12 train_mapper.py:622 ] epoch=0355 train_loss=2.340157e-02 train_mse=5.109833e-03 train_cos=0.996036 train_nmse=-20.990dB train_rec=0.000000e+00 train_recT=0.000000e+00 train_fc=0.000000e+00 train_decoder_tail=0.000000e+00
I 07.02/04:29:54 train_mapper.py:622 ] epoch=0356 train_loss=2.340021e-02 train_mse=5.109182e-03 train_cos=0.996038 train_nmse=-20.991dB train_rec=0.000000e+00 train_recT=0.000000e+00 train_fc=0.000000e+00 train_decoder_tail=0.000000e+00
I 07.02/04:30:25 train_mapper.py:622 ] epoch=0357 train_loss=2.336542e-02 train_mse=5.099875e-03 train_cos=0.996044 train_nmse=-20.998dB train_rec=0.000000e+00 train_recT=0.000000e+00 train_fc=0.000000e+00 train_decoder_tail=0.000000e+00
I 07.02/04:30:45 train_mapper.py:622 ] epoch=0358 train_loss=2.336435e-02 train_mse=5.098747e-03 train_cos=0.996045 train_nmse=-20.999dB train_rec=0.000000e+00 train_recT=0.000000e+00 train_fc=0.000000e+00 train_decoder_tail=0.000000e+00
I 07.02/04:31:06 train_mapper.py:622 ] epoch=0359 train_loss=2.324701e-02 train_mse=5.069132e-03 train_cos=0.996067 train_nmse=-21.025dB train_rec=0.000000e+00 train_recT=0.000000e+00 train_fc=0.000000e+00 train_decoder_tail=0.000000e+00
I 07.02/04:31:25 train_mapper.py:622 ] epoch=0360 train_loss=2.324229e-02 train_mse=5.066856e-03 train_cos=0.996069 train_nmse=-21.027dB train_rec=0.000000e+00 train_recT=0.000000e+00 train_fc=0.000000e+00 train_decoder_tail=0.000000e+00
I 07.02/04:31:48 train_mapper.py:622 ] epoch=0361 train_loss=2.326958e-02 train_mse=5.073741e-03 train_cos=0.996063 train_nmse=-21.021dB train_rec=0.000000e+00 train_recT=0.000000e+00 train_fc=0.000000e+00 train_decoder_tail=0.000000e+00
I 07.02/04:32:12 train_mapper.py:622 ] epoch=0362 train_loss=2.321893e-02 train_mse=5.060803e-03 train_cos=0.996075 train_nmse=-21.032dB train_rec=0.000000e+00 train_recT=0.000000e+00 train_fc=0.000000e+00 train_decoder_tail=0.000000e+00
I 07.02/04:32:33 train_mapper.py:622 ] epoch=0363 train_loss=2.319347e-02 train_mse=5.053798e-03 train_cos=0.996079 train_nmse=-21.038dB train_rec=0.000000e+00 train_recT=0.000000e+00 train_fc=0.000000e+00 train_decoder_tail=0.000000e+00
I 07.02/04:32:54 train_mapper.py:622 ] epoch=0364 train_loss=2.320463e-02 train_mse=5.056037e-03 train_cos=0.996077 train_nmse=-21.036dB train_rec=0.000000e+00 train_recT=0.000000e+00 train_fc=0.000000e+00 train_decoder_tail=0.000000e+00
I 07.02/04:33:15 train_mapper.py:622 ] epoch=0365 train_loss=2.314511e-02 train_mse=5.041030e-03 train_cos=0.996089 train_nmse=-21.049dB train_rec=0.000000e+00 train_recT=0.000000e+00 train_fc=0.000000e+00 train_decoder_tail=0.000000e+00
I 07.02/04:33:38 train_mapper.py:622 ] epoch=0366 train_loss=2.306869e-02 train_mse=5.021665e-03 train_cos=0.996105 train_nmse=-21.066dB train_rec=0.000000e+00 train_recT=0.000000e+00 train_fc=0.000000e+00 train_decoder_tail=0.000000e+00
I 07.02/04:33:55 train_mapper.py:622 ] epoch=0367 train_loss=2.311552e-02 train_mse=5.032462e-03 train_cos=0.996095 train_nmse=-21.056dB train_rec=0.000000e+00 train_recT=0.000000e+00 train_fc=0.000000e+00 train_decoder_tail=0.000000e+00
I 07.02/04:34:15 train_mapper.py:622 ] epoch=0368 train_loss=2.304958e-02 train_mse=5.015143e-03 train_cos=0.996109 train_nmse=-21.071dB train_rec=0.000000e+00 train_recT=0.000000e+00 train_fc=0.000000e+00 train_decoder_tail=0.000000e+00
I 07.02/04:34:34 train_mapper.py:622 ] epoch=0369 train_loss=2.303079e-02 train_mse=5.009992e-03 train_cos=0.996113 train_nmse=-21.076dB train_rec=0.000000e+00 train_recT=0.000000e+00 train_fc=0.000000e+00 train_decoder_tail=0.000000e+00
I 07.02/04:34:55 train_mapper.py:622 ] epoch=0370 train_loss=2.303020e-02 train_mse=5.009115e-03 train_cos=0.996113 train_nmse=-21.076dB train_rec=0.000000e+00 train_recT=0.000000e+00 train_fc=0.000000e+00 train_decoder_tail=0.000000e+00
I 07.02/04:35:15 train_mapper.py:622 ] epoch=0371 train_loss=2.300044e-02 train_mse=5.001373e-03 train_cos=0.996118 train_nmse=-21.083dB train_rec=0.000000e+00 train_recT=0.000000e+00 train_fc=0.000000e+00 train_decoder_tail=0.000000e+00
I 07.02/04:35:33 train_mapper.py:622 ] epoch=0372 train_loss=2.294866e-02 train_mse=4.988361e-03 train_cos=0.996129 train_nmse=-21.094dB train_rec=0.000000e+00 train_recT=0.000000e+00 train_fc=0.000000e+00 train_decoder_tail=0.000000e+00
I 07.02/04:35:56 train_mapper.py:622 ] epoch=0373 train_loss=2.297775e-02 train_mse=4.994781e-03 train_cos=0.996124 train_nmse=-21.089dB train_rec=0.000000e+00 train_recT=0.000000e+00 train_fc=0.000000e+00 train_decoder_tail=0.000000e+00
I 07.02/04:36:22 train_mapper.py:622 ] epoch=0374 train_loss=2.292224e-02 train_mse=4.980733e-03 train_cos=0.996136 train_nmse=-21.101dB train_rec=0.000000e+00 train_recT=0.000000e+00 train_fc=0.000000e+00 train_decoder_tail=0.000000e+00
I 07.02/04:36:47 train_mapper.py:622 ] epoch=0375 train_loss=2.286231e-02 train_mse=4.965415e-03 train_cos=0.996147 train_nmse=-21.114dB train_rec=0.000000e+00 train_recT=0.000000e+00 train_fc=0.000000e+00 train_decoder_tail=0.000000e+00
I 07.02/04:37:15 train_mapper.py:622 ] epoch=0376 train_loss=2.284937e-02 train_mse=4.961119e-03 train_cos=0.996149 train_nmse=-21.118dB train_rec=0.000000e+00 train_recT=0.000000e+00 train_fc=0.000000e+00 train_decoder_tail=0.000000e+00
I 07.02/04:37:39 train_mapper.py:622 ] epoch=0377 train_loss=2.281136e-02 train_mse=4.951639e-03 train_cos=0.996158 train_nmse=-21.127dB train_rec=0.000000e+00 train_recT=0.000000e+00 train_fc=0.000000e+00 train_decoder_tail=0.000000e+00
I 07.02/04:38:05 train_mapper.py:622 ] epoch=0378 train_loss=2.281499e-02 train_mse=4.952519e-03 train_cos=0.996157 train_nmse=-21.126dB train_rec=0.000000e+00 train_recT=0.000000e+00 train_fc=0.000000e+00 train_decoder_tail=0.000000e+00
I 07.02/04:38:28 train_mapper.py:622 ] epoch=0379 train_loss=2.278901e-02 train_mse=4.944743e-03 train_cos=0.996163 train_nmse=-21.133dB train_rec=0.000000e+00 train_recT=0.000000e+00 train_fc=0.000000e+00 train_decoder_tail=0.000000e+00
I 07.02/04:38:49 train_mapper.py:622 ] epoch=0380 train_loss=2.278176e-02 train_mse=4.942974e-03 train_cos=0.996164 train_nmse=-21.134dB train_rec=0.000000e+00 train_recT=0.000000e+00 train_fc=0.000000e+00 train_decoder_tail=0.000000e+00
I 07.02/04:39:08 train_mapper.py:622 ] epoch=0381 train_loss=2.274038e-02 train_mse=4.932412e-03 train_cos=0.996173 train_nmse=-21.143dB train_rec=0.000000e+00 train_recT=0.000000e+00 train_fc=0.000000e+00 train_decoder_tail=0.000000e+00
I 07.02/04:39:29 train_mapper.py:622 ] epoch=0382 train_loss=2.279172e-02 train_mse=4.944107e-03 train_cos=0.996164 train_nmse=-21.133dB train_rec=0.000000e+00 train_recT=0.000000e+00 train_fc=0.000000e+00 train_decoder_tail=0.000000e+00
I 07.02/04:39:49 train_mapper.py:622 ] epoch=0383 train_loss=2.276355e-02 train_mse=4.936639e-03 train_cos=0.996169 train_nmse=-21.140dB train_rec=0.000000e+00 train_recT=0.000000e+00 train_fc=0.000000e+00 train_decoder_tail=0.000000e+00
I 07.02/04:40:13 train_mapper.py:622 ] epoch=0384 train_loss=2.269803e-02 train_mse=4.920592e-03 train_cos=0.996182 train_nmse=-21.154dB train_rec=0.000000e+00 train_recT=0.000000e+00 train_fc=0.000000e+00 train_decoder_tail=0.000000e+00
I 07.02/04:40:33 train_mapper.py:622 ] epoch=0385 train_loss=2.267741e-02 train_mse=4.915092e-03 train_cos=0.996186 train_nmse=-21.159dB train_rec=0.000000e+00 train_recT=0.000000e+00 train_fc=0.000000e+00 train_decoder_tail=0.000000e+00
I 07.02/04:40:54 train_mapper.py:622 ] epoch=0386 train_loss=2.261998e-02 train_mse=4.900382e-03 train_cos=0.996198 train_nmse=-21.172dB train_rec=0.000000e+00 train_recT=0.000000e+00 train_fc=0.000000e+00 train_decoder_tail=0.000000e+00
I 07.02/04:41:19 train_mapper.py:622 ] epoch=0387 train_loss=2.261621e-02 train_mse=4.898763e-03 train_cos=0.996199 train_nmse=-21.173dB train_rec=0.000000e+00 train_recT=0.000000e+00 train_fc=0.000000e+00 train_decoder_tail=0.000000e+00
I 07.02/04:41:39 train_mapper.py:622 ] epoch=0388 train_loss=2.261517e-02 train_mse=4.898579e-03 train_cos=0.996199 train_nmse=-21.173dB train_rec=0.000000e+00 train_recT=0.000000e+00 train_fc=0.000000e+00 train_decoder_tail=0.000000e+00
I 07.02/04:42:02 train_mapper.py:622 ] epoch=0389 train_loss=2.254627e-02 train_mse=4.880444e-03 train_cos=0.996212 train_nmse=-21.190dB train_rec=0.000000e+00 train_recT=0.000000e+00 train_fc=0.000000e+00 train_decoder_tail=0.000000e+00
I 07.02/04:42:35 train_mapper.py:622 ] epoch=0390 train_loss=2.257147e-02 train_mse=4.885876e-03 train_cos=0.996208 train_nmse=-21.184dB train_rec=0.000000e+00 train_recT=0.000000e+00 train_fc=0.000000e+00 train_decoder_tail=0.000000e+00
I 07.02/04:42:59 train_mapper.py:622 ] epoch=0391 train_loss=2.245906e-02 train_mse=4.858324e-03 train_cos=0.996231 train_nmse=-21.209dB train_rec=0.000000e+00 train_recT=0.000000e+00 train_fc=0.000000e+00 train_decoder_tail=0.000000e+00
I 07.02/04:43:19 train_mapper.py:622 ] epoch=0392 train_loss=2.255630e-02 train_mse=4.881009e-03 train_cos=0.996211 train_nmse=-21.189dB train_rec=0.000000e+00 train_recT=0.000000e+00 train_fc=0.000000e+00 train_decoder_tail=0.000000e+00
I 07.02/04:43:37 train_mapper.py:622 ] epoch=0393 train_loss=2.245202e-02 train_mse=4.856126e-03 train_cos=0.996233 train_nmse=-21.211dB train_rec=0.000000e+00 train_recT=0.000000e+00 train_fc=0.000000e+00 train_decoder_tail=0.000000e+00
I 07.02/04:44:12 train_mapper.py:622 ] epoch=0394 train_loss=2.244298e-02 train_mse=4.852345e-03 train_cos=0.996234 train_nmse=-21.215dB train_rec=0.000000e+00 train_recT=0.000000e+00 train_fc=0.000000e+00 train_decoder_tail=0.000000e+00
I 07.02/04:44:30 train_mapper.py:622 ] epoch=0395 train_loss=2.242249e-02 train_mse=4.847413e-03 train_cos=0.996238 train_nmse=-21.219dB train_rec=0.000000e+00 train_recT=0.000000e+00 train_fc=0.000000e+00 train_decoder_tail=0.000000e+00
I 07.02/04:44:48 train_mapper.py:622 ] epoch=0396 train_loss=2.248345e-02 train_mse=4.861763e-03 train_cos=0.996226 train_nmse=-21.206dB train_rec=0.000000e+00 train_recT=0.000000e+00 train_fc=0.000000e+00 train_decoder_tail=0.000000e+00
I 07.02/04:45:07 train_mapper.py:622 ] epoch=0397 train_loss=2.235484e-02 train_mse=4.830103e-03 train_cos=0.996252 train_nmse=-21.234dB train_rec=0.000000e+00 train_recT=0.000000e+00 train_fc=0.000000e+00 train_decoder_tail=0.000000e+00
I 07.02/04:45:25 train_mapper.py:622 ] epoch=0398 train_loss=2.241007e-02 train_mse=4.842766e-03 train_cos=0.996242 train_nmse=-21.223dB train_rec=0.000000e+00 train_recT=0.000000e+00 train_fc=0.000000e+00 train_decoder_tail=0.000000e+00
I 07.02/04:45:47 train_mapper.py:622 ] epoch=0399 train_loss=2.236229e-02 train_mse=4.830848e-03 train_cos=0.996251 train_nmse=-21.234dB train_rec=0.000000e+00 train_recT=0.000000e+00 train_fc=0.000000e+00 train_decoder_tail=0.000000e+00
I 07.02/04:46:03 train_mapper.py:622 ] epoch=0400 train_loss=2.233092e-02 train_mse=4.822552e-03 train_cos=0.996257 train_nmse=-21.241dB train_rec=0.000000e+00 train_recT=0.000000e+00 train_fc=0.000000e+00 train_decoder_tail=0.000000e+00
I 07.02/04:47:19 train_mapper.py:738 ] best_loss_epoch=400 best_loss_selection=train_loss best_loss_metric=2.233092e-02 best_loss_mse=4.822552e-03 best_loss_loss=2.233092e-02
I 07.02/04:47:19 train_mapper.py:743 ] best_mse_epoch=400 best_mse_selection=train_mse best_mse_metric=4.822552e-03 best_mse_mse=4.822552e-03 best_mse_loss=2.233092e-02
I 07.02/04:47:19 train_mapper.py:749 ] all_best_loss_mse=4.719857e-03 all_best_loss_cos=0.996329 all_best_loss_nmse=-21.334dB
I 07.02/04:47:19 train_mapper.py:753 ] all_best_mse_mse=4.719857e-03 all_best_mse_cos=0.996329 all_best_mse_nmse=-21.334dB
