I 07.01/07:56:27 train_mapper.py:431 ] => Experiment directory: mapper/exps_decoder_aware/hybrid/recT_rec_fc_tail/seed2026_transnet_transnet_to_seed42_transnet_lr5e-4_ep400
I 07.01/07:56:27 train_mapper.py:432 ] => Checkpoint directory: mapper/exps_decoder_aware/hybrid/recT_rec_fc_tail/seed2026_transnet_transnet_to_seed42_transnet_lr5e-4_ep400/checkpoints
I 07.01/07:56:27 train_mapper.py:433 ] => Codeword directory: mapper/exps_decoder_aware/hybrid/recT_rec_fc_tail/seed2026_transnet_transnet_to_seed42_transnet_lr5e-4_ep400/codewords
I 07.01/07:56:27 train_mapper.py:434 ] => TensorBoard directory: mapper/exps_decoder_aware/hybrid/recT_rec_fc_tail/seed2026_transnet_transnet_to_seed42_transnet_lr5e-4_ep400/tensorboard
I 07.01/07:56:35 train_mapper.py:519 ] => Loaded fixed decoder from exps/COST2100/in/seed42/transnet_transnet/checkpoints/best_nmse.pth
I 07.01/07:56:35 train_mapper.py:521 ] => Loaded CSI tensor (100000, 2, 32, 32) from /storage/hujiacong/zxd/datasets/cost2100/in_train.pt
I 07.01/07:56:35 train_mapper.py:524 ] device=cuda
I 07.01/07:56:35 train_mapper.py:525 ] mapper=hybrid, params=23108608
I 07.01/07:56:35 train_mapper.py:527 ] train=100000, val=0, code_dim=512
I 07.01/07:56:35 train_mapper.py:529 ] val_ratio<=0: skip per-epoch validation; select best checkpoint by train loss
I 07.01/07:56:35 train_mapper.py:531 ] loss=mse + smoothl1*0.0 + sample_tail*0.0 + dim_tail*0.0 + whiten*0.0 + rec*1.0 + recT*1.0 + fc*0.01 + decoder_tail*0.1 + cos*0.0 + cov*0.0
I 07.01/07:57:43 train_mapper.py:622 ] epoch=0001 train_loss=3.317727e-01 train_mse=3.253422e-01 train_cos=0.831569 train_nmse=-3.874dB train_rec=1.510977e-03 train_recT=1.510675e-03 train_fc=3.114267e-01 train_decoder_tail=2.945281e-03
I 07.01/07:59:11 train_mapper.py:622 ] epoch=0002 train_loss=9.969332e-02 train_mse=9.839112e-02 train_cos=0.962772 train_nmse=-8.192dB train_rec=1.683967e-04 train_recT=1.683393e-04 train_fc=9.157864e-02 train_decoder_tail=4.967937e-04
I 07.01/08:00:38 train_mapper.py:622 ] epoch=0003 train_loss=6.738175e-02 train_mse=6.645417e-02 train_cos=0.976132 train_nmse=-9.859dB train_rec=1.111530e-04 train_recT=1.109958e-04 train_fc=6.705882e-02 train_decoder_tail=3.484700e-04
I 07.01/08:02:04 train_mapper.py:622 ] epoch=0004 train_loss=5.358353e-02 train_mse=5.285996e-02 train_cos=0.979914 train_nmse=-10.847dB train_rec=7.831799e-05 train_recT=7.807208e-05 train_fc=5.421958e-02 train_decoder_tail=2.497981e-04
I 07.01/08:03:42 train_mapper.py:622 ] epoch=0005 train_loss=4.538689e-02 train_mse=4.479948e-02 train_cos=0.981771 train_nmse=-11.564dB train_rec=5.683457e-05 train_recT=5.651556e-05 train_fc=4.560225e-02 train_decoder_tail=1.804406e-04
I 07.01/08:05:26 train_mapper.py:622 ] epoch=0006 train_loss=4.013205e-02 train_mse=3.963515e-02 train_cos=0.983036 train_nmse=-12.094dB train_rec=4.314968e-05 train_recT=4.277443e-05 train_fc=3.974985e-02 train_decoder_tail=1.348162e-04
I 07.01/08:07:10 train_mapper.py:622 ] epoch=0007 train_loss=3.679415e-02 train_mse=3.635560e-02 train_cos=0.983966 train_nmse=-12.469dB train_rec=3.456415e-05 train_recT=3.414659e-05 train_fc=3.592494e-02 train_decoder_tail=1.058721e-04
I 07.01/08:08:23 train_mapper.py:622 ] epoch=0008 train_loss=3.450190e-02 train_mse=3.410113e-02 train_cos=0.984786 train_nmse=-12.747dB train_rec=2.909712e-05 train_recT=2.864962e-05 train_fc=3.342554e-02 train_decoder_tail=8.768140e-05
I 07.01/08:09:55 train_mapper.py:622 ] epoch=0009 train_loss=3.282077e-02 train_mse=3.244481e-02 train_cos=0.985520 train_nmse=-12.963dB train_rec=2.558780e-05 train_recT=2.511913e-05 train_fc=3.176456e-02 train_decoder_tail=7.610589e-05
I 07.01/08:11:22 train_mapper.py:622 ] epoch=0010 train_loss=3.148702e-02 train_mse=3.112810e-02 train_cos=0.986168 train_nmse=-13.143dB train_rec=2.322438e-05 train_recT=2.274163e-05 train_fc=3.060959e-02 train_decoder_tail=6.855284e-05
I 07.01/08:12:41 train_mapper.py:622 ] epoch=0011 train_loss=3.030391e-02 train_mse=2.995853e-02 train_cos=0.986771 train_nmse=-13.309dB train_rec=2.145423e-05 train_recT=2.096161e-05 train_fc=2.966634e-02 train_decoder_tail=6.303941e-05
I 07.01/08:13:55 train_mapper.py:622 ] epoch=0012 train_loss=2.919744e-02 train_mse=2.886313e-02 train_cos=0.987326 train_nmse=-13.472dB train_rec=2.010537e-05 train_recT=1.960691e-05 train_fc=2.887096e-02 train_decoder_tail=5.886139e-05
I 07.01/08:15:05 train_mapper.py:622 ] epoch=0013 train_loss=2.817636e-02 train_mse=2.785227e-02 train_cos=0.987800 train_nmse=-13.626dB train_rec=1.893435e-05 train_recT=1.843106e-05 train_fc=2.812052e-02 train_decoder_tail=5.525955e-05
I 07.01/08:16:35 train_mapper.py:622 ] epoch=0014 train_loss=2.711849e-02 train_mse=2.680481e-02 train_cos=0.988273 train_nmse=-13.793dB train_rec=1.779699e-05 train_recT=1.728990e-05 train_fc=2.734095e-02 train_decoder_tail=5.176758e-05
I 07.01/08:18:07 train_mapper.py:622 ] epoch=0015 train_loss=2.612630e-02 train_mse=2.582299e-02 train_cos=0.988657 train_nmse=-13.955dB train_rec=1.674458e-05 train_recT=1.623486e-05 train_fc=2.654841e-02 train_decoder_tail=4.848034e-05
I 07.01/08:19:38 train_mapper.py:622 ] epoch=0016 train_loss=2.508235e-02 train_mse=2.479099e-02 train_cos=0.989032 train_nmse=-14.132dB train_rec=1.556968e-05 train_recT=1.505659e-05 train_fc=2.562506e-02 train_decoder_tail=4.485533e-05
I 07.01/08:20:48 train_mapper.py:622 ] epoch=0017 train_loss=2.408187e-02 train_mse=2.380336e-02 train_cos=0.989304 train_nmse=-14.309dB train_rec=1.437749e-05 train_recT=1.386097e-05 train_fc=2.461554e-02 train_decoder_tail=4.115911e-05
I 07.01/08:21:50 train_mapper.py:622 ] epoch=0018 train_loss=2.294355e-02 train_mse=2.268146e-02 train_cos=0.989568 train_nmse=-14.518dB train_rec=1.300871e-05 train_recT=1.248765e-05 train_fc=2.329039e-02 train_decoder_tail=3.692908e-05
I 07.01/08:23:00 train_mapper.py:622 ] epoch=0019 train_loss=2.155097e-02 train_mse=2.131760e-02 train_cos=0.989626 train_nmse=-14.788dB train_rec=1.096554e-05 train_recT=1.043500e-05 train_fc=2.088423e-02 train_decoder_tail=3.128190e-05
I 07.01/08:24:32 train_mapper.py:622 ] epoch=0020 train_loss=1.903297e-02 train_mse=1.885798e-02 train_cos=0.989623 train_nmse=-15.323dB train_rec=8.136624e-06 train_recT=7.583180e-06 train_fc=1.566609e-02 train_decoder_tail=2.601262e-05
I 07.01/08:25:41 train_mapper.py:622 ] epoch=0021 train_loss=1.676847e-02 train_mse=1.663105e-02 train_cos=0.990134 train_nmse=-15.867dB train_rec=6.832800e-06 train_recT=6.273041e-06 train_fc=1.220468e-02 train_decoder_tail=2.269072e-05
I 07.01/08:26:25 train_mapper.py:622 ] epoch=0022 train_loss=1.529987e-02 train_mse=1.518273e-02 train_cos=0.990507 train_nmse=-16.262dB train_rec=6.092764e-06 train_recT=5.533939e-06 train_fc=1.035177e-02 train_decoder_tail=1.997631e-05
I 07.01/08:26:47 train_mapper.py:622 ] epoch=0023 train_loss=1.424978e-02 train_mse=1.414590e-02 train_cos=0.990823 train_nmse=-16.569dB train_rec=5.523788e-06 train_recT=4.966822e-06 train_fc=9.161111e-03 train_decoder_tail=1.782056e-05
I 07.01/08:27:20 train_mapper.py:622 ] epoch=0024 train_loss=1.344695e-02 train_mse=1.335228e-02 train_cos=0.991103 train_nmse=-16.819dB train_rec=5.118831e-06 train_recT=4.563709e-06 train_fc=8.336464e-03 train_decoder_tail=1.618608e-05
I 07.01/08:28:00 train_mapper.py:622 ] epoch=0025 train_loss=1.277200e-02 train_mse=1.268453e-02 train_cos=0.991374 train_nmse=-17.042dB train_rec=4.785443e-06 train_recT=4.231309e-06 train_fc=7.696667e-03 train_decoder_tail=1.486805e-05
I 07.01/08:28:39 train_mapper.py:622 ] epoch=0026 train_loss=1.217883e-02 train_mse=1.209724e-02 train_cos=0.991642 train_nmse=-17.249dB train_rec=4.495614e-06 train_recT=3.942873e-06 train_fc=7.177540e-03 train_decoder_tail=1.374152e-05
I 07.01/08:29:09 train_mapper.py:622 ] epoch=0027 train_loss=1.176484e-02 train_mse=1.168737e-02 train_cos=0.991812 train_nmse=-17.398dB train_rec=4.309712e-06 train_recT=3.757320e-06 train_fc=6.811385e-03 train_decoder_tail=1.290687e-05
I 07.01/08:29:57 train_mapper.py:622 ] epoch=0028 train_loss=1.124775e-02 train_mse=1.117492e-02 train_cos=0.992085 train_nmse=-17.592dB train_rec=4.045589e-06 train_recT=3.494519e-06 train_fc=6.408576e-03 train_decoder_tail=1.200014e-05
I 07.01/08:31:15 train_mapper.py:622 ] epoch=0029 train_loss=1.093723e-02 train_mse=1.086730e-02 train_cos=0.992222 train_nmse=-17.714dB train_rec=3.897881e-06 train_recT=3.347121e-06 train_fc=6.154541e-03 train_decoder_tail=1.137002e-05
I 07.01/08:32:34 train_mapper.py:622 ] epoch=0030 train_loss=1.057264e-02 train_mse=1.050563e-02 train_cos=0.992429 train_nmse=-17.860dB train_rec=3.769868e-06 train_recT=3.219336e-06 train_fc=5.893656e-03 train_decoder_tail=1.081974e-05
I 07.01/08:33:49 train_mapper.py:622 ] epoch=0031 train_loss=1.025234e-02 train_mse=1.018813e-02 train_cos=0.992602 train_nmse=-17.994dB train_rec=3.612795e-06 train_recT=3.062934e-06 train_fc=5.650160e-03 train_decoder_tail=1.025521e-05
I 07.01/08:34:43 train_mapper.py:622 ] epoch=0032 train_loss=9.987278e-03 train_mse=9.925091e-03 train_cos=0.992750 train_nmse=-18.108dB train_rec=3.518517e-06 train_recT=2.969027e-06 train_fc=5.471498e-03 train_decoder_tail=9.839441e-06
I 07.01/08:35:25 train_mapper.py:622 ] epoch=0033 train_loss=9.699864e-03 train_mse=9.640041e-03 train_cos=0.992920 train_nmse=-18.234dB train_rec=3.382187e-06 train_recT=2.833622e-06 train_fc=5.266893e-03 train_decoder_tail=9.379746e-06
I 07.01/08:36:15 train_mapper.py:622 ] epoch=0034 train_loss=9.430792e-03 train_mse=9.372981e-03 train_cos=0.993081 train_nmse=-18.356dB train_rec=3.282804e-06 train_recT=2.733860e-06 train_fc=5.089592e-03 train_decoder_tail=8.988349e-06
I 07.01/08:36:58 train_mapper.py:622 ] epoch=0035 train_loss=9.216398e-03 train_mse=9.160286e-03 train_cos=0.993207 train_nmse=-18.456dB train_rec=3.178096e-06 train_recT=2.629423e-06 train_fc=4.944185e-03 train_decoder_tail=8.624099e-06
I 07.01/08:37:45 train_mapper.py:622 ] epoch=0036 train_loss=9.014606e-03 train_mse=8.960010e-03 train_cos=0.993332 train_nmse=-18.552dB train_rec=3.112072e-06 train_recT=2.564093e-06 train_fc=4.808425e-03 train_decoder_tail=8.358152e-06
I 07.01/08:38:28 train_mapper.py:622 ] epoch=0037 train_loss=8.783781e-03 train_mse=8.730940e-03 train_cos=0.993479 train_nmse=-18.664dB train_rec=3.013354e-06 train_recT=2.465151e-06 train_fc=4.655953e-03 train_decoder_tail=8.029693e-06
I 07.01/08:39:01 train_mapper.py:622 ] epoch=0038 train_loss=8.588921e-03 train_mse=8.537408e-03 train_cos=0.993602 train_nmse=-18.761dB train_rec=2.956202e-06 train_recT=2.408151e-06 train_fc=4.536958e-03 train_decoder_tail=7.794160e-06
I 07.01/08:39:38 train_mapper.py:622 ] epoch=0039 train_loss=8.391765e-03 train_mse=8.341706e-03 train_cos=0.993732 train_nmse=-18.862dB train_rec=2.878996e-06 train_recT=2.331301e-06 train_fc=4.409386e-03 train_decoder_tail=7.542187e-06
I 07.01/08:40:17 train_mapper.py:622 ] epoch=0040 train_loss=8.242760e-03 train_mse=8.193707e-03 train_cos=0.993827 train_nmse=-18.940dB train_rec=2.824524e-06 train_recT=2.276885e-06 train_fc=4.321841e-03 train_decoder_tail=7.324722e-06
I 07.01/08:41:07 train_mapper.py:622 ] epoch=0041 train_loss=8.076318e-03 train_mse=8.028484e-03 train_cos=0.993934 train_nmse=-19.028dB train_rec=2.754671e-06 train_recT=2.206852e-06 train_fc=4.216179e-03 train_decoder_tail=7.105541e-06
I 07.01/08:41:45 train_mapper.py:622 ] epoch=0042 train_loss=7.953588e-03 train_mse=7.906544e-03 train_cos=0.994018 train_nmse=-19.095dB train_rec=2.727160e-06 train_recT=2.179245e-06 train_fc=4.144029e-03 train_decoder_tail=6.976789e-06
I 07.01/08:42:26 train_mapper.py:622 ] epoch=0043 train_loss=7.838145e-03 train_mse=7.791861e-03 train_cos=0.994092 train_nmse=-19.159dB train_rec=2.683107e-06 train_recT=2.135614e-06 train_fc=4.078356e-03 train_decoder_tail=6.817901e-06
I 07.01/08:42:53 train_mapper.py:622 ] epoch=0044 train_loss=7.635235e-03 train_mse=7.590427e-03 train_cos=0.994233 train_nmse=-19.273dB train_rec=2.597520e-06 train_recT=2.050025e-06 train_fc=3.950151e-03 train_decoder_tail=6.588399e-06
I 07.01/08:43:30 train_mapper.py:622 ] epoch=0045 train_loss=7.517725e-03 train_mse=7.473714e-03 train_cos=0.994310 train_nmse=-19.339dB train_rec=2.559979e-06 train_recT=2.012801e-06 train_fc=3.879395e-03 train_decoder_tail=6.447213e-06
I 07.01/08:44:09 train_mapper.py:622 ] epoch=0046 train_loss=7.397587e-03 train_mse=7.354352e-03 train_cos=0.994391 train_nmse=-19.409dB train_rec=2.513766e-06 train_recT=1.966621e-06 train_fc=3.812462e-03 train_decoder_tail=6.301196e-06
I 07.01/08:44:44 train_mapper.py:622 ] epoch=0047 train_loss=7.261065e-03 train_mse=7.218697e-03 train_cos=0.994489 train_nmse=-19.490dB train_rec=2.477728e-06 train_recT=1.930889e-06 train_fc=3.734178e-03 train_decoder_tail=6.176826e-06
I 07.01/08:45:20 train_mapper.py:622 ] epoch=0048 train_loss=7.161727e-03 train_mse=7.120045e-03 train_cos=0.994558 train_nmse=-19.551dB train_rec=2.444780e-06 train_recT=1.897857e-06 train_fc=3.673361e-03 train_decoder_tail=6.062520e-06
I 07.01/08:45:51 train_mapper.py:622 ] epoch=0049 train_loss=7.040496e-03 train_mse=6.999599e-03 train_cos=0.994645 train_nmse=-19.624dB train_rec=2.408159e-06 train_recT=1.860994e-06 train_fc=3.603180e-03 train_decoder_tail=5.952246e-06
I 07.01/08:46:30 train_mapper.py:622 ] epoch=0050 train_loss=6.969128e-03 train_mse=6.928676e-03 train_cos=0.994690 train_nmse=-19.668dB train_rec=2.367711e-06 train_recT=1.820720e-06 train_fc=3.567955e-03 train_decoder_tail=5.837893e-06
I 07.01/08:47:20 train_mapper.py:622 ] epoch=0051 train_loss=6.830343e-03 train_mse=6.790816e-03 train_cos=0.994794 train_nmse=-19.755dB train_rec=2.336990e-06 train_recT=1.790019e-06 train_fc=3.482699e-03 train_decoder_tail=5.731010e-06
I 07.01/08:47:51 train_mapper.py:622 ] epoch=0052 train_loss=6.753268e-03 train_mse=6.714267e-03 train_cos=0.994845 train_nmse=-19.805dB train_rec=2.300363e-06 train_recT=1.753383e-06 train_fc=3.438408e-03 train_decoder_tail=5.630741e-06
I 07.01/08:48:27 train_mapper.py:622 ] epoch=0053 train_loss=6.641575e-03 train_mse=6.603320e-03 train_cos=0.994927 train_nmse=-19.877dB train_rec=2.260813e-06 train_recT=1.713896e-06 train_fc=3.372819e-03 train_decoder_tail=5.523175e-06
I 07.01/08:49:07 train_mapper.py:622 ] epoch=0054 train_loss=6.570331e-03 train_mse=6.532370e-03 train_cos=0.994979 train_nmse=-19.924dB train_rec=2.263917e-06 train_recT=1.717480e-06 train_fc=3.343022e-03 train_decoder_tail=5.497163e-06
I 07.01/08:49:39 train_mapper.py:622 ] epoch=0055 train_loss=6.476947e-03 train_mse=6.439721e-03 train_cos=0.995045 train_nmse=-19.986dB train_rec=2.214592e-06 train_recT=1.667544e-06 train_fc=3.280643e-03 train_decoder_tail=5.372514e-06
I 07.01/08:50:42 train_mapper.py:622 ] epoch=0056 train_loss=6.390618e-03 train_mse=6.353877e-03 train_cos=0.995112 train_nmse=-20.044dB train_rec=2.197714e-06 train_recT=1.650914e-06 train_fc=3.235998e-03 train_decoder_tail=5.316240e-06
I 07.01/08:51:22 train_mapper.py:622 ] epoch=0057 train_loss=6.304390e-03 train_mse=6.268156e-03 train_cos=0.995171 train_nmse=-20.104dB train_rec=2.175560e-06 train_recT=1.628455e-06 train_fc=3.190563e-03 train_decoder_tail=5.244831e-06
I 07.01/08:51:55 train_mapper.py:622 ] epoch=0058 train_loss=6.223618e-03 train_mse=6.187908e-03 train_cos=0.995231 train_nmse=-20.159dB train_rec=2.141501e-06 train_recT=1.594914e-06 train_fc=3.145727e-03 train_decoder_tail=5.158203e-06
I 07.01/08:52:34 train_mapper.py:622 ] epoch=0059 train_loss=6.170625e-03 train_mse=6.135186e-03 train_cos=0.995270 train_nmse=-20.196dB train_rec=2.123944e-06 train_recT=1.577378e-06 train_fc=3.122709e-03 train_decoder_tail=5.101210e-06
I 07.01/08:53:13 train_mapper.py:622 ] epoch=0060 train_loss=6.094537e-03 train_mse=6.059616e-03 train_cos=0.995327 train_nmse=-20.250dB train_rec=2.105823e-06 train_recT=1.559040e-06 train_fc=3.075078e-03 train_decoder_tail=5.052460e-06
I 07.01/08:53:50 train_mapper.py:622 ] epoch=0061 train_loss=5.986374e-03 train_mse=5.952114e-03 train_cos=0.995410 train_nmse=-20.328dB train_rec=2.075584e-06 train_recT=1.528526e-06 train_fc=3.015850e-03 train_decoder_tail=4.974430e-06
I 07.01/08:54:29 train_mapper.py:622 ] epoch=0062 train_loss=5.928924e-03 train_mse=5.894997e-03 train_cos=0.995450 train_nmse=-20.370dB train_rec=2.052878e-06 train_recT=1.506222e-06 train_fc=2.987600e-03 train_decoder_tail=4.913642e-06
I 07.01/08:55:08 train_mapper.py:622 ] epoch=0063 train_loss=5.874622e-03 train_mse=5.841028e-03 train_cos=0.995492 train_nmse=-20.409dB train_rec=2.038204e-06 train_recT=1.491704e-06 train_fc=2.957699e-03 train_decoder_tail=4.871149e-06
I 07.01/08:55:41 train_mapper.py:622 ] epoch=0064 train_loss=5.813237e-03 train_mse=5.779921e-03 train_cos=0.995537 train_nmse=-20.455dB train_rec=2.033171e-06 train_recT=1.486200e-06 train_fc=2.931188e-03 train_decoder_tail=4.838581e-06
I 07.01/08:56:06 train_mapper.py:622 ] epoch=0065 train_loss=5.770048e-03 train_mse=5.736984e-03 train_cos=0.995572 train_nmse=-20.489dB train_rec=2.022872e-06 train_recT=1.476508e-06 train_fc=2.908426e-03 train_decoder_tail=4.803935e-06
I 07.01/08:56:31 train_mapper.py:622 ] epoch=0066 train_loss=5.726069e-03 train_mse=5.693263e-03 train_cos=0.995605 train_nmse=-20.521dB train_rec=2.005081e-06 train_recT=1.458384e-06 train_fc=2.886711e-03 train_decoder_tail=4.763289e-06
I 07.01/08:57:03 train_mapper.py:622 ] epoch=0067 train_loss=5.634974e-03 train_mse=5.602740e-03 train_cos=0.995671 train_nmse=-20.590dB train_rec=1.966959e-06 train_recT=1.420581e-06 train_fc=2.837963e-03 train_decoder_tail=4.670066e-06
I 07.01/08:57:37 train_mapper.py:622 ] epoch=0068 train_loss=5.550172e-03 train_mse=5.518475e-03 train_cos=0.995736 train_nmse=-20.657dB train_rec=1.949784e-06 train_recT=1.402971e-06 train_fc=2.788220e-03 train_decoder_tail=4.618280e-06
I 07.01/08:58:23 train_mapper.py:622 ] epoch=0069 train_loss=5.500287e-03 train_mse=5.468878e-03 train_cos=0.995771 train_nmse=-20.696dB train_rec=1.925822e-06 train_recT=1.379537e-06 train_fc=2.764741e-03 train_decoder_tail=4.556766e-06
I 07.01/08:58:58 train_mapper.py:622 ] epoch=0070 train_loss=5.430228e-03 train_mse=5.399131e-03 train_cos=0.995828 train_nmse=-20.751dB train_rec=1.922811e-06 train_recT=1.375958e-06 train_fc=2.734436e-03 train_decoder_tail=4.541074e-06
I 07.01/08:59:40 train_mapper.py:622 ] epoch=0071 train_loss=5.384305e-03 train_mse=5.353503e-03 train_cos=0.995863 train_nmse=-20.788dB train_rec=1.902005e-06 train_recT=1.355451e-06 train_fc=2.709473e-03 train_decoder_tail=4.495586e-06
I 07.01/09:00:18 train_mapper.py:622 ] epoch=0072 train_loss=5.338235e-03 train_mse=5.307678e-03 train_cos=0.995897 train_nmse=-20.826dB train_rec=1.891878e-06 train_recT=1.345083e-06 train_fc=2.687455e-03 train_decoder_tail=4.462657e-06
I 07.01/09:00:56 train_mapper.py:622 ] epoch=0073 train_loss=5.287124e-03 train_mse=5.256773e-03 train_cos=0.995936 train_nmse=-20.868dB train_rec=1.890628e-06 train_recT=1.343836e-06 train_fc=2.667184e-03 train_decoder_tail=4.444174e-06
I 07.01/09:01:38 train_mapper.py:622 ] epoch=0074 train_loss=5.215705e-03 train_mse=5.185812e-03 train_cos=0.995990 train_nmse=-20.926dB train_rec=1.862268e-06 train_recT=1.315628e-06 train_fc=2.627697e-03 train_decoder_tail=4.383693e-06
I 07.01/09:02:17 train_mapper.py:622 ] epoch=0075 train_loss=5.151691e-03 train_mse=5.122138e-03 train_cos=0.996037 train_nmse=-20.980dB train_rec=1.842427e-06 train_recT=1.295566e-06 train_fc=2.598131e-03 train_decoder_tail=4.334922e-06
I 07.01/09:03:00 train_mapper.py:622 ] epoch=0076 train_loss=5.104657e-03 train_mse=5.075392e-03 train_cos=0.996073 train_nmse=-21.020dB train_rec=1.827529e-06 train_recT=1.280807e-06 train_fc=2.572747e-03 train_decoder_tail=4.297014e-06
I 07.01/09:04:06 train_mapper.py:622 ] epoch=0077 train_loss=5.063303e-03 train_mse=5.034290e-03 train_cos=0.996105 train_nmse=-21.056dB train_rec=1.811256e-06 train_recT=1.264353e-06 train_fc=2.551149e-03 train_decoder_tail=4.257712e-06
I 07.01/09:04:38 train_mapper.py:622 ] epoch=0078 train_loss=5.019514e-03 train_mse=4.990680e-03 train_cos=0.996141 train_nmse=-21.093dB train_rec=1.806332e-06 train_recT=1.259333e-06 train_fc=2.534291e-03 train_decoder_tail=4.249509e-06
I 07.01/09:05:10 train_mapper.py:622 ] epoch=0079 train_loss=4.974122e-03 train_mse=4.945527e-03 train_cos=0.996172 train_nmse=-21.133dB train_rec=1.793660e-06 train_recT=1.246683e-06 train_fc=2.513386e-03 train_decoder_tail=4.212300e-06
I 07.01/09:05:41 train_mapper.py:622 ] epoch=0080 train_loss=4.902880e-03 train_mse=4.874767e-03 train_cos=0.996227 train_nmse=-21.195dB train_rec=1.768257e-06 train_recT=1.221793e-06 train_fc=2.470754e-03 train_decoder_tail=4.151932e-06
I 07.01/09:06:18 train_mapper.py:622 ] epoch=0081 train_loss=4.875511e-03 train_mse=4.847524e-03 train_cos=0.996245 train_nmse=-21.219dB train_rec=1.768779e-06 train_recT=1.221735e-06 train_fc=2.458233e-03 train_decoder_tail=4.141533e-06
I 07.01/09:06:58 train_mapper.py:622 ] epoch=0082 train_loss=4.823731e-03 train_mse=4.796025e-03 train_cos=0.996284 train_nmse=-21.266dB train_rec=1.751462e-06 train_recT=1.204927e-06 train_fc=2.433957e-03 train_decoder_tail=4.103179e-06
I 07.01/09:07:40 train_mapper.py:622 ] epoch=0083 train_loss=4.788668e-03 train_mse=4.761152e-03 train_cos=0.996309 train_nmse=-21.298dB train_rec=1.741811e-06 train_recT=1.195349e-06 train_fc=2.417050e-03 train_decoder_tail=4.081855e-06
I 07.01/09:08:17 train_mapper.py:622 ] epoch=0084 train_loss=4.735847e-03 train_mse=4.708690e-03 train_cos=0.996351 train_nmse=-21.345dB train_rec=1.721527e-06 train_recT=1.174475e-06 train_fc=2.385764e-03 train_decoder_tail=4.032992e-06
I 07.01/09:08:51 train_mapper.py:622 ] epoch=0085 train_loss=4.695764e-03 train_mse=4.668868e-03 train_cos=0.996380 train_nmse=-21.382dB train_rec=1.705219e-06 train_recT=1.158613e-06 train_fc=2.363278e-03 train_decoder_tail=3.994288e-06
I 07.01/09:09:27 train_mapper.py:622 ] epoch=0086 train_loss=4.662758e-03 train_mse=4.635986e-03 train_cos=0.996405 train_nmse=-21.413dB train_rec=1.703317e-06 train_recT=1.156465e-06 train_fc=2.351399e-03 train_decoder_tail=3.985017e-06
I 07.01/09:10:05 train_mapper.py:622 ] epoch=0087 train_loss=4.633417e-03 train_mse=4.606798e-03 train_cos=0.996428 train_nmse=-21.440dB train_rec=1.703214e-06 train_recT=1.156290e-06 train_fc=2.336145e-03 train_decoder_tail=3.982276e-06
I 07.01/09:10:35 train_mapper.py:622 ] epoch=0088 train_loss=4.583609e-03 train_mse=4.557319e-03 train_cos=0.996469 train_nmse=-21.488dB train_rec=1.690559e-06 train_recT=1.143600e-06 train_fc=2.306041e-03 train_decoder_tail=3.953604e-06
I 07.01/09:11:11 train_mapper.py:622 ] epoch=0089 train_loss=4.562232e-03 train_mse=4.536021e-03 train_cos=0.996483 train_nmse=-21.508dB train_rec=1.684134e-06 train_recT=1.137551e-06 train_fc=2.299530e-03 train_decoder_tail=3.939287e-06
I 07.01/09:11:44 train_mapper.py:622 ] epoch=0090 train_loss=4.528406e-03 train_mse=4.502442e-03 train_cos=0.996507 train_nmse=-21.540dB train_rec=1.667179e-06 train_recT=1.120468e-06 train_fc=2.278634e-03 train_decoder_tail=3.898844e-06
I 07.01/09:12:21 train_mapper.py:622 ] epoch=0091 train_loss=4.474237e-03 train_mse=4.448624e-03 train_cos=0.996547 train_nmse=-21.592dB train_rec=1.647067e-06 train_recT=1.099874e-06 train_fc=2.248020e-03 train_decoder_tail=3.855651e-06
I 07.01/09:12:57 train_mapper.py:622 ] epoch=0092 train_loss=4.449695e-03 train_mse=4.424196e-03 train_cos=0.996565 train_nmse=-21.616dB train_rec=1.645616e-06 train_recT=1.098773e-06 train_fc=2.237082e-03 train_decoder_tail=3.840226e-06
I 07.01/09:13:42 train_mapper.py:622 ] epoch=0093 train_loss=4.426075e-03 train_mse=4.400695e-03 train_cos=0.996583 train_nmse=-21.639dB train_rec=1.638612e-06 train_recT=1.091643e-06 train_fc=2.226650e-03 train_decoder_tail=3.826413e-06
I 07.01/09:14:25 train_mapper.py:622 ] epoch=0094 train_loss=4.395455e-03 train_mse=4.370163e-03 train_cos=0.996608 train_nmse=-21.669dB train_rec=1.643171e-06 train_recT=1.096275e-06 train_fc=2.216897e-03 train_decoder_tail=3.837493e-06
I 07.01/09:15:22 train_mapper.py:622 ] epoch=0095 train_loss=4.358464e-03 train_mse=4.333519e-03 train_cos=0.996636 train_nmse=-21.706dB train_rec=1.612532e-06 train_recT=1.065497e-06 train_fc=2.188922e-03 train_decoder_tail=3.780694e-06
I 07.01/09:16:16 train_mapper.py:622 ] epoch=0096 train_loss=4.335762e-03 train_mse=4.310896e-03 train_cos=0.996651 train_nmse=-21.729dB train_rec=1.616738e-06 train_recT=1.069985e-06 train_fc=2.180156e-03 train_decoder_tail=3.772824e-06
I 07.01/09:16:58 train_mapper.py:622 ] epoch=0097 train_loss=4.299378e-03 train_mse=4.274759e-03 train_cos=0.996680 train_nmse=-21.765dB train_rec=1.602625e-06 train_recT=1.055949e-06 train_fc=2.158583e-03 train_decoder_tail=3.745455e-06
I 07.01/09:17:42 train_mapper.py:622 ] epoch=0098 train_loss=4.264592e-03 train_mse=4.240155e-03 train_cos=0.996707 train_nmse=-21.801dB train_rec=1.598089e-06 train_recT=1.051073e-06 train_fc=2.141465e-03 train_decoder_tail=3.729432e-06
I 07.01/09:18:21 train_mapper.py:622 ] epoch=0099 train_loss=4.250202e-03 train_mse=4.225851e-03 train_cos=0.996717 train_nmse=-21.815dB train_rec=1.590143e-06 train_recT=1.043013e-06 train_fc=2.134566e-03 train_decoder_tail=3.720507e-06
I 07.01/09:19:07 train_mapper.py:622 ] epoch=0100 train_loss=4.219463e-03 train_mse=4.195286e-03 train_cos=0.996741 train_nmse=-21.847dB train_rec=1.585348e-06 train_recT=1.038290e-06 train_fc=2.118338e-03 train_decoder_tail=3.702389e-06
I 07.01/09:19:59 train_mapper.py:622 ] epoch=0101 train_loss=4.200099e-03 train_mse=4.176057e-03 train_cos=0.996758 train_nmse=-21.867dB train_rec=1.579012e-06 train_recT=1.031950e-06 train_fc=2.106187e-03 train_decoder_tail=3.689004e-06
I 07.01/09:20:53 train_mapper.py:622 ] epoch=0102 train_loss=4.168893e-03 train_mse=4.145022e-03 train_cos=0.996780 train_nmse=-21.900dB train_rec=1.566700e-06 train_recT=1.019229e-06 train_fc=2.091838e-03 train_decoder_tail=3.665221e-06
I 07.01/09:21:36 train_mapper.py:622 ] epoch=0103 train_loss=4.124801e-03 train_mse=4.101199e-03 train_cos=0.996815 train_nmse=-21.945dB train_rec=1.555938e-06 train_recT=1.009511e-06 train_fc=2.067318e-03 train_decoder_tail=3.637404e-06
I 07.01/09:22:19 train_mapper.py:622 ] epoch=0104 train_loss=4.120188e-03 train_mse=4.096581e-03 train_cos=0.996819 train_nmse=-21.950dB train_rec=1.562575e-06 train_recT=1.015319e-06 train_fc=2.066458e-03 train_decoder_tail=3.653646e-06
I 07.01/09:22:56 train_mapper.py:622 ] epoch=0105 train_loss=4.080961e-03 train_mse=4.057610e-03 train_cos=0.996849 train_nmse=-21.991dB train_rec=1.549227e-06 train_recT=1.002320e-06 train_fc=2.043639e-03 train_decoder_tail=3.625293e-06
I 07.01/09:23:39 train_mapper.py:622 ] epoch=0106 train_loss=4.065615e-03 train_mse=4.042351e-03 train_cos=0.996858 train_nmse=-22.008dB train_rec=1.541640e-06 train_recT=9.938947e-07 train_fc=2.036767e-03 train_decoder_tail=3.611172e-06
I 07.01/09:24:24 train_mapper.py:622 ] epoch=0107 train_loss=4.021998e-03 train_mse=3.998994e-03 train_cos=0.996893 train_nmse=-22.055dB train_rec=1.532680e-06 train_recT=9.860032e-07 train_fc=2.012697e-03 train_decoder_tail=3.583488e-06
I 07.01/09:25:11 train_mapper.py:622 ] epoch=0108 train_loss=4.015225e-03 train_mse=3.992234e-03 train_cos=0.996896 train_nmse=-22.062dB train_rec=1.527142e-06 train_recT=9.801148e-07 train_fc=2.012662e-03 train_decoder_tail=3.573134e-06
I 07.01/09:25:55 train_mapper.py:622 ] epoch=0109 train_loss=3.985237e-03 train_mse=3.962448e-03 train_cos=0.996922 train_nmse=-22.094dB train_rec=1.524352e-06 train_recT=9.775727e-07 train_fc=1.992994e-03 train_decoder_tail=3.567266e-06
I 07.01/09:26:35 train_mapper.py:622 ] epoch=0110 train_loss=3.971282e-03 train_mse=3.948569e-03 train_cos=0.996930 train_nmse=-22.109dB train_rec=1.511260e-06 train_recT=9.638935e-07 train_fc=1.988325e-03 train_decoder_tail=3.546626e-06
I 07.01/09:27:16 train_mapper.py:622 ] epoch=0111 train_loss=3.962849e-03 train_mse=3.940110e-03 train_cos=0.996938 train_nmse=-22.119dB train_rec=1.523888e-06 train_recT=9.768584e-07 train_fc=1.988198e-03 train_decoder_tail=3.559204e-06
I 07.01/09:27:58 train_mapper.py:622 ] epoch=0112 train_loss=3.928703e-03 train_mse=3.906222e-03 train_cos=0.996966 train_nmse=-22.157dB train_rec=1.505343e-06 train_recT=9.579252e-07 train_fc=1.966520e-03 train_decoder_tail=3.532583e-06
I 07.01/09:28:42 train_mapper.py:622 ] epoch=0113 train_loss=3.914658e-03 train_mse=3.892229e-03 train_cos=0.996975 train_nmse=-22.172dB train_rec=1.507588e-06 train_recT=9.602391e-07 train_fc=1.960788e-03 train_decoder_tail=3.530493e-06
I 07.01/09:29:34 train_mapper.py:622 ] epoch=0114 train_loss=3.883997e-03 train_mse=3.861754e-03 train_cos=0.996996 train_nmse=-22.206dB train_rec=1.487001e-06 train_recT=9.398099e-07 train_fc=1.946686e-03 train_decoder_tail=3.493368e-06
I 07.01/09:30:20 train_mapper.py:622 ] epoch=0115 train_loss=3.872279e-03 train_mse=3.850128e-03 train_cos=0.997007 train_nmse=-22.219dB train_rec=1.489863e-06 train_recT=9.425808e-07 train_fc=1.936971e-03 train_decoder_tail=3.488383e-06
I 07.01/09:31:01 train_mapper.py:622 ] epoch=0116 train_loss=3.848812e-03 train_mse=3.826775e-03 train_cos=0.997024 train_nmse=-22.246dB train_rec=1.482495e-06 train_recT=9.354262e-07 train_fc=1.927178e-03 train_decoder_tail=3.476507e-06
I 07.01/09:31:54 train_mapper.py:622 ] epoch=0117 train_loss=3.819571e-03 train_mse=3.797699e-03 train_cos=0.997048 train_nmse=-22.279dB train_rec=1.482093e-06 train_recT=9.347096e-07 train_fc=1.910840e-03 train_decoder_tail=3.469330e-06
I 07.01/09:32:40 train_mapper.py:622 ] epoch=0118 train_loss=3.794598e-03 train_mse=3.772924e-03 train_cos=0.997066 train_nmse=-22.307dB train_rec=1.467046e-06 train_recT=9.203263e-07 train_fc=1.894217e-03 train_decoder_tail=3.444134e-06
I 07.01/09:33:24 train_mapper.py:622 ] epoch=0119 train_loss=3.787990e-03 train_mse=3.766310e-03 train_cos=0.997070 train_nmse=-22.316dB train_rec=1.466536e-06 train_recT=9.196403e-07 train_fc=1.894998e-03 train_decoder_tail=3.438093e-06
I 07.01/09:34:08 train_mapper.py:622 ] epoch=0120 train_loss=3.764393e-03 train_mse=3.742875e-03 train_cos=0.997090 train_nmse=-22.342dB train_rec=1.458706e-06 train_recT=9.112282e-07 train_fc=1.880462e-03 train_decoder_tail=3.427823e-06
I 07.01/09:34:48 train_mapper.py:622 ] epoch=0121 train_loss=3.753554e-03 train_mse=3.732082e-03 train_cos=0.997098 train_nmse=-22.355dB train_rec=1.461313e-06 train_recT=9.138097e-07 train_fc=1.875377e-03 train_decoder_tail=3.428317e-06
I 07.01/09:35:31 train_mapper.py:622 ] epoch=0122 train_loss=3.718638e-03 train_mse=3.697361e-03 train_cos=0.997127 train_nmse=-22.395dB train_rec=1.456561e-06 train_recT=9.092930e-07 train_fc=1.856880e-03 train_decoder_tail=3.425553e-06
I 07.01/09:36:16 train_mapper.py:622 ] epoch=0123 train_loss=3.711032e-03 train_mse=3.689852e-03 train_cos=0.997130 train_nmse=-22.404dB train_rec=1.445074e-06 train_recT=8.976329e-07 train_fc=1.849830e-03 train_decoder_tail=3.393149e-06
I 07.01/09:37:03 train_mapper.py:622 ] epoch=0124 train_loss=3.677832e-03 train_mse=3.656828e-03 train_cos=0.997158 train_nmse=-22.443dB train_rec=1.435876e-06 train_recT=8.884746e-07 train_fc=1.834148e-03 train_decoder_tail=3.381689e-06
I 07.01/09:37:55 train_mapper.py:622 ] epoch=0125 train_loss=3.688339e-03 train_mse=3.667214e-03 train_cos=0.997149 train_nmse=-22.431dB train_rec=1.443030e-06 train_recT=8.955963e-07 train_fc=1.844676e-03 train_decoder_tail=3.394258e-06
I 07.01/09:38:46 train_mapper.py:622 ] epoch=0126 train_loss=3.677918e-03 train_mse=3.656850e-03 train_cos=0.997157 train_nmse=-22.443dB train_rec=1.440928e-06 train_recT=8.936819e-07 train_fc=1.839463e-03 train_decoder_tail=3.387932e-06
I 07.01/09:39:33 train_mapper.py:622 ] epoch=0127 train_loss=3.641911e-03 train_mse=3.621098e-03 train_cos=0.997185 train_nmse=-22.486dB train_rec=1.429726e-06 train_recT=8.823504e-07 train_fc=1.816447e-03 train_decoder_tail=3.367170e-06
I 07.01/09:40:24 train_mapper.py:622 ] epoch=0128 train_loss=3.633574e-03 train_mse=3.612789e-03 train_cos=0.997189 train_nmse=-22.496dB train_rec=1.427244e-06 train_recT=8.797258e-07 train_fc=1.814210e-03 train_decoder_tail=3.359596e-06
I 07.01/09:41:16 train_mapper.py:622 ] epoch=0129 train_loss=3.603103e-03 train_mse=3.582496e-03 train_cos=0.997215 train_nmse=-22.532dB train_rec=1.419500e-06 train_recT=8.721492e-07 train_fc=1.798133e-03 train_decoder_tail=3.342813e-06
I 07.01/09:42:00 train_mapper.py:622 ] epoch=0130 train_loss=3.593940e-03 train_mse=3.573396e-03 train_cos=0.997222 train_nmse=-22.543dB train_rec=1.418748e-06 train_recT=8.711820e-07 train_fc=1.791975e-03 train_decoder_tail=3.342552e-06
I 07.01/09:42:49 train_mapper.py:622 ] epoch=0131 train_loss=3.569339e-03 train_mse=3.548892e-03 train_cos=0.997240 train_nmse=-22.573dB train_rec=1.412693e-06 train_recT=8.651602e-07 train_fc=1.783612e-03 train_decoder_tail=3.330730e-06
I 07.01/09:43:37 train_mapper.py:622 ] epoch=0132 train_loss=3.544645e-03 train_mse=3.524360e-03 train_cos=0.997259 train_nmse=-22.603dB train_rec=1.403198e-06 train_recT=8.556871e-07 train_fc=1.769523e-03 train_decoder_tail=3.308328e-06
I 07.01/09:44:26 train_mapper.py:622 ] epoch=0133 train_loss=3.544176e-03 train_mse=3.523916e-03 train_cos=0.997258 train_nmse=-22.604dB train_rec=1.401750e-06 train_recT=8.543623e-07 train_fc=1.767300e-03 train_decoder_tail=3.305617e-06
I 07.01/09:45:14 train_mapper.py:622 ] epoch=0134 train_loss=3.545245e-03 train_mse=3.524939e-03 train_cos=0.997259 train_nmse=-22.602dB train_rec=1.411512e-06 train_recT=8.637771e-07 train_fc=1.769871e-03 train_decoder_tail=3.320699e-06
I 07.01/09:45:57 train_mapper.py:622 ] epoch=0135 train_loss=3.507468e-03 train_mse=3.487428e-03 train_cos=0.997288 train_nmse=-22.649dB train_rec=1.391792e-06 train_recT=8.441385e-07 train_fc=1.747539e-03 train_decoder_tail=3.286584e-06
I 07.01/09:46:45 train_mapper.py:622 ] epoch=0136 train_loss=3.500806e-03 train_mse=3.480734e-03 train_cos=0.997294 train_nmse=-22.658dB train_rec=1.400871e-06 train_recT=8.535212e-07 train_fc=1.748763e-03 train_decoder_tail=3.300026e-06
I 07.01/09:47:36 train_mapper.py:622 ] epoch=0137 train_loss=3.504912e-03 train_mse=3.484863e-03 train_cos=0.997292 train_nmse=-22.652dB train_rec=1.395511e-06 train_recT=8.475756e-07 train_fc=1.747631e-03 train_decoder_tail=3.297882e-06
I 07.01/09:48:20 train_mapper.py:622 ] epoch=0138 train_loss=3.473533e-03 train_mse=3.453666e-03 train_cos=0.997315 train_nmse=-22.691dB train_rec=1.386459e-06 train_recT=8.391292e-07 train_fc=1.731297e-03 train_decoder_tail=3.279359e-06
I 07.01/09:49:11 train_mapper.py:622 ] epoch=0139 train_loss=3.454168e-03 train_mse=3.434393e-03 train_cos=0.997330 train_nmse=-22.716dB train_rec=1.383158e-06 train_recT=8.357146e-07 train_fc=1.722886e-03 train_decoder_tail=3.267429e-06
I 07.01/09:49:56 train_mapper.py:622 ] epoch=0140 train_loss=3.434648e-03 train_mse=3.414999e-03 train_cos=0.997344 train_nmse=-22.740dB train_rec=1.375924e-06 train_recT=8.284110e-07 train_fc=1.711905e-03 train_decoder_tail=3.253725e-06
I 07.01/09:50:43 train_mapper.py:622 ] epoch=0141 train_loss=3.439493e-03 train_mse=3.419811e-03 train_cos=0.997338 train_nmse=-22.734dB train_rec=1.375250e-06 train_recT=8.272806e-07 train_fc=1.715443e-03 train_decoder_tail=3.248558e-06
I 07.01/09:51:33 train_mapper.py:622 ] epoch=0142 train_loss=3.409626e-03 train_mse=3.390129e-03 train_cos=0.997365 train_nmse=-22.772dB train_rec=1.372742e-06 train_recT=8.252563e-07 train_fc=1.697534e-03 train_decoder_tail=3.242430e-06
I 07.01/09:52:23 train_mapper.py:622 ] epoch=0143 train_loss=3.408693e-03 train_mse=3.389183e-03 train_cos=0.997366 train_nmse=-22.773dB train_rec=1.371121e-06 train_recT=8.235439e-07 train_fc=1.699086e-03 train_decoder_tail=3.243749e-06
I 07.01/09:53:11 train_mapper.py:622 ] epoch=0144 train_loss=3.378158e-03 train_mse=3.358845e-03 train_cos=0.997389 train_nmse=-22.812dB train_rec=1.363508e-06 train_recT=8.155010e-07 train_fc=1.681125e-03 train_decoder_tail=3.231561e-06
I 07.01/09:53:56 train_mapper.py:622 ] epoch=0145 train_loss=3.377573e-03 train_mse=3.358232e-03 train_cos=0.997391 train_nmse=-22.813dB train_rec=1.371185e-06 train_recT=8.236415e-07 train_fc=1.682251e-03 train_decoder_tail=3.240752e-06
I 07.01/09:54:46 train_mapper.py:622 ] epoch=0146 train_loss=3.363703e-03 train_mse=3.344446e-03 train_cos=0.997399 train_nmse=-22.831dB train_rec=1.363743e-06 train_recT=8.159733e-07 train_fc=1.675504e-03 train_decoder_tail=3.223769e-06
I 07.01/09:55:35 train_mapper.py:622 ] epoch=0147 train_loss=3.350031e-03 train_mse=3.330856e-03 train_cos=0.997409 train_nmse=-22.849dB train_rec=1.353364e-06 train_recT=8.062181e-07 train_fc=1.669537e-03 train_decoder_tail=3.201718e-06
I 07.01/09:56:21 train_mapper.py:622 ] epoch=0148 train_loss=3.337407e-03 train_mse=3.318299e-03 train_cos=0.997420 train_nmse=-22.865dB train_rec=1.354283e-06 train_recT=8.064755e-07 train_fc=1.662703e-03 train_decoder_tail=3.206625e-06
I 07.01/09:57:08 train_mapper.py:622 ] epoch=0149 train_loss=3.321583e-03 train_mse=3.302554e-03 train_cos=0.997433 train_nmse=-22.886dB train_rec=1.350405e-06 train_recT=8.025754e-07 train_fc=1.655604e-03 train_decoder_tail=3.201171e-06
I 07.01/09:57:49 train_mapper.py:622 ] epoch=0150 train_loss=3.304549e-03 train_mse=3.285638e-03 train_cos=0.997445 train_nmse=-22.908dB train_rec=1.344197e-06 train_recT=7.964369e-07 train_fc=1.645134e-03 train_decoder_tail=3.190963e-06
I 07.01/09:58:39 train_mapper.py:622 ] epoch=0151 train_loss=3.317709e-03 train_mse=3.298699e-03 train_cos=0.997437 train_nmse=-22.891dB train_rec=1.351944e-06 train_recT=8.041744e-07 train_fc=1.653366e-03 train_decoder_tail=3.202385e-06
I 07.01/09:59:26 train_mapper.py:622 ] epoch=0152 train_loss=3.280847e-03 train_mse=3.262068e-03 train_cos=0.997465 train_nmse=-22.939dB train_rec=1.341028e-06 train_recT=7.932075e-07 train_fc=1.632620e-03 train_decoder_tail=3.185420e-06
I 07.01/10:00:13 train_mapper.py:622 ] epoch=0153 train_loss=3.266873e-03 train_mse=3.248196e-03 train_cos=0.997473 train_nmse=-22.957dB train_rec=1.329049e-06 train_recT=7.812602e-07 train_fc=1.625138e-03 train_decoder_tail=3.158581e-06
I 07.01/10:00:58 train_mapper.py:622 ] epoch=0154 train_loss=3.264679e-03 train_mse=3.246011e-03 train_cos=0.997476 train_nmse=-22.961dB train_rec=1.332971e-06 train_recT=7.853054e-07 train_fc=1.623409e-03 train_decoder_tail=3.161938e-06
I 07.01/10:01:46 train_mapper.py:622 ] epoch=0155 train_loss=3.245576e-03 train_mse=3.227003e-03 train_cos=0.997491 train_nmse=-22.986dB train_rec=1.328944e-06 train_recT=7.809960e-07 train_fc=1.614783e-03 train_decoder_tail=3.157292e-06
I 07.01/10:02:32 train_mapper.py:622 ] epoch=0156 train_loss=3.255564e-03 train_mse=3.236916e-03 train_cos=0.997483 train_nmse=-22.973dB train_rec=1.335323e-06 train_recT=7.877740e-07 train_fc=1.620832e-03 train_decoder_tail=3.171185e-06
I 07.01/10:03:20 train_mapper.py:622 ] epoch=0157 train_loss=3.226212e-03 train_mse=3.207747e-03 train_cos=0.997506 train_nmse=-23.012dB train_rec=1.322357e-06 train_recT=7.748768e-07 train_fc=1.605318e-03 train_decoder_tail=3.147017e-06
I 07.01/10:04:13 train_mapper.py:622 ] epoch=0158 train_loss=3.212446e-03 train_mse=3.194055e-03 train_cos=0.997515 train_nmse=-23.031dB train_rec=1.320214e-06 train_recT=7.723014e-07 train_fc=1.598427e-03 train_decoder_tail=3.138219e-06
I 07.01/10:05:05 train_mapper.py:622 ] epoch=0159 train_loss=3.210923e-03 train_mse=3.192517e-03 train_cos=0.997517 train_nmse=-23.032dB train_rec=1.322871e-06 train_recT=7.752920e-07 train_fc=1.599449e-03 train_decoder_tail=3.139718e-06
I 07.01/10:05:48 train_mapper.py:622 ] epoch=0160 train_loss=3.184018e-03 train_mse=3.165796e-03 train_cos=0.997537 train_nmse=-23.069dB train_rec=1.310887e-06 train_recT=7.631176e-07 train_fc=1.583624e-03 train_decoder_tail=3.118485e-06
I 07.01/10:06:31 train_mapper.py:622 ] epoch=0161 train_loss=3.177462e-03 train_mse=3.159261e-03 train_cos=0.997543 train_nmse=-23.078dB train_rec=1.314625e-06 train_recT=7.665751e-07 train_fc=1.580787e-03 train_decoder_tail=3.123539e-06
I 07.01/10:07:14 train_mapper.py:622 ] epoch=0162 train_loss=3.171574e-03 train_mse=3.153421e-03 train_cos=0.997549 train_nmse=-23.086dB train_rec=1.308214e-06 train_recT=7.608108e-07 train_fc=1.577070e-03 train_decoder_tail=3.123713e-06
I 07.01/10:07:57 train_mapper.py:622 ] epoch=0163 train_loss=3.167215e-03 train_mse=3.149047e-03 train_cos=0.997552 train_nmse=-23.092dB train_rec=1.309093e-06 train_recT=7.612176e-07 train_fc=1.578621e-03 train_decoder_tail=3.116353e-06
I 07.01/10:08:44 train_mapper.py:622 ] epoch=0164 train_loss=3.169028e-03 train_mse=3.150859e-03 train_cos=0.997551 train_nmse=-23.090dB train_rec=1.312280e-06 train_recT=7.642460e-07 train_fc=1.577942e-03 train_decoder_tail=3.131841e-06
I 07.01/10:09:31 train_mapper.py:622 ] epoch=0165 train_loss=3.157054e-03 train_mse=3.138962e-03 train_cos=0.997561 train_nmse=-23.106dB train_rec=1.311390e-06 train_recT=7.633728e-07 train_fc=1.570470e-03 train_decoder_tail=3.124928e-06
I 07.01/10:10:17 train_mapper.py:622 ] epoch=0166 train_loss=3.127703e-03 train_mse=3.109805e-03 train_cos=0.997584 train_nmse=-23.147dB train_rec=1.298833e-06 train_recT=7.510925e-07 train_fc=1.553750e-03 train_decoder_tail=3.098061e-06
I 07.01/10:10:58 train_mapper.py:622 ] epoch=0167 train_loss=3.112858e-03 train_mse=3.095042e-03 train_cos=0.997592 train_nmse=-23.167dB train_rec=1.295063e-06 train_recT=7.470271e-07 train_fc=1.546598e-03 train_decoder_tail=3.086277e-06
I 07.01/10:11:45 train_mapper.py:622 ] epoch=0168 train_loss=3.103570e-03 train_mse=3.085795e-03 train_cos=0.997599 train_nmse=-23.180dB train_rec=1.291844e-06 train_recT=7.440669e-07 train_fc=1.543144e-03 train_decoder_tail=3.079234e-06
I 07.01/10:12:31 train_mapper.py:622 ] epoch=0169 train_loss=3.086075e-03 train_mse=3.068397e-03 train_cos=0.997615 train_nmse=-23.205dB train_rec=1.291520e-06 train_recT=7.434499e-07 train_fc=1.533466e-03 train_decoder_tail=3.080390e-06
I 07.01/10:13:17 train_mapper.py:622 ] epoch=0170 train_loss=3.085075e-03 train_mse=3.067403e-03 train_cos=0.997614 train_nmse=-23.207dB train_rec=1.288359e-06 train_recT=7.403459e-07 train_fc=1.533696e-03 train_decoder_tail=3.070208e-06
I 07.01/10:14:01 train_mapper.py:622 ] epoch=0171 train_loss=3.077214e-03 train_mse=3.059587e-03 train_cos=0.997620 train_nmse=-23.217dB train_rec=1.284153e-06 train_recT=7.364057e-07 train_fc=1.530044e-03 train_decoder_tail=3.064002e-06
I 07.01/10:14:45 train_mapper.py:622 ] epoch=0172 train_loss=3.071480e-03 train_mse=3.053875e-03 train_cos=0.997625 train_nmse=-23.225dB train_rec=1.281615e-06 train_recT=7.336800e-07 train_fc=1.528390e-03 train_decoder_tail=3.057659e-06
I 07.01/10:15:34 train_mapper.py:622 ] epoch=0173 train_loss=3.069503e-03 train_mse=3.051903e-03 train_cos=0.997628 train_nmse=-23.228dB train_rec=1.283867e-06 train_recT=7.360977e-07 train_fc=1.527391e-03 train_decoder_tail=3.062085e-06
I 07.01/10:16:24 train_mapper.py:622 ] epoch=0174 train_loss=3.053092e-03 train_mse=3.035572e-03 train_cos=0.997641 train_nmse=-23.252dB train_rec=1.281208e-06 train_recT=7.332564e-07 train_fc=1.519956e-03 train_decoder_tail=3.061118e-06
I 07.01/10:17:13 train_mapper.py:622 ] epoch=0175 train_loss=3.051783e-03 train_mse=3.034275e-03 train_cos=0.997642 train_nmse=-23.254dB train_rec=1.282147e-06 train_recT=7.342741e-07 train_fc=1.518461e-03 train_decoder_tail=3.064007e-06
I 07.01/10:18:03 train_mapper.py:622 ] epoch=0176 train_loss=3.042200e-03 train_mse=3.024741e-03 train_cos=0.997650 train_nmse=-23.267dB train_rec=1.285590e-06 train_recT=7.375119e-07 train_fc=1.512832e-03 train_decoder_tail=3.072216e-06
I 07.01/10:18:51 train_mapper.py:622 ] epoch=0177 train_loss=3.028178e-03 train_mse=3.010809e-03 train_cos=0.997663 train_nmse=-23.287dB train_rec=1.282987e-06 train_recT=7.351883e-07 train_fc=1.504428e-03 train_decoder_tail=3.066138e-06
I 07.01/10:19:43 train_mapper.py:622 ] epoch=0178 train_loss=3.004328e-03 train_mse=2.987124e-03 train_cos=0.997679 train_nmse=-23.321dB train_rec=1.267563e-06 train_recT=7.198319e-07 train_fc=1.491210e-03 train_decoder_tail=3.040921e-06
I 07.01/10:20:33 train_mapper.py:622 ] epoch=0179 train_loss=3.001704e-03 train_mse=2.984492e-03 train_cos=0.997678 train_nmse=-23.325dB train_rec=1.269030e-06 train_recT=7.210249e-07 train_fc=1.491943e-03 train_decoder_tail=3.030083e-06
I 07.01/10:21:27 train_mapper.py:622 ] epoch=0180 train_loss=2.994607e-03 train_mse=2.977410e-03 train_cos=0.997684 train_nmse=-23.336dB train_rec=1.268104e-06 train_recT=7.205040e-07 train_fc=1.490502e-03 train_decoder_tail=3.029161e-06
I 07.01/10:22:18 train_mapper.py:622 ] epoch=0181 train_loss=2.978586e-03 train_mse=2.961510e-03 train_cos=0.997697 train_nmse=-23.359dB train_rec=1.262751e-06 train_recT=7.145203e-07 train_fc=1.479585e-03 train_decoder_tail=3.023302e-06
I 07.01/10:23:09 train_mapper.py:622 ] epoch=0182 train_loss=2.974404e-03 train_mse=2.957345e-03 train_cos=0.997699 train_nmse=-23.365dB train_rec=1.258029e-06 train_recT=7.099127e-07 train_fc=1.479001e-03 train_decoder_tail=3.012325e-06
I 07.01/10:23:54 train_mapper.py:622 ] epoch=0183 train_loss=2.957915e-03 train_mse=2.940946e-03 train_cos=0.997714 train_nmse=-23.389dB train_rec=1.254018e-06 train_recT=7.060235e-07 train_fc=1.470945e-03 train_decoder_tail=3.003160e-06
I 07.01/10:24:44 train_mapper.py:622 ] epoch=0184 train_loss=2.955356e-03 train_mse=2.938376e-03 train_cos=0.997715 train_nmse=-23.393dB train_rec=1.258385e-06 train_recT=7.104797e-07 train_fc=1.471018e-03 train_decoder_tail=3.012093e-06
I 07.01/10:25:32 train_mapper.py:622 ] epoch=0185 train_loss=2.951979e-03 train_mse=2.935042e-03 train_cos=0.997719 train_nmse=-23.398dB train_rec=1.254090e-06 train_recT=7.061677e-07 train_fc=1.467572e-03 train_decoder_tail=3.006223e-06
I 07.01/10:26:21 train_mapper.py:622 ] epoch=0186 train_loss=2.949468e-03 train_mse=2.932549e-03 train_cos=0.997720 train_nmse=-23.402dB train_rec=1.254255e-06 train_recT=7.059822e-07 train_fc=1.465776e-03 train_decoder_tail=3.006482e-06
I 07.01/10:27:12 train_mapper.py:622 ] epoch=0187 train_loss=2.926979e-03 train_mse=2.910197e-03 train_cos=0.997737 train_nmse=-23.435dB train_rec=1.244589e-06 train_recT=6.964641e-07 train_fc=1.454194e-03 train_decoder_tail=2.987168e-06
I 07.01/10:27:59 train_mapper.py:622 ] epoch=0188 train_loss=2.924421e-03 train_mse=2.907643e-03 train_cos=0.997741 train_nmse=-23.439dB train_rec=1.248431e-06 train_recT=7.002031e-07 train_fc=1.453026e-03 train_decoder_tail=2.993265e-06
I 07.01/10:28:52 train_mapper.py:622 ] epoch=0189 train_loss=2.924617e-03 train_mse=2.907819e-03 train_cos=0.997740 train_nmse=-23.438dB train_rec=1.249832e-06 train_recT=7.016937e-07 train_fc=1.454657e-03 train_decoder_tail=2.997099e-06
I 07.01/10:29:41 train_mapper.py:622 ] epoch=0190 train_loss=2.925595e-03 train_mse=2.908769e-03 train_cos=0.997740 train_nmse=-23.437dB train_rec=1.254722e-06 train_recT=7.066364e-07 train_fc=1.456373e-03 train_decoder_tail=3.008053e-06
I 07.01/10:30:30 train_mapper.py:622 ] epoch=0191 train_loss=2.896212e-03 train_mse=2.879592e-03 train_cos=0.997763 train_nmse=-23.481dB train_rec=1.242402e-06 train_recT=6.943735e-07 train_fc=1.438461e-03 train_decoder_tail=2.985387e-06
I 07.01/10:31:20 train_mapper.py:622 ] epoch=0192 train_loss=2.882294e-03 train_mse=2.865749e-03 train_cos=0.997772 train_nmse=-23.502dB train_rec=1.235734e-06 train_recT=6.873558e-07 train_fc=1.432506e-03 train_decoder_tail=2.968406e-06
I 07.01/10:32:08 train_mapper.py:622 ] epoch=0193 train_loss=2.870357e-03 train_mse=2.853876e-03 train_cos=0.997781 train_nmse=-23.520dB train_rec=1.233184e-06 train_recT=6.855449e-07 train_fc=1.426617e-03 train_decoder_tail=2.959904e-06
I 07.01/10:32:52 train_mapper.py:622 ] epoch=0194 train_loss=2.882622e-03 train_mse=2.866040e-03 train_cos=0.997770 train_nmse=-23.501dB train_rec=1.242401e-06 train_recT=6.944372e-07 train_fc=1.434788e-03 train_decoder_tail=2.971672e-06
I 07.01/10:33:40 train_mapper.py:622 ] epoch=0195 train_loss=2.868418e-03 train_mse=2.851952e-03 train_cos=0.997784 train_nmse=-23.523dB train_rec=1.232796e-06 train_recT=6.849595e-07 train_fc=1.425209e-03 train_decoder_tail=2.961482e-06
I 07.01/10:34:30 train_mapper.py:622 ] epoch=0196 train_loss=2.851821e-03 train_mse=2.835422e-03 train_cos=0.997797 train_nmse=-23.548dB train_rec=1.233674e-06 train_recT=6.851684e-07 train_fc=1.418466e-03 train_decoder_tail=2.963902e-06
I 07.01/10:35:20 train_mapper.py:622 ] epoch=0197 train_loss=2.846272e-03 train_mse=2.829914e-03 train_cos=0.997800 train_nmse=-23.556dB train_rec=1.229795e-06 train_recT=6.820918e-07 train_fc=1.415103e-03 train_decoder_tail=2.952848e-06
I 07.01/10:36:08 train_mapper.py:622 ] epoch=0198 train_loss=2.846648e-03 train_mse=2.830294e-03 train_cos=0.997800 train_nmse=-23.556dB train_rec=1.227509e-06 train_recT=6.790303e-07 train_fc=1.415170e-03 train_decoder_tail=2.957929e-06
I 07.01/10:36:48 train_mapper.py:622 ] epoch=0199 train_loss=2.839294e-03 train_mse=2.822989e-03 train_cos=0.997806 train_nmse=-23.567dB train_rec=1.226552e-06 train_recT=6.784862e-07 train_fc=1.410528e-03 train_decoder_tail=2.949375e-06
I 07.01/10:37:40 train_mapper.py:622 ] epoch=0200 train_loss=2.822669e-03 train_mse=2.806454e-03 train_cos=0.997821 train_nmse=-23.592dB train_rec=1.221137e-06 train_recT=6.727988e-07 train_fc=1.402634e-03 train_decoder_tail=2.948319e-06
I 07.01/10:38:35 train_mapper.py:622 ] epoch=0201 train_loss=2.828378e-03 train_mse=2.812130e-03 train_cos=0.997814 train_nmse=-23.584dB train_rec=1.224471e-06 train_recT=6.764745e-07 train_fc=1.405293e-03 train_decoder_tail=2.947429e-06
I 07.01/10:39:30 train_mapper.py:622 ] epoch=0202 train_loss=2.816408e-03 train_mse=2.800223e-03 train_cos=0.997825 train_nmse=-23.602dB train_rec=1.222629e-06 train_recT=6.744590e-07 train_fc=1.399340e-03 train_decoder_tail=2.949766e-06
I 07.01/10:40:25 train_mapper.py:622 ] epoch=0203 train_loss=2.813311e-03 train_mse=2.797123e-03 train_cos=0.997826 train_nmse=-23.607dB train_rec=1.220830e-06 train_recT=6.725169e-07 train_fc=1.400105e-03 train_decoder_tail=2.938168e-06
I 07.01/10:41:16 train_mapper.py:622 ] epoch=0204 train_loss=2.802904e-03 train_mse=2.786777e-03 train_cos=0.997835 train_nmse=-23.623dB train_rec=1.217976e-06 train_recT=6.699348e-07 train_fc=1.394489e-03 train_decoder_tail=2.937919e-06
I 07.01/10:42:05 train_mapper.py:622 ] epoch=0205 train_loss=2.797669e-03 train_mse=2.781586e-03 train_cos=0.997838 train_nmse=-23.631dB train_rec=1.217523e-06 train_recT=6.691917e-07 train_fc=1.390341e-03 train_decoder_tail=2.930234e-06
I 07.01/10:42:56 train_mapper.py:622 ] epoch=0206 train_loss=2.772914e-03 train_mse=2.756976e-03 train_cos=0.997858 train_nmse=-23.670dB train_rec=1.210134e-06 train_recT=6.617910e-07 train_fc=1.377425e-03 train_decoder_tail=2.921204e-06
I 07.01/10:43:46 train_mapper.py:622 ] epoch=0207 train_loss=2.770428e-03 train_mse=2.754514e-03 train_cos=0.997860 train_nmse=-23.674dB train_rec=1.208109e-06 train_recT=6.595817e-07 train_fc=1.375474e-03 train_decoder_tail=2.916865e-06
I 07.01/10:44:39 train_mapper.py:622 ] epoch=0208 train_loss=2.772038e-03 train_mse=2.756061e-03 train_cos=0.997858 train_nmse=-23.671dB train_rec=1.216435e-06 train_recT=6.682256e-07 train_fc=1.380029e-03 train_decoder_tail=2.926331e-06
I 07.01/10:45:43 train_mapper.py:622 ] epoch=0209 train_loss=2.773217e-03 train_mse=2.757255e-03 train_cos=0.997860 train_nmse=-23.669dB train_rec=1.216082e-06 train_recT=6.677457e-07 train_fc=1.378583e-03 train_decoder_tail=2.928781e-06
I 07.01/10:46:53 train_mapper.py:622 ] epoch=0210 train_loss=2.751480e-03 train_mse=2.735652e-03 train_cos=0.997875 train_nmse=-23.703dB train_rec=1.205549e-06 train_recT=6.576716e-07 train_fc=1.367322e-03 train_decoder_tail=2.911185e-06
I 07.01/10:47:50 train_mapper.py:622 ] epoch=0211 train_loss=2.730819e-03 train_mse=2.715128e-03 train_cos=0.997891 train_nmse=-23.736dB train_rec=1.197339e-06 train_recT=6.490772e-07 train_fc=1.355604e-03 train_decoder_tail=2.893231e-06
I 07.01/10:48:43 train_mapper.py:622 ] epoch=0212 train_loss=2.731348e-03 train_mse=2.715644e-03 train_cos=0.997888 train_nmse=-23.736dB train_rec=1.197063e-06 train_recT=6.486355e-07 train_fc=1.356900e-03 train_decoder_tail=2.893206e-06
I 07.01/10:49:37 train_mapper.py:622 ] epoch=0213 train_loss=2.737653e-03 train_mse=2.721874e-03 train_cos=0.997886 train_nmse=-23.725dB train_rec=1.205518e-06 train_recT=6.571865e-07 train_fc=1.362504e-03 train_decoder_tail=2.906781e-06
I 07.01/10:50:28 train_mapper.py:622 ] epoch=0214 train_loss=2.729648e-03 train_mse=2.713941e-03 train_cos=0.997892 train_nmse=-23.738dB train_rec=1.198707e-06 train_recT=6.504043e-07 train_fc=1.356779e-03 train_decoder_tail=2.900451e-06
I 07.01/10:51:24 train_mapper.py:622 ] epoch=0215 train_loss=2.727842e-03 train_mse=2.712119e-03 train_cos=0.997893 train_nmse=-23.741dB train_rec=1.198840e-06 train_recT=6.507522e-07 train_fc=1.358358e-03 train_decoder_tail=2.896772e-06
I 07.01/10:52:11 train_mapper.py:622 ] epoch=0216 train_loss=2.720447e-03 train_mse=2.704768e-03 train_cos=0.997900 train_nmse=-23.753dB train_rec=1.199704e-06 train_recT=6.514790e-07 train_fc=1.353819e-03 train_decoder_tail=2.901574e-06
I 07.01/10:52:56 train_mapper.py:622 ] epoch=0217 train_loss=2.702579e-03 train_mse=2.687010e-03 train_cos=0.997915 train_nmse=-23.781dB train_rec=1.195526e-06 train_recT=6.473834e-07 train_fc=1.343712e-03 train_decoder_tail=2.893463e-06
I 07.01/10:53:36 train_mapper.py:622 ] epoch=0218 train_loss=2.700523e-03 train_mse=2.684954e-03 train_cos=0.997915 train_nmse=-23.785dB train_rec=1.194903e-06 train_recT=6.466383e-07 train_fc=1.343865e-03 train_decoder_tail=2.890383e-06
I 07.01/10:54:25 train_mapper.py:622 ] epoch=0219 train_loss=2.684528e-03 train_mse=2.669078e-03 train_cos=0.997929 train_nmse=-23.810dB train_rec=1.187042e-06 train_recT=6.388146e-07 train_fc=1.333546e-03 train_decoder_tail=2.879902e-06
I 07.01/10:55:12 train_mapper.py:622 ] epoch=0220 train_loss=2.675159e-03 train_mse=2.659762e-03 train_cos=0.997933 train_nmse=-23.826dB train_rec=1.183143e-06 train_recT=6.349073e-07 train_fc=1.329149e-03 train_decoder_tail=2.867504e-06
I 07.01/10:55:56 train_mapper.py:622 ] epoch=0221 train_loss=2.678419e-03 train_mse=2.662982e-03 train_cos=0.997930 train_nmse=-23.821dB train_rec=1.184751e-06 train_recT=6.362159e-07 train_fc=1.332948e-03 train_decoder_tail=2.868228e-06
I 07.01/10:56:44 train_mapper.py:622 ] epoch=0222 train_loss=2.669923e-03 train_mse=2.654530e-03 train_cos=0.997939 train_nmse=-23.834dB train_rec=1.185765e-06 train_recT=6.375429e-07 train_fc=1.328229e-03 train_decoder_tail=2.871557e-06
I 07.01/10:57:32 train_mapper.py:622 ] epoch=0223 train_loss=2.679454e-03 train_mse=2.663990e-03 train_cos=0.997929 train_nmse=-23.819dB train_rec=1.187663e-06 train_recT=6.393244e-07 train_fc=1.334992e-03 train_decoder_tail=2.869645e-06
I 07.01/10:58:17 train_mapper.py:622 ] epoch=0224 train_loss=2.657057e-03 train_mse=2.641726e-03 train_cos=0.997949 train_nmse=-23.855dB train_rec=1.181729e-06 train_recT=6.337902e-07 train_fc=1.322982e-03 train_decoder_tail=2.859311e-06
I 07.01/10:59:06 train_mapper.py:622 ] epoch=0225 train_loss=2.646566e-03 train_mse=2.631329e-03 train_cos=0.997956 train_nmse=-23.872dB train_rec=1.174069e-06 train_recT=6.260105e-07 train_fc=1.315222e-03 train_decoder_tail=2.850110e-06
I 07.01/10:59:47 train_mapper.py:622 ] epoch=0226 train_loss=2.638765e-03 train_mse=2.623544e-03 train_cos=0.997961 train_nmse=-23.885dB train_rec=1.175798e-06 train_recT=6.270848e-07 train_fc=1.313426e-03 train_decoder_tail=2.847909e-06
I 07.01/11:00:46 train_mapper.py:622 ] epoch=0227 train_loss=2.636166e-03 train_mse=2.620965e-03 train_cos=0.997965 train_nmse=-23.889dB train_rec=1.175929e-06 train_recT=6.277392e-07 train_fc=1.311197e-03 train_decoder_tail=2.849045e-06
I 07.01/11:01:32 train_mapper.py:622 ] epoch=0228 train_loss=2.642978e-03 train_mse=2.627731e-03 train_cos=0.997959 train_nmse=-23.878dB train_rec=1.179500e-06 train_recT=6.311247e-07 train_fc=1.315051e-03 train_decoder_tail=2.858352e-06
I 07.01/11:02:15 train_mapper.py:622 ] epoch=0229 train_loss=2.629217e-03 train_mse=2.614054e-03 train_cos=0.997970 train_nmse=-23.901dB train_rec=1.174436e-06 train_recT=6.264061e-07 train_fc=1.307649e-03 train_decoder_tail=2.850806e-06
I 07.01/11:02:57 train_mapper.py:622 ] epoch=0230 train_loss=2.629131e-03 train_mse=2.613939e-03 train_cos=0.997970 train_nmse=-23.901dB train_rec=1.177634e-06 train_recT=6.291054e-07 train_fc=1.310004e-03 train_decoder_tail=2.856269e-06
I 07.01/11:03:39 train_mapper.py:622 ] epoch=0231 train_loss=2.608990e-03 train_mse=2.593939e-03 train_cos=0.997986 train_nmse=-23.934dB train_rec=1.169806e-06 train_recT=6.216799e-07 train_fc=1.297590e-03 train_decoder_tail=2.842497e-06
I 07.01/11:04:25 train_mapper.py:622 ] epoch=0232 train_loss=2.600884e-03 train_mse=2.585878e-03 train_cos=0.997992 train_nmse=-23.948dB train_rec=1.168529e-06 train_recT=6.200580e-07 train_fc=1.293352e-03 train_decoder_tail=2.836327e-06
I 07.01/11:05:09 train_mapper.py:622 ] epoch=0233 train_loss=2.608248e-03 train_mse=2.593181e-03 train_cos=0.997985 train_nmse=-23.936dB train_rec=1.171955e-06 train_recT=6.238935e-07 train_fc=1.298602e-03 train_decoder_tail=2.842631e-06
I 07.01/11:05:54 train_mapper.py:622 ] epoch=0234 train_loss=2.586261e-03 train_mse=2.571331e-03 train_cos=0.998004 train_nmse=-23.972dB train_rec=1.163290e-06 train_recT=6.143359e-07 train_fc=1.286953e-03 train_decoder_tail=2.832549e-06
I 07.01/11:06:41 train_mapper.py:622 ] epoch=0235 train_loss=2.597843e-03 train_mse=2.582814e-03 train_cos=0.997995 train_nmse=-23.953dB train_rec=1.170277e-06 train_recT=6.223528e-07 train_fc=1.295202e-03 train_decoder_tail=2.836468e-06
I 07.01/11:07:29 train_mapper.py:622 ] epoch=0236 train_loss=2.581399e-03 train_mse=2.566484e-03 train_cos=0.998009 train_nmse=-23.981dB train_rec=1.163595e-06 train_recT=6.148270e-07 train_fc=1.285288e-03 train_decoder_tail=2.833061e-06
I 07.01/11:08:18 train_mapper.py:622 ] epoch=0237 train_loss=2.579197e-03 train_mse=2.564285e-03 train_cos=0.998009 train_nmse=-23.984dB train_rec=1.163638e-06 train_recT=6.156878e-07 train_fc=1.284997e-03 train_decoder_tail=2.831194e-06
I 07.01/11:09:06 train_mapper.py:622 ] epoch=0238 train_loss=2.570509e-03 train_mse=2.555643e-03 train_cos=0.998016 train_nmse=-23.999dB train_rec=1.164512e-06 train_recT=6.158311e-07 train_fc=1.280267e-03 train_decoder_tail=2.829006e-06
I 07.01/11:09:50 train_mapper.py:622 ] epoch=0239 train_loss=2.562584e-03 train_mse=2.547775e-03 train_cos=0.998023 train_nmse=-24.012dB train_rec=1.159131e-06 train_recT=6.109790e-07 train_fc=1.275731e-03 train_decoder_tail=2.819632e-06
I 07.01/11:10:39 train_mapper.py:622 ] epoch=0240 train_loss=2.551877e-03 train_mse=2.537123e-03 train_cos=0.998030 train_nmse=-24.031dB train_rec=1.153991e-06 train_recT=6.054769e-07 train_fc=1.271320e-03 train_decoder_tail=2.809904e-06
I 07.01/11:11:27 train_mapper.py:622 ] epoch=0241 train_loss=2.552198e-03 train_mse=2.537437e-03 train_cos=0.998030 train_nmse=-24.030dB train_rec=1.156476e-06 train_recT=6.084695e-07 train_fc=1.271471e-03 train_decoder_tail=2.811504e-06
I 07.01/11:12:07 train_mapper.py:622 ] epoch=0242 train_loss=2.539103e-03 train_mse=2.524423e-03 train_cos=0.998040 train_nmse=-24.052dB train_rec=1.151770e-06 train_recT=6.030452e-07 train_fc=1.264492e-03 train_decoder_tail=2.805694e-06
I 07.01/11:12:57 train_mapper.py:622 ] epoch=0243 train_loss=2.545626e-03 train_mse=2.530902e-03 train_cos=0.998034 train_nmse=-24.041dB train_rec=1.155184e-06 train_recT=6.070911e-07 train_fc=1.268057e-03 train_decoder_tail=2.804018e-06
I 07.01/11:13:46 train_mapper.py:622 ] epoch=0244 train_loss=2.531959e-03 train_mse=2.517325e-03 train_cos=0.998046 train_nmse=-24.065dB train_rec=1.148036e-06 train_recT=5.992245e-07 train_fc=1.260645e-03 train_decoder_tail=2.800896e-06
I 07.01/11:14:34 train_mapper.py:622 ] epoch=0245 train_loss=2.525215e-03 train_mse=2.510619e-03 train_cos=0.998050 train_nmse=-24.076dB train_rec=1.145724e-06 train_recT=5.975530e-07 train_fc=1.257424e-03 train_decoder_tail=2.792180e-06
I 07.01/11:15:23 train_mapper.py:622 ] epoch=0246 train_loss=2.517997e-03 train_mse=2.503418e-03 train_cos=0.998056 train_nmse=-24.089dB train_rec=1.145593e-06 train_recT=5.969243e-07 train_fc=1.255759e-03 train_decoder_tail=2.791468e-06
I 07.01/11:16:19 train_mapper.py:622 ] epoch=0247 train_loss=2.517616e-03 train_mse=2.503048e-03 train_cos=0.998056 train_nmse=-24.089dB train_rec=1.146761e-06 train_recT=5.987246e-07 train_fc=1.254373e-03 train_decoder_tail=2.791725e-06
I 07.01/11:17:00 train_mapper.py:622 ] epoch=0248 train_loss=2.517745e-03 train_mse=2.503180e-03 train_cos=0.998057 train_nmse=-24.089dB train_rec=1.146852e-06 train_recT=5.983159e-07 train_fc=1.254034e-03 train_decoder_tail=2.795875e-06
I 07.01/11:17:48 train_mapper.py:622 ] epoch=0249 train_loss=2.506991e-03 train_mse=2.492483e-03 train_cos=0.998067 train_nmse=-24.108dB train_rec=1.144615e-06 train_recT=5.961242e-07 train_fc=1.248823e-03 train_decoder_tail=2.794401e-06
I 07.01/11:18:30 train_mapper.py:622 ] epoch=0250 train_loss=2.518260e-03 train_mse=2.503679e-03 train_cos=0.998056 train_nmse=-24.088dB train_rec=1.147728e-06 train_recT=5.995762e-07 train_fc=1.255340e-03 train_decoder_tail=2.799356e-06
I 07.01/11:19:25 train_mapper.py:622 ] epoch=0251 train_loss=2.499905e-03 train_mse=2.485423e-03 train_cos=0.998071 train_nmse=-24.120dB train_rec=1.141904e-06 train_recT=5.933994e-07 train_fc=1.246702e-03 train_decoder_tail=2.788939e-06
I 07.01/11:20:18 train_mapper.py:622 ] epoch=0252 train_loss=2.482872e-03 train_mse=2.468489e-03 train_cos=0.998086 train_nmse=-24.150dB train_rec=1.139937e-06 train_recT=5.916996e-07 train_fc=1.237365e-03 train_decoder_tail=2.784973e-06
I 07.01/11:21:18 train_mapper.py:622 ] epoch=0253 train_loss=2.485113e-03 train_mse=2.470735e-03 train_cos=0.998082 train_nmse=-24.146dB train_rec=1.139000e-06 train_recT=5.905637e-07 train_fc=1.237120e-03 train_decoder_tail=2.776869e-06
I 07.01/11:21:47 train_mapper.py:622 ] epoch=0254 train_loss=2.465029e-03 train_mse=2.450757e-03 train_cos=0.998099 train_nmse=-24.181dB train_rec=1.132062e-06 train_recT=5.836591e-07 train_fc=1.227913e-03 train_decoder_tail=2.771322e-06
I 07.01/11:22:24 train_mapper.py:622 ] epoch=0255 train_loss=2.483760e-03 train_mse=2.469368e-03 train_cos=0.998084 train_nmse=-24.148dB train_rec=1.140860e-06 train_recT=5.924180e-07 train_fc=1.238060e-03 train_decoder_tail=2.784155e-06
I 07.01/11:23:04 train_mapper.py:622 ] epoch=0256 train_loss=2.477984e-03 train_mse=2.463619e-03 train_cos=0.998089 train_nmse=-24.158dB train_rec=1.138434e-06 train_recT=5.901483e-07 train_fc=1.235874e-03 train_decoder_tail=2.781453e-06
I 07.01/11:23:41 train_mapper.py:622 ] epoch=0257 train_loss=2.463157e-03 train_mse=2.448886e-03 train_cos=0.998100 train_nmse=-24.184dB train_rec=1.132429e-06 train_recT=5.839382e-07 train_fc=1.227797e-03 train_decoder_tail=2.769147e-06
I 07.01/11:24:34 train_mapper.py:622 ] epoch=0258 train_loss=2.455561e-03 train_mse=2.441333e-03 train_cos=0.998104 train_nmse=-24.198dB train_rec=1.127904e-06 train_recT=5.796971e-07 train_fc=1.224540e-03 train_decoder_tail=2.755305e-06
I 07.01/11:25:22 train_mapper.py:622 ] epoch=0259 train_loss=2.452798e-03 train_mse=2.438562e-03 train_cos=0.998108 train_nmse=-24.203dB train_rec=1.131235e-06 train_recT=5.828397e-07 train_fc=1.224560e-03 train_decoder_tail=2.761453e-06
I 07.01/11:26:01 train_mapper.py:622 ] epoch=0260 train_loss=2.438323e-03 train_mse=2.424197e-03 train_cos=0.998119 train_nmse=-24.228dB train_rec=1.124628e-06 train_recT=5.761335e-07 train_fc=1.215040e-03 train_decoder_tail=2.749932e-06
I 07.01/11:26:44 train_mapper.py:622 ] epoch=0261 train_loss=2.441986e-03 train_mse=2.427837e-03 train_cos=0.998115 train_nmse=-24.222dB train_rec=1.127174e-06 train_recT=5.784295e-07 train_fc=1.216832e-03 train_decoder_tail=2.752371e-06
I 07.01/11:27:22 train_mapper.py:622 ] epoch=0262 train_loss=2.431169e-03 train_mse=2.417072e-03 train_cos=0.998124 train_nmse=-24.241dB train_rec=1.123922e-06 train_recT=5.757485e-07 train_fc=1.212256e-03 train_decoder_tail=2.746357e-06
I 07.01/11:27:58 train_mapper.py:622 ] epoch=0263 train_loss=2.435597e-03 train_mse=2.421470e-03 train_cos=0.998120 train_nmse=-24.233dB train_rec=1.123624e-06 train_recT=5.752321e-07 train_fc=1.215395e-03 train_decoder_tail=2.749524e-06
I 07.01/11:28:39 train_mapper.py:622 ] epoch=0264 train_loss=2.431837e-03 train_mse=2.417706e-03 train_cos=0.998123 train_nmse=-24.240dB train_rec=1.127909e-06 train_recT=5.795548e-07 train_fc=1.214878e-03 train_decoder_tail=2.754026e-06
I 07.01/11:29:20 train_mapper.py:622 ] epoch=0265 train_loss=2.421159e-03 train_mse=2.407104e-03 train_cos=0.998134 train_nmse=-24.259dB train_rec=1.123291e-06 train_recT=5.744799e-07 train_fc=1.208135e-03 train_decoder_tail=2.754998e-06
I 07.01/11:29:58 train_mapper.py:622 ] epoch=0266 train_loss=2.417790e-03 train_mse=2.403771e-03 train_cos=0.998135 train_nmse=-24.265dB train_rec=1.118874e-06 train_recT=5.708643e-07 train_fc=1.205476e-03 train_decoder_tail=2.743212e-06
I 07.01/11:30:39 train_mapper.py:622 ] epoch=0267 train_loss=2.414881e-03 train_mse=2.400865e-03 train_cos=0.998137 train_nmse=-24.270dB train_rec=1.122672e-06 train_recT=5.744309e-07 train_fc=1.204442e-03 train_decoder_tail=2.743411e-06
I 07.01/11:31:19 train_mapper.py:622 ] epoch=0268 train_loss=2.396852e-03 train_mse=2.382949e-03 train_cos=0.998151 train_nmse=-24.303dB train_rec=1.114797e-06 train_recT=5.661969e-07 train_fc=1.194858e-03 train_decoder_tail=2.731291e-06
I 07.01/11:31:57 train_mapper.py:622 ] epoch=0269 train_loss=2.404707e-03 train_mse=2.390742e-03 train_cos=0.998144 train_nmse=-24.289dB train_rec=1.120631e-06 train_recT=5.720735e-07 train_fc=1.199785e-03 train_decoder_tail=2.739696e-06
I 07.01/11:32:34 train_mapper.py:622 ] epoch=0270 train_loss=2.396286e-03 train_mse=2.382362e-03 train_cos=0.998152 train_nmse=-24.304dB train_rec=1.116896e-06 train_recT=5.684743e-07 train_fc=1.196512e-03 train_decoder_tail=2.733818e-06
I 07.01/11:33:14 train_mapper.py:622 ] epoch=0271 train_loss=2.406082e-03 train_mse=2.392122e-03 train_cos=0.998144 train_nmse=-24.286dB train_rec=1.116915e-06 train_recT=5.682991e-07 train_fc=1.200033e-03 train_decoder_tail=2.738829e-06
I 07.01/11:33:42 train_mapper.py:622 ] epoch=0272 train_loss=2.391555e-03 train_mse=2.377652e-03 train_cos=0.998157 train_nmse=-24.313dB train_rec=1.116086e-06 train_recT=5.675151e-07 train_fc=1.194603e-03 train_decoder_tail=2.738446e-06
I 07.01/11:34:19 train_mapper.py:622 ] epoch=0273 train_loss=2.389645e-03 train_mse=2.375751e-03 train_cos=0.998157 train_nmse=-24.316dB train_rec=1.114727e-06 train_recT=5.662456e-07 train_fc=1.193953e-03 train_decoder_tail=2.732989e-06
I 07.01/11:34:57 train_mapper.py:622 ] epoch=0274 train_loss=2.377345e-03 train_mse=2.363532e-03 train_cos=0.998167 train_nmse=-24.338dB train_rec=1.110914e-06 train_recT=5.624140e-07 train_fc=1.186732e-03 train_decoder_tail=2.725134e-06
I 07.01/11:35:38 train_mapper.py:622 ] epoch=0275 train_loss=2.376387e-03 train_mse=2.362587e-03 train_cos=0.998166 train_nmse=-24.340dB train_rec=1.110414e-06 train_recT=5.615822e-07 train_fc=1.185558e-03 train_decoder_tail=2.724760e-06
I 07.01/11:36:18 train_mapper.py:622 ] epoch=0276 train_loss=2.370335e-03 train_mse=2.356562e-03 train_cos=0.998171 train_nmse=-24.351dB train_rec=1.109554e-06 train_recT=5.609942e-07 train_fc=1.182973e-03 train_decoder_tail=2.718507e-06
I 07.01/11:36:57 train_mapper.py:622 ] epoch=0277 train_loss=2.358158e-03 train_mse=2.344467e-03 train_cos=0.998181 train_nmse=-24.374dB train_rec=1.105641e-06 train_recT=5.573543e-07 train_fc=1.175657e-03 train_decoder_tail=2.714723e-06
I 07.01/11:37:37 train_mapper.py:622 ] epoch=0278 train_loss=2.354530e-03 train_mse=2.340837e-03 train_cos=0.998185 train_nmse=-24.380dB train_rec=1.104715e-06 train_recT=5.562346e-07 train_fc=1.176151e-03 train_decoder_tail=2.711164e-06
I 07.01/11:38:15 train_mapper.py:622 ] epoch=0279 train_loss=2.359989e-03 train_mse=2.346281e-03 train_cos=0.998179 train_nmse=-24.370dB train_rec=1.106508e-06 train_recT=5.579599e-07 train_fc=1.177238e-03 train_decoder_tail=2.712751e-06
I 07.01/11:38:53 train_mapper.py:622 ] epoch=0280 train_loss=2.353371e-03 train_mse=2.339700e-03 train_cos=0.998185 train_nmse=-24.382dB train_rec=1.103527e-06 train_recT=5.551242e-07 train_fc=1.174158e-03 train_decoder_tail=2.707871e-06
I 07.01/11:39:34 train_mapper.py:622 ] epoch=0281 train_loss=2.340122e-03 train_mse=2.326513e-03 train_cos=0.998196 train_nmse=-24.407dB train_rec=1.102410e-06 train_recT=5.540117e-07 train_fc=1.168151e-03 train_decoder_tail=2.706942e-06
I 07.01/11:40:14 train_mapper.py:622 ] epoch=0282 train_loss=2.340883e-03 train_mse=2.327273e-03 train_cos=0.998195 train_nmse=-24.406dB train_rec=1.100710e-06 train_recT=5.523480e-07 train_fc=1.168607e-03 train_decoder_tail=2.702870e-06
I 07.01/11:40:51 train_mapper.py:622 ] epoch=0283 train_loss=2.335466e-03 train_mse=2.321878e-03 train_cos=0.998198 train_nmse=-24.416dB train_rec=1.100320e-06 train_recT=5.516408e-07 train_fc=1.166558e-03 train_decoder_tail=2.699632e-06
I 07.01/11:41:27 train_mapper.py:622 ] epoch=0284 train_loss=2.330937e-03 train_mse=2.317387e-03 train_cos=0.998202 train_nmse=-24.424dB train_rec=1.097597e-06 train_recT=5.492566e-07 train_fc=1.163391e-03 train_decoder_tail=2.693542e-06
I 07.01/11:41:59 train_mapper.py:622 ] epoch=0285 train_loss=2.322019e-03 train_mse=2.308519e-03 train_cos=0.998209 train_nmse=-24.441dB train_rec=1.095976e-06 train_recT=5.474904e-07 train_fc=1.158733e-03 train_decoder_tail=2.690154e-06
I 07.01/11:42:35 train_mapper.py:622 ] epoch=0286 train_loss=2.328588e-03 train_mse=2.315015e-03 train_cos=0.998204 train_nmse=-24.428dB train_rec=1.101678e-06 train_recT=5.533261e-07 train_fc=1.164712e-03 train_decoder_tail=2.699993e-06
I 07.01/11:43:05 train_mapper.py:622 ] epoch=0287 train_loss=2.315139e-03 train_mse=2.301675e-03 train_cos=0.998214 train_nmse=-24.454dB train_rec=1.091856e-06 train_recT=5.431013e-07 train_fc=1.155986e-03 train_decoder_tail=2.688826e-06
I 07.01/11:43:37 train_mapper.py:622 ] epoch=0288 train_loss=2.310040e-03 train_mse=2.296604e-03 train_cos=0.998219 train_nmse=-24.463dB train_rec=1.092681e-06 train_recT=5.444005e-07 train_fc=1.153026e-03 train_decoder_tail=2.688144e-06
I 07.01/11:44:17 train_mapper.py:622 ] epoch=0289 train_loss=2.331105e-03 train_mse=2.317508e-03 train_cos=0.998201 train_nmse=-24.424dB train_rec=1.105862e-06 train_recT=5.572955e-07 train_fc=1.166271e-03 train_decoder_tail=2.706907e-06
I 07.01/11:44:45 train_mapper.py:622 ] epoch=0290 train_loss=2.318658e-03 train_mse=2.305152e-03 train_cos=0.998212 train_nmse=-24.447dB train_rec=1.096031e-06 train_recT=5.475709e-07 train_fc=1.159280e-03 train_decoder_tail=2.696492e-06
I 07.01/11:45:19 train_mapper.py:622 ] epoch=0291 train_loss=2.309091e-03 train_mse=2.295645e-03 train_cos=0.998218 train_nmse=-24.465dB train_rec=1.092207e-06 train_recT=5.438531e-07 train_fc=1.154145e-03 train_decoder_tail=2.681261e-06
I 07.01/11:45:53 train_mapper.py:622 ] epoch=0292 train_loss=2.294029e-03 train_mse=2.280674e-03 train_cos=0.998231 train_nmse=-24.494dB train_rec=1.089746e-06 train_recT=5.410959e-07 train_fc=1.145662e-03 train_decoder_tail=2.680296e-06
I 07.01/11:46:29 train_mapper.py:622 ] epoch=0293 train_loss=2.295094e-03 train_mse=2.281713e-03 train_cos=0.998228 train_nmse=-24.492dB train_rec=1.090202e-06 train_recT=5.416515e-07 train_fc=1.148160e-03 train_decoder_tail=2.676077e-06
I 07.01/11:47:03 train_mapper.py:622 ] epoch=0294 train_loss=2.284599e-03 train_mse=2.271304e-03 train_cos=0.998236 train_nmse=-24.511dB train_rec=1.083510e-06 train_recT=5.349194e-07 train_fc=1.141041e-03 train_decoder_tail=2.664402e-06
I 07.01/11:47:36 train_mapper.py:622 ] epoch=0295 train_loss=2.285859e-03 train_mse=2.272547e-03 train_cos=0.998236 train_nmse=-24.509dB train_rec=1.087950e-06 train_recT=5.393591e-07 train_fc=1.141680e-03 train_decoder_tail=2.673730e-06
I 07.01/11:48:11 train_mapper.py:622 ] epoch=0296 train_loss=2.276885e-03 train_mse=2.263622e-03 train_cos=0.998244 train_nmse=-24.526dB train_rec=1.083073e-06 train_recT=5.349167e-07 train_fc=1.137820e-03 train_decoder_tail=2.666953e-06
I 07.01/11:48:44 train_mapper.py:622 ] epoch=0297 train_loss=2.263757e-03 train_mse=2.250574e-03 train_cos=0.998254 train_nmse=-24.551dB train_rec=1.082802e-06 train_recT=5.343236e-07 train_fc=1.129943e-03 train_decoder_tail=2.665485e-06
I 07.01/11:49:20 train_mapper.py:622 ] epoch=0298 train_loss=2.259000e-03 train_mse=2.245854e-03 train_cos=0.998257 train_nmse=-24.560dB train_rec=1.079062e-06 train_recT=5.306714e-07 train_fc=1.127053e-03 train_decoder_tail=2.654199e-06
I 07.01/11:49:52 train_mapper.py:622 ] epoch=0299 train_loss=2.262367e-03 train_mse=2.249194e-03 train_cos=0.998253 train_nmse=-24.554dB train_rec=1.078981e-06 train_recT=5.302534e-07 train_fc=1.129813e-03 train_decoder_tail=2.655148e-06
I 07.01/11:50:25 train_mapper.py:622 ] epoch=0300 train_loss=2.266523e-03 train_mse=2.253301e-03 train_cos=0.998251 train_nmse=-24.546dB train_rec=1.082589e-06 train_recT=5.339504e-07 train_fc=1.133946e-03 train_decoder_tail=2.661417e-06
I 07.01/11:50:51 train_mapper.py:622 ] epoch=0301 train_loss=2.265147e-03 train_mse=2.251934e-03 train_cos=0.998253 train_nmse=-24.548dB train_rec=1.084269e-06 train_recT=5.353800e-07 train_fc=1.132632e-03 train_decoder_tail=2.665349e-06
I 07.01/11:51:21 train_mapper.py:622 ] epoch=0302 train_loss=2.253519e-03 train_mse=2.240387e-03 train_cos=0.998262 train_nmse=-24.571dB train_rec=1.078157e-06 train_recT=5.299683e-07 train_fc=1.125889e-03 train_decoder_tail=2.653635e-06
I 07.01/11:51:48 train_mapper.py:622 ] epoch=0303 train_loss=2.247630e-03 train_mse=2.234543e-03 train_cos=0.998265 train_nmse=-24.582dB train_rec=1.073652e-06 train_recT=5.247549e-07 train_fc=1.122292e-03 train_decoder_tail=2.649639e-06
I 07.01/11:52:19 train_mapper.py:622 ] epoch=0304 train_loss=2.243552e-03 train_mse=2.230479e-03 train_cos=0.998269 train_nmse=-24.590dB train_rec=1.074825e-06 train_recT=5.263612e-07 train_fc=1.120703e-03 train_decoder_tail=2.649407e-06
I 07.01/11:52:47 train_mapper.py:622 ] epoch=0305 train_loss=2.247385e-03 train_mse=2.234274e-03 train_cos=0.998266 train_nmse=-24.583dB train_rec=1.077770e-06 train_recT=5.291881e-07 train_fc=1.123846e-03 train_decoder_tail=2.652228e-06
I 07.01/11:53:17 train_mapper.py:622 ] epoch=0306 train_loss=2.248264e-03 train_mse=2.235143e-03 train_cos=0.998266 train_nmse=-24.581dB train_rec=1.081141e-06 train_recT=5.326665e-07 train_fc=1.124211e-03 train_decoder_tail=2.657979e-06
I 07.01/11:53:51 train_mapper.py:622 ] epoch=0307 train_loss=2.241633e-03 train_mse=2.228570e-03 train_cos=0.998270 train_nmse=-24.594dB train_rec=1.074512e-06 train_recT=5.258130e-07 train_fc=1.119729e-03 train_decoder_tail=2.652589e-06
I 07.01/11:54:18 train_mapper.py:622 ] epoch=0308 train_loss=2.230429e-03 train_mse=2.217423e-03 train_cos=0.998279 train_nmse=-24.615dB train_rec=1.071693e-06 train_recT=5.231184e-07 train_fc=1.114680e-03 train_decoder_tail=2.641688e-06
I 07.01/11:54:43 train_mapper.py:622 ] epoch=0309 train_loss=2.221375e-03 train_mse=2.208441e-03 train_cos=0.998285 train_nmse=-24.633dB train_rec=1.067265e-06 train_recT=5.186446e-07 train_fc=1.108534e-03 train_decoder_tail=2.631409e-06
I 07.01/11:55:14 train_mapper.py:622 ] epoch=0310 train_loss=2.215055e-03 train_mse=2.202143e-03 train_cos=0.998291 train_nmse=-24.646dB train_rec=1.066175e-06 train_recT=5.175491e-07 train_fc=1.106456e-03 train_decoder_tail=2.629895e-06
I 07.01/11:55:40 train_mapper.py:622 ] epoch=0311 train_loss=2.220318e-03 train_mse=2.207363e-03 train_cos=0.998287 train_nmse=-24.635dB train_rec=1.070135e-06 train_recT=5.215834e-07 train_fc=1.109998e-03 train_decoder_tail=2.638717e-06
I 07.01/11:56:10 train_mapper.py:622 ] epoch=0312 train_loss=2.222105e-03 train_mse=2.209136e-03 train_cos=0.998287 train_nmse=-24.632dB train_rec=1.072612e-06 train_recT=5.242030e-07 train_fc=1.110785e-03 train_decoder_tail=2.642522e-06
I 07.01/11:56:38 train_mapper.py:622 ] epoch=0313 train_loss=2.214743e-03 train_mse=2.201822e-03 train_cos=0.998293 train_nmse=-24.646dB train_rec=1.068811e-06 train_recT=5.200566e-07 train_fc=1.106733e-03 train_decoder_tail=2.639217e-06
I 07.01/11:57:05 train_mapper.py:622 ] epoch=0314 train_loss=2.222837e-03 train_mse=2.209858e-03 train_cos=0.998284 train_nmse=-24.630dB train_rec=1.072846e-06 train_recT=5.243054e-07 train_fc=1.111680e-03 train_decoder_tail=2.642033e-06
I 07.01/11:57:30 train_mapper.py:622 ] epoch=0315 train_loss=2.208227e-03 train_mse=2.195346e-03 train_cos=0.998298 train_nmse=-24.659dB train_rec=1.066240e-06 train_recT=5.174607e-07 train_fc=1.103328e-03 train_decoder_tail=2.636212e-06
I 07.01/11:57:54 train_mapper.py:622 ] epoch=0316 train_loss=2.196346e-03 train_mse=2.183531e-03 train_cos=0.998307 train_nmse=-24.683dB train_rec=1.062569e-06 train_recT=5.139081e-07 train_fc=1.097603e-03 train_decoder_tail=2.627388e-06
I 07.01/11:58:22 train_mapper.py:622 ] epoch=0317 train_loss=2.210195e-03 train_mse=2.197288e-03 train_cos=0.998296 train_nmse=-24.655dB train_rec=1.071760e-06 train_recT=5.232784e-07 train_fc=1.104761e-03 train_decoder_tail=2.638079e-06
I 07.01/11:58:46 train_mapper.py:622 ] epoch=0318 train_loss=2.189714e-03 train_mse=2.176922e-03 train_cos=0.998311 train_nmse=-24.696dB train_rec=1.064619e-06 train_recT=5.161314e-07 train_fc=1.094802e-03 train_decoder_tail=2.627734e-06
I 07.01/11:59:15 train_mapper.py:622 ] epoch=0319 train_loss=2.189285e-03 train_mse=2.176508e-03 train_cos=0.998310 train_nmse=-24.697dB train_rec=1.060107e-06 train_recT=5.116670e-07 train_fc=1.094382e-03 train_decoder_tail=2.617364e-06
I 07.01/11:59:43 train_mapper.py:622 ] epoch=0320 train_loss=2.179429e-03 train_mse=2.166696e-03 train_cos=0.998318 train_nmse=-24.716dB train_rec=1.059915e-06 train_recT=5.111646e-07 train_fc=1.089973e-03 train_decoder_tail=2.615300e-06
I 07.01/12:00:14 train_mapper.py:622 ] epoch=0321 train_loss=2.183256e-03 train_mse=2.170499e-03 train_cos=0.998315 train_nmse=-24.709dB train_rec=1.062303e-06 train_recT=5.139080e-07 train_fc=1.091908e-03 train_decoder_tail=2.617997e-06
I 07.01/12:00:41 train_mapper.py:622 ] epoch=0322 train_loss=2.170175e-03 train_mse=2.157509e-03 train_cos=0.998325 train_nmse=-24.735dB train_rec=1.054673e-06 train_recT=5.058236e-07 train_fc=1.084495e-03 train_decoder_tail=2.608770e-06
I 07.01/12:01:16 train_mapper.py:622 ] epoch=0323 train_loss=2.175205e-03 train_mse=2.162503e-03 train_cos=0.998322 train_nmse=-24.725dB train_rec=1.057853e-06 train_recT=5.094462e-07 train_fc=1.087434e-03 train_decoder_tail=2.612170e-06
I 07.01/12:01:50 train_mapper.py:622 ] epoch=0324 train_loss=2.160722e-03 train_mse=2.148093e-03 train_cos=0.998333 train_nmse=-24.753dB train_rec=1.055698e-06 train_recT=5.071090e-07 train_fc=1.080522e-03 train_decoder_tail=2.607071e-06
I 07.01/12:02:46 train_mapper.py:622 ] epoch=0325 train_loss=2.166985e-03 train_mse=2.154333e-03 train_cos=0.998327 train_nmse=-24.741dB train_rec=1.052832e-06 train_recT=5.041196e-07 train_fc=1.083416e-03 train_decoder_tail=2.602133e-06
I 07.01/12:03:23 train_mapper.py:622 ] epoch=0326 train_loss=2.168050e-03 train_mse=2.155386e-03 train_cos=0.998326 train_nmse=-24.739dB train_rec=1.053254e-06 train_recT=5.046622e-07 train_fc=1.084540e-03 train_decoder_tail=2.601936e-06
I 07.01/12:03:51 train_mapper.py:622 ] epoch=0327 train_loss=2.160820e-03 train_mse=2.148179e-03 train_cos=0.998334 train_nmse=-24.753dB train_rec=1.054721e-06 train_recT=5.062529e-07 train_fc=1.081948e-03 train_decoder_tail=2.608728e-06
I 07.01/12:04:22 train_mapper.py:622 ] epoch=0328 train_loss=2.161328e-03 train_mse=2.148699e-03 train_cos=0.998333 train_nmse=-24.752dB train_rec=1.054671e-06 train_recT=5.061382e-07 train_fc=1.080750e-03 train_decoder_tail=2.609156e-06
I 07.01/12:04:49 train_mapper.py:622 ] epoch=0329 train_loss=2.156167e-03 train_mse=2.143550e-03 train_cos=0.998336 train_nmse=-24.763dB train_rec=1.055494e-06 train_recT=5.068370e-07 train_fc=1.079395e-03 train_decoder_tail=2.607405e-06
I 07.01/12:05:21 train_mapper.py:622 ] epoch=0330 train_loss=2.152339e-03 train_mse=2.139770e-03 train_cos=0.998339 train_nmse=-24.770dB train_rec=1.051906e-06 train_recT=5.031945e-07 train_fc=1.075441e-03 train_decoder_tail=2.600750e-06
I 07.01/12:05:49 train_mapper.py:622 ] epoch=0331 train_loss=2.149012e-03 train_mse=2.136443e-03 train_cos=0.998343 train_nmse=-24.777dB train_rec=1.052787e-06 train_recT=5.041921e-07 train_fc=1.075155e-03 train_decoder_tail=2.603031e-06
I 07.01/12:06:20 train_mapper.py:622 ] epoch=0332 train_loss=2.153450e-03 train_mse=2.140851e-03 train_cos=0.998339 train_nmse=-24.768dB train_rec=1.056829e-06 train_recT=5.082399e-07 train_fc=1.077306e-03 train_decoder_tail=2.606227e-06
I 07.01/12:06:46 train_mapper.py:622 ] epoch=0333 train_loss=2.142575e-03 train_mse=2.130046e-03 train_cos=0.998348 train_nmse=-24.790dB train_rec=1.049850e-06 train_recT=5.012612e-07 train_fc=1.071775e-03 train_decoder_tail=2.601212e-06
I 07.01/12:07:18 train_mapper.py:622 ] epoch=0334 train_loss=2.144707e-03 train_mse=2.132148e-03 train_cos=0.998346 train_nmse=-24.786dB train_rec=1.053112e-06 train_recT=5.044638e-07 train_fc=1.074181e-03 train_decoder_tail=2.604263e-06
I 07.01/12:07:46 train_mapper.py:622 ] epoch=0335 train_loss=2.136933e-03 train_mse=2.124439e-03 train_cos=0.998352 train_nmse=-24.802dB train_rec=1.048175e-06 train_recT=4.994867e-07 train_fc=1.068590e-03 train_decoder_tail=2.597117e-06
I 07.01/12:08:16 train_mapper.py:622 ] epoch=0336 train_loss=2.132920e-03 train_mse=2.120459e-03 train_cos=0.998354 train_nmse=-24.810dB train_rec=1.044741e-06 train_recT=4.958430e-07 train_fc=1.066153e-03 train_decoder_tail=2.587792e-06
I 07.01/12:08:44 train_mapper.py:622 ] epoch=0337 train_loss=2.131034e-03 train_mse=2.118569e-03 train_cos=0.998355 train_nmse=-24.814dB train_rec=1.047561e-06 train_recT=4.991265e-07 train_fc=1.065951e-03 train_decoder_tail=2.588808e-06
I 07.01/12:09:15 train_mapper.py:622 ] epoch=0338 train_loss=2.120282e-03 train_mse=2.107875e-03 train_cos=0.998364 train_nmse=-24.836dB train_rec=1.043847e-06 train_recT=4.951203e-07 train_fc=1.060972e-03 train_decoder_tail=2.581437e-06
I 07.01/12:09:44 train_mapper.py:622 ] epoch=0339 train_loss=2.108708e-03 train_mse=2.096373e-03 train_cos=0.998373 train_nmse=-24.860dB train_rec=1.038378e-06 train_recT=4.898805e-07 train_fc=1.054979e-03 train_decoder_tail=2.575963e-06
I 07.01/12:10:16 train_mapper.py:622 ] epoch=0340 train_loss=2.119538e-03 train_mse=2.107135e-03 train_cos=0.998364 train_nmse=-24.837dB train_rec=1.044090e-06 train_recT=4.950524e-07 train_fc=1.060549e-03 train_decoder_tail=2.583282e-06
I 07.01/12:10:43 train_mapper.py:622 ] epoch=0341 train_loss=2.120694e-03 train_mse=2.108282e-03 train_cos=0.998364 train_nmse=-24.835dB train_rec=1.046447e-06 train_recT=4.979009e-07 train_fc=1.060912e-03 train_decoder_tail=2.590991e-06
I 07.01/12:11:14 train_mapper.py:622 ] epoch=0342 train_loss=2.109711e-03 train_mse=2.097369e-03 train_cos=0.998373 train_nmse=-24.857dB train_rec=1.040943e-06 train_recT=4.921191e-07 train_fc=1.055054e-03 train_decoder_tail=2.581982e-06
I 07.01/12:11:42 train_mapper.py:622 ] epoch=0343 train_loss=2.109412e-03 train_mse=2.097053e-03 train_cos=0.998372 train_nmse=-24.858dB train_rec=1.044961e-06 train_recT=4.966027e-07 train_fc=1.055914e-03 train_decoder_tail=2.582050e-06
I 07.01/12:12:12 train_mapper.py:622 ] epoch=0344 train_loss=2.092680e-03 train_mse=2.080428e-03 train_cos=0.998386 train_nmse=-24.893dB train_rec=1.036262e-06 train_recT=4.874794e-07 train_fc=1.047088e-03 train_decoder_tail=2.572395e-06
I 07.01/12:12:41 train_mapper.py:622 ] epoch=0345 train_loss=2.091851e-03 train_mse=2.079603e-03 train_cos=0.998385 train_nmse=-24.894dB train_rec=1.036758e-06 train_recT=4.883553e-07 train_fc=1.046589e-03 train_decoder_tail=2.564149e-06
I 07.01/12:13:08 train_mapper.py:622 ] epoch=0346 train_loss=2.091193e-03 train_mse=2.078945e-03 train_cos=0.998386 train_nmse=-24.896dB train_rec=1.035259e-06 train_recT=4.862559e-07 train_fc=1.046906e-03 train_decoder_tail=2.566889e-06
I 07.01/12:13:35 train_mapper.py:622 ] epoch=0347 train_loss=2.098164e-03 train_mse=2.085864e-03 train_cos=0.998381 train_nmse=-24.881dB train_rec=1.040313e-06 train_recT=4.917454e-07 train_fc=1.051116e-03 train_decoder_tail=2.574185e-06
I 07.01/12:14:08 train_mapper.py:622 ] epoch=0348 train_loss=2.085056e-03 train_mse=2.072854e-03 train_cos=0.998392 train_nmse=-24.908dB train_rec=1.033984e-06 train_recT=4.851707e-07 train_fc=1.042631e-03 train_decoder_tail=2.568190e-06
I 07.01/12:14:36 train_mapper.py:622 ] epoch=0349 train_loss=2.090934e-03 train_mse=2.078685e-03 train_cos=0.998385 train_nmse=-24.896dB train_rec=1.037502e-06 train_recT=4.887126e-07 train_fc=1.046638e-03 train_decoder_tail=2.566262e-06
I 07.01/12:15:06 train_mapper.py:622 ] epoch=0350 train_loss=2.087650e-03 train_mse=2.075417e-03 train_cos=0.998390 train_nmse=-24.903dB train_rec=1.036347e-06 train_recT=4.878847e-07 train_fc=1.045236e-03 train_decoder_tail=2.569039e-06
I 07.01/12:15:34 train_mapper.py:622 ] epoch=0351 train_loss=2.080510e-03 train_mse=2.068324e-03 train_cos=0.998395 train_nmse=-24.918dB train_rec=1.033091e-06 train_recT=4.844617e-07 train_fc=1.041277e-03 train_decoder_tail=2.563461e-06
I 07.01/12:16:05 train_mapper.py:622 ] epoch=0352 train_loss=2.084322e-03 train_mse=2.072097e-03 train_cos=0.998392 train_nmse=-24.910dB train_rec=1.036207e-06 train_recT=4.874575e-07 train_fc=1.044535e-03 train_decoder_tail=2.568138e-06
I 07.01/12:16:32 train_mapper.py:622 ] epoch=0353 train_loss=2.073331e-03 train_mse=2.061182e-03 train_cos=0.998401 train_nmse=-24.933dB train_rec=1.032218e-06 train_recT=4.835602e-07 train_fc=1.037682e-03 train_decoder_tail=2.560648e-06
I 07.01/12:16:57 train_mapper.py:622 ] epoch=0354 train_loss=2.075280e-03 train_mse=2.063116e-03 train_cos=0.998398 train_nmse=-24.929dB train_rec=1.032630e-06 train_recT=4.837229e-07 train_fc=1.039225e-03 train_decoder_tail=2.559869e-06
I 07.01/12:17:24 train_mapper.py:622 ] epoch=0355 train_loss=2.058470e-03 train_mse=2.046424e-03 train_cos=0.998411 train_nmse=-24.964dB train_rec=1.024782e-06 train_recT=4.761386e-07 train_fc=1.029037e-03 train_decoder_tail=2.543833e-06
I 07.01/12:17:51 train_mapper.py:622 ] epoch=0356 train_loss=2.059249e-03 train_mse=2.047168e-03 train_cos=0.998410 train_nmse=-24.963dB train_rec=1.029170e-06 train_recT=4.807977e-07 train_fc=1.031582e-03 train_decoder_tail=2.548082e-06
I 07.01/12:18:18 train_mapper.py:622 ] epoch=0357 train_loss=2.054677e-03 train_mse=2.042644e-03 train_cos=0.998415 train_nmse=-24.972dB train_rec=1.024188e-06 train_recT=4.752646e-07 train_fc=1.027932e-03 train_decoder_tail=2.544492e-06
I 07.01/12:18:41 train_mapper.py:622 ] epoch=0358 train_loss=2.056358e-03 train_mse=2.044277e-03 train_cos=0.998414 train_nmse=-24.969dB train_rec=1.030736e-06 train_recT=4.819139e-07 train_fc=1.031272e-03 train_decoder_tail=2.554238e-06
I 07.01/12:19:10 train_mapper.py:622 ] epoch=0359 train_loss=2.057203e-03 train_mse=2.045134e-03 train_cos=0.998413 train_nmse=-24.967dB train_rec=1.028700e-06 train_recT=4.803241e-07 train_fc=1.030537e-03 train_decoder_tail=2.553228e-06
I 07.01/12:19:38 train_mapper.py:622 ] epoch=0360 train_loss=2.063122e-03 train_mse=2.051003e-03 train_cos=0.998407 train_nmse=-24.954dB train_rec=1.031396e-06 train_recT=4.824257e-07 train_fc=1.034952e-03 train_decoder_tail=2.554081e-06
I 07.01/12:20:08 train_mapper.py:622 ] epoch=0361 train_loss=2.049416e-03 train_mse=2.037395e-03 train_cos=0.998419 train_nmse=-24.983dB train_rec=1.023089e-06 train_recT=4.747048e-07 train_fc=1.026888e-03 train_decoder_tail=2.542660e-06
I 07.01/12:20:35 train_mapper.py:622 ] epoch=0362 train_loss=2.054149e-03 train_mse=2.042085e-03 train_cos=0.998414 train_nmse=-24.974dB train_rec=1.026923e-06 train_recT=4.782955e-07 train_fc=1.030387e-03 train_decoder_tail=2.542427e-06
I 07.01/12:21:05 train_mapper.py:622 ] epoch=0363 train_loss=2.052122e-03 train_mse=2.040080e-03 train_cos=0.998418 train_nmse=-24.978dB train_rec=1.028523e-06 train_recT=4.799304e-07 train_fc=1.027780e-03 train_decoder_tail=2.552150e-06
I 07.01/12:21:32 train_mapper.py:622 ] epoch=0364 train_loss=2.034543e-03 train_mse=2.022605e-03 train_cos=0.998431 train_nmse=-25.015dB train_rec=1.021780e-06 train_recT=4.731314e-07 train_fc=1.018867e-03 train_decoder_tail=2.539613e-06
I 07.01/12:21:55 train_mapper.py:622 ] epoch=0365 train_loss=2.030575e-03 train_mse=2.018663e-03 train_cos=0.998432 train_nmse=-25.023dB train_rec=1.020482e-06 train_recT=4.718285e-07 train_fc=1.016666e-03 train_decoder_tail=2.529265e-06
I 07.01/12:22:25 train_mapper.py:622 ] epoch=0366 train_loss=2.030101e-03 train_mse=2.018194e-03 train_cos=0.998432 train_nmse=-25.025dB train_rec=1.020308e-06 train_recT=4.717379e-07 train_fc=1.016220e-03 train_decoder_tail=2.530896e-06
I 07.01/12:22:52 train_mapper.py:622 ] epoch=0367 train_loss=2.028700e-03 train_mse=2.016790e-03 train_cos=0.998435 train_nmse=-25.027dB train_rec=1.020678e-06 train_recT=4.718737e-07 train_fc=1.016474e-03 train_decoder_tail=2.535334e-06
I 07.01/12:23:21 train_mapper.py:622 ] epoch=0368 train_loss=2.027185e-03 train_mse=2.015281e-03 train_cos=0.998436 train_nmse=-25.031dB train_rec=1.022053e-06 train_recT=4.731815e-07 train_fc=1.015522e-03 train_decoder_tail=2.537997e-06
I 07.01/12:23:49 train_mapper.py:622 ] epoch=0369 train_loss=2.016868e-03 train_mse=2.005024e-03 train_cos=0.998444 train_nmse=-25.053dB train_rec=1.018429e-06 train_recT=4.697904e-07 train_fc=1.010294e-03 train_decoder_tail=2.530837e-06
I 07.01/12:24:10 train_mapper.py:622 ] epoch=0370 train_loss=2.015148e-03 train_mse=2.003315e-03 train_cos=0.998444 train_nmse=-25.057dB train_rec=1.014976e-06 train_recT=4.663291e-07 train_fc=1.009963e-03 train_decoder_tail=2.524133e-06
I 07.01/12:24:22 train_mapper.py:622 ] epoch=0371 train_loss=2.015636e-03 train_mse=2.003788e-03 train_cos=0.998444 train_nmse=-25.056dB train_rec=1.017408e-06 train_recT=4.685529e-07 train_fc=1.010879e-03 train_decoder_tail=2.529343e-06
I 07.01/12:24:34 train_mapper.py:622 ] epoch=0372 train_loss=2.018552e-03 train_mse=2.006699e-03 train_cos=0.998442 train_nmse=-25.049dB train_rec=1.016082e-06 train_recT=4.676094e-07 train_fc=1.011599e-03 train_decoder_tail=2.524614e-06
I 07.01/12:24:46 train_mapper.py:622 ] epoch=0373 train_loss=2.020145e-03 train_mse=2.008264e-03 train_cos=0.998442 train_nmse=-25.046dB train_rec=1.022239e-06 train_recT=4.733800e-07 train_fc=1.013104e-03 train_decoder_tail=2.536847e-06
I 07.01/12:25:09 train_mapper.py:622 ] epoch=0374 train_loss=2.016278e-03 train_mse=2.004422e-03 train_cos=0.998445 train_nmse=-25.054dB train_rec=1.019319e-06 train_recT=4.704500e-07 train_fc=1.011201e-03 train_decoder_tail=2.533262e-06
I 07.01/12:25:35 train_mapper.py:622 ] epoch=0375 train_loss=2.015639e-03 train_mse=2.003790e-03 train_cos=0.998446 train_nmse=-25.056dB train_rec=1.016694e-06 train_recT=4.680166e-07 train_fc=1.011048e-03 train_decoder_tail=2.533679e-06
I 07.01/12:25:57 train_mapper.py:622 ] epoch=0376 train_loss=2.004318e-03 train_mse=1.992536e-03 train_cos=0.998455 train_nmse=-25.080dB train_rec=1.014841e-06 train_recT=4.660562e-07 train_fc=1.004807e-03 train_decoder_tail=2.526492e-06
I 07.01/12:26:20 train_mapper.py:622 ] epoch=0377 train_loss=2.004809e-03 train_mse=1.993024e-03 train_cos=0.998454 train_nmse=-25.079dB train_rec=1.015096e-06 train_recT=4.664252e-07 train_fc=1.005132e-03 train_decoder_tail=2.524710e-06
I 07.01/12:26:39 train_mapper.py:622 ] epoch=0378 train_loss=1.999197e-03 train_mse=1.987440e-03 train_cos=0.998457 train_nmse=-25.091dB train_rec=1.014136e-06 train_recT=4.654889e-07 train_fc=1.002558e-03 train_decoder_tail=2.519569e-06
I 07.01/12:26:58 train_mapper.py:622 ] epoch=0379 train_loss=1.991133e-03 train_mse=1.979423e-03 train_cos=0.998464 train_nmse=-25.109dB train_rec=1.012087e-06 train_recT=4.632809e-07 train_fc=9.981912e-04 train_decoder_tail=2.518383e-06
I 07.01/12:27:21 train_mapper.py:622 ] epoch=0380 train_loss=1.995908e-03 train_mse=1.984151e-03 train_cos=0.998459 train_nmse=-25.098dB train_rec=1.015578e-06 train_recT=4.667869e-07 train_fc=1.002162e-03 train_decoder_tail=2.521735e-06
I 07.01/12:27:41 train_mapper.py:622 ] epoch=0381 train_loss=1.986320e-03 train_mse=1.974634e-03 train_cos=0.998468 train_nmse=-25.119dB train_rec=1.009693e-06 train_recT=4.608008e-07 train_fc=9.964092e-04 train_decoder_tail=2.513043e-06
I 07.01/12:28:07 train_mapper.py:622 ] epoch=0382 train_loss=1.978107e-03 train_mse=1.966474e-03 train_cos=0.998474 train_nmse=-25.137dB train_rec=1.007103e-06 train_recT=4.583947e-07 train_fc=9.916662e-04 train_decoder_tail=2.506774e-06
I 07.01/12:28:28 train_mapper.py:622 ] epoch=0383 train_loss=1.971665e-03 train_mse=1.960069e-03 train_cos=0.998479 train_nmse=-25.151dB train_rec=1.005462e-06 train_recT=4.565336e-07 train_fc=9.883267e-04 train_decoder_tail=2.504829e-06
I 07.01/12:28:46 train_mapper.py:622 ] epoch=0384 train_loss=1.979785e-03 train_mse=1.968133e-03 train_cos=0.998472 train_nmse=-25.133dB train_rec=1.007570e-06 train_recT=4.589961e-07 train_fc=9.934364e-04 train_decoder_tail=2.507523e-06
I 07.01/12:29:10 train_mapper.py:622 ] epoch=0385 train_loss=1.980925e-03 train_mse=1.969247e-03 train_cos=0.998471 train_nmse=-25.131dB train_rec=1.010923e-06 train_recT=4.620974e-07 train_fc=9.953348e-04 train_decoder_tail=2.512452e-06
I 07.01/12:29:39 train_mapper.py:622 ] epoch=0386 train_loss=1.979035e-03 train_mse=1.967388e-03 train_cos=0.998473 train_nmse=-25.135dB train_rec=1.006085e-06 train_recT=4.577707e-07 train_fc=9.932106e-04 train_decoder_tail=2.505391e-06
I 07.01/12:29:54 train_mapper.py:622 ] epoch=0387 train_loss=1.977476e-03 train_mse=1.965825e-03 train_cos=0.998475 train_nmse=-25.139dB train_rec=1.009213e-06 train_recT=4.605059e-07 train_fc=9.929975e-04 train_decoder_tail=2.512384e-06
I 07.01/12:30:12 train_mapper.py:622 ] epoch=0388 train_loss=1.972414e-03 train_mse=1.960794e-03 train_cos=0.998478 train_nmse=-25.150dB train_rec=1.005794e-06 train_recT=4.572188e-07 train_fc=9.906102e-04 train_decoder_tail=2.505703e-06
I 07.01/12:30:26 train_mapper.py:622 ] epoch=0389 train_loss=1.970111e-03 train_mse=1.958505e-03 train_cos=0.998480 train_nmse=-25.155dB train_rec=1.006422e-06 train_recT=4.573699e-07 train_fc=9.891204e-04 train_decoder_tail=2.507512e-06
I 07.01/12:30:40 train_mapper.py:622 ] epoch=0390 train_loss=1.962510e-03 train_mse=1.950951e-03 train_cos=0.998486 train_nmse=-25.172dB train_rec=1.002543e-06 train_recT=4.538862e-07 train_fc=9.852027e-04 train_decoder_tail=2.501065e-06
I 07.01/12:30:54 train_mapper.py:622 ] epoch=0391 train_loss=1.959760e-03 train_mse=1.948208e-03 train_cos=0.998488 train_nmse=-25.178dB train_rec=1.004212e-06 train_recT=4.552410e-07 train_fc=9.842251e-04 train_decoder_tail=2.500936e-06
I 07.01/12:31:11 train_mapper.py:622 ] epoch=0392 train_loss=1.962962e-03 train_mse=1.951378e-03 train_cos=0.998485 train_nmse=-25.171dB train_rec=1.008637e-06 train_recT=4.600256e-07 train_fc=9.864480e-04 train_decoder_tail=2.505163e-06
I 07.01/12:31:24 train_mapper.py:622 ] epoch=0393 train_loss=1.947220e-03 train_mse=1.935750e-03 train_cos=0.998497 train_nmse=-25.206dB train_rec=9.989571e-07 train_recT=4.502600e-07 train_fc=9.770945e-04 train_decoder_tail=2.490975e-06
I 07.01/12:31:36 train_mapper.py:622 ] epoch=0394 train_loss=1.953889e-03 train_mse=1.942375e-03 train_cos=0.998492 train_nmse=-25.191dB train_rec=1.003459e-06 train_recT=4.547406e-07 train_fc=9.805638e-04 train_decoder_tail=2.498178e-06
I 07.01/12:31:47 train_mapper.py:622 ] epoch=0395 train_loss=1.950506e-03 train_mse=1.939006e-03 train_cos=0.998495 train_nmse=-25.198dB train_rec=1.001624e-06 train_recT=4.528490e-07 train_fc=9.795433e-04 train_decoder_tail=2.496458e-06
I 07.01/12:31:59 train_mapper.py:622 ] epoch=0396 train_loss=1.942079e-03 train_mse=1.930628e-03 train_cos=0.998502 train_nmse=-25.217dB train_rec=9.976082e-07 train_recT=4.488845e-07 train_fc=9.755344e-04 train_decoder_tail=2.491023e-06
I 07.01/12:32:14 train_mapper.py:622 ] epoch=0397 train_loss=1.951122e-03 train_mse=1.939614e-03 train_cos=0.998495 train_nmse=-25.197dB train_rec=1.002730e-06 train_recT=4.538815e-07 train_fc=9.800971e-04 train_decoder_tail=2.498655e-06
I 07.01/12:32:26 train_mapper.py:622 ] epoch=0398 train_loss=1.943264e-03 train_mse=1.931791e-03 train_cos=0.998501 train_nmse=-25.215dB train_rec=1.001426e-06 train_recT=4.526056e-07 train_fc=9.769161e-04 train_decoder_tail=2.496294e-06
I 07.01/12:32:38 train_mapper.py:622 ] epoch=0399 train_loss=1.939657e-03 train_mse=1.928216e-03 train_cos=0.998503 train_nmse=-25.222dB train_rec=9.974308e-07 train_recT=4.485688e-07 train_fc=9.746304e-04 train_decoder_tail=2.489300e-06
I 07.01/12:32:50 train_mapper.py:622 ] epoch=0400 train_loss=1.935677e-03 train_mse=1.924268e-03 train_cos=0.998506 train_nmse=-25.231dB train_rec=9.951815e-07 train_recT=4.465078e-07 train_fc=9.718490e-04 train_decoder_tail=2.484732e-06
I 07.01/12:33:31 train_mapper.py:738 ] best_loss_epoch=400 best_loss_selection=train_loss best_loss_metric=1.935677e-03 best_loss_mse=1.924268e-03 best_loss_loss=1.935677e-03
I 07.01/12:33:31 train_mapper.py:743 ] best_mse_epoch=400 best_mse_selection=train_mse best_mse_metric=1.924268e-03 best_mse_mse=1.924268e-03 best_mse_loss=1.935677e-03
I 07.01/12:33:31 train_mapper.py:749 ] all_best_loss_mse=1.866738e-03 all_best_loss_cos=0.998558 all_best_loss_nmse=-25.363dB
I 07.01/12:33:31 train_mapper.py:753 ] all_best_mse_mse=1.866738e-03 all_best_mse_cos=0.998558 all_best_mse_nmse=-25.363dB
