I 07.02/06:57:50 train_mapper.py:431 ] => Experiment directory: mapper/exps_decoder_aware/mlp/smooth_tail_white_recT_rec_fc/seed2026_clnet_transnet_to_seed42_transnet_lr5e-4_ep400
I 07.02/06:57:50 train_mapper.py:432 ] => Checkpoint directory: mapper/exps_decoder_aware/mlp/smooth_tail_white_recT_rec_fc/seed2026_clnet_transnet_to_seed42_transnet_lr5e-4_ep400/checkpoints
I 07.02/06:57:50 train_mapper.py:433 ] => Codeword directory: mapper/exps_decoder_aware/mlp/smooth_tail_white_recT_rec_fc/seed2026_clnet_transnet_to_seed42_transnet_lr5e-4_ep400/codewords
I 07.02/06:57:50 train_mapper.py:434 ] => TensorBoard directory: mapper/exps_decoder_aware/mlp/smooth_tail_white_recT_rec_fc/seed2026_clnet_transnet_to_seed42_transnet_lr5e-4_ep400/tensorboard
I 07.02/06:59:33 train_mapper.py:519 ] => Loaded fixed decoder from exps/COST2100/in/seed42/transnet_transnet/checkpoints/best_nmse.pth
I 07.02/06:59:33 train_mapper.py:521 ] => Loaded CSI tensor (100000, 2, 32, 32) from /storage/hujiacong/zxd/datasets/cost2100/in_train.pt
I 07.02/06:59:33 train_mapper.py:524 ] device=cuda
I 07.02/06:59:33 train_mapper.py:525 ] mapper=mlp, params=8403968
I 07.02/06:59:33 train_mapper.py:527 ] train=100000, val=0, code_dim=512
I 07.02/06:59:33 train_mapper.py:529 ] val_ratio<=0: skip per-epoch validation; select best checkpoint by train loss
I 07.02/06:59:33 train_mapper.py:531 ] loss=mse + smoothl1*0.5 + sample_tail*0.1 + dim_tail*0.05 + whiten*0.0001 + rec*1.0 + recT*1.0 + fc*0.01 + decoder_tail*0.1 + cos*0.0 + cov*0.0
I 07.02/07:01:48 train_mapper.py:622 ] epoch=0001 train_loss=7.817246e-01 train_mse=4.326349e-01 train_cos=0.765000 train_nmse=-2.464dB train_rec=3.416662e-03 train_recT=3.416256e-03 train_fc=4.913200e-01 train_decoder_tail=5.362610e-03
I 07.02/07:04:10 train_mapper.py:622 ] epoch=0002 train_loss=3.310400e-01 train_mse=1.528289e-01 train_cos=0.927275 train_nmse=-6.274dB train_rec=2.370560e-04 train_recT=2.370262e-04 train_fc=1.217489e-01 train_decoder_tail=5.951300e-04
I 07.02/07:06:25 train_mapper.py:622 ] epoch=0003 train_loss=2.379964e-01 train_mse=1.010242e-01 train_cos=0.951857 train_nmse=-8.046dB train_rec=1.465248e-04 train_recT=1.463783e-04 train_fc=8.551910e-02 train_decoder_tail=4.012333e-04
I 07.02/07:08:34 train_mapper.py:622 ] epoch=0004 train_loss=1.923770e-01 train_mse=7.698515e-02 train_cos=0.961806 train_nmse=-9.218dB train_rec=9.824193e-05 train_recT=9.798861e-05 train_fc=6.655484e-02 train_decoder_tail=2.766701e-04
I 07.02/07:10:47 train_mapper.py:622 ] epoch=0005 train_loss=1.660323e-01 train_mse=6.372299e-02 train_cos=0.966951 train_nmse=-10.035dB train_rec=6.903610e-05 train_recT=6.870044e-05 train_fc=5.474131e-02 train_decoder_tail=1.931137e-04
I 07.02/07:13:00 train_mapper.py:622 ] epoch=0006 train_loss=1.499524e-01 train_mse=5.590722e-02 train_cos=0.970076 train_nmse=-10.600dB train_rec=5.140538e-05 train_recT=5.100814e-05 train_fc=4.725370e-02 train_decoder_tail=1.407340e-04
I 07.02/07:15:18 train_mapper.py:622 ] epoch=0007 train_loss=1.391964e-01 train_mse=5.083285e-02 train_cos=0.972449 train_nmse=-11.013dB train_rec=4.089844e-05 train_recT=4.045855e-05 train_fc=4.245514e-02 train_decoder_tail=1.092685e-04
I 07.02/07:17:32 train_mapper.py:622 ] epoch=0008 train_loss=1.320393e-01 train_mse=4.751980e-02 train_cos=0.974208 train_nmse=-11.306dB train_rec=3.450775e-05 train_recT=3.403965e-05 train_fc=3.939957e-02 train_decoder_tail=9.067064e-05
I 07.02/07:19:42 train_mapper.py:622 ] epoch=0009 train_loss=1.274267e-01 train_mse=4.540681e-02 train_cos=0.975398 train_nmse=-11.503dB train_rec=3.060194e-05 train_recT=3.011549e-05 train_fc=3.757581e-02 train_decoder_tail=7.964282e-05
I 07.02/07:21:46 train_mapper.py:622 ] epoch=0010 train_loss=1.233628e-01 train_mse=4.356714e-02 train_cos=0.976519 train_nmse=-11.683dB train_rec=2.793241e-05 train_recT=2.743434e-05 train_fc=3.611135e-02 train_decoder_tail=7.237523e-05
I 07.02/07:23:47 train_mapper.py:622 ] epoch=0011 train_loss=1.197818e-01 train_mse=4.195801e-02 train_cos=0.977503 train_nmse=-11.847dB train_rec=2.597243e-05 train_recT=2.546676e-05 train_fc=3.489907e-02 train_decoder_tail=6.718893e-05
I 07.02/07:25:46 train_mapper.py:622 ] epoch=0012 train_loss=1.167818e-01 train_mse=4.060951e-02 train_cos=0.978264 train_nmse=-11.989dB train_rec=2.433376e-05 train_recT=2.382366e-05 train_fc=3.385667e-02 train_decoder_tail=6.278421e-05
I 07.02/07:27:48 train_mapper.py:622 ] epoch=0013 train_loss=1.150636e-01 train_mse=3.981648e-02 train_cos=0.978543 train_nmse=-12.076dB train_rec=2.301115e-05 train_recT=2.249746e-05 train_fc=3.319061e-02 train_decoder_tail=5.923709e-05
I 07.02/07:29:46 train_mapper.py:622 ] epoch=0014 train_loss=1.106822e-01 train_mse=3.789550e-02 train_cos=0.979707 train_nmse=-12.289dB train_rec=2.143575e-05 train_recT=2.091835e-05 train_fc=3.176843e-02 train_decoder_tail=5.519939e-05
I 07.02/07:31:51 train_mapper.py:622 ] epoch=0015 train_loss=1.080632e-01 train_mse=3.671720e-02 train_cos=0.980160 train_nmse=-12.426dB train_rec=2.000011e-05 train_recT=1.947947e-05 train_fc=3.069205e-02 train_decoder_tail=5.124431e-05
I 07.02/07:33:49 train_mapper.py:622 ] epoch=0016 train_loss=1.050213e-01 train_mse=3.537703e-02 train_cos=0.980598 train_nmse=-12.588dB train_rec=1.827744e-05 train_recT=1.775195e-05 train_fc=2.927884e-02 train_decoder_tail=4.665370e-05
I 07.02/07:35:55 train_mapper.py:622 ] epoch=0017 train_loss=1.016958e-01 train_mse=3.394764e-02 train_cos=0.980803 train_nmse=-12.767dB train_rec=1.616869e-05 train_recT=1.563556e-05 train_fc=2.730635e-02 train_decoder_tail=4.150360e-05
I 07.02/07:37:56 train_mapper.py:622 ] epoch=0018 train_loss=9.731359e-02 train_mse=3.213048e-02 train_cos=0.980905 train_nmse=-13.006dB train_rec=1.373979e-05 train_recT=1.319702e-05 train_fc=2.439215e-02 train_decoder_tail=3.701226e-05
I 07.02/07:40:00 train_mapper.py:622 ] epoch=0019 train_loss=9.243930e-02 train_mse=3.010578e-02 train_cos=0.981220 train_nmse=-13.289dB train_rec=1.196339e-05 train_recT=1.141682e-05 train_fc=2.138535e-02 train_decoder_tail=3.396780e-05
I 07.02/07:42:04 train_mapper.py:622 ] epoch=0020 train_loss=8.810839e-02 train_mse=2.828934e-02 train_cos=0.981714 train_nmse=-13.559dB train_rec=1.092688e-05 train_recT=1.038052e-05 train_fc=1.901878e-02 train_decoder_tail=3.148257e-05
I 07.02/07:44:02 train_mapper.py:622 ] epoch=0021 train_loss=8.447955e-02 train_mse=2.678467e-02 train_cos=0.982205 train_nmse=-13.796dB train_rec=1.020339e-05 train_recT=9.658601e-06 train_fc=1.723175e-02 train_decoder_tail=2.938663e-05
I 07.02/07:46:00 train_mapper.py:622 ] epoch=0022 train_loss=8.135657e-02 train_mse=2.551049e-02 train_cos=0.982693 train_nmse=-14.008dB train_rec=9.644064e-06 train_recT=9.099492e-06 train_fc=1.582970e-02 train_decoder_tail=2.770682e-05
I 07.02/07:47:56 train_mapper.py:622 ] epoch=0023 train_loss=7.886760e-02 train_mse=2.450132e-02 train_cos=0.983108 train_nmse=-14.182dB train_rec=9.194799e-06 train_recT=8.650722e-06 train_fc=1.478436e-02 train_decoder_tail=2.632447e-05
I 07.02/07:49:54 train_mapper.py:622 ] epoch=0024 train_loss=7.676785e-02 train_mse=2.365277e-02 train_cos=0.983489 train_nmse=-14.335dB train_rec=8.834214e-06 train_recT=8.290465e-06 train_fc=1.396847e-02 train_decoder_tail=2.518252e-05
I 07.02/07:51:50 train_mapper.py:622 ] epoch=0025 train_loss=7.494958e-02 train_mse=2.292255e-02 train_cos=0.983842 train_nmse=-14.472dB train_rec=8.516111e-06 train_recT=7.972472e-06 train_fc=1.330862e-02 train_decoder_tail=2.415540e-05
I 07.02/07:53:38 train_mapper.py:622 ] epoch=0026 train_loss=7.315344e-02 train_mse=2.221172e-02 train_cos=0.984225 train_nmse=-14.609dB train_rec=8.229645e-06 train_recT=7.685945e-06 train_fc=1.272622e-02 train_decoder_tail=2.324225e-05
I 07.02/07:55:28 train_mapper.py:622 ] epoch=0027 train_loss=7.170998e-02 train_mse=2.164149e-02 train_cos=0.984532 train_nmse=-14.722dB train_rec=7.994867e-06 train_recT=7.451084e-06 train_fc=1.229184e-02 train_decoder_tail=2.248947e-05
I 07.02/07:57:21 train_mapper.py:622 ] epoch=0028 train_loss=7.033699e-02 train_mse=2.109848e-02 train_cos=0.984837 train_nmse=-14.832dB train_rec=7.762067e-06 train_recT=7.218177e-06 train_fc=1.186723e-02 train_decoder_tail=2.174362e-05
I 07.02/07:59:07 train_mapper.py:622 ] epoch=0029 train_loss=6.898632e-02 train_mse=2.057391e-02 train_cos=0.985152 train_nmse=-14.941dB train_rec=7.537589e-06 train_recT=6.993613e-06 train_fc=1.150095e-02 train_decoder_tail=2.103058e-05
I 07.02/08:00:49 train_mapper.py:622 ] epoch=0030 train_loss=6.796516e-02 train_mse=2.017045e-02 train_cos=0.985381 train_nmse=-15.028dB train_rec=7.368964e-06 train_recT=6.824886e-06 train_fc=1.121721e-02 train_decoder_tail=2.045934e-05
I 07.02/08:02:35 train_mapper.py:622 ] epoch=0031 train_loss=6.678257e-02 train_mse=1.971612e-02 train_cos=0.985668 train_nmse=-15.126dB train_rec=7.180080e-06 train_recT=6.635342e-06 train_fc=1.091921e-02 train_decoder_tail=1.987585e-05
I 07.02/08:04:22 train_mapper.py:622 ] epoch=0032 train_loss=6.567537e-02 train_mse=1.928824e-02 train_cos=0.985934 train_nmse=-15.222dB train_rec=6.998940e-06 train_recT=6.455033e-06 train_fc=1.062997e-02 train_decoder_tail=1.931026e-05
I 07.02/08:06:09 train_mapper.py:622 ] epoch=0033 train_loss=6.471504e-02 train_mse=1.891952e-02 train_cos=0.986166 train_nmse=-15.306dB train_rec=6.837833e-06 train_recT=6.292952e-06 train_fc=1.039359e-02 train_decoder_tail=1.881247e-05
I 07.02/08:07:51 train_mapper.py:622 ] epoch=0034 train_loss=6.381102e-02 train_mse=1.857346e-02 train_cos=0.986385 train_nmse=-15.385dB train_rec=6.698540e-06 train_recT=6.153597e-06 train_fc=1.017738e-02 train_decoder_tail=1.833539e-05
I 07.02/08:09:34 train_mapper.py:622 ] epoch=0035 train_loss=6.298768e-02 train_mse=1.825620e-02 train_cos=0.986586 train_nmse=-15.460dB train_rec=6.565007e-06 train_recT=6.019828e-06 train_fc=9.970607e-03 train_decoder_tail=1.789711e-05
I 07.02/08:11:16 train_mapper.py:622 ] epoch=0036 train_loss=6.200543e-02 train_mse=1.788890e-02 train_cos=0.986830 train_nmse=-15.549dB train_rec=6.414790e-06 train_recT=5.869760e-06 train_fc=9.758440e-03 train_decoder_tail=1.743700e-05
I 07.02/08:13:04 train_mapper.py:622 ] epoch=0037 train_loss=6.117849e-02 train_mse=1.757577e-02 train_cos=0.987037 train_nmse=-15.625dB train_rec=6.287710e-06 train_recT=5.742660e-06 train_fc=9.555321e-03 train_decoder_tail=1.703704e-05
I 07.02/08:14:51 train_mapper.py:622 ] epoch=0038 train_loss=6.036878e-02 train_mse=1.727054e-02 train_cos=0.987237 train_nmse=-15.702dB train_rec=6.165713e-06 train_recT=5.620068e-06 train_fc=9.365131e-03 train_decoder_tail=1.664283e-05
I 07.02/08:16:29 train_mapper.py:622 ] epoch=0039 train_loss=5.969041e-02 train_mse=1.701638e-02 train_cos=0.987407 train_nmse=-15.766dB train_rec=6.045242e-06 train_recT=5.499510e-06 train_fc=9.219042e-03 train_decoder_tail=1.626957e-05
I 07.02/08:18:07 train_mapper.py:622 ] epoch=0040 train_loss=5.883970e-02 train_mse=1.670295e-02 train_cos=0.987622 train_nmse=-15.846dB train_rec=5.928942e-06 train_recT=5.383132e-06 train_fc=9.036231e-03 train_decoder_tail=1.590238e-05
I 07.02/08:19:44 train_mapper.py:622 ] epoch=0041 train_loss=5.829619e-02 train_mse=1.649855e-02 train_cos=0.987755 train_nmse=-15.900dB train_rec=5.849866e-06 train_recT=5.303968e-06 train_fc=8.925457e-03 train_decoder_tail=1.562177e-05
I 07.02/08:21:23 train_mapper.py:622 ] epoch=0042 train_loss=5.756847e-02 train_mse=1.622917e-02 train_cos=0.987938 train_nmse=-15.972dB train_rec=5.740805e-06 train_recT=5.195274e-06 train_fc=8.757246e-03 train_decoder_tail=1.529084e-05
I 07.02/08:23:02 train_mapper.py:622 ] epoch=0043 train_loss=5.694208e-02 train_mse=1.599863e-02 train_cos=0.988095 train_nmse=-16.033dB train_rec=5.640694e-06 train_recT=5.094360e-06 train_fc=8.628056e-03 train_decoder_tail=1.498184e-05
I 07.02/08:24:51 train_mapper.py:622 ] epoch=0044 train_loss=5.629023e-02 train_mse=1.575770e-02 train_cos=0.988258 train_nmse=-16.099dB train_rec=5.555704e-06 train_recT=5.009275e-06 train_fc=8.479374e-03 train_decoder_tail=1.471008e-05
I 07.02/08:26:43 train_mapper.py:622 ] epoch=0045 train_loss=5.562257e-02 train_mse=1.551672e-02 train_cos=0.988426 train_nmse=-16.166dB train_rec=5.443977e-06 train_recT=4.897288e-06 train_fc=8.343865e-03 train_decoder_tail=1.436852e-05
I 07.02/08:28:32 train_mapper.py:622 ] epoch=0046 train_loss=5.511522e-02 train_mse=1.533106e-02 train_cos=0.988551 train_nmse=-16.219dB train_rec=5.379184e-06 train_recT=4.832266e-06 train_fc=8.234493e-03 train_decoder_tail=1.414184e-05
I 07.02/08:30:19 train_mapper.py:622 ] epoch=0047 train_loss=5.455296e-02 train_mse=1.512620e-02 train_cos=0.988695 train_nmse=-16.277dB train_rec=5.297933e-06 train_recT=4.750868e-06 train_fc=8.118301e-03 train_decoder_tail=1.389473e-05
I 07.02/08:32:11 train_mapper.py:622 ] epoch=0048 train_loss=5.403275e-02 train_mse=1.493792e-02 train_cos=0.988827 train_nmse=-16.332dB train_rec=5.236347e-06 train_recT=4.689312e-06 train_fc=8.008293e-03 train_decoder_tail=1.367864e-05
I 07.02/08:33:55 train_mapper.py:622 ] epoch=0049 train_loss=5.342125e-02 train_mse=1.472140e-02 train_cos=0.988977 train_nmse=-16.395dB train_rec=5.140880e-06 train_recT=4.593617e-06 train_fc=7.887494e-03 train_decoder_tail=1.340373e-05
I 07.02/08:35:48 train_mapper.py:622 ] epoch=0050 train_loss=5.292556e-02 train_mse=1.454247e-02 train_cos=0.989102 train_nmse=-16.448dB train_rec=5.075124e-06 train_recT=4.528245e-06 train_fc=7.781885e-03 train_decoder_tail=1.318391e-05
I 07.02/08:37:37 train_mapper.py:622 ] epoch=0051 train_loss=5.246347e-02 train_mse=1.437801e-02 train_cos=0.989218 train_nmse=-16.497dB train_rec=5.005747e-06 train_recT=4.458514e-06 train_fc=7.702543e-03 train_decoder_tail=1.298013e-05
I 07.02/08:39:21 train_mapper.py:622 ] epoch=0052 train_loss=5.202806e-02 train_mse=1.422012e-02 train_cos=0.989327 train_nmse=-16.545dB train_rec=4.952121e-06 train_recT=4.404674e-06 train_fc=7.609162e-03 train_decoder_tail=1.279304e-05
I 07.02/08:41:08 train_mapper.py:622 ] epoch=0053 train_loss=5.157469e-02 train_mse=1.405981e-02 train_cos=0.989439 train_nmse=-16.595dB train_rec=4.883379e-06 train_recT=4.335872e-06 train_fc=7.517073e-03 train_decoder_tail=1.258367e-05
I 07.02/08:42:44 train_mapper.py:622 ] epoch=0054 train_loss=5.103285e-02 train_mse=1.387115e-02 train_cos=0.989575 train_nmse=-16.654dB train_rec=4.824109e-06 train_recT=4.276413e-06 train_fc=7.408941e-03 train_decoder_tail=1.240576e-05
I 07.02/08:44:28 train_mapper.py:622 ] epoch=0055 train_loss=5.059501e-02 train_mse=1.371591e-02 train_cos=0.989683 train_nmse=-16.702dB train_rec=4.747166e-06 train_recT=4.199338e-06 train_fc=7.318390e-03 train_decoder_tail=1.215917e-05
I 07.02/08:46:13 train_mapper.py:622 ] epoch=0056 train_loss=5.024153e-02 train_mse=1.358855e-02 train_cos=0.989772 train_nmse=-16.742dB train_rec=4.703415e-06 train_recT=4.155706e-06 train_fc=7.249031e-03 train_decoder_tail=1.201259e-05
I 07.02/08:47:57 train_mapper.py:622 ] epoch=0057 train_loss=4.993398e-02 train_mse=1.347965e-02 train_cos=0.989847 train_nmse=-16.778dB train_rec=4.657671e-06 train_recT=4.109512e-06 train_fc=7.189559e-03 train_decoder_tail=1.185622e-05
I 07.02/08:49:41 train_mapper.py:622 ] epoch=0058 train_loss=4.938962e-02 train_mse=1.329453e-02 train_cos=0.989984 train_nmse=-16.838dB train_rec=4.601927e-06 train_recT=4.053960e-06 train_fc=7.087092e-03 train_decoder_tail=1.171390e-05
I 07.02/08:51:29 train_mapper.py:622 ] epoch=0059 train_loss=4.907162e-02 train_mse=1.317955e-02 train_cos=0.990062 train_nmse=-16.875dB train_rec=4.547439e-06 train_recT=3.999447e-06 train_fc=7.016194e-03 train_decoder_tail=1.153333e-05
I 07.02/08:53:12 train_mapper.py:622 ] epoch=0060 train_loss=4.856826e-02 train_mse=1.300929e-02 train_cos=0.990188 train_nmse=-16.932dB train_rec=4.493349e-06 train_recT=3.945072e-06 train_fc=6.920358e-03 train_decoder_tail=1.137355e-05
I 07.02/08:54:47 train_mapper.py:622 ] epoch=0061 train_loss=4.828865e-02 train_mse=1.290856e-02 train_cos=0.990255 train_nmse=-16.965dB train_rec=4.441235e-06 train_recT=3.892920e-06 train_fc=6.864307e-03 train_decoder_tail=1.120754e-05
I 07.02/08:56:30 train_mapper.py:622 ] epoch=0062 train_loss=4.799922e-02 train_mse=1.280773e-02 train_cos=0.990328 train_nmse=-17.000dB train_rec=4.411955e-06 train_recT=3.863192e-06 train_fc=6.812897e-03 train_decoder_tail=1.110809e-05
I 07.02/08:58:18 train_mapper.py:622 ] epoch=0063 train_loss=4.759785e-02 train_mse=1.267163e-02 train_cos=0.990429 train_nmse=-17.046dB train_rec=4.356674e-06 train_recT=3.808062e-06 train_fc=6.744635e-03 train_decoder_tail=1.096231e-05
I 07.02/09:00:07 train_mapper.py:622 ] epoch=0064 train_loss=4.730754e-02 train_mse=1.256997e-02 train_cos=0.990499 train_nmse=-17.081dB train_rec=4.320599e-06 train_recT=3.772285e-06 train_fc=6.692046e-03 train_decoder_tail=1.082952e-05
I 07.02/09:01:53 train_mapper.py:622 ] epoch=0065 train_loss=4.690166e-02 train_mse=1.243337e-02 train_cos=0.990599 train_nmse=-17.128dB train_rec=4.268929e-06 train_recT=3.721279e-06 train_fc=6.606623e-03 train_decoder_tail=1.068656e-05
I 07.02/09:03:47 train_mapper.py:622 ] epoch=0066 train_loss=4.657648e-02 train_mse=1.231997e-02 train_cos=0.990679 train_nmse=-17.168dB train_rec=4.223892e-06 train_recT=3.675209e-06 train_fc=6.542956e-03 train_decoder_tail=1.054110e-05
I 07.02/09:05:38 train_mapper.py:622 ] epoch=0067 train_loss=4.630181e-02 train_mse=1.222616e-02 train_cos=0.990747 train_nmse=-17.201dB train_rec=4.197159e-06 train_recT=3.648429e-06 train_fc=6.492996e-03 train_decoder_tail=1.044862e-05
I 07.02/09:07:26 train_mapper.py:622 ] epoch=0068 train_loss=4.602374e-02 train_mse=1.212933e-02 train_cos=0.990816 train_nmse=-17.236dB train_rec=4.157267e-06 train_recT=3.608593e-06 train_fc=6.439596e-03 train_decoder_tail=1.031869e-05
I 07.02/09:09:01 train_mapper.py:622 ] epoch=0069 train_loss=4.565334e-02 train_mse=1.200832e-02 train_cos=0.990907 train_nmse=-17.279dB train_rec=4.105910e-06 train_recT=3.557276e-06 train_fc=6.375269e-03 train_decoder_tail=1.020254e-05
I 07.02/09:10:48 train_mapper.py:622 ] epoch=0070 train_loss=4.547657e-02 train_mse=1.194414e-02 train_cos=0.990948 train_nmse=-17.303dB train_rec=4.082489e-06 train_recT=3.533339e-06 train_fc=6.339310e-03 train_decoder_tail=1.010889e-05
I 07.02/09:12:30 train_mapper.py:622 ] epoch=0071 train_loss=4.514740e-02 train_mse=1.183313e-02 train_cos=0.991029 train_nmse=-17.343dB train_rec=4.039323e-06 train_recT=3.490346e-06 train_fc=6.270738e-03 train_decoder_tail=9.980106e-06
I 07.02/09:14:11 train_mapper.py:622 ] epoch=0072 train_loss=4.492938e-02 train_mse=1.175857e-02 train_cos=0.991081 train_nmse=-17.371dB train_rec=4.015997e-06 train_recT=3.466829e-06 train_fc=6.231396e-03 train_decoder_tail=9.900098e-06
I 07.02/09:15:47 train_mapper.py:622 ] epoch=0073 train_loss=4.447289e-02 train_mse=1.161096e-02 train_cos=0.991195 train_nmse=-17.426dB train_rec=3.954699e-06 train_recT=3.405775e-06 train_fc=6.157502e-03 train_decoder_tail=9.757379e-06
I 07.02/09:17:35 train_mapper.py:622 ] epoch=0074 train_loss=4.430635e-02 train_mse=1.155151e-02 train_cos=0.991235 train_nmse=-17.448dB train_rec=3.933709e-06 train_recT=3.384798e-06 train_fc=6.119777e-03 train_decoder_tail=9.675506e-06
I 07.02/09:19:22 train_mapper.py:622 ] epoch=0075 train_loss=4.407726e-02 train_mse=1.147332e-02 train_cos=0.991290 train_nmse=-17.478dB train_rec=3.913900e-06 train_recT=3.364572e-06 train_fc=6.076269e-03 train_decoder_tail=9.595269e-06
I 07.02/09:21:14 train_mapper.py:622 ] epoch=0076 train_loss=4.374367e-02 train_mse=1.136498e-02 train_cos=0.991371 train_nmse=-17.519dB train_rec=3.868043e-06 train_recT=3.318945e-06 train_fc=6.022715e-03 train_decoder_tail=9.490136e-06
I 07.02/09:23:05 train_mapper.py:622 ] epoch=0077 train_loss=4.358975e-02 train_mse=1.130921e-02 train_cos=0.991409 train_nmse=-17.540dB train_rec=3.843901e-06 train_recT=3.294567e-06 train_fc=5.984440e-03 train_decoder_tail=9.393974e-06
I 07.02/09:24:51 train_mapper.py:622 ] epoch=0078 train_loss=4.323234e-02 train_mse=1.119385e-02 train_cos=0.991494 train_nmse=-17.584dB train_rec=3.799374e-06 train_recT=3.250173e-06 train_fc=5.920714e-03 train_decoder_tail=9.289853e-06
I 07.02/09:26:38 train_mapper.py:622 ] epoch=0079 train_loss=4.304542e-02 train_mse=1.112868e-02 train_cos=0.991541 train_nmse=-17.610dB train_rec=3.782281e-06 train_recT=3.233189e-06 train_fc=5.886117e-03 train_decoder_tail=9.217520e-06
I 07.02/09:28:23 train_mapper.py:622 ] epoch=0080 train_loss=4.293376e-02 train_mse=1.108896e-02 train_cos=0.991567 train_nmse=-17.625dB train_rec=3.769351e-06 train_recT=3.219975e-06 train_fc=5.873676e-03 train_decoder_tail=9.164378e-06
I 07.02/09:30:05 train_mapper.py:622 ] epoch=0081 train_loss=4.252944e-02 train_mse=1.096041e-02 train_cos=0.991666 train_nmse=-17.676dB train_rec=3.716338e-06 train_recT=3.166887e-06 train_fc=5.804599e-03 train_decoder_tail=9.048605e-06
I 07.02/09:31:45 train_mapper.py:622 ] epoch=0082 train_loss=4.237461e-02 train_mse=1.090667e-02 train_cos=0.991704 train_nmse=-17.698dB train_rec=3.704418e-06 train_recT=3.155060e-06 train_fc=5.768531e-03 train_decoder_tail=8.988953e-06
I 07.02/09:33:30 train_mapper.py:622 ] epoch=0083 train_loss=4.211377e-02 train_mse=1.082113e-02 train_cos=0.991767 train_nmse=-17.732dB train_rec=3.669713e-06 train_recT=3.120343e-06 train_fc=5.724592e-03 train_decoder_tail=8.899889e-06
I 07.02/09:35:12 train_mapper.py:622 ] epoch=0084 train_loss=4.198165e-02 train_mse=1.077420e-02 train_cos=0.991798 train_nmse=-17.750dB train_rec=3.651811e-06 train_recT=3.102536e-06 train_fc=5.696567e-03 train_decoder_tail=8.831362e-06
I 07.02/09:36:51 train_mapper.py:622 ] epoch=0085 train_loss=4.174595e-02 train_mse=1.069835e-02 train_cos=0.991856 train_nmse=-17.781dB train_rec=3.622325e-06 train_recT=3.073075e-06 train_fc=5.659168e-03 train_decoder_tail=8.750975e-06
I 07.02/09:38:40 train_mapper.py:622 ] epoch=0086 train_loss=4.146232e-02 train_mse=1.060732e-02 train_cos=0.991923 train_nmse=-17.818dB train_rec=3.591604e-06 train_recT=3.042293e-06 train_fc=5.614166e-03 train_decoder_tail=8.683889e-06
I 07.02/09:40:34 train_mapper.py:622 ] epoch=0087 train_loss=4.128657e-02 train_mse=1.054829e-02 train_cos=0.991966 train_nmse=-17.843dB train_rec=3.566024e-06 train_recT=3.016482e-06 train_fc=5.573337e-03 train_decoder_tail=8.598616e-06
I 07.02/09:42:22 train_mapper.py:622 ] epoch=0088 train_loss=4.111704e-02 train_mse=1.049176e-02 train_cos=0.992007 train_nmse=-17.866dB train_rec=3.547023e-06 train_recT=2.997748e-06 train_fc=5.542900e-03 train_decoder_tail=8.538945e-06
I 07.02/09:44:11 train_mapper.py:622 ] epoch=0089 train_loss=4.081768e-02 train_mse=1.039684e-02 train_cos=0.992080 train_nmse=-17.905dB train_rec=3.510393e-06 train_recT=2.960844e-06 train_fc=5.496158e-03 train_decoder_tail=8.457297e-06
I 07.02/09:45:55 train_mapper.py:622 ] epoch=0090 train_loss=4.079808e-02 train_mse=1.038495e-02 train_cos=0.992085 train_nmse=-17.910dB train_rec=3.516049e-06 train_recT=2.966374e-06 train_fc=5.490985e-03 train_decoder_tail=8.446305e-06
I 07.02/09:47:38 train_mapper.py:622 ] epoch=0091 train_loss=4.054725e-02 train_mse=1.030391e-02 train_cos=0.992147 train_nmse=-17.944dB train_rec=3.490866e-06 train_recT=2.941392e-06 train_fc=5.451051e-03 train_decoder_tail=8.365193e-06
I 07.02/09:49:23 train_mapper.py:622 ] epoch=0092 train_loss=4.033068e-02 train_mse=1.023351e-02 train_cos=0.992199 train_nmse=-17.974dB train_rec=3.459689e-06 train_recT=2.910240e-06 train_fc=5.404248e-03 train_decoder_tail=8.301849e-06
I 07.02/09:51:12 train_mapper.py:622 ] epoch=0093 train_loss=4.013574e-02 train_mse=1.017057e-02 train_cos=0.992243 train_nmse=-18.001dB train_rec=3.434224e-06 train_recT=2.884746e-06 train_fc=5.368260e-03 train_decoder_tail=8.225440e-06
I 07.02/09:53:04 train_mapper.py:622 ] epoch=0094 train_loss=3.991783e-02 train_mse=1.010041e-02 train_cos=0.992295 train_nmse=-18.031dB train_rec=3.412394e-06 train_recT=2.862798e-06 train_fc=5.332336e-03 train_decoder_tail=8.160488e-06
I 07.02/09:54:44 train_mapper.py:622 ] epoch=0095 train_loss=3.983203e-02 train_mse=1.006946e-02 train_cos=0.992318 train_nmse=-18.044dB train_rec=3.406067e-06 train_recT=2.856453e-06 train_fc=5.320468e-03 train_decoder_tail=8.129770e-06
I 07.02/09:56:30 train_mapper.py:622 ] epoch=0096 train_loss=3.966834e-02 train_mse=1.001732e-02 train_cos=0.992358 train_nmse=-18.067dB train_rec=3.386128e-06 train_recT=2.836234e-06 train_fc=5.297739e-03 train_decoder_tail=8.086338e-06
I 07.02/09:58:13 train_mapper.py:622 ] epoch=0097 train_loss=3.939552e-02 train_mse=9.929716e-03 train_cos=0.992422 train_nmse=-18.105dB train_rec=3.357342e-06 train_recT=2.808259e-06 train_fc=5.244099e-03 train_decoder_tail=8.006910e-06
I 07.02/09:59:58 train_mapper.py:622 ] epoch=0098 train_loss=3.924446e-02 train_mse=9.880762e-03 train_cos=0.992459 train_nmse=-18.126dB train_rec=3.342033e-06 train_recT=2.791991e-06 train_fc=5.222563e-03 train_decoder_tail=7.971037e-06
I 07.02/10:01:38 train_mapper.py:622 ] epoch=0099 train_loss=3.911471e-02 train_mse=9.836947e-03 train_cos=0.992491 train_nmse=-18.146dB train_rec=3.326533e-06 train_recT=2.776743e-06 train_fc=5.195892e-03 train_decoder_tail=7.923563e-06
I 07.02/10:03:17 train_mapper.py:622 ] epoch=0100 train_loss=3.893140e-02 train_mse=9.778024e-03 train_cos=0.992533 train_nmse=-18.172dB train_rec=3.301202e-06 train_recT=2.752014e-06 train_fc=5.164335e-03 train_decoder_tail=7.849589e-06
I 07.02/10:04:55 train_mapper.py:622 ] epoch=0101 train_loss=3.884882e-02 train_mse=9.747834e-03 train_cos=0.992554 train_nmse=-18.185dB train_rec=3.299547e-06 train_recT=2.749815e-06 train_fc=5.145362e-03 train_decoder_tail=7.829505e-06
I 07.02/10:06:41 train_mapper.py:622 ] epoch=0102 train_loss=3.848351e-02 train_mse=9.637014e-03 train_cos=0.992642 train_nmse=-18.235dB train_rec=3.251819e-06 train_recT=2.702195e-06 train_fc=5.090681e-03 train_decoder_tail=7.738601e-06
I 07.02/10:08:19 train_mapper.py:622 ] epoch=0103 train_loss=3.850266e-02 train_mse=9.635666e-03 train_cos=0.992636 train_nmse=-18.236dB train_rec=3.262153e-06 train_recT=2.712494e-06 train_fc=5.084476e-03 train_decoder_tail=7.718088e-06
I 07.02/10:09:57 train_mapper.py:622 ] epoch=0104 train_loss=3.821196e-02 train_mse=9.547504e-03 train_cos=0.992707 train_nmse=-18.275dB train_rec=3.230974e-06 train_recT=2.681124e-06 train_fc=5.046574e-03 train_decoder_tail=7.665693e-06
I 07.02/10:11:38 train_mapper.py:622 ] epoch=0105 train_loss=3.811628e-02 train_mse=9.514285e-03 train_cos=0.992731 train_nmse=-18.291dB train_rec=3.220642e-06 train_recT=2.670920e-06 train_fc=5.024720e-03 train_decoder_tail=7.633353e-06
I 07.02/10:13:16 train_mapper.py:622 ] epoch=0106 train_loss=3.791771e-02 train_mse=9.451484e-03 train_cos=0.992777 train_nmse=-18.319dB train_rec=3.188085e-06 train_recT=2.638758e-06 train_fc=4.993544e-03 train_decoder_tail=7.553555e-06
I 07.02/10:14:52 train_mapper.py:622 ] epoch=0107 train_loss=3.778445e-02 train_mse=9.406927e-03 train_cos=0.992809 train_nmse=-18.339dB train_rec=3.182770e-06 train_recT=2.633270e-06 train_fc=4.964887e-03 train_decoder_tail=7.532086e-06
I 07.02/10:16:27 train_mapper.py:622 ] epoch=0108 train_loss=3.774515e-02 train_mse=9.391648e-03 train_cos=0.992820 train_nmse=-18.347dB train_rec=3.178778e-06 train_recT=2.629489e-06 train_fc=4.963535e-03 train_decoder_tail=7.514984e-06
I 07.02/10:18:05 train_mapper.py:622 ] epoch=0109 train_loss=3.742348e-02 train_mse=9.293337e-03 train_cos=0.992896 train_nmse=-18.393dB train_rec=3.140845e-06 train_recT=2.591388e-06 train_fc=4.910491e-03 train_decoder_tail=7.429264e-06
I 07.02/10:19:39 train_mapper.py:622 ] epoch=0110 train_loss=3.738761e-02 train_mse=9.276778e-03 train_cos=0.992904 train_nmse=-18.400dB train_rec=3.133916e-06 train_recT=2.584425e-06 train_fc=4.896692e-03 train_decoder_tail=7.394812e-06
I 07.02/10:21:20 train_mapper.py:622 ] epoch=0111 train_loss=3.726185e-02 train_mse=9.235715e-03 train_cos=0.992936 train_nmse=-18.419dB train_rec=3.123163e-06 train_recT=2.573528e-06 train_fc=4.877683e-03 train_decoder_tail=7.368023e-06
I 07.02/10:22:59 train_mapper.py:622 ] epoch=0112 train_loss=3.707506e-02 train_mse=9.177975e-03 train_cos=0.992980 train_nmse=-18.447dB train_rec=3.100092e-06 train_recT=2.550629e-06 train_fc=4.846435e-03 train_decoder_tail=7.305792e-06
I 07.02/10:24:35 train_mapper.py:622 ] epoch=0113 train_loss=3.689835e-02 train_mse=9.121502e-03 train_cos=0.993020 train_nmse=-18.473dB train_rec=3.082763e-06 train_recT=2.533217e-06 train_fc=4.814303e-03 train_decoder_tail=7.263774e-06
I 07.02/10:26:16 train_mapper.py:622 ] epoch=0114 train_loss=3.682947e-02 train_mse=9.096560e-03 train_cos=0.993039 train_nmse=-18.485dB train_rec=3.083142e-06 train_recT=2.533487e-06 train_fc=4.806279e-03 train_decoder_tail=7.253580e-06
I 07.02/10:27:58 train_mapper.py:622 ] epoch=0115 train_loss=3.674551e-02 train_mse=9.068200e-03 train_cos=0.993060 train_nmse=-18.499dB train_rec=3.061990e-06 train_recT=2.512397e-06 train_fc=4.791574e-03 train_decoder_tail=7.202626e-06
I 07.02/10:29:42 train_mapper.py:622 ] epoch=0116 train_loss=3.659514e-02 train_mse=9.021432e-03 train_cos=0.993096 train_nmse=-18.521dB train_rec=3.056807e-06 train_recT=2.507237e-06 train_fc=4.769657e-03 train_decoder_tail=7.188441e-06
I 07.02/10:31:24 train_mapper.py:622 ] epoch=0117 train_loss=3.645260e-02 train_mse=8.976714e-03 train_cos=0.993130 train_nmse=-18.543dB train_rec=3.037623e-06 train_recT=2.488306e-06 train_fc=4.743951e-03 train_decoder_tail=7.138857e-06
I 07.02/10:33:00 train_mapper.py:622 ] epoch=0118 train_loss=3.623331e-02 train_mse=8.907827e-03 train_cos=0.993180 train_nmse=-18.577dB train_rec=3.016346e-06 train_recT=2.466935e-06 train_fc=4.702131e-03 train_decoder_tail=7.092381e-06
I 07.02/10:34:32 train_mapper.py:622 ] epoch=0119 train_loss=3.610026e-02 train_mse=8.866370e-03 train_cos=0.993210 train_nmse=-18.597dB train_rec=2.998514e-06 train_recT=2.449311e-06 train_fc=4.681972e-03 train_decoder_tail=7.043383e-06
I 07.02/10:35:54 train_mapper.py:622 ] epoch=0120 train_loss=3.596284e-02 train_mse=8.822101e-03 train_cos=0.993244 train_nmse=-18.618dB train_rec=2.988429e-06 train_recT=2.438617e-06 train_fc=4.660901e-03 train_decoder_tail=7.019941e-06
I 07.02/10:37:26 train_mapper.py:622 ] epoch=0121 train_loss=3.594692e-02 train_mse=8.813270e-03 train_cos=0.993249 train_nmse=-18.623dB train_rec=2.989493e-06 train_recT=2.439980e-06 train_fc=4.653269e-03 train_decoder_tail=7.001253e-06
I 07.02/10:38:52 train_mapper.py:622 ] epoch=0122 train_loss=3.575909e-02 train_mse=8.755267e-03 train_cos=0.993295 train_nmse=-18.652dB train_rec=2.963628e-06 train_recT=2.414485e-06 train_fc=4.625891e-03 train_decoder_tail=6.948492e-06
I 07.02/10:40:25 train_mapper.py:622 ] epoch=0123 train_loss=3.563208e-02 train_mse=8.713989e-03 train_cos=0.993324 train_nmse=-18.672dB train_rec=2.955717e-06 train_recT=2.406699e-06 train_fc=4.604367e-03 train_decoder_tail=6.922185e-06
I 07.02/10:41:56 train_mapper.py:622 ] epoch=0124 train_loss=3.560357e-02 train_mse=8.701877e-03 train_cos=0.993332 train_nmse=-18.678dB train_rec=2.957842e-06 train_recT=2.408360e-06 train_fc=4.598431e-03 train_decoder_tail=6.918321e-06
I 07.02/10:43:28 train_mapper.py:622 ] epoch=0125 train_loss=3.539045e-02 train_mse=8.637529e-03 train_cos=0.993381 train_nmse=-18.710dB train_rec=2.934111e-06 train_recT=2.384843e-06 train_fc=4.565696e-03 train_decoder_tail=6.866069e-06
I 07.02/10:45:05 train_mapper.py:622 ] epoch=0126 train_loss=3.523801e-02 train_mse=8.590454e-03 train_cos=0.993417 train_nmse=-18.734dB train_rec=2.908028e-06 train_recT=2.358708e-06 train_fc=4.539645e-03 train_decoder_tail=6.813220e-06
I 07.02/10:46:42 train_mapper.py:622 ] epoch=0127 train_loss=3.516396e-02 train_mse=8.564082e-03 train_cos=0.993434 train_nmse=-18.747dB train_rec=2.912006e-06 train_recT=2.362330e-06 train_fc=4.519327e-03 train_decoder_tail=6.797785e-06
I 07.02/10:48:22 train_mapper.py:622 ] epoch=0128 train_loss=3.501389e-02 train_mse=8.519000e-03 train_cos=0.993469 train_nmse=-18.770dB train_rec=2.892332e-06 train_recT=2.343006e-06 train_fc=4.500896e-03 train_decoder_tail=6.754356e-06
I 07.02/10:49:46 train_mapper.py:622 ] epoch=0129 train_loss=3.498657e-02 train_mse=8.506454e-03 train_cos=0.993477 train_nmse=-18.777dB train_rec=2.892743e-06 train_recT=2.343455e-06 train_fc=4.494075e-03 train_decoder_tail=6.749726e-06
I 07.02/10:51:12 train_mapper.py:622 ] epoch=0130 train_loss=3.482064e-02 train_mse=8.457794e-03 train_cos=0.993515 train_nmse=-18.802dB train_rec=2.877742e-06 train_recT=2.328115e-06 train_fc=4.472647e-03 train_decoder_tail=6.718862e-06
I 07.02/10:52:36 train_mapper.py:622 ] epoch=0131 train_loss=3.479005e-02 train_mse=8.444130e-03 train_cos=0.993526 train_nmse=-18.808dB train_rec=2.878287e-06 train_recT=2.328566e-06 train_fc=4.461101e-03 train_decoder_tail=6.706814e-06
I 07.02/10:53:59 train_mapper.py:622 ] epoch=0132 train_loss=3.456332e-02 train_mse=8.376326e-03 train_cos=0.993575 train_nmse=-18.843dB train_rec=2.841612e-06 train_recT=2.292758e-06 train_fc=4.421405e-03 train_decoder_tail=6.634786e-06
I 07.02/10:55:26 train_mapper.py:622 ] epoch=0133 train_loss=3.452435e-02 train_mse=8.360907e-03 train_cos=0.993586 train_nmse=-18.851dB train_rec=2.845517e-06 train_recT=2.296357e-06 train_fc=4.413642e-03 train_decoder_tail=6.632188e-06
I 07.02/10:56:51 train_mapper.py:622 ] epoch=0134 train_loss=3.436859e-02 train_mse=8.314678e-03 train_cos=0.993622 train_nmse=-18.876dB train_rec=2.825397e-06 train_recT=2.276276e-06 train_fc=4.395750e-03 train_decoder_tail=6.591076e-06
I 07.02/10:58:16 train_mapper.py:622 ] epoch=0135 train_loss=3.438948e-02 train_mse=8.315833e-03 train_cos=0.993617 train_nmse=-18.875dB train_rec=2.835494e-06 train_recT=2.285642e-06 train_fc=4.392365e-03 train_decoder_tail=6.592645e-06
I 07.02/10:59:39 train_mapper.py:622 ] epoch=0136 train_loss=3.411205e-02 train_mse=8.235462e-03 train_cos=0.993682 train_nmse=-18.917dB train_rec=2.804429e-06 train_recT=2.255449e-06 train_fc=4.352033e-03 train_decoder_tail=6.535706e-06
I 07.02/11:01:05 train_mapper.py:622 ] epoch=0137 train_loss=3.410888e-02 train_mse=8.231653e-03 train_cos=0.993683 train_nmse=-18.919dB train_rec=2.804423e-06 train_recT=2.255108e-06 train_fc=4.348516e-03 train_decoder_tail=6.533981e-06
I 07.02/11:02:29 train_mapper.py:622 ] epoch=0138 train_loss=3.395978e-02 train_mse=8.185408e-03 train_cos=0.993715 train_nmse=-18.944dB train_rec=2.788501e-06 train_recT=2.239532e-06 train_fc=4.322021e-03 train_decoder_tail=6.483115e-06
I 07.02/11:03:54 train_mapper.py:622 ] epoch=0139 train_loss=3.386101e-02 train_mse=8.154948e-03 train_cos=0.993737 train_nmse=-18.960dB train_rec=2.777560e-06 train_recT=2.228269e-06 train_fc=4.302564e-03 train_decoder_tail=6.459071e-06
I 07.02/11:05:20 train_mapper.py:622 ] epoch=0140 train_loss=3.367561e-02 train_mse=8.099931e-03 train_cos=0.993780 train_nmse=-18.989dB train_rec=2.755942e-06 train_recT=2.206940e-06 train_fc=4.274292e-03 train_decoder_tail=6.416581e-06
I 07.02/11:06:43 train_mapper.py:622 ] epoch=0141 train_loss=3.368383e-02 train_mse=8.098353e-03 train_cos=0.993779 train_nmse=-18.990dB train_rec=2.760751e-06 train_recT=2.211659e-06 train_fc=4.269777e-03 train_decoder_tail=6.414458e-06
I 07.02/11:08:09 train_mapper.py:622 ] epoch=0142 train_loss=3.350946e-02 train_mse=8.047140e-03 train_cos=0.993820 train_nmse=-19.018dB train_rec=2.745239e-06 train_recT=2.196038e-06 train_fc=4.248322e-03 train_decoder_tail=6.371943e-06
I 07.02/11:09:33 train_mapper.py:622 ] epoch=0143 train_loss=3.347271e-02 train_mse=8.034075e-03 train_cos=0.993829 train_nmse=-19.025dB train_rec=2.742768e-06 train_recT=2.193641e-06 train_fc=4.244876e-03 train_decoder_tail=6.377254e-06
I 07.02/11:10:58 train_mapper.py:622 ] epoch=0144 train_loss=3.332215e-02 train_mse=7.989136e-03 train_cos=0.993863 train_nmse=-19.050dB train_rec=2.729385e-06 train_recT=2.179780e-06 train_fc=4.216068e-03 train_decoder_tail=6.336263e-06
I 07.02/11:12:25 train_mapper.py:622 ] epoch=0145 train_loss=3.327647e-02 train_mse=7.974310e-03 train_cos=0.993873 train_nmse=-19.057dB train_rec=2.716865e-06 train_recT=2.167920e-06 train_fc=4.210703e-03 train_decoder_tail=6.314455e-06
I 07.02/11:13:50 train_mapper.py:622 ] epoch=0146 train_loss=3.319771e-02 train_mse=7.947454e-03 train_cos=0.993891 train_nmse=-19.072dB train_rec=2.718862e-06 train_recT=2.169786e-06 train_fc=4.190758e-03 train_decoder_tail=6.298631e-06
I 07.02/11:15:17 train_mapper.py:622 ] epoch=0147 train_loss=3.299066e-02 train_mse=7.888561e-03 train_cos=0.993938 train_nmse=-19.104dB train_rec=2.694099e-06 train_recT=2.145153e-06 train_fc=4.161964e-03 train_decoder_tail=6.248709e-06
I 07.02/11:16:39 train_mapper.py:622 ] epoch=0148 train_loss=3.301859e-02 train_mse=7.892075e-03 train_cos=0.993933 train_nmse=-19.102dB train_rec=2.700817e-06 train_recT=2.151660e-06 train_fc=4.160679e-03 train_decoder_tail=6.255938e-06
I 07.02/11:18:04 train_mapper.py:622 ] epoch=0149 train_loss=3.293001e-02 train_mse=7.865959e-03 train_cos=0.993952 train_nmse=-19.117dB train_rec=2.688719e-06 train_recT=2.139839e-06 train_fc=4.149861e-03 train_decoder_tail=6.223997e-06
I 07.02/11:19:28 train_mapper.py:622 ] epoch=0150 train_loss=3.265877e-02 train_mse=7.787932e-03 train_cos=0.994013 train_nmse=-19.160dB train_rec=2.663288e-06 train_recT=2.114719e-06 train_fc=4.108915e-03 train_decoder_tail=6.180793e-06
I 07.02/11:20:51 train_mapper.py:622 ] epoch=0151 train_loss=3.270370e-02 train_mse=7.796886e-03 train_cos=0.994003 train_nmse=-19.155dB train_rec=2.670814e-06 train_recT=2.122016e-06 train_fc=4.109622e-03 train_decoder_tail=6.175144e-06
I 07.02/11:22:14 train_mapper.py:622 ] epoch=0152 train_loss=3.261017e-02 train_mse=7.769020e-03 train_cos=0.994026 train_nmse=-19.171dB train_rec=2.662188e-06 train_recT=2.112966e-06 train_fc=4.099562e-03 train_decoder_tail=6.154070e-06
I 07.02/11:23:36 train_mapper.py:622 ] epoch=0153 train_loss=3.250190e-02 train_mse=7.736982e-03 train_cos=0.994051 train_nmse=-19.188dB train_rec=2.647544e-06 train_recT=2.098477e-06 train_fc=4.080895e-03 train_decoder_tail=6.129965e-06
I 07.02/11:24:58 train_mapper.py:622 ] epoch=0154 train_loss=3.244550e-02 train_mse=7.718378e-03 train_cos=0.994062 train_nmse=-19.199dB train_rec=2.646100e-06 train_recT=2.097245e-06 train_fc=4.070195e-03 train_decoder_tail=6.120249e-06
I 07.02/11:26:23 train_mapper.py:622 ] epoch=0155 train_loss=3.224638e-02 train_mse=7.660793e-03 train_cos=0.994107 train_nmse=-19.231dB train_rec=2.628493e-06 train_recT=2.079438e-06 train_fc=4.040211e-03 train_decoder_tail=6.077713e-06
I 07.02/11:27:47 train_mapper.py:622 ] epoch=0156 train_loss=3.231275e-02 train_mse=7.675641e-03 train_cos=0.994093 train_nmse=-19.223dB train_rec=2.638432e-06 train_recT=2.089414e-06 train_fc=4.044807e-03 train_decoder_tail=6.084023e-06
I 07.02/11:29:12 train_mapper.py:622 ] epoch=0157 train_loss=3.214838e-02 train_mse=7.629917e-03 train_cos=0.994128 train_nmse=-19.249dB train_rec=2.613444e-06 train_recT=2.064664e-06 train_fc=4.022320e-03 train_decoder_tail=6.046816e-06
I 07.02/11:30:35 train_mapper.py:622 ] epoch=0158 train_loss=3.207705e-02 train_mse=7.607135e-03 train_cos=0.994147 train_nmse=-19.262dB train_rec=2.609720e-06 train_recT=2.060788e-06 train_fc=4.011405e-03 train_decoder_tail=6.034951e-06
I 07.02/11:31:57 train_mapper.py:622 ] epoch=0159 train_loss=3.205169e-02 train_mse=7.597829e-03 train_cos=0.994154 train_nmse=-19.267dB train_rec=2.613385e-06 train_recT=2.064206e-06 train_fc=4.003474e-03 train_decoder_tail=6.037799e-06
I 07.02/11:33:21 train_mapper.py:622 ] epoch=0160 train_loss=3.188261e-02 train_mse=7.548775e-03 train_cos=0.994189 train_nmse=-19.295dB train_rec=2.593767e-06 train_recT=2.044693e-06 train_fc=3.977497e-03 train_decoder_tail=5.992976e-06
I 07.02/11:34:45 train_mapper.py:622 ] epoch=0161 train_loss=3.183511e-02 train_mse=7.533496e-03 train_cos=0.994201 train_nmse=-19.304dB train_rec=2.590137e-06 train_recT=2.041307e-06 train_fc=3.971700e-03 train_decoder_tail=5.976963e-06
I 07.02/11:36:10 train_mapper.py:622 ] epoch=0162 train_loss=3.178612e-02 train_mse=7.517849e-03 train_cos=0.994211 train_nmse=-19.313dB train_rec=2.583157e-06 train_recT=2.034157e-06 train_fc=3.961573e-03 train_decoder_tail=5.956603e-06
I 07.02/11:37:34 train_mapper.py:622 ] epoch=0163 train_loss=3.170844e-02 train_mse=7.494402e-03 train_cos=0.994230 train_nmse=-19.327dB train_rec=2.572525e-06 train_recT=2.023840e-06 train_fc=3.944970e-03 train_decoder_tail=5.936062e-06
I 07.02/11:38:56 train_mapper.py:622 ] epoch=0164 train_loss=3.158769e-02 train_mse=7.459360e-03 train_cos=0.994256 train_nmse=-19.347dB train_rec=2.564085e-06 train_recT=2.014866e-06 train_fc=3.928736e-03 train_decoder_tail=5.916584e-06
I 07.02/11:40:18 train_mapper.py:622 ] epoch=0165 train_loss=3.154291e-02 train_mse=7.445022e-03 train_cos=0.994268 train_nmse=-19.355dB train_rec=2.562443e-06 train_recT=2.013712e-06 train_fc=3.923873e-03 train_decoder_tail=5.910518e-06
I 07.02/11:41:41 train_mapper.py:622 ] epoch=0166 train_loss=3.146446e-02 train_mse=7.420572e-03 train_cos=0.994285 train_nmse=-19.370dB train_rec=2.559241e-06 train_recT=2.010446e-06 train_fc=3.909289e-03 train_decoder_tail=5.896007e-06
I 07.02/11:43:06 train_mapper.py:622 ] epoch=0167 train_loss=3.131811e-02 train_mse=7.379544e-03 train_cos=0.994316 train_nmse=-19.394dB train_rec=2.541561e-06 train_recT=1.992758e-06 train_fc=3.887446e-03 train_decoder_tail=5.862495e-06
I 07.02/11:44:28 train_mapper.py:622 ] epoch=0168 train_loss=3.128034e-02 train_mse=7.367108e-03 train_cos=0.994325 train_nmse=-19.401dB train_rec=2.530233e-06 train_recT=1.981781e-06 train_fc=3.878924e-03 train_decoder_tail=5.839201e-06
I 07.02/11:45:51 train_mapper.py:622 ] epoch=0169 train_loss=3.120823e-02 train_mse=7.343375e-03 train_cos=0.994341 train_nmse=-19.415dB train_rec=2.531578e-06 train_recT=1.982846e-06 train_fc=3.861383e-03 train_decoder_tail=5.822557e-06
I 07.02/11:47:16 train_mapper.py:622 ] epoch=0170 train_loss=3.107742e-02 train_mse=7.306909e-03 train_cos=0.994371 train_nmse=-19.437dB train_rec=2.515081e-06 train_recT=1.966361e-06 train_fc=3.850099e-03 train_decoder_tail=5.802048e-06
I 07.02/11:48:36 train_mapper.py:622 ] epoch=0171 train_loss=3.101750e-02 train_mse=7.289436e-03 train_cos=0.994384 train_nmse=-19.447dB train_rec=2.514603e-06 train_recT=1.966190e-06 train_fc=3.842126e-03 train_decoder_tail=5.785498e-06
I 07.02/11:49:56 train_mapper.py:622 ] epoch=0172 train_loss=3.099783e-02 train_mse=7.281578e-03 train_cos=0.994390 train_nmse=-19.452dB train_rec=2.515053e-06 train_recT=1.966245e-06 train_fc=3.836520e-03 train_decoder_tail=5.793012e-06
I 07.02/11:51:19 train_mapper.py:622 ] epoch=0173 train_loss=3.097343e-02 train_mse=7.272047e-03 train_cos=0.994395 train_nmse=-19.457dB train_rec=2.510172e-06 train_recT=1.961874e-06 train_fc=3.825435e-03 train_decoder_tail=5.771674e-06
I 07.02/11:52:40 train_mapper.py:622 ] epoch=0174 train_loss=3.075918e-02 train_mse=7.212604e-03 train_cos=0.994441 train_nmse=-19.493dB train_rec=2.487681e-06 train_recT=1.938807e-06 train_fc=3.797159e-03 train_decoder_tail=5.728908e-06
I 07.02/11:54:05 train_mapper.py:622 ] epoch=0175 train_loss=3.074942e-02 train_mse=7.207716e-03 train_cos=0.994444 train_nmse=-19.497dB train_rec=2.494185e-06 train_recT=1.945524e-06 train_fc=3.793121e-03 train_decoder_tail=5.734553e-06
I 07.02/11:55:35 train_mapper.py:622 ] epoch=0176 train_loss=3.064154e-02 train_mse=7.177830e-03 train_cos=0.994469 train_nmse=-19.514dB train_rec=2.479263e-06 train_recT=1.930834e-06 train_fc=3.782181e-03 train_decoder_tail=5.707455e-06
I 07.02/11:57:10 train_mapper.py:622 ] epoch=0177 train_loss=3.064875e-02 train_mse=7.176462e-03 train_cos=0.994468 train_nmse=-19.515dB train_rec=2.480833e-06 train_recT=1.932073e-06 train_fc=3.776676e-03 train_decoder_tail=5.707595e-06
I 07.02/11:58:32 train_mapper.py:622 ] epoch=0178 train_loss=3.054114e-02 train_mse=7.145920e-03 train_cos=0.994492 train_nmse=-19.533dB train_rec=2.471979e-06 train_recT=1.923443e-06 train_fc=3.761322e-03 train_decoder_tail=5.684397e-06
I 07.02/11:59:51 train_mapper.py:622 ] epoch=0179 train_loss=3.050388e-02 train_mse=7.134860e-03 train_cos=0.994500 train_nmse=-19.540dB train_rec=2.471134e-06 train_recT=1.922653e-06 train_fc=3.759065e-03 train_decoder_tail=5.680736e-06
I 07.02/12:01:12 train_mapper.py:622 ] epoch=0180 train_loss=3.044304e-02 train_mse=7.115816e-03 train_cos=0.994515 train_nmse=-19.552dB train_rec=2.458792e-06 train_recT=1.910305e-06 train_fc=3.746780e-03 train_decoder_tail=5.657672e-06
I 07.02/12:02:30 train_mapper.py:622 ] epoch=0181 train_loss=3.031836e-02 train_mse=7.079477e-03 train_cos=0.994541 train_nmse=-19.574dB train_rec=2.450272e-06 train_recT=1.901871e-06 train_fc=3.724063e-03 train_decoder_tail=5.627420e-06
I 07.02/12:03:50 train_mapper.py:622 ] epoch=0182 train_loss=3.026694e-02 train_mse=7.064784e-03 train_cos=0.994552 train_nmse=-19.583dB train_rec=2.445263e-06 train_recT=1.897089e-06 train_fc=3.715524e-03 train_decoder_tail=5.625108e-06
I 07.02/12:05:10 train_mapper.py:622 ] epoch=0183 train_loss=3.014256e-02 train_mse=7.029695e-03 train_cos=0.994581 train_nmse=-19.605dB train_rec=2.437405e-06 train_recT=1.888921e-06 train_fc=3.700620e-03 train_decoder_tail=5.607488e-06
I 07.02/12:06:28 train_mapper.py:622 ] epoch=0184 train_loss=3.020882e-02 train_mse=7.045182e-03 train_cos=0.994568 train_nmse=-19.595dB train_rec=2.442439e-06 train_recT=1.894214e-06 train_fc=3.706390e-03 train_decoder_tail=5.609160e-06
I 07.02/12:07:46 train_mapper.py:622 ] epoch=0185 train_loss=3.002870e-02 train_mse=6.995288e-03 train_cos=0.994606 train_nmse=-19.626dB train_rec=2.424922e-06 train_recT=1.876438e-06 train_fc=3.677127e-03 train_decoder_tail=5.577514e-06
I 07.02/12:09:06 train_mapper.py:622 ] epoch=0186 train_loss=3.006306e-02 train_mse=7.001847e-03 train_cos=0.994598 train_nmse=-19.622dB train_rec=2.434321e-06 train_recT=1.885834e-06 train_fc=3.678269e-03 train_decoder_tail=5.579363e-06
I 07.02/12:10:23 train_mapper.py:622 ] epoch=0187 train_loss=2.988813e-02 train_mse=6.954258e-03 train_cos=0.994637 train_nmse=-19.652dB train_rec=2.409246e-06 train_recT=1.860466e-06 train_fc=3.658319e-03 train_decoder_tail=5.545272e-06
I 07.02/12:11:45 train_mapper.py:622 ] epoch=0188 train_loss=2.982515e-02 train_mse=6.934942e-03 train_cos=0.994651 train_nmse=-19.664dB train_rec=2.412999e-06 train_recT=1.864467e-06 train_fc=3.645273e-03 train_decoder_tail=5.538829e-06
I 07.02/12:13:05 train_mapper.py:622 ] epoch=0189 train_loss=2.974445e-02 train_mse=6.912424e-03 train_cos=0.994669 train_nmse=-19.678dB train_rec=2.401925e-06 train_recT=1.853626e-06 train_fc=3.634932e-03 train_decoder_tail=5.518283e-06
I 07.02/12:14:23 train_mapper.py:622 ] epoch=0190 train_loss=2.983227e-02 train_mse=6.932783e-03 train_cos=0.994650 train_nmse=-19.665dB train_rec=2.410854e-06 train_recT=1.862237e-06 train_fc=3.643594e-03 train_decoder_tail=5.526502e-06
I 07.02/12:15:41 train_mapper.py:622 ] epoch=0191 train_loss=2.964957e-02 train_mse=6.883238e-03 train_cos=0.994689 train_nmse=-19.696dB train_rec=2.385113e-06 train_recT=1.836841e-06 train_fc=3.618840e-03 train_decoder_tail=5.484013e-06
I 07.02/12:16:58 train_mapper.py:622 ] epoch=0192 train_loss=2.960270e-02 train_mse=6.868997e-03 train_cos=0.994701 train_nmse=-19.705dB train_rec=2.389965e-06 train_recT=1.841452e-06 train_fc=3.610369e-03 train_decoder_tail=5.486889e-06
I 07.02/12:18:15 train_mapper.py:622 ] epoch=0193 train_loss=2.957608e-02 train_mse=6.859086e-03 train_cos=0.994707 train_nmse=-19.712dB train_rec=2.392404e-06 train_recT=1.844085e-06 train_fc=3.605030e-03 train_decoder_tail=5.482828e-06
I 07.02/12:19:31 train_mapper.py:622 ] epoch=0194 train_loss=2.944934e-02 train_mse=6.824552e-03 train_cos=0.994735 train_nmse=-19.734dB train_rec=2.377978e-06 train_recT=1.829480e-06 train_fc=3.585673e-03 train_decoder_tail=5.457460e-06
I 07.02/12:20:49 train_mapper.py:622 ] epoch=0195 train_loss=2.937246e-02 train_mse=6.801928e-03 train_cos=0.994751 train_nmse=-19.748dB train_rec=2.366044e-06 train_recT=1.817701e-06 train_fc=3.574869e-03 train_decoder_tail=5.432934e-06
I 07.02/12:22:08 train_mapper.py:622 ] epoch=0196 train_loss=2.941046e-02 train_mse=6.810238e-03 train_cos=0.994746 train_nmse=-19.742dB train_rec=2.377791e-06 train_recT=1.829602e-06 train_fc=3.579838e-03 train_decoder_tail=5.449827e-06
I 07.02/12:23:26 train_mapper.py:622 ] epoch=0197 train_loss=2.929474e-02 train_mse=6.777964e-03 train_cos=0.994768 train_nmse=-19.763dB train_rec=2.356333e-06 train_recT=1.807886e-06 train_fc=3.558864e-03 train_decoder_tail=5.407326e-06
I 07.02/12:24:41 train_mapper.py:622 ] epoch=0198 train_loss=2.923440e-02 train_mse=6.760869e-03 train_cos=0.994783 train_nmse=-19.774dB train_rec=2.359717e-06 train_recT=1.811450e-06 train_fc=3.556051e-03 train_decoder_tail=5.411184e-06
I 07.02/12:25:55 train_mapper.py:622 ] epoch=0199 train_loss=2.924727e-02 train_mse=6.762496e-03 train_cos=0.994780 train_nmse=-19.773dB train_rec=2.353964e-06 train_recT=1.805672e-06 train_fc=3.554847e-03 train_decoder_tail=5.403791e-06
I 07.02/12:27:12 train_mapper.py:622 ] epoch=0200 train_loss=2.908399e-02 train_mse=6.717420e-03 train_cos=0.994816 train_nmse=-19.802dB train_rec=2.343561e-06 train_recT=1.795258e-06 train_fc=3.531472e-03 train_decoder_tail=5.381191e-06
I 07.02/12:28:26 train_mapper.py:622 ] epoch=0201 train_loss=2.911705e-02 train_mse=6.724210e-03 train_cos=0.994808 train_nmse=-19.798dB train_rec=2.341205e-06 train_recT=1.792754e-06 train_fc=3.531173e-03 train_decoder_tail=5.370009e-06
I 07.02/12:29:38 train_mapper.py:622 ] epoch=0202 train_loss=2.903925e-02 train_mse=6.702320e-03 train_cos=0.994827 train_nmse=-19.812dB train_rec=2.342255e-06 train_recT=1.794691e-06 train_fc=3.524212e-03 train_decoder_tail=5.369246e-06
I 07.02/12:30:48 train_mapper.py:622 ] epoch=0203 train_loss=2.894393e-02 train_mse=6.675050e-03 train_cos=0.994846 train_nmse=-19.829dB train_rec=2.334237e-06 train_recT=1.785845e-06 train_fc=3.505572e-03 train_decoder_tail=5.348910e-06
I 07.02/12:32:00 train_mapper.py:622 ] epoch=0204 train_loss=2.884635e-02 train_mse=6.648055e-03 train_cos=0.994868 train_nmse=-19.847dB train_rec=2.317030e-06 train_recT=1.768692e-06 train_fc=3.492875e-03 train_decoder_tail=5.315266e-06
I 07.02/12:33:09 train_mapper.py:622 ] epoch=0205 train_loss=2.886541e-02 train_mse=6.651124e-03 train_cos=0.994864 train_nmse=-19.845dB train_rec=2.329586e-06 train_recT=1.781334e-06 train_fc=3.494343e-03 train_decoder_tail=5.335077e-06
I 07.02/12:34:18 train_mapper.py:622 ] epoch=0206 train_loss=2.876778e-02 train_mse=6.623969e-03 train_cos=0.994887 train_nmse=-19.863dB train_rec=2.318998e-06 train_recT=1.770776e-06 train_fc=3.480094e-03 train_decoder_tail=5.320409e-06
I 07.02/12:35:26 train_mapper.py:622 ] epoch=0207 train_loss=2.868621e-02 train_mse=6.601630e-03 train_cos=0.994903 train_nmse=-19.877dB train_rec=2.308601e-06 train_recT=1.760578e-06 train_fc=3.467419e-03 train_decoder_tail=5.291571e-06
I 07.02/12:36:33 train_mapper.py:622 ] epoch=0208 train_loss=2.880038e-02 train_mse=6.629728e-03 train_cos=0.994880 train_nmse=-19.859dB train_rec=2.327521e-06 train_recT=1.778927e-06 train_fc=3.482605e-03 train_decoder_tail=5.323187e-06
I 07.02/12:37:36 train_mapper.py:622 ] epoch=0209 train_loss=2.855115e-02 train_mse=6.562822e-03 train_cos=0.994934 train_nmse=-19.903dB train_rec=2.298906e-06 train_recT=1.751204e-06 train_fc=3.446194e-03 train_decoder_tail=5.273624e-06
I 07.02/12:38:42 train_mapper.py:622 ] epoch=0210 train_loss=2.854333e-02 train_mse=6.558899e-03 train_cos=0.994937 train_nmse=-19.906dB train_rec=2.299840e-06 train_recT=1.751666e-06 train_fc=3.443212e-03 train_decoder_tail=5.269869e-06
I 07.02/12:39:49 train_mapper.py:622 ] epoch=0211 train_loss=2.853281e-02 train_mse=6.554604e-03 train_cos=0.994938 train_nmse=-19.909dB train_rec=2.299211e-06 train_recT=1.751048e-06 train_fc=3.442644e-03 train_decoder_tail=5.268285e-06
I 07.02/12:40:57 train_mapper.py:622 ] epoch=0212 train_loss=2.841808e-02 train_mse=6.522938e-03 train_cos=0.994962 train_nmse=-19.930dB train_rec=2.285087e-06 train_recT=1.737017e-06 train_fc=3.423844e-03 train_decoder_tail=5.233909e-06
I 07.02/12:42:05 train_mapper.py:622 ] epoch=0213 train_loss=2.843548e-02 train_mse=6.525357e-03 train_cos=0.994961 train_nmse=-19.928dB train_rec=2.292996e-06 train_recT=1.745098e-06 train_fc=3.427011e-03 train_decoder_tail=5.248875e-06
I 07.02/12:43:08 train_mapper.py:622 ] epoch=0214 train_loss=2.822222e-02 train_mse=6.469387e-03 train_cos=0.995004 train_nmse=-19.965dB train_rec=2.266954e-06 train_recT=1.719024e-06 train_fc=3.397920e-03 train_decoder_tail=5.207426e-06
I 07.02/12:44:14 train_mapper.py:622 ] epoch=0215 train_loss=2.837752e-02 train_mse=6.506471e-03 train_cos=0.994974 train_nmse=-19.941dB train_rec=2.294264e-06 train_recT=1.745760e-06 train_fc=3.414748e-03 train_decoder_tail=5.239666e-06
I 07.02/12:45:20 train_mapper.py:622 ] epoch=0216 train_loss=2.812580e-02 train_mse=6.440477e-03 train_cos=0.995027 train_nmse=-19.985dB train_rec=2.261624e-06 train_recT=1.713553e-06 train_fc=3.381866e-03 train_decoder_tail=5.189237e-06
I 07.02/12:46:25 train_mapper.py:622 ] epoch=0217 train_loss=2.816236e-02 train_mse=6.447715e-03 train_cos=0.995020 train_nmse=-19.980dB train_rec=2.268892e-06 train_recT=1.721072e-06 train_fc=3.385092e-03 train_decoder_tail=5.190818e-06
I 07.02/12:47:26 train_mapper.py:622 ] epoch=0218 train_loss=2.805004e-02 train_mse=6.416998e-03 train_cos=0.995043 train_nmse=-20.001dB train_rec=2.253418e-06 train_recT=1.705525e-06 train_fc=3.366557e-03 train_decoder_tail=5.164059e-06
I 07.02/12:48:26 train_mapper.py:622 ] epoch=0219 train_loss=2.809469e-02 train_mse=6.426773e-03 train_cos=0.995035 train_nmse=-19.994dB train_rec=2.257617e-06 train_recT=1.709799e-06 train_fc=3.370567e-03 train_decoder_tail=5.168919e-06
I 07.02/12:49:28 train_mapper.py:622 ] epoch=0220 train_loss=2.801118e-02 train_mse=6.404266e-03 train_cos=0.995054 train_nmse=-20.009dB train_rec=2.254862e-06 train_recT=1.707075e-06 train_fc=3.362223e-03 train_decoder_tail=5.167171e-06
I 07.02/12:50:27 train_mapper.py:622 ] epoch=0221 train_loss=2.796555e-02 train_mse=6.391064e-03 train_cos=0.995063 train_nmse=-20.018dB train_rec=2.250983e-06 train_recT=1.703111e-06 train_fc=3.356319e-03 train_decoder_tail=5.150732e-06
I 07.02/12:51:27 train_mapper.py:622 ] epoch=0222 train_loss=2.791390e-02 train_mse=6.376096e-03 train_cos=0.995075 train_nmse=-20.028dB train_rec=2.242098e-06 train_recT=1.694224e-06 train_fc=3.345689e-03 train_decoder_tail=5.136184e-06
I 07.02/12:52:28 train_mapper.py:622 ] epoch=0223 train_loss=2.792331e-02 train_mse=6.376739e-03 train_cos=0.995072 train_nmse=-20.028dB train_rec=2.246284e-06 train_recT=1.698227e-06 train_fc=3.346388e-03 train_decoder_tail=5.136310e-06
I 07.02/12:53:29 train_mapper.py:622 ] epoch=0224 train_loss=2.779729e-02 train_mse=6.343157e-03 train_cos=0.995100 train_nmse=-20.051dB train_rec=2.234740e-06 train_recT=1.686999e-06 train_fc=3.328419e-03 train_decoder_tail=5.118219e-06
I 07.02/12:54:30 train_mapper.py:622 ] epoch=0225 train_loss=2.774832e-02 train_mse=6.329167e-03 train_cos=0.995110 train_nmse=-20.061dB train_rec=2.232937e-06 train_recT=1.685354e-06 train_fc=3.324009e-03 train_decoder_tail=5.108774e-06
I 07.02/12:55:29 train_mapper.py:622 ] epoch=0226 train_loss=2.772918e-02 train_mse=6.322489e-03 train_cos=0.995116 train_nmse=-20.065dB train_rec=2.236277e-06 train_recT=1.688401e-06 train_fc=3.320040e-03 train_decoder_tail=5.120085e-06
I 07.02/12:56:29 train_mapper.py:622 ] epoch=0227 train_loss=2.766321e-02 train_mse=6.303675e-03 train_cos=0.995129 train_nmse=-20.078dB train_rec=2.223486e-06 train_recT=1.675978e-06 train_fc=3.305788e-03 train_decoder_tail=5.087999e-06
I 07.02/12:57:28 train_mapper.py:622 ] epoch=0228 train_loss=2.758086e-02 train_mse=6.280835e-03 train_cos=0.995147 train_nmse=-20.094dB train_rec=2.222420e-06 train_recT=1.674668e-06 train_fc=3.296926e-03 train_decoder_tail=5.084378e-06
I 07.02/12:58:27 train_mapper.py:622 ] epoch=0229 train_loss=2.758971e-02 train_mse=6.280832e-03 train_cos=0.995145 train_nmse=-20.094dB train_rec=2.223228e-06 train_recT=1.675463e-06 train_fc=3.294038e-03 train_decoder_tail=5.078907e-06
I 07.02/12:59:26 train_mapper.py:622 ] epoch=0230 train_loss=2.746698e-02 train_mse=6.248912e-03 train_cos=0.995173 train_nmse=-20.116dB train_rec=2.205164e-06 train_recT=1.657523e-06 train_fc=3.281736e-03 train_decoder_tail=5.061240e-06
I 07.02/13:00:27 train_mapper.py:622 ] epoch=0231 train_loss=2.743099e-02 train_mse=6.238350e-03 train_cos=0.995181 train_nmse=-20.123dB train_rec=2.205435e-06 train_recT=1.657624e-06 train_fc=3.272492e-03 train_decoder_tail=5.053352e-06
I 07.02/13:01:26 train_mapper.py:622 ] epoch=0232 train_loss=2.747824e-02 train_mse=6.248710e-03 train_cos=0.995171 train_nmse=-20.116dB train_rec=2.213906e-06 train_recT=1.666051e-06 train_fc=3.277423e-03 train_decoder_tail=5.059221e-06
I 07.02/13:02:26 train_mapper.py:622 ] epoch=0233 train_loss=2.738078e-02 train_mse=6.222414e-03 train_cos=0.995192 train_nmse=-20.135dB train_rec=2.204008e-06 train_recT=1.656367e-06 train_fc=3.263021e-03 train_decoder_tail=5.040665e-06
I 07.02/13:03:27 train_mapper.py:622 ] epoch=0234 train_loss=2.737810e-02 train_mse=6.220186e-03 train_cos=0.995194 train_nmse=-20.136dB train_rec=2.205622e-06 train_recT=1.657832e-06 train_fc=3.260686e-03 train_decoder_tail=5.039002e-06
I 07.02/13:04:25 train_mapper.py:622 ] epoch=0235 train_loss=2.723768e-02 train_mse=6.182848e-03 train_cos=0.995223 train_nmse=-20.162dB train_rec=2.191377e-06 train_recT=1.643702e-06 train_fc=3.241431e-03 train_decoder_tail=5.014906e-06
I 07.02/13:05:25 train_mapper.py:622 ] epoch=0236 train_loss=2.720959e-02 train_mse=6.174161e-03 train_cos=0.995229 train_nmse=-20.168dB train_rec=2.184778e-06 train_recT=1.637119e-06 train_fc=3.236386e-03 train_decoder_tail=5.003725e-06
I 07.02/13:06:23 train_mapper.py:622 ] epoch=0237 train_loss=2.718127e-02 train_mse=6.165600e-03 train_cos=0.995236 train_nmse=-20.174dB train_rec=2.186687e-06 train_recT=1.639050e-06 train_fc=3.234810e-03 train_decoder_tail=5.001808e-06
I 07.02/13:07:18 train_mapper.py:622 ] epoch=0238 train_loss=2.714382e-02 train_mse=6.154573e-03 train_cos=0.995244 train_nmse=-20.182dB train_rec=2.186437e-06 train_recT=1.638484e-06 train_fc=3.229068e-03 train_decoder_tail=5.000182e-06
I 07.02/13:08:13 train_mapper.py:622 ] epoch=0239 train_loss=2.704817e-02 train_mse=6.128042e-03 train_cos=0.995264 train_nmse=-20.201dB train_rec=2.169455e-06 train_recT=1.621647e-06 train_fc=3.213824e-03 train_decoder_tail=4.969860e-06
I 07.02/13:09:09 train_mapper.py:622 ] epoch=0240 train_loss=2.708634e-02 train_mse=6.137441e-03 train_cos=0.995258 train_nmse=-20.194dB train_rec=2.187725e-06 train_recT=1.639938e-06 train_fc=3.220047e-03 train_decoder_tail=4.996403e-06
I 07.02/13:10:01 train_mapper.py:622 ] epoch=0241 train_loss=2.699653e-02 train_mse=6.112678e-03 train_cos=0.995275 train_nmse=-20.212dB train_rec=2.170499e-06 train_recT=1.623028e-06 train_fc=3.202010e-03 train_decoder_tail=4.967344e-06
I 07.02/13:10:54 train_mapper.py:622 ] epoch=0242 train_loss=2.694791e-02 train_mse=6.098356e-03 train_cos=0.995287 train_nmse=-20.222dB train_rec=2.166224e-06 train_recT=1.618663e-06 train_fc=3.196086e-03 train_decoder_tail=4.959496e-06
I 07.02/13:11:49 train_mapper.py:622 ] epoch=0243 train_loss=2.685006e-02 train_mse=6.072529e-03 train_cos=0.995308 train_nmse=-20.240dB train_rec=2.156914e-06 train_recT=1.609512e-06 train_fc=3.184091e-03 train_decoder_tail=4.940310e-06
I 07.02/13:12:41 train_mapper.py:622 ] epoch=0244 train_loss=2.688177e-02 train_mse=6.079153e-03 train_cos=0.995300 train_nmse=-20.235dB train_rec=2.160538e-06 train_recT=1.612649e-06 train_fc=3.185883e-03 train_decoder_tail=4.934447e-06
I 07.02/13:13:37 train_mapper.py:622 ] epoch=0245 train_loss=2.682423e-02 train_mse=6.063321e-03 train_cos=0.995314 train_nmse=-20.247dB train_rec=2.157175e-06 train_recT=1.609394e-06 train_fc=3.178554e-03 train_decoder_tail=4.934426e-06
I 07.02/13:14:34 train_mapper.py:622 ] epoch=0246 train_loss=2.688860e-02 train_mse=6.078502e-03 train_cos=0.995300 train_nmse=-20.236dB train_rec=2.168550e-06 train_recT=1.621013e-06 train_fc=3.185770e-03 train_decoder_tail=4.954084e-06
I 07.02/13:15:28 train_mapper.py:622 ] epoch=0247 train_loss=2.666424e-02 train_mse=6.021006e-03 train_cos=0.995348 train_nmse=-20.277dB train_rec=2.137493e-06 train_recT=1.589849e-06 train_fc=3.159264e-03 train_decoder_tail=4.905460e-06
I 07.02/13:16:25 train_mapper.py:622 ] epoch=0248 train_loss=2.674712e-02 train_mse=6.039373e-03 train_cos=0.995331 train_nmse=-20.264dB train_rec=2.151814e-06 train_recT=1.604259e-06 train_fc=3.163212e-03 train_decoder_tail=4.910856e-06
I 07.02/13:17:23 train_mapper.py:622 ] epoch=0249 train_loss=2.663774e-02 train_mse=6.010603e-03 train_cos=0.995353 train_nmse=-20.285dB train_rec=2.146519e-06 train_recT=1.598654e-06 train_fc=3.150149e-03 train_decoder_tail=4.904184e-06
I 07.02/13:18:21 train_mapper.py:622 ] epoch=0250 train_loss=2.653529e-02 train_mse=5.983099e-03 train_cos=0.995375 train_nmse=-20.305dB train_rec=2.135754e-06 train_recT=1.588125e-06 train_fc=3.136945e-03 train_decoder_tail=4.889191e-06
I 07.02/13:19:25 train_mapper.py:622 ] epoch=0251 train_loss=2.654507e-02 train_mse=5.984373e-03 train_cos=0.995373 train_nmse=-20.304dB train_rec=2.138284e-06 train_recT=1.590857e-06 train_fc=3.137474e-03 train_decoder_tail=4.885936e-06
I 07.02/13:20:26 train_mapper.py:622 ] epoch=0252 train_loss=2.651163e-02 train_mse=5.974733e-03 train_cos=0.995380 train_nmse=-20.311dB train_rec=2.138563e-06 train_recT=1.590711e-06 train_fc=3.128205e-03 train_decoder_tail=4.885694e-06
I 07.02/13:21:28 train_mapper.py:622 ] epoch=0253 train_loss=2.642731e-02 train_mse=5.951306e-03 train_cos=0.995399 train_nmse=-20.328dB train_rec=2.121466e-06 train_recT=1.573672e-06 train_fc=3.116301e-03 train_decoder_tail=4.852503e-06
I 07.02/13:22:30 train_mapper.py:622 ] epoch=0254 train_loss=2.652127e-02 train_mse=5.975304e-03 train_cos=0.995379 train_nmse=-20.310dB train_rec=2.133456e-06 train_recT=1.585986e-06 train_fc=3.132042e-03 train_decoder_tail=4.874976e-06
I 07.02/13:23:34 train_mapper.py:622 ] epoch=0255 train_loss=2.637929e-02 train_mse=5.937450e-03 train_cos=0.995410 train_nmse=-20.338dB train_rec=2.123571e-06 train_recT=1.576110e-06 train_fc=3.112920e-03 train_decoder_tail=4.855495e-06
I 07.02/13:24:35 train_mapper.py:622 ] epoch=0256 train_loss=2.633690e-02 train_mse=5.925517e-03 train_cos=0.995419 train_nmse=-20.347dB train_rec=2.113523e-06 train_recT=1.565584e-06 train_fc=3.103347e-03 train_decoder_tail=4.842699e-06
I 07.02/13:25:37 train_mapper.py:622 ] epoch=0257 train_loss=2.634535e-02 train_mse=5.926344e-03 train_cos=0.995418 train_nmse=-20.346dB train_rec=2.119397e-06 train_recT=1.571952e-06 train_fc=3.104750e-03 train_decoder_tail=4.846654e-06
I 07.02/13:26:42 train_mapper.py:622 ] epoch=0258 train_loss=2.620375e-02 train_mse=5.889029e-03 train_cos=0.995447 train_nmse=-20.374dB train_rec=2.107360e-06 train_recT=1.559729e-06 train_fc=3.085744e-03 train_decoder_tail=4.823605e-06
I 07.02/13:27:45 train_mapper.py:622 ] epoch=0259 train_loss=2.623312e-02 train_mse=5.896336e-03 train_cos=0.995441 train_nmse=-20.368dB train_rec=2.114124e-06 train_recT=1.566423e-06 train_fc=3.088772e-03 train_decoder_tail=4.836253e-06
I 07.02/13:28:50 train_mapper.py:622 ] epoch=0260 train_loss=2.622216e-02 train_mse=5.891318e-03 train_cos=0.995445 train_nmse=-20.372dB train_rec=2.108170e-06 train_recT=1.560580e-06 train_fc=3.087122e-03 train_decoder_tail=4.820794e-06
I 07.02/13:29:55 train_mapper.py:622 ] epoch=0261 train_loss=2.612849e-02 train_mse=5.866819e-03 train_cos=0.995464 train_nmse=-20.390dB train_rec=2.099756e-06 train_recT=1.552319e-06 train_fc=3.072759e-03 train_decoder_tail=4.803052e-06
I 07.02/13:31:00 train_mapper.py:622 ] epoch=0262 train_loss=2.609214e-02 train_mse=5.856060e-03 train_cos=0.995472 train_nmse=-20.398dB train_rec=2.098256e-06 train_recT=1.550470e-06 train_fc=3.065768e-03 train_decoder_tail=4.798170e-06
I 07.02/13:32:08 train_mapper.py:622 ] epoch=0263 train_loss=2.608181e-02 train_mse=5.852318e-03 train_cos=0.995474 train_nmse=-20.401dB train_rec=2.099931e-06 train_recT=1.552432e-06 train_fc=3.063788e-03 train_decoder_tail=4.800053e-06
I 07.02/13:33:13 train_mapper.py:622 ] epoch=0264 train_loss=2.603633e-02 train_mse=5.839978e-03 train_cos=0.995485 train_nmse=-20.410dB train_rec=2.097971e-06 train_recT=1.550687e-06 train_fc=3.059213e-03 train_decoder_tail=4.797988e-06
I 07.02/13:34:17 train_mapper.py:622 ] epoch=0265 train_loss=2.599537e-02 train_mse=5.828164e-03 train_cos=0.995493 train_nmse=-20.419dB train_rec=2.092245e-06 train_recT=1.544471e-06 train_fc=3.050075e-03 train_decoder_tail=4.784606e-06
I 07.02/13:35:22 train_mapper.py:622 ] epoch=0266 train_loss=2.596875e-02 train_mse=5.821066e-03 train_cos=0.995501 train_nmse=-20.424dB train_rec=2.088318e-06 train_recT=1.540903e-06 train_fc=3.050385e-03 train_decoder_tail=4.782595e-06
I 07.02/13:36:23 train_mapper.py:622 ] epoch=0267 train_loss=2.592836e-02 train_mse=5.809148e-03 train_cos=0.995508 train_nmse=-20.433dB train_rec=2.095363e-06 train_recT=1.547601e-06 train_fc=3.044399e-03 train_decoder_tail=4.784765e-06
I 07.02/13:37:16 train_mapper.py:622 ] epoch=0268 train_loss=2.580743e-02 train_mse=5.777487e-03 train_cos=0.995532 train_nmse=-20.457dB train_rec=2.076763e-06 train_recT=1.529355e-06 train_fc=3.025467e-03 train_decoder_tail=4.753177e-06
I 07.02/13:37:59 train_mapper.py:622 ] epoch=0269 train_loss=2.581723e-02 train_mse=5.778857e-03 train_cos=0.995532 train_nmse=-20.456dB train_rec=2.081042e-06 train_recT=1.533765e-06 train_fc=3.024813e-03 train_decoder_tail=4.758971e-06
I 07.02/13:38:43 train_mapper.py:622 ] epoch=0270 train_loss=2.577445e-02 train_mse=5.766946e-03 train_cos=0.995541 train_nmse=-20.465dB train_rec=2.072881e-06 train_recT=1.525440e-06 train_fc=3.016964e-03 train_decoder_tail=4.743152e-06
I 07.02/13:39:27 train_mapper.py:622 ] epoch=0271 train_loss=2.571526e-02 train_mse=5.750400e-03 train_cos=0.995552 train_nmse=-20.477dB train_rec=2.066485e-06 train_recT=1.519246e-06 train_fc=3.006966e-03 train_decoder_tail=4.727294e-06
I 07.02/13:40:13 train_mapper.py:622 ] epoch=0272 train_loss=2.572806e-02 train_mse=5.752939e-03 train_cos=0.995551 train_nmse=-20.475dB train_rec=2.065877e-06 train_recT=1.518664e-06 train_fc=3.011922e-03 train_decoder_tail=4.727061e-06
I 07.02/13:40:55 train_mapper.py:622 ] epoch=0273 train_loss=2.573523e-02 train_mse=5.754073e-03 train_cos=0.995550 train_nmse=-20.475dB train_rec=2.070671e-06 train_recT=1.523326e-06 train_fc=3.013333e-03 train_decoder_tail=4.732423e-06
I 07.02/13:41:41 train_mapper.py:622 ] epoch=0274 train_loss=2.565174e-02 train_mse=5.732513e-03 train_cos=0.995567 train_nmse=-20.491dB train_rec=2.060829e-06 train_recT=1.513468e-06 train_fc=3.003244e-03 train_decoder_tail=4.718500e-06
I 07.02/13:42:27 train_mapper.py:622 ] epoch=0275 train_loss=2.564712e-02 train_mse=5.729758e-03 train_cos=0.995569 train_nmse=-20.492dB train_rec=2.069728e-06 train_recT=1.522378e-06 train_fc=3.000087e-03 train_decoder_tail=4.727605e-06
I 07.02/13:43:13 train_mapper.py:622 ] epoch=0276 train_loss=2.562276e-02 train_mse=5.722380e-03 train_cos=0.995574 train_nmse=-20.498dB train_rec=2.061644e-06 train_recT=1.514107e-06 train_fc=2.992452e-03 train_decoder_tail=4.717804e-06
I 07.02/13:43:54 train_mapper.py:622 ] epoch=0277 train_loss=2.548099e-02 train_mse=5.685826e-03 train_cos=0.995603 train_nmse=-20.526dB train_rec=2.044129e-06 train_recT=1.496787e-06 train_fc=2.974573e-03 train_decoder_tail=4.687848e-06
I 07.02/13:44:38 train_mapper.py:622 ] epoch=0278 train_loss=2.550118e-02 train_mse=5.689370e-03 train_cos=0.995600 train_nmse=-20.524dB train_rec=2.056355e-06 train_recT=1.509160e-06 train_fc=2.975490e-03 train_decoder_tail=4.695631e-06
I 07.02/13:45:24 train_mapper.py:622 ] epoch=0279 train_loss=2.546854e-02 train_mse=5.680725e-03 train_cos=0.995607 train_nmse=-20.530dB train_rec=2.049060e-06 train_recT=1.501727e-06 train_fc=2.974059e-03 train_decoder_tail=4.690010e-06
I 07.02/13:46:11 train_mapper.py:622 ] epoch=0280 train_loss=2.541624e-02 train_mse=5.666538e-03 train_cos=0.995618 train_nmse=-20.541dB train_rec=2.044503e-06 train_recT=1.497404e-06 train_fc=2.964449e-03 train_decoder_tail=4.676692e-06
I 07.02/13:46:53 train_mapper.py:622 ] epoch=0281 train_loss=2.539417e-02 train_mse=5.659490e-03 train_cos=0.995622 train_nmse=-20.546dB train_rec=2.044237e-06 train_recT=1.496694e-06 train_fc=2.960719e-03 train_decoder_tail=4.676625e-06
I 07.02/13:47:39 train_mapper.py:622 ] epoch=0282 train_loss=2.525955e-02 train_mse=5.625306e-03 train_cos=0.995648 train_nmse=-20.573dB train_rec=2.028632e-06 train_recT=1.481319e-06 train_fc=2.943282e-03 train_decoder_tail=4.643937e-06
I 07.02/13:48:23 train_mapper.py:622 ] epoch=0283 train_loss=2.533601e-02 train_mse=5.642970e-03 train_cos=0.995635 train_nmse=-20.559dB train_rec=2.048464e-06 train_recT=1.501162e-06 train_fc=2.951169e-03 train_decoder_tail=4.677805e-06
I 07.02/13:49:09 train_mapper.py:622 ] epoch=0284 train_loss=2.526320e-02 train_mse=5.623916e-03 train_cos=0.995650 train_nmse=-20.574dB train_rec=2.028875e-06 train_recT=1.481596e-06 train_fc=2.941646e-03 train_decoder_tail=4.645878e-06
I 07.02/13:49:51 train_mapper.py:622 ] epoch=0285 train_loss=2.524898e-02 train_mse=5.619633e-03 train_cos=0.995654 train_nmse=-20.577dB train_rec=2.033355e-06 train_recT=1.486015e-06 train_fc=2.942377e-03 train_decoder_tail=4.649520e-06
I 07.02/13:50:37 train_mapper.py:622 ] epoch=0286 train_loss=2.527568e-02 train_mse=5.625334e-03 train_cos=0.995650 train_nmse=-20.573dB train_rec=2.039789e-06 train_recT=1.492396e-06 train_fc=2.947380e-03 train_decoder_tail=4.662754e-06
I 07.02/13:51:24 train_mapper.py:622 ] epoch=0287 train_loss=2.515645e-02 train_mse=5.594438e-03 train_cos=0.995674 train_nmse=-20.597dB train_rec=2.023159e-06 train_recT=1.475762e-06 train_fc=2.925987e-03 train_decoder_tail=4.633935e-06
I 07.02/13:52:10 train_mapper.py:622 ] epoch=0288 train_loss=2.517414e-02 train_mse=5.597464e-03 train_cos=0.995671 train_nmse=-20.594dB train_rec=2.028121e-06 train_recT=1.480797e-06 train_fc=2.927455e-03 train_decoder_tail=4.633517e-06
I 07.02/13:52:52 train_mapper.py:622 ] epoch=0289 train_loss=2.509568e-02 train_mse=5.577331e-03 train_cos=0.995686 train_nmse=-20.610dB train_rec=2.019576e-06 train_recT=1.472285e-06 train_fc=2.917347e-03 train_decoder_tail=4.619769e-06
I 07.02/13:53:36 train_mapper.py:622 ] epoch=0290 train_loss=2.504491e-02 train_mse=5.563587e-03 train_cos=0.995697 train_nmse=-20.620dB train_rec=2.018803e-06 train_recT=1.471296e-06 train_fc=2.909664e-03 train_decoder_tail=4.620100e-06
I 07.02/13:54:19 train_mapper.py:622 ] epoch=0291 train_loss=2.504400e-02 train_mse=5.562201e-03 train_cos=0.995697 train_nmse=-20.622dB train_rec=2.015616e-06 train_recT=1.468783e-06 train_fc=2.907952e-03 train_decoder_tail=4.610176e-06
I 07.02/13:55:04 train_mapper.py:622 ] epoch=0292 train_loss=2.496990e-02 train_mse=5.542453e-03 train_cos=0.995712 train_nmse=-20.637dB train_rec=2.011217e-06 train_recT=1.463872e-06 train_fc=2.896746e-03 train_decoder_tail=4.599151e-06
I 07.02/13:55:47 train_mapper.py:622 ] epoch=0293 train_loss=2.502886e-02 train_mse=5.556443e-03 train_cos=0.995700 train_nmse=-20.626dB train_rec=2.016209e-06 train_recT=1.468733e-06 train_fc=2.904845e-03 train_decoder_tail=4.604996e-06
I 07.02/13:56:27 train_mapper.py:622 ] epoch=0294 train_loss=2.492191e-02 train_mse=5.529437e-03 train_cos=0.995723 train_nmse=-20.647dB train_rec=2.004064e-06 train_recT=1.456776e-06 train_fc=2.891608e-03 train_decoder_tail=4.587944e-06
I 07.02/13:57:06 train_mapper.py:622 ] epoch=0295 train_loss=2.484607e-02 train_mse=5.508893e-03 train_cos=0.995739 train_nmse=-20.663dB train_rec=1.998743e-06 train_recT=1.451621e-06 train_fc=2.877762e-03 train_decoder_tail=4.578164e-06
I 07.02/13:57:44 train_mapper.py:622 ] epoch=0296 train_loss=2.483686e-02 train_mse=5.505601e-03 train_cos=0.995741 train_nmse=-20.666dB train_rec=2.001049e-06 train_recT=1.453679e-06 train_fc=2.876229e-03 train_decoder_tail=4.576030e-06
I 07.02/13:58:24 train_mapper.py:622 ] epoch=0297 train_loss=2.476281e-02 train_mse=5.486669e-03 train_cos=0.995756 train_nmse=-20.681dB train_rec=1.995263e-06 train_recT=1.447889e-06 train_fc=2.868633e-03 train_decoder_tail=4.565001e-06
I 07.02/13:59:03 train_mapper.py:622 ] epoch=0298 train_loss=2.483263e-02 train_mse=5.502719e-03 train_cos=0.995742 train_nmse=-20.668dB train_rec=2.003561e-06 train_recT=1.456257e-06 train_fc=2.876818e-03 train_decoder_tail=4.576236e-06
I 07.02/13:59:42 train_mapper.py:622 ] epoch=0299 train_loss=2.477091e-02 train_mse=5.487099e-03 train_cos=0.995755 train_nmse=-20.681dB train_rec=1.993334e-06 train_recT=1.446351e-06 train_fc=2.869366e-03 train_decoder_tail=4.561224e-06
I 07.02/14:00:23 train_mapper.py:622 ] epoch=0300 train_loss=2.472714e-02 train_mse=5.475432e-03 train_cos=0.995765 train_nmse=-20.690dB train_rec=1.991920e-06 train_recT=1.444468e-06 train_fc=2.862309e-03 train_decoder_tail=4.559127e-06
I 07.02/14:01:00 train_mapper.py:622 ] epoch=0301 train_loss=2.473299e-02 train_mse=5.475856e-03 train_cos=0.995764 train_nmse=-20.690dB train_rec=1.995778e-06 train_recT=1.448236e-06 train_fc=2.862046e-03 train_decoder_tail=4.562946e-06
I 07.02/14:01:40 train_mapper.py:622 ] epoch=0302 train_loss=2.468842e-02 train_mse=5.464380e-03 train_cos=0.995774 train_nmse=-20.699dB train_rec=1.988037e-06 train_recT=1.440888e-06 train_fc=2.855953e-03 train_decoder_tail=4.553452e-06
I 07.02/14:02:20 train_mapper.py:622 ] epoch=0303 train_loss=2.467938e-02 train_mse=5.460442e-03 train_cos=0.995775 train_nmse=-20.701dB train_rec=1.988329e-06 train_recT=1.441085e-06 train_fc=2.852206e-03 train_decoder_tail=4.548775e-06
I 07.02/14:02:55 train_mapper.py:622 ] epoch=0304 train_loss=2.467722e-02 train_mse=5.459585e-03 train_cos=0.995777 train_nmse=-20.703dB train_rec=1.991752e-06 train_recT=1.444865e-06 train_fc=2.855108e-03 train_decoder_tail=4.554547e-06
I 07.02/14:03:29 train_mapper.py:622 ] epoch=0305 train_loss=2.452021e-02 train_mse=5.419569e-03 train_cos=0.995808 train_nmse=-20.734dB train_rec=1.974081e-06 train_recT=1.427088e-06 train_fc=2.833598e-03 train_decoder_tail=4.522505e-06
I 07.02/14:03:59 train_mapper.py:622 ] epoch=0306 train_loss=2.457584e-02 train_mse=5.432532e-03 train_cos=0.995797 train_nmse=-20.724dB train_rec=1.984266e-06 train_recT=1.436993e-06 train_fc=2.840912e-03 train_decoder_tail=4.535096e-06
I 07.02/14:04:31 train_mapper.py:622 ] epoch=0307 train_loss=2.452860e-02 train_mse=5.419720e-03 train_cos=0.995807 train_nmse=-20.734dB train_rec=1.981376e-06 train_recT=1.434451e-06 train_fc=2.833622e-03 train_decoder_tail=4.530363e-06
I 07.02/14:05:05 train_mapper.py:622 ] epoch=0308 train_loss=2.445111e-02 train_mse=5.400419e-03 train_cos=0.995823 train_nmse=-20.750dB train_rec=1.970980e-06 train_recT=1.423733e-06 train_fc=2.823078e-03 train_decoder_tail=4.514105e-06
I 07.02/14:05:37 train_mapper.py:622 ] epoch=0309 train_loss=2.445787e-02 train_mse=5.400434e-03 train_cos=0.995821 train_nmse=-20.749dB train_rec=1.971502e-06 train_recT=1.424162e-06 train_fc=2.820907e-03 train_decoder_tail=4.507727e-06
I 07.02/14:06:10 train_mapper.py:622 ] epoch=0310 train_loss=2.440643e-02 train_mse=5.387401e-03 train_cos=0.995832 train_nmse=-20.760dB train_rec=1.964526e-06 train_recT=1.417483e-06 train_fc=2.814268e-03 train_decoder_tail=4.501355e-06
I 07.02/14:06:40 train_mapper.py:622 ] epoch=0311 train_loss=2.442647e-02 train_mse=5.391048e-03 train_cos=0.995829 train_nmse=-20.757dB train_rec=1.969679e-06 train_recT=1.422844e-06 train_fc=2.817444e-03 train_decoder_tail=4.505698e-06
I 07.02/14:07:14 train_mapper.py:622 ] epoch=0312 train_loss=2.438371e-02 train_mse=5.380170e-03 train_cos=0.995838 train_nmse=-20.766dB train_rec=1.964758e-06 train_recT=1.417779e-06 train_fc=2.811856e-03 train_decoder_tail=4.497276e-06
I 07.02/14:07:45 train_mapper.py:622 ] epoch=0313 train_loss=2.435028e-02 train_mse=5.370687e-03 train_cos=0.995845 train_nmse=-20.774dB train_rec=1.968251e-06 train_recT=1.420920e-06 train_fc=2.806685e-03 train_decoder_tail=4.496267e-06
I 07.02/14:08:18 train_mapper.py:622 ] epoch=0314 train_loss=2.425898e-02 train_mse=5.347776e-03 train_cos=0.995863 train_nmse=-20.792dB train_rec=1.954987e-06 train_recT=1.407961e-06 train_fc=2.795199e-03 train_decoder_tail=4.480417e-06
I 07.02/14:08:51 train_mapper.py:622 ] epoch=0315 train_loss=2.429583e-02 train_mse=5.355271e-03 train_cos=0.995856 train_nmse=-20.786dB train_rec=1.959891e-06 train_recT=1.412884e-06 train_fc=2.796364e-03 train_decoder_tail=4.485352e-06
I 07.02/14:09:24 train_mapper.py:622 ] epoch=0316 train_loss=2.419737e-02 train_mse=5.329846e-03 train_cos=0.995876 train_nmse=-20.807dB train_rec=1.954636e-06 train_recT=1.407598e-06 train_fc=2.782865e-03 train_decoder_tail=4.471197e-06
I 07.02/14:09:56 train_mapper.py:622 ] epoch=0317 train_loss=2.415079e-02 train_mse=5.318029e-03 train_cos=0.995886 train_nmse=-20.816dB train_rec=1.950996e-06 train_recT=1.403929e-06 train_fc=2.778942e-03 train_decoder_tail=4.472092e-06
I 07.02/14:10:30 train_mapper.py:622 ] epoch=0318 train_loss=2.418183e-02 train_mse=5.324934e-03 train_cos=0.995880 train_nmse=-20.811dB train_rec=1.954604e-06 train_recT=1.407461e-06 train_fc=2.781314e-03 train_decoder_tail=4.472598e-06
I 07.02/14:11:04 train_mapper.py:622 ] epoch=0319 train_loss=2.418463e-02 train_mse=5.324584e-03 train_cos=0.995881 train_nmse=-20.811dB train_rec=1.953383e-06 train_recT=1.406223e-06 train_fc=2.780053e-03 train_decoder_tail=4.469492e-06
I 07.02/14:11:38 train_mapper.py:622 ] epoch=0320 train_loss=2.405623e-02 train_mse=5.292371e-03 train_cos=0.995906 train_nmse=-20.838dB train_rec=1.938566e-06 train_recT=1.391312e-06 train_fc=2.764220e-03 train_decoder_tail=4.444236e-06
I 07.02/14:12:13 train_mapper.py:622 ] epoch=0321 train_loss=2.412398e-02 train_mse=5.308228e-03 train_cos=0.995893 train_nmse=-20.825dB train_rec=1.947501e-06 train_recT=1.400392e-06 train_fc=2.771688e-03 train_decoder_tail=4.457278e-06
I 07.02/14:12:44 train_mapper.py:622 ] epoch=0322 train_loss=2.403243e-02 train_mse=5.285060e-03 train_cos=0.995912 train_nmse=-20.843dB train_rec=1.939165e-06 train_recT=1.392084e-06 train_fc=2.760483e-03 train_decoder_tail=4.439319e-06
I 07.02/14:13:19 train_mapper.py:622 ] epoch=0323 train_loss=2.405137e-02 train_mse=5.288941e-03 train_cos=0.995908 train_nmse=-20.840dB train_rec=1.943789e-06 train_recT=1.396555e-06 train_fc=2.761233e-03 train_decoder_tail=4.440461e-06
I 07.02/14:13:46 train_mapper.py:622 ] epoch=0324 train_loss=2.401308e-02 train_mse=5.278949e-03 train_cos=0.995916 train_nmse=-20.849dB train_rec=1.938979e-06 train_recT=1.392208e-06 train_fc=2.758363e-03 train_decoder_tail=4.436153e-06
I 07.02/14:14:14 train_mapper.py:622 ] epoch=0325 train_loss=2.397958e-02 train_mse=5.269900e-03 train_cos=0.995924 train_nmse=-20.856dB train_rec=1.936041e-06 train_recT=1.389016e-06 train_fc=2.751962e-03 train_decoder_tail=4.437105e-06
I 07.02/14:14:37 train_mapper.py:622 ] epoch=0326 train_loss=2.389286e-02 train_mse=5.248288e-03 train_cos=0.995940 train_nmse=-20.874dB train_rec=1.924690e-06 train_recT=1.377743e-06 train_fc=2.741117e-03 train_decoder_tail=4.413258e-06
I 07.02/14:15:04 train_mapper.py:622 ] epoch=0327 train_loss=2.401728e-02 train_mse=5.276765e-03 train_cos=0.995917 train_nmse=-20.850dB train_rec=1.945683e-06 train_recT=1.398554e-06 train_fc=2.752189e-03 train_decoder_tail=4.443721e-06
I 07.02/14:15:30 train_mapper.py:622 ] epoch=0328 train_loss=2.383261e-02 train_mse=5.231165e-03 train_cos=0.995952 train_nmse=-20.888dB train_rec=1.922431e-06 train_recT=1.375589e-06 train_fc=2.730153e-03 train_decoder_tail=4.402195e-06
I 07.02/14:15:53 train_mapper.py:622 ] epoch=0329 train_loss=2.387703e-02 train_mse=5.241717e-03 train_cos=0.995945 train_nmse=-20.879dB train_rec=1.929702e-06 train_recT=1.382230e-06 train_fc=2.740116e-03 train_decoder_tail=4.418848e-06
I 07.02/14:16:20 train_mapper.py:622 ] epoch=0330 train_loss=2.386006e-02 train_mse=5.236901e-03 train_cos=0.995949 train_nmse=-20.883dB train_rec=1.927523e-06 train_recT=1.380760e-06 train_fc=2.736126e-03 train_decoder_tail=4.420342e-06
I 07.02/14:16:47 train_mapper.py:622 ] epoch=0331 train_loss=2.383445e-02 train_mse=5.229902e-03 train_cos=0.995954 train_nmse=-20.889dB train_rec=1.924783e-06 train_recT=1.378007e-06 train_fc=2.735680e-03 train_decoder_tail=4.407842e-06
I 07.02/14:17:14 train_mapper.py:622 ] epoch=0332 train_loss=2.379792e-02 train_mse=5.219804e-03 train_cos=0.995961 train_nmse=-20.897dB train_rec=1.925300e-06 train_recT=1.377913e-06 train_fc=2.724655e-03 train_decoder_tail=4.403245e-06
I 07.02/14:17:38 train_mapper.py:622 ] epoch=0333 train_loss=2.369900e-02 train_mse=5.195009e-03 train_cos=0.995980 train_nmse=-20.918dB train_rec=1.916148e-06 train_recT=1.369076e-06 train_fc=2.711331e-03 train_decoder_tail=4.391316e-06
I 07.02/14:18:06 train_mapper.py:622 ] epoch=0334 train_loss=2.374762e-02 train_mse=5.206086e-03 train_cos=0.995972 train_nmse=-20.909dB train_rec=1.917776e-06 train_recT=1.370779e-06 train_fc=2.717599e-03 train_decoder_tail=4.388996e-06
I 07.02/14:18:32 train_mapper.py:622 ] epoch=0335 train_loss=2.370038e-02 train_mse=5.193969e-03 train_cos=0.995981 train_nmse=-20.919dB train_rec=1.912407e-06 train_recT=1.365215e-06 train_fc=2.713131e-03 train_decoder_tail=4.380664e-06
I 07.02/14:18:57 train_mapper.py:622 ] epoch=0336 train_loss=2.367615e-02 train_mse=5.187467e-03 train_cos=0.995986 train_nmse=-20.924dB train_rec=1.912860e-06 train_recT=1.365901e-06 train_fc=2.708802e-03 train_decoder_tail=4.379582e-06
I 07.02/14:19:24 train_mapper.py:622 ] epoch=0337 train_loss=2.365274e-02 train_mse=5.179988e-03 train_cos=0.995990 train_nmse=-20.931dB train_rec=1.911810e-06 train_recT=1.364770e-06 train_fc=2.701840e-03 train_decoder_tail=4.373189e-06
I 07.02/14:19:49 train_mapper.py:622 ] epoch=0338 train_loss=2.359151e-02 train_mse=5.164530e-03 train_cos=0.996003 train_nmse=-20.944dB train_rec=1.904524e-06 train_recT=1.357741e-06 train_fc=2.694511e-03 train_decoder_tail=4.361575e-06
I 07.02/14:20:16 train_mapper.py:622 ] epoch=0339 train_loss=2.355326e-02 train_mse=5.154980e-03 train_cos=0.996010 train_nmse=-20.952dB train_rec=1.903318e-06 train_recT=1.356595e-06 train_fc=2.691234e-03 train_decoder_tail=4.360879e-06
I 07.02/14:20:47 train_mapper.py:622 ] epoch=0340 train_loss=2.356370e-02 train_mse=5.156575e-03 train_cos=0.996009 train_nmse=-20.950dB train_rec=1.907244e-06 train_recT=1.360319e-06 train_fc=2.690665e-03 train_decoder_tail=4.364012e-06
I 07.02/14:21:20 train_mapper.py:622 ] epoch=0341 train_loss=2.356893e-02 train_mse=5.157012e-03 train_cos=0.996008 train_nmse=-20.950dB train_rec=1.906787e-06 train_recT=1.359641e-06 train_fc=2.688161e-03 train_decoder_tail=4.360007e-06
I 07.02/14:21:48 train_mapper.py:622 ] epoch=0342 train_loss=2.346185e-02 train_mse=5.130082e-03 train_cos=0.996030 train_nmse=-20.973dB train_rec=1.895825e-06 train_recT=1.348830e-06 train_fc=2.675675e-03 train_decoder_tail=4.341867e-06
I 07.02/14:22:17 train_mapper.py:622 ] epoch=0343 train_loss=2.348372e-02 train_mse=5.134846e-03 train_cos=0.996026 train_nmse=-20.969dB train_rec=1.903352e-06 train_recT=1.356714e-06 train_fc=2.677882e-03 train_decoder_tail=4.354562e-06
I 07.02/14:22:42 train_mapper.py:622 ] epoch=0344 train_loss=2.345036e-02 train_mse=5.126235e-03 train_cos=0.996033 train_nmse=-20.976dB train_rec=1.893897e-06 train_recT=1.346811e-06 train_fc=2.673227e-03 train_decoder_tail=4.340324e-06
I 07.02/14:23:08 train_mapper.py:622 ] epoch=0345 train_loss=2.341987e-02 train_mse=5.118530e-03 train_cos=0.996040 train_nmse=-20.982dB train_rec=1.894489e-06 train_recT=1.347518e-06 train_fc=2.671579e-03 train_decoder_tail=4.339966e-06
I 07.02/14:23:32 train_mapper.py:622 ] epoch=0346 train_loss=2.341799e-02 train_mse=5.117231e-03 train_cos=0.996040 train_nmse=-20.983dB train_rec=1.891907e-06 train_recT=1.345096e-06 train_fc=2.672493e-03 train_decoder_tail=4.337688e-06
I 07.02/14:23:56 train_mapper.py:622 ] epoch=0347 train_loss=2.339656e-02 train_mse=5.111551e-03 train_cos=0.996045 train_nmse=-20.988dB train_rec=1.891269e-06 train_recT=1.344715e-06 train_fc=2.666701e-03 train_decoder_tail=4.339005e-06
I 07.02/14:24:23 train_mapper.py:622 ] epoch=0348 train_loss=2.331876e-02 train_mse=5.091341e-03 train_cos=0.996060 train_nmse=-21.006dB train_rec=1.882140e-06 train_recT=1.334823e-06 train_fc=2.654128e-03 train_decoder_tail=4.319555e-06
I 07.02/14:24:47 train_mapper.py:622 ] epoch=0349 train_loss=2.343569e-02 train_mse=5.119460e-03 train_cos=0.996038 train_nmse=-20.982dB train_rec=1.902485e-06 train_recT=1.355668e-06 train_fc=2.671611e-03 train_decoder_tail=4.346032e-06
I 07.02/14:25:14 train_mapper.py:622 ] epoch=0350 train_loss=2.323626e-02 train_mse=5.070046e-03 train_cos=0.996078 train_nmse=-21.024dB train_rec=1.881019e-06 train_recT=1.334141e-06 train_fc=2.645536e-03 train_decoder_tail=4.314190e-06
I 07.02/14:25:39 train_mapper.py:622 ] epoch=0351 train_loss=2.323958e-02 train_mse=5.069429e-03 train_cos=0.996077 train_nmse=-21.024dB train_rec=1.879833e-06 train_recT=1.332969e-06 train_fc=2.643340e-03 train_decoder_tail=4.309980e-06
I 07.02/14:26:05 train_mapper.py:622 ] epoch=0352 train_loss=2.323631e-02 train_mse=5.067930e-03 train_cos=0.996079 train_nmse=-21.026dB train_rec=1.883740e-06 train_recT=1.336892e-06 train_fc=2.643519e-03 train_decoder_tail=4.309871e-06
I 07.02/14:26:31 train_mapper.py:622 ] epoch=0353 train_loss=2.318924e-02 train_mse=5.056024e-03 train_cos=0.996087 train_nmse=-21.036dB train_rec=1.877719e-06 train_recT=1.330747e-06 train_fc=2.634938e-03 train_decoder_tail=4.302702e-06
I 07.02/14:26:57 train_mapper.py:622 ] epoch=0354 train_loss=2.315766e-02 train_mse=5.047521e-03 train_cos=0.996094 train_nmse=-21.043dB train_rec=1.877638e-06 train_recT=1.330892e-06 train_fc=2.630921e-03 train_decoder_tail=4.296113e-06
I 07.02/14:27:23 train_mapper.py:622 ] epoch=0355 train_loss=2.314921e-02 train_mse=5.045229e-03 train_cos=0.996095 train_nmse=-21.045dB train_rec=1.873436e-06 train_recT=1.326450e-06 train_fc=2.631029e-03 train_decoder_tail=4.292439e-06
I 07.02/14:27:48 train_mapper.py:622 ] epoch=0356 train_loss=2.313470e-02 train_mse=5.040934e-03 train_cos=0.996099 train_nmse=-21.049dB train_rec=1.874969e-06 train_recT=1.327864e-06 train_fc=2.629008e-03 train_decoder_tail=4.294783e-06
I 07.02/14:28:14 train_mapper.py:622 ] epoch=0357 train_loss=2.314410e-02 train_mse=5.042820e-03 train_cos=0.996098 train_nmse=-21.047dB train_rec=1.882857e-06 train_recT=1.336048e-06 train_fc=2.632007e-03 train_decoder_tail=4.308530e-06
I 07.02/14:28:38 train_mapper.py:622 ] epoch=0358 train_loss=2.306556e-02 train_mse=5.023271e-03 train_cos=0.996113 train_nmse=-21.064dB train_rec=1.861477e-06 train_recT=1.314448e-06 train_fc=2.620266e-03 train_decoder_tail=4.272497e-06
I 07.02/14:29:05 train_mapper.py:622 ] epoch=0359 train_loss=2.305107e-02 train_mse=5.018724e-03 train_cos=0.996116 train_nmse=-21.068dB train_rec=1.863509e-06 train_recT=1.316709e-06 train_fc=2.616545e-03 train_decoder_tail=4.271268e-06
I 07.02/14:29:29 train_mapper.py:622 ] epoch=0360 train_loss=2.303479e-02 train_mse=5.014207e-03 train_cos=0.996120 train_nmse=-21.072dB train_rec=1.868648e-06 train_recT=1.321839e-06 train_fc=2.613696e-03 train_decoder_tail=4.284029e-06
I 07.02/14:29:53 train_mapper.py:622 ] epoch=0361 train_loss=2.302777e-02 train_mse=5.011594e-03 train_cos=0.996121 train_nmse=-21.074dB train_rec=1.869710e-06 train_recT=1.322755e-06 train_fc=2.611966e-03 train_decoder_tail=4.281081e-06
I 07.02/14:30:18 train_mapper.py:622 ] epoch=0362 train_loss=2.294764e-02 train_mse=4.992465e-03 train_cos=0.996137 train_nmse=-21.091dB train_rec=1.855817e-06 train_recT=1.308923e-06 train_fc=2.603398e-03 train_decoder_tail=4.262162e-06
I 07.02/14:30:42 train_mapper.py:622 ] epoch=0363 train_loss=2.296966e-02 train_mse=4.996478e-03 train_cos=0.996133 train_nmse=-21.087dB train_rec=1.860236e-06 train_recT=1.312993e-06 train_fc=2.605116e-03 train_decoder_tail=4.263116e-06
I 07.02/14:31:09 train_mapper.py:622 ] epoch=0364 train_loss=2.293809e-02 train_mse=4.989114e-03 train_cos=0.996140 train_nmse=-21.094dB train_rec=1.858741e-06 train_recT=1.312244e-06 train_fc=2.603262e-03 train_decoder_tail=4.263068e-06
I 07.02/14:31:33 train_mapper.py:622 ] epoch=0365 train_loss=2.296938e-02 train_mse=4.994681e-03 train_cos=0.996134 train_nmse=-21.089dB train_rec=1.864877e-06 train_recT=1.317918e-06 train_fc=2.603093e-03 train_decoder_tail=4.267127e-06
I 07.02/14:31:58 train_mapper.py:622 ] epoch=0366 train_loss=2.285187e-02 train_mse=4.966217e-03 train_cos=0.996157 train_nmse=-21.114dB train_rec=1.855219e-06 train_recT=1.308571e-06 train_fc=2.589805e-03 train_decoder_tail=4.251192e-06
I 07.02/14:32:25 train_mapper.py:622 ] epoch=0367 train_loss=2.283451e-02 train_mse=4.961181e-03 train_cos=0.996161 train_nmse=-21.118dB train_rec=1.855426e-06 train_recT=1.308458e-06 train_fc=2.584366e-03 train_decoder_tail=4.251678e-06
I 07.02/14:32:44 train_mapper.py:622 ] epoch=0368 train_loss=2.281937e-02 train_mse=4.956833e-03 train_cos=0.996163 train_nmse=-21.122dB train_rec=1.845361e-06 train_recT=1.298681e-06 train_fc=2.582936e-03 train_decoder_tail=4.231667e-06
I 07.02/14:33:01 train_mapper.py:622 ] epoch=0369 train_loss=2.278578e-02 train_mse=4.948459e-03 train_cos=0.996170 train_nmse=-21.129dB train_rec=1.848015e-06 train_recT=1.301168e-06 train_fc=2.579231e-03 train_decoder_tail=4.240216e-06
I 07.02/14:33:20 train_mapper.py:622 ] epoch=0370 train_loss=2.277673e-02 train_mse=4.945037e-03 train_cos=0.996172 train_nmse=-21.132dB train_rec=1.846377e-06 train_recT=1.299613e-06 train_fc=2.576057e-03 train_decoder_tail=4.231451e-06
I 07.02/14:33:38 train_mapper.py:622 ] epoch=0371 train_loss=2.277605e-02 train_mse=4.944535e-03 train_cos=0.996173 train_nmse=-21.133dB train_rec=1.846250e-06 train_recT=1.299478e-06 train_fc=2.576565e-03 train_decoder_tail=4.229510e-06
I 07.02/14:33:55 train_mapper.py:622 ] epoch=0372 train_loss=2.274262e-02 train_mse=4.936073e-03 train_cos=0.996180 train_nmse=-21.140dB train_rec=1.843113e-06 train_recT=1.296492e-06 train_fc=2.572735e-03 train_decoder_tail=4.228631e-06
I 07.02/14:34:15 train_mapper.py:622 ] epoch=0373 train_loss=2.268903e-02 train_mse=4.922582e-03 train_cos=0.996190 train_nmse=-21.152dB train_rec=1.835776e-06 train_recT=1.289068e-06 train_fc=2.565253e-03 train_decoder_tail=4.211555e-06
I 07.02/14:34:32 train_mapper.py:622 ] epoch=0374 train_loss=2.272220e-02 train_mse=4.929741e-03 train_cos=0.996184 train_nmse=-21.146dB train_rec=1.846386e-06 train_recT=1.299556e-06 train_fc=2.568593e-03 train_decoder_tail=4.226871e-06
I 07.02/14:34:47 train_mapper.py:622 ] epoch=0375 train_loss=2.270976e-02 train_mse=4.925877e-03 train_cos=0.996187 train_nmse=-21.149dB train_rec=1.846780e-06 train_recT=1.299868e-06 train_fc=2.564169e-03 train_decoder_tail=4.225099e-06
I 07.02/14:35:01 train_mapper.py:622 ] epoch=0376 train_loss=2.260296e-02 train_mse=4.900432e-03 train_cos=0.996208 train_nmse=-21.172dB train_rec=1.831138e-06 train_recT=1.284632e-06 train_fc=2.553188e-03 train_decoder_tail=4.202617e-06
I 07.02/14:35:25 train_mapper.py:622 ] epoch=0377 train_loss=2.264461e-02 train_mse=4.909354e-03 train_cos=0.996201 train_nmse=-21.164dB train_rec=1.846389e-06 train_recT=1.299639e-06 train_fc=2.559606e-03 train_decoder_tail=4.225875e-06
I 07.02/14:35:56 train_mapper.py:622 ] epoch=0378 train_loss=2.261346e-02 train_mse=4.901365e-03 train_cos=0.996206 train_nmse=-21.171dB train_rec=1.837179e-06 train_recT=1.290271e-06 train_fc=2.554569e-03 train_decoder_tail=4.209419e-06
I 07.02/14:36:29 train_mapper.py:622 ] epoch=0379 train_loss=2.253863e-02 train_mse=4.882132e-03 train_cos=0.996222 train_nmse=-21.188dB train_rec=1.828671e-06 train_recT=1.281885e-06 train_fc=2.542421e-03 train_decoder_tail=4.199179e-06
I 07.02/14:36:59 train_mapper.py:622 ] epoch=0380 train_loss=2.256066e-02 train_mse=4.887622e-03 train_cos=0.996218 train_nmse=-21.183dB train_rec=1.830590e-06 train_recT=1.283976e-06 train_fc=2.547760e-03 train_decoder_tail=4.199267e-06
I 07.02/14:37:19 train_mapper.py:622 ] epoch=0381 train_loss=2.253272e-02 train_mse=4.879857e-03 train_cos=0.996222 train_nmse=-21.190dB train_rec=1.827239e-06 train_recT=1.280283e-06 train_fc=2.542135e-03 train_decoder_tail=4.193601e-06
I 07.02/14:37:36 train_mapper.py:622 ] epoch=0382 train_loss=2.253218e-02 train_mse=4.879666e-03 train_cos=0.996224 train_nmse=-21.190dB train_rec=1.825644e-06 train_recT=1.278895e-06 train_fc=2.545414e-03 train_decoder_tail=4.189238e-06
I 07.02/14:37:58 train_mapper.py:622 ] epoch=0383 train_loss=2.255467e-02 train_mse=4.883898e-03 train_cos=0.996219 train_nmse=-21.187dB train_rec=1.829448e-06 train_recT=1.282563e-06 train_fc=2.541541e-03 train_decoder_tail=4.193734e-06
I 07.02/14:38:26 train_mapper.py:622 ] epoch=0384 train_loss=2.244665e-02 train_mse=4.858261e-03 train_cos=0.996240 train_nmse=-21.209dB train_rec=1.820673e-06 train_recT=1.273955e-06 train_fc=2.530999e-03 train_decoder_tail=4.180373e-06
I 07.02/14:38:53 train_mapper.py:622 ] epoch=0385 train_loss=2.249289e-02 train_mse=4.867910e-03 train_cos=0.996232 train_nmse=-21.201dB train_rec=1.826507e-06 train_recT=1.279705e-06 train_fc=2.533952e-03 train_decoder_tail=4.184662e-06
I 07.02/14:39:20 train_mapper.py:622 ] epoch=0386 train_loss=2.243200e-02 train_mse=4.853002e-03 train_cos=0.996244 train_nmse=-21.214dB train_rec=1.824807e-06 train_recT=1.278219e-06 train_fc=2.527483e-03 train_decoder_tail=4.184843e-06
I 07.02/14:39:46 train_mapper.py:622 ] epoch=0387 train_loss=2.236023e-02 train_mse=4.835017e-03 train_cos=0.996258 train_nmse=-21.230dB train_rec=1.813550e-06 train_recT=1.267016e-06 train_fc=2.517491e-03 train_decoder_tail=4.165565e-06
I 07.02/14:40:15 train_mapper.py:622 ] epoch=0388 train_loss=2.237883e-02 train_mse=4.839067e-03 train_cos=0.996255 train_nmse=-21.226dB train_rec=1.816521e-06 train_recT=1.269721e-06 train_fc=2.520456e-03 train_decoder_tail=4.163610e-06
I 07.02/14:40:40 train_mapper.py:622 ] epoch=0389 train_loss=2.237997e-02 train_mse=4.838463e-03 train_cos=0.996255 train_nmse=-21.227dB train_rec=1.821478e-06 train_recT=1.274565e-06 train_fc=2.519489e-03 train_decoder_tail=4.177259e-06
I 07.02/14:41:14 train_mapper.py:622 ] epoch=0390 train_loss=2.234452e-02 train_mse=4.830135e-03 train_cos=0.996262 train_nmse=-21.235dB train_rec=1.813856e-06 train_recT=1.267079e-06 train_fc=2.515961e-03 train_decoder_tail=4.160228e-06
I 07.02/14:41:39 train_mapper.py:622 ] epoch=0391 train_loss=2.226605e-02 train_mse=4.810728e-03 train_cos=0.996277 train_nmse=-21.252dB train_rec=1.808404e-06 train_recT=1.261566e-06 train_fc=2.507529e-03 train_decoder_tail=4.153959e-06
I 07.02/14:42:02 train_mapper.py:622 ] epoch=0392 train_loss=2.233546e-02 train_mse=4.826639e-03 train_cos=0.996265 train_nmse=-21.237dB train_rec=1.813938e-06 train_recT=1.267332e-06 train_fc=2.513915e-03 train_decoder_tail=4.160816e-06
I 07.02/14:42:21 train_mapper.py:622 ] epoch=0393 train_loss=2.231496e-02 train_mse=4.820203e-03 train_cos=0.996268 train_nmse=-21.244dB train_rec=1.817024e-06 train_recT=1.270501e-06 train_fc=2.507386e-03 train_decoder_tail=4.159861e-06
I 07.02/14:42:38 train_mapper.py:622 ] epoch=0394 train_loss=2.219653e-02 train_mse=4.792121e-03 train_cos=0.996291 train_nmse=-21.269dB train_rec=1.799135e-06 train_recT=1.252217e-06 train_fc=2.495798e-03 train_decoder_tail=4.139063e-06
I 07.02/14:42:57 train_mapper.py:622 ] epoch=0395 train_loss=2.223396e-02 train_mse=4.800586e-03 train_cos=0.996284 train_nmse=-21.261dB train_rec=1.803205e-06 train_recT=1.256298e-06 train_fc=2.499646e-03 train_decoder_tail=4.140479e-06
I 07.02/14:43:19 train_mapper.py:622 ] epoch=0396 train_loss=2.224473e-02 train_mse=4.802514e-03 train_cos=0.996283 train_nmse=-21.259dB train_rec=1.804736e-06 train_recT=1.257665e-06 train_fc=2.500000e-03 train_decoder_tail=4.144963e-06
I 07.02/14:43:42 train_mapper.py:622 ] epoch=0397 train_loss=2.216582e-02 train_mse=4.782713e-03 train_cos=0.996299 train_nmse=-21.277dB train_rec=1.801792e-06 train_recT=1.255257e-06 train_fc=2.489891e-03 train_decoder_tail=4.134937e-06
I 07.02/14:44:06 train_mapper.py:622 ] epoch=0398 train_loss=2.220763e-02 train_mse=4.792329e-03 train_cos=0.996290 train_nmse=-21.269dB train_rec=1.807826e-06 train_recT=1.261025e-06 train_fc=2.492234e-03 train_decoder_tail=4.146847e-06
I 07.02/14:44:34 train_mapper.py:622 ] epoch=0399 train_loss=2.208563e-02 train_mse=4.763269e-03 train_cos=0.996315 train_nmse=-21.295dB train_rec=1.790441e-06 train_recT=1.243759e-06 train_fc=2.480914e-03 train_decoder_tail=4.118220e-06
I 07.02/14:45:20 train_mapper.py:622 ] epoch=0400 train_loss=2.214546e-02 train_mse=4.776536e-03 train_cos=0.996303 train_nmse=-21.283dB train_rec=1.802455e-06 train_recT=1.256118e-06 train_fc=2.486540e-03 train_decoder_tail=4.131834e-06
I 07.02/14:46:55 train_mapper.py:738 ] best_loss_epoch=399 best_loss_selection=train_loss best_loss_metric=2.208563e-02 best_loss_mse=4.763269e-03 best_loss_loss=2.208563e-02
I 07.02/14:46:55 train_mapper.py:743 ] best_mse_epoch=399 best_mse_selection=train_mse best_mse_metric=4.763269e-03 best_mse_mse=4.763269e-03 best_mse_loss=2.208563e-02
I 07.02/14:46:55 train_mapper.py:749 ] all_best_loss_mse=4.664454e-03 all_best_loss_cos=0.996391 all_best_loss_nmse=-21.385dB
I 07.02/14:46:55 train_mapper.py:753 ] all_best_mse_mse=4.664454e-03 all_best_mse_cos=0.996391 all_best_mse_nmse=-21.385dB
