I 07.05/05:25:46 logger.py:152 ] => Experiment directory: decoder_param_fm/exps/set_transformer_hyper_lora_rms_tok512_h2048_lr1e-4_ep400_seed42
I 07.05/05:25:46 logger.py:71  ] => Runtime Context:
I 07.05/05:25:46 logger.py:72  ]    cwd: /storage/hujiacong/zxd/Huawei/UniversalCSI
I 07.05/05:25:46 logger.py:73  ]    pid: 1939663
I 07.05/05:25:46 logger.py:74  ]    command: decoder_param_fm/train_param_fm.py --exp_dir decoder_param_fm/exps/set_transformer_hyper_lora_rms_tok512_h2048_lr1e-4_ep400_seed42 --decoder_args_json exps/COST2100/in/seed42/transnet_transnet/args.json --target_checkpoint exps/COST2100/in/seed42/transnet_transnet/checkpoints/best_nmse.pth --guide_code_path exps/COST2100/in/seed42/transnet_transnet/codewords/train_code.pt --condition_extract set_transformer --condition_inject hyper_lora --param_norm rms --epochs 400 --steps_per_epoch 100 --lr 1e-4 --warmup_ratio 0.1 --token_size 512 --hidden_dim 2048 --num_blocks 4 --condition_tokens 512 --cond_dim 512 --num_heads 8 --set_layers 2 --lambda_endpoint 0.0 --base_seed 2026 --seed 42 --gpu 6 --max_guide_codes 0
I 07.05/05:25:46 logger.py:75  ]    python: 3.11.14 (main, Oct 21 2025, 18:31:21) [GCC 11.2.0]
I 07.05/05:25:46 logger.py:76  ]    pytorch: 2.5.1
I 07.05/05:25:50 logger.py:77  ]    cuda_available: True
I 07.05/05:25:50 logger.py:79  ]    cuda_version: 12.1
I 07.05/05:25:50 logger.py:81  ]    CUDA_VISIBLE_DEVICES: None
I 07.05/05:25:50 logger.py:91  ]    current_device: not initialized yet
I 07.05/05:25:50 logger.py:63  ] => Arguments:
{
  "base_seed": 2026,
  "cond_dim": 512,
  "condition_extract": "set_transformer",
  "condition_inject": "hyper_lora",
  "condition_tokens": 512,
  "cpu": false,
  "decoder_args_json": "exps/COST2100/in/seed42/transnet_transnet/args.json",
  "dropout": 0.0,
  "epochs": 400,
  "eta_min": 1e-06,
  "exp_dir": "decoder_param_fm/exps/set_transformer_hyper_lora_rms_tok512_h2048_lr1e-4_ep400_seed42",
  "gpu": 6,
  "grad_clip": 1.0,
  "guide_code_path": "exps/COST2100/in/seed42/transnet_transnet/codewords/train_code.pt",
  "hidden_dim": 2048,
  "hyper_lora_rank": 16,
  "lambda_endpoint": 0.0,
  "lr": 0.0001,
  "max_guide_codes": 0,
  "num_blocks": 4,
  "num_heads": 8,
  "param_norm": "rms",
  "save_every": 0,
  "seed": 42,
  "set_layers": 2,
  "steps_per_epoch": 100,
  "target_checkpoint": "exps/COST2100/in/seed42/transnet_transnet/checkpoints/best_nmse.pth",
  "time_dim": 128,
  "token_size": 512,
  "warmup_ratio": 0.1,
  "warmup_steps": 0,
  "weight_decay": 0.0
}
I 07.05/05:25:50 train_param_fm.py:253 ] => TensorBoard directory: decoder_param_fm/exps/set_transformer_hyper_lora_rms_tok512_h2048_lr1e-4_ep400_seed42/tensorboard
I 07.05/05:25:51 train_param_fm.py:153 ] 
=> Target decoder tensors:
   tensors=40 total_params=1,646,592
   largest tensors:
     fc_decoder.weight                                       shape=(2048, 512) numel=1,048,576
     decoder.layers.0.linear1.weight                         shape=(2048, 64) numel=131,072
     decoder.layers.0.linear2.weight                         shape=(64, 2048) numel=131,072
     decoder.layers.1.linear1.weight                         shape=(2048, 64) numel=131,072
     decoder.layers.1.linear2.weight                         shape=(64, 2048) numel=131,072
     decoder.layers.0.self_attn.in_proj_weight               shape=(192, 64) numel=12,288
     decoder.layers.0.multihead_attn.in_proj_weight          shape=(192, 64) numel=12,288
     decoder.layers.1.self_attn.in_proj_weight               shape=(192, 64) numel=12,288
I 07.05/05:25:53 train_param_fm.py:172 ] 
=> Parameter normalization:
   method=rms tensors=40
   fc_decoder.weight                                       scale=4.112407e-02
   fc_decoder.bias                                         scale=3.915951e-02
   decoder.layers.0.self_attn.in_proj_weight               scale=1.173303e-01
   decoder.layers.0.self_attn.in_proj_bias                 scale=3.452975e-02
   decoder.layers.0.self_attn.out_proj.weight              scale=1.769627e-01
   decoder.layers.0.self_attn.out_proj.bias                scale=3.740532e-02
   decoder.layers.0.multihead_attn.in_proj_weight          scale=1.192300e-01
   decoder.layers.0.multihead_attn.in_proj_bias            scale=9.713434e-03
   ... 32 more tensors
I 07.05/05:25:54 train_param_fm.py:271 ] Prepared 40 tensors, 3236 parameter tokens, token_size=512
I 07.05/05:26:04 train_param_fm.py:178 ] => Device: cuda:6
I 07.05/05:26:04 train_param_fm.py:179 ] => Target checkpoint: exps/COST2100/in/seed42/transnet_transnet/checkpoints/best_nmse.pth
I 07.05/05:26:04 train_param_fm.py:180 ] => Decoder args json: exps/COST2100/in/seed42/transnet_transnet/args.json
I 07.05/05:26:04 train_param_fm.py:181 ] => Guide code path: exps/COST2100/in/seed42/transnet_transnet/codewords/train_code.pt
I 07.05/05:26:04 train_param_fm.py:182 ] => Decoder: type=transnet cr=4 channel=2 nt=32 nc=32 d_model=64 dim_feedforward=2048
I 07.05/05:26:04 train_param_fm.py:192 ] => Condition: extract=set_transformer tokens=512 inject=hyper_lora cond_dim=512 heads=8 set_layers=2 hyper_lora_rank=16
I 07.05/05:26:04 train_param_fm.py:202 ] => Parameter tokens: tensors=40 tokens=3236 token_size=512 valid_elements=1646592 padded_elements=10240
I 07.05/05:26:04 train_param_fm.py:211 ] => Guide codes: shape=(100000, 512) max_guide_codes=0
I 07.05/05:26:04 train_param_fm.py:215 ] => Optimizer: AdamW lr=0.0001 eta_min=1e-06 weight_decay=0 grad_clip=1
I 07.05/05:26:04 train_param_fm.py:222 ] => Scheduler: warmup_cosine epochs=400 steps_per_epoch=100 total_steps=40000 warmup_steps=4000 warmup_ratio=0.1
I 07.05/05:26:04 train_param_fm.py:230 ] => Loss: velocity_mse=1.0 endpoint_param_mse=0
I 07.05/05:26:04 train_param_fm.py:233 ] => Parameters: total=175,536,129 trainable=175,536,129 frozen=0
I 07.05/05:26:04 logger.py:146 ] 
name                                                              grad            shape      numel
----                                                              ----            -----      -----
condition_extractor.queries                                       True       (512, 512)    262,144
condition_extractor.code_proj.0.weight                            True           (512,)        512
condition_extractor.code_proj.0.bias                              True           (512,)        512
condition_extractor.code_proj.1.weight                            True       (512, 512)    262,144
condition_extractor.code_proj.1.bias                              True           (512,)        512
condition_extractor.code_proj.3.weight                            True       (512, 512)    262,144
condition_extractor.code_proj.3.bias                              True           (512,)        512
condition_extractor.layers.0.in_proj_weight                       True      (1536, 512)    786,432
condition_extractor.layers.0.in_proj_bias                         True          (1536,)      1,536
condition_extractor.layers.0.out_proj.weight                      True       (512, 512)    262,144
condition_extractor.layers.0.out_proj.bias                        True           (512,)        512
condition_extractor.layers.1.in_proj_weight                       True      (1536, 512)    786,432
condition_extractor.layers.1.in_proj_bias                         True          (1536,)      1,536
condition_extractor.layers.1.out_proj.weight                      True       (512, 512)    262,144
condition_extractor.layers.1.out_proj.bias                        True           (512,)        512
condition_extractor.norm.weight                                   True           (512,)        512
condition_extractor.norm.bias                                     True           (512,)        512
condition_extractor.out.weight                                    True       (512, 512)    262,144
condition_extractor.out.bias                                      True           (512,)        512
condition_encoder.token_mlp.0.weight                              True           (512,)        512
condition_encoder.token_mlp.0.bias                                True           (512,)        512
condition_encoder.token_mlp.1.weight                              True      (2048, 512)  1,048,576
condition_encoder.token_mlp.1.bias                                True          (2048,)      2,048
condition_encoder.token_mlp.3.weight                              True      (512, 2048)  1,048,576
condition_encoder.token_mlp.3.bias                                True           (512,)        512
condition_encoder.pool.0.weight                                   True          (1536,)      1,536
condition_encoder.pool.0.bias                                     True          (1536,)      1,536
condition_encoder.pool.1.weight                                   True      (512, 1536)    786,432
condition_encoder.pool.1.bias                                     True           (512,)        512
condition_encoder.pool.3.weight                                   True       (512, 512)    262,144
condition_encoder.pool.3.bias                                     True           (512,)        512
param_fm.param_proj.weight                                        True      (2048, 512)  1,048,576
param_fm.param_proj.bias                                          True          (2048,)      2,048
param_fm.time_proj.0.weight                                       True      (2048, 128)    262,144
param_fm.time_proj.0.bias                                         True          (2048,)      2,048
param_fm.time_proj.2.weight                                       True     (2048, 2048)  4,194,304
param_fm.time_proj.2.bias                                         True          (2048,)      2,048
param_fm.tensor_embed.weight                                      True       (40, 2048)     81,920
param_fm.layer_embed.weight                                       True     (1001, 2048)  2,050,048
param_fm.offset_embed.weight                                      True     (2048, 2048)  4,194,304
param_fm.cond_proj.weight                                         True      (2048, 512)  1,048,576
param_fm.cond_proj.bias                                           True          (2048,)      2,048
param_fm.blocks.0.norm.weight                                     True          (2048,)      2,048
param_fm.blocks.0.norm.bias                                       True          (2048,)      2,048
param_fm.blocks.0.net.0.weight                                    True     (8192, 2048) 16,777,216
param_fm.blocks.0.net.0.bias                                      True          (8192,)      8,192
param_fm.blocks.0.net.3.weight                                    True     (2048, 8192) 16,777,216
param_fm.blocks.0.net.3.bias                                      True          (2048,)      2,048
param_fm.blocks.1.norm.weight                                     True          (2048,)      2,048
param_fm.blocks.1.norm.bias                                       True          (2048,)      2,048
param_fm.blocks.1.net.0.weight                                    True     (8192, 2048) 16,777,216
param_fm.blocks.1.net.0.bias                                      True          (8192,)      8,192
param_fm.blocks.1.net.3.weight                                    True     (2048, 8192) 16,777,216
param_fm.blocks.1.net.3.bias                                      True          (2048,)      2,048
param_fm.blocks.2.norm.weight                                     True          (2048,)      2,048
param_fm.blocks.2.norm.bias                                       True          (2048,)      2,048
param_fm.blocks.2.net.0.weight                                    True     (8192, 2048) 16,777,216
param_fm.blocks.2.net.0.bias                                      True          (8192,)      8,192
param_fm.blocks.2.net.3.weight                                    True     (2048, 8192) 16,777,216
param_fm.blocks.2.net.3.bias                                      True          (2048,)      2,048
param_fm.blocks.3.norm.weight                                     True          (2048,)      2,048
param_fm.blocks.3.norm.bias                                       True          (2048,)      2,048
param_fm.blocks.3.net.0.weight                                    True     (8192, 2048) 16,777,216
param_fm.blocks.3.net.0.bias                                      True          (8192,)      8,192
param_fm.blocks.3.net.3.weight                                    True     (2048, 8192) 16,777,216
param_fm.blocks.3.net.3.bias                                      True          (2048,)      2,048
param_fm.hyper_a.weight                                           True     (32768, 512) 16,777,216
param_fm.hyper_a.bias                                             True         (32768,)     32,768
param_fm.hyper_b.weight                                           True      (8192, 512)  4,194,304
param_fm.hyper_b.bias                                             True          (8192,)      8,192
param_fm.hyper_alpha.weight                                       True         (1, 512)        512
param_fm.hyper_alpha.bias                                         True             (1,)          1
param_fm.norm.weight                                              True          (2048,)      2,048
param_fm.norm.bias                                                True          (2048,)      2,048
param_fm.out.weight                                               True      (512, 2048)  1,048,576
param_fm.out.bias                                                 True           (512,)        512
**********
total=175,536,129, trainable=175,536,129, frozen=0
I 07.05/05:27:55 train_param_fm.py:370 ] Epoch [1/400] loss=0.99793041 velocity=0.99793041 endpoint=0.33648244 lr=2.5e-06
I 07.05/05:30:20 train_param_fm.py:370 ] Epoch [2/400] loss=0.97425753 velocity=0.97425753 endpoint=0.33313913 lr=5e-06
I 07.05/05:32:31 train_param_fm.py:370 ] Epoch [3/400] loss=0.92507316 velocity=0.92507316 endpoint=0.30053822 lr=7.5e-06
I 07.05/05:34:35 train_param_fm.py:370 ] Epoch [4/400] loss=0.87383588 velocity=0.87383588 endpoint=0.29470069 lr=1e-05
I 07.05/05:37:02 train_param_fm.py:370 ] Epoch [5/400] loss=0.79720421 velocity=0.79720421 endpoint=0.28476323 lr=1.25e-05
I 07.05/05:39:43 train_param_fm.py:370 ] Epoch [6/400] loss=0.71307004 velocity=0.71307004 endpoint=0.28908664 lr=1.5e-05
I 07.05/05:42:12 train_param_fm.py:370 ] Epoch [7/400] loss=0.61296656 velocity=0.61296656 endpoint=0.23962816 lr=1.75e-05
I 07.05/05:44:23 train_param_fm.py:370 ] Epoch [8/400] loss=0.50674797 velocity=0.50674797 endpoint=0.19162883 lr=2e-05
I 07.05/05:46:30 train_param_fm.py:370 ] Epoch [9/400] loss=0.41693861 velocity=0.41693861 endpoint=0.17233853 lr=2.25e-05
I 07.05/05:49:04 train_param_fm.py:370 ] Epoch [10/400] loss=0.33073510 velocity=0.33073510 endpoint=0.14483930 lr=2.5e-05
I 07.05/05:51:42 train_param_fm.py:370 ] Epoch [11/400] loss=0.24636960 velocity=0.24636960 endpoint=0.10163277 lr=2.75e-05
I 07.05/05:54:10 train_param_fm.py:370 ] Epoch [12/400] loss=0.19655857 velocity=0.19655857 endpoint=0.09149918 lr=3e-05
I 07.05/05:56:37 train_param_fm.py:370 ] Epoch [13/400] loss=0.15225395 velocity=0.15225395 endpoint=0.07571179 lr=3.25e-05
I 07.05/05:59:05 train_param_fm.py:370 ] Epoch [14/400] loss=0.10337570 velocity=0.10337570 endpoint=0.04800598 lr=3.5e-05
I 07.05/06:01:35 train_param_fm.py:370 ] Epoch [15/400] loss=0.08200987 velocity=0.08200987 endpoint=0.04039711 lr=3.75e-05
I 07.05/06:03:51 train_param_fm.py:370 ] Epoch [16/400] loss=0.06154825 velocity=0.06154825 endpoint=0.02944619 lr=4e-05
I 07.05/06:05:53 train_param_fm.py:370 ] Epoch [17/400] loss=0.04793168 velocity=0.04793168 endpoint=0.02318510 lr=4.25e-05
I 07.05/06:07:49 train_param_fm.py:370 ] Epoch [18/400] loss=0.03232886 velocity=0.03232886 endpoint=0.01627606 lr=4.5e-05
I 07.05/06:09:48 train_param_fm.py:370 ] Epoch [19/400] loss=0.02661390 velocity=0.02661390 endpoint=0.01227424 lr=4.75e-05
I 07.05/06:11:47 train_param_fm.py:370 ] Epoch [20/400] loss=0.03010939 velocity=0.03010939 endpoint=0.01597157 lr=5e-05
I 07.05/06:13:50 train_param_fm.py:370 ] Epoch [21/400] loss=0.01710896 velocity=0.01710896 endpoint=0.00879054 lr=5.25e-05
I 07.05/06:16:16 train_param_fm.py:370 ] Epoch [22/400] loss=0.01646867 velocity=0.01646867 endpoint=0.00882502 lr=5.5e-05
I 07.05/06:18:40 train_param_fm.py:370 ] Epoch [23/400] loss=0.00907243 velocity=0.00907243 endpoint=0.00420618 lr=5.75e-05
I 07.05/06:20:54 train_param_fm.py:370 ] Epoch [24/400] loss=0.01005170 velocity=0.01005170 endpoint=0.00488204 lr=6e-05
I 07.05/06:22:53 train_param_fm.py:370 ] Epoch [25/400] loss=0.00816829 velocity=0.00816829 endpoint=0.00404147 lr=6.25e-05
I 07.05/06:25:05 train_param_fm.py:370 ] Epoch [26/400] loss=0.00801041 velocity=0.00801041 endpoint=0.00428462 lr=6.5e-05
I 07.05/06:27:37 train_param_fm.py:370 ] Epoch [27/400] loss=0.00776704 velocity=0.00776704 endpoint=0.00435459 lr=6.75e-05
I 07.05/06:29:33 train_param_fm.py:370 ] Epoch [28/400] loss=0.00905483 velocity=0.00905483 endpoint=0.00425012 lr=7e-05
I 07.05/06:31:27 train_param_fm.py:370 ] Epoch [29/400] loss=0.00530679 velocity=0.00530679 endpoint=0.00245086 lr=7.25e-05
I 07.05/06:33:47 train_param_fm.py:370 ] Epoch [30/400] loss=0.00318562 velocity=0.00318562 endpoint=0.00154644 lr=7.5e-05
I 07.05/06:35:52 train_param_fm.py:370 ] Epoch [31/400] loss=0.00647585 velocity=0.00647585 endpoint=0.00326934 lr=7.75e-05
I 07.05/06:37:54 train_param_fm.py:370 ] Epoch [32/400] loss=0.00281887 velocity=0.00281887 endpoint=0.00124882 lr=8e-05
I 07.05/06:40:18 train_param_fm.py:370 ] Epoch [33/400] loss=0.00467182 velocity=0.00467182 endpoint=0.00239961 lr=8.25e-05
I 07.05/06:42:14 train_param_fm.py:370 ] Epoch [34/400] loss=0.00536166 velocity=0.00536166 endpoint=0.00275225 lr=8.5e-05
I 07.05/06:44:26 train_param_fm.py:370 ] Epoch [35/400] loss=0.00242231 velocity=0.00242231 endpoint=0.00128318 lr=8.75e-05
I 07.05/06:46:45 train_param_fm.py:370 ] Epoch [36/400] loss=0.00199413 velocity=0.00199413 endpoint=0.00099119 lr=9e-05
I 07.05/06:48:45 train_param_fm.py:370 ] Epoch [37/400] loss=0.00325053 velocity=0.00325053 endpoint=0.00168995 lr=9.25e-05
I 07.05/06:51:07 train_param_fm.py:370 ] Epoch [38/400] loss=0.00174457 velocity=0.00174457 endpoint=0.00091102 lr=9.5e-05
I 07.05/06:53:46 train_param_fm.py:370 ] Epoch [39/400] loss=0.00439665 velocity=0.00439665 endpoint=0.00209316 lr=9.75e-05
I 07.05/06:55:52 train_param_fm.py:370 ] Epoch [40/400] loss=0.00223357 velocity=0.00223357 endpoint=0.00117706 lr=0.0001
I 07.05/06:57:50 train_param_fm.py:370 ] Epoch [41/400] loss=0.00216664 velocity=0.00216664 endpoint=0.00099291 lr=9.99981e-05
I 07.05/06:59:45 train_param_fm.py:370 ] Epoch [42/400] loss=0.00149472 velocity=0.00149472 endpoint=0.00067624 lr=9.99925e-05
I 07.05/07:01:58 train_param_fm.py:370 ] Epoch [43/400] loss=0.00047071 velocity=0.00047071 endpoint=0.00019023 lr=9.9983e-05
I 07.05/07:04:27 train_param_fm.py:370 ] Epoch [44/400] loss=0.00058288 velocity=0.00058288 endpoint=0.00028937 lr=9.99698e-05
I 07.05/07:06:35 train_param_fm.py:370 ] Epoch [45/400] loss=0.00360806 velocity=0.00360806 endpoint=0.00162121 lr=9.99529e-05
I 07.05/07:08:32 train_param_fm.py:370 ] Epoch [46/400] loss=0.00108988 velocity=0.00108988 endpoint=0.00051714 lr=9.99322e-05
I 07.05/07:10:30 train_param_fm.py:370 ] Epoch [47/400] loss=0.00171157 velocity=0.00171157 endpoint=0.00075882 lr=9.99077e-05
I 07.05/07:12:48 train_param_fm.py:370 ] Epoch [48/400] loss=0.00218192 velocity=0.00218192 endpoint=0.00128693 lr=9.98794e-05
I 07.05/07:14:55 train_param_fm.py:370 ] Epoch [49/400] loss=0.00121356 velocity=0.00121356 endpoint=0.00051752 lr=9.98474e-05
I 07.05/07:16:57 train_param_fm.py:370 ] Epoch [50/400] loss=0.00087341 velocity=0.00087341 endpoint=0.00043753 lr=9.98116e-05
I 07.05/07:19:22 train_param_fm.py:370 ] Epoch [51/400] loss=0.00063693 velocity=0.00063693 endpoint=0.00027932 lr=9.97721e-05
I 07.05/15:37:57 train_param_fm.py:370 ] Epoch [52/400] loss=0.00277156 velocity=0.00277156 endpoint=0.00137647 lr=9.97288e-05
I 07.05/15:38:24 train_param_fm.py:370 ] Epoch [53/400] loss=0.00059901 velocity=0.00059901 endpoint=0.00025212 lr=9.96818e-05
I 07.05/15:38:50 train_param_fm.py:370 ] Epoch [54/400] loss=0.00026418 velocity=0.00026418 endpoint=0.00011484 lr=9.9631e-05
I 07.05/15:39:32 train_param_fm.py:370 ] Epoch [55/400] loss=0.00086118 velocity=0.00086118 endpoint=0.00045060 lr=9.95765e-05
I 07.05/15:39:59 train_param_fm.py:370 ] Epoch [56/400] loss=0.00110591 velocity=0.00110591 endpoint=0.00057628 lr=9.95183e-05
I 07.05/15:40:29 train_param_fm.py:370 ] Epoch [57/400] loss=0.00051581 velocity=0.00051581 endpoint=0.00025519 lr=9.94563e-05
I 07.05/15:40:59 train_param_fm.py:370 ] Epoch [58/400] loss=0.00084080 velocity=0.00084080 endpoint=0.00036077 lr=9.93906e-05
I 07.05/15:41:28 train_param_fm.py:370 ] Epoch [59/400] loss=0.00030817 velocity=0.00030817 endpoint=0.00012560 lr=9.93211e-05
I 07.05/15:41:59 train_param_fm.py:370 ] Epoch [60/400] loss=0.00064053 velocity=0.00064053 endpoint=0.00034202 lr=9.9248e-05
I 07.05/15:42:26 train_param_fm.py:370 ] Epoch [61/400] loss=0.00021348 velocity=0.00021348 endpoint=0.00009966 lr=9.91711e-05
I 07.05/15:43:01 train_param_fm.py:370 ] Epoch [62/400] loss=0.00058000 velocity=0.00058000 endpoint=0.00025594 lr=9.90905e-05
I 07.05/15:43:30 train_param_fm.py:370 ] Epoch [63/400] loss=0.00124975 velocity=0.00124975 endpoint=0.00061459 lr=9.90063e-05
I 07.05/15:44:00 train_param_fm.py:370 ] Epoch [64/400] loss=0.00060718 velocity=0.00060718 endpoint=0.00027218 lr=9.89183e-05
I 07.05/15:44:27 train_param_fm.py:370 ] Epoch [65/400] loss=0.00047896 velocity=0.00047896 endpoint=0.00026197 lr=9.88267e-05
I 07.05/15:45:01 train_param_fm.py:370 ] Epoch [66/400] loss=0.00061444 velocity=0.00061444 endpoint=0.00026873 lr=9.87313e-05
I 07.05/15:45:30 train_param_fm.py:370 ] Epoch [67/400] loss=0.00055958 velocity=0.00055958 endpoint=0.00022224 lr=9.86323e-05
I 07.05/15:46:03 train_param_fm.py:370 ] Epoch [68/400] loss=0.00029814 velocity=0.00029814 endpoint=0.00014468 lr=9.85296e-05
I 07.05/15:46:35 train_param_fm.py:370 ] Epoch [69/400] loss=0.00106211 velocity=0.00106211 endpoint=0.00053115 lr=9.84233e-05
I 07.05/15:47:02 train_param_fm.py:370 ] Epoch [70/400] loss=0.00505875 velocity=0.00505875 endpoint=0.00245986 lr=9.83133e-05
I 07.05/15:47:30 train_param_fm.py:370 ] Epoch [71/400] loss=0.00124201 velocity=0.00124201 endpoint=0.00060492 lr=9.81997e-05
I 07.05/15:48:00 train_param_fm.py:370 ] Epoch [72/400] loss=0.00056744 velocity=0.00056744 endpoint=0.00025714 lr=9.80825e-05
I 07.05/15:48:27 train_param_fm.py:370 ] Epoch [73/400] loss=0.00017677 velocity=0.00017677 endpoint=0.00007652 lr=9.79616e-05
I 07.05/15:49:02 train_param_fm.py:370 ] Epoch [74/400] loss=0.00016752 velocity=0.00016752 endpoint=0.00006662 lr=9.78371e-05
I 07.05/15:49:39 train_param_fm.py:370 ] Epoch [75/400] loss=0.00078777 velocity=0.00078777 endpoint=0.00040124 lr=9.7709e-05
I 07.05/15:50:08 train_param_fm.py:370 ] Epoch [76/400] loss=0.00050197 velocity=0.00050197 endpoint=0.00024142 lr=9.75773e-05
I 07.05/15:50:38 train_param_fm.py:370 ] Epoch [77/400] loss=0.00046206 velocity=0.00046206 endpoint=0.00026133 lr=9.7442e-05
I 07.05/15:51:06 train_param_fm.py:370 ] Epoch [78/400] loss=0.00032548 velocity=0.00032548 endpoint=0.00016605 lr=9.73032e-05
I 07.05/15:51:33 train_param_fm.py:370 ] Epoch [79/400] loss=0.00087686 velocity=0.00087686 endpoint=0.00045275 lr=9.71608e-05
I 07.05/15:52:08 train_param_fm.py:370 ] Epoch [80/400] loss=0.00018289 velocity=0.00018289 endpoint=0.00007948 lr=9.70148e-05
I 07.05/15:52:38 train_param_fm.py:370 ] Epoch [81/400] loss=0.00011723 velocity=0.00011723 endpoint=0.00004677 lr=9.68653e-05
I 07.05/15:53:18 train_param_fm.py:370 ] Epoch [82/400] loss=0.00014004 velocity=0.00014004 endpoint=0.00006338 lr=9.67122e-05
I 07.05/15:53:46 train_param_fm.py:370 ] Epoch [83/400] loss=0.00015662 velocity=0.00015662 endpoint=0.00007325 lr=9.65557e-05
I 07.05/15:54:16 train_param_fm.py:370 ] Epoch [84/400] loss=0.00023735 velocity=0.00023735 endpoint=0.00010934 lr=9.63956e-05
I 07.05/15:54:46 train_param_fm.py:370 ] Epoch [85/400] loss=0.00055070 velocity=0.00055070 endpoint=0.00024177 lr=9.6232e-05
I 07.05/15:55:12 train_param_fm.py:370 ] Epoch [86/400] loss=0.00041623 velocity=0.00041623 endpoint=0.00021527 lr=9.6065e-05
I 07.05/15:55:39 train_param_fm.py:370 ] Epoch [87/400] loss=0.00022981 velocity=0.00022981 endpoint=0.00009699 lr=9.58945e-05
I 07.05/15:56:09 train_param_fm.py:370 ] Epoch [88/400] loss=0.00031274 velocity=0.00031274 endpoint=0.00015357 lr=9.57205e-05
I 07.05/15:56:45 train_param_fm.py:370 ] Epoch [89/400] loss=0.00047926 velocity=0.00047926 endpoint=0.00018562 lr=9.55431e-05
I 07.05/15:57:11 train_param_fm.py:370 ] Epoch [90/400] loss=0.00027078 velocity=0.00027078 endpoint=0.00014089 lr=9.53622e-05
I 07.05/15:57:46 train_param_fm.py:370 ] Epoch [91/400] loss=0.00050769 velocity=0.00050769 endpoint=0.00027358 lr=9.5178e-05
I 07.05/15:58:24 train_param_fm.py:370 ] Epoch [92/400] loss=0.00044887 velocity=0.00044887 endpoint=0.00021595 lr=9.49903e-05
I 07.05/15:58:55 train_param_fm.py:370 ] Epoch [93/400] loss=0.00014611 velocity=0.00014611 endpoint=0.00006390 lr=9.47993e-05
I 07.05/15:59:21 train_param_fm.py:370 ] Epoch [94/400] loss=0.00118877 velocity=0.00118877 endpoint=0.00059515 lr=9.46048e-05
I 07.05/15:59:48 train_param_fm.py:370 ] Epoch [95/400] loss=0.00017325 velocity=0.00017325 endpoint=0.00008551 lr=9.4407e-05
I 07.05/16:00:20 train_param_fm.py:370 ] Epoch [96/400] loss=0.00010696 velocity=0.00010696 endpoint=0.00004865 lr=9.42059e-05
I 07.05/16:00:54 train_param_fm.py:370 ] Epoch [97/400] loss=0.00007214 velocity=0.00007214 endpoint=0.00002929 lr=9.40014e-05
I 07.05/16:01:27 train_param_fm.py:370 ] Epoch [98/400] loss=0.00011456 velocity=0.00011456 endpoint=0.00005801 lr=9.37937e-05
I 07.05/16:02:00 train_param_fm.py:370 ] Epoch [99/400] loss=0.00037741 velocity=0.00037741 endpoint=0.00017772 lr=9.35826e-05
I 07.05/16:02:27 train_param_fm.py:370 ] Epoch [100/400] loss=0.00063565 velocity=0.00063565 endpoint=0.00026289 lr=9.33683e-05
I 07.05/16:02:54 train_param_fm.py:370 ] Epoch [101/400] loss=0.00026990 velocity=0.00026990 endpoint=0.00012529 lr=9.31506e-05
I 07.05/16:03:22 train_param_fm.py:370 ] Epoch [102/400] loss=0.00025934 velocity=0.00025934 endpoint=0.00011917 lr=9.29298e-05
I 07.05/16:03:51 train_param_fm.py:370 ] Epoch [103/400] loss=0.00018498 velocity=0.00018498 endpoint=0.00009240 lr=9.27057e-05
I 07.05/16:04:19 train_param_fm.py:370 ] Epoch [104/400] loss=0.00009682 velocity=0.00009682 endpoint=0.00004734 lr=9.24784e-05
I 07.05/16:04:50 train_param_fm.py:370 ] Epoch [105/400] loss=0.00007701 velocity=0.00007701 endpoint=0.00003332 lr=9.22479e-05
I 07.05/16:05:17 train_param_fm.py:370 ] Epoch [106/400] loss=0.00005521 velocity=0.00005521 endpoint=0.00002140 lr=9.20142e-05
I 07.05/16:05:53 train_param_fm.py:370 ] Epoch [107/400] loss=0.00091028 velocity=0.00091028 endpoint=0.00040344 lr=9.17773e-05
I 07.05/16:06:23 train_param_fm.py:370 ] Epoch [108/400] loss=0.00019401 velocity=0.00019401 endpoint=0.00006251 lr=9.15374e-05
I 07.05/16:06:53 train_param_fm.py:370 ] Epoch [109/400] loss=0.00028438 velocity=0.00028438 endpoint=0.00015180 lr=9.12942e-05
I 07.05/16:07:20 train_param_fm.py:370 ] Epoch [110/400] loss=0.04157403 velocity=0.04157403 endpoint=0.01759396 lr=9.1048e-05
I 07.05/16:07:47 train_param_fm.py:370 ] Epoch [111/400] loss=0.00313667 velocity=0.00313667 endpoint=0.00129462 lr=9.07987e-05
I 07.05/16:08:16 train_param_fm.py:370 ] Epoch [112/400] loss=0.00059423 velocity=0.00059423 endpoint=0.00027680 lr=9.05463e-05
I 07.05/16:08:47 train_param_fm.py:370 ] Epoch [113/400] loss=0.00033346 velocity=0.00033346 endpoint=0.00013419 lr=9.02909e-05
I 07.05/16:09:13 train_param_fm.py:370 ] Epoch [114/400] loss=0.00025338 velocity=0.00025338 endpoint=0.00012736 lr=9.00325e-05
I 07.05/16:09:39 train_param_fm.py:370 ] Epoch [115/400] loss=0.00019931 velocity=0.00019931 endpoint=0.00008515 lr=8.9771e-05
I 07.05/16:10:15 train_param_fm.py:370 ] Epoch [116/400] loss=0.00015275 velocity=0.00015275 endpoint=0.00007585 lr=8.95065e-05
I 07.05/16:10:43 train_param_fm.py:370 ] Epoch [117/400] loss=0.00013746 velocity=0.00013746 endpoint=0.00006639 lr=8.92391e-05
I 07.05/16:11:10 train_param_fm.py:370 ] Epoch [118/400] loss=0.00017930 velocity=0.00017930 endpoint=0.00008594 lr=8.89687e-05
I 07.05/16:11:40 train_param_fm.py:370 ] Epoch [119/400] loss=0.00010795 velocity=0.00010795 endpoint=0.00004447 lr=8.86954e-05
I 07.05/16:12:07 train_param_fm.py:370 ] Epoch [120/400] loss=0.00008551 velocity=0.00008551 endpoint=0.00003767 lr=8.84192e-05
I 07.05/16:12:33 train_param_fm.py:370 ] Epoch [121/400] loss=0.00007291 velocity=0.00007291 endpoint=0.00003250 lr=8.81401e-05
I 07.05/16:13:07 train_param_fm.py:370 ] Epoch [122/400] loss=0.00008880 velocity=0.00008880 endpoint=0.00004205 lr=8.78581e-05
I 07.05/16:13:37 train_param_fm.py:370 ] Epoch [123/400] loss=0.00011625 velocity=0.00011625 endpoint=0.00005670 lr=8.75733e-05
I 07.05/16:14:04 train_param_fm.py:370 ] Epoch [124/400] loss=0.00009047 velocity=0.00009047 endpoint=0.00003648 lr=8.72857e-05
I 07.05/16:14:31 train_param_fm.py:370 ] Epoch [125/400] loss=0.00008708 velocity=0.00008708 endpoint=0.00003787 lr=8.69952e-05
I 07.05/16:15:00 train_param_fm.py:370 ] Epoch [126/400] loss=0.00004411 velocity=0.00004411 endpoint=0.00001783 lr=8.6702e-05
I 07.05/16:15:35 train_param_fm.py:370 ] Epoch [127/400] loss=0.00012417 velocity=0.00012417 endpoint=0.00005812 lr=8.6406e-05
I 07.05/16:16:04 train_param_fm.py:370 ] Epoch [128/400] loss=0.00039236 velocity=0.00039236 endpoint=0.00018241 lr=8.61073e-05
I 07.05/16:16:31 train_param_fm.py:370 ] Epoch [129/400] loss=0.00011854 velocity=0.00011854 endpoint=0.00004986 lr=8.58059e-05
I 07.05/16:17:05 train_param_fm.py:370 ] Epoch [130/400] loss=0.00003876 velocity=0.00003876 endpoint=0.00001531 lr=8.55018e-05
I 07.05/16:17:37 train_param_fm.py:370 ] Epoch [131/400] loss=0.00012298 velocity=0.00012298 endpoint=0.00006228 lr=8.5195e-05
I 07.05/16:18:07 train_param_fm.py:370 ] Epoch [132/400] loss=0.00007154 velocity=0.00007154 endpoint=0.00003791 lr=8.48856e-05
I 07.05/16:18:33 train_param_fm.py:370 ] Epoch [133/400] loss=0.00025940 velocity=0.00025940 endpoint=0.00010298 lr=8.45736e-05
I 07.05/16:19:02 train_param_fm.py:370 ] Epoch [134/400] loss=0.00006784 velocity=0.00006784 endpoint=0.00002806 lr=8.42589e-05
I 07.05/16:19:28 train_param_fm.py:370 ] Epoch [135/400] loss=0.00047211 velocity=0.00047211 endpoint=0.00022202 lr=8.39417e-05
I 07.05/16:19:57 train_param_fm.py:370 ] Epoch [136/400] loss=0.00030673 velocity=0.00030673 endpoint=0.00015919 lr=8.3622e-05
I 07.05/16:20:26 train_param_fm.py:370 ] Epoch [137/400] loss=0.00010499 velocity=0.00010499 endpoint=0.00004827 lr=8.32997e-05
I 07.05/16:20:55 train_param_fm.py:370 ] Epoch [138/400] loss=0.00004101 velocity=0.00004101 endpoint=0.00001794 lr=8.29749e-05
I 07.05/16:21:22 train_param_fm.py:370 ] Epoch [139/400] loss=0.00003448 velocity=0.00003448 endpoint=0.00001652 lr=8.26477e-05
I 07.05/16:21:55 train_param_fm.py:370 ] Epoch [140/400] loss=0.00004810 velocity=0.00004810 endpoint=0.00001988 lr=8.2318e-05
I 07.05/16:22:20 train_param_fm.py:370 ] Epoch [141/400] loss=0.00007241 velocity=0.00007241 endpoint=0.00003213 lr=8.19859e-05
I 07.05/16:22:47 train_param_fm.py:370 ] Epoch [142/400] loss=0.00023251 velocity=0.00023251 endpoint=0.00009398 lr=8.16514e-05
I 07.05/16:23:18 train_param_fm.py:370 ] Epoch [143/400] loss=0.00014084 velocity=0.00014084 endpoint=0.00007355 lr=8.13145e-05
I 07.05/16:23:44 train_param_fm.py:370 ] Epoch [144/400] loss=0.00014509 velocity=0.00014509 endpoint=0.00006159 lr=8.09752e-05
I 07.05/16:24:16 train_param_fm.py:370 ] Epoch [145/400] loss=0.00011401 velocity=0.00011401 endpoint=0.00004288 lr=8.06337e-05
I 07.05/16:24:47 train_param_fm.py:370 ] Epoch [146/400] loss=0.00007882 velocity=0.00007882 endpoint=0.00003140 lr=8.02898e-05
I 07.05/16:25:13 train_param_fm.py:370 ] Epoch [147/400] loss=0.00010588 velocity=0.00010588 endpoint=0.00004930 lr=7.99437e-05
I 07.05/16:25:43 train_param_fm.py:370 ] Epoch [148/400] loss=0.00018190 velocity=0.00018190 endpoint=0.00009162 lr=7.95954e-05
I 07.05/16:26:15 train_param_fm.py:370 ] Epoch [149/400] loss=0.00009088 velocity=0.00009088 endpoint=0.00003658 lr=7.92448e-05
I 07.05/16:26:47 train_param_fm.py:370 ] Epoch [150/400] loss=0.00016557 velocity=0.00016557 endpoint=0.00007983 lr=7.8892e-05
I 07.05/16:27:13 train_param_fm.py:370 ] Epoch [151/400] loss=0.00003681 velocity=0.00003681 endpoint=0.00001403 lr=7.85371e-05
I 07.05/16:27:47 train_param_fm.py:370 ] Epoch [152/400] loss=0.00003033 velocity=0.00003033 endpoint=0.00001238 lr=7.818e-05
I 07.05/16:28:22 train_param_fm.py:370 ] Epoch [153/400] loss=0.00004275 velocity=0.00004275 endpoint=0.00002332 lr=7.78209e-05
I 07.05/16:28:49 train_param_fm.py:370 ] Epoch [154/400] loss=0.00049418 velocity=0.00049418 endpoint=0.00024467 lr=7.74596e-05
I 07.05/16:29:17 train_param_fm.py:370 ] Epoch [155/400] loss=0.00018816 velocity=0.00018816 endpoint=0.00008791 lr=7.70963e-05
I 07.05/16:29:48 train_param_fm.py:370 ] Epoch [156/400] loss=0.00004406 velocity=0.00004406 endpoint=0.00001923 lr=7.6731e-05
I 07.05/16:30:17 train_param_fm.py:370 ] Epoch [157/400] loss=0.00002320 velocity=0.00002320 endpoint=0.00000927 lr=7.63637e-05
I 07.05/16:30:50 train_param_fm.py:370 ] Epoch [158/400] loss=0.00002514 velocity=0.00002514 endpoint=0.00001184 lr=7.59944e-05
I 07.05/16:31:17 train_param_fm.py:370 ] Epoch [159/400] loss=0.00002829 velocity=0.00002829 endpoint=0.00001338 lr=7.56231e-05
I 07.05/16:31:44 train_param_fm.py:370 ] Epoch [160/400] loss=0.00005602 velocity=0.00005602 endpoint=0.00002659 lr=7.525e-05
I 07.05/16:32:17 train_param_fm.py:370 ] Epoch [161/400] loss=0.00019128 velocity=0.00019128 endpoint=0.00007767 lr=7.4875e-05
I 07.05/16:32:44 train_param_fm.py:370 ] Epoch [162/400] loss=0.00034141 velocity=0.00034141 endpoint=0.00014229 lr=7.44981e-05
I 07.05/16:33:11 train_param_fm.py:370 ] Epoch [163/400] loss=0.00015395 velocity=0.00015395 endpoint=0.00006940 lr=7.41194e-05
I 07.05/16:33:41 train_param_fm.py:370 ] Epoch [164/400] loss=0.00016447 velocity=0.00016447 endpoint=0.00008317 lr=7.37388e-05
I 07.05/16:34:12 train_param_fm.py:370 ] Epoch [165/400] loss=0.00014390 velocity=0.00014390 endpoint=0.00007386 lr=7.33566e-05
I 07.05/16:34:41 train_param_fm.py:370 ] Epoch [166/400] loss=0.00003442 velocity=0.00003442 endpoint=0.00001671 lr=7.29725e-05
I 07.05/16:35:10 train_param_fm.py:370 ] Epoch [167/400] loss=0.00004643 velocity=0.00004643 endpoint=0.00002230 lr=7.25868e-05
I 07.05/16:35:40 train_param_fm.py:370 ] Epoch [168/400] loss=0.00004808 velocity=0.00004808 endpoint=0.00002107 lr=7.21994e-05
I 07.05/16:36:07 train_param_fm.py:370 ] Epoch [169/400] loss=0.00019887 velocity=0.00019887 endpoint=0.00009651 lr=7.18103e-05
I 07.05/16:36:40 train_param_fm.py:370 ] Epoch [170/400] loss=0.00007422 velocity=0.00007422 endpoint=0.00003452 lr=7.14196e-05
I 07.05/16:37:08 train_param_fm.py:370 ] Epoch [171/400] loss=0.00007824 velocity=0.00007824 endpoint=0.00003746 lr=7.10273e-05
I 07.05/16:37:38 train_param_fm.py:370 ] Epoch [172/400] loss=0.00003256 velocity=0.00003256 endpoint=0.00001439 lr=7.06335e-05
I 07.05/16:38:05 train_param_fm.py:370 ] Epoch [173/400] loss=0.00003335 velocity=0.00003335 endpoint=0.00001638 lr=7.02381e-05
I 07.05/16:38:36 train_param_fm.py:370 ] Epoch [174/400] loss=0.00007279 velocity=0.00007279 endpoint=0.00003048 lr=6.98412e-05
I 07.05/16:39:02 train_param_fm.py:370 ] Epoch [175/400] loss=0.00004893 velocity=0.00004893 endpoint=0.00001996 lr=6.94428e-05
I 07.05/16:39:31 train_param_fm.py:370 ] Epoch [176/400] loss=0.00012740 velocity=0.00012740 endpoint=0.00006472 lr=6.9043e-05
I 07.05/16:40:00 train_param_fm.py:370 ] Epoch [177/400] loss=0.00010505 velocity=0.00010505 endpoint=0.00005080 lr=6.86418e-05
I 07.05/16:40:27 train_param_fm.py:370 ] Epoch [178/400] loss=0.00003412 velocity=0.00003412 endpoint=0.00001562 lr=6.82392e-05
I 07.05/16:40:54 train_param_fm.py:370 ] Epoch [179/400] loss=0.00001703 velocity=0.00001703 endpoint=0.00000711 lr=6.78353e-05
I 07.05/16:41:34 train_param_fm.py:370 ] Epoch [180/400] loss=0.00011625 velocity=0.00011625 endpoint=0.00005569 lr=6.743e-05
I 07.05/16:42:02 train_param_fm.py:370 ] Epoch [181/400] loss=0.00054167 velocity=0.00054167 endpoint=0.00023414 lr=6.70234e-05
I 07.05/16:42:29 train_param_fm.py:370 ] Epoch [182/400] loss=0.00004196 velocity=0.00004196 endpoint=0.00002083 lr=6.66156e-05
I 07.05/16:42:57 train_param_fm.py:370 ] Epoch [183/400] loss=0.00003414 velocity=0.00003414 endpoint=0.00001546 lr=6.62066e-05
I 07.05/16:43:22 train_param_fm.py:370 ] Epoch [184/400] loss=0.00002965 velocity=0.00002965 endpoint=0.00001301 lr=6.57963e-05
I 07.05/16:43:53 train_param_fm.py:370 ] Epoch [185/400] loss=0.00008168 velocity=0.00008168 endpoint=0.00003565 lr=6.53849e-05
I 07.05/16:44:22 train_param_fm.py:370 ] Epoch [186/400] loss=0.00003305 velocity=0.00003305 endpoint=0.00001335 lr=6.49724e-05
I 07.05/16:44:50 train_param_fm.py:370 ] Epoch [187/400] loss=0.00014204 velocity=0.00014204 endpoint=0.00006348 lr=6.45588e-05
I 07.05/16:45:25 train_param_fm.py:370 ] Epoch [188/400] loss=0.00005219 velocity=0.00005219 endpoint=0.00002040 lr=6.4144e-05
I 07.05/16:45:54 train_param_fm.py:370 ] Epoch [189/400] loss=0.00001771 velocity=0.00001771 endpoint=0.00000833 lr=6.37283e-05
I 07.05/16:46:22 train_param_fm.py:370 ] Epoch [190/400] loss=0.00001112 velocity=0.00001112 endpoint=0.00000467 lr=6.33115e-05
I 07.05/16:46:57 train_param_fm.py:370 ] Epoch [191/400] loss=0.00001369 velocity=0.00001369 endpoint=0.00000649 lr=6.28938e-05
I 07.05/16:47:25 train_param_fm.py:370 ] Epoch [192/400] loss=0.00000844 velocity=0.00000844 endpoint=0.00000304 lr=6.24751e-05
I 07.05/16:47:57 train_param_fm.py:370 ] Epoch [193/400] loss=0.00001541 velocity=0.00001541 endpoint=0.00000755 lr=6.20555e-05
I 07.05/16:48:25 train_param_fm.py:370 ] Epoch [194/400] loss=0.00013664 velocity=0.00013664 endpoint=0.00006476 lr=6.16351e-05
I 07.05/16:48:54 train_param_fm.py:370 ] Epoch [195/400] loss=0.00002955 velocity=0.00002955 endpoint=0.00001390 lr=6.12138e-05
I 07.05/16:49:24 train_param_fm.py:370 ] Epoch [196/400] loss=0.00005778 velocity=0.00005778 endpoint=0.00003217 lr=6.07916e-05
I 07.05/16:49:53 train_param_fm.py:370 ] Epoch [197/400] loss=0.00007245 velocity=0.00007245 endpoint=0.00003211 lr=6.03687e-05
I 07.05/16:50:19 train_param_fm.py:370 ] Epoch [198/400] loss=0.00003051 velocity=0.00003051 endpoint=0.00001251 lr=5.9945e-05
I 07.05/16:50:46 train_param_fm.py:370 ] Epoch [199/400] loss=0.00003648 velocity=0.00003648 endpoint=0.00001680 lr=5.95207e-05
I 07.05/16:51:13 train_param_fm.py:370 ] Epoch [200/400] loss=0.00007437 velocity=0.00007437 endpoint=0.00002931 lr=5.90956e-05
I 07.05/16:51:38 train_param_fm.py:370 ] Epoch [201/400] loss=0.00013047 velocity=0.00013047 endpoint=0.00005959 lr=5.86699e-05
I 07.05/16:52:08 train_param_fm.py:370 ] Epoch [202/400] loss=0.00005252 velocity=0.00005252 endpoint=0.00002407 lr=5.82435e-05
I 07.05/16:52:36 train_param_fm.py:370 ] Epoch [203/400] loss=0.00001329 velocity=0.00001329 endpoint=0.00000509 lr=5.78166e-05
I 07.05/16:53:03 train_param_fm.py:370 ] Epoch [204/400] loss=0.00001656 velocity=0.00001656 endpoint=0.00000768 lr=5.73891e-05
I 07.05/16:53:33 train_param_fm.py:370 ] Epoch [205/400] loss=0.00001860 velocity=0.00001860 endpoint=0.00000659 lr=5.6961e-05
I 07.05/16:54:03 train_param_fm.py:370 ] Epoch [206/400] loss=0.00001598 velocity=0.00001598 endpoint=0.00000719 lr=5.65325e-05
I 07.05/16:54:30 train_param_fm.py:370 ] Epoch [207/400] loss=0.00000579 velocity=0.00000579 endpoint=0.00000230 lr=5.61036e-05
I 07.05/16:55:09 train_param_fm.py:370 ] Epoch [208/400] loss=0.00001863 velocity=0.00001863 endpoint=0.00000849 lr=5.56742e-05
I 07.05/16:55:37 train_param_fm.py:370 ] Epoch [209/400] loss=0.00007524 velocity=0.00007524 endpoint=0.00003452 lr=5.52444e-05
I 07.05/16:56:05 train_param_fm.py:370 ] Epoch [210/400] loss=0.00024372 velocity=0.00024372 endpoint=0.00013444 lr=5.48142e-05
I 07.05/16:56:35 train_param_fm.py:370 ] Epoch [211/400] loss=0.00004280 velocity=0.00004280 endpoint=0.00001835 lr=5.43837e-05
I 07.05/16:57:04 train_param_fm.py:370 ] Epoch [212/400] loss=0.00001360 velocity=0.00001360 endpoint=0.00000585 lr=5.39529e-05
I 07.05/16:57:32 train_param_fm.py:370 ] Epoch [213/400] loss=0.00002067 velocity=0.00002067 endpoint=0.00000924 lr=5.35219e-05
I 07.05/16:58:04 train_param_fm.py:370 ] Epoch [214/400] loss=0.00003293 velocity=0.00003293 endpoint=0.00001363 lr=5.30906e-05
I 07.05/16:58:30 train_param_fm.py:370 ] Epoch [215/400] loss=0.00013575 velocity=0.00013575 endpoint=0.00006688 lr=5.26592e-05
I 07.05/16:58:58 train_param_fm.py:370 ] Epoch [216/400] loss=0.00002615 velocity=0.00002615 endpoint=0.00001117 lr=5.22275e-05
I 07.05/16:59:28 train_param_fm.py:370 ] Epoch [217/400] loss=0.00000529 velocity=0.00000529 endpoint=0.00000186 lr=5.17958e-05
I 07.05/17:00:04 train_param_fm.py:370 ] Epoch [218/400] loss=0.00000616 velocity=0.00000616 endpoint=0.00000253 lr=5.13639e-05
I 07.05/17:00:32 train_param_fm.py:370 ] Epoch [219/400] loss=0.00000972 velocity=0.00000972 endpoint=0.00000375 lr=5.0932e-05
I 07.05/17:01:07 train_param_fm.py:370 ] Epoch [220/400] loss=0.00001356 velocity=0.00001356 endpoint=0.00000493 lr=5.05e-05
I 07.05/17:01:36 train_param_fm.py:370 ] Epoch [221/400] loss=0.00003801 velocity=0.00003801 endpoint=0.00001399 lr=5.0068e-05
I 07.05/17:02:02 train_param_fm.py:370 ] Epoch [222/400] loss=0.00002292 velocity=0.00002292 endpoint=0.00000972 lr=4.96361e-05
I 07.05/17:02:36 train_param_fm.py:370 ] Epoch [223/400] loss=0.00010165 velocity=0.00010165 endpoint=0.00005263 lr=4.92042e-05
I 07.05/17:03:03 train_param_fm.py:370 ] Epoch [224/400] loss=0.00002930 velocity=0.00002930 endpoint=0.00001343 lr=4.87725e-05
I 07.05/17:03:32 train_param_fm.py:370 ] Epoch [225/400] loss=0.00002637 velocity=0.00002637 endpoint=0.00001322 lr=4.83408e-05
I 07.05/17:04:00 train_param_fm.py:370 ] Epoch [226/400] loss=0.00001596 velocity=0.00001596 endpoint=0.00000569 lr=4.79094e-05
I 07.05/17:04:28 train_param_fm.py:370 ] Epoch [227/400] loss=0.00000593 velocity=0.00000593 endpoint=0.00000263 lr=4.74781e-05
I 07.05/17:04:56 train_param_fm.py:370 ] Epoch [228/400] loss=0.00001897 velocity=0.00001897 endpoint=0.00000812 lr=4.70471e-05
I 07.05/17:05:24 train_param_fm.py:370 ] Epoch [229/400] loss=0.00000858 velocity=0.00000858 endpoint=0.00000405 lr=4.66163e-05
I 07.05/17:05:52 train_param_fm.py:370 ] Epoch [230/400] loss=0.00003029 velocity=0.00003029 endpoint=0.00001318 lr=4.61858e-05
I 07.05/17:06:20 train_param_fm.py:370 ] Epoch [231/400] loss=0.00003663 velocity=0.00003663 endpoint=0.00001992 lr=4.57556e-05
I 07.05/17:06:48 train_param_fm.py:370 ] Epoch [232/400] loss=0.00001076 velocity=0.00001076 endpoint=0.00000479 lr=4.53258e-05
I 07.05/17:07:20 train_param_fm.py:370 ] Epoch [233/400] loss=0.00000628 velocity=0.00000628 endpoint=0.00000257 lr=4.48964e-05
I 07.05/17:07:47 train_param_fm.py:370 ] Epoch [234/400] loss=0.00000740 velocity=0.00000740 endpoint=0.00000333 lr=4.44675e-05
I 07.05/17:08:14 train_param_fm.py:370 ] Epoch [235/400] loss=0.00002115 velocity=0.00002115 endpoint=0.00000881 lr=4.4039e-05
I 07.05/17:08:43 train_param_fm.py:370 ] Epoch [236/400] loss=0.00003530 velocity=0.00003530 endpoint=0.00001352 lr=4.36109e-05
I 07.05/17:09:15 train_param_fm.py:370 ] Epoch [237/400] loss=0.00000451 velocity=0.00000451 endpoint=0.00000172 lr=4.31834e-05
I 07.05/17:09:48 train_param_fm.py:370 ] Epoch [238/400] loss=0.00002209 velocity=0.00002209 endpoint=0.00001099 lr=4.27565e-05
I 07.05/17:10:17 train_param_fm.py:370 ] Epoch [239/400] loss=0.00005794 velocity=0.00005794 endpoint=0.00002850 lr=4.23301e-05
I 07.05/17:10:48 train_param_fm.py:370 ] Epoch [240/400] loss=0.00002740 velocity=0.00002740 endpoint=0.00001485 lr=4.19044e-05
I 07.05/17:11:18 train_param_fm.py:370 ] Epoch [241/400] loss=0.00000696 velocity=0.00000696 endpoint=0.00000302 lr=4.14793e-05
I 07.05/17:11:47 train_param_fm.py:370 ] Epoch [242/400] loss=0.00003077 velocity=0.00003077 endpoint=0.00001276 lr=4.1055e-05
I 07.05/17:12:15 train_param_fm.py:370 ] Epoch [243/400] loss=0.00003359 velocity=0.00003359 endpoint=0.00001259 lr=4.06313e-05
I 07.05/17:12:43 train_param_fm.py:370 ] Epoch [244/400] loss=0.00001050 velocity=0.00001050 endpoint=0.00000448 lr=4.02084e-05
I 07.05/17:13:10 train_param_fm.py:370 ] Epoch [245/400] loss=0.00001851 velocity=0.00001851 endpoint=0.00000761 lr=3.97862e-05
I 07.05/17:13:40 train_param_fm.py:370 ] Epoch [246/400] loss=0.00000925 velocity=0.00000925 endpoint=0.00000339 lr=3.93649e-05
I 07.05/17:14:07 train_param_fm.py:370 ] Epoch [247/400] loss=0.00000764 velocity=0.00000764 endpoint=0.00000322 lr=3.89445e-05
I 07.05/17:14:36 train_param_fm.py:370 ] Epoch [248/400] loss=0.00001595 velocity=0.00001595 endpoint=0.00000634 lr=3.85249e-05
I 07.05/17:15:04 train_param_fm.py:370 ] Epoch [249/400] loss=0.00000626 velocity=0.00000626 endpoint=0.00000268 lr=3.81062e-05
I 07.05/17:15:35 train_param_fm.py:370 ] Epoch [250/400] loss=0.00001715 velocity=0.00001715 endpoint=0.00000642 lr=3.76885e-05
I 07.05/17:16:01 train_param_fm.py:370 ] Epoch [251/400] loss=0.00000631 velocity=0.00000631 endpoint=0.00000258 lr=3.72717e-05
I 07.05/17:16:34 train_param_fm.py:370 ] Epoch [252/400] loss=0.00001877 velocity=0.00001877 endpoint=0.00000957 lr=3.6856e-05
I 07.05/17:17:02 train_param_fm.py:370 ] Epoch [253/400] loss=0.00004999 velocity=0.00004999 endpoint=0.00002474 lr=3.64412e-05
I 07.05/17:17:32 train_param_fm.py:370 ] Epoch [254/400] loss=0.00000480 velocity=0.00000480 endpoint=0.00000170 lr=3.60276e-05
I 07.05/17:18:00 train_param_fm.py:370 ] Epoch [255/400] loss=0.00000908 velocity=0.00000908 endpoint=0.00000381 lr=3.56151e-05
I 07.05/17:18:28 train_param_fm.py:370 ] Epoch [256/400] loss=0.00004156 velocity=0.00004156 endpoint=0.00001741 lr=3.52037e-05
I 07.05/17:18:56 train_param_fm.py:370 ] Epoch [257/400] loss=0.00000706 velocity=0.00000706 endpoint=0.00000319 lr=3.47934e-05
I 07.05/17:19:24 train_param_fm.py:370 ] Epoch [258/400] loss=0.00000365 velocity=0.00000365 endpoint=0.00000141 lr=3.43844e-05
I 07.05/17:20:04 train_param_fm.py:370 ] Epoch [259/400] loss=0.00001325 velocity=0.00001325 endpoint=0.00000464 lr=3.39766e-05
I 07.05/17:20:33 train_param_fm.py:370 ] Epoch [260/400] loss=0.00001314 velocity=0.00001314 endpoint=0.00000624 lr=3.357e-05
I 07.05/17:21:00 train_param_fm.py:370 ] Epoch [261/400] loss=0.00000773 velocity=0.00000773 endpoint=0.00000338 lr=3.31647e-05
I 07.05/17:21:30 train_param_fm.py:370 ] Epoch [262/400] loss=0.00005568 velocity=0.00005568 endpoint=0.00002366 lr=3.27608e-05
I 07.05/17:21:58 train_param_fm.py:370 ] Epoch [263/400] loss=0.00002174 velocity=0.00002174 endpoint=0.00000988 lr=3.23582e-05
I 07.05/17:22:26 train_param_fm.py:370 ] Epoch [264/400] loss=0.00000679 velocity=0.00000679 endpoint=0.00000280 lr=3.1957e-05
I 07.05/17:22:54 train_param_fm.py:370 ] Epoch [265/400] loss=0.00000264 velocity=0.00000264 endpoint=0.00000097 lr=3.15572e-05
I 07.05/17:23:27 train_param_fm.py:370 ] Epoch [266/400] loss=0.00000235 velocity=0.00000235 endpoint=0.00000090 lr=3.11588e-05
I 07.05/17:24:01 train_param_fm.py:370 ] Epoch [267/400] loss=0.00000257 velocity=0.00000257 endpoint=0.00000100 lr=3.07619e-05
I 07.05/17:24:32 train_param_fm.py:370 ] Epoch [268/400] loss=0.00000223 velocity=0.00000223 endpoint=0.00000086 lr=3.03665e-05
I 07.05/17:25:06 train_param_fm.py:370 ] Epoch [269/400] loss=0.00000182 velocity=0.00000182 endpoint=0.00000072 lr=2.99727e-05
I 07.05/17:25:47 train_param_fm.py:370 ] Epoch [270/400] loss=0.00000397 velocity=0.00000397 endpoint=0.00000140 lr=2.95804e-05
I 07.05/17:26:16 train_param_fm.py:370 ] Epoch [271/400] loss=0.00000708 velocity=0.00000708 endpoint=0.00000371 lr=2.91897e-05
I 07.05/17:26:44 train_param_fm.py:370 ] Epoch [272/400] loss=0.00000465 velocity=0.00000465 endpoint=0.00000205 lr=2.88006e-05
I 07.05/17:27:10 train_param_fm.py:370 ] Epoch [273/400] loss=0.00000901 velocity=0.00000901 endpoint=0.00000447 lr=2.84132e-05
I 07.05/17:27:40 train_param_fm.py:370 ] Epoch [274/400] loss=0.00001158 velocity=0.00001158 endpoint=0.00000409 lr=2.80275e-05
I 07.05/17:28:13 train_param_fm.py:370 ] Epoch [275/400] loss=0.00000327 velocity=0.00000327 endpoint=0.00000134 lr=2.76434e-05
I 07.05/17:28:38 train_param_fm.py:370 ] Epoch [276/400] loss=0.00000343 velocity=0.00000343 endpoint=0.00000171 lr=2.72612e-05
I 07.05/17:29:15 train_param_fm.py:370 ] Epoch [277/400] loss=0.00000290 velocity=0.00000290 endpoint=0.00000138 lr=2.68806e-05
I 07.05/17:29:42 train_param_fm.py:370 ] Epoch [278/400] loss=0.00000556 velocity=0.00000556 endpoint=0.00000256 lr=2.65019e-05
I 07.05/17:30:11 train_param_fm.py:370 ] Epoch [279/400] loss=0.00001261 velocity=0.00001261 endpoint=0.00000523 lr=2.6125e-05
I 07.05/17:30:41 train_param_fm.py:370 ] Epoch [280/400] loss=0.00003066 velocity=0.00003066 endpoint=0.00001495 lr=2.575e-05
I 07.05/17:31:06 train_param_fm.py:370 ] Epoch [281/400] loss=0.00000820 velocity=0.00000820 endpoint=0.00000426 lr=2.53769e-05
I 07.05/17:31:37 train_param_fm.py:370 ] Epoch [282/400] loss=0.00000507 velocity=0.00000507 endpoint=0.00000239 lr=2.50056e-05
I 07.05/17:32:03 train_param_fm.py:370 ] Epoch [283/400] loss=0.00000417 velocity=0.00000417 endpoint=0.00000184 lr=2.46363e-05
I 07.05/17:32:31 train_param_fm.py:370 ] Epoch [284/400] loss=0.00000201 velocity=0.00000201 endpoint=0.00000084 lr=2.4269e-05
I 07.05/17:32:57 train_param_fm.py:370 ] Epoch [285/400] loss=0.00000340 velocity=0.00000340 endpoint=0.00000163 lr=2.39037e-05
I 07.05/17:33:28 train_param_fm.py:370 ] Epoch [286/400] loss=0.00000146 velocity=0.00000146 endpoint=0.00000056 lr=2.35404e-05
I 07.05/17:34:04 train_param_fm.py:370 ] Epoch [287/400] loss=0.00000203 velocity=0.00000203 endpoint=0.00000095 lr=2.31791e-05
I 07.05/17:34:34 train_param_fm.py:370 ] Epoch [288/400] loss=0.00000105 velocity=0.00000105 endpoint=0.00000032 lr=2.282e-05
I 07.05/17:35:11 train_param_fm.py:370 ] Epoch [289/400] loss=0.00000258 velocity=0.00000258 endpoint=0.00000126 lr=2.24629e-05
I 07.05/17:35:38 train_param_fm.py:370 ] Epoch [290/400] loss=0.00000583 velocity=0.00000583 endpoint=0.00000215 lr=2.2108e-05
I 07.05/17:36:06 train_param_fm.py:370 ] Epoch [291/400] loss=0.00000300 velocity=0.00000300 endpoint=0.00000121 lr=2.17552e-05
I 07.05/17:36:38 train_param_fm.py:370 ] Epoch [292/400] loss=0.00000834 velocity=0.00000834 endpoint=0.00000379 lr=2.14046e-05
I 07.05/17:37:04 train_param_fm.py:370 ] Epoch [293/400] loss=0.00000257 velocity=0.00000257 endpoint=0.00000103 lr=2.10563e-05
I 07.05/17:37:34 train_param_fm.py:370 ] Epoch [294/400] loss=0.00000328 velocity=0.00000328 endpoint=0.00000152 lr=2.07102e-05
I 07.05/17:37:59 train_param_fm.py:370 ] Epoch [295/400] loss=0.00000222 velocity=0.00000222 endpoint=0.00000096 lr=2.03663e-05
I 07.05/17:38:26 train_param_fm.py:370 ] Epoch [296/400] loss=0.00000176 velocity=0.00000176 endpoint=0.00000075 lr=2.00248e-05
I 07.05/17:38:54 train_param_fm.py:370 ] Epoch [297/400] loss=0.00000227 velocity=0.00000227 endpoint=0.00000091 lr=1.96855e-05
I 07.05/17:39:27 train_param_fm.py:370 ] Epoch [298/400] loss=0.00000129 velocity=0.00000129 endpoint=0.00000050 lr=1.93486e-05
I 07.05/17:39:53 train_param_fm.py:370 ] Epoch [299/400] loss=0.00000158 velocity=0.00000158 endpoint=0.00000064 lr=1.90141e-05
I 07.05/17:40:21 train_param_fm.py:370 ] Epoch [300/400] loss=0.00000174 velocity=0.00000174 endpoint=0.00000064 lr=1.8682e-05
I 07.05/17:40:47 train_param_fm.py:370 ] Epoch [301/400] loss=0.00000233 velocity=0.00000233 endpoint=0.00000099 lr=1.83523e-05
I 07.05/17:41:15 train_param_fm.py:370 ] Epoch [302/400] loss=0.00000225 velocity=0.00000225 endpoint=0.00000112 lr=1.80251e-05
I 07.05/17:41:42 train_param_fm.py:370 ] Epoch [303/400] loss=0.00000171 velocity=0.00000171 endpoint=0.00000082 lr=1.77003e-05
I 07.05/17:42:10 train_param_fm.py:370 ] Epoch [304/400] loss=0.00000551 velocity=0.00000551 endpoint=0.00000251 lr=1.7378e-05
I 07.05/17:42:40 train_param_fm.py:370 ] Epoch [305/400] loss=0.00000745 velocity=0.00000745 endpoint=0.00000395 lr=1.70583e-05
I 07.05/17:43:05 train_param_fm.py:370 ] Epoch [306/400] loss=0.00000102 velocity=0.00000102 endpoint=0.00000045 lr=1.67411e-05
I 07.05/17:43:37 train_param_fm.py:370 ] Epoch [307/400] loss=0.00000148 velocity=0.00000148 endpoint=0.00000064 lr=1.64264e-05
I 07.05/17:44:02 train_param_fm.py:370 ] Epoch [308/400] loss=0.00000105 velocity=0.00000105 endpoint=0.00000033 lr=1.61144e-05
I 07.05/17:44:30 train_param_fm.py:370 ] Epoch [309/400] loss=0.00000214 velocity=0.00000214 endpoint=0.00000094 lr=1.5805e-05
I 07.05/17:44:57 train_param_fm.py:370 ] Epoch [310/400] loss=0.00000222 velocity=0.00000222 endpoint=0.00000086 lr=1.54982e-05
I 07.05/17:45:23 train_param_fm.py:370 ] Epoch [311/400] loss=0.00000232 velocity=0.00000232 endpoint=0.00000103 lr=1.51941e-05
I 07.05/17:45:49 train_param_fm.py:370 ] Epoch [312/400] loss=0.00000253 velocity=0.00000253 endpoint=0.00000110 lr=1.48927e-05
I 07.05/17:46:22 train_param_fm.py:370 ] Epoch [313/400] loss=0.00000204 velocity=0.00000204 endpoint=0.00000099 lr=1.4594e-05
I 07.05/17:46:49 train_param_fm.py:370 ] Epoch [314/400] loss=0.00000206 velocity=0.00000206 endpoint=0.00000103 lr=1.4298e-05
I 07.05/17:47:15 train_param_fm.py:370 ] Epoch [315/400] loss=0.00000153 velocity=0.00000153 endpoint=0.00000060 lr=1.40048e-05
I 07.05/17:47:42 train_param_fm.py:370 ] Epoch [316/400] loss=0.00000098 velocity=0.00000098 endpoint=0.00000032 lr=1.37143e-05
I 07.05/17:48:14 train_param_fm.py:370 ] Epoch [317/400] loss=0.00000178 velocity=0.00000178 endpoint=0.00000073 lr=1.34267e-05
I 07.05/17:48:40 train_param_fm.py:370 ] Epoch [318/400] loss=0.00000112 velocity=0.00000112 endpoint=0.00000054 lr=1.31419e-05
I 07.05/17:49:09 train_param_fm.py:370 ] Epoch [319/400] loss=0.00000146 velocity=0.00000146 endpoint=0.00000050 lr=1.28599e-05
I 07.05/17:49:37 train_param_fm.py:370 ] Epoch [320/400] loss=0.00000152 velocity=0.00000152 endpoint=0.00000069 lr=1.25808e-05
I 07.05/17:50:03 train_param_fm.py:370 ] Epoch [321/400] loss=0.00000106 velocity=0.00000106 endpoint=0.00000035 lr=1.23046e-05
I 07.05/17:50:31 train_param_fm.py:370 ] Epoch [322/400] loss=0.00000101 velocity=0.00000101 endpoint=0.00000048 lr=1.20313e-05
I 07.05/17:50:58 train_param_fm.py:370 ] Epoch [323/400] loss=0.00000305 velocity=0.00000305 endpoint=0.00000146 lr=1.17609e-05
I 07.05/17:51:25 train_param_fm.py:370 ] Epoch [324/400] loss=0.00000129 velocity=0.00000129 endpoint=0.00000052 lr=1.14935e-05
I 07.05/17:51:52 train_param_fm.py:370 ] Epoch [325/400] loss=0.00000203 velocity=0.00000203 endpoint=0.00000089 lr=1.1229e-05
I 07.05/17:52:21 train_param_fm.py:370 ] Epoch [326/400] loss=0.00000108 velocity=0.00000108 endpoint=0.00000048 lr=1.09675e-05
I 07.05/17:52:46 train_param_fm.py:370 ] Epoch [327/400] loss=0.00000149 velocity=0.00000149 endpoint=0.00000054 lr=1.07091e-05
I 07.05/17:53:15 train_param_fm.py:370 ] Epoch [328/400] loss=0.00000107 velocity=0.00000107 endpoint=0.00000044 lr=1.04537e-05
I 07.05/17:53:42 train_param_fm.py:370 ] Epoch [329/400] loss=0.00000098 velocity=0.00000098 endpoint=0.00000041 lr=1.02013e-05
I 07.05/17:54:19 train_param_fm.py:370 ] Epoch [330/400] loss=0.00000087 velocity=0.00000087 endpoint=0.00000035 lr=9.95197e-06
I 07.05/17:54:54 train_param_fm.py:370 ] Epoch [331/400] loss=0.00000118 velocity=0.00000118 endpoint=0.00000055 lr=9.70575e-06
I 07.05/17:55:20 train_param_fm.py:370 ] Epoch [332/400] loss=0.00000117 velocity=0.00000117 endpoint=0.00000058 lr=9.46264e-06
I 07.05/17:55:49 train_param_fm.py:370 ] Epoch [333/400] loss=0.00000084 velocity=0.00000084 endpoint=0.00000036 lr=9.22265e-06
I 07.05/17:56:22 train_param_fm.py:370 ] Epoch [334/400] loss=0.00000148 velocity=0.00000148 endpoint=0.00000055 lr=8.98581e-06
I 07.05/17:56:49 train_param_fm.py:370 ] Epoch [335/400] loss=0.00000138 velocity=0.00000138 endpoint=0.00000059 lr=8.75212e-06
I 07.05/17:57:17 train_param_fm.py:370 ] Epoch [336/400] loss=0.00000096 velocity=0.00000096 endpoint=0.00000036 lr=8.52162e-06
I 07.05/17:57:43 train_param_fm.py:370 ] Epoch [337/400] loss=0.00000165 velocity=0.00000165 endpoint=0.00000077 lr=8.29431e-06
I 07.05/17:58:09 train_param_fm.py:370 ] Epoch [338/400] loss=0.00000147 velocity=0.00000147 endpoint=0.00000054 lr=8.07022e-06
I 07.05/17:58:35 train_param_fm.py:370 ] Epoch [339/400] loss=0.00000073 velocity=0.00000073 endpoint=0.00000026 lr=7.84936e-06
I 07.05/17:59:11 train_param_fm.py:370 ] Epoch [340/400] loss=0.00000064 velocity=0.00000064 endpoint=0.00000019 lr=7.63174e-06
I 07.05/17:59:43 train_param_fm.py:370 ] Epoch [341/400] loss=0.00000080 velocity=0.00000080 endpoint=0.00000031 lr=7.41739e-06
I 07.05/18:00:09 train_param_fm.py:370 ] Epoch [342/400] loss=0.00000105 velocity=0.00000105 endpoint=0.00000053 lr=7.20632e-06
I 07.05/18:00:41 train_param_fm.py:370 ] Epoch [343/400] loss=0.00000080 velocity=0.00000080 endpoint=0.00000033 lr=6.99855e-06
I 07.05/18:01:07 train_param_fm.py:370 ] Epoch [344/400] loss=0.00000055 velocity=0.00000055 endpoint=0.00000020 lr=6.79409e-06
I 07.05/18:01:40 train_param_fm.py:370 ] Epoch [345/400] loss=0.00000097 velocity=0.00000097 endpoint=0.00000049 lr=6.59296e-06
I 07.05/18:02:09 train_param_fm.py:370 ] Epoch [346/400] loss=0.00000077 velocity=0.00000077 endpoint=0.00000033 lr=6.39518e-06
I 07.05/18:02:36 train_param_fm.py:370 ] Epoch [347/400] loss=0.00000054 velocity=0.00000054 endpoint=0.00000020 lr=6.20075e-06
I 07.05/18:03:10 train_param_fm.py:370 ] Epoch [348/400] loss=0.00000062 velocity=0.00000062 endpoint=0.00000028 lr=6.00969e-06
I 07.05/18:03:38 train_param_fm.py:370 ] Epoch [349/400] loss=0.00000095 velocity=0.00000095 endpoint=0.00000040 lr=5.82203e-06
I 07.05/18:04:04 train_param_fm.py:370 ] Epoch [350/400] loss=0.00000061 velocity=0.00000061 endpoint=0.00000025 lr=5.63776e-06
I 07.05/18:04:32 train_param_fm.py:370 ] Epoch [351/400] loss=0.00000066 velocity=0.00000066 endpoint=0.00000031 lr=5.45692e-06
I 07.05/18:05:00 train_param_fm.py:370 ] Epoch [352/400] loss=0.00000091 velocity=0.00000091 endpoint=0.00000051 lr=5.2795e-06
I 07.05/18:05:31 train_param_fm.py:370 ] Epoch [353/400] loss=0.00000076 velocity=0.00000076 endpoint=0.00000035 lr=5.10553e-06
I 07.05/18:05:57 train_param_fm.py:370 ] Epoch [354/400] loss=0.00000069 velocity=0.00000069 endpoint=0.00000025 lr=4.93501e-06
I 07.05/18:06:23 train_param_fm.py:370 ] Epoch [355/400] loss=0.00000065 velocity=0.00000065 endpoint=0.00000024 lr=4.76796e-06
I 07.05/18:06:51 train_param_fm.py:370 ] Epoch [356/400] loss=0.00000066 velocity=0.00000066 endpoint=0.00000026 lr=4.6044e-06
I 07.05/18:07:17 train_param_fm.py:370 ] Epoch [357/400] loss=0.00000070 velocity=0.00000070 endpoint=0.00000028 lr=4.44433e-06
I 07.05/18:07:44 train_param_fm.py:370 ] Epoch [358/400] loss=0.00000065 velocity=0.00000065 endpoint=0.00000035 lr=4.28777e-06
I 07.05/18:08:11 train_param_fm.py:370 ] Epoch [359/400] loss=0.00000055 velocity=0.00000055 endpoint=0.00000024 lr=4.13473e-06
I 07.05/18:08:37 train_param_fm.py:370 ] Epoch [360/400] loss=0.00000074 velocity=0.00000074 endpoint=0.00000032 lr=3.98522e-06
I 07.05/18:09:05 train_param_fm.py:370 ] Epoch [361/400] loss=0.00000066 velocity=0.00000066 endpoint=0.00000029 lr=3.83925e-06
I 07.05/18:09:31 train_param_fm.py:370 ] Epoch [362/400] loss=0.00000073 velocity=0.00000073 endpoint=0.00000039 lr=3.69683e-06
I 07.05/18:10:00 train_param_fm.py:370 ] Epoch [363/400] loss=0.00000062 velocity=0.00000062 endpoint=0.00000023 lr=3.55798e-06
I 07.05/18:10:28 train_param_fm.py:370 ] Epoch [364/400] loss=0.00000050 velocity=0.00000050 endpoint=0.00000018 lr=3.4227e-06
I 07.05/18:11:02 train_param_fm.py:370 ] Epoch [365/400] loss=0.00000071 velocity=0.00000071 endpoint=0.00000032 lr=3.29101e-06
I 07.05/18:11:34 train_param_fm.py:370 ] Epoch [366/400] loss=0.00000047 velocity=0.00000047 endpoint=0.00000020 lr=3.16291e-06
I 07.05/18:12:05 train_param_fm.py:370 ] Epoch [367/400] loss=0.00000065 velocity=0.00000065 endpoint=0.00000033 lr=3.03842e-06
I 07.05/18:12:31 train_param_fm.py:370 ] Epoch [368/400] loss=0.00000077 velocity=0.00000077 endpoint=0.00000042 lr=2.91755e-06
I 07.05/18:12:58 train_param_fm.py:370 ] Epoch [369/400] loss=0.00000082 velocity=0.00000082 endpoint=0.00000046 lr=2.80029e-06
I 07.05/18:13:27 train_param_fm.py:370 ] Epoch [370/400] loss=0.00000064 velocity=0.00000064 endpoint=0.00000029 lr=2.68667e-06
I 07.05/18:13:52 train_param_fm.py:370 ] Epoch [371/400] loss=0.00000049 velocity=0.00000049 endpoint=0.00000020 lr=2.57669e-06
I 07.05/18:14:21 train_param_fm.py:370 ] Epoch [372/400] loss=0.00000060 velocity=0.00000060 endpoint=0.00000032 lr=2.47036e-06
I 07.05/18:14:48 train_param_fm.py:370 ] Epoch [373/400] loss=0.00000052 velocity=0.00000052 endpoint=0.00000021 lr=2.36769e-06
I 07.05/18:15:14 train_param_fm.py:370 ] Epoch [374/400] loss=0.00000048 velocity=0.00000048 endpoint=0.00000018 lr=2.26868e-06
I 07.05/18:15:42 train_param_fm.py:370 ] Epoch [375/400] loss=0.00000084 velocity=0.00000084 endpoint=0.00000047 lr=2.17335e-06
I 07.05/18:16:08 train_param_fm.py:370 ] Epoch [376/400] loss=0.00000044 velocity=0.00000044 endpoint=0.00000013 lr=2.08169e-06
I 07.05/18:16:43 train_param_fm.py:370 ] Epoch [377/400] loss=0.00000059 velocity=0.00000059 endpoint=0.00000027 lr=1.99373e-06
I 07.05/18:17:10 train_param_fm.py:370 ] Epoch [378/400] loss=0.00000073 velocity=0.00000073 endpoint=0.00000038 lr=1.90945e-06
I 07.05/18:17:39 train_param_fm.py:370 ] Epoch [379/400] loss=0.00000052 velocity=0.00000052 endpoint=0.00000017 lr=1.82888e-06
I 07.05/18:18:05 train_param_fm.py:370 ] Epoch [380/400] loss=0.00000056 velocity=0.00000056 endpoint=0.00000022 lr=1.75202e-06
I 07.05/18:18:34 train_param_fm.py:370 ] Epoch [381/400] loss=0.00000053 velocity=0.00000053 endpoint=0.00000026 lr=1.67886e-06
I 07.05/18:19:00 train_param_fm.py:370 ] Epoch [382/400] loss=0.00000055 velocity=0.00000055 endpoint=0.00000022 lr=1.60943e-06
I 07.05/18:19:28 train_param_fm.py:370 ] Epoch [383/400] loss=0.00000055 velocity=0.00000055 endpoint=0.00000027 lr=1.54371e-06
I 07.05/18:19:55 train_param_fm.py:370 ] Epoch [384/400] loss=0.00000053 velocity=0.00000053 endpoint=0.00000020 lr=1.48173e-06
I 07.05/18:20:23 train_param_fm.py:370 ] Epoch [385/400] loss=0.00000049 velocity=0.00000049 endpoint=0.00000017 lr=1.42348e-06
I 07.05/18:20:49 train_param_fm.py:370 ] Epoch [386/400] loss=0.00000044 velocity=0.00000044 endpoint=0.00000019 lr=1.36897e-06
I 07.05/18:21:22 train_param_fm.py:370 ] Epoch [387/400] loss=0.00000053 velocity=0.00000053 endpoint=0.00000022 lr=1.31819e-06
I 07.05/18:21:48 train_param_fm.py:370 ] Epoch [388/400] loss=0.00000040 velocity=0.00000040 endpoint=0.00000012 lr=1.27117e-06
I 07.05/18:22:20 train_param_fm.py:370 ] Epoch [389/400] loss=0.00000053 velocity=0.00000053 endpoint=0.00000029 lr=1.22789e-06
I 07.05/18:22:47 train_param_fm.py:370 ] Epoch [390/400] loss=0.00000051 velocity=0.00000051 endpoint=0.00000023 lr=1.18836e-06
I 07.05/18:23:14 train_param_fm.py:370 ] Epoch [391/400] loss=0.00000054 velocity=0.00000054 endpoint=0.00000025 lr=1.15259e-06
I 07.05/18:23:40 train_param_fm.py:370 ] Epoch [392/400] loss=0.00000052 velocity=0.00000052 endpoint=0.00000018 lr=1.12058e-06
I 07.05/18:24:07 train_param_fm.py:370 ] Epoch [393/400] loss=0.00000054 velocity=0.00000054 endpoint=0.00000019 lr=1.09233e-06
I 07.05/18:24:35 train_param_fm.py:370 ] Epoch [394/400] loss=0.00000044 velocity=0.00000044 endpoint=0.00000020 lr=1.06784e-06
I 07.05/18:25:01 train_param_fm.py:370 ] Epoch [395/400] loss=0.00000056 velocity=0.00000056 endpoint=0.00000022 lr=1.04711e-06
I 07.05/18:25:30 train_param_fm.py:370 ] Epoch [396/400] loss=0.00000043 velocity=0.00000043 endpoint=0.00000015 lr=1.03015e-06
I 07.05/18:25:55 train_param_fm.py:370 ] Epoch [397/400] loss=0.00000051 velocity=0.00000051 endpoint=0.00000024 lr=1.01696e-06
I 07.05/18:26:24 train_param_fm.py:370 ] Epoch [398/400] loss=0.00000061 velocity=0.00000061 endpoint=0.00000030 lr=1.00754e-06
I 07.05/18:26:51 train_param_fm.py:370 ] Epoch [399/400] loss=0.00000048 velocity=0.00000048 endpoint=0.00000024 lr=1.00188e-06
I 07.05/18:27:18 train_param_fm.py:370 ] Epoch [400/400] loss=0.00000051 velocity=0.00000051 endpoint=0.00000026 lr=1e-06
I 07.05/18:27:23 train_param_fm.py:392 ] Finished training. best_loss=0.00000040
