I 07.02/01:34:12 train_mapper.py:431 ] => Experiment directory: mapper/exps/mlp/sample_dim_tail/seed2026_clnet_transnet_to_seed42_transnet_lr5e-4_ep400
I 07.02/01:34:12 train_mapper.py:432 ] => Checkpoint directory: mapper/exps/mlp/sample_dim_tail/seed2026_clnet_transnet_to_seed42_transnet_lr5e-4_ep400/checkpoints
I 07.02/01:34:12 train_mapper.py:433 ] => Codeword directory: mapper/exps/mlp/sample_dim_tail/seed2026_clnet_transnet_to_seed42_transnet_lr5e-4_ep400/codewords
I 07.02/01:34:12 train_mapper.py:434 ] => TensorBoard directory: mapper/exps/mlp/sample_dim_tail/seed2026_clnet_transnet_to_seed42_transnet_lr5e-4_ep400/tensorboard
I 07.02/01:34:17 train_mapper.py:524 ] device=cuda
I 07.02/01:34:17 train_mapper.py:525 ] mapper=mlp, params=8403968
I 07.02/01:34:17 train_mapper.py:527 ] train=100000, val=0, code_dim=512
I 07.02/01:34:17 train_mapper.py:529 ] val_ratio<=0: skip per-epoch validation; select best checkpoint by train loss
I 07.02/01:34:17 train_mapper.py:531 ] loss=mse + smoothl1*0.0 + sample_tail*0.1 + dim_tail*0.05 + whiten*0.0 + rec*0.0 + recT*0.0 + fc*0.0 + decoder_tail*0.0 + cos*0.0 + cov*0.0
I 07.02/01:34:49 train_mapper.py:622 ] epoch=0001 train_loss=4.697999e-01 train_mse=3.793678e-01 train_cos=0.798181 train_nmse=-2.996dB train_rec=0.000000e+00 train_recT=0.000000e+00 train_fc=0.000000e+00 train_decoder_tail=0.000000e+00
I 07.02/01:35:34 train_mapper.py:622 ] epoch=0002 train_loss=1.794361e-01 train_mse=1.455300e-01 train_cos=0.932347 train_nmse=-6.478dB train_rec=0.000000e+00 train_recT=0.000000e+00 train_fc=0.000000e+00 train_decoder_tail=0.000000e+00
I 07.02/01:36:34 train_mapper.py:622 ] epoch=0003 train_loss=1.237342e-01 train_mse=1.003944e-01 train_cos=0.953228 train_nmse=-8.070dB train_rec=0.000000e+00 train_recT=0.000000e+00 train_fc=0.000000e+00 train_decoder_tail=0.000000e+00
I 07.02/01:37:36 train_mapper.py:622 ] epoch=0004 train_loss=9.729975e-02 train_mse=7.861487e-02 train_cos=0.961888 train_nmse=-9.124dB train_rec=0.000000e+00 train_recT=0.000000e+00 train_fc=0.000000e+00 train_decoder_tail=0.000000e+00
I 07.02/01:38:37 train_mapper.py:622 ] epoch=0005 train_loss=8.173846e-02 train_mse=6.574884e-02 train_cos=0.966746 train_nmse=-9.898dB train_rec=0.000000e+00 train_recT=0.000000e+00 train_fc=0.000000e+00 train_decoder_tail=0.000000e+00
I 07.02/01:39:39 train_mapper.py:622 ] epoch=0006 train_loss=7.231767e-02 train_mse=5.787398e-02 train_cos=0.969746 train_nmse=-10.450dB train_rec=0.000000e+00 train_recT=0.000000e+00 train_fc=0.000000e+00 train_decoder_tail=0.000000e+00
I 07.02/01:40:43 train_mapper.py:622 ] epoch=0007 train_loss=6.626967e-02 train_mse=5.276436e-02 train_cos=0.971890 train_nmse=-10.851dB train_rec=0.000000e+00 train_recT=0.000000e+00 train_fc=0.000000e+00 train_decoder_tail=0.000000e+00
I 07.02/01:41:43 train_mapper.py:622 ] epoch=0008 train_loss=6.211029e-02 train_mse=4.925008e-02 train_cos=0.973562 train_nmse=-11.150dB train_rec=0.000000e+00 train_recT=0.000000e+00 train_fc=0.000000e+00 train_decoder_tail=0.000000e+00
I 07.02/01:42:46 train_mapper.py:622 ] epoch=0009 train_loss=5.882391e-02 train_mse=4.648716e-02 train_cos=0.975086 train_nmse=-11.401dB train_rec=0.000000e+00 train_recT=0.000000e+00 train_fc=0.000000e+00 train_decoder_tail=0.000000e+00
I 07.02/01:43:52 train_mapper.py:622 ] epoch=0010 train_loss=5.678891e-02 train_mse=4.475653e-02 train_cos=0.976029 train_nmse=-11.566dB train_rec=0.000000e+00 train_recT=0.000000e+00 train_fc=0.000000e+00 train_decoder_tail=0.000000e+00
I 07.02/01:44:54 train_mapper.py:622 ] epoch=0011 train_loss=5.495867e-02 train_mse=4.324465e-02 train_cos=0.976902 train_nmse=-11.715dB train_rec=0.000000e+00 train_recT=0.000000e+00 train_fc=0.000000e+00 train_decoder_tail=0.000000e+00
I 07.02/01:45:58 train_mapper.py:622 ] epoch=0012 train_loss=5.299525e-02 train_mse=4.164008e-02 train_cos=0.977892 train_nmse=-11.879dB train_rec=0.000000e+00 train_recT=0.000000e+00 train_fc=0.000000e+00 train_decoder_tail=0.000000e+00
I 07.02/01:47:05 train_mapper.py:622 ] epoch=0013 train_loss=5.163227e-02 train_mse=4.054617e-02 train_cos=0.978499 train_nmse=-11.995dB train_rec=0.000000e+00 train_recT=0.000000e+00 train_fc=0.000000e+00 train_decoder_tail=0.000000e+00
I 07.02/01:48:11 train_mapper.py:622 ] epoch=0014 train_loss=5.028073e-02 train_mse=3.944904e-02 train_cos=0.979109 train_nmse=-12.114dB train_rec=0.000000e+00 train_recT=0.000000e+00 train_fc=0.000000e+00 train_decoder_tail=0.000000e+00
I 07.02/01:49:16 train_mapper.py:622 ] epoch=0015 train_loss=4.898108e-02 train_mse=3.840115e-02 train_cos=0.979674 train_nmse=-12.231dB train_rec=0.000000e+00 train_recT=0.000000e+00 train_fc=0.000000e+00 train_decoder_tail=0.000000e+00
I 07.02/01:50:26 train_mapper.py:622 ] epoch=0016 train_loss=4.758581e-02 train_mse=3.728286e-02 train_cos=0.980284 train_nmse=-12.359dB train_rec=0.000000e+00 train_recT=0.000000e+00 train_fc=0.000000e+00 train_decoder_tail=0.000000e+00
I 07.02/01:51:33 train_mapper.py:622 ] epoch=0017 train_loss=4.634986e-02 train_mse=3.628200e-02 train_cos=0.980774 train_nmse=-12.477dB train_rec=0.000000e+00 train_recT=0.000000e+00 train_fc=0.000000e+00 train_decoder_tail=0.000000e+00
I 07.02/01:52:41 train_mapper.py:622 ] epoch=0018 train_loss=4.516076e-02 train_mse=3.532260e-02 train_cos=0.981218 train_nmse=-12.594dB train_rec=0.000000e+00 train_recT=0.000000e+00 train_fc=0.000000e+00 train_decoder_tail=0.000000e+00
I 07.02/01:53:49 train_mapper.py:622 ] epoch=0019 train_loss=4.383438e-02 train_mse=3.424372e-02 train_cos=0.981738 train_nmse=-12.729dB train_rec=0.000000e+00 train_recT=0.000000e+00 train_fc=0.000000e+00 train_decoder_tail=0.000000e+00
I 07.02/01:54:54 train_mapper.py:622 ] epoch=0020 train_loss=4.265246e-02 train_mse=3.326493e-02 train_cos=0.982125 train_nmse=-12.855dB train_rec=0.000000e+00 train_recT=0.000000e+00 train_fc=0.000000e+00 train_decoder_tail=0.000000e+00
I 07.02/01:56:01 train_mapper.py:622 ] epoch=0021 train_loss=4.150768e-02 train_mse=3.229346e-02 train_cos=0.982453 train_nmse=-12.983dB train_rec=0.000000e+00 train_recT=0.000000e+00 train_fc=0.000000e+00 train_decoder_tail=0.000000e+00
I 07.02/01:57:09 train_mapper.py:622 ] epoch=0022 train_loss=4.018425e-02 train_mse=3.113453e-02 train_cos=0.982785 train_nmse=-13.142dB train_rec=0.000000e+00 train_recT=0.000000e+00 train_fc=0.000000e+00 train_decoder_tail=0.000000e+00
I 07.02/01:58:16 train_mapper.py:622 ] epoch=0023 train_loss=3.861173e-02 train_mse=2.966449e-02 train_cos=0.982827 train_nmse=-13.353dB train_rec=0.000000e+00 train_recT=0.000000e+00 train_fc=0.000000e+00 train_decoder_tail=0.000000e+00
I 07.02/01:59:19 train_mapper.py:622 ] epoch=0024 train_loss=3.571529e-02 train_mse=2.716129e-02 train_cos=0.982757 train_nmse=-13.735dB train_rec=0.000000e+00 train_recT=0.000000e+00 train_fc=0.000000e+00 train_decoder_tail=0.000000e+00
I 07.02/02:00:20 train_mapper.py:622 ] epoch=0025 train_loss=3.299931e-02 train_mse=2.514906e-02 train_cos=0.983183 train_nmse=-14.069dB train_rec=0.000000e+00 train_recT=0.000000e+00 train_fc=0.000000e+00 train_decoder_tail=0.000000e+00
I 07.02/02:01:25 train_mapper.py:622 ] epoch=0026 train_loss=3.145020e-02 train_mse=2.403366e-02 train_cos=0.983426 train_nmse=-14.266dB train_rec=0.000000e+00 train_recT=0.000000e+00 train_fc=0.000000e+00 train_decoder_tail=0.000000e+00
I 07.02/02:02:30 train_mapper.py:622 ] epoch=0027 train_loss=3.074311e-02 train_mse=2.353918e-02 train_cos=0.983415 train_nmse=-14.357dB train_rec=0.000000e+00 train_recT=0.000000e+00 train_fc=0.000000e+00 train_decoder_tail=0.000000e+00
I 07.02/02:03:34 train_mapper.py:622 ] epoch=0028 train_loss=2.975995e-02 train_mse=2.281582e-02 train_cos=0.983722 train_nmse=-14.492dB train_rec=0.000000e+00 train_recT=0.000000e+00 train_fc=0.000000e+00 train_decoder_tail=0.000000e+00
I 07.02/02:04:30 train_mapper.py:622 ] epoch=0029 train_loss=2.837610e-02 train_mse=2.179134e-02 train_cos=0.984330 train_nmse=-14.692dB train_rec=0.000000e+00 train_recT=0.000000e+00 train_fc=0.000000e+00 train_decoder_tail=0.000000e+00
I 07.02/02:05:35 train_mapper.py:622 ] epoch=0030 train_loss=2.785628e-02 train_mse=2.141138e-02 train_cos=0.984467 train_nmse=-14.768dB train_rec=0.000000e+00 train_recT=0.000000e+00 train_fc=0.000000e+00 train_decoder_tail=0.000000e+00
I 07.02/02:06:39 train_mapper.py:622 ] epoch=0031 train_loss=2.725973e-02 train_mse=2.095631e-02 train_cos=0.984702 train_nmse=-14.863dB train_rec=0.000000e+00 train_recT=0.000000e+00 train_fc=0.000000e+00 train_decoder_tail=0.000000e+00
I 07.02/02:07:42 train_mapper.py:622 ] epoch=0032 train_loss=2.639096e-02 train_mse=2.031838e-02 train_cos=0.985098 train_nmse=-14.996dB train_rec=0.000000e+00 train_recT=0.000000e+00 train_fc=0.000000e+00 train_decoder_tail=0.000000e+00
I 07.02/02:08:44 train_mapper.py:622 ] epoch=0033 train_loss=2.613394e-02 train_mse=2.012045e-02 train_cos=0.985165 train_nmse=-15.038dB train_rec=0.000000e+00 train_recT=0.000000e+00 train_fc=0.000000e+00 train_decoder_tail=0.000000e+00
I 07.02/02:09:48 train_mapper.py:622 ] epoch=0034 train_loss=2.551313e-02 train_mse=1.965451e-02 train_cos=0.985462 train_nmse=-15.140dB train_rec=0.000000e+00 train_recT=0.000000e+00 train_fc=0.000000e+00 train_decoder_tail=0.000000e+00
I 07.02/02:10:53 train_mapper.py:622 ] epoch=0035 train_loss=2.517852e-02 train_mse=1.939891e-02 train_cos=0.985597 train_nmse=-15.196dB train_rec=0.000000e+00 train_recT=0.000000e+00 train_fc=0.000000e+00 train_decoder_tail=0.000000e+00
I 07.02/02:11:57 train_mapper.py:622 ] epoch=0036 train_loss=2.453933e-02 train_mse=1.892025e-02 train_cos=0.985923 train_nmse=-15.305dB train_rec=0.000000e+00 train_recT=0.000000e+00 train_fc=0.000000e+00 train_decoder_tail=0.000000e+00
I 07.02/02:12:58 train_mapper.py:622 ] epoch=0037 train_loss=2.411563e-02 train_mse=1.860404e-02 train_cos=0.986117 train_nmse=-15.378dB train_rec=0.000000e+00 train_recT=0.000000e+00 train_fc=0.000000e+00 train_decoder_tail=0.000000e+00
I 07.02/02:14:00 train_mapper.py:622 ] epoch=0038 train_loss=2.378619e-02 train_mse=1.834399e-02 train_cos=0.986275 train_nmse=-15.440dB train_rec=0.000000e+00 train_recT=0.000000e+00 train_fc=0.000000e+00 train_decoder_tail=0.000000e+00
I 07.02/02:15:05 train_mapper.py:622 ] epoch=0039 train_loss=2.343564e-02 train_mse=1.808261e-02 train_cos=0.986441 train_nmse=-15.502dB train_rec=0.000000e+00 train_recT=0.000000e+00 train_fc=0.000000e+00 train_decoder_tail=0.000000e+00
I 07.02/02:16:10 train_mapper.py:622 ] epoch=0040 train_loss=2.304286e-02 train_mse=1.778036e-02 train_cos=0.986643 train_nmse=-15.575dB train_rec=0.000000e+00 train_recT=0.000000e+00 train_fc=0.000000e+00 train_decoder_tail=0.000000e+00
I 07.02/02:17:14 train_mapper.py:622 ] epoch=0041 train_loss=2.273901e-02 train_mse=1.754716e-02 train_cos=0.986793 train_nmse=-15.632dB train_rec=0.000000e+00 train_recT=0.000000e+00 train_fc=0.000000e+00 train_decoder_tail=0.000000e+00
I 07.02/02:18:20 train_mapper.py:622 ] epoch=0042 train_loss=2.226564e-02 train_mse=1.719475e-02 train_cos=0.987038 train_nmse=-15.720dB train_rec=0.000000e+00 train_recT=0.000000e+00 train_fc=0.000000e+00 train_decoder_tail=0.000000e+00
I 07.02/02:19:25 train_mapper.py:622 ] epoch=0043 train_loss=2.210633e-02 train_mse=1.706359e-02 train_cos=0.987113 train_nmse=-15.754dB train_rec=0.000000e+00 train_recT=0.000000e+00 train_fc=0.000000e+00 train_decoder_tail=0.000000e+00
I 07.02/02:20:30 train_mapper.py:622 ] epoch=0044 train_loss=2.164093e-02 train_mse=1.671256e-02 train_cos=0.987361 train_nmse=-15.845dB train_rec=0.000000e+00 train_recT=0.000000e+00 train_fc=0.000000e+00 train_decoder_tail=0.000000e+00
I 07.02/02:21:29 train_mapper.py:622 ] epoch=0045 train_loss=2.142998e-02 train_mse=1.655082e-02 train_cos=0.987465 train_nmse=-15.886dB train_rec=0.000000e+00 train_recT=0.000000e+00 train_fc=0.000000e+00 train_decoder_tail=0.000000e+00
I 07.02/02:22:34 train_mapper.py:622 ] epoch=0046 train_loss=2.123726e-02 train_mse=1.640235e-02 train_cos=0.987562 train_nmse=-15.925dB train_rec=0.000000e+00 train_recT=0.000000e+00 train_fc=0.000000e+00 train_decoder_tail=0.000000e+00
I 07.02/02:23:39 train_mapper.py:622 ] epoch=0047 train_loss=2.085959e-02 train_mse=1.611154e-02 train_cos=0.987771 train_nmse=-16.002dB train_rec=0.000000e+00 train_recT=0.000000e+00 train_fc=0.000000e+00 train_decoder_tail=0.000000e+00
I 07.02/02:24:44 train_mapper.py:622 ] epoch=0048 train_loss=2.060124e-02 train_mse=1.591220e-02 train_cos=0.987907 train_nmse=-16.057dB train_rec=0.000000e+00 train_recT=0.000000e+00 train_fc=0.000000e+00 train_decoder_tail=0.000000e+00
I 07.02/02:25:46 train_mapper.py:622 ] epoch=0049 train_loss=2.027810e-02 train_mse=1.566658e-02 train_cos=0.988081 train_nmse=-16.125dB train_rec=0.000000e+00 train_recT=0.000000e+00 train_fc=0.000000e+00 train_decoder_tail=0.000000e+00
I 07.02/02:26:48 train_mapper.py:622 ] epoch=0050 train_loss=2.024510e-02 train_mse=1.563353e-02 train_cos=0.988089 train_nmse=-16.134dB train_rec=0.000000e+00 train_recT=0.000000e+00 train_fc=0.000000e+00 train_decoder_tail=0.000000e+00
I 07.02/02:27:52 train_mapper.py:622 ] epoch=0051 train_loss=1.999375e-02 train_mse=1.544306e-02 train_cos=0.988230 train_nmse=-16.186dB train_rec=0.000000e+00 train_recT=0.000000e+00 train_fc=0.000000e+00 train_decoder_tail=0.000000e+00
I 07.02/02:28:53 train_mapper.py:622 ] epoch=0052 train_loss=1.963226e-02 train_mse=1.516224e-02 train_cos=0.988435 train_nmse=-16.267dB train_rec=0.000000e+00 train_recT=0.000000e+00 train_fc=0.000000e+00 train_decoder_tail=0.000000e+00
I 07.02/02:29:56 train_mapper.py:622 ] epoch=0053 train_loss=1.951187e-02 train_mse=1.506818e-02 train_cos=0.988489 train_nmse=-16.295dB train_rec=0.000000e+00 train_recT=0.000000e+00 train_fc=0.000000e+00 train_decoder_tail=0.000000e+00
I 07.02/02:30:57 train_mapper.py:622 ] epoch=0054 train_loss=1.934374e-02 train_mse=1.493995e-02 train_cos=0.988582 train_nmse=-16.330dB train_rec=0.000000e+00 train_recT=0.000000e+00 train_fc=0.000000e+00 train_decoder_tail=0.000000e+00
I 07.02/02:31:59 train_mapper.py:622 ] epoch=0055 train_loss=1.903180e-02 train_mse=1.468753e-02 train_cos=0.988764 train_nmse=-16.405dB train_rec=0.000000e+00 train_recT=0.000000e+00 train_fc=0.000000e+00 train_decoder_tail=0.000000e+00
I 07.02/02:33:07 train_mapper.py:622 ] epoch=0056 train_loss=1.887913e-02 train_mse=1.457856e-02 train_cos=0.988841 train_nmse=-16.437dB train_rec=0.000000e+00 train_recT=0.000000e+00 train_fc=0.000000e+00 train_decoder_tail=0.000000e+00
I 07.02/02:34:11 train_mapper.py:622 ] epoch=0057 train_loss=1.870706e-02 train_mse=1.444120e-02 train_cos=0.988936 train_nmse=-16.478dB train_rec=0.000000e+00 train_recT=0.000000e+00 train_fc=0.000000e+00 train_decoder_tail=0.000000e+00
I 07.02/02:35:13 train_mapper.py:622 ] epoch=0058 train_loss=1.856629e-02 train_mse=1.432689e-02 train_cos=0.989018 train_nmse=-16.513dB train_rec=0.000000e+00 train_recT=0.000000e+00 train_fc=0.000000e+00 train_decoder_tail=0.000000e+00
I 07.02/02:36:16 train_mapper.py:622 ] epoch=0059 train_loss=1.823501e-02 train_mse=1.407909e-02 train_cos=0.989205 train_nmse=-16.589dB train_rec=0.000000e+00 train_recT=0.000000e+00 train_fc=0.000000e+00 train_decoder_tail=0.000000e+00
I 07.02/02:37:18 train_mapper.py:622 ] epoch=0060 train_loss=1.828610e-02 train_mse=1.410565e-02 train_cos=0.989170 train_nmse=-16.580dB train_rec=0.000000e+00 train_recT=0.000000e+00 train_fc=0.000000e+00 train_decoder_tail=0.000000e+00
I 07.02/02:38:19 train_mapper.py:622 ] epoch=0061 train_loss=1.795163e-02 train_mse=1.385278e-02 train_cos=0.989367 train_nmse=-16.659dB train_rec=0.000000e+00 train_recT=0.000000e+00 train_fc=0.000000e+00 train_decoder_tail=0.000000e+00
I 07.02/02:39:25 train_mapper.py:622 ] epoch=0062 train_loss=1.779717e-02 train_mse=1.373407e-02 train_cos=0.989451 train_nmse=-16.696dB train_rec=0.000000e+00 train_recT=0.000000e+00 train_fc=0.000000e+00 train_decoder_tail=0.000000e+00
I 07.02/02:40:23 train_mapper.py:622 ] epoch=0063 train_loss=1.768335e-02 train_mse=1.364162e-02 train_cos=0.989514 train_nmse=-16.726dB train_rec=0.000000e+00 train_recT=0.000000e+00 train_fc=0.000000e+00 train_decoder_tail=0.000000e+00
I 07.02/02:41:27 train_mapper.py:622 ] epoch=0064 train_loss=1.737891e-02 train_mse=1.341534e-02 train_cos=0.989687 train_nmse=-16.798dB train_rec=0.000000e+00 train_recT=0.000000e+00 train_fc=0.000000e+00 train_decoder_tail=0.000000e+00
I 07.02/02:42:30 train_mapper.py:622 ] epoch=0065 train_loss=1.740199e-02 train_mse=1.342220e-02 train_cos=0.989673 train_nmse=-16.796dB train_rec=0.000000e+00 train_recT=0.000000e+00 train_fc=0.000000e+00 train_decoder_tail=0.000000e+00
I 07.02/02:43:35 train_mapper.py:622 ] epoch=0066 train_loss=1.724197e-02 train_mse=1.329814e-02 train_cos=0.989765 train_nmse=-16.836dB train_rec=0.000000e+00 train_recT=0.000000e+00 train_fc=0.000000e+00 train_decoder_tail=0.000000e+00
I 07.02/02:44:41 train_mapper.py:622 ] epoch=0067 train_loss=1.695531e-02 train_mse=1.308184e-02 train_cos=0.989929 train_nmse=-16.909dB train_rec=0.000000e+00 train_recT=0.000000e+00 train_fc=0.000000e+00 train_decoder_tail=0.000000e+00
I 07.02/02:45:45 train_mapper.py:622 ] epoch=0068 train_loss=1.698612e-02 train_mse=1.310209e-02 train_cos=0.989905 train_nmse=-16.901dB train_rec=0.000000e+00 train_recT=0.000000e+00 train_fc=0.000000e+00 train_decoder_tail=0.000000e+00
I 07.02/02:46:45 train_mapper.py:622 ] epoch=0069 train_loss=1.683973e-02 train_mse=1.298805e-02 train_cos=0.989990 train_nmse=-16.939dB train_rec=0.000000e+00 train_recT=0.000000e+00 train_fc=0.000000e+00 train_decoder_tail=0.000000e+00
I 07.02/02:47:49 train_mapper.py:622 ] epoch=0070 train_loss=1.657292e-02 train_mse=1.278592e-02 train_cos=0.990146 train_nmse=-17.007dB train_rec=0.000000e+00 train_recT=0.000000e+00 train_fc=0.000000e+00 train_decoder_tail=0.000000e+00
I 07.02/02:48:53 train_mapper.py:622 ] epoch=0071 train_loss=1.660723e-02 train_mse=1.280678e-02 train_cos=0.990122 train_nmse=-17.000dB train_rec=0.000000e+00 train_recT=0.000000e+00 train_fc=0.000000e+00 train_decoder_tail=0.000000e+00
I 07.02/02:49:57 train_mapper.py:622 ] epoch=0072 train_loss=1.639431e-02 train_mse=1.263797e-02 train_cos=0.990253 train_nmse=-17.057dB train_rec=0.000000e+00 train_recT=0.000000e+00 train_fc=0.000000e+00 train_decoder_tail=0.000000e+00
I 07.02/02:51:02 train_mapper.py:622 ] epoch=0073 train_loss=1.630626e-02 train_mse=1.257126e-02 train_cos=0.990300 train_nmse=-17.080dB train_rec=0.000000e+00 train_recT=0.000000e+00 train_fc=0.000000e+00 train_decoder_tail=0.000000e+00
I 07.02/02:51:59 train_mapper.py:622 ] epoch=0074 train_loss=1.622266e-02 train_mse=1.250267e-02 train_cos=0.990349 train_nmse=-17.105dB train_rec=0.000000e+00 train_recT=0.000000e+00 train_fc=0.000000e+00 train_decoder_tail=0.000000e+00
I 07.02/02:53:07 train_mapper.py:622 ] epoch=0075 train_loss=1.597160e-02 train_mse=1.231664e-02 train_cos=0.990495 train_nmse=-17.169dB train_rec=0.000000e+00 train_recT=0.000000e+00 train_fc=0.000000e+00 train_decoder_tail=0.000000e+00
I 07.02/02:54:12 train_mapper.py:622 ] epoch=0076 train_loss=1.585350e-02 train_mse=1.222008e-02 train_cos=0.990563 train_nmse=-17.204dB train_rec=0.000000e+00 train_recT=0.000000e+00 train_fc=0.000000e+00 train_decoder_tail=0.000000e+00
I 07.02/02:55:14 train_mapper.py:622 ] epoch=0077 train_loss=1.583014e-02 train_mse=1.220058e-02 train_cos=0.990572 train_nmse=-17.211dB train_rec=0.000000e+00 train_recT=0.000000e+00 train_fc=0.000000e+00 train_decoder_tail=0.000000e+00
I 07.02/02:56:14 train_mapper.py:622 ] epoch=0078 train_loss=1.564674e-02 train_mse=1.206595e-02 train_cos=0.990679 train_nmse=-17.259dB train_rec=0.000000e+00 train_recT=0.000000e+00 train_fc=0.000000e+00 train_decoder_tail=0.000000e+00
I 07.02/02:56:54 train_mapper.py:622 ] epoch=0079 train_loss=1.560085e-02 train_mse=1.202544e-02 train_cos=0.990709 train_nmse=-17.274dB train_rec=0.000000e+00 train_recT=0.000000e+00 train_fc=0.000000e+00 train_decoder_tail=0.000000e+00
I 07.02/02:57:42 train_mapper.py:622 ] epoch=0080 train_loss=1.551471e-02 train_mse=1.196510e-02 train_cos=0.990752 train_nmse=-17.294dB train_rec=0.000000e+00 train_recT=0.000000e+00 train_fc=0.000000e+00 train_decoder_tail=0.000000e+00
I 07.02/02:58:32 train_mapper.py:622 ] epoch=0081 train_loss=1.542124e-02 train_mse=1.188786e-02 train_cos=0.990808 train_nmse=-17.324dB train_rec=0.000000e+00 train_recT=0.000000e+00 train_fc=0.000000e+00 train_decoder_tail=0.000000e+00
I 07.02/02:59:20 train_mapper.py:622 ] epoch=0082 train_loss=1.527849e-02 train_mse=1.178314e-02 train_cos=0.990890 train_nmse=-17.362dB train_rec=0.000000e+00 train_recT=0.000000e+00 train_fc=0.000000e+00 train_decoder_tail=0.000000e+00
I 07.02/03:00:06 train_mapper.py:622 ] epoch=0083 train_loss=1.522090e-02 train_mse=1.173924e-02 train_cos=0.990925 train_nmse=-17.378dB train_rec=0.000000e+00 train_recT=0.000000e+00 train_fc=0.000000e+00 train_decoder_tail=0.000000e+00
I 07.02/03:00:54 train_mapper.py:622 ] epoch=0084 train_loss=1.501741e-02 train_mse=1.158469e-02 train_cos=0.991043 train_nmse=-17.435dB train_rec=0.000000e+00 train_recT=0.000000e+00 train_fc=0.000000e+00 train_decoder_tail=0.000000e+00
I 07.02/03:01:43 train_mapper.py:622 ] epoch=0085 train_loss=1.496234e-02 train_mse=1.153944e-02 train_cos=0.991074 train_nmse=-17.452dB train_rec=0.000000e+00 train_recT=0.000000e+00 train_fc=0.000000e+00 train_decoder_tail=0.000000e+00
I 07.02/03:02:36 train_mapper.py:622 ] epoch=0086 train_loss=1.477388e-02 train_mse=1.139976e-02 train_cos=0.991184 train_nmse=-17.505dB train_rec=0.000000e+00 train_recT=0.000000e+00 train_fc=0.000000e+00 train_decoder_tail=0.000000e+00
I 07.02/03:03:26 train_mapper.py:622 ] epoch=0087 train_loss=1.476820e-02 train_mse=1.139457e-02 train_cos=0.991180 train_nmse=-17.508dB train_rec=0.000000e+00 train_recT=0.000000e+00 train_fc=0.000000e+00 train_decoder_tail=0.000000e+00
I 07.02/03:04:13 train_mapper.py:622 ] epoch=0088 train_loss=1.471714e-02 train_mse=1.134887e-02 train_cos=0.991214 train_nmse=-17.525dB train_rec=0.000000e+00 train_recT=0.000000e+00 train_fc=0.000000e+00 train_decoder_tail=0.000000e+00
I 07.02/03:05:04 train_mapper.py:622 ] epoch=0089 train_loss=1.454237e-02 train_mse=1.122185e-02 train_cos=0.991318 train_nmse=-17.573dB train_rec=0.000000e+00 train_recT=0.000000e+00 train_fc=0.000000e+00 train_decoder_tail=0.000000e+00
I 07.02/03:05:52 train_mapper.py:622 ] epoch=0090 train_loss=1.452735e-02 train_mse=1.120950e-02 train_cos=0.991319 train_nmse=-17.579dB train_rec=0.000000e+00 train_recT=0.000000e+00 train_fc=0.000000e+00 train_decoder_tail=0.000000e+00
I 07.02/03:06:45 train_mapper.py:622 ] epoch=0091 train_loss=1.445260e-02 train_mse=1.115096e-02 train_cos=0.991364 train_nmse=-17.602dB train_rec=0.000000e+00 train_recT=0.000000e+00 train_fc=0.000000e+00 train_decoder_tail=0.000000e+00
I 07.02/03:07:35 train_mapper.py:622 ] epoch=0092 train_loss=1.428793e-02 train_mse=1.103024e-02 train_cos=0.991463 train_nmse=-17.649dB train_rec=0.000000e+00 train_recT=0.000000e+00 train_fc=0.000000e+00 train_decoder_tail=0.000000e+00
I 07.02/03:08:27 train_mapper.py:622 ] epoch=0093 train_loss=1.409394e-02 train_mse=1.088801e-02 train_cos=0.991578 train_nmse=-17.705dB train_rec=0.000000e+00 train_recT=0.000000e+00 train_fc=0.000000e+00 train_decoder_tail=0.000000e+00
I 07.02/03:09:19 train_mapper.py:622 ] epoch=0094 train_loss=1.426894e-02 train_mse=1.100870e-02 train_cos=0.991472 train_nmse=-17.657dB train_rec=0.000000e+00 train_recT=0.000000e+00 train_fc=0.000000e+00 train_decoder_tail=0.000000e+00
I 07.02/03:10:07 train_mapper.py:622 ] epoch=0095 train_loss=1.396293e-02 train_mse=1.078142e-02 train_cos=0.991655 train_nmse=-17.747dB train_rec=0.000000e+00 train_recT=0.000000e+00 train_fc=0.000000e+00 train_decoder_tail=0.000000e+00
I 07.02/03:10:54 train_mapper.py:622 ] epoch=0096 train_loss=1.402225e-02 train_mse=1.082557e-02 train_cos=0.991614 train_nmse=-17.729dB train_rec=0.000000e+00 train_recT=0.000000e+00 train_fc=0.000000e+00 train_decoder_tail=0.000000e+00
I 07.02/03:11:41 train_mapper.py:622 ] epoch=0097 train_loss=1.374766e-02 train_mse=1.062073e-02 train_cos=0.991777 train_nmse=-17.814dB train_rec=0.000000e+00 train_recT=0.000000e+00 train_fc=0.000000e+00 train_decoder_tail=0.000000e+00
I 07.02/03:12:33 train_mapper.py:622 ] epoch=0098 train_loss=1.387404e-02 train_mse=1.071395e-02 train_cos=0.991695 train_nmse=-17.775dB train_rec=0.000000e+00 train_recT=0.000000e+00 train_fc=0.000000e+00 train_decoder_tail=0.000000e+00
I 07.02/03:13:18 train_mapper.py:622 ] epoch=0099 train_loss=1.364277e-02 train_mse=1.054285e-02 train_cos=0.991831 train_nmse=-17.845dB train_rec=0.000000e+00 train_recT=0.000000e+00 train_fc=0.000000e+00 train_decoder_tail=0.000000e+00
I 07.02/03:13:52 train_mapper.py:622 ] epoch=0100 train_loss=1.370426e-02 train_mse=1.058658e-02 train_cos=0.991794 train_nmse=-17.827dB train_rec=0.000000e+00 train_recT=0.000000e+00 train_fc=0.000000e+00 train_decoder_tail=0.000000e+00
I 07.02/03:14:22 train_mapper.py:622 ] epoch=0101 train_loss=1.362025e-02 train_mse=1.051895e-02 train_cos=0.991844 train_nmse=-17.855dB train_rec=0.000000e+00 train_recT=0.000000e+00 train_fc=0.000000e+00 train_decoder_tail=0.000000e+00
I 07.02/03:14:54 train_mapper.py:622 ] epoch=0102 train_loss=1.353368e-02 train_mse=1.045407e-02 train_cos=0.991894 train_nmse=-17.881dB train_rec=0.000000e+00 train_recT=0.000000e+00 train_fc=0.000000e+00 train_decoder_tail=0.000000e+00
I 07.02/03:15:31 train_mapper.py:622 ] epoch=0103 train_loss=1.333520e-02 train_mse=1.030478e-02 train_cos=0.992011 train_nmse=-17.943dB train_rec=0.000000e+00 train_recT=0.000000e+00 train_fc=0.000000e+00 train_decoder_tail=0.000000e+00
I 07.02/03:16:22 train_mapper.py:622 ] epoch=0104 train_loss=1.346209e-02 train_mse=1.039563e-02 train_cos=0.991932 train_nmse=-17.906dB train_rec=0.000000e+00 train_recT=0.000000e+00 train_fc=0.000000e+00 train_decoder_tail=0.000000e+00
I 07.02/03:17:11 train_mapper.py:622 ] epoch=0105 train_loss=1.324443e-02 train_mse=1.023445e-02 train_cos=0.992062 train_nmse=-17.973dB train_rec=0.000000e+00 train_recT=0.000000e+00 train_fc=0.000000e+00 train_decoder_tail=0.000000e+00
I 07.02/03:17:53 train_mapper.py:622 ] epoch=0106 train_loss=1.317857e-02 train_mse=1.018291e-02 train_cos=0.992100 train_nmse=-17.996dB train_rec=0.000000e+00 train_recT=0.000000e+00 train_fc=0.000000e+00 train_decoder_tail=0.000000e+00
I 07.02/03:18:28 train_mapper.py:622 ] epoch=0107 train_loss=1.317427e-02 train_mse=1.017812e-02 train_cos=0.992100 train_nmse=-17.997dB train_rec=0.000000e+00 train_recT=0.000000e+00 train_fc=0.000000e+00 train_decoder_tail=0.000000e+00
I 07.02/03:19:02 train_mapper.py:622 ] epoch=0108 train_loss=1.306026e-02 train_mse=1.009282e-02 train_cos=0.992162 train_nmse=-18.035dB train_rec=0.000000e+00 train_recT=0.000000e+00 train_fc=0.000000e+00 train_decoder_tail=0.000000e+00
I 07.02/03:19:37 train_mapper.py:622 ] epoch=0109 train_loss=1.312827e-02 train_mse=1.014044e-02 train_cos=0.992123 train_nmse=-18.013dB train_rec=0.000000e+00 train_recT=0.000000e+00 train_fc=0.000000e+00 train_decoder_tail=0.000000e+00
I 07.02/03:20:08 train_mapper.py:622 ] epoch=0110 train_loss=1.290685e-02 train_mse=9.973513e-03 train_cos=0.992258 train_nmse=-18.086dB train_rec=0.000000e+00 train_recT=0.000000e+00 train_fc=0.000000e+00 train_decoder_tail=0.000000e+00
I 07.02/03:20:38 train_mapper.py:622 ] epoch=0111 train_loss=1.282073e-02 train_mse=9.909520e-03 train_cos=0.992308 train_nmse=-18.114dB train_rec=0.000000e+00 train_recT=0.000000e+00 train_fc=0.000000e+00 train_decoder_tail=0.000000e+00
I 07.02/03:21:10 train_mapper.py:622 ] epoch=0112 train_loss=1.292758e-02 train_mse=9.982125e-03 train_cos=0.992238 train_nmse=-18.082dB train_rec=0.000000e+00 train_recT=0.000000e+00 train_fc=0.000000e+00 train_decoder_tail=0.000000e+00
I 07.02/03:21:37 train_mapper.py:622 ] epoch=0113 train_loss=1.277603e-02 train_mse=9.866952e-03 train_cos=0.992326 train_nmse=-18.133dB train_rec=0.000000e+00 train_recT=0.000000e+00 train_fc=0.000000e+00 train_decoder_tail=0.000000e+00
I 07.02/03:22:02 train_mapper.py:622 ] epoch=0114 train_loss=1.256396e-02 train_mse=9.709480e-03 train_cos=0.992452 train_nmse=-18.202dB train_rec=0.000000e+00 train_recT=0.000000e+00 train_fc=0.000000e+00 train_decoder_tail=0.000000e+00
I 07.02/03:22:28 train_mapper.py:622 ] epoch=0115 train_loss=1.254467e-02 train_mse=9.695753e-03 train_cos=0.992461 train_nmse=-18.209dB train_rec=0.000000e+00 train_recT=0.000000e+00 train_fc=0.000000e+00 train_decoder_tail=0.000000e+00
I 07.02/03:22:52 train_mapper.py:622 ] epoch=0116 train_loss=1.261765e-02 train_mse=9.747371e-03 train_cos=0.992417 train_nmse=-18.186dB train_rec=0.000000e+00 train_recT=0.000000e+00 train_fc=0.000000e+00 train_decoder_tail=0.000000e+00
I 07.02/03:23:12 train_mapper.py:622 ] epoch=0117 train_loss=1.257371e-02 train_mse=9.715035e-03 train_cos=0.992446 train_nmse=-18.199dB train_rec=0.000000e+00 train_recT=0.000000e+00 train_fc=0.000000e+00 train_decoder_tail=0.000000e+00
I 07.02/03:23:53 train_mapper.py:622 ] epoch=0118 train_loss=1.256471e-02 train_mse=9.701814e-03 train_cos=0.992450 train_nmse=-18.206dB train_rec=0.000000e+00 train_recT=0.000000e+00 train_fc=0.000000e+00 train_decoder_tail=0.000000e+00
I 07.02/03:24:40 train_mapper.py:622 ] epoch=0119 train_loss=1.226331e-02 train_mse=9.475701e-03 train_cos=0.992632 train_nmse=-18.309dB train_rec=0.000000e+00 train_recT=0.000000e+00 train_fc=0.000000e+00 train_decoder_tail=0.000000e+00
I 07.02/03:25:29 train_mapper.py:622 ] epoch=0120 train_loss=1.234755e-02 train_mse=9.539442e-03 train_cos=0.992572 train_nmse=-18.279dB train_rec=0.000000e+00 train_recT=0.000000e+00 train_fc=0.000000e+00 train_decoder_tail=0.000000e+00
I 07.02/03:26:18 train_mapper.py:622 ] epoch=0121 train_loss=1.227682e-02 train_mse=9.484642e-03 train_cos=0.992617 train_nmse=-18.304dB train_rec=0.000000e+00 train_recT=0.000000e+00 train_fc=0.000000e+00 train_decoder_tail=0.000000e+00
I 07.02/03:27:09 train_mapper.py:622 ] epoch=0122 train_loss=1.225679e-02 train_mse=9.469236e-03 train_cos=0.992631 train_nmse=-18.311dB train_rec=0.000000e+00 train_recT=0.000000e+00 train_fc=0.000000e+00 train_decoder_tail=0.000000e+00
I 07.02/03:27:58 train_mapper.py:622 ] epoch=0123 train_loss=1.230699e-02 train_mse=9.499833e-03 train_cos=0.992603 train_nmse=-18.297dB train_rec=0.000000e+00 train_recT=0.000000e+00 train_fc=0.000000e+00 train_decoder_tail=0.000000e+00
I 07.02/03:28:50 train_mapper.py:622 ] epoch=0124 train_loss=1.219664e-02 train_mse=9.417854e-03 train_cos=0.992665 train_nmse=-18.334dB train_rec=0.000000e+00 train_recT=0.000000e+00 train_fc=0.000000e+00 train_decoder_tail=0.000000e+00
I 07.02/03:29:46 train_mapper.py:622 ] epoch=0125 train_loss=1.202004e-02 train_mse=9.283289e-03 train_cos=0.992773 train_nmse=-18.397dB train_rec=0.000000e+00 train_recT=0.000000e+00 train_fc=0.000000e+00 train_decoder_tail=0.000000e+00
I 07.02/03:30:42 train_mapper.py:622 ] epoch=0126 train_loss=1.214893e-02 train_mse=9.378412e-03 train_cos=0.992689 train_nmse=-18.353dB train_rec=0.000000e+00 train_recT=0.000000e+00 train_fc=0.000000e+00 train_decoder_tail=0.000000e+00
I 07.02/03:31:39 train_mapper.py:622 ] epoch=0127 train_loss=1.197860e-02 train_mse=9.248049e-03 train_cos=0.992796 train_nmse=-18.413dB train_rec=0.000000e+00 train_recT=0.000000e+00 train_fc=0.000000e+00 train_decoder_tail=0.000000e+00
I 07.02/03:32:28 train_mapper.py:622 ] epoch=0128 train_loss=1.193758e-02 train_mse=9.215580e-03 train_cos=0.992817 train_nmse=-18.429dB train_rec=0.000000e+00 train_recT=0.000000e+00 train_fc=0.000000e+00 train_decoder_tail=0.000000e+00
I 07.02/03:33:23 train_mapper.py:622 ] epoch=0129 train_loss=1.192543e-02 train_mse=9.204926e-03 train_cos=0.992825 train_nmse=-18.433dB train_rec=0.000000e+00 train_recT=0.000000e+00 train_fc=0.000000e+00 train_decoder_tail=0.000000e+00
I 07.02/03:34:17 train_mapper.py:622 ] epoch=0130 train_loss=1.169950e-02 train_mse=9.037751e-03 train_cos=0.992961 train_nmse=-18.514dB train_rec=0.000000e+00 train_recT=0.000000e+00 train_fc=0.000000e+00 train_decoder_tail=0.000000e+00
I 07.02/03:35:09 train_mapper.py:622 ] epoch=0131 train_loss=1.179333e-02 train_mse=9.103100e-03 train_cos=0.992903 train_nmse=-18.482dB train_rec=0.000000e+00 train_recT=0.000000e+00 train_fc=0.000000e+00 train_decoder_tail=0.000000e+00
I 07.02/03:35:56 train_mapper.py:622 ] epoch=0132 train_loss=1.188392e-02 train_mse=9.168934e-03 train_cos=0.992847 train_nmse=-18.451dB train_rec=0.000000e+00 train_recT=0.000000e+00 train_fc=0.000000e+00 train_decoder_tail=0.000000e+00
I 07.02/03:36:47 train_mapper.py:622 ] epoch=0133 train_loss=1.165104e-02 train_mse=8.998525e-03 train_cos=0.992989 train_nmse=-18.532dB train_rec=0.000000e+00 train_recT=0.000000e+00 train_fc=0.000000e+00 train_decoder_tail=0.000000e+00
I 07.02/03:37:40 train_mapper.py:622 ] epoch=0134 train_loss=1.177014e-02 train_mse=9.079632e-03 train_cos=0.992915 train_nmse=-18.494dB train_rec=0.000000e+00 train_recT=0.000000e+00 train_fc=0.000000e+00 train_decoder_tail=0.000000e+00
I 07.02/03:38:30 train_mapper.py:622 ] epoch=0135 train_loss=1.163980e-02 train_mse=8.982218e-03 train_cos=0.992997 train_nmse=-18.541dB train_rec=0.000000e+00 train_recT=0.000000e+00 train_fc=0.000000e+00 train_decoder_tail=0.000000e+00
I 07.02/03:39:22 train_mapper.py:622 ] epoch=0136 train_loss=1.152970e-02 train_mse=8.901447e-03 train_cos=0.993063 train_nmse=-18.579dB train_rec=0.000000e+00 train_recT=0.000000e+00 train_fc=0.000000e+00 train_decoder_tail=0.000000e+00
I 07.02/03:40:04 train_mapper.py:622 ] epoch=0137 train_loss=1.157120e-02 train_mse=8.925967e-03 train_cos=0.993035 train_nmse=-18.567dB train_rec=0.000000e+00 train_recT=0.000000e+00 train_fc=0.000000e+00 train_decoder_tail=0.000000e+00
I 07.02/03:40:52 train_mapper.py:622 ] epoch=0138 train_loss=1.139225e-02 train_mse=8.795090e-03 train_cos=0.993142 train_nmse=-18.632dB train_rec=0.000000e+00 train_recT=0.000000e+00 train_fc=0.000000e+00 train_decoder_tail=0.000000e+00
I 07.02/03:41:44 train_mapper.py:622 ] epoch=0139 train_loss=1.150479e-02 train_mse=8.871346e-03 train_cos=0.993070 train_nmse=-18.595dB train_rec=0.000000e+00 train_recT=0.000000e+00 train_fc=0.000000e+00 train_decoder_tail=0.000000e+00
I 07.02/03:42:32 train_mapper.py:622 ] epoch=0140 train_loss=1.142008e-02 train_mse=8.810186e-03 train_cos=0.993124 train_nmse=-18.624dB train_rec=0.000000e+00 train_recT=0.000000e+00 train_fc=0.000000e+00 train_decoder_tail=0.000000e+00
I 07.02/03:42:51 train_mapper.py:622 ] epoch=0141 train_loss=1.140107e-02 train_mse=8.792470e-03 train_cos=0.993135 train_nmse=-18.634dB train_rec=0.000000e+00 train_recT=0.000000e+00 train_fc=0.000000e+00 train_decoder_tail=0.000000e+00
I 07.02/03:43:30 train_mapper.py:622 ] epoch=0142 train_loss=1.138389e-02 train_mse=8.782498e-03 train_cos=0.993144 train_nmse=-18.638dB train_rec=0.000000e+00 train_recT=0.000000e+00 train_fc=0.000000e+00 train_decoder_tail=0.000000e+00
I 07.02/03:43:59 train_mapper.py:622 ] epoch=0143 train_loss=1.125408e-02 train_mse=8.682402e-03 train_cos=0.993224 train_nmse=-18.688dB train_rec=0.000000e+00 train_recT=0.000000e+00 train_fc=0.000000e+00 train_decoder_tail=0.000000e+00
I 07.02/03:44:24 train_mapper.py:622 ] epoch=0144 train_loss=1.127924e-02 train_mse=8.698329e-03 train_cos=0.993208 train_nmse=-18.680dB train_rec=0.000000e+00 train_recT=0.000000e+00 train_fc=0.000000e+00 train_decoder_tail=0.000000e+00
I 07.02/03:44:43 train_mapper.py:622 ] epoch=0145 train_loss=1.122940e-02 train_mse=8.660364e-03 train_cos=0.993237 train_nmse=-18.699dB train_rec=0.000000e+00 train_recT=0.000000e+00 train_fc=0.000000e+00 train_decoder_tail=0.000000e+00
I 07.02/03:45:00 train_mapper.py:622 ] epoch=0146 train_loss=1.120102e-02 train_mse=8.633869e-03 train_cos=0.993255 train_nmse=-18.713dB train_rec=0.000000e+00 train_recT=0.000000e+00 train_fc=0.000000e+00 train_decoder_tail=0.000000e+00
I 07.02/03:45:19 train_mapper.py:622 ] epoch=0147 train_loss=1.104543e-02 train_mse=8.523399e-03 train_cos=0.993347 train_nmse=-18.768dB train_rec=0.000000e+00 train_recT=0.000000e+00 train_fc=0.000000e+00 train_decoder_tail=0.000000e+00
I 07.02/03:45:36 train_mapper.py:622 ] epoch=0148 train_loss=1.108772e-02 train_mse=8.548678e-03 train_cos=0.993321 train_nmse=-18.756dB train_rec=0.000000e+00 train_recT=0.000000e+00 train_fc=0.000000e+00 train_decoder_tail=0.000000e+00
I 07.02/03:45:52 train_mapper.py:622 ] epoch=0149 train_loss=1.107382e-02 train_mse=8.533829e-03 train_cos=0.993331 train_nmse=-18.763dB train_rec=0.000000e+00 train_recT=0.000000e+00 train_fc=0.000000e+00 train_decoder_tail=0.000000e+00
I 07.02/03:46:13 train_mapper.py:622 ] epoch=0150 train_loss=1.099412e-02 train_mse=8.476284e-03 train_cos=0.993378 train_nmse=-18.792dB train_rec=0.000000e+00 train_recT=0.000000e+00 train_fc=0.000000e+00 train_decoder_tail=0.000000e+00
I 07.02/03:46:33 train_mapper.py:622 ] epoch=0151 train_loss=1.099344e-02 train_mse=8.477664e-03 train_cos=0.993378 train_nmse=-18.791dB train_rec=0.000000e+00 train_recT=0.000000e+00 train_fc=0.000000e+00 train_decoder_tail=0.000000e+00
I 07.02/03:46:54 train_mapper.py:622 ] epoch=0152 train_loss=1.092014e-02 train_mse=8.419492e-03 train_cos=0.993423 train_nmse=-18.822dB train_rec=0.000000e+00 train_recT=0.000000e+00 train_fc=0.000000e+00 train_decoder_tail=0.000000e+00
I 07.02/03:47:18 train_mapper.py:622 ] epoch=0153 train_loss=1.105396e-02 train_mse=8.514093e-03 train_cos=0.993343 train_nmse=-18.772dB train_rec=0.000000e+00 train_recT=0.000000e+00 train_fc=0.000000e+00 train_decoder_tail=0.000000e+00
I 07.02/03:47:37 train_mapper.py:622 ] epoch=0154 train_loss=1.083074e-02 train_mse=8.351361e-03 train_cos=0.993478 train_nmse=-18.857dB train_rec=0.000000e+00 train_recT=0.000000e+00 train_fc=0.000000e+00 train_decoder_tail=0.000000e+00
I 07.02/03:48:24 train_mapper.py:622 ] epoch=0155 train_loss=1.090444e-02 train_mse=8.404218e-03 train_cos=0.993432 train_nmse=-18.829dB train_rec=0.000000e+00 train_recT=0.000000e+00 train_fc=0.000000e+00 train_decoder_tail=0.000000e+00
I 07.02/03:49:14 train_mapper.py:622 ] epoch=0156 train_loss=1.083783e-02 train_mse=8.348210e-03 train_cos=0.993474 train_nmse=-18.858dB train_rec=0.000000e+00 train_recT=0.000000e+00 train_fc=0.000000e+00 train_decoder_tail=0.000000e+00
I 07.02/03:49:59 train_mapper.py:622 ] epoch=0157 train_loss=1.074822e-02 train_mse=8.282563e-03 train_cos=0.993527 train_nmse=-18.893dB train_rec=0.000000e+00 train_recT=0.000000e+00 train_fc=0.000000e+00 train_decoder_tail=0.000000e+00
I 07.02/03:50:49 train_mapper.py:622 ] epoch=0158 train_loss=1.070686e-02 train_mse=8.252230e-03 train_cos=0.993552 train_nmse=-18.908dB train_rec=0.000000e+00 train_recT=0.000000e+00 train_fc=0.000000e+00 train_decoder_tail=0.000000e+00
I 07.02/03:51:12 train_mapper.py:622 ] epoch=0159 train_loss=1.076361e-02 train_mse=8.287803e-03 train_cos=0.993516 train_nmse=-18.890dB train_rec=0.000000e+00 train_recT=0.000000e+00 train_fc=0.000000e+00 train_decoder_tail=0.000000e+00
I 07.02/03:51:29 train_mapper.py:622 ] epoch=0160 train_loss=1.062077e-02 train_mse=8.185633e-03 train_cos=0.993602 train_nmse=-18.943dB train_rec=0.000000e+00 train_recT=0.000000e+00 train_fc=0.000000e+00 train_decoder_tail=0.000000e+00
I 07.02/03:51:45 train_mapper.py:622 ] epoch=0161 train_loss=1.071841e-02 train_mse=8.254028e-03 train_cos=0.993540 train_nmse=-18.908dB train_rec=0.000000e+00 train_recT=0.000000e+00 train_fc=0.000000e+00 train_decoder_tail=0.000000e+00
I 07.02/03:52:05 train_mapper.py:622 ] epoch=0162 train_loss=1.064845e-02 train_mse=8.201428e-03 train_cos=0.993587 train_nmse=-18.935dB train_rec=0.000000e+00 train_recT=0.000000e+00 train_fc=0.000000e+00 train_decoder_tail=0.000000e+00
I 07.02/03:52:20 train_mapper.py:622 ] epoch=0163 train_loss=1.059394e-02 train_mse=8.159953e-03 train_cos=0.993619 train_nmse=-18.957dB train_rec=0.000000e+00 train_recT=0.000000e+00 train_fc=0.000000e+00 train_decoder_tail=0.000000e+00
I 07.02/03:52:36 train_mapper.py:622 ] epoch=0164 train_loss=1.049008e-02 train_mse=8.086549e-03 train_cos=0.993677 train_nmse=-18.996dB train_rec=0.000000e+00 train_recT=0.000000e+00 train_fc=0.000000e+00 train_decoder_tail=0.000000e+00
I 07.02/03:52:53 train_mapper.py:622 ] epoch=0165 train_loss=1.058366e-02 train_mse=8.149031e-03 train_cos=0.993626 train_nmse=-18.963dB train_rec=0.000000e+00 train_recT=0.000000e+00 train_fc=0.000000e+00 train_decoder_tail=0.000000e+00
I 07.02/03:53:11 train_mapper.py:622 ] epoch=0166 train_loss=1.054472e-02 train_mse=8.120310e-03 train_cos=0.993648 train_nmse=-18.978dB train_rec=0.000000e+00 train_recT=0.000000e+00 train_fc=0.000000e+00 train_decoder_tail=0.000000e+00
I 07.02/03:53:28 train_mapper.py:622 ] epoch=0167 train_loss=1.035680e-02 train_mse=7.982123e-03 train_cos=0.993760 train_nmse=-19.053dB train_rec=0.000000e+00 train_recT=0.000000e+00 train_fc=0.000000e+00 train_decoder_tail=0.000000e+00
I 07.02/03:53:49 train_mapper.py:622 ] epoch=0168 train_loss=1.038669e-02 train_mse=7.997985e-03 train_cos=0.993740 train_nmse=-19.045dB train_rec=0.000000e+00 train_recT=0.000000e+00 train_fc=0.000000e+00 train_decoder_tail=0.000000e+00
I 07.02/03:54:08 train_mapper.py:622 ] epoch=0169 train_loss=1.034927e-02 train_mse=7.973382e-03 train_cos=0.993764 train_nmse=-19.057dB train_rec=0.000000e+00 train_recT=0.000000e+00 train_fc=0.000000e+00 train_decoder_tail=0.000000e+00
I 07.02/03:54:26 train_mapper.py:622 ] epoch=0170 train_loss=1.032233e-02 train_mse=7.951733e-03 train_cos=0.993779 train_nmse=-19.070dB train_rec=0.000000e+00 train_recT=0.000000e+00 train_fc=0.000000e+00 train_decoder_tail=0.000000e+00
I 07.02/03:54:42 train_mapper.py:622 ] epoch=0171 train_loss=1.035130e-02 train_mse=7.971259e-03 train_cos=0.993760 train_nmse=-19.059dB train_rec=0.000000e+00 train_recT=0.000000e+00 train_fc=0.000000e+00 train_decoder_tail=0.000000e+00
I 07.02/03:54:57 train_mapper.py:622 ] epoch=0172 train_loss=1.035861e-02 train_mse=7.974828e-03 train_cos=0.993754 train_nmse=-19.057dB train_rec=0.000000e+00 train_recT=0.000000e+00 train_fc=0.000000e+00 train_decoder_tail=0.000000e+00
I 07.02/03:55:16 train_mapper.py:622 ] epoch=0173 train_loss=1.031450e-02 train_mse=7.939713e-03 train_cos=0.993782 train_nmse=-19.076dB train_rec=0.000000e+00 train_recT=0.000000e+00 train_fc=0.000000e+00 train_decoder_tail=0.000000e+00
I 07.02/03:55:31 train_mapper.py:622 ] epoch=0174 train_loss=1.028226e-02 train_mse=7.913498e-03 train_cos=0.993805 train_nmse=-19.091dB train_rec=0.000000e+00 train_recT=0.000000e+00 train_fc=0.000000e+00 train_decoder_tail=0.000000e+00
I 07.02/03:55:48 train_mapper.py:622 ] epoch=0175 train_loss=1.005129e-02 train_mse=7.746020e-03 train_cos=0.993946 train_nmse=-19.183dB train_rec=0.000000e+00 train_recT=0.000000e+00 train_fc=0.000000e+00 train_decoder_tail=0.000000e+00
I 07.02/03:56:08 train_mapper.py:622 ] epoch=0176 train_loss=1.022805e-02 train_mse=7.871329e-03 train_cos=0.993835 train_nmse=-19.114dB train_rec=0.000000e+00 train_recT=0.000000e+00 train_fc=0.000000e+00 train_decoder_tail=0.000000e+00
I 07.02/03:56:24 train_mapper.py:622 ] epoch=0177 train_loss=1.026119e-02 train_mse=7.900113e-03 train_cos=0.993815 train_nmse=-19.097dB train_rec=0.000000e+00 train_recT=0.000000e+00 train_fc=0.000000e+00 train_decoder_tail=0.000000e+00
I 07.02/03:56:54 train_mapper.py:622 ] epoch=0178 train_loss=1.013423e-02 train_mse=7.804898e-03 train_cos=0.993891 train_nmse=-19.150dB train_rec=0.000000e+00 train_recT=0.000000e+00 train_fc=0.000000e+00 train_decoder_tail=0.000000e+00
I 07.02/03:57:45 train_mapper.py:622 ] epoch=0179 train_loss=1.001401e-02 train_mse=7.712909e-03 train_cos=0.993967 train_nmse=-19.202dB train_rec=0.000000e+00 train_recT=0.000000e+00 train_fc=0.000000e+00 train_decoder_tail=0.000000e+00
I 07.02/03:58:18 train_mapper.py:622 ] epoch=0180 train_loss=1.018248e-02 train_mse=7.832056e-03 train_cos=0.993860 train_nmse=-19.135dB train_rec=0.000000e+00 train_recT=0.000000e+00 train_fc=0.000000e+00 train_decoder_tail=0.000000e+00
I 07.02/03:58:36 train_mapper.py:622 ] epoch=0181 train_loss=1.006099e-02 train_mse=7.742998e-03 train_cos=0.993938 train_nmse=-19.185dB train_rec=0.000000e+00 train_recT=0.000000e+00 train_fc=0.000000e+00 train_decoder_tail=0.000000e+00
I 07.02/03:58:55 train_mapper.py:622 ] epoch=0182 train_loss=9.948090e-03 train_mse=7.660536e-03 train_cos=0.994004 train_nmse=-19.231dB train_rec=0.000000e+00 train_recT=0.000000e+00 train_fc=0.000000e+00 train_decoder_tail=0.000000e+00
I 07.02/03:59:18 train_mapper.py:622 ] epoch=0183 train_loss=9.987770e-03 train_mse=7.688565e-03 train_cos=0.993978 train_nmse=-19.216dB train_rec=0.000000e+00 train_recT=0.000000e+00 train_fc=0.000000e+00 train_decoder_tail=0.000000e+00
I 07.02/03:59:38 train_mapper.py:622 ] epoch=0184 train_loss=9.980421e-03 train_mse=7.678308e-03 train_cos=0.993985 train_nmse=-19.221dB train_rec=0.000000e+00 train_recT=0.000000e+00 train_fc=0.000000e+00 train_decoder_tail=0.000000e+00
I 07.02/03:59:58 train_mapper.py:622 ] epoch=0185 train_loss=9.903945e-03 train_mse=7.624736e-03 train_cos=0.994031 train_nmse=-19.252dB train_rec=0.000000e+00 train_recT=0.000000e+00 train_fc=0.000000e+00 train_decoder_tail=0.000000e+00
I 07.02/04:00:23 train_mapper.py:622 ] epoch=0186 train_loss=9.972921e-03 train_mse=7.670891e-03 train_cos=0.993991 train_nmse=-19.226dB train_rec=0.000000e+00 train_recT=0.000000e+00 train_fc=0.000000e+00 train_decoder_tail=0.000000e+00
I 07.02/04:00:43 train_mapper.py:622 ] epoch=0187 train_loss=9.887010e-03 train_mse=7.609178e-03 train_cos=0.994043 train_nmse=-19.261dB train_rec=0.000000e+00 train_recT=0.000000e+00 train_fc=0.000000e+00 train_decoder_tail=0.000000e+00
I 07.02/04:01:05 train_mapper.py:622 ] epoch=0188 train_loss=9.857153e-03 train_mse=7.586517e-03 train_cos=0.994059 train_nmse=-19.273dB train_rec=0.000000e+00 train_recT=0.000000e+00 train_fc=0.000000e+00 train_decoder_tail=0.000000e+00
I 07.02/04:01:28 train_mapper.py:622 ] epoch=0189 train_loss=9.754236e-03 train_mse=7.512367e-03 train_cos=0.994120 train_nmse=-19.316dB train_rec=0.000000e+00 train_recT=0.000000e+00 train_fc=0.000000e+00 train_decoder_tail=0.000000e+00
I 07.02/04:01:49 train_mapper.py:622 ] epoch=0190 train_loss=9.890217e-03 train_mse=7.604450e-03 train_cos=0.994038 train_nmse=-19.264dB train_rec=0.000000e+00 train_recT=0.000000e+00 train_fc=0.000000e+00 train_decoder_tail=0.000000e+00
I 07.02/04:02:11 train_mapper.py:622 ] epoch=0191 train_loss=9.787758e-03 train_mse=7.533209e-03 train_cos=0.994101 train_nmse=-19.304dB train_rec=0.000000e+00 train_recT=0.000000e+00 train_fc=0.000000e+00 train_decoder_tail=0.000000e+00
I 07.02/04:02:30 train_mapper.py:622 ] epoch=0192 train_loss=9.731462e-03 train_mse=7.487848e-03 train_cos=0.994134 train_nmse=-19.331dB train_rec=0.000000e+00 train_recT=0.000000e+00 train_fc=0.000000e+00 train_decoder_tail=0.000000e+00
I 07.02/04:02:50 train_mapper.py:622 ] epoch=0193 train_loss=9.707256e-03 train_mse=7.471910e-03 train_cos=0.994147 train_nmse=-19.340dB train_rec=0.000000e+00 train_recT=0.000000e+00 train_fc=0.000000e+00 train_decoder_tail=0.000000e+00
I 07.02/04:03:11 train_mapper.py:622 ] epoch=0194 train_loss=9.704849e-03 train_mse=7.466967e-03 train_cos=0.994149 train_nmse=-19.342dB train_rec=0.000000e+00 train_recT=0.000000e+00 train_fc=0.000000e+00 train_decoder_tail=0.000000e+00
I 07.02/04:03:30 train_mapper.py:622 ] epoch=0195 train_loss=9.578477e-03 train_mse=7.375908e-03 train_cos=0.994226 train_nmse=-19.396dB train_rec=0.000000e+00 train_recT=0.000000e+00 train_fc=0.000000e+00 train_decoder_tail=0.000000e+00
I 07.02/04:03:48 train_mapper.py:622 ] epoch=0196 train_loss=9.704113e-03 train_mse=7.469098e-03 train_cos=0.994146 train_nmse=-19.342dB train_rec=0.000000e+00 train_recT=0.000000e+00 train_fc=0.000000e+00 train_decoder_tail=0.000000e+00
I 07.02/04:04:09 train_mapper.py:622 ] epoch=0197 train_loss=9.648105e-03 train_mse=7.424429e-03 train_cos=0.994185 train_nmse=-19.368dB train_rec=0.000000e+00 train_recT=0.000000e+00 train_fc=0.000000e+00 train_decoder_tail=0.000000e+00
I 07.02/04:04:27 train_mapper.py:622 ] epoch=0198 train_loss=9.657804e-03 train_mse=7.432107e-03 train_cos=0.994179 train_nmse=-19.363dB train_rec=0.000000e+00 train_recT=0.000000e+00 train_fc=0.000000e+00 train_decoder_tail=0.000000e+00
I 07.02/04:04:46 train_mapper.py:622 ] epoch=0199 train_loss=9.522246e-03 train_mse=7.331037e-03 train_cos=0.994258 train_nmse=-19.423dB train_rec=0.000000e+00 train_recT=0.000000e+00 train_fc=0.000000e+00 train_decoder_tail=0.000000e+00
I 07.02/04:05:16 train_mapper.py:622 ] epoch=0200 train_loss=9.584228e-03 train_mse=7.377736e-03 train_cos=0.994221 train_nmse=-19.395dB train_rec=0.000000e+00 train_recT=0.000000e+00 train_fc=0.000000e+00 train_decoder_tail=0.000000e+00
I 07.02/04:05:37 train_mapper.py:622 ] epoch=0201 train_loss=9.496364e-03 train_mse=7.311505e-03 train_cos=0.994274 train_nmse=-19.434dB train_rec=0.000000e+00 train_recT=0.000000e+00 train_fc=0.000000e+00 train_decoder_tail=0.000000e+00
I 07.02/04:05:57 train_mapper.py:622 ] epoch=0202 train_loss=9.491231e-03 train_mse=7.307399e-03 train_cos=0.994277 train_nmse=-19.436dB train_rec=0.000000e+00 train_recT=0.000000e+00 train_fc=0.000000e+00 train_decoder_tail=0.000000e+00
I 07.02/04:06:36 train_mapper.py:622 ] epoch=0203 train_loss=9.480345e-03 train_mse=7.297858e-03 train_cos=0.994280 train_nmse=-19.442dB train_rec=0.000000e+00 train_recT=0.000000e+00 train_fc=0.000000e+00 train_decoder_tail=0.000000e+00
I 07.02/04:06:49 train_mapper.py:622 ] epoch=0204 train_loss=9.500539e-03 train_mse=7.310356e-03 train_cos=0.994269 train_nmse=-19.435dB train_rec=0.000000e+00 train_recT=0.000000e+00 train_fc=0.000000e+00 train_decoder_tail=0.000000e+00
I 07.02/04:07:08 train_mapper.py:622 ] epoch=0205 train_loss=9.508947e-03 train_mse=7.314732e-03 train_cos=0.994265 train_nmse=-19.432dB train_rec=0.000000e+00 train_recT=0.000000e+00 train_fc=0.000000e+00 train_decoder_tail=0.000000e+00
I 07.02/04:07:27 train_mapper.py:622 ] epoch=0206 train_loss=9.374772e-03 train_mse=7.216212e-03 train_cos=0.994347 train_nmse=-19.491dB train_rec=0.000000e+00 train_recT=0.000000e+00 train_fc=0.000000e+00 train_decoder_tail=0.000000e+00
I 07.02/04:07:49 train_mapper.py:622 ] epoch=0207 train_loss=9.322161e-03 train_mse=7.178901e-03 train_cos=0.994377 train_nmse=-19.513dB train_rec=0.000000e+00 train_recT=0.000000e+00 train_fc=0.000000e+00 train_decoder_tail=0.000000e+00
I 07.02/04:08:12 train_mapper.py:622 ] epoch=0208 train_loss=9.438273e-03 train_mse=7.258899e-03 train_cos=0.994309 train_nmse=-19.466dB train_rec=0.000000e+00 train_recT=0.000000e+00 train_fc=0.000000e+00 train_decoder_tail=0.000000e+00
I 07.02/04:08:33 train_mapper.py:622 ] epoch=0209 train_loss=9.287656e-03 train_mse=7.150939e-03 train_cos=0.994397 train_nmse=-19.530dB train_rec=0.000000e+00 train_recT=0.000000e+00 train_fc=0.000000e+00 train_decoder_tail=0.000000e+00
I 07.02/04:08:55 train_mapper.py:622 ] epoch=0210 train_loss=9.395388e-03 train_mse=7.225271e-03 train_cos=0.994333 train_nmse=-19.486dB train_rec=0.000000e+00 train_recT=0.000000e+00 train_fc=0.000000e+00 train_decoder_tail=0.000000e+00
I 07.02/04:09:17 train_mapper.py:622 ] epoch=0211 train_loss=9.311644e-03 train_mse=7.167634e-03 train_cos=0.994384 train_nmse=-19.520dB train_rec=0.000000e+00 train_recT=0.000000e+00 train_fc=0.000000e+00 train_decoder_tail=0.000000e+00
I 07.02/04:09:37 train_mapper.py:622 ] epoch=0212 train_loss=9.276840e-03 train_mse=7.138526e-03 train_cos=0.994406 train_nmse=-19.538dB train_rec=0.000000e+00 train_recT=0.000000e+00 train_fc=0.000000e+00 train_decoder_tail=0.000000e+00
I 07.02/04:09:58 train_mapper.py:622 ] epoch=0213 train_loss=9.236807e-03 train_mse=7.109648e-03 train_cos=0.994429 train_nmse=-19.556dB train_rec=0.000000e+00 train_recT=0.000000e+00 train_fc=0.000000e+00 train_decoder_tail=0.000000e+00
I 07.02/04:10:21 train_mapper.py:622 ] epoch=0214 train_loss=9.249296e-03 train_mse=7.119442e-03 train_cos=0.994421 train_nmse=-19.549dB train_rec=0.000000e+00 train_recT=0.000000e+00 train_fc=0.000000e+00 train_decoder_tail=0.000000e+00
I 07.02/04:10:40 train_mapper.py:622 ] epoch=0215 train_loss=9.200986e-03 train_mse=7.083219e-03 train_cos=0.994450 train_nmse=-19.572dB train_rec=0.000000e+00 train_recT=0.000000e+00 train_fc=0.000000e+00 train_decoder_tail=0.000000e+00
I 07.02/04:11:03 train_mapper.py:622 ] epoch=0216 train_loss=9.161667e-03 train_mse=7.054394e-03 train_cos=0.994470 train_nmse=-19.590dB train_rec=0.000000e+00 train_recT=0.000000e+00 train_fc=0.000000e+00 train_decoder_tail=0.000000e+00
I 07.02/04:11:24 train_mapper.py:622 ] epoch=0217 train_loss=9.184169e-03 train_mse=7.068724e-03 train_cos=0.994460 train_nmse=-19.580dB train_rec=0.000000e+00 train_recT=0.000000e+00 train_fc=0.000000e+00 train_decoder_tail=0.000000e+00
I 07.02/04:11:42 train_mapper.py:622 ] epoch=0218 train_loss=9.105398e-03 train_mse=7.012638e-03 train_cos=0.994507 train_nmse=-19.615dB train_rec=0.000000e+00 train_recT=0.000000e+00 train_fc=0.000000e+00 train_decoder_tail=0.000000e+00
I 07.02/04:12:06 train_mapper.py:622 ] epoch=0219 train_loss=9.029977e-03 train_mse=6.959097e-03 train_cos=0.994550 train_nmse=-19.648dB train_rec=0.000000e+00 train_recT=0.000000e+00 train_fc=0.000000e+00 train_decoder_tail=0.000000e+00
I 07.02/04:12:27 train_mapper.py:622 ] epoch=0220 train_loss=8.974418e-03 train_mse=6.916358e-03 train_cos=0.994585 train_nmse=-19.676dB train_rec=0.000000e+00 train_recT=0.000000e+00 train_fc=0.000000e+00 train_decoder_tail=0.000000e+00
I 07.02/04:12:46 train_mapper.py:622 ] epoch=0221 train_loss=9.019107e-03 train_mse=6.952675e-03 train_cos=0.994553 train_nmse=-19.653dB train_rec=0.000000e+00 train_recT=0.000000e+00 train_fc=0.000000e+00 train_decoder_tail=0.000000e+00
I 07.02/04:13:08 train_mapper.py:622 ] epoch=0222 train_loss=9.087382e-03 train_mse=7.001679e-03 train_cos=0.994511 train_nmse=-19.622dB train_rec=0.000000e+00 train_recT=0.000000e+00 train_fc=0.000000e+00 train_decoder_tail=0.000000e+00
I 07.02/04:13:28 train_mapper.py:622 ] epoch=0223 train_loss=9.057205e-03 train_mse=6.977716e-03 train_cos=0.994530 train_nmse=-19.637dB train_rec=0.000000e+00 train_recT=0.000000e+00 train_fc=0.000000e+00 train_decoder_tail=0.000000e+00
I 07.02/04:13:48 train_mapper.py:622 ] epoch=0224 train_loss=9.034960e-03 train_mse=6.960125e-03 train_cos=0.994545 train_nmse=-19.648dB train_rec=0.000000e+00 train_recT=0.000000e+00 train_fc=0.000000e+00 train_decoder_tail=0.000000e+00
I 07.02/04:14:09 train_mapper.py:622 ] epoch=0225 train_loss=8.994782e-03 train_mse=6.930973e-03 train_cos=0.994568 train_nmse=-19.666dB train_rec=0.000000e+00 train_recT=0.000000e+00 train_fc=0.000000e+00 train_decoder_tail=0.000000e+00
I 07.02/04:14:36 train_mapper.py:622 ] epoch=0226 train_loss=8.942962e-03 train_mse=6.891839e-03 train_cos=0.994600 train_nmse=-19.691dB train_rec=0.000000e+00 train_recT=0.000000e+00 train_fc=0.000000e+00 train_decoder_tail=0.000000e+00
I 07.02/04:15:22 train_mapper.py:622 ] epoch=0227 train_loss=9.082819e-03 train_mse=6.990472e-03 train_cos=0.994514 train_nmse=-19.629dB train_rec=0.000000e+00 train_recT=0.000000e+00 train_fc=0.000000e+00 train_decoder_tail=0.000000e+00
I 07.02/04:16:16 train_mapper.py:622 ] epoch=0228 train_loss=8.948072e-03 train_mse=6.893933e-03 train_cos=0.994599 train_nmse=-19.689dB train_rec=0.000000e+00 train_recT=0.000000e+00 train_fc=0.000000e+00 train_decoder_tail=0.000000e+00
I 07.02/04:17:03 train_mapper.py:622 ] epoch=0229 train_loss=8.917975e-03 train_mse=6.870263e-03 train_cos=0.994616 train_nmse=-19.704dB train_rec=0.000000e+00 train_recT=0.000000e+00 train_fc=0.000000e+00 train_decoder_tail=0.000000e+00
I 07.02/04:17:49 train_mapper.py:622 ] epoch=0230 train_loss=8.919120e-03 train_mse=6.866204e-03 train_cos=0.994615 train_nmse=-19.706dB train_rec=0.000000e+00 train_recT=0.000000e+00 train_fc=0.000000e+00 train_decoder_tail=0.000000e+00
I 07.02/04:18:40 train_mapper.py:622 ] epoch=0231 train_loss=8.908585e-03 train_mse=6.858737e-03 train_cos=0.994621 train_nmse=-19.712dB train_rec=0.000000e+00 train_recT=0.000000e+00 train_fc=0.000000e+00 train_decoder_tail=0.000000e+00
I 07.02/04:19:28 train_mapper.py:622 ] epoch=0232 train_loss=8.797729e-03 train_mse=6.777424e-03 train_cos=0.994690 train_nmse=-19.763dB train_rec=0.000000e+00 train_recT=0.000000e+00 train_fc=0.000000e+00 train_decoder_tail=0.000000e+00
I 07.02/04:20:17 train_mapper.py:622 ] epoch=0233 train_loss=8.764736e-03 train_mse=6.754844e-03 train_cos=0.994706 train_nmse=-19.778dB train_rec=0.000000e+00 train_recT=0.000000e+00 train_fc=0.000000e+00 train_decoder_tail=0.000000e+00
I 07.02/04:21:05 train_mapper.py:622 ] epoch=0234 train_loss=8.842129e-03 train_mse=6.810647e-03 train_cos=0.994659 train_nmse=-19.742dB train_rec=0.000000e+00 train_recT=0.000000e+00 train_fc=0.000000e+00 train_decoder_tail=0.000000e+00
I 07.02/04:21:55 train_mapper.py:622 ] epoch=0235 train_loss=8.851157e-03 train_mse=6.819077e-03 train_cos=0.994652 train_nmse=-19.737dB train_rec=0.000000e+00 train_recT=0.000000e+00 train_fc=0.000000e+00 train_decoder_tail=0.000000e+00
I 07.02/04:22:47 train_mapper.py:622 ] epoch=0236 train_loss=8.838289e-03 train_mse=6.805186e-03 train_cos=0.994661 train_nmse=-19.746dB train_rec=0.000000e+00 train_recT=0.000000e+00 train_fc=0.000000e+00 train_decoder_tail=0.000000e+00
I 07.02/04:23:41 train_mapper.py:622 ] epoch=0237 train_loss=8.873475e-03 train_mse=6.830747e-03 train_cos=0.994640 train_nmse=-19.729dB train_rec=0.000000e+00 train_recT=0.000000e+00 train_fc=0.000000e+00 train_decoder_tail=0.000000e+00
I 07.02/04:24:33 train_mapper.py:622 ] epoch=0238 train_loss=8.641228e-03 train_mse=6.660449e-03 train_cos=0.994784 train_nmse=-19.839dB train_rec=0.000000e+00 train_recT=0.000000e+00 train_fc=0.000000e+00 train_decoder_tail=0.000000e+00
I 07.02/04:25:27 train_mapper.py:622 ] epoch=0239 train_loss=8.747869e-03 train_mse=6.735144e-03 train_cos=0.994714 train_nmse=-19.791dB train_rec=0.000000e+00 train_recT=0.000000e+00 train_fc=0.000000e+00 train_decoder_tail=0.000000e+00
I 07.02/04:26:19 train_mapper.py:622 ] epoch=0240 train_loss=8.688763e-03 train_mse=6.693615e-03 train_cos=0.994753 train_nmse=-19.817dB train_rec=0.000000e+00 train_recT=0.000000e+00 train_fc=0.000000e+00 train_decoder_tail=0.000000e+00
I 07.02/04:27:12 train_mapper.py:622 ] epoch=0241 train_loss=8.628735e-03 train_mse=6.650954e-03 train_cos=0.994787 train_nmse=-19.845dB train_rec=0.000000e+00 train_recT=0.000000e+00 train_fc=0.000000e+00 train_decoder_tail=0.000000e+00
I 07.02/04:28:02 train_mapper.py:622 ] epoch=0242 train_loss=8.600108e-03 train_mse=6.629249e-03 train_cos=0.994802 train_nmse=-19.860dB train_rec=0.000000e+00 train_recT=0.000000e+00 train_fc=0.000000e+00 train_decoder_tail=0.000000e+00
I 07.02/04:28:49 train_mapper.py:622 ] epoch=0243 train_loss=8.640535e-03 train_mse=6.659686e-03 train_cos=0.994779 train_nmse=-19.839dB train_rec=0.000000e+00 train_recT=0.000000e+00 train_fc=0.000000e+00 train_decoder_tail=0.000000e+00
I 07.02/04:29:38 train_mapper.py:622 ] epoch=0244 train_loss=8.599064e-03 train_mse=6.628831e-03 train_cos=0.994802 train_nmse=-19.860dB train_rec=0.000000e+00 train_recT=0.000000e+00 train_fc=0.000000e+00 train_decoder_tail=0.000000e+00
I 07.02/04:30:25 train_mapper.py:622 ] epoch=0245 train_loss=8.673698e-03 train_mse=6.684789e-03 train_cos=0.994756 train_nmse=-19.823dB train_rec=0.000000e+00 train_recT=0.000000e+00 train_fc=0.000000e+00 train_decoder_tail=0.000000e+00
I 07.02/04:31:05 train_mapper.py:622 ] epoch=0246 train_loss=8.614490e-03 train_mse=6.639516e-03 train_cos=0.994793 train_nmse=-19.852dB train_rec=0.000000e+00 train_recT=0.000000e+00 train_fc=0.000000e+00 train_decoder_tail=0.000000e+00
I 07.02/04:31:52 train_mapper.py:622 ] epoch=0247 train_loss=8.573865e-03 train_mse=6.606791e-03 train_cos=0.994818 train_nmse=-19.874dB train_rec=0.000000e+00 train_recT=0.000000e+00 train_fc=0.000000e+00 train_decoder_tail=0.000000e+00
I 07.02/04:32:45 train_mapper.py:622 ] epoch=0248 train_loss=8.388622e-03 train_mse=6.473959e-03 train_cos=0.994927 train_nmse=-19.962dB train_rec=0.000000e+00 train_recT=0.000000e+00 train_fc=0.000000e+00 train_decoder_tail=0.000000e+00
I 07.02/04:33:41 train_mapper.py:622 ] epoch=0249 train_loss=8.414901e-03 train_mse=6.495853e-03 train_cos=0.994910 train_nmse=-19.948dB train_rec=0.000000e+00 train_recT=0.000000e+00 train_fc=0.000000e+00 train_decoder_tail=0.000000e+00
I 07.02/04:34:33 train_mapper.py:622 ] epoch=0250 train_loss=8.449908e-03 train_mse=6.521092e-03 train_cos=0.994886 train_nmse=-19.931dB train_rec=0.000000e+00 train_recT=0.000000e+00 train_fc=0.000000e+00 train_decoder_tail=0.000000e+00
I 07.02/04:35:22 train_mapper.py:622 ] epoch=0251 train_loss=8.478207e-03 train_mse=6.543399e-03 train_cos=0.994868 train_nmse=-19.916dB train_rec=0.000000e+00 train_recT=0.000000e+00 train_fc=0.000000e+00 train_decoder_tail=0.000000e+00
I 07.02/04:36:13 train_mapper.py:622 ] epoch=0252 train_loss=8.472673e-03 train_mse=6.538228e-03 train_cos=0.994872 train_nmse=-19.919dB train_rec=0.000000e+00 train_recT=0.000000e+00 train_fc=0.000000e+00 train_decoder_tail=0.000000e+00
I 07.02/04:37:01 train_mapper.py:622 ] epoch=0253 train_loss=8.542481e-03 train_mse=6.588811e-03 train_cos=0.994828 train_nmse=-19.886dB train_rec=0.000000e+00 train_recT=0.000000e+00 train_fc=0.000000e+00 train_decoder_tail=0.000000e+00
I 07.02/04:37:32 train_mapper.py:622 ] epoch=0254 train_loss=8.485218e-03 train_mse=6.544264e-03 train_cos=0.994865 train_nmse=-19.915dB train_rec=0.000000e+00 train_recT=0.000000e+00 train_fc=0.000000e+00 train_decoder_tail=0.000000e+00
I 07.02/04:37:49 train_mapper.py:622 ] epoch=0255 train_loss=8.451226e-03 train_mse=6.518457e-03 train_cos=0.994888 train_nmse=-19.932dB train_rec=0.000000e+00 train_recT=0.000000e+00 train_fc=0.000000e+00 train_decoder_tail=0.000000e+00
I 07.02/04:38:09 train_mapper.py:622 ] epoch=0256 train_loss=8.312165e-03 train_mse=6.416803e-03 train_cos=0.994970 train_nmse=-20.001dB train_rec=0.000000e+00 train_recT=0.000000e+00 train_fc=0.000000e+00 train_decoder_tail=0.000000e+00
I 07.02/04:38:25 train_mapper.py:622 ] epoch=0257 train_loss=8.268123e-03 train_mse=6.384412e-03 train_cos=0.994996 train_nmse=-20.022dB train_rec=0.000000e+00 train_recT=0.000000e+00 train_fc=0.000000e+00 train_decoder_tail=0.000000e+00
I 07.02/04:38:42 train_mapper.py:622 ] epoch=0258 train_loss=8.233220e-03 train_mse=6.358408e-03 train_cos=0.995018 train_nmse=-20.041dB train_rec=0.000000e+00 train_recT=0.000000e+00 train_fc=0.000000e+00 train_decoder_tail=0.000000e+00
I 07.02/04:38:57 train_mapper.py:622 ] epoch=0259 train_loss=8.255714e-03 train_mse=6.376659e-03 train_cos=0.994999 train_nmse=-20.028dB train_rec=0.000000e+00 train_recT=0.000000e+00 train_fc=0.000000e+00 train_decoder_tail=0.000000e+00
I 07.02/04:39:17 train_mapper.py:622 ] epoch=0260 train_loss=8.275384e-03 train_mse=6.392262e-03 train_cos=0.994986 train_nmse=-20.017dB train_rec=0.000000e+00 train_recT=0.000000e+00 train_fc=0.000000e+00 train_decoder_tail=0.000000e+00
I 07.02/04:39:33 train_mapper.py:622 ] epoch=0261 train_loss=8.269850e-03 train_mse=6.388335e-03 train_cos=0.994989 train_nmse=-20.020dB train_rec=0.000000e+00 train_recT=0.000000e+00 train_fc=0.000000e+00 train_decoder_tail=0.000000e+00
I 07.02/04:39:51 train_mapper.py:622 ] epoch=0262 train_loss=8.205094e-03 train_mse=6.338087e-03 train_cos=0.995032 train_nmse=-20.054dB train_rec=0.000000e+00 train_recT=0.000000e+00 train_fc=0.000000e+00 train_decoder_tail=0.000000e+00
I 07.02/04:40:11 train_mapper.py:622 ] epoch=0263 train_loss=8.224475e-03 train_mse=6.354990e-03 train_cos=0.995019 train_nmse=-20.043dB train_rec=0.000000e+00 train_recT=0.000000e+00 train_fc=0.000000e+00 train_decoder_tail=0.000000e+00
I 07.02/04:40:42 train_mapper.py:622 ] epoch=0264 train_loss=8.221031e-03 train_mse=6.350854e-03 train_cos=0.995023 train_nmse=-20.046dB train_rec=0.000000e+00 train_recT=0.000000e+00 train_fc=0.000000e+00 train_decoder_tail=0.000000e+00
I 07.02/04:41:05 train_mapper.py:622 ] epoch=0265 train_loss=8.206634e-03 train_mse=6.341579e-03 train_cos=0.995026 train_nmse=-20.052dB train_rec=0.000000e+00 train_recT=0.000000e+00 train_fc=0.000000e+00 train_decoder_tail=0.000000e+00
I 07.02/04:41:22 train_mapper.py:622 ] epoch=0266 train_loss=8.160288e-03 train_mse=6.304767e-03 train_cos=0.995053 train_nmse=-20.077dB train_rec=0.000000e+00 train_recT=0.000000e+00 train_fc=0.000000e+00 train_decoder_tail=0.000000e+00
I 07.02/04:41:46 train_mapper.py:622 ] epoch=0267 train_loss=8.158128e-03 train_mse=6.301980e-03 train_cos=0.995056 train_nmse=-20.079dB train_rec=0.000000e+00 train_recT=0.000000e+00 train_fc=0.000000e+00 train_decoder_tail=0.000000e+00
I 07.02/04:42:09 train_mapper.py:622 ] epoch=0268 train_loss=8.167765e-03 train_mse=6.310948e-03 train_cos=0.995048 train_nmse=-20.073dB train_rec=0.000000e+00 train_recT=0.000000e+00 train_fc=0.000000e+00 train_decoder_tail=0.000000e+00
I 07.02/04:42:26 train_mapper.py:622 ] epoch=0269 train_loss=8.105202e-03 train_mse=6.264854e-03 train_cos=0.995085 train_nmse=-20.105dB train_rec=0.000000e+00 train_recT=0.000000e+00 train_fc=0.000000e+00 train_decoder_tail=0.000000e+00
I 07.02/04:42:43 train_mapper.py:622 ] epoch=0270 train_loss=8.081881e-03 train_mse=6.246534e-03 train_cos=0.995101 train_nmse=-20.117dB train_rec=0.000000e+00 train_recT=0.000000e+00 train_fc=0.000000e+00 train_decoder_tail=0.000000e+00
I 07.02/04:43:02 train_mapper.py:622 ] epoch=0271 train_loss=8.058920e-03 train_mse=6.228872e-03 train_cos=0.995115 train_nmse=-20.130dB train_rec=0.000000e+00 train_recT=0.000000e+00 train_fc=0.000000e+00 train_decoder_tail=0.000000e+00
I 07.02/04:43:20 train_mapper.py:622 ] epoch=0272 train_loss=8.077264e-03 train_mse=6.242779e-03 train_cos=0.995100 train_nmse=-20.120dB train_rec=0.000000e+00 train_recT=0.000000e+00 train_fc=0.000000e+00 train_decoder_tail=0.000000e+00
I 07.02/04:43:37 train_mapper.py:622 ] epoch=0273 train_loss=8.021060e-03 train_mse=6.200485e-03 train_cos=0.995136 train_nmse=-20.149dB train_rec=0.000000e+00 train_recT=0.000000e+00 train_fc=0.000000e+00 train_decoder_tail=0.000000e+00
I 07.02/04:43:54 train_mapper.py:622 ] epoch=0274 train_loss=8.020265e-03 train_mse=6.199905e-03 train_cos=0.995134 train_nmse=-20.150dB train_rec=0.000000e+00 train_recT=0.000000e+00 train_fc=0.000000e+00 train_decoder_tail=0.000000e+00
I 07.02/04:44:16 train_mapper.py:622 ] epoch=0275 train_loss=8.009930e-03 train_mse=6.192514e-03 train_cos=0.995141 train_nmse=-20.155dB train_rec=0.000000e+00 train_recT=0.000000e+00 train_fc=0.000000e+00 train_decoder_tail=0.000000e+00
I 07.02/04:44:34 train_mapper.py:622 ] epoch=0276 train_loss=7.996203e-03 train_mse=6.181476e-03 train_cos=0.995149 train_nmse=-20.163dB train_rec=0.000000e+00 train_recT=0.000000e+00 train_fc=0.000000e+00 train_decoder_tail=0.000000e+00
I 07.02/04:44:51 train_mapper.py:622 ] epoch=0277 train_loss=7.985833e-03 train_mse=6.175452e-03 train_cos=0.995154 train_nmse=-20.168dB train_rec=0.000000e+00 train_recT=0.000000e+00 train_fc=0.000000e+00 train_decoder_tail=0.000000e+00
I 07.02/04:45:10 train_mapper.py:622 ] epoch=0278 train_loss=8.015828e-03 train_mse=6.195512e-03 train_cos=0.995137 train_nmse=-20.153dB train_rec=0.000000e+00 train_recT=0.000000e+00 train_fc=0.000000e+00 train_decoder_tail=0.000000e+00
I 07.02/04:45:27 train_mapper.py:622 ] epoch=0279 train_loss=7.959359e-03 train_mse=6.154988e-03 train_cos=0.995170 train_nmse=-20.182dB train_rec=0.000000e+00 train_recT=0.000000e+00 train_fc=0.000000e+00 train_decoder_tail=0.000000e+00
I 07.02/04:45:45 train_mapper.py:622 ] epoch=0280 train_loss=7.968840e-03 train_mse=6.160469e-03 train_cos=0.995162 train_nmse=-20.178dB train_rec=0.000000e+00 train_recT=0.000000e+00 train_fc=0.000000e+00 train_decoder_tail=0.000000e+00
I 07.02/04:46:07 train_mapper.py:622 ] epoch=0281 train_loss=7.899762e-03 train_mse=6.109335e-03 train_cos=0.995206 train_nmse=-20.214dB train_rec=0.000000e+00 train_recT=0.000000e+00 train_fc=0.000000e+00 train_decoder_tail=0.000000e+00
I 07.02/04:46:25 train_mapper.py:622 ] epoch=0282 train_loss=7.929682e-03 train_mse=6.131108e-03 train_cos=0.995185 train_nmse=-20.199dB train_rec=0.000000e+00 train_recT=0.000000e+00 train_fc=0.000000e+00 train_decoder_tail=0.000000e+00
I 07.02/04:46:43 train_mapper.py:622 ] epoch=0283 train_loss=7.889662e-03 train_mse=6.102488e-03 train_cos=0.995210 train_nmse=-20.219dB train_rec=0.000000e+00 train_recT=0.000000e+00 train_fc=0.000000e+00 train_decoder_tail=0.000000e+00
I 07.02/04:47:05 train_mapper.py:622 ] epoch=0284 train_loss=7.888715e-03 train_mse=6.101415e-03 train_cos=0.995210 train_nmse=-20.219dB train_rec=0.000000e+00 train_recT=0.000000e+00 train_fc=0.000000e+00 train_decoder_tail=0.000000e+00
I 07.02/04:47:20 train_mapper.py:622 ] epoch=0285 train_loss=7.829767e-03 train_mse=6.057451e-03 train_cos=0.995246 train_nmse=-20.251dB train_rec=0.000000e+00 train_recT=0.000000e+00 train_fc=0.000000e+00 train_decoder_tail=0.000000e+00
I 07.02/04:47:35 train_mapper.py:622 ] epoch=0286 train_loss=7.803474e-03 train_mse=6.037315e-03 train_cos=0.995262 train_nmse=-20.265dB train_rec=0.000000e+00 train_recT=0.000000e+00 train_fc=0.000000e+00 train_decoder_tail=0.000000e+00
I 07.02/04:47:52 train_mapper.py:622 ] epoch=0287 train_loss=7.849851e-03 train_mse=6.071539e-03 train_cos=0.995233 train_nmse=-20.241dB train_rec=0.000000e+00 train_recT=0.000000e+00 train_fc=0.000000e+00 train_decoder_tail=0.000000e+00
I 07.02/04:48:12 train_mapper.py:622 ] epoch=0288 train_loss=7.851069e-03 train_mse=6.074156e-03 train_cos=0.995231 train_nmse=-20.239dB train_rec=0.000000e+00 train_recT=0.000000e+00 train_fc=0.000000e+00 train_decoder_tail=0.000000e+00
I 07.02/04:48:25 train_mapper.py:622 ] epoch=0289 train_loss=7.783635e-03 train_mse=6.020794e-03 train_cos=0.995274 train_nmse=-20.277dB train_rec=0.000000e+00 train_recT=0.000000e+00 train_fc=0.000000e+00 train_decoder_tail=0.000000e+00
I 07.02/04:48:41 train_mapper.py:622 ] epoch=0290 train_loss=7.801628e-03 train_mse=6.034847e-03 train_cos=0.995262 train_nmse=-20.267dB train_rec=0.000000e+00 train_recT=0.000000e+00 train_fc=0.000000e+00 train_decoder_tail=0.000000e+00
I 07.02/04:48:56 train_mapper.py:622 ] epoch=0291 train_loss=7.780107e-03 train_mse=6.019908e-03 train_cos=0.995273 train_nmse=-20.278dB train_rec=0.000000e+00 train_recT=0.000000e+00 train_fc=0.000000e+00 train_decoder_tail=0.000000e+00
I 07.02/04:49:12 train_mapper.py:622 ] epoch=0292 train_loss=7.719505e-03 train_mse=5.974163e-03 train_cos=0.995309 train_nmse=-20.311dB train_rec=0.000000e+00 train_recT=0.000000e+00 train_fc=0.000000e+00 train_decoder_tail=0.000000e+00
I 07.02/04:49:27 train_mapper.py:622 ] epoch=0293 train_loss=7.773190e-03 train_mse=6.015492e-03 train_cos=0.995274 train_nmse=-20.281dB train_rec=0.000000e+00 train_recT=0.000000e+00 train_fc=0.000000e+00 train_decoder_tail=0.000000e+00
I 07.02/04:49:41 train_mapper.py:622 ] epoch=0294 train_loss=7.725401e-03 train_mse=5.978710e-03 train_cos=0.995304 train_nmse=-20.308dB train_rec=0.000000e+00 train_recT=0.000000e+00 train_fc=0.000000e+00 train_decoder_tail=0.000000e+00
I 07.02/04:49:58 train_mapper.py:622 ] epoch=0295 train_loss=7.691829e-03 train_mse=5.954806e-03 train_cos=0.995324 train_nmse=-20.325dB train_rec=0.000000e+00 train_recT=0.000000e+00 train_fc=0.000000e+00 train_decoder_tail=0.000000e+00
I 07.02/04:50:19 train_mapper.py:622 ] epoch=0296 train_loss=7.690983e-03 train_mse=5.955310e-03 train_cos=0.995323 train_nmse=-20.325dB train_rec=0.000000e+00 train_recT=0.000000e+00 train_fc=0.000000e+00 train_decoder_tail=0.000000e+00
I 07.02/04:50:35 train_mapper.py:622 ] epoch=0297 train_loss=7.666856e-03 train_mse=5.935009e-03 train_cos=0.995339 train_nmse=-20.340dB train_rec=0.000000e+00 train_recT=0.000000e+00 train_fc=0.000000e+00 train_decoder_tail=0.000000e+00
I 07.02/04:50:50 train_mapper.py:622 ] epoch=0298 train_loss=7.681345e-03 train_mse=5.946616e-03 train_cos=0.995329 train_nmse=-20.331dB train_rec=0.000000e+00 train_recT=0.000000e+00 train_fc=0.000000e+00 train_decoder_tail=0.000000e+00
I 07.02/04:51:08 train_mapper.py:622 ] epoch=0299 train_loss=7.625059e-03 train_mse=5.903976e-03 train_cos=0.995363 train_nmse=-20.362dB train_rec=0.000000e+00 train_recT=0.000000e+00 train_fc=0.000000e+00 train_decoder_tail=0.000000e+00
I 07.02/04:51:22 train_mapper.py:622 ] epoch=0300 train_loss=7.646012e-03 train_mse=5.921710e-03 train_cos=0.995349 train_nmse=-20.349dB train_rec=0.000000e+00 train_recT=0.000000e+00 train_fc=0.000000e+00 train_decoder_tail=0.000000e+00
I 07.02/04:51:36 train_mapper.py:622 ] epoch=0301 train_loss=7.616137e-03 train_mse=5.895247e-03 train_cos=0.995369 train_nmse=-20.369dB train_rec=0.000000e+00 train_recT=0.000000e+00 train_fc=0.000000e+00 train_decoder_tail=0.000000e+00
I 07.02/04:52:03 train_mapper.py:622 ] epoch=0302 train_loss=7.615939e-03 train_mse=5.897956e-03 train_cos=0.995365 train_nmse=-20.367dB train_rec=0.000000e+00 train_recT=0.000000e+00 train_fc=0.000000e+00 train_decoder_tail=0.000000e+00
I 07.02/04:52:20 train_mapper.py:622 ] epoch=0303 train_loss=7.572561e-03 train_mse=5.863325e-03 train_cos=0.995393 train_nmse=-20.392dB train_rec=0.000000e+00 train_recT=0.000000e+00 train_fc=0.000000e+00 train_decoder_tail=0.000000e+00
I 07.02/04:52:34 train_mapper.py:622 ] epoch=0304 train_loss=7.584326e-03 train_mse=5.871438e-03 train_cos=0.995386 train_nmse=-20.387dB train_rec=0.000000e+00 train_recT=0.000000e+00 train_fc=0.000000e+00 train_decoder_tail=0.000000e+00
I 07.02/04:52:51 train_mapper.py:622 ] epoch=0305 train_loss=7.538500e-03 train_mse=5.838140e-03 train_cos=0.995414 train_nmse=-20.411dB train_rec=0.000000e+00 train_recT=0.000000e+00 train_fc=0.000000e+00 train_decoder_tail=0.000000e+00
I 07.02/04:53:10 train_mapper.py:622 ] epoch=0306 train_loss=7.533578e-03 train_mse=5.835278e-03 train_cos=0.995415 train_nmse=-20.413dB train_rec=0.000000e+00 train_recT=0.000000e+00 train_fc=0.000000e+00 train_decoder_tail=0.000000e+00
I 07.02/04:53:27 train_mapper.py:622 ] epoch=0307 train_loss=7.501545e-03 train_mse=5.811949e-03 train_cos=0.995434 train_nmse=-20.431dB train_rec=0.000000e+00 train_recT=0.000000e+00 train_fc=0.000000e+00 train_decoder_tail=0.000000e+00
I 07.02/04:53:42 train_mapper.py:622 ] epoch=0308 train_loss=7.508801e-03 train_mse=5.815749e-03 train_cos=0.995430 train_nmse=-20.428dB train_rec=0.000000e+00 train_recT=0.000000e+00 train_fc=0.000000e+00 train_decoder_tail=0.000000e+00
I 07.02/04:53:56 train_mapper.py:622 ] epoch=0309 train_loss=7.538604e-03 train_mse=5.838497e-03 train_cos=0.995411 train_nmse=-20.411dB train_rec=0.000000e+00 train_recT=0.000000e+00 train_fc=0.000000e+00 train_decoder_tail=0.000000e+00
I 07.02/04:54:12 train_mapper.py:622 ] epoch=0310 train_loss=7.525751e-03 train_mse=5.827582e-03 train_cos=0.995421 train_nmse=-20.419dB train_rec=0.000000e+00 train_recT=0.000000e+00 train_fc=0.000000e+00 train_decoder_tail=0.000000e+00
I 07.02/04:54:26 train_mapper.py:622 ] epoch=0311 train_loss=7.489074e-03 train_mse=5.801840e-03 train_cos=0.995441 train_nmse=-20.438dB train_rec=0.000000e+00 train_recT=0.000000e+00 train_fc=0.000000e+00 train_decoder_tail=0.000000e+00
I 07.02/04:54:47 train_mapper.py:622 ] epoch=0312 train_loss=7.432404e-03 train_mse=5.757709e-03 train_cos=0.995475 train_nmse=-20.471dB train_rec=0.000000e+00 train_recT=0.000000e+00 train_fc=0.000000e+00 train_decoder_tail=0.000000e+00
I 07.02/04:55:30 train_mapper.py:622 ] epoch=0313 train_loss=7.455617e-03 train_mse=5.775493e-03 train_cos=0.995460 train_nmse=-20.458dB train_rec=0.000000e+00 train_recT=0.000000e+00 train_fc=0.000000e+00 train_decoder_tail=0.000000e+00
I 07.02/04:56:11 train_mapper.py:622 ] epoch=0314 train_loss=7.447926e-03 train_mse=5.770164e-03 train_cos=0.995464 train_nmse=-20.462dB train_rec=0.000000e+00 train_recT=0.000000e+00 train_fc=0.000000e+00 train_decoder_tail=0.000000e+00
I 07.02/04:56:56 train_mapper.py:622 ] epoch=0315 train_loss=7.437777e-03 train_mse=5.762992e-03 train_cos=0.995468 train_nmse=-20.467dB train_rec=0.000000e+00 train_recT=0.000000e+00 train_fc=0.000000e+00 train_decoder_tail=0.000000e+00
I 07.02/04:57:43 train_mapper.py:622 ] epoch=0316 train_loss=7.399440e-03 train_mse=5.732769e-03 train_cos=0.995494 train_nmse=-20.490dB train_rec=0.000000e+00 train_recT=0.000000e+00 train_fc=0.000000e+00 train_decoder_tail=0.000000e+00
I 07.02/04:58:24 train_mapper.py:622 ] epoch=0317 train_loss=7.392312e-03 train_mse=5.725615e-03 train_cos=0.995499 train_nmse=-20.496dB train_rec=0.000000e+00 train_recT=0.000000e+00 train_fc=0.000000e+00 train_decoder_tail=0.000000e+00
I 07.02/04:59:15 train_mapper.py:622 ] epoch=0318 train_loss=7.416294e-03 train_mse=5.746426e-03 train_cos=0.995482 train_nmse=-20.480dB train_rec=0.000000e+00 train_recT=0.000000e+00 train_fc=0.000000e+00 train_decoder_tail=0.000000e+00
I 07.02/04:59:55 train_mapper.py:622 ] epoch=0319 train_loss=7.374211e-03 train_mse=5.716267e-03 train_cos=0.995508 train_nmse=-20.502dB train_rec=0.000000e+00 train_recT=0.000000e+00 train_fc=0.000000e+00 train_decoder_tail=0.000000e+00
I 07.02/05:00:33 train_mapper.py:622 ] epoch=0320 train_loss=7.363085e-03 train_mse=5.706583e-03 train_cos=0.995513 train_nmse=-20.510dB train_rec=0.000000e+00 train_recT=0.000000e+00 train_fc=0.000000e+00 train_decoder_tail=0.000000e+00
I 07.02/05:00:45 train_mapper.py:622 ] epoch=0321 train_loss=7.313280e-03 train_mse=5.670164e-03 train_cos=0.995542 train_nmse=-20.538dB train_rec=0.000000e+00 train_recT=0.000000e+00 train_fc=0.000000e+00 train_decoder_tail=0.000000e+00
I 07.02/05:00:52 train_mapper.py:622 ] epoch=0322 train_loss=7.357358e-03 train_mse=5.700216e-03 train_cos=0.995518 train_nmse=-20.515dB train_rec=0.000000e+00 train_recT=0.000000e+00 train_fc=0.000000e+00 train_decoder_tail=0.000000e+00
I 07.02/05:01:00 train_mapper.py:622 ] epoch=0323 train_loss=7.334918e-03 train_mse=5.687186e-03 train_cos=0.995528 train_nmse=-20.525dB train_rec=0.000000e+00 train_recT=0.000000e+00 train_fc=0.000000e+00 train_decoder_tail=0.000000e+00
I 07.02/05:01:10 train_mapper.py:622 ] epoch=0324 train_loss=7.309313e-03 train_mse=5.665503e-03 train_cos=0.995546 train_nmse=-20.542dB train_rec=0.000000e+00 train_recT=0.000000e+00 train_fc=0.000000e+00 train_decoder_tail=0.000000e+00
I 07.02/05:01:20 train_mapper.py:622 ] epoch=0325 train_loss=7.315662e-03 train_mse=5.666529e-03 train_cos=0.995543 train_nmse=-20.541dB train_rec=0.000000e+00 train_recT=0.000000e+00 train_fc=0.000000e+00 train_decoder_tail=0.000000e+00
I 07.02/05:01:27 train_mapper.py:622 ] epoch=0326 train_loss=7.277012e-03 train_mse=5.641964e-03 train_cos=0.995563 train_nmse=-20.560dB train_rec=0.000000e+00 train_recT=0.000000e+00 train_fc=0.000000e+00 train_decoder_tail=0.000000e+00
I 07.02/05:01:36 train_mapper.py:622 ] epoch=0327 train_loss=7.253234e-03 train_mse=5.623779e-03 train_cos=0.995576 train_nmse=-20.573dB train_rec=0.000000e+00 train_recT=0.000000e+00 train_fc=0.000000e+00 train_decoder_tail=0.000000e+00
I 07.02/05:01:46 train_mapper.py:622 ] epoch=0328 train_loss=7.214170e-03 train_mse=5.593192e-03 train_cos=0.995600 train_nmse=-20.598dB train_rec=0.000000e+00 train_recT=0.000000e+00 train_fc=0.000000e+00 train_decoder_tail=0.000000e+00
I 07.02/05:01:57 train_mapper.py:622 ] epoch=0329 train_loss=7.237821e-03 train_mse=5.611737e-03 train_cos=0.995586 train_nmse=-20.583dB train_rec=0.000000e+00 train_recT=0.000000e+00 train_fc=0.000000e+00 train_decoder_tail=0.000000e+00
I 07.02/05:02:10 train_mapper.py:622 ] epoch=0330 train_loss=7.248414e-03 train_mse=5.620461e-03 train_cos=0.995579 train_nmse=-20.576dB train_rec=0.000000e+00 train_recT=0.000000e+00 train_fc=0.000000e+00 train_decoder_tail=0.000000e+00
I 07.02/05:02:20 train_mapper.py:622 ] epoch=0331 train_loss=7.204579e-03 train_mse=5.586893e-03 train_cos=0.995606 train_nmse=-20.602dB train_rec=0.000000e+00 train_recT=0.000000e+00 train_fc=0.000000e+00 train_decoder_tail=0.000000e+00
I 07.02/05:02:30 train_mapper.py:622 ] epoch=0332 train_loss=7.199898e-03 train_mse=5.583539e-03 train_cos=0.995608 train_nmse=-20.605dB train_rec=0.000000e+00 train_recT=0.000000e+00 train_fc=0.000000e+00 train_decoder_tail=0.000000e+00
I 07.02/05:02:40 train_mapper.py:622 ] epoch=0333 train_loss=7.175487e-03 train_mse=5.563296e-03 train_cos=0.995624 train_nmse=-20.621dB train_rec=0.000000e+00 train_recT=0.000000e+00 train_fc=0.000000e+00 train_decoder_tail=0.000000e+00
I 07.02/05:02:48 train_mapper.py:622 ] epoch=0334 train_loss=7.189460e-03 train_mse=5.575462e-03 train_cos=0.995612 train_nmse=-20.612dB train_rec=0.000000e+00 train_recT=0.000000e+00 train_fc=0.000000e+00 train_decoder_tail=0.000000e+00
I 07.02/05:02:55 train_mapper.py:622 ] epoch=0335 train_loss=7.225700e-03 train_mse=5.602599e-03 train_cos=0.995592 train_nmse=-20.590dB train_rec=0.000000e+00 train_recT=0.000000e+00 train_fc=0.000000e+00 train_decoder_tail=0.000000e+00
I 07.02/05:03:06 train_mapper.py:622 ] epoch=0336 train_loss=7.223975e-03 train_mse=5.602527e-03 train_cos=0.995592 train_nmse=-20.590dB train_rec=0.000000e+00 train_recT=0.000000e+00 train_fc=0.000000e+00 train_decoder_tail=0.000000e+00
I 07.02/05:03:14 train_mapper.py:622 ] epoch=0337 train_loss=7.146603e-03 train_mse=5.544761e-03 train_cos=0.995639 train_nmse=-20.635dB train_rec=0.000000e+00 train_recT=0.000000e+00 train_fc=0.000000e+00 train_decoder_tail=0.000000e+00
I 07.02/05:03:21 train_mapper.py:622 ] epoch=0338 train_loss=7.132619e-03 train_mse=5.532643e-03 train_cos=0.995647 train_nmse=-20.645dB train_rec=0.000000e+00 train_recT=0.000000e+00 train_fc=0.000000e+00 train_decoder_tail=0.000000e+00
I 07.02/05:03:29 train_mapper.py:622 ] epoch=0339 train_loss=7.144829e-03 train_mse=5.540599e-03 train_cos=0.995640 train_nmse=-20.638dB train_rec=0.000000e+00 train_recT=0.000000e+00 train_fc=0.000000e+00 train_decoder_tail=0.000000e+00
I 07.02/05:03:36 train_mapper.py:622 ] epoch=0340 train_loss=7.117883e-03 train_mse=5.521045e-03 train_cos=0.995655 train_nmse=-20.654dB train_rec=0.000000e+00 train_recT=0.000000e+00 train_fc=0.000000e+00 train_decoder_tail=0.000000e+00
I 07.02/05:03:44 train_mapper.py:622 ] epoch=0341 train_loss=7.082625e-03 train_mse=5.495620e-03 train_cos=0.995675 train_nmse=-20.674dB train_rec=0.000000e+00 train_recT=0.000000e+00 train_fc=0.000000e+00 train_decoder_tail=0.000000e+00
I 07.02/05:03:52 train_mapper.py:622 ] epoch=0342 train_loss=7.095755e-03 train_mse=5.504699e-03 train_cos=0.995667 train_nmse=-20.666dB train_rec=0.000000e+00 train_recT=0.000000e+00 train_fc=0.000000e+00 train_decoder_tail=0.000000e+00
I 07.02/05:03:59 train_mapper.py:622 ] epoch=0343 train_loss=7.106864e-03 train_mse=5.511142e-03 train_cos=0.995662 train_nmse=-20.662dB train_rec=0.000000e+00 train_recT=0.000000e+00 train_fc=0.000000e+00 train_decoder_tail=0.000000e+00
I 07.02/05:04:10 train_mapper.py:622 ] epoch=0344 train_loss=7.103704e-03 train_mse=5.508936e-03 train_cos=0.995664 train_nmse=-20.663dB train_rec=0.000000e+00 train_recT=0.000000e+00 train_fc=0.000000e+00 train_decoder_tail=0.000000e+00
I 07.02/05:04:17 train_mapper.py:622 ] epoch=0345 train_loss=7.008825e-03 train_mse=5.440284e-03 train_cos=0.995719 train_nmse=-20.718dB train_rec=0.000000e+00 train_recT=0.000000e+00 train_fc=0.000000e+00 train_decoder_tail=0.000000e+00
I 07.02/05:04:24 train_mapper.py:622 ] epoch=0346 train_loss=7.037404e-03 train_mse=5.459407e-03 train_cos=0.995703 train_nmse=-20.702dB train_rec=0.000000e+00 train_recT=0.000000e+00 train_fc=0.000000e+00 train_decoder_tail=0.000000e+00
I 07.02/05:04:32 train_mapper.py:622 ] epoch=0347 train_loss=7.091200e-03 train_mse=5.500464e-03 train_cos=0.995669 train_nmse=-20.670dB train_rec=0.000000e+00 train_recT=0.000000e+00 train_fc=0.000000e+00 train_decoder_tail=0.000000e+00
I 07.02/05:04:39 train_mapper.py:622 ] epoch=0348 train_loss=7.049067e-03 train_mse=5.466891e-03 train_cos=0.995697 train_nmse=-20.697dB train_rec=0.000000e+00 train_recT=0.000000e+00 train_fc=0.000000e+00 train_decoder_tail=0.000000e+00
I 07.02/05:04:47 train_mapper.py:622 ] epoch=0349 train_loss=7.039943e-03 train_mse=5.461377e-03 train_cos=0.995701 train_nmse=-20.701dB train_rec=0.000000e+00 train_recT=0.000000e+00 train_fc=0.000000e+00 train_decoder_tail=0.000000e+00
I 07.02/05:04:54 train_mapper.py:622 ] epoch=0350 train_loss=6.997980e-03 train_mse=5.431587e-03 train_cos=0.995727 train_nmse=-20.725dB train_rec=0.000000e+00 train_recT=0.000000e+00 train_fc=0.000000e+00 train_decoder_tail=0.000000e+00
I 07.02/05:05:04 train_mapper.py:622 ] epoch=0351 train_loss=6.983250e-03 train_mse=5.417745e-03 train_cos=0.995738 train_nmse=-20.736dB train_rec=0.000000e+00 train_recT=0.000000e+00 train_fc=0.000000e+00 train_decoder_tail=0.000000e+00
I 07.02/05:05:13 train_mapper.py:622 ] epoch=0352 train_loss=7.000311e-03 train_mse=5.432066e-03 train_cos=0.995725 train_nmse=-20.724dB train_rec=0.000000e+00 train_recT=0.000000e+00 train_fc=0.000000e+00 train_decoder_tail=0.000000e+00
I 07.02/05:05:22 train_mapper.py:622 ] epoch=0353 train_loss=6.980576e-03 train_mse=5.417157e-03 train_cos=0.995736 train_nmse=-20.736dB train_rec=0.000000e+00 train_recT=0.000000e+00 train_fc=0.000000e+00 train_decoder_tail=0.000000e+00
I 07.02/05:05:30 train_mapper.py:622 ] epoch=0354 train_loss=6.973193e-03 train_mse=5.409265e-03 train_cos=0.995741 train_nmse=-20.743dB train_rec=0.000000e+00 train_recT=0.000000e+00 train_fc=0.000000e+00 train_decoder_tail=0.000000e+00
I 07.02/05:05:38 train_mapper.py:622 ] epoch=0355 train_loss=6.960389e-03 train_mse=5.401687e-03 train_cos=0.995748 train_nmse=-20.748dB train_rec=0.000000e+00 train_recT=0.000000e+00 train_fc=0.000000e+00 train_decoder_tail=0.000000e+00
I 07.02/05:05:45 train_mapper.py:622 ] epoch=0356 train_loss=6.920514e-03 train_mse=5.371874e-03 train_cos=0.995771 train_nmse=-20.773dB train_rec=0.000000e+00 train_recT=0.000000e+00 train_fc=0.000000e+00 train_decoder_tail=0.000000e+00
I 07.02/05:05:52 train_mapper.py:622 ] epoch=0357 train_loss=6.915033e-03 train_mse=5.366263e-03 train_cos=0.995774 train_nmse=-20.777dB train_rec=0.000000e+00 train_recT=0.000000e+00 train_fc=0.000000e+00 train_decoder_tail=0.000000e+00
I 07.02/05:06:00 train_mapper.py:622 ] epoch=0358 train_loss=6.889914e-03 train_mse=5.348950e-03 train_cos=0.995789 train_nmse=-20.791dB train_rec=0.000000e+00 train_recT=0.000000e+00 train_fc=0.000000e+00 train_decoder_tail=0.000000e+00
I 07.02/05:06:11 train_mapper.py:622 ] epoch=0359 train_loss=6.910774e-03 train_mse=5.363421e-03 train_cos=0.995777 train_nmse=-20.779dB train_rec=0.000000e+00 train_recT=0.000000e+00 train_fc=0.000000e+00 train_decoder_tail=0.000000e+00
I 07.02/05:06:18 train_mapper.py:622 ] epoch=0360 train_loss=6.934940e-03 train_mse=5.380500e-03 train_cos=0.995761 train_nmse=-20.766dB train_rec=0.000000e+00 train_recT=0.000000e+00 train_fc=0.000000e+00 train_decoder_tail=0.000000e+00
I 07.02/05:06:25 train_mapper.py:622 ] epoch=0361 train_loss=6.902634e-03 train_mse=5.357415e-03 train_cos=0.995781 train_nmse=-20.784dB train_rec=0.000000e+00 train_recT=0.000000e+00 train_fc=0.000000e+00 train_decoder_tail=0.000000e+00
I 07.02/05:06:33 train_mapper.py:622 ] epoch=0362 train_loss=6.887149e-03 train_mse=5.346672e-03 train_cos=0.995791 train_nmse=-20.793dB train_rec=0.000000e+00 train_recT=0.000000e+00 train_fc=0.000000e+00 train_decoder_tail=0.000000e+00
I 07.02/05:06:40 train_mapper.py:622 ] epoch=0363 train_loss=6.895903e-03 train_mse=5.351056e-03 train_cos=0.995786 train_nmse=-20.790dB train_rec=0.000000e+00 train_recT=0.000000e+00 train_fc=0.000000e+00 train_decoder_tail=0.000000e+00
I 07.02/05:06:48 train_mapper.py:622 ] epoch=0364 train_loss=6.858487e-03 train_mse=5.323712e-03 train_cos=0.995808 train_nmse=-20.812dB train_rec=0.000000e+00 train_recT=0.000000e+00 train_fc=0.000000e+00 train_decoder_tail=0.000000e+00
I 07.02/05:06:57 train_mapper.py:622 ] epoch=0365 train_loss=6.849359e-03 train_mse=5.314789e-03 train_cos=0.995813 train_nmse=-20.819dB train_rec=0.000000e+00 train_recT=0.000000e+00 train_fc=0.000000e+00 train_decoder_tail=0.000000e+00
I 07.02/05:07:08 train_mapper.py:622 ] epoch=0366 train_loss=6.815814e-03 train_mse=5.290593e-03 train_cos=0.995832 train_nmse=-20.839dB train_rec=0.000000e+00 train_recT=0.000000e+00 train_fc=0.000000e+00 train_decoder_tail=0.000000e+00
I 07.02/05:07:16 train_mapper.py:622 ] epoch=0367 train_loss=6.818046e-03 train_mse=5.293300e-03 train_cos=0.995831 train_nmse=-20.837dB train_rec=0.000000e+00 train_recT=0.000000e+00 train_fc=0.000000e+00 train_decoder_tail=0.000000e+00
I 07.02/05:07:23 train_mapper.py:622 ] epoch=0368 train_loss=6.808461e-03 train_mse=5.285649e-03 train_cos=0.995838 train_nmse=-20.843dB train_rec=0.000000e+00 train_recT=0.000000e+00 train_fc=0.000000e+00 train_decoder_tail=0.000000e+00
I 07.02/05:07:31 train_mapper.py:622 ] epoch=0369 train_loss=6.848060e-03 train_mse=5.314987e-03 train_cos=0.995813 train_nmse=-20.819dB train_rec=0.000000e+00 train_recT=0.000000e+00 train_fc=0.000000e+00 train_decoder_tail=0.000000e+00
I 07.02/05:07:38 train_mapper.py:622 ] epoch=0370 train_loss=6.854423e-03 train_mse=5.318884e-03 train_cos=0.995810 train_nmse=-20.816dB train_rec=0.000000e+00 train_recT=0.000000e+00 train_fc=0.000000e+00 train_decoder_tail=0.000000e+00
I 07.02/05:07:46 train_mapper.py:622 ] epoch=0371 train_loss=6.800443e-03 train_mse=5.278140e-03 train_cos=0.995842 train_nmse=-20.849dB train_rec=0.000000e+00 train_recT=0.000000e+00 train_fc=0.000000e+00 train_decoder_tail=0.000000e+00
I 07.02/05:07:54 train_mapper.py:622 ] epoch=0372 train_loss=6.788811e-03 train_mse=5.270137e-03 train_cos=0.995848 train_nmse=-20.856dB train_rec=0.000000e+00 train_recT=0.000000e+00 train_fc=0.000000e+00 train_decoder_tail=0.000000e+00
I 07.02/05:08:05 train_mapper.py:622 ] epoch=0373 train_loss=6.752223e-03 train_mse=5.242231e-03 train_cos=0.995870 train_nmse=-20.879dB train_rec=0.000000e+00 train_recT=0.000000e+00 train_fc=0.000000e+00 train_decoder_tail=0.000000e+00
I 07.02/05:08:13 train_mapper.py:622 ] epoch=0374 train_loss=6.759256e-03 train_mse=5.248902e-03 train_cos=0.995864 train_nmse=-20.873dB train_rec=0.000000e+00 train_recT=0.000000e+00 train_fc=0.000000e+00 train_decoder_tail=0.000000e+00
I 07.02/05:08:21 train_mapper.py:622 ] epoch=0375 train_loss=6.767766e-03 train_mse=5.251392e-03 train_cos=0.995861 train_nmse=-20.871dB train_rec=0.000000e+00 train_recT=0.000000e+00 train_fc=0.000000e+00 train_decoder_tail=0.000000e+00
I 07.02/05:08:28 train_mapper.py:622 ] epoch=0376 train_loss=6.747786e-03 train_mse=5.240108e-03 train_cos=0.995870 train_nmse=-20.881dB train_rec=0.000000e+00 train_recT=0.000000e+00 train_fc=0.000000e+00 train_decoder_tail=0.000000e+00
I 07.02/05:08:36 train_mapper.py:622 ] epoch=0377 train_loss=6.759787e-03 train_mse=5.249138e-03 train_cos=0.995864 train_nmse=-20.873dB train_rec=0.000000e+00 train_recT=0.000000e+00 train_fc=0.000000e+00 train_decoder_tail=0.000000e+00
I 07.02/05:08:43 train_mapper.py:622 ] epoch=0378 train_loss=6.751245e-03 train_mse=5.242491e-03 train_cos=0.995871 train_nmse=-20.879dB train_rec=0.000000e+00 train_recT=0.000000e+00 train_fc=0.000000e+00 train_decoder_tail=0.000000e+00
I 07.02/05:08:50 train_mapper.py:622 ] epoch=0379 train_loss=6.707615e-03 train_mse=5.209008e-03 train_cos=0.995898 train_nmse=-20.906dB train_rec=0.000000e+00 train_recT=0.000000e+00 train_fc=0.000000e+00 train_decoder_tail=0.000000e+00
I 07.02/05:08:57 train_mapper.py:622 ] epoch=0380 train_loss=6.714471e-03 train_mse=5.213579e-03 train_cos=0.995892 train_nmse=-20.902dB train_rec=0.000000e+00 train_recT=0.000000e+00 train_fc=0.000000e+00 train_decoder_tail=0.000000e+00
I 07.02/05:09:08 train_mapper.py:622 ] epoch=0381 train_loss=6.775520e-03 train_mse=5.255873e-03 train_cos=0.995856 train_nmse=-20.867dB train_rec=0.000000e+00 train_recT=0.000000e+00 train_fc=0.000000e+00 train_decoder_tail=0.000000e+00
I 07.02/05:09:16 train_mapper.py:622 ] epoch=0382 train_loss=6.667105e-03 train_mse=5.178269e-03 train_cos=0.995920 train_nmse=-20.932dB train_rec=0.000000e+00 train_recT=0.000000e+00 train_fc=0.000000e+00 train_decoder_tail=0.000000e+00
I 07.02/05:09:24 train_mapper.py:622 ] epoch=0383 train_loss=6.641737e-03 train_mse=5.156109e-03 train_cos=0.995936 train_nmse=-20.951dB train_rec=0.000000e+00 train_recT=0.000000e+00 train_fc=0.000000e+00 train_decoder_tail=0.000000e+00
I 07.02/05:09:31 train_mapper.py:622 ] epoch=0384 train_loss=6.657547e-03 train_mse=5.169604e-03 train_cos=0.995924 train_nmse=-20.939dB train_rec=0.000000e+00 train_recT=0.000000e+00 train_fc=0.000000e+00 train_decoder_tail=0.000000e+00
I 07.02/05:09:38 train_mapper.py:622 ] epoch=0385 train_loss=6.664465e-03 train_mse=5.174803e-03 train_cos=0.995921 train_nmse=-20.935dB train_rec=0.000000e+00 train_recT=0.000000e+00 train_fc=0.000000e+00 train_decoder_tail=0.000000e+00
I 07.02/05:09:45 train_mapper.py:622 ] epoch=0386 train_loss=6.662974e-03 train_mse=5.174050e-03 train_cos=0.995923 train_nmse=-20.935dB train_rec=0.000000e+00 train_recT=0.000000e+00 train_fc=0.000000e+00 train_decoder_tail=0.000000e+00
I 07.02/05:09:52 train_mapper.py:622 ] epoch=0387 train_loss=6.669940e-03 train_mse=5.179538e-03 train_cos=0.995919 train_nmse=-20.931dB train_rec=0.000000e+00 train_recT=0.000000e+00 train_fc=0.000000e+00 train_decoder_tail=0.000000e+00
I 07.02/05:09:59 train_mapper.py:622 ] epoch=0388 train_loss=6.635309e-03 train_mse=5.152242e-03 train_cos=0.995941 train_nmse=-20.954dB train_rec=0.000000e+00 train_recT=0.000000e+00 train_fc=0.000000e+00 train_decoder_tail=0.000000e+00
I 07.02/05:10:11 train_mapper.py:622 ] epoch=0389 train_loss=6.603464e-03 train_mse=5.130081e-03 train_cos=0.995958 train_nmse=-20.973dB train_rec=0.000000e+00 train_recT=0.000000e+00 train_fc=0.000000e+00 train_decoder_tail=0.000000e+00
I 07.02/05:10:18 train_mapper.py:622 ] epoch=0390 train_loss=6.624294e-03 train_mse=5.143914e-03 train_cos=0.995944 train_nmse=-20.961dB train_rec=0.000000e+00 train_recT=0.000000e+00 train_fc=0.000000e+00 train_decoder_tail=0.000000e+00
I 07.02/05:10:26 train_mapper.py:622 ] epoch=0391 train_loss=6.675035e-03 train_mse=5.180586e-03 train_cos=0.995914 train_nmse=-20.930dB train_rec=0.000000e+00 train_recT=0.000000e+00 train_fc=0.000000e+00 train_decoder_tail=0.000000e+00
I 07.02/05:10:34 train_mapper.py:622 ] epoch=0392 train_loss=6.567594e-03 train_mse=5.101591e-03 train_cos=0.995980 train_nmse=-20.997dB train_rec=0.000000e+00 train_recT=0.000000e+00 train_fc=0.000000e+00 train_decoder_tail=0.000000e+00
I 07.02/05:10:46 train_mapper.py:622 ] epoch=0393 train_loss=6.571681e-03 train_mse=5.103307e-03 train_cos=0.995977 train_nmse=-20.995dB train_rec=0.000000e+00 train_recT=0.000000e+00 train_fc=0.000000e+00 train_decoder_tail=0.000000e+00
I 07.02/05:10:53 train_mapper.py:622 ] epoch=0394 train_loss=6.629663e-03 train_mse=5.144355e-03 train_cos=0.995944 train_nmse=-20.961dB train_rec=0.000000e+00 train_recT=0.000000e+00 train_fc=0.000000e+00 train_decoder_tail=0.000000e+00
I 07.02/05:11:03 train_mapper.py:622 ] epoch=0395 train_loss=6.594633e-03 train_mse=5.119563e-03 train_cos=0.995965 train_nmse=-20.982dB train_rec=0.000000e+00 train_recT=0.000000e+00 train_fc=0.000000e+00 train_decoder_tail=0.000000e+00
I 07.02/05:11:10 train_mapper.py:622 ] epoch=0396 train_loss=6.565871e-03 train_mse=5.098616e-03 train_cos=0.995982 train_nmse=-20.999dB train_rec=0.000000e+00 train_recT=0.000000e+00 train_fc=0.000000e+00 train_decoder_tail=0.000000e+00
I 07.02/05:11:17 train_mapper.py:622 ] epoch=0397 train_loss=6.563373e-03 train_mse=5.095499e-03 train_cos=0.995984 train_nmse=-21.002dB train_rec=0.000000e+00 train_recT=0.000000e+00 train_fc=0.000000e+00 train_decoder_tail=0.000000e+00
I 07.02/05:11:26 train_mapper.py:622 ] epoch=0398 train_loss=6.540598e-03 train_mse=5.081645e-03 train_cos=0.995996 train_nmse=-21.014dB train_rec=0.000000e+00 train_recT=0.000000e+00 train_fc=0.000000e+00 train_decoder_tail=0.000000e+00
I 07.02/05:11:49 train_mapper.py:622 ] epoch=0399 train_loss=6.582959e-03 train_mse=5.111011e-03 train_cos=0.995970 train_nmse=-20.989dB train_rec=0.000000e+00 train_recT=0.000000e+00 train_fc=0.000000e+00 train_decoder_tail=0.000000e+00
I 07.02/05:11:57 train_mapper.py:622 ] epoch=0400 train_loss=6.548664e-03 train_mse=5.083556e-03 train_cos=0.995993 train_nmse=-21.012dB train_rec=0.000000e+00 train_recT=0.000000e+00 train_fc=0.000000e+00 train_decoder_tail=0.000000e+00
I 07.02/05:13:17 train_mapper.py:738 ] best_loss_epoch=398 best_loss_selection=train_loss best_loss_metric=6.540598e-03 best_loss_mse=5.081645e-03 best_loss_loss=6.540598e-03
I 07.02/05:13:17 train_mapper.py:743 ] best_mse_epoch=398 best_mse_selection=train_mse best_mse_metric=5.081645e-03 best_mse_mse=5.081645e-03 best_mse_loss=6.540598e-03
I 07.02/05:13:17 train_mapper.py:749 ] all_best_loss_mse=5.000083e-03 all_best_loss_cos=0.996035 all_best_loss_nmse=-21.084dB
I 07.02/05:13:17 train_mapper.py:753 ] all_best_mse_mse=5.000083e-03 all_best_mse_cos=0.996035 all_best_mse_nmse=-21.084dB
