I 07.01/14:50:25 train_mapper.py:431 ] => Experiment directory: mapper/exps_combined_losses/hybrid/smooth_tail_white_recT/seed2026_csinet_transnet_to_seed42_transnet_lr5e-4_ep400
I 07.01/14:50:25 train_mapper.py:432 ] => Checkpoint directory: mapper/exps_combined_losses/hybrid/smooth_tail_white_recT/seed2026_csinet_transnet_to_seed42_transnet_lr5e-4_ep400/checkpoints
I 07.01/14:50:25 train_mapper.py:433 ] => Codeword directory: mapper/exps_combined_losses/hybrid/smooth_tail_white_recT/seed2026_csinet_transnet_to_seed42_transnet_lr5e-4_ep400/codewords
I 07.01/14:50:25 train_mapper.py:434 ] => TensorBoard directory: mapper/exps_combined_losses/hybrid/smooth_tail_white_recT/seed2026_csinet_transnet_to_seed42_transnet_lr5e-4_ep400/tensorboard
I 07.01/14:51:13 train_mapper.py:519 ] => Loaded fixed decoder from exps/COST2100/in/seed42/transnet_transnet/checkpoints/best_nmse.pth
I 07.01/14:51:13 train_mapper.py:524 ] device=cuda
I 07.01/14:51:13 train_mapper.py:525 ] mapper=hybrid, params=23108608
I 07.01/14:51:13 train_mapper.py:527 ] train=100000, val=0, code_dim=512
I 07.01/14:51:13 train_mapper.py:529 ] val_ratio<=0: skip per-epoch validation; select best checkpoint by train loss
I 07.01/14:51:13 train_mapper.py:531 ] loss=mse + smoothl1*0.5 + sample_tail*0.1 + dim_tail*0.05 + whiten*0.0001 + rec*0.0 + recT*1.0 + fc*0.0 + decoder_tail*0.0 + cos*0.0 + cov*0.0
I 07.01/14:51:58 train_mapper.py:622 ] epoch=0001 train_loss=7.924172e-01 train_mse=4.438688e-01 train_cos=0.757143 train_nmse=-2.252dB train_rec=0.000000e+00 train_recT=4.094766e-03 train_fc=0.000000e+00 train_decoder_tail=0.000000e+00
I 07.01/14:53:12 train_mapper.py:622 ] epoch=0002 train_loss=3.573437e-01 train_mse=1.689325e-01 train_cos=0.916707 train_nmse=-5.830dB train_rec=0.000000e+00 train_recT=2.565317e-04 train_fc=0.000000e+00 train_decoder_tail=0.000000e+00
I 07.01/14:54:15 train_mapper.py:622 ] epoch=0003 train_loss=2.646096e-01 train_mse=1.162824e-01 train_cos=0.941476 train_nmse=-7.431dB train_rec=0.000000e+00 train_recT=1.545978e-04 train_fc=0.000000e+00 train_decoder_tail=0.000000e+00
I 07.01/14:55:18 train_mapper.py:622 ] epoch=0004 train_loss=2.155288e-01 train_mse=8.965478e-02 train_cos=0.952845 train_nmse=-8.555dB train_rec=0.000000e+00 train_recT=1.005051e-04 train_fc=0.000000e+00 train_decoder_tail=0.000000e+00
I 07.01/14:56:21 train_mapper.py:622 ] epoch=0005 train_loss=1.852761e-01 train_mse=7.385989e-02 train_cos=0.959538 train_nmse=-9.393dB train_rec=0.000000e+00 train_recT=6.935765e-05 train_fc=0.000000e+00 train_decoder_tail=0.000000e+00
I 07.01/14:57:19 train_mapper.py:622 ] epoch=0006 train_loss=1.655702e-01 train_mse=6.391421e-02 train_cos=0.964087 train_nmse=-10.019dB train_rec=0.000000e+00 train_recT=5.122191e-05 train_fc=0.000000e+00 train_decoder_tail=0.000000e+00
I 07.01/14:58:16 train_mapper.py:622 ] epoch=0007 train_loss=1.523752e-01 train_mse=5.744861e-02 train_cos=0.967417 train_nmse=-10.482dB train_rec=0.000000e+00 train_recT=4.070184e-05 train_fc=0.000000e+00 train_decoder_tail=0.000000e+00
I 07.01/14:59:15 train_mapper.py:622 ] epoch=0008 train_loss=1.431752e-01 train_mse=5.304293e-02 train_cos=0.969962 train_nmse=-10.828dB train_rec=0.000000e+00 train_recT=3.436327e-05 train_fc=0.000000e+00 train_decoder_tail=0.000000e+00
I 07.01/15:00:15 train_mapper.py:622 ] epoch=0009 train_loss=1.363036e-01 train_mse=4.981132e-02 train_cos=0.972000 train_nmse=-11.101dB train_rec=0.000000e+00 train_recT=3.042308e-05 train_fc=0.000000e+00 train_decoder_tail=0.000000e+00
I 07.01/15:01:14 train_mapper.py:622 ] epoch=0010 train_loss=1.308352e-01 train_mse=4.726560e-02 train_cos=0.973653 train_nmse=-11.329dB train_rec=0.000000e+00 train_recT=2.783627e-05 train_fc=0.000000e+00 train_decoder_tail=0.000000e+00
I 07.01/15:02:08 train_mapper.py:622 ] epoch=0011 train_loss=1.259970e-01 train_mse=4.504137e-02 train_cos=0.975115 train_nmse=-11.538dB train_rec=0.000000e+00 train_recT=2.583857e-05 train_fc=0.000000e+00 train_decoder_tail=0.000000e+00
I 07.01/15:03:06 train_mapper.py:622 ] epoch=0012 train_loss=1.213578e-01 train_mse=4.291895e-02 train_cos=0.976488 train_nmse=-11.748dB train_rec=0.000000e+00 train_recT=2.428687e-05 train_fc=0.000000e+00 train_decoder_tail=0.000000e+00
I 07.01/15:03:57 train_mapper.py:622 ] epoch=0013 train_loss=1.176838e-01 train_mse=4.124136e-02 train_cos=0.977477 train_nmse=-11.921dB train_rec=0.000000e+00 train_recT=2.291439e-05 train_fc=0.000000e+00 train_decoder_tail=0.000000e+00
I 07.01/15:05:04 train_mapper.py:622 ] epoch=0014 train_loss=1.138495e-01 train_mse=3.950799e-02 train_cos=0.978478 train_nmse=-12.108dB train_rec=0.000000e+00 train_recT=2.156775e-05 train_fc=0.000000e+00 train_decoder_tail=0.000000e+00
I 07.01/15:05:58 train_mapper.py:622 ] epoch=0015 train_loss=1.118172e-01 train_mse=3.856559e-02 train_cos=0.978789 train_nmse=-12.215dB train_rec=0.000000e+00 train_recT=2.039653e-05 train_fc=0.000000e+00 train_decoder_tail=0.000000e+00
I 07.01/15:06:55 train_mapper.py:622 ] epoch=0016 train_loss=1.064448e-01 train_mse=3.619965e-02 train_cos=0.980160 train_nmse=-12.488dB train_rec=0.000000e+00 train_recT=1.865607e-05 train_fc=0.000000e+00 train_decoder_tail=0.000000e+00
I 07.01/15:07:50 train_mapper.py:622 ] epoch=0017 train_loss=1.028672e-01 train_mse=3.461522e-02 train_cos=0.980680 train_nmse=-12.682dB train_rec=0.000000e+00 train_recT=1.687430e-05 train_fc=0.000000e+00 train_decoder_tail=0.000000e+00
I 07.01/15:08:35 train_mapper.py:622 ] epoch=0018 train_loss=9.835073e-02 train_mse=3.268530e-02 train_cos=0.981076 train_nmse=-12.931dB train_rec=0.000000e+00 train_recT=1.442839e-05 train_fc=0.000000e+00 train_decoder_tail=0.000000e+00
I 07.01/15:09:28 train_mapper.py:622 ] epoch=0019 train_loss=9.330316e-02 train_mse=3.057263e-02 train_cos=0.981241 train_nmse=-13.221dB train_rec=0.000000e+00 train_recT=1.203569e-05 train_fc=0.000000e+00 train_decoder_tail=0.000000e+00
I 07.01/15:10:25 train_mapper.py:622 ] epoch=0020 train_loss=8.776497e-02 train_mse=2.825723e-02 train_cos=0.981833 train_nmse=-13.563dB train_rec=0.000000e+00 train_recT=1.041991e-05 train_fc=0.000000e+00 train_decoder_tail=0.000000e+00
I 07.01/15:11:23 train_mapper.py:622 ] epoch=0021 train_loss=8.332967e-02 train_mse=2.640383e-02 train_cos=0.982410 train_nmse=-13.858dB train_rec=0.000000e+00 train_recT=9.439173e-06 train_fc=0.000000e+00 train_decoder_tail=0.000000e+00
I 07.01/15:12:17 train_mapper.py:622 ] epoch=0022 train_loss=7.970104e-02 train_mse=2.490372e-02 train_cos=0.982951 train_nmse=-14.112dB train_rec=0.000000e+00 train_recT=8.628449e-06 train_fc=0.000000e+00 train_decoder_tail=0.000000e+00
I 07.01/15:13:07 train_mapper.py:622 ] epoch=0023 train_loss=7.639308e-02 train_mse=2.356179e-02 train_cos=0.983563 train_nmse=-14.353dB train_rec=0.000000e+00 train_recT=8.031509e-06 train_fc=0.000000e+00 train_decoder_tail=0.000000e+00
I 07.01/15:13:57 train_mapper.py:622 ] epoch=0024 train_loss=7.334997e-02 train_mse=2.234207e-02 train_cos=0.984185 train_nmse=-14.583dB train_rec=0.000000e+00 train_recT=7.452410e-06 train_fc=0.000000e+00 train_decoder_tail=0.000000e+00
I 07.01/15:14:47 train_mapper.py:622 ] epoch=0025 train_loss=7.107027e-02 train_mse=2.143223e-02 train_cos=0.984648 train_nmse=-14.764dB train_rec=0.000000e+00 train_recT=7.078241e-06 train_fc=0.000000e+00 train_decoder_tail=0.000000e+00
I 07.01/15:15:35 train_mapper.py:622 ] epoch=0026 train_loss=6.901093e-02 train_mse=2.061956e-02 train_cos=0.985089 train_nmse=-14.932dB train_rec=0.000000e+00 train_recT=6.723519e-06 train_fc=0.000000e+00 train_decoder_tail=0.000000e+00
I 07.01/15:16:21 train_mapper.py:622 ] epoch=0027 train_loss=6.697919e-02 train_mse=1.982441e-02 train_cos=0.985547 train_nmse=-15.103dB train_rec=0.000000e+00 train_recT=6.393745e-06 train_fc=0.000000e+00 train_decoder_tail=0.000000e+00
I 07.01/15:16:44 train_mapper.py:622 ] epoch=0028 train_loss=6.556825e-02 train_mse=1.926972e-02 train_cos=0.985853 train_nmse=-15.226dB train_rec=0.000000e+00 train_recT=6.159857e-06 train_fc=0.000000e+00 train_decoder_tail=0.000000e+00
I 07.01/15:17:08 train_mapper.py:622 ] epoch=0029 train_loss=6.370775e-02 train_mse=1.856349e-02 train_cos=0.986297 train_nmse=-15.388dB train_rec=0.000000e+00 train_recT=5.853138e-06 train_fc=0.000000e+00 train_decoder_tail=0.000000e+00
I 07.01/15:17:42 train_mapper.py:622 ] epoch=0030 train_loss=6.240435e-02 train_mse=1.805942e-02 train_cos=0.986595 train_nmse=-15.507dB train_rec=0.000000e+00 train_recT=5.651713e-06 train_fc=0.000000e+00 train_decoder_tail=0.000000e+00
I 07.01/15:18:10 train_mapper.py:622 ] epoch=0031 train_loss=6.084724e-02 train_mse=1.747540e-02 train_cos=0.986971 train_nmse=-15.650dB train_rec=0.000000e+00 train_recT=5.413387e-06 train_fc=0.000000e+00 train_decoder_tail=0.000000e+00
I 07.01/15:18:47 train_mapper.py:622 ] epoch=0032 train_loss=5.969368e-02 train_mse=1.703818e-02 train_cos=0.987246 train_nmse=-15.760dB train_rec=0.000000e+00 train_recT=5.262593e-06 train_fc=0.000000e+00 train_decoder_tail=0.000000e+00
I 07.01/15:19:34 train_mapper.py:622 ] epoch=0033 train_loss=5.823052e-02 train_mse=1.649980e-02 train_cos=0.987612 train_nmse=-15.900dB train_rec=0.000000e+00 train_recT=5.059499e-06 train_fc=0.000000e+00 train_decoder_tail=0.000000e+00
I 07.01/15:20:21 train_mapper.py:622 ] epoch=0034 train_loss=5.748395e-02 train_mse=1.621245e-02 train_cos=0.987778 train_nmse=-15.976dB train_rec=0.000000e+00 train_recT=4.949171e-06 train_fc=0.000000e+00 train_decoder_tail=0.000000e+00
I 07.01/15:21:09 train_mapper.py:622 ] epoch=0035 train_loss=5.645306e-02 train_mse=1.583320e-02 train_cos=0.988035 train_nmse=-16.079dB train_rec=0.000000e+00 train_recT=4.805852e-06 train_fc=0.000000e+00 train_decoder_tail=0.000000e+00
I 07.01/15:21:54 train_mapper.py:622 ] epoch=0036 train_loss=5.536868e-02 train_mse=1.543797e-02 train_cos=0.988301 train_nmse=-16.189dB train_rec=0.000000e+00 train_recT=4.663749e-06 train_fc=0.000000e+00 train_decoder_tail=0.000000e+00
I 07.01/15:22:41 train_mapper.py:622 ] epoch=0037 train_loss=5.435334e-02 train_mse=1.507019e-02 train_cos=0.988555 train_nmse=-16.293dB train_rec=0.000000e+00 train_recT=4.522204e-06 train_fc=0.000000e+00 train_decoder_tail=0.000000e+00
I 07.01/15:23:31 train_mapper.py:622 ] epoch=0038 train_loss=5.331112e-02 train_mse=1.469660e-02 train_cos=0.988811 train_nmse=-16.402dB train_rec=0.000000e+00 train_recT=4.382957e-06 train_fc=0.000000e+00 train_decoder_tail=0.000000e+00
I 07.01/15:24:28 train_mapper.py:622 ] epoch=0039 train_loss=5.252043e-02 train_mse=1.441023e-02 train_cos=0.989000 train_nmse=-16.488dB train_rec=0.000000e+00 train_recT=4.261494e-06 train_fc=0.000000e+00 train_decoder_tail=0.000000e+00
I 07.01/15:25:21 train_mapper.py:622 ] epoch=0040 train_loss=5.168906e-02 train_mse=1.411407e-02 train_cos=0.989210 train_nmse=-16.578dB train_rec=0.000000e+00 train_recT=4.161689e-06 train_fc=0.000000e+00 train_decoder_tail=0.000000e+00
I 07.01/15:26:12 train_mapper.py:622 ] epoch=0041 train_loss=5.089046e-02 train_mse=1.383061e-02 train_cos=0.989409 train_nmse=-16.666dB train_rec=0.000000e+00 train_recT=4.060879e-06 train_fc=0.000000e+00 train_decoder_tail=0.000000e+00
I 07.01/15:27:02 train_mapper.py:622 ] epoch=0042 train_loss=5.019081e-02 train_mse=1.358215e-02 train_cos=0.989582 train_nmse=-16.745dB train_rec=0.000000e+00 train_recT=3.990823e-06 train_fc=0.000000e+00 train_decoder_tail=0.000000e+00
I 07.01/15:27:52 train_mapper.py:622 ] epoch=0043 train_loss=4.947229e-02 train_mse=1.333058e-02 train_cos=0.989763 train_nmse=-16.826dB train_rec=0.000000e+00 train_recT=3.900132e-06 train_fc=0.000000e+00 train_decoder_tail=0.000000e+00
I 07.01/15:28:22 train_mapper.py:622 ] epoch=0044 train_loss=4.879886e-02 train_mse=1.309408e-02 train_cos=0.989928 train_nmse=-16.904dB train_rec=0.000000e+00 train_recT=3.813675e-06 train_fc=0.000000e+00 train_decoder_tail=0.000000e+00
I 07.01/15:29:08 train_mapper.py:622 ] epoch=0045 train_loss=4.815287e-02 train_mse=1.286929e-02 train_cos=0.990090 train_nmse=-16.979dB train_rec=0.000000e+00 train_recT=3.743939e-06 train_fc=0.000000e+00 train_decoder_tail=0.000000e+00
I 07.01/15:29:59 train_mapper.py:622 ] epoch=0046 train_loss=4.750703e-02 train_mse=1.264600e-02 train_cos=0.990253 train_nmse=-17.055dB train_rec=0.000000e+00 train_recT=3.671404e-06 train_fc=0.000000e+00 train_decoder_tail=0.000000e+00
I 07.01/15:30:50 train_mapper.py:622 ] epoch=0047 train_loss=4.685184e-02 train_mse=1.242150e-02 train_cos=0.990412 train_nmse=-17.133dB train_rec=0.000000e+00 train_recT=3.595673e-06 train_fc=0.000000e+00 train_decoder_tail=0.000000e+00
I 07.01/15:31:37 train_mapper.py:622 ] epoch=0048 train_loss=4.624254e-02 train_mse=1.221170e-02 train_cos=0.990563 train_nmse=-17.207dB train_rec=0.000000e+00 train_recT=3.499679e-06 train_fc=0.000000e+00 train_decoder_tail=0.000000e+00
I 07.01/15:32:30 train_mapper.py:622 ] epoch=0049 train_loss=4.563563e-02 train_mse=1.200759e-02 train_cos=0.990716 train_nmse=-17.280dB train_rec=0.000000e+00 train_recT=3.445752e-06 train_fc=0.000000e+00 train_decoder_tail=0.000000e+00
I 07.01/15:33:21 train_mapper.py:622 ] epoch=0050 train_loss=4.516951e-02 train_mse=1.184644e-02 train_cos=0.990832 train_nmse=-17.338dB train_rec=0.000000e+00 train_recT=3.417102e-06 train_fc=0.000000e+00 train_decoder_tail=0.000000e+00
I 07.01/15:34:16 train_mapper.py:622 ] epoch=0051 train_loss=4.449245e-02 train_mse=1.162055e-02 train_cos=0.990998 train_nmse=-17.422dB train_rec=0.000000e+00 train_recT=3.317406e-06 train_fc=0.000000e+00 train_decoder_tail=0.000000e+00
I 07.01/15:35:09 train_mapper.py:622 ] epoch=0052 train_loss=4.400464e-02 train_mse=1.145600e-02 train_cos=0.991115 train_nmse=-17.484dB train_rec=0.000000e+00 train_recT=3.242442e-06 train_fc=0.000000e+00 train_decoder_tail=0.000000e+00
I 07.01/15:35:59 train_mapper.py:622 ] epoch=0053 train_loss=4.348915e-02 train_mse=1.128524e-02 train_cos=0.991244 train_nmse=-17.549dB train_rec=0.000000e+00 train_recT=3.194232e-06 train_fc=0.000000e+00 train_decoder_tail=0.000000e+00
I 07.01/15:36:42 train_mapper.py:622 ] epoch=0054 train_loss=4.311092e-02 train_mse=1.115602e-02 train_cos=0.991339 train_nmse=-17.600dB train_rec=0.000000e+00 train_recT=3.167113e-06 train_fc=0.000000e+00 train_decoder_tail=0.000000e+00
I 07.01/15:37:36 train_mapper.py:622 ] epoch=0055 train_loss=4.274299e-02 train_mse=1.103301e-02 train_cos=0.991434 train_nmse=-17.647dB train_rec=0.000000e+00 train_recT=3.136638e-06 train_fc=0.000000e+00 train_decoder_tail=0.000000e+00
I 07.01/15:38:25 train_mapper.py:622 ] epoch=0056 train_loss=4.221166e-02 train_mse=1.085880e-02 train_cos=0.991564 train_nmse=-17.717dB train_rec=0.000000e+00 train_recT=3.073620e-06 train_fc=0.000000e+00 train_decoder_tail=0.000000e+00
I 07.01/15:39:18 train_mapper.py:622 ] epoch=0057 train_loss=4.181129e-02 train_mse=1.072704e-02 train_cos=0.991663 train_nmse=-17.769dB train_rec=0.000000e+00 train_recT=3.046792e-06 train_fc=0.000000e+00 train_decoder_tail=0.000000e+00
I 07.01/15:40:11 train_mapper.py:622 ] epoch=0058 train_loss=4.141319e-02 train_mse=1.059478e-02 train_cos=0.991764 train_nmse=-17.824dB train_rec=0.000000e+00 train_recT=3.004295e-06 train_fc=0.000000e+00 train_decoder_tail=0.000000e+00
I 07.01/15:41:04 train_mapper.py:622 ] epoch=0059 train_loss=4.103424e-02 train_mse=1.046953e-02 train_cos=0.991852 train_nmse=-17.875dB train_rec=0.000000e+00 train_recT=2.958473e-06 train_fc=0.000000e+00 train_decoder_tail=0.000000e+00
I 07.01/15:41:47 train_mapper.py:622 ] epoch=0060 train_loss=4.051967e-02 train_mse=1.030531e-02 train_cos=0.991976 train_nmse=-17.943dB train_rec=0.000000e+00 train_recT=2.889516e-06 train_fc=0.000000e+00 train_decoder_tail=0.000000e+00
I 07.01/15:42:35 train_mapper.py:622 ] epoch=0061 train_loss=3.999937e-02 train_mse=1.013998e-02 train_cos=0.992102 train_nmse=-18.014dB train_rec=0.000000e+00 train_recT=2.837247e-06 train_fc=0.000000e+00 train_decoder_tail=0.000000e+00
I 07.01/15:43:15 train_mapper.py:622 ] epoch=0062 train_loss=3.984532e-02 train_mse=1.008514e-02 train_cos=0.992141 train_nmse=-18.037dB train_rec=0.000000e+00 train_recT=2.826485e-06 train_fc=0.000000e+00 train_decoder_tail=0.000000e+00
I 07.01/15:43:57 train_mapper.py:622 ] epoch=0063 train_loss=3.935606e-02 train_mse=9.930472e-03 train_cos=0.992260 train_nmse=-18.105dB train_rec=0.000000e+00 train_recT=2.775728e-06 train_fc=0.000000e+00 train_decoder_tail=0.000000e+00
I 07.01/15:44:48 train_mapper.py:622 ] epoch=0064 train_loss=3.903453e-02 train_mse=9.826867e-03 train_cos=0.992339 train_nmse=-18.150dB train_rec=0.000000e+00 train_recT=2.746032e-06 train_fc=0.000000e+00 train_decoder_tail=0.000000e+00
I 07.01/15:45:38 train_mapper.py:622 ] epoch=0065 train_loss=3.876156e-02 train_mse=9.737037e-03 train_cos=0.992405 train_nmse=-18.190dB train_rec=0.000000e+00 train_recT=2.728921e-06 train_fc=0.000000e+00 train_decoder_tail=0.000000e+00
I 07.01/15:46:12 train_mapper.py:622 ] epoch=0066 train_loss=3.841280e-02 train_mse=9.625301e-03 train_cos=0.992492 train_nmse=-18.240dB train_rec=0.000000e+00 train_recT=2.694365e-06 train_fc=0.000000e+00 train_decoder_tail=0.000000e+00
I 07.01/15:46:48 train_mapper.py:622 ] epoch=0067 train_loss=3.799128e-02 train_mse=9.493998e-03 train_cos=0.992589 train_nmse=-18.300dB train_rec=0.000000e+00 train_recT=2.641821e-06 train_fc=0.000000e+00 train_decoder_tail=0.000000e+00
I 07.01/15:47:26 train_mapper.py:622 ] epoch=0068 train_loss=3.768433e-02 train_mse=9.396125e-03 train_cos=0.992665 train_nmse=-18.345dB train_rec=0.000000e+00 train_recT=2.615396e-06 train_fc=0.000000e+00 train_decoder_tail=0.000000e+00
I 07.01/15:48:11 train_mapper.py:622 ] epoch=0069 train_loss=3.744032e-02 train_mse=9.318006e-03 train_cos=0.992725 train_nmse=-18.381dB train_rec=0.000000e+00 train_recT=2.590059e-06 train_fc=0.000000e+00 train_decoder_tail=0.000000e+00
I 07.01/15:48:41 train_mapper.py:622 ] epoch=0070 train_loss=3.719679e-02 train_mse=9.240797e-03 train_cos=0.992785 train_nmse=-18.417dB train_rec=0.000000e+00 train_recT=2.569691e-06 train_fc=0.000000e+00 train_decoder_tail=0.000000e+00
I 07.01/15:49:22 train_mapper.py:622 ] epoch=0071 train_loss=3.688560e-02 train_mse=9.142416e-03 train_cos=0.992860 train_nmse=-18.464dB train_rec=0.000000e+00 train_recT=2.556247e-06 train_fc=0.000000e+00 train_decoder_tail=0.000000e+00
I 07.01/15:49:57 train_mapper.py:622 ] epoch=0072 train_loss=3.659332e-02 train_mse=9.052509e-03 train_cos=0.992933 train_nmse=-18.507dB train_rec=0.000000e+00 train_recT=2.524777e-06 train_fc=0.000000e+00 train_decoder_tail=0.000000e+00
I 07.01/15:50:25 train_mapper.py:622 ] epoch=0073 train_loss=3.636477e-02 train_mse=8.977743e-03 train_cos=0.992984 train_nmse=-18.542dB train_rec=0.000000e+00 train_recT=2.496064e-06 train_fc=0.000000e+00 train_decoder_tail=0.000000e+00
I 07.01/15:51:08 train_mapper.py:622 ] epoch=0074 train_loss=3.590830e-02 train_mse=8.840104e-03 train_cos=0.993090 train_nmse=-18.609dB train_rec=0.000000e+00 train_recT=2.439131e-06 train_fc=0.000000e+00 train_decoder_tail=0.000000e+00
I 07.01/15:51:35 train_mapper.py:622 ] epoch=0075 train_loss=3.572497e-02 train_mse=8.781046e-03 train_cos=0.993135 train_nmse=-18.639dB train_rec=0.000000e+00 train_recT=2.429901e-06 train_fc=0.000000e+00 train_decoder_tail=0.000000e+00
I 07.01/15:52:04 train_mapper.py:622 ] epoch=0076 train_loss=3.546971e-02 train_mse=8.702063e-03 train_cos=0.993198 train_nmse=-18.678dB train_rec=0.000000e+00 train_recT=2.405560e-06 train_fc=0.000000e+00 train_decoder_tail=0.000000e+00
I 07.01/15:52:29 train_mapper.py:622 ] epoch=0077 train_loss=3.519805e-02 train_mse=8.618200e-03 train_cos=0.993259 train_nmse=-18.720dB train_rec=0.000000e+00 train_recT=2.382181e-06 train_fc=0.000000e+00 train_decoder_tail=0.000000e+00
I 07.01/15:52:52 train_mapper.py:622 ] epoch=0078 train_loss=3.498717e-02 train_mse=8.551626e-03 train_cos=0.993312 train_nmse=-18.753dB train_rec=0.000000e+00 train_recT=2.356993e-06 train_fc=0.000000e+00 train_decoder_tail=0.000000e+00
I 07.01/15:53:17 train_mapper.py:622 ] epoch=0079 train_loss=3.468995e-02 train_mse=8.461523e-03 train_cos=0.993380 train_nmse=-18.799dB train_rec=0.000000e+00 train_recT=2.329447e-06 train_fc=0.000000e+00 train_decoder_tail=0.000000e+00
I 07.01/15:53:40 train_mapper.py:622 ] epoch=0080 train_loss=3.446802e-02 train_mse=8.393511e-03 train_cos=0.993435 train_nmse=-18.835dB train_rec=0.000000e+00 train_recT=2.314032e-06 train_fc=0.000000e+00 train_decoder_tail=0.000000e+00
I 07.01/15:54:06 train_mapper.py:622 ] epoch=0081 train_loss=3.426256e-02 train_mse=8.329588e-03 train_cos=0.993486 train_nmse=-18.868dB train_rec=0.000000e+00 train_recT=2.306187e-06 train_fc=0.000000e+00 train_decoder_tail=0.000000e+00
I 07.01/15:54:29 train_mapper.py:622 ] epoch=0082 train_loss=3.393082e-02 train_mse=8.230333e-03 train_cos=0.993561 train_nmse=-18.920dB train_rec=0.000000e+00 train_recT=2.263500e-06 train_fc=0.000000e+00 train_decoder_tail=0.000000e+00
I 07.01/15:54:51 train_mapper.py:622 ] epoch=0083 train_loss=3.372076e-02 train_mse=8.164998e-03 train_cos=0.993610 train_nmse=-18.955dB train_rec=0.000000e+00 train_recT=2.245350e-06 train_fc=0.000000e+00 train_decoder_tail=0.000000e+00
I 07.01/15:55:17 train_mapper.py:622 ] epoch=0084 train_loss=3.360507e-02 train_mse=8.127413e-03 train_cos=0.993639 train_nmse=-18.974dB train_rec=0.000000e+00 train_recT=2.231247e-06 train_fc=0.000000e+00 train_decoder_tail=0.000000e+00
I 07.01/15:55:41 train_mapper.py:622 ] epoch=0085 train_loss=3.337704e-02 train_mse=8.059161e-03 train_cos=0.993694 train_nmse=-19.011dB train_rec=0.000000e+00 train_recT=2.214806e-06 train_fc=0.000000e+00 train_decoder_tail=0.000000e+00
I 07.01/15:56:07 train_mapper.py:622 ] epoch=0086 train_loss=3.322217e-02 train_mse=8.010172e-03 train_cos=0.993734 train_nmse=-19.038dB train_rec=0.000000e+00 train_recT=2.209748e-06 train_fc=0.000000e+00 train_decoder_tail=0.000000e+00
I 07.01/15:56:31 train_mapper.py:622 ] epoch=0087 train_loss=3.293833e-02 train_mse=7.926350e-03 train_cos=0.993799 train_nmse=-19.083dB train_rec=0.000000e+00 train_recT=2.174671e-06 train_fc=0.000000e+00 train_decoder_tail=0.000000e+00
I 07.01/15:56:54 train_mapper.py:622 ] epoch=0088 train_loss=3.278481e-02 train_mse=7.878336e-03 train_cos=0.993833 train_nmse=-19.110dB train_rec=0.000000e+00 train_recT=2.162629e-06 train_fc=0.000000e+00 train_decoder_tail=0.000000e+00
I 07.01/15:57:22 train_mapper.py:622 ] epoch=0089 train_loss=3.253023e-02 train_mse=7.802941e-03 train_cos=0.993893 train_nmse=-19.151dB train_rec=0.000000e+00 train_recT=2.137259e-06 train_fc=0.000000e+00 train_decoder_tail=0.000000e+00
I 07.01/15:57:44 train_mapper.py:622 ] epoch=0090 train_loss=3.232979e-02 train_mse=7.741918e-03 train_cos=0.993940 train_nmse=-19.186dB train_rec=0.000000e+00 train_recT=2.125777e-06 train_fc=0.000000e+00 train_decoder_tail=0.000000e+00
I 07.01/15:58:10 train_mapper.py:622 ] epoch=0091 train_loss=3.219227e-02 train_mse=7.698428e-03 train_cos=0.993972 train_nmse=-19.210dB train_rec=0.000000e+00 train_recT=2.105050e-06 train_fc=0.000000e+00 train_decoder_tail=0.000000e+00
I 07.01/15:58:32 train_mapper.py:622 ] epoch=0092 train_loss=3.197464e-02 train_mse=7.633065e-03 train_cos=0.994021 train_nmse=-19.247dB train_rec=0.000000e+00 train_recT=2.083671e-06 train_fc=0.000000e+00 train_decoder_tail=0.000000e+00
I 07.01/15:58:55 train_mapper.py:622 ] epoch=0093 train_loss=3.174652e-02 train_mse=7.565838e-03 train_cos=0.994077 train_nmse=-19.286dB train_rec=0.000000e+00 train_recT=2.070722e-06 train_fc=0.000000e+00 train_decoder_tail=0.000000e+00
I 07.01/15:59:21 train_mapper.py:622 ] epoch=0094 train_loss=3.157335e-02 train_mse=7.513528e-03 train_cos=0.994117 train_nmse=-19.316dB train_rec=0.000000e+00 train_recT=2.052879e-06 train_fc=0.000000e+00 train_decoder_tail=0.000000e+00
I 07.01/15:59:44 train_mapper.py:622 ] epoch=0095 train_loss=3.139916e-02 train_mse=7.460440e-03 train_cos=0.994158 train_nmse=-19.346dB train_rec=0.000000e+00 train_recT=2.043376e-06 train_fc=0.000000e+00 train_decoder_tail=0.000000e+00
I 07.01/16:00:09 train_mapper.py:622 ] epoch=0096 train_loss=3.124567e-02 train_mse=7.414099e-03 train_cos=0.994196 train_nmse=-19.374dB train_rec=0.000000e+00 train_recT=2.027551e-06 train_fc=0.000000e+00 train_decoder_tail=0.000000e+00
I 07.01/16:00:34 train_mapper.py:622 ] epoch=0097 train_loss=3.109497e-02 train_mse=7.367761e-03 train_cos=0.994230 train_nmse=-19.401dB train_rec=0.000000e+00 train_recT=2.014412e-06 train_fc=0.000000e+00 train_decoder_tail=0.000000e+00
I 07.01/16:00:59 train_mapper.py:622 ] epoch=0098 train_loss=3.094149e-02 train_mse=7.321705e-03 train_cos=0.994269 train_nmse=-19.428dB train_rec=0.000000e+00 train_recT=2.000556e-06 train_fc=0.000000e+00 train_decoder_tail=0.000000e+00
I 07.01/16:01:24 train_mapper.py:622 ] epoch=0099 train_loss=3.082754e-02 train_mse=7.286051e-03 train_cos=0.994294 train_nmse=-19.449dB train_rec=0.000000e+00 train_recT=1.996080e-06 train_fc=0.000000e+00 train_decoder_tail=0.000000e+00
I 07.01/16:01:49 train_mapper.py:622 ] epoch=0100 train_loss=3.052363e-02 train_mse=7.198607e-03 train_cos=0.994364 train_nmse=-19.502dB train_rec=0.000000e+00 train_recT=1.965020e-06 train_fc=0.000000e+00 train_decoder_tail=0.000000e+00
I 07.01/16:02:14 train_mapper.py:622 ] epoch=0101 train_loss=3.042699e-02 train_mse=7.167269e-03 train_cos=0.994388 train_nmse=-19.520dB train_rec=0.000000e+00 train_recT=1.956525e-06 train_fc=0.000000e+00 train_decoder_tail=0.000000e+00
I 07.01/16:02:37 train_mapper.py:622 ] epoch=0102 train_loss=3.020957e-02 train_mse=7.103393e-03 train_cos=0.994436 train_nmse=-19.559dB train_rec=0.000000e+00 train_recT=1.936758e-06 train_fc=0.000000e+00 train_decoder_tail=0.000000e+00
I 07.01/16:03:03 train_mapper.py:622 ] epoch=0103 train_loss=3.011551e-02 train_mse=7.073589e-03 train_cos=0.994460 train_nmse=-19.578dB train_rec=0.000000e+00 train_recT=1.926314e-06 train_fc=0.000000e+00 train_decoder_tail=0.000000e+00
I 07.01/16:03:28 train_mapper.py:622 ] epoch=0104 train_loss=2.987497e-02 train_mse=7.004550e-03 train_cos=0.994514 train_nmse=-19.620dB train_rec=0.000000e+00 train_recT=1.909408e-06 train_fc=0.000000e+00 train_decoder_tail=0.000000e+00
I 07.01/16:03:52 train_mapper.py:622 ] epoch=0105 train_loss=2.984408e-02 train_mse=6.991715e-03 train_cos=0.994523 train_nmse=-19.628dB train_rec=0.000000e+00 train_recT=1.904942e-06 train_fc=0.000000e+00 train_decoder_tail=0.000000e+00
I 07.01/16:04:19 train_mapper.py:622 ] epoch=0106 train_loss=2.976726e-02 train_mse=6.966105e-03 train_cos=0.994546 train_nmse=-19.644dB train_rec=0.000000e+00 train_recT=1.907311e-06 train_fc=0.000000e+00 train_decoder_tail=0.000000e+00
I 07.01/16:04:42 train_mapper.py:622 ] epoch=0107 train_loss=2.949957e-02 train_mse=6.890125e-03 train_cos=0.994606 train_nmse=-19.692dB train_rec=0.000000e+00 train_recT=1.880125e-06 train_fc=0.000000e+00 train_decoder_tail=0.000000e+00
I 07.01/16:05:08 train_mapper.py:622 ] epoch=0108 train_loss=2.938380e-02 train_mse=6.854082e-03 train_cos=0.994631 train_nmse=-19.714dB train_rec=0.000000e+00 train_recT=1.875539e-06 train_fc=0.000000e+00 train_decoder_tail=0.000000e+00
I 07.01/16:05:33 train_mapper.py:622 ] epoch=0109 train_loss=2.921175e-02 train_mse=6.803450e-03 train_cos=0.994669 train_nmse=-19.747dB train_rec=0.000000e+00 train_recT=1.853837e-06 train_fc=0.000000e+00 train_decoder_tail=0.000000e+00
I 07.01/16:05:56 train_mapper.py:622 ] epoch=0110 train_loss=2.912878e-02 train_mse=6.777901e-03 train_cos=0.994691 train_nmse=-19.763dB train_rec=0.000000e+00 train_recT=1.854505e-06 train_fc=0.000000e+00 train_decoder_tail=0.000000e+00
I 07.01/16:06:22 train_mapper.py:622 ] epoch=0111 train_loss=2.893976e-02 train_mse=6.721818e-03 train_cos=0.994734 train_nmse=-19.799dB train_rec=0.000000e+00 train_recT=1.837142e-06 train_fc=0.000000e+00 train_decoder_tail=0.000000e+00
I 07.01/16:06:48 train_mapper.py:622 ] epoch=0112 train_loss=2.875944e-02 train_mse=6.670586e-03 train_cos=0.994775 train_nmse=-19.832dB train_rec=0.000000e+00 train_recT=1.821686e-06 train_fc=0.000000e+00 train_decoder_tail=0.000000e+00
I 07.01/16:07:14 train_mapper.py:622 ] epoch=0113 train_loss=2.863619e-02 train_mse=6.632267e-03 train_cos=0.994803 train_nmse=-19.857dB train_rec=0.000000e+00 train_recT=1.802039e-06 train_fc=0.000000e+00 train_decoder_tail=0.000000e+00
I 07.01/16:08:07 train_mapper.py:622 ] epoch=0114 train_loss=2.852103e-02 train_mse=6.598206e-03 train_cos=0.994830 train_nmse=-19.880dB train_rec=0.000000e+00 train_recT=1.788153e-06 train_fc=0.000000e+00 train_decoder_tail=0.000000e+00
I 07.01/16:09:05 train_mapper.py:622 ] epoch=0115 train_loss=2.841014e-02 train_mse=6.565328e-03 train_cos=0.994856 train_nmse=-19.901dB train_rec=0.000000e+00 train_recT=1.783660e-06 train_fc=0.000000e+00 train_decoder_tail=0.000000e+00
I 07.01/16:09:55 train_mapper.py:622 ] epoch=0116 train_loss=2.829345e-02 train_mse=6.530465e-03 train_cos=0.994883 train_nmse=-19.925dB train_rec=0.000000e+00 train_recT=1.778765e-06 train_fc=0.000000e+00 train_decoder_tail=0.000000e+00
I 07.01/16:10:36 train_mapper.py:622 ] epoch=0117 train_loss=2.816684e-02 train_mse=6.493598e-03 train_cos=0.994912 train_nmse=-19.949dB train_rec=0.000000e+00 train_recT=1.764710e-06 train_fc=0.000000e+00 train_decoder_tail=0.000000e+00
I 07.01/16:11:28 train_mapper.py:622 ] epoch=0118 train_loss=2.801681e-02 train_mse=6.450572e-03 train_cos=0.994947 train_nmse=-19.978dB train_rec=0.000000e+00 train_recT=1.757670e-06 train_fc=0.000000e+00 train_decoder_tail=0.000000e+00
I 07.01/16:12:21 train_mapper.py:622 ] epoch=0119 train_loss=2.783918e-02 train_mse=6.399075e-03 train_cos=0.994985 train_nmse=-20.013dB train_rec=0.000000e+00 train_recT=1.742935e-06 train_fc=0.000000e+00 train_decoder_tail=0.000000e+00
I 07.01/16:13:20 train_mapper.py:622 ] epoch=0120 train_loss=2.774557e-02 train_mse=6.370911e-03 train_cos=0.995009 train_nmse=-20.032dB train_rec=0.000000e+00 train_recT=1.734964e-06 train_fc=0.000000e+00 train_decoder_tail=0.000000e+00
I 07.01/16:14:16 train_mapper.py:622 ] epoch=0121 train_loss=2.761165e-02 train_mse=6.331976e-03 train_cos=0.995036 train_nmse=-20.058dB train_rec=0.000000e+00 train_recT=1.719161e-06 train_fc=0.000000e+00 train_decoder_tail=0.000000e+00
I 07.01/16:15:16 train_mapper.py:622 ] epoch=0122 train_loss=2.750756e-02 train_mse=6.301134e-03 train_cos=0.995061 train_nmse=-20.080dB train_rec=0.000000e+00 train_recT=1.713679e-06 train_fc=0.000000e+00 train_decoder_tail=0.000000e+00
I 07.01/16:16:16 train_mapper.py:622 ] epoch=0123 train_loss=2.744178e-02 train_mse=6.280819e-03 train_cos=0.995076 train_nmse=-20.094dB train_rec=0.000000e+00 train_recT=1.708338e-06 train_fc=0.000000e+00 train_decoder_tail=0.000000e+00
I 07.01/16:17:10 train_mapper.py:622 ] epoch=0124 train_loss=2.733440e-02 train_mse=6.249078e-03 train_cos=0.995101 train_nmse=-20.116dB train_rec=0.000000e+00 train_recT=1.705071e-06 train_fc=0.000000e+00 train_decoder_tail=0.000000e+00
I 07.01/16:17:49 train_mapper.py:622 ] epoch=0125 train_loss=2.715250e-02 train_mse=6.199194e-03 train_cos=0.995142 train_nmse=-20.151dB train_rec=0.000000e+00 train_recT=1.687804e-06 train_fc=0.000000e+00 train_decoder_tail=0.000000e+00
I 07.01/16:18:17 train_mapper.py:622 ] epoch=0126 train_loss=2.709749e-02 train_mse=6.181231e-03 train_cos=0.995154 train_nmse=-20.163dB train_rec=0.000000e+00 train_recT=1.686687e-06 train_fc=0.000000e+00 train_decoder_tail=0.000000e+00
I 07.01/16:18:44 train_mapper.py:622 ] epoch=0127 train_loss=2.704061e-02 train_mse=6.163705e-03 train_cos=0.995168 train_nmse=-20.175dB train_rec=0.000000e+00 train_recT=1.674161e-06 train_fc=0.000000e+00 train_decoder_tail=0.000000e+00
I 07.01/16:19:24 train_mapper.py:622 ] epoch=0128 train_loss=2.681404e-02 train_mse=6.101966e-03 train_cos=0.995217 train_nmse=-20.219dB train_rec=0.000000e+00 train_recT=1.659338e-06 train_fc=0.000000e+00 train_decoder_tail=0.000000e+00
I 07.01/16:19:46 train_mapper.py:622 ] epoch=0129 train_loss=2.669376e-02 train_mse=6.067508e-03 train_cos=0.995242 train_nmse=-20.244dB train_rec=0.000000e+00 train_recT=1.642911e-06 train_fc=0.000000e+00 train_decoder_tail=0.000000e+00
I 07.01/16:20:16 train_mapper.py:622 ] epoch=0130 train_loss=2.664500e-02 train_mse=6.052615e-03 train_cos=0.995253 train_nmse=-20.254dB train_rec=0.000000e+00 train_recT=1.643404e-06 train_fc=0.000000e+00 train_decoder_tail=0.000000e+00
I 07.01/16:20:41 train_mapper.py:622 ] epoch=0131 train_loss=2.654963e-02 train_mse=6.024317e-03 train_cos=0.995274 train_nmse=-20.275dB train_rec=0.000000e+00 train_recT=1.633919e-06 train_fc=0.000000e+00 train_decoder_tail=0.000000e+00
I 07.01/16:21:09 train_mapper.py:622 ] epoch=0132 train_loss=2.643945e-02 train_mse=5.994122e-03 train_cos=0.995299 train_nmse=-20.297dB train_rec=0.000000e+00 train_recT=1.622664e-06 train_fc=0.000000e+00 train_decoder_tail=0.000000e+00
I 07.01/16:21:34 train_mapper.py:622 ] epoch=0133 train_loss=2.630363e-02 train_mse=5.955413e-03 train_cos=0.995328 train_nmse=-20.325dB train_rec=0.000000e+00 train_recT=1.617119e-06 train_fc=0.000000e+00 train_decoder_tail=0.000000e+00
I 07.01/16:21:58 train_mapper.py:622 ] epoch=0134 train_loss=2.625369e-02 train_mse=5.940756e-03 train_cos=0.995341 train_nmse=-20.335dB train_rec=0.000000e+00 train_recT=1.615771e-06 train_fc=0.000000e+00 train_decoder_tail=0.000000e+00
I 07.01/16:22:25 train_mapper.py:622 ] epoch=0135 train_loss=2.618961e-02 train_mse=5.921288e-03 train_cos=0.995355 train_nmse=-20.350dB train_rec=0.000000e+00 train_recT=1.601454e-06 train_fc=0.000000e+00 train_decoder_tail=0.000000e+00
I 07.01/16:22:47 train_mapper.py:622 ] epoch=0136 train_loss=2.601350e-02 train_mse=5.873307e-03 train_cos=0.995394 train_nmse=-20.385dB train_rec=0.000000e+00 train_recT=1.592054e-06 train_fc=0.000000e+00 train_decoder_tail=0.000000e+00
I 07.01/16:23:13 train_mapper.py:622 ] epoch=0137 train_loss=2.594906e-02 train_mse=5.855131e-03 train_cos=0.995408 train_nmse=-20.398dB train_rec=0.000000e+00 train_recT=1.586500e-06 train_fc=0.000000e+00 train_decoder_tail=0.000000e+00
I 07.01/16:23:38 train_mapper.py:622 ] epoch=0138 train_loss=2.586908e-02 train_mse=5.831180e-03 train_cos=0.995424 train_nmse=-20.416dB train_rec=0.000000e+00 train_recT=1.580481e-06 train_fc=0.000000e+00 train_decoder_tail=0.000000e+00
I 07.01/16:24:05 train_mapper.py:622 ] epoch=0139 train_loss=2.578304e-02 train_mse=5.807464e-03 train_cos=0.995444 train_nmse=-20.434dB train_rec=0.000000e+00 train_recT=1.573289e-06 train_fc=0.000000e+00 train_decoder_tail=0.000000e+00
I 07.01/16:24:30 train_mapper.py:622 ] epoch=0140 train_loss=2.566611e-02 train_mse=5.776028e-03 train_cos=0.995470 train_nmse=-20.457dB train_rec=0.000000e+00 train_recT=1.569517e-06 train_fc=0.000000e+00 train_decoder_tail=0.000000e+00
I 07.01/16:24:52 train_mapper.py:622 ] epoch=0141 train_loss=2.561638e-02 train_mse=5.760429e-03 train_cos=0.995480 train_nmse=-20.469dB train_rec=0.000000e+00 train_recT=1.563693e-06 train_fc=0.000000e+00 train_decoder_tail=0.000000e+00
I 07.01/16:25:17 train_mapper.py:622 ] epoch=0142 train_loss=2.545043e-02 train_mse=5.716110e-03 train_cos=0.995516 train_nmse=-20.503dB train_rec=0.000000e+00 train_recT=1.553269e-06 train_fc=0.000000e+00 train_decoder_tail=0.000000e+00
I 07.01/16:25:43 train_mapper.py:622 ] epoch=0143 train_loss=2.538648e-02 train_mse=5.697228e-03 train_cos=0.995531 train_nmse=-20.517dB train_rec=0.000000e+00 train_recT=1.544067e-06 train_fc=0.000000e+00 train_decoder_tail=0.000000e+00
I 07.01/16:26:11 train_mapper.py:622 ] epoch=0144 train_loss=2.526859e-02 train_mse=5.664853e-03 train_cos=0.995554 train_nmse=-20.542dB train_rec=0.000000e+00 train_recT=1.527250e-06 train_fc=0.000000e+00 train_decoder_tail=0.000000e+00
I 07.01/16:26:38 train_mapper.py:622 ] epoch=0145 train_loss=2.513843e-02 train_mse=5.630191e-03 train_cos=0.995583 train_nmse=-20.568dB train_rec=0.000000e+00 train_recT=1.523176e-06 train_fc=0.000000e+00 train_decoder_tail=0.000000e+00
I 07.01/16:27:19 train_mapper.py:622 ] epoch=0146 train_loss=2.511590e-02 train_mse=5.622292e-03 train_cos=0.995587 train_nmse=-20.575dB train_rec=0.000000e+00 train_recT=1.513379e-06 train_fc=0.000000e+00 train_decoder_tail=0.000000e+00
I 07.01/16:27:47 train_mapper.py:622 ] epoch=0147 train_loss=2.504433e-02 train_mse=5.601673e-03 train_cos=0.995603 train_nmse=-20.591dB train_rec=0.000000e+00 train_recT=1.514249e-06 train_fc=0.000000e+00 train_decoder_tail=0.000000e+00
I 07.01/16:28:35 train_mapper.py:622 ] epoch=0148 train_loss=2.495531e-02 train_mse=5.578053e-03 train_cos=0.995623 train_nmse=-20.609dB train_rec=0.000000e+00 train_recT=1.508802e-06 train_fc=0.000000e+00 train_decoder_tail=0.000000e+00
I 07.01/16:29:30 train_mapper.py:622 ] epoch=0149 train_loss=2.491528e-02 train_mse=5.565752e-03 train_cos=0.995631 train_nmse=-20.619dB train_rec=0.000000e+00 train_recT=1.501526e-06 train_fc=0.000000e+00 train_decoder_tail=0.000000e+00
I 07.01/16:30:28 train_mapper.py:622 ] epoch=0150 train_loss=2.477301e-02 train_mse=5.527560e-03 train_cos=0.995662 train_nmse=-20.649dB train_rec=0.000000e+00 train_recT=1.495125e-06 train_fc=0.000000e+00 train_decoder_tail=0.000000e+00
I 07.01/16:31:31 train_mapper.py:622 ] epoch=0151 train_loss=2.466883e-02 train_mse=5.499506e-03 train_cos=0.995684 train_nmse=-20.671dB train_rec=0.000000e+00 train_recT=1.486211e-06 train_fc=0.000000e+00 train_decoder_tail=0.000000e+00
I 07.01/16:32:38 train_mapper.py:622 ] epoch=0152 train_loss=2.465775e-02 train_mse=5.494679e-03 train_cos=0.995688 train_nmse=-20.674dB train_rec=0.000000e+00 train_recT=1.483317e-06 train_fc=0.000000e+00 train_decoder_tail=0.000000e+00
I 07.01/16:33:50 train_mapper.py:622 ] epoch=0153 train_loss=2.453405e-02 train_mse=5.462004e-03 train_cos=0.995713 train_nmse=-20.700dB train_rec=0.000000e+00 train_recT=1.474274e-06 train_fc=0.000000e+00 train_decoder_tail=0.000000e+00
I 07.01/16:35:01 train_mapper.py:622 ] epoch=0154 train_loss=2.447178e-02 train_mse=5.444002e-03 train_cos=0.995728 train_nmse=-20.715dB train_rec=0.000000e+00 train_recT=1.473518e-06 train_fc=0.000000e+00 train_decoder_tail=0.000000e+00
I 07.01/16:36:11 train_mapper.py:622 ] epoch=0155 train_loss=2.445816e-02 train_mse=5.439560e-03 train_cos=0.995732 train_nmse=-20.718dB train_rec=0.000000e+00 train_recT=1.469754e-06 train_fc=0.000000e+00 train_decoder_tail=0.000000e+00
I 07.01/16:37:22 train_mapper.py:622 ] epoch=0156 train_loss=2.437874e-02 train_mse=5.417509e-03 train_cos=0.995749 train_nmse=-20.736dB train_rec=0.000000e+00 train_recT=1.473059e-06 train_fc=0.000000e+00 train_decoder_tail=0.000000e+00
I 07.01/16:38:32 train_mapper.py:622 ] epoch=0157 train_loss=2.419515e-02 train_mse=5.369665e-03 train_cos=0.995787 train_nmse=-20.774dB train_rec=0.000000e+00 train_recT=1.451265e-06 train_fc=0.000000e+00 train_decoder_tail=0.000000e+00
I 07.01/16:39:43 train_mapper.py:622 ] epoch=0158 train_loss=2.419531e-02 train_mse=5.367544e-03 train_cos=0.995786 train_nmse=-20.776dB train_rec=0.000000e+00 train_recT=1.448874e-06 train_fc=0.000000e+00 train_decoder_tail=0.000000e+00
I 07.01/16:40:48 train_mapper.py:622 ] epoch=0159 train_loss=2.408754e-02 train_mse=5.339888e-03 train_cos=0.995811 train_nmse=-20.798dB train_rec=0.000000e+00 train_recT=1.446139e-06 train_fc=0.000000e+00 train_decoder_tail=0.000000e+00
I 07.01/16:42:00 train_mapper.py:622 ] epoch=0160 train_loss=2.402242e-02 train_mse=5.322140e-03 train_cos=0.995824 train_nmse=-20.813dB train_rec=0.000000e+00 train_recT=1.437882e-06 train_fc=0.000000e+00 train_decoder_tail=0.000000e+00
I 07.01/16:43:09 train_mapper.py:622 ] epoch=0161 train_loss=2.401309e-02 train_mse=5.317326e-03 train_cos=0.995826 train_nmse=-20.817dB train_rec=0.000000e+00 train_recT=1.438227e-06 train_fc=0.000000e+00 train_decoder_tail=0.000000e+00
I 07.01/16:44:16 train_mapper.py:622 ] epoch=0162 train_loss=2.389516e-02 train_mse=5.286223e-03 train_cos=0.995850 train_nmse=-20.842dB train_rec=0.000000e+00 train_recT=1.423613e-06 train_fc=0.000000e+00 train_decoder_tail=0.000000e+00
I 07.01/16:45:14 train_mapper.py:622 ] epoch=0163 train_loss=2.369744e-02 train_mse=5.235683e-03 train_cos=0.995891 train_nmse=-20.884dB train_rec=0.000000e+00 train_recT=1.410026e-06 train_fc=0.000000e+00 train_decoder_tail=0.000000e+00
I 07.01/16:46:13 train_mapper.py:622 ] epoch=0164 train_loss=2.375825e-02 train_mse=5.247906e-03 train_cos=0.995878 train_nmse=-20.874dB train_rec=0.000000e+00 train_recT=1.413495e-06 train_fc=0.000000e+00 train_decoder_tail=0.000000e+00
I 07.01/16:47:15 train_mapper.py:622 ] epoch=0165 train_loss=2.364330e-02 train_mse=5.218681e-03 train_cos=0.995904 train_nmse=-20.898dB train_rec=0.000000e+00 train_recT=1.403996e-06 train_fc=0.000000e+00 train_decoder_tail=0.000000e+00
I 07.01/16:48:15 train_mapper.py:622 ] epoch=0166 train_loss=2.361510e-02 train_mse=5.209864e-03 train_cos=0.995910 train_nmse=-20.905dB train_rec=0.000000e+00 train_recT=1.404968e-06 train_fc=0.000000e+00 train_decoder_tail=0.000000e+00
I 07.01/16:49:14 train_mapper.py:622 ] epoch=0167 train_loss=2.359964e-02 train_mse=5.204294e-03 train_cos=0.995913 train_nmse=-20.910dB train_rec=0.000000e+00 train_recT=1.400031e-06 train_fc=0.000000e+00 train_decoder_tail=0.000000e+00
I 07.01/16:49:57 train_mapper.py:622 ] epoch=0168 train_loss=2.347840e-02 train_mse=5.173275e-03 train_cos=0.995939 train_nmse=-20.936dB train_rec=0.000000e+00 train_recT=1.394965e-06 train_fc=0.000000e+00 train_decoder_tail=0.000000e+00
I 07.01/16:50:49 train_mapper.py:622 ] epoch=0169 train_loss=2.339267e-02 train_mse=5.150944e-03 train_cos=0.995958 train_nmse=-20.955dB train_rec=0.000000e+00 train_recT=1.392347e-06 train_fc=0.000000e+00 train_decoder_tail=0.000000e+00
I 07.01/16:51:46 train_mapper.py:622 ] epoch=0170 train_loss=2.332247e-02 train_mse=5.131670e-03 train_cos=0.995973 train_nmse=-20.971dB train_rec=0.000000e+00 train_recT=1.389443e-06 train_fc=0.000000e+00 train_decoder_tail=0.000000e+00
I 07.01/16:52:49 train_mapper.py:622 ] epoch=0171 train_loss=2.322627e-02 train_mse=5.106563e-03 train_cos=0.995991 train_nmse=-20.993dB train_rec=0.000000e+00 train_recT=1.374142e-06 train_fc=0.000000e+00 train_decoder_tail=0.000000e+00
I 07.01/16:53:47 train_mapper.py:622 ] epoch=0172 train_loss=2.324403e-02 train_mse=5.108979e-03 train_cos=0.995987 train_nmse=-20.990dB train_rec=0.000000e+00 train_recT=1.375898e-06 train_fc=0.000000e+00 train_decoder_tail=0.000000e+00
I 07.01/16:54:50 train_mapper.py:622 ] epoch=0173 train_loss=2.315538e-02 train_mse=5.085096e-03 train_cos=0.996007 train_nmse=-21.011dB train_rec=0.000000e+00 train_recT=1.368253e-06 train_fc=0.000000e+00 train_decoder_tail=0.000000e+00
I 07.01/16:55:41 train_mapper.py:622 ] epoch=0174 train_loss=2.299459e-02 train_mse=5.044498e-03 train_cos=0.996041 train_nmse=-21.046dB train_rec=0.000000e+00 train_recT=1.357846e-06 train_fc=0.000000e+00 train_decoder_tail=0.000000e+00
I 07.01/16:56:37 train_mapper.py:622 ] epoch=0175 train_loss=2.304811e-02 train_mse=5.056443e-03 train_cos=0.996032 train_nmse=-21.036dB train_rec=0.000000e+00 train_recT=1.368304e-06 train_fc=0.000000e+00 train_decoder_tail=0.000000e+00
I 07.01/16:57:32 train_mapper.py:622 ] epoch=0176 train_loss=2.294911e-02 train_mse=5.030580e-03 train_cos=0.996052 train_nmse=-21.058dB train_rec=0.000000e+00 train_recT=1.359490e-06 train_fc=0.000000e+00 train_decoder_tail=0.000000e+00
I 07.01/16:58:29 train_mapper.py:622 ] epoch=0177 train_loss=2.290953e-02 train_mse=5.019770e-03 train_cos=0.996060 train_nmse=-21.067dB train_rec=0.000000e+00 train_recT=1.353619e-06 train_fc=0.000000e+00 train_decoder_tail=0.000000e+00
I 07.01/16:59:37 train_mapper.py:622 ] epoch=0178 train_loss=2.282260e-02 train_mse=4.996318e-03 train_cos=0.996078 train_nmse=-21.087dB train_rec=0.000000e+00 train_recT=1.348633e-06 train_fc=0.000000e+00 train_decoder_tail=0.000000e+00
I 07.01/17:00:48 train_mapper.py:622 ] epoch=0179 train_loss=2.276128e-02 train_mse=4.980507e-03 train_cos=0.996090 train_nmse=-21.101dB train_rec=0.000000e+00 train_recT=1.338455e-06 train_fc=0.000000e+00 train_decoder_tail=0.000000e+00
I 07.01/17:01:49 train_mapper.py:622 ] epoch=0180 train_loss=2.268564e-02 train_mse=4.959998e-03 train_cos=0.996106 train_nmse=-21.119dB train_rec=0.000000e+00 train_recT=1.335276e-06 train_fc=0.000000e+00 train_decoder_tail=0.000000e+00
I 07.01/17:02:58 train_mapper.py:622 ] epoch=0181 train_loss=2.260869e-02 train_mse=4.940000e-03 train_cos=0.996123 train_nmse=-21.136dB train_rec=0.000000e+00 train_recT=1.335150e-06 train_fc=0.000000e+00 train_decoder_tail=0.000000e+00
I 07.01/17:04:10 train_mapper.py:622 ] epoch=0182 train_loss=2.259070e-02 train_mse=4.933812e-03 train_cos=0.996127 train_nmse=-21.142dB train_rec=0.000000e+00 train_recT=1.330574e-06 train_fc=0.000000e+00 train_decoder_tail=0.000000e+00
I 07.01/17:05:16 train_mapper.py:622 ] epoch=0183 train_loss=2.246287e-02 train_mse=4.901315e-03 train_cos=0.996152 train_nmse=-21.171dB train_rec=0.000000e+00 train_recT=1.313832e-06 train_fc=0.000000e+00 train_decoder_tail=0.000000e+00
I 07.01/17:06:22 train_mapper.py:622 ] epoch=0184 train_loss=2.247374e-02 train_mse=4.902009e-03 train_cos=0.996150 train_nmse=-21.170dB train_rec=0.000000e+00 train_recT=1.317166e-06 train_fc=0.000000e+00 train_decoder_tail=0.000000e+00
I 07.01/17:07:31 train_mapper.py:622 ] epoch=0185 train_loss=2.229844e-02 train_mse=4.859034e-03 train_cos=0.996186 train_nmse=-21.208dB train_rec=0.000000e+00 train_recT=1.301622e-06 train_fc=0.000000e+00 train_decoder_tail=0.000000e+00
I 07.01/17:08:39 train_mapper.py:622 ] epoch=0186 train_loss=2.226962e-02 train_mse=4.849698e-03 train_cos=0.996191 train_nmse=-21.217dB train_rec=0.000000e+00 train_recT=1.300868e-06 train_fc=0.000000e+00 train_decoder_tail=0.000000e+00
I 07.01/17:09:49 train_mapper.py:622 ] epoch=0187 train_loss=2.224525e-02 train_mse=4.842907e-03 train_cos=0.996198 train_nmse=-21.223dB train_rec=0.000000e+00 train_recT=1.300693e-06 train_fc=0.000000e+00 train_decoder_tail=0.000000e+00
I 07.01/17:11:01 train_mapper.py:622 ] epoch=0188 train_loss=2.221811e-02 train_mse=4.835385e-03 train_cos=0.996205 train_nmse=-21.229dB train_rec=0.000000e+00 train_recT=1.302003e-06 train_fc=0.000000e+00 train_decoder_tail=0.000000e+00
I 07.01/17:12:15 train_mapper.py:622 ] epoch=0189 train_loss=2.223418e-02 train_mse=4.838483e-03 train_cos=0.996204 train_nmse=-21.227dB train_rec=0.000000e+00 train_recT=1.311755e-06 train_fc=0.000000e+00 train_decoder_tail=0.000000e+00
I 07.01/17:13:28 train_mapper.py:622 ] epoch=0190 train_loss=2.216971e-02 train_mse=4.821414e-03 train_cos=0.996217 train_nmse=-21.242dB train_rec=0.000000e+00 train_recT=1.298367e-06 train_fc=0.000000e+00 train_decoder_tail=0.000000e+00
I 07.01/17:14:27 train_mapper.py:622 ] epoch=0191 train_loss=2.210453e-02 train_mse=4.803463e-03 train_cos=0.996229 train_nmse=-21.258dB train_rec=0.000000e+00 train_recT=1.293588e-06 train_fc=0.000000e+00 train_decoder_tail=0.000000e+00
I 07.01/17:15:33 train_mapper.py:622 ] epoch=0192 train_loss=2.207441e-02 train_mse=4.795280e-03 train_cos=0.996235 train_nmse=-21.265dB train_rec=0.000000e+00 train_recT=1.291522e-06 train_fc=0.000000e+00 train_decoder_tail=0.000000e+00
I 07.01/17:16:44 train_mapper.py:622 ] epoch=0193 train_loss=2.190348e-02 train_mse=4.752133e-03 train_cos=0.996270 train_nmse=-21.305dB train_rec=0.000000e+00 train_recT=1.279490e-06 train_fc=0.000000e+00 train_decoder_tail=0.000000e+00
I 07.01/17:17:56 train_mapper.py:622 ] epoch=0194 train_loss=2.187454e-02 train_mse=4.744225e-03 train_cos=0.996275 train_nmse=-21.312dB train_rec=0.000000e+00 train_recT=1.274706e-06 train_fc=0.000000e+00 train_decoder_tail=0.000000e+00
I 07.01/17:19:06 train_mapper.py:622 ] epoch=0195 train_loss=2.181052e-02 train_mse=4.727302e-03 train_cos=0.996289 train_nmse=-21.328dB train_rec=0.000000e+00 train_recT=1.270618e-06 train_fc=0.000000e+00 train_decoder_tail=0.000000e+00
I 07.01/17:20:06 train_mapper.py:622 ] epoch=0196 train_loss=2.179733e-02 train_mse=4.722980e-03 train_cos=0.996292 train_nmse=-21.332dB train_rec=0.000000e+00 train_recT=1.266926e-06 train_fc=0.000000e+00 train_decoder_tail=0.000000e+00
I 07.01/17:21:12 train_mapper.py:622 ] epoch=0197 train_loss=2.169047e-02 train_mse=4.696406e-03 train_cos=0.996313 train_nmse=-21.356dB train_rec=0.000000e+00 train_recT=1.260779e-06 train_fc=0.000000e+00 train_decoder_tail=0.000000e+00
I 07.01/17:22:20 train_mapper.py:622 ] epoch=0198 train_loss=2.171968e-02 train_mse=4.702164e-03 train_cos=0.996309 train_nmse=-21.351dB train_rec=0.000000e+00 train_recT=1.266558e-06 train_fc=0.000000e+00 train_decoder_tail=0.000000e+00
I 07.01/17:23:26 train_mapper.py:622 ] epoch=0199 train_loss=2.166178e-02 train_mse=4.686268e-03 train_cos=0.996320 train_nmse=-21.366dB train_rec=0.000000e+00 train_recT=1.259978e-06 train_fc=0.000000e+00 train_decoder_tail=0.000000e+00
I 07.01/17:24:34 train_mapper.py:622 ] epoch=0200 train_loss=2.155517e-02 train_mse=4.660034e-03 train_cos=0.996340 train_nmse=-21.390dB train_rec=0.000000e+00 train_recT=1.245865e-06 train_fc=0.000000e+00 train_decoder_tail=0.000000e+00
I 07.01/17:25:45 train_mapper.py:622 ] epoch=0201 train_loss=2.149177e-02 train_mse=4.643655e-03 train_cos=0.996356 train_nmse=-21.405dB train_rec=0.000000e+00 train_recT=1.246478e-06 train_fc=0.000000e+00 train_decoder_tail=0.000000e+00
I 07.01/17:26:58 train_mapper.py:622 ] epoch=0202 train_loss=2.148905e-02 train_mse=4.642132e-03 train_cos=0.996357 train_nmse=-21.406dB train_rec=0.000000e+00 train_recT=1.245432e-06 train_fc=0.000000e+00 train_decoder_tail=0.000000e+00
I 07.01/17:28:10 train_mapper.py:622 ] epoch=0203 train_loss=2.151167e-02 train_mse=4.646222e-03 train_cos=0.996353 train_nmse=-21.403dB train_rec=0.000000e+00 train_recT=1.251343e-06 train_fc=0.000000e+00 train_decoder_tail=0.000000e+00
I 07.01/17:29:20 train_mapper.py:622 ] epoch=0204 train_loss=2.145868e-02 train_mse=4.632452e-03 train_cos=0.996364 train_nmse=-21.416dB train_rec=0.000000e+00 train_recT=1.248324e-06 train_fc=0.000000e+00 train_decoder_tail=0.000000e+00
I 07.01/17:30:32 train_mapper.py:622 ] epoch=0205 train_loss=2.130414e-02 train_mse=4.593735e-03 train_cos=0.996394 train_nmse=-21.452dB train_rec=0.000000e+00 train_recT=1.236981e-06 train_fc=0.000000e+00 train_decoder_tail=0.000000e+00
I 07.01/17:31:41 train_mapper.py:622 ] epoch=0206 train_loss=2.135767e-02 train_mse=4.605476e-03 train_cos=0.996385 train_nmse=-21.441dB train_rec=0.000000e+00 train_recT=1.239400e-06 train_fc=0.000000e+00 train_decoder_tail=0.000000e+00
I 07.01/17:32:46 train_mapper.py:622 ] epoch=0207 train_loss=2.123316e-02 train_mse=4.575306e-03 train_cos=0.996411 train_nmse=-21.469dB train_rec=0.000000e+00 train_recT=1.232003e-06 train_fc=0.000000e+00 train_decoder_tail=0.000000e+00
I 07.01/17:33:54 train_mapper.py:622 ] epoch=0208 train_loss=2.113287e-02 train_mse=4.549092e-03 train_cos=0.996429 train_nmse=-21.494dB train_rec=0.000000e+00 train_recT=1.222426e-06 train_fc=0.000000e+00 train_decoder_tail=0.000000e+00
I 07.01/17:34:59 train_mapper.py:622 ] epoch=0209 train_loss=2.111142e-02 train_mse=4.543185e-03 train_cos=0.996434 train_nmse=-21.500dB train_rec=0.000000e+00 train_recT=1.219769e-06 train_fc=0.000000e+00 train_decoder_tail=0.000000e+00
I 07.01/17:36:05 train_mapper.py:622 ] epoch=0210 train_loss=2.108526e-02 train_mse=4.535842e-03 train_cos=0.996439 train_nmse=-21.507dB train_rec=0.000000e+00 train_recT=1.220804e-06 train_fc=0.000000e+00 train_decoder_tail=0.000000e+00
I 07.01/17:37:18 train_mapper.py:622 ] epoch=0211 train_loss=2.100771e-02 train_mse=4.516212e-03 train_cos=0.996455 train_nmse=-21.526dB train_rec=0.000000e+00 train_recT=1.209781e-06 train_fc=0.000000e+00 train_decoder_tail=0.000000e+00
I 07.01/17:38:24 train_mapper.py:622 ] epoch=0212 train_loss=2.098611e-02 train_mse=4.509936e-03 train_cos=0.996461 train_nmse=-21.532dB train_rec=0.000000e+00 train_recT=1.210484e-06 train_fc=0.000000e+00 train_decoder_tail=0.000000e+00
I 07.01/17:39:33 train_mapper.py:622 ] epoch=0213 train_loss=2.099571e-02 train_mse=4.510895e-03 train_cos=0.996461 train_nmse=-21.531dB train_rec=0.000000e+00 train_recT=1.215728e-06 train_fc=0.000000e+00 train_decoder_tail=0.000000e+00
I 07.01/17:40:41 train_mapper.py:622 ] epoch=0214 train_loss=2.085851e-02 train_mse=4.478120e-03 train_cos=0.996488 train_nmse=-21.563dB train_rec=0.000000e+00 train_recT=1.202027e-06 train_fc=0.000000e+00 train_decoder_tail=0.000000e+00
I 07.01/17:41:49 train_mapper.py:622 ] epoch=0215 train_loss=2.090319e-02 train_mse=4.487546e-03 train_cos=0.996479 train_nmse=-21.554dB train_rec=0.000000e+00 train_recT=1.203700e-06 train_fc=0.000000e+00 train_decoder_tail=0.000000e+00
I 07.01/17:42:54 train_mapper.py:622 ] epoch=0216 train_loss=2.091834e-02 train_mse=4.489714e-03 train_cos=0.996478 train_nmse=-21.551dB train_rec=0.000000e+00 train_recT=1.208005e-06 train_fc=0.000000e+00 train_decoder_tail=0.000000e+00
I 07.01/17:44:04 train_mapper.py:622 ] epoch=0217 train_loss=2.074607e-02 train_mse=4.448287e-03 train_cos=0.996510 train_nmse=-21.592dB train_rec=0.000000e+00 train_recT=1.195961e-06 train_fc=0.000000e+00 train_decoder_tail=0.000000e+00
I 07.01/17:45:14 train_mapper.py:622 ] epoch=0218 train_loss=2.074526e-02 train_mse=4.445365e-03 train_cos=0.996509 train_nmse=-21.595dB train_rec=0.000000e+00 train_recT=1.192518e-06 train_fc=0.000000e+00 train_decoder_tail=0.000000e+00
I 07.01/17:46:18 train_mapper.py:622 ] epoch=0219 train_loss=2.073752e-02 train_mse=4.443966e-03 train_cos=0.996512 train_nmse=-21.596dB train_rec=0.000000e+00 train_recT=1.194520e-06 train_fc=0.000000e+00 train_decoder_tail=0.000000e+00
I 07.01/17:47:25 train_mapper.py:622 ] epoch=0220 train_loss=2.068476e-02 train_mse=4.429653e-03 train_cos=0.996523 train_nmse=-21.610dB train_rec=0.000000e+00 train_recT=1.190228e-06 train_fc=0.000000e+00 train_decoder_tail=0.000000e+00
I 07.01/17:48:30 train_mapper.py:622 ] epoch=0221 train_loss=2.055245e-02 train_mse=4.397881e-03 train_cos=0.996549 train_nmse=-21.641dB train_rec=0.000000e+00 train_recT=1.179145e-06 train_fc=0.000000e+00 train_decoder_tail=0.000000e+00
I 07.01/17:49:42 train_mapper.py:622 ] epoch=0222 train_loss=2.051008e-02 train_mse=4.386742e-03 train_cos=0.996557 train_nmse=-21.652dB train_rec=0.000000e+00 train_recT=1.173678e-06 train_fc=0.000000e+00 train_decoder_tail=0.000000e+00
I 07.01/17:50:47 train_mapper.py:622 ] epoch=0223 train_loss=2.049065e-02 train_mse=4.381194e-03 train_cos=0.996562 train_nmse=-21.658dB train_rec=0.000000e+00 train_recT=1.172135e-06 train_fc=0.000000e+00 train_decoder_tail=0.000000e+00
I 07.01/17:51:52 train_mapper.py:622 ] epoch=0224 train_loss=2.052499e-02 train_mse=4.388165e-03 train_cos=0.996556 train_nmse=-21.651dB train_rec=0.000000e+00 train_recT=1.179294e-06 train_fc=0.000000e+00 train_decoder_tail=0.000000e+00
I 07.01/17:53:00 train_mapper.py:622 ] epoch=0225 train_loss=2.046983e-02 train_mse=4.374392e-03 train_cos=0.996567 train_nmse=-21.665dB train_rec=0.000000e+00 train_recT=1.174835e-06 train_fc=0.000000e+00 train_decoder_tail=0.000000e+00
I 07.01/17:54:10 train_mapper.py:622 ] epoch=0226 train_loss=2.041103e-02 train_mse=4.359175e-03 train_cos=0.996578 train_nmse=-21.680dB train_rec=0.000000e+00 train_recT=1.167035e-06 train_fc=0.000000e+00 train_decoder_tail=0.000000e+00
I 07.01/17:55:13 train_mapper.py:622 ] epoch=0227 train_loss=2.030020e-02 train_mse=4.332427e-03 train_cos=0.996600 train_nmse=-21.706dB train_rec=0.000000e+00 train_recT=1.160445e-06 train_fc=0.000000e+00 train_decoder_tail=0.000000e+00
I 07.01/17:56:21 train_mapper.py:622 ] epoch=0228 train_loss=2.032005e-02 train_mse=4.335929e-03 train_cos=0.996597 train_nmse=-21.703dB train_rec=0.000000e+00 train_recT=1.162161e-06 train_fc=0.000000e+00 train_decoder_tail=0.000000e+00
I 07.01/17:57:29 train_mapper.py:622 ] epoch=0229 train_loss=2.030575e-02 train_mse=4.331724e-03 train_cos=0.996601 train_nmse=-21.707dB train_rec=0.000000e+00 train_recT=1.162511e-06 train_fc=0.000000e+00 train_decoder_tail=0.000000e+00
I 07.01/17:58:31 train_mapper.py:622 ] epoch=0230 train_loss=2.019156e-02 train_mse=4.303424e-03 train_cos=0.996622 train_nmse=-21.736dB train_rec=0.000000e+00 train_recT=1.151822e-06 train_fc=0.000000e+00 train_decoder_tail=0.000000e+00
I 07.01/17:59:38 train_mapper.py:622 ] epoch=0231 train_loss=2.013738e-02 train_mse=4.289272e-03 train_cos=0.996633 train_nmse=-21.750dB train_rec=0.000000e+00 train_recT=1.145669e-06 train_fc=0.000000e+00 train_decoder_tail=0.000000e+00
I 07.01/18:00:42 train_mapper.py:622 ] epoch=0232 train_loss=2.012047e-02 train_mse=4.284822e-03 train_cos=0.996636 train_nmse=-21.754dB train_rec=0.000000e+00 train_recT=1.144726e-06 train_fc=0.000000e+00 train_decoder_tail=0.000000e+00
I 07.01/18:01:44 train_mapper.py:622 ] epoch=0233 train_loss=2.009638e-02 train_mse=4.279106e-03 train_cos=0.996642 train_nmse=-21.760dB train_rec=0.000000e+00 train_recT=1.147483e-06 train_fc=0.000000e+00 train_decoder_tail=0.000000e+00
I 07.01/18:02:51 train_mapper.py:622 ] epoch=0234 train_loss=2.008358e-02 train_mse=4.274875e-03 train_cos=0.996646 train_nmse=-21.765dB train_rec=0.000000e+00 train_recT=1.146493e-06 train_fc=0.000000e+00 train_decoder_tail=0.000000e+00
I 07.01/18:03:52 train_mapper.py:622 ] epoch=0235 train_loss=2.004976e-02 train_mse=4.266666e-03 train_cos=0.996654 train_nmse=-21.773dB train_rec=0.000000e+00 train_recT=1.142822e-06 train_fc=0.000000e+00 train_decoder_tail=0.000000e+00
I 07.01/18:04:51 train_mapper.py:622 ] epoch=0236 train_loss=2.000956e-02 train_mse=4.255900e-03 train_cos=0.996661 train_nmse=-21.784dB train_rec=0.000000e+00 train_recT=1.139292e-06 train_fc=0.000000e+00 train_decoder_tail=0.000000e+00
I 07.01/18:05:56 train_mapper.py:622 ] epoch=0237 train_loss=1.994675e-02 train_mse=4.240485e-03 train_cos=0.996675 train_nmse=-21.800dB train_rec=0.000000e+00 train_recT=1.139226e-06 train_fc=0.000000e+00 train_decoder_tail=0.000000e+00
I 07.01/18:06:59 train_mapper.py:622 ] epoch=0238 train_loss=1.986843e-02 train_mse=4.220377e-03 train_cos=0.996689 train_nmse=-21.820dB train_rec=0.000000e+00 train_recT=1.132369e-06 train_fc=0.000000e+00 train_decoder_tail=0.000000e+00
I 07.01/18:08:05 train_mapper.py:622 ] epoch=0239 train_loss=1.987742e-02 train_mse=4.221811e-03 train_cos=0.996686 train_nmse=-21.819dB train_rec=0.000000e+00 train_recT=1.128154e-06 train_fc=0.000000e+00 train_decoder_tail=0.000000e+00
I 07.01/18:08:59 train_mapper.py:622 ] epoch=0240 train_loss=1.986482e-02 train_mse=4.218366e-03 train_cos=0.996690 train_nmse=-21.822dB train_rec=0.000000e+00 train_recT=1.130475e-06 train_fc=0.000000e+00 train_decoder_tail=0.000000e+00
I 07.01/18:09:59 train_mapper.py:622 ] epoch=0241 train_loss=1.976124e-02 train_mse=4.193758e-03 train_cos=0.996710 train_nmse=-21.848dB train_rec=0.000000e+00 train_recT=1.121788e-06 train_fc=0.000000e+00 train_decoder_tail=0.000000e+00
I 07.01/18:10:51 train_mapper.py:622 ] epoch=0242 train_loss=1.972054e-02 train_mse=4.182339e-03 train_cos=0.996718 train_nmse=-21.859dB train_rec=0.000000e+00 train_recT=1.120389e-06 train_fc=0.000000e+00 train_decoder_tail=0.000000e+00
I 07.01/18:11:52 train_mapper.py:622 ] epoch=0243 train_loss=1.977220e-02 train_mse=4.193221e-03 train_cos=0.996709 train_nmse=-21.848dB train_rec=0.000000e+00 train_recT=1.129219e-06 train_fc=0.000000e+00 train_decoder_tail=0.000000e+00
I 07.01/18:12:55 train_mapper.py:622 ] epoch=0244 train_loss=1.969224e-02 train_mse=4.174426e-03 train_cos=0.996725 train_nmse=-21.868dB train_rec=0.000000e+00 train_recT=1.120219e-06 train_fc=0.000000e+00 train_decoder_tail=0.000000e+00
I 07.01/18:13:54 train_mapper.py:622 ] epoch=0245 train_loss=1.963266e-02 train_mse=4.159346e-03 train_cos=0.996736 train_nmse=-21.883dB train_rec=0.000000e+00 train_recT=1.116025e-06 train_fc=0.000000e+00 train_decoder_tail=0.000000e+00
I 07.01/18:14:50 train_mapper.py:622 ] epoch=0246 train_loss=1.952912e-02 train_mse=4.134550e-03 train_cos=0.996754 train_nmse=-21.910dB train_rec=0.000000e+00 train_recT=1.101875e-06 train_fc=0.000000e+00 train_decoder_tail=0.000000e+00
I 07.01/18:15:54 train_mapper.py:622 ] epoch=0247 train_loss=1.949900e-02 train_mse=4.126592e-03 train_cos=0.996760 train_nmse=-21.918dB train_rec=0.000000e+00 train_recT=1.100784e-06 train_fc=0.000000e+00 train_decoder_tail=0.000000e+00
I 07.01/18:16:59 train_mapper.py:622 ] epoch=0248 train_loss=1.954074e-02 train_mse=4.135094e-03 train_cos=0.996753 train_nmse=-21.909dB train_rec=0.000000e+00 train_recT=1.102698e-06 train_fc=0.000000e+00 train_decoder_tail=0.000000e+00
I 07.01/18:17:59 train_mapper.py:622 ] epoch=0249 train_loss=1.943865e-02 train_mse=4.111195e-03 train_cos=0.996775 train_nmse=-21.934dB train_rec=0.000000e+00 train_recT=1.103945e-06 train_fc=0.000000e+00 train_decoder_tail=0.000000e+00
I 07.01/18:19:02 train_mapper.py:622 ] epoch=0250 train_loss=1.946441e-02 train_mse=4.116176e-03 train_cos=0.996769 train_nmse=-21.929dB train_rec=0.000000e+00 train_recT=1.101748e-06 train_fc=0.000000e+00 train_decoder_tail=0.000000e+00
I 07.01/18:20:15 train_mapper.py:622 ] epoch=0251 train_loss=1.944238e-02 train_mse=4.110863e-03 train_cos=0.996775 train_nmse=-21.934dB train_rec=0.000000e+00 train_recT=1.101235e-06 train_fc=0.000000e+00 train_decoder_tail=0.000000e+00
I 07.01/18:21:20 train_mapper.py:622 ] epoch=0252 train_loss=1.941061e-02 train_mse=4.102871e-03 train_cos=0.996782 train_nmse=-21.943dB train_rec=0.000000e+00 train_recT=1.099092e-06 train_fc=0.000000e+00 train_decoder_tail=0.000000e+00
I 07.01/18:22:27 train_mapper.py:622 ] epoch=0253 train_loss=1.940477e-02 train_mse=4.100363e-03 train_cos=0.996783 train_nmse=-21.946dB train_rec=0.000000e+00 train_recT=1.097091e-06 train_fc=0.000000e+00 train_decoder_tail=0.000000e+00
I 07.01/18:23:34 train_mapper.py:622 ] epoch=0254 train_loss=1.934657e-02 train_mse=4.085863e-03 train_cos=0.996793 train_nmse=-21.961dB train_rec=0.000000e+00 train_recT=1.092163e-06 train_fc=0.000000e+00 train_decoder_tail=0.000000e+00
I 07.01/18:24:34 train_mapper.py:622 ] epoch=0255 train_loss=1.928450e-02 train_mse=4.071599e-03 train_cos=0.996806 train_nmse=-21.976dB train_rec=0.000000e+00 train_recT=1.089877e-06 train_fc=0.000000e+00 train_decoder_tail=0.000000e+00
I 07.01/18:25:40 train_mapper.py:622 ] epoch=0256 train_loss=1.919451e-02 train_mse=4.049617e-03 train_cos=0.996824 train_nmse=-22.000dB train_rec=0.000000e+00 train_recT=1.083541e-06 train_fc=0.000000e+00 train_decoder_tail=0.000000e+00
I 07.01/18:26:43 train_mapper.py:622 ] epoch=0257 train_loss=1.918032e-02 train_mse=4.044591e-03 train_cos=0.996825 train_nmse=-22.005dB train_rec=0.000000e+00 train_recT=1.082852e-06 train_fc=0.000000e+00 train_decoder_tail=0.000000e+00
I 07.01/18:27:47 train_mapper.py:622 ] epoch=0258 train_loss=1.916245e-02 train_mse=4.040086e-03 train_cos=0.996830 train_nmse=-22.010dB train_rec=0.000000e+00 train_recT=1.082781e-06 train_fc=0.000000e+00 train_decoder_tail=0.000000e+00
I 07.01/18:28:49 train_mapper.py:622 ] epoch=0259 train_loss=1.914665e-02 train_mse=4.036412e-03 train_cos=0.996833 train_nmse=-22.014dB train_rec=0.000000e+00 train_recT=1.082660e-06 train_fc=0.000000e+00 train_decoder_tail=0.000000e+00
I 07.01/18:29:56 train_mapper.py:622 ] epoch=0260 train_loss=1.910398e-02 train_mse=4.025424e-03 train_cos=0.996841 train_nmse=-22.026dB train_rec=0.000000e+00 train_recT=1.078580e-06 train_fc=0.000000e+00 train_decoder_tail=0.000000e+00
I 07.01/18:31:05 train_mapper.py:622 ] epoch=0261 train_loss=1.905532e-02 train_mse=4.013330e-03 train_cos=0.996851 train_nmse=-22.039dB train_rec=0.000000e+00 train_recT=1.074765e-06 train_fc=0.000000e+00 train_decoder_tail=0.000000e+00
I 07.01/18:32:10 train_mapper.py:622 ] epoch=0262 train_loss=1.902375e-02 train_mse=4.005680e-03 train_cos=0.996857 train_nmse=-22.047dB train_rec=0.000000e+00 train_recT=1.071662e-06 train_fc=0.000000e+00 train_decoder_tail=0.000000e+00
I 07.01/18:33:07 train_mapper.py:622 ] epoch=0263 train_loss=1.906533e-02 train_mse=4.014539e-03 train_cos=0.996850 train_nmse=-22.037dB train_rec=0.000000e+00 train_recT=1.075468e-06 train_fc=0.000000e+00 train_decoder_tail=0.000000e+00
I 07.01/18:34:06 train_mapper.py:622 ] epoch=0264 train_loss=1.897292e-02 train_mse=3.993074e-03 train_cos=0.996868 train_nmse=-22.061dB train_rec=0.000000e+00 train_recT=1.064267e-06 train_fc=0.000000e+00 train_decoder_tail=0.000000e+00
I 07.01/18:35:04 train_mapper.py:622 ] epoch=0265 train_loss=1.897856e-02 train_mse=3.992636e-03 train_cos=0.996866 train_nmse=-22.061dB train_rec=0.000000e+00 train_recT=1.067416e-06 train_fc=0.000000e+00 train_decoder_tail=0.000000e+00
I 07.01/18:35:57 train_mapper.py:622 ] epoch=0266 train_loss=1.887908e-02 train_mse=3.969390e-03 train_cos=0.996886 train_nmse=-22.086dB train_rec=0.000000e+00 train_recT=1.060954e-06 train_fc=0.000000e+00 train_decoder_tail=0.000000e+00
I 07.01/18:36:53 train_mapper.py:622 ] epoch=0267 train_loss=1.885103e-02 train_mse=3.962559e-03 train_cos=0.996890 train_nmse=-22.094dB train_rec=0.000000e+00 train_recT=1.060668e-06 train_fc=0.000000e+00 train_decoder_tail=0.000000e+00
I 07.01/18:37:52 train_mapper.py:622 ] epoch=0268 train_loss=1.881151e-02 train_mse=3.952615e-03 train_cos=0.996898 train_nmse=-22.105dB train_rec=0.000000e+00 train_recT=1.055701e-06 train_fc=0.000000e+00 train_decoder_tail=0.000000e+00
I 07.01/18:38:53 train_mapper.py:622 ] epoch=0269 train_loss=1.882764e-02 train_mse=3.955384e-03 train_cos=0.996895 train_nmse=-22.102dB train_rec=0.000000e+00 train_recT=1.056627e-06 train_fc=0.000000e+00 train_decoder_tail=0.000000e+00
I 07.01/18:39:50 train_mapper.py:622 ] epoch=0270 train_loss=1.881311e-02 train_mse=3.951863e-03 train_cos=0.996901 train_nmse=-22.106dB train_rec=0.000000e+00 train_recT=1.059771e-06 train_fc=0.000000e+00 train_decoder_tail=0.000000e+00
I 07.01/18:40:37 train_mapper.py:622 ] epoch=0271 train_loss=1.878555e-02 train_mse=3.944969e-03 train_cos=0.996906 train_nmse=-22.113dB train_rec=0.000000e+00 train_recT=1.054037e-06 train_fc=0.000000e+00 train_decoder_tail=0.000000e+00
I 07.01/18:41:35 train_mapper.py:622 ] epoch=0272 train_loss=1.872189e-02 train_mse=3.929262e-03 train_cos=0.996917 train_nmse=-22.131dB train_rec=0.000000e+00 train_recT=1.049493e-06 train_fc=0.000000e+00 train_decoder_tail=0.000000e+00
I 07.01/18:42:24 train_mapper.py:622 ] epoch=0273 train_loss=1.866031e-02 train_mse=3.914183e-03 train_cos=0.996929 train_nmse=-22.147dB train_rec=0.000000e+00 train_recT=1.045115e-06 train_fc=0.000000e+00 train_decoder_tail=0.000000e+00
I 07.01/18:43:16 train_mapper.py:622 ] epoch=0274 train_loss=1.863195e-02 train_mse=3.907096e-03 train_cos=0.996934 train_nmse=-22.155dB train_rec=0.000000e+00 train_recT=1.041479e-06 train_fc=0.000000e+00 train_decoder_tail=0.000000e+00
I 07.01/18:44:18 train_mapper.py:622 ] epoch=0275 train_loss=1.865623e-02 train_mse=3.911943e-03 train_cos=0.996930 train_nmse=-22.150dB train_rec=0.000000e+00 train_recT=1.049118e-06 train_fc=0.000000e+00 train_decoder_tail=0.000000e+00
I 07.01/18:45:28 train_mapper.py:622 ] epoch=0276 train_loss=1.860666e-02 train_mse=3.900554e-03 train_cos=0.996939 train_nmse=-22.162dB train_rec=0.000000e+00 train_recT=1.038569e-06 train_fc=0.000000e+00 train_decoder_tail=0.000000e+00
I 07.01/18:46:39 train_mapper.py:622 ] epoch=0277 train_loss=1.860883e-02 train_mse=3.899698e-03 train_cos=0.996939 train_nmse=-22.163dB train_rec=0.000000e+00 train_recT=1.046379e-06 train_fc=0.000000e+00 train_decoder_tail=0.000000e+00
I 07.01/18:47:49 train_mapper.py:622 ] epoch=0278 train_loss=1.855284e-02 train_mse=3.886618e-03 train_cos=0.996951 train_nmse=-22.178dB train_rec=0.000000e+00 train_recT=1.038477e-06 train_fc=0.000000e+00 train_decoder_tail=0.000000e+00
I 07.01/18:49:02 train_mapper.py:622 ] epoch=0279 train_loss=1.849573e-02 train_mse=3.872825e-03 train_cos=0.996961 train_nmse=-22.193dB train_rec=0.000000e+00 train_recT=1.037525e-06 train_fc=0.000000e+00 train_decoder_tail=0.000000e+00
I 07.01/18:50:13 train_mapper.py:622 ] epoch=0280 train_loss=1.847775e-02 train_mse=3.867984e-03 train_cos=0.996964 train_nmse=-22.199dB train_rec=0.000000e+00 train_recT=1.035386e-06 train_fc=0.000000e+00 train_decoder_tail=0.000000e+00
I 07.01/18:51:23 train_mapper.py:622 ] epoch=0281 train_loss=1.836681e-02 train_mse=3.842668e-03 train_cos=0.996985 train_nmse=-22.227dB train_rec=0.000000e+00 train_recT=1.023338e-06 train_fc=0.000000e+00 train_decoder_tail=0.000000e+00
I 07.01/18:52:34 train_mapper.py:622 ] epoch=0282 train_loss=1.843278e-02 train_mse=3.856000e-03 train_cos=0.996972 train_nmse=-22.212dB train_rec=0.000000e+00 train_recT=1.028545e-06 train_fc=0.000000e+00 train_decoder_tail=0.000000e+00
I 07.01/18:53:44 train_mapper.py:622 ] epoch=0283 train_loss=1.829673e-02 train_mse=3.824978e-03 train_cos=0.996999 train_nmse=-22.248dB train_rec=0.000000e+00 train_recT=1.013053e-06 train_fc=0.000000e+00 train_decoder_tail=0.000000e+00
I 07.01/18:54:57 train_mapper.py:622 ] epoch=0284 train_loss=1.835887e-02 train_mse=3.838540e-03 train_cos=0.996988 train_nmse=-22.232dB train_rec=0.000000e+00 train_recT=1.025466e-06 train_fc=0.000000e+00 train_decoder_tail=0.000000e+00
I 07.01/18:56:09 train_mapper.py:622 ] epoch=0285 train_loss=1.832473e-02 train_mse=3.829927e-03 train_cos=0.996994 train_nmse=-22.242dB train_rec=0.000000e+00 train_recT=1.019780e-06 train_fc=0.000000e+00 train_decoder_tail=0.000000e+00
I 07.01/18:57:17 train_mapper.py:622 ] epoch=0286 train_loss=1.829178e-02 train_mse=3.822387e-03 train_cos=0.997001 train_nmse=-22.250dB train_rec=0.000000e+00 train_recT=1.018385e-06 train_fc=0.000000e+00 train_decoder_tail=0.000000e+00
I 07.01/18:58:30 train_mapper.py:622 ] epoch=0287 train_loss=1.831089e-02 train_mse=3.826095e-03 train_cos=0.996998 train_nmse=-22.246dB train_rec=0.000000e+00 train_recT=1.024797e-06 train_fc=0.000000e+00 train_decoder_tail=0.000000e+00
I 07.01/18:59:40 train_mapper.py:622 ] epoch=0288 train_loss=1.821289e-02 train_mse=3.803511e-03 train_cos=0.997016 train_nmse=-22.272dB train_rec=0.000000e+00 train_recT=1.016031e-06 train_fc=0.000000e+00 train_decoder_tail=0.000000e+00
I 07.01/19:00:51 train_mapper.py:622 ] epoch=0289 train_loss=1.827176e-02 train_mse=3.815527e-03 train_cos=0.997004 train_nmse=-22.258dB train_rec=0.000000e+00 train_recT=1.020478e-06 train_fc=0.000000e+00 train_decoder_tail=0.000000e+00
I 07.01/19:02:02 train_mapper.py:622 ] epoch=0290 train_loss=1.813113e-02 train_mse=3.783464e-03 train_cos=0.997031 train_nmse=-22.295dB train_rec=0.000000e+00 train_recT=1.009207e-06 train_fc=0.000000e+00 train_decoder_tail=0.000000e+00
I 07.01/19:03:14 train_mapper.py:622 ] epoch=0291 train_loss=1.816963e-02 train_mse=3.790922e-03 train_cos=0.997024 train_nmse=-22.286dB train_rec=0.000000e+00 train_recT=1.009397e-06 train_fc=0.000000e+00 train_decoder_tail=0.000000e+00
I 07.01/19:04:22 train_mapper.py:622 ] epoch=0292 train_loss=1.805839e-02 train_mse=3.765880e-03 train_cos=0.997046 train_nmse=-22.315dB train_rec=0.000000e+00 train_recT=1.001471e-06 train_fc=0.000000e+00 train_decoder_tail=0.000000e+00
I 07.01/19:05:35 train_mapper.py:622 ] epoch=0293 train_loss=1.808242e-02 train_mse=3.770006e-03 train_cos=0.997040 train_nmse=-22.311dB train_rec=0.000000e+00 train_recT=1.001343e-06 train_fc=0.000000e+00 train_decoder_tail=0.000000e+00
I 07.01/19:06:45 train_mapper.py:622 ] epoch=0294 train_loss=1.809856e-02 train_mse=3.773165e-03 train_cos=0.997038 train_nmse=-22.307dB train_rec=0.000000e+00 train_recT=1.005243e-06 train_fc=0.000000e+00 train_decoder_tail=0.000000e+00
I 07.01/19:07:53 train_mapper.py:622 ] epoch=0295 train_loss=1.801643e-02 train_mse=3.754448e-03 train_cos=0.997054 train_nmse=-22.328dB train_rec=0.000000e+00 train_recT=9.998396e-07 train_fc=0.000000e+00 train_decoder_tail=0.000000e+00
I 07.01/19:09:07 train_mapper.py:622 ] epoch=0296 train_loss=1.799042e-02 train_mse=3.748076e-03 train_cos=0.997060 train_nmse=-22.335dB train_rec=0.000000e+00 train_recT=9.986720e-07 train_fc=0.000000e+00 train_decoder_tail=0.000000e+00
I 07.01/19:10:16 train_mapper.py:622 ] epoch=0297 train_loss=1.795817e-02 train_mse=3.739737e-03 train_cos=0.997065 train_nmse=-22.345dB train_rec=0.000000e+00 train_recT=9.962169e-07 train_fc=0.000000e+00 train_decoder_tail=0.000000e+00
I 07.01/19:11:27 train_mapper.py:622 ] epoch=0298 train_loss=1.798377e-02 train_mse=3.745113e-03 train_cos=0.997060 train_nmse=-22.339dB train_rec=0.000000e+00 train_recT=1.000612e-06 train_fc=0.000000e+00 train_decoder_tail=0.000000e+00
I 07.01/19:12:38 train_mapper.py:622 ] epoch=0299 train_loss=1.791014e-02 train_mse=3.728320e-03 train_cos=0.997075 train_nmse=-22.359dB train_rec=0.000000e+00 train_recT=9.936169e-07 train_fc=0.000000e+00 train_decoder_tail=0.000000e+00
I 07.01/19:13:49 train_mapper.py:622 ] epoch=0300 train_loss=1.792084e-02 train_mse=3.729615e-03 train_cos=0.997073 train_nmse=-22.357dB train_rec=0.000000e+00 train_recT=9.922197e-07 train_fc=0.000000e+00 train_decoder_tail=0.000000e+00
I 07.01/19:14:57 train_mapper.py:622 ] epoch=0301 train_loss=1.783391e-02 train_mse=3.710537e-03 train_cos=0.997090 train_nmse=-22.379dB train_rec=0.000000e+00 train_recT=9.887487e-07 train_fc=0.000000e+00 train_decoder_tail=0.000000e+00
I 07.01/19:16:11 train_mapper.py:622 ] epoch=0302 train_loss=1.781605e-02 train_mse=3.705505e-03 train_cos=0.997094 train_nmse=-22.385dB train_rec=0.000000e+00 train_recT=9.872061e-07 train_fc=0.000000e+00 train_decoder_tail=0.000000e+00
I 07.01/19:17:17 train_mapper.py:622 ] epoch=0303 train_loss=1.782481e-02 train_mse=3.706463e-03 train_cos=0.997092 train_nmse=-22.384dB train_rec=0.000000e+00 train_recT=9.841894e-07 train_fc=0.000000e+00 train_decoder_tail=0.000000e+00
I 07.01/19:18:27 train_mapper.py:622 ] epoch=0304 train_loss=1.785930e-02 train_mse=3.713782e-03 train_cos=0.997085 train_nmse=-22.376dB train_rec=0.000000e+00 train_recT=9.888368e-07 train_fc=0.000000e+00 train_decoder_tail=0.000000e+00
I 07.01/19:19:39 train_mapper.py:622 ] epoch=0305 train_loss=1.774958e-02 train_mse=3.689177e-03 train_cos=0.997106 train_nmse=-22.404dB train_rec=0.000000e+00 train_recT=9.811485e-07 train_fc=0.000000e+00 train_decoder_tail=0.000000e+00
I 07.01/19:20:47 train_mapper.py:622 ] epoch=0306 train_loss=1.771006e-02 train_mse=3.679126e-03 train_cos=0.997113 train_nmse=-22.416dB train_rec=0.000000e+00 train_recT=9.780888e-07 train_fc=0.000000e+00 train_decoder_tail=0.000000e+00
I 07.01/19:22:02 train_mapper.py:622 ] epoch=0307 train_loss=1.769893e-02 train_mse=3.676257e-03 train_cos=0.997116 train_nmse=-22.420dB train_rec=0.000000e+00 train_recT=9.748902e-07 train_fc=0.000000e+00 train_decoder_tail=0.000000e+00
I 07.01/19:23:12 train_mapper.py:622 ] epoch=0308 train_loss=1.773620e-02 train_mse=3.684040e-03 train_cos=0.997110 train_nmse=-22.410dB train_rec=0.000000e+00 train_recT=9.826126e-07 train_fc=0.000000e+00 train_decoder_tail=0.000000e+00
I 07.01/19:24:23 train_mapper.py:622 ] epoch=0309 train_loss=1.768420e-02 train_mse=3.672576e-03 train_cos=0.997120 train_nmse=-22.424dB train_rec=0.000000e+00 train_recT=9.812032e-07 train_fc=0.000000e+00 train_decoder_tail=0.000000e+00
I 07.01/19:25:34 train_mapper.py:622 ] epoch=0310 train_loss=1.764222e-02 train_mse=3.662016e-03 train_cos=0.997127 train_nmse=-22.437dB train_rec=0.000000e+00 train_recT=9.780416e-07 train_fc=0.000000e+00 train_decoder_tail=0.000000e+00
I 07.01/19:26:46 train_mapper.py:622 ] epoch=0311 train_loss=1.761502e-02 train_mse=3.655018e-03 train_cos=0.997132 train_nmse=-22.445dB train_rec=0.000000e+00 train_recT=9.712674e-07 train_fc=0.000000e+00 train_decoder_tail=0.000000e+00
I 07.01/19:28:05 train_mapper.py:622 ] epoch=0312 train_loss=1.757846e-02 train_mse=3.646603e-03 train_cos=0.997138 train_nmse=-22.455dB train_rec=0.000000e+00 train_recT=9.678024e-07 train_fc=0.000000e+00 train_decoder_tail=0.000000e+00
I 07.01/19:29:17 train_mapper.py:622 ] epoch=0313 train_loss=1.757019e-02 train_mse=3.643933e-03 train_cos=0.997140 train_nmse=-22.458dB train_rec=0.000000e+00 train_recT=9.693442e-07 train_fc=0.000000e+00 train_decoder_tail=0.000000e+00
I 07.01/19:30:27 train_mapper.py:622 ] epoch=0314 train_loss=1.755186e-02 train_mse=3.639475e-03 train_cos=0.997145 train_nmse=-22.463dB train_rec=0.000000e+00 train_recT=9.699003e-07 train_fc=0.000000e+00 train_decoder_tail=0.000000e+00
I 07.01/19:31:37 train_mapper.py:622 ] epoch=0315 train_loss=1.749390e-02 train_mse=3.626076e-03 train_cos=0.997155 train_nmse=-22.479dB train_rec=0.000000e+00 train_recT=9.664486e-07 train_fc=0.000000e+00 train_decoder_tail=0.000000e+00
I 07.01/19:32:49 train_mapper.py:622 ] epoch=0316 train_loss=1.748660e-02 train_mse=3.623862e-03 train_cos=0.997157 train_nmse=-22.482dB train_rec=0.000000e+00 train_recT=9.640755e-07 train_fc=0.000000e+00 train_decoder_tail=0.000000e+00
I 07.01/19:33:57 train_mapper.py:622 ] epoch=0317 train_loss=1.749722e-02 train_mse=3.625046e-03 train_cos=0.997154 train_nmse=-22.481dB train_rec=0.000000e+00 train_recT=9.642069e-07 train_fc=0.000000e+00 train_decoder_tail=0.000000e+00
I 07.01/19:35:10 train_mapper.py:622 ] epoch=0318 train_loss=1.744444e-02 train_mse=3.613116e-03 train_cos=0.997164 train_nmse=-22.495dB train_rec=0.000000e+00 train_recT=9.610586e-07 train_fc=0.000000e+00 train_decoder_tail=0.000000e+00
I 07.01/19:36:26 train_mapper.py:622 ] epoch=0319 train_loss=1.740153e-02 train_mse=3.602989e-03 train_cos=0.997173 train_nmse=-22.507dB train_rec=0.000000e+00 train_recT=9.594002e-07 train_fc=0.000000e+00 train_decoder_tail=0.000000e+00
I 07.01/19:37:37 train_mapper.py:622 ] epoch=0320 train_loss=1.739084e-02 train_mse=3.600413e-03 train_cos=0.997175 train_nmse=-22.511dB train_rec=0.000000e+00 train_recT=9.612587e-07 train_fc=0.000000e+00 train_decoder_tail=0.000000e+00
I 07.01/19:38:46 train_mapper.py:622 ] epoch=0321 train_loss=1.740447e-02 train_mse=3.603001e-03 train_cos=0.997173 train_nmse=-22.507dB train_rec=0.000000e+00 train_recT=9.596824e-07 train_fc=0.000000e+00 train_decoder_tail=0.000000e+00
I 07.01/19:39:58 train_mapper.py:622 ] epoch=0322 train_loss=1.726537e-02 train_mse=3.570851e-03 train_cos=0.997198 train_nmse=-22.546dB train_rec=0.000000e+00 train_recT=9.466057e-07 train_fc=0.000000e+00 train_decoder_tail=0.000000e+00
I 07.01/19:41:12 train_mapper.py:622 ] epoch=0323 train_loss=1.730930e-02 train_mse=3.579961e-03 train_cos=0.997190 train_nmse=-22.535dB train_rec=0.000000e+00 train_recT=9.491159e-07 train_fc=0.000000e+00 train_decoder_tail=0.000000e+00
I 07.01/19:42:23 train_mapper.py:622 ] epoch=0324 train_loss=1.724048e-02 train_mse=3.564332e-03 train_cos=0.997202 train_nmse=-22.554dB train_rec=0.000000e+00 train_recT=9.456960e-07 train_fc=0.000000e+00 train_decoder_tail=0.000000e+00
I 07.01/19:43:34 train_mapper.py:622 ] epoch=0325 train_loss=1.727156e-02 train_mse=3.571104e-03 train_cos=0.997197 train_nmse=-22.546dB train_rec=0.000000e+00 train_recT=9.441400e-07 train_fc=0.000000e+00 train_decoder_tail=0.000000e+00
I 07.01/19:44:46 train_mapper.py:622 ] epoch=0326 train_loss=1.724145e-02 train_mse=3.564245e-03 train_cos=0.997203 train_nmse=-22.554dB train_rec=0.000000e+00 train_recT=9.428948e-07 train_fc=0.000000e+00 train_decoder_tail=0.000000e+00
I 07.01/19:45:56 train_mapper.py:622 ] epoch=0327 train_loss=1.719280e-02 train_mse=3.552925e-03 train_cos=0.997213 train_nmse=-22.568dB train_rec=0.000000e+00 train_recT=9.420382e-07 train_fc=0.000000e+00 train_decoder_tail=0.000000e+00
I 07.01/19:47:07 train_mapper.py:622 ] epoch=0328 train_loss=1.724585e-02 train_mse=3.564484e-03 train_cos=0.997203 train_nmse=-22.554dB train_rec=0.000000e+00 train_recT=9.508838e-07 train_fc=0.000000e+00 train_decoder_tail=0.000000e+00
I 07.01/19:48:15 train_mapper.py:622 ] epoch=0329 train_loss=1.715517e-02 train_mse=3.543373e-03 train_cos=0.997219 train_nmse=-22.580dB train_rec=0.000000e+00 train_recT=9.409498e-07 train_fc=0.000000e+00 train_decoder_tail=0.000000e+00
I 07.01/19:49:27 train_mapper.py:622 ] epoch=0330 train_loss=1.714903e-02 train_mse=3.541012e-03 train_cos=0.997220 train_nmse=-22.582dB train_rec=0.000000e+00 train_recT=9.387006e-07 train_fc=0.000000e+00 train_decoder_tail=0.000000e+00
I 07.01/19:50:36 train_mapper.py:622 ] epoch=0331 train_loss=1.704860e-02 train_mse=3.518685e-03 train_cos=0.997239 train_nmse=-22.610dB train_rec=0.000000e+00 train_recT=9.327668e-07 train_fc=0.000000e+00 train_decoder_tail=0.000000e+00
I 07.01/19:51:49 train_mapper.py:622 ] epoch=0332 train_loss=1.707760e-02 train_mse=3.524469e-03 train_cos=0.997234 train_nmse=-22.603dB train_rec=0.000000e+00 train_recT=9.343520e-07 train_fc=0.000000e+00 train_decoder_tail=0.000000e+00
I 07.01/19:53:02 train_mapper.py:622 ] epoch=0333 train_loss=1.710605e-02 train_mse=3.530613e-03 train_cos=0.997230 train_nmse=-22.595dB train_rec=0.000000e+00 train_recT=9.396765e-07 train_fc=0.000000e+00 train_decoder_tail=0.000000e+00
I 07.01/19:54:15 train_mapper.py:622 ] epoch=0334 train_loss=1.709875e-02 train_mse=3.528700e-03 train_cos=0.997231 train_nmse=-22.598dB train_rec=0.000000e+00 train_recT=9.393378e-07 train_fc=0.000000e+00 train_decoder_tail=0.000000e+00
I 07.01/19:55:24 train_mapper.py:622 ] epoch=0335 train_loss=1.703109e-02 train_mse=3.513054e-03 train_cos=0.997244 train_nmse=-22.617dB train_rec=0.000000e+00 train_recT=9.323400e-07 train_fc=0.000000e+00 train_decoder_tail=0.000000e+00
I 07.01/19:56:41 train_mapper.py:622 ] epoch=0336 train_loss=1.708149e-02 train_mse=3.523896e-03 train_cos=0.997235 train_nmse=-22.604dB train_rec=0.000000e+00 train_recT=9.367514e-07 train_fc=0.000000e+00 train_decoder_tail=0.000000e+00
I 07.01/19:57:54 train_mapper.py:622 ] epoch=0337 train_loss=1.698747e-02 train_mse=3.502313e-03 train_cos=0.997252 train_nmse=-22.630dB train_rec=0.000000e+00 train_recT=9.296261e-07 train_fc=0.000000e+00 train_decoder_tail=0.000000e+00
I 07.01/19:59:10 train_mapper.py:622 ] epoch=0338 train_loss=1.695814e-02 train_mse=3.495047e-03 train_cos=0.997258 train_nmse=-22.639dB train_rec=0.000000e+00 train_recT=9.270519e-07 train_fc=0.000000e+00 train_decoder_tail=0.000000e+00
I 07.01/20:00:21 train_mapper.py:622 ] epoch=0339 train_loss=1.690453e-02 train_mse=3.482833e-03 train_cos=0.997267 train_nmse=-22.654dB train_rec=0.000000e+00 train_recT=9.232696e-07 train_fc=0.000000e+00 train_decoder_tail=0.000000e+00
I 07.01/20:01:31 train_mapper.py:622 ] epoch=0340 train_loss=1.690605e-02 train_mse=3.483118e-03 train_cos=0.997267 train_nmse=-22.654dB train_rec=0.000000e+00 train_recT=9.230841e-07 train_fc=0.000000e+00 train_decoder_tail=0.000000e+00
I 07.01/20:02:40 train_mapper.py:622 ] epoch=0341 train_loss=1.696077e-02 train_mse=3.494397e-03 train_cos=0.997257 train_nmse=-22.640dB train_rec=0.000000e+00 train_recT=9.312351e-07 train_fc=0.000000e+00 train_decoder_tail=0.000000e+00
I 07.01/20:03:48 train_mapper.py:622 ] epoch=0342 train_loss=1.685099e-02 train_mse=3.470085e-03 train_cos=0.997279 train_nmse=-22.670dB train_rec=0.000000e+00 train_recT=9.251544e-07 train_fc=0.000000e+00 train_decoder_tail=0.000000e+00
I 07.01/20:04:58 train_mapper.py:622 ] epoch=0343 train_loss=1.682891e-02 train_mse=3.464265e-03 train_cos=0.997282 train_nmse=-22.678dB train_rec=0.000000e+00 train_recT=9.167911e-07 train_fc=0.000000e+00 train_decoder_tail=0.000000e+00
I 07.01/20:06:10 train_mapper.py:622 ] epoch=0344 train_loss=1.684609e-02 train_mse=3.468026e-03 train_cos=0.997279 train_nmse=-22.673dB train_rec=0.000000e+00 train_recT=9.215405e-07 train_fc=0.000000e+00 train_decoder_tail=0.000000e+00
I 07.01/20:07:17 train_mapper.py:622 ] epoch=0345 train_loss=1.679013e-02 train_mse=3.454951e-03 train_cos=0.997289 train_nmse=-22.689dB train_rec=0.000000e+00 train_recT=9.144165e-07 train_fc=0.000000e+00 train_decoder_tail=0.000000e+00
I 07.01/20:08:21 train_mapper.py:622 ] epoch=0346 train_loss=1.681455e-02 train_mse=3.460074e-03 train_cos=0.997285 train_nmse=-22.683dB train_rec=0.000000e+00 train_recT=9.205527e-07 train_fc=0.000000e+00 train_decoder_tail=0.000000e+00
I 07.01/20:09:28 train_mapper.py:622 ] epoch=0347 train_loss=1.683511e-02 train_mse=3.464533e-03 train_cos=0.997282 train_nmse=-22.677dB train_rec=0.000000e+00 train_recT=9.218524e-07 train_fc=0.000000e+00 train_decoder_tail=0.000000e+00
I 07.01/20:10:38 train_mapper.py:622 ] epoch=0348 train_loss=1.679841e-02 train_mse=3.455429e-03 train_cos=0.997288 train_nmse=-22.689dB train_rec=0.000000e+00 train_recT=9.197564e-07 train_fc=0.000000e+00 train_decoder_tail=0.000000e+00
I 07.01/20:11:49 train_mapper.py:622 ] epoch=0349 train_loss=1.677306e-02 train_mse=3.449807e-03 train_cos=0.997294 train_nmse=-22.696dB train_rec=0.000000e+00 train_recT=9.169351e-07 train_fc=0.000000e+00 train_decoder_tail=0.000000e+00
I 07.01/20:13:04 train_mapper.py:622 ] epoch=0350 train_loss=1.666507e-02 train_mse=3.425655e-03 train_cos=0.997312 train_nmse=-22.726dB train_rec=0.000000e+00 train_recT=9.062769e-07 train_fc=0.000000e+00 train_decoder_tail=0.000000e+00
I 07.01/20:14:14 train_mapper.py:622 ] epoch=0351 train_loss=1.666381e-02 train_mse=3.424056e-03 train_cos=0.997312 train_nmse=-22.728dB train_rec=0.000000e+00 train_recT=9.072286e-07 train_fc=0.000000e+00 train_decoder_tail=0.000000e+00
I 07.01/20:15:27 train_mapper.py:622 ] epoch=0352 train_loss=1.663673e-02 train_mse=3.418402e-03 train_cos=0.997318 train_nmse=-22.735dB train_rec=0.000000e+00 train_recT=9.070763e-07 train_fc=0.000000e+00 train_decoder_tail=0.000000e+00
I 07.01/20:16:36 train_mapper.py:622 ] epoch=0353 train_loss=1.663048e-02 train_mse=3.416066e-03 train_cos=0.997319 train_nmse=-22.739dB train_rec=0.000000e+00 train_recT=9.075044e-07 train_fc=0.000000e+00 train_decoder_tail=0.000000e+00
I 07.01/20:17:46 train_mapper.py:622 ] epoch=0354 train_loss=1.660012e-02 train_mse=3.408753e-03 train_cos=0.997324 train_nmse=-22.748dB train_rec=0.000000e+00 train_recT=9.039207e-07 train_fc=0.000000e+00 train_decoder_tail=0.000000e+00
I 07.01/20:18:54 train_mapper.py:622 ] epoch=0355 train_loss=1.660580e-02 train_mse=3.409686e-03 train_cos=0.997324 train_nmse=-22.747dB train_rec=0.000000e+00 train_recT=9.036508e-07 train_fc=0.000000e+00 train_decoder_tail=0.000000e+00
I 07.01/20:20:05 train_mapper.py:622 ] epoch=0356 train_loss=1.654675e-02 train_mse=3.396617e-03 train_cos=0.997334 train_nmse=-22.763dB train_rec=0.000000e+00 train_recT=8.991721e-07 train_fc=0.000000e+00 train_decoder_tail=0.000000e+00
I 07.01/20:21:14 train_mapper.py:622 ] epoch=0357 train_loss=1.659134e-02 train_mse=3.405566e-03 train_cos=0.997327 train_nmse=-22.752dB train_rec=0.000000e+00 train_recT=9.049006e-07 train_fc=0.000000e+00 train_decoder_tail=0.000000e+00
I 07.01/20:22:23 train_mapper.py:622 ] epoch=0358 train_loss=1.647118e-02 train_mse=3.379112e-03 train_cos=0.997349 train_nmse=-22.786dB train_rec=0.000000e+00 train_recT=8.944318e-07 train_fc=0.000000e+00 train_decoder_tail=0.000000e+00
I 07.01/20:23:31 train_mapper.py:622 ] epoch=0359 train_loss=1.649769e-02 train_mse=3.384347e-03 train_cos=0.997344 train_nmse=-22.779dB train_rec=0.000000e+00 train_recT=8.977874e-07 train_fc=0.000000e+00 train_decoder_tail=0.000000e+00
I 07.01/20:24:41 train_mapper.py:622 ] epoch=0360 train_loss=1.649734e-02 train_mse=3.383944e-03 train_cos=0.997345 train_nmse=-22.780dB train_rec=0.000000e+00 train_recT=8.977028e-07 train_fc=0.000000e+00 train_decoder_tail=0.000000e+00
I 07.01/20:25:47 train_mapper.py:622 ] epoch=0361 train_loss=1.647128e-02 train_mse=3.377805e-03 train_cos=0.997349 train_nmse=-22.787dB train_rec=0.000000e+00 train_recT=8.955097e-07 train_fc=0.000000e+00 train_decoder_tail=0.000000e+00
I 07.01/20:26:57 train_mapper.py:622 ] epoch=0362 train_loss=1.641627e-02 train_mse=3.364736e-03 train_cos=0.997359 train_nmse=-22.804dB train_rec=0.000000e+00 train_recT=8.897548e-07 train_fc=0.000000e+00 train_decoder_tail=0.000000e+00
I 07.01/20:28:10 train_mapper.py:622 ] epoch=0363 train_loss=1.644622e-02 train_mse=3.371417e-03 train_cos=0.997354 train_nmse=-22.795dB train_rec=0.000000e+00 train_recT=8.919655e-07 train_fc=0.000000e+00 train_decoder_tail=0.000000e+00
I 07.01/20:29:18 train_mapper.py:622 ] epoch=0364 train_loss=1.641915e-02 train_mse=3.365352e-03 train_cos=0.997359 train_nmse=-22.804dB train_rec=0.000000e+00 train_recT=8.889533e-07 train_fc=0.000000e+00 train_decoder_tail=0.000000e+00
I 07.01/20:30:27 train_mapper.py:622 ] epoch=0365 train_loss=1.635488e-02 train_mse=3.350785e-03 train_cos=0.997370 train_nmse=-22.822dB train_rec=0.000000e+00 train_recT=8.846349e-07 train_fc=0.000000e+00 train_decoder_tail=0.000000e+00
I 07.01/20:31:39 train_mapper.py:622 ] epoch=0366 train_loss=1.638892e-02 train_mse=3.357823e-03 train_cos=0.997364 train_nmse=-22.813dB train_rec=0.000000e+00 train_recT=8.860040e-07 train_fc=0.000000e+00 train_decoder_tail=0.000000e+00
I 07.01/20:32:45 train_mapper.py:622 ] epoch=0367 train_loss=1.631266e-02 train_mse=3.340652e-03 train_cos=0.997378 train_nmse=-22.836dB train_rec=0.000000e+00 train_recT=8.841786e-07 train_fc=0.000000e+00 train_decoder_tail=0.000000e+00
I 07.01/20:33:56 train_mapper.py:622 ] epoch=0368 train_loss=1.631112e-02 train_mse=3.340149e-03 train_cos=0.997379 train_nmse=-22.836dB train_rec=0.000000e+00 train_recT=8.860352e-07 train_fc=0.000000e+00 train_decoder_tail=0.000000e+00
I 07.01/20:35:08 train_mapper.py:622 ] epoch=0369 train_loss=1.630587e-02 train_mse=3.338130e-03 train_cos=0.997379 train_nmse=-22.839dB train_rec=0.000000e+00 train_recT=8.822035e-07 train_fc=0.000000e+00 train_decoder_tail=0.000000e+00
I 07.01/20:36:19 train_mapper.py:622 ] epoch=0370 train_loss=1.629386e-02 train_mse=3.335086e-03 train_cos=0.997383 train_nmse=-22.843dB train_rec=0.000000e+00 train_recT=8.835352e-07 train_fc=0.000000e+00 train_decoder_tail=0.000000e+00
I 07.01/20:37:31 train_mapper.py:622 ] epoch=0371 train_loss=1.630984e-02 train_mse=3.338741e-03 train_cos=0.997380 train_nmse=-22.838dB train_rec=0.000000e+00 train_recT=8.831803e-07 train_fc=0.000000e+00 train_decoder_tail=0.000000e+00
I 07.01/20:38:38 train_mapper.py:622 ] epoch=0372 train_loss=1.624194e-02 train_mse=3.323657e-03 train_cos=0.997393 train_nmse=-22.858dB train_rec=0.000000e+00 train_recT=8.769437e-07 train_fc=0.000000e+00 train_decoder_tail=0.000000e+00
I 07.01/20:39:49 train_mapper.py:622 ] epoch=0373 train_loss=1.624511e-02 train_mse=3.323342e-03 train_cos=0.997391 train_nmse=-22.858dB train_rec=0.000000e+00 train_recT=8.790158e-07 train_fc=0.000000e+00 train_decoder_tail=0.000000e+00
I 07.01/20:41:00 train_mapper.py:622 ] epoch=0374 train_loss=1.624042e-02 train_mse=3.321503e-03 train_cos=0.997391 train_nmse=-22.860dB train_rec=0.000000e+00 train_recT=8.731111e-07 train_fc=0.000000e+00 train_decoder_tail=0.000000e+00
I 07.01/20:42:10 train_mapper.py:622 ] epoch=0375 train_loss=1.617521e-02 train_mse=3.306996e-03 train_cos=0.997403 train_nmse=-22.879dB train_rec=0.000000e+00 train_recT=8.705475e-07 train_fc=0.000000e+00 train_decoder_tail=0.000000e+00
I 07.01/20:43:20 train_mapper.py:622 ] epoch=0376 train_loss=1.614084e-02 train_mse=3.299363e-03 train_cos=0.997411 train_nmse=-22.890dB train_rec=0.000000e+00 train_recT=8.743476e-07 train_fc=0.000000e+00 train_decoder_tail=0.000000e+00
I 07.01/20:44:29 train_mapper.py:622 ] epoch=0377 train_loss=1.618102e-02 train_mse=3.307964e-03 train_cos=0.997404 train_nmse=-22.878dB train_rec=0.000000e+00 train_recT=8.748206e-07 train_fc=0.000000e+00 train_decoder_tail=0.000000e+00
I 07.01/20:45:36 train_mapper.py:622 ] epoch=0378 train_loss=1.611812e-02 train_mse=3.293659e-03 train_cos=0.997416 train_nmse=-22.897dB train_rec=0.000000e+00 train_recT=8.750794e-07 train_fc=0.000000e+00 train_decoder_tail=0.000000e+00
I 07.01/20:46:46 train_mapper.py:622 ] epoch=0379 train_loss=1.614749e-02 train_mse=3.299828e-03 train_cos=0.997411 train_nmse=-22.889dB train_rec=0.000000e+00 train_recT=8.794644e-07 train_fc=0.000000e+00 train_decoder_tail=0.000000e+00
I 07.01/20:47:55 train_mapper.py:622 ] epoch=0380 train_loss=1.612726e-02 train_mse=3.295197e-03 train_cos=0.997414 train_nmse=-22.895dB train_rec=0.000000e+00 train_recT=8.711156e-07 train_fc=0.000000e+00 train_decoder_tail=0.000000e+00
I 07.01/20:49:05 train_mapper.py:622 ] epoch=0381 train_loss=1.614693e-02 train_mse=3.298948e-03 train_cos=0.997410 train_nmse=-22.890dB train_rec=0.000000e+00 train_recT=8.717191e-07 train_fc=0.000000e+00 train_decoder_tail=0.000000e+00
I 07.01/20:50:17 train_mapper.py:622 ] epoch=0382 train_loss=1.607358e-02 train_mse=3.282610e-03 train_cos=0.997425 train_nmse=-22.912dB train_rec=0.000000e+00 train_recT=8.690764e-07 train_fc=0.000000e+00 train_decoder_tail=0.000000e+00
I 07.01/20:51:26 train_mapper.py:622 ] epoch=0383 train_loss=1.602051e-02 train_mse=3.270656e-03 train_cos=0.997433 train_nmse=-22.928dB train_rec=0.000000e+00 train_recT=8.635379e-07 train_fc=0.000000e+00 train_decoder_tail=0.000000e+00
I 07.01/20:52:31 train_mapper.py:622 ] epoch=0384 train_loss=1.607442e-02 train_mse=3.281937e-03 train_cos=0.997424 train_nmse=-22.912dB train_rec=0.000000e+00 train_recT=8.695978e-07 train_fc=0.000000e+00 train_decoder_tail=0.000000e+00
I 07.01/20:53:46 train_mapper.py:622 ] epoch=0385 train_loss=1.605121e-02 train_mse=3.276716e-03 train_cos=0.997429 train_nmse=-22.919dB train_rec=0.000000e+00 train_recT=8.698221e-07 train_fc=0.000000e+00 train_decoder_tail=0.000000e+00
I 07.01/20:54:55 train_mapper.py:622 ] epoch=0386 train_loss=1.595915e-02 train_mse=3.256174e-03 train_cos=0.997445 train_nmse=-22.947dB train_rec=0.000000e+00 train_recT=8.602047e-07 train_fc=0.000000e+00 train_decoder_tail=0.000000e+00
I 07.01/20:56:05 train_mapper.py:622 ] epoch=0387 train_loss=1.594140e-02 train_mse=3.251790e-03 train_cos=0.997448 train_nmse=-22.953dB train_rec=0.000000e+00 train_recT=8.597110e-07 train_fc=0.000000e+00 train_decoder_tail=0.000000e+00
I 07.01/20:57:15 train_mapper.py:622 ] epoch=0388 train_loss=1.595100e-02 train_mse=3.253816e-03 train_cos=0.997448 train_nmse=-22.950dB train_rec=0.000000e+00 train_recT=8.615504e-07 train_fc=0.000000e+00 train_decoder_tail=0.000000e+00
I 07.01/20:58:23 train_mapper.py:622 ] epoch=0389 train_loss=1.596662e-02 train_mse=3.256249e-03 train_cos=0.997443 train_nmse=-22.947dB train_rec=0.000000e+00 train_recT=8.623017e-07 train_fc=0.000000e+00 train_decoder_tail=0.000000e+00
I 07.01/20:59:31 train_mapper.py:622 ] epoch=0390 train_loss=1.591465e-02 train_mse=3.244801e-03 train_cos=0.997452 train_nmse=-22.962dB train_rec=0.000000e+00 train_recT=8.560455e-07 train_fc=0.000000e+00 train_decoder_tail=0.000000e+00
I 07.01/21:00:39 train_mapper.py:622 ] epoch=0391 train_loss=1.591097e-02 train_mse=3.243147e-03 train_cos=0.997453 train_nmse=-22.964dB train_rec=0.000000e+00 train_recT=8.523919e-07 train_fc=0.000000e+00 train_decoder_tail=0.000000e+00
I 07.01/21:01:49 train_mapper.py:622 ] epoch=0392 train_loss=1.578783e-02 train_mse=3.216322e-03 train_cos=0.997475 train_nmse=-23.000dB train_rec=0.000000e+00 train_recT=8.471102e-07 train_fc=0.000000e+00 train_decoder_tail=0.000000e+00
I 07.01/21:03:01 train_mapper.py:622 ] epoch=0393 train_loss=1.582555e-02 train_mse=3.224222e-03 train_cos=0.997468 train_nmse=-22.990dB train_rec=0.000000e+00 train_recT=8.521609e-07 train_fc=0.000000e+00 train_decoder_tail=0.000000e+00
I 07.01/21:04:10 train_mapper.py:622 ] epoch=0394 train_loss=1.587250e-02 train_mse=3.234578e-03 train_cos=0.997462 train_nmse=-22.976dB train_rec=0.000000e+00 train_recT=8.580441e-07 train_fc=0.000000e+00 train_decoder_tail=0.000000e+00
I 07.01/21:05:21 train_mapper.py:622 ] epoch=0395 train_loss=1.582690e-02 train_mse=3.224190e-03 train_cos=0.997470 train_nmse=-22.989dB train_rec=0.000000e+00 train_recT=8.510592e-07 train_fc=0.000000e+00 train_decoder_tail=0.000000e+00
I 07.01/21:06:30 train_mapper.py:622 ] epoch=0396 train_loss=1.581115e-02 train_mse=3.219844e-03 train_cos=0.997472 train_nmse=-22.995dB train_rec=0.000000e+00 train_recT=8.498838e-07 train_fc=0.000000e+00 train_decoder_tail=0.000000e+00
I 07.01/21:07:38 train_mapper.py:622 ] epoch=0397 train_loss=1.571042e-02 train_mse=3.198410e-03 train_cos=0.997492 train_nmse=-23.024dB train_rec=0.000000e+00 train_recT=8.431078e-07 train_fc=0.000000e+00 train_decoder_tail=0.000000e+00
I 07.01/21:08:44 train_mapper.py:622 ] epoch=0398 train_loss=1.584401e-02 train_mse=3.226713e-03 train_cos=0.997468 train_nmse=-22.986dB train_rec=0.000000e+00 train_recT=8.533806e-07 train_fc=0.000000e+00 train_decoder_tail=0.000000e+00
I 07.01/21:09:49 train_mapper.py:622 ] epoch=0399 train_loss=1.579723e-02 train_mse=3.216521e-03 train_cos=0.997476 train_nmse=-23.000dB train_rec=0.000000e+00 train_recT=8.514216e-07 train_fc=0.000000e+00 train_decoder_tail=0.000000e+00
I 07.01/21:10:52 train_mapper.py:622 ] epoch=0400 train_loss=1.577839e-02 train_mse=3.211887e-03 train_cos=0.997478 train_nmse=-23.006dB train_rec=0.000000e+00 train_recT=8.488394e-07 train_fc=0.000000e+00 train_decoder_tail=0.000000e+00
I 07.01/21:16:16 train_mapper.py:738 ] best_loss_epoch=397 best_loss_selection=train_loss best_loss_metric=1.571042e-02 best_loss_mse=3.198410e-03 best_loss_loss=1.571042e-02
I 07.01/21:16:16 train_mapper.py:743 ] best_mse_epoch=397 best_mse_selection=train_mse best_mse_metric=3.198410e-03 best_mse_mse=3.198410e-03 best_mse_loss=1.571042e-02
I 07.01/21:16:16 train_mapper.py:749 ] all_best_loss_mse=3.135448e-03 all_best_loss_cos=0.997547 all_best_loss_nmse=-23.111dB
I 07.01/21:16:16 train_mapper.py:753 ] all_best_mse_mse=3.135448e-03 all_best_mse_cos=0.997547 all_best_mse_nmse=-23.111dB
