I 07.02/01:33:25 train_mapper.py:431 ] => Experiment directory: mapper/exps/mlp/smoothl1_0.5/seed2026_crnet_transnet_to_seed42_transnet_lr5e-4_ep400
I 07.02/01:33:25 train_mapper.py:432 ] => Checkpoint directory: mapper/exps/mlp/smoothl1_0.5/seed2026_crnet_transnet_to_seed42_transnet_lr5e-4_ep400/checkpoints
I 07.02/01:33:25 train_mapper.py:433 ] => Codeword directory: mapper/exps/mlp/smoothl1_0.5/seed2026_crnet_transnet_to_seed42_transnet_lr5e-4_ep400/codewords
I 07.02/01:33:25 train_mapper.py:434 ] => TensorBoard directory: mapper/exps/mlp/smoothl1_0.5/seed2026_crnet_transnet_to_seed42_transnet_lr5e-4_ep400/tensorboard
I 07.02/01:33:30 train_mapper.py:524 ] device=cuda
I 07.02/01:33:30 train_mapper.py:525 ] mapper=mlp, params=8403968
I 07.02/01:33:30 train_mapper.py:527 ] train=100000, val=0, code_dim=512
I 07.02/01:33:30 train_mapper.py:529 ] val_ratio<=0: skip per-epoch validation; select best checkpoint by train loss
I 07.02/01:33:30 train_mapper.py:531 ] loss=mse + smoothl1*0.5 + sample_tail*0.0 + dim_tail*0.0 + whiten*0.0 + rec*0.0 + recT*0.0 + fc*0.0 + decoder_tail*0.0 + cos*0.0 + cov*0.0
I 07.02/01:33:50 train_mapper.py:622 ] epoch=0001 train_loss=5.337268e-01 train_mse=3.331584e-01 train_cos=0.826986 train_nmse=-3.603dB train_rec=0.000000e+00 train_recT=0.000000e+00 train_fc=0.000000e+00 train_decoder_tail=0.000000e+00
I 07.02/01:34:23 train_mapper.py:622 ] epoch=0002 train_loss=2.476449e-01 train_mse=1.243449e-01 train_cos=0.943658 train_nmse=-7.166dB train_rec=0.000000e+00 train_recT=0.000000e+00 train_fc=0.000000e+00 train_decoder_tail=0.000000e+00
I 07.02/01:35:07 train_mapper.py:622 ] epoch=0003 train_loss=1.852013e-01 train_mse=8.533397e-02 train_cos=0.960113 train_nmse=-8.776dB train_rec=0.000000e+00 train_recT=0.000000e+00 train_fc=0.000000e+00 train_decoder_tail=0.000000e+00
I 07.02/01:36:07 train_mapper.py:622 ] epoch=0004 train_loss=1.537713e-01 train_mse=6.700403e-02 train_cos=0.966615 train_nmse=-9.818dB train_rec=0.000000e+00 train_recT=0.000000e+00 train_fc=0.000000e+00 train_decoder_tail=0.000000e+00
I 07.02/01:37:08 train_mapper.py:622 ] epoch=0005 train_loss=1.351299e-01 train_mse=5.667416e-02 train_cos=0.970318 train_nmse=-10.543dB train_rec=0.000000e+00 train_recT=0.000000e+00 train_fc=0.000000e+00 train_decoder_tail=0.000000e+00
I 07.02/01:38:12 train_mapper.py:622 ] epoch=0006 train_loss=1.236652e-01 train_mse=5.060238e-02 train_cos=0.972806 train_nmse=-11.033dB train_rec=0.000000e+00 train_recT=0.000000e+00 train_fc=0.000000e+00 train_decoder_tail=0.000000e+00
I 07.02/01:39:18 train_mapper.py:622 ] epoch=0007 train_loss=1.164562e-01 train_mse=4.694872e-02 train_cos=0.974585 train_nmse=-11.358dB train_rec=0.000000e+00 train_recT=0.000000e+00 train_fc=0.000000e+00 train_decoder_tail=0.000000e+00
I 07.02/01:40:25 train_mapper.py:622 ] epoch=0008 train_loss=1.116262e-01 train_mse=4.456315e-02 train_cos=0.975910 train_nmse=-11.585dB train_rec=0.000000e+00 train_recT=0.000000e+00 train_fc=0.000000e+00 train_decoder_tail=0.000000e+00
I 07.02/01:41:24 train_mapper.py:622 ] epoch=0009 train_loss=1.078865e-01 train_mse=4.275010e-02 train_cos=0.976970 train_nmse=-11.765dB train_rec=0.000000e+00 train_recT=0.000000e+00 train_fc=0.000000e+00 train_decoder_tail=0.000000e+00
I 07.02/01:42:20 train_mapper.py:622 ] epoch=0010 train_loss=1.047181e-01 train_mse=4.122932e-02 train_cos=0.977825 train_nmse=-11.923dB train_rec=0.000000e+00 train_recT=0.000000e+00 train_fc=0.000000e+00 train_decoder_tail=0.000000e+00
I 07.02/01:43:18 train_mapper.py:622 ] epoch=0011 train_loss=1.016984e-01 train_mse=3.979202e-02 train_cos=0.978565 train_nmse=-12.077dB train_rec=0.000000e+00 train_recT=0.000000e+00 train_fc=0.000000e+00 train_decoder_tail=0.000000e+00
I 07.02/01:44:18 train_mapper.py:622 ] epoch=0012 train_loss=9.890607e-02 train_mse=3.849629e-02 train_cos=0.979111 train_nmse=-12.221dB train_rec=0.000000e+00 train_recT=0.000000e+00 train_fc=0.000000e+00 train_decoder_tail=0.000000e+00
I 07.02/01:45:13 train_mapper.py:622 ] epoch=0013 train_loss=9.618919e-02 train_mse=3.727078e-02 train_cos=0.979472 train_nmse=-12.361dB train_rec=0.000000e+00 train_recT=0.000000e+00 train_fc=0.000000e+00 train_decoder_tail=0.000000e+00
I 07.02/01:46:05 train_mapper.py:622 ] epoch=0014 train_loss=9.315080e-02 train_mse=3.596933e-02 train_cos=0.979711 train_nmse=-12.515dB train_rec=0.000000e+00 train_recT=0.000000e+00 train_fc=0.000000e+00 train_decoder_tail=0.000000e+00
I 07.02/01:46:59 train_mapper.py:622 ] epoch=0015 train_loss=8.988312e-02 train_mse=3.463523e-02 train_cos=0.979643 train_nmse=-12.680dB train_rec=0.000000e+00 train_recT=0.000000e+00 train_fc=0.000000e+00 train_decoder_tail=0.000000e+00
I 07.02/01:47:58 train_mapper.py:622 ] epoch=0016 train_loss=8.571458e-02 train_mse=3.278365e-02 train_cos=0.979752 train_nmse=-12.918dB train_rec=0.000000e+00 train_recT=0.000000e+00 train_fc=0.000000e+00 train_decoder_tail=0.000000e+00
I 07.02/01:48:54 train_mapper.py:622 ] epoch=0017 train_loss=8.124187e-02 train_mse=3.049802e-02 train_cos=0.980461 train_nmse=-13.232dB train_rec=0.000000e+00 train_recT=0.000000e+00 train_fc=0.000000e+00 train_decoder_tail=0.000000e+00
I 07.02/01:49:51 train_mapper.py:622 ] epoch=0018 train_loss=7.737128e-02 train_mse=2.842677e-02 train_cos=0.981359 train_nmse=-13.538dB train_rec=0.000000e+00 train_recT=0.000000e+00 train_fc=0.000000e+00 train_decoder_tail=0.000000e+00
I 07.02/01:50:50 train_mapper.py:622 ] epoch=0019 train_loss=7.437040e-02 train_mse=2.685099e-02 train_cos=0.982044 train_nmse=-13.785dB train_rec=0.000000e+00 train_recT=0.000000e+00 train_fc=0.000000e+00 train_decoder_tail=0.000000e+00
I 07.02/01:51:50 train_mapper.py:622 ] epoch=0020 train_loss=7.184396e-02 train_mse=2.556546e-02 train_cos=0.982629 train_nmse=-13.998dB train_rec=0.000000e+00 train_recT=0.000000e+00 train_fc=0.000000e+00 train_decoder_tail=0.000000e+00
I 07.02/01:52:45 train_mapper.py:622 ] epoch=0021 train_loss=6.989595e-02 train_mse=2.456746e-02 train_cos=0.983077 train_nmse=-14.171dB train_rec=0.000000e+00 train_recT=0.000000e+00 train_fc=0.000000e+00 train_decoder_tail=0.000000e+00
I 07.02/01:53:41 train_mapper.py:622 ] epoch=0022 train_loss=6.813314e-02 train_mse=2.368954e-02 train_cos=0.983510 train_nmse=-14.329dB train_rec=0.000000e+00 train_recT=0.000000e+00 train_fc=0.000000e+00 train_decoder_tail=0.000000e+00
I 07.02/01:54:37 train_mapper.py:622 ] epoch=0023 train_loss=6.654566e-02 train_mse=2.290815e-02 train_cos=0.983922 train_nmse=-14.475dB train_rec=0.000000e+00 train_recT=0.000000e+00 train_fc=0.000000e+00 train_decoder_tail=0.000000e+00
I 07.02/01:55:31 train_mapper.py:622 ] epoch=0024 train_loss=6.520733e-02 train_mse=2.225496e-02 train_cos=0.984271 train_nmse=-14.600dB train_rec=0.000000e+00 train_recT=0.000000e+00 train_fc=0.000000e+00 train_decoder_tail=0.000000e+00
I 07.02/01:56:27 train_mapper.py:622 ] epoch=0025 train_loss=6.394807e-02 train_mse=2.164741e-02 train_cos=0.984613 train_nmse=-14.720dB train_rec=0.000000e+00 train_recT=0.000000e+00 train_fc=0.000000e+00 train_decoder_tail=0.000000e+00
I 07.02/01:57:22 train_mapper.py:622 ] epoch=0026 train_loss=6.284531e-02 train_mse=2.111890e-02 train_cos=0.984912 train_nmse=-14.828dB train_rec=0.000000e+00 train_recT=0.000000e+00 train_fc=0.000000e+00 train_decoder_tail=0.000000e+00
I 07.02/01:58:17 train_mapper.py:622 ] epoch=0027 train_loss=6.169811e-02 train_mse=2.058340e-02 train_cos=0.985234 train_nmse=-14.939dB train_rec=0.000000e+00 train_recT=0.000000e+00 train_fc=0.000000e+00 train_decoder_tail=0.000000e+00
I 07.02/01:59:09 train_mapper.py:622 ] epoch=0028 train_loss=6.072294e-02 train_mse=2.012951e-02 train_cos=0.985506 train_nmse=-15.036dB train_rec=0.000000e+00 train_recT=0.000000e+00 train_fc=0.000000e+00 train_decoder_tail=0.000000e+00
I 07.02/01:59:57 train_mapper.py:622 ] epoch=0029 train_loss=5.979363e-02 train_mse=1.969981e-02 train_cos=0.985768 train_nmse=-15.130dB train_rec=0.000000e+00 train_recT=0.000000e+00 train_fc=0.000000e+00 train_decoder_tail=0.000000e+00
I 07.02/02:00:42 train_mapper.py:622 ] epoch=0030 train_loss=5.893595e-02 train_mse=1.930378e-02 train_cos=0.986009 train_nmse=-15.218dB train_rec=0.000000e+00 train_recT=0.000000e+00 train_fc=0.000000e+00 train_decoder_tail=0.000000e+00
I 07.02/02:01:26 train_mapper.py:622 ] epoch=0031 train_loss=5.807758e-02 train_mse=1.891826e-02 train_cos=0.986257 train_nmse=-15.306dB train_rec=0.000000e+00 train_recT=0.000000e+00 train_fc=0.000000e+00 train_decoder_tail=0.000000e+00
I 07.02/02:02:06 train_mapper.py:622 ] epoch=0032 train_loss=5.726446e-02 train_mse=1.855003e-02 train_cos=0.986491 train_nmse=-15.391dB train_rec=0.000000e+00 train_recT=0.000000e+00 train_fc=0.000000e+00 train_decoder_tail=0.000000e+00
I 07.02/02:02:48 train_mapper.py:622 ] epoch=0033 train_loss=5.651522e-02 train_mse=1.821486e-02 train_cos=0.986703 train_nmse=-15.470dB train_rec=0.000000e+00 train_recT=0.000000e+00 train_fc=0.000000e+00 train_decoder_tail=0.000000e+00
I 07.02/02:03:31 train_mapper.py:622 ] epoch=0034 train_loss=5.574315e-02 train_mse=1.787687e-02 train_cos=0.986928 train_nmse=-15.552dB train_rec=0.000000e+00 train_recT=0.000000e+00 train_fc=0.000000e+00 train_decoder_tail=0.000000e+00
I 07.02/02:04:14 train_mapper.py:622 ] epoch=0035 train_loss=5.517763e-02 train_mse=1.761948e-02 train_cos=0.987090 train_nmse=-15.614dB train_rec=0.000000e+00 train_recT=0.000000e+00 train_fc=0.000000e+00 train_decoder_tail=0.000000e+00
I 07.02/02:04:57 train_mapper.py:622 ] epoch=0036 train_loss=5.438722e-02 train_mse=1.728159e-02 train_cos=0.987317 train_nmse=-15.699dB train_rec=0.000000e+00 train_recT=0.000000e+00 train_fc=0.000000e+00 train_decoder_tail=0.000000e+00
I 07.02/02:05:41 train_mapper.py:622 ] epoch=0037 train_loss=5.379407e-02 train_mse=1.701803e-02 train_cos=0.987486 train_nmse=-15.765dB train_rec=0.000000e+00 train_recT=0.000000e+00 train_fc=0.000000e+00 train_decoder_tail=0.000000e+00
I 07.02/02:06:25 train_mapper.py:622 ] epoch=0038 train_loss=5.313352e-02 train_mse=1.673786e-02 train_cos=0.987678 train_nmse=-15.838dB train_rec=0.000000e+00 train_recT=0.000000e+00 train_fc=0.000000e+00 train_decoder_tail=0.000000e+00
I 07.02/02:07:10 train_mapper.py:622 ] epoch=0039 train_loss=5.259685e-02 train_mse=1.650246e-02 train_cos=0.987832 train_nmse=-15.899dB train_rec=0.000000e+00 train_recT=0.000000e+00 train_fc=0.000000e+00 train_decoder_tail=0.000000e+00
I 07.02/02:07:53 train_mapper.py:622 ] epoch=0040 train_loss=5.203962e-02 train_mse=1.626558e-02 train_cos=0.987993 train_nmse=-15.962dB train_rec=0.000000e+00 train_recT=0.000000e+00 train_fc=0.000000e+00 train_decoder_tail=0.000000e+00
I 07.02/02:08:36 train_mapper.py:622 ] epoch=0041 train_loss=5.148580e-02 train_mse=1.602824e-02 train_cos=0.988149 train_nmse=-16.026dB train_rec=0.000000e+00 train_recT=0.000000e+00 train_fc=0.000000e+00 train_decoder_tail=0.000000e+00
I 07.02/02:09:19 train_mapper.py:622 ] epoch=0042 train_loss=5.097320e-02 train_mse=1.581207e-02 train_cos=0.988297 train_nmse=-16.085dB train_rec=0.000000e+00 train_recT=0.000000e+00 train_fc=0.000000e+00 train_decoder_tail=0.000000e+00
I 07.02/02:10:02 train_mapper.py:622 ] epoch=0043 train_loss=5.050509e-02 train_mse=1.561056e-02 train_cos=0.988432 train_nmse=-16.140dB train_rec=0.000000e+00 train_recT=0.000000e+00 train_fc=0.000000e+00 train_decoder_tail=0.000000e+00
I 07.02/02:10:44 train_mapper.py:622 ] epoch=0044 train_loss=5.001542e-02 train_mse=1.540808e-02 train_cos=0.988570 train_nmse=-16.197dB train_rec=0.000000e+00 train_recT=0.000000e+00 train_fc=0.000000e+00 train_decoder_tail=0.000000e+00
I 07.02/02:11:29 train_mapper.py:622 ] epoch=0045 train_loss=4.953256e-02 train_mse=1.520637e-02 train_cos=0.988708 train_nmse=-16.254dB train_rec=0.000000e+00 train_recT=0.000000e+00 train_fc=0.000000e+00 train_decoder_tail=0.000000e+00
I 07.02/02:12:11 train_mapper.py:622 ] epoch=0046 train_loss=4.905203e-02 train_mse=1.500908e-02 train_cos=0.988846 train_nmse=-16.311dB train_rec=0.000000e+00 train_recT=0.000000e+00 train_fc=0.000000e+00 train_decoder_tail=0.000000e+00
I 07.02/02:12:51 train_mapper.py:622 ] epoch=0047 train_loss=4.860952e-02 train_mse=1.482565e-02 train_cos=0.988971 train_nmse=-16.364dB train_rec=0.000000e+00 train_recT=0.000000e+00 train_fc=0.000000e+00 train_decoder_tail=0.000000e+00
I 07.02/02:13:32 train_mapper.py:622 ] epoch=0048 train_loss=4.819366e-02 train_mse=1.465431e-02 train_cos=0.989089 train_nmse=-16.415dB train_rec=0.000000e+00 train_recT=0.000000e+00 train_fc=0.000000e+00 train_decoder_tail=0.000000e+00
I 07.02/02:14:13 train_mapper.py:622 ] epoch=0049 train_loss=4.772858e-02 train_mse=1.446710e-02 train_cos=0.989220 train_nmse=-16.470dB train_rec=0.000000e+00 train_recT=0.000000e+00 train_fc=0.000000e+00 train_decoder_tail=0.000000e+00
I 07.02/02:14:52 train_mapper.py:622 ] epoch=0050 train_loss=4.736226e-02 train_mse=1.431509e-02 train_cos=0.989324 train_nmse=-16.516dB train_rec=0.000000e+00 train_recT=0.000000e+00 train_fc=0.000000e+00 train_decoder_tail=0.000000e+00
I 07.02/02:15:34 train_mapper.py:622 ] epoch=0051 train_loss=4.693459e-02 train_mse=1.414339e-02 train_cos=0.989445 train_nmse=-16.569dB train_rec=0.000000e+00 train_recT=0.000000e+00 train_fc=0.000000e+00 train_decoder_tail=0.000000e+00
I 07.02/02:16:16 train_mapper.py:622 ] epoch=0052 train_loss=4.658704e-02 train_mse=1.400028e-02 train_cos=0.989545 train_nmse=-16.613dB train_rec=0.000000e+00 train_recT=0.000000e+00 train_fc=0.000000e+00 train_decoder_tail=0.000000e+00
I 07.02/02:16:56 train_mapper.py:622 ] epoch=0053 train_loss=4.621337e-02 train_mse=1.385044e-02 train_cos=0.989649 train_nmse=-16.660dB train_rec=0.000000e+00 train_recT=0.000000e+00 train_fc=0.000000e+00 train_decoder_tail=0.000000e+00
I 07.02/02:17:37 train_mapper.py:622 ] epoch=0054 train_loss=4.584879e-02 train_mse=1.370299e-02 train_cos=0.989751 train_nmse=-16.706dB train_rec=0.000000e+00 train_recT=0.000000e+00 train_fc=0.000000e+00 train_decoder_tail=0.000000e+00
I 07.02/02:18:18 train_mapper.py:622 ] epoch=0055 train_loss=4.547004e-02 train_mse=1.355428e-02 train_cos=0.989856 train_nmse=-16.753dB train_rec=0.000000e+00 train_recT=0.000000e+00 train_fc=0.000000e+00 train_decoder_tail=0.000000e+00
I 07.02/02:18:58 train_mapper.py:622 ] epoch=0056 train_loss=4.516130e-02 train_mse=1.343057e-02 train_cos=0.989944 train_nmse=-16.794dB train_rec=0.000000e+00 train_recT=0.000000e+00 train_fc=0.000000e+00 train_decoder_tail=0.000000e+00
I 07.02/02:19:41 train_mapper.py:622 ] epoch=0057 train_loss=4.479547e-02 train_mse=1.328561e-02 train_cos=0.990047 train_nmse=-16.840dB train_rec=0.000000e+00 train_recT=0.000000e+00 train_fc=0.000000e+00 train_decoder_tail=0.000000e+00
I 07.02/02:20:24 train_mapper.py:622 ] epoch=0058 train_loss=4.441645e-02 train_mse=1.313828e-02 train_cos=0.990153 train_nmse=-16.889dB train_rec=0.000000e+00 train_recT=0.000000e+00 train_fc=0.000000e+00 train_decoder_tail=0.000000e+00
I 07.02/02:21:05 train_mapper.py:622 ] epoch=0059 train_loss=4.413963e-02 train_mse=1.302657e-02 train_cos=0.990231 train_nmse=-16.926dB train_rec=0.000000e+00 train_recT=0.000000e+00 train_fc=0.000000e+00 train_decoder_tail=0.000000e+00
I 07.02/02:21:48 train_mapper.py:622 ] epoch=0060 train_loss=4.382725e-02 train_mse=1.290631e-02 train_cos=0.990316 train_nmse=-16.966dB train_rec=0.000000e+00 train_recT=0.000000e+00 train_fc=0.000000e+00 train_decoder_tail=0.000000e+00
I 07.02/02:22:32 train_mapper.py:622 ] epoch=0061 train_loss=4.350649e-02 train_mse=1.278029e-02 train_cos=0.990406 train_nmse=-17.010dB train_rec=0.000000e+00 train_recT=0.000000e+00 train_fc=0.000000e+00 train_decoder_tail=0.000000e+00
I 07.02/02:23:15 train_mapper.py:622 ] epoch=0062 train_loss=4.319225e-02 train_mse=1.265638e-02 train_cos=0.990493 train_nmse=-17.051dB train_rec=0.000000e+00 train_recT=0.000000e+00 train_fc=0.000000e+00 train_decoder_tail=0.000000e+00
I 07.02/02:23:55 train_mapper.py:622 ] epoch=0063 train_loss=4.299376e-02 train_mse=1.257754e-02 train_cos=0.990547 train_nmse=-17.079dB train_rec=0.000000e+00 train_recT=0.000000e+00 train_fc=0.000000e+00 train_decoder_tail=0.000000e+00
I 07.02/02:24:37 train_mapper.py:622 ] epoch=0064 train_loss=4.259700e-02 train_mse=1.242782e-02 train_cos=0.990656 train_nmse=-17.131dB train_rec=0.000000e+00 train_recT=0.000000e+00 train_fc=0.000000e+00 train_decoder_tail=0.000000e+00
I 07.02/02:25:18 train_mapper.py:622 ] epoch=0065 train_loss=4.239974e-02 train_mse=1.234852e-02 train_cos=0.990709 train_nmse=-17.158dB train_rec=0.000000e+00 train_recT=0.000000e+00 train_fc=0.000000e+00 train_decoder_tail=0.000000e+00
I 07.02/02:25:56 train_mapper.py:622 ] epoch=0066 train_loss=4.206316e-02 train_mse=1.222271e-02 train_cos=0.990801 train_nmse=-17.203dB train_rec=0.000000e+00 train_recT=0.000000e+00 train_fc=0.000000e+00 train_decoder_tail=0.000000e+00
I 07.02/02:26:34 train_mapper.py:622 ] epoch=0067 train_loss=4.183779e-02 train_mse=1.213516e-02 train_cos=0.990865 train_nmse=-17.234dB train_rec=0.000000e+00 train_recT=0.000000e+00 train_fc=0.000000e+00 train_decoder_tail=0.000000e+00
I 07.02/02:27:13 train_mapper.py:622 ] epoch=0068 train_loss=4.154723e-02 train_mse=1.202336e-02 train_cos=0.990943 train_nmse=-17.275dB train_rec=0.000000e+00 train_recT=0.000000e+00 train_fc=0.000000e+00 train_decoder_tail=0.000000e+00
I 07.02/02:27:51 train_mapper.py:622 ] epoch=0069 train_loss=4.132581e-02 train_mse=1.193784e-02 train_cos=0.991006 train_nmse=-17.306dB train_rec=0.000000e+00 train_recT=0.000000e+00 train_fc=0.000000e+00 train_decoder_tail=0.000000e+00
I 07.02/02:28:30 train_mapper.py:622 ] epoch=0070 train_loss=4.108486e-02 train_mse=1.184639e-02 train_cos=0.991070 train_nmse=-17.338dB train_rec=0.000000e+00 train_recT=0.000000e+00 train_fc=0.000000e+00 train_decoder_tail=0.000000e+00
I 07.02/02:29:10 train_mapper.py:622 ] epoch=0071 train_loss=4.084881e-02 train_mse=1.175704e-02 train_cos=0.991134 train_nmse=-17.371dB train_rec=0.000000e+00 train_recT=0.000000e+00 train_fc=0.000000e+00 train_decoder_tail=0.000000e+00
I 07.02/02:29:46 train_mapper.py:622 ] epoch=0072 train_loss=4.059063e-02 train_mse=1.166080e-02 train_cos=0.991204 train_nmse=-17.407dB train_rec=0.000000e+00 train_recT=0.000000e+00 train_fc=0.000000e+00 train_decoder_tail=0.000000e+00
I 07.02/02:30:27 train_mapper.py:622 ] epoch=0073 train_loss=4.037317e-02 train_mse=1.157697e-02 train_cos=0.991263 train_nmse=-17.438dB train_rec=0.000000e+00 train_recT=0.000000e+00 train_fc=0.000000e+00 train_decoder_tail=0.000000e+00
I 07.02/02:31:05 train_mapper.py:622 ] epoch=0074 train_loss=4.011320e-02 train_mse=1.148199e-02 train_cos=0.991333 train_nmse=-17.475dB train_rec=0.000000e+00 train_recT=0.000000e+00 train_fc=0.000000e+00 train_decoder_tail=0.000000e+00
I 07.02/02:31:44 train_mapper.py:622 ] epoch=0075 train_loss=3.994207e-02 train_mse=1.141477e-02 train_cos=0.991380 train_nmse=-17.500dB train_rec=0.000000e+00 train_recT=0.000000e+00 train_fc=0.000000e+00 train_decoder_tail=0.000000e+00
I 07.02/02:32:26 train_mapper.py:622 ] epoch=0076 train_loss=3.965795e-02 train_mse=1.131220e-02 train_cos=0.991455 train_nmse=-17.539dB train_rec=0.000000e+00 train_recT=0.000000e+00 train_fc=0.000000e+00 train_decoder_tail=0.000000e+00
I 07.02/02:33:06 train_mapper.py:622 ] epoch=0077 train_loss=3.945477e-02 train_mse=1.123481e-02 train_cos=0.991511 train_nmse=-17.569dB train_rec=0.000000e+00 train_recT=0.000000e+00 train_fc=0.000000e+00 train_decoder_tail=0.000000e+00
I 07.02/02:33:45 train_mapper.py:622 ] epoch=0078 train_loss=3.929419e-02 train_mse=1.117381e-02 train_cos=0.991554 train_nmse=-17.592dB train_rec=0.000000e+00 train_recT=0.000000e+00 train_fc=0.000000e+00 train_decoder_tail=0.000000e+00
I 07.02/02:34:26 train_mapper.py:622 ] epoch=0079 train_loss=3.903206e-02 train_mse=1.107840e-02 train_cos=0.991624 train_nmse=-17.630dB train_rec=0.000000e+00 train_recT=0.000000e+00 train_fc=0.000000e+00 train_decoder_tail=0.000000e+00
I 07.02/02:35:11 train_mapper.py:622 ] epoch=0080 train_loss=3.877727e-02 train_mse=1.098623e-02 train_cos=0.991692 train_nmse=-17.666dB train_rec=0.000000e+00 train_recT=0.000000e+00 train_fc=0.000000e+00 train_decoder_tail=0.000000e+00
I 07.02/02:35:56 train_mapper.py:622 ] epoch=0081 train_loss=3.863261e-02 train_mse=1.093225e-02 train_cos=0.991731 train_nmse=-17.687dB train_rec=0.000000e+00 train_recT=0.000000e+00 train_fc=0.000000e+00 train_decoder_tail=0.000000e+00
I 07.02/02:36:42 train_mapper.py:622 ] epoch=0082 train_loss=3.843340e-02 train_mse=1.085688e-02 train_cos=0.991784 train_nmse=-17.717dB train_rec=0.000000e+00 train_recT=0.000000e+00 train_fc=0.000000e+00 train_decoder_tail=0.000000e+00
I 07.02/02:37:28 train_mapper.py:622 ] epoch=0083 train_loss=3.823906e-02 train_mse=1.078589e-02 train_cos=0.991836 train_nmse=-17.746dB train_rec=0.000000e+00 train_recT=0.000000e+00 train_fc=0.000000e+00 train_decoder_tail=0.000000e+00
I 07.02/02:38:12 train_mapper.py:622 ] epoch=0084 train_loss=3.800158e-02 train_mse=1.070046e-02 train_cos=0.991897 train_nmse=-17.780dB train_rec=0.000000e+00 train_recT=0.000000e+00 train_fc=0.000000e+00 train_decoder_tail=0.000000e+00
I 07.02/02:38:55 train_mapper.py:622 ] epoch=0085 train_loss=3.786297e-02 train_mse=1.064782e-02 train_cos=0.991936 train_nmse=-17.802dB train_rec=0.000000e+00 train_recT=0.000000e+00 train_fc=0.000000e+00 train_decoder_tail=0.000000e+00
I 07.02/02:39:38 train_mapper.py:622 ] epoch=0086 train_loss=3.772812e-02 train_mse=1.059792e-02 train_cos=0.991973 train_nmse=-17.822dB train_rec=0.000000e+00 train_recT=0.000000e+00 train_fc=0.000000e+00 train_decoder_tail=0.000000e+00
I 07.02/02:40:22 train_mapper.py:622 ] epoch=0087 train_loss=3.757369e-02 train_mse=1.054081e-02 train_cos=0.992013 train_nmse=-17.845dB train_rec=0.000000e+00 train_recT=0.000000e+00 train_fc=0.000000e+00 train_decoder_tail=0.000000e+00
I 07.02/02:41:04 train_mapper.py:622 ] epoch=0088 train_loss=3.730093e-02 train_mse=1.044484e-02 train_cos=0.992085 train_nmse=-17.885dB train_rec=0.000000e+00 train_recT=0.000000e+00 train_fc=0.000000e+00 train_decoder_tail=0.000000e+00
I 07.02/02:41:46 train_mapper.py:622 ] epoch=0089 train_loss=3.714421e-02 train_mse=1.038634e-02 train_cos=0.992127 train_nmse=-17.910dB train_rec=0.000000e+00 train_recT=0.000000e+00 train_fc=0.000000e+00 train_decoder_tail=0.000000e+00
I 07.02/02:42:30 train_mapper.py:622 ] epoch=0090 train_loss=3.695419e-02 train_mse=1.031861e-02 train_cos=0.992176 train_nmse=-17.938dB train_rec=0.000000e+00 train_recT=0.000000e+00 train_fc=0.000000e+00 train_decoder_tail=0.000000e+00
I 07.02/02:43:12 train_mapper.py:622 ] epoch=0091 train_loss=3.687608e-02 train_mse=1.028600e-02 train_cos=0.992199 train_nmse=-17.952dB train_rec=0.000000e+00 train_recT=0.000000e+00 train_fc=0.000000e+00 train_decoder_tail=0.000000e+00
I 07.02/02:43:52 train_mapper.py:622 ] epoch=0092 train_loss=3.667082e-02 train_mse=1.021440e-02 train_cos=0.992251 train_nmse=-17.982dB train_rec=0.000000e+00 train_recT=0.000000e+00 train_fc=0.000000e+00 train_decoder_tail=0.000000e+00
I 07.02/02:44:34 train_mapper.py:622 ] epoch=0093 train_loss=3.648767e-02 train_mse=1.014786e-02 train_cos=0.992299 train_nmse=-18.011dB train_rec=0.000000e+00 train_recT=0.000000e+00 train_fc=0.000000e+00 train_decoder_tail=0.000000e+00
I 07.02/02:45:18 train_mapper.py:622 ] epoch=0094 train_loss=3.632569e-02 train_mse=1.009020e-02 train_cos=0.992343 train_nmse=-18.036dB train_rec=0.000000e+00 train_recT=0.000000e+00 train_fc=0.000000e+00 train_decoder_tail=0.000000e+00
I 07.02/02:46:02 train_mapper.py:622 ] epoch=0095 train_loss=3.614383e-02 train_mse=1.002514e-02 train_cos=0.992392 train_nmse=-18.064dB train_rec=0.000000e+00 train_recT=0.000000e+00 train_fc=0.000000e+00 train_decoder_tail=0.000000e+00
I 07.02/02:46:46 train_mapper.py:622 ] epoch=0096 train_loss=3.606933e-02 train_mse=9.995691e-03 train_cos=0.992410 train_nmse=-18.076dB train_rec=0.000000e+00 train_recT=0.000000e+00 train_fc=0.000000e+00 train_decoder_tail=0.000000e+00
I 07.02/02:47:30 train_mapper.py:622 ] epoch=0097 train_loss=3.590062e-02 train_mse=9.935744e-03 train_cos=0.992455 train_nmse=-18.102dB train_rec=0.000000e+00 train_recT=0.000000e+00 train_fc=0.000000e+00 train_decoder_tail=0.000000e+00
I 07.02/02:48:13 train_mapper.py:622 ] epoch=0098 train_loss=3.573285e-02 train_mse=9.875852e-03 train_cos=0.992499 train_nmse=-18.129dB train_rec=0.000000e+00 train_recT=0.000000e+00 train_fc=0.000000e+00 train_decoder_tail=0.000000e+00
I 07.02/02:48:54 train_mapper.py:622 ] epoch=0099 train_loss=3.557709e-02 train_mse=9.819786e-03 train_cos=0.992540 train_nmse=-18.153dB train_rec=0.000000e+00 train_recT=0.000000e+00 train_fc=0.000000e+00 train_decoder_tail=0.000000e+00
I 07.02/02:49:38 train_mapper.py:622 ] epoch=0100 train_loss=3.541058e-02 train_mse=9.759815e-03 train_cos=0.992582 train_nmse=-18.180dB train_rec=0.000000e+00 train_recT=0.000000e+00 train_fc=0.000000e+00 train_decoder_tail=0.000000e+00
I 07.02/02:50:21 train_mapper.py:622 ] epoch=0101 train_loss=3.529984e-02 train_mse=9.719734e-03 train_cos=0.992612 train_nmse=-18.198dB train_rec=0.000000e+00 train_recT=0.000000e+00 train_fc=0.000000e+00 train_decoder_tail=0.000000e+00
I 07.02/02:51:01 train_mapper.py:622 ] epoch=0102 train_loss=3.512658e-02 train_mse=9.659492e-03 train_cos=0.992658 train_nmse=-18.225dB train_rec=0.000000e+00 train_recT=0.000000e+00 train_fc=0.000000e+00 train_decoder_tail=0.000000e+00
I 07.02/02:51:41 train_mapper.py:622 ] epoch=0103 train_loss=3.498734e-02 train_mse=9.609589e-03 train_cos=0.992696 train_nmse=-18.247dB train_rec=0.000000e+00 train_recT=0.000000e+00 train_fc=0.000000e+00 train_decoder_tail=0.000000e+00
I 07.02/02:52:22 train_mapper.py:622 ] epoch=0104 train_loss=3.490137e-02 train_mse=9.577354e-03 train_cos=0.992719 train_nmse=-18.262dB train_rec=0.000000e+00 train_recT=0.000000e+00 train_fc=0.000000e+00 train_decoder_tail=0.000000e+00
I 07.02/02:53:05 train_mapper.py:622 ] epoch=0105 train_loss=3.474289e-02 train_mse=9.520795e-03 train_cos=0.992760 train_nmse=-18.287dB train_rec=0.000000e+00 train_recT=0.000000e+00 train_fc=0.000000e+00 train_decoder_tail=0.000000e+00
I 07.02/02:53:46 train_mapper.py:622 ] epoch=0106 train_loss=3.458150e-02 train_mse=9.464591e-03 train_cos=0.992802 train_nmse=-18.314dB train_rec=0.000000e+00 train_recT=0.000000e+00 train_fc=0.000000e+00 train_decoder_tail=0.000000e+00
I 07.02/02:54:29 train_mapper.py:622 ] epoch=0107 train_loss=3.447170e-02 train_mse=9.424191e-03 train_cos=0.992832 train_nmse=-18.332dB train_rec=0.000000e+00 train_recT=0.000000e+00 train_fc=0.000000e+00 train_decoder_tail=0.000000e+00
I 07.02/02:55:13 train_mapper.py:622 ] epoch=0108 train_loss=3.435623e-02 train_mse=9.382692e-03 train_cos=0.992860 train_nmse=-18.351dB train_rec=0.000000e+00 train_recT=0.000000e+00 train_fc=0.000000e+00 train_decoder_tail=0.000000e+00
I 07.02/02:55:53 train_mapper.py:622 ] epoch=0109 train_loss=3.427239e-02 train_mse=9.351251e-03 train_cos=0.992885 train_nmse=-18.366dB train_rec=0.000000e+00 train_recT=0.000000e+00 train_fc=0.000000e+00 train_decoder_tail=0.000000e+00
I 07.02/02:56:49 train_mapper.py:622 ] epoch=0110 train_loss=3.408112e-02 train_mse=9.284656e-03 train_cos=0.992935 train_nmse=-18.397dB train_rec=0.000000e+00 train_recT=0.000000e+00 train_fc=0.000000e+00 train_decoder_tail=0.000000e+00
I 07.02/02:57:39 train_mapper.py:622 ] epoch=0111 train_loss=3.395706e-02 train_mse=9.241600e-03 train_cos=0.992966 train_nmse=-18.417dB train_rec=0.000000e+00 train_recT=0.000000e+00 train_fc=0.000000e+00 train_decoder_tail=0.000000e+00
I 07.02/02:58:25 train_mapper.py:622 ] epoch=0112 train_loss=3.385380e-02 train_mse=9.203295e-03 train_cos=0.992993 train_nmse=-18.435dB train_rec=0.000000e+00 train_recT=0.000000e+00 train_fc=0.000000e+00 train_decoder_tail=0.000000e+00
I 07.02/02:59:17 train_mapper.py:622 ] epoch=0113 train_loss=3.370995e-02 train_mse=9.152267e-03 train_cos=0.993032 train_nmse=-18.459dB train_rec=0.000000e+00 train_recT=0.000000e+00 train_fc=0.000000e+00 train_decoder_tail=0.000000e+00
I 07.02/03:00:02 train_mapper.py:622 ] epoch=0114 train_loss=3.357113e-02 train_mse=9.103696e-03 train_cos=0.993067 train_nmse=-18.482dB train_rec=0.000000e+00 train_recT=0.000000e+00 train_fc=0.000000e+00 train_decoder_tail=0.000000e+00
I 07.02/03:00:48 train_mapper.py:622 ] epoch=0115 train_loss=3.346820e-02 train_mse=9.066086e-03 train_cos=0.993094 train_nmse=-18.500dB train_rec=0.000000e+00 train_recT=0.000000e+00 train_fc=0.000000e+00 train_decoder_tail=0.000000e+00
I 07.02/03:01:35 train_mapper.py:622 ] epoch=0116 train_loss=3.332139e-02 train_mse=9.016098e-03 train_cos=0.993134 train_nmse=-18.524dB train_rec=0.000000e+00 train_recT=0.000000e+00 train_fc=0.000000e+00 train_decoder_tail=0.000000e+00
I 07.02/03:02:21 train_mapper.py:622 ] epoch=0117 train_loss=3.325531e-02 train_mse=8.988696e-03 train_cos=0.993153 train_nmse=-18.537dB train_rec=0.000000e+00 train_recT=0.000000e+00 train_fc=0.000000e+00 train_decoder_tail=0.000000e+00
I 07.02/03:03:09 train_mapper.py:622 ] epoch=0118 train_loss=3.309659e-02 train_mse=8.935442e-03 train_cos=0.993194 train_nmse=-18.563dB train_rec=0.000000e+00 train_recT=0.000000e+00 train_fc=0.000000e+00 train_decoder_tail=0.000000e+00
I 07.02/03:03:54 train_mapper.py:622 ] epoch=0119 train_loss=3.300571e-02 train_mse=8.902154e-03 train_cos=0.993217 train_nmse=-18.580dB train_rec=0.000000e+00 train_recT=0.000000e+00 train_fc=0.000000e+00 train_decoder_tail=0.000000e+00
I 07.02/03:04:38 train_mapper.py:622 ] epoch=0120 train_loss=3.285944e-02 train_mse=8.851617e-03 train_cos=0.993255 train_nmse=-18.604dB train_rec=0.000000e+00 train_recT=0.000000e+00 train_fc=0.000000e+00 train_decoder_tail=0.000000e+00
I 07.02/03:05:26 train_mapper.py:622 ] epoch=0121 train_loss=3.277426e-02 train_mse=8.820380e-03 train_cos=0.993279 train_nmse=-18.620dB train_rec=0.000000e+00 train_recT=0.000000e+00 train_fc=0.000000e+00 train_decoder_tail=0.000000e+00
I 07.02/03:06:14 train_mapper.py:622 ] epoch=0122 train_loss=3.263688e-02 train_mse=8.772624e-03 train_cos=0.993315 train_nmse=-18.643dB train_rec=0.000000e+00 train_recT=0.000000e+00 train_fc=0.000000e+00 train_decoder_tail=0.000000e+00
I 07.02/03:07:01 train_mapper.py:622 ] epoch=0123 train_loss=3.249567e-02 train_mse=8.723846e-03 train_cos=0.993351 train_nmse=-18.667dB train_rec=0.000000e+00 train_recT=0.000000e+00 train_fc=0.000000e+00 train_decoder_tail=0.000000e+00
I 07.02/03:07:46 train_mapper.py:622 ] epoch=0124 train_loss=3.246977e-02 train_mse=8.709869e-03 train_cos=0.993359 train_nmse=-18.674dB train_rec=0.000000e+00 train_recT=0.000000e+00 train_fc=0.000000e+00 train_decoder_tail=0.000000e+00
I 07.02/03:08:31 train_mapper.py:622 ] epoch=0125 train_loss=3.228886e-02 train_mse=8.651517e-03 train_cos=0.993405 train_nmse=-18.703dB train_rec=0.000000e+00 train_recT=0.000000e+00 train_fc=0.000000e+00 train_decoder_tail=0.000000e+00
I 07.02/03:09:18 train_mapper.py:622 ] epoch=0126 train_loss=3.226396e-02 train_mse=8.638131e-03 train_cos=0.993413 train_nmse=-18.710dB train_rec=0.000000e+00 train_recT=0.000000e+00 train_fc=0.000000e+00 train_decoder_tail=0.000000e+00
I 07.02/03:10:06 train_mapper.py:622 ] epoch=0127 train_loss=3.207655e-02 train_mse=8.574713e-03 train_cos=0.993461 train_nmse=-18.742dB train_rec=0.000000e+00 train_recT=0.000000e+00 train_fc=0.000000e+00 train_decoder_tail=0.000000e+00
I 07.02/03:10:53 train_mapper.py:622 ] epoch=0128 train_loss=3.198164e-02 train_mse=8.540685e-03 train_cos=0.993485 train_nmse=-18.760dB train_rec=0.000000e+00 train_recT=0.000000e+00 train_fc=0.000000e+00 train_decoder_tail=0.000000e+00
I 07.02/03:11:36 train_mapper.py:622 ] epoch=0129 train_loss=3.190331e-02 train_mse=8.511861e-03 train_cos=0.993506 train_nmse=-18.774dB train_rec=0.000000e+00 train_recT=0.000000e+00 train_fc=0.000000e+00 train_decoder_tail=0.000000e+00
I 07.02/03:12:24 train_mapper.py:622 ] epoch=0130 train_loss=3.178449e-02 train_mse=8.471694e-03 train_cos=0.993537 train_nmse=-18.795dB train_rec=0.000000e+00 train_recT=0.000000e+00 train_fc=0.000000e+00 train_decoder_tail=0.000000e+00
I 07.02/03:13:14 train_mapper.py:622 ] epoch=0131 train_loss=3.165361e-02 train_mse=8.425936e-03 train_cos=0.993572 train_nmse=-18.818dB train_rec=0.000000e+00 train_recT=0.000000e+00 train_fc=0.000000e+00 train_decoder_tail=0.000000e+00
I 07.02/03:14:13 train_mapper.py:622 ] epoch=0132 train_loss=3.159555e-02 train_mse=8.406094e-03 train_cos=0.993587 train_nmse=-18.828dB train_rec=0.000000e+00 train_recT=0.000000e+00 train_fc=0.000000e+00 train_decoder_tail=0.000000e+00
I 07.02/03:15:13 train_mapper.py:622 ] epoch=0133 train_loss=3.158420e-02 train_mse=8.398069e-03 train_cos=0.993590 train_nmse=-18.833dB train_rec=0.000000e+00 train_recT=0.000000e+00 train_fc=0.000000e+00 train_decoder_tail=0.000000e+00
I 07.02/03:16:04 train_mapper.py:622 ] epoch=0134 train_loss=3.139915e-02 train_mse=8.338003e-03 train_cos=0.993637 train_nmse=-18.864dB train_rec=0.000000e+00 train_recT=0.000000e+00 train_fc=0.000000e+00 train_decoder_tail=0.000000e+00
I 07.02/03:16:53 train_mapper.py:622 ] epoch=0135 train_loss=3.127327e-02 train_mse=8.295198e-03 train_cos=0.993670 train_nmse=-18.886dB train_rec=0.000000e+00 train_recT=0.000000e+00 train_fc=0.000000e+00 train_decoder_tail=0.000000e+00
I 07.02/03:17:42 train_mapper.py:622 ] epoch=0136 train_loss=3.120838e-02 train_mse=8.270911e-03 train_cos=0.993686 train_nmse=-18.899dB train_rec=0.000000e+00 train_recT=0.000000e+00 train_fc=0.000000e+00 train_decoder_tail=0.000000e+00
I 07.02/03:18:41 train_mapper.py:622 ] epoch=0137 train_loss=3.103177e-02 train_mse=8.212706e-03 train_cos=0.993730 train_nmse=-18.929dB train_rec=0.000000e+00 train_recT=0.000000e+00 train_fc=0.000000e+00 train_decoder_tail=0.000000e+00
I 07.02/03:19:43 train_mapper.py:622 ] epoch=0138 train_loss=3.102433e-02 train_mse=8.207093e-03 train_cos=0.993733 train_nmse=-18.932dB train_rec=0.000000e+00 train_recT=0.000000e+00 train_fc=0.000000e+00 train_decoder_tail=0.000000e+00
I 07.02/03:20:47 train_mapper.py:622 ] epoch=0139 train_loss=3.090040e-02 train_mse=8.167563e-03 train_cos=0.993765 train_nmse=-18.954dB train_rec=0.000000e+00 train_recT=0.000000e+00 train_fc=0.000000e+00 train_decoder_tail=0.000000e+00
I 07.02/03:21:51 train_mapper.py:622 ] epoch=0140 train_loss=3.081171e-02 train_mse=8.136418e-03 train_cos=0.993787 train_nmse=-18.970dB train_rec=0.000000e+00 train_recT=0.000000e+00 train_fc=0.000000e+00 train_decoder_tail=0.000000e+00
I 07.02/03:22:53 train_mapper.py:622 ] epoch=0141 train_loss=3.075944e-02 train_mse=8.114995e-03 train_cos=0.993800 train_nmse=-18.981dB train_rec=0.000000e+00 train_recT=0.000000e+00 train_fc=0.000000e+00 train_decoder_tail=0.000000e+00
I 07.02/03:23:58 train_mapper.py:622 ] epoch=0142 train_loss=3.066045e-02 train_mse=8.082894e-03 train_cos=0.993827 train_nmse=-18.999dB train_rec=0.000000e+00 train_recT=0.000000e+00 train_fc=0.000000e+00 train_decoder_tail=0.000000e+00
I 07.02/03:25:06 train_mapper.py:622 ] epoch=0143 train_loss=3.052653e-02 train_mse=8.039112e-03 train_cos=0.993860 train_nmse=-19.022dB train_rec=0.000000e+00 train_recT=0.000000e+00 train_fc=0.000000e+00 train_decoder_tail=0.000000e+00
I 07.02/03:26:13 train_mapper.py:622 ] epoch=0144 train_loss=3.046642e-02 train_mse=8.017143e-03 train_cos=0.993874 train_nmse=-19.034dB train_rec=0.000000e+00 train_recT=0.000000e+00 train_fc=0.000000e+00 train_decoder_tail=0.000000e+00
I 07.02/03:27:23 train_mapper.py:622 ] epoch=0145 train_loss=3.039405e-02 train_mse=7.991600e-03 train_cos=0.993891 train_nmse=-19.048dB train_rec=0.000000e+00 train_recT=0.000000e+00 train_fc=0.000000e+00 train_decoder_tail=0.000000e+00
I 07.02/03:28:29 train_mapper.py:622 ] epoch=0146 train_loss=3.026918e-02 train_mse=7.951308e-03 train_cos=0.993923 train_nmse=-19.070dB train_rec=0.000000e+00 train_recT=0.000000e+00 train_fc=0.000000e+00 train_decoder_tail=0.000000e+00
I 07.02/03:29:37 train_mapper.py:622 ] epoch=0147 train_loss=3.016125e-02 train_mse=7.916136e-03 train_cos=0.993949 train_nmse=-19.089dB train_rec=0.000000e+00 train_recT=0.000000e+00 train_fc=0.000000e+00 train_decoder_tail=0.000000e+00
I 07.02/03:30:49 train_mapper.py:622 ] epoch=0148 train_loss=3.010505e-02 train_mse=7.895745e-03 train_cos=0.993963 train_nmse=-19.100dB train_rec=0.000000e+00 train_recT=0.000000e+00 train_fc=0.000000e+00 train_decoder_tail=0.000000e+00
I 07.02/03:32:01 train_mapper.py:622 ] epoch=0149 train_loss=3.001921e-02 train_mse=7.867147e-03 train_cos=0.993983 train_nmse=-19.116dB train_rec=0.000000e+00 train_recT=0.000000e+00 train_fc=0.000000e+00 train_decoder_tail=0.000000e+00
I 07.02/03:33:12 train_mapper.py:622 ] epoch=0150 train_loss=2.993776e-02 train_mse=7.840291e-03 train_cos=0.994005 train_nmse=-19.131dB train_rec=0.000000e+00 train_recT=0.000000e+00 train_fc=0.000000e+00 train_decoder_tail=0.000000e+00
I 07.02/03:34:25 train_mapper.py:622 ] epoch=0151 train_loss=2.987947e-02 train_mse=7.818833e-03 train_cos=0.994020 train_nmse=-19.143dB train_rec=0.000000e+00 train_recT=0.000000e+00 train_fc=0.000000e+00 train_decoder_tail=0.000000e+00
I 07.02/03:35:36 train_mapper.py:622 ] epoch=0152 train_loss=2.975850e-02 train_mse=7.780690e-03 train_cos=0.994050 train_nmse=-19.164dB train_rec=0.000000e+00 train_recT=0.000000e+00 train_fc=0.000000e+00 train_decoder_tail=0.000000e+00
I 07.02/03:36:50 train_mapper.py:622 ] epoch=0153 train_loss=2.971547e-02 train_mse=7.765283e-03 train_cos=0.994060 train_nmse=-19.173dB train_rec=0.000000e+00 train_recT=0.000000e+00 train_fc=0.000000e+00 train_decoder_tail=0.000000e+00
I 07.02/03:38:05 train_mapper.py:622 ] epoch=0154 train_loss=2.963141e-02 train_mse=7.737822e-03 train_cos=0.994081 train_nmse=-19.188dB train_rec=0.000000e+00 train_recT=0.000000e+00 train_fc=0.000000e+00 train_decoder_tail=0.000000e+00
I 07.02/03:39:17 train_mapper.py:622 ] epoch=0155 train_loss=2.955607e-02 train_mse=7.712412e-03 train_cos=0.994101 train_nmse=-19.202dB train_rec=0.000000e+00 train_recT=0.000000e+00 train_fc=0.000000e+00 train_decoder_tail=0.000000e+00
I 07.02/03:40:29 train_mapper.py:622 ] epoch=0156 train_loss=2.947386e-02 train_mse=7.685629e-03 train_cos=0.994120 train_nmse=-19.217dB train_rec=0.000000e+00 train_recT=0.000000e+00 train_fc=0.000000e+00 train_decoder_tail=0.000000e+00
I 07.02/03:41:43 train_mapper.py:622 ] epoch=0157 train_loss=2.942482e-02 train_mse=7.668526e-03 train_cos=0.994133 train_nmse=-19.227dB train_rec=0.000000e+00 train_recT=0.000000e+00 train_fc=0.000000e+00 train_decoder_tail=0.000000e+00
I 07.02/03:42:57 train_mapper.py:622 ] epoch=0158 train_loss=2.929358e-02 train_mse=7.627078e-03 train_cos=0.994162 train_nmse=-19.251dB train_rec=0.000000e+00 train_recT=0.000000e+00 train_fc=0.000000e+00 train_decoder_tail=0.000000e+00
I 07.02/03:44:11 train_mapper.py:622 ] epoch=0159 train_loss=2.922947e-02 train_mse=7.604453e-03 train_cos=0.994178 train_nmse=-19.264dB train_rec=0.000000e+00 train_recT=0.000000e+00 train_fc=0.000000e+00 train_decoder_tail=0.000000e+00
I 07.02/03:45:22 train_mapper.py:622 ] epoch=0160 train_loss=2.915916e-02 train_mse=7.582059e-03 train_cos=0.994197 train_nmse=-19.276dB train_rec=0.000000e+00 train_recT=0.000000e+00 train_fc=0.000000e+00 train_decoder_tail=0.000000e+00
I 07.02/03:46:31 train_mapper.py:622 ] epoch=0161 train_loss=2.909899e-02 train_mse=7.562239e-03 train_cos=0.994210 train_nmse=-19.288dB train_rec=0.000000e+00 train_recT=0.000000e+00 train_fc=0.000000e+00 train_decoder_tail=0.000000e+00
I 07.02/03:47:41 train_mapper.py:622 ] epoch=0162 train_loss=2.899982e-02 train_mse=7.530464e-03 train_cos=0.994234 train_nmse=-19.306dB train_rec=0.000000e+00 train_recT=0.000000e+00 train_fc=0.000000e+00 train_decoder_tail=0.000000e+00
I 07.02/03:48:50 train_mapper.py:622 ] epoch=0163 train_loss=2.893435e-02 train_mse=7.509087e-03 train_cos=0.994250 train_nmse=-19.318dB train_rec=0.000000e+00 train_recT=0.000000e+00 train_fc=0.000000e+00 train_decoder_tail=0.000000e+00
I 07.02/03:49:57 train_mapper.py:622 ] epoch=0164 train_loss=2.889788e-02 train_mse=7.495305e-03 train_cos=0.994259 train_nmse=-19.326dB train_rec=0.000000e+00 train_recT=0.000000e+00 train_fc=0.000000e+00 train_decoder_tail=0.000000e+00
I 07.02/03:51:07 train_mapper.py:622 ] epoch=0165 train_loss=2.881243e-02 train_mse=7.469062e-03 train_cos=0.994281 train_nmse=-19.342dB train_rec=0.000000e+00 train_recT=0.000000e+00 train_fc=0.000000e+00 train_decoder_tail=0.000000e+00
I 07.02/03:52:12 train_mapper.py:622 ] epoch=0166 train_loss=2.870201e-02 train_mse=7.433030e-03 train_cos=0.994307 train_nmse=-19.363dB train_rec=0.000000e+00 train_recT=0.000000e+00 train_fc=0.000000e+00 train_decoder_tail=0.000000e+00
I 07.02/03:53:17 train_mapper.py:622 ] epoch=0167 train_loss=2.864883e-02 train_mse=7.413658e-03 train_cos=0.994318 train_nmse=-19.374dB train_rec=0.000000e+00 train_recT=0.000000e+00 train_fc=0.000000e+00 train_decoder_tail=0.000000e+00
I 07.02/03:54:22 train_mapper.py:622 ] epoch=0168 train_loss=2.860899e-02 train_mse=7.401053e-03 train_cos=0.994330 train_nmse=-19.381dB train_rec=0.000000e+00 train_recT=0.000000e+00 train_fc=0.000000e+00 train_decoder_tail=0.000000e+00
I 07.02/03:55:31 train_mapper.py:622 ] epoch=0169 train_loss=2.849725e-02 train_mse=7.366419e-03 train_cos=0.994356 train_nmse=-19.402dB train_rec=0.000000e+00 train_recT=0.000000e+00 train_fc=0.000000e+00 train_decoder_tail=0.000000e+00
I 07.02/03:56:39 train_mapper.py:622 ] epoch=0170 train_loss=2.847458e-02 train_mse=7.356933e-03 train_cos=0.994360 train_nmse=-19.408dB train_rec=0.000000e+00 train_recT=0.000000e+00 train_fc=0.000000e+00 train_decoder_tail=0.000000e+00
I 07.02/03:57:45 train_mapper.py:622 ] epoch=0171 train_loss=2.836586e-02 train_mse=7.324055e-03 train_cos=0.994389 train_nmse=-19.427dB train_rec=0.000000e+00 train_recT=0.000000e+00 train_fc=0.000000e+00 train_decoder_tail=0.000000e+00
I 07.02/03:58:56 train_mapper.py:622 ] epoch=0172 train_loss=2.831288e-02 train_mse=7.305910e-03 train_cos=0.994399 train_nmse=-19.437dB train_rec=0.000000e+00 train_recT=0.000000e+00 train_fc=0.000000e+00 train_decoder_tail=0.000000e+00
I 07.02/03:59:59 train_mapper.py:622 ] epoch=0173 train_loss=2.823885e-02 train_mse=7.282235e-03 train_cos=0.994418 train_nmse=-19.452dB train_rec=0.000000e+00 train_recT=0.000000e+00 train_fc=0.000000e+00 train_decoder_tail=0.000000e+00
I 07.02/04:01:13 train_mapper.py:622 ] epoch=0174 train_loss=2.819690e-02 train_mse=7.267531e-03 train_cos=0.994429 train_nmse=-19.461dB train_rec=0.000000e+00 train_recT=0.000000e+00 train_fc=0.000000e+00 train_decoder_tail=0.000000e+00
I 07.02/04:02:20 train_mapper.py:622 ] epoch=0175 train_loss=2.809964e-02 train_mse=7.237052e-03 train_cos=0.994452 train_nmse=-19.479dB train_rec=0.000000e+00 train_recT=0.000000e+00 train_fc=0.000000e+00 train_decoder_tail=0.000000e+00
I 07.02/04:03:27 train_mapper.py:622 ] epoch=0176 train_loss=2.800288e-02 train_mse=7.206571e-03 train_cos=0.994474 train_nmse=-19.497dB train_rec=0.000000e+00 train_recT=0.000000e+00 train_fc=0.000000e+00 train_decoder_tail=0.000000e+00
I 07.02/04:04:36 train_mapper.py:622 ] epoch=0177 train_loss=2.797126e-02 train_mse=7.196622e-03 train_cos=0.994482 train_nmse=-19.503dB train_rec=0.000000e+00 train_recT=0.000000e+00 train_fc=0.000000e+00 train_decoder_tail=0.000000e+00
I 07.02/04:05:42 train_mapper.py:622 ] epoch=0178 train_loss=2.790806e-02 train_mse=7.174989e-03 train_cos=0.994497 train_nmse=-19.516dB train_rec=0.000000e+00 train_recT=0.000000e+00 train_fc=0.000000e+00 train_decoder_tail=0.000000e+00
I 07.02/04:06:51 train_mapper.py:622 ] epoch=0179 train_loss=2.791126e-02 train_mse=7.174311e-03 train_cos=0.994497 train_nmse=-19.517dB train_rec=0.000000e+00 train_recT=0.000000e+00 train_fc=0.000000e+00 train_decoder_tail=0.000000e+00
I 07.02/04:07:58 train_mapper.py:622 ] epoch=0180 train_loss=2.774720e-02 train_mse=7.124738e-03 train_cos=0.994535 train_nmse=-19.547dB train_rec=0.000000e+00 train_recT=0.000000e+00 train_fc=0.000000e+00 train_decoder_tail=0.000000e+00
I 07.02/04:09:08 train_mapper.py:622 ] epoch=0181 train_loss=2.781117e-02 train_mse=7.140525e-03 train_cos=0.994521 train_nmse=-19.537dB train_rec=0.000000e+00 train_recT=0.000000e+00 train_fc=0.000000e+00 train_decoder_tail=0.000000e+00
I 07.02/04:10:14 train_mapper.py:622 ] epoch=0182 train_loss=2.766743e-02 train_mse=7.098161e-03 train_cos=0.994554 train_nmse=-19.563dB train_rec=0.000000e+00 train_recT=0.000000e+00 train_fc=0.000000e+00 train_decoder_tail=0.000000e+00
I 07.02/04:11:20 train_mapper.py:622 ] epoch=0183 train_loss=2.757945e-02 train_mse=7.071610e-03 train_cos=0.994575 train_nmse=-19.579dB train_rec=0.000000e+00 train_recT=0.000000e+00 train_fc=0.000000e+00 train_decoder_tail=0.000000e+00
I 07.02/04:12:31 train_mapper.py:622 ] epoch=0184 train_loss=2.756087e-02 train_mse=7.063915e-03 train_cos=0.994581 train_nmse=-19.584dB train_rec=0.000000e+00 train_recT=0.000000e+00 train_fc=0.000000e+00 train_decoder_tail=0.000000e+00
I 07.02/04:13:42 train_mapper.py:622 ] epoch=0185 train_loss=2.748511e-02 train_mse=7.039459e-03 train_cos=0.994599 train_nmse=-19.599dB train_rec=0.000000e+00 train_recT=0.000000e+00 train_fc=0.000000e+00 train_decoder_tail=0.000000e+00
I 07.02/04:14:51 train_mapper.py:622 ] epoch=0186 train_loss=2.737406e-02 train_mse=7.005348e-03 train_cos=0.994624 train_nmse=-19.620dB train_rec=0.000000e+00 train_recT=0.000000e+00 train_fc=0.000000e+00 train_decoder_tail=0.000000e+00
I 07.02/04:16:03 train_mapper.py:622 ] epoch=0187 train_loss=2.733150e-02 train_mse=6.991555e-03 train_cos=0.994634 train_nmse=-19.629dB train_rec=0.000000e+00 train_recT=0.000000e+00 train_fc=0.000000e+00 train_decoder_tail=0.000000e+00
I 07.02/04:17:11 train_mapper.py:622 ] epoch=0188 train_loss=2.728246e-02 train_mse=6.975613e-03 train_cos=0.994646 train_nmse=-19.639dB train_rec=0.000000e+00 train_recT=0.000000e+00 train_fc=0.000000e+00 train_decoder_tail=0.000000e+00
I 07.02/04:18:12 train_mapper.py:622 ] epoch=0189 train_loss=2.726697e-02 train_mse=6.968392e-03 train_cos=0.994649 train_nmse=-19.643dB train_rec=0.000000e+00 train_recT=0.000000e+00 train_fc=0.000000e+00 train_decoder_tail=0.000000e+00
I 07.02/04:19:18 train_mapper.py:622 ] epoch=0190 train_loss=2.709085e-02 train_mse=6.916957e-03 train_cos=0.994689 train_nmse=-19.675dB train_rec=0.000000e+00 train_recT=0.000000e+00 train_fc=0.000000e+00 train_decoder_tail=0.000000e+00
I 07.02/04:20:25 train_mapper.py:622 ] epoch=0191 train_loss=2.711538e-02 train_mse=6.922711e-03 train_cos=0.994686 train_nmse=-19.671dB train_rec=0.000000e+00 train_recT=0.000000e+00 train_fc=0.000000e+00 train_decoder_tail=0.000000e+00
I 07.02/04:21:29 train_mapper.py:622 ] epoch=0192 train_loss=2.710518e-02 train_mse=6.917765e-03 train_cos=0.994689 train_nmse=-19.675dB train_rec=0.000000e+00 train_recT=0.000000e+00 train_fc=0.000000e+00 train_decoder_tail=0.000000e+00
I 07.02/04:22:39 train_mapper.py:622 ] epoch=0193 train_loss=2.700031e-02 train_mse=6.886957e-03 train_cos=0.994714 train_nmse=-19.694dB train_rec=0.000000e+00 train_recT=0.000000e+00 train_fc=0.000000e+00 train_decoder_tail=0.000000e+00
I 07.02/04:23:46 train_mapper.py:622 ] epoch=0194 train_loss=2.695858e-02 train_mse=6.872802e-03 train_cos=0.994724 train_nmse=-19.703dB train_rec=0.000000e+00 train_recT=0.000000e+00 train_fc=0.000000e+00 train_decoder_tail=0.000000e+00
I 07.02/04:24:55 train_mapper.py:622 ] epoch=0195 train_loss=2.691499e-02 train_mse=6.858318e-03 train_cos=0.994734 train_nmse=-19.712dB train_rec=0.000000e+00 train_recT=0.000000e+00 train_fc=0.000000e+00 train_decoder_tail=0.000000e+00
I 07.02/04:26:00 train_mapper.py:622 ] epoch=0196 train_loss=2.679908e-02 train_mse=6.824409e-03 train_cos=0.994760 train_nmse=-19.734dB train_rec=0.000000e+00 train_recT=0.000000e+00 train_fc=0.000000e+00 train_decoder_tail=0.000000e+00
I 07.02/04:27:07 train_mapper.py:622 ] epoch=0197 train_loss=2.681318e-02 train_mse=6.825515e-03 train_cos=0.994758 train_nmse=-19.733dB train_rec=0.000000e+00 train_recT=0.000000e+00 train_fc=0.000000e+00 train_decoder_tail=0.000000e+00
I 07.02/04:28:12 train_mapper.py:622 ] epoch=0198 train_loss=2.674159e-02 train_mse=6.804121e-03 train_cos=0.994774 train_nmse=-19.746dB train_rec=0.000000e+00 train_recT=0.000000e+00 train_fc=0.000000e+00 train_decoder_tail=0.000000e+00
I 07.02/04:29:18 train_mapper.py:622 ] epoch=0199 train_loss=2.668100e-02 train_mse=6.784553e-03 train_cos=0.994788 train_nmse=-19.759dB train_rec=0.000000e+00 train_recT=0.000000e+00 train_fc=0.000000e+00 train_decoder_tail=0.000000e+00
I 07.02/04:30:24 train_mapper.py:622 ] epoch=0200 train_loss=2.655655e-02 train_mse=6.748248e-03 train_cos=0.994818 train_nmse=-19.782dB train_rec=0.000000e+00 train_recT=0.000000e+00 train_fc=0.000000e+00 train_decoder_tail=0.000000e+00
I 07.02/04:31:28 train_mapper.py:622 ] epoch=0201 train_loss=2.655423e-02 train_mse=6.746032e-03 train_cos=0.994818 train_nmse=-19.784dB train_rec=0.000000e+00 train_recT=0.000000e+00 train_fc=0.000000e+00 train_decoder_tail=0.000000e+00
I 07.02/04:32:36 train_mapper.py:622 ] epoch=0202 train_loss=2.653089e-02 train_mse=6.737815e-03 train_cos=0.994824 train_nmse=-19.789dB train_rec=0.000000e+00 train_recT=0.000000e+00 train_fc=0.000000e+00 train_decoder_tail=0.000000e+00
I 07.02/04:33:42 train_mapper.py:622 ] epoch=0203 train_loss=2.650885e-02 train_mse=6.730461e-03 train_cos=0.994828 train_nmse=-19.794dB train_rec=0.000000e+00 train_recT=0.000000e+00 train_fc=0.000000e+00 train_decoder_tail=0.000000e+00
I 07.02/04:34:50 train_mapper.py:622 ] epoch=0204 train_loss=2.641916e-02 train_mse=6.702655e-03 train_cos=0.994849 train_nmse=-19.811dB train_rec=0.000000e+00 train_recT=0.000000e+00 train_fc=0.000000e+00 train_decoder_tail=0.000000e+00
I 07.02/04:35:57 train_mapper.py:622 ] epoch=0205 train_loss=2.637290e-02 train_mse=6.687355e-03 train_cos=0.994861 train_nmse=-19.822dB train_rec=0.000000e+00 train_recT=0.000000e+00 train_fc=0.000000e+00 train_decoder_tail=0.000000e+00
I 07.02/04:37:03 train_mapper.py:622 ] epoch=0206 train_loss=2.631130e-02 train_mse=6.669514e-03 train_cos=0.994874 train_nmse=-19.833dB train_rec=0.000000e+00 train_recT=0.000000e+00 train_fc=0.000000e+00 train_decoder_tail=0.000000e+00
I 07.02/04:38:11 train_mapper.py:622 ] epoch=0207 train_loss=2.629715e-02 train_mse=6.664320e-03 train_cos=0.994879 train_nmse=-19.837dB train_rec=0.000000e+00 train_recT=0.000000e+00 train_fc=0.000000e+00 train_decoder_tail=0.000000e+00
I 07.02/04:39:18 train_mapper.py:622 ] epoch=0208 train_loss=2.617712e-02 train_mse=6.627146e-03 train_cos=0.994906 train_nmse=-19.861dB train_rec=0.000000e+00 train_recT=0.000000e+00 train_fc=0.000000e+00 train_decoder_tail=0.000000e+00
I 07.02/04:40:22 train_mapper.py:622 ] epoch=0209 train_loss=2.612152e-02 train_mse=6.610824e-03 train_cos=0.994919 train_nmse=-19.872dB train_rec=0.000000e+00 train_recT=0.000000e+00 train_fc=0.000000e+00 train_decoder_tail=0.000000e+00
I 07.02/04:41:27 train_mapper.py:622 ] epoch=0210 train_loss=2.613917e-02 train_mse=6.614789e-03 train_cos=0.994915 train_nmse=-19.869dB train_rec=0.000000e+00 train_recT=0.000000e+00 train_fc=0.000000e+00 train_decoder_tail=0.000000e+00
I 07.02/04:42:32 train_mapper.py:622 ] epoch=0211 train_loss=2.604815e-02 train_mse=6.588130e-03 train_cos=0.994938 train_nmse=-19.887dB train_rec=0.000000e+00 train_recT=0.000000e+00 train_fc=0.000000e+00 train_decoder_tail=0.000000e+00
I 07.02/04:43:38 train_mapper.py:622 ] epoch=0212 train_loss=2.600371e-02 train_mse=6.573274e-03 train_cos=0.994948 train_nmse=-19.896dB train_rec=0.000000e+00 train_recT=0.000000e+00 train_fc=0.000000e+00 train_decoder_tail=0.000000e+00
I 07.02/04:44:43 train_mapper.py:622 ] epoch=0213 train_loss=2.597463e-02 train_mse=6.563308e-03 train_cos=0.994953 train_nmse=-19.903dB train_rec=0.000000e+00 train_recT=0.000000e+00 train_fc=0.000000e+00 train_decoder_tail=0.000000e+00
I 07.02/04:45:46 train_mapper.py:622 ] epoch=0214 train_loss=2.594366e-02 train_mse=6.553354e-03 train_cos=0.994961 train_nmse=-19.909dB train_rec=0.000000e+00 train_recT=0.000000e+00 train_fc=0.000000e+00 train_decoder_tail=0.000000e+00
I 07.02/04:46:50 train_mapper.py:622 ] epoch=0215 train_loss=2.581062e-02 train_mse=6.514319e-03 train_cos=0.994991 train_nmse=-19.935dB train_rec=0.000000e+00 train_recT=0.000000e+00 train_fc=0.000000e+00 train_decoder_tail=0.000000e+00
I 07.02/04:47:50 train_mapper.py:622 ] epoch=0216 train_loss=2.581724e-02 train_mse=6.514597e-03 train_cos=0.994990 train_nmse=-19.935dB train_rec=0.000000e+00 train_recT=0.000000e+00 train_fc=0.000000e+00 train_decoder_tail=0.000000e+00
I 07.02/04:48:46 train_mapper.py:622 ] epoch=0217 train_loss=2.579380e-02 train_mse=6.506048e-03 train_cos=0.994995 train_nmse=-19.941dB train_rec=0.000000e+00 train_recT=0.000000e+00 train_fc=0.000000e+00 train_decoder_tail=0.000000e+00
I 07.02/04:49:44 train_mapper.py:622 ] epoch=0218 train_loss=2.573832e-02 train_mse=6.489779e-03 train_cos=0.995009 train_nmse=-19.952dB train_rec=0.000000e+00 train_recT=0.000000e+00 train_fc=0.000000e+00 train_decoder_tail=0.000000e+00
I 07.02/04:50:42 train_mapper.py:622 ] epoch=0219 train_loss=2.564324e-02 train_mse=6.461623e-03 train_cos=0.995031 train_nmse=-19.971dB train_rec=0.000000e+00 train_recT=0.000000e+00 train_fc=0.000000e+00 train_decoder_tail=0.000000e+00
I 07.02/04:51:38 train_mapper.py:622 ] epoch=0220 train_loss=2.561709e-02 train_mse=6.453585e-03 train_cos=0.995036 train_nmse=-19.976dB train_rec=0.000000e+00 train_recT=0.000000e+00 train_fc=0.000000e+00 train_decoder_tail=0.000000e+00
I 07.02/04:52:36 train_mapper.py:622 ] epoch=0221 train_loss=2.556972e-02 train_mse=6.438074e-03 train_cos=0.995048 train_nmse=-19.987dB train_rec=0.000000e+00 train_recT=0.000000e+00 train_fc=0.000000e+00 train_decoder_tail=0.000000e+00
I 07.02/04:53:33 train_mapper.py:622 ] epoch=0222 train_loss=2.557411e-02 train_mse=6.439356e-03 train_cos=0.995048 train_nmse=-19.986dB train_rec=0.000000e+00 train_recT=0.000000e+00 train_fc=0.000000e+00 train_decoder_tail=0.000000e+00
I 07.02/04:54:33 train_mapper.py:622 ] epoch=0223 train_loss=2.548571e-02 train_mse=6.412207e-03 train_cos=0.995067 train_nmse=-20.004dB train_rec=0.000000e+00 train_recT=0.000000e+00 train_fc=0.000000e+00 train_decoder_tail=0.000000e+00
I 07.02/04:55:28 train_mapper.py:622 ] epoch=0224 train_loss=2.546074e-02 train_mse=6.404572e-03 train_cos=0.995073 train_nmse=-20.009dB train_rec=0.000000e+00 train_recT=0.000000e+00 train_fc=0.000000e+00 train_decoder_tail=0.000000e+00
I 07.02/04:56:20 train_mapper.py:622 ] epoch=0225 train_loss=2.539775e-02 train_mse=6.385755e-03 train_cos=0.995088 train_nmse=-20.022dB train_rec=0.000000e+00 train_recT=0.000000e+00 train_fc=0.000000e+00 train_decoder_tail=0.000000e+00
I 07.02/04:57:08 train_mapper.py:622 ] epoch=0226 train_loss=2.534712e-02 train_mse=6.369778e-03 train_cos=0.995102 train_nmse=-20.033dB train_rec=0.000000e+00 train_recT=0.000000e+00 train_fc=0.000000e+00 train_decoder_tail=0.000000e+00
I 07.02/04:57:50 train_mapper.py:622 ] epoch=0227 train_loss=2.530711e-02 train_mse=6.356878e-03 train_cos=0.995109 train_nmse=-20.042dB train_rec=0.000000e+00 train_recT=0.000000e+00 train_fc=0.000000e+00 train_decoder_tail=0.000000e+00
I 07.02/04:58:36 train_mapper.py:622 ] epoch=0228 train_loss=2.521910e-02 train_mse=6.332097e-03 train_cos=0.995128 train_nmse=-20.059dB train_rec=0.000000e+00 train_recT=0.000000e+00 train_fc=0.000000e+00 train_decoder_tail=0.000000e+00
I 07.02/04:59:26 train_mapper.py:622 ] epoch=0229 train_loss=2.518957e-02 train_mse=6.321618e-03 train_cos=0.995136 train_nmse=-20.066dB train_rec=0.000000e+00 train_recT=0.000000e+00 train_fc=0.000000e+00 train_decoder_tail=0.000000e+00
I 07.02/05:00:23 train_mapper.py:622 ] epoch=0230 train_loss=2.514723e-02 train_mse=6.308851e-03 train_cos=0.995146 train_nmse=-20.075dB train_rec=0.000000e+00 train_recT=0.000000e+00 train_fc=0.000000e+00 train_decoder_tail=0.000000e+00
I 07.02/05:01:12 train_mapper.py:622 ] epoch=0231 train_loss=2.510607e-02 train_mse=6.296315e-03 train_cos=0.995155 train_nmse=-20.083dB train_rec=0.000000e+00 train_recT=0.000000e+00 train_fc=0.000000e+00 train_decoder_tail=0.000000e+00
I 07.02/05:01:54 train_mapper.py:622 ] epoch=0232 train_loss=2.511520e-02 train_mse=6.297905e-03 train_cos=0.995153 train_nmse=-20.083dB train_rec=0.000000e+00 train_recT=0.000000e+00 train_fc=0.000000e+00 train_decoder_tail=0.000000e+00
I 07.02/05:02:39 train_mapper.py:622 ] epoch=0233 train_loss=2.506188e-02 train_mse=6.281975e-03 train_cos=0.995166 train_nmse=-20.093dB train_rec=0.000000e+00 train_recT=0.000000e+00 train_fc=0.000000e+00 train_decoder_tail=0.000000e+00
I 07.02/05:03:25 train_mapper.py:622 ] epoch=0234 train_loss=2.501110e-02 train_mse=6.266091e-03 train_cos=0.995178 train_nmse=-20.104dB train_rec=0.000000e+00 train_recT=0.000000e+00 train_fc=0.000000e+00 train_decoder_tail=0.000000e+00
I 07.02/05:04:12 train_mapper.py:622 ] epoch=0235 train_loss=2.497349e-02 train_mse=6.254041e-03 train_cos=0.995186 train_nmse=-20.113dB train_rec=0.000000e+00 train_recT=0.000000e+00 train_fc=0.000000e+00 train_decoder_tail=0.000000e+00
I 07.02/05:04:56 train_mapper.py:622 ] epoch=0236 train_loss=2.487868e-02 train_mse=6.226718e-03 train_cos=0.995207 train_nmse=-20.132dB train_rec=0.000000e+00 train_recT=0.000000e+00 train_fc=0.000000e+00 train_decoder_tail=0.000000e+00
I 07.02/05:05:41 train_mapper.py:622 ] epoch=0237 train_loss=2.485210e-02 train_mse=6.218545e-03 train_cos=0.995215 train_nmse=-20.137dB train_rec=0.000000e+00 train_recT=0.000000e+00 train_fc=0.000000e+00 train_decoder_tail=0.000000e+00
I 07.02/05:06:24 train_mapper.py:622 ] epoch=0238 train_loss=2.485778e-02 train_mse=6.218481e-03 train_cos=0.995214 train_nmse=-20.137dB train_rec=0.000000e+00 train_recT=0.000000e+00 train_fc=0.000000e+00 train_decoder_tail=0.000000e+00
I 07.02/05:07:09 train_mapper.py:622 ] epoch=0239 train_loss=2.476753e-02 train_mse=6.193474e-03 train_cos=0.995233 train_nmse=-20.155dB train_rec=0.000000e+00 train_recT=0.000000e+00 train_fc=0.000000e+00 train_decoder_tail=0.000000e+00
I 07.02/05:07:52 train_mapper.py:622 ] epoch=0240 train_loss=2.475281e-02 train_mse=6.187047e-03 train_cos=0.995237 train_nmse=-20.159dB train_rec=0.000000e+00 train_recT=0.000000e+00 train_fc=0.000000e+00 train_decoder_tail=0.000000e+00
I 07.02/05:08:36 train_mapper.py:622 ] epoch=0241 train_loss=2.472592e-02 train_mse=6.178443e-03 train_cos=0.995242 train_nmse=-20.166dB train_rec=0.000000e+00 train_recT=0.000000e+00 train_fc=0.000000e+00 train_decoder_tail=0.000000e+00
I 07.02/05:09:22 train_mapper.py:622 ] epoch=0242 train_loss=2.467558e-02 train_mse=6.163148e-03 train_cos=0.995255 train_nmse=-20.176dB train_rec=0.000000e+00 train_recT=0.000000e+00 train_fc=0.000000e+00 train_decoder_tail=0.000000e+00
I 07.02/05:10:06 train_mapper.py:622 ] epoch=0243 train_loss=2.462315e-02 train_mse=6.147965e-03 train_cos=0.995268 train_nmse=-20.187dB train_rec=0.000000e+00 train_recT=0.000000e+00 train_fc=0.000000e+00 train_decoder_tail=0.000000e+00
I 07.02/05:10:51 train_mapper.py:622 ] epoch=0244 train_loss=2.460310e-02 train_mse=6.142429e-03 train_cos=0.995273 train_nmse=-20.191dB train_rec=0.000000e+00 train_recT=0.000000e+00 train_fc=0.000000e+00 train_decoder_tail=0.000000e+00
I 07.02/05:11:32 train_mapper.py:622 ] epoch=0245 train_loss=2.455960e-02 train_mse=6.128040e-03 train_cos=0.995281 train_nmse=-20.201dB train_rec=0.000000e+00 train_recT=0.000000e+00 train_fc=0.000000e+00 train_decoder_tail=0.000000e+00
I 07.02/05:12:15 train_mapper.py:622 ] epoch=0246 train_loss=2.453246e-02 train_mse=6.119630e-03 train_cos=0.995287 train_nmse=-20.207dB train_rec=0.000000e+00 train_recT=0.000000e+00 train_fc=0.000000e+00 train_decoder_tail=0.000000e+00
I 07.02/05:13:00 train_mapper.py:622 ] epoch=0247 train_loss=2.444018e-02 train_mse=6.093626e-03 train_cos=0.995309 train_nmse=-20.225dB train_rec=0.000000e+00 train_recT=0.000000e+00 train_fc=0.000000e+00 train_decoder_tail=0.000000e+00
I 07.02/05:13:44 train_mapper.py:622 ] epoch=0248 train_loss=2.445844e-02 train_mse=6.095897e-03 train_cos=0.995305 train_nmse=-20.224dB train_rec=0.000000e+00 train_recT=0.000000e+00 train_fc=0.000000e+00 train_decoder_tail=0.000000e+00
I 07.02/05:14:29 train_mapper.py:622 ] epoch=0249 train_loss=2.441684e-02 train_mse=6.083916e-03 train_cos=0.995314 train_nmse=-20.232dB train_rec=0.000000e+00 train_recT=0.000000e+00 train_fc=0.000000e+00 train_decoder_tail=0.000000e+00
I 07.02/05:15:13 train_mapper.py:622 ] epoch=0250 train_loss=2.435523e-02 train_mse=6.065919e-03 train_cos=0.995328 train_nmse=-20.245dB train_rec=0.000000e+00 train_recT=0.000000e+00 train_fc=0.000000e+00 train_decoder_tail=0.000000e+00
I 07.02/05:15:58 train_mapper.py:622 ] epoch=0251 train_loss=2.426902e-02 train_mse=6.041810e-03 train_cos=0.995348 train_nmse=-20.262dB train_rec=0.000000e+00 train_recT=0.000000e+00 train_fc=0.000000e+00 train_decoder_tail=0.000000e+00
I 07.02/05:16:44 train_mapper.py:622 ] epoch=0252 train_loss=2.426859e-02 train_mse=6.041221e-03 train_cos=0.995349 train_nmse=-20.263dB train_rec=0.000000e+00 train_recT=0.000000e+00 train_fc=0.000000e+00 train_decoder_tail=0.000000e+00
I 07.02/05:17:30 train_mapper.py:622 ] epoch=0253 train_loss=2.423309e-02 train_mse=6.029678e-03 train_cos=0.995357 train_nmse=-20.271dB train_rec=0.000000e+00 train_recT=0.000000e+00 train_fc=0.000000e+00 train_decoder_tail=0.000000e+00
I 07.02/05:18:14 train_mapper.py:622 ] epoch=0254 train_loss=2.424939e-02 train_mse=6.032853e-03 train_cos=0.995354 train_nmse=-20.269dB train_rec=0.000000e+00 train_recT=0.000000e+00 train_fc=0.000000e+00 train_decoder_tail=0.000000e+00
I 07.02/05:18:56 train_mapper.py:622 ] epoch=0255 train_loss=2.414798e-02 train_mse=6.004281e-03 train_cos=0.995375 train_nmse=-20.290dB train_rec=0.000000e+00 train_recT=0.000000e+00 train_fc=0.000000e+00 train_decoder_tail=0.000000e+00
I 07.02/05:19:41 train_mapper.py:622 ] epoch=0256 train_loss=2.406319e-02 train_mse=5.979443e-03 train_cos=0.995394 train_nmse=-20.307dB train_rec=0.000000e+00 train_recT=0.000000e+00 train_fc=0.000000e+00 train_decoder_tail=0.000000e+00
I 07.02/05:20:26 train_mapper.py:622 ] epoch=0257 train_loss=2.409562e-02 train_mse=5.987625e-03 train_cos=0.995388 train_nmse=-20.302dB train_rec=0.000000e+00 train_recT=0.000000e+00 train_fc=0.000000e+00 train_decoder_tail=0.000000e+00
I 07.02/05:21:07 train_mapper.py:622 ] epoch=0258 train_loss=2.409622e-02 train_mse=5.986562e-03 train_cos=0.995389 train_nmse=-20.302dB train_rec=0.000000e+00 train_recT=0.000000e+00 train_fc=0.000000e+00 train_decoder_tail=0.000000e+00
I 07.02/05:21:52 train_mapper.py:622 ] epoch=0259 train_loss=2.397542e-02 train_mse=5.952920e-03 train_cos=0.995415 train_nmse=-20.327dB train_rec=0.000000e+00 train_recT=0.000000e+00 train_fc=0.000000e+00 train_decoder_tail=0.000000e+00
I 07.02/05:22:33 train_mapper.py:622 ] epoch=0260 train_loss=2.399612e-02 train_mse=5.956526e-03 train_cos=0.995412 train_nmse=-20.324dB train_rec=0.000000e+00 train_recT=0.000000e+00 train_fc=0.000000e+00 train_decoder_tail=0.000000e+00
I 07.02/05:23:14 train_mapper.py:622 ] epoch=0261 train_loss=2.390235e-02 train_mse=5.930747e-03 train_cos=0.995431 train_nmse=-20.343dB train_rec=0.000000e+00 train_recT=0.000000e+00 train_fc=0.000000e+00 train_decoder_tail=0.000000e+00
I 07.02/05:23:56 train_mapper.py:622 ] epoch=0262 train_loss=2.391288e-02 train_mse=5.932169e-03 train_cos=0.995430 train_nmse=-20.342dB train_rec=0.000000e+00 train_recT=0.000000e+00 train_fc=0.000000e+00 train_decoder_tail=0.000000e+00
I 07.02/05:24:41 train_mapper.py:622 ] epoch=0263 train_loss=2.388005e-02 train_mse=5.922157e-03 train_cos=0.995436 train_nmse=-20.349dB train_rec=0.000000e+00 train_recT=0.000000e+00 train_fc=0.000000e+00 train_decoder_tail=0.000000e+00
I 07.02/05:25:27 train_mapper.py:622 ] epoch=0264 train_loss=2.377716e-02 train_mse=5.893012e-03 train_cos=0.995460 train_nmse=-20.371dB train_rec=0.000000e+00 train_recT=0.000000e+00 train_fc=0.000000e+00 train_decoder_tail=0.000000e+00
I 07.02/05:26:11 train_mapper.py:622 ] epoch=0265 train_loss=2.381438e-02 train_mse=5.902663e-03 train_cos=0.995452 train_nmse=-20.364dB train_rec=0.000000e+00 train_recT=0.000000e+00 train_fc=0.000000e+00 train_decoder_tail=0.000000e+00
I 07.02/05:26:55 train_mapper.py:622 ] epoch=0266 train_loss=2.375210e-02 train_mse=5.885083e-03 train_cos=0.995467 train_nmse=-20.377dB train_rec=0.000000e+00 train_recT=0.000000e+00 train_fc=0.000000e+00 train_decoder_tail=0.000000e+00
I 07.02/05:27:42 train_mapper.py:622 ] epoch=0267 train_loss=2.373143e-02 train_mse=5.878216e-03 train_cos=0.995471 train_nmse=-20.382dB train_rec=0.000000e+00 train_recT=0.000000e+00 train_fc=0.000000e+00 train_decoder_tail=0.000000e+00
I 07.02/05:28:27 train_mapper.py:622 ] epoch=0268 train_loss=2.367485e-02 train_mse=5.861190e-03 train_cos=0.995484 train_nmse=-20.394dB train_rec=0.000000e+00 train_recT=0.000000e+00 train_fc=0.000000e+00 train_decoder_tail=0.000000e+00
I 07.02/05:29:07 train_mapper.py:622 ] epoch=0269 train_loss=2.362476e-02 train_mse=5.846929e-03 train_cos=0.995495 train_nmse=-20.405dB train_rec=0.000000e+00 train_recT=0.000000e+00 train_fc=0.000000e+00 train_decoder_tail=0.000000e+00
I 07.02/05:29:51 train_mapper.py:622 ] epoch=0270 train_loss=2.363383e-02 train_mse=5.848412e-03 train_cos=0.995494 train_nmse=-20.404dB train_rec=0.000000e+00 train_recT=0.000000e+00 train_fc=0.000000e+00 train_decoder_tail=0.000000e+00
I 07.02/05:30:37 train_mapper.py:622 ] epoch=0271 train_loss=2.358142e-02 train_mse=5.833597e-03 train_cos=0.995506 train_nmse=-20.415dB train_rec=0.000000e+00 train_recT=0.000000e+00 train_fc=0.000000e+00 train_decoder_tail=0.000000e+00
I 07.02/05:31:22 train_mapper.py:622 ] epoch=0272 train_loss=2.358062e-02 train_mse=5.831139e-03 train_cos=0.995506 train_nmse=-20.416dB train_rec=0.000000e+00 train_recT=0.000000e+00 train_fc=0.000000e+00 train_decoder_tail=0.000000e+00
I 07.02/05:32:06 train_mapper.py:622 ] epoch=0273 train_loss=2.351683e-02 train_mse=5.813685e-03 train_cos=0.995521 train_nmse=-20.430dB train_rec=0.000000e+00 train_recT=0.000000e+00 train_fc=0.000000e+00 train_decoder_tail=0.000000e+00
I 07.02/05:32:48 train_mapper.py:622 ] epoch=0274 train_loss=2.349294e-02 train_mse=5.806072e-03 train_cos=0.995526 train_nmse=-20.435dB train_rec=0.000000e+00 train_recT=0.000000e+00 train_fc=0.000000e+00 train_decoder_tail=0.000000e+00
I 07.02/05:33:33 train_mapper.py:622 ] epoch=0275 train_loss=2.341595e-02 train_mse=5.784196e-03 train_cos=0.995543 train_nmse=-20.452dB train_rec=0.000000e+00 train_recT=0.000000e+00 train_fc=0.000000e+00 train_decoder_tail=0.000000e+00
I 07.02/05:34:16 train_mapper.py:622 ] epoch=0276 train_loss=2.342147e-02 train_mse=5.784828e-03 train_cos=0.995542 train_nmse=-20.451dB train_rec=0.000000e+00 train_recT=0.000000e+00 train_fc=0.000000e+00 train_decoder_tail=0.000000e+00
I 07.02/05:34:57 train_mapper.py:622 ] epoch=0277 train_loss=2.335180e-02 train_mse=5.764533e-03 train_cos=0.995557 train_nmse=-20.466dB train_rec=0.000000e+00 train_recT=0.000000e+00 train_fc=0.000000e+00 train_decoder_tail=0.000000e+00
I 07.02/05:35:42 train_mapper.py:622 ] epoch=0278 train_loss=2.338139e-02 train_mse=5.772391e-03 train_cos=0.995552 train_nmse=-20.461dB train_rec=0.000000e+00 train_recT=0.000000e+00 train_fc=0.000000e+00 train_decoder_tail=0.000000e+00
I 07.02/05:36:27 train_mapper.py:622 ] epoch=0279 train_loss=2.333843e-02 train_mse=5.759704e-03 train_cos=0.995560 train_nmse=-20.470dB train_rec=0.000000e+00 train_recT=0.000000e+00 train_fc=0.000000e+00 train_decoder_tail=0.000000e+00
I 07.02/05:37:09 train_mapper.py:622 ] epoch=0280 train_loss=2.330050e-02 train_mse=5.748669e-03 train_cos=0.995568 train_nmse=-20.478dB train_rec=0.000000e+00 train_recT=0.000000e+00 train_fc=0.000000e+00 train_decoder_tail=0.000000e+00
I 07.02/05:37:53 train_mapper.py:622 ] epoch=0281 train_loss=2.330631e-02 train_mse=5.748778e-03 train_cos=0.995568 train_nmse=-20.478dB train_rec=0.000000e+00 train_recT=0.000000e+00 train_fc=0.000000e+00 train_decoder_tail=0.000000e+00
I 07.02/05:38:33 train_mapper.py:622 ] epoch=0282 train_loss=2.325494e-02 train_mse=5.734278e-03 train_cos=0.995579 train_nmse=-20.489dB train_rec=0.000000e+00 train_recT=0.000000e+00 train_fc=0.000000e+00 train_decoder_tail=0.000000e+00
I 07.02/05:39:16 train_mapper.py:622 ] epoch=0283 train_loss=2.320660e-02 train_mse=5.720453e-03 train_cos=0.995592 train_nmse=-20.499dB train_rec=0.000000e+00 train_recT=0.000000e+00 train_fc=0.000000e+00 train_decoder_tail=0.000000e+00
I 07.02/05:39:59 train_mapper.py:622 ] epoch=0284 train_loss=2.316369e-02 train_mse=5.708511e-03 train_cos=0.995601 train_nmse=-20.509dB train_rec=0.000000e+00 train_recT=0.000000e+00 train_fc=0.000000e+00 train_decoder_tail=0.000000e+00
I 07.02/05:40:44 train_mapper.py:622 ] epoch=0285 train_loss=2.310793e-02 train_mse=5.692072e-03 train_cos=0.995612 train_nmse=-20.522dB train_rec=0.000000e+00 train_recT=0.000000e+00 train_fc=0.000000e+00 train_decoder_tail=0.000000e+00
I 07.02/05:41:29 train_mapper.py:622 ] epoch=0286 train_loss=2.310551e-02 train_mse=5.689856e-03 train_cos=0.995613 train_nmse=-20.523dB train_rec=0.000000e+00 train_recT=0.000000e+00 train_fc=0.000000e+00 train_decoder_tail=0.000000e+00
I 07.02/05:42:13 train_mapper.py:622 ] epoch=0287 train_loss=2.302439e-02 train_mse=5.667202e-03 train_cos=0.995631 train_nmse=-20.540dB train_rec=0.000000e+00 train_recT=0.000000e+00 train_fc=0.000000e+00 train_decoder_tail=0.000000e+00
I 07.02/05:42:55 train_mapper.py:622 ] epoch=0288 train_loss=2.299564e-02 train_mse=5.658879e-03 train_cos=0.995636 train_nmse=-20.547dB train_rec=0.000000e+00 train_recT=0.000000e+00 train_fc=0.000000e+00 train_decoder_tail=0.000000e+00
I 07.02/05:43:40 train_mapper.py:622 ] epoch=0289 train_loss=2.294548e-02 train_mse=5.644681e-03 train_cos=0.995648 train_nmse=-20.558dB train_rec=0.000000e+00 train_recT=0.000000e+00 train_fc=0.000000e+00 train_decoder_tail=0.000000e+00
I 07.02/05:44:23 train_mapper.py:622 ] epoch=0290 train_loss=2.300676e-02 train_mse=5.660487e-03 train_cos=0.995637 train_nmse=-20.545dB train_rec=0.000000e+00 train_recT=0.000000e+00 train_fc=0.000000e+00 train_decoder_tail=0.000000e+00
I 07.02/05:45:06 train_mapper.py:622 ] epoch=0291 train_loss=2.295440e-02 train_mse=5.645346e-03 train_cos=0.995648 train_nmse=-20.557dB train_rec=0.000000e+00 train_recT=0.000000e+00 train_fc=0.000000e+00 train_decoder_tail=0.000000e+00
I 07.02/05:45:50 train_mapper.py:622 ] epoch=0292 train_loss=2.291760e-02 train_mse=5.634994e-03 train_cos=0.995656 train_nmse=-20.565dB train_rec=0.000000e+00 train_recT=0.000000e+00 train_fc=0.000000e+00 train_decoder_tail=0.000000e+00
I 07.02/05:46:34 train_mapper.py:622 ] epoch=0293 train_loss=2.292040e-02 train_mse=5.635165e-03 train_cos=0.995656 train_nmse=-20.565dB train_rec=0.000000e+00 train_recT=0.000000e+00 train_fc=0.000000e+00 train_decoder_tail=0.000000e+00
I 07.02/05:47:16 train_mapper.py:622 ] epoch=0294 train_loss=2.285247e-02 train_mse=5.615051e-03 train_cos=0.995670 train_nmse=-20.581dB train_rec=0.000000e+00 train_recT=0.000000e+00 train_fc=0.000000e+00 train_decoder_tail=0.000000e+00
I 07.02/05:47:57 train_mapper.py:622 ] epoch=0295 train_loss=2.283428e-02 train_mse=5.609176e-03 train_cos=0.995674 train_nmse=-20.585dB train_rec=0.000000e+00 train_recT=0.000000e+00 train_fc=0.000000e+00 train_decoder_tail=0.000000e+00
I 07.02/05:48:39 train_mapper.py:622 ] epoch=0296 train_loss=2.274709e-02 train_mse=5.585446e-03 train_cos=0.995694 train_nmse=-20.603dB train_rec=0.000000e+00 train_recT=0.000000e+00 train_fc=0.000000e+00 train_decoder_tail=0.000000e+00
I 07.02/05:49:16 train_mapper.py:622 ] epoch=0297 train_loss=2.276614e-02 train_mse=5.589966e-03 train_cos=0.995690 train_nmse=-20.600dB train_rec=0.000000e+00 train_recT=0.000000e+00 train_fc=0.000000e+00 train_decoder_tail=0.000000e+00
I 07.02/05:49:54 train_mapper.py:622 ] epoch=0298 train_loss=2.274747e-02 train_mse=5.583728e-03 train_cos=0.995694 train_nmse=-20.605dB train_rec=0.000000e+00 train_recT=0.000000e+00 train_fc=0.000000e+00 train_decoder_tail=0.000000e+00
I 07.02/05:50:32 train_mapper.py:622 ] epoch=0299 train_loss=2.272292e-02 train_mse=5.575946e-03 train_cos=0.995699 train_nmse=-20.611dB train_rec=0.000000e+00 train_recT=0.000000e+00 train_fc=0.000000e+00 train_decoder_tail=0.000000e+00
I 07.02/05:51:13 train_mapper.py:622 ] epoch=0300 train_loss=2.267008e-02 train_mse=5.561220e-03 train_cos=0.995712 train_nmse=-20.622dB train_rec=0.000000e+00 train_recT=0.000000e+00 train_fc=0.000000e+00 train_decoder_tail=0.000000e+00
I 07.02/05:51:52 train_mapper.py:622 ] epoch=0301 train_loss=2.265890e-02 train_mse=5.557375e-03 train_cos=0.995714 train_nmse=-20.625dB train_rec=0.000000e+00 train_recT=0.000000e+00 train_fc=0.000000e+00 train_decoder_tail=0.000000e+00
I 07.02/05:52:35 train_mapper.py:622 ] epoch=0302 train_loss=2.255466e-02 train_mse=5.529156e-03 train_cos=0.995738 train_nmse=-20.648dB train_rec=0.000000e+00 train_recT=0.000000e+00 train_fc=0.000000e+00 train_decoder_tail=0.000000e+00
I 07.02/05:53:16 train_mapper.py:622 ] epoch=0303 train_loss=2.256803e-02 train_mse=5.531209e-03 train_cos=0.995735 train_nmse=-20.646dB train_rec=0.000000e+00 train_recT=0.000000e+00 train_fc=0.000000e+00 train_decoder_tail=0.000000e+00
I 07.02/05:53:56 train_mapper.py:622 ] epoch=0304 train_loss=2.259742e-02 train_mse=5.538362e-03 train_cos=0.995728 train_nmse=-20.640dB train_rec=0.000000e+00 train_recT=0.000000e+00 train_fc=0.000000e+00 train_decoder_tail=0.000000e+00
I 07.02/05:54:36 train_mapper.py:622 ] epoch=0305 train_loss=2.251035e-02 train_mse=5.514920e-03 train_cos=0.995748 train_nmse=-20.659dB train_rec=0.000000e+00 train_recT=0.000000e+00 train_fc=0.000000e+00 train_decoder_tail=0.000000e+00
I 07.02/05:55:18 train_mapper.py:622 ] epoch=0306 train_loss=2.251728e-02 train_mse=5.515455e-03 train_cos=0.995746 train_nmse=-20.658dB train_rec=0.000000e+00 train_recT=0.000000e+00 train_fc=0.000000e+00 train_decoder_tail=0.000000e+00
I 07.02/05:55:56 train_mapper.py:622 ] epoch=0307 train_loss=2.248280e-02 train_mse=5.505116e-03 train_cos=0.995754 train_nmse=-20.666dB train_rec=0.000000e+00 train_recT=0.000000e+00 train_fc=0.000000e+00 train_decoder_tail=0.000000e+00
I 07.02/05:56:37 train_mapper.py:622 ] epoch=0308 train_loss=2.246359e-02 train_mse=5.499523e-03 train_cos=0.995758 train_nmse=-20.671dB train_rec=0.000000e+00 train_recT=0.000000e+00 train_fc=0.000000e+00 train_decoder_tail=0.000000e+00
I 07.02/05:57:14 train_mapper.py:622 ] epoch=0309 train_loss=2.240163e-02 train_mse=5.482303e-03 train_cos=0.995772 train_nmse=-20.684dB train_rec=0.000000e+00 train_recT=0.000000e+00 train_fc=0.000000e+00 train_decoder_tail=0.000000e+00
I 07.02/05:57:50 train_mapper.py:622 ] epoch=0310 train_loss=2.237526e-02 train_mse=5.475333e-03 train_cos=0.995778 train_nmse=-20.690dB train_rec=0.000000e+00 train_recT=0.000000e+00 train_fc=0.000000e+00 train_decoder_tail=0.000000e+00
I 07.02/05:58:30 train_mapper.py:622 ] epoch=0311 train_loss=2.239923e-02 train_mse=5.480250e-03 train_cos=0.995774 train_nmse=-20.686dB train_rec=0.000000e+00 train_recT=0.000000e+00 train_fc=0.000000e+00 train_decoder_tail=0.000000e+00
I 07.02/05:59:10 train_mapper.py:622 ] epoch=0312 train_loss=2.234875e-02 train_mse=5.466043e-03 train_cos=0.995784 train_nmse=-20.698dB train_rec=0.000000e+00 train_recT=0.000000e+00 train_fc=0.000000e+00 train_decoder_tail=0.000000e+00
I 07.02/05:59:48 train_mapper.py:622 ] epoch=0313 train_loss=2.231807e-02 train_mse=5.456775e-03 train_cos=0.995791 train_nmse=-20.705dB train_rec=0.000000e+00 train_recT=0.000000e+00 train_fc=0.000000e+00 train_decoder_tail=0.000000e+00
I 07.02/06:00:31 train_mapper.py:622 ] epoch=0314 train_loss=2.224752e-02 train_mse=5.437790e-03 train_cos=0.995806 train_nmse=-20.720dB train_rec=0.000000e+00 train_recT=0.000000e+00 train_fc=0.000000e+00 train_decoder_tail=0.000000e+00
I 07.02/06:01:14 train_mapper.py:622 ] epoch=0315 train_loss=2.229062e-02 train_mse=5.448085e-03 train_cos=0.995798 train_nmse=-20.711dB train_rec=0.000000e+00 train_recT=0.000000e+00 train_fc=0.000000e+00 train_decoder_tail=0.000000e+00
I 07.02/06:01:53 train_mapper.py:622 ] epoch=0316 train_loss=2.223074e-02 train_mse=5.431027e-03 train_cos=0.995809 train_nmse=-20.725dB train_rec=0.000000e+00 train_recT=0.000000e+00 train_fc=0.000000e+00 train_decoder_tail=0.000000e+00
I 07.02/06:02:36 train_mapper.py:622 ] epoch=0317 train_loss=2.219908e-02 train_mse=5.422531e-03 train_cos=0.995818 train_nmse=-20.732dB train_rec=0.000000e+00 train_recT=0.000000e+00 train_fc=0.000000e+00 train_decoder_tail=0.000000e+00
I 07.02/06:03:19 train_mapper.py:622 ] epoch=0318 train_loss=2.220851e-02 train_mse=5.423716e-03 train_cos=0.995817 train_nmse=-20.731dB train_rec=0.000000e+00 train_recT=0.000000e+00 train_fc=0.000000e+00 train_decoder_tail=0.000000e+00
I 07.02/06:04:02 train_mapper.py:622 ] epoch=0319 train_loss=2.215066e-02 train_mse=5.407666e-03 train_cos=0.995829 train_nmse=-20.744dB train_rec=0.000000e+00 train_recT=0.000000e+00 train_fc=0.000000e+00 train_decoder_tail=0.000000e+00
I 07.02/06:04:44 train_mapper.py:622 ] epoch=0320 train_loss=2.214736e-02 train_mse=5.405991e-03 train_cos=0.995829 train_nmse=-20.745dB train_rec=0.000000e+00 train_recT=0.000000e+00 train_fc=0.000000e+00 train_decoder_tail=0.000000e+00
I 07.02/06:05:26 train_mapper.py:622 ] epoch=0321 train_loss=2.206803e-02 train_mse=5.383961e-03 train_cos=0.995846 train_nmse=-20.763dB train_rec=0.000000e+00 train_recT=0.000000e+00 train_fc=0.000000e+00 train_decoder_tail=0.000000e+00
I 07.02/06:06:09 train_mapper.py:622 ] epoch=0322 train_loss=2.205779e-02 train_mse=5.381073e-03 train_cos=0.995849 train_nmse=-20.765dB train_rec=0.000000e+00 train_recT=0.000000e+00 train_fc=0.000000e+00 train_decoder_tail=0.000000e+00
I 07.02/06:06:52 train_mapper.py:622 ] epoch=0323 train_loss=2.202680e-02 train_mse=5.371522e-03 train_cos=0.995856 train_nmse=-20.773dB train_rec=0.000000e+00 train_recT=0.000000e+00 train_fc=0.000000e+00 train_decoder_tail=0.000000e+00
I 07.02/06:07:35 train_mapper.py:622 ] epoch=0324 train_loss=2.201841e-02 train_mse=5.368645e-03 train_cos=0.995858 train_nmse=-20.776dB train_rec=0.000000e+00 train_recT=0.000000e+00 train_fc=0.000000e+00 train_decoder_tail=0.000000e+00
I 07.02/06:08:18 train_mapper.py:622 ] epoch=0325 train_loss=2.196806e-02 train_mse=5.354629e-03 train_cos=0.995869 train_nmse=-20.787dB train_rec=0.000000e+00 train_recT=0.000000e+00 train_fc=0.000000e+00 train_decoder_tail=0.000000e+00
I 07.02/06:09:01 train_mapper.py:622 ] epoch=0326 train_loss=2.196256e-02 train_mse=5.352109e-03 train_cos=0.995870 train_nmse=-20.789dB train_rec=0.000000e+00 train_recT=0.000000e+00 train_fc=0.000000e+00 train_decoder_tail=0.000000e+00
I 07.02/06:09:42 train_mapper.py:622 ] epoch=0327 train_loss=2.194991e-02 train_mse=5.347499e-03 train_cos=0.995872 train_nmse=-20.793dB train_rec=0.000000e+00 train_recT=0.000000e+00 train_fc=0.000000e+00 train_decoder_tail=0.000000e+00
I 07.02/06:10:24 train_mapper.py:622 ] epoch=0328 train_loss=2.190777e-02 train_mse=5.335655e-03 train_cos=0.995882 train_nmse=-20.802dB train_rec=0.000000e+00 train_recT=0.000000e+00 train_fc=0.000000e+00 train_decoder_tail=0.000000e+00
I 07.02/06:11:08 train_mapper.py:622 ] epoch=0329 train_loss=2.188856e-02 train_mse=5.330613e-03 train_cos=0.995887 train_nmse=-20.806dB train_rec=0.000000e+00 train_recT=0.000000e+00 train_fc=0.000000e+00 train_decoder_tail=0.000000e+00
I 07.02/06:11:48 train_mapper.py:622 ] epoch=0330 train_loss=2.182187e-02 train_mse=5.312467e-03 train_cos=0.995903 train_nmse=-20.821dB train_rec=0.000000e+00 train_recT=0.000000e+00 train_fc=0.000000e+00 train_decoder_tail=0.000000e+00
I 07.02/06:12:31 train_mapper.py:622 ] epoch=0331 train_loss=2.180924e-02 train_mse=5.308144e-03 train_cos=0.995905 train_nmse=-20.824dB train_rec=0.000000e+00 train_recT=0.000000e+00 train_fc=0.000000e+00 train_decoder_tail=0.000000e+00
I 07.02/06:13:14 train_mapper.py:622 ] epoch=0332 train_loss=2.177990e-02 train_mse=5.299839e-03 train_cos=0.995911 train_nmse=-20.832dB train_rec=0.000000e+00 train_recT=0.000000e+00 train_fc=0.000000e+00 train_decoder_tail=0.000000e+00
I 07.02/06:13:57 train_mapper.py:622 ] epoch=0333 train_loss=2.178943e-02 train_mse=5.301207e-03 train_cos=0.995910 train_nmse=-20.830dB train_rec=0.000000e+00 train_recT=0.000000e+00 train_fc=0.000000e+00 train_decoder_tail=0.000000e+00
I 07.02/06:14:34 train_mapper.py:622 ] epoch=0334 train_loss=2.175461e-02 train_mse=5.290893e-03 train_cos=0.995917 train_nmse=-20.839dB train_rec=0.000000e+00 train_recT=0.000000e+00 train_fc=0.000000e+00 train_decoder_tail=0.000000e+00
I 07.02/06:15:14 train_mapper.py:622 ] epoch=0335 train_loss=2.171477e-02 train_mse=5.280587e-03 train_cos=0.995925 train_nmse=-20.847dB train_rec=0.000000e+00 train_recT=0.000000e+00 train_fc=0.000000e+00 train_decoder_tail=0.000000e+00
I 07.02/06:15:57 train_mapper.py:622 ] epoch=0336 train_loss=2.168165e-02 train_mse=5.270193e-03 train_cos=0.995932 train_nmse=-20.856dB train_rec=0.000000e+00 train_recT=0.000000e+00 train_fc=0.000000e+00 train_decoder_tail=0.000000e+00
I 07.02/06:16:39 train_mapper.py:622 ] epoch=0337 train_loss=2.170806e-02 train_mse=5.276907e-03 train_cos=0.995927 train_nmse=-20.850dB train_rec=0.000000e+00 train_recT=0.000000e+00 train_fc=0.000000e+00 train_decoder_tail=0.000000e+00
I 07.02/06:17:23 train_mapper.py:622 ] epoch=0338 train_loss=2.161875e-02 train_mse=5.253319e-03 train_cos=0.995946 train_nmse=-20.870dB train_rec=0.000000e+00 train_recT=0.000000e+00 train_fc=0.000000e+00 train_decoder_tail=0.000000e+00
I 07.02/06:18:02 train_mapper.py:622 ] epoch=0339 train_loss=2.163087e-02 train_mse=5.255230e-03 train_cos=0.995945 train_nmse=-20.868dB train_rec=0.000000e+00 train_recT=0.000000e+00 train_fc=0.000000e+00 train_decoder_tail=0.000000e+00
I 07.02/06:18:44 train_mapper.py:622 ] epoch=0340 train_loss=2.164129e-02 train_mse=5.258002e-03 train_cos=0.995943 train_nmse=-20.866dB train_rec=0.000000e+00 train_recT=0.000000e+00 train_fc=0.000000e+00 train_decoder_tail=0.000000e+00
I 07.02/06:19:26 train_mapper.py:622 ] epoch=0341 train_loss=2.163484e-02 train_mse=5.254969e-03 train_cos=0.995944 train_nmse=-20.868dB train_rec=0.000000e+00 train_recT=0.000000e+00 train_fc=0.000000e+00 train_decoder_tail=0.000000e+00
I 07.02/06:20:08 train_mapper.py:622 ] epoch=0342 train_loss=2.160001e-02 train_mse=5.245484e-03 train_cos=0.995953 train_nmse=-20.876dB train_rec=0.000000e+00 train_recT=0.000000e+00 train_fc=0.000000e+00 train_decoder_tail=0.000000e+00
I 07.02/06:20:51 train_mapper.py:622 ] epoch=0343 train_loss=2.156000e-02 train_mse=5.233855e-03 train_cos=0.995961 train_nmse=-20.886dB train_rec=0.000000e+00 train_recT=0.000000e+00 train_fc=0.000000e+00 train_decoder_tail=0.000000e+00
I 07.02/06:21:34 train_mapper.py:622 ] epoch=0344 train_loss=2.151462e-02 train_mse=5.221534e-03 train_cos=0.995971 train_nmse=-20.896dB train_rec=0.000000e+00 train_recT=0.000000e+00 train_fc=0.000000e+00 train_decoder_tail=0.000000e+00
I 07.02/06:22:17 train_mapper.py:622 ] epoch=0345 train_loss=2.150134e-02 train_mse=5.216921e-03 train_cos=0.995974 train_nmse=-20.900dB train_rec=0.000000e+00 train_recT=0.000000e+00 train_fc=0.000000e+00 train_decoder_tail=0.000000e+00
I 07.02/06:22:58 train_mapper.py:622 ] epoch=0346 train_loss=2.143115e-02 train_mse=5.198010e-03 train_cos=0.995989 train_nmse=-20.916dB train_rec=0.000000e+00 train_recT=0.000000e+00 train_fc=0.000000e+00 train_decoder_tail=0.000000e+00
I 07.02/06:23:42 train_mapper.py:622 ] epoch=0347 train_loss=2.144355e-02 train_mse=5.200353e-03 train_cos=0.995986 train_nmse=-20.913dB train_rec=0.000000e+00 train_recT=0.000000e+00 train_fc=0.000000e+00 train_decoder_tail=0.000000e+00
I 07.02/06:24:24 train_mapper.py:622 ] epoch=0348 train_loss=2.147047e-02 train_mse=5.207087e-03 train_cos=0.995982 train_nmse=-20.908dB train_rec=0.000000e+00 train_recT=0.000000e+00 train_fc=0.000000e+00 train_decoder_tail=0.000000e+00
I 07.02/06:25:05 train_mapper.py:622 ] epoch=0349 train_loss=2.137666e-02 train_mse=5.181881e-03 train_cos=0.996002 train_nmse=-20.929dB train_rec=0.000000e+00 train_recT=0.000000e+00 train_fc=0.000000e+00 train_decoder_tail=0.000000e+00
I 07.02/06:25:48 train_mapper.py:622 ] epoch=0350 train_loss=2.138533e-02 train_mse=5.182890e-03 train_cos=0.995999 train_nmse=-20.928dB train_rec=0.000000e+00 train_recT=0.000000e+00 train_fc=0.000000e+00 train_decoder_tail=0.000000e+00
I 07.02/06:26:30 train_mapper.py:622 ] epoch=0351 train_loss=2.134552e-02 train_mse=5.172528e-03 train_cos=0.996009 train_nmse=-20.937dB train_rec=0.000000e+00 train_recT=0.000000e+00 train_fc=0.000000e+00 train_decoder_tail=0.000000e+00
I 07.02/06:27:11 train_mapper.py:622 ] epoch=0352 train_loss=2.128482e-02 train_mse=5.155698e-03 train_cos=0.996022 train_nmse=-20.951dB train_rec=0.000000e+00 train_recT=0.000000e+00 train_fc=0.000000e+00 train_decoder_tail=0.000000e+00
I 07.02/06:27:52 train_mapper.py:622 ] epoch=0353 train_loss=2.134930e-02 train_mse=5.171941e-03 train_cos=0.996008 train_nmse=-20.938dB train_rec=0.000000e+00 train_recT=0.000000e+00 train_fc=0.000000e+00 train_decoder_tail=0.000000e+00
I 07.02/06:28:35 train_mapper.py:622 ] epoch=0354 train_loss=2.128018e-02 train_mse=5.152934e-03 train_cos=0.996023 train_nmse=-20.954dB train_rec=0.000000e+00 train_recT=0.000000e+00 train_fc=0.000000e+00 train_decoder_tail=0.000000e+00
I 07.02/06:29:15 train_mapper.py:622 ] epoch=0355 train_loss=2.121213e-02 train_mse=5.134565e-03 train_cos=0.996038 train_nmse=-20.969dB train_rec=0.000000e+00 train_recT=0.000000e+00 train_fc=0.000000e+00 train_decoder_tail=0.000000e+00
I 07.02/06:29:54 train_mapper.py:622 ] epoch=0356 train_loss=2.119920e-02 train_mse=5.130209e-03 train_cos=0.996040 train_nmse=-20.973dB train_rec=0.000000e+00 train_recT=0.000000e+00 train_fc=0.000000e+00 train_decoder_tail=0.000000e+00
I 07.02/06:30:32 train_mapper.py:622 ] epoch=0357 train_loss=2.123059e-02 train_mse=5.137653e-03 train_cos=0.996034 train_nmse=-20.967dB train_rec=0.000000e+00 train_recT=0.000000e+00 train_fc=0.000000e+00 train_decoder_tail=0.000000e+00
I 07.02/06:31:10 train_mapper.py:622 ] epoch=0358 train_loss=2.117153e-02 train_mse=5.121849e-03 train_cos=0.996048 train_nmse=-20.980dB train_rec=0.000000e+00 train_recT=0.000000e+00 train_fc=0.000000e+00 train_decoder_tail=0.000000e+00
I 07.02/06:31:48 train_mapper.py:622 ] epoch=0359 train_loss=2.121150e-02 train_mse=5.131221e-03 train_cos=0.996039 train_nmse=-20.972dB train_rec=0.000000e+00 train_recT=0.000000e+00 train_fc=0.000000e+00 train_decoder_tail=0.000000e+00
I 07.02/06:32:27 train_mapper.py:622 ] epoch=0360 train_loss=2.118205e-02 train_mse=5.123647e-03 train_cos=0.996046 train_nmse=-20.978dB train_rec=0.000000e+00 train_recT=0.000000e+00 train_fc=0.000000e+00 train_decoder_tail=0.000000e+00
I 07.02/06:33:05 train_mapper.py:622 ] epoch=0361 train_loss=2.117400e-02 train_mse=5.120265e-03 train_cos=0.996047 train_nmse=-20.981dB train_rec=0.000000e+00 train_recT=0.000000e+00 train_fc=0.000000e+00 train_decoder_tail=0.000000e+00
I 07.02/06:33:43 train_mapper.py:622 ] epoch=0362 train_loss=2.107854e-02 train_mse=5.095467e-03 train_cos=0.996069 train_nmse=-21.002dB train_rec=0.000000e+00 train_recT=0.000000e+00 train_fc=0.000000e+00 train_decoder_tail=0.000000e+00
I 07.02/06:34:23 train_mapper.py:622 ] epoch=0363 train_loss=2.109329e-02 train_mse=5.097377e-03 train_cos=0.996065 train_nmse=-21.001dB train_rec=0.000000e+00 train_recT=0.000000e+00 train_fc=0.000000e+00 train_decoder_tail=0.000000e+00
I 07.02/06:34:58 train_mapper.py:622 ] epoch=0364 train_loss=2.106306e-02 train_mse=5.089297e-03 train_cos=0.996071 train_nmse=-21.007dB train_rec=0.000000e+00 train_recT=0.000000e+00 train_fc=0.000000e+00 train_decoder_tail=0.000000e+00
I 07.02/06:35:37 train_mapper.py:622 ] epoch=0365 train_loss=2.101923e-02 train_mse=5.077275e-03 train_cos=0.996080 train_nmse=-21.018dB train_rec=0.000000e+00 train_recT=0.000000e+00 train_fc=0.000000e+00 train_decoder_tail=0.000000e+00
I 07.02/06:36:16 train_mapper.py:622 ] epoch=0366 train_loss=2.097806e-02 train_mse=5.066024e-03 train_cos=0.996090 train_nmse=-21.028dB train_rec=0.000000e+00 train_recT=0.000000e+00 train_fc=0.000000e+00 train_decoder_tail=0.000000e+00
I 07.02/06:36:55 train_mapper.py:622 ] epoch=0367 train_loss=2.100377e-02 train_mse=5.072396e-03 train_cos=0.996085 train_nmse=-21.022dB train_rec=0.000000e+00 train_recT=0.000000e+00 train_fc=0.000000e+00 train_decoder_tail=0.000000e+00
I 07.02/06:37:32 train_mapper.py:622 ] epoch=0368 train_loss=2.101647e-02 train_mse=5.074835e-03 train_cos=0.996084 train_nmse=-21.020dB train_rec=0.000000e+00 train_recT=0.000000e+00 train_fc=0.000000e+00 train_decoder_tail=0.000000e+00
I 07.02/06:38:10 train_mapper.py:622 ] epoch=0369 train_loss=2.093973e-02 train_mse=5.054126e-03 train_cos=0.996099 train_nmse=-21.038dB train_rec=0.000000e+00 train_recT=0.000000e+00 train_fc=0.000000e+00 train_decoder_tail=0.000000e+00
I 07.02/06:38:46 train_mapper.py:622 ] epoch=0370 train_loss=2.091466e-02 train_mse=5.046800e-03 train_cos=0.996105 train_nmse=-21.044dB train_rec=0.000000e+00 train_recT=0.000000e+00 train_fc=0.000000e+00 train_decoder_tail=0.000000e+00
I 07.02/06:39:26 train_mapper.py:622 ] epoch=0371 train_loss=2.092984e-02 train_mse=5.049995e-03 train_cos=0.996101 train_nmse=-21.041dB train_rec=0.000000e+00 train_recT=0.000000e+00 train_fc=0.000000e+00 train_decoder_tail=0.000000e+00
I 07.02/06:40:02 train_mapper.py:622 ] epoch=0372 train_loss=2.090999e-02 train_mse=5.044439e-03 train_cos=0.996105 train_nmse=-21.046dB train_rec=0.000000e+00 train_recT=0.000000e+00 train_fc=0.000000e+00 train_decoder_tail=0.000000e+00
I 07.02/06:40:39 train_mapper.py:622 ] epoch=0373 train_loss=2.087893e-02 train_mse=5.035893e-03 train_cos=0.996114 train_nmse=-21.053dB train_rec=0.000000e+00 train_recT=0.000000e+00 train_fc=0.000000e+00 train_decoder_tail=0.000000e+00
I 07.02/06:41:16 train_mapper.py:622 ] epoch=0374 train_loss=2.086459e-02 train_mse=5.031918e-03 train_cos=0.996117 train_nmse=-21.057dB train_rec=0.000000e+00 train_recT=0.000000e+00 train_fc=0.000000e+00 train_decoder_tail=0.000000e+00
I 07.02/06:41:48 train_mapper.py:622 ] epoch=0375 train_loss=2.080960e-02 train_mse=5.016204e-03 train_cos=0.996128 train_nmse=-21.070dB train_rec=0.000000e+00 train_recT=0.000000e+00 train_fc=0.000000e+00 train_decoder_tail=0.000000e+00
I 07.02/06:42:20 train_mapper.py:622 ] epoch=0376 train_loss=2.079729e-02 train_mse=5.012947e-03 train_cos=0.996131 train_nmse=-21.073dB train_rec=0.000000e+00 train_recT=0.000000e+00 train_fc=0.000000e+00 train_decoder_tail=0.000000e+00
I 07.02/06:42:45 train_mapper.py:622 ] epoch=0377 train_loss=2.080277e-02 train_mse=5.013234e-03 train_cos=0.996130 train_nmse=-21.073dB train_rec=0.000000e+00 train_recT=0.000000e+00 train_fc=0.000000e+00 train_decoder_tail=0.000000e+00
I 07.02/06:43:13 train_mapper.py:622 ] epoch=0378 train_loss=2.077655e-02 train_mse=5.005751e-03 train_cos=0.996136 train_nmse=-21.079dB train_rec=0.000000e+00 train_recT=0.000000e+00 train_fc=0.000000e+00 train_decoder_tail=0.000000e+00
I 07.02/06:43:41 train_mapper.py:622 ] epoch=0379 train_loss=2.073684e-02 train_mse=4.994956e-03 train_cos=0.996144 train_nmse=-21.089dB train_rec=0.000000e+00 train_recT=0.000000e+00 train_fc=0.000000e+00 train_decoder_tail=0.000000e+00
I 07.02/06:44:10 train_mapper.py:622 ] epoch=0380 train_loss=2.073608e-02 train_mse=4.994339e-03 train_cos=0.996144 train_nmse=-21.089dB train_rec=0.000000e+00 train_recT=0.000000e+00 train_fc=0.000000e+00 train_decoder_tail=0.000000e+00
I 07.02/06:44:34 train_mapper.py:622 ] epoch=0381 train_loss=2.070923e-02 train_mse=4.986384e-03 train_cos=0.996150 train_nmse=-21.096dB train_rec=0.000000e+00 train_recT=0.000000e+00 train_fc=0.000000e+00 train_decoder_tail=0.000000e+00
I 07.02/06:44:59 train_mapper.py:622 ] epoch=0382 train_loss=2.070594e-02 train_mse=4.984941e-03 train_cos=0.996150 train_nmse=-21.097dB train_rec=0.000000e+00 train_recT=0.000000e+00 train_fc=0.000000e+00 train_decoder_tail=0.000000e+00
I 07.02/06:45:25 train_mapper.py:622 ] epoch=0383 train_loss=2.067805e-02 train_mse=4.976693e-03 train_cos=0.996157 train_nmse=-21.105dB train_rec=0.000000e+00 train_recT=0.000000e+00 train_fc=0.000000e+00 train_decoder_tail=0.000000e+00
I 07.02/06:45:50 train_mapper.py:622 ] epoch=0384 train_loss=2.063720e-02 train_mse=4.965497e-03 train_cos=0.996166 train_nmse=-21.114dB train_rec=0.000000e+00 train_recT=0.000000e+00 train_fc=0.000000e+00 train_decoder_tail=0.000000e+00
I 07.02/06:46:19 train_mapper.py:622 ] epoch=0385 train_loss=2.059582e-02 train_mse=4.955590e-03 train_cos=0.996175 train_nmse=-21.123dB train_rec=0.000000e+00 train_recT=0.000000e+00 train_fc=0.000000e+00 train_decoder_tail=0.000000e+00
I 07.02/06:46:46 train_mapper.py:622 ] epoch=0386 train_loss=2.060491e-02 train_mse=4.956292e-03 train_cos=0.996174 train_nmse=-21.122dB train_rec=0.000000e+00 train_recT=0.000000e+00 train_fc=0.000000e+00 train_decoder_tail=0.000000e+00
I 07.02/06:47:15 train_mapper.py:622 ] epoch=0387 train_loss=2.060437e-02 train_mse=4.955601e-03 train_cos=0.996174 train_nmse=-21.123dB train_rec=0.000000e+00 train_recT=0.000000e+00 train_fc=0.000000e+00 train_decoder_tail=0.000000e+00
I 07.02/06:47:35 train_mapper.py:622 ] epoch=0388 train_loss=2.056560e-02 train_mse=4.945700e-03 train_cos=0.996182 train_nmse=-21.132dB train_rec=0.000000e+00 train_recT=0.000000e+00 train_fc=0.000000e+00 train_decoder_tail=0.000000e+00
I 07.02/06:47:52 train_mapper.py:622 ] epoch=0389 train_loss=2.054467e-02 train_mse=4.939312e-03 train_cos=0.996187 train_nmse=-21.137dB train_rec=0.000000e+00 train_recT=0.000000e+00 train_fc=0.000000e+00 train_decoder_tail=0.000000e+00
I 07.02/06:48:06 train_mapper.py:622 ] epoch=0390 train_loss=2.053177e-02 train_mse=4.935357e-03 train_cos=0.996190 train_nmse=-21.141dB train_rec=0.000000e+00 train_recT=0.000000e+00 train_fc=0.000000e+00 train_decoder_tail=0.000000e+00
I 07.02/06:48:17 train_mapper.py:622 ] epoch=0391 train_loss=2.052045e-02 train_mse=4.931472e-03 train_cos=0.996192 train_nmse=-21.144dB train_rec=0.000000e+00 train_recT=0.000000e+00 train_fc=0.000000e+00 train_decoder_tail=0.000000e+00
I 07.02/06:48:31 train_mapper.py:622 ] epoch=0392 train_loss=2.050053e-02 train_mse=4.925828e-03 train_cos=0.996197 train_nmse=-21.149dB train_rec=0.000000e+00 train_recT=0.000000e+00 train_fc=0.000000e+00 train_decoder_tail=0.000000e+00
I 07.02/06:48:45 train_mapper.py:622 ] epoch=0393 train_loss=2.045420e-02 train_mse=4.912544e-03 train_cos=0.996206 train_nmse=-21.161dB train_rec=0.000000e+00 train_recT=0.000000e+00 train_fc=0.000000e+00 train_decoder_tail=0.000000e+00
I 07.02/06:48:55 train_mapper.py:622 ] epoch=0394 train_loss=2.042195e-02 train_mse=4.903852e-03 train_cos=0.996214 train_nmse=-21.169dB train_rec=0.000000e+00 train_recT=0.000000e+00 train_fc=0.000000e+00 train_decoder_tail=0.000000e+00
I 07.02/06:49:09 train_mapper.py:622 ] epoch=0395 train_loss=2.044272e-02 train_mse=4.909132e-03 train_cos=0.996209 train_nmse=-21.164dB train_rec=0.000000e+00 train_recT=0.000000e+00 train_fc=0.000000e+00 train_decoder_tail=0.000000e+00
I 07.02/06:49:23 train_mapper.py:622 ] epoch=0396 train_loss=2.042609e-02 train_mse=4.903815e-03 train_cos=0.996213 train_nmse=-21.169dB train_rec=0.000000e+00 train_recT=0.000000e+00 train_fc=0.000000e+00 train_decoder_tail=0.000000e+00
I 07.02/06:49:37 train_mapper.py:622 ] epoch=0397 train_loss=2.039585e-02 train_mse=4.895797e-03 train_cos=0.996220 train_nmse=-21.176dB train_rec=0.000000e+00 train_recT=0.000000e+00 train_fc=0.000000e+00 train_decoder_tail=0.000000e+00
I 07.02/06:49:49 train_mapper.py:622 ] epoch=0398 train_loss=2.037620e-02 train_mse=4.889928e-03 train_cos=0.996225 train_nmse=-21.181dB train_rec=0.000000e+00 train_recT=0.000000e+00 train_fc=0.000000e+00 train_decoder_tail=0.000000e+00
I 07.02/06:50:04 train_mapper.py:622 ] epoch=0399 train_loss=2.030113e-02 train_mse=4.869739e-03 train_cos=0.996240 train_nmse=-21.199dB train_rec=0.000000e+00 train_recT=0.000000e+00 train_fc=0.000000e+00 train_decoder_tail=0.000000e+00
I 07.02/06:50:14 train_mapper.py:622 ] epoch=0400 train_loss=2.033929e-02 train_mse=4.879096e-03 train_cos=0.996233 train_nmse=-21.191dB train_rec=0.000000e+00 train_recT=0.000000e+00 train_fc=0.000000e+00 train_decoder_tail=0.000000e+00
I 07.02/06:50:52 train_mapper.py:738 ] best_loss_epoch=399 best_loss_selection=train_loss best_loss_metric=2.030113e-02 best_loss_mse=4.869739e-03 best_loss_loss=2.030113e-02
I 07.02/06:50:52 train_mapper.py:743 ] best_mse_epoch=399 best_mse_selection=train_mse best_mse_metric=4.869739e-03 best_mse_mse=4.869739e-03 best_mse_loss=2.030113e-02
I 07.02/06:50:52 train_mapper.py:749 ] all_best_loss_mse=4.736496e-03 all_best_loss_cos=0.996334 all_best_loss_nmse=-21.319dB
I 07.02/06:50:52 train_mapper.py:753 ] all_best_mse_mse=4.736496e-03 all_best_mse_cos=0.996334 all_best_mse_nmse=-21.319dB
