I 07.02/01:34:27 train_mapper.py:431 ] => Experiment directory: mapper/exps/mlp/tail_whiten1e-4/seed2026_transnet_transnet_to_seed42_transnet_lr5e-4_ep400
I 07.02/01:34:27 train_mapper.py:432 ] => Checkpoint directory: mapper/exps/mlp/tail_whiten1e-4/seed2026_transnet_transnet_to_seed42_transnet_lr5e-4_ep400/checkpoints
I 07.02/01:34:27 train_mapper.py:433 ] => Codeword directory: mapper/exps/mlp/tail_whiten1e-4/seed2026_transnet_transnet_to_seed42_transnet_lr5e-4_ep400/codewords
I 07.02/01:34:27 train_mapper.py:434 ] => TensorBoard directory: mapper/exps/mlp/tail_whiten1e-4/seed2026_transnet_transnet_to_seed42_transnet_lr5e-4_ep400/tensorboard
I 07.02/01:34:59 train_mapper.py:524 ] device=cuda
I 07.02/01:34:59 train_mapper.py:525 ] mapper=mlp, params=8403968
I 07.02/01:34:59 train_mapper.py:527 ] train=100000, val=0, code_dim=512
I 07.02/01:34:59 train_mapper.py:529 ] val_ratio<=0: skip per-epoch validation; select best checkpoint by train loss
I 07.02/01:34:59 train_mapper.py:531 ] loss=mse + smoothl1*0.0 + sample_tail*0.1 + dim_tail*0.05 + whiten*0.0001 + rec*0.0 + recT*0.0 + fc*0.0 + decoder_tail*0.0 + cos*0.0 + cov*0.0
I 07.02/01:35:29 train_mapper.py:622 ] epoch=0001 train_loss=4.369583e-01 train_mse=3.537706e-01 train_cos=0.813741 train_nmse=-3.376dB train_rec=0.000000e+00 train_recT=0.000000e+00 train_fc=0.000000e+00 train_decoder_tail=0.000000e+00
I 07.02/01:35:57 train_mapper.py:622 ] epoch=0002 train_loss=1.480939e-01 train_mse=1.199733e-01 train_cos=0.949368 train_nmse=-7.333dB train_rec=0.000000e+00 train_recT=0.000000e+00 train_fc=0.000000e+00 train_decoder_tail=0.000000e+00
I 07.02/01:36:33 train_mapper.py:622 ] epoch=0003 train_loss=9.795666e-02 train_mse=7.897248e-02 train_cos=0.968139 train_nmse=-9.114dB train_rec=0.000000e+00 train_recT=0.000000e+00 train_fc=0.000000e+00 train_decoder_tail=0.000000e+00
I 07.02/01:37:11 train_mapper.py:622 ] epoch=0004 train_loss=7.582527e-02 train_mse=6.080437e-02 train_cos=0.974752 train_nmse=-10.242dB train_rec=0.000000e+00 train_recT=0.000000e+00 train_fc=0.000000e+00 train_decoder_tail=0.000000e+00
I 07.02/01:37:45 train_mapper.py:622 ] epoch=0005 train_loss=6.374944e-02 train_mse=5.085747e-02 train_cos=0.977786 train_nmse=-11.014dB train_rec=0.000000e+00 train_recT=0.000000e+00 train_fc=0.000000e+00 train_decoder_tail=0.000000e+00
I 07.02/01:38:23 train_mapper.py:622 ] epoch=0006 train_loss=5.625934e-02 train_mse=4.465287e-02 train_cos=0.979707 train_nmse=-11.576dB train_rec=0.000000e+00 train_recT=0.000000e+00 train_fc=0.000000e+00 train_decoder_tail=0.000000e+00
I 07.02/01:38:59 train_mapper.py:622 ] epoch=0007 train_loss=5.218521e-02 train_mse=4.120047e-02 train_cos=0.980696 train_nmse=-11.926dB train_rec=0.000000e+00 train_recT=0.000000e+00 train_fc=0.000000e+00 train_decoder_tail=0.000000e+00
I 07.02/01:39:36 train_mapper.py:622 ] epoch=0008 train_loss=4.888014e-02 train_mse=3.841090e-02 train_cos=0.981858 train_nmse=-12.230dB train_rec=0.000000e+00 train_recT=0.000000e+00 train_fc=0.000000e+00 train_decoder_tail=0.000000e+00
I 07.02/01:40:15 train_mapper.py:622 ] epoch=0009 train_loss=4.659703e-02 train_mse=3.646584e-02 train_cos=0.982788 train_nmse=-12.456dB train_rec=0.000000e+00 train_recT=0.000000e+00 train_fc=0.000000e+00 train_decoder_tail=0.000000e+00
I 07.02/01:40:51 train_mapper.py:622 ] epoch=0010 train_loss=4.525387e-02 train_mse=3.530517e-02 train_cos=0.983302 train_nmse=-12.596dB train_rec=0.000000e+00 train_recT=0.000000e+00 train_fc=0.000000e+00 train_decoder_tail=0.000000e+00
I 07.02/01:41:28 train_mapper.py:622 ] epoch=0011 train_loss=4.379509e-02 train_mse=3.408782e-02 train_cos=0.983951 train_nmse=-12.749dB train_rec=0.000000e+00 train_recT=0.000000e+00 train_fc=0.000000e+00 train_decoder_tail=0.000000e+00
I 07.02/01:42:07 train_mapper.py:622 ] epoch=0012 train_loss=4.267004e-02 train_mse=3.315047e-02 train_cos=0.984422 train_nmse=-12.870dB train_rec=0.000000e+00 train_recT=0.000000e+00 train_fc=0.000000e+00 train_decoder_tail=0.000000e+00
I 07.02/01:42:43 train_mapper.py:622 ] epoch=0013 train_loss=4.163644e-02 train_mse=3.230506e-02 train_cos=0.984826 train_nmse=-12.982dB train_rec=0.000000e+00 train_recT=0.000000e+00 train_fc=0.000000e+00 train_decoder_tail=0.000000e+00
I 07.02/01:43:19 train_mapper.py:622 ] epoch=0014 train_loss=4.030964e-02 train_mse=3.123634e-02 train_cos=0.985402 train_nmse=-13.128dB train_rec=0.000000e+00 train_recT=0.000000e+00 train_fc=0.000000e+00 train_decoder_tail=0.000000e+00
I 07.02/01:43:54 train_mapper.py:622 ] epoch=0015 train_loss=3.938023e-02 train_mse=3.048072e-02 train_cos=0.985719 train_nmse=-13.235dB train_rec=0.000000e+00 train_recT=0.000000e+00 train_fc=0.000000e+00 train_decoder_tail=0.000000e+00
I 07.02/01:44:29 train_mapper.py:622 ] epoch=0016 train_loss=3.824115e-02 train_mse=2.956523e-02 train_cos=0.986142 train_nmse=-13.367dB train_rec=0.000000e+00 train_recT=0.000000e+00 train_fc=0.000000e+00 train_decoder_tail=0.000000e+00
I 07.02/01:45:03 train_mapper.py:622 ] epoch=0017 train_loss=3.729965e-02 train_mse=2.879165e-02 train_cos=0.986432 train_nmse=-13.482dB train_rec=0.000000e+00 train_recT=0.000000e+00 train_fc=0.000000e+00 train_decoder_tail=0.000000e+00
I 07.02/01:45:36 train_mapper.py:622 ] epoch=0018 train_loss=3.613239e-02 train_mse=2.784994e-02 train_cos=0.986828 train_nmse=-13.627dB train_rec=0.000000e+00 train_recT=0.000000e+00 train_fc=0.000000e+00 train_decoder_tail=0.000000e+00
I 07.02/01:46:09 train_mapper.py:622 ] epoch=0019 train_loss=3.494886e-02 train_mse=2.687851e-02 train_cos=0.987209 train_nmse=-13.781dB train_rec=0.000000e+00 train_recT=0.000000e+00 train_fc=0.000000e+00 train_decoder_tail=0.000000e+00
I 07.02/01:46:41 train_mapper.py:622 ] epoch=0020 train_loss=3.404045e-02 train_mse=2.609083e-02 train_cos=0.987379 train_nmse=-13.910dB train_rec=0.000000e+00 train_recT=0.000000e+00 train_fc=0.000000e+00 train_decoder_tail=0.000000e+00
I 07.02/01:47:14 train_mapper.py:622 ] epoch=0021 train_loss=3.299797e-02 train_mse=2.519636e-02 train_cos=0.987536 train_nmse=-14.063dB train_rec=0.000000e+00 train_recT=0.000000e+00 train_fc=0.000000e+00 train_decoder_tail=0.000000e+00
I 07.02/01:47:44 train_mapper.py:622 ] epoch=0022 train_loss=3.136434e-02 train_mse=2.377412e-02 train_cos=0.987918 train_nmse=-14.314dB train_rec=0.000000e+00 train_recT=0.000000e+00 train_fc=0.000000e+00 train_decoder_tail=0.000000e+00
I 07.02/01:48:18 train_mapper.py:622 ] epoch=0023 train_loss=2.983135e-02 train_mse=2.238137e-02 train_cos=0.987947 train_nmse=-14.576dB train_rec=0.000000e+00 train_recT=0.000000e+00 train_fc=0.000000e+00 train_decoder_tail=0.000000e+00
I 07.02/01:48:50 train_mapper.py:622 ] epoch=0024 train_loss=2.811626e-02 train_mse=2.089890e-02 train_cos=0.987885 train_nmse=-14.874dB train_rec=0.000000e+00 train_recT=0.000000e+00 train_fc=0.000000e+00 train_decoder_tail=0.000000e+00
I 07.02/01:49:25 train_mapper.py:622 ] epoch=0025 train_loss=2.624089e-02 train_mse=1.943617e-02 train_cos=0.988044 train_nmse=-15.189dB train_rec=0.000000e+00 train_recT=0.000000e+00 train_fc=0.000000e+00 train_decoder_tail=0.000000e+00
I 07.02/01:49:57 train_mapper.py:622 ] epoch=0026 train_loss=2.460974e-02 train_mse=1.824136e-02 train_cos=0.988254 train_nmse=-15.464dB train_rec=0.000000e+00 train_recT=0.000000e+00 train_fc=0.000000e+00 train_decoder_tail=0.000000e+00
I 07.02/01:50:32 train_mapper.py:622 ] epoch=0027 train_loss=2.318100e-02 train_mse=1.721135e-02 train_cos=0.988544 train_nmse=-15.717dB train_rec=0.000000e+00 train_recT=0.000000e+00 train_fc=0.000000e+00 train_decoder_tail=0.000000e+00
I 07.02/01:51:07 train_mapper.py:622 ] epoch=0028 train_loss=2.221555e-02 train_mse=1.653358e-02 train_cos=0.988713 train_nmse=-15.891dB train_rec=0.000000e+00 train_recT=0.000000e+00 train_fc=0.000000e+00 train_decoder_tail=0.000000e+00
I 07.02/01:51:41 train_mapper.py:622 ] epoch=0029 train_loss=2.138347e-02 train_mse=1.594858e-02 train_cos=0.988913 train_nmse=-16.048dB train_rec=0.000000e+00 train_recT=0.000000e+00 train_fc=0.000000e+00 train_decoder_tail=0.000000e+00
I 07.02/01:52:15 train_mapper.py:622 ] epoch=0030 train_loss=2.089729e-02 train_mse=1.561373e-02 train_cos=0.988984 train_nmse=-16.140dB train_rec=0.000000e+00 train_recT=0.000000e+00 train_fc=0.000000e+00 train_decoder_tail=0.000000e+00
I 07.02/01:52:48 train_mapper.py:622 ] epoch=0031 train_loss=2.077468e-02 train_mse=1.553909e-02 train_cos=0.988906 train_nmse=-16.160dB train_rec=0.000000e+00 train_recT=0.000000e+00 train_fc=0.000000e+00 train_decoder_tail=0.000000e+00
I 07.02/01:53:23 train_mapper.py:622 ] epoch=0032 train_loss=1.980815e-02 train_mse=1.483309e-02 train_cos=0.989339 train_nmse=-16.362dB train_rec=0.000000e+00 train_recT=0.000000e+00 train_fc=0.000000e+00 train_decoder_tail=0.000000e+00
I 07.02/01:53:57 train_mapper.py:622 ] epoch=0033 train_loss=1.911855e-02 train_mse=1.433983e-02 train_cos=0.989627 train_nmse=-16.509dB train_rec=0.000000e+00 train_recT=0.000000e+00 train_fc=0.000000e+00 train_decoder_tail=0.000000e+00
I 07.02/01:54:31 train_mapper.py:622 ] epoch=0034 train_loss=1.889571e-02 train_mse=1.417616e-02 train_cos=0.989677 train_nmse=-16.559dB train_rec=0.000000e+00 train_recT=0.000000e+00 train_fc=0.000000e+00 train_decoder_tail=0.000000e+00
I 07.02/01:55:06 train_mapper.py:622 ] epoch=0035 train_loss=1.836908e-02 train_mse=1.379875e-02 train_cos=0.989901 train_nmse=-16.676dB train_rec=0.000000e+00 train_recT=0.000000e+00 train_fc=0.000000e+00 train_decoder_tail=0.000000e+00
I 07.02/01:55:42 train_mapper.py:622 ] epoch=0036 train_loss=1.791494e-02 train_mse=1.347006e-02 train_cos=0.990101 train_nmse=-16.781dB train_rec=0.000000e+00 train_recT=0.000000e+00 train_fc=0.000000e+00 train_decoder_tail=0.000000e+00
I 07.02/01:56:16 train_mapper.py:622 ] epoch=0037 train_loss=1.753081e-02 train_mse=1.319581e-02 train_cos=0.990260 train_nmse=-16.870dB train_rec=0.000000e+00 train_recT=0.000000e+00 train_fc=0.000000e+00 train_decoder_tail=0.000000e+00
I 07.02/01:56:47 train_mapper.py:622 ] epoch=0038 train_loss=1.726873e-02 train_mse=1.300563e-02 train_cos=0.990368 train_nmse=-16.933dB train_rec=0.000000e+00 train_recT=0.000000e+00 train_fc=0.000000e+00 train_decoder_tail=0.000000e+00
I 07.02/01:57:22 train_mapper.py:622 ] epoch=0039 train_loss=1.694282e-02 train_mse=1.276792e-02 train_cos=0.990514 train_nmse=-17.013dB train_rec=0.000000e+00 train_recT=0.000000e+00 train_fc=0.000000e+00 train_decoder_tail=0.000000e+00
I 07.02/01:57:56 train_mapper.py:622 ] epoch=0040 train_loss=1.666612e-02 train_mse=1.256074e-02 train_cos=0.990642 train_nmse=-17.085dB train_rec=0.000000e+00 train_recT=0.000000e+00 train_fc=0.000000e+00 train_decoder_tail=0.000000e+00
I 07.02/01:58:34 train_mapper.py:622 ] epoch=0041 train_loss=1.639446e-02 train_mse=1.236452e-02 train_cos=0.990766 train_nmse=-17.153dB train_rec=0.000000e+00 train_recT=0.000000e+00 train_fc=0.000000e+00 train_decoder_tail=0.000000e+00
I 07.02/01:59:12 train_mapper.py:622 ] epoch=0042 train_loss=1.617817e-02 train_mse=1.220762e-02 train_cos=0.990861 train_nmse=-17.208dB train_rec=0.000000e+00 train_recT=0.000000e+00 train_fc=0.000000e+00 train_decoder_tail=0.000000e+00
I 07.02/01:59:51 train_mapper.py:622 ] epoch=0043 train_loss=1.574244e-02 train_mse=1.188947e-02 train_cos=0.991083 train_nmse=-17.322dB train_rec=0.000000e+00 train_recT=0.000000e+00 train_fc=0.000000e+00 train_decoder_tail=0.000000e+00
I 07.02/02:00:31 train_mapper.py:622 ] epoch=0044 train_loss=1.567644e-02 train_mse=1.183960e-02 train_cos=0.991100 train_nmse=-17.341dB train_rec=0.000000e+00 train_recT=0.000000e+00 train_fc=0.000000e+00 train_decoder_tail=0.000000e+00
I 07.02/02:01:14 train_mapper.py:622 ] epoch=0045 train_loss=1.539395e-02 train_mse=1.162738e-02 train_cos=0.991241 train_nmse=-17.419dB train_rec=0.000000e+00 train_recT=0.000000e+00 train_fc=0.000000e+00 train_decoder_tail=0.000000e+00
I 07.02/02:01:51 train_mapper.py:622 ] epoch=0046 train_loss=1.525267e-02 train_mse=1.152319e-02 train_cos=0.991311 train_nmse=-17.458dB train_rec=0.000000e+00 train_recT=0.000000e+00 train_fc=0.000000e+00 train_decoder_tail=0.000000e+00
I 07.02/02:02:34 train_mapper.py:622 ] epoch=0047 train_loss=1.515025e-02 train_mse=1.144274e-02 train_cos=0.991358 train_nmse=-17.489dB train_rec=0.000000e+00 train_recT=0.000000e+00 train_fc=0.000000e+00 train_decoder_tail=0.000000e+00
I 07.02/02:03:19 train_mapper.py:622 ] epoch=0048 train_loss=1.474668e-02 train_mse=1.115123e-02 train_cos=0.991570 train_nmse=-17.601dB train_rec=0.000000e+00 train_recT=0.000000e+00 train_fc=0.000000e+00 train_decoder_tail=0.000000e+00
I 07.02/02:04:00 train_mapper.py:622 ] epoch=0049 train_loss=1.469423e-02 train_mse=1.110558e-02 train_cos=0.991590 train_nmse=-17.619dB train_rec=0.000000e+00 train_recT=0.000000e+00 train_fc=0.000000e+00 train_decoder_tail=0.000000e+00
I 07.02/02:04:43 train_mapper.py:622 ] epoch=0050 train_loss=1.451154e-02 train_mse=1.097387e-02 train_cos=0.991685 train_nmse=-17.670dB train_rec=0.000000e+00 train_recT=0.000000e+00 train_fc=0.000000e+00 train_decoder_tail=0.000000e+00
I 07.02/02:05:27 train_mapper.py:622 ] epoch=0051 train_loss=1.439294e-02 train_mse=1.087809e-02 train_cos=0.991744 train_nmse=-17.708dB train_rec=0.000000e+00 train_recT=0.000000e+00 train_fc=0.000000e+00 train_decoder_tail=0.000000e+00
I 07.02/02:06:12 train_mapper.py:622 ] epoch=0052 train_loss=1.417531e-02 train_mse=1.071982e-02 train_cos=0.991860 train_nmse=-17.772dB train_rec=0.000000e+00 train_recT=0.000000e+00 train_fc=0.000000e+00 train_decoder_tail=0.000000e+00
I 07.02/02:06:54 train_mapper.py:622 ] epoch=0053 train_loss=1.393463e-02 train_mse=1.053862e-02 train_cos=0.991987 train_nmse=-17.847dB train_rec=0.000000e+00 train_recT=0.000000e+00 train_fc=0.000000e+00 train_decoder_tail=0.000000e+00
I 07.02/02:07:38 train_mapper.py:622 ] epoch=0054 train_loss=1.386336e-02 train_mse=1.048441e-02 train_cos=0.992022 train_nmse=-17.869dB train_rec=0.000000e+00 train_recT=0.000000e+00 train_fc=0.000000e+00 train_decoder_tail=0.000000e+00
I 07.02/02:08:23 train_mapper.py:622 ] epoch=0055 train_loss=1.369789e-02 train_mse=1.035908e-02 train_cos=0.992113 train_nmse=-17.921dB train_rec=0.000000e+00 train_recT=0.000000e+00 train_fc=0.000000e+00 train_decoder_tail=0.000000e+00
I 07.02/02:09:05 train_mapper.py:622 ] epoch=0056 train_loss=1.353806e-02 train_mse=1.023967e-02 train_cos=0.992197 train_nmse=-17.972dB train_rec=0.000000e+00 train_recT=0.000000e+00 train_fc=0.000000e+00 train_decoder_tail=0.000000e+00
I 07.02/02:09:47 train_mapper.py:622 ] epoch=0057 train_loss=1.331129e-02 train_mse=1.007263e-02 train_cos=0.992320 train_nmse=-18.043dB train_rec=0.000000e+00 train_recT=0.000000e+00 train_fc=0.000000e+00 train_decoder_tail=0.000000e+00
I 07.02/02:10:31 train_mapper.py:622 ] epoch=0058 train_loss=1.323942e-02 train_mse=1.001535e-02 train_cos=0.992360 train_nmse=-18.067dB train_rec=0.000000e+00 train_recT=0.000000e+00 train_fc=0.000000e+00 train_decoder_tail=0.000000e+00
I 07.02/02:11:15 train_mapper.py:622 ] epoch=0059 train_loss=1.315903e-02 train_mse=9.953859e-03 train_cos=0.992402 train_nmse=-18.095dB train_rec=0.000000e+00 train_recT=0.000000e+00 train_fc=0.000000e+00 train_decoder_tail=0.000000e+00
I 07.02/02:11:54 train_mapper.py:622 ] epoch=0060 train_loss=1.298929e-02 train_mse=9.836942e-03 train_cos=0.992494 train_nmse=-18.145dB train_rec=0.000000e+00 train_recT=0.000000e+00 train_fc=0.000000e+00 train_decoder_tail=0.000000e+00
I 07.02/02:12:36 train_mapper.py:622 ] epoch=0061 train_loss=1.283152e-02 train_mse=9.716578e-03 train_cos=0.992581 train_nmse=-18.200dB train_rec=0.000000e+00 train_recT=0.000000e+00 train_fc=0.000000e+00 train_decoder_tail=0.000000e+00
I 07.02/02:13:17 train_mapper.py:622 ] epoch=0062 train_loss=1.268411e-02 train_mse=9.607638e-03 train_cos=0.992659 train_nmse=-18.248dB train_rec=0.000000e+00 train_recT=0.000000e+00 train_fc=0.000000e+00 train_decoder_tail=0.000000e+00
I 07.02/02:13:56 train_mapper.py:622 ] epoch=0063 train_loss=1.269323e-02 train_mse=9.612793e-03 train_cos=0.992652 train_nmse=-18.246dB train_rec=0.000000e+00 train_recT=0.000000e+00 train_fc=0.000000e+00 train_decoder_tail=0.000000e+00
I 07.02/02:14:37 train_mapper.py:622 ] epoch=0064 train_loss=1.253961e-02 train_mse=9.500898e-03 train_cos=0.992739 train_nmse=-18.297dB train_rec=0.000000e+00 train_recT=0.000000e+00 train_fc=0.000000e+00 train_decoder_tail=0.000000e+00
I 07.02/02:15:18 train_mapper.py:622 ] epoch=0065 train_loss=1.234891e-02 train_mse=9.364408e-03 train_cos=0.992842 train_nmse=-18.359dB train_rec=0.000000e+00 train_recT=0.000000e+00 train_fc=0.000000e+00 train_decoder_tail=0.000000e+00
I 07.02/02:15:58 train_mapper.py:622 ] epoch=0066 train_loss=1.232619e-02 train_mse=9.344861e-03 train_cos=0.992858 train_nmse=-18.369dB train_rec=0.000000e+00 train_recT=0.000000e+00 train_fc=0.000000e+00 train_decoder_tail=0.000000e+00
I 07.02/02:16:39 train_mapper.py:622 ] epoch=0067 train_loss=1.212295e-02 train_mse=9.193637e-03 train_cos=0.992969 train_nmse=-18.440dB train_rec=0.000000e+00 train_recT=0.000000e+00 train_fc=0.000000e+00 train_decoder_tail=0.000000e+00
I 07.02/02:17:23 train_mapper.py:622 ] epoch=0068 train_loss=1.207853e-02 train_mse=9.165184e-03 train_cos=0.992991 train_nmse=-18.453dB train_rec=0.000000e+00 train_recT=0.000000e+00 train_fc=0.000000e+00 train_decoder_tail=0.000000e+00
I 07.02/02:18:03 train_mapper.py:622 ] epoch=0069 train_loss=1.194528e-02 train_mse=9.063988e-03 train_cos=0.993064 train_nmse=-18.501dB train_rec=0.000000e+00 train_recT=0.000000e+00 train_fc=0.000000e+00 train_decoder_tail=0.000000e+00
I 07.02/02:18:44 train_mapper.py:622 ] epoch=0070 train_loss=1.183135e-02 train_mse=8.982183e-03 train_cos=0.993126 train_nmse=-18.540dB train_rec=0.000000e+00 train_recT=0.000000e+00 train_fc=0.000000e+00 train_decoder_tail=0.000000e+00
I 07.02/02:19:25 train_mapper.py:622 ] epoch=0071 train_loss=1.173000e-02 train_mse=8.902483e-03 train_cos=0.993182 train_nmse=-18.580dB train_rec=0.000000e+00 train_recT=0.000000e+00 train_fc=0.000000e+00 train_decoder_tail=0.000000e+00
I 07.02/02:20:07 train_mapper.py:622 ] epoch=0072 train_loss=1.174178e-02 train_mse=8.916115e-03 train_cos=0.993174 train_nmse=-18.573dB train_rec=0.000000e+00 train_recT=0.000000e+00 train_fc=0.000000e+00 train_decoder_tail=0.000000e+00
I 07.02/02:20:47 train_mapper.py:622 ] epoch=0073 train_loss=1.149279e-02 train_mse=8.733759e-03 train_cos=0.993310 train_nmse=-18.662dB train_rec=0.000000e+00 train_recT=0.000000e+00 train_fc=0.000000e+00 train_decoder_tail=0.000000e+00
I 07.02/02:21:27 train_mapper.py:622 ] epoch=0074 train_loss=1.142427e-02 train_mse=8.680464e-03 train_cos=0.993351 train_nmse=-18.689dB train_rec=0.000000e+00 train_recT=0.000000e+00 train_fc=0.000000e+00 train_decoder_tail=0.000000e+00
I 07.02/02:22:11 train_mapper.py:622 ] epoch=0075 train_loss=1.133348e-02 train_mse=8.614733e-03 train_cos=0.993395 train_nmse=-18.722dB train_rec=0.000000e+00 train_recT=0.000000e+00 train_fc=0.000000e+00 train_decoder_tail=0.000000e+00
I 07.02/02:22:52 train_mapper.py:622 ] epoch=0076 train_loss=1.120855e-02 train_mse=8.523993e-03 train_cos=0.993465 train_nmse=-18.768dB train_rec=0.000000e+00 train_recT=0.000000e+00 train_fc=0.000000e+00 train_decoder_tail=0.000000e+00
I 07.02/02:23:35 train_mapper.py:622 ] epoch=0077 train_loss=1.121091e-02 train_mse=8.521441e-03 train_cos=0.993462 train_nmse=-18.770dB train_rec=0.000000e+00 train_recT=0.000000e+00 train_fc=0.000000e+00 train_decoder_tail=0.000000e+00
I 07.02/02:24:15 train_mapper.py:622 ] epoch=0078 train_loss=1.115948e-02 train_mse=8.489546e-03 train_cos=0.993489 train_nmse=-18.785dB train_rec=0.000000e+00 train_recT=0.000000e+00 train_fc=0.000000e+00 train_decoder_tail=0.000000e+00
I 07.02/02:24:56 train_mapper.py:622 ] epoch=0079 train_loss=1.091964e-02 train_mse=8.307393e-03 train_cos=0.993624 train_nmse=-18.880dB train_rec=0.000000e+00 train_recT=0.000000e+00 train_fc=0.000000e+00 train_decoder_tail=0.000000e+00
I 07.02/02:25:38 train_mapper.py:622 ] epoch=0080 train_loss=1.092567e-02 train_mse=8.310192e-03 train_cos=0.993616 train_nmse=-18.878dB train_rec=0.000000e+00 train_recT=0.000000e+00 train_fc=0.000000e+00 train_decoder_tail=0.000000e+00
I 07.02/02:26:17 train_mapper.py:622 ] epoch=0081 train_loss=1.074986e-02 train_mse=8.182973e-03 train_cos=0.993717 train_nmse=-18.945dB train_rec=0.000000e+00 train_recT=0.000000e+00 train_fc=0.000000e+00 train_decoder_tail=0.000000e+00
I 07.02/02:26:53 train_mapper.py:622 ] epoch=0082 train_loss=1.077905e-02 train_mse=8.201129e-03 train_cos=0.993698 train_nmse=-18.936dB train_rec=0.000000e+00 train_recT=0.000000e+00 train_fc=0.000000e+00 train_decoder_tail=0.000000e+00
I 07.02/02:27:32 train_mapper.py:622 ] epoch=0083 train_loss=1.062246e-02 train_mse=8.086884e-03 train_cos=0.993786 train_nmse=-18.997dB train_rec=0.000000e+00 train_recT=0.000000e+00 train_fc=0.000000e+00 train_decoder_tail=0.000000e+00
I 07.02/02:28:11 train_mapper.py:622 ] epoch=0084 train_loss=1.061687e-02 train_mse=8.081141e-03 train_cos=0.993786 train_nmse=-18.999dB train_rec=0.000000e+00 train_recT=0.000000e+00 train_fc=0.000000e+00 train_decoder_tail=0.000000e+00
I 07.02/02:28:47 train_mapper.py:622 ] epoch=0085 train_loss=1.050248e-02 train_mse=7.996170e-03 train_cos=0.993850 train_nmse=-19.046dB train_rec=0.000000e+00 train_recT=0.000000e+00 train_fc=0.000000e+00 train_decoder_tail=0.000000e+00
I 07.02/02:29:26 train_mapper.py:622 ] epoch=0086 train_loss=1.044011e-02 train_mse=7.952600e-03 train_cos=0.993885 train_nmse=-19.069dB train_rec=0.000000e+00 train_recT=0.000000e+00 train_fc=0.000000e+00 train_decoder_tail=0.000000e+00
I 07.02/02:30:08 train_mapper.py:622 ] epoch=0087 train_loss=1.030347e-02 train_mse=7.847698e-03 train_cos=0.993961 train_nmse=-19.127dB train_rec=0.000000e+00 train_recT=0.000000e+00 train_fc=0.000000e+00 train_decoder_tail=0.000000e+00
I 07.02/02:30:45 train_mapper.py:622 ] epoch=0088 train_loss=1.024744e-02 train_mse=7.807415e-03 train_cos=0.993992 train_nmse=-19.149dB train_rec=0.000000e+00 train_recT=0.000000e+00 train_fc=0.000000e+00 train_decoder_tail=0.000000e+00
I 07.02/02:31:25 train_mapper.py:622 ] epoch=0089 train_loss=1.021271e-02 train_mse=7.780180e-03 train_cos=0.994012 train_nmse=-19.165dB train_rec=0.000000e+00 train_recT=0.000000e+00 train_fc=0.000000e+00 train_decoder_tail=0.000000e+00
I 07.02/02:32:05 train_mapper.py:622 ] epoch=0090 train_loss=1.021616e-02 train_mse=7.783974e-03 train_cos=0.994004 train_nmse=-19.162dB train_rec=0.000000e+00 train_recT=0.000000e+00 train_fc=0.000000e+00 train_decoder_tail=0.000000e+00
I 07.02/02:32:43 train_mapper.py:622 ] epoch=0091 train_loss=1.002981e-02 train_mse=7.646388e-03 train_cos=0.994115 train_nmse=-19.240dB train_rec=0.000000e+00 train_recT=0.000000e+00 train_fc=0.000000e+00 train_decoder_tail=0.000000e+00
I 07.02/02:33:24 train_mapper.py:622 ] epoch=0092 train_loss=1.008974e-02 train_mse=7.691104e-03 train_cos=0.994074 train_nmse=-19.215dB train_rec=0.000000e+00 train_recT=0.000000e+00 train_fc=0.000000e+00 train_decoder_tail=0.000000e+00
I 07.02/02:34:05 train_mapper.py:622 ] epoch=0093 train_loss=1.002067e-02 train_mse=7.639295e-03 train_cos=0.994114 train_nmse=-19.244dB train_rec=0.000000e+00 train_recT=0.000000e+00 train_fc=0.000000e+00 train_decoder_tail=0.000000e+00
I 07.02/02:34:46 train_mapper.py:622 ] epoch=0094 train_loss=9.814420e-03 train_mse=7.484700e-03 train_cos=0.994235 train_nmse=-19.333dB train_rec=0.000000e+00 train_recT=0.000000e+00 train_fc=0.000000e+00 train_decoder_tail=0.000000e+00
I 07.02/02:35:31 train_mapper.py:622 ] epoch=0095 train_loss=9.842753e-03 train_mse=7.505971e-03 train_cos=0.994216 train_nmse=-19.320dB train_rec=0.000000e+00 train_recT=0.000000e+00 train_fc=0.000000e+00 train_decoder_tail=0.000000e+00
I 07.02/02:36:16 train_mapper.py:622 ] epoch=0096 train_loss=9.753799e-03 train_mse=7.441038e-03 train_cos=0.994263 train_nmse=-19.358dB train_rec=0.000000e+00 train_recT=0.000000e+00 train_fc=0.000000e+00 train_decoder_tail=0.000000e+00
I 07.02/02:37:00 train_mapper.py:622 ] epoch=0097 train_loss=9.669421e-03 train_mse=7.377291e-03 train_cos=0.994315 train_nmse=-19.395dB train_rec=0.000000e+00 train_recT=0.000000e+00 train_fc=0.000000e+00 train_decoder_tail=0.000000e+00
I 07.02/02:37:45 train_mapper.py:622 ] epoch=0098 train_loss=9.624856e-03 train_mse=7.344685e-03 train_cos=0.994335 train_nmse=-19.415dB train_rec=0.000000e+00 train_recT=0.000000e+00 train_fc=0.000000e+00 train_decoder_tail=0.000000e+00
I 07.02/02:38:29 train_mapper.py:622 ] epoch=0099 train_loss=9.573822e-03 train_mse=7.308351e-03 train_cos=0.994363 train_nmse=-19.436dB train_rec=0.000000e+00 train_recT=0.000000e+00 train_fc=0.000000e+00 train_decoder_tail=0.000000e+00
I 07.02/02:39:14 train_mapper.py:622 ] epoch=0100 train_loss=9.557987e-03 train_mse=7.294261e-03 train_cos=0.994370 train_nmse=-19.445dB train_rec=0.000000e+00 train_recT=0.000000e+00 train_fc=0.000000e+00 train_decoder_tail=0.000000e+00
I 07.02/02:39:58 train_mapper.py:622 ] epoch=0101 train_loss=9.460232e-03 train_mse=7.223627e-03 train_cos=0.994428 train_nmse=-19.487dB train_rec=0.000000e+00 train_recT=0.000000e+00 train_fc=0.000000e+00 train_decoder_tail=0.000000e+00
I 07.02/02:40:41 train_mapper.py:622 ] epoch=0102 train_loss=9.322887e-03 train_mse=7.121309e-03 train_cos=0.994509 train_nmse=-19.549dB train_rec=0.000000e+00 train_recT=0.000000e+00 train_fc=0.000000e+00 train_decoder_tail=0.000000e+00
I 07.02/02:41:25 train_mapper.py:622 ] epoch=0103 train_loss=9.339247e-03 train_mse=7.130650e-03 train_cos=0.994498 train_nmse=-19.544dB train_rec=0.000000e+00 train_recT=0.000000e+00 train_fc=0.000000e+00 train_decoder_tail=0.000000e+00
I 07.02/02:42:09 train_mapper.py:622 ] epoch=0104 train_loss=9.350660e-03 train_mse=7.143741e-03 train_cos=0.994485 train_nmse=-19.535dB train_rec=0.000000e+00 train_recT=0.000000e+00 train_fc=0.000000e+00 train_decoder_tail=0.000000e+00
I 07.02/02:42:50 train_mapper.py:622 ] epoch=0105 train_loss=9.271602e-03 train_mse=7.083176e-03 train_cos=0.994531 train_nmse=-19.572dB train_rec=0.000000e+00 train_recT=0.000000e+00 train_fc=0.000000e+00 train_decoder_tail=0.000000e+00
I 07.02/02:43:33 train_mapper.py:622 ] epoch=0106 train_loss=9.127791e-03 train_mse=6.978195e-03 train_cos=0.994618 train_nmse=-19.637dB train_rec=0.000000e+00 train_recT=0.000000e+00 train_fc=0.000000e+00 train_decoder_tail=0.000000e+00
I 07.02/02:44:13 train_mapper.py:622 ] epoch=0107 train_loss=9.217702e-03 train_mse=7.042107e-03 train_cos=0.994557 train_nmse=-19.598dB train_rec=0.000000e+00 train_recT=0.000000e+00 train_fc=0.000000e+00 train_decoder_tail=0.000000e+00
I 07.02/02:44:55 train_mapper.py:622 ] epoch=0108 train_loss=9.092310e-03 train_mse=6.952174e-03 train_cos=0.994631 train_nmse=-19.653dB train_rec=0.000000e+00 train_recT=0.000000e+00 train_fc=0.000000e+00 train_decoder_tail=0.000000e+00
I 07.02/02:45:39 train_mapper.py:622 ] epoch=0109 train_loss=8.933476e-03 train_mse=6.833550e-03 train_cos=0.994724 train_nmse=-19.728dB train_rec=0.000000e+00 train_recT=0.000000e+00 train_fc=0.000000e+00 train_decoder_tail=0.000000e+00
I 07.02/02:46:26 train_mapper.py:622 ] epoch=0110 train_loss=8.973645e-03 train_mse=6.863423e-03 train_cos=0.994697 train_nmse=-19.709dB train_rec=0.000000e+00 train_recT=0.000000e+00 train_fc=0.000000e+00 train_decoder_tail=0.000000e+00
I 07.02/02:47:08 train_mapper.py:622 ] epoch=0111 train_loss=8.979131e-03 train_mse=6.866705e-03 train_cos=0.994691 train_nmse=-19.707dB train_rec=0.000000e+00 train_recT=0.000000e+00 train_fc=0.000000e+00 train_decoder_tail=0.000000e+00
I 07.02/02:47:50 train_mapper.py:622 ] epoch=0112 train_loss=8.865681e-03 train_mse=6.784185e-03 train_cos=0.994760 train_nmse=-19.759dB train_rec=0.000000e+00 train_recT=0.000000e+00 train_fc=0.000000e+00 train_decoder_tail=0.000000e+00
I 07.02/02:48:33 train_mapper.py:622 ] epoch=0113 train_loss=8.793828e-03 train_mse=6.730006e-03 train_cos=0.994801 train_nmse=-19.794dB train_rec=0.000000e+00 train_recT=0.000000e+00 train_fc=0.000000e+00 train_decoder_tail=0.000000e+00
I 07.02/02:49:16 train_mapper.py:622 ] epoch=0114 train_loss=8.888775e-03 train_mse=6.798396e-03 train_cos=0.994740 train_nmse=-19.750dB train_rec=0.000000e+00 train_recT=0.000000e+00 train_fc=0.000000e+00 train_decoder_tail=0.000000e+00
I 07.02/02:49:56 train_mapper.py:622 ] epoch=0115 train_loss=8.787233e-03 train_mse=6.726856e-03 train_cos=0.994800 train_nmse=-19.796dB train_rec=0.000000e+00 train_recT=0.000000e+00 train_fc=0.000000e+00 train_decoder_tail=0.000000e+00
I 07.02/02:50:38 train_mapper.py:622 ] epoch=0116 train_loss=8.702332e-03 train_mse=6.659393e-03 train_cos=0.994854 train_nmse=-19.840dB train_rec=0.000000e+00 train_recT=0.000000e+00 train_fc=0.000000e+00 train_decoder_tail=0.000000e+00
I 07.02/02:51:18 train_mapper.py:622 ] epoch=0117 train_loss=8.631894e-03 train_mse=6.610111e-03 train_cos=0.994889 train_nmse=-19.872dB train_rec=0.000000e+00 train_recT=0.000000e+00 train_fc=0.000000e+00 train_decoder_tail=0.000000e+00
I 07.02/02:51:57 train_mapper.py:622 ] epoch=0118 train_loss=8.633804e-03 train_mse=6.609269e-03 train_cos=0.994888 train_nmse=-19.872dB train_rec=0.000000e+00 train_recT=0.000000e+00 train_fc=0.000000e+00 train_decoder_tail=0.000000e+00
I 07.02/02:52:40 train_mapper.py:622 ] epoch=0119 train_loss=8.550524e-03 train_mse=6.546245e-03 train_cos=0.994938 train_nmse=-19.915dB train_rec=0.000000e+00 train_recT=0.000000e+00 train_fc=0.000000e+00 train_decoder_tail=0.000000e+00
I 07.02/02:53:24 train_mapper.py:622 ] epoch=0120 train_loss=8.528028e-03 train_mse=6.530853e-03 train_cos=0.994946 train_nmse=-19.925dB train_rec=0.000000e+00 train_recT=0.000000e+00 train_fc=0.000000e+00 train_decoder_tail=0.000000e+00
I 07.02/02:54:06 train_mapper.py:622 ] epoch=0121 train_loss=8.501785e-03 train_mse=6.509288e-03 train_cos=0.994964 train_nmse=-19.939dB train_rec=0.000000e+00 train_recT=0.000000e+00 train_fc=0.000000e+00 train_decoder_tail=0.000000e+00
I 07.02/02:54:46 train_mapper.py:622 ] epoch=0122 train_loss=8.361713e-03 train_mse=6.407809e-03 train_cos=0.995047 train_nmse=-20.007dB train_rec=0.000000e+00 train_recT=0.000000e+00 train_fc=0.000000e+00 train_decoder_tail=0.000000e+00
I 07.02/02:55:31 train_mapper.py:622 ] epoch=0123 train_loss=8.399298e-03 train_mse=6.437209e-03 train_cos=0.995017 train_nmse=-19.988dB train_rec=0.000000e+00 train_recT=0.000000e+00 train_fc=0.000000e+00 train_decoder_tail=0.000000e+00
I 07.02/02:56:13 train_mapper.py:622 ] epoch=0124 train_loss=8.424628e-03 train_mse=6.453359e-03 train_cos=0.995001 train_nmse=-19.976dB train_rec=0.000000e+00 train_recT=0.000000e+00 train_fc=0.000000e+00 train_decoder_tail=0.000000e+00
I 07.02/02:57:11 train_mapper.py:622 ] epoch=0125 train_loss=8.320294e-03 train_mse=6.375313e-03 train_cos=0.995064 train_nmse=-20.029dB train_rec=0.000000e+00 train_recT=0.000000e+00 train_fc=0.000000e+00 train_decoder_tail=0.000000e+00
I 07.02/02:57:57 train_mapper.py:622 ] epoch=0126 train_loss=8.260779e-03 train_mse=6.333488e-03 train_cos=0.995098 train_nmse=-20.058dB train_rec=0.000000e+00 train_recT=0.000000e+00 train_fc=0.000000e+00 train_decoder_tail=0.000000e+00
I 07.02/02:58:44 train_mapper.py:622 ] epoch=0127 train_loss=8.252040e-03 train_mse=6.324302e-03 train_cos=0.995103 train_nmse=-20.064dB train_rec=0.000000e+00 train_recT=0.000000e+00 train_fc=0.000000e+00 train_decoder_tail=0.000000e+00
I 07.02/02:59:33 train_mapper.py:622 ] epoch=0128 train_loss=8.215505e-03 train_mse=6.297981e-03 train_cos=0.995123 train_nmse=-20.082dB train_rec=0.000000e+00 train_recT=0.000000e+00 train_fc=0.000000e+00 train_decoder_tail=0.000000e+00
I 07.02/03:00:19 train_mapper.py:622 ] epoch=0129 train_loss=8.154926e-03 train_mse=6.254222e-03 train_cos=0.995157 train_nmse=-20.112dB train_rec=0.000000e+00 train_recT=0.000000e+00 train_fc=0.000000e+00 train_decoder_tail=0.000000e+00
I 07.02/03:01:05 train_mapper.py:622 ] epoch=0130 train_loss=8.216198e-03 train_mse=6.297649e-03 train_cos=0.995118 train_nmse=-20.083dB train_rec=0.000000e+00 train_recT=0.000000e+00 train_fc=0.000000e+00 train_decoder_tail=0.000000e+00
I 07.02/03:01:49 train_mapper.py:622 ] epoch=0131 train_loss=8.111869e-03 train_mse=6.223852e-03 train_cos=0.995182 train_nmse=-20.133dB train_rec=0.000000e+00 train_recT=0.000000e+00 train_fc=0.000000e+00 train_decoder_tail=0.000000e+00
I 07.02/03:02:37 train_mapper.py:622 ] epoch=0132 train_loss=8.096208e-03 train_mse=6.207854e-03 train_cos=0.995188 train_nmse=-20.145dB train_rec=0.000000e+00 train_recT=0.000000e+00 train_fc=0.000000e+00 train_decoder_tail=0.000000e+00
I 07.02/03:03:24 train_mapper.py:622 ] epoch=0133 train_loss=8.130666e-03 train_mse=6.231477e-03 train_cos=0.995169 train_nmse=-20.128dB train_rec=0.000000e+00 train_recT=0.000000e+00 train_fc=0.000000e+00 train_decoder_tail=0.000000e+00
I 07.02/03:04:08 train_mapper.py:622 ] epoch=0134 train_loss=7.941244e-03 train_mse=6.092876e-03 train_cos=0.995282 train_nmse=-20.226dB train_rec=0.000000e+00 train_recT=0.000000e+00 train_fc=0.000000e+00 train_decoder_tail=0.000000e+00
I 07.02/03:04:53 train_mapper.py:622 ] epoch=0135 train_loss=7.973906e-03 train_mse=6.116897e-03 train_cos=0.995261 train_nmse=-20.209dB train_rec=0.000000e+00 train_recT=0.000000e+00 train_fc=0.000000e+00 train_decoder_tail=0.000000e+00
I 07.02/03:05:39 train_mapper.py:622 ] epoch=0136 train_loss=7.950823e-03 train_mse=6.099633e-03 train_cos=0.995273 train_nmse=-20.221dB train_rec=0.000000e+00 train_recT=0.000000e+00 train_fc=0.000000e+00 train_decoder_tail=0.000000e+00
I 07.02/03:06:26 train_mapper.py:622 ] epoch=0137 train_loss=7.947911e-03 train_mse=6.097006e-03 train_cos=0.995272 train_nmse=-20.223dB train_rec=0.000000e+00 train_recT=0.000000e+00 train_fc=0.000000e+00 train_decoder_tail=0.000000e+00
I 07.02/03:07:14 train_mapper.py:622 ] epoch=0138 train_loss=7.964026e-03 train_mse=6.105594e-03 train_cos=0.995263 train_nmse=-20.217dB train_rec=0.000000e+00 train_recT=0.000000e+00 train_fc=0.000000e+00 train_decoder_tail=0.000000e+00
I 07.02/03:07:55 train_mapper.py:622 ] epoch=0139 train_loss=7.836862e-03 train_mse=6.012893e-03 train_cos=0.995339 train_nmse=-20.283dB train_rec=0.000000e+00 train_recT=0.000000e+00 train_fc=0.000000e+00 train_decoder_tail=0.000000e+00
I 07.02/03:08:40 train_mapper.py:622 ] epoch=0140 train_loss=7.784183e-03 train_mse=5.972977e-03 train_cos=0.995370 train_nmse=-20.313dB train_rec=0.000000e+00 train_recT=0.000000e+00 train_fc=0.000000e+00 train_decoder_tail=0.000000e+00
I 07.02/03:09:29 train_mapper.py:622 ] epoch=0141 train_loss=7.805149e-03 train_mse=5.987377e-03 train_cos=0.995356 train_nmse=-20.302dB train_rec=0.000000e+00 train_recT=0.000000e+00 train_fc=0.000000e+00 train_decoder_tail=0.000000e+00
I 07.02/03:10:16 train_mapper.py:622 ] epoch=0142 train_loss=7.796992e-03 train_mse=5.982818e-03 train_cos=0.995358 train_nmse=-20.305dB train_rec=0.000000e+00 train_recT=0.000000e+00 train_fc=0.000000e+00 train_decoder_tail=0.000000e+00
I 07.02/03:11:00 train_mapper.py:622 ] epoch=0143 train_loss=7.722071e-03 train_mse=5.926358e-03 train_cos=0.995407 train_nmse=-20.346dB train_rec=0.000000e+00 train_recT=0.000000e+00 train_fc=0.000000e+00 train_decoder_tail=0.000000e+00
I 07.02/03:11:45 train_mapper.py:622 ] epoch=0144 train_loss=7.726029e-03 train_mse=5.926649e-03 train_cos=0.995399 train_nmse=-20.346dB train_rec=0.000000e+00 train_recT=0.000000e+00 train_fc=0.000000e+00 train_decoder_tail=0.000000e+00
I 07.02/03:12:32 train_mapper.py:622 ] epoch=0145 train_loss=7.714893e-03 train_mse=5.918017e-03 train_cos=0.995406 train_nmse=-20.353dB train_rec=0.000000e+00 train_recT=0.000000e+00 train_fc=0.000000e+00 train_decoder_tail=0.000000e+00
I 07.02/03:13:26 train_mapper.py:622 ] epoch=0146 train_loss=7.603184e-03 train_mse=5.837546e-03 train_cos=0.995475 train_nmse=-20.412dB train_rec=0.000000e+00 train_recT=0.000000e+00 train_fc=0.000000e+00 train_decoder_tail=0.000000e+00
I 07.02/03:14:30 train_mapper.py:622 ] epoch=0147 train_loss=7.616607e-03 train_mse=5.846442e-03 train_cos=0.995463 train_nmse=-20.406dB train_rec=0.000000e+00 train_recT=0.000000e+00 train_fc=0.000000e+00 train_decoder_tail=0.000000e+00
I 07.02/03:15:30 train_mapper.py:622 ] epoch=0148 train_loss=7.599550e-03 train_mse=5.834323e-03 train_cos=0.995474 train_nmse=-20.414dB train_rec=0.000000e+00 train_recT=0.000000e+00 train_fc=0.000000e+00 train_decoder_tail=0.000000e+00
I 07.02/03:16:21 train_mapper.py:622 ] epoch=0149 train_loss=7.561246e-03 train_mse=5.804040e-03 train_cos=0.995495 train_nmse=-20.437dB train_rec=0.000000e+00 train_recT=0.000000e+00 train_fc=0.000000e+00 train_decoder_tail=0.000000e+00
I 07.02/03:17:09 train_mapper.py:622 ] epoch=0150 train_loss=7.519473e-03 train_mse=5.774817e-03 train_cos=0.995519 train_nmse=-20.459dB train_rec=0.000000e+00 train_recT=0.000000e+00 train_fc=0.000000e+00 train_decoder_tail=0.000000e+00
I 07.02/03:17:58 train_mapper.py:622 ] epoch=0151 train_loss=7.518531e-03 train_mse=5.770499e-03 train_cos=0.995520 train_nmse=-20.462dB train_rec=0.000000e+00 train_recT=0.000000e+00 train_fc=0.000000e+00 train_decoder_tail=0.000000e+00
I 07.02/03:18:59 train_mapper.py:622 ] epoch=0152 train_loss=7.516068e-03 train_mse=5.769389e-03 train_cos=0.995518 train_nmse=-20.463dB train_rec=0.000000e+00 train_recT=0.000000e+00 train_fc=0.000000e+00 train_decoder_tail=0.000000e+00
I 07.02/03:20:00 train_mapper.py:622 ] epoch=0153 train_loss=7.511811e-03 train_mse=5.763374e-03 train_cos=0.995520 train_nmse=-20.467dB train_rec=0.000000e+00 train_recT=0.000000e+00 train_fc=0.000000e+00 train_decoder_tail=0.000000e+00
I 07.02/03:21:04 train_mapper.py:622 ] epoch=0154 train_loss=7.425404e-03 train_mse=5.699408e-03 train_cos=0.995574 train_nmse=-20.517dB train_rec=0.000000e+00 train_recT=0.000000e+00 train_fc=0.000000e+00 train_decoder_tail=0.000000e+00
I 07.02/03:22:09 train_mapper.py:622 ] epoch=0155 train_loss=7.439034e-03 train_mse=5.710781e-03 train_cos=0.995566 train_nmse=-20.507dB train_rec=0.000000e+00 train_recT=0.000000e+00 train_fc=0.000000e+00 train_decoder_tail=0.000000e+00
I 07.02/03:23:13 train_mapper.py:622 ] epoch=0156 train_loss=7.395642e-03 train_mse=5.678975e-03 train_cos=0.995589 train_nmse=-20.532dB train_rec=0.000000e+00 train_recT=0.000000e+00 train_fc=0.000000e+00 train_decoder_tail=0.000000e+00
I 07.02/03:24:21 train_mapper.py:622 ] epoch=0157 train_loss=7.311358e-03 train_mse=5.615777e-03 train_cos=0.995642 train_nmse=-20.580dB train_rec=0.000000e+00 train_recT=0.000000e+00 train_fc=0.000000e+00 train_decoder_tail=0.000000e+00
I 07.02/03:25:26 train_mapper.py:622 ] epoch=0158 train_loss=7.342883e-03 train_mse=5.637255e-03 train_cos=0.995620 train_nmse=-20.564dB train_rec=0.000000e+00 train_recT=0.000000e+00 train_fc=0.000000e+00 train_decoder_tail=0.000000e+00
I 07.02/03:26:31 train_mapper.py:622 ] epoch=0159 train_loss=7.372327e-03 train_mse=5.657626e-03 train_cos=0.995602 train_nmse=-20.547dB train_rec=0.000000e+00 train_recT=0.000000e+00 train_fc=0.000000e+00 train_decoder_tail=0.000000e+00
I 07.02/03:27:38 train_mapper.py:622 ] epoch=0160 train_loss=7.308347e-03 train_mse=5.610400e-03 train_cos=0.995642 train_nmse=-20.584dB train_rec=0.000000e+00 train_recT=0.000000e+00 train_fc=0.000000e+00 train_decoder_tail=0.000000e+00
I 07.02/03:28:48 train_mapper.py:622 ] epoch=0161 train_loss=7.224245e-03 train_mse=5.547776e-03 train_cos=0.995690 train_nmse=-20.634dB train_rec=0.000000e+00 train_recT=0.000000e+00 train_fc=0.000000e+00 train_decoder_tail=0.000000e+00
I 07.02/03:29:58 train_mapper.py:622 ] epoch=0162 train_loss=7.193844e-03 train_mse=5.525628e-03 train_cos=0.995710 train_nmse=-20.650dB train_rec=0.000000e+00 train_recT=0.000000e+00 train_fc=0.000000e+00 train_decoder_tail=0.000000e+00
I 07.02/03:31:12 train_mapper.py:622 ] epoch=0163 train_loss=7.226855e-03 train_mse=5.551183e-03 train_cos=0.995686 train_nmse=-20.630dB train_rec=0.000000e+00 train_recT=0.000000e+00 train_fc=0.000000e+00 train_decoder_tail=0.000000e+00
I 07.02/03:32:20 train_mapper.py:622 ] epoch=0164 train_loss=7.273873e-03 train_mse=5.584501e-03 train_cos=0.995656 train_nmse=-20.604dB train_rec=0.000000e+00 train_recT=0.000000e+00 train_fc=0.000000e+00 train_decoder_tail=0.000000e+00
I 07.02/03:33:31 train_mapper.py:622 ] epoch=0165 train_loss=7.150707e-03 train_mse=5.492631e-03 train_cos=0.995735 train_nmse=-20.676dB train_rec=0.000000e+00 train_recT=0.000000e+00 train_fc=0.000000e+00 train_decoder_tail=0.000000e+00
I 07.02/03:34:43 train_mapper.py:622 ] epoch=0166 train_loss=7.162328e-03 train_mse=5.500157e-03 train_cos=0.995722 train_nmse=-20.671dB train_rec=0.000000e+00 train_recT=0.000000e+00 train_fc=0.000000e+00 train_decoder_tail=0.000000e+00
I 07.02/03:35:52 train_mapper.py:622 ] epoch=0167 train_loss=7.110793e-03 train_mse=5.462194e-03 train_cos=0.995755 train_nmse=-20.700dB train_rec=0.000000e+00 train_recT=0.000000e+00 train_fc=0.000000e+00 train_decoder_tail=0.000000e+00
I 07.02/03:37:07 train_mapper.py:622 ] epoch=0168 train_loss=7.113840e-03 train_mse=5.461375e-03 train_cos=0.995752 train_nmse=-20.701dB train_rec=0.000000e+00 train_recT=0.000000e+00 train_fc=0.000000e+00 train_decoder_tail=0.000000e+00
I 07.02/03:38:20 train_mapper.py:622 ] epoch=0169 train_loss=7.099938e-03 train_mse=5.452054e-03 train_cos=0.995763 train_nmse=-20.708dB train_rec=0.000000e+00 train_recT=0.000000e+00 train_fc=0.000000e+00 train_decoder_tail=0.000000e+00
I 07.02/03:39:33 train_mapper.py:622 ] epoch=0170 train_loss=7.080710e-03 train_mse=5.439098e-03 train_cos=0.995772 train_nmse=-20.719dB train_rec=0.000000e+00 train_recT=0.000000e+00 train_fc=0.000000e+00 train_decoder_tail=0.000000e+00
I 07.02/03:40:45 train_mapper.py:622 ] epoch=0171 train_loss=7.098981e-03 train_mse=5.450474e-03 train_cos=0.995759 train_nmse=-20.711dB train_rec=0.000000e+00 train_recT=0.000000e+00 train_fc=0.000000e+00 train_decoder_tail=0.000000e+00
I 07.02/03:41:56 train_mapper.py:622 ] epoch=0172 train_loss=7.043793e-03 train_mse=5.410339e-03 train_cos=0.995793 train_nmse=-20.741dB train_rec=0.000000e+00 train_recT=0.000000e+00 train_fc=0.000000e+00 train_decoder_tail=0.000000e+00
I 07.02/03:43:11 train_mapper.py:622 ] epoch=0173 train_loss=6.971995e-03 train_mse=5.355107e-03 train_cos=0.995837 train_nmse=-20.787dB train_rec=0.000000e+00 train_recT=0.000000e+00 train_fc=0.000000e+00 train_decoder_tail=0.000000e+00
I 07.02/03:44:23 train_mapper.py:622 ] epoch=0174 train_loss=7.006404e-03 train_mse=5.378834e-03 train_cos=0.995813 train_nmse=-20.767dB train_rec=0.000000e+00 train_recT=0.000000e+00 train_fc=0.000000e+00 train_decoder_tail=0.000000e+00
I 07.02/03:45:35 train_mapper.py:622 ] epoch=0175 train_loss=6.918452e-03 train_mse=5.315975e-03 train_cos=0.995868 train_nmse=-20.818dB train_rec=0.000000e+00 train_recT=0.000000e+00 train_fc=0.000000e+00 train_decoder_tail=0.000000e+00
I 07.02/03:46:48 train_mapper.py:622 ] epoch=0176 train_loss=6.983753e-03 train_mse=5.361528e-03 train_cos=0.995824 train_nmse=-20.782dB train_rec=0.000000e+00 train_recT=0.000000e+00 train_fc=0.000000e+00 train_decoder_tail=0.000000e+00
I 07.02/03:47:57 train_mapper.py:622 ] epoch=0177 train_loss=6.868634e-03 train_mse=5.278475e-03 train_cos=0.995898 train_nmse=-20.849dB train_rec=0.000000e+00 train_recT=0.000000e+00 train_fc=0.000000e+00 train_decoder_tail=0.000000e+00
I 07.02/03:49:08 train_mapper.py:622 ] epoch=0178 train_loss=6.836488e-03 train_mse=5.253375e-03 train_cos=0.995917 train_nmse=-20.870dB train_rec=0.000000e+00 train_recT=0.000000e+00 train_fc=0.000000e+00 train_decoder_tail=0.000000e+00
I 07.02/03:50:15 train_mapper.py:622 ] epoch=0179 train_loss=6.959386e-03 train_mse=5.344712e-03 train_cos=0.995837 train_nmse=-20.795dB train_rec=0.000000e+00 train_recT=0.000000e+00 train_fc=0.000000e+00 train_decoder_tail=0.000000e+00
I 07.02/03:51:20 train_mapper.py:622 ] epoch=0180 train_loss=6.903075e-03 train_mse=5.301622e-03 train_cos=0.995874 train_nmse=-20.830dB train_rec=0.000000e+00 train_recT=0.000000e+00 train_fc=0.000000e+00 train_decoder_tail=0.000000e+00
I 07.02/03:52:25 train_mapper.py:622 ] epoch=0181 train_loss=6.880147e-03 train_mse=5.283665e-03 train_cos=0.995887 train_nmse=-20.845dB train_rec=0.000000e+00 train_recT=0.000000e+00 train_fc=0.000000e+00 train_decoder_tail=0.000000e+00
I 07.02/03:53:30 train_mapper.py:622 ] epoch=0182 train_loss=6.790768e-03 train_mse=5.218243e-03 train_cos=0.995942 train_nmse=-20.899dB train_rec=0.000000e+00 train_recT=0.000000e+00 train_fc=0.000000e+00 train_decoder_tail=0.000000e+00
I 07.02/03:54:37 train_mapper.py:622 ] epoch=0183 train_loss=6.768800e-03 train_mse=5.202371e-03 train_cos=0.995954 train_nmse=-20.912dB train_rec=0.000000e+00 train_recT=0.000000e+00 train_fc=0.000000e+00 train_decoder_tail=0.000000e+00
I 07.02/03:55:44 train_mapper.py:622 ] epoch=0184 train_loss=6.817710e-03 train_mse=5.237761e-03 train_cos=0.995924 train_nmse=-20.882dB train_rec=0.000000e+00 train_recT=0.000000e+00 train_fc=0.000000e+00 train_decoder_tail=0.000000e+00
I 07.02/03:56:54 train_mapper.py:622 ] epoch=0185 train_loss=6.736912e-03 train_mse=5.178307e-03 train_cos=0.995973 train_nmse=-20.932dB train_rec=0.000000e+00 train_recT=0.000000e+00 train_fc=0.000000e+00 train_decoder_tail=0.000000e+00
I 07.02/03:58:00 train_mapper.py:622 ] epoch=0186 train_loss=6.776465e-03 train_mse=5.205665e-03 train_cos=0.995947 train_nmse=-20.910dB train_rec=0.000000e+00 train_recT=0.000000e+00 train_fc=0.000000e+00 train_decoder_tail=0.000000e+00
I 07.02/03:59:10 train_mapper.py:622 ] epoch=0187 train_loss=6.819647e-03 train_mse=5.238829e-03 train_cos=0.995921 train_nmse=-20.881dB train_rec=0.000000e+00 train_recT=0.000000e+00 train_fc=0.000000e+00 train_decoder_tail=0.000000e+00
I 07.02/04:00:12 train_mapper.py:622 ] epoch=0188 train_loss=6.693322e-03 train_mse=5.143730e-03 train_cos=0.995999 train_nmse=-20.962dB train_rec=0.000000e+00 train_recT=0.000000e+00 train_fc=0.000000e+00 train_decoder_tail=0.000000e+00
I 07.02/04:01:22 train_mapper.py:622 ] epoch=0189 train_loss=6.791902e-03 train_mse=5.215017e-03 train_cos=0.995936 train_nmse=-20.902dB train_rec=0.000000e+00 train_recT=0.000000e+00 train_fc=0.000000e+00 train_decoder_tail=0.000000e+00
I 07.02/04:02:30 train_mapper.py:622 ] epoch=0190 train_loss=6.649669e-03 train_mse=5.109033e-03 train_cos=0.996026 train_nmse=-20.991dB train_rec=0.000000e+00 train_recT=0.000000e+00 train_fc=0.000000e+00 train_decoder_tail=0.000000e+00
I 07.02/04:03:38 train_mapper.py:622 ] epoch=0191 train_loss=6.655184e-03 train_mse=5.113264e-03 train_cos=0.996019 train_nmse=-20.987dB train_rec=0.000000e+00 train_recT=0.000000e+00 train_fc=0.000000e+00 train_decoder_tail=0.000000e+00
I 07.02/04:04:44 train_mapper.py:622 ] epoch=0192 train_loss=6.654692e-03 train_mse=5.111453e-03 train_cos=0.996017 train_nmse=-20.989dB train_rec=0.000000e+00 train_recT=0.000000e+00 train_fc=0.000000e+00 train_decoder_tail=0.000000e+00
I 07.02/04:05:52 train_mapper.py:622 ] epoch=0193 train_loss=6.601137e-03 train_mse=5.073966e-03 train_cos=0.996050 train_nmse=-21.021dB train_rec=0.000000e+00 train_recT=0.000000e+00 train_fc=0.000000e+00 train_decoder_tail=0.000000e+00
I 07.02/04:07:02 train_mapper.py:622 ] epoch=0194 train_loss=6.696695e-03 train_mse=5.141427e-03 train_cos=0.995991 train_nmse=-20.963dB train_rec=0.000000e+00 train_recT=0.000000e+00 train_fc=0.000000e+00 train_decoder_tail=0.000000e+00
I 07.02/04:08:11 train_mapper.py:622 ] epoch=0195 train_loss=6.561816e-03 train_mse=5.043800e-03 train_cos=0.996077 train_nmse=-21.046dB train_rec=0.000000e+00 train_recT=0.000000e+00 train_fc=0.000000e+00 train_decoder_tail=0.000000e+00
I 07.02/04:09:19 train_mapper.py:622 ] epoch=0196 train_loss=6.501904e-03 train_mse=4.998070e-03 train_cos=0.996112 train_nmse=-21.086dB train_rec=0.000000e+00 train_recT=0.000000e+00 train_fc=0.000000e+00 train_decoder_tail=0.000000e+00
I 07.02/04:10:26 train_mapper.py:622 ] epoch=0197 train_loss=6.539450e-03 train_mse=5.027357e-03 train_cos=0.996086 train_nmse=-21.061dB train_rec=0.000000e+00 train_recT=0.000000e+00 train_fc=0.000000e+00 train_decoder_tail=0.000000e+00
I 07.02/04:11:34 train_mapper.py:622 ] epoch=0198 train_loss=6.523875e-03 train_mse=5.015745e-03 train_cos=0.996094 train_nmse=-21.071dB train_rec=0.000000e+00 train_recT=0.000000e+00 train_fc=0.000000e+00 train_decoder_tail=0.000000e+00
I 07.02/04:12:45 train_mapper.py:622 ] epoch=0199 train_loss=6.623768e-03 train_mse=5.089907e-03 train_cos=0.996031 train_nmse=-21.007dB train_rec=0.000000e+00 train_recT=0.000000e+00 train_fc=0.000000e+00 train_decoder_tail=0.000000e+00
I 07.02/04:13:50 train_mapper.py:622 ] epoch=0200 train_loss=6.559110e-03 train_mse=5.040011e-03 train_cos=0.996073 train_nmse=-21.049dB train_rec=0.000000e+00 train_recT=0.000000e+00 train_fc=0.000000e+00 train_decoder_tail=0.000000e+00
I 07.02/04:14:58 train_mapper.py:622 ] epoch=0201 train_loss=6.484383e-03 train_mse=4.984922e-03 train_cos=0.996120 train_nmse=-21.098dB train_rec=0.000000e+00 train_recT=0.000000e+00 train_fc=0.000000e+00 train_decoder_tail=0.000000e+00
I 07.02/04:16:09 train_mapper.py:622 ] epoch=0202 train_loss=6.508451e-03 train_mse=5.003752e-03 train_cos=0.996102 train_nmse=-21.081dB train_rec=0.000000e+00 train_recT=0.000000e+00 train_fc=0.000000e+00 train_decoder_tail=0.000000e+00
I 07.02/04:17:16 train_mapper.py:622 ] epoch=0203 train_loss=6.526631e-03 train_mse=5.013307e-03 train_cos=0.996092 train_nmse=-21.073dB train_rec=0.000000e+00 train_recT=0.000000e+00 train_fc=0.000000e+00 train_decoder_tail=0.000000e+00
I 07.02/04:18:18 train_mapper.py:622 ] epoch=0204 train_loss=6.435625e-03 train_mse=4.947274e-03 train_cos=0.996149 train_nmse=-21.130dB train_rec=0.000000e+00 train_recT=0.000000e+00 train_fc=0.000000e+00 train_decoder_tail=0.000000e+00
I 07.02/04:19:24 train_mapper.py:622 ] epoch=0205 train_loss=6.381725e-03 train_mse=4.904933e-03 train_cos=0.996181 train_nmse=-21.168dB train_rec=0.000000e+00 train_recT=0.000000e+00 train_fc=0.000000e+00 train_decoder_tail=0.000000e+00
I 07.02/04:20:34 train_mapper.py:622 ] epoch=0206 train_loss=6.410348e-03 train_mse=4.927235e-03 train_cos=0.996161 train_nmse=-21.148dB train_rec=0.000000e+00 train_recT=0.000000e+00 train_fc=0.000000e+00 train_decoder_tail=0.000000e+00
I 07.02/04:21:40 train_mapper.py:622 ] epoch=0207 train_loss=6.478755e-03 train_mse=4.976903e-03 train_cos=0.996118 train_nmse=-21.105dB train_rec=0.000000e+00 train_recT=0.000000e+00 train_fc=0.000000e+00 train_decoder_tail=0.000000e+00
I 07.02/04:22:47 train_mapper.py:622 ] epoch=0208 train_loss=6.437835e-03 train_mse=4.948697e-03 train_cos=0.996146 train_nmse=-21.129dB train_rec=0.000000e+00 train_recT=0.000000e+00 train_fc=0.000000e+00 train_decoder_tail=0.000000e+00
I 07.02/04:23:52 train_mapper.py:622 ] epoch=0209 train_loss=6.350651e-03 train_mse=4.883747e-03 train_cos=0.996198 train_nmse=-21.187dB train_rec=0.000000e+00 train_recT=0.000000e+00 train_fc=0.000000e+00 train_decoder_tail=0.000000e+00
I 07.02/04:25:00 train_mapper.py:622 ] epoch=0210 train_loss=6.338291e-03 train_mse=4.873235e-03 train_cos=0.996204 train_nmse=-21.196dB train_rec=0.000000e+00 train_recT=0.000000e+00 train_fc=0.000000e+00 train_decoder_tail=0.000000e+00
I 07.02/04:26:08 train_mapper.py:622 ] epoch=0211 train_loss=6.379123e-03 train_mse=4.902686e-03 train_cos=0.996179 train_nmse=-21.169dB train_rec=0.000000e+00 train_recT=0.000000e+00 train_fc=0.000000e+00 train_decoder_tail=0.000000e+00
I 07.02/04:27:16 train_mapper.py:622 ] epoch=0212 train_loss=6.342149e-03 train_mse=4.875852e-03 train_cos=0.996200 train_nmse=-21.193dB train_rec=0.000000e+00 train_recT=0.000000e+00 train_fc=0.000000e+00 train_decoder_tail=0.000000e+00
I 07.02/04:28:22 train_mapper.py:622 ] epoch=0213 train_loss=6.364437e-03 train_mse=4.892405e-03 train_cos=0.996185 train_nmse=-21.179dB train_rec=0.000000e+00 train_recT=0.000000e+00 train_fc=0.000000e+00 train_decoder_tail=0.000000e+00
I 07.02/04:29:27 train_mapper.py:622 ] epoch=0214 train_loss=6.330369e-03 train_mse=4.863888e-03 train_cos=0.996207 train_nmse=-21.204dB train_rec=0.000000e+00 train_recT=0.000000e+00 train_fc=0.000000e+00 train_decoder_tail=0.000000e+00
I 07.02/04:30:34 train_mapper.py:622 ] epoch=0215 train_loss=6.264074e-03 train_mse=4.816775e-03 train_cos=0.996248 train_nmse=-21.247dB train_rec=0.000000e+00 train_recT=0.000000e+00 train_fc=0.000000e+00 train_decoder_tail=0.000000e+00
I 07.02/04:31:40 train_mapper.py:622 ] epoch=0216 train_loss=6.267719e-03 train_mse=4.819312e-03 train_cos=0.996245 train_nmse=-21.244dB train_rec=0.000000e+00 train_recT=0.000000e+00 train_fc=0.000000e+00 train_decoder_tail=0.000000e+00
I 07.02/04:32:49 train_mapper.py:622 ] epoch=0217 train_loss=6.304756e-03 train_mse=4.845990e-03 train_cos=0.996220 train_nmse=-21.221dB train_rec=0.000000e+00 train_recT=0.000000e+00 train_fc=0.000000e+00 train_decoder_tail=0.000000e+00
I 07.02/04:33:57 train_mapper.py:622 ] epoch=0218 train_loss=6.345491e-03 train_mse=4.877215e-03 train_cos=0.996194 train_nmse=-21.193dB train_rec=0.000000e+00 train_recT=0.000000e+00 train_fc=0.000000e+00 train_decoder_tail=0.000000e+00
I 07.02/04:35:06 train_mapper.py:622 ] epoch=0219 train_loss=6.218333e-03 train_mse=4.781683e-03 train_cos=0.996276 train_nmse=-21.278dB train_rec=0.000000e+00 train_recT=0.000000e+00 train_fc=0.000000e+00 train_decoder_tail=0.000000e+00
I 07.02/04:36:13 train_mapper.py:622 ] epoch=0220 train_loss=6.174376e-03 train_mse=4.747202e-03 train_cos=0.996303 train_nmse=-21.310dB train_rec=0.000000e+00 train_recT=0.000000e+00 train_fc=0.000000e+00 train_decoder_tail=0.000000e+00
I 07.02/04:37:18 train_mapper.py:622 ] epoch=0221 train_loss=6.228031e-03 train_mse=4.789720e-03 train_cos=0.996266 train_nmse=-21.271dB train_rec=0.000000e+00 train_recT=0.000000e+00 train_fc=0.000000e+00 train_decoder_tail=0.000000e+00
I 07.02/04:38:23 train_mapper.py:622 ] epoch=0222 train_loss=6.203908e-03 train_mse=4.770912e-03 train_cos=0.996283 train_nmse=-21.288dB train_rec=0.000000e+00 train_recT=0.000000e+00 train_fc=0.000000e+00 train_decoder_tail=0.000000e+00
I 07.02/04:39:27 train_mapper.py:622 ] epoch=0223 train_loss=6.195294e-03 train_mse=4.764115e-03 train_cos=0.996285 train_nmse=-21.294dB train_rec=0.000000e+00 train_recT=0.000000e+00 train_fc=0.000000e+00 train_decoder_tail=0.000000e+00
I 07.02/04:40:30 train_mapper.py:622 ] epoch=0224 train_loss=6.142971e-03 train_mse=4.724461e-03 train_cos=0.996317 train_nmse=-21.330dB train_rec=0.000000e+00 train_recT=0.000000e+00 train_fc=0.000000e+00 train_decoder_tail=0.000000e+00
I 07.02/04:41:36 train_mapper.py:622 ] epoch=0225 train_loss=6.180646e-03 train_mse=4.752400e-03 train_cos=0.996293 train_nmse=-21.305dB train_rec=0.000000e+00 train_recT=0.000000e+00 train_fc=0.000000e+00 train_decoder_tail=0.000000e+00
I 07.02/04:42:38 train_mapper.py:622 ] epoch=0226 train_loss=6.147654e-03 train_mse=4.728918e-03 train_cos=0.996316 train_nmse=-21.326dB train_rec=0.000000e+00 train_recT=0.000000e+00 train_fc=0.000000e+00 train_decoder_tail=0.000000e+00
I 07.02/04:43:42 train_mapper.py:622 ] epoch=0227 train_loss=6.059880e-03 train_mse=4.662109e-03 train_cos=0.996369 train_nmse=-21.388dB train_rec=0.000000e+00 train_recT=0.000000e+00 train_fc=0.000000e+00 train_decoder_tail=0.000000e+00
I 07.02/04:44:47 train_mapper.py:622 ] epoch=0228 train_loss=6.131909e-03 train_mse=4.717074e-03 train_cos=0.996321 train_nmse=-21.337dB train_rec=0.000000e+00 train_recT=0.000000e+00 train_fc=0.000000e+00 train_decoder_tail=0.000000e+00
I 07.02/04:45:49 train_mapper.py:622 ] epoch=0229 train_loss=6.186562e-03 train_mse=4.758369e-03 train_cos=0.996286 train_nmse=-21.299dB train_rec=0.000000e+00 train_recT=0.000000e+00 train_fc=0.000000e+00 train_decoder_tail=0.000000e+00
I 07.02/04:46:55 train_mapper.py:622 ] epoch=0230 train_loss=6.131180e-03 train_mse=4.714639e-03 train_cos=0.996322 train_nmse=-21.340dB train_rec=0.000000e+00 train_recT=0.000000e+00 train_fc=0.000000e+00 train_decoder_tail=0.000000e+00
I 07.02/04:47:55 train_mapper.py:622 ] epoch=0231 train_loss=6.072339e-03 train_mse=4.670351e-03 train_cos=0.996359 train_nmse=-21.380dB train_rec=0.000000e+00 train_recT=0.000000e+00 train_fc=0.000000e+00 train_decoder_tail=0.000000e+00
I 07.02/04:48:52 train_mapper.py:622 ] epoch=0232 train_loss=6.035727e-03 train_mse=4.643013e-03 train_cos=0.996381 train_nmse=-21.406dB train_rec=0.000000e+00 train_recT=0.000000e+00 train_fc=0.000000e+00 train_decoder_tail=0.000000e+00
I 07.02/04:49:51 train_mapper.py:622 ] epoch=0233 train_loss=6.081091e-03 train_mse=4.677043e-03 train_cos=0.996351 train_nmse=-21.375dB train_rec=0.000000e+00 train_recT=0.000000e+00 train_fc=0.000000e+00 train_decoder_tail=0.000000e+00
I 07.02/04:50:49 train_mapper.py:622 ] epoch=0234 train_loss=6.056816e-03 train_mse=4.659043e-03 train_cos=0.996366 train_nmse=-21.391dB train_rec=0.000000e+00 train_recT=0.000000e+00 train_fc=0.000000e+00 train_decoder_tail=0.000000e+00
I 07.02/04:51:44 train_mapper.py:622 ] epoch=0235 train_loss=6.071879e-03 train_mse=4.669800e-03 train_cos=0.996357 train_nmse=-21.381dB train_rec=0.000000e+00 train_recT=0.000000e+00 train_fc=0.000000e+00 train_decoder_tail=0.000000e+00
I 07.02/04:52:44 train_mapper.py:622 ] epoch=0236 train_loss=6.070515e-03 train_mse=4.666751e-03 train_cos=0.996358 train_nmse=-21.384dB train_rec=0.000000e+00 train_recT=0.000000e+00 train_fc=0.000000e+00 train_decoder_tail=0.000000e+00
I 07.02/04:53:38 train_mapper.py:622 ] epoch=0237 train_loss=6.030153e-03 train_mse=4.640701e-03 train_cos=0.996382 train_nmse=-21.408dB train_rec=0.000000e+00 train_recT=0.000000e+00 train_fc=0.000000e+00 train_decoder_tail=0.000000e+00
I 07.02/04:54:41 train_mapper.py:622 ] epoch=0238 train_loss=5.952891e-03 train_mse=4.579137e-03 train_cos=0.996432 train_nmse=-21.466dB train_rec=0.000000e+00 train_recT=0.000000e+00 train_fc=0.000000e+00 train_decoder_tail=0.000000e+00
I 07.02/04:55:38 train_mapper.py:622 ] epoch=0239 train_loss=5.923685e-03 train_mse=4.558128e-03 train_cos=0.996449 train_nmse=-21.486dB train_rec=0.000000e+00 train_recT=0.000000e+00 train_fc=0.000000e+00 train_decoder_tail=0.000000e+00
I 07.02/04:56:28 train_mapper.py:622 ] epoch=0240 train_loss=5.943510e-03 train_mse=4.573726e-03 train_cos=0.996435 train_nmse=-21.472dB train_rec=0.000000e+00 train_recT=0.000000e+00 train_fc=0.000000e+00 train_decoder_tail=0.000000e+00
I 07.02/04:57:16 train_mapper.py:622 ] epoch=0241 train_loss=5.956529e-03 train_mse=4.584966e-03 train_cos=0.996425 train_nmse=-21.461dB train_rec=0.000000e+00 train_recT=0.000000e+00 train_fc=0.000000e+00 train_decoder_tail=0.000000e+00
I 07.02/04:57:59 train_mapper.py:622 ] epoch=0242 train_loss=5.923659e-03 train_mse=4.559595e-03 train_cos=0.996445 train_nmse=-21.485dB train_rec=0.000000e+00 train_recT=0.000000e+00 train_fc=0.000000e+00 train_decoder_tail=0.000000e+00
I 07.02/04:58:43 train_mapper.py:622 ] epoch=0243 train_loss=5.915696e-03 train_mse=4.553341e-03 train_cos=0.996451 train_nmse=-21.491dB train_rec=0.000000e+00 train_recT=0.000000e+00 train_fc=0.000000e+00 train_decoder_tail=0.000000e+00
I 07.02/04:59:37 train_mapper.py:622 ] epoch=0244 train_loss=5.929353e-03 train_mse=4.564943e-03 train_cos=0.996440 train_nmse=-21.480dB train_rec=0.000000e+00 train_recT=0.000000e+00 train_fc=0.000000e+00 train_decoder_tail=0.000000e+00
I 07.02/05:00:34 train_mapper.py:622 ] epoch=0245 train_loss=5.924838e-03 train_mse=4.560672e-03 train_cos=0.996441 train_nmse=-21.484dB train_rec=0.000000e+00 train_recT=0.000000e+00 train_fc=0.000000e+00 train_decoder_tail=0.000000e+00
I 07.02/05:01:25 train_mapper.py:622 ] epoch=0246 train_loss=5.891096e-03 train_mse=4.535176e-03 train_cos=0.996464 train_nmse=-21.508dB train_rec=0.000000e+00 train_recT=0.000000e+00 train_fc=0.000000e+00 train_decoder_tail=0.000000e+00
I 07.02/05:02:09 train_mapper.py:622 ] epoch=0247 train_loss=5.852624e-03 train_mse=4.505231e-03 train_cos=0.996487 train_nmse=-21.537dB train_rec=0.000000e+00 train_recT=0.000000e+00 train_fc=0.000000e+00 train_decoder_tail=0.000000e+00
I 07.02/05:02:56 train_mapper.py:622 ] epoch=0248 train_loss=5.888363e-03 train_mse=4.534039e-03 train_cos=0.996463 train_nmse=-21.509dB train_rec=0.000000e+00 train_recT=0.000000e+00 train_fc=0.000000e+00 train_decoder_tail=0.000000e+00
I 07.02/05:03:42 train_mapper.py:622 ] epoch=0249 train_loss=5.860947e-03 train_mse=4.513438e-03 train_cos=0.996481 train_nmse=-21.529dB train_rec=0.000000e+00 train_recT=0.000000e+00 train_fc=0.000000e+00 train_decoder_tail=0.000000e+00
I 07.02/05:04:27 train_mapper.py:622 ] epoch=0250 train_loss=5.892632e-03 train_mse=4.537306e-03 train_cos=0.996458 train_nmse=-21.506dB train_rec=0.000000e+00 train_recT=0.000000e+00 train_fc=0.000000e+00 train_decoder_tail=0.000000e+00
I 07.02/05:05:09 train_mapper.py:622 ] epoch=0251 train_loss=5.853195e-03 train_mse=4.506255e-03 train_cos=0.996484 train_nmse=-21.536dB train_rec=0.000000e+00 train_recT=0.000000e+00 train_fc=0.000000e+00 train_decoder_tail=0.000000e+00
I 07.02/05:05:52 train_mapper.py:622 ] epoch=0252 train_loss=5.829252e-03 train_mse=4.488101e-03 train_cos=0.996500 train_nmse=-21.553dB train_rec=0.000000e+00 train_recT=0.000000e+00 train_fc=0.000000e+00 train_decoder_tail=0.000000e+00
I 07.02/05:06:35 train_mapper.py:622 ] epoch=0253 train_loss=5.817140e-03 train_mse=4.479157e-03 train_cos=0.996505 train_nmse=-21.562dB train_rec=0.000000e+00 train_recT=0.000000e+00 train_fc=0.000000e+00 train_decoder_tail=0.000000e+00
I 07.02/05:07:19 train_mapper.py:622 ] epoch=0254 train_loss=5.816736e-03 train_mse=4.479899e-03 train_cos=0.996505 train_nmse=-21.561dB train_rec=0.000000e+00 train_recT=0.000000e+00 train_fc=0.000000e+00 train_decoder_tail=0.000000e+00
I 07.02/05:08:03 train_mapper.py:622 ] epoch=0255 train_loss=5.806942e-03 train_mse=4.472013e-03 train_cos=0.996511 train_nmse=-21.569dB train_rec=0.000000e+00 train_recT=0.000000e+00 train_fc=0.000000e+00 train_decoder_tail=0.000000e+00
I 07.02/05:08:50 train_mapper.py:622 ] epoch=0256 train_loss=5.779311e-03 train_mse=4.450467e-03 train_cos=0.996528 train_nmse=-21.590dB train_rec=0.000000e+00 train_recT=0.000000e+00 train_fc=0.000000e+00 train_decoder_tail=0.000000e+00
I 07.02/05:09:35 train_mapper.py:622 ] epoch=0257 train_loss=5.762087e-03 train_mse=4.437205e-03 train_cos=0.996539 train_nmse=-21.603dB train_rec=0.000000e+00 train_recT=0.000000e+00 train_fc=0.000000e+00 train_decoder_tail=0.000000e+00
I 07.02/05:10:16 train_mapper.py:622 ] epoch=0258 train_loss=5.742748e-03 train_mse=4.421856e-03 train_cos=0.996553 train_nmse=-21.618dB train_rec=0.000000e+00 train_recT=0.000000e+00 train_fc=0.000000e+00 train_decoder_tail=0.000000e+00
I 07.02/05:11:00 train_mapper.py:622 ] epoch=0259 train_loss=5.729251e-03 train_mse=4.411745e-03 train_cos=0.996561 train_nmse=-21.628dB train_rec=0.000000e+00 train_recT=0.000000e+00 train_fc=0.000000e+00 train_decoder_tail=0.000000e+00
I 07.02/05:11:40 train_mapper.py:622 ] epoch=0260 train_loss=5.723165e-03 train_mse=4.406583e-03 train_cos=0.996563 train_nmse=-21.633dB train_rec=0.000000e+00 train_recT=0.000000e+00 train_fc=0.000000e+00 train_decoder_tail=0.000000e+00
I 07.02/05:12:26 train_mapper.py:622 ] epoch=0261 train_loss=5.753497e-03 train_mse=4.431836e-03 train_cos=0.996540 train_nmse=-21.608dB train_rec=0.000000e+00 train_recT=0.000000e+00 train_fc=0.000000e+00 train_decoder_tail=0.000000e+00
I 07.02/05:13:11 train_mapper.py:622 ] epoch=0262 train_loss=5.733749e-03 train_mse=4.417152e-03 train_cos=0.996555 train_nmse=-21.623dB train_rec=0.000000e+00 train_recT=0.000000e+00 train_fc=0.000000e+00 train_decoder_tail=0.000000e+00
I 07.02/05:13:55 train_mapper.py:622 ] epoch=0263 train_loss=5.723252e-03 train_mse=4.409375e-03 train_cos=0.996560 train_nmse=-21.630dB train_rec=0.000000e+00 train_recT=0.000000e+00 train_fc=0.000000e+00 train_decoder_tail=0.000000e+00
I 07.02/05:14:39 train_mapper.py:622 ] epoch=0264 train_loss=5.685324e-03 train_mse=4.379641e-03 train_cos=0.996584 train_nmse=-21.660dB train_rec=0.000000e+00 train_recT=0.000000e+00 train_fc=0.000000e+00 train_decoder_tail=0.000000e+00
I 07.02/05:15:25 train_mapper.py:622 ] epoch=0265 train_loss=5.690737e-03 train_mse=4.384218e-03 train_cos=0.996579 train_nmse=-21.655dB train_rec=0.000000e+00 train_recT=0.000000e+00 train_fc=0.000000e+00 train_decoder_tail=0.000000e+00
I 07.02/05:16:12 train_mapper.py:622 ] epoch=0266 train_loss=5.693897e-03 train_mse=4.386564e-03 train_cos=0.996577 train_nmse=-21.653dB train_rec=0.000000e+00 train_recT=0.000000e+00 train_fc=0.000000e+00 train_decoder_tail=0.000000e+00
I 07.02/05:16:57 train_mapper.py:622 ] epoch=0267 train_loss=5.667675e-03 train_mse=4.365555e-03 train_cos=0.996593 train_nmse=-21.674dB train_rec=0.000000e+00 train_recT=0.000000e+00 train_fc=0.000000e+00 train_decoder_tail=0.000000e+00
I 07.02/05:17:43 train_mapper.py:622 ] epoch=0268 train_loss=5.702611e-03 train_mse=4.392325e-03 train_cos=0.996569 train_nmse=-21.647dB train_rec=0.000000e+00 train_recT=0.000000e+00 train_fc=0.000000e+00 train_decoder_tail=0.000000e+00
I 07.02/05:18:26 train_mapper.py:622 ] epoch=0269 train_loss=5.644563e-03 train_mse=4.348813e-03 train_cos=0.996605 train_nmse=-21.690dB train_rec=0.000000e+00 train_recT=0.000000e+00 train_fc=0.000000e+00 train_decoder_tail=0.000000e+00
I 07.02/05:19:11 train_mapper.py:622 ] epoch=0270 train_loss=5.627783e-03 train_mse=4.335029e-03 train_cos=0.996619 train_nmse=-21.704dB train_rec=0.000000e+00 train_recT=0.000000e+00 train_fc=0.000000e+00 train_decoder_tail=0.000000e+00
I 07.02/05:19:53 train_mapper.py:622 ] epoch=0271 train_loss=5.604197e-03 train_mse=4.317360e-03 train_cos=0.996632 train_nmse=-21.722dB train_rec=0.000000e+00 train_recT=0.000000e+00 train_fc=0.000000e+00 train_decoder_tail=0.000000e+00
I 07.02/05:20:38 train_mapper.py:622 ] epoch=0272 train_loss=5.616572e-03 train_mse=4.326561e-03 train_cos=0.996624 train_nmse=-21.713dB train_rec=0.000000e+00 train_recT=0.000000e+00 train_fc=0.000000e+00 train_decoder_tail=0.000000e+00
I 07.02/05:21:20 train_mapper.py:622 ] epoch=0273 train_loss=5.626177e-03 train_mse=4.333924e-03 train_cos=0.996617 train_nmse=-21.705dB train_rec=0.000000e+00 train_recT=0.000000e+00 train_fc=0.000000e+00 train_decoder_tail=0.000000e+00
I 07.02/05:22:01 train_mapper.py:622 ] epoch=0274 train_loss=5.609288e-03 train_mse=4.320108e-03 train_cos=0.996629 train_nmse=-21.719dB train_rec=0.000000e+00 train_recT=0.000000e+00 train_fc=0.000000e+00 train_decoder_tail=0.000000e+00
I 07.02/05:22:43 train_mapper.py:622 ] epoch=0275 train_loss=5.573821e-03 train_mse=4.293060e-03 train_cos=0.996651 train_nmse=-21.746dB train_rec=0.000000e+00 train_recT=0.000000e+00 train_fc=0.000000e+00 train_decoder_tail=0.000000e+00
I 07.02/05:23:27 train_mapper.py:622 ] epoch=0276 train_loss=5.560108e-03 train_mse=4.283652e-03 train_cos=0.996658 train_nmse=-21.756dB train_rec=0.000000e+00 train_recT=0.000000e+00 train_fc=0.000000e+00 train_decoder_tail=0.000000e+00
I 07.02/05:24:12 train_mapper.py:622 ] epoch=0277 train_loss=5.570763e-03 train_mse=4.291956e-03 train_cos=0.996650 train_nmse=-21.747dB train_rec=0.000000e+00 train_recT=0.000000e+00 train_fc=0.000000e+00 train_decoder_tail=0.000000e+00
I 07.02/05:24:57 train_mapper.py:622 ] epoch=0278 train_loss=5.563065e-03 train_mse=4.285143e-03 train_cos=0.996655 train_nmse=-21.754dB train_rec=0.000000e+00 train_recT=0.000000e+00 train_fc=0.000000e+00 train_decoder_tail=0.000000e+00
I 07.02/05:25:40 train_mapper.py:622 ] epoch=0279 train_loss=5.554578e-03 train_mse=4.279050e-03 train_cos=0.996659 train_nmse=-21.761dB train_rec=0.000000e+00 train_recT=0.000000e+00 train_fc=0.000000e+00 train_decoder_tail=0.000000e+00
I 07.02/05:26:25 train_mapper.py:622 ] epoch=0280 train_loss=5.536464e-03 train_mse=4.265848e-03 train_cos=0.996670 train_nmse=-21.774dB train_rec=0.000000e+00 train_recT=0.000000e+00 train_fc=0.000000e+00 train_decoder_tail=0.000000e+00
I 07.02/05:27:10 train_mapper.py:622 ] epoch=0281 train_loss=5.545742e-03 train_mse=4.271830e-03 train_cos=0.996665 train_nmse=-21.768dB train_rec=0.000000e+00 train_recT=0.000000e+00 train_fc=0.000000e+00 train_decoder_tail=0.000000e+00
I 07.02/05:27:53 train_mapper.py:622 ] epoch=0282 train_loss=5.521206e-03 train_mse=4.253692e-03 train_cos=0.996680 train_nmse=-21.786dB train_rec=0.000000e+00 train_recT=0.000000e+00 train_fc=0.000000e+00 train_decoder_tail=0.000000e+00
I 07.02/05:28:38 train_mapper.py:622 ] epoch=0283 train_loss=5.507951e-03 train_mse=4.243983e-03 train_cos=0.996687 train_nmse=-21.796dB train_rec=0.000000e+00 train_recT=0.000000e+00 train_fc=0.000000e+00 train_decoder_tail=0.000000e+00
I 07.02/05:29:21 train_mapper.py:622 ] epoch=0284 train_loss=5.494458e-03 train_mse=4.232695e-03 train_cos=0.996696 train_nmse=-21.808dB train_rec=0.000000e+00 train_recT=0.000000e+00 train_fc=0.000000e+00 train_decoder_tail=0.000000e+00
I 07.02/05:30:06 train_mapper.py:622 ] epoch=0285 train_loss=5.492399e-03 train_mse=4.231394e-03 train_cos=0.996696 train_nmse=-21.809dB train_rec=0.000000e+00 train_recT=0.000000e+00 train_fc=0.000000e+00 train_decoder_tail=0.000000e+00
I 07.02/05:30:50 train_mapper.py:622 ] epoch=0286 train_loss=5.483551e-03 train_mse=4.224712e-03 train_cos=0.996702 train_nmse=-21.816dB train_rec=0.000000e+00 train_recT=0.000000e+00 train_fc=0.000000e+00 train_decoder_tail=0.000000e+00
I 07.02/05:31:35 train_mapper.py:622 ] epoch=0287 train_loss=5.475103e-03 train_mse=4.218107e-03 train_cos=0.996706 train_nmse=-21.823dB train_rec=0.000000e+00 train_recT=0.000000e+00 train_fc=0.000000e+00 train_decoder_tail=0.000000e+00
I 07.02/05:32:19 train_mapper.py:622 ] epoch=0288 train_loss=5.474776e-03 train_mse=4.218929e-03 train_cos=0.996705 train_nmse=-21.822dB train_rec=0.000000e+00 train_recT=0.000000e+00 train_fc=0.000000e+00 train_decoder_tail=0.000000e+00
I 07.02/05:33:04 train_mapper.py:622 ] epoch=0289 train_loss=5.478236e-03 train_mse=4.219934e-03 train_cos=0.996703 train_nmse=-21.821dB train_rec=0.000000e+00 train_recT=0.000000e+00 train_fc=0.000000e+00 train_decoder_tail=0.000000e+00
I 07.02/05:33:45 train_mapper.py:622 ] epoch=0290 train_loss=5.444732e-03 train_mse=4.196140e-03 train_cos=0.996725 train_nmse=-21.845dB train_rec=0.000000e+00 train_recT=0.000000e+00 train_fc=0.000000e+00 train_decoder_tail=0.000000e+00
I 07.02/05:34:30 train_mapper.py:622 ] epoch=0291 train_loss=5.445126e-03 train_mse=4.195516e-03 train_cos=0.996723 train_nmse=-21.846dB train_rec=0.000000e+00 train_recT=0.000000e+00 train_fc=0.000000e+00 train_decoder_tail=0.000000e+00
I 07.02/05:35:12 train_mapper.py:622 ] epoch=0292 train_loss=5.413791e-03 train_mse=4.171866e-03 train_cos=0.996743 train_nmse=-21.871dB train_rec=0.000000e+00 train_recT=0.000000e+00 train_fc=0.000000e+00 train_decoder_tail=0.000000e+00
I 07.02/05:35:56 train_mapper.py:622 ] epoch=0293 train_loss=5.399526e-03 train_mse=4.160509e-03 train_cos=0.996751 train_nmse=-21.883dB train_rec=0.000000e+00 train_recT=0.000000e+00 train_fc=0.000000e+00 train_decoder_tail=0.000000e+00
I 07.02/05:36:39 train_mapper.py:622 ] epoch=0294 train_loss=5.415218e-03 train_mse=4.173047e-03 train_cos=0.996741 train_nmse=-21.869dB train_rec=0.000000e+00 train_recT=0.000000e+00 train_fc=0.000000e+00 train_decoder_tail=0.000000e+00
I 07.02/05:37:20 train_mapper.py:622 ] epoch=0295 train_loss=5.419111e-03 train_mse=4.175644e-03 train_cos=0.996737 train_nmse=-21.867dB train_rec=0.000000e+00 train_recT=0.000000e+00 train_fc=0.000000e+00 train_decoder_tail=0.000000e+00
I 07.02/05:38:04 train_mapper.py:622 ] epoch=0296 train_loss=5.411476e-03 train_mse=4.171117e-03 train_cos=0.996743 train_nmse=-21.871dB train_rec=0.000000e+00 train_recT=0.000000e+00 train_fc=0.000000e+00 train_decoder_tail=0.000000e+00
I 07.02/05:38:46 train_mapper.py:622 ] epoch=0297 train_loss=5.387369e-03 train_mse=4.151892e-03 train_cos=0.996758 train_nmse=-21.891dB train_rec=0.000000e+00 train_recT=0.000000e+00 train_fc=0.000000e+00 train_decoder_tail=0.000000e+00
I 07.02/05:39:28 train_mapper.py:622 ] epoch=0298 train_loss=5.378375e-03 train_mse=4.145033e-03 train_cos=0.996764 train_nmse=-21.898dB train_rec=0.000000e+00 train_recT=0.000000e+00 train_fc=0.000000e+00 train_decoder_tail=0.000000e+00
I 07.02/05:40:16 train_mapper.py:622 ] epoch=0299 train_loss=5.360707e-03 train_mse=4.131496e-03 train_cos=0.996773 train_nmse=-21.913dB train_rec=0.000000e+00 train_recT=0.000000e+00 train_fc=0.000000e+00 train_decoder_tail=0.000000e+00
I 07.02/05:41:00 train_mapper.py:622 ] epoch=0300 train_loss=5.383637e-03 train_mse=4.148521e-03 train_cos=0.996757 train_nmse=-21.895dB train_rec=0.000000e+00 train_recT=0.000000e+00 train_fc=0.000000e+00 train_decoder_tail=0.000000e+00
I 07.02/05:41:42 train_mapper.py:622 ] epoch=0301 train_loss=5.333234e-03 train_mse=4.110812e-03 train_cos=0.996790 train_nmse=-21.935dB train_rec=0.000000e+00 train_recT=0.000000e+00 train_fc=0.000000e+00 train_decoder_tail=0.000000e+00
I 07.02/05:42:27 train_mapper.py:622 ] epoch=0302 train_loss=5.349856e-03 train_mse=4.123270e-03 train_cos=0.996778 train_nmse=-21.922dB train_rec=0.000000e+00 train_recT=0.000000e+00 train_fc=0.000000e+00 train_decoder_tail=0.000000e+00
I 07.02/05:43:09 train_mapper.py:622 ] epoch=0303 train_loss=5.328938e-03 train_mse=4.106574e-03 train_cos=0.996792 train_nmse=-21.939dB train_rec=0.000000e+00 train_recT=0.000000e+00 train_fc=0.000000e+00 train_decoder_tail=0.000000e+00
I 07.02/05:43:52 train_mapper.py:622 ] epoch=0304 train_loss=5.336902e-03 train_mse=4.113263e-03 train_cos=0.996788 train_nmse=-21.932dB train_rec=0.000000e+00 train_recT=0.000000e+00 train_fc=0.000000e+00 train_decoder_tail=0.000000e+00
I 07.02/05:44:35 train_mapper.py:622 ] epoch=0305 train_loss=5.334133e-03 train_mse=4.112372e-03 train_cos=0.996788 train_nmse=-21.933dB train_rec=0.000000e+00 train_recT=0.000000e+00 train_fc=0.000000e+00 train_decoder_tail=0.000000e+00
I 07.02/05:45:17 train_mapper.py:622 ] epoch=0306 train_loss=5.316658e-03 train_mse=4.097756e-03 train_cos=0.996800 train_nmse=-21.948dB train_rec=0.000000e+00 train_recT=0.000000e+00 train_fc=0.000000e+00 train_decoder_tail=0.000000e+00
I 07.02/05:46:01 train_mapper.py:622 ] epoch=0307 train_loss=5.305200e-03 train_mse=4.088810e-03 train_cos=0.996806 train_nmse=-21.958dB train_rec=0.000000e+00 train_recT=0.000000e+00 train_fc=0.000000e+00 train_decoder_tail=0.000000e+00
I 07.02/05:46:45 train_mapper.py:622 ] epoch=0308 train_loss=5.319519e-03 train_mse=4.098333e-03 train_cos=0.996797 train_nmse=-21.948dB train_rec=0.000000e+00 train_recT=0.000000e+00 train_fc=0.000000e+00 train_decoder_tail=0.000000e+00
I 07.02/05:47:28 train_mapper.py:622 ] epoch=0309 train_loss=5.286231e-03 train_mse=4.074761e-03 train_cos=0.996817 train_nmse=-21.973dB train_rec=0.000000e+00 train_recT=0.000000e+00 train_fc=0.000000e+00 train_decoder_tail=0.000000e+00
I 07.02/05:48:13 train_mapper.py:622 ] epoch=0310 train_loss=5.314935e-03 train_mse=4.095374e-03 train_cos=0.996800 train_nmse=-21.951dB train_rec=0.000000e+00 train_recT=0.000000e+00 train_fc=0.000000e+00 train_decoder_tail=0.000000e+00
I 07.02/05:48:52 train_mapper.py:622 ] epoch=0311 train_loss=5.265944e-03 train_mse=4.058808e-03 train_cos=0.996831 train_nmse=-21.990dB train_rec=0.000000e+00 train_recT=0.000000e+00 train_fc=0.000000e+00 train_decoder_tail=0.000000e+00
I 07.02/05:49:30 train_mapper.py:622 ] epoch=0312 train_loss=5.222259e-03 train_mse=4.025494e-03 train_cos=0.996858 train_nmse=-22.026dB train_rec=0.000000e+00 train_recT=0.000000e+00 train_fc=0.000000e+00 train_decoder_tail=0.000000e+00
I 07.02/05:50:14 train_mapper.py:622 ] epoch=0313 train_loss=5.222968e-03 train_mse=4.026257e-03 train_cos=0.996856 train_nmse=-22.025dB train_rec=0.000000e+00 train_recT=0.000000e+00 train_fc=0.000000e+00 train_decoder_tail=0.000000e+00
I 07.02/05:50:49 train_mapper.py:622 ] epoch=0314 train_loss=5.286096e-03 train_mse=4.074134e-03 train_cos=0.996815 train_nmse=-21.974dB train_rec=0.000000e+00 train_recT=0.000000e+00 train_fc=0.000000e+00 train_decoder_tail=0.000000e+00
I 07.02/05:51:32 train_mapper.py:622 ] epoch=0315 train_loss=5.244693e-03 train_mse=4.043863e-03 train_cos=0.996841 train_nmse=-22.006dB train_rec=0.000000e+00 train_recT=0.000000e+00 train_fc=0.000000e+00 train_decoder_tail=0.000000e+00
I 07.02/05:52:11 train_mapper.py:622 ] epoch=0316 train_loss=5.241800e-03 train_mse=4.040639e-03 train_cos=0.996842 train_nmse=-22.009dB train_rec=0.000000e+00 train_recT=0.000000e+00 train_fc=0.000000e+00 train_decoder_tail=0.000000e+00
I 07.02/05:52:52 train_mapper.py:622 ] epoch=0317 train_loss=5.256866e-03 train_mse=4.051276e-03 train_cos=0.996835 train_nmse=-21.998dB train_rec=0.000000e+00 train_recT=0.000000e+00 train_fc=0.000000e+00 train_decoder_tail=0.000000e+00
I 07.02/05:53:33 train_mapper.py:622 ] epoch=0318 train_loss=5.206024e-03 train_mse=4.013505e-03 train_cos=0.996866 train_nmse=-22.039dB train_rec=0.000000e+00 train_recT=0.000000e+00 train_fc=0.000000e+00 train_decoder_tail=0.000000e+00
I 07.02/05:54:14 train_mapper.py:622 ] epoch=0319 train_loss=5.200184e-03 train_mse=4.009076e-03 train_cos=0.996868 train_nmse=-22.043dB train_rec=0.000000e+00 train_recT=0.000000e+00 train_fc=0.000000e+00 train_decoder_tail=0.000000e+00
I 07.02/05:54:56 train_mapper.py:622 ] epoch=0320 train_loss=5.227281e-03 train_mse=4.030388e-03 train_cos=0.996850 train_nmse=-22.020dB train_rec=0.000000e+00 train_recT=0.000000e+00 train_fc=0.000000e+00 train_decoder_tail=0.000000e+00
I 07.02/05:55:37 train_mapper.py:622 ] epoch=0321 train_loss=5.179940e-03 train_mse=3.993610e-03 train_cos=0.996881 train_nmse=-22.060dB train_rec=0.000000e+00 train_recT=0.000000e+00 train_fc=0.000000e+00 train_decoder_tail=0.000000e+00
I 07.02/05:56:20 train_mapper.py:622 ] epoch=0322 train_loss=5.202632e-03 train_mse=4.010283e-03 train_cos=0.996865 train_nmse=-22.042dB train_rec=0.000000e+00 train_recT=0.000000e+00 train_fc=0.000000e+00 train_decoder_tail=0.000000e+00
I 07.02/05:56:57 train_mapper.py:622 ] epoch=0323 train_loss=5.216064e-03 train_mse=4.018662e-03 train_cos=0.996857 train_nmse=-22.033dB train_rec=0.000000e+00 train_recT=0.000000e+00 train_fc=0.000000e+00 train_decoder_tail=0.000000e+00
I 07.02/05:57:39 train_mapper.py:622 ] epoch=0324 train_loss=5.171792e-03 train_mse=3.987930e-03 train_cos=0.996883 train_nmse=-22.066dB train_rec=0.000000e+00 train_recT=0.000000e+00 train_fc=0.000000e+00 train_decoder_tail=0.000000e+00
I 07.02/05:58:17 train_mapper.py:622 ] epoch=0325 train_loss=5.135583e-03 train_mse=3.959333e-03 train_cos=0.996908 train_nmse=-22.098dB train_rec=0.000000e+00 train_recT=0.000000e+00 train_fc=0.000000e+00 train_decoder_tail=0.000000e+00
I 07.02/05:58:55 train_mapper.py:622 ] epoch=0326 train_loss=5.156265e-03 train_mse=3.975006e-03 train_cos=0.996894 train_nmse=-22.081dB train_rec=0.000000e+00 train_recT=0.000000e+00 train_fc=0.000000e+00 train_decoder_tail=0.000000e+00
I 07.02/05:59:36 train_mapper.py:622 ] epoch=0327 train_loss=5.153702e-03 train_mse=3.973845e-03 train_cos=0.996894 train_nmse=-22.082dB train_rec=0.000000e+00 train_recT=0.000000e+00 train_fc=0.000000e+00 train_decoder_tail=0.000000e+00
I 07.02/06:00:19 train_mapper.py:622 ] epoch=0328 train_loss=5.169054e-03 train_mse=3.985933e-03 train_cos=0.996884 train_nmse=-22.068dB train_rec=0.000000e+00 train_recT=0.000000e+00 train_fc=0.000000e+00 train_decoder_tail=0.000000e+00
I 07.02/06:00:58 train_mapper.py:622 ] epoch=0329 train_loss=5.135599e-03 train_mse=3.959519e-03 train_cos=0.996907 train_nmse=-22.097dB train_rec=0.000000e+00 train_recT=0.000000e+00 train_fc=0.000000e+00 train_decoder_tail=0.000000e+00
I 07.02/06:01:42 train_mapper.py:622 ] epoch=0330 train_loss=5.161412e-03 train_mse=3.979342e-03 train_cos=0.996888 train_nmse=-22.076dB train_rec=0.000000e+00 train_recT=0.000000e+00 train_fc=0.000000e+00 train_decoder_tail=0.000000e+00
I 07.02/06:02:24 train_mapper.py:622 ] epoch=0331 train_loss=5.166038e-03 train_mse=3.982855e-03 train_cos=0.996886 train_nmse=-22.072dB train_rec=0.000000e+00 train_recT=0.000000e+00 train_fc=0.000000e+00 train_decoder_tail=0.000000e+00
I 07.02/06:03:03 train_mapper.py:622 ] epoch=0332 train_loss=5.100795e-03 train_mse=3.934008e-03 train_cos=0.996928 train_nmse=-22.125dB train_rec=0.000000e+00 train_recT=0.000000e+00 train_fc=0.000000e+00 train_decoder_tail=0.000000e+00
I 07.02/06:03:47 train_mapper.py:622 ] epoch=0333 train_loss=5.086905e-03 train_mse=3.922639e-03 train_cos=0.996936 train_nmse=-22.138dB train_rec=0.000000e+00 train_recT=0.000000e+00 train_fc=0.000000e+00 train_decoder_tail=0.000000e+00
I 07.02/06:04:30 train_mapper.py:622 ] epoch=0334 train_loss=5.103828e-03 train_mse=3.935133e-03 train_cos=0.996923 train_nmse=-22.125dB train_rec=0.000000e+00 train_recT=0.000000e+00 train_fc=0.000000e+00 train_decoder_tail=0.000000e+00
I 07.02/06:05:12 train_mapper.py:622 ] epoch=0335 train_loss=5.099175e-03 train_mse=3.932098e-03 train_cos=0.996926 train_nmse=-22.128dB train_rec=0.000000e+00 train_recT=0.000000e+00 train_fc=0.000000e+00 train_decoder_tail=0.000000e+00
I 07.02/06:05:53 train_mapper.py:622 ] epoch=0336 train_loss=5.086072e-03 train_mse=3.921841e-03 train_cos=0.996936 train_nmse=-22.139dB train_rec=0.000000e+00 train_recT=0.000000e+00 train_fc=0.000000e+00 train_decoder_tail=0.000000e+00
I 07.02/06:06:39 train_mapper.py:622 ] epoch=0337 train_loss=5.077378e-03 train_mse=3.916435e-03 train_cos=0.996940 train_nmse=-22.145dB train_rec=0.000000e+00 train_recT=0.000000e+00 train_fc=0.000000e+00 train_decoder_tail=0.000000e+00
I 07.02/06:07:23 train_mapper.py:622 ] epoch=0338 train_loss=5.079690e-03 train_mse=3.917395e-03 train_cos=0.996939 train_nmse=-22.144dB train_rec=0.000000e+00 train_recT=0.000000e+00 train_fc=0.000000e+00 train_decoder_tail=0.000000e+00
I 07.02/06:08:06 train_mapper.py:622 ] epoch=0339 train_loss=5.099918e-03 train_mse=3.931422e-03 train_cos=0.996926 train_nmse=-22.128dB train_rec=0.000000e+00 train_recT=0.000000e+00 train_fc=0.000000e+00 train_decoder_tail=0.000000e+00
I 07.02/06:08:47 train_mapper.py:622 ] epoch=0340 train_loss=5.043877e-03 train_mse=3.890500e-03 train_cos=0.996961 train_nmse=-22.174dB train_rec=0.000000e+00 train_recT=0.000000e+00 train_fc=0.000000e+00 train_decoder_tail=0.000000e+00
I 07.02/06:09:30 train_mapper.py:622 ] epoch=0341 train_loss=5.049488e-03 train_mse=3.894180e-03 train_cos=0.996955 train_nmse=-22.170dB train_rec=0.000000e+00 train_recT=0.000000e+00 train_fc=0.000000e+00 train_decoder_tail=0.000000e+00
I 07.02/06:10:11 train_mapper.py:622 ] epoch=0342 train_loss=5.052153e-03 train_mse=3.896206e-03 train_cos=0.996954 train_nmse=-22.167dB train_rec=0.000000e+00 train_recT=0.000000e+00 train_fc=0.000000e+00 train_decoder_tail=0.000000e+00
I 07.02/06:10:52 train_mapper.py:622 ] epoch=0343 train_loss=5.046809e-03 train_mse=3.893058e-03 train_cos=0.996958 train_nmse=-22.171dB train_rec=0.000000e+00 train_recT=0.000000e+00 train_fc=0.000000e+00 train_decoder_tail=0.000000e+00
I 07.02/06:11:36 train_mapper.py:622 ] epoch=0344 train_loss=5.040118e-03 train_mse=3.888631e-03 train_cos=0.996961 train_nmse=-22.176dB train_rec=0.000000e+00 train_recT=0.000000e+00 train_fc=0.000000e+00 train_decoder_tail=0.000000e+00
I 07.02/06:12:18 train_mapper.py:622 ] epoch=0345 train_loss=5.069920e-03 train_mse=3.908576e-03 train_cos=0.996942 train_nmse=-22.154dB train_rec=0.000000e+00 train_recT=0.000000e+00 train_fc=0.000000e+00 train_decoder_tail=0.000000e+00
I 07.02/06:13:00 train_mapper.py:622 ] epoch=0346 train_loss=5.042353e-03 train_mse=3.889650e-03 train_cos=0.996960 train_nmse=-22.175dB train_rec=0.000000e+00 train_recT=0.000000e+00 train_fc=0.000000e+00 train_decoder_tail=0.000000e+00
I 07.02/06:13:43 train_mapper.py:622 ] epoch=0347 train_loss=5.027599e-03 train_mse=3.878667e-03 train_cos=0.996968 train_nmse=-22.187dB train_rec=0.000000e+00 train_recT=0.000000e+00 train_fc=0.000000e+00 train_decoder_tail=0.000000e+00
I 07.02/06:14:22 train_mapper.py:622 ] epoch=0348 train_loss=5.013022e-03 train_mse=3.867227e-03 train_cos=0.996977 train_nmse=-22.200dB train_rec=0.000000e+00 train_recT=0.000000e+00 train_fc=0.000000e+00 train_decoder_tail=0.000000e+00
I 07.02/06:15:05 train_mapper.py:622 ] epoch=0349 train_loss=5.003120e-03 train_mse=3.858351e-03 train_cos=0.996984 train_nmse=-22.210dB train_rec=0.000000e+00 train_recT=0.000000e+00 train_fc=0.000000e+00 train_decoder_tail=0.000000e+00
I 07.02/06:15:45 train_mapper.py:622 ] epoch=0350 train_loss=5.009230e-03 train_mse=3.863482e-03 train_cos=0.996980 train_nmse=-22.204dB train_rec=0.000000e+00 train_recT=0.000000e+00 train_fc=0.000000e+00 train_decoder_tail=0.000000e+00
I 07.02/06:16:27 train_mapper.py:622 ] epoch=0351 train_loss=4.962892e-03 train_mse=3.829327e-03 train_cos=0.997010 train_nmse=-22.243dB train_rec=0.000000e+00 train_recT=0.000000e+00 train_fc=0.000000e+00 train_decoder_tail=0.000000e+00
I 07.02/06:17:12 train_mapper.py:622 ] epoch=0352 train_loss=4.971811e-03 train_mse=3.836344e-03 train_cos=0.997002 train_nmse=-22.235dB train_rec=0.000000e+00 train_recT=0.000000e+00 train_fc=0.000000e+00 train_decoder_tail=0.000000e+00
I 07.02/06:17:52 train_mapper.py:622 ] epoch=0353 train_loss=4.974130e-03 train_mse=3.837171e-03 train_cos=0.997001 train_nmse=-22.234dB train_rec=0.000000e+00 train_recT=0.000000e+00 train_fc=0.000000e+00 train_decoder_tail=0.000000e+00
I 07.02/06:18:35 train_mapper.py:622 ] epoch=0354 train_loss=4.988194e-03 train_mse=3.847649e-03 train_cos=0.996991 train_nmse=-22.222dB train_rec=0.000000e+00 train_recT=0.000000e+00 train_fc=0.000000e+00 train_decoder_tail=0.000000e+00
I 07.02/06:19:18 train_mapper.py:622 ] epoch=0355 train_loss=4.942837e-03 train_mse=3.814092e-03 train_cos=0.997020 train_nmse=-22.260dB train_rec=0.000000e+00 train_recT=0.000000e+00 train_fc=0.000000e+00 train_decoder_tail=0.000000e+00
I 07.02/06:19:59 train_mapper.py:622 ] epoch=0356 train_loss=4.963317e-03 train_mse=3.828847e-03 train_cos=0.997006 train_nmse=-22.243dB train_rec=0.000000e+00 train_recT=0.000000e+00 train_fc=0.000000e+00 train_decoder_tail=0.000000e+00
I 07.02/06:20:42 train_mapper.py:622 ] epoch=0357 train_loss=4.948444e-03 train_mse=3.817384e-03 train_cos=0.997016 train_nmse=-22.256dB train_rec=0.000000e+00 train_recT=0.000000e+00 train_fc=0.000000e+00 train_decoder_tail=0.000000e+00
I 07.02/06:21:25 train_mapper.py:622 ] epoch=0358 train_loss=4.970142e-03 train_mse=3.836339e-03 train_cos=0.997000 train_nmse=-22.235dB train_rec=0.000000e+00 train_recT=0.000000e+00 train_fc=0.000000e+00 train_decoder_tail=0.000000e+00
I 07.02/06:22:08 train_mapper.py:622 ] epoch=0359 train_loss=4.976206e-03 train_mse=3.839623e-03 train_cos=0.996996 train_nmse=-22.231dB train_rec=0.000000e+00 train_recT=0.000000e+00 train_fc=0.000000e+00 train_decoder_tail=0.000000e+00
I 07.02/06:22:50 train_mapper.py:622 ] epoch=0360 train_loss=4.922511e-03 train_mse=3.797640e-03 train_cos=0.997032 train_nmse=-22.279dB train_rec=0.000000e+00 train_recT=0.000000e+00 train_fc=0.000000e+00 train_decoder_tail=0.000000e+00
I 07.02/06:23:33 train_mapper.py:622 ] epoch=0361 train_loss=4.922665e-03 train_mse=3.797869e-03 train_cos=0.997032 train_nmse=-22.278dB train_rec=0.000000e+00 train_recT=0.000000e+00 train_fc=0.000000e+00 train_decoder_tail=0.000000e+00
I 07.02/06:24:15 train_mapper.py:622 ] epoch=0362 train_loss=4.946952e-03 train_mse=3.817925e-03 train_cos=0.997013 train_nmse=-22.256dB train_rec=0.000000e+00 train_recT=0.000000e+00 train_fc=0.000000e+00 train_decoder_tail=0.000000e+00
I 07.02/06:24:53 train_mapper.py:622 ] epoch=0363 train_loss=4.972661e-03 train_mse=3.837154e-03 train_cos=0.996999 train_nmse=-22.234dB train_rec=0.000000e+00 train_recT=0.000000e+00 train_fc=0.000000e+00 train_decoder_tail=0.000000e+00
I 07.02/06:25:36 train_mapper.py:622 ] epoch=0364 train_loss=4.905703e-03 train_mse=3.786224e-03 train_cos=0.997041 train_nmse=-22.292dB train_rec=0.000000e+00 train_recT=0.000000e+00 train_fc=0.000000e+00 train_decoder_tail=0.000000e+00
I 07.02/06:26:18 train_mapper.py:622 ] epoch=0365 train_loss=4.895540e-03 train_mse=3.777557e-03 train_cos=0.997046 train_nmse=-22.302dB train_rec=0.000000e+00 train_recT=0.000000e+00 train_fc=0.000000e+00 train_decoder_tail=0.000000e+00
I 07.02/06:27:00 train_mapper.py:622 ] epoch=0366 train_loss=4.867121e-03 train_mse=3.755984e-03 train_cos=0.997065 train_nmse=-22.327dB train_rec=0.000000e+00 train_recT=0.000000e+00 train_fc=0.000000e+00 train_decoder_tail=0.000000e+00
I 07.02/06:27:43 train_mapper.py:622 ] epoch=0367 train_loss=4.909582e-03 train_mse=3.787772e-03 train_cos=0.997036 train_nmse=-22.290dB train_rec=0.000000e+00 train_recT=0.000000e+00 train_fc=0.000000e+00 train_decoder_tail=0.000000e+00
I 07.02/06:28:25 train_mapper.py:622 ] epoch=0368 train_loss=4.896951e-03 train_mse=3.778916e-03 train_cos=0.997044 train_nmse=-22.300dB train_rec=0.000000e+00 train_recT=0.000000e+00 train_fc=0.000000e+00 train_decoder_tail=0.000000e+00
I 07.02/06:29:07 train_mapper.py:622 ] epoch=0369 train_loss=4.897321e-03 train_mse=3.777456e-03 train_cos=0.997046 train_nmse=-22.302dB train_rec=0.000000e+00 train_recT=0.000000e+00 train_fc=0.000000e+00 train_decoder_tail=0.000000e+00
I 07.02/06:29:44 train_mapper.py:622 ] epoch=0370 train_loss=4.885050e-03 train_mse=3.770212e-03 train_cos=0.997052 train_nmse=-22.310dB train_rec=0.000000e+00 train_recT=0.000000e+00 train_fc=0.000000e+00 train_decoder_tail=0.000000e+00
I 07.02/06:30:22 train_mapper.py:622 ] epoch=0371 train_loss=4.852633e-03 train_mse=3.744705e-03 train_cos=0.997073 train_nmse=-22.340dB train_rec=0.000000e+00 train_recT=0.000000e+00 train_fc=0.000000e+00 train_decoder_tail=0.000000e+00
I 07.02/06:30:59 train_mapper.py:622 ] epoch=0372 train_loss=4.880585e-03 train_mse=3.766533e-03 train_cos=0.997053 train_nmse=-22.315dB train_rec=0.000000e+00 train_recT=0.000000e+00 train_fc=0.000000e+00 train_decoder_tail=0.000000e+00
I 07.02/06:31:38 train_mapper.py:622 ] epoch=0373 train_loss=4.848019e-03 train_mse=3.742464e-03 train_cos=0.997075 train_nmse=-22.342dB train_rec=0.000000e+00 train_recT=0.000000e+00 train_fc=0.000000e+00 train_decoder_tail=0.000000e+00
I 07.02/06:32:17 train_mapper.py:622 ] epoch=0374 train_loss=4.869368e-03 train_mse=3.758614e-03 train_cos=0.997059 train_nmse=-22.324dB train_rec=0.000000e+00 train_recT=0.000000e+00 train_fc=0.000000e+00 train_decoder_tail=0.000000e+00
I 07.02/06:32:56 train_mapper.py:622 ] epoch=0375 train_loss=4.855255e-03 train_mse=3.747812e-03 train_cos=0.997069 train_nmse=-22.336dB train_rec=0.000000e+00 train_recT=0.000000e+00 train_fc=0.000000e+00 train_decoder_tail=0.000000e+00
I 07.02/06:33:34 train_mapper.py:622 ] epoch=0376 train_loss=4.856348e-03 train_mse=3.748387e-03 train_cos=0.997067 train_nmse=-22.335dB train_rec=0.000000e+00 train_recT=0.000000e+00 train_fc=0.000000e+00 train_decoder_tail=0.000000e+00
I 07.02/06:34:12 train_mapper.py:622 ] epoch=0377 train_loss=4.806489e-03 train_mse=3.710620e-03 train_cos=0.997100 train_nmse=-22.379dB train_rec=0.000000e+00 train_recT=0.000000e+00 train_fc=0.000000e+00 train_decoder_tail=0.000000e+00
I 07.02/06:34:49 train_mapper.py:622 ] epoch=0378 train_loss=4.801512e-03 train_mse=3.707091e-03 train_cos=0.997102 train_nmse=-22.384dB train_rec=0.000000e+00 train_recT=0.000000e+00 train_fc=0.000000e+00 train_decoder_tail=0.000000e+00
I 07.02/06:35:29 train_mapper.py:622 ] epoch=0379 train_loss=4.884911e-03 train_mse=3.768236e-03 train_cos=0.997048 train_nmse=-22.312dB train_rec=0.000000e+00 train_recT=0.000000e+00 train_fc=0.000000e+00 train_decoder_tail=0.000000e+00
I 07.02/06:36:08 train_mapper.py:622 ] epoch=0380 train_loss=4.849184e-03 train_mse=3.743759e-03 train_cos=0.997072 train_nmse=-22.341dB train_rec=0.000000e+00 train_recT=0.000000e+00 train_fc=0.000000e+00 train_decoder_tail=0.000000e+00
I 07.02/06:36:44 train_mapper.py:622 ] epoch=0381 train_loss=4.807525e-03 train_mse=3.710586e-03 train_cos=0.997099 train_nmse=-22.379dB train_rec=0.000000e+00 train_recT=0.000000e+00 train_fc=0.000000e+00 train_decoder_tail=0.000000e+00
I 07.02/06:37:22 train_mapper.py:622 ] epoch=0382 train_loss=4.817723e-03 train_mse=3.718400e-03 train_cos=0.997091 train_nmse=-22.371dB train_rec=0.000000e+00 train_recT=0.000000e+00 train_fc=0.000000e+00 train_decoder_tail=0.000000e+00
I 07.02/06:37:59 train_mapper.py:622 ] epoch=0383 train_loss=4.825629e-03 train_mse=3.724009e-03 train_cos=0.997087 train_nmse=-22.364dB train_rec=0.000000e+00 train_recT=0.000000e+00 train_fc=0.000000e+00 train_decoder_tail=0.000000e+00
I 07.02/06:38:37 train_mapper.py:622 ] epoch=0384 train_loss=4.769193e-03 train_mse=3.682539e-03 train_cos=0.997122 train_nmse=-22.412dB train_rec=0.000000e+00 train_recT=0.000000e+00 train_fc=0.000000e+00 train_decoder_tail=0.000000e+00
I 07.02/06:39:14 train_mapper.py:622 ] epoch=0385 train_loss=4.789318e-03 train_mse=3.698120e-03 train_cos=0.997107 train_nmse=-22.394dB train_rec=0.000000e+00 train_recT=0.000000e+00 train_fc=0.000000e+00 train_decoder_tail=0.000000e+00
I 07.02/06:39:51 train_mapper.py:622 ] epoch=0386 train_loss=4.787183e-03 train_mse=3.695879e-03 train_cos=0.997109 train_nmse=-22.397dB train_rec=0.000000e+00 train_recT=0.000000e+00 train_fc=0.000000e+00 train_decoder_tail=0.000000e+00
I 07.02/06:40:28 train_mapper.py:622 ] epoch=0387 train_loss=4.788244e-03 train_mse=3.696568e-03 train_cos=0.997108 train_nmse=-22.396dB train_rec=0.000000e+00 train_recT=0.000000e+00 train_fc=0.000000e+00 train_decoder_tail=0.000000e+00
I 07.02/06:41:05 train_mapper.py:622 ] epoch=0388 train_loss=4.788547e-03 train_mse=3.697298e-03 train_cos=0.997106 train_nmse=-22.395dB train_rec=0.000000e+00 train_recT=0.000000e+00 train_fc=0.000000e+00 train_decoder_tail=0.000000e+00
I 07.02/06:41:39 train_mapper.py:622 ] epoch=0389 train_loss=4.738096e-03 train_mse=3.658637e-03 train_cos=0.997141 train_nmse=-22.441dB train_rec=0.000000e+00 train_recT=0.000000e+00 train_fc=0.000000e+00 train_decoder_tail=0.000000e+00
I 07.02/06:42:12 train_mapper.py:622 ] epoch=0390 train_loss=4.752888e-03 train_mse=3.670681e-03 train_cos=0.997128 train_nmse=-22.427dB train_rec=0.000000e+00 train_recT=0.000000e+00 train_fc=0.000000e+00 train_decoder_tail=0.000000e+00
I 07.02/06:42:32 train_mapper.py:622 ] epoch=0391 train_loss=4.780614e-03 train_mse=3.689660e-03 train_cos=0.997112 train_nmse=-22.404dB train_rec=0.000000e+00 train_recT=0.000000e+00 train_fc=0.000000e+00 train_decoder_tail=0.000000e+00
I 07.02/06:42:48 train_mapper.py:622 ] epoch=0392 train_loss=4.767602e-03 train_mse=3.680508e-03 train_cos=0.997120 train_nmse=-22.415dB train_rec=0.000000e+00 train_recT=0.000000e+00 train_fc=0.000000e+00 train_decoder_tail=0.000000e+00
I 07.02/06:43:06 train_mapper.py:622 ] epoch=0393 train_loss=4.757825e-03 train_mse=3.674715e-03 train_cos=0.997125 train_nmse=-22.422dB train_rec=0.000000e+00 train_recT=0.000000e+00 train_fc=0.000000e+00 train_decoder_tail=0.000000e+00
I 07.02/06:43:20 train_mapper.py:622 ] epoch=0394 train_loss=4.743820e-03 train_mse=3.664231e-03 train_cos=0.997134 train_nmse=-22.434dB train_rec=0.000000e+00 train_recT=0.000000e+00 train_fc=0.000000e+00 train_decoder_tail=0.000000e+00
I 07.02/06:43:35 train_mapper.py:622 ] epoch=0395 train_loss=4.770866e-03 train_mse=3.683409e-03 train_cos=0.997116 train_nmse=-22.411dB train_rec=0.000000e+00 train_recT=0.000000e+00 train_fc=0.000000e+00 train_decoder_tail=0.000000e+00
I 07.02/06:43:50 train_mapper.py:622 ] epoch=0396 train_loss=4.723288e-03 train_mse=3.647517e-03 train_cos=0.997146 train_nmse=-22.454dB train_rec=0.000000e+00 train_recT=0.000000e+00 train_fc=0.000000e+00 train_decoder_tail=0.000000e+00
I 07.02/06:44:08 train_mapper.py:622 ] epoch=0397 train_loss=4.711092e-03 train_mse=3.638420e-03 train_cos=0.997154 train_nmse=-22.465dB train_rec=0.000000e+00 train_recT=0.000000e+00 train_fc=0.000000e+00 train_decoder_tail=0.000000e+00
I 07.02/06:44:26 train_mapper.py:622 ] epoch=0398 train_loss=4.737404e-03 train_mse=3.659601e-03 train_cos=0.997136 train_nmse=-22.440dB train_rec=0.000000e+00 train_recT=0.000000e+00 train_fc=0.000000e+00 train_decoder_tail=0.000000e+00
I 07.02/06:44:46 train_mapper.py:622 ] epoch=0399 train_loss=4.765882e-03 train_mse=3.679027e-03 train_cos=0.997119 train_nmse=-22.417dB train_rec=0.000000e+00 train_recT=0.000000e+00 train_fc=0.000000e+00 train_decoder_tail=0.000000e+00
I 07.02/06:45:07 train_mapper.py:622 ] epoch=0400 train_loss=4.699299e-03 train_mse=3.629975e-03 train_cos=0.997161 train_nmse=-22.475dB train_rec=0.000000e+00 train_recT=0.000000e+00 train_fc=0.000000e+00 train_decoder_tail=0.000000e+00
I 07.02/06:47:23 train_mapper.py:738 ] best_loss_epoch=400 best_loss_selection=train_loss best_loss_metric=4.699299e-03 best_loss_mse=3.629975e-03 best_loss_loss=4.699299e-03
I 07.02/06:47:23 train_mapper.py:743 ] best_mse_epoch=400 best_mse_selection=train_mse best_mse_metric=3.629975e-03 best_mse_mse=3.629975e-03 best_mse_loss=4.699299e-03
I 07.02/06:47:23 train_mapper.py:749 ] all_best_loss_mse=3.551759e-03 all_best_loss_cos=0.997219 all_best_loss_nmse=-22.569dB
I 07.02/06:47:23 train_mapper.py:753 ] all_best_mse_mse=3.551759e-03 all_best_mse_cos=0.997219 all_best_mse_nmse=-22.569dB
