I 07.02/06:57:19 train_mapper.py:431 ] => Experiment directory: mapper/exps_decoder_aware/mlp/recT_rec_fc_tail/seed3407_transnet_transnet_to_seed42_transnet_lr5e-4_ep400
I 07.02/06:57:19 train_mapper.py:432 ] => Checkpoint directory: mapper/exps_decoder_aware/mlp/recT_rec_fc_tail/seed3407_transnet_transnet_to_seed42_transnet_lr5e-4_ep400/checkpoints
I 07.02/06:57:19 train_mapper.py:433 ] => Codeword directory: mapper/exps_decoder_aware/mlp/recT_rec_fc_tail/seed3407_transnet_transnet_to_seed42_transnet_lr5e-4_ep400/codewords
I 07.02/06:57:19 train_mapper.py:434 ] => TensorBoard directory: mapper/exps_decoder_aware/mlp/recT_rec_fc_tail/seed3407_transnet_transnet_to_seed42_transnet_lr5e-4_ep400/tensorboard
I 07.02/06:57:29 train_mapper.py:519 ] => Loaded fixed decoder from exps/COST2100/in/seed42/transnet_transnet/checkpoints/best_nmse.pth
I 07.02/06:57:29 train_mapper.py:521 ] => Loaded CSI tensor (100000, 2, 32, 32) from /storage/hujiacong/zxd/datasets/cost2100/in_train.pt
I 07.02/06:57:29 train_mapper.py:524 ] device=cuda
I 07.02/06:57:29 train_mapper.py:525 ] mapper=mlp, params=8403968
I 07.02/06:57:29 train_mapper.py:527 ] train=100000, val=0, code_dim=512
I 07.02/06:57:29 train_mapper.py:529 ] val_ratio<=0: skip per-epoch validation; select best checkpoint by train loss
I 07.02/06:57:29 train_mapper.py:531 ] loss=mse + smoothl1*0.0 + sample_tail*0.0 + dim_tail*0.0 + whiten*0.0 + rec*1.0 + recT*1.0 + fc*0.01 + decoder_tail*0.1 + cos*0.0 + cov*0.0
I 07.02/06:59:28 train_mapper.py:622 ] epoch=0001 train_loss=3.894589e-01 train_mse=3.810533e-01 train_cos=0.797031 train_nmse=-3.052dB train_rec=2.127504e-03 train_recT=2.127044e-03 train_fc=3.767943e-01 train_decoder_tail=3.831185e-03
I 07.02/07:01:49 train_mapper.py:622 ] epoch=0002 train_loss=1.323984e-01 train_mse=1.308424e-01 train_cos=0.942571 train_nmse=-6.955dB train_rec=1.992103e-04 train_recT=1.991176e-04 train_fc=1.103590e-01 train_decoder_tail=5.404590e-04
I 07.02/07:04:13 train_mapper.py:622 ] epoch=0003 train_loss=8.811971e-02 train_mse=8.704807e-02 train_cos=0.962860 train_nmse=-8.690dB train_rec=1.255580e-04 train_recT=1.253658e-04 train_fc=7.838844e-02 train_decoder_tail=3.683051e-04
I 07.02/07:06:31 train_mapper.py:622 ] epoch=0004 train_loss=6.899375e-02 train_mse=6.816715e-02 train_cos=0.969794 train_nmse=-9.745dB train_rec=8.814308e-05 train_recT=8.786943e-05 train_fc=6.240924e-02 train_decoder_tail=2.649493e-04
I 07.02/07:08:45 train_mapper.py:622 ] epoch=0005 train_loss=5.783617e-02 train_mse=5.716949e-02 train_cos=0.973399 train_nmse=-10.506dB train_rec=6.422672e-05 train_recT=6.388525e-05 train_fc=5.193184e-02 train_decoder_tail=1.924340e-04
I 07.02/07:10:57 train_mapper.py:622 ] epoch=0006 train_loss=5.067968e-02 train_mse=5.011941e-02 train_cos=0.975767 train_nmse=-11.075dB train_rec=4.883130e-05 train_recT=4.843616e-05 train_fc=4.485743e-02 train_decoder_tail=1.442602e-04
I 07.02/07:13:12 train_mapper.py:622 ] epoch=0007 train_loss=4.584200e-02 train_mse=4.535185e-02 train_cos=0.977598 train_nmse=-11.510dB train_rec=3.910227e-05 train_recT=3.866868e-05 train_fc=4.009929e-02 train_decoder_tail=1.138432e-04
I 07.02/07:15:27 train_mapper.py:622 ] epoch=0008 train_loss=4.227281e-02 train_mse=4.183009e-02 train_cos=0.979247 train_nmse=-11.860dB train_rec=3.276551e-05 train_recT=3.230378e-05 train_fc=3.682226e-02 train_decoder_tail=9.436097e-05
I 07.02/07:17:41 train_mapper.py:622 ] epoch=0009 train_loss=3.973396e-02 train_mse=3.932205e-02 train_cos=0.980565 train_nmse=-12.128dB train_rec=2.867585e-05 train_recT=2.819527e-05 train_fc=3.468336e-02 train_decoder_tail=8.212797e-05
I 07.02/07:19:51 train_mapper.py:622 ] epoch=0010 train_loss=3.773234e-02 train_mse=3.734199e-02 train_cos=0.981700 train_nmse=-12.353dB train_rec=2.589068e-05 train_recT=2.539753e-05 train_fc=3.316511e-02 train_decoder_tail=7.403116e-05
I 07.02/07:21:55 train_mapper.py:622 ] epoch=0011 train_loss=3.609271e-02 train_mse=3.571807e-02 train_cos=0.982659 train_nmse=-12.546dB train_rec=2.388848e-05 train_recT=2.338716e-05 train_fc=3.205290e-02 train_decoder_tail=6.827355e-05
I 07.02/07:23:56 train_mapper.py:622 ] epoch=0012 train_loss=3.473913e-02 train_mse=3.437673e-02 train_cos=0.983428 train_nmse=-12.713dB train_rec=2.236768e-05 train_recT=2.186175e-05 train_fc=3.117832e-02 train_decoder_tail=6.390349e-05
I 07.02/07:25:57 train_mapper.py:622 ] epoch=0013 train_loss=3.347962e-02 train_mse=3.312782e-02 train_cos=0.984123 train_nmse=-12.873dB train_rec=2.111697e-05 train_recT=2.060818e-05 train_fc=3.040435e-02 train_decoder_tail=6.032121e-05
I 07.02/07:28:00 train_mapper.py:622 ] epoch=0014 train_loss=3.230954e-02 train_mse=3.196772e-02 train_cos=0.984732 train_nmse=-13.028dB train_rec=2.000197e-05 train_recT=1.949133e-05 train_fc=2.966224e-02 train_decoder_tail=5.704674e-05
I 07.02/07:29:59 train_mapper.py:622 ] epoch=0015 train_loss=3.126806e-02 train_mse=3.093539e-02 train_cos=0.985213 train_nmse=-13.170dB train_rec=1.897537e-05 train_recT=1.846323e-05 train_fc=2.898210e-02 train_decoder_tail=5.403754e-05
I 07.02/07:32:07 train_mapper.py:622 ] epoch=0016 train_loss=3.029989e-02 train_mse=2.997676e-02 train_cos=0.985607 train_nmse=-13.307dB train_rec=1.795271e-05 train_recT=1.743923e-05 train_fc=2.826398e-02 train_decoder_tail=5.092848e-05
I 07.02/07:34:07 train_mapper.py:622 ] epoch=0017 train_loss=2.925447e-02 train_mse=2.894214e-02 train_cos=0.986019 train_nmse=-13.460dB train_rec=1.688791e-05 train_recT=1.637358e-05 train_fc=2.742931e-02 train_decoder_tail=4.775175e-05
I 07.02/07:36:11 train_mapper.py:622 ] epoch=0018 train_loss=2.830287e-02 train_mse=2.800175e-02 train_cos=0.986308 train_nmse=-13.603dB train_rec=1.580356e-05 train_recT=1.528683e-05 train_fc=2.655848e-02 train_decoder_tail=4.446943e-05
I 07.02/07:38:14 train_mapper.py:622 ] epoch=0019 train_loss=2.726158e-02 train_mse=2.697425e-02 train_cos=0.986575 train_nmse=-13.766dB train_rec=1.459468e-05 train_recT=1.407573e-05 train_fc=2.545776e-02 train_decoder_tail=4.083504e-05
I 07.02/07:40:18 train_mapper.py:622 ] epoch=0020 train_loss=2.610804e-02 train_mse=2.584092e-02 train_cos=0.986708 train_nmse=-13.952dB train_rec=1.301158e-05 train_recT=1.248692e-05 train_fc=2.379724e-02 train_decoder_tail=3.648875e-05
I 07.02/07:42:18 train_mapper.py:622 ] epoch=0021 train_loss=2.416207e-02 train_mse=2.394078e-02 train_cos=0.986614 train_nmse=-14.285dB train_rec=1.037764e-05 train_recT=9.837318e-06 train_fc=1.979506e-02 train_decoder_tail=3.124815e-05
I 07.02/07:44:14 train_mapper.py:622 ] epoch=0022 train_loss=2.175290e-02 train_mse=2.157772e-02 train_cos=0.986964 train_nmse=-14.736dB train_rec=8.569952e-06 train_recT=8.017842e-06 train_fc=1.558112e-02 train_decoder_tail=2.778599e-05
I 07.02/07:46:12 train_mapper.py:622 ] epoch=0023 train_loss=2.020919e-02 train_mse=2.005704e-02 train_cos=0.987293 train_nmse=-15.052dB train_rec=7.708262e-06 train_recT=7.156308e-06 train_fc=1.347948e-02 train_decoder_tail=2.491826e-05
I 07.02/07:48:09 train_mapper.py:622 ] epoch=0024 train_loss=1.903604e-02 train_mse=1.889924e-02 train_cos=0.987636 train_nmse=-15.310dB train_rec=7.096175e-06 train_recT=6.545544e-06 train_fc=1.208841e-02 train_decoder_tail=2.268986e-05
I 07.02/07:50:07 train_mapper.py:622 ] epoch=0025 train_loss=1.818994e-02 train_mse=1.806353e-02 train_cos=0.987900 train_nmse=-15.507dB train_rec=6.639713e-06 train_recT=6.090217e-06 train_fc=1.115899e-02 train_decoder_tail=2.093732e-05
I 07.02/07:52:01 train_mapper.py:622 ] epoch=0026 train_loss=1.748022e-02 train_mse=1.736158e-02 train_cos=0.988162 train_nmse=-15.679dB train_rec=6.255107e-06 train_recT=5.706856e-06 train_fc=1.047306e-02 train_decoder_tail=1.946784e-05
I 07.02/07:53:49 train_mapper.py:622 ] epoch=0027 train_loss=1.690171e-02 train_mse=1.678909e-02 train_cos=0.988394 train_nmse=-15.825dB train_rec=5.968323e-06 train_recT=5.421166e-06 train_fc=9.940164e-03 train_decoder_tail=1.833500e-05
I 07.02/07:55:41 train_mapper.py:622 ] epoch=0028 train_loss=1.639708e-02 train_mse=1.628946e-02 train_cos=0.988614 train_nmse=-15.955dB train_rec=5.700927e-06 train_recT=5.154974e-06 train_fc=9.503479e-03 train_decoder_tail=1.730633e-05
I 07.02/07:57:38 train_mapper.py:622 ] epoch=0029 train_loss=1.596468e-02 train_mse=1.586113e-02 train_cos=0.988815 train_nmse=-16.071dB train_rec=5.490619e-06 train_recT=4.944939e-06 train_fc=9.147023e-03 train_decoder_tail=1.647783e-05
I 07.02/07:59:25 train_mapper.py:622 ] epoch=0030 train_loss=1.556623e-02 train_mse=1.546626e-02 train_cos=0.989008 train_nmse=-16.181dB train_rec=5.316963e-06 train_recT=4.771828e-06 train_fc=8.830228e-03 train_decoder_tail=1.578398e-05
I 07.02/08:01:09 train_mapper.py:622 ] epoch=0031 train_loss=1.519512e-02 train_mse=1.509838e-02 train_cos=0.989198 train_nmse=-16.285dB train_rec=5.127849e-06 train_recT=4.582955e-06 train_fc=8.551717e-03 train_decoder_tail=1.508577e-05
I 07.02/08:02:51 train_mapper.py:622 ] epoch=0032 train_loss=1.487436e-02 train_mse=1.478030e-02 train_cos=0.989367 train_nmse=-16.378dB train_rec=4.993780e-06 train_recT=4.449747e-06 train_fc=8.315900e-03 train_decoder_tail=1.454526e-05
I 07.02/08:04:39 train_mapper.py:622 ] epoch=0033 train_loss=1.456017e-02 train_mse=1.446871e-02 train_cos=0.989541 train_nmse=-16.471dB train_rec=4.850571e-06 train_recT=4.307015e-06 train_fc=8.090334e-03 train_decoder_tail=1.401705e-05
I 07.02/08:06:24 train_mapper.py:622 ] epoch=0034 train_loss=1.431577e-02 train_mse=1.422627e-02 train_cos=0.989668 train_nmse=-16.544dB train_rec=4.732699e-06 train_recT=4.189468e-06 train_fc=7.922367e-03 train_decoder_tail=1.355278e-05
I 07.02/08:08:09 train_mapper.py:622 ] epoch=0035 train_loss=1.401479e-02 train_mse=1.392766e-02 train_cos=0.989846 train_nmse=-16.636dB train_rec=4.604721e-06 train_recT=4.061745e-06 train_fc=7.716101e-03 train_decoder_tail=1.310890e-05
I 07.02/08:09:52 train_mapper.py:622 ] epoch=0036 train_loss=1.376938e-02 train_mse=1.368412e-02 train_cos=0.989986 train_nmse=-16.712dB train_rec=4.504782e-06 train_recT=3.962017e-06 train_fc=7.551562e-03 train_decoder_tail=1.272799e-05
I 07.02/08:11:35 train_mapper.py:622 ] epoch=0037 train_loss=1.355275e-02 train_mse=1.346920e-02 train_cos=0.990110 train_nmse=-16.781dB train_rec=4.406725e-06 train_recT=3.864252e-06 train_fc=7.405125e-03 train_decoder_tail=1.236649e-05
I 07.02/08:13:23 train_mapper.py:622 ] epoch=0038 train_loss=1.334050e-02 train_mse=1.325848e-02 train_cos=0.990236 train_nmse=-16.850dB train_rec=4.331853e-06 train_recT=3.789509e-06 train_fc=7.269241e-03 train_decoder_tail=1.207407e-05
I 07.02/08:15:09 train_mapper.py:622 ] epoch=0039 train_loss=1.314112e-02 train_mse=1.306057e-02 train_cos=0.990357 train_nmse=-16.915dB train_rec=4.255836e-06 train_recT=3.713447e-06 train_fc=7.140207e-03 train_decoder_tail=1.178333e-05
I 07.02/08:16:46 train_mapper.py:622 ] epoch=0040 train_loss=1.291749e-02 train_mse=1.283853e-02 train_cos=0.990500 train_nmse=-16.989dB train_rec=4.173205e-06 train_recT=3.631568e-06 train_fc=7.000978e-03 train_decoder_tail=1.148971e-05
I 07.02/08:18:28 train_mapper.py:622 ] epoch=0041 train_loss=1.272237e-02 train_mse=1.264484e-02 train_cos=0.990621 train_nmse=-17.055dB train_rec=4.100696e-06 train_recT=3.558787e-06 train_fc=6.874985e-03 train_decoder_tail=1.123492e-05
I 07.02/08:20:02 train_mapper.py:622 ] epoch=0042 train_loss=1.252945e-02 train_mse=1.245328e-02 train_cos=0.990743 train_nmse=-17.122dB train_rec=4.015038e-06 train_recT=3.473544e-06 train_fc=6.758486e-03 train_decoder_tail=1.094881e-05
I 07.02/08:21:41 train_mapper.py:622 ] epoch=0043 train_loss=1.238735e-02 train_mse=1.231219e-02 train_cos=0.990829 train_nmse=-17.171dB train_rec=3.962970e-06 train_recT=3.421161e-06 train_fc=6.669976e-03 train_decoder_tail=1.074206e-05
I 07.02/08:23:24 train_mapper.py:622 ] epoch=0044 train_loss=1.218802e-02 train_mse=1.211421e-02 train_cos=0.990961 train_nmse=-17.241dB train_rec=3.893230e-06 train_recT=3.351887e-06 train_fc=6.551209e-03 train_decoder_tail=1.050381e-05
I 07.02/08:25:14 train_mapper.py:622 ] epoch=0045 train_loss=1.205622e-02 train_mse=1.198330e-02 train_cos=0.991043 train_nmse=-17.289dB train_rec=3.856861e-06 train_recT=3.315771e-06 train_fc=6.471336e-03 train_decoder_tail=1.035096e-05
I 07.02/08:27:04 train_mapper.py:622 ] epoch=0046 train_loss=1.188307e-02 train_mse=1.181142e-02 train_cos=0.991158 train_nmse=-17.351dB train_rec=3.781081e-06 train_recT=3.239836e-06 train_fc=6.361600e-03 train_decoder_tail=1.012462e-05
I 07.02/08:28:50 train_mapper.py:622 ] epoch=0047 train_loss=1.172883e-02 train_mse=1.165814e-02 train_cos=0.991258 train_nmse=-17.408dB train_rec=3.734759e-06 train_recT=3.193318e-06 train_fc=6.275887e-03 train_decoder_tail=9.949989e-06
I 07.02/08:30:39 train_mapper.py:622 ] epoch=0048 train_loss=1.156502e-02 train_mse=1.149548e-02 train_cos=0.991370 train_nmse=-17.470dB train_rec=3.675553e-06 train_recT=3.134189e-06 train_fc=6.175279e-03 train_decoder_tail=9.759823e-06
I 07.02/08:32:28 train_mapper.py:622 ] epoch=0049 train_loss=1.145280e-02 train_mse=1.138404e-02 train_cos=0.991443 train_nmse=-17.512dB train_rec=3.635751e-06 train_recT=3.094839e-06 train_fc=6.107479e-03 train_decoder_tail=9.608783e-06
I 07.02/08:34:15 train_mapper.py:622 ] epoch=0050 train_loss=1.131221e-02 train_mse=1.124434e-02 train_cos=0.991540 train_nmse=-17.565dB train_rec=3.597197e-06 train_recT=3.056324e-06 train_fc=6.027127e-03 train_decoder_tail=9.469109e-06
I 07.02/08:36:08 train_mapper.py:622 ] epoch=0051 train_loss=1.115675e-02 train_mse=1.109000e-02 train_cos=0.991647 train_nmse=-17.625dB train_rec=3.533580e-06 train_recT=2.992550e-06 train_fc=5.929549e-03 train_decoder_tail=9.284165e-06
I 07.02/08:37:58 train_mapper.py:622 ] epoch=0052 train_loss=1.105525e-02 train_mse=1.098911e-02 train_cos=0.991714 train_nmse=-17.665dB train_rec=3.514478e-06 train_recT=2.973839e-06 train_fc=5.872432e-03 train_decoder_tail=9.198259e-06
I 07.02/08:39:48 train_mapper.py:622 ] epoch=0053 train_loss=1.093404e-02 train_mse=1.086870e-02 train_cos=0.991795 train_nmse=-17.713dB train_rec=3.470772e-06 train_recT=2.930042e-06 train_fc=5.802991e-03 train_decoder_tail=9.047310e-06
I 07.02/08:41:30 train_mapper.py:622 ] epoch=0054 train_loss=1.077995e-02 train_mse=1.071557e-02 train_cos=0.991903 train_nmse=-17.775dB train_rec=3.422736e-06 train_recT=2.882317e-06 train_fc=5.718407e-03 train_decoder_tail=8.910108e-06
I 07.02/08:43:10 train_mapper.py:622 ] epoch=0055 train_loss=1.070851e-02 train_mse=1.064465e-02 train_cos=0.991951 train_nmse=-17.803dB train_rec=3.395484e-06 train_recT=2.854775e-06 train_fc=5.672925e-03 train_decoder_tail=8.801467e-06
I 07.02/08:44:52 train_mapper.py:622 ] epoch=0056 train_loss=1.057903e-02 train_mse=1.051606e-02 train_cos=0.992042 train_nmse=-17.856dB train_rec=3.347162e-06 train_recT=2.806636e-06 train_fc=5.594564e-03 train_decoder_tail=8.667923e-06
I 07.02/08:46:38 train_mapper.py:622 ] epoch=0057 train_loss=1.045761e-02 train_mse=1.039535e-02 train_cos=0.992128 train_nmse=-17.906dB train_rec=3.314625e-06 train_recT=2.773365e-06 train_fc=5.531450e-03 train_decoder_tail=8.560019e-06
I 07.02/08:48:25 train_mapper.py:622 ] epoch=0058 train_loss=1.034518e-02 train_mse=1.028354e-02 train_cos=0.992209 train_nmse=-17.953dB train_rec=3.300304e-06 train_recT=2.760031e-06 train_fc=5.472828e-03 train_decoder_tail=8.481855e-06
I 07.02/08:50:09 train_mapper.py:622 ] epoch=0059 train_loss=1.023460e-02 train_mse=1.017384e-02 train_cos=0.992286 train_nmse=-18.000dB train_rec=3.244535e-06 train_recT=2.703856e-06 train_fc=5.397784e-03 train_decoder_tail=8.340152e-06
I 07.02/08:51:57 train_mapper.py:622 ] epoch=0060 train_loss=1.014905e-02 train_mse=1.008872e-02 train_cos=0.992349 train_nmse=-18.036dB train_rec=3.241326e-06 train_recT=2.700549e-06 train_fc=5.356250e-03 train_decoder_tail=8.287169e-06
I 07.02/08:53:38 train_mapper.py:622 ] epoch=0061 train_loss=1.005788e-02 train_mse=9.998186e-03 train_cos=0.992411 train_nmse=-18.075dB train_rec=3.201058e-06 train_recT=2.660298e-06 train_fc=5.301903e-03 train_decoder_tail=8.176671e-06
I 07.02/08:55:13 train_mapper.py:622 ] epoch=0062 train_loss=9.932391e-03 train_mse=9.873519e-03 train_cos=0.992502 train_nmse=-18.130dB train_rec=3.159426e-06 train_recT=2.618923e-06 train_fc=5.228771e-03 train_decoder_tail=8.062186e-06
I 07.02/08:56:59 train_mapper.py:622 ] epoch=0063 train_loss=9.876465e-03 train_mse=9.817851e-03 train_cos=0.992540 train_nmse=-18.154dB train_rec=3.154289e-06 train_recT=2.613929e-06 train_fc=5.204383e-03 train_decoder_tail=8.022521e-06
I 07.02/08:58:49 train_mapper.py:622 ] epoch=0064 train_loss=9.762802e-03 train_mse=9.705000e-03 train_cos=0.992622 train_nmse=-18.204dB train_rec=3.108656e-06 train_recT=2.568229e-06 train_fc=5.133607e-03 train_decoder_tail=7.896693e-06
I 07.02/09:00:37 train_mapper.py:622 ] epoch=0065 train_loss=9.684524e-03 train_mse=9.627191e-03 train_cos=0.992676 train_nmse=-18.240dB train_rec=3.087529e-06 train_recT=2.547140e-06 train_fc=5.091549e-03 train_decoder_tail=7.828649e-06
I 07.02/09:02:27 train_mapper.py:622 ] epoch=0066 train_loss=9.589809e-03 train_mse=9.533030e-03 train_cos=0.992745 train_nmse=-18.282dB train_rec=3.060635e-06 train_recT=2.520098e-06 train_fc=5.042450e-03 train_decoder_tail=7.742980e-06
I 07.02/09:04:21 train_mapper.py:622 ] epoch=0067 train_loss=9.521950e-03 train_mse=9.465611e-03 train_cos=0.992794 train_nmse=-18.313dB train_rec=3.035485e-06 train_recT=2.495169e-06 train_fc=5.004111e-03 train_decoder_tail=7.671625e-06
I 07.02/09:06:14 train_mapper.py:622 ] epoch=0068 train_loss=9.429505e-03 train_mse=9.373713e-03 train_cos=0.992863 train_nmse=-18.356dB train_rec=3.018847e-06 train_recT=2.478860e-06 train_fc=4.953456e-03 train_decoder_tail=7.603098e-06
I 07.02/09:08:04 train_mapper.py:622 ] epoch=0069 train_loss=9.353019e-03 train_mse=9.297743e-03 train_cos=0.992917 train_nmse=-18.391dB train_rec=2.991511e-06 train_recT=2.450943e-06 train_fc=4.908044e-03 train_decoder_tail=7.528661e-06
I 07.02/09:09:39 train_mapper.py:622 ] epoch=0070 train_loss=9.271577e-03 train_mse=9.216757e-03 train_cos=0.992975 train_nmse=-18.429dB train_rec=2.965931e-06 train_recT=2.425875e-06 train_fc=4.868296e-03 train_decoder_tail=7.456067e-06
I 07.02/09:11:25 train_mapper.py:622 ] epoch=0071 train_loss=9.192853e-03 train_mse=9.138563e-03 train_cos=0.993033 train_nmse=-18.465dB train_rec=2.943494e-06 train_recT=2.403721e-06 train_fc=4.820390e-03 train_decoder_tail=7.387907e-06
I 07.02/09:13:06 train_mapper.py:622 ] epoch=0072 train_loss=9.111598e-03 train_mse=9.057811e-03 train_cos=0.993092 train_nmse=-18.504dB train_rec=2.921283e-06 train_recT=2.380507e-06 train_fc=4.775268e-03 train_decoder_tail=7.320240e-06
I 07.02/09:14:48 train_mapper.py:622 ] epoch=0073 train_loss=9.052761e-03 train_mse=8.999318e-03 train_cos=0.993134 train_nmse=-18.532dB train_rec=2.904521e-06 train_recT=2.364270e-06 train_fc=4.744821e-03 train_decoder_tail=7.262307e-06
I 07.02/09:16:31 train_mapper.py:622 ] epoch=0074 train_loss=8.977405e-03 train_mse=8.924406e-03 train_cos=0.993189 train_nmse=-18.569dB train_rec=2.883500e-06 train_recT=2.343345e-06 train_fc=4.705270e-03 train_decoder_tail=7.199514e-06
I 07.02/09:18:15 train_mapper.py:622 ] epoch=0075 train_loss=8.893039e-03 train_mse=8.840557e-03 train_cos=0.993251 train_nmse=-18.610dB train_rec=2.861699e-06 train_recT=2.321952e-06 train_fc=4.658560e-03 train_decoder_tail=7.127733e-06
I 07.02/09:20:05 train_mapper.py:622 ] epoch=0076 train_loss=8.854916e-03 train_mse=8.802686e-03 train_cos=0.993278 train_nmse=-18.629dB train_rec=2.850641e-06 train_recT=2.310376e-06 train_fc=4.635966e-03 train_decoder_tail=7.093573e-06
I 07.02/09:21:57 train_mapper.py:622 ] epoch=0077 train_loss=8.781888e-03 train_mse=8.730097e-03 train_cos=0.993331 train_nmse=-18.665dB train_rec=2.824548e-06 train_recT=2.283887e-06 train_fc=4.598106e-03 train_decoder_tail=7.021881e-06
I 07.02/09:23:49 train_mapper.py:622 ] epoch=0078 train_loss=8.718681e-03 train_mse=8.667194e-03 train_cos=0.993379 train_nmse=-18.696dB train_rec=2.822081e-06 train_recT=2.282310e-06 train_fc=4.568331e-03 train_decoder_tail=6.997096e-06
I 07.02/09:25:33 train_mapper.py:622 ] epoch=0079 train_loss=8.622789e-03 train_mse=8.572003e-03 train_cos=0.993448 train_nmse=-18.743dB train_rec=2.772737e-06 train_recT=2.232706e-06 train_fc=4.509170e-03 train_decoder_tail=6.881455e-06
I 07.02/09:27:21 train_mapper.py:622 ] epoch=0080 train_loss=8.594204e-03 train_mse=8.543546e-03 train_cos=0.993469 train_nmse=-18.758dB train_rec=2.776111e-06 train_recT=2.236044e-06 train_fc=4.495945e-03 train_decoder_tail=6.865329e-06
I 07.02/09:29:04 train_mapper.py:622 ] epoch=0081 train_loss=8.513131e-03 train_mse=8.462969e-03 train_cos=0.993529 train_nmse=-18.799dB train_rec=2.745249e-06 train_recT=2.205031e-06 train_fc=4.453211e-03 train_decoder_tail=6.791950e-06
I 07.02/09:30:47 train_mapper.py:622 ] epoch=0082 train_loss=8.448524e-03 train_mse=8.398753e-03 train_cos=0.993577 train_nmse=-18.833dB train_rec=2.733409e-06 train_recT=2.193533e-06 train_fc=4.416907e-03 train_decoder_tail=6.747379e-06
I 07.02/09:32:31 train_mapper.py:622 ] epoch=0083 train_loss=8.390680e-03 train_mse=8.341229e-03 train_cos=0.993617 train_nmse=-18.862dB train_rec=2.711576e-06 train_recT=2.171396e-06 train_fc=4.389829e-03 train_decoder_tail=6.691152e-06
I 07.02/09:34:13 train_mapper.py:622 ] epoch=0084 train_loss=8.351942e-03 train_mse=8.302748e-03 train_cos=0.993646 train_nmse=-18.882dB train_rec=2.706000e-06 train_recT=2.165864e-06 train_fc=4.365577e-03 train_decoder_tail=6.665289e-06
I 07.02/09:35:55 train_mapper.py:622 ] epoch=0085 train_loss=8.264488e-03 train_mse=8.215800e-03 train_cos=0.993712 train_nmse=-18.928dB train_rec=2.683131e-06 train_recT=2.143299e-06 train_fc=4.320083e-03 train_decoder_tail=6.606753e-06
I 07.02/09:37:40 train_mapper.py:622 ] epoch=0086 train_loss=8.228506e-03 train_mse=8.180069e-03 train_cos=0.993738 train_nmse=-18.947dB train_rec=2.670105e-06 train_recT=2.130031e-06 train_fc=4.298045e-03 train_decoder_tail=6.559943e-06
I 07.02/09:39:30 train_mapper.py:622 ] epoch=0087 train_loss=8.176064e-03 train_mse=8.127881e-03 train_cos=0.993777 train_nmse=-18.975dB train_rec=2.655152e-06 train_recT=2.115057e-06 train_fc=4.276069e-03 train_decoder_tail=6.518820e-06
I 07.02/09:41:24 train_mapper.py:622 ] epoch=0088 train_loss=8.120444e-03 train_mse=8.072602e-03 train_cos=0.993818 train_nmse=-19.004dB train_rec=2.635198e-06 train_recT=2.095482e-06 train_fc=4.246400e-03 train_decoder_tail=6.466329e-06
I 07.02/09:43:12 train_mapper.py:622 ] epoch=0089 train_loss=8.054536e-03 train_mse=8.007092e-03 train_cos=0.993866 train_nmse=-19.040dB train_rec=2.621969e-06 train_recT=2.082027e-06 train_fc=4.209744e-03 train_decoder_tail=6.425554e-06
I 07.02/09:44:57 train_mapper.py:622 ] epoch=0090 train_loss=8.013185e-03 train_mse=7.966026e-03 train_cos=0.993897 train_nmse=-19.062dB train_rec=2.607237e-06 train_recT=2.067658e-06 train_fc=4.184608e-03 train_decoder_tail=6.381817e-06
I 07.02/09:46:44 train_mapper.py:622 ] epoch=0091 train_loss=7.982981e-03 train_mse=7.935939e-03 train_cos=0.993920 train_nmse=-19.079dB train_rec=2.603403e-06 train_recT=2.063630e-06 train_fc=4.173804e-03 train_decoder_tail=6.363054e-06
I 07.02/09:48:27 train_mapper.py:622 ] epoch=0092 train_loss=7.905803e-03 train_mse=7.859264e-03 train_cos=0.993978 train_nmse=-19.121dB train_rec=2.576606e-06 train_recT=2.036833e-06 train_fc=4.129616e-03 train_decoder_tail=6.297431e-06
I 07.02/09:50:13 train_mapper.py:622 ] epoch=0093 train_loss=7.871108e-03 train_mse=7.824767e-03 train_cos=0.994002 train_nmse=-19.140dB train_rec=2.563985e-06 train_recT=2.024276e-06 train_fc=4.112651e-03 train_decoder_tail=6.258064e-06
I 07.02/09:52:07 train_mapper.py:622 ] epoch=0094 train_loss=7.802513e-03 train_mse=7.756600e-03 train_cos=0.994054 train_nmse=-19.178dB train_rec=2.554023e-06 train_recT=2.014178e-06 train_fc=4.072220e-03 train_decoder_tail=6.227722e-06
I 07.02/09:53:52 train_mapper.py:622 ] epoch=0095 train_loss=7.761229e-03 train_mse=7.715549e-03 train_cos=0.994083 train_nmse=-19.201dB train_rec=2.538115e-06 train_recT=1.998624e-06 train_fc=4.052483e-03 train_decoder_tail=6.189197e-06
I 07.02/09:55:36 train_mapper.py:622 ] epoch=0096 train_loss=7.715101e-03 train_mse=7.669672e-03 train_cos=0.994118 train_nmse=-19.227dB train_rec=2.527257e-06 train_recT=1.987631e-06 train_fc=4.029845e-03 train_decoder_tail=6.153380e-06
I 07.02/09:57:17 train_mapper.py:622 ] epoch=0097 train_loss=7.676072e-03 train_mse=7.630886e-03 train_cos=0.994147 train_nmse=-19.249dB train_rec=2.511172e-06 train_recT=1.971369e-06 train_fc=4.009200e-03 train_decoder_tail=6.113647e-06
I 07.02/09:59:06 train_mapper.py:622 ] epoch=0098 train_loss=7.625065e-03 train_mse=7.580234e-03 train_cos=0.994185 train_nmse=-19.278dB train_rec=2.494823e-06 train_recT=1.955371e-06 train_fc=3.977417e-03 train_decoder_tail=6.068769e-06
I 07.02/10:00:52 train_mapper.py:622 ] epoch=0099 train_loss=7.600651e-03 train_mse=7.555915e-03 train_cos=0.994203 train_nmse=-19.292dB train_rec=2.497270e-06 train_recT=1.957412e-06 train_fc=3.967573e-03 train_decoder_tail=6.060404e-06
I 07.02/10:02:30 train_mapper.py:622 ] epoch=0100 train_loss=7.572634e-03 train_mse=7.528047e-03 train_cos=0.994226 train_nmse=-19.308dB train_rec=2.490486e-06 train_recT=1.951055e-06 train_fc=3.954077e-03 train_decoder_tail=6.042977e-06
I 07.02/10:04:07 train_mapper.py:622 ] epoch=0101 train_loss=7.505195e-03 train_mse=7.461011e-03 train_cos=0.994274 train_nmse=-19.347dB train_rec=2.466364e-06 train_recT=1.926818e-06 train_fc=3.919188e-03 train_decoder_tail=5.988682e-06
I 07.02/10:05:50 train_mapper.py:622 ] epoch=0102 train_loss=7.456147e-03 train_mse=7.412309e-03 train_cos=0.994310 train_nmse=-19.375dB train_rec=2.450279e-06 train_recT=1.910765e-06 train_fc=3.888285e-03 train_decoder_tail=5.944123e-06
I 07.02/10:07:30 train_mapper.py:622 ] epoch=0103 train_loss=7.421234e-03 train_mse=7.377592e-03 train_cos=0.994335 train_nmse=-19.396dB train_rec=2.444771e-06 train_recT=1.905095e-06 train_fc=3.870062e-03 train_decoder_tail=5.918052e-06
I 07.02/10:09:13 train_mapper.py:622 ] epoch=0104 train_loss=7.378579e-03 train_mse=7.335157e-03 train_cos=0.994367 train_nmse=-19.421dB train_rec=2.434072e-06 train_recT=1.894721e-06 train_fc=3.850432e-03 train_decoder_tail=5.884112e-06
I 07.02/10:10:52 train_mapper.py:622 ] epoch=0105 train_loss=7.340456e-03 train_mse=7.297298e-03 train_cos=0.994397 train_nmse=-19.443dB train_rec=2.421336e-06 train_recT=1.881946e-06 train_fc=3.826870e-03 train_decoder_tail=5.862257e-06
I 07.02/10:12:29 train_mapper.py:622 ] epoch=0106 train_loss=7.308291e-03 train_mse=7.265323e-03 train_cos=0.994421 train_nmse=-19.462dB train_rec=2.415702e-06 train_recT=1.876355e-06 train_fc=3.809264e-03 train_decoder_tail=5.839384e-06
I 07.02/10:14:11 train_mapper.py:622 ] epoch=0107 train_loss=7.265126e-03 train_mse=7.222429e-03 train_cos=0.994453 train_nmse=-19.487dB train_rec=2.400490e-06 train_recT=1.860891e-06 train_fc=3.785577e-03 train_decoder_tail=5.799378e-06
I 07.02/10:15:44 train_mapper.py:622 ] epoch=0108 train_loss=7.245536e-03 train_mse=7.202975e-03 train_cos=0.994466 train_nmse=-19.499dB train_rec=2.388635e-06 train_recT=1.849411e-06 train_fc=3.774507e-03 train_decoder_tail=5.776372e-06
I 07.02/10:17:21 train_mapper.py:622 ] epoch=0109 train_loss=7.202074e-03 train_mse=7.159766e-03 train_cos=0.994499 train_nmse=-19.526dB train_rec=2.378148e-06 train_recT=1.838607e-06 train_fc=3.751622e-03 train_decoder_tail=5.743265e-06
I 07.02/10:18:55 train_mapper.py:622 ] epoch=0110 train_loss=7.186213e-03 train_mse=7.143936e-03 train_cos=0.994510 train_nmse=-19.535dB train_rec=2.386899e-06 train_recT=1.847666e-06 train_fc=3.746765e-03 train_decoder_tail=5.752019e-06
I 07.02/10:20:38 train_mapper.py:622 ] epoch=0111 train_loss=7.132007e-03 train_mse=7.090075e-03 train_cos=0.994551 train_nmse=-19.568dB train_rec=2.366512e-06 train_recT=1.827063e-06 train_fc=3.716873e-03 train_decoder_tail=5.697395e-06
I 07.02/10:22:23 train_mapper.py:622 ] epoch=0112 train_loss=7.085693e-03 train_mse=7.044055e-03 train_cos=0.994586 train_nmse=-19.597dB train_rec=2.351740e-06 train_recT=1.812538e-06 train_fc=3.690652e-03 train_decoder_tail=5.666631e-06
I 07.02/10:24:00 train_mapper.py:622 ] epoch=0113 train_loss=7.059215e-03 train_mse=7.017766e-03 train_cos=0.994604 train_nmse=-19.613dB train_rec=2.338606e-06 train_recT=1.798990e-06 train_fc=3.674704e-03 train_decoder_tail=5.638606e-06
I 07.02/10:25:37 train_mapper.py:622 ] epoch=0114 train_loss=7.020734e-03 train_mse=6.979522e-03 train_cos=0.994632 train_nmse=-19.636dB train_rec=2.328259e-06 train_recT=1.788742e-06 train_fc=3.653418e-03 train_decoder_tail=5.609386e-06
I 07.02/10:27:22 train_mapper.py:622 ] epoch=0115 train_loss=6.987288e-03 train_mse=6.946245e-03 train_cos=0.994659 train_nmse=-19.657dB train_rec=2.322979e-06 train_recT=1.783388e-06 train_fc=3.637727e-03 train_decoder_tail=5.591953e-06
I 07.02/10:29:06 train_mapper.py:622 ] epoch=0116 train_loss=6.977900e-03 train_mse=6.936884e-03 train_cos=0.994666 train_nmse=-19.663dB train_rec=2.328004e-06 train_recT=1.788619e-06 train_fc=3.634010e-03 train_decoder_tail=5.590438e-06
I 07.02/10:30:50 train_mapper.py:622 ] epoch=0117 train_loss=6.937285e-03 train_mse=6.896520e-03 train_cos=0.994696 train_nmse=-19.688dB train_rec=2.312348e-06 train_recT=1.773276e-06 train_fc=3.612322e-03 train_decoder_tail=5.556618e-06
I 07.02/10:32:31 train_mapper.py:622 ] epoch=0118 train_loss=6.901990e-03 train_mse=6.861408e-03 train_cos=0.994722 train_nmse=-19.710dB train_rec=2.307210e-06 train_recT=1.767747e-06 train_fc=3.595318e-03 train_decoder_tail=5.539460e-06
I 07.02/10:34:02 train_mapper.py:622 ] epoch=0119 train_loss=6.848719e-03 train_mse=6.808523e-03 train_cos=0.994762 train_nmse=-19.744dB train_rec=2.282526e-06 train_recT=1.743470e-06 train_fc=3.562142e-03 train_decoder_tail=5.487571e-06
I 07.02/10:35:29 train_mapper.py:622 ] epoch=0120 train_loss=6.843639e-03 train_mse=6.803482e-03 train_cos=0.994766 train_nmse=-19.747dB train_rec=2.285147e-06 train_recT=1.745563e-06 train_fc=3.557724e-03 train_decoder_tail=5.486538e-06
I 07.02/10:36:56 train_mapper.py:622 ] epoch=0121 train_loss=6.809558e-03 train_mse=6.769557e-03 train_cos=0.994790 train_nmse=-19.769dB train_rec=2.276988e-06 train_recT=1.737850e-06 train_fc=3.543988e-03 train_decoder_tail=5.464201e-06
I 07.02/10:38:30 train_mapper.py:622 ] epoch=0122 train_loss=6.780214e-03 train_mse=6.740400e-03 train_cos=0.994815 train_nmse=-19.788dB train_rec=2.271682e-06 train_recT=1.732223e-06 train_fc=3.526659e-03 train_decoder_tail=5.441327e-06
I 07.02/10:39:56 train_mapper.py:622 ] epoch=0123 train_loss=6.742900e-03 train_mse=6.703301e-03 train_cos=0.994842 train_nmse=-19.811dB train_rec=2.257192e-06 train_recT=1.718102e-06 train_fc=3.508202e-03 train_decoder_tail=5.413269e-06
I 07.02/10:41:27 train_mapper.py:622 ] epoch=0124 train_loss=6.729285e-03 train_mse=6.689805e-03 train_cos=0.994852 train_nmse=-19.820dB train_rec=2.253391e-06 train_recT=1.713798e-06 train_fc=3.497249e-03 train_decoder_tail=5.406216e-06
I 07.02/10:42:57 train_mapper.py:622 ] epoch=0125 train_loss=6.704629e-03 train_mse=6.665293e-03 train_cos=0.994869 train_nmse=-19.836dB train_rec=2.243276e-06 train_recT=1.704156e-06 train_fc=3.485135e-03 train_decoder_tail=5.374898e-06
I 07.02/10:44:32 train_mapper.py:622 ] epoch=0126 train_loss=6.669403e-03 train_mse=6.630262e-03 train_cos=0.994898 train_nmse=-19.859dB train_rec=2.239720e-06 train_recT=1.700709e-06 train_fc=3.466436e-03 train_decoder_tail=5.363750e-06
I 07.02/10:46:11 train_mapper.py:622 ] epoch=0127 train_loss=6.642637e-03 train_mse=6.603627e-03 train_cos=0.994918 train_nmse=-19.877dB train_rec=2.230181e-06 train_recT=1.690828e-06 train_fc=3.455479e-03 train_decoder_tail=5.340576e-06
I 07.02/10:47:53 train_mapper.py:622 ] epoch=0128 train_loss=6.604742e-03 train_mse=6.565977e-03 train_cos=0.994945 train_nmse=-19.901dB train_rec=2.221426e-06 train_recT=1.682434e-06 train_fc=3.432986e-03 train_decoder_tail=5.311339e-06
I 07.02/10:49:23 train_mapper.py:622 ] epoch=0129 train_loss=6.594261e-03 train_mse=6.555580e-03 train_cos=0.994952 train_nmse=-19.908dB train_rec=2.218384e-06 train_recT=1.679188e-06 train_fc=3.425286e-03 train_decoder_tail=5.305114e-06
I 07.02/10:50:47 train_mapper.py:622 ] epoch=0130 train_loss=6.554693e-03 train_mse=6.516195e-03 train_cos=0.994981 train_nmse=-19.935dB train_rec=2.211480e-06 train_recT=1.672066e-06 train_fc=3.408644e-03 train_decoder_tail=5.285034e-06
I 07.02/10:52:12 train_mapper.py:622 ] epoch=0131 train_loss=6.539908e-03 train_mse=6.501567e-03 train_cos=0.994993 train_nmse=-19.944dB train_rec=2.200729e-06 train_recT=1.661652e-06 train_fc=3.395233e-03 train_decoder_tail=5.262148e-06
I 07.02/10:53:36 train_mapper.py:622 ] epoch=0132 train_loss=6.522110e-03 train_mse=6.483833e-03 train_cos=0.995007 train_nmse=-19.956dB train_rec=2.203314e-06 train_recT=1.664213e-06 train_fc=3.388234e-03 train_decoder_tail=5.269207e-06
I 07.02/10:55:02 train_mapper.py:622 ] epoch=0133 train_loss=6.474701e-03 train_mse=6.436720e-03 train_cos=0.995043 train_nmse=-19.988dB train_rec=2.179095e-06 train_recT=1.639843e-06 train_fc=3.364091e-03 train_decoder_tail=5.213699e-06
I 07.02/10:56:29 train_mapper.py:622 ] epoch=0134 train_loss=6.451341e-03 train_mse=6.413454e-03 train_cos=0.995060 train_nmse=-20.003dB train_rec=2.177218e-06 train_recT=1.638311e-06 train_fc=3.355152e-03 train_decoder_tail=5.203139e-06
I 07.02/10:57:54 train_mapper.py:622 ] epoch=0135 train_loss=6.427899e-03 train_mse=6.390162e-03 train_cos=0.995077 train_nmse=-20.019dB train_rec=2.180300e-06 train_recT=1.640826e-06 train_fc=3.339537e-03 train_decoder_tail=5.200119e-06
I 07.02/10:59:21 train_mapper.py:622 ] epoch=0136 train_loss=6.408119e-03 train_mse=6.370516e-03 train_cos=0.995092 train_nmse=-20.033dB train_rec=2.169769e-06 train_recT=1.631060e-06 train_fc=3.328390e-03 train_decoder_tail=5.176388e-06
I 07.02/11:00:44 train_mapper.py:622 ] epoch=0137 train_loss=6.388809e-03 train_mse=6.351310e-03 train_cos=0.995107 train_nmse=-20.046dB train_rec=2.161585e-06 train_recT=1.622239e-06 train_fc=3.319954e-03 train_decoder_tail=5.162822e-06
I 07.02/11:02:11 train_mapper.py:622 ] epoch=0138 train_loss=6.372871e-03 train_mse=6.335433e-03 train_cos=0.995120 train_nmse=-20.057dB train_rec=2.165204e-06 train_recT=1.626369e-06 train_fc=3.312981e-03 train_decoder_tail=5.160896e-06
I 07.02/11:03:35 train_mapper.py:622 ] epoch=0139 train_loss=6.335944e-03 train_mse=6.298764e-03 train_cos=0.995146 train_nmse=-20.082dB train_rec=2.150685e-06 train_recT=1.611177e-06 train_fc=3.290461e-03 train_decoder_tail=5.129831e-06
I 07.02/11:05:00 train_mapper.py:622 ] epoch=0140 train_loss=6.313833e-03 train_mse=6.276773e-03 train_cos=0.995164 train_nmse=-20.097dB train_rec=2.144958e-06 train_recT=1.606272e-06 train_fc=3.279788e-03 train_decoder_tail=5.112222e-06
I 07.02/11:06:26 train_mapper.py:622 ] epoch=0141 train_loss=6.286447e-03 train_mse=6.249576e-03 train_cos=0.995183 train_nmse=-20.116dB train_rec=2.133943e-06 train_recT=1.594579e-06 train_fc=3.263297e-03 train_decoder_tail=5.092408e-06
I 07.02/11:07:49 train_mapper.py:622 ] epoch=0142 train_loss=6.253956e-03 train_mse=6.217272e-03 train_cos=0.995209 train_nmse=-20.139dB train_rec=2.122667e-06 train_recT=1.583939e-06 train_fc=3.247134e-03 train_decoder_tail=5.062771e-06
I 07.02/11:09:15 train_mapper.py:622 ] epoch=0143 train_loss=6.256127e-03 train_mse=6.219327e-03 train_cos=0.995208 train_nmse=-20.137dB train_rec=2.139798e-06 train_recT=1.600972e-06 train_fc=3.254966e-03 train_decoder_tail=5.091946e-06
I 07.02/11:10:38 train_mapper.py:622 ] epoch=0144 train_loss=6.215095e-03 train_mse=6.178632e-03 train_cos=0.995239 train_nmse=-20.166dB train_rec=2.111369e-06 train_recT=1.572636e-06 train_fc=3.227493e-03 train_decoder_tail=5.040287e-06
I 07.02/11:12:08 train_mapper.py:622 ] epoch=0145 train_loss=6.212998e-03 train_mse=6.176514e-03 train_cos=0.995239 train_nmse=-20.167dB train_rec=2.122038e-06 train_recT=1.582974e-06 train_fc=3.227363e-03 train_decoder_tail=5.048266e-06
I 07.02/11:13:33 train_mapper.py:622 ] epoch=0146 train_loss=6.194915e-03 train_mse=6.158532e-03 train_cos=0.995256 train_nmse=-20.180dB train_rec=2.115161e-06 train_recT=1.575949e-06 train_fc=3.218910e-03 train_decoder_tail=5.036607e-06
I 07.02/11:14:55 train_mapper.py:622 ] epoch=0147 train_loss=6.160040e-03 train_mse=6.123831e-03 train_cos=0.995281 train_nmse=-20.204dB train_rec=2.108606e-06 train_recT=1.569653e-06 train_fc=3.202906e-03 train_decoder_tail=5.021286e-06
I 07.02/11:16:22 train_mapper.py:622 ] epoch=0148 train_loss=6.137790e-03 train_mse=6.101743e-03 train_cos=0.995297 train_nmse=-20.220dB train_rec=2.095725e-06 train_recT=1.556649e-06 train_fc=3.189554e-03 train_decoder_tail=4.994699e-06
I 07.02/11:17:45 train_mapper.py:622 ] epoch=0149 train_loss=6.133038e-03 train_mse=6.097037e-03 train_cos=0.995301 train_nmse=-20.223dB train_rec=2.098483e-06 train_recT=1.559421e-06 train_fc=3.184350e-03 train_decoder_tail=4.994825e-06
I 07.02/11:19:12 train_mapper.py:622 ] epoch=0150 train_loss=6.097584e-03 train_mse=6.061748e-03 train_cos=0.995329 train_nmse=-20.249dB train_rec=2.088860e-06 train_recT=1.550128e-06 train_fc=3.169910e-03 train_decoder_tail=4.974094e-06
I 07.02/11:20:35 train_mapper.py:622 ] epoch=0151 train_loss=6.076488e-03 train_mse=6.040762e-03 train_cos=0.995344 train_nmse=-20.264dB train_rec=2.086750e-06 train_recT=1.547651e-06 train_fc=3.159576e-03 train_decoder_tail=4.962141e-06
I 07.02/11:21:59 train_mapper.py:622 ] epoch=0152 train_loss=6.048308e-03 train_mse=6.012794e-03 train_cos=0.995364 train_nmse=-20.284dB train_rec=2.071373e-06 train_recT=1.532420e-06 train_fc=3.141633e-03 train_decoder_tail=4.934682e-06
I 07.02/11:23:24 train_mapper.py:622 ] epoch=0153 train_loss=6.027632e-03 train_mse=5.992194e-03 train_cos=0.995382 train_nmse=-20.299dB train_rec=2.073038e-06 train_recT=1.534109e-06 train_fc=3.133695e-03 train_decoder_tail=4.936361e-06
I 07.02/11:24:46 train_mapper.py:622 ] epoch=0154 train_loss=6.012984e-03 train_mse=5.977634e-03 train_cos=0.995391 train_nmse=-20.309dB train_rec=2.071895e-06 train_recT=1.532812e-06 train_fc=3.125286e-03 train_decoder_tail=4.924694e-06
I 07.02/11:26:12 train_mapper.py:622 ] epoch=0155 train_loss=5.971966e-03 train_mse=5.936839e-03 train_cos=0.995425 train_nmse=-20.339dB train_rec=2.057862e-06 train_recT=1.518892e-06 train_fc=3.106019e-03 train_decoder_tail=4.896792e-06
I 07.02/11:27:34 train_mapper.py:622 ] epoch=0156 train_loss=5.994143e-03 train_mse=5.958887e-03 train_cos=0.995406 train_nmse=-20.322dB train_rec=2.065771e-06 train_recT=1.526905e-06 train_fc=3.117299e-03 train_decoder_tail=4.911422e-06
I 07.02/11:28:58 train_mapper.py:622 ] epoch=0157 train_loss=5.954778e-03 train_mse=5.919744e-03 train_cos=0.995439 train_nmse=-20.352dB train_rec=2.051328e-06 train_recT=1.512478e-06 train_fc=3.098186e-03 train_decoder_tail=4.885750e-06
I 07.02/11:30:23 train_mapper.py:622 ] epoch=0158 train_loss=5.927582e-03 train_mse=5.892704e-03 train_cos=0.995459 train_nmse=-20.371dB train_rec=2.051283e-06 train_recT=1.512426e-06 train_fc=3.082694e-03 train_decoder_tail=4.876271e-06
I 07.02/11:31:43 train_mapper.py:622 ] epoch=0159 train_loss=5.915354e-03 train_mse=5.880584e-03 train_cos=0.995468 train_nmse=-20.380dB train_rec=2.038294e-06 train_recT=1.499265e-06 train_fc=3.074663e-03 train_decoder_tail=4.856432e-06
I 07.02/11:33:09 train_mapper.py:622 ] epoch=0160 train_loss=5.914768e-03 train_mse=5.879984e-03 train_cos=0.995468 train_nmse=-20.380dB train_rec=2.040600e-06 train_recT=1.501628e-06 train_fc=3.075699e-03 train_decoder_tail=4.856135e-06
I 07.02/11:34:33 train_mapper.py:622 ] epoch=0161 train_loss=5.871893e-03 train_mse=5.837333e-03 train_cos=0.995502 train_nmse=-20.413dB train_rec=2.030377e-06 train_recT=1.491481e-06 train_fc=3.055488e-03 train_decoder_tail=4.829146e-06
I 07.02/11:35:56 train_mapper.py:622 ] epoch=0162 train_loss=5.866164e-03 train_mse=5.831616e-03 train_cos=0.995505 train_nmse=-20.416dB train_rec=2.031098e-06 train_recT=1.491980e-06 train_fc=3.054121e-03 train_decoder_tail=4.831768e-06
I 07.02/11:37:21 train_mapper.py:622 ] epoch=0163 train_loss=5.847426e-03 train_mse=5.813003e-03 train_cos=0.995520 train_nmse=-20.430dB train_rec=2.020599e-06 train_recT=1.481882e-06 train_fc=3.043944e-03 train_decoder_tail=4.808777e-06
I 07.02/11:38:45 train_mapper.py:622 ] epoch=0164 train_loss=5.834423e-03 train_mse=5.800049e-03 train_cos=0.995531 train_nmse=-20.440dB train_rec=2.024959e-06 train_recT=1.485909e-06 train_fc=3.038156e-03 train_decoder_tail=4.815277e-06
I 07.02/11:40:09 train_mapper.py:622 ] epoch=0165 train_loss=5.806953e-03 train_mse=5.772756e-03 train_cos=0.995552 train_nmse=-20.461dB train_rec=2.013502e-06 train_recT=1.474438e-06 train_fc=3.022914e-03 train_decoder_tail=4.793354e-06
I 07.02/11:41:30 train_mapper.py:622 ] epoch=0166 train_loss=5.802036e-03 train_mse=5.767858e-03 train_cos=0.995555 train_nmse=-20.464dB train_rec=2.020190e-06 train_recT=1.481266e-06 train_fc=3.019714e-03 train_decoder_tail=4.797222e-06
I 07.02/11:42:53 train_mapper.py:622 ] epoch=0167 train_loss=5.779207e-03 train_mse=5.745149e-03 train_cos=0.995573 train_nmse=-20.481dB train_rec=2.007703e-06 train_recT=1.469050e-06 train_fc=3.010467e-03 train_decoder_tail=4.773556e-06
I 07.02/11:44:17 train_mapper.py:622 ] epoch=0168 train_loss=5.757695e-03 train_mse=5.723785e-03 train_cos=0.995589 train_nmse=-20.498dB train_rec=2.000859e-06 train_recT=1.462097e-06 train_fc=2.997151e-03 train_decoder_tail=4.758116e-06
I 07.02/11:45:40 train_mapper.py:622 ] epoch=0169 train_loss=5.724973e-03 train_mse=5.691236e-03 train_cos=0.995613 train_nmse=-20.522dB train_rec=1.993466e-06 train_recT=1.454540e-06 train_fc=2.981548e-03 train_decoder_tail=4.738699e-06
I 07.02/11:47:06 train_mapper.py:622 ] epoch=0170 train_loss=5.720019e-03 train_mse=5.686314e-03 train_cos=0.995617 train_nmse=-20.526dB train_rec=1.998922e-06 train_recT=1.460344e-06 train_fc=2.977174e-03 train_decoder_tail=4.739834e-06
I 07.02/11:48:27 train_mapper.py:622 ] epoch=0171 train_loss=5.702623e-03 train_mse=5.669019e-03 train_cos=0.995631 train_nmse=-20.539dB train_rec=1.992536e-06 train_recT=1.453793e-06 train_fc=2.968401e-03 train_decoder_tail=4.735417e-06
I 07.02/11:49:48 train_mapper.py:622 ] epoch=0172 train_loss=5.684020e-03 train_mse=5.650537e-03 train_cos=0.995644 train_nmse=-20.554dB train_rec=1.988879e-06 train_recT=1.450033e-06 train_fc=2.957202e-03 train_decoder_tail=4.721255e-06
I 07.02/11:51:10 train_mapper.py:622 ] epoch=0173 train_loss=5.656019e-03 train_mse=5.622701e-03 train_cos=0.995666 train_nmse=-20.575dB train_rec=1.974653e-06 train_recT=1.435876e-06 train_fc=2.943771e-03 train_decoder_tail=4.692010e-06
I 07.02/11:52:31 train_mapper.py:622 ] epoch=0174 train_loss=5.650475e-03 train_mse=5.617177e-03 train_cos=0.995670 train_nmse=-20.579dB train_rec=1.970789e-06 train_recT=1.432297e-06 train_fc=2.942631e-03 train_decoder_tail=4.683319e-06
I 07.02/11:53:53 train_mapper.py:622 ] epoch=0175 train_loss=5.647280e-03 train_mse=5.613983e-03 train_cos=0.995673 train_nmse=-20.582dB train_rec=1.977848e-06 train_recT=1.438852e-06 train_fc=2.941031e-03 train_decoder_tail=4.697463e-06
I 07.02/11:55:26 train_mapper.py:622 ] epoch=0176 train_loss=5.628425e-03 train_mse=5.595215e-03 train_cos=0.995688 train_nmse=-20.596dB train_rec=1.973804e-06 train_recT=1.435168e-06 train_fc=2.933222e-03 train_decoder_tail=4.687228e-06
I 07.02/11:56:58 train_mapper.py:622 ] epoch=0177 train_loss=5.611202e-03 train_mse=5.578114e-03 train_cos=0.995700 train_nmse=-20.609dB train_rec=1.963887e-06 train_recT=1.425148e-06 train_fc=2.923256e-03 train_decoder_tail=4.662767e-06
I 07.02/11:58:24 train_mapper.py:622 ] epoch=0178 train_loss=5.588419e-03 train_mse=5.555461e-03 train_cos=0.995717 train_nmse=-20.627dB train_rec=1.959747e-06 train_recT=1.420980e-06 train_fc=2.911222e-03 train_decoder_tail=4.652598e-06
I 07.02/11:59:44 train_mapper.py:622 ] epoch=0179 train_loss=5.577488e-03 train_mse=5.544567e-03 train_cos=0.995726 train_nmse=-20.636dB train_rec=1.955482e-06 train_recT=1.416563e-06 train_fc=2.908450e-03 train_decoder_tail=4.642221e-06
I 07.02/12:01:05 train_mapper.py:622 ] epoch=0180 train_loss=5.558942e-03 train_mse=5.526152e-03 train_cos=0.995742 train_nmse=-20.650dB train_rec=1.953716e-06 train_recT=1.415246e-06 train_fc=2.895725e-03 train_decoder_tail=4.638902e-06
I 07.02/12:02:25 train_mapper.py:622 ] epoch=0181 train_loss=5.543605e-03 train_mse=5.510905e-03 train_cos=0.995751 train_nmse=-20.662dB train_rec=1.944141e-06 train_recT=1.405251e-06 train_fc=2.888900e-03 train_decoder_tail=4.618017e-06
I 07.02/12:03:46 train_mapper.py:622 ] epoch=0182 train_loss=5.535241e-03 train_mse=5.502566e-03 train_cos=0.995758 train_nmse=-20.669dB train_rec=1.941843e-06 train_recT=1.403343e-06 train_fc=2.886903e-03 train_decoder_tail=4.613706e-06
I 07.02/12:05:06 train_mapper.py:622 ] epoch=0183 train_loss=5.521292e-03 train_mse=5.488689e-03 train_cos=0.995771 train_nmse=-20.680dB train_rec=1.946278e-06 train_recT=1.407354e-06 train_fc=2.878707e-03 train_decoder_tail=4.615045e-06
I 07.02/12:06:25 train_mapper.py:622 ] epoch=0184 train_loss=5.505284e-03 train_mse=5.472806e-03 train_cos=0.995782 train_nmse=-20.692dB train_rec=1.935065e-06 train_recT=1.396381e-06 train_fc=2.868654e-03 train_decoder_tail=4.597445e-06
I 07.02/12:07:44 train_mapper.py:622 ] epoch=0185 train_loss=5.480909e-03 train_mse=5.448584e-03 train_cos=0.995799 train_nmse=-20.712dB train_rec=1.928701e-06 train_recT=1.389917e-06 train_fc=2.854740e-03 train_decoder_tail=4.583344e-06
I 07.02/12:09:05 train_mapper.py:622 ] epoch=0186 train_loss=5.475491e-03 train_mse=5.443161e-03 train_cos=0.995803 train_nmse=-20.716dB train_rec=1.928777e-06 train_recT=1.389976e-06 train_fc=2.855380e-03 train_decoder_tail=4.572805e-06
I 07.02/12:10:23 train_mapper.py:622 ] epoch=0187 train_loss=5.457291e-03 train_mse=5.425096e-03 train_cos=0.995817 train_nmse=-20.730dB train_rec=1.925516e-06 train_recT=1.386587e-06 train_fc=2.842666e-03 train_decoder_tail=4.562282e-06
I 07.02/12:11:44 train_mapper.py:622 ] epoch=0188 train_loss=5.447675e-03 train_mse=5.415506e-03 train_cos=0.995826 train_nmse=-20.738dB train_rec=1.929316e-06 train_recT=1.390856e-06 train_fc=2.839142e-03 train_decoder_tail=4.572848e-06
I 07.02/12:13:04 train_mapper.py:622 ] epoch=0189 train_loss=5.421363e-03 train_mse=5.389340e-03 train_cos=0.995845 train_nmse=-20.759dB train_rec=1.917569e-06 train_recT=1.379037e-06 train_fc=2.827079e-03 train_decoder_tail=4.549415e-06
I 07.02/12:14:23 train_mapper.py:622 ] epoch=0190 train_loss=5.422090e-03 train_mse=5.390074e-03 train_cos=0.995845 train_nmse=-20.758dB train_rec=1.914412e-06 train_recT=1.375489e-06 train_fc=2.827124e-03 train_decoder_tail=4.543884e-06
I 07.02/12:15:42 train_mapper.py:622 ] epoch=0191 train_loss=5.410968e-03 train_mse=5.379007e-03 train_cos=0.995852 train_nmse=-20.767dB train_rec=1.913950e-06 train_recT=1.375542e-06 train_fc=2.821782e-03 train_decoder_tail=4.538986e-06
I 07.02/12:17:00 train_mapper.py:622 ] epoch=0192 train_loss=5.403708e-03 train_mse=5.371807e-03 train_cos=0.995859 train_nmse=-20.773dB train_rec=1.912223e-06 train_recT=1.373687e-06 train_fc=2.816133e-03 train_decoder_tail=4.538594e-06
I 07.02/12:18:20 train_mapper.py:622 ] epoch=0193 train_loss=5.380727e-03 train_mse=5.348942e-03 train_cos=0.995875 train_nmse=-20.792dB train_rec=1.902533e-06 train_recT=1.364020e-06 train_fc=2.806829e-03 train_decoder_tail=4.509710e-06
I 07.02/12:19:37 train_mapper.py:622 ] epoch=0194 train_loss=5.366696e-03 train_mse=5.334997e-03 train_cos=0.995888 train_nmse=-20.803dB train_rec=1.907610e-06 train_recT=1.368885e-06 train_fc=2.797089e-03 train_decoder_tail=4.516427e-06
I 07.02/12:20:55 train_mapper.py:622 ] epoch=0195 train_loss=5.339005e-03 train_mse=5.307455e-03 train_cos=0.995907 train_nmse=-20.825dB train_rec=1.893783e-06 train_recT=1.355554e-06 train_fc=2.785212e-03 train_decoder_tail=4.492743e-06
I 07.02/12:22:16 train_mapper.py:622 ] epoch=0196 train_loss=5.338319e-03 train_mse=5.306814e-03 train_cos=0.995907 train_nmse=-20.826dB train_rec=1.891643e-06 train_recT=1.353113e-06 train_fc=2.781154e-03 train_decoder_tail=4.481558e-06
I 07.02/12:23:34 train_mapper.py:622 ] epoch=0197 train_loss=5.335298e-03 train_mse=5.303767e-03 train_cos=0.995910 train_nmse=-20.829dB train_rec=1.892952e-06 train_recT=1.354508e-06 train_fc=2.783540e-03 train_decoder_tail=4.486364e-06
I 07.02/12:24:49 train_mapper.py:622 ] epoch=0198 train_loss=5.305017e-03 train_mse=5.273673e-03 train_cos=0.995933 train_nmse=-20.853dB train_rec=1.882728e-06 train_recT=1.343902e-06 train_fc=2.767042e-03 train_decoder_tail=4.466672e-06
I 07.02/12:26:05 train_mapper.py:622 ] epoch=0199 train_loss=5.304181e-03 train_mse=5.272845e-03 train_cos=0.995933 train_nmse=-20.854dB train_rec=1.886430e-06 train_recT=1.347773e-06 train_fc=2.765515e-03 train_decoder_tail=4.463871e-06
I 07.02/12:27:20 train_mapper.py:622 ] epoch=0200 train_loss=5.284518e-03 train_mse=5.253301e-03 train_cos=0.995949 train_nmse=-20.870dB train_rec=1.879239e-06 train_recT=1.340411e-06 train_fc=2.755155e-03 train_decoder_tail=4.455389e-06
I 07.02/12:28:33 train_mapper.py:622 ] epoch=0201 train_loss=5.282700e-03 train_mse=5.251472e-03 train_cos=0.995949 train_nmse=-20.872dB train_rec=1.882845e-06 train_recT=1.344255e-06 train_fc=2.755474e-03 train_decoder_tail=4.458408e-06
I 07.02/12:29:43 train_mapper.py:622 ] epoch=0202 train_loss=5.254230e-03 train_mse=5.223202e-03 train_cos=0.995972 train_nmse=-20.895dB train_rec=1.866989e-06 train_recT=1.328520e-06 train_fc=2.738885e-03 train_decoder_tail=4.427728e-06
I 07.02/12:30:55 train_mapper.py:622 ] epoch=0203 train_loss=5.251700e-03 train_mse=5.220666e-03 train_cos=0.995973 train_nmse=-20.897dB train_rec=1.870473e-06 train_recT=1.331937e-06 train_fc=2.738844e-03 train_decoder_tail=4.428438e-06
I 07.02/12:32:09 train_mapper.py:622 ] epoch=0204 train_loss=5.239054e-03 train_mse=5.208084e-03 train_cos=0.995981 train_nmse=-20.908dB train_rec=1.870361e-06 train_recT=1.331716e-06 train_fc=2.732553e-03 train_decoder_tail=4.423245e-06
I 07.02/12:33:18 train_mapper.py:622 ] epoch=0205 train_loss=5.217612e-03 train_mse=5.186743e-03 train_cos=0.995999 train_nmse=-20.925dB train_rec=1.868933e-06 train_recT=1.330507e-06 train_fc=2.722785e-03 train_decoder_tail=4.422259e-06
I 07.02/12:34:27 train_mapper.py:622 ] epoch=0206 train_loss=5.211511e-03 train_mse=5.180743e-03 train_cos=0.996003 train_nmse=-20.930dB train_rec=1.856574e-06 train_recT=1.318262e-06 train_fc=2.715252e-03 train_decoder_tail=4.402341e-06
I 07.02/12:35:34 train_mapper.py:622 ] epoch=0207 train_loss=5.190231e-03 train_mse=5.159559e-03 train_cos=0.996019 train_nmse=-20.948dB train_rec=1.856867e-06 train_recT=1.318415e-06 train_fc=2.705811e-03 train_decoder_tail=4.392754e-06
I 07.02/12:36:42 train_mapper.py:622 ] epoch=0208 train_loss=5.179750e-03 train_mse=5.149126e-03 train_cos=0.996028 train_nmse=-20.957dB train_rec=1.854940e-06 train_recT=1.316316e-06 train_fc=2.701354e-03 train_decoder_tail=4.393601e-06
I 07.02/12:37:49 train_mapper.py:622 ] epoch=0209 train_loss=5.182551e-03 train_mse=5.151880e-03 train_cos=0.996027 train_nmse=-20.954dB train_rec=1.860462e-06 train_recT=1.321757e-06 train_fc=2.704937e-03 train_decoder_tail=4.396270e-06
I 07.02/12:38:56 train_mapper.py:622 ] epoch=0210 train_loss=5.176186e-03 train_mse=5.145609e-03 train_cos=0.996029 train_nmse=-20.960dB train_rec=1.849300e-06 train_recT=1.310582e-06 train_fc=2.697978e-03 train_decoder_tail=4.376858e-06
I 07.02/12:40:06 train_mapper.py:622 ] epoch=0211 train_loss=5.141420e-03 train_mse=5.111035e-03 train_cos=0.996057 train_nmse=-20.989dB train_rec=1.839177e-06 train_recT=1.300768e-06 train_fc=2.680985e-03 train_decoder_tail=4.357511e-06
I 07.02/12:41:14 train_mapper.py:622 ] epoch=0212 train_loss=5.148985e-03 train_mse=5.118500e-03 train_cos=0.996051 train_nmse=-20.983dB train_rec=1.848438e-06 train_recT=1.309976e-06 train_fc=2.688954e-03 train_decoder_tail=4.367908e-06
I 07.02/12:42:17 train_mapper.py:622 ] epoch=0213 train_loss=5.132666e-03 train_mse=5.102312e-03 train_cos=0.996064 train_nmse=-20.997dB train_rec=1.838930e-06 train_recT=1.300219e-06 train_fc=2.677887e-03 train_decoder_tail=4.359844e-06
I 07.02/12:43:21 train_mapper.py:622 ] epoch=0214 train_loss=5.122698e-03 train_mse=5.092417e-03 train_cos=0.996072 train_nmse=-21.005dB train_rec=1.838801e-06 train_recT=1.300229e-06 train_fc=2.670598e-03 train_decoder_tail=4.355675e-06
I 07.02/12:44:29 train_mapper.py:622 ] epoch=0215 train_loss=5.110881e-03 train_mse=5.080642e-03 train_cos=0.996079 train_nmse=-21.015dB train_rec=1.838679e-06 train_recT=1.299971e-06 train_fc=2.666587e-03 train_decoder_tail=4.340321e-06
I 07.02/12:45:37 train_mapper.py:622 ] epoch=0216 train_loss=5.106747e-03 train_mse=5.076530e-03 train_cos=0.996083 train_nmse=-21.019dB train_rec=1.835625e-06 train_recT=1.297101e-06 train_fc=2.665050e-03 train_decoder_tail=4.342632e-06
I 07.02/12:46:40 train_mapper.py:622 ] epoch=0217 train_loss=5.095755e-03 train_mse=5.065625e-03 train_cos=0.996091 train_nmse=-21.028dB train_rec=1.828998e-06 train_recT=1.290703e-06 train_fc=2.657718e-03 train_decoder_tail=4.327979e-06
I 07.02/12:47:43 train_mapper.py:622 ] epoch=0218 train_loss=5.067924e-03 train_mse=5.037956e-03 train_cos=0.996112 train_nmse=-21.052dB train_rec=1.822422e-06 train_recT=1.284103e-06 train_fc=2.643085e-03 train_decoder_tail=4.311151e-06
I 07.02/12:48:43 train_mapper.py:622 ] epoch=0219 train_loss=5.046091e-03 train_mse=5.016225e-03 train_cos=0.996129 train_nmse=-21.071dB train_rec=1.818880e-06 train_recT=1.280454e-06 train_fc=2.633623e-03 train_decoder_tail=4.303834e-06
I 07.02/12:49:43 train_mapper.py:622 ] epoch=0220 train_loss=5.053629e-03 train_mse=5.023747e-03 train_cos=0.996122 train_nmse=-21.064dB train_rec=1.821741e-06 train_recT=1.283361e-06 train_fc=2.634607e-03 train_decoder_tail=4.302730e-06
I 07.02/12:50:44 train_mapper.py:622 ] epoch=0221 train_loss=5.035879e-03 train_mse=5.006078e-03 train_cos=0.996136 train_nmse=-21.079dB train_rec=1.812808e-06 train_recT=1.274277e-06 train_fc=2.628521e-03 train_decoder_tail=4.289770e-06
I 07.02/12:51:43 train_mapper.py:622 ] epoch=0222 train_loss=5.038792e-03 train_mse=5.008950e-03 train_cos=0.996134 train_nmse=-21.077dB train_rec=1.822250e-06 train_recT=1.283600e-06 train_fc=2.630591e-03 train_decoder_tail=4.301639e-06
I 07.02/12:52:43 train_mapper.py:622 ] epoch=0223 train_loss=5.028982e-03 train_mse=4.999224e-03 train_cos=0.996142 train_nmse=-21.085dB train_rec=1.814661e-06 train_recT=1.276127e-06 train_fc=2.623773e-03 train_decoder_tail=4.292888e-06
I 07.02/12:53:46 train_mapper.py:622 ] epoch=0224 train_loss=5.013017e-03 train_mse=4.983319e-03 train_cos=0.996155 train_nmse=-21.099dB train_rec=1.813785e-06 train_recT=1.275273e-06 train_fc=2.617986e-03 train_decoder_tail=4.289584e-06
I 07.02/12:54:47 train_mapper.py:622 ] epoch=0225 train_loss=4.992710e-03 train_mse=4.963161e-03 train_cos=0.996170 train_nmse=-21.117dB train_rec=1.801556e-06 train_recT=1.262863e-06 train_fc=2.605714e-03 train_decoder_tail=4.265516e-06
I 07.02/12:55:47 train_mapper.py:622 ] epoch=0226 train_loss=4.998275e-03 train_mse=4.968635e-03 train_cos=0.996165 train_nmse=-21.112dB train_rec=1.814793e-06 train_recT=1.276175e-06 train_fc=2.612103e-03 train_decoder_tail=4.279100e-06
I 07.02/12:56:46 train_mapper.py:622 ] epoch=0227 train_loss=4.982200e-03 train_mse=4.952708e-03 train_cos=0.996177 train_nmse=-21.125dB train_rec=1.803627e-06 train_recT=1.265272e-06 train_fc=2.599645e-03 train_decoder_tail=4.264429e-06
I 07.02/12:57:45 train_mapper.py:622 ] epoch=0228 train_loss=4.957810e-03 train_mse=4.928464e-03 train_cos=0.996196 train_nmse=-21.147dB train_rec=1.792844e-06 train_recT=1.254389e-06 train_fc=2.587439e-03 train_decoder_tail=4.244825e-06
I 07.02/12:58:45 train_mapper.py:622 ] epoch=0229 train_loss=4.955657e-03 train_mse=4.926321e-03 train_cos=0.996197 train_nmse=-21.149dB train_rec=1.793782e-06 train_recT=1.255527e-06 train_fc=2.586231e-03 train_decoder_tail=4.245492e-06
I 07.02/12:59:45 train_mapper.py:622 ] epoch=0230 train_loss=4.943852e-03 train_mse=4.914554e-03 train_cos=0.996205 train_nmse=-21.159dB train_rec=1.790867e-06 train_recT=1.252756e-06 train_fc=2.583095e-03 train_decoder_tail=4.233520e-06
I 07.02/13:00:47 train_mapper.py:622 ] epoch=0231 train_loss=4.926635e-03 train_mse=4.897447e-03 train_cos=0.996219 train_nmse=-21.174dB train_rec=1.788638e-06 train_recT=1.249833e-06 train_fc=2.572652e-03 train_decoder_tail=4.229297e-06
I 07.02/13:01:47 train_mapper.py:622 ] epoch=0232 train_loss=4.933562e-03 train_mse=4.904334e-03 train_cos=0.996214 train_nmse=-21.168dB train_rec=1.792999e-06 train_recT=1.254534e-06 train_fc=2.575762e-03 train_decoder_tail=4.234893e-06
I 07.02/13:02:48 train_mapper.py:622 ] epoch=0233 train_loss=4.921570e-03 train_mse=4.892402e-03 train_cos=0.996223 train_nmse=-21.179dB train_rec=1.783844e-06 train_recT=1.245256e-06 train_fc=2.571691e-03 train_decoder_tail=4.218218e-06
I 07.02/13:03:48 train_mapper.py:622 ] epoch=0234 train_loss=4.909360e-03 train_mse=4.880252e-03 train_cos=0.996233 train_nmse=-21.190dB train_rec=1.782177e-06 train_recT=1.243618e-06 train_fc=2.566103e-03 train_decoder_tail=4.216538e-06
I 07.02/13:04:48 train_mapper.py:622 ] epoch=0235 train_loss=4.892863e-03 train_mse=4.863859e-03 train_cos=0.996245 train_nmse=-21.204dB train_rec=1.779314e-06 train_recT=1.240716e-06 train_fc=2.556300e-03 train_decoder_tail=4.201091e-06
I 07.02/13:05:48 train_mapper.py:622 ] epoch=0236 train_loss=4.895681e-03 train_mse=4.866659e-03 train_cos=0.996242 train_nmse=-21.202dB train_rec=1.781309e-06 train_recT=1.242503e-06 train_fc=2.557717e-03 train_decoder_tail=4.205733e-06
I 07.02/13:06:42 train_mapper.py:622 ] epoch=0237 train_loss=4.878355e-03 train_mse=4.849430e-03 train_cos=0.996255 train_nmse=-21.217dB train_rec=1.776106e-06 train_recT=1.237738e-06 train_fc=2.549204e-03 train_decoder_tail=4.193238e-06
I 07.02/13:07:35 train_mapper.py:622 ] epoch=0238 train_loss=4.867608e-03 train_mse=4.838721e-03 train_cos=0.996266 train_nmse=-21.227dB train_rec=1.778477e-06 train_recT=1.240168e-06 train_fc=2.544845e-03 train_decoder_tail=4.197949e-06
I 07.02/13:08:30 train_mapper.py:622 ] epoch=0239 train_loss=4.866624e-03 train_mse=4.837752e-03 train_cos=0.996265 train_nmse=-21.228dB train_rec=1.779904e-06 train_recT=1.241246e-06 train_fc=2.543086e-03 train_decoder_tail=4.199302e-06
I 07.02/13:09:23 train_mapper.py:622 ] epoch=0240 train_loss=4.841775e-03 train_mse=4.813061e-03 train_cos=0.996284 train_nmse=-21.250dB train_rec=1.763281e-06 train_recT=1.224969e-06 train_fc=2.530877e-03 train_decoder_tail=4.170924e-06
I 07.02/13:10:17 train_mapper.py:622 ] epoch=0241 train_loss=4.846877e-03 train_mse=4.818127e-03 train_cos=0.996280 train_nmse=-21.246dB train_rec=1.767122e-06 train_recT=1.228681e-06 train_fc=2.533652e-03 train_decoder_tail=4.175340e-06
I 07.02/13:11:11 train_mapper.py:622 ] epoch=0242 train_loss=4.844136e-03 train_mse=4.815386e-03 train_cos=0.996282 train_nmse=-21.248dB train_rec=1.767972e-06 train_recT=1.229475e-06 train_fc=2.533514e-03 train_decoder_tail=4.175218e-06
I 07.02/13:12:00 train_mapper.py:622 ] epoch=0243 train_loss=4.818509e-03 train_mse=4.789935e-03 train_cos=0.996303 train_nmse=-21.271dB train_rec=1.758075e-06 train_recT=1.219569e-06 train_fc=2.518054e-03 train_decoder_tail=4.162572e-06
I 07.02/13:12:54 train_mapper.py:622 ] epoch=0244 train_loss=4.820726e-03 train_mse=4.792103e-03 train_cos=0.996299 train_nmse=-21.269dB train_rec=1.763957e-06 train_recT=1.225861e-06 train_fc=2.521677e-03 train_decoder_tail=4.162938e-06
I 07.02/13:13:46 train_mapper.py:622 ] epoch=0245 train_loss=4.795978e-03 train_mse=4.767519e-03 train_cos=0.996319 train_nmse=-21.291dB train_rec=1.752758e-06 train_recT=1.214462e-06 train_fc=2.507707e-03 train_decoder_tail=4.146929e-06
I 07.02/13:14:40 train_mapper.py:622 ] epoch=0246 train_loss=4.791654e-03 train_mse=4.763219e-03 train_cos=0.996323 train_nmse=-21.295dB train_rec=1.755988e-06 train_recT=1.217658e-06 train_fc=2.504609e-03 train_decoder_tail=4.146475e-06
I 07.02/13:15:37 train_mapper.py:622 ] epoch=0247 train_loss=4.790560e-03 train_mse=4.762114e-03 train_cos=0.996322 train_nmse=-21.296dB train_rec=1.759223e-06 train_recT=1.220886e-06 train_fc=2.505122e-03 train_decoder_tail=4.149078e-06
I 07.02/13:16:35 train_mapper.py:622 ] epoch=0248 train_loss=4.767830e-03 train_mse=4.739512e-03 train_cos=0.996341 train_nmse=-21.317dB train_rec=1.747973e-06 train_recT=1.209687e-06 train_fc=2.494787e-03 train_decoder_tail=4.129841e-06
I 07.02/13:17:34 train_mapper.py:622 ] epoch=0249 train_loss=4.771481e-03 train_mse=4.743130e-03 train_cos=0.996338 train_nmse=-21.314dB train_rec=1.748001e-06 train_recT=1.209583e-06 train_fc=2.498022e-03 train_decoder_tail=4.131351e-06
I 07.02/13:18:34 train_mapper.py:622 ] epoch=0250 train_loss=4.753450e-03 train_mse=4.725196e-03 train_cos=0.996352 train_nmse=-21.330dB train_rec=1.747015e-06 train_recT=1.208590e-06 train_fc=2.488521e-03 train_decoder_tail=4.125473e-06
I 07.02/13:19:36 train_mapper.py:622 ] epoch=0251 train_loss=4.750921e-03 train_mse=4.722695e-03 train_cos=0.996354 train_nmse=-21.332dB train_rec=1.740957e-06 train_recT=1.202759e-06 train_fc=2.487107e-03 train_decoder_tail=4.117441e-06
I 07.02/13:20:39 train_mapper.py:622 ] epoch=0252 train_loss=4.744059e-03 train_mse=4.715837e-03 train_cos=0.996358 train_nmse=-21.339dB train_rec=1.748565e-06 train_recT=1.210198e-06 train_fc=2.485132e-03 train_decoder_tail=4.124624e-06
I 07.02/13:21:41 train_mapper.py:622 ] epoch=0253 train_loss=4.722588e-03 train_mse=4.694528e-03 train_cos=0.996375 train_nmse=-21.358dB train_rec=1.737240e-06 train_recT=1.198733e-06 train_fc=2.471332e-03 train_decoder_tail=4.104835e-06
I 07.02/13:22:42 train_mapper.py:622 ] epoch=0254 train_loss=4.730327e-03 train_mse=4.702205e-03 train_cos=0.996369 train_nmse=-21.351dB train_rec=1.740186e-06 train_recT=1.201676e-06 train_fc=2.476951e-03 train_decoder_tail=4.109852e-06
I 07.02/13:23:47 train_mapper.py:622 ] epoch=0255 train_loss=4.704029e-03 train_mse=4.676067e-03 train_cos=0.996390 train_nmse=-21.376dB train_rec=1.730897e-06 train_recT=1.192705e-06 train_fc=2.462816e-03 train_decoder_tail=4.093664e-06
I 07.02/13:24:52 train_mapper.py:622 ] epoch=0256 train_loss=4.715339e-03 train_mse=4.687292e-03 train_cos=0.996380 train_nmse=-21.365dB train_rec=1.735311e-06 train_recT=1.196635e-06 train_fc=2.470587e-03 train_decoder_tail=4.097334e-06
I 07.02/13:25:55 train_mapper.py:622 ] epoch=0257 train_loss=4.709526e-03 train_mse=4.681499e-03 train_cos=0.996385 train_nmse=-21.370dB train_rec=1.739060e-06 train_recT=1.200720e-06 train_fc=2.467709e-03 train_decoder_tail=4.101144e-06
I 07.02/13:26:58 train_mapper.py:622 ] epoch=0258 train_loss=4.695218e-03 train_mse=4.667296e-03 train_cos=0.996396 train_nmse=-21.384dB train_rec=1.731291e-06 train_recT=1.193025e-06 train_fc=2.458875e-03 train_decoder_tail=4.090643e-06
I 07.02/13:28:04 train_mapper.py:622 ] epoch=0259 train_loss=4.671778e-03 train_mse=4.644001e-03 train_cos=0.996415 train_nmse=-21.406dB train_rec=1.725029e-06 train_recT=1.186655e-06 train_fc=2.445799e-03 train_decoder_tail=4.077814e-06
I 07.02/13:29:09 train_mapper.py:622 ] epoch=0260 train_loss=4.674904e-03 train_mse=4.647116e-03 train_cos=0.996411 train_nmse=-21.402dB train_rec=1.723273e-06 train_recT=1.184906e-06 train_fc=2.447243e-03 train_decoder_tail=4.074098e-06
I 07.02/13:30:14 train_mapper.py:622 ] epoch=0261 train_loss=4.660905e-03 train_mse=4.633184e-03 train_cos=0.996421 train_nmse=-21.416dB train_rec=1.719055e-06 train_recT=1.180897e-06 train_fc=2.441463e-03 train_decoder_tail=4.061705e-06
I 07.02/13:31:21 train_mapper.py:622 ] epoch=0262 train_loss=4.655236e-03 train_mse=4.627543e-03 train_cos=0.996426 train_nmse=-21.421dB train_rec=1.720674e-06 train_recT=1.182089e-06 train_fc=2.438410e-03 train_decoder_tail=4.062998e-06
I 07.02/13:32:28 train_mapper.py:622 ] epoch=0263 train_loss=4.646055e-03 train_mse=4.618404e-03 train_cos=0.996433 train_nmse=-21.429dB train_rec=1.716068e-06 train_recT=1.177504e-06 train_fc=2.435183e-03 train_decoder_tail=4.056478e-06
I 07.02/13:33:33 train_mapper.py:622 ] epoch=0264 train_loss=4.637147e-03 train_mse=4.609549e-03 train_cos=0.996438 train_nmse=-21.438dB train_rec=1.716182e-06 train_recT=1.178487e-06 train_fc=2.429818e-03 train_decoder_tail=4.047996e-06
I 07.02/13:34:41 train_mapper.py:622 ] epoch=0265 train_loss=4.618754e-03 train_mse=4.591279e-03 train_cos=0.996453 train_nmse=-21.455dB train_rec=1.709478e-06 train_recT=1.171110e-06 train_fc=2.419036e-03 train_decoder_tail=4.039916e-06
I 07.02/13:35:47 train_mapper.py:622 ] epoch=0266 train_loss=4.635907e-03 train_mse=4.608287e-03 train_cos=0.996441 train_nmse=-21.439dB train_rec=1.719447e-06 train_recT=1.181465e-06 train_fc=2.431299e-03 train_decoder_tail=4.053055e-06
I 07.02/13:36:44 train_mapper.py:622 ] epoch=0267 train_loss=4.619210e-03 train_mse=4.591704e-03 train_cos=0.996453 train_nmse=-21.454dB train_rec=1.707436e-06 train_recT=1.169345e-06 train_fc=2.422511e-03 train_decoder_tail=4.040459e-06
I 07.02/13:37:33 train_mapper.py:622 ] epoch=0268 train_loss=4.602109e-03 train_mse=4.574707e-03 train_cos=0.996465 train_nmse=-21.471dB train_rec=1.705295e-06 train_recT=1.167170e-06 train_fc=2.412732e-03 train_decoder_tail=4.025427e-06
I 07.02/13:38:17 train_mapper.py:622 ] epoch=0269 train_loss=4.600731e-03 train_mse=4.573357e-03 train_cos=0.996467 train_nmse=-21.472dB train_rec=1.706067e-06 train_recT=1.167727e-06 train_fc=2.409735e-03 train_decoder_tail=4.028465e-06
I 07.02/13:39:00 train_mapper.py:622 ] epoch=0270 train_loss=4.588056e-03 train_mse=4.560731e-03 train_cos=0.996476 train_nmse=-21.484dB train_rec=1.705908e-06 train_recT=1.167598e-06 train_fc=2.404878e-03 train_decoder_tail=4.021064e-06
I 07.02/13:39:45 train_mapper.py:622 ] epoch=0271 train_loss=4.579266e-03 train_mse=4.552023e-03 train_cos=0.996482 train_nmse=-21.492dB train_rec=1.698785e-06 train_recT=1.160748e-06 train_fc=2.398257e-03 train_decoder_tail=4.012537e-06
I 07.02/13:40:29 train_mapper.py:622 ] epoch=0272 train_loss=4.572095e-03 train_mse=4.544893e-03 train_cos=0.996488 train_nmse=-21.499dB train_rec=1.697516e-06 train_recT=1.159042e-06 train_fc=2.394442e-03 train_decoder_tail=4.006434e-06
I 07.02/13:41:15 train_mapper.py:622 ] epoch=0273 train_loss=4.572306e-03 train_mse=4.545065e-03 train_cos=0.996488 train_nmse=-21.499dB train_rec=1.696322e-06 train_recT=1.158610e-06 train_fc=2.398489e-03 train_decoder_tail=4.008086e-06
I 07.02/13:42:00 train_mapper.py:622 ] epoch=0274 train_loss=4.551262e-03 train_mse=4.524166e-03 train_cos=0.996506 train_nmse=-21.519dB train_rec=1.693344e-06 train_recT=1.155252e-06 train_fc=2.384735e-03 train_decoder_tail=4.002207e-06
I 07.02/13:42:46 train_mapper.py:622 ] epoch=0275 train_loss=4.558117e-03 train_mse=4.530979e-03 train_cos=0.996499 train_nmse=-21.512dB train_rec=1.697535e-06 train_recT=1.159487e-06 train_fc=2.388103e-03 train_decoder_tail=4.004980e-06
I 07.02/13:43:32 train_mapper.py:622 ] epoch=0276 train_loss=4.557030e-03 train_mse=4.529905e-03 train_cos=0.996499 train_nmse=-21.513dB train_rec=1.695506e-06 train_recT=1.157135e-06 train_fc=2.387295e-03 train_decoder_tail=4.002741e-06
I 07.02/13:44:18 train_mapper.py:622 ] epoch=0277 train_loss=4.542822e-03 train_mse=4.515766e-03 train_cos=0.996510 train_nmse=-21.527dB train_rec=1.692116e-06 train_recT=1.154086e-06 train_fc=2.381095e-03 train_decoder_tail=3.993490e-06
I 07.02/13:45:05 train_mapper.py:622 ] epoch=0278 train_loss=4.541345e-03 train_mse=4.514304e-03 train_cos=0.996510 train_nmse=-21.528dB train_rec=1.688239e-06 train_recT=1.150031e-06 train_fc=2.380388e-03 train_decoder_tail=3.988326e-06
I 07.02/13:45:50 train_mapper.py:622 ] epoch=0279 train_loss=4.511159e-03 train_mse=4.484291e-03 train_cos=0.996535 train_nmse=-21.557dB train_rec=1.682483e-06 train_recT=1.144440e-06 train_fc=2.364363e-03 train_decoder_tail=3.977889e-06
I 07.02/13:46:36 train_mapper.py:622 ] epoch=0280 train_loss=4.525532e-03 train_mse=4.498579e-03 train_cos=0.996523 train_nmse=-21.544dB train_rec=1.686544e-06 train_recT=1.148282e-06 train_fc=2.371978e-03 train_decoder_tail=3.983896e-06
I 07.02/13:47:22 train_mapper.py:622 ] epoch=0281 train_loss=4.514936e-03 train_mse=4.488036e-03 train_cos=0.996531 train_nmse=-21.554dB train_rec=1.682350e-06 train_recT=1.144140e-06 train_fc=2.367659e-03 train_decoder_tail=3.975201e-06
I 07.02/13:48:09 train_mapper.py:622 ] epoch=0282 train_loss=4.502923e-03 train_mse=4.476084e-03 train_cos=0.996540 train_nmse=-21.565dB train_rec=1.681186e-06 train_recT=1.142936e-06 train_fc=2.361769e-03 train_decoder_tail=3.970028e-06
I 07.02/13:48:51 train_mapper.py:622 ] epoch=0283 train_loss=4.505653e-03 train_mse=4.478808e-03 train_cos=0.996537 train_nmse=-21.563dB train_rec=1.684866e-06 train_recT=1.146835e-06 train_fc=2.361524e-03 train_decoder_tail=3.974095e-06
I 07.02/13:49:39 train_mapper.py:622 ] epoch=0284 train_loss=4.477366e-03 train_mse=4.450683e-03 train_cos=0.996559 train_nmse=-21.590dB train_rec=1.675596e-06 train_recT=1.137701e-06 train_fc=2.347451e-03 train_decoder_tail=3.952502e-06
I 07.02/13:50:24 train_mapper.py:622 ] epoch=0285 train_loss=4.471483e-03 train_mse=4.444819e-03 train_cos=0.996564 train_nmse=-21.596dB train_rec=1.674931e-06 train_recT=1.136764e-06 train_fc=2.345700e-03 train_decoder_tail=3.952016e-06
I 07.02/13:51:09 train_mapper.py:622 ] epoch=0286 train_loss=4.473632e-03 train_mse=4.446991e-03 train_cos=0.996562 train_nmse=-21.593dB train_rec=1.674002e-06 train_recT=1.136033e-06 train_fc=2.343580e-03 train_decoder_tail=3.949214e-06
I 07.02/13:51:54 train_mapper.py:622 ] epoch=0287 train_loss=4.476574e-03 train_mse=4.449879e-03 train_cos=0.996560 train_nmse=-21.591dB train_rec=1.679606e-06 train_recT=1.141483e-06 train_fc=2.347885e-03 train_decoder_tail=3.955409e-06
I 07.02/13:52:41 train_mapper.py:622 ] epoch=0288 train_loss=4.464097e-03 train_mse=4.437488e-03 train_cos=0.996572 train_nmse=-21.603dB train_rec=1.669402e-06 train_recT=1.131333e-06 train_fc=2.341329e-03 train_decoder_tail=3.946625e-06
I 07.02/13:53:26 train_mapper.py:622 ] epoch=0289 train_loss=4.464831e-03 train_mse=4.438212e-03 train_cos=0.996570 train_nmse=-21.602dB train_rec=1.673072e-06 train_recT=1.134995e-06 train_fc=2.341655e-03 train_decoder_tail=3.949149e-06
I 07.02/13:54:10 train_mapper.py:622 ] epoch=0290 train_loss=4.444669e-03 train_mse=4.418181e-03 train_cos=0.996586 train_nmse=-21.622dB train_rec=1.663641e-06 train_recT=1.125527e-06 train_fc=2.330573e-03 train_decoder_tail=3.932482e-06
I 07.02/13:54:53 train_mapper.py:622 ] epoch=0291 train_loss=4.449059e-03 train_mse=4.422554e-03 train_cos=0.996581 train_nmse=-21.617dB train_rec=1.666663e-06 train_recT=1.128625e-06 train_fc=2.331636e-03 train_decoder_tail=3.932009e-06
I 07.02/13:55:38 train_mapper.py:622 ] epoch=0292 train_loss=4.420390e-03 train_mse=4.394056e-03 train_cos=0.996603 train_nmse=-21.646dB train_rec=1.656396e-06 train_recT=1.118482e-06 train_fc=2.316763e-03 train_decoder_tail=3.913120e-06
I 07.02/13:56:18 train_mapper.py:622 ] epoch=0293 train_loss=4.428999e-03 train_mse=4.402619e-03 train_cos=0.996596 train_nmse=-21.637dB train_rec=1.661631e-06 train_recT=1.123272e-06 train_fc=2.320227e-03 train_decoder_tail=3.922751e-06
I 07.02/13:56:56 train_mapper.py:622 ] epoch=0294 train_loss=4.416774e-03 train_mse=4.390481e-03 train_cos=0.996606 train_nmse=-21.649dB train_rec=1.654094e-06 train_recT=1.115972e-06 train_fc=2.313211e-03 train_decoder_tail=3.911273e-06
I 07.02/13:57:37 train_mapper.py:622 ] epoch=0295 train_loss=4.426703e-03 train_mse=4.400304e-03 train_cos=0.996599 train_nmse=-21.639dB train_rec=1.669048e-06 train_recT=1.130984e-06 train_fc=2.320588e-03 train_decoder_tail=3.928585e-06
I 07.02/13:58:16 train_mapper.py:622 ] epoch=0296 train_loss=4.410139e-03 train_mse=4.383851e-03 train_cos=0.996611 train_nmse=-21.656dB train_rec=1.658318e-06 train_recT=1.120557e-06 train_fc=2.311845e-03 train_decoder_tail=3.910782e-06
I 07.02/13:58:53 train_mapper.py:622 ] epoch=0297 train_loss=4.399324e-03 train_mse=4.373119e-03 train_cos=0.996619 train_nmse=-21.666dB train_rec=1.651384e-06 train_recT=1.113319e-06 train_fc=2.304946e-03 train_decoder_tail=3.901552e-06
I 07.02/13:59:32 train_mapper.py:622 ] epoch=0298 train_loss=4.394925e-03 train_mse=4.368736e-03 train_cos=0.996621 train_nmse=-21.671dB train_rec=1.654165e-06 train_recT=1.116216e-06 train_fc=2.302897e-03 train_decoder_tail=3.899716e-06
I 07.02/14:00:12 train_mapper.py:622 ] epoch=0299 train_loss=4.376742e-03 train_mse=4.350679e-03 train_cos=0.996636 train_nmse=-21.689dB train_rec=1.646121e-06 train_recT=1.108125e-06 train_fc=2.291977e-03 train_decoder_tail=3.887189e-06
I 07.02/14:00:50 train_mapper.py:622 ] epoch=0300 train_loss=4.377537e-03 train_mse=4.351456e-03 train_cos=0.996633 train_nmse=-21.688dB train_rec=1.648504e-06 train_recT=1.110411e-06 train_fc=2.293418e-03 train_decoder_tail=3.884514e-06
I 07.02/14:01:29 train_mapper.py:622 ] epoch=0301 train_loss=4.365521e-03 train_mse=4.339521e-03 train_cos=0.996643 train_nmse=-21.700dB train_rec=1.645251e-06 train_recT=1.107284e-06 train_fc=2.285930e-03 train_decoder_tail=3.877824e-06
I 07.02/14:02:09 train_mapper.py:622 ] epoch=0302 train_loss=4.364351e-03 train_mse=4.338342e-03 train_cos=0.996645 train_nmse=-21.701dB train_rec=1.645018e-06 train_recT=1.106840e-06 train_fc=2.286874e-03 train_decoder_tail=3.882236e-06
I 07.02/14:02:46 train_mapper.py:622 ] epoch=0303 train_loss=4.360540e-03 train_mse=4.334545e-03 train_cos=0.996647 train_nmse=-21.705dB train_rec=1.644463e-06 train_recT=1.106693e-06 train_fc=2.285623e-03 train_decoder_tail=3.875984e-06
I 07.02/14:03:19 train_mapper.py:622 ] epoch=0304 train_loss=4.357404e-03 train_mse=4.331422e-03 train_cos=0.996650 train_nmse=-21.708dB train_rec=1.642235e-06 train_recT=1.104395e-06 train_fc=2.284903e-03 train_decoder_tail=3.871747e-06
I 07.02/14:03:50 train_mapper.py:622 ] epoch=0305 train_loss=4.350688e-03 train_mse=4.324778e-03 train_cos=0.996654 train_nmse=-21.715dB train_rec=1.638397e-06 train_recT=1.100385e-06 train_fc=2.278428e-03 train_decoder_tail=3.868130e-06
I 07.02/14:04:22 train_mapper.py:622 ] epoch=0306 train_loss=4.341266e-03 train_mse=4.315384e-03 train_cos=0.996663 train_nmse=-21.724dB train_rec=1.635516e-06 train_recT=1.097999e-06 train_fc=2.276276e-03 train_decoder_tail=3.860018e-06
I 07.02/14:04:51 train_mapper.py:622 ] epoch=0307 train_loss=4.345448e-03 train_mse=4.319552e-03 train_cos=0.996659 train_nmse=-21.720dB train_rec=1.643857e-06 train_recT=1.105758e-06 train_fc=2.275874e-03 train_decoder_tail=3.870579e-06
I 07.02/14:05:21 train_mapper.py:622 ] epoch=0308 train_loss=4.331656e-03 train_mse=4.305808e-03 train_cos=0.996671 train_nmse=-21.734dB train_rec=1.633448e-06 train_recT=1.095386e-06 train_fc=2.273357e-03 train_decoder_tail=3.854918e-06
I 07.02/14:05:51 train_mapper.py:622 ] epoch=0309 train_loss=4.331163e-03 train_mse=4.305338e-03 train_cos=0.996669 train_nmse=-21.734dB train_rec=1.633074e-06 train_recT=1.094936e-06 train_fc=2.271160e-03 train_decoder_tail=3.853777e-06
I 07.02/14:06:22 train_mapper.py:622 ] epoch=0310 train_loss=4.322319e-03 train_mse=4.296545e-03 train_cos=0.996676 train_nmse=-21.743dB train_rec=1.633307e-06 train_recT=1.095177e-06 train_fc=2.266047e-03 train_decoder_tail=3.849220e-06
I 07.02/14:06:52 train_mapper.py:622 ] epoch=0311 train_loss=4.315485e-03 train_mse=4.289725e-03 train_cos=0.996682 train_nmse=-21.750dB train_rec=1.634729e-06 train_recT=1.096703e-06 train_fc=2.264351e-03 train_decoder_tail=3.852198e-06
I 07.02/14:07:24 train_mapper.py:622 ] epoch=0312 train_loss=4.309642e-03 train_mse=4.283959e-03 train_cos=0.996685 train_nmse=-21.756dB train_rec=1.627829e-06 train_recT=1.089831e-06 train_fc=2.258106e-03 train_decoder_tail=3.841412e-06
I 07.02/14:07:51 train_mapper.py:622 ] epoch=0313 train_loss=4.300798e-03 train_mse=4.275176e-03 train_cos=0.996692 train_nmse=-21.765dB train_rec=1.625470e-06 train_recT=1.087121e-06 train_fc=2.252513e-03 train_decoder_tail=3.834793e-06
I 07.02/14:08:22 train_mapper.py:622 ] epoch=0314 train_loss=4.291811e-03 train_mse=4.266228e-03 train_cos=0.996700 train_nmse=-21.774dB train_rec=1.625308e-06 train_recT=1.087354e-06 train_fc=2.248750e-03 train_decoder_tail=3.835264e-06
I 07.02/14:08:51 train_mapper.py:622 ] epoch=0315 train_loss=4.289897e-03 train_mse=4.264338e-03 train_cos=0.996701 train_nmse=-21.776dB train_rec=1.625756e-06 train_recT=1.087795e-06 train_fc=2.246097e-03 train_decoder_tail=3.839979e-06
I 07.02/14:09:22 train_mapper.py:622 ] epoch=0316 train_loss=4.276729e-03 train_mse=4.251250e-03 train_cos=0.996711 train_nmse=-21.789dB train_rec=1.619000e-06 train_recT=1.081143e-06 train_fc=2.239688e-03 train_decoder_tail=3.820196e-06
I 07.02/14:09:51 train_mapper.py:622 ] epoch=0317 train_loss=4.277551e-03 train_mse=4.252037e-03 train_cos=0.996710 train_nmse=-21.788dB train_rec=1.621608e-06 train_recT=1.083642e-06 train_fc=2.242532e-03 train_decoder_tail=3.828339e-06
I 07.02/14:10:22 train_mapper.py:622 ] epoch=0318 train_loss=4.271712e-03 train_mse=4.246248e-03 train_cos=0.996715 train_nmse=-21.794dB train_rec=1.619293e-06 train_recT=1.081171e-06 train_fc=2.238119e-03 train_decoder_tail=3.821358e-06
I 07.02/14:10:52 train_mapper.py:622 ] epoch=0319 train_loss=4.280738e-03 train_mse=4.255215e-03 train_cos=0.996707 train_nmse=-21.785dB train_rec=1.629431e-06 train_recT=1.091479e-06 train_fc=2.241869e-03 train_decoder_tail=3.833937e-06
I 07.02/14:11:26 train_mapper.py:622 ] epoch=0320 train_loss=4.259945e-03 train_mse=4.234545e-03 train_cos=0.996724 train_nmse=-21.806dB train_rec=1.618176e-06 train_recT=1.080157e-06 train_fc=2.231971e-03 train_decoder_tail=3.815751e-06
I 07.02/14:11:59 train_mapper.py:622 ] epoch=0321 train_loss=4.254088e-03 train_mse=4.228712e-03 train_cos=0.996728 train_nmse=-21.812dB train_rec=1.616984e-06 train_recT=1.079318e-06 train_fc=2.229843e-03 train_decoder_tail=3.812853e-06
I 07.02/14:12:28 train_mapper.py:622 ] epoch=0322 train_loss=4.247772e-03 train_mse=4.222445e-03 train_cos=0.996733 train_nmse=-21.819dB train_rec=1.613200e-06 train_recT=1.075132e-06 train_fc=2.225808e-03 train_decoder_tail=3.807668e-06
I 07.02/14:12:53 train_mapper.py:622 ] epoch=0323 train_loss=4.238134e-03 train_mse=4.212868e-03 train_cos=0.996740 train_nmse=-21.828dB train_rec=1.606747e-06 train_recT=1.069011e-06 train_fc=2.221136e-03 train_decoder_tail=3.792772e-06
I 07.02/14:13:17 train_mapper.py:622 ] epoch=0324 train_loss=4.231600e-03 train_mse=4.206364e-03 train_cos=0.996744 train_nmse=-21.835dB train_rec=1.609179e-06 train_recT=1.071546e-06 train_fc=2.217508e-03 train_decoder_tail=3.796166e-06
I 07.02/14:13:35 train_mapper.py:622 ] epoch=0325 train_loss=4.230697e-03 train_mse=4.205467e-03 train_cos=0.996746 train_nmse=-21.836dB train_rec=1.612636e-06 train_recT=1.074846e-06 train_fc=2.216262e-03 train_decoder_tail=3.797054e-06
I 07.02/14:13:50 train_mapper.py:622 ] epoch=0326 train_loss=4.229121e-03 train_mse=4.203892e-03 train_cos=0.996747 train_nmse=-21.838dB train_rec=1.612872e-06 train_recT=1.074740e-06 train_fc=2.216258e-03 train_decoder_tail=3.794516e-06
I 07.02/14:14:08 train_mapper.py:622 ] epoch=0327 train_loss=4.233433e-03 train_mse=4.208191e-03 train_cos=0.996743 train_nmse=-21.833dB train_rec=1.611651e-06 train_recT=1.073609e-06 train_fc=2.217729e-03 train_decoder_tail=3.797155e-06
I 07.02/14:14:26 train_mapper.py:622 ] epoch=0328 train_loss=4.216264e-03 train_mse=4.191123e-03 train_cos=0.996757 train_nmse=-21.851dB train_rec=1.604501e-06 train_recT=1.066497e-06 train_fc=2.209121e-03 train_decoder_tail=3.788488e-06
I 07.02/14:14:43 train_mapper.py:622 ] epoch=0329 train_loss=4.208846e-03 train_mse=4.183737e-03 train_cos=0.996762 train_nmse=-21.859dB train_rec=1.603231e-06 train_recT=1.065321e-06 train_fc=2.206240e-03 train_decoder_tail=3.782262e-06
I 07.02/14:14:59 train_mapper.py:622 ] epoch=0330 train_loss=4.210393e-03 train_mse=4.185290e-03 train_cos=0.996761 train_nmse=-21.857dB train_rec=1.605555e-06 train_recT=1.067291e-06 train_fc=2.205077e-03 train_decoder_tail=3.784932e-06
I 07.02/14:15:17 train_mapper.py:622 ] epoch=0331 train_loss=4.198377e-03 train_mse=4.173316e-03 train_cos=0.996769 train_nmse=-21.869dB train_rec=1.607158e-06 train_recT=1.069001e-06 train_fc=2.200638e-03 train_decoder_tail=3.781303e-06
I 07.02/14:15:38 train_mapper.py:622 ] epoch=0332 train_loss=4.184267e-03 train_mse=4.159333e-03 train_cos=0.996781 train_nmse=-21.884dB train_rec=1.597165e-06 train_recT=1.059339e-06 train_fc=2.190083e-03 train_decoder_tail=3.769052e-06
I 07.02/14:15:55 train_mapper.py:622 ] epoch=0333 train_loss=4.183689e-03 train_mse=4.158736e-03 train_cos=0.996780 train_nmse=-21.884dB train_rec=1.597354e-06 train_recT=1.059153e-06 train_fc=2.192054e-03 train_decoder_tail=3.761527e-06
I 07.02/14:16:13 train_mapper.py:622 ] epoch=0334 train_loss=4.177632e-03 train_mse=4.152717e-03 train_cos=0.996785 train_nmse=-21.891dB train_rec=1.594225e-06 train_recT=1.056396e-06 train_fc=2.188803e-03 train_decoder_tail=3.760360e-06
I 07.02/14:16:32 train_mapper.py:622 ] epoch=0335 train_loss=4.187092e-03 train_mse=4.162123e-03 train_cos=0.996778 train_nmse=-21.881dB train_rec=1.599968e-06 train_recT=1.062120e-06 train_fc=2.193070e-03 train_decoder_tail=3.766121e-06
I 07.02/14:16:47 train_mapper.py:622 ] epoch=0336 train_loss=4.168778e-03 train_mse=4.143912e-03 train_cos=0.996793 train_nmse=-21.900dB train_rec=1.595560e-06 train_recT=1.057439e-06 train_fc=2.183643e-03 train_decoder_tail=3.761837e-06
I 07.02/14:17:02 train_mapper.py:622 ] epoch=0337 train_loss=4.168553e-03 train_mse=4.143693e-03 train_cos=0.996792 train_nmse=-21.900dB train_rec=1.594359e-06 train_recT=1.056584e-06 train_fc=2.183297e-03 train_decoder_tail=3.759623e-06
I 07.02/14:17:18 train_mapper.py:622 ] epoch=0338 train_loss=4.154966e-03 train_mse=4.130188e-03 train_cos=0.996802 train_nmse=-21.914dB train_rec=1.593032e-06 train_recT=1.054772e-06 train_fc=2.175429e-03 train_decoder_tail=3.755160e-06
I 07.02/14:17:32 train_mapper.py:622 ] epoch=0339 train_loss=4.155632e-03 train_mse=4.130833e-03 train_cos=0.996803 train_nmse=-21.914dB train_rec=1.592570e-06 train_recT=1.054573e-06 train_fc=2.177658e-03 train_decoder_tail=3.754208e-06
I 07.02/14:17:46 train_mapper.py:622 ] epoch=0340 train_loss=4.153118e-03 train_mse=4.128335e-03 train_cos=0.996804 train_nmse=-21.916dB train_rec=1.590350e-06 train_recT=1.052387e-06 train_fc=2.176632e-03 train_decoder_tail=3.747667e-06
I 07.02/14:18:01 train_mapper.py:622 ] epoch=0341 train_loss=4.151135e-03 train_mse=4.126379e-03 train_cos=0.996805 train_nmse=-21.918dB train_rec=1.589980e-06 train_recT=1.052075e-06 train_fc=2.173911e-03 train_decoder_tail=3.747216e-06
I 07.02/14:18:20 train_mapper.py:622 ] epoch=0342 train_loss=4.136825e-03 train_mse=4.112151e-03 train_cos=0.996815 train_nmse=-21.934dB train_rec=1.583173e-06 train_recT=1.045080e-06 train_fc=2.167193e-03 train_decoder_tail=3.729710e-06
I 07.02/14:18:35 train_mapper.py:622 ] epoch=0343 train_loss=4.126737e-03 train_mse=4.102118e-03 train_cos=0.996823 train_nmse=-21.944dB train_rec=1.585991e-06 train_recT=1.047968e-06 train_fc=2.161236e-03 train_decoder_tail=3.731656e-06
I 07.02/14:18:49 train_mapper.py:622 ] epoch=0344 train_loss=4.117794e-03 train_mse=4.093247e-03 train_cos=0.996829 train_nmse=-21.953dB train_rec=1.578377e-06 train_recT=1.040602e-06 train_fc=2.155599e-03 train_decoder_tail=3.719993e-06
I 07.02/14:19:05 train_mapper.py:622 ] epoch=0345 train_loss=4.119161e-03 train_mse=4.094597e-03 train_cos=0.996829 train_nmse=-21.952dB train_rec=1.578164e-06 train_recT=1.040269e-06 train_fc=2.157330e-03 train_decoder_tail=3.721767e-06
I 07.02/14:19:18 train_mapper.py:622 ] epoch=0346 train_loss=4.120526e-03 train_mse=4.095950e-03 train_cos=0.996829 train_nmse=-21.951dB train_rec=1.577841e-06 train_recT=1.039818e-06 train_fc=2.158593e-03 train_decoder_tail=3.718478e-06
I 07.02/14:19:33 train_mapper.py:622 ] epoch=0347 train_loss=4.112663e-03 train_mse=4.088120e-03 train_cos=0.996834 train_nmse=-21.959dB train_rec=1.577348e-06 train_recT=1.039456e-06 train_fc=2.155412e-03 train_decoder_tail=3.719325e-06
I 07.02/14:19:47 train_mapper.py:622 ] epoch=0348 train_loss=4.111802e-03 train_mse=4.087278e-03 train_cos=0.996836 train_nmse=-21.960dB train_rec=1.578895e-06 train_recT=1.041223e-06 train_fc=2.153124e-03 train_decoder_tail=3.724612e-06
I 07.02/14:20:00 train_mapper.py:622 ] epoch=0349 train_loss=4.106290e-03 train_mse=4.081793e-03 train_cos=0.996839 train_nmse=-21.966dB train_rec=1.575399e-06 train_recT=1.037295e-06 train_fc=2.151301e-03 train_decoder_tail=3.715695e-06
I 07.02/14:20:16 train_mapper.py:622 ] epoch=0350 train_loss=4.090895e-03 train_mse=4.066504e-03 train_cos=0.996851 train_nmse=-21.982dB train_rec=1.570731e-06 train_recT=1.033010e-06 train_fc=2.141584e-03 train_decoder_tail=3.705463e-06
I 07.02/14:20:31 train_mapper.py:622 ] epoch=0351 train_loss=4.098070e-03 train_mse=4.073606e-03 train_cos=0.996847 train_nmse=-21.974dB train_rec=1.575436e-06 train_recT=1.037364e-06 train_fc=2.148020e-03 train_decoder_tail=3.717011e-06
I 07.02/14:20:47 train_mapper.py:622 ] epoch=0352 train_loss=4.093376e-03 train_mse=4.068951e-03 train_cos=0.996849 train_nmse=-21.980dB train_rec=1.578360e-06 train_recT=1.040205e-06 train_fc=2.143432e-03 train_decoder_tail=3.715808e-06
I 07.02/14:21:07 train_mapper.py:622 ] epoch=0353 train_loss=4.091526e-03 train_mse=4.067099e-03 train_cos=0.996849 train_nmse=-21.981dB train_rec=1.574213e-06 train_recT=1.036222e-06 train_fc=2.144570e-03 train_decoder_tail=3.705816e-06
I 07.02/14:21:23 train_mapper.py:622 ] epoch=0354 train_loss=4.084929e-03 train_mse=4.060578e-03 train_cos=0.996855 train_nmse=-21.988dB train_rec=1.573158e-06 train_recT=1.035331e-06 train_fc=2.137148e-03 train_decoder_tail=3.705790e-06
I 07.02/14:21:37 train_mapper.py:622 ] epoch=0355 train_loss=4.079830e-03 train_mse=4.055485e-03 train_cos=0.996859 train_nmse=-21.994dB train_rec=1.571894e-06 train_recT=1.033816e-06 train_fc=2.136908e-03 train_decoder_tail=3.703028e-06
I 07.02/14:21:50 train_mapper.py:622 ] epoch=0356 train_loss=4.075671e-03 train_mse=4.051345e-03 train_cos=0.996863 train_nmse=-21.998dB train_rec=1.572506e-06 train_recT=1.034648e-06 train_fc=2.134806e-03 train_decoder_tail=3.702951e-06
I 07.02/14:22:05 train_mapper.py:622 ] epoch=0357 train_loss=4.066523e-03 train_mse=4.042262e-03 train_cos=0.996869 train_nmse=-22.008dB train_rec=1.565126e-06 train_recT=1.027085e-06 train_fc=2.129982e-03 train_decoder_tail=3.690901e-06
I 07.02/14:22:18 train_mapper.py:622 ] epoch=0358 train_loss=4.059344e-03 train_mse=4.035134e-03 train_cos=0.996875 train_nmse=-22.016dB train_rec=1.564598e-06 train_recT=1.026551e-06 train_fc=2.124959e-03 train_decoder_tail=3.690368e-06
I 07.02/14:22:32 train_mapper.py:622 ] epoch=0359 train_loss=4.057759e-03 train_mse=4.033538e-03 train_cos=0.996876 train_nmse=-22.017dB train_rec=1.565306e-06 train_recT=1.027489e-06 train_fc=2.125964e-03 train_decoder_tail=3.690660e-06
I 07.02/14:22:45 train_mapper.py:622 ] epoch=0360 train_loss=4.056474e-03 train_mse=4.032253e-03 train_cos=0.996876 train_nmse=-22.019dB train_rec=1.569042e-06 train_recT=1.031152e-06 train_fc=2.125196e-03 train_decoder_tail=3.692617e-06
I 07.02/14:23:00 train_mapper.py:622 ] epoch=0361 train_loss=4.047480e-03 train_mse=4.023328e-03 train_cos=0.996883 train_nmse=-22.028dB train_rec=1.565772e-06 train_recT=1.027577e-06 train_fc=2.118987e-03 train_decoder_tail=3.686908e-06
I 07.02/14:23:16 train_mapper.py:622 ] epoch=0362 train_loss=4.033936e-03 train_mse=4.009866e-03 train_cos=0.996894 train_nmse=-22.043dB train_rec=1.560186e-06 train_recT=1.022482e-06 train_fc=2.111960e-03 train_decoder_tail=3.674709e-06
I 07.02/14:23:30 train_mapper.py:622 ] epoch=0363 train_loss=4.032682e-03 train_mse=4.008616e-03 train_cos=0.996895 train_nmse=-22.044dB train_rec=1.556334e-06 train_recT=1.018325e-06 train_fc=2.112447e-03 train_decoder_tail=3.671215e-06
I 07.02/14:23:43 train_mapper.py:622 ] epoch=0364 train_loss=4.044108e-03 train_mse=4.019978e-03 train_cos=0.996885 train_nmse=-22.032dB train_rec=1.564458e-06 train_recT=1.026712e-06 train_fc=2.117075e-03 train_decoder_tail=3.677464e-06
I 07.02/14:23:56 train_mapper.py:622 ] epoch=0365 train_loss=4.022644e-03 train_mse=3.998642e-03 train_cos=0.996903 train_nmse=-22.055dB train_rec=1.553540e-06 train_recT=1.015800e-06 train_fc=2.106574e-03 train_decoder_tail=3.664011e-06
I 07.02/14:24:12 train_mapper.py:622 ] epoch=0366 train_loss=4.025489e-03 train_mse=4.001484e-03 train_cos=0.996900 train_nmse=-22.052dB train_rec=1.553761e-06 train_recT=1.015885e-06 train_fc=2.106918e-03 train_decoder_tail=3.661361e-06
I 07.02/14:24:26 train_mapper.py:622 ] epoch=0367 train_loss=4.027096e-03 train_mse=4.003034e-03 train_cos=0.996899 train_nmse=-22.050dB train_rec=1.562207e-06 train_recT=1.024301e-06 train_fc=2.110810e-03 train_decoder_tail=3.674312e-06
I 07.02/14:24:40 train_mapper.py:622 ] epoch=0368 train_loss=4.010744e-03 train_mse=3.986796e-03 train_cos=0.996913 train_nmse=-22.068dB train_rec=1.554069e-06 train_recT=1.016293e-06 train_fc=2.101152e-03 train_decoder_tail=3.662546e-06
I 07.02/14:24:53 train_mapper.py:622 ] epoch=0369 train_loss=4.000968e-03 train_mse=3.977086e-03 train_cos=0.996919 train_nmse=-22.078dB train_rec=1.547066e-06 train_recT=1.009447e-06 train_fc=2.096024e-03 train_decoder_tail=3.648578e-06
I 07.02/14:25:10 train_mapper.py:622 ] epoch=0370 train_loss=4.011142e-03 train_mse=3.987180e-03 train_cos=0.996911 train_nmse=-22.067dB train_rec=1.558293e-06 train_recT=1.020593e-06 train_fc=2.101708e-03 train_decoder_tail=3.664089e-06
I 07.02/14:25:23 train_mapper.py:622 ] epoch=0371 train_loss=4.003680e-03 train_mse=3.979768e-03 train_cos=0.996918 train_nmse=-22.076dB train_rec=1.555061e-06 train_recT=1.017177e-06 train_fc=2.097362e-03 train_decoder_tail=3.660881e-06
I 07.02/14:25:36 train_mapper.py:622 ] epoch=0372 train_loss=3.998202e-03 train_mse=3.974348e-03 train_cos=0.996922 train_nmse=-22.081dB train_rec=1.546161e-06 train_recT=1.008394e-06 train_fc=2.093464e-03 train_decoder_tail=3.650225e-06
I 07.02/14:25:49 train_mapper.py:622 ] epoch=0373 train_loss=3.996823e-03 train_mse=3.972967e-03 train_cos=0.996922 train_nmse=-22.083dB train_rec=1.549400e-06 train_recT=1.011497e-06 train_fc=2.092944e-03 train_decoder_tail=3.652899e-06
I 07.02/14:26:05 train_mapper.py:622 ] epoch=0374 train_loss=3.985238e-03 train_mse=3.961459e-03 train_cos=0.996931 train_nmse=-22.096dB train_rec=1.545202e-06 train_recT=1.007364e-06 train_fc=2.086179e-03 train_decoder_tail=3.642897e-06
I 07.02/14:26:18 train_mapper.py:622 ] epoch=0375 train_loss=3.989486e-03 train_mse=3.965659e-03 train_cos=0.996928 train_nmse=-22.091dB train_rec=1.552583e-06 train_recT=1.014419e-06 train_fc=2.089448e-03 train_decoder_tail=3.654883e-06
I 07.02/14:26:31 train_mapper.py:622 ] epoch=0376 train_loss=3.984465e-03 train_mse=3.960672e-03 train_cos=0.996931 train_nmse=-22.096dB train_rec=1.547803e-06 train_recT=1.010335e-06 train_fc=2.086988e-03 train_decoder_tail=3.647858e-06
I 07.02/14:26:44 train_mapper.py:622 ] epoch=0377 train_loss=3.965811e-03 train_mse=3.942142e-03 train_cos=0.996946 train_nmse=-22.117dB train_rec=1.542518e-06 train_recT=1.004422e-06 train_fc=2.075818e-03 train_decoder_tail=3.638951e-06
I 07.02/14:26:57 train_mapper.py:622 ] epoch=0378 train_loss=3.964856e-03 train_mse=3.941178e-03 train_cos=0.996946 train_nmse=-22.118dB train_rec=1.543660e-06 train_recT=1.005844e-06 train_fc=2.076504e-03 train_decoder_tail=3.635531e-06
I 07.02/14:27:12 train_mapper.py:622 ] epoch=0379 train_loss=3.968968e-03 train_mse=3.945255e-03 train_cos=0.996943 train_nmse=-22.114dB train_rec=1.544875e-06 train_recT=1.006974e-06 train_fc=2.079719e-03 train_decoder_tail=3.638270e-06
I 07.02/14:27:25 train_mapper.py:622 ] epoch=0380 train_loss=3.967850e-03 train_mse=3.944164e-03 train_cos=0.996943 train_nmse=-22.114dB train_rec=1.543537e-06 train_recT=1.005910e-06 train_fc=2.077384e-03 train_decoder_tail=3.632589e-06
I 07.02/14:27:38 train_mapper.py:622 ] epoch=0381 train_loss=3.956559e-03 train_mse=3.932959e-03 train_cos=0.996952 train_nmse=-22.127dB train_rec=1.536903e-06 train_recT=9.991050e-07 train_fc=2.070230e-03 train_decoder_tail=3.623523e-06
I 07.02/14:27:50 train_mapper.py:622 ] epoch=0382 train_loss=3.953471e-03 train_mse=3.929862e-03 train_cos=0.996954 train_nmse=-22.130dB train_rec=1.540407e-06 train_recT=1.002446e-06 train_fc=2.070332e-03 train_decoder_tail=3.624252e-06
I 07.02/14:28:06 train_mapper.py:622 ] epoch=0383 train_loss=3.941317e-03 train_mse=3.917776e-03 train_cos=0.996964 train_nmse=-22.144dB train_rec=1.536311e-06 train_recT=9.985813e-07 train_fc=2.064442e-03 train_decoder_tail=3.619938e-06
I 07.02/14:28:19 train_mapper.py:622 ] epoch=0384 train_loss=3.944298e-03 train_mse=3.920756e-03 train_cos=0.996961 train_nmse=-22.140dB train_rec=1.534434e-06 train_recT=9.967559e-07 train_fc=2.064883e-03 train_decoder_tail=3.617497e-06
I 07.02/14:28:31 train_mapper.py:622 ] epoch=0385 train_loss=3.943079e-03 train_mse=3.919535e-03 train_cos=0.996962 train_nmse=-22.142dB train_rec=1.535132e-06 train_recT=9.971345e-07 train_fc=2.065000e-03 train_decoder_tail=3.616471e-06
I 07.02/14:28:44 train_mapper.py:622 ] epoch=0386 train_loss=3.933143e-03 train_mse=3.909653e-03 train_cos=0.996971 train_nmse=-22.153dB train_rec=1.532192e-06 train_recT=9.945057e-07 train_fc=2.060202e-03 train_decoder_tail=3.613580e-06
I 07.02/14:28:56 train_mapper.py:622 ] epoch=0387 train_loss=3.933865e-03 train_mse=3.910375e-03 train_cos=0.996969 train_nmse=-22.152dB train_rec=1.537880e-06 train_recT=1.000040e-06 train_fc=2.058949e-03 train_decoder_tail=3.618696e-06
I 07.02/14:29:12 train_mapper.py:622 ] epoch=0388 train_loss=3.916003e-03 train_mse=3.892615e-03 train_cos=0.996983 train_nmse=-22.172dB train_rec=1.528013e-06 train_recT=9.904261e-07 train_fc=2.050948e-03 train_decoder_tail=3.598334e-06
I 07.02/14:29:25 train_mapper.py:622 ] epoch=0389 train_loss=3.926862e-03 train_mse=3.903422e-03 train_cos=0.996974 train_nmse=-22.160dB train_rec=1.530892e-06 train_recT=9.928421e-07 train_fc=2.055503e-03 train_decoder_tail=3.605999e-06
I 07.02/14:29:38 train_mapper.py:622 ] epoch=0390 train_loss=3.913904e-03 train_mse=3.890522e-03 train_cos=0.996985 train_nmse=-22.174dB train_rec=1.525843e-06 train_recT=9.880997e-07 train_fc=2.050918e-03 train_decoder_tail=3.596457e-06
I 07.02/14:29:51 train_mapper.py:622 ] epoch=0391 train_loss=3.910308e-03 train_mse=3.886949e-03 train_cos=0.996987 train_nmse=-22.178dB train_rec=1.530930e-06 train_recT=9.931554e-07 train_fc=2.047417e-03 train_decoder_tail=3.606563e-06
I 07.02/14:30:07 train_mapper.py:622 ] epoch=0392 train_loss=3.915531e-03 train_mse=3.892133e-03 train_cos=0.996985 train_nmse=-22.172dB train_rec=1.533467e-06 train_recT=9.956097e-07 train_fc=2.050800e-03 train_decoder_tail=3.607857e-06
I 07.02/14:30:21 train_mapper.py:622 ] epoch=0393 train_loss=3.913358e-03 train_mse=3.890001e-03 train_cos=0.996986 train_nmse=-22.175dB train_rec=1.529274e-06 train_recT=9.917264e-07 train_fc=2.047580e-03 train_decoder_tail=3.604040e-06
I 07.02/14:30:34 train_mapper.py:622 ] epoch=0394 train_loss=3.908343e-03 train_mse=3.884990e-03 train_cos=0.996989 train_nmse=-22.180dB train_rec=1.529127e-06 train_recT=9.911581e-07 train_fc=2.047291e-03 train_decoder_tail=3.602615e-06
I 07.02/14:30:47 train_mapper.py:622 ] epoch=0395 train_loss=3.897477e-03 train_mse=3.874198e-03 train_cos=0.996999 train_nmse=-22.192dB train_rec=1.523305e-06 train_recT=9.856307e-07 train_fc=2.041095e-03 train_decoder_tail=3.593453e-06
I 07.02/14:31:01 train_mapper.py:622 ] epoch=0396 train_loss=3.891133e-03 train_mse=3.867911e-03 train_cos=0.997002 train_nmse=-22.199dB train_rec=1.523337e-06 train_recT=9.852885e-07 train_fc=2.035481e-03 train_decoder_tail=3.590744e-06
I 07.02/14:31:16 train_mapper.py:622 ] epoch=0397 train_loss=3.883963e-03 train_mse=3.860791e-03 train_cos=0.997007 train_nmse=-22.207dB train_rec=1.520602e-06 train_recT=9.829057e-07 train_fc=2.031028e-03 train_decoder_tail=3.584969e-06
I 07.02/14:31:30 train_mapper.py:622 ] epoch=0398 train_loss=3.881868e-03 train_mse=3.858680e-03 train_cos=0.997010 train_nmse=-22.210dB train_rec=1.521659e-06 train_recT=9.838251e-07 train_fc=2.032352e-03 train_decoder_tail=3.586067e-06
I 07.02/14:31:43 train_mapper.py:622 ] epoch=0399 train_loss=3.879474e-03 train_mse=3.856304e-03 train_cos=0.997012 train_nmse=-22.212dB train_rec=1.521280e-06 train_recT=9.836773e-07 train_fc=2.030569e-03 train_decoder_tail=3.587857e-06
I 07.02/14:31:56 train_mapper.py:622 ] epoch=0400 train_loss=3.883958e-03 train_mse=3.860771e-03 train_cos=0.997007 train_nmse=-22.207dB train_rec=1.520663e-06 train_recT=9.828275e-07 train_fc=2.032608e-03 train_decoder_tail=3.582032e-06
I 07.02/14:32:40 train_mapper.py:738 ] best_loss_epoch=399 best_loss_selection=train_loss best_loss_metric=3.879474e-03 best_loss_mse=3.856304e-03 best_loss_loss=3.879474e-03
I 07.02/14:32:40 train_mapper.py:743 ] best_mse_epoch=399 best_mse_selection=train_mse best_mse_metric=3.856304e-03 best_mse_mse=3.856304e-03 best_mse_loss=3.879474e-03
I 07.02/14:32:40 train_mapper.py:749 ] all_best_loss_mse=3.747510e-03 all_best_loss_cos=0.997094 all_best_loss_nmse=-22.336dB
I 07.02/14:32:40 train_mapper.py:753 ] all_best_mse_mse=3.747510e-03 all_best_mse_cos=0.997094 all_best_mse_nmse=-22.336dB
