I 07.02/06:57:41 train_mapper.py:431 ] => Experiment directory: mapper/exps_decoder_aware/mlp/smooth_tail_white_recT_rec_fc/seed2026_transnet_transnet_to_seed42_transnet_lr5e-4_ep400
I 07.02/06:57:41 train_mapper.py:432 ] => Checkpoint directory: mapper/exps_decoder_aware/mlp/smooth_tail_white_recT_rec_fc/seed2026_transnet_transnet_to_seed42_transnet_lr5e-4_ep400/checkpoints
I 07.02/06:57:41 train_mapper.py:433 ] => Codeword directory: mapper/exps_decoder_aware/mlp/smooth_tail_white_recT_rec_fc/seed2026_transnet_transnet_to_seed42_transnet_lr5e-4_ep400/codewords
I 07.02/06:57:41 train_mapper.py:434 ] => TensorBoard directory: mapper/exps_decoder_aware/mlp/smooth_tail_white_recT_rec_fc/seed2026_transnet_transnet_to_seed42_transnet_lr5e-4_ep400/tensorboard
I 07.02/07:01:07 train_mapper.py:519 ] => Loaded fixed decoder from exps/COST2100/in/seed42/transnet_transnet/checkpoints/best_nmse.pth
I 07.02/07:01:07 train_mapper.py:521 ] => Loaded CSI tensor (100000, 2, 32, 32) from /storage/hujiacong/zxd/datasets/cost2100/in_train.pt
I 07.02/07:01:07 train_mapper.py:524 ] device=cuda
I 07.02/07:01:07 train_mapper.py:525 ] mapper=mlp, params=8403968
I 07.02/07:01:07 train_mapper.py:527 ] train=100000, val=0, code_dim=512
I 07.02/07:01:07 train_mapper.py:529 ] val_ratio<=0: skip per-epoch validation; select best checkpoint by train loss
I 07.02/07:01:07 train_mapper.py:531 ] loss=mse + smoothl1*0.5 + sample_tail*0.1 + dim_tail*0.05 + whiten*0.0001 + rec*1.0 + recT*1.0 + fc*0.01 + decoder_tail*0.1 + cos*0.0 + cov*0.0
I 07.02/07:03:35 train_mapper.py:622 ] epoch=0001 train_loss=6.764145e-01 train_mse=3.676532e-01 train_cos=0.804917 train_nmse=-3.249dB train_rec=1.979160e-03 train_recT=1.978768e-03 train_fc=3.538921e-01 train_decoder_tail=3.700861e-03
I 07.02/07:06:00 train_mapper.py:622 ] epoch=0002 train_loss=2.647832e-01 train_mse=1.155518e-01 train_cos=0.951282 train_nmse=-7.508dB train_rec=1.703107e-04 train_recT=1.702531e-04 train_fc=9.624914e-02 train_decoder_tail=4.777708e-04
I 07.02/07:08:18 train_mapper.py:622 ] epoch=0003 train_loss=1.853603e-01 train_mse=7.326030e-02 train_cos=0.970358 train_nmse=-9.444dB train_rec=1.083129e-04 train_recT=1.081478e-04 train_fc=6.722648e-02 train_decoder_tail=3.352794e-04
I 07.02/07:10:35 train_mapper.py:622 ] epoch=0004 train_loss=1.497753e-01 train_mse=5.570996e-02 train_cos=0.976414 train_nmse=-10.623dB train_rec=7.246253e-05 train_recT=7.219805e-05 train_fc=5.255386e-02 train_decoder_tail=2.270468e-04
I 07.02/07:12:50 train_mapper.py:622 ] epoch=0005 train_loss=1.301427e-01 train_mse=4.652603e-02 train_cos=0.979100 train_nmse=-11.400dB train_rec=5.117358e-05 train_recT=5.083071e-05 train_fc=4.363374e-02 train_decoder_tail=1.579458e-04
I 07.02/07:15:06 train_mapper.py:622 ] epoch=0006 train_loss=1.186701e-01 train_mse=4.134969e-02 train_cos=0.980644 train_nmse=-11.910dB train_rec=3.857856e-05 train_recT=3.817669e-05 train_fc=3.817891e-02 train_decoder_tail=1.163838e-04
I 07.02/07:17:17 train_mapper.py:622 ] epoch=0007 train_loss=1.116361e-01 train_mse=3.827252e-02 train_cos=0.981748 train_nmse=-12.246dB train_rec=3.135953e-05 train_recT=3.091796e-05 train_fc=3.489101e-02 train_decoder_tail=9.264562e-05
I 07.02/07:19:32 train_mapper.py:622 ] epoch=0008 train_loss=1.072199e-01 train_mse=3.637388e-02 train_cos=0.982558 train_nmse=-12.467dB train_rec=2.704766e-05 train_recT=2.657967e-05 train_fc=3.297804e-02 train_decoder_tail=7.875439e-05
I 07.02/07:21:39 train_mapper.py:622 ] epoch=0009 train_loss=1.038197e-01 train_mse=3.492567e-02 train_cos=0.983285 train_nmse=-12.643dB train_rec=2.432047e-05 train_recT=2.383567e-05 train_fc=3.171669e-02 train_decoder_tail=7.037916e-05
I 07.02/07:23:43 train_mapper.py:622 ] epoch=0010 train_loss=1.010673e-01 train_mse=3.375612e-02 train_cos=0.983882 train_nmse=-12.791dB train_rec=2.247875e-05 train_recT=2.198292e-05 train_fc=3.077417e-02 train_decoder_tail=6.473397e-05
I 07.02/07:25:42 train_mapper.py:622 ] epoch=0011 train_loss=9.835290e-02 train_mse=3.260539e-02 train_cos=0.984470 train_nmse=-12.942dB train_rec=2.092864e-05 train_recT=2.042626e-05 train_fc=2.993732e-02 train_decoder_tail=6.014676e-05
I 07.02/07:27:47 train_mapper.py:622 ] epoch=0012 train_loss=9.597714e-02 train_mse=3.158917e-02 train_cos=0.984916 train_nmse=-13.080dB train_rec=1.963997e-05 train_recT=1.913301e-05 train_fc=2.920150e-02 train_decoder_tail=5.627033e-05
I 07.02/07:29:47 train_mapper.py:622 ] epoch=0013 train_loss=9.344311e-02 train_mse=3.051526e-02 train_cos=0.985358 train_nmse=-13.230dB train_rec=1.835814e-05 train_recT=1.784694e-05 train_fc=2.834256e-02 train_decoder_tail=5.244887e-05
I 07.02/07:31:55 train_mapper.py:622 ] epoch=0014 train_loss=9.081863e-02 train_mse=2.941193e-02 train_cos=0.985730 train_nmse=-13.390dB train_rec=1.696575e-05 train_recT=1.645097e-05 train_fc=2.737435e-02 train_decoder_tail=4.821075e-05
I 07.02/07:33:56 train_mapper.py:622 ] epoch=0015 train_loss=8.809644e-02 train_mse=2.828079e-02 train_cos=0.985939 train_nmse=-13.560dB train_rec=1.526444e-05 train_recT=1.474415e-05 train_fc=2.601568e-02 train_decoder_tail=4.313772e-05
I 07.02/07:36:01 train_mapper.py:622 ] epoch=0016 train_loss=8.459075e-02 train_mse=2.690836e-02 train_cos=0.985890 train_nmse=-13.777dB train_rec=1.289636e-05 train_recT=1.236628e-05 train_fc=2.363250e-02 train_decoder_tail=3.680523e-05
I 07.02/07:38:00 train_mapper.py:622 ] epoch=0017 train_loss=7.937325e-02 train_mse=2.492801e-02 train_cos=0.985743 train_nmse=-14.110dB train_rec=1.023511e-05 train_recT=9.692762e-06 train_fc=1.979025e-02 train_decoder_tail=3.155052e-05
I 07.02/07:40:06 train_mapper.py:622 ] epoch=0018 train_loss=7.380950e-02 train_mse=2.273324e-02 train_cos=0.986157 train_nmse=-14.509dB train_rec=8.606892e-06 train_recT=8.061666e-06 train_fc=1.647335e-02 train_decoder_tail=2.786466e-05
I 07.02/07:42:07 train_mapper.py:622 ] epoch=0019 train_loss=6.928948e-02 train_mse=2.094092e-02 train_cos=0.986691 train_nmse=-14.866dB train_rec=7.622656e-06 train_recT=7.080189e-06 train_fc=1.423716e-02 train_decoder_tail=2.465860e-05
I 07.02/07:44:05 train_mapper.py:622 ] epoch=0020 train_loss=6.597006e-02 train_mse=1.963324e-02 train_cos=0.987118 train_nmse=-15.146dB train_rec=6.917425e-06 train_recT=6.376717e-06 train_fc=1.273763e-02 train_decoder_tail=2.213828e-05
I 07.02/07:46:00 train_mapper.py:622 ] epoch=0021 train_loss=6.344077e-02 train_mse=1.864527e-02 train_cos=0.987486 train_nmse=-15.369dB train_rec=6.432530e-06 train_recT=5.892719e-06 train_fc=1.168550e-02 train_decoder_tail=2.027388e-05
I 07.02/07:47:55 train_mapper.py:622 ] epoch=0022 train_loss=6.117464e-02 train_mse=1.777499e-02 train_cos=0.987863 train_nmse=-15.577dB train_rec=5.998732e-06 train_recT=5.460544e-06 train_fc=1.085986e-02 train_decoder_tail=1.868466e-05
I 07.02/07:49:51 train_mapper.py:622 ] epoch=0023 train_loss=5.945256e-02 train_mse=1.711317e-02 train_cos=0.988155 train_nmse=-15.741dB train_rec=5.687127e-06 train_recT=5.149482e-06 train_fc=1.026124e-02 train_decoder_tail=1.747478e-05
I 07.02/07:51:50 train_mapper.py:622 ] epoch=0024 train_loss=5.792886e-02 train_mse=1.653618e-02 train_cos=0.988431 train_nmse=-15.890dB train_rec=5.407954e-06 train_recT=4.870556e-06 train_fc=9.762484e-03 train_decoder_tail=1.642122e-05
I 07.02/07:53:41 train_mapper.py:622 ] epoch=0025 train_loss=5.642962e-02 train_mse=1.597959e-02 train_cos=0.988724 train_nmse=-16.039dB train_rec=5.177155e-06 train_recT=4.640468e-06 train_fc=9.322940e-03 train_decoder_tail=1.555866e-05
I 07.02/07:55:32 train_mapper.py:622 ] epoch=0026 train_loss=5.519891e-02 train_mse=1.552160e-02 train_cos=0.988968 train_nmse=-16.165dB train_rec=4.982440e-06 train_recT=4.445791e-06 train_fc=8.971658e-03 train_decoder_tail=1.479937e-05
I 07.02/07:57:30 train_mapper.py:622 ] epoch=0027 train_loss=5.405957e-02 train_mse=1.510148e-02 train_cos=0.989201 train_nmse=-16.285dB train_rec=4.808487e-06 train_recT=4.272595e-06 train_fc=8.658768e-03 train_decoder_tail=1.414681e-05
I 07.02/07:59:15 train_mapper.py:622 ] epoch=0028 train_loss=5.300267e-02 train_mse=1.471705e-02 train_cos=0.989419 train_nmse=-16.396dB train_rec=4.627047e-06 train_recT=4.091194e-06 train_fc=8.372624e-03 train_decoder_tail=1.352198e-05
I 07.02/08:00:59 train_mapper.py:622 ] epoch=0029 train_loss=5.214413e-02 train_mse=1.440243e-02 train_cos=0.989596 train_nmse=-16.490dB train_rec=4.509178e-06 train_recT=3.973599e-06 train_fc=8.137878e-03 train_decoder_tail=1.304457e-05
I 07.02/08:02:42 train_mapper.py:622 ] epoch=0030 train_loss=5.128669e-02 train_mse=1.409197e-02 train_cos=0.989781 train_nmse=-16.585dB train_rec=4.410041e-06 train_recT=3.875210e-06 train_fc=7.943291e-03 train_decoder_tail=1.264741e-05
I 07.02/08:04:33 train_mapper.py:622 ] epoch=0031 train_loss=5.037569e-02 train_mse=1.376873e-02 train_cos=0.989980 train_nmse=-16.686dB train_rec=4.279787e-06 train_recT=3.744533e-06 train_fc=7.722125e-03 train_decoder_tail=1.219207e-05
I 07.02/08:06:19 train_mapper.py:622 ] epoch=0032 train_loss=4.968888e-02 train_mse=1.352209e-02 train_cos=0.990126 train_nmse=-16.764dB train_rec=4.167553e-06 train_recT=3.632277e-06 train_fc=7.549298e-03 train_decoder_tail=1.180019e-05
I 07.02/08:08:05 train_mapper.py:622 ] epoch=0033 train_loss=4.897994e-02 train_mse=1.326995e-02 train_cos=0.990284 train_nmse=-16.846dB train_rec=4.099153e-06 train_recT=3.564571e-06 train_fc=7.385608e-03 train_decoder_tail=1.151163e-05
I 07.02/08:09:47 train_mapper.py:622 ] epoch=0034 train_loss=4.830602e-02 train_mse=1.303244e-02 train_cos=0.990433 train_nmse=-16.924dB train_rec=4.008890e-06 train_recT=3.473857e-06 train_fc=7.235087e-03 train_decoder_tail=1.119032e-05
I 07.02/08:11:31 train_mapper.py:622 ] epoch=0035 train_loss=4.755174e-02 train_mse=1.277062e-02 train_cos=0.990602 train_nmse=-17.012dB train_rec=3.908781e-06 train_recT=3.374131e-06 train_fc=7.064635e-03 train_decoder_tail=1.087819e-05
I 07.02/08:13:24 train_mapper.py:622 ] epoch=0036 train_loss=4.704692e-02 train_mse=1.259141e-02 train_cos=0.990711 train_nmse=-17.074dB train_rec=3.862984e-06 train_recT=3.328596e-06 train_fc=6.952987e-03 train_decoder_tail=1.066294e-05
I 07.02/08:15:11 train_mapper.py:622 ] epoch=0037 train_loss=4.633235e-02 train_mse=1.234680e-02 train_cos=0.990875 train_nmse=-17.159dB train_rec=3.759777e-06 train_recT=3.224879e-06 train_fc=6.801189e-03 train_decoder_tail=1.034852e-05
I 07.02/08:16:47 train_mapper.py:622 ] epoch=0038 train_loss=4.582245e-02 train_mse=1.216895e-02 train_cos=0.990991 train_nmse=-17.222dB train_rec=3.708439e-06 train_recT=3.173809e-06 train_fc=6.685866e-03 train_decoder_tail=1.015658e-05
I 07.02/08:18:25 train_mapper.py:622 ] epoch=0039 train_loss=4.529955e-02 train_mse=1.198947e-02 train_cos=0.991109 train_nmse=-17.286dB train_rec=3.640865e-06 train_recT=3.106161e-06 train_fc=6.575831e-03 train_decoder_tail=9.919260e-06
I 07.02/08:20:01 train_mapper.py:622 ] epoch=0040 train_loss=4.478438e-02 train_mse=1.181374e-02 train_cos=0.991226 train_nmse=-17.350dB train_rec=3.598185e-06 train_recT=3.063486e-06 train_fc=6.469647e-03 train_decoder_tail=9.757442e-06
I 07.02/08:21:40 train_mapper.py:622 ] epoch=0041 train_loss=4.428003e-02 train_mse=1.163994e-02 train_cos=0.991343 train_nmse=-17.415dB train_rec=3.540435e-06 train_recT=3.005543e-06 train_fc=6.362778e-03 train_decoder_tail=9.559345e-06
I 07.02/08:23:23 train_mapper.py:622 ] epoch=0042 train_loss=4.379645e-02 train_mse=1.147801e-02 train_cos=0.991451 train_nmse=-17.476dB train_rec=3.484043e-06 train_recT=2.949262e-06 train_fc=6.269449e-03 train_decoder_tail=9.374369e-06
I 07.02/08:25:12 train_mapper.py:622 ] epoch=0043 train_loss=4.338676e-02 train_mse=1.133781e-02 train_cos=0.991545 train_nmse=-17.529dB train_rec=3.444187e-06 train_recT=2.909280e-06 train_fc=6.179028e-03 train_decoder_tail=9.229661e-06
I 07.02/08:26:59 train_mapper.py:622 ] epoch=0044 train_loss=4.295583e-02 train_mse=1.119177e-02 train_cos=0.991642 train_nmse=-17.586dB train_rec=3.407937e-06 train_recT=2.872717e-06 train_fc=6.097232e-03 train_decoder_tail=9.082416e-06
I 07.02/08:28:47 train_mapper.py:622 ] epoch=0045 train_loss=4.247873e-02 train_mse=1.103461e-02 train_cos=0.991752 train_nmse=-17.647dB train_rec=3.356440e-06 train_recT=2.821278e-06 train_fc=6.001886e-03 train_decoder_tail=8.926797e-06
I 07.02/08:30:35 train_mapper.py:622 ] epoch=0046 train_loss=4.192758e-02 train_mse=1.085340e-02 train_cos=0.991878 train_nmse=-17.719dB train_rec=3.288870e-06 train_recT=2.754268e-06 train_fc=5.887632e-03 train_decoder_tail=8.739736e-06
I 07.02/08:32:28 train_mapper.py:622 ] epoch=0047 train_loss=4.162682e-02 train_mse=1.074900e-02 train_cos=0.991949 train_nmse=-17.761dB train_rec=3.270265e-06 train_recT=2.735677e-06 train_fc=5.832696e-03 train_decoder_tail=8.644157e-06
I 07.02/08:34:15 train_mapper.py:622 ] epoch=0048 train_loss=4.110666e-02 train_mse=1.058252e-02 train_cos=0.992064 train_nmse=-17.829dB train_rec=3.200240e-06 train_recT=2.665452e-06 train_fc=5.726346e-03 train_decoder_tail=8.463733e-06
I 07.02/08:36:09 train_mapper.py:622 ] epoch=0049 train_loss=4.085066e-02 train_mse=1.049443e-02 train_cos=0.992127 train_nmse=-17.865dB train_rec=3.205144e-06 train_recT=2.669967e-06 train_fc=5.682426e-03 train_decoder_tail=8.417412e-06
I 07.02/08:37:55 train_mapper.py:622 ] epoch=0050 train_loss=4.049658e-02 train_mse=1.037706e-02 train_cos=0.992208 train_nmse=-17.914dB train_rec=3.160880e-06 train_recT=2.626018e-06 train_fc=5.612186e-03 train_decoder_tail=8.291679e-06
I 07.02/08:39:40 train_mapper.py:622 ] epoch=0051 train_loss=4.013600e-02 train_mse=1.025989e-02 train_cos=0.992290 train_nmse=-17.963dB train_rec=3.110307e-06 train_recT=2.575473e-06 train_fc=5.541699e-03 train_decoder_tail=8.146872e-06
I 07.02/08:41:24 train_mapper.py:622 ] epoch=0052 train_loss=3.978305e-02 train_mse=1.014429e-02 train_cos=0.992373 train_nmse=-18.012dB train_rec=3.094358e-06 train_recT=2.559612e-06 train_fc=5.475602e-03 train_decoder_tail=8.079296e-06
I 07.02/08:43:02 train_mapper.py:622 ] epoch=0053 train_loss=3.948036e-02 train_mse=1.004463e-02 train_cos=0.992441 train_nmse=-18.055dB train_rec=3.066501e-06 train_recT=2.531524e-06 train_fc=5.419554e-03 train_decoder_tail=7.982167e-06
I 07.02/08:44:45 train_mapper.py:622 ] epoch=0054 train_loss=3.902632e-02 train_mse=9.900893e-03 train_cos=0.992542 train_nmse=-18.118dB train_rec=3.010055e-06 train_recT=2.475298e-06 train_fc=5.330087e-03 train_decoder_tail=7.834499e-06
I 07.02/08:46:30 train_mapper.py:622 ] epoch=0055 train_loss=3.876802e-02 train_mse=9.815044e-03 train_cos=0.992606 train_nmse=-18.156dB train_rec=3.000969e-06 train_recT=2.466038e-06 train_fc=5.285775e-03 train_decoder_tail=7.774433e-06
I 07.02/08:48:16 train_mapper.py:622 ] epoch=0056 train_loss=3.844973e-02 train_mse=9.712284e-03 train_cos=0.992677 train_nmse=-18.201dB train_rec=2.964241e-06 train_recT=2.429145e-06 train_fc=5.224586e-03 train_decoder_tail=7.668423e-06
I 07.02/08:50:02 train_mapper.py:622 ] epoch=0057 train_loss=3.823274e-02 train_mse=9.640474e-03 train_cos=0.992729 train_nmse=-18.233dB train_rec=2.950313e-06 train_recT=2.414961e-06 train_fc=5.188571e-03 train_decoder_tail=7.616649e-06
I 07.02/08:51:51 train_mapper.py:622 ] epoch=0058 train_loss=3.786793e-02 train_mse=9.525101e-03 train_cos=0.992811 train_nmse=-18.286dB train_rec=2.912372e-06 train_recT=2.377204e-06 train_fc=5.116672e-03 train_decoder_tail=7.511628e-06
I 07.02/08:53:31 train_mapper.py:622 ] epoch=0059 train_loss=3.756517e-02 train_mse=9.429575e-03 train_cos=0.992881 train_nmse=-18.330dB train_rec=2.884315e-06 train_recT=2.349562e-06 train_fc=5.064029e-03 train_decoder_tail=7.428875e-06
I 07.02/08:55:07 train_mapper.py:622 ] epoch=0060 train_loss=3.732725e-02 train_mse=9.351764e-03 train_cos=0.992936 train_nmse=-18.366dB train_rec=2.881784e-06 train_recT=2.346526e-06 train_fc=5.020823e-03 train_decoder_tail=7.396250e-06
I 07.02/08:56:52 train_mapper.py:622 ] epoch=0061 train_loss=3.703102e-02 train_mse=9.257588e-03 train_cos=0.993003 train_nmse=-18.409dB train_rec=2.843577e-06 train_recT=2.308258e-06 train_fc=4.963177e-03 train_decoder_tail=7.287378e-06
I 07.02/08:58:42 train_mapper.py:622 ] epoch=0062 train_loss=3.675609e-02 train_mse=9.171221e-03 train_cos=0.993067 train_nmse=-18.450dB train_rec=2.815820e-06 train_recT=2.280538e-06 train_fc=4.911557e-03 train_decoder_tail=7.211908e-06
I 07.02/09:00:31 train_mapper.py:622 ] epoch=0063 train_loss=3.648894e-02 train_mse=9.087290e-03 train_cos=0.993127 train_nmse=-18.490dB train_rec=2.795987e-06 train_recT=2.260957e-06 train_fc=4.866688e-03 train_decoder_tail=7.154774e-06
I 07.02/09:02:21 train_mapper.py:622 ] epoch=0064 train_loss=3.624427e-02 train_mse=9.009241e-03 train_cos=0.993182 train_nmse=-18.528dB train_rec=2.777832e-06 train_recT=2.242853e-06 train_fc=4.823246e-03 train_decoder_tail=7.083402e-06
I 07.02/09:04:17 train_mapper.py:622 ] epoch=0065 train_loss=3.602499e-02 train_mse=8.939672e-03 train_cos=0.993234 train_nmse=-18.561dB train_rec=2.770386e-06 train_recT=2.235243e-06 train_fc=4.786872e-03 train_decoder_tail=7.055780e-06
I 07.02/09:06:10 train_mapper.py:622 ] epoch=0066 train_loss=3.569547e-02 train_mse=8.838160e-03 train_cos=0.993309 train_nmse=-18.611dB train_rec=2.724286e-06 train_recT=2.189312e-06 train_fc=4.725376e-03 train_decoder_tail=6.939576e-06
I 07.02/09:07:58 train_mapper.py:622 ] epoch=0067 train_loss=3.554294e-02 train_mse=8.787638e-03 train_cos=0.993342 train_nmse=-18.635dB train_rec=2.717097e-06 train_recT=2.181973e-06 train_fc=4.697438e-03 train_decoder_tail=6.901400e-06
I 07.02/09:09:34 train_mapper.py:622 ] epoch=0068 train_loss=3.531797e-02 train_mse=8.717831e-03 train_cos=0.993396 train_nmse=-18.671dB train_rec=2.701254e-06 train_recT=2.165887e-06 train_fc=4.659117e-03 train_decoder_tail=6.853686e-06
I 07.02/09:11:19 train_mapper.py:622 ] epoch=0069 train_loss=3.506187e-02 train_mse=8.638335e-03 train_cos=0.993454 train_nmse=-18.710dB train_rec=2.688416e-06 train_recT=2.153228e-06 train_fc=4.615991e-03 train_decoder_tail=6.812044e-06
I 07.02/09:12:59 train_mapper.py:622 ] epoch=0070 train_loss=3.478747e-02 train_mse=8.554272e-03 train_cos=0.993514 train_nmse=-18.753dB train_rec=2.649517e-06 train_recT=2.114186e-06 train_fc=4.561731e-03 train_decoder_tail=6.715604e-06
I 07.02/09:14:42 train_mapper.py:622 ] epoch=0071 train_loss=3.461841e-02 train_mse=8.499788e-03 train_cos=0.993555 train_nmse=-18.780dB train_rec=2.645978e-06 train_recT=2.111034e-06 train_fc=4.535937e-03 train_decoder_tail=6.686640e-06
I 07.02/09:16:23 train_mapper.py:622 ] epoch=0072 train_loss=3.442866e-02 train_mse=8.441178e-03 train_cos=0.993597 train_nmse=-18.811dB train_rec=2.625571e-06 train_recT=2.090407e-06 train_fc=4.505896e-03 train_decoder_tail=6.627688e-06
I 07.02/09:18:07 train_mapper.py:622 ] epoch=0073 train_loss=3.422063e-02 train_mse=8.376500e-03 train_cos=0.993646 train_nmse=-18.844dB train_rec=2.609795e-06 train_recT=2.074088e-06 train_fc=4.465760e-03 train_decoder_tail=6.583205e-06
I 07.02/09:19:55 train_mapper.py:622 ] epoch=0074 train_loss=3.399902e-02 train_mse=8.307970e-03 train_cos=0.993695 train_nmse=-18.879dB train_rec=2.592887e-06 train_recT=2.057567e-06 train_fc=4.423628e-03 train_decoder_tail=6.534080e-06
I 07.02/09:21:46 train_mapper.py:622 ] epoch=0075 train_loss=3.383570e-02 train_mse=8.256795e-03 train_cos=0.993733 train_nmse=-18.907dB train_rec=2.590936e-06 train_recT=2.055867e-06 train_fc=4.398685e-03 train_decoder_tail=6.508842e-06
I 07.02/09:23:39 train_mapper.py:622 ] epoch=0076 train_loss=3.357093e-02 train_mse=8.177653e-03 train_cos=0.993794 train_nmse=-18.949dB train_rec=2.557023e-06 train_recT=2.021541e-06 train_fc=4.353426e-03 train_decoder_tail=6.432364e-06
I 07.02/09:25:23 train_mapper.py:622 ] epoch=0077 train_loss=3.337450e-02 train_mse=8.115667e-03 train_cos=0.993835 train_nmse=-18.981dB train_rec=2.532927e-06 train_recT=1.997538e-06 train_fc=4.314609e-03 train_decoder_tail=6.375752e-06
I 07.02/09:27:12 train_mapper.py:622 ] epoch=0078 train_loss=3.326750e-02 train_mse=8.080864e-03 train_cos=0.993863 train_nmse=-19.000dB train_rec=2.560438e-06 train_recT=2.024720e-06 train_fc=4.306507e-03 train_decoder_tail=6.406082e-06
I 07.02/09:28:55 train_mapper.py:622 ] epoch=0079 train_loss=3.300887e-02 train_mse=8.003520e-03 train_cos=0.993918 train_nmse=-19.042dB train_rec=2.520222e-06 train_recT=1.984646e-06 train_fc=4.254796e-03 train_decoder_tail=6.312688e-06
I 07.02/09:30:42 train_mapper.py:622 ] epoch=0080 train_loss=3.280239e-02 train_mse=7.940903e-03 train_cos=0.993966 train_nmse=-19.076dB train_rec=2.494055e-06 train_recT=1.958565e-06 train_fc=4.216259e-03 train_decoder_tail=6.253365e-06
I 07.02/09:32:23 train_mapper.py:622 ] epoch=0081 train_loss=3.268625e-02 train_mse=7.903516e-03 train_cos=0.993994 train_nmse=-19.096dB train_rec=2.493037e-06 train_recT=1.957449e-06 train_fc=4.200977e-03 train_decoder_tail=6.234520e-06
I 07.02/09:34:07 train_mapper.py:622 ] epoch=0082 train_loss=3.245285e-02 train_mse=7.833702e-03 train_cos=0.994046 train_nmse=-19.135dB train_rec=2.466241e-06 train_recT=1.930891e-06 train_fc=4.157999e-03 train_decoder_tail=6.171172e-06
I 07.02/09:35:49 train_mapper.py:622 ] epoch=0083 train_loss=3.230647e-02 train_mse=7.788660e-03 train_cos=0.994078 train_nmse=-19.160dB train_rec=2.465373e-06 train_recT=1.929674e-06 train_fc=4.134353e-03 train_decoder_tail=6.158098e-06
I 07.02/09:37:34 train_mapper.py:622 ] epoch=0084 train_loss=3.216609e-02 train_mse=7.743753e-03 train_cos=0.994113 train_nmse=-19.185dB train_rec=2.454709e-06 train_recT=1.919281e-06 train_fc=4.112813e-03 train_decoder_tail=6.124459e-06
I 07.02/09:39:21 train_mapper.py:622 ] epoch=0085 train_loss=3.201517e-02 train_mse=7.697973e-03 train_cos=0.994146 train_nmse=-19.211dB train_rec=2.444154e-06 train_recT=1.908423e-06 train_fc=4.087705e-03 train_decoder_tail=6.091393e-06
I 07.02/09:41:16 train_mapper.py:622 ] epoch=0086 train_loss=3.182800e-02 train_mse=7.641927e-03 train_cos=0.994188 train_nmse=-19.243dB train_rec=2.423601e-06 train_recT=1.888017e-06 train_fc=4.057078e-03 train_decoder_tail=6.041210e-06
I 07.02/09:43:06 train_mapper.py:622 ] epoch=0087 train_loss=3.162742e-02 train_mse=7.581871e-03 train_cos=0.994234 train_nmse=-19.277dB train_rec=2.414833e-06 train_recT=1.878955e-06 train_fc=4.024118e-03 train_decoder_tail=6.018054e-06
I 07.02/09:44:49 train_mapper.py:622 ] epoch=0088 train_loss=3.149121e-02 train_mse=7.539336e-03 train_cos=0.994265 train_nmse=-19.301dB train_rec=2.402467e-06 train_recT=1.866728e-06 train_fc=4.001338e-03 train_decoder_tail=5.981268e-06
I 07.02/09:46:34 train_mapper.py:622 ] epoch=0089 train_loss=3.132031e-02 train_mse=7.487410e-03 train_cos=0.994303 train_nmse=-19.331dB train_rec=2.393134e-06 train_recT=1.857261e-06 train_fc=3.972193e-03 train_decoder_tail=5.950947e-06
I 07.02/09:48:17 train_mapper.py:622 ] epoch=0090 train_loss=3.119782e-02 train_mse=7.448917e-03 train_cos=0.994333 train_nmse=-19.353dB train_rec=2.382553e-06 train_recT=1.847004e-06 train_fc=3.949793e-03 train_decoder_tail=5.917568e-06
I 07.02/09:50:02 train_mapper.py:622 ] epoch=0091 train_loss=3.099455e-02 train_mse=7.388549e-03 train_cos=0.994377 train_nmse=-19.389dB train_rec=2.357648e-06 train_recT=1.822041e-06 train_fc=3.917264e-03 train_decoder_tail=5.870116e-06
I 07.02/09:51:52 train_mapper.py:622 ] epoch=0092 train_loss=3.087761e-02 train_mse=7.351816e-03 train_cos=0.994404 train_nmse=-19.410dB train_rec=2.357104e-06 train_recT=1.821444e-06 train_fc=3.900248e-03 train_decoder_tail=5.850814e-06
I 07.02/09:53:37 train_mapper.py:622 ] epoch=0093 train_loss=3.077082e-02 train_mse=7.317528e-03 train_cos=0.994430 train_nmse=-19.431dB train_rec=2.346990e-06 train_recT=1.811597e-06 train_fc=3.882102e-03 train_decoder_tail=5.821745e-06
I 07.02/09:55:20 train_mapper.py:622 ] epoch=0094 train_loss=3.058986e-02 train_mse=7.263348e-03 train_cos=0.994471 train_nmse=-19.463dB train_rec=2.338679e-06 train_recT=1.803138e-06 train_fc=3.851928e-03 train_decoder_tail=5.800435e-06
I 07.02/09:57:00 train_mapper.py:622 ] epoch=0095 train_loss=3.042289e-02 train_mse=7.213076e-03 train_cos=0.994507 train_nmse=-19.493dB train_rec=2.320837e-06 train_recT=1.784926e-06 train_fc=3.824533e-03 train_decoder_tail=5.750909e-06
I 07.02/09:58:46 train_mapper.py:622 ] epoch=0096 train_loss=3.034536e-02 train_mse=7.187541e-03 train_cos=0.994527 train_nmse=-19.509dB train_rec=2.314611e-06 train_recT=1.778965e-06 train_fc=3.810129e-03 train_decoder_tail=5.729463e-06
I 07.02/10:00:34 train_mapper.py:622 ] epoch=0097 train_loss=3.010899e-02 train_mse=7.118771e-03 train_cos=0.994579 train_nmse=-19.550dB train_rec=2.290655e-06 train_recT=1.755126e-06 train_fc=3.771290e-03 train_decoder_tail=5.684975e-06
I 07.02/10:02:12 train_mapper.py:622 ] epoch=0098 train_loss=3.005574e-02 train_mse=7.099054e-03 train_cos=0.994592 train_nmse=-19.562dB train_rec=2.293840e-06 train_recT=1.758305e-06 train_fc=3.761947e-03 train_decoder_tail=5.672519e-06
I 07.02/10:03:50 train_mapper.py:622 ] epoch=0099 train_loss=2.989202e-02 train_mse=7.050855e-03 train_cos=0.994632 train_nmse=-19.593dB train_rec=2.284565e-06 train_recT=1.748761e-06 train_fc=3.736715e-03 train_decoder_tail=5.651279e-06
I 07.02/10:05:33 train_mapper.py:622 ] epoch=0100 train_loss=2.976884e-02 train_mse=7.012175e-03 train_cos=0.994658 train_nmse=-19.616dB train_rec=2.270256e-06 train_recT=1.734945e-06 train_fc=3.715512e-03 train_decoder_tail=5.612646e-06
I 07.02/10:07:14 train_mapper.py:622 ] epoch=0101 train_loss=2.965538e-02 train_mse=6.977093e-03 train_cos=0.994683 train_nmse=-19.638dB train_rec=2.265445e-06 train_recT=1.729651e-06 train_fc=3.697076e-03 train_decoder_tail=5.591957e-06
I 07.02/10:08:54 train_mapper.py:622 ] epoch=0102 train_loss=2.946694e-02 train_mse=6.921235e-03 train_cos=0.994728 train_nmse=-19.672dB train_rec=2.258781e-06 train_recT=1.723426e-06 train_fc=3.668434e-03 train_decoder_tail=5.571377e-06
I 07.02/10:10:33 train_mapper.py:622 ] epoch=0103 train_loss=2.934241e-02 train_mse=6.883538e-03 train_cos=0.994754 train_nmse=-19.696dB train_rec=2.247326e-06 train_recT=1.711550e-06 train_fc=3.644892e-03 train_decoder_tail=5.542975e-06
I 07.02/10:12:12 train_mapper.py:622 ] epoch=0104 train_loss=2.918160e-02 train_mse=6.835866e-03 train_cos=0.994790 train_nmse=-19.727dB train_rec=2.227541e-06 train_recT=1.692385e-06 train_fc=3.620754e-03 train_decoder_tail=5.497902e-06
I 07.02/10:13:48 train_mapper.py:622 ] epoch=0105 train_loss=2.903961e-02 train_mse=6.793528e-03 train_cos=0.994821 train_nmse=-19.754dB train_rec=2.214996e-06 train_recT=1.679607e-06 train_fc=3.596798e-03 train_decoder_tail=5.467593e-06
I 07.02/10:15:24 train_mapper.py:622 ] epoch=0106 train_loss=2.897459e-02 train_mse=6.771375e-03 train_cos=0.994839 train_nmse=-19.768dB train_rec=2.218892e-06 train_recT=1.683436e-06 train_fc=3.584693e-03 train_decoder_tail=5.463794e-06
I 07.02/10:16:56 train_mapper.py:622 ] epoch=0107 train_loss=2.880065e-02 train_mse=6.721319e-03 train_cos=0.994876 train_nmse=-19.800dB train_rec=2.199449e-06 train_recT=1.664424e-06 train_fc=3.557632e-03 train_decoder_tail=5.418613e-06
I 07.02/10:18:36 train_mapper.py:622 ] epoch=0108 train_loss=2.878262e-02 train_mse=6.712159e-03 train_cos=0.994882 train_nmse=-19.806dB train_rec=2.208135e-06 train_recT=1.672815e-06 train_fc=3.558589e-03 train_decoder_tail=5.428361e-06
I 07.02/10:20:14 train_mapper.py:622 ] epoch=0109 train_loss=2.855514e-02 train_mse=6.647210e-03 train_cos=0.994932 train_nmse=-19.848dB train_rec=2.178074e-06 train_recT=1.642524e-06 train_fc=3.520175e-03 train_decoder_tail=5.371278e-06
I 07.02/10:21:56 train_mapper.py:622 ] epoch=0110 train_loss=2.852657e-02 train_mse=6.635364e-03 train_cos=0.994938 train_nmse=-19.856dB train_rec=2.182813e-06 train_recT=1.647347e-06 train_fc=3.513427e-03 train_decoder_tail=5.369539e-06
I 07.02/10:23:35 train_mapper.py:622 ] epoch=0111 train_loss=2.842443e-02 train_mse=6.604775e-03 train_cos=0.994962 train_nmse=-19.876dB train_rec=2.177613e-06 train_recT=1.642513e-06 train_fc=3.500546e-03 train_decoder_tail=5.350927e-06
I 07.02/10:25:10 train_mapper.py:622 ] epoch=0112 train_loss=2.821195e-02 train_mse=6.544166e-03 train_cos=0.995008 train_nmse=-19.916dB train_rec=2.156830e-06 train_recT=1.621662e-06 train_fc=3.462593e-03 train_decoder_tail=5.307398e-06
I 07.02/10:26:50 train_mapper.py:622 ] epoch=0113 train_loss=2.820589e-02 train_mse=6.538751e-03 train_cos=0.995010 train_nmse=-19.919dB train_rec=2.152146e-06 train_recT=1.616629e-06 train_fc=3.464457e-03 train_decoder_tail=5.286561e-06
I 07.02/10:28:34 train_mapper.py:622 ] epoch=0114 train_loss=2.802887e-02 train_mse=6.487571e-03 train_cos=0.995048 train_nmse=-19.953dB train_rec=2.146434e-06 train_recT=1.611345e-06 train_fc=3.432311e-03 train_decoder_tail=5.271778e-06
I 07.02/10:30:17 train_mapper.py:622 ] epoch=0115 train_loss=2.796905e-02 train_mse=6.468573e-03 train_cos=0.995061 train_nmse=-19.966dB train_rec=2.143525e-06 train_recT=1.608399e-06 train_fc=3.427284e-03 train_decoder_tail=5.254325e-06
I 07.02/10:31:59 train_mapper.py:622 ] epoch=0116 train_loss=2.779514e-02 train_mse=6.419498e-03 train_cos=0.995100 train_nmse=-20.000dB train_rec=2.124630e-06 train_recT=1.589508e-06 train_fc=3.396711e-03 train_decoder_tail=5.221144e-06
I 07.02/10:33:29 train_mapper.py:622 ] epoch=0117 train_loss=2.776260e-02 train_mse=6.407744e-03 train_cos=0.995108 train_nmse=-20.007dB train_rec=2.127932e-06 train_recT=1.592709e-06 train_fc=3.392480e-03 train_decoder_tail=5.210981e-06
I 07.02/10:34:59 train_mapper.py:622 ] epoch=0118 train_loss=2.759378e-02 train_mse=6.359114e-03 train_cos=0.995144 train_nmse=-20.040dB train_rec=2.113057e-06 train_recT=1.577893e-06 train_fc=3.365473e-03 train_decoder_tail=5.179245e-06
I 07.02/10:36:23 train_mapper.py:622 ] epoch=0119 train_loss=2.746335e-02 train_mse=6.321844e-03 train_cos=0.995171 train_nmse=-20.066dB train_rec=2.105148e-06 train_recT=1.570240e-06 train_fc=3.344793e-03 train_decoder_tail=5.154323e-06
I 07.02/10:37:54 train_mapper.py:622 ] epoch=0120 train_loss=2.733466e-02 train_mse=6.285566e-03 train_cos=0.995199 train_nmse=-20.091dB train_rec=2.094418e-06 train_recT=1.559420e-06 train_fc=3.326587e-03 train_decoder_tail=5.134999e-06
I 07.02/10:39:21 train_mapper.py:622 ] epoch=0121 train_loss=2.728147e-02 train_mse=6.268124e-03 train_cos=0.995211 train_nmse=-20.104dB train_rec=2.096615e-06 train_recT=1.561224e-06 train_fc=3.314829e-03 train_decoder_tail=5.126896e-06
I 07.02/10:40:50 train_mapper.py:622 ] epoch=0122 train_loss=2.714943e-02 train_mse=6.230355e-03 train_cos=0.995240 train_nmse=-20.129dB train_rec=2.075973e-06 train_recT=1.541338e-06 train_fc=3.291784e-03 train_decoder_tail=5.082443e-06
I 07.02/10:42:21 train_mapper.py:622 ] epoch=0123 train_loss=2.713380e-02 train_mse=6.223553e-03 train_cos=0.995245 train_nmse=-20.134dB train_rec=2.082751e-06 train_recT=1.547764e-06 train_fc=3.291535e-03 train_decoder_tail=5.088439e-06
I 07.02/10:43:52 train_mapper.py:622 ] epoch=0124 train_loss=2.700167e-02 train_mse=6.186491e-03 train_cos=0.995274 train_nmse=-20.160dB train_rec=2.070175e-06 train_recT=1.534912e-06 train_fc=3.274968e-03 train_decoder_tail=5.066982e-06
I 07.02/10:45:30 train_mapper.py:622 ] epoch=0125 train_loss=2.693956e-02 train_mse=6.166843e-03 train_cos=0.995286 train_nmse=-20.174dB train_rec=2.076086e-06 train_recT=1.541470e-06 train_fc=3.263443e-03 train_decoder_tail=5.061432e-06
I 07.02/10:47:08 train_mapper.py:622 ] epoch=0126 train_loss=2.676733e-02 train_mse=6.119878e-03 train_cos=0.995322 train_nmse=-20.207dB train_rec=2.052079e-06 train_recT=1.517256e-06 train_fc=3.233400e-03 train_decoder_tail=5.017464e-06
I 07.02/10:48:44 train_mapper.py:622 ] epoch=0127 train_loss=2.667006e-02 train_mse=6.092309e-03 train_cos=0.995343 train_nmse=-20.227dB train_rec=2.038828e-06 train_recT=1.504182e-06 train_fc=3.218838e-03 train_decoder_tail=4.986667e-06
I 07.02/10:50:12 train_mapper.py:622 ] epoch=0128 train_loss=2.662113e-02 train_mse=6.076561e-03 train_cos=0.995353 train_nmse=-20.238dB train_rec=2.045369e-06 train_recT=1.510251e-06 train_fc=3.208741e-03 train_decoder_tail=4.988595e-06
I 07.02/10:51:37 train_mapper.py:622 ] epoch=0129 train_loss=2.652791e-02 train_mse=6.049272e-03 train_cos=0.995373 train_nmse=-20.257dB train_rec=2.031213e-06 train_recT=1.496781e-06 train_fc=3.196365e-03 train_decoder_tail=4.959135e-06
I 07.02/10:53:03 train_mapper.py:622 ] epoch=0130 train_loss=2.648936e-02 train_mse=6.037492e-03 train_cos=0.995383 train_nmse=-20.266dB train_rec=2.036845e-06 train_recT=1.501686e-06 train_fc=3.188265e-03 train_decoder_tail=4.963208e-06
I 07.02/10:54:29 train_mapper.py:622 ] epoch=0131 train_loss=2.633559e-02 train_mse=5.995285e-03 train_cos=0.995414 train_nmse=-20.296dB train_rec=2.024336e-06 train_recT=1.489684e-06 train_fc=3.166261e-03 train_decoder_tail=4.937374e-06
I 07.02/10:55:56 train_mapper.py:622 ] epoch=0132 train_loss=2.626286e-02 train_mse=5.974211e-03 train_cos=0.995429 train_nmse=-20.312dB train_rec=2.019895e-06 train_recT=1.485047e-06 train_fc=3.155744e-03 train_decoder_tail=4.917656e-06
I 07.02/10:57:22 train_mapper.py:622 ] epoch=0133 train_loss=2.616364e-02 train_mse=5.946534e-03 train_cos=0.995451 train_nmse=-20.332dB train_rec=2.012446e-06 train_recT=1.477679e-06 train_fc=3.140344e-03 train_decoder_tail=4.904064e-06
I 07.02/10:58:46 train_mapper.py:622 ] epoch=0134 train_loss=2.607327e-02 train_mse=5.920898e-03 train_cos=0.995470 train_nmse=-20.350dB train_rec=1.996722e-06 train_recT=1.461976e-06 train_fc=3.123303e-03 train_decoder_tail=4.873131e-06
I 07.02/11:00:13 train_mapper.py:622 ] epoch=0135 train_loss=2.604153e-02 train_mse=5.909992e-03 train_cos=0.995477 train_nmse=-20.359dB train_rec=1.998139e-06 train_recT=1.463049e-06 train_fc=3.120598e-03 train_decoder_tail=4.870507e-06
I 07.02/11:01:40 train_mapper.py:622 ] epoch=0136 train_loss=2.595556e-02 train_mse=5.886254e-03 train_cos=0.995495 train_nmse=-20.376dB train_rec=1.990059e-06 train_recT=1.455436e-06 train_fc=3.105727e-03 train_decoder_tail=4.847546e-06
I 07.02/11:03:06 train_mapper.py:622 ] epoch=0137 train_loss=2.589176e-02 train_mse=5.867491e-03 train_cos=0.995510 train_nmse=-20.390dB train_rec=1.991235e-06 train_recT=1.456523e-06 train_fc=3.098932e-03 train_decoder_tail=4.846966e-06
I 07.02/11:04:29 train_mapper.py:622 ] epoch=0138 train_loss=2.577599e-02 train_mse=5.835383e-03 train_cos=0.995533 train_nmse=-20.414dB train_rec=1.982288e-06 train_recT=1.447628e-06 train_fc=3.078219e-03 train_decoder_tail=4.818710e-06
I 07.02/11:05:54 train_mapper.py:622 ] epoch=0139 train_loss=2.567031e-02 train_mse=5.806535e-03 train_cos=0.995555 train_nmse=-20.436dB train_rec=1.972629e-06 train_recT=1.438315e-06 train_fc=3.060194e-03 train_decoder_tail=4.798798e-06
I 07.02/11:07:22 train_mapper.py:622 ] epoch=0140 train_loss=2.566565e-02 train_mse=5.802639e-03 train_cos=0.995558 train_nmse=-20.438dB train_rec=1.984802e-06 train_recT=1.450013e-06 train_fc=3.064175e-03 train_decoder_tail=4.816448e-06
I 07.02/11:08:48 train_mapper.py:622 ] epoch=0141 train_loss=2.554720e-02 train_mse=5.770565e-03 train_cos=0.995581 train_nmse=-20.462dB train_rec=1.964790e-06 train_recT=1.430068e-06 train_fc=3.044131e-03 train_decoder_tail=4.778098e-06
I 07.02/11:10:13 train_mapper.py:622 ] epoch=0142 train_loss=2.543524e-02 train_mse=5.739785e-03 train_cos=0.995605 train_nmse=-20.485dB train_rec=1.954759e-06 train_recT=1.420153e-06 train_fc=3.024260e-03 train_decoder_tail=4.752566e-06
I 07.02/11:11:42 train_mapper.py:622 ] epoch=0143 train_loss=2.537771e-02 train_mse=5.723922e-03 train_cos=0.995617 train_nmse=-20.497dB train_rec=1.947378e-06 train_recT=1.412981e-06 train_fc=3.015093e-03 train_decoder_tail=4.738880e-06
I 07.02/11:13:08 train_mapper.py:622 ] epoch=0144 train_loss=2.523870e-02 train_mse=5.686362e-03 train_cos=0.995646 train_nmse=-20.526dB train_rec=1.942798e-06 train_recT=1.408287e-06 train_fc=2.994411e-03 train_decoder_tail=4.726049e-06
I 07.02/11:14:32 train_mapper.py:622 ] epoch=0145 train_loss=2.532786e-02 train_mse=5.706494e-03 train_cos=0.995629 train_nmse=-20.511dB train_rec=1.953600e-06 train_recT=1.419068e-06 train_fc=3.009632e-03 train_decoder_tail=4.738266e-06
I 07.02/11:15:55 train_mapper.py:622 ] epoch=0146 train_loss=2.515966e-02 train_mse=5.662565e-03 train_cos=0.995663 train_nmse=-20.544dB train_rec=1.939825e-06 train_recT=1.405033e-06 train_fc=2.980710e-03 train_decoder_tail=4.713877e-06
I 07.02/11:17:20 train_mapper.py:622 ] epoch=0147 train_loss=2.505764e-02 train_mse=5.635098e-03 train_cos=0.995683 train_nmse=-20.565dB train_rec=1.933017e-06 train_recT=1.398453e-06 train_fc=2.969443e-03 train_decoder_tail=4.691922e-06
I 07.02/11:18:43 train_mapper.py:622 ] epoch=0148 train_loss=2.507092e-02 train_mse=5.636069e-03 train_cos=0.995683 train_nmse=-20.565dB train_rec=1.942033e-06 train_recT=1.407257e-06 train_fc=2.970235e-03 train_decoder_tail=4.706229e-06
I 07.02/11:20:09 train_mapper.py:622 ] epoch=0149 train_loss=2.501516e-02 train_mse=5.620126e-03 train_cos=0.995694 train_nmse=-20.577dB train_rec=1.930864e-06 train_recT=1.396228e-06 train_fc=2.960041e-03 train_decoder_tail=4.679442e-06
I 07.02/11:21:33 train_mapper.py:622 ] epoch=0150 train_loss=2.491103e-02 train_mse=5.591840e-03 train_cos=0.995715 train_nmse=-20.599dB train_rec=1.920453e-06 train_recT=1.385880e-06 train_fc=2.943857e-03 train_decoder_tail=4.661643e-06
I 07.02/11:22:56 train_mapper.py:622 ] epoch=0151 train_loss=2.480227e-02 train_mse=5.563689e-03 train_cos=0.995738 train_nmse=-20.621dB train_rec=1.909651e-06 train_recT=1.374597e-06 train_fc=2.928382e-03 train_decoder_tail=4.639804e-06
I 07.02/11:24:21 train_mapper.py:622 ] epoch=0152 train_loss=2.479774e-02 train_mse=5.559639e-03 train_cos=0.995739 train_nmse=-20.624dB train_rec=1.915324e-06 train_recT=1.380970e-06 train_fc=2.929103e-03 train_decoder_tail=4.636843e-06
I 07.02/11:25:42 train_mapper.py:622 ] epoch=0153 train_loss=2.465638e-02 train_mse=5.522787e-03 train_cos=0.995769 train_nmse=-20.653dB train_rec=1.904820e-06 train_recT=1.370058e-06 train_fc=2.908852e-03 train_decoder_tail=4.620737e-06
I 07.02/11:27:07 train_mapper.py:622 ] epoch=0154 train_loss=2.466013e-02 train_mse=5.521940e-03 train_cos=0.995769 train_nmse=-20.654dB train_rec=1.901187e-06 train_recT=1.366388e-06 train_fc=2.905713e-03 train_decoder_tail=4.608528e-06
I 07.02/11:28:30 train_mapper.py:622 ] epoch=0155 train_loss=2.453251e-02 train_mse=5.487705e-03 train_cos=0.995793 train_nmse=-20.680dB train_rec=1.900452e-06 train_recT=1.366129e-06 train_fc=2.888074e-03 train_decoder_tail=4.596612e-06
I 07.02/11:29:53 train_mapper.py:622 ] epoch=0156 train_loss=2.448473e-02 train_mse=5.473486e-03 train_cos=0.995805 train_nmse=-20.692dB train_rec=1.898642e-06 train_recT=1.364258e-06 train_fc=2.882425e-03 train_decoder_tail=4.596596e-06
I 07.02/11:31:16 train_mapper.py:622 ] epoch=0157 train_loss=2.434607e-02 train_mse=5.437206e-03 train_cos=0.995832 train_nmse=-20.721dB train_rec=1.881151e-06 train_recT=1.346817e-06 train_fc=2.858323e-03 train_decoder_tail=4.560323e-06
I 07.02/11:32:39 train_mapper.py:622 ] epoch=0158 train_loss=2.436008e-02 train_mse=5.439033e-03 train_cos=0.995829 train_nmse=-20.719dB train_rec=1.881515e-06 train_recT=1.347134e-06 train_fc=2.859528e-03 train_decoder_tail=4.557041e-06
I 07.02/11:34:03 train_mapper.py:622 ] epoch=0159 train_loss=2.429277e-02 train_mse=5.420791e-03 train_cos=0.995844 train_nmse=-20.734dB train_rec=1.880070e-06 train_recT=1.345683e-06 train_fc=2.849260e-03 train_decoder_tail=4.552881e-06
I 07.02/11:35:29 train_mapper.py:622 ] epoch=0160 train_loss=2.425258e-02 train_mse=5.408909e-03 train_cos=0.995852 train_nmse=-20.743dB train_rec=1.878726e-06 train_recT=1.343992e-06 train_fc=2.844543e-03 train_decoder_tail=4.541321e-06
I 07.02/11:36:53 train_mapper.py:622 ] epoch=0161 train_loss=2.419240e-02 train_mse=5.392793e-03 train_cos=0.995866 train_nmse=-20.756dB train_rec=1.876801e-06 train_recT=1.342659e-06 train_fc=2.839097e-03 train_decoder_tail=4.540061e-06
I 07.02/11:38:17 train_mapper.py:622 ] epoch=0162 train_loss=2.408855e-02 train_mse=5.365382e-03 train_cos=0.995886 train_nmse=-20.778dB train_rec=1.866080e-06 train_recT=1.331331e-06 train_fc=2.819252e-03 train_decoder_tail=4.518474e-06
I 07.02/11:39:39 train_mapper.py:622 ] epoch=0163 train_loss=2.404406e-02 train_mse=5.351576e-03 train_cos=0.995895 train_nmse=-20.789dB train_rec=1.858839e-06 train_recT=1.324499e-06 train_fc=2.811469e-03 train_decoder_tail=4.499761e-06
I 07.02/11:41:04 train_mapper.py:622 ] epoch=0164 train_loss=2.397591e-02 train_mse=5.332998e-03 train_cos=0.995910 train_nmse=-20.805dB train_rec=1.864306e-06 train_recT=1.329886e-06 train_fc=2.802150e-03 train_decoder_tail=4.505086e-06
I 07.02/11:42:27 train_mapper.py:622 ] epoch=0165 train_loss=2.391652e-02 train_mse=5.317198e-03 train_cos=0.995921 train_nmse=-20.818dB train_rec=1.853504e-06 train_recT=1.319096e-06 train_fc=2.794244e-03 train_decoder_tail=4.481504e-06
I 07.02/11:43:50 train_mapper.py:622 ] epoch=0166 train_loss=2.390307e-02 train_mse=5.311777e-03 train_cos=0.995926 train_nmse=-20.822dB train_rec=1.857076e-06 train_recT=1.322391e-06 train_fc=2.791878e-03 train_decoder_tail=4.488478e-06
I 07.02/11:45:15 train_mapper.py:622 ] epoch=0167 train_loss=2.380127e-02 train_mse=5.285611e-03 train_cos=0.995945 train_nmse=-20.843dB train_rec=1.847005e-06 train_recT=1.312682e-06 train_fc=2.775279e-03 train_decoder_tail=4.465792e-06
I 07.02/11:46:39 train_mapper.py:622 ] epoch=0168 train_loss=2.371950e-02 train_mse=5.263520e-03 train_cos=0.995964 train_nmse=-20.862dB train_rec=1.847126e-06 train_recT=1.312809e-06 train_fc=2.766640e-03 train_decoder_tail=4.461379e-06
I 07.02/11:48:00 train_mapper.py:622 ] epoch=0169 train_loss=2.367944e-02 train_mse=5.252145e-03 train_cos=0.995973 train_nmse=-20.871dB train_rec=1.835265e-06 train_recT=1.300842e-06 train_fc=2.756564e-03 train_decoder_tail=4.442792e-06
I 07.02/11:49:22 train_mapper.py:622 ] epoch=0170 train_loss=2.368404e-02 train_mse=5.251200e-03 train_cos=0.995972 train_nmse=-20.872dB train_rec=1.841130e-06 train_recT=1.306796e-06 train_fc=2.758331e-03 train_decoder_tail=4.445075e-06
I 07.02/11:50:41 train_mapper.py:622 ] epoch=0171 train_loss=2.361216e-02 train_mse=5.232302e-03 train_cos=0.995987 train_nmse=-20.887dB train_rec=1.834526e-06 train_recT=1.300399e-06 train_fc=2.746566e-03 train_decoder_tail=4.431898e-06
I 07.02/11:52:01 train_mapper.py:622 ] epoch=0172 train_loss=2.354801e-02 train_mse=5.214297e-03 train_cos=0.996001 train_nmse=-20.903dB train_rec=1.834001e-06 train_recT=1.299335e-06 train_fc=2.740032e-03 train_decoder_tail=4.427806e-06
I 07.02/11:53:24 train_mapper.py:622 ] epoch=0173 train_loss=2.348959e-02 train_mse=5.198666e-03 train_cos=0.996012 train_nmse=-20.915dB train_rec=1.830530e-06 train_recT=1.296532e-06 train_fc=2.731929e-03 train_decoder_tail=4.421362e-06
I 07.02/11:54:53 train_mapper.py:622 ] epoch=0174 train_loss=2.338560e-02 train_mse=5.171915e-03 train_cos=0.996032 train_nmse=-20.938dB train_rec=1.815636e-06 train_recT=1.281444e-06 train_fc=2.712744e-03 train_decoder_tail=4.391870e-06
I 07.02/11:56:26 train_mapper.py:622 ] epoch=0175 train_loss=2.334420e-02 train_mse=5.160037e-03 train_cos=0.996042 train_nmse=-20.948dB train_rec=1.810438e-06 train_recT=1.276101e-06 train_fc=2.707019e-03 train_decoder_tail=4.382902e-06
I 07.02/11:57:53 train_mapper.py:622 ] epoch=0176 train_loss=2.333068e-02 train_mse=5.155260e-03 train_cos=0.996046 train_nmse=-20.952dB train_rec=1.815740e-06 train_recT=1.281225e-06 train_fc=2.707158e-03 train_decoder_tail=4.385599e-06
I 07.02/11:59:14 train_mapper.py:622 ] epoch=0177 train_loss=2.325122e-02 train_mse=5.133786e-03 train_cos=0.996061 train_nmse=-20.970dB train_rec=1.808273e-06 train_recT=1.274154e-06 train_fc=2.693638e-03 train_decoder_tail=4.368205e-06
I 07.02/12:00:33 train_mapper.py:622 ] epoch=0178 train_loss=2.318581e-02 train_mse=5.116045e-03 train_cos=0.996074 train_nmse=-20.985dB train_rec=1.800438e-06 train_recT=1.266158e-06 train_fc=2.682576e-03 train_decoder_tail=4.353200e-06
I 07.02/12:01:53 train_mapper.py:622 ] epoch=0179 train_loss=2.317377e-02 train_mse=5.112102e-03 train_cos=0.996076 train_nmse=-20.988dB train_rec=1.810354e-06 train_recT=1.276036e-06 train_fc=2.682582e-03 train_decoder_tail=4.364022e-06
I 07.02/12:03:13 train_mapper.py:622 ] epoch=0180 train_loss=2.308977e-02 train_mse=5.090352e-03 train_cos=0.996094 train_nmse=-21.007dB train_rec=1.794799e-06 train_recT=1.260679e-06 train_fc=2.670007e-03 train_decoder_tail=4.340254e-06
I 07.02/12:04:33 train_mapper.py:622 ] epoch=0181 train_loss=2.304365e-02 train_mse=5.077323e-03 train_cos=0.996104 train_nmse=-21.018dB train_rec=1.793714e-06 train_recT=1.259322e-06 train_fc=2.659827e-03 train_decoder_tail=4.330285e-06
I 07.02/12:05:49 train_mapper.py:622 ] epoch=0182 train_loss=2.300480e-02 train_mse=5.066312e-03 train_cos=0.996113 train_nmse=-21.027dB train_rec=1.796196e-06 train_recT=1.261764e-06 train_fc=2.656542e-03 train_decoder_tail=4.334176e-06
I 07.02/12:07:10 train_mapper.py:622 ] epoch=0183 train_loss=2.295447e-02 train_mse=5.052658e-03 train_cos=0.996123 train_nmse=-21.039dB train_rec=1.791936e-06 train_recT=1.257709e-06 train_fc=2.651292e-03 train_decoder_tail=4.323126e-06
I 07.02/12:08:30 train_mapper.py:622 ] epoch=0184 train_loss=2.292884e-02 train_mse=5.044934e-03 train_cos=0.996129 train_nmse=-21.046dB train_rec=1.789252e-06 train_recT=1.255051e-06 train_fc=2.645556e-03 train_decoder_tail=4.317408e-06
I 07.02/12:09:50 train_mapper.py:622 ] epoch=0185 train_loss=2.284269e-02 train_mse=5.022678e-03 train_cos=0.996146 train_nmse=-21.065dB train_rec=1.786588e-06 train_recT=1.252552e-06 train_fc=2.633740e-03 train_decoder_tail=4.306839e-06
I 07.02/12:11:13 train_mapper.py:622 ] epoch=0186 train_loss=2.280666e-02 train_mse=5.012219e-03 train_cos=0.996153 train_nmse=-21.074dB train_rec=1.781374e-06 train_recT=1.247361e-06 train_fc=2.628989e-03 train_decoder_tail=4.298631e-06
I 07.02/12:12:33 train_mapper.py:622 ] epoch=0187 train_loss=2.274303e-02 train_mse=4.995180e-03 train_cos=0.996166 train_nmse=-21.089dB train_rec=1.777503e-06 train_recT=1.243111e-06 train_fc=2.621068e-03 train_decoder_tail=4.288145e-06
I 07.02/12:13:51 train_mapper.py:622 ] epoch=0188 train_loss=2.267015e-02 train_mse=4.975772e-03 train_cos=0.996181 train_nmse=-21.106dB train_rec=1.769838e-06 train_recT=1.235432e-06 train_fc=2.607521e-03 train_decoder_tail=4.269929e-06
I 07.02/12:15:12 train_mapper.py:622 ] epoch=0189 train_loss=2.265781e-02 train_mse=4.971991e-03 train_cos=0.996183 train_nmse=-21.109dB train_rec=1.770966e-06 train_recT=1.237120e-06 train_fc=2.604276e-03 train_decoder_tail=4.266227e-06
I 07.02/12:16:30 train_mapper.py:622 ] epoch=0190 train_loss=2.258060e-02 train_mse=4.951898e-03 train_cos=0.996200 train_nmse=-21.126dB train_rec=1.761056e-06 train_recT=1.227098e-06 train_fc=2.593960e-03 train_decoder_tail=4.257248e-06
I 07.02/12:17:47 train_mapper.py:622 ] epoch=0191 train_loss=2.258947e-02 train_mse=4.952512e-03 train_cos=0.996198 train_nmse=-21.126dB train_rec=1.764367e-06 train_recT=1.230465e-06 train_fc=2.593910e-03 train_decoder_tail=4.253404e-06
I 07.02/12:19:06 train_mapper.py:622 ] epoch=0192 train_loss=2.248961e-02 train_mse=4.926785e-03 train_cos=0.996219 train_nmse=-21.149dB train_rec=1.757286e-06 train_recT=1.223083e-06 train_fc=2.581279e-03 train_decoder_tail=4.242578e-06
I 07.02/12:20:23 train_mapper.py:622 ] epoch=0193 train_loss=2.247008e-02 train_mse=4.921270e-03 train_cos=0.996223 train_nmse=-21.154dB train_rec=1.756035e-06 train_recT=1.221938e-06 train_fc=2.578437e-03 train_decoder_tail=4.236091e-06
I 07.02/12:21:44 train_mapper.py:622 ] epoch=0194 train_loss=2.242465e-02 train_mse=4.908545e-03 train_cos=0.996232 train_nmse=-21.165dB train_rec=1.756113e-06 train_recT=1.222188e-06 train_fc=2.572784e-03 train_decoder_tail=4.230472e-06
I 07.02/12:23:02 train_mapper.py:622 ] epoch=0195 train_loss=2.243396e-02 train_mse=4.909175e-03 train_cos=0.996231 train_nmse=-21.164dB train_rec=1.768313e-06 train_recT=1.233887e-06 train_fc=2.575509e-03 train_decoder_tail=4.248165e-06
I 07.02/12:24:20 train_mapper.py:622 ] epoch=0196 train_loss=2.232834e-02 train_mse=4.882445e-03 train_cos=0.996252 train_nmse=-21.188dB train_rec=1.746590e-06 train_recT=1.212670e-06 train_fc=2.557684e-03 train_decoder_tail=4.213100e-06
I 07.02/12:25:33 train_mapper.py:622 ] epoch=0197 train_loss=2.229582e-02 train_mse=4.873348e-03 train_cos=0.996259 train_nmse=-21.196dB train_rec=1.749395e-06 train_recT=1.215265e-06 train_fc=2.553290e-03 train_decoder_tail=4.212155e-06
I 07.02/12:26:46 train_mapper.py:622 ] epoch=0198 train_loss=2.224560e-02 train_mse=4.859693e-03 train_cos=0.996269 train_nmse=-21.208dB train_rec=1.738749e-06 train_recT=1.204378e-06 train_fc=2.543213e-03 train_decoder_tail=4.194900e-06
I 07.02/12:27:59 train_mapper.py:622 ] epoch=0199 train_loss=2.220640e-02 train_mse=4.848964e-03 train_cos=0.996276 train_nmse=-21.218dB train_rec=1.737223e-06 train_recT=1.203072e-06 train_fc=2.538833e-03 train_decoder_tail=4.187650e-06
I 07.02/12:29:14 train_mapper.py:622 ] epoch=0200 train_loss=2.215858e-02 train_mse=4.835860e-03 train_cos=0.996287 train_nmse=-21.230dB train_rec=1.737538e-06 train_recT=1.203412e-06 train_fc=2.531885e-03 train_decoder_tail=4.190357e-06
I 07.02/12:30:26 train_mapper.py:622 ] epoch=0201 train_loss=2.210686e-02 train_mse=4.822798e-03 train_cos=0.996297 train_nmse=-21.241dB train_rec=1.737720e-06 train_recT=1.203519e-06 train_fc=2.527312e-03 train_decoder_tail=4.187751e-06
I 07.02/12:31:38 train_mapper.py:622 ] epoch=0202 train_loss=2.209032e-02 train_mse=4.816873e-03 train_cos=0.996302 train_nmse=-21.247dB train_rec=1.741200e-06 train_recT=1.206712e-06 train_fc=2.522680e-03 train_decoder_tail=4.190048e-06
I 07.02/12:32:45 train_mapper.py:622 ] epoch=0203 train_loss=2.204868e-02 train_mse=4.806194e-03 train_cos=0.996310 train_nmse=-21.256dB train_rec=1.729271e-06 train_recT=1.194880e-06 train_fc=2.516239e-03 train_decoder_tail=4.166806e-06
I 07.02/12:33:54 train_mapper.py:622 ] epoch=0204 train_loss=2.203304e-02 train_mse=4.801150e-03 train_cos=0.996314 train_nmse=-21.261dB train_rec=1.728593e-06 train_recT=1.194593e-06 train_fc=2.513519e-03 train_decoder_tail=4.165925e-06
I 07.02/12:35:02 train_mapper.py:622 ] epoch=0205 train_loss=2.200250e-02 train_mse=4.792317e-03 train_cos=0.996320 train_nmse=-21.269dB train_rec=1.732308e-06 train_recT=1.198233e-06 train_fc=2.509244e-03 train_decoder_tail=4.169335e-06
I 07.02/12:36:10 train_mapper.py:622 ] epoch=0206 train_loss=2.191009e-02 train_mse=4.768783e-03 train_cos=0.996339 train_nmse=-21.290dB train_rec=1.722420e-06 train_recT=1.188491e-06 train_fc=2.497112e-03 train_decoder_tail=4.152286e-06
I 07.02/12:37:18 train_mapper.py:622 ] epoch=0207 train_loss=2.181936e-02 train_mse=4.745782e-03 train_cos=0.996356 train_nmse=-21.311dB train_rec=1.715955e-06 train_recT=1.181804e-06 train_fc=2.483066e-03 train_decoder_tail=4.137457e-06
I 07.02/12:38:25 train_mapper.py:622 ] epoch=0208 train_loss=2.176374e-02 train_mse=4.731465e-03 train_cos=0.996368 train_nmse=-21.325dB train_rec=1.710377e-06 train_recT=1.176258e-06 train_fc=2.476276e-03 train_decoder_tail=4.125727e-06
I 07.02/12:39:33 train_mapper.py:622 ] epoch=0209 train_loss=2.177754e-02 train_mse=4.733613e-03 train_cos=0.996366 train_nmse=-21.322dB train_rec=1.712043e-06 train_recT=1.177901e-06 train_fc=2.475543e-03 train_decoder_tail=4.127019e-06
I 07.02/12:40:41 train_mapper.py:622 ] epoch=0210 train_loss=2.174678e-02 train_mse=4.724795e-03 train_cos=0.996372 train_nmse=-21.330dB train_rec=1.716446e-06 train_recT=1.182545e-06 train_fc=2.475969e-03 train_decoder_tail=4.125182e-06
I 07.02/12:41:47 train_mapper.py:622 ] epoch=0211 train_loss=2.167068e-02 train_mse=4.705686e-03 train_cos=0.996387 train_nmse=-21.348dB train_rec=1.703779e-06 train_recT=1.169576e-06 train_fc=2.459897e-03 train_decoder_tail=4.110238e-06
I 07.02/12:42:51 train_mapper.py:622 ] epoch=0212 train_loss=2.165412e-02 train_mse=4.700149e-03 train_cos=0.996392 train_nmse=-21.353dB train_rec=1.703158e-06 train_recT=1.169336e-06 train_fc=2.459523e-03 train_decoder_tail=4.103216e-06
I 07.02/12:43:56 train_mapper.py:622 ] epoch=0213 train_loss=2.169225e-02 train_mse=4.708425e-03 train_cos=0.996383 train_nmse=-21.346dB train_rec=1.709293e-06 train_recT=1.174992e-06 train_fc=2.463672e-03 train_decoder_tail=4.110350e-06
I 07.02/12:45:04 train_mapper.py:622 ] epoch=0214 train_loss=2.157004e-02 train_mse=4.678090e-03 train_cos=0.996408 train_nmse=-21.373dB train_rec=1.693926e-06 train_recT=1.160286e-06 train_fc=2.446508e-03 train_decoder_tail=4.086494e-06
I 07.02/12:46:10 train_mapper.py:622 ] epoch=0215 train_loss=2.155142e-02 train_mse=4.672103e-03 train_cos=0.996412 train_nmse=-21.379dB train_rec=1.694137e-06 train_recT=1.160065e-06 train_fc=2.443066e-03 train_decoder_tail=4.081640e-06
I 07.02/12:47:13 train_mapper.py:622 ] epoch=0216 train_loss=2.153549e-02 train_mse=4.667464e-03 train_cos=0.996415 train_nmse=-21.383dB train_rec=1.698663e-06 train_recT=1.164384e-06 train_fc=2.442632e-03 train_decoder_tail=4.092591e-06
I 07.02/12:48:14 train_mapper.py:622 ] epoch=0217 train_loss=2.148461e-02 train_mse=4.654164e-03 train_cos=0.996426 train_nmse=-21.396dB train_rec=1.692156e-06 train_recT=1.157966e-06 train_fc=2.433715e-03 train_decoder_tail=4.076552e-06
I 07.02/12:49:16 train_mapper.py:622 ] epoch=0218 train_loss=2.145999e-02 train_mse=4.647321e-03 train_cos=0.996432 train_nmse=-21.402dB train_rec=1.698289e-06 train_recT=1.164260e-06 train_fc=2.433853e-03 train_decoder_tail=4.086741e-06
I 07.02/12:50:16 train_mapper.py:622 ] epoch=0219 train_loss=2.143491e-02 train_mse=4.639642e-03 train_cos=0.996436 train_nmse=-21.410dB train_rec=1.693542e-06 train_recT=1.159409e-06 train_fc=2.426774e-03 train_decoder_tail=4.069444e-06
I 07.02/12:51:17 train_mapper.py:622 ] epoch=0220 train_loss=2.137979e-02 train_mse=4.625305e-03 train_cos=0.996448 train_nmse=-21.423dB train_rec=1.683773e-06 train_recT=1.149762e-06 train_fc=2.418009e-03 train_decoder_tail=4.058167e-06
I 07.02/12:52:17 train_mapper.py:622 ] epoch=0221 train_loss=2.134636e-02 train_mse=4.616681e-03 train_cos=0.996455 train_nmse=-21.431dB train_rec=1.687334e-06 train_recT=1.153271e-06 train_fc=2.415619e-03 train_decoder_tail=4.062202e-06
I 07.02/12:53:16 train_mapper.py:622 ] epoch=0222 train_loss=2.127976e-02 train_mse=4.599541e-03 train_cos=0.996467 train_nmse=-21.447dB train_rec=1.682508e-06 train_recT=1.148577e-06 train_fc=2.404223e-03 train_decoder_tail=4.048458e-06
I 07.02/12:54:18 train_mapper.py:622 ] epoch=0223 train_loss=2.124540e-02 train_mse=4.590237e-03 train_cos=0.996474 train_nmse=-21.456dB train_rec=1.678333e-06 train_recT=1.144254e-06 train_fc=2.399707e-03 train_decoder_tail=4.037796e-06
I 07.02/12:55:18 train_mapper.py:622 ] epoch=0224 train_loss=2.124496e-02 train_mse=4.589425e-03 train_cos=0.996475 train_nmse=-21.456dB train_rec=1.676080e-06 train_recT=1.142217e-06 train_fc=2.398216e-03 train_decoder_tail=4.036630e-06
I 07.02/12:56:18 train_mapper.py:622 ] epoch=0225 train_loss=2.118115e-02 train_mse=4.572498e-03 train_cos=0.996488 train_nmse=-21.473dB train_rec=1.673367e-06 train_recT=1.139410e-06 train_fc=2.390067e-03 train_decoder_tail=4.028712e-06
I 07.02/12:57:18 train_mapper.py:622 ] epoch=0226 train_loss=2.113518e-02 train_mse=4.561039e-03 train_cos=0.996498 train_nmse=-21.483dB train_rec=1.670499e-06 train_recT=1.136264e-06 train_fc=2.384551e-03 train_decoder_tail=4.024432e-06
I 07.02/12:58:17 train_mapper.py:622 ] epoch=0227 train_loss=2.113289e-02 train_mse=4.559391e-03 train_cos=0.996497 train_nmse=-21.485dB train_rec=1.674896e-06 train_recT=1.140720e-06 train_fc=2.383215e-03 train_decoder_tail=4.021736e-06
I 07.02/12:59:16 train_mapper.py:622 ] epoch=0228 train_loss=2.107120e-02 train_mse=4.543707e-03 train_cos=0.996510 train_nmse=-21.500dB train_rec=1.663370e-06 train_recT=1.129435e-06 train_fc=2.374914e-03 train_decoder_tail=4.008245e-06
I 07.02/13:00:17 train_mapper.py:622 ] epoch=0229 train_loss=2.104868e-02 train_mse=4.537416e-03 train_cos=0.996515 train_nmse=-21.506dB train_rec=1.658633e-06 train_recT=1.124708e-06 train_fc=2.371785e-03 train_decoder_tail=4.001759e-06
I 07.02/13:01:18 train_mapper.py:622 ] epoch=0230 train_loss=2.102087e-02 train_mse=4.530071e-03 train_cos=0.996520 train_nmse=-21.513dB train_rec=1.660890e-06 train_recT=1.126885e-06 train_fc=2.367854e-03 train_decoder_tail=3.996610e-06
I 07.02/13:02:16 train_mapper.py:622 ] epoch=0231 train_loss=2.099098e-02 train_mse=4.521327e-03 train_cos=0.996527 train_nmse=-21.522dB train_rec=1.663798e-06 train_recT=1.129502e-06 train_fc=2.363927e-03 train_decoder_tail=4.002602e-06
I 07.02/13:03:17 train_mapper.py:622 ] epoch=0232 train_loss=2.097553e-02 train_mse=4.516721e-03 train_cos=0.996530 train_nmse=-21.526dB train_rec=1.666852e-06 train_recT=1.132797e-06 train_fc=2.362562e-03 train_decoder_tail=3.999756e-06
I 07.02/13:04:16 train_mapper.py:622 ] epoch=0233 train_loss=2.091180e-02 train_mse=4.500774e-03 train_cos=0.996542 train_nmse=-21.541dB train_rec=1.654289e-06 train_recT=1.120515e-06 train_fc=2.351605e-03 train_decoder_tail=3.979669e-06
I 07.02/13:05:17 train_mapper.py:622 ] epoch=0234 train_loss=2.087680e-02 train_mse=4.491651e-03 train_cos=0.996550 train_nmse=-21.550dB train_rec=1.653195e-06 train_recT=1.119188e-06 train_fc=2.346870e-03 train_decoder_tail=3.977546e-06
I 07.02/13:06:15 train_mapper.py:622 ] epoch=0235 train_loss=2.083489e-02 train_mse=4.480436e-03 train_cos=0.996556 train_nmse=-21.561dB train_rec=1.646477e-06 train_recT=1.112254e-06 train_fc=2.337571e-03 train_decoder_tail=3.964336e-06
I 07.02/13:07:09 train_mapper.py:622 ] epoch=0236 train_loss=2.075363e-02 train_mse=4.461104e-03 train_cos=0.996574 train_nmse=-21.580dB train_rec=1.640371e-06 train_recT=1.106629e-06 train_fc=2.328135e-03 train_decoder_tail=3.956426e-06
I 07.02/13:08:00 train_mapper.py:622 ] epoch=0237 train_loss=2.077752e-02 train_mse=4.465286e-03 train_cos=0.996571 train_nmse=-21.575dB train_rec=1.656936e-06 train_recT=1.123309e-06 train_fc=2.333915e-03 train_decoder_tail=3.981360e-06
I 07.02/13:08:55 train_mapper.py:622 ] epoch=0238 train_loss=2.075625e-02 train_mse=4.459055e-03 train_cos=0.996573 train_nmse=-21.582dB train_rec=1.646666e-06 train_recT=1.112414e-06 train_fc=2.327048e-03 train_decoder_tail=3.955899e-06
I 07.02/13:09:48 train_mapper.py:622 ] epoch=0239 train_loss=2.069407e-02 train_mse=4.444125e-03 train_cos=0.996585 train_nmse=-21.596dB train_rec=1.640040e-06 train_recT=1.106119e-06 train_fc=2.318788e-03 train_decoder_tail=3.946132e-06
I 07.02/13:10:43 train_mapper.py:622 ] epoch=0240 train_loss=2.067899e-02 train_mse=4.439558e-03 train_cos=0.996589 train_nmse=-21.601dB train_rec=1.641393e-06 train_recT=1.107477e-06 train_fc=2.317922e-03 train_decoder_tail=3.949608e-06
I 07.02/13:11:38 train_mapper.py:622 ] epoch=0241 train_loss=2.068659e-02 train_mse=4.440201e-03 train_cos=0.996588 train_nmse=-21.600dB train_rec=1.639664e-06 train_recT=1.105555e-06 train_fc=2.318683e-03 train_decoder_tail=3.943627e-06
I 07.02/13:12:31 train_mapper.py:622 ] epoch=0242 train_loss=2.060651e-02 train_mse=4.421109e-03 train_cos=0.996603 train_nmse=-21.619dB train_rec=1.631150e-06 train_recT=1.096872e-06 train_fc=2.307692e-03 train_decoder_tail=3.931121e-06
I 07.02/13:13:27 train_mapper.py:622 ] epoch=0243 train_loss=2.059503e-02 train_mse=4.416823e-03 train_cos=0.996607 train_nmse=-21.623dB train_rec=1.639359e-06 train_recT=1.105415e-06 train_fc=2.306891e-03 train_decoder_tail=3.939399e-06
I 07.02/13:14:22 train_mapper.py:622 ] epoch=0244 train_loss=2.057912e-02 train_mse=4.412171e-03 train_cos=0.996610 train_nmse=-21.628dB train_rec=1.639921e-06 train_recT=1.106033e-06 train_fc=2.303452e-03 train_decoder_tail=3.936733e-06
I 07.02/13:15:19 train_mapper.py:622 ] epoch=0245 train_loss=2.053063e-02 train_mse=4.400012e-03 train_cos=0.996620 train_nmse=-21.640dB train_rec=1.629702e-06 train_recT=1.095971e-06 train_fc=2.297260e-03 train_decoder_tail=3.921831e-06
I 07.02/13:16:18 train_mapper.py:622 ] epoch=0246 train_loss=2.050166e-02 train_mse=4.392398e-03 train_cos=0.996625 train_nmse=-21.647dB train_rec=1.630586e-06 train_recT=1.096450e-06 train_fc=2.290842e-03 train_decoder_tail=3.916442e-06
I 07.02/13:17:17 train_mapper.py:622 ] epoch=0247 train_loss=2.044027e-02 train_mse=4.377074e-03 train_cos=0.996636 train_nmse=-21.662dB train_rec=1.624810e-06 train_recT=1.090921e-06 train_fc=2.284409e-03 train_decoder_tail=3.910909e-06
I 07.02/13:18:16 train_mapper.py:622 ] epoch=0248 train_loss=2.045881e-02 train_mse=4.380277e-03 train_cos=0.996634 train_nmse=-21.659dB train_rec=1.628042e-06 train_recT=1.093751e-06 train_fc=2.287069e-03 train_decoder_tail=3.911587e-06
I 07.02/13:19:18 train_mapper.py:622 ] epoch=0249 train_loss=2.045400e-02 train_mse=4.378398e-03 train_cos=0.996634 train_nmse=-21.661dB train_rec=1.630696e-06 train_recT=1.096648e-06 train_fc=2.286433e-03 train_decoder_tail=3.912543e-06
I 07.02/13:20:20 train_mapper.py:622 ] epoch=0250 train_loss=2.036634e-02 train_mse=4.356946e-03 train_cos=0.996652 train_nmse=-21.682dB train_rec=1.618162e-06 train_recT=1.084284e-06 train_fc=2.271783e-03 train_decoder_tail=3.894556e-06
I 07.02/13:21:23 train_mapper.py:622 ] epoch=0251 train_loss=2.033436e-02 train_mse=4.348861e-03 train_cos=0.996658 train_nmse=-21.690dB train_rec=1.612123e-06 train_recT=1.078137e-06 train_fc=2.267492e-03 train_decoder_tail=3.881964e-06
I 07.02/13:22:25 train_mapper.py:622 ] epoch=0252 train_loss=2.030088e-02 train_mse=4.339974e-03 train_cos=0.996665 train_nmse=-21.699dB train_rec=1.620757e-06 train_recT=1.086531e-06 train_fc=2.265987e-03 train_decoder_tail=3.893386e-06
I 07.02/13:23:29 train_mapper.py:622 ] epoch=0253 train_loss=2.028435e-02 train_mse=4.335501e-03 train_cos=0.996668 train_nmse=-21.704dB train_rec=1.610728e-06 train_recT=1.076896e-06 train_fc=2.262165e-03 train_decoder_tail=3.875734e-06
I 07.02/13:24:31 train_mapper.py:622 ] epoch=0254 train_loss=2.031041e-02 train_mse=4.340883e-03 train_cos=0.996665 train_nmse=-21.698dB train_rec=1.623667e-06 train_recT=1.089698e-06 train_fc=2.267543e-03 train_decoder_tail=3.894164e-06
I 07.02/13:25:34 train_mapper.py:622 ] epoch=0255 train_loss=2.019789e-02 train_mse=4.313756e-03 train_cos=0.996685 train_nmse=-21.726dB train_rec=1.605874e-06 train_recT=1.071904e-06 train_fc=2.249790e-03 train_decoder_tail=3.867196e-06
I 07.02/13:26:39 train_mapper.py:622 ] epoch=0256 train_loss=2.018878e-02 train_mse=4.310764e-03 train_cos=0.996687 train_nmse=-21.729dB train_rec=1.608857e-06 train_recT=1.074764e-06 train_fc=2.247055e-03 train_decoder_tail=3.870150e-06
I 07.02/13:27:42 train_mapper.py:622 ] epoch=0257 train_loss=2.014315e-02 train_mse=4.299138e-03 train_cos=0.996696 train_nmse=-21.740dB train_rec=1.606835e-06 train_recT=1.072850e-06 train_fc=2.242038e-03 train_decoder_tail=3.861811e-06
I 07.02/13:28:47 train_mapper.py:622 ] epoch=0258 train_loss=2.012376e-02 train_mse=4.293664e-03 train_cos=0.996700 train_nmse=-21.746dB train_rec=1.608965e-06 train_recT=1.074770e-06 train_fc=2.239702e-03 train_decoder_tail=3.862438e-06
I 07.02/13:29:52 train_mapper.py:622 ] epoch=0259 train_loss=2.009454e-02 train_mse=4.286747e-03 train_cos=0.996705 train_nmse=-21.753dB train_rec=1.601156e-06 train_recT=1.067138e-06 train_fc=2.234351e-03 train_decoder_tail=3.850317e-06
I 07.02/13:30:58 train_mapper.py:622 ] epoch=0260 train_loss=2.006328e-02 train_mse=4.278300e-03 train_cos=0.996712 train_nmse=-21.761dB train_rec=1.596692e-06 train_recT=1.062722e-06 train_fc=2.229382e-03 train_decoder_tail=3.843888e-06
I 07.02/13:32:06 train_mapper.py:622 ] epoch=0261 train_loss=2.009520e-02 train_mse=4.285058e-03 train_cos=0.996707 train_nmse=-21.755dB train_rec=1.611749e-06 train_recT=1.078051e-06 train_fc=2.236807e-03 train_decoder_tail=3.859888e-06
I 07.02/13:33:13 train_mapper.py:622 ] epoch=0262 train_loss=2.000545e-02 train_mse=4.263401e-03 train_cos=0.996724 train_nmse=-21.777dB train_rec=1.596146e-06 train_recT=1.061994e-06 train_fc=2.221920e-03 train_decoder_tail=3.840331e-06
I 07.02/13:34:19 train_mapper.py:622 ] epoch=0263 train_loss=1.997747e-02 train_mse=4.256644e-03 train_cos=0.996729 train_nmse=-21.783dB train_rec=1.594784e-06 train_recT=1.060558e-06 train_fc=2.217630e-03 train_decoder_tail=3.837999e-06
I 07.02/13:35:25 train_mapper.py:622 ] epoch=0264 train_loss=1.998209e-02 train_mse=4.256206e-03 train_cos=0.996728 train_nmse=-21.784dB train_rec=1.595067e-06 train_recT=1.061097e-06 train_fc=2.217151e-03 train_decoder_tail=3.833599e-06
I 07.02/13:36:28 train_mapper.py:622 ] epoch=0265 train_loss=1.994923e-02 train_mse=4.247830e-03 train_cos=0.996735 train_nmse=-21.793dB train_rec=1.593742e-06 train_recT=1.059802e-06 train_fc=2.214912e-03 train_decoder_tail=3.831539e-06
I 07.02/13:37:20 train_mapper.py:622 ] epoch=0266 train_loss=1.996994e-02 train_mse=4.252221e-03 train_cos=0.996731 train_nmse=-21.788dB train_rec=1.595707e-06 train_recT=1.061653e-06 train_fc=2.216996e-03 train_decoder_tail=3.829482e-06
I 07.02/13:38:05 train_mapper.py:622 ] epoch=0267 train_loss=1.990740e-02 train_mse=4.237101e-03 train_cos=0.996744 train_nmse=-21.803dB train_rec=1.590724e-06 train_recT=1.056729e-06 train_fc=2.209374e-03 train_decoder_tail=3.823118e-06
I 07.02/13:38:48 train_mapper.py:622 ] epoch=0268 train_loss=1.982258e-02 train_mse=4.216127e-03 train_cos=0.996759 train_nmse=-21.825dB train_rec=1.581189e-06 train_recT=1.047388e-06 train_fc=2.194838e-03 train_decoder_tail=3.804811e-06
I 07.02/13:39:33 train_mapper.py:622 ] epoch=0269 train_loss=1.984572e-02 train_mse=4.220802e-03 train_cos=0.996755 train_nmse=-21.820dB train_rec=1.589708e-06 train_recT=1.055724e-06 train_fc=2.199640e-03 train_decoder_tail=3.816473e-06
I 07.02/13:40:18 train_mapper.py:622 ] epoch=0270 train_loss=1.977708e-02 train_mse=4.204517e-03 train_cos=0.996768 train_nmse=-21.837dB train_rec=1.578480e-06 train_recT=1.044475e-06 train_fc=2.188240e-03 train_decoder_tail=3.800201e-06
I 07.02/13:41:00 train_mapper.py:622 ] epoch=0271 train_loss=1.980060e-02 train_mse=4.209298e-03 train_cos=0.996763 train_nmse=-21.832dB train_rec=1.581922e-06 train_recT=1.048079e-06 train_fc=2.191666e-03 train_decoder_tail=3.802484e-06
I 07.02/13:41:45 train_mapper.py:622 ] epoch=0272 train_loss=1.979183e-02 train_mse=4.206125e-03 train_cos=0.996766 train_nmse=-21.835dB train_rec=1.583881e-06 train_recT=1.049816e-06 train_fc=2.192049e-03 train_decoder_tail=3.803994e-06
I 07.02/13:42:31 train_mapper.py:622 ] epoch=0273 train_loss=1.973790e-02 train_mse=4.193164e-03 train_cos=0.996775 train_nmse=-21.849dB train_rec=1.578959e-06 train_recT=1.044963e-06 train_fc=2.185672e-03 train_decoder_tail=3.791683e-06
I 07.02/13:43:18 train_mapper.py:622 ] epoch=0274 train_loss=1.967374e-02 train_mse=4.177883e-03 train_cos=0.996788 train_nmse=-21.865dB train_rec=1.568844e-06 train_recT=1.034712e-06 train_fc=2.176559e-03 train_decoder_tail=3.779208e-06
I 07.02/13:44:04 train_mapper.py:622 ] epoch=0275 train_loss=1.969193e-02 train_mse=4.180987e-03 train_cos=0.996785 train_nmse=-21.861dB train_rec=1.573159e-06 train_recT=1.039653e-06 train_fc=2.177820e-03 train_decoder_tail=3.781226e-06
I 07.02/13:44:49 train_mapper.py:622 ] epoch=0276 train_loss=1.967294e-02 train_mse=4.176316e-03 train_cos=0.996789 train_nmse=-21.866dB train_rec=1.572056e-06 train_recT=1.037702e-06 train_fc=2.174183e-03 train_decoder_tail=3.782742e-06
I 07.02/13:45:39 train_mapper.py:622 ] epoch=0277 train_loss=1.966815e-02 train_mse=4.174269e-03 train_cos=0.996790 train_nmse=-21.869dB train_rec=1.583114e-06 train_recT=1.049067e-06 train_fc=2.175552e-03 train_decoder_tail=3.790930e-06
I 07.02/13:46:25 train_mapper.py:622 ] epoch=0278 train_loss=1.960974e-02 train_mse=4.159964e-03 train_cos=0.996801 train_nmse=-21.883dB train_rec=1.571505e-06 train_recT=1.037467e-06 train_fc=2.166338e-03 train_decoder_tail=3.775601e-06
I 07.02/13:47:12 train_mapper.py:622 ] epoch=0279 train_loss=1.957145e-02 train_mse=4.150383e-03 train_cos=0.996809 train_nmse=-21.893dB train_rec=1.568834e-06 train_recT=1.034766e-06 train_fc=2.160539e-03 train_decoder_tail=3.770035e-06
I 07.02/13:47:57 train_mapper.py:622 ] epoch=0280 train_loss=1.953554e-02 train_mse=4.141052e-03 train_cos=0.996816 train_nmse=-21.903dB train_rec=1.567846e-06 train_recT=1.034018e-06 train_fc=2.156019e-03 train_decoder_tail=3.764153e-06
I 07.02/13:48:44 train_mapper.py:622 ] epoch=0281 train_loss=1.955099e-02 train_mse=4.144341e-03 train_cos=0.996813 train_nmse=-21.899dB train_rec=1.570648e-06 train_recT=1.036578e-06 train_fc=2.157963e-03 train_decoder_tail=3.773478e-06
I 07.02/13:49:30 train_mapper.py:622 ] epoch=0282 train_loss=1.948117e-02 train_mse=4.127550e-03 train_cos=0.996826 train_nmse=-21.917dB train_rec=1.557016e-06 train_recT=1.023105e-06 train_fc=2.148639e-03 train_decoder_tail=3.746829e-06
I 07.02/13:50:16 train_mapper.py:622 ] epoch=0283 train_loss=1.949060e-02 train_mse=4.129093e-03 train_cos=0.996824 train_nmse=-21.916dB train_rec=1.565251e-06 train_recT=1.031517e-06 train_fc=2.149634e-03 train_decoder_tail=3.759059e-06
I 07.02/13:51:00 train_mapper.py:622 ] epoch=0284 train_loss=1.945954e-02 train_mse=4.121180e-03 train_cos=0.996831 train_nmse=-21.924dB train_rec=1.562314e-06 train_recT=1.028159e-06 train_fc=2.145221e-03 train_decoder_tail=3.755273e-06
I 07.02/13:51:48 train_mapper.py:622 ] epoch=0285 train_loss=1.943855e-02 train_mse=4.116002e-03 train_cos=0.996836 train_nmse=-21.929dB train_rec=1.563739e-06 train_recT=1.029940e-06 train_fc=2.142012e-03 train_decoder_tail=3.755452e-06
I 07.02/13:52:35 train_mapper.py:622 ] epoch=0286 train_loss=1.940986e-02 train_mse=4.108540e-03 train_cos=0.996841 train_nmse=-21.937dB train_rec=1.560502e-06 train_recT=1.026547e-06 train_fc=2.140620e-03 train_decoder_tail=3.749135e-06
I 07.02/13:53:21 train_mapper.py:622 ] epoch=0287 train_loss=1.937912e-02 train_mse=4.100613e-03 train_cos=0.996847 train_nmse=-21.946dB train_rec=1.556838e-06 train_recT=1.022868e-06 train_fc=2.133862e-03 train_decoder_tail=3.741210e-06
I 07.02/13:54:06 train_mapper.py:622 ] epoch=0288 train_loss=1.936247e-02 train_mse=4.096388e-03 train_cos=0.996850 train_nmse=-21.950dB train_rec=1.554340e-06 train_recT=1.020537e-06 train_fc=2.131441e-03 train_decoder_tail=3.735221e-06
I 07.02/13:54:51 train_mapper.py:622 ] epoch=0289 train_loss=1.935283e-02 train_mse=4.093390e-03 train_cos=0.996852 train_nmse=-21.953dB train_rec=1.556793e-06 train_recT=1.022827e-06 train_fc=2.131681e-03 train_decoder_tail=3.734319e-06
I 07.02/13:55:36 train_mapper.py:622 ] epoch=0290 train_loss=1.930901e-02 train_mse=4.082691e-03 train_cos=0.996861 train_nmse=-21.965dB train_rec=1.553767e-06 train_recT=1.019861e-06 train_fc=2.123174e-03 train_decoder_tail=3.729356e-06
I 07.02/13:56:18 train_mapper.py:622 ] epoch=0291 train_loss=1.929884e-02 train_mse=4.079367e-03 train_cos=0.996861 train_nmse=-21.968dB train_rec=1.549457e-06 train_recT=1.015495e-06 train_fc=2.120548e-03 train_decoder_tail=3.718964e-06
I 07.02/13:56:57 train_mapper.py:622 ] epoch=0292 train_loss=1.928086e-02 train_mse=4.074682e-03 train_cos=0.996865 train_nmse=-21.973dB train_rec=1.551478e-06 train_recT=1.017490e-06 train_fc=2.121647e-03 train_decoder_tail=3.723079e-06
I 07.02/13:57:38 train_mapper.py:622 ] epoch=0293 train_loss=1.925093e-02 train_mse=4.067869e-03 train_cos=0.996872 train_nmse=-21.980dB train_rec=1.544627e-06 train_recT=1.010556e-06 train_fc=2.115881e-03 train_decoder_tail=3.715233e-06
I 07.02/13:58:19 train_mapper.py:622 ] epoch=0294 train_loss=1.919385e-02 train_mse=4.053667e-03 train_cos=0.996881 train_nmse=-21.996dB train_rec=1.543787e-06 train_recT=1.009665e-06 train_fc=2.106805e-03 train_decoder_tail=3.706929e-06
I 07.02/13:58:58 train_mapper.py:622 ] epoch=0295 train_loss=1.917822e-02 train_mse=4.049542e-03 train_cos=0.996885 train_nmse=-22.000dB train_rec=1.545495e-06 train_recT=1.011396e-06 train_fc=2.105517e-03 train_decoder_tail=3.711053e-06
I 07.02/13:59:40 train_mapper.py:622 ] epoch=0296 train_loss=1.916800e-02 train_mse=4.046474e-03 train_cos=0.996888 train_nmse=-22.003dB train_rec=1.542710e-06 train_recT=1.008664e-06 train_fc=2.105865e-03 train_decoder_tail=3.702942e-06
I 07.02/14:00:21 train_mapper.py:622 ] epoch=0297 train_loss=1.915722e-02 train_mse=4.043631e-03 train_cos=0.996890 train_nmse=-22.006dB train_rec=1.542412e-06 train_recT=1.008406e-06 train_fc=2.103537e-03 train_decoder_tail=3.707636e-06
I 07.02/14:00:59 train_mapper.py:622 ] epoch=0298 train_loss=1.913935e-02 train_mse=4.039299e-03 train_cos=0.996894 train_nmse=-22.011dB train_rec=1.538425e-06 train_recT=1.004364e-06 train_fc=2.099420e-03 train_decoder_tail=3.699678e-06
I 07.02/14:01:41 train_mapper.py:622 ] epoch=0299 train_loss=1.915684e-02 train_mse=4.042347e-03 train_cos=0.996890 train_nmse=-22.008dB train_rec=1.545960e-06 train_recT=1.012102e-06 train_fc=2.102753e-03 train_decoder_tail=3.705081e-06
I 07.02/14:02:20 train_mapper.py:622 ] epoch=0300 train_loss=1.904932e-02 train_mse=4.017567e-03 train_cos=0.996911 train_nmse=-22.034dB train_rec=1.536002e-06 train_recT=1.001915e-06 train_fc=2.089603e-03 train_decoder_tail=3.695929e-06
I 07.02/14:02:56 train_mapper.py:622 ] epoch=0301 train_loss=1.906309e-02 train_mse=4.019959e-03 train_cos=0.996908 train_nmse=-22.032dB train_rec=1.536808e-06 train_recT=1.002712e-06 train_fc=2.089275e-03 train_decoder_tail=3.691566e-06
I 07.02/14:03:28 train_mapper.py:622 ] epoch=0302 train_loss=1.904020e-02 train_mse=4.014065e-03 train_cos=0.996913 train_nmse=-22.038dB train_rec=1.536526e-06 train_recT=1.002506e-06 train_fc=2.087355e-03 train_decoder_tail=3.690006e-06
I 07.02/14:03:58 train_mapper.py:622 ] epoch=0303 train_loss=1.906520e-02 train_mse=4.019116e-03 train_cos=0.996908 train_nmse=-22.033dB train_rec=1.544387e-06 train_recT=1.010303e-06 train_fc=2.091498e-03 train_decoder_tail=3.701469e-06
I 07.02/14:04:32 train_mapper.py:622 ] epoch=0304 train_loss=1.897200e-02 train_mse=3.997060e-03 train_cos=0.996926 train_nmse=-22.057dB train_rec=1.530488e-06 train_recT=9.968559e-07 train_fc=2.075977e-03 train_decoder_tail=3.677310e-06
I 07.02/14:05:04 train_mapper.py:622 ] epoch=0305 train_loss=1.895204e-02 train_mse=3.992204e-03 train_cos=0.996929 train_nmse=-22.062dB train_rec=1.526950e-06 train_recT=9.928152e-07 train_fc=2.074881e-03 train_decoder_tail=3.672251e-06
I 07.02/14:05:35 train_mapper.py:622 ] epoch=0306 train_loss=1.893780e-02 train_mse=3.988400e-03 train_cos=0.996932 train_nmse=-22.066dB train_rec=1.527913e-06 train_recT=9.937121e-07 train_fc=2.073264e-03 train_decoder_tail=3.673003e-06
I 07.02/14:06:09 train_mapper.py:622 ] epoch=0307 train_loss=1.894947e-02 train_mse=3.990343e-03 train_cos=0.996930 train_nmse=-22.064dB train_rec=1.531265e-06 train_recT=9.972633e-07 train_fc=2.073966e-03 train_decoder_tail=3.670255e-06
I 07.02/14:06:41 train_mapper.py:622 ] epoch=0308 train_loss=1.892127e-02 train_mse=3.983573e-03 train_cos=0.996936 train_nmse=-22.071dB train_rec=1.530765e-06 train_recT=9.965413e-07 train_fc=2.070496e-03 train_decoder_tail=3.678252e-06
I 07.02/14:07:15 train_mapper.py:622 ] epoch=0309 train_loss=1.888292e-02 train_mse=3.974014e-03 train_cos=0.996943 train_nmse=-22.082dB train_rec=1.523891e-06 train_recT=9.899452e-07 train_fc=2.064539e-03 train_decoder_tail=3.658178e-06
I 07.02/14:07:47 train_mapper.py:622 ] epoch=0310 train_loss=1.890276e-02 train_mse=3.977393e-03 train_cos=0.996940 train_nmse=-22.078dB train_rec=1.532136e-06 train_recT=9.978843e-07 train_fc=2.066400e-03 train_decoder_tail=3.672483e-06
I 07.02/14:08:21 train_mapper.py:622 ] epoch=0311 train_loss=1.881145e-02 train_mse=3.956350e-03 train_cos=0.996957 train_nmse=-22.101dB train_rec=1.521782e-06 train_recT=9.878330e-07 train_fc=2.055261e-03 train_decoder_tail=3.656406e-06
I 07.02/14:08:53 train_mapper.py:622 ] epoch=0312 train_loss=1.882176e-02 train_mse=3.958213e-03 train_cos=0.996955 train_nmse=-22.099dB train_rec=1.521860e-06 train_recT=9.879233e-07 train_fc=2.057692e-03 train_decoder_tail=3.654137e-06
I 07.02/14:09:27 train_mapper.py:622 ] epoch=0313 train_loss=1.884858e-02 train_mse=3.963257e-03 train_cos=0.996950 train_nmse=-22.094dB train_rec=1.523549e-06 train_recT=9.893825e-07 train_fc=2.057798e-03 train_decoder_tail=3.652544e-06
I 07.02/14:09:59 train_mapper.py:622 ] epoch=0314 train_loss=1.879990e-02 train_mse=3.952224e-03 train_cos=0.996960 train_nmse=-22.106dB train_rec=1.521496e-06 train_recT=9.870921e-07 train_fc=2.053938e-03 train_decoder_tail=3.653334e-06
I 07.02/14:10:33 train_mapper.py:622 ] epoch=0315 train_loss=1.875025e-02 train_mse=3.940529e-03 train_cos=0.996969 train_nmse=-22.119dB train_rec=1.511573e-06 train_recT=9.777168e-07 train_fc=2.048810e-03 train_decoder_tail=3.639443e-06
I 07.02/14:11:08 train_mapper.py:622 ] epoch=0316 train_loss=1.875143e-02 train_mse=3.940048e-03 train_cos=0.996968 train_nmse=-22.119dB train_rec=1.518523e-06 train_recT=9.846965e-07 train_fc=2.046411e-03 train_decoder_tail=3.644092e-06
I 07.02/14:11:43 train_mapper.py:622 ] epoch=0317 train_loss=1.868863e-02 train_mse=3.925386e-03 train_cos=0.996980 train_nmse=-22.135dB train_rec=1.510166e-06 train_recT=9.762319e-07 train_fc=2.037123e-03 train_decoder_tail=3.632937e-06
I 07.02/14:12:17 train_mapper.py:622 ] epoch=0318 train_loss=1.874736e-02 train_mse=3.937989e-03 train_cos=0.996969 train_nmse=-22.122dB train_rec=1.521138e-06 train_recT=9.872356e-07 train_fc=2.046430e-03 train_decoder_tail=3.642631e-06
I 07.02/14:12:50 train_mapper.py:622 ] epoch=0319 train_loss=1.864634e-02 train_mse=3.914307e-03 train_cos=0.996988 train_nmse=-22.148dB train_rec=1.511515e-06 train_recT=9.773721e-07 train_fc=2.032627e-03 train_decoder_tail=3.627245e-06
I 07.02/14:13:25 train_mapper.py:622 ] epoch=0320 train_loss=1.865570e-02 train_mse=3.916153e-03 train_cos=0.996987 train_nmse=-22.146dB train_rec=1.512481e-06 train_recT=9.786672e-07 train_fc=2.034130e-03 train_decoder_tail=3.630458e-06
I 07.02/14:13:51 train_mapper.py:622 ] epoch=0321 train_loss=1.861789e-02 train_mse=3.907226e-03 train_cos=0.996995 train_nmse=-22.156dB train_rec=1.506549e-06 train_recT=9.725434e-07 train_fc=2.027470e-03 train_decoder_tail=3.623005e-06
I 07.02/14:14:18 train_mapper.py:622 ] epoch=0322 train_loss=1.862945e-02 train_mse=3.909040e-03 train_cos=0.996992 train_nmse=-22.153dB train_rec=1.509692e-06 train_recT=9.758008e-07 train_fc=2.029668e-03 train_decoder_tail=3.624190e-06
I 07.02/14:14:42 train_mapper.py:622 ] epoch=0323 train_loss=1.863156e-02 train_mse=3.908765e-03 train_cos=0.996993 train_nmse=-22.154dB train_rec=1.515327e-06 train_recT=9.811557e-07 train_fc=2.033356e-03 train_decoder_tail=3.631594e-06
I 07.02/14:15:07 train_mapper.py:622 ] epoch=0324 train_loss=1.860396e-02 train_mse=3.902302e-03 train_cos=0.996998 train_nmse=-22.161dB train_rec=1.510427e-06 train_recT=9.766937e-07 train_fc=2.029824e-03 train_decoder_tail=3.625429e-06
I 07.02/14:15:33 train_mapper.py:622 ] epoch=0325 train_loss=1.855999e-02 train_mse=3.891695e-03 train_cos=0.997005 train_nmse=-22.173dB train_rec=1.505544e-06 train_recT=9.713987e-07 train_fc=2.019936e-03 train_decoder_tail=3.616672e-06
I 07.02/14:15:59 train_mapper.py:622 ] epoch=0326 train_loss=1.849823e-02 train_mse=3.877252e-03 train_cos=0.997017 train_nmse=-22.189dB train_rec=1.497109e-06 train_recT=9.631576e-07 train_fc=2.009714e-03 train_decoder_tail=3.602361e-06
I 07.02/14:16:25 train_mapper.py:622 ] epoch=0327 train_loss=1.852990e-02 train_mse=3.883591e-03 train_cos=0.997012 train_nmse=-22.182dB train_rec=1.508634e-06 train_recT=9.745677e-07 train_fc=2.016975e-03 train_decoder_tail=3.614790e-06
I 07.02/14:16:52 train_mapper.py:622 ] epoch=0328 train_loss=1.851937e-02 train_mse=3.880666e-03 train_cos=0.997013 train_nmse=-22.185dB train_rec=1.503981e-06 train_recT=9.695978e-07 train_fc=2.014876e-03 train_decoder_tail=3.608012e-06
I 07.02/14:17:19 train_mapper.py:622 ] epoch=0329 train_loss=1.847596e-02 train_mse=3.870477e-03 train_cos=0.997021 train_nmse=-22.197dB train_rec=1.503705e-06 train_recT=9.700605e-07 train_fc=2.010097e-03 train_decoder_tail=3.606169e-06
I 07.02/14:17:44 train_mapper.py:622 ] epoch=0330 train_loss=1.845666e-02 train_mse=3.865865e-03 train_cos=0.997025 train_nmse=-22.202dB train_rec=1.493797e-06 train_recT=9.599509e-07 train_fc=2.005422e-03 train_decoder_tail=3.591882e-06
I 07.02/14:18:12 train_mapper.py:622 ] epoch=0331 train_loss=1.844514e-02 train_mse=3.862341e-03 train_cos=0.997027 train_nmse=-22.206dB train_rec=1.498817e-06 train_recT=9.646223e-07 train_fc=2.003436e-03 train_decoder_tail=3.596044e-06
I 07.02/14:18:38 train_mapper.py:622 ] epoch=0332 train_loss=1.840365e-02 train_mse=3.852390e-03 train_cos=0.997035 train_nmse=-22.217dB train_rec=1.492332e-06 train_recT=9.584449e-07 train_fc=1.997911e-03 train_decoder_tail=3.584487e-06
I 07.02/14:19:06 train_mapper.py:622 ] epoch=0333 train_loss=1.841473e-02 train_mse=3.854583e-03 train_cos=0.997033 train_nmse=-22.214dB train_rec=1.498357e-06 train_recT=9.643406e-07 train_fc=1.998665e-03 train_decoder_tail=3.591980e-06
I 07.02/14:19:31 train_mapper.py:622 ] epoch=0334 train_loss=1.837434e-02 train_mse=3.844533e-03 train_cos=0.997041 train_nmse=-22.226dB train_rec=1.493571e-06 train_recT=9.595716e-07 train_fc=1.994309e-03 train_decoder_tail=3.585091e-06
I 07.02/14:19:55 train_mapper.py:622 ] epoch=0335 train_loss=1.832836e-02 train_mse=3.834341e-03 train_cos=0.997049 train_nmse=-22.237dB train_rec=1.486724e-06 train_recT=9.528194e-07 train_fc=1.988357e-03 train_decoder_tail=3.575194e-06
I 07.02/14:20:23 train_mapper.py:622 ] epoch=0336 train_loss=1.835434e-02 train_mse=3.839726e-03 train_cos=0.997045 train_nmse=-22.231dB train_rec=1.490687e-06 train_recT=9.564399e-07 train_fc=1.991845e-03 train_decoder_tail=3.580788e-06
I 07.02/14:20:54 train_mapper.py:622 ] epoch=0337 train_loss=1.834452e-02 train_mse=3.836500e-03 train_cos=0.997046 train_nmse=-22.235dB train_rec=1.490408e-06 train_recT=9.564912e-07 train_fc=1.989548e-03 train_decoder_tail=3.576474e-06
I 07.02/14:21:27 train_mapper.py:622 ] epoch=0338 train_loss=1.833281e-02 train_mse=3.834313e-03 train_cos=0.997050 train_nmse=-22.237dB train_rec=1.487508e-06 train_recT=9.536903e-07 train_fc=1.990094e-03 train_decoder_tail=3.575986e-06
I 07.02/14:21:53 train_mapper.py:622 ] epoch=0339 train_loss=1.831654e-02 train_mse=3.829806e-03 train_cos=0.997053 train_nmse=-22.242dB train_rec=1.489311e-06 train_recT=9.553447e-07 train_fc=1.987990e-03 train_decoder_tail=3.578014e-06
I 07.02/14:22:22 train_mapper.py:622 ] epoch=0340 train_loss=1.830636e-02 train_mse=3.826916e-03 train_cos=0.997054 train_nmse=-22.246dB train_rec=1.490612e-06 train_recT=9.566209e-07 train_fc=1.985428e-03 train_decoder_tail=3.578175e-06
I 07.02/14:22:47 train_mapper.py:622 ] epoch=0341 train_loss=1.825606e-02 train_mse=3.814557e-03 train_cos=0.997063 train_nmse=-22.260dB train_rec=1.486551e-06 train_recT=9.525640e-07 train_fc=1.976334e-03 train_decoder_tail=3.566654e-06
I 07.02/14:23:15 train_mapper.py:622 ] epoch=0342 train_loss=1.824981e-02 train_mse=3.812659e-03 train_cos=0.997065 train_nmse=-22.262dB train_rec=1.497534e-06 train_recT=9.636431e-07 train_fc=1.980135e-03 train_decoder_tail=3.577524e-06
I 07.02/14:23:39 train_mapper.py:622 ] epoch=0343 train_loss=1.818394e-02 train_mse=3.797803e-03 train_cos=0.997077 train_nmse=-22.279dB train_rec=1.478942e-06 train_recT=9.447839e-07 train_fc=1.968599e-03 train_decoder_tail=3.559255e-06
I 07.02/14:24:07 train_mapper.py:622 ] epoch=0344 train_loss=1.821745e-02 train_mse=3.804935e-03 train_cos=0.997072 train_nmse=-22.270dB train_rec=1.482691e-06 train_recT=9.487477e-07 train_fc=1.972696e-03 train_decoder_tail=3.562021e-06
I 07.02/14:24:30 train_mapper.py:622 ] epoch=0345 train_loss=1.820974e-02 train_mse=3.802401e-03 train_cos=0.997072 train_nmse=-22.273dB train_rec=1.480026e-06 train_recT=9.460715e-07 train_fc=1.970718e-03 train_decoder_tail=3.555476e-06
I 07.02/14:24:54 train_mapper.py:622 ] epoch=0346 train_loss=1.819356e-02 train_mse=3.798497e-03 train_cos=0.997076 train_nmse=-22.278dB train_rec=1.481253e-06 train_recT=9.469215e-07 train_fc=1.969299e-03 train_decoder_tail=3.556771e-06
I 07.02/14:25:20 train_mapper.py:622 ] epoch=0347 train_loss=1.815539e-02 train_mse=3.789281e-03 train_cos=0.997083 train_nmse=-22.289dB train_rec=1.479471e-06 train_recT=9.455739e-07 train_fc=1.964245e-03 train_decoder_tail=3.554202e-06
I 07.02/14:25:46 train_mapper.py:622 ] epoch=0348 train_loss=1.811813e-02 train_mse=3.780395e-03 train_cos=0.997090 train_nmse=-22.299dB train_rec=1.479307e-06 train_recT=9.455100e-07 train_fc=1.960770e-03 train_decoder_tail=3.547299e-06
I 07.02/14:26:13 train_mapper.py:622 ] epoch=0349 train_loss=1.811478e-02 train_mse=3.779286e-03 train_cos=0.997091 train_nmse=-22.300dB train_rec=1.477155e-06 train_recT=9.432060e-07 train_fc=1.959721e-03 train_decoder_tail=3.550023e-06
I 07.02/14:26:37 train_mapper.py:622 ] epoch=0350 train_loss=1.810256e-02 train_mse=3.776080e-03 train_cos=0.997094 train_nmse=-22.304dB train_rec=1.477185e-06 train_recT=9.434716e-07 train_fc=1.958692e-03 train_decoder_tail=3.544673e-06
I 07.02/14:27:05 train_mapper.py:622 ] epoch=0351 train_loss=1.805008e-02 train_mse=3.763619e-03 train_cos=0.997103 train_nmse=-22.318dB train_rec=1.471127e-06 train_recT=9.371127e-07 train_fc=1.949478e-03 train_decoder_tail=3.535563e-06
I 07.02/14:27:29 train_mapper.py:622 ] epoch=0352 train_loss=1.807085e-02 train_mse=3.767705e-03 train_cos=0.997100 train_nmse=-22.314dB train_rec=1.474355e-06 train_recT=9.403062e-07 train_fc=1.953448e-03 train_decoder_tail=3.540080e-06
I 07.02/14:27:53 train_mapper.py:622 ] epoch=0353 train_loss=1.801844e-02 train_mse=3.755598e-03 train_cos=0.997109 train_nmse=-22.327dB train_rec=1.468370e-06 train_recT=9.342409e-07 train_fc=1.945887e-03 train_decoder_tail=3.529499e-06
I 07.02/14:28:19 train_mapper.py:622 ] epoch=0354 train_loss=1.800940e-02 train_mse=3.753121e-03 train_cos=0.997110 train_nmse=-22.330dB train_rec=1.468237e-06 train_recT=9.342260e-07 train_fc=1.944112e-03 train_decoder_tail=3.525566e-06
I 07.02/14:28:45 train_mapper.py:622 ] epoch=0355 train_loss=1.801370e-02 train_mse=3.753382e-03 train_cos=0.997110 train_nmse=-22.330dB train_rec=1.470269e-06 train_recT=9.361640e-07 train_fc=1.943745e-03 train_decoder_tail=3.529679e-06
I 07.02/14:29:11 train_mapper.py:622 ] epoch=0356 train_loss=1.798586e-02 train_mse=3.746943e-03 train_cos=0.997115 train_nmse=-22.337dB train_rec=1.466699e-06 train_recT=9.329493e-07 train_fc=1.940432e-03 train_decoder_tail=3.519135e-06
I 07.02/14:29:35 train_mapper.py:622 ] epoch=0357 train_loss=1.799775e-02 train_mse=3.748998e-03 train_cos=0.997113 train_nmse=-22.335dB train_rec=1.475168e-06 train_recT=9.411502e-07 train_fc=1.942135e-03 train_decoder_tail=3.534385e-06
I 07.02/14:29:59 train_mapper.py:622 ] epoch=0358 train_loss=1.797917e-02 train_mse=3.744690e-03 train_cos=0.997117 train_nmse=-22.340dB train_rec=1.472458e-06 train_recT=9.383226e-07 train_fc=1.941371e-03 train_decoder_tail=3.529604e-06
I 07.02/14:30:25 train_mapper.py:622 ] epoch=0359 train_loss=1.796882e-02 train_mse=3.741649e-03 train_cos=0.997119 train_nmse=-22.344dB train_rec=1.468869e-06 train_recT=9.349804e-07 train_fc=1.938749e-03 train_decoder_tail=3.522259e-06
I 07.02/14:30:49 train_mapper.py:622 ] epoch=0360 train_loss=1.792352e-02 train_mse=3.730722e-03 train_cos=0.997127 train_nmse=-22.356dB train_rec=1.466335e-06 train_recT=9.324560e-07 train_fc=1.930771e-03 train_decoder_tail=3.518898e-06
I 07.02/14:31:15 train_mapper.py:622 ] epoch=0361 train_loss=1.789324e-02 train_mse=3.723623e-03 train_cos=0.997133 train_nmse=-22.364dB train_rec=1.463932e-06 train_recT=9.298874e-07 train_fc=1.929061e-03 train_decoder_tail=3.513848e-06
I 07.02/14:31:39 train_mapper.py:622 ] epoch=0362 train_loss=1.788490e-02 train_mse=3.721586e-03 train_cos=0.997135 train_nmse=-22.367dB train_rec=1.464242e-06 train_recT=9.302393e-07 train_fc=1.927480e-03 train_decoder_tail=3.517578e-06
I 07.02/14:32:06 train_mapper.py:622 ] epoch=0363 train_loss=1.787966e-02 train_mse=3.720317e-03 train_cos=0.997136 train_nmse=-22.368dB train_rec=1.462828e-06 train_recT=9.288335e-07 train_fc=1.927592e-03 train_decoder_tail=3.511766e-06
I 07.02/14:32:31 train_mapper.py:622 ] epoch=0364 train_loss=1.788930e-02 train_mse=3.721639e-03 train_cos=0.997134 train_nmse=-22.367dB train_rec=1.465205e-06 train_recT=9.311616e-07 train_fc=1.928420e-03 train_decoder_tail=3.513980e-06
I 07.02/14:32:48 train_mapper.py:622 ] epoch=0365 train_loss=1.784397e-02 train_mse=3.711077e-03 train_cos=0.997143 train_nmse=-22.379dB train_rec=1.462378e-06 train_recT=9.284120e-07 train_fc=1.922404e-03 train_decoder_tail=3.506612e-06
I 07.02/14:33:07 train_mapper.py:622 ] epoch=0366 train_loss=1.789393e-02 train_mse=3.721960e-03 train_cos=0.997134 train_nmse=-22.366dB train_rec=1.469383e-06 train_recT=9.354232e-07 train_fc=1.928800e-03 train_decoder_tail=3.517052e-06
I 07.02/14:33:24 train_mapper.py:622 ] epoch=0367 train_loss=1.777236e-02 train_mse=3.694608e-03 train_cos=0.997156 train_nmse=-22.398dB train_rec=1.450547e-06 train_recT=9.164318e-07 train_fc=1.912016e-03 train_decoder_tail=3.489909e-06
I 07.02/14:33:41 train_mapper.py:622 ] epoch=0368 train_loss=1.779910e-02 train_mse=3.700002e-03 train_cos=0.997152 train_nmse=-22.392dB train_rec=1.458099e-06 train_recT=9.242419e-07 train_fc=1.915754e-03 train_decoder_tail=3.502529e-06
I 07.02/14:33:59 train_mapper.py:622 ] epoch=0369 train_loss=1.778435e-02 train_mse=3.696262e-03 train_cos=0.997154 train_nmse=-22.397dB train_rec=1.455436e-06 train_recT=9.213263e-07 train_fc=1.913070e-03 train_decoder_tail=3.496539e-06
I 07.02/14:34:19 train_mapper.py:622 ] epoch=0370 train_loss=1.775105e-02 train_mse=3.688215e-03 train_cos=0.997161 train_nmse=-22.406dB train_rec=1.452732e-06 train_recT=9.188117e-07 train_fc=1.908930e-03 train_decoder_tail=3.492723e-06
I 07.02/14:34:36 train_mapper.py:622 ] epoch=0371 train_loss=1.774333e-02 train_mse=3.685867e-03 train_cos=0.997161 train_nmse=-22.409dB train_rec=1.452195e-06 train_recT=9.179850e-07 train_fc=1.906612e-03 train_decoder_tail=3.485759e-06
I 07.02/14:34:50 train_mapper.py:622 ] epoch=0372 train_loss=1.776047e-02 train_mse=3.689280e-03 train_cos=0.997159 train_nmse=-22.405dB train_rec=1.459103e-06 train_recT=9.248931e-07 train_fc=1.909318e-03 train_decoder_tail=3.494616e-06
I 07.02/14:35:06 train_mapper.py:622 ] epoch=0373 train_loss=1.768285e-02 train_mse=3.671736e-03 train_cos=0.997173 train_nmse=-22.425dB train_rec=1.448510e-06 train_recT=9.146752e-07 train_fc=1.902361e-03 train_decoder_tail=3.480344e-06
I 07.02/14:35:32 train_mapper.py:622 ] epoch=0374 train_loss=1.768398e-02 train_mse=3.671403e-03 train_cos=0.997173 train_nmse=-22.426dB train_rec=1.448141e-06 train_recT=9.141658e-07 train_fc=1.898512e-03 train_decoder_tail=3.479703e-06
I 07.02/14:35:55 train_mapper.py:622 ] epoch=0375 train_loss=1.769444e-02 train_mse=3.672979e-03 train_cos=0.997172 train_nmse=-22.424dB train_rec=1.454102e-06 train_recT=9.202233e-07 train_fc=1.901060e-03 train_decoder_tail=3.482163e-06
I 07.02/14:36:30 train_mapper.py:622 ] epoch=0376 train_loss=1.767215e-02 train_mse=3.667972e-03 train_cos=0.997175 train_nmse=-22.430dB train_rec=1.451983e-06 train_recT=9.179954e-07 train_fc=1.898872e-03 train_decoder_tail=3.482553e-06
I 07.02/14:37:06 train_mapper.py:622 ] epoch=0377 train_loss=1.769259e-02 train_mse=3.671859e-03 train_cos=0.997172 train_nmse=-22.425dB train_rec=1.456137e-06 train_recT=9.221902e-07 train_fc=1.901489e-03 train_decoder_tail=3.485094e-06
I 07.02/14:37:41 train_mapper.py:622 ] epoch=0378 train_loss=1.761188e-02 train_mse=3.653893e-03 train_cos=0.997187 train_nmse=-22.446dB train_rec=1.442199e-06 train_recT=9.083193e-07 train_fc=1.890882e-03 train_decoder_tail=3.472883e-06
I 07.02/14:38:15 train_mapper.py:622 ] epoch=0379 train_loss=1.763764e-02 train_mse=3.659174e-03 train_cos=0.997182 train_nmse=-22.440dB train_rec=1.446858e-06 train_recT=9.127463e-07 train_fc=1.893985e-03 train_decoder_tail=3.472440e-06
I 07.02/14:38:42 train_mapper.py:622 ] epoch=0380 train_loss=1.760122e-02 train_mse=3.651028e-03 train_cos=0.997189 train_nmse=-22.450dB train_rec=1.445059e-06 train_recT=9.107189e-07 train_fc=1.889428e-03 train_decoder_tail=3.473090e-06
I 07.02/14:39:10 train_mapper.py:622 ] epoch=0381 train_loss=1.757518e-02 train_mse=3.644496e-03 train_cos=0.997194 train_nmse=-22.458dB train_rec=1.441898e-06 train_recT=9.080287e-07 train_fc=1.885063e-03 train_decoder_tail=3.463059e-06
I 07.02/14:39:36 train_mapper.py:622 ] epoch=0382 train_loss=1.758897e-02 train_mse=3.646754e-03 train_cos=0.997192 train_nmse=-22.455dB train_rec=1.446730e-06 train_recT=9.126733e-07 train_fc=1.887462e-03 train_decoder_tail=3.470914e-06
I 07.02/14:40:04 train_mapper.py:622 ] epoch=0383 train_loss=1.756994e-02 train_mse=3.641954e-03 train_cos=0.997194 train_nmse=-22.461dB train_rec=1.448362e-06 train_recT=9.141931e-07 train_fc=1.885556e-03 train_decoder_tail=3.471929e-06
I 07.02/14:40:30 train_mapper.py:622 ] epoch=0384 train_loss=1.753334e-02 train_mse=3.633648e-03 train_cos=0.997202 train_nmse=-22.471dB train_rec=1.442389e-06 train_recT=9.084415e-07 train_fc=1.878845e-03 train_decoder_tail=3.461461e-06
I 07.02/14:40:54 train_mapper.py:622 ] epoch=0385 train_loss=1.751916e-02 train_mse=3.630362e-03 train_cos=0.997204 train_nmse=-22.475dB train_rec=1.439471e-06 train_recT=9.055993e-07 train_fc=1.876115e-03 train_decoder_tail=3.455948e-06
I 07.02/14:41:18 train_mapper.py:622 ] epoch=0386 train_loss=1.747801e-02 train_mse=3.620646e-03 train_cos=0.997212 train_nmse=-22.486dB train_rec=1.433435e-06 train_recT=8.992253e-07 train_fc=1.870564e-03 train_decoder_tail=3.449116e-06
I 07.02/14:41:39 train_mapper.py:622 ] epoch=0387 train_loss=1.751796e-02 train_mse=3.628864e-03 train_cos=0.997205 train_nmse=-22.476dB train_rec=1.441174e-06 train_recT=9.075847e-07 train_fc=1.877037e-03 train_decoder_tail=3.455981e-06
I 07.02/14:42:00 train_mapper.py:622 ] epoch=0388 train_loss=1.750364e-02 train_mse=3.625404e-03 train_cos=0.997207 train_nmse=-22.481dB train_rec=1.440986e-06 train_recT=9.070646e-07 train_fc=1.875489e-03 train_decoder_tail=3.450486e-06
I 07.02/14:42:27 train_mapper.py:622 ] epoch=0389 train_loss=1.745050e-02 train_mse=3.613665e-03 train_cos=0.997218 train_nmse=-22.494dB train_rec=1.433638e-06 train_recT=8.996220e-07 train_fc=1.867843e-03 train_decoder_tail=3.448537e-06
I 07.02/14:42:57 train_mapper.py:622 ] epoch=0390 train_loss=1.748202e-02 train_mse=3.619877e-03 train_cos=0.997212 train_nmse=-22.487dB train_rec=1.440931e-06 train_recT=9.069589e-07 train_fc=1.872895e-03 train_decoder_tail=3.454271e-06
I 07.02/14:43:26 train_mapper.py:622 ] epoch=0391 train_loss=1.744558e-02 train_mse=3.611293e-03 train_cos=0.997218 train_nmse=-22.498dB train_rec=1.435980e-06 train_recT=9.018242e-07 train_fc=1.867623e-03 train_decoder_tail=3.447160e-06
I 07.02/14:43:43 train_mapper.py:622 ] epoch=0392 train_loss=1.740284e-02 train_mse=3.601510e-03 train_cos=0.997227 train_nmse=-22.509dB train_rec=1.433496e-06 train_recT=8.996782e-07 train_fc=1.863535e-03 train_decoder_tail=3.439592e-06
I 07.02/14:44:07 train_mapper.py:622 ] epoch=0393 train_loss=1.744117e-02 train_mse=3.609567e-03 train_cos=0.997220 train_nmse=-22.500dB train_rec=1.439245e-06 train_recT=9.051208e-07 train_fc=1.867778e-03 train_decoder_tail=3.449030e-06
I 07.02/14:44:29 train_mapper.py:622 ] epoch=0394 train_loss=1.738629e-02 train_mse=3.597208e-03 train_cos=0.997230 train_nmse=-22.514dB train_rec=1.427776e-06 train_recT=8.938551e-07 train_fc=1.861470e-03 train_decoder_tail=3.433155e-06
I 07.02/14:44:52 train_mapper.py:622 ] epoch=0395 train_loss=1.742889e-02 train_mse=3.606001e-03 train_cos=0.997222 train_nmse=-22.504dB train_rec=1.439363e-06 train_recT=9.054167e-07 train_fc=1.866890e-03 train_decoder_tail=3.446019e-06
I 07.02/14:45:17 train_mapper.py:622 ] epoch=0396 train_loss=1.732455e-02 train_mse=3.582737e-03 train_cos=0.997241 train_nmse=-22.532dB train_rec=1.425954e-06 train_recT=8.919273e-07 train_fc=1.851092e-03 train_decoder_tail=3.430143e-06
I 07.02/14:45:41 train_mapper.py:622 ] epoch=0397 train_loss=1.732339e-02 train_mse=3.581567e-03 train_cos=0.997241 train_nmse=-22.533dB train_rec=1.426290e-06 train_recT=8.922214e-07 train_fc=1.850748e-03 train_decoder_tail=3.428354e-06
I 07.02/14:46:08 train_mapper.py:622 ] epoch=0398 train_loss=1.733602e-02 train_mse=3.584444e-03 train_cos=0.997240 train_nmse=-22.530dB train_rec=1.429698e-06 train_recT=8.956019e-07 train_fc=1.851946e-03 train_decoder_tail=3.431754e-06
I 07.02/14:46:32 train_mapper.py:622 ] epoch=0399 train_loss=1.731559e-02 train_mse=3.579569e-03 train_cos=0.997243 train_nmse=-22.536dB train_rec=1.430372e-06 train_recT=8.963067e-07 train_fc=1.851227e-03 train_decoder_tail=3.430196e-06
I 07.02/14:46:54 train_mapper.py:622 ] epoch=0400 train_loss=1.732894e-02 train_mse=3.582017e-03 train_cos=0.997241 train_nmse=-22.533dB train_rec=1.428336e-06 train_recT=8.945217e-07 train_fc=1.852834e-03 train_decoder_tail=3.427150e-06
I 07.02/14:47:47 train_mapper.py:738 ] best_loss_epoch=399 best_loss_selection=train_loss best_loss_metric=1.731559e-02 best_loss_mse=3.579569e-03 best_loss_loss=1.731559e-02
I 07.02/14:47:47 train_mapper.py:743 ] best_mse_epoch=399 best_mse_selection=train_mse best_mse_metric=3.579569e-03 best_mse_mse=3.579569e-03 best_mse_loss=1.731559e-02
I 07.02/14:47:47 train_mapper.py:749 ] all_best_loss_mse=3.479473e-03 all_best_loss_cos=0.997314 all_best_loss_nmse=-22.658dB
I 07.02/14:47:47 train_mapper.py:753 ] all_best_mse_mse=3.479473e-03 all_best_mse_cos=0.997314 all_best_mse_nmse=-22.658dB
