I 07.05/05:22:22 logger.py:152 ] => Experiment directory: decoder_param_fm/exps/svd_hyper_lora_rms_tok512_h2048_lr5e-5_ep400_seed42
I 07.05/05:22:22 logger.py:71  ] => Runtime Context:
I 07.05/05:22:22 logger.py:72  ]    cwd: /storage/hujiacong/zxd/Huawei/UniversalCSI
I 07.05/05:22:22 logger.py:73  ]    pid: 1926667
I 07.05/05:22:22 logger.py:74  ]    command: decoder_param_fm/train_param_fm.py --exp_dir decoder_param_fm/exps/svd_hyper_lora_rms_tok512_h2048_lr5e-5_ep400_seed42 --decoder_args_json exps/COST2100/in/seed42/transnet_transnet/args.json --target_checkpoint exps/COST2100/in/seed42/transnet_transnet/checkpoints/best_nmse.pth --guide_code_path exps/COST2100/in/seed42/transnet_transnet/codewords/train_code.pt --condition_extract svd --condition_inject hyper_lora --param_norm rms --epochs 400 --steps_per_epoch 100 --lr 5e-5 --warmup_ratio 0.1 --token_size 512 --hidden_dim 2048 --num_blocks 4 --condition_tokens 512 --cond_dim 512 --num_heads 8 --set_layers 2 --lambda_endpoint 0.0 --base_seed 2026 --seed 42 --gpu 0 --max_guide_codes 0
I 07.05/05:22:22 logger.py:75  ]    python: 3.11.14 (main, Oct 21 2025, 18:31:21) [GCC 11.2.0]
I 07.05/05:22:22 logger.py:76  ]    pytorch: 2.5.1
I 07.05/05:22:26 logger.py:77  ]    cuda_available: True
I 07.05/05:22:26 logger.py:79  ]    cuda_version: 12.1
I 07.05/05:22:26 logger.py:81  ]    CUDA_VISIBLE_DEVICES: None
I 07.05/05:22:26 logger.py:91  ]    current_device: not initialized yet
I 07.05/05:22:26 logger.py:63  ] => Arguments:
{
  "base_seed": 2026,
  "cond_dim": 512,
  "condition_extract": "svd",
  "condition_inject": "hyper_lora",
  "condition_tokens": 512,
  "cpu": false,
  "decoder_args_json": "exps/COST2100/in/seed42/transnet_transnet/args.json",
  "dropout": 0.0,
  "epochs": 400,
  "eta_min": 1e-06,
  "exp_dir": "decoder_param_fm/exps/svd_hyper_lora_rms_tok512_h2048_lr5e-5_ep400_seed42",
  "gpu": 0,
  "grad_clip": 1.0,
  "guide_code_path": "exps/COST2100/in/seed42/transnet_transnet/codewords/train_code.pt",
  "hidden_dim": 2048,
  "hyper_lora_rank": 16,
  "lambda_endpoint": 0.0,
  "lr": 5e-05,
  "max_guide_codes": 0,
  "num_blocks": 4,
  "num_heads": 8,
  "param_norm": "rms",
  "save_every": 0,
  "seed": 42,
  "set_layers": 2,
  "steps_per_epoch": 100,
  "target_checkpoint": "exps/COST2100/in/seed42/transnet_transnet/checkpoints/best_nmse.pth",
  "time_dim": 128,
  "token_size": 512,
  "warmup_ratio": 0.1,
  "warmup_steps": 0,
  "weight_decay": 0.0
}
I 07.05/05:22:26 train_param_fm.py:253 ] => TensorBoard directory: decoder_param_fm/exps/svd_hyper_lora_rms_tok512_h2048_lr5e-5_ep400_seed42/tensorboard
I 07.05/05:22:26 train_param_fm.py:153 ] 
=> Target decoder tensors:
   tensors=40 total_params=1,646,592
   largest tensors:
     fc_decoder.weight                                       shape=(2048, 512) numel=1,048,576
     decoder.layers.0.linear1.weight                         shape=(2048, 64) numel=131,072
     decoder.layers.0.linear2.weight                         shape=(64, 2048) numel=131,072
     decoder.layers.1.linear1.weight                         shape=(2048, 64) numel=131,072
     decoder.layers.1.linear2.weight                         shape=(64, 2048) numel=131,072
     decoder.layers.0.self_attn.in_proj_weight               shape=(192, 64) numel=12,288
     decoder.layers.0.multihead_attn.in_proj_weight          shape=(192, 64) numel=12,288
     decoder.layers.1.self_attn.in_proj_weight               shape=(192, 64) numel=12,288
I 07.05/05:22:28 train_param_fm.py:172 ] 
=> Parameter normalization:
   method=rms tensors=40
   fc_decoder.weight                                       scale=4.112407e-02
   fc_decoder.bias                                         scale=3.915951e-02
   decoder.layers.0.self_attn.in_proj_weight               scale=1.173303e-01
   decoder.layers.0.self_attn.in_proj_bias                 scale=3.452975e-02
   decoder.layers.0.self_attn.out_proj.weight              scale=1.769627e-01
   decoder.layers.0.self_attn.out_proj.bias                scale=3.740532e-02
   decoder.layers.0.multihead_attn.in_proj_weight          scale=1.192300e-01
   decoder.layers.0.multihead_attn.in_proj_bias            scale=9.713434e-03
   ... 32 more tensors
I 07.05/05:22:28 train_param_fm.py:271 ] Prepared 40 tensors, 3236 parameter tokens, token_size=512
I 07.05/05:22:33 train_param_fm.py:178 ] => Device: cuda:0
I 07.05/05:22:33 train_param_fm.py:179 ] => Target checkpoint: exps/COST2100/in/seed42/transnet_transnet/checkpoints/best_nmse.pth
I 07.05/05:22:33 train_param_fm.py:180 ] => Decoder args json: exps/COST2100/in/seed42/transnet_transnet/args.json
I 07.05/05:22:33 train_param_fm.py:181 ] => Guide code path: exps/COST2100/in/seed42/transnet_transnet/codewords/train_code.pt
I 07.05/05:22:33 train_param_fm.py:182 ] => Decoder: type=transnet cr=4 channel=2 nt=32 nc=32 d_model=64 dim_feedforward=2048
I 07.05/05:22:33 train_param_fm.py:192 ] => Condition: extract=svd tokens=512 inject=hyper_lora cond_dim=512 heads=8 set_layers=2 hyper_lora_rank=16
I 07.05/05:22:33 train_param_fm.py:202 ] => Parameter tokens: tensors=40 tokens=3236 token_size=512 valid_elements=1646592 padded_elements=10240
I 07.05/05:22:33 train_param_fm.py:211 ] => Guide codes: shape=(100000, 512) max_guide_codes=0
I 07.05/05:22:33 train_param_fm.py:215 ] => Optimizer: AdamW lr=5e-05 eta_min=1e-06 weight_decay=0 grad_clip=1
I 07.05/05:22:33 train_param_fm.py:222 ] => Scheduler: warmup_cosine epochs=400 steps_per_epoch=100 total_steps=40000 warmup_steps=4000 warmup_ratio=0.1
I 07.05/05:22:33 train_param_fm.py:230 ] => Loss: velocity_mse=1.0 endpoint_param_mse=0
I 07.05/05:22:33 train_param_fm.py:233 ] => Parameters: total=172,382,721 trainable=172,382,721 frozen=0
I 07.05/05:22:33 logger.py:146 ] 
name                                                              grad            shape      numel
----                                                              ----            -----      -----
condition_encoder.token_mlp.0.weight                              True           (512,)        512
condition_encoder.token_mlp.0.bias                                True           (512,)        512
condition_encoder.token_mlp.1.weight                              True      (2048, 512)  1,048,576
condition_encoder.token_mlp.1.bias                                True          (2048,)      2,048
condition_encoder.token_mlp.3.weight                              True      (512, 2048)  1,048,576
condition_encoder.token_mlp.3.bias                                True           (512,)        512
condition_encoder.pool.0.weight                                   True          (1536,)      1,536
condition_encoder.pool.0.bias                                     True          (1536,)      1,536
condition_encoder.pool.1.weight                                   True      (512, 1536)    786,432
condition_encoder.pool.1.bias                                     True           (512,)        512
condition_encoder.pool.3.weight                                   True       (512, 512)    262,144
condition_encoder.pool.3.bias                                     True           (512,)        512
param_fm.param_proj.weight                                        True      (2048, 512)  1,048,576
param_fm.param_proj.bias                                          True          (2048,)      2,048
param_fm.time_proj.0.weight                                       True      (2048, 128)    262,144
param_fm.time_proj.0.bias                                         True          (2048,)      2,048
param_fm.time_proj.2.weight                                       True     (2048, 2048)  4,194,304
param_fm.time_proj.2.bias                                         True          (2048,)      2,048
param_fm.tensor_embed.weight                                      True       (40, 2048)     81,920
param_fm.layer_embed.weight                                       True     (1001, 2048)  2,050,048
param_fm.offset_embed.weight                                      True     (2048, 2048)  4,194,304
param_fm.cond_proj.weight                                         True      (2048, 512)  1,048,576
param_fm.cond_proj.bias                                           True          (2048,)      2,048
param_fm.blocks.0.norm.weight                                     True          (2048,)      2,048
param_fm.blocks.0.norm.bias                                       True          (2048,)      2,048
param_fm.blocks.0.net.0.weight                                    True     (8192, 2048) 16,777,216
param_fm.blocks.0.net.0.bias                                      True          (8192,)      8,192
param_fm.blocks.0.net.3.weight                                    True     (2048, 8192) 16,777,216
param_fm.blocks.0.net.3.bias                                      True          (2048,)      2,048
param_fm.blocks.1.norm.weight                                     True          (2048,)      2,048
param_fm.blocks.1.norm.bias                                       True          (2048,)      2,048
param_fm.blocks.1.net.0.weight                                    True     (8192, 2048) 16,777,216
param_fm.blocks.1.net.0.bias                                      True          (8192,)      8,192
param_fm.blocks.1.net.3.weight                                    True     (2048, 8192) 16,777,216
param_fm.blocks.1.net.3.bias                                      True          (2048,)      2,048
param_fm.blocks.2.norm.weight                                     True          (2048,)      2,048
param_fm.blocks.2.norm.bias                                       True          (2048,)      2,048
param_fm.blocks.2.net.0.weight                                    True     (8192, 2048) 16,777,216
param_fm.blocks.2.net.0.bias                                      True          (8192,)      8,192
param_fm.blocks.2.net.3.weight                                    True     (2048, 8192) 16,777,216
param_fm.blocks.2.net.3.bias                                      True          (2048,)      2,048
param_fm.blocks.3.norm.weight                                     True          (2048,)      2,048
param_fm.blocks.3.norm.bias                                       True          (2048,)      2,048
param_fm.blocks.3.net.0.weight                                    True     (8192, 2048) 16,777,216
param_fm.blocks.3.net.0.bias                                      True          (8192,)      8,192
param_fm.blocks.3.net.3.weight                                    True     (2048, 8192) 16,777,216
param_fm.blocks.3.net.3.bias                                      True          (2048,)      2,048
param_fm.hyper_a.weight                                           True     (32768, 512) 16,777,216
param_fm.hyper_a.bias                                             True         (32768,)     32,768
param_fm.hyper_b.weight                                           True      (8192, 512)  4,194,304
param_fm.hyper_b.bias                                             True          (8192,)      8,192
param_fm.hyper_alpha.weight                                       True         (1, 512)        512
param_fm.hyper_alpha.bias                                         True             (1,)          1
param_fm.norm.weight                                              True          (2048,)      2,048
param_fm.norm.bias                                                True          (2048,)      2,048
param_fm.out.weight                                               True      (512, 2048)  1,048,576
param_fm.out.bias                                                 True           (512,)        512
**********
total=172,382,721, trainable=172,382,721, frozen=0
I 07.05/05:23:17 train_param_fm.py:370 ] Epoch [1/400] loss=1.05636490 velocity=1.05636490 endpoint=0.35421386 lr=1.25e-06
I 07.05/05:24:20 train_param_fm.py:370 ] Epoch [2/400] loss=0.99215173 velocity=0.99215173 endpoint=0.33825239 lr=2.5e-06
I 07.05/05:25:22 train_param_fm.py:370 ] Epoch [3/400] loss=0.97390540 velocity=0.97390540 endpoint=0.31464123 lr=3.75e-06
I 07.05/05:27:12 train_param_fm.py:370 ] Epoch [4/400] loss=0.92473709 velocity=0.92473709 endpoint=0.31147441 lr=5e-06
I 07.05/05:29:23 train_param_fm.py:370 ] Epoch [5/400] loss=0.87312959 velocity=0.87312959 endpoint=0.30899394 lr=6.25e-06
I 07.05/05:31:16 train_param_fm.py:370 ] Epoch [6/400] loss=0.83566397 velocity=0.83566397 endpoint=0.33042371 lr=7.5e-06
I 07.05/05:33:25 train_param_fm.py:370 ] Epoch [7/400] loss=0.78087602 velocity=0.78087602 endpoint=0.29234136 lr=8.75e-06
I 07.05/05:35:33 train_param_fm.py:370 ] Epoch [8/400] loss=0.71350938 velocity=0.71350938 endpoint=0.25158256 lr=1e-05
I 07.05/05:37:27 train_param_fm.py:370 ] Epoch [9/400] loss=0.65274615 velocity=0.65274615 endpoint=0.24702011 lr=1.125e-05
I 07.05/05:39:44 train_param_fm.py:370 ] Epoch [10/400] loss=0.58787926 velocity=0.58787926 endpoint=0.22852539 lr=1.25e-05
I 07.05/05:41:54 train_param_fm.py:370 ] Epoch [11/400] loss=0.51399316 velocity=0.51399316 endpoint=0.18551305 lr=1.375e-05
I 07.05/05:43:58 train_param_fm.py:370 ] Epoch [12/400] loss=0.46256714 velocity=0.46256714 endpoint=0.19002233 lr=1.5e-05
I 07.05/05:46:07 train_param_fm.py:370 ] Epoch [13/400] loss=0.40660375 velocity=0.40660375 endpoint=0.17892557 lr=1.625e-05
I 07.05/05:48:13 train_param_fm.py:370 ] Epoch [14/400] loss=0.34419131 velocity=0.34419131 endpoint=0.14296371 lr=1.75e-05
I 07.05/05:50:07 train_param_fm.py:370 ] Epoch [15/400] loss=0.29536199 velocity=0.29536199 endpoint=0.12884953 lr=1.875e-05
I 07.05/05:52:15 train_param_fm.py:370 ] Epoch [16/400] loss=0.24372403 velocity=0.24372403 endpoint=0.10447108 lr=2e-05
I 07.05/05:54:32 train_param_fm.py:370 ] Epoch [17/400] loss=0.20572216 velocity=0.20572216 endpoint=0.09310031 lr=2.125e-05
I 07.05/05:56:46 train_param_fm.py:370 ] Epoch [18/400] loss=0.17405345 velocity=0.17405345 endpoint=0.08302667 lr=2.25e-05
I 07.05/05:58:58 train_param_fm.py:370 ] Epoch [19/400] loss=0.13769065 velocity=0.13769065 endpoint=0.06112762 lr=2.375e-05
I 07.05/06:01:11 train_param_fm.py:370 ] Epoch [20/400] loss=0.12907025 velocity=0.12907025 endpoint=0.06716641 lr=2.5e-05
I 07.05/06:03:34 train_param_fm.py:370 ] Epoch [21/400] loss=0.10381587 velocity=0.10381587 endpoint=0.05380553 lr=2.625e-05
I 07.05/06:05:34 train_param_fm.py:370 ] Epoch [22/400] loss=0.09657522 velocity=0.09657522 endpoint=0.05469660 lr=2.75e-05
I 07.05/06:07:23 train_param_fm.py:370 ] Epoch [23/400] loss=0.07079007 velocity=0.07079007 endpoint=0.03421526 lr=2.875e-05
I 07.05/06:09:18 train_param_fm.py:370 ] Epoch [24/400] loss=0.05938724 velocity=0.05938724 endpoint=0.02929721 lr=3e-05
I 07.05/06:11:21 train_param_fm.py:370 ] Epoch [25/400] loss=0.05105842 velocity=0.05105842 endpoint=0.02674770 lr=3.125e-05
I 07.05/06:13:32 train_param_fm.py:370 ] Epoch [26/400] loss=0.04879022 velocity=0.04879022 endpoint=0.02694207 lr=3.25e-05
I 07.05/06:15:53 train_param_fm.py:370 ] Epoch [27/400] loss=0.04306663 velocity=0.04306663 endpoint=0.02445302 lr=3.375e-05
I 07.05/06:18:01 train_param_fm.py:370 ] Epoch [28/400] loss=0.03278897 velocity=0.03278897 endpoint=0.01653103 lr=3.5e-05
I 07.05/06:20:02 train_param_fm.py:370 ] Epoch [29/400] loss=0.02615368 velocity=0.02615368 endpoint=0.01308012 lr=3.625e-05
I 07.05/06:22:30 train_param_fm.py:370 ] Epoch [30/400] loss=0.01957749 velocity=0.01957749 endpoint=0.01000447 lr=3.75e-05
I 07.05/06:24:23 train_param_fm.py:370 ] Epoch [31/400] loss=0.02366628 velocity=0.02366628 endpoint=0.01266509 lr=3.875e-05
I 07.05/06:26:12 train_param_fm.py:370 ] Epoch [32/400] loss=0.01397900 velocity=0.01397900 endpoint=0.00654832 lr=4e-05
I 07.05/06:28:07 train_param_fm.py:370 ] Epoch [33/400] loss=0.01742277 velocity=0.01742277 endpoint=0.00991057 lr=4.125e-05
I 07.05/06:29:54 train_param_fm.py:370 ] Epoch [34/400] loss=0.01910529 velocity=0.01910529 endpoint=0.01077802 lr=4.25e-05
I 07.05/06:31:42 train_param_fm.py:370 ] Epoch [35/400] loss=0.01005111 velocity=0.01005111 endpoint=0.00536918 lr=4.375e-05
I 07.05/06:34:03 train_param_fm.py:370 ] Epoch [36/400] loss=0.00920419 velocity=0.00920419 endpoint=0.00492299 lr=4.5e-05
I 07.05/06:36:09 train_param_fm.py:370 ] Epoch [37/400] loss=0.01114627 velocity=0.01114627 endpoint=0.00594819 lr=4.625e-05
I 07.05/06:37:52 train_param_fm.py:370 ] Epoch [38/400] loss=0.00894686 velocity=0.00894686 endpoint=0.00480727 lr=4.75e-05
I 07.05/06:39:55 train_param_fm.py:370 ] Epoch [39/400] loss=0.01042170 velocity=0.01042170 endpoint=0.00539965 lr=4.875e-05
I 07.05/06:41:21 train_param_fm.py:370 ] Epoch [40/400] loss=0.00728128 velocity=0.00728128 endpoint=0.00395787 lr=5e-05
I 07.05/06:43:05 train_param_fm.py:370 ] Epoch [41/400] loss=0.00496930 velocity=0.00496930 endpoint=0.00232851 lr=4.99991e-05
I 07.05/06:45:00 train_param_fm.py:370 ] Epoch [42/400] loss=0.00429840 velocity=0.00429840 endpoint=0.00199767 lr=4.99963e-05
I 07.05/06:47:00 train_param_fm.py:370 ] Epoch [43/400] loss=0.00185315 velocity=0.00185315 endpoint=0.00075634 lr=4.99916e-05
I 07.05/06:48:44 train_param_fm.py:370 ] Epoch [44/400] loss=0.00315391 velocity=0.00315391 endpoint=0.00163880 lr=4.99851e-05
I 07.05/06:50:33 train_param_fm.py:370 ] Epoch [45/400] loss=0.00731045 velocity=0.00731045 endpoint=0.00358944 lr=4.99767e-05
I 07.05/06:52:13 train_param_fm.py:370 ] Epoch [46/400] loss=0.00364765 velocity=0.00364765 endpoint=0.00177294 lr=4.99664e-05
I 07.05/06:53:54 train_param_fm.py:370 ] Epoch [47/400] loss=0.00543227 velocity=0.00543227 endpoint=0.00254537 lr=4.99543e-05
I 07.05/06:55:40 train_param_fm.py:370 ] Epoch [48/400] loss=0.00424150 velocity=0.00424150 endpoint=0.00258714 lr=4.99403e-05
I 07.05/06:57:05 train_param_fm.py:370 ] Epoch [49/400] loss=0.00322288 velocity=0.00322288 endpoint=0.00138811 lr=4.99245e-05
I 07.05/06:58:48 train_param_fm.py:370 ] Epoch [50/400] loss=0.00299851 velocity=0.00299851 endpoint=0.00153869 lr=4.99068e-05
I 07.05/07:00:27 train_param_fm.py:370 ] Epoch [51/400] loss=0.00196799 velocity=0.00196799 endpoint=0.00090190 lr=4.98872e-05
I 07.05/07:02:11 train_param_fm.py:370 ] Epoch [52/400] loss=0.00874585 velocity=0.00874585 endpoint=0.00455240 lr=4.98658e-05
I 07.05/07:04:06 train_param_fm.py:370 ] Epoch [53/400] loss=0.00225761 velocity=0.00225761 endpoint=0.00099865 lr=4.98425e-05
I 07.05/07:05:58 train_param_fm.py:370 ] Epoch [54/400] loss=0.00125389 velocity=0.00125389 endpoint=0.00058109 lr=4.98174e-05
I 07.05/07:07:40 train_param_fm.py:370 ] Epoch [55/400] loss=0.00268265 velocity=0.00268265 endpoint=0.00144686 lr=4.97904e-05
I 07.05/07:09:24 train_param_fm.py:370 ] Epoch [56/400] loss=0.00384148 velocity=0.00384148 endpoint=0.00208246 lr=4.97616e-05
I 07.05/07:11:04 train_param_fm.py:370 ] Epoch [57/400] loss=0.00161790 velocity=0.00161790 endpoint=0.00086621 lr=4.97309e-05
I 07.05/07:12:47 train_param_fm.py:370 ] Epoch [58/400] loss=0.00234283 velocity=0.00234283 endpoint=0.00099888 lr=4.96984e-05
I 07.05/07:14:33 train_param_fm.py:370 ] Epoch [59/400] loss=0.00115926 velocity=0.00115926 endpoint=0.00048341 lr=4.9664e-05
I 07.05/07:16:36 train_param_fm.py:370 ] Epoch [60/400] loss=0.00103903 velocity=0.00103903 endpoint=0.00055879 lr=4.96278e-05
I 07.05/07:18:43 train_param_fm.py:370 ] Epoch [61/400] loss=0.00049829 velocity=0.00049829 endpoint=0.00024159 lr=4.95897e-05
I 07.05/07:20:23 train_param_fm.py:370 ] Epoch [62/400] loss=0.00165669 velocity=0.00165669 endpoint=0.00072604 lr=4.95499e-05
E 07.05/07:20:34 logger.py:18  ] Uncaught exception
Traceback (most recent call last):
  File "/storage/hujiacong/zxd/Huawei/UniversalCSI/decoder_param_fm/train_param_fm.py", line 399, in <module>
    main()
  File "/storage/hujiacong/zxd/Huawei/UniversalCSI/decoder_param_fm/train_param_fm.py", line 394, in main
    writer.flush()
  File "/home/hujiacong/zxd/.envs/miniconda3/envs/torch/lib/python3.11/site-packages/torch/utils/tensorboard/writer.py", line 1194, in flush
    writer.flush()
  File "/home/hujiacong/zxd/.envs/miniconda3/envs/torch/lib/python3.11/site-packages/torch/utils/tensorboard/writer.py", line 153, in flush
    self.event_writer.flush()
  File "/home/hujiacong/zxd/.envs/miniconda3/envs/torch/lib/python3.11/site-packages/tensorboard/summary/writer/event_file_writer.py", line 125, in flush
    self._async_writer.flush()
  File "/home/hujiacong/zxd/.envs/miniconda3/envs/torch/lib/python3.11/site-packages/tensorboard/summary/writer/event_file_writer.py", line 186, in flush
    self._check_worker_status()
  File "/home/hujiacong/zxd/.envs/miniconda3/envs/torch/lib/python3.11/site-packages/tensorboard/summary/writer/event_file_writer.py", line 212, in _check_worker_status
    raise exception
  File "/storage/hujiacong/zxd/Huawei/UniversalCSI/decoder_param_fm/train_param_fm.py", line 350, in main
    writer.add_scalar("train_step/loss", loss_value, global_step)
  File "/home/hujiacong/zxd/.envs/miniconda3/envs/torch/lib/python3.11/site-packages/torch/utils/tensorboard/writer.py", line 381, in add_scalar
    self._get_file_writer().add_summary(summary, global_step, walltime)
  File "/home/hujiacong/zxd/.envs/miniconda3/envs/torch/lib/python3.11/site-packages/torch/utils/tensorboard/writer.py", line 115, in add_summary
    self.add_event(event, global_step, walltime)
  File "/home/hujiacong/zxd/.envs/miniconda3/envs/torch/lib/python3.11/site-packages/torch/utils/tensorboard/writer.py", line 99, in add_event
    self.event_writer.add_event(event)
  File "/home/hujiacong/zxd/.envs/miniconda3/envs/torch/lib/python3.11/site-packages/tensorboard/summary/writer/event_file_writer.py", line 117, in add_event
    self._async_writer.write(event.SerializeToString())
  File "/home/hujiacong/zxd/.envs/miniconda3/envs/torch/lib/python3.11/site-packages/tensorboard/summary/writer/event_file_writer.py", line 171, in write
    self._check_worker_status()
  File "/home/hujiacong/zxd/.envs/miniconda3/envs/torch/lib/python3.11/site-packages/tensorboard/summary/writer/event_file_writer.py", line 212, in _check_worker_status
    raise exception
  File "/home/hujiacong/zxd/.envs/miniconda3/envs/torch/lib/python3.11/threading.py", line 1045, in _bootstrap_inner
    self.run()
  File "/home/hujiacong/zxd/.envs/miniconda3/envs/torch/lib/python3.11/site-packages/tensorboard/summary/writer/event_file_writer.py", line 244, in run
    self._run()
  File "/home/hujiacong/zxd/.envs/miniconda3/envs/torch/lib/python3.11/site-packages/tensorboard/summary/writer/event_file_writer.py", line 275, in _run
    self._record_writer.write(data)
  File "/home/hujiacong/zxd/.envs/miniconda3/envs/torch/lib/python3.11/site-packages/tensorboard/summary/writer/record_writer.py", line 40, in write
    self._writer.write(header + header_crc + data + footer_crc)
  File "/home/hujiacong/zxd/.envs/miniconda3/envs/torch/lib/python3.11/site-packages/tensorboard/compat/tensorflow_stub/io/gfile.py", line 775, in write
    self.fs.append(self.filename, file_content, self.binary_mode)
  File "/home/hujiacong/zxd/.envs/miniconda3/envs/torch/lib/python3.11/site-packages/tensorboard/compat/tensorflow_stub/io/gfile.py", line 167, in append
    self._write(filename, file_content, "ab" if binary_mode else "a")
  File "/home/hujiacong/zxd/.envs/miniconda3/envs/torch/lib/python3.11/site-packages/tensorboard/compat/tensorflow_stub/io/gfile.py", line 171, in _write
    with io.open(filename, mode, encoding=encoding) as f:
         ^^^^^^^^^^^^^^^^^^^^^^^^^^^^^^^^^^^^^^^^^^
BlockingIOError: [Errno 11] Resource temporarily unavailable
