I 07.01/03:33:05 train_mapper.py:431 ] => Experiment directory: mapper/exps/hybrid/sample_tail0.1/seed2026_clnet_transnet_to_seed42_transnet_lr5e-4_ep400
I 07.01/03:33:05 train_mapper.py:432 ] => Checkpoint directory: mapper/exps/hybrid/sample_tail0.1/seed2026_clnet_transnet_to_seed42_transnet_lr5e-4_ep400/checkpoints
I 07.01/03:33:05 train_mapper.py:433 ] => Codeword directory: mapper/exps/hybrid/sample_tail0.1/seed2026_clnet_transnet_to_seed42_transnet_lr5e-4_ep400/codewords
I 07.01/03:33:05 train_mapper.py:434 ] => TensorBoard directory: mapper/exps/hybrid/sample_tail0.1/seed2026_clnet_transnet_to_seed42_transnet_lr5e-4_ep400/tensorboard
I 07.01/03:33:09 train_mapper.py:524 ] device=cuda
I 07.01/03:33:09 train_mapper.py:525 ] mapper=hybrid, params=23108608
I 07.01/03:33:09 train_mapper.py:527 ] train=100000, val=0, code_dim=512
I 07.01/03:33:09 train_mapper.py:529 ] val_ratio<=0: skip per-epoch validation; select best checkpoint by train loss
I 07.01/03:33:09 train_mapper.py:531 ] loss=mse + smoothl1*0.0 + sample_tail*0.1 + dim_tail*0.0 + whiten*0.0 + rec*0.0 + recT*0.0 + fc*0.0 + decoder_tail*0.0 + cos*0.0 + cov*0.0
I 07.01/03:33:27 train_mapper.py:615 ] epoch=0001 train_loss=3.824555e-01 train_mse=3.301318e-01 train_cos=0.828753 train_nmse=-3.623dB train_rec=0.000000e+00 train_recT=0.000000e+00 train_fc=0.000000e+00 train_decoder_tail=0.000000e+00
I 07.01/03:33:54 train_mapper.py:615 ] epoch=0002 train_loss=1.416236e-01 train_mse=1.221893e-01 train_cos=0.946387 train_nmse=-7.239dB train_rec=0.000000e+00 train_recT=0.000000e+00 train_fc=0.000000e+00 train_decoder_tail=0.000000e+00
I 07.01/03:34:33 train_mapper.py:615 ] epoch=0003 train_loss=9.826844e-02 train_mse=8.437452e-02 train_cos=0.962731 train_nmse=-8.823dB train_rec=0.000000e+00 train_recT=0.000000e+00 train_fc=0.000000e+00 train_decoder_tail=0.000000e+00
I 07.01/03:35:21 train_mapper.py:615 ] epoch=0004 train_loss=7.802963e-02 train_mse=6.661730e-02 train_cos=0.968981 train_nmse=-9.843dB train_rec=0.000000e+00 train_recT=0.000000e+00 train_fc=0.000000e+00 train_decoder_tail=0.000000e+00
I 07.01/03:36:08 train_mapper.py:615 ] epoch=0005 train_loss=6.673435e-02 train_mse=5.665312e-02 train_cos=0.972163 train_nmse=-10.543dB train_rec=0.000000e+00 train_recT=0.000000e+00 train_fc=0.000000e+00 train_decoder_tail=0.000000e+00
I 07.01/03:36:52 train_mapper.py:615 ] epoch=0006 train_loss=5.933245e-02 train_mse=5.006037e-02 train_cos=0.974624 train_nmse=-11.080dB train_rec=0.000000e+00 train_recT=0.000000e+00 train_fc=0.000000e+00 train_decoder_tail=0.000000e+00
I 07.01/03:37:38 train_mapper.py:615 ] epoch=0007 train_loss=5.525380e-02 train_mse=4.637676e-02 train_cos=0.975988 train_nmse=-11.412dB train_rec=0.000000e+00 train_recT=0.000000e+00 train_fc=0.000000e+00 train_decoder_tail=0.000000e+00
I 07.01/03:38:26 train_mapper.py:615 ] epoch=0008 train_loss=5.173215e-02 train_mse=4.322670e-02 train_cos=0.977584 train_nmse=-11.717dB train_rec=0.000000e+00 train_recT=0.000000e+00 train_fc=0.000000e+00 train_decoder_tail=0.000000e+00
I 07.01/03:39:11 train_mapper.py:615 ] epoch=0009 train_loss=5.164288e-02 train_mse=4.308890e-02 train_cos=0.977124 train_nmse=-11.743dB train_rec=0.000000e+00 train_recT=0.000000e+00 train_fc=0.000000e+00 train_decoder_tail=0.000000e+00
I 07.01/03:39:55 train_mapper.py:615 ] epoch=0010 train_loss=4.799436e-02 train_mse=3.987334e-02 train_cos=0.979241 train_nmse=-12.068dB train_rec=0.000000e+00 train_recT=0.000000e+00 train_fc=0.000000e+00 train_decoder_tail=0.000000e+00
I 07.01/03:40:41 train_mapper.py:615 ] epoch=0011 train_loss=4.570171e-02 train_mse=3.793994e-02 train_cos=0.980409 train_nmse=-12.283dB train_rec=0.000000e+00 train_recT=0.000000e+00 train_fc=0.000000e+00 train_decoder_tail=0.000000e+00
I 07.01/03:41:27 train_mapper.py:615 ] epoch=0012 train_loss=4.401405e-02 train_mse=3.652948e-02 train_cos=0.981168 train_nmse=-12.448dB train_rec=0.000000e+00 train_recT=0.000000e+00 train_fc=0.000000e+00 train_decoder_tail=0.000000e+00
I 07.01/03:42:11 train_mapper.py:615 ] epoch=0013 train_loss=4.236933e-02 train_mse=3.516010e-02 train_cos=0.981884 train_nmse=-12.614dB train_rec=0.000000e+00 train_recT=0.000000e+00 train_fc=0.000000e+00 train_decoder_tail=0.000000e+00
I 07.01/03:42:54 train_mapper.py:615 ] epoch=0014 train_loss=4.086545e-02 train_mse=3.391393e-02 train_cos=0.982476 train_nmse=-12.770dB train_rec=0.000000e+00 train_recT=0.000000e+00 train_fc=0.000000e+00 train_decoder_tail=0.000000e+00
I 07.01/03:43:39 train_mapper.py:615 ] epoch=0015 train_loss=3.928818e-02 train_mse=3.261139e-02 train_cos=0.983070 train_nmse=-12.941dB train_rec=0.000000e+00 train_recT=0.000000e+00 train_fc=0.000000e+00 train_decoder_tail=0.000000e+00
I 07.01/03:44:23 train_mapper.py:615 ] epoch=0016 train_loss=3.785291e-02 train_mse=3.142543e-02 train_cos=0.983527 train_nmse=-13.101dB train_rec=0.000000e+00 train_recT=0.000000e+00 train_fc=0.000000e+00 train_decoder_tail=0.000000e+00
I 07.01/03:45:06 train_mapper.py:615 ] epoch=0017 train_loss=3.648047e-02 train_mse=3.029538e-02 train_cos=0.983849 train_nmse=-13.261dB train_rec=0.000000e+00 train_recT=0.000000e+00 train_fc=0.000000e+00 train_decoder_tail=0.000000e+00
I 07.01/03:45:47 train_mapper.py:615 ] epoch=0018 train_loss=3.460005e-02 train_mse=2.871407e-02 train_cos=0.984325 train_nmse=-13.494dB train_rec=0.000000e+00 train_recT=0.000000e+00 train_fc=0.000000e+00 train_decoder_tail=0.000000e+00
I 07.01/03:46:30 train_mapper.py:615 ] epoch=0019 train_loss=3.176626e-02 train_mse=2.622989e-02 train_cos=0.984299 train_nmse=-13.887dB train_rec=0.000000e+00 train_recT=0.000000e+00 train_fc=0.000000e+00 train_decoder_tail=0.000000e+00
I 07.01/03:47:14 train_mapper.py:615 ] epoch=0020 train_loss=2.815896e-02 train_mse=2.318746e-02 train_cos=0.984929 train_nmse=-14.422dB train_rec=0.000000e+00 train_recT=0.000000e+00 train_fc=0.000000e+00 train_decoder_tail=0.000000e+00
I 07.01/03:47:55 train_mapper.py:615 ] epoch=0021 train_loss=2.574694e-02 train_mse=2.133234e-02 train_cos=0.985546 train_nmse=-14.784dB train_rec=0.000000e+00 train_recT=0.000000e+00 train_fc=0.000000e+00 train_decoder_tail=0.000000e+00
I 07.01/03:48:38 train_mapper.py:615 ] epoch=0022 train_loss=2.472727e-02 train_mse=2.064647e-02 train_cos=0.985494 train_nmse=-14.939dB train_rec=0.000000e+00 train_recT=0.000000e+00 train_fc=0.000000e+00 train_decoder_tail=0.000000e+00
I 07.01/03:49:23 train_mapper.py:615 ] epoch=0023 train_loss=2.393089e-02 train_mse=2.003849e-02 train_cos=0.985690 train_nmse=-15.061dB train_rec=0.000000e+00 train_recT=0.000000e+00 train_fc=0.000000e+00 train_decoder_tail=0.000000e+00
I 07.01/03:50:05 train_mapper.py:615 ] epoch=0024 train_loss=2.177755e-02 train_mse=1.829908e-02 train_cos=0.986782 train_nmse=-15.450dB train_rec=0.000000e+00 train_recT=0.000000e+00 train_fc=0.000000e+00 train_decoder_tail=0.000000e+00
I 07.01/03:50:46 train_mapper.py:615 ] epoch=0025 train_loss=2.073671e-02 train_mse=1.748916e-02 train_cos=0.987211 train_nmse=-15.647dB train_rec=0.000000e+00 train_recT=0.000000e+00 train_fc=0.000000e+00 train_decoder_tail=0.000000e+00
I 07.01/03:51:30 train_mapper.py:615 ] epoch=0026 train_loss=1.996771e-02 train_mse=1.689656e-02 train_cos=0.987519 train_nmse=-15.797dB train_rec=0.000000e+00 train_recT=0.000000e+00 train_fc=0.000000e+00 train_decoder_tail=0.000000e+00
I 07.01/03:52:13 train_mapper.py:615 ] epoch=0027 train_loss=1.927684e-02 train_mse=1.635677e-02 train_cos=0.987818 train_nmse=-15.937dB train_rec=0.000000e+00 train_recT=0.000000e+00 train_fc=0.000000e+00 train_decoder_tail=0.000000e+00
I 07.01/03:52:52 train_mapper.py:615 ] epoch=0028 train_loss=1.863453e-02 train_mse=1.584933e-02 train_cos=0.988113 train_nmse=-16.075dB train_rec=0.000000e+00 train_recT=0.000000e+00 train_fc=0.000000e+00 train_decoder_tail=0.000000e+00
I 07.01/03:53:33 train_mapper.py:615 ] epoch=0029 train_loss=1.817521e-02 train_mse=1.549750e-02 train_cos=0.988292 train_nmse=-16.175dB train_rec=0.000000e+00 train_recT=0.000000e+00 train_fc=0.000000e+00 train_decoder_tail=0.000000e+00
I 07.01/03:54:14 train_mapper.py:615 ] epoch=0030 train_loss=2.781785e-02 train_mse=2.366052e-02 train_cos=0.981920 train_nmse=-14.539dB train_rec=0.000000e+00 train_recT=0.000000e+00 train_fc=0.000000e+00 train_decoder_tail=0.000000e+00
I 07.01/03:54:53 train_mapper.py:615 ] epoch=0031 train_loss=1.873607e-02 train_mse=1.593414e-02 train_cos=0.987936 train_nmse=-16.050dB train_rec=0.000000e+00 train_recT=0.000000e+00 train_fc=0.000000e+00 train_decoder_tail=0.000000e+00
I 07.01/03:55:33 train_mapper.py:615 ] epoch=0032 train_loss=1.727379e-02 train_mse=1.475312e-02 train_cos=0.988749 train_nmse=-16.385dB train_rec=0.000000e+00 train_recT=0.000000e+00 train_fc=0.000000e+00 train_decoder_tail=0.000000e+00
I 07.01/03:56:13 train_mapper.py:615 ] epoch=0033 train_loss=1.650988e-02 train_mse=1.413763e-02 train_cos=0.989163 train_nmse=-16.570dB train_rec=0.000000e+00 train_recT=0.000000e+00 train_fc=0.000000e+00 train_decoder_tail=0.000000e+00
I 07.01/03:56:53 train_mapper.py:615 ] epoch=0034 train_loss=1.605184e-02 train_mse=1.377214e-02 train_cos=0.989400 train_nmse=-16.685dB train_rec=0.000000e+00 train_recT=0.000000e+00 train_fc=0.000000e+00 train_decoder_tail=0.000000e+00
I 07.01/03:57:35 train_mapper.py:615 ] epoch=0035 train_loss=1.559207e-02 train_mse=1.339464e-02 train_cos=0.989661 train_nmse=-16.805dB train_rec=0.000000e+00 train_recT=0.000000e+00 train_fc=0.000000e+00 train_decoder_tail=0.000000e+00
I 07.01/03:58:17 train_mapper.py:615 ] epoch=0036 train_loss=1.522511e-02 train_mse=1.309661e-02 train_cos=0.989864 train_nmse=-16.903dB train_rec=0.000000e+00 train_recT=0.000000e+00 train_fc=0.000000e+00 train_decoder_tail=0.000000e+00
I 07.01/03:58:57 train_mapper.py:615 ] epoch=0037 train_loss=1.492684e-02 train_mse=1.285398e-02 train_cos=0.990024 train_nmse=-16.984dB train_rec=0.000000e+00 train_recT=0.000000e+00 train_fc=0.000000e+00 train_decoder_tail=0.000000e+00
I 07.01/03:59:37 train_mapper.py:615 ] epoch=0038 train_loss=1.462941e-02 train_mse=1.260901e-02 train_cos=0.990193 train_nmse=-17.068dB train_rec=0.000000e+00 train_recT=0.000000e+00 train_fc=0.000000e+00 train_decoder_tail=0.000000e+00
I 07.01/04:00:19 train_mapper.py:615 ] epoch=0039 train_loss=1.436202e-02 train_mse=1.238945e-02 train_cos=0.990345 train_nmse=-17.144dB train_rec=0.000000e+00 train_recT=0.000000e+00 train_fc=0.000000e+00 train_decoder_tail=0.000000e+00
I 07.01/04:00:55 train_mapper.py:615 ] epoch=0040 train_loss=1.406697e-02 train_mse=1.214458e-02 train_cos=0.990521 train_nmse=-17.231dB train_rec=0.000000e+00 train_recT=0.000000e+00 train_fc=0.000000e+00 train_decoder_tail=0.000000e+00
I 07.01/04:01:32 train_mapper.py:615 ] epoch=0041 train_loss=1.385800e-02 train_mse=1.197455e-02 train_cos=0.990634 train_nmse=-17.292dB train_rec=0.000000e+00 train_recT=0.000000e+00 train_fc=0.000000e+00 train_decoder_tail=0.000000e+00
I 07.01/04:02:08 train_mapper.py:615 ] epoch=0042 train_loss=1.361058e-02 train_mse=1.176520e-02 train_cos=0.990787 train_nmse=-17.368dB train_rec=0.000000e+00 train_recT=0.000000e+00 train_fc=0.000000e+00 train_decoder_tail=0.000000e+00
I 07.01/04:02:42 train_mapper.py:615 ] epoch=0043 train_loss=1.337024e-02 train_mse=1.156464e-02 train_cos=0.990928 train_nmse=-17.443dB train_rec=0.000000e+00 train_recT=0.000000e+00 train_fc=0.000000e+00 train_decoder_tail=0.000000e+00
I 07.01/04:03:17 train_mapper.py:615 ] epoch=0044 train_loss=1.310439e-02 train_mse=1.134095e-02 train_cos=0.991093 train_nmse=-17.528dB train_rec=0.000000e+00 train_recT=0.000000e+00 train_fc=0.000000e+00 train_decoder_tail=0.000000e+00
I 07.01/04:03:46 train_mapper.py:615 ] epoch=0045 train_loss=1.291216e-02 train_mse=1.118197e-02 train_cos=0.991202 train_nmse=-17.589dB train_rec=0.000000e+00 train_recT=0.000000e+00 train_fc=0.000000e+00 train_decoder_tail=0.000000e+00
I 07.01/04:04:21 train_mapper.py:615 ] epoch=0046 train_loss=1.268112e-02 train_mse=1.098682e-02 train_cos=0.991347 train_nmse=-17.666dB train_rec=0.000000e+00 train_recT=0.000000e+00 train_fc=0.000000e+00 train_decoder_tail=0.000000e+00
I 07.01/04:04:49 train_mapper.py:615 ] epoch=0047 train_loss=1.251543e-02 train_mse=1.084824e-02 train_cos=0.991445 train_nmse=-17.721dB train_rec=0.000000e+00 train_recT=0.000000e+00 train_fc=0.000000e+00 train_decoder_tail=0.000000e+00
I 07.01/04:05:20 train_mapper.py:615 ] epoch=0048 train_loss=1.232501e-02 train_mse=1.068644e-02 train_cos=0.991564 train_nmse=-17.786dB train_rec=0.000000e+00 train_recT=0.000000e+00 train_fc=0.000000e+00 train_decoder_tail=0.000000e+00
I 07.01/04:05:47 train_mapper.py:615 ] epoch=0049 train_loss=1.213432e-02 train_mse=1.052577e-02 train_cos=0.991684 train_nmse=-17.852dB train_rec=0.000000e+00 train_recT=0.000000e+00 train_fc=0.000000e+00 train_decoder_tail=0.000000e+00
I 07.01/04:06:20 train_mapper.py:615 ] epoch=0050 train_loss=1.202902e-02 train_mse=1.043884e-02 train_cos=0.991744 train_nmse=-17.888dB train_rec=0.000000e+00 train_recT=0.000000e+00 train_fc=0.000000e+00 train_decoder_tail=0.000000e+00
I 07.01/04:06:52 train_mapper.py:615 ] epoch=0051 train_loss=1.181513e-02 train_mse=1.025586e-02 train_cos=0.991882 train_nmse=-17.965dB train_rec=0.000000e+00 train_recT=0.000000e+00 train_fc=0.000000e+00 train_decoder_tail=0.000000e+00
I 07.01/04:07:25 train_mapper.py:615 ] epoch=0052 train_loss=1.160826e-02 train_mse=1.007891e-02 train_cos=0.992016 train_nmse=-18.040dB train_rec=0.000000e+00 train_recT=0.000000e+00 train_fc=0.000000e+00 train_decoder_tail=0.000000e+00
I 07.01/04:07:58 train_mapper.py:615 ] epoch=0053 train_loss=1.149434e-02 train_mse=9.983295e-03 train_cos=0.992084 train_nmse=-18.082dB train_rec=0.000000e+00 train_recT=0.000000e+00 train_fc=0.000000e+00 train_decoder_tail=0.000000e+00
I 07.01/04:08:33 train_mapper.py:615 ] epoch=0054 train_loss=1.133050e-02 train_mse=9.842423e-03 train_cos=0.992189 train_nmse=-18.143dB train_rec=0.000000e+00 train_recT=0.000000e+00 train_fc=0.000000e+00 train_decoder_tail=0.000000e+00
I 07.01/04:09:07 train_mapper.py:615 ] epoch=0055 train_loss=1.121703e-02 train_mse=9.746092e-03 train_cos=0.992262 train_nmse=-18.186dB train_rec=0.000000e+00 train_recT=0.000000e+00 train_fc=0.000000e+00 train_decoder_tail=0.000000e+00
I 07.01/04:09:42 train_mapper.py:615 ] epoch=0056 train_loss=1.104342e-02 train_mse=9.597140e-03 train_cos=0.992376 train_nmse=-18.253dB train_rec=0.000000e+00 train_recT=0.000000e+00 train_fc=0.000000e+00 train_decoder_tail=0.000000e+00
I 07.01/04:10:17 train_mapper.py:615 ] epoch=0057 train_loss=1.092927e-02 train_mse=9.500079e-03 train_cos=0.992448 train_nmse=-18.297dB train_rec=0.000000e+00 train_recT=0.000000e+00 train_fc=0.000000e+00 train_decoder_tail=0.000000e+00
I 07.01/04:10:50 train_mapper.py:615 ] epoch=0058 train_loss=1.081855e-02 train_mse=9.406904e-03 train_cos=0.992519 train_nmse=-18.340dB train_rec=0.000000e+00 train_recT=0.000000e+00 train_fc=0.000000e+00 train_decoder_tail=0.000000e+00
I 07.01/04:11:22 train_mapper.py:615 ] epoch=0059 train_loss=1.068418e-02 train_mse=9.289134e-03 train_cos=0.992611 train_nmse=-18.395dB train_rec=0.000000e+00 train_recT=0.000000e+00 train_fc=0.000000e+00 train_decoder_tail=0.000000e+00
I 07.01/04:11:54 train_mapper.py:615 ] epoch=0060 train_loss=1.053118e-02 train_mse=9.157857e-03 train_cos=0.992708 train_nmse=-18.456dB train_rec=0.000000e+00 train_recT=0.000000e+00 train_fc=0.000000e+00 train_decoder_tail=0.000000e+00
I 07.01/04:12:30 train_mapper.py:615 ] epoch=0061 train_loss=1.048295e-02 train_mse=9.120006e-03 train_cos=0.992727 train_nmse=-18.475dB train_rec=0.000000e+00 train_recT=0.000000e+00 train_fc=0.000000e+00 train_decoder_tail=0.000000e+00
I 07.01/04:13:04 train_mapper.py:615 ] epoch=0062 train_loss=1.031703e-02 train_mse=8.975144e-03 train_cos=0.992847 train_nmse=-18.544dB train_rec=0.000000e+00 train_recT=0.000000e+00 train_fc=0.000000e+00 train_decoder_tail=0.000000e+00
I 07.01/04:13:36 train_mapper.py:615 ] epoch=0063 train_loss=1.018184e-02 train_mse=8.859198e-03 train_cos=0.992934 train_nmse=-18.601dB train_rec=0.000000e+00 train_recT=0.000000e+00 train_fc=0.000000e+00 train_decoder_tail=0.000000e+00
I 07.01/04:14:08 train_mapper.py:615 ] epoch=0064 train_loss=1.019732e-02 train_mse=8.873739e-03 train_cos=0.992915 train_nmse=-18.595dB train_rec=0.000000e+00 train_recT=0.000000e+00 train_fc=0.000000e+00 train_decoder_tail=0.000000e+00
I 07.01/04:14:41 train_mapper.py:615 ] epoch=0065 train_loss=1.002852e-02 train_mse=8.724903e-03 train_cos=0.993039 train_nmse=-18.667dB train_rec=0.000000e+00 train_recT=0.000000e+00 train_fc=0.000000e+00 train_decoder_tail=0.000000e+00
I 07.01/04:15:15 train_mapper.py:615 ] epoch=0066 train_loss=9.878477e-03 train_mse=8.597475e-03 train_cos=0.993136 train_nmse=-18.731dB train_rec=0.000000e+00 train_recT=0.000000e+00 train_fc=0.000000e+00 train_decoder_tail=0.000000e+00
I 07.01/04:15:46 train_mapper.py:615 ] epoch=0067 train_loss=9.778235e-03 train_mse=8.511820e-03 train_cos=0.993199 train_nmse=-18.774dB train_rec=0.000000e+00 train_recT=0.000000e+00 train_fc=0.000000e+00 train_decoder_tail=0.000000e+00
I 07.01/04:16:20 train_mapper.py:615 ] epoch=0068 train_loss=9.685452e-03 train_mse=8.431327e-03 train_cos=0.993262 train_nmse=-18.815dB train_rec=0.000000e+00 train_recT=0.000000e+00 train_fc=0.000000e+00 train_decoder_tail=0.000000e+00
I 07.01/04:16:53 train_mapper.py:615 ] epoch=0069 train_loss=9.626735e-03 train_mse=8.380010e-03 train_cos=0.993301 train_nmse=-18.842dB train_rec=0.000000e+00 train_recT=0.000000e+00 train_fc=0.000000e+00 train_decoder_tail=0.000000e+00
I 07.01/04:17:27 train_mapper.py:615 ] epoch=0070 train_loss=9.502951e-03 train_mse=8.272394e-03 train_cos=0.993386 train_nmse=-18.898dB train_rec=0.000000e+00 train_recT=0.000000e+00 train_fc=0.000000e+00 train_decoder_tail=0.000000e+00
I 07.01/04:17:56 train_mapper.py:615 ] epoch=0071 train_loss=9.415113e-03 train_mse=8.196920e-03 train_cos=0.993443 train_nmse=-18.938dB train_rec=0.000000e+00 train_recT=0.000000e+00 train_fc=0.000000e+00 train_decoder_tail=0.000000e+00
I 07.01/04:18:28 train_mapper.py:615 ] epoch=0072 train_loss=9.328583e-03 train_mse=8.122292e-03 train_cos=0.993499 train_nmse=-18.978dB train_rec=0.000000e+00 train_recT=0.000000e+00 train_fc=0.000000e+00 train_decoder_tail=0.000000e+00
I 07.01/04:18:57 train_mapper.py:615 ] epoch=0073 train_loss=9.240882e-03 train_mse=8.047125e-03 train_cos=0.993558 train_nmse=-19.018dB train_rec=0.000000e+00 train_recT=0.000000e+00 train_fc=0.000000e+00 train_decoder_tail=0.000000e+00
I 07.01/04:19:26 train_mapper.py:615 ] epoch=0074 train_loss=9.201435e-03 train_mse=8.012372e-03 train_cos=0.993586 train_nmse=-19.036dB train_rec=0.000000e+00 train_recT=0.000000e+00 train_fc=0.000000e+00 train_decoder_tail=0.000000e+00
I 07.01/04:19:56 train_mapper.py:615 ] epoch=0075 train_loss=9.129706e-03 train_mse=7.949255e-03 train_cos=0.993634 train_nmse=-19.071dB train_rec=0.000000e+00 train_recT=0.000000e+00 train_fc=0.000000e+00 train_decoder_tail=0.000000e+00
I 07.01/04:20:35 train_mapper.py:615 ] epoch=0076 train_loss=9.052877e-03 train_mse=7.882442e-03 train_cos=0.993689 train_nmse=-19.107dB train_rec=0.000000e+00 train_recT=0.000000e+00 train_fc=0.000000e+00 train_decoder_tail=0.000000e+00
I 07.01/04:21:07 train_mapper.py:615 ] epoch=0077 train_loss=8.930272e-03 train_mse=7.776399e-03 train_cos=0.993769 train_nmse=-19.166dB train_rec=0.000000e+00 train_recT=0.000000e+00 train_fc=0.000000e+00 train_decoder_tail=0.000000e+00
I 07.01/04:21:40 train_mapper.py:615 ] epoch=0078 train_loss=8.878791e-03 train_mse=7.732314e-03 train_cos=0.993805 train_nmse=-19.191dB train_rec=0.000000e+00 train_recT=0.000000e+00 train_fc=0.000000e+00 train_decoder_tail=0.000000e+00
I 07.01/04:22:14 train_mapper.py:615 ] epoch=0079 train_loss=8.807627e-03 train_mse=7.669380e-03 train_cos=0.993853 train_nmse=-19.226dB train_rec=0.000000e+00 train_recT=0.000000e+00 train_fc=0.000000e+00 train_decoder_tail=0.000000e+00
I 07.01/04:22:42 train_mapper.py:615 ] epoch=0080 train_loss=8.759515e-03 train_mse=7.628989e-03 train_cos=0.993880 train_nmse=-19.249dB train_rec=0.000000e+00 train_recT=0.000000e+00 train_fc=0.000000e+00 train_decoder_tail=0.000000e+00
I 07.01/04:23:11 train_mapper.py:615 ] epoch=0081 train_loss=8.670749e-03 train_mse=7.550348e-03 train_cos=0.993946 train_nmse=-19.295dB train_rec=0.000000e+00 train_recT=0.000000e+00 train_fc=0.000000e+00 train_decoder_tail=0.000000e+00
I 07.01/04:23:35 train_mapper.py:615 ] epoch=0082 train_loss=8.622282e-03 train_mse=7.508545e-03 train_cos=0.993977 train_nmse=-19.319dB train_rec=0.000000e+00 train_recT=0.000000e+00 train_fc=0.000000e+00 train_decoder_tail=0.000000e+00
I 07.01/04:24:03 train_mapper.py:615 ] epoch=0083 train_loss=8.581185e-03 train_mse=7.472202e-03 train_cos=0.994006 train_nmse=-19.339dB train_rec=0.000000e+00 train_recT=0.000000e+00 train_fc=0.000000e+00 train_decoder_tail=0.000000e+00
I 07.01/04:24:40 train_mapper.py:615 ] epoch=0084 train_loss=8.508693e-03 train_mse=7.409887e-03 train_cos=0.994054 train_nmse=-19.376dB train_rec=0.000000e+00 train_recT=0.000000e+00 train_fc=0.000000e+00 train_decoder_tail=0.000000e+00
I 07.01/04:25:07 train_mapper.py:615 ] epoch=0085 train_loss=8.431727e-03 train_mse=7.341799e-03 train_cos=0.994107 train_nmse=-19.416dB train_rec=0.000000e+00 train_recT=0.000000e+00 train_fc=0.000000e+00 train_decoder_tail=0.000000e+00
I 07.01/04:25:28 train_mapper.py:615 ] epoch=0086 train_loss=8.387945e-03 train_mse=7.304067e-03 train_cos=0.994137 train_nmse=-19.438dB train_rec=0.000000e+00 train_recT=0.000000e+00 train_fc=0.000000e+00 train_decoder_tail=0.000000e+00
I 07.01/04:25:51 train_mapper.py:615 ] epoch=0087 train_loss=8.287700e-03 train_mse=7.217186e-03 train_cos=0.994203 train_nmse=-19.490dB train_rec=0.000000e+00 train_recT=0.000000e+00 train_fc=0.000000e+00 train_decoder_tail=0.000000e+00
I 07.01/04:26:19 train_mapper.py:615 ] epoch=0088 train_loss=8.223179e-03 train_mse=7.161313e-03 train_cos=0.994249 train_nmse=-19.524dB train_rec=0.000000e+00 train_recT=0.000000e+00 train_fc=0.000000e+00 train_decoder_tail=0.000000e+00
I 07.01/04:26:50 train_mapper.py:615 ] epoch=0089 train_loss=8.184354e-03 train_mse=7.128564e-03 train_cos=0.994269 train_nmse=-19.545dB train_rec=0.000000e+00 train_recT=0.000000e+00 train_fc=0.000000e+00 train_decoder_tail=0.000000e+00
I 07.01/04:27:26 train_mapper.py:615 ] epoch=0090 train_loss=8.110455e-03 train_mse=7.062778e-03 train_cos=0.994325 train_nmse=-19.584dB train_rec=0.000000e+00 train_recT=0.000000e+00 train_fc=0.000000e+00 train_decoder_tail=0.000000e+00
I 07.01/04:28:02 train_mapper.py:615 ] epoch=0091 train_loss=8.057564e-03 train_mse=7.016434e-03 train_cos=0.994360 train_nmse=-19.613dB train_rec=0.000000e+00 train_recT=0.000000e+00 train_fc=0.000000e+00 train_decoder_tail=0.000000e+00
I 07.01/04:28:44 train_mapper.py:615 ] epoch=0092 train_loss=8.033439e-03 train_mse=6.995055e-03 train_cos=0.994378 train_nmse=-19.626dB train_rec=0.000000e+00 train_recT=0.000000e+00 train_fc=0.000000e+00 train_decoder_tail=0.000000e+00
I 07.01/04:29:21 train_mapper.py:615 ] epoch=0093 train_loss=7.962043e-03 train_mse=6.932704e-03 train_cos=0.994429 train_nmse=-19.665dB train_rec=0.000000e+00 train_recT=0.000000e+00 train_fc=0.000000e+00 train_decoder_tail=0.000000e+00
I 07.01/04:29:47 train_mapper.py:615 ] epoch=0094 train_loss=7.932483e-03 train_mse=6.907369e-03 train_cos=0.994447 train_nmse=-19.681dB train_rec=0.000000e+00 train_recT=0.000000e+00 train_fc=0.000000e+00 train_decoder_tail=0.000000e+00
I 07.01/04:30:25 train_mapper.py:615 ] epoch=0095 train_loss=7.862877e-03 train_mse=6.844833e-03 train_cos=0.994500 train_nmse=-19.720dB train_rec=0.000000e+00 train_recT=0.000000e+00 train_fc=0.000000e+00 train_decoder_tail=0.000000e+00
I 07.01/04:30:54 train_mapper.py:615 ] epoch=0096 train_loss=7.848015e-03 train_mse=6.832730e-03 train_cos=0.994506 train_nmse=-19.728dB train_rec=0.000000e+00 train_recT=0.000000e+00 train_fc=0.000000e+00 train_decoder_tail=0.000000e+00
I 07.01/04:31:14 train_mapper.py:615 ] epoch=0097 train_loss=7.830357e-03 train_mse=6.817501e-03 train_cos=0.994516 train_nmse=-19.738dB train_rec=0.000000e+00 train_recT=0.000000e+00 train_fc=0.000000e+00 train_decoder_tail=0.000000e+00
I 07.01/04:31:34 train_mapper.py:615 ] epoch=0098 train_loss=7.745080e-03 train_mse=6.741905e-03 train_cos=0.994581 train_nmse=-19.786dB train_rec=0.000000e+00 train_recT=0.000000e+00 train_fc=0.000000e+00 train_decoder_tail=0.000000e+00
I 07.01/04:31:52 train_mapper.py:615 ] epoch=0099 train_loss=7.695682e-03 train_mse=6.699849e-03 train_cos=0.994609 train_nmse=-19.813dB train_rec=0.000000e+00 train_recT=0.000000e+00 train_fc=0.000000e+00 train_decoder_tail=0.000000e+00
I 07.01/04:32:26 train_mapper.py:615 ] epoch=0100 train_loss=7.632023e-03 train_mse=6.644295e-03 train_cos=0.994653 train_nmse=-19.850dB train_rec=0.000000e+00 train_recT=0.000000e+00 train_fc=0.000000e+00 train_decoder_tail=0.000000e+00
I 07.01/04:32:52 train_mapper.py:615 ] epoch=0101 train_loss=7.584638e-03 train_mse=6.603603e-03 train_cos=0.994682 train_nmse=-19.876dB train_rec=0.000000e+00 train_recT=0.000000e+00 train_fc=0.000000e+00 train_decoder_tail=0.000000e+00
I 07.01/04:33:14 train_mapper.py:615 ] epoch=0102 train_loss=7.506636e-03 train_mse=6.534307e-03 train_cos=0.994742 train_nmse=-19.922dB train_rec=0.000000e+00 train_recT=0.000000e+00 train_fc=0.000000e+00 train_decoder_tail=0.000000e+00
I 07.01/04:33:36 train_mapper.py:615 ] epoch=0103 train_loss=7.512401e-03 train_mse=6.540131e-03 train_cos=0.994733 train_nmse=-19.918dB train_rec=0.000000e+00 train_recT=0.000000e+00 train_fc=0.000000e+00 train_decoder_tail=0.000000e+00
I 07.01/04:33:51 train_mapper.py:615 ] epoch=0104 train_loss=7.442836e-03 train_mse=6.477995e-03 train_cos=0.994786 train_nmse=-19.960dB train_rec=0.000000e+00 train_recT=0.000000e+00 train_fc=0.000000e+00 train_decoder_tail=0.000000e+00
I 07.01/04:34:08 train_mapper.py:615 ] epoch=0105 train_loss=7.451725e-03 train_mse=6.487124e-03 train_cos=0.994774 train_nmse=-19.954dB train_rec=0.000000e+00 train_recT=0.000000e+00 train_fc=0.000000e+00 train_decoder_tail=0.000000e+00
I 07.01/04:34:29 train_mapper.py:615 ] epoch=0106 train_loss=7.398672e-03 train_mse=6.438783e-03 train_cos=0.994816 train_nmse=-19.986dB train_rec=0.000000e+00 train_recT=0.000000e+00 train_fc=0.000000e+00 train_decoder_tail=0.000000e+00
I 07.01/04:34:49 train_mapper.py:615 ] epoch=0107 train_loss=7.334729e-03 train_mse=6.383123e-03 train_cos=0.994861 train_nmse=-20.024dB train_rec=0.000000e+00 train_recT=0.000000e+00 train_fc=0.000000e+00 train_decoder_tail=0.000000e+00
I 07.01/04:35:12 train_mapper.py:615 ] epoch=0108 train_loss=7.330431e-03 train_mse=6.379499e-03 train_cos=0.994863 train_nmse=-20.026dB train_rec=0.000000e+00 train_recT=0.000000e+00 train_fc=0.000000e+00 train_decoder_tail=0.000000e+00
I 07.01/04:35:31 train_mapper.py:615 ] epoch=0109 train_loss=7.292036e-03 train_mse=6.345388e-03 train_cos=0.994890 train_nmse=-20.050dB train_rec=0.000000e+00 train_recT=0.000000e+00 train_fc=0.000000e+00 train_decoder_tail=0.000000e+00
I 07.01/04:35:49 train_mapper.py:615 ] epoch=0110 train_loss=7.246541e-03 train_mse=6.304502e-03 train_cos=0.994925 train_nmse=-20.077dB train_rec=0.000000e+00 train_recT=0.000000e+00 train_fc=0.000000e+00 train_decoder_tail=0.000000e+00
I 07.01/04:36:07 train_mapper.py:615 ] epoch=0111 train_loss=7.222600e-03 train_mse=6.284063e-03 train_cos=0.994939 train_nmse=-20.092dB train_rec=0.000000e+00 train_recT=0.000000e+00 train_fc=0.000000e+00 train_decoder_tail=0.000000e+00
I 07.01/04:36:22 train_mapper.py:615 ] epoch=0112 train_loss=7.144524e-03 train_mse=6.214739e-03 train_cos=0.994997 train_nmse=-20.140dB train_rec=0.000000e+00 train_recT=0.000000e+00 train_fc=0.000000e+00 train_decoder_tail=0.000000e+00
I 07.01/04:36:39 train_mapper.py:615 ] epoch=0113 train_loss=7.107616e-03 train_mse=6.184453e-03 train_cos=0.995014 train_nmse=-20.161dB train_rec=0.000000e+00 train_recT=0.000000e+00 train_fc=0.000000e+00 train_decoder_tail=0.000000e+00
I 07.01/04:36:57 train_mapper.py:615 ] epoch=0114 train_loss=7.070379e-03 train_mse=6.151028e-03 train_cos=0.995044 train_nmse=-20.185dB train_rec=0.000000e+00 train_recT=0.000000e+00 train_fc=0.000000e+00 train_decoder_tail=0.000000e+00
I 07.01/04:37:21 train_mapper.py:615 ] epoch=0115 train_loss=7.065660e-03 train_mse=6.147023e-03 train_cos=0.995047 train_nmse=-20.187dB train_rec=0.000000e+00 train_recT=0.000000e+00 train_fc=0.000000e+00 train_decoder_tail=0.000000e+00
I 07.01/04:37:37 train_mapper.py:615 ] epoch=0116 train_loss=7.044480e-03 train_mse=6.127595e-03 train_cos=0.995063 train_nmse=-20.201dB train_rec=0.000000e+00 train_recT=0.000000e+00 train_fc=0.000000e+00 train_decoder_tail=0.000000e+00
I 07.01/04:37:57 train_mapper.py:615 ] epoch=0117 train_loss=7.015877e-03 train_mse=6.101835e-03 train_cos=0.995082 train_nmse=-20.219dB train_rec=0.000000e+00 train_recT=0.000000e+00 train_fc=0.000000e+00 train_decoder_tail=0.000000e+00
I 07.01/04:38:16 train_mapper.py:615 ] epoch=0118 train_loss=6.957026e-03 train_mse=6.050188e-03 train_cos=0.995124 train_nmse=-20.256dB train_rec=0.000000e+00 train_recT=0.000000e+00 train_fc=0.000000e+00 train_decoder_tail=0.000000e+00
I 07.01/04:38:35 train_mapper.py:615 ] epoch=0119 train_loss=6.917568e-03 train_mse=6.015929e-03 train_cos=0.995152 train_nmse=-20.281dB train_rec=0.000000e+00 train_recT=0.000000e+00 train_fc=0.000000e+00 train_decoder_tail=0.000000e+00
I 07.01/04:38:53 train_mapper.py:615 ] epoch=0120 train_loss=6.900239e-03 train_mse=6.000933e-03 train_cos=0.995163 train_nmse=-20.291dB train_rec=0.000000e+00 train_recT=0.000000e+00 train_fc=0.000000e+00 train_decoder_tail=0.000000e+00
I 07.01/04:39:14 train_mapper.py:615 ] epoch=0121 train_loss=6.865278e-03 train_mse=5.971810e-03 train_cos=0.995183 train_nmse=-20.313dB train_rec=0.000000e+00 train_recT=0.000000e+00 train_fc=0.000000e+00 train_decoder_tail=0.000000e+00
I 07.01/04:39:37 train_mapper.py:615 ] epoch=0122 train_loss=6.806926e-03 train_mse=5.920148e-03 train_cos=0.995224 train_nmse=-20.351dB train_rec=0.000000e+00 train_recT=0.000000e+00 train_fc=0.000000e+00 train_decoder_tail=0.000000e+00
I 07.01/04:39:55 train_mapper.py:615 ] epoch=0123 train_loss=6.772752e-03 train_mse=5.889568e-03 train_cos=0.995250 train_nmse=-20.373dB train_rec=0.000000e+00 train_recT=0.000000e+00 train_fc=0.000000e+00 train_decoder_tail=0.000000e+00
I 07.01/04:40:20 train_mapper.py:615 ] epoch=0124 train_loss=6.765173e-03 train_mse=5.882167e-03 train_cos=0.995257 train_nmse=-20.379dB train_rec=0.000000e+00 train_recT=0.000000e+00 train_fc=0.000000e+00 train_decoder_tail=0.000000e+00
I 07.01/04:40:43 train_mapper.py:615 ] epoch=0125 train_loss=6.769920e-03 train_mse=5.886942e-03 train_cos=0.995252 train_nmse=-20.375dB train_rec=0.000000e+00 train_recT=0.000000e+00 train_fc=0.000000e+00 train_decoder_tail=0.000000e+00
I 07.01/04:41:03 train_mapper.py:615 ] epoch=0126 train_loss=6.673339e-03 train_mse=5.800144e-03 train_cos=0.995325 train_nmse=-20.439dB train_rec=0.000000e+00 train_recT=0.000000e+00 train_fc=0.000000e+00 train_decoder_tail=0.000000e+00
I 07.01/04:41:24 train_mapper.py:615 ] epoch=0127 train_loss=6.678299e-03 train_mse=5.807192e-03 train_cos=0.995313 train_nmse=-20.434dB train_rec=0.000000e+00 train_recT=0.000000e+00 train_fc=0.000000e+00 train_decoder_tail=0.000000e+00
I 07.01/04:41:41 train_mapper.py:615 ] epoch=0128 train_loss=6.638813e-03 train_mse=5.770706e-03 train_cos=0.995346 train_nmse=-20.462dB train_rec=0.000000e+00 train_recT=0.000000e+00 train_fc=0.000000e+00 train_decoder_tail=0.000000e+00
I 07.01/04:41:57 train_mapper.py:615 ] epoch=0129 train_loss=6.646225e-03 train_mse=5.777869e-03 train_cos=0.995340 train_nmse=-20.456dB train_rec=0.000000e+00 train_recT=0.000000e+00 train_fc=0.000000e+00 train_decoder_tail=0.000000e+00
I 07.01/04:42:16 train_mapper.py:615 ] epoch=0130 train_loss=6.599541e-03 train_mse=5.735366e-03 train_cos=0.995376 train_nmse=-20.488dB train_rec=0.000000e+00 train_recT=0.000000e+00 train_fc=0.000000e+00 train_decoder_tail=0.000000e+00
I 07.01/04:42:32 train_mapper.py:615 ] epoch=0131 train_loss=6.567018e-03 train_mse=5.706753e-03 train_cos=0.995399 train_nmse=-20.510dB train_rec=0.000000e+00 train_recT=0.000000e+00 train_fc=0.000000e+00 train_decoder_tail=0.000000e+00
I 07.01/04:42:51 train_mapper.py:615 ] epoch=0132 train_loss=6.543045e-03 train_mse=5.686995e-03 train_cos=0.995409 train_nmse=-20.525dB train_rec=0.000000e+00 train_recT=0.000000e+00 train_fc=0.000000e+00 train_decoder_tail=0.000000e+00
I 07.01/04:43:10 train_mapper.py:615 ] epoch=0133 train_loss=6.517639e-03 train_mse=5.664233e-03 train_cos=0.995429 train_nmse=-20.543dB train_rec=0.000000e+00 train_recT=0.000000e+00 train_fc=0.000000e+00 train_decoder_tail=0.000000e+00
I 07.01/04:43:26 train_mapper.py:615 ] epoch=0134 train_loss=6.475444e-03 train_mse=5.625969e-03 train_cos=0.995464 train_nmse=-20.572dB train_rec=0.000000e+00 train_recT=0.000000e+00 train_fc=0.000000e+00 train_decoder_tail=0.000000e+00
I 07.01/04:43:44 train_mapper.py:615 ] epoch=0135 train_loss=6.459156e-03 train_mse=5.612489e-03 train_cos=0.995472 train_nmse=-20.582dB train_rec=0.000000e+00 train_recT=0.000000e+00 train_fc=0.000000e+00 train_decoder_tail=0.000000e+00
I 07.01/04:44:01 train_mapper.py:615 ] epoch=0136 train_loss=6.423440e-03 train_mse=5.581556e-03 train_cos=0.995495 train_nmse=-20.606dB train_rec=0.000000e+00 train_recT=0.000000e+00 train_fc=0.000000e+00 train_decoder_tail=0.000000e+00
I 07.01/04:44:19 train_mapper.py:615 ] epoch=0137 train_loss=6.419523e-03 train_mse=5.577883e-03 train_cos=0.995498 train_nmse=-20.609dB train_rec=0.000000e+00 train_recT=0.000000e+00 train_fc=0.000000e+00 train_decoder_tail=0.000000e+00
I 07.01/04:44:37 train_mapper.py:615 ] epoch=0138 train_loss=6.380592e-03 train_mse=5.543651e-03 train_cos=0.995526 train_nmse=-20.636dB train_rec=0.000000e+00 train_recT=0.000000e+00 train_fc=0.000000e+00 train_decoder_tail=0.000000e+00
I 07.01/04:45:09 train_mapper.py:615 ] epoch=0139 train_loss=6.350239e-03 train_mse=5.515820e-03 train_cos=0.995550 train_nmse=-20.658dB train_rec=0.000000e+00 train_recT=0.000000e+00 train_fc=0.000000e+00 train_decoder_tail=0.000000e+00
I 07.01/04:45:39 train_mapper.py:615 ] epoch=0140 train_loss=6.337342e-03 train_mse=5.505442e-03 train_cos=0.995555 train_nmse=-20.666dB train_rec=0.000000e+00 train_recT=0.000000e+00 train_fc=0.000000e+00 train_decoder_tail=0.000000e+00
I 07.01/04:46:09 train_mapper.py:615 ] epoch=0141 train_loss=6.337729e-03 train_mse=5.505894e-03 train_cos=0.995554 train_nmse=-20.666dB train_rec=0.000000e+00 train_recT=0.000000e+00 train_fc=0.000000e+00 train_decoder_tail=0.000000e+00
I 07.01/04:46:29 train_mapper.py:615 ] epoch=0142 train_loss=6.319187e-03 train_mse=5.488520e-03 train_cos=0.995571 train_nmse=-20.680dB train_rec=0.000000e+00 train_recT=0.000000e+00 train_fc=0.000000e+00 train_decoder_tail=0.000000e+00
I 07.01/04:46:53 train_mapper.py:615 ] epoch=0143 train_loss=6.290735e-03 train_mse=5.462950e-03 train_cos=0.995591 train_nmse=-20.699dB train_rec=0.000000e+00 train_recT=0.000000e+00 train_fc=0.000000e+00 train_decoder_tail=0.000000e+00
I 07.01/04:47:24 train_mapper.py:615 ] epoch=0144 train_loss=6.247005e-03 train_mse=5.423929e-03 train_cos=0.995624 train_nmse=-20.731dB train_rec=0.000000e+00 train_recT=0.000000e+00 train_fc=0.000000e+00 train_decoder_tail=0.000000e+00
I 07.01/04:47:47 train_mapper.py:615 ] epoch=0145 train_loss=6.238155e-03 train_mse=5.416754e-03 train_cos=0.995628 train_nmse=-20.736dB train_rec=0.000000e+00 train_recT=0.000000e+00 train_fc=0.000000e+00 train_decoder_tail=0.000000e+00
I 07.01/04:48:15 train_mapper.py:615 ] epoch=0146 train_loss=6.215129e-03 train_mse=5.395918e-03 train_cos=0.995646 train_nmse=-20.753dB train_rec=0.000000e+00 train_recT=0.000000e+00 train_fc=0.000000e+00 train_decoder_tail=0.000000e+00
I 07.01/04:48:39 train_mapper.py:615 ] epoch=0147 train_loss=6.184258e-03 train_mse=5.369451e-03 train_cos=0.995665 train_nmse=-20.775dB train_rec=0.000000e+00 train_recT=0.000000e+00 train_fc=0.000000e+00 train_decoder_tail=0.000000e+00
I 07.01/04:49:08 train_mapper.py:615 ] epoch=0148 train_loss=6.151013e-03 train_mse=5.340663e-03 train_cos=0.995688 train_nmse=-20.798dB train_rec=0.000000e+00 train_recT=0.000000e+00 train_fc=0.000000e+00 train_decoder_tail=0.000000e+00
I 07.01/04:49:27 train_mapper.py:615 ] epoch=0149 train_loss=6.128510e-03 train_mse=5.320273e-03 train_cos=0.995707 train_nmse=-20.814dB train_rec=0.000000e+00 train_recT=0.000000e+00 train_fc=0.000000e+00 train_decoder_tail=0.000000e+00
I 07.01/04:49:47 train_mapper.py:615 ] epoch=0150 train_loss=6.106378e-03 train_mse=5.301053e-03 train_cos=0.995720 train_nmse=-20.830dB train_rec=0.000000e+00 train_recT=0.000000e+00 train_fc=0.000000e+00 train_decoder_tail=0.000000e+00
I 07.01/04:50:14 train_mapper.py:615 ] epoch=0151 train_loss=6.092109e-03 train_mse=5.288952e-03 train_cos=0.995730 train_nmse=-20.840dB train_rec=0.000000e+00 train_recT=0.000000e+00 train_fc=0.000000e+00 train_decoder_tail=0.000000e+00
I 07.01/04:50:31 train_mapper.py:615 ] epoch=0152 train_loss=6.074929e-03 train_mse=5.273316e-03 train_cos=0.995741 train_nmse=-20.853dB train_rec=0.000000e+00 train_recT=0.000000e+00 train_fc=0.000000e+00 train_decoder_tail=0.000000e+00
I 07.01/04:50:50 train_mapper.py:615 ] epoch=0153 train_loss=6.039938e-03 train_mse=5.241947e-03 train_cos=0.995768 train_nmse=-20.879dB train_rec=0.000000e+00 train_recT=0.000000e+00 train_fc=0.000000e+00 train_decoder_tail=0.000000e+00
I 07.01/04:51:08 train_mapper.py:615 ] epoch=0154 train_loss=6.020313e-03 train_mse=5.225107e-03 train_cos=0.995779 train_nmse=-20.893dB train_rec=0.000000e+00 train_recT=0.000000e+00 train_fc=0.000000e+00 train_decoder_tail=0.000000e+00
I 07.01/04:51:27 train_mapper.py:615 ] epoch=0155 train_loss=6.011596e-03 train_mse=5.218318e-03 train_cos=0.995784 train_nmse=-20.899dB train_rec=0.000000e+00 train_recT=0.000000e+00 train_fc=0.000000e+00 train_decoder_tail=0.000000e+00
I 07.01/04:51:44 train_mapper.py:615 ] epoch=0156 train_loss=6.004604e-03 train_mse=5.210908e-03 train_cos=0.995792 train_nmse=-20.905dB train_rec=0.000000e+00 train_recT=0.000000e+00 train_fc=0.000000e+00 train_decoder_tail=0.000000e+00
I 07.01/04:52:09 train_mapper.py:615 ] epoch=0157 train_loss=5.965774e-03 train_mse=5.176086e-03 train_cos=0.995822 train_nmse=-20.934dB train_rec=0.000000e+00 train_recT=0.000000e+00 train_fc=0.000000e+00 train_decoder_tail=0.000000e+00
I 07.01/04:52:26 train_mapper.py:615 ] epoch=0158 train_loss=5.940317e-03 train_mse=5.153374e-03 train_cos=0.995839 train_nmse=-20.953dB train_rec=0.000000e+00 train_recT=0.000000e+00 train_fc=0.000000e+00 train_decoder_tail=0.000000e+00
I 07.01/04:52:43 train_mapper.py:615 ] epoch=0159 train_loss=5.941289e-03 train_mse=5.155689e-03 train_cos=0.995834 train_nmse=-20.951dB train_rec=0.000000e+00 train_recT=0.000000e+00 train_fc=0.000000e+00 train_decoder_tail=0.000000e+00
I 07.01/04:52:59 train_mapper.py:615 ] epoch=0160 train_loss=5.883191e-03 train_mse=5.103438e-03 train_cos=0.995879 train_nmse=-20.995dB train_rec=0.000000e+00 train_recT=0.000000e+00 train_fc=0.000000e+00 train_decoder_tail=0.000000e+00
I 07.01/04:53:18 train_mapper.py:615 ] epoch=0161 train_loss=5.897110e-03 train_mse=5.115996e-03 train_cos=0.995868 train_nmse=-20.984dB train_rec=0.000000e+00 train_recT=0.000000e+00 train_fc=0.000000e+00 train_decoder_tail=0.000000e+00
I 07.01/04:53:33 train_mapper.py:615 ] epoch=0162 train_loss=5.900374e-03 train_mse=5.119500e-03 train_cos=0.995863 train_nmse=-20.982dB train_rec=0.000000e+00 train_recT=0.000000e+00 train_fc=0.000000e+00 train_decoder_tail=0.000000e+00
I 07.01/04:53:54 train_mapper.py:615 ] epoch=0163 train_loss=5.850704e-03 train_mse=5.074110e-03 train_cos=0.995904 train_nmse=-21.020dB train_rec=0.000000e+00 train_recT=0.000000e+00 train_fc=0.000000e+00 train_decoder_tail=0.000000e+00
I 07.01/04:54:25 train_mapper.py:615 ] epoch=0164 train_loss=5.836994e-03 train_mse=5.063887e-03 train_cos=0.995908 train_nmse=-21.029dB train_rec=0.000000e+00 train_recT=0.000000e+00 train_fc=0.000000e+00 train_decoder_tail=0.000000e+00
I 07.01/04:54:45 train_mapper.py:615 ] epoch=0165 train_loss=5.816390e-03 train_mse=5.045095e-03 train_cos=0.995927 train_nmse=-21.045dB train_rec=0.000000e+00 train_recT=0.000000e+00 train_fc=0.000000e+00 train_decoder_tail=0.000000e+00
I 07.01/04:55:07 train_mapper.py:615 ] epoch=0166 train_loss=5.792319e-03 train_mse=5.022748e-03 train_cos=0.995947 train_nmse=-21.065dB train_rec=0.000000e+00 train_recT=0.000000e+00 train_fc=0.000000e+00 train_decoder_tail=0.000000e+00
I 07.01/04:55:25 train_mapper.py:615 ] epoch=0167 train_loss=5.746160e-03 train_mse=4.983532e-03 train_cos=0.995973 train_nmse=-21.098dB train_rec=0.000000e+00 train_recT=0.000000e+00 train_fc=0.000000e+00 train_decoder_tail=0.000000e+00
I 07.01/04:55:42 train_mapper.py:615 ] epoch=0168 train_loss=5.754644e-03 train_mse=4.991559e-03 train_cos=0.995967 train_nmse=-21.091dB train_rec=0.000000e+00 train_recT=0.000000e+00 train_fc=0.000000e+00 train_decoder_tail=0.000000e+00
I 07.01/04:56:01 train_mapper.py:615 ] epoch=0169 train_loss=5.755416e-03 train_mse=4.990836e-03 train_cos=0.995969 train_nmse=-21.092dB train_rec=0.000000e+00 train_recT=0.000000e+00 train_fc=0.000000e+00 train_decoder_tail=0.000000e+00
I 07.01/04:56:26 train_mapper.py:615 ] epoch=0170 train_loss=5.754604e-03 train_mse=4.990431e-03 train_cos=0.995967 train_nmse=-21.093dB train_rec=0.000000e+00 train_recT=0.000000e+00 train_fc=0.000000e+00 train_decoder_tail=0.000000e+00
I 07.01/04:56:43 train_mapper.py:615 ] epoch=0171 train_loss=5.701777e-03 train_mse=4.942290e-03 train_cos=0.996010 train_nmse=-21.134dB train_rec=0.000000e+00 train_recT=0.000000e+00 train_fc=0.000000e+00 train_decoder_tail=0.000000e+00
I 07.01/04:56:59 train_mapper.py:615 ] epoch=0172 train_loss=5.706394e-03 train_mse=4.947535e-03 train_cos=0.996004 train_nmse=-21.130dB train_rec=0.000000e+00 train_recT=0.000000e+00 train_fc=0.000000e+00 train_decoder_tail=0.000000e+00
I 07.01/04:57:16 train_mapper.py:615 ] epoch=0173 train_loss=5.697849e-03 train_mse=4.939701e-03 train_cos=0.996010 train_nmse=-21.137dB train_rec=0.000000e+00 train_recT=0.000000e+00 train_fc=0.000000e+00 train_decoder_tail=0.000000e+00
I 07.01/04:57:34 train_mapper.py:615 ] epoch=0174 train_loss=5.687254e-03 train_mse=4.930228e-03 train_cos=0.996018 train_nmse=-21.145dB train_rec=0.000000e+00 train_recT=0.000000e+00 train_fc=0.000000e+00 train_decoder_tail=0.000000e+00
I 07.01/04:57:52 train_mapper.py:615 ] epoch=0175 train_loss=5.664828e-03 train_mse=4.909105e-03 train_cos=0.996037 train_nmse=-21.164dB train_rec=0.000000e+00 train_recT=0.000000e+00 train_fc=0.000000e+00 train_decoder_tail=0.000000e+00
I 07.01/04:58:10 train_mapper.py:615 ] epoch=0176 train_loss=5.622769e-03 train_mse=4.872379e-03 train_cos=0.996067 train_nmse=-21.197dB train_rec=0.000000e+00 train_recT=0.000000e+00 train_fc=0.000000e+00 train_decoder_tail=0.000000e+00
I 07.01/04:58:28 train_mapper.py:615 ] epoch=0177 train_loss=5.636129e-03 train_mse=4.885997e-03 train_cos=0.996052 train_nmse=-21.185dB train_rec=0.000000e+00 train_recT=0.000000e+00 train_fc=0.000000e+00 train_decoder_tail=0.000000e+00
I 07.01/04:58:47 train_mapper.py:615 ] epoch=0178 train_loss=5.559188e-03 train_mse=4.816891e-03 train_cos=0.996110 train_nmse=-21.246dB train_rec=0.000000e+00 train_recT=0.000000e+00 train_fc=0.000000e+00 train_decoder_tail=0.000000e+00
I 07.01/04:59:11 train_mapper.py:615 ] epoch=0179 train_loss=5.569803e-03 train_mse=4.828070e-03 train_cos=0.996098 train_nmse=-21.236dB train_rec=0.000000e+00 train_recT=0.000000e+00 train_fc=0.000000e+00 train_decoder_tail=0.000000e+00
I 07.01/04:59:27 train_mapper.py:615 ] epoch=0180 train_loss=5.559040e-03 train_mse=4.817867e-03 train_cos=0.996105 train_nmse=-21.245dB train_rec=0.000000e+00 train_recT=0.000000e+00 train_fc=0.000000e+00 train_decoder_tail=0.000000e+00
I 07.01/04:59:45 train_mapper.py:615 ] epoch=0181 train_loss=5.550343e-03 train_mse=4.810347e-03 train_cos=0.996112 train_nmse=-21.252dB train_rec=0.000000e+00 train_recT=0.000000e+00 train_fc=0.000000e+00 train_decoder_tail=0.000000e+00
I 07.01/05:00:06 train_mapper.py:615 ] epoch=0182 train_loss=5.535424e-03 train_mse=4.796366e-03 train_cos=0.996126 train_nmse=-21.265dB train_rec=0.000000e+00 train_recT=0.000000e+00 train_fc=0.000000e+00 train_decoder_tail=0.000000e+00
I 07.01/05:00:25 train_mapper.py:615 ] epoch=0183 train_loss=5.525752e-03 train_mse=4.788083e-03 train_cos=0.996131 train_nmse=-21.272dB train_rec=0.000000e+00 train_recT=0.000000e+00 train_fc=0.000000e+00 train_decoder_tail=0.000000e+00
I 07.01/05:00:45 train_mapper.py:615 ] epoch=0184 train_loss=5.494561e-03 train_mse=4.759972e-03 train_cos=0.996155 train_nmse=-21.298dB train_rec=0.000000e+00 train_recT=0.000000e+00 train_fc=0.000000e+00 train_decoder_tail=0.000000e+00
I 07.01/05:01:05 train_mapper.py:615 ] epoch=0185 train_loss=5.483142e-03 train_mse=4.751017e-03 train_cos=0.996160 train_nmse=-21.306dB train_rec=0.000000e+00 train_recT=0.000000e+00 train_fc=0.000000e+00 train_decoder_tail=0.000000e+00
I 07.01/05:01:23 train_mapper.py:615 ] epoch=0186 train_loss=5.470901e-03 train_mse=4.739269e-03 train_cos=0.996172 train_nmse=-21.317dB train_rec=0.000000e+00 train_recT=0.000000e+00 train_fc=0.000000e+00 train_decoder_tail=0.000000e+00
I 07.01/05:01:50 train_mapper.py:615 ] epoch=0187 train_loss=5.435303e-03 train_mse=4.707881e-03 train_cos=0.996197 train_nmse=-21.346dB train_rec=0.000000e+00 train_recT=0.000000e+00 train_fc=0.000000e+00 train_decoder_tail=0.000000e+00
I 07.01/05:02:13 train_mapper.py:615 ] epoch=0188 train_loss=5.452326e-03 train_mse=4.723163e-03 train_cos=0.996183 train_nmse=-21.331dB train_rec=0.000000e+00 train_recT=0.000000e+00 train_fc=0.000000e+00 train_decoder_tail=0.000000e+00
I 07.01/05:02:32 train_mapper.py:615 ] epoch=0189 train_loss=5.435231e-03 train_mse=4.707976e-03 train_cos=0.996196 train_nmse=-21.345dB train_rec=0.000000e+00 train_recT=0.000000e+00 train_fc=0.000000e+00 train_decoder_tail=0.000000e+00
I 07.01/05:02:49 train_mapper.py:615 ] epoch=0190 train_loss=5.439575e-03 train_mse=4.711355e-03 train_cos=0.996193 train_nmse=-21.342dB train_rec=0.000000e+00 train_recT=0.000000e+00 train_fc=0.000000e+00 train_decoder_tail=0.000000e+00
I 07.01/05:03:09 train_mapper.py:615 ] epoch=0191 train_loss=5.406529e-03 train_mse=4.681988e-03 train_cos=0.996218 train_nmse=-21.370dB train_rec=0.000000e+00 train_recT=0.000000e+00 train_fc=0.000000e+00 train_decoder_tail=0.000000e+00
I 07.01/05:03:30 train_mapper.py:615 ] epoch=0192 train_loss=5.376516e-03 train_mse=4.654888e-03 train_cos=0.996242 train_nmse=-21.395dB train_rec=0.000000e+00 train_recT=0.000000e+00 train_fc=0.000000e+00 train_decoder_tail=0.000000e+00
I 07.01/05:03:50 train_mapper.py:615 ] epoch=0193 train_loss=5.403715e-03 train_mse=4.680700e-03 train_cos=0.996214 train_nmse=-21.371dB train_rec=0.000000e+00 train_recT=0.000000e+00 train_fc=0.000000e+00 train_decoder_tail=0.000000e+00
I 07.01/05:04:16 train_mapper.py:615 ] epoch=0194 train_loss=5.353318e-03 train_mse=4.635880e-03 train_cos=0.996253 train_nmse=-21.413dB train_rec=0.000000e+00 train_recT=0.000000e+00 train_fc=0.000000e+00 train_decoder_tail=0.000000e+00
I 07.01/05:04:35 train_mapper.py:615 ] epoch=0195 train_loss=5.299227e-03 train_mse=4.588554e-03 train_cos=0.996291 train_nmse=-21.457dB train_rec=0.000000e+00 train_recT=0.000000e+00 train_fc=0.000000e+00 train_decoder_tail=0.000000e+00
I 07.01/05:05:05 train_mapper.py:615 ] epoch=0196 train_loss=5.311859e-03 train_mse=4.600349e-03 train_cos=0.996279 train_nmse=-21.446dB train_rec=0.000000e+00 train_recT=0.000000e+00 train_fc=0.000000e+00 train_decoder_tail=0.000000e+00
I 07.01/05:05:45 train_mapper.py:615 ] epoch=0197 train_loss=5.291878e-03 train_mse=4.581857e-03 train_cos=0.996297 train_nmse=-21.463dB train_rec=0.000000e+00 train_recT=0.000000e+00 train_fc=0.000000e+00 train_decoder_tail=0.000000e+00
I 07.01/05:06:29 train_mapper.py:615 ] epoch=0198 train_loss=5.309829e-03 train_mse=4.598126e-03 train_cos=0.996283 train_nmse=-21.448dB train_rec=0.000000e+00 train_recT=0.000000e+00 train_fc=0.000000e+00 train_decoder_tail=0.000000e+00
I 07.01/05:07:16 train_mapper.py:615 ] epoch=0199 train_loss=5.306647e-03 train_mse=4.594180e-03 train_cos=0.996289 train_nmse=-21.452dB train_rec=0.000000e+00 train_recT=0.000000e+00 train_fc=0.000000e+00 train_decoder_tail=0.000000e+00
I 07.01/05:07:47 train_mapper.py:615 ] epoch=0200 train_loss=5.292342e-03 train_mse=4.581726e-03 train_cos=0.996297 train_nmse=-21.464dB train_rec=0.000000e+00 train_recT=0.000000e+00 train_fc=0.000000e+00 train_decoder_tail=0.000000e+00
I 07.01/05:08:25 train_mapper.py:615 ] epoch=0201 train_loss=5.273966e-03 train_mse=4.564396e-03 train_cos=0.996315 train_nmse=-21.480dB train_rec=0.000000e+00 train_recT=0.000000e+00 train_fc=0.000000e+00 train_decoder_tail=0.000000e+00
I 07.01/05:08:43 train_mapper.py:615 ] epoch=0202 train_loss=5.262041e-03 train_mse=4.554853e-03 train_cos=0.996321 train_nmse=-21.489dB train_rec=0.000000e+00 train_recT=0.000000e+00 train_fc=0.000000e+00 train_decoder_tail=0.000000e+00
I 07.01/05:09:05 train_mapper.py:615 ] epoch=0203 train_loss=5.253085e-03 train_mse=4.545763e-03 train_cos=0.996331 train_nmse=-21.498dB train_rec=0.000000e+00 train_recT=0.000000e+00 train_fc=0.000000e+00 train_decoder_tail=0.000000e+00
I 07.01/05:09:25 train_mapper.py:615 ] epoch=0204 train_loss=5.236700e-03 train_mse=4.531423e-03 train_cos=0.996342 train_nmse=-21.511dB train_rec=0.000000e+00 train_recT=0.000000e+00 train_fc=0.000000e+00 train_decoder_tail=0.000000e+00
I 07.01/05:09:45 train_mapper.py:615 ] epoch=0205 train_loss=5.246618e-03 train_mse=4.539642e-03 train_cos=0.996336 train_nmse=-21.503dB train_rec=0.000000e+00 train_recT=0.000000e+00 train_fc=0.000000e+00 train_decoder_tail=0.000000e+00
I 07.01/05:10:06 train_mapper.py:615 ] epoch=0206 train_loss=5.215502e-03 train_mse=4.512832e-03 train_cos=0.996357 train_nmse=-21.529dB train_rec=0.000000e+00 train_recT=0.000000e+00 train_fc=0.000000e+00 train_decoder_tail=0.000000e+00
I 07.01/05:10:26 train_mapper.py:615 ] epoch=0207 train_loss=5.170037e-03 train_mse=4.473690e-03 train_cos=0.996386 train_nmse=-21.567dB train_rec=0.000000e+00 train_recT=0.000000e+00 train_fc=0.000000e+00 train_decoder_tail=0.000000e+00
I 07.01/05:10:45 train_mapper.py:615 ] epoch=0208 train_loss=5.185764e-03 train_mse=4.488616e-03 train_cos=0.996372 train_nmse=-21.553dB train_rec=0.000000e+00 train_recT=0.000000e+00 train_fc=0.000000e+00 train_decoder_tail=0.000000e+00
I 07.01/05:11:07 train_mapper.py:615 ] epoch=0209 train_loss=5.138393e-03 train_mse=4.447819e-03 train_cos=0.996401 train_nmse=-21.592dB train_rec=0.000000e+00 train_recT=0.000000e+00 train_fc=0.000000e+00 train_decoder_tail=0.000000e+00
I 07.01/05:11:30 train_mapper.py:615 ] epoch=0210 train_loss=5.141161e-03 train_mse=4.449428e-03 train_cos=0.996402 train_nmse=-21.591dB train_rec=0.000000e+00 train_recT=0.000000e+00 train_fc=0.000000e+00 train_decoder_tail=0.000000e+00
I 07.01/05:11:50 train_mapper.py:615 ] epoch=0211 train_loss=5.128514e-03 train_mse=4.437464e-03 train_cos=0.996413 train_nmse=-21.602dB train_rec=0.000000e+00 train_recT=0.000000e+00 train_fc=0.000000e+00 train_decoder_tail=0.000000e+00
I 07.01/05:12:10 train_mapper.py:615 ] epoch=0212 train_loss=5.122836e-03 train_mse=4.432394e-03 train_cos=0.996419 train_nmse=-21.607dB train_rec=0.000000e+00 train_recT=0.000000e+00 train_fc=0.000000e+00 train_decoder_tail=0.000000e+00
I 07.01/05:12:30 train_mapper.py:615 ] epoch=0213 train_loss=5.122651e-03 train_mse=4.432913e-03 train_cos=0.996415 train_nmse=-21.607dB train_rec=0.000000e+00 train_recT=0.000000e+00 train_fc=0.000000e+00 train_decoder_tail=0.000000e+00
I 07.01/05:12:49 train_mapper.py:615 ] epoch=0214 train_loss=5.089515e-03 train_mse=4.402527e-03 train_cos=0.996445 train_nmse=-21.637dB train_rec=0.000000e+00 train_recT=0.000000e+00 train_fc=0.000000e+00 train_decoder_tail=0.000000e+00
I 07.01/05:13:11 train_mapper.py:615 ] epoch=0215 train_loss=5.108592e-03 train_mse=4.419435e-03 train_cos=0.996428 train_nmse=-21.620dB train_rec=0.000000e+00 train_recT=0.000000e+00 train_fc=0.000000e+00 train_decoder_tail=0.000000e+00
I 07.01/05:13:27 train_mapper.py:615 ] epoch=0216 train_loss=5.096086e-03 train_mse=4.407284e-03 train_cos=0.996441 train_nmse=-21.632dB train_rec=0.000000e+00 train_recT=0.000000e+00 train_fc=0.000000e+00 train_decoder_tail=0.000000e+00
I 07.01/05:13:46 train_mapper.py:615 ] epoch=0217 train_loss=5.086124e-03 train_mse=4.398701e-03 train_cos=0.996447 train_nmse=-21.641dB train_rec=0.000000e+00 train_recT=0.000000e+00 train_fc=0.000000e+00 train_decoder_tail=0.000000e+00
I 07.01/05:14:06 train_mapper.py:615 ] epoch=0218 train_loss=5.055624e-03 train_mse=4.372212e-03 train_cos=0.996469 train_nmse=-21.667dB train_rec=0.000000e+00 train_recT=0.000000e+00 train_fc=0.000000e+00 train_decoder_tail=0.000000e+00
I 07.01/05:14:29 train_mapper.py:615 ] epoch=0219 train_loss=5.057313e-03 train_mse=4.374312e-03 train_cos=0.996467 train_nmse=-21.665dB train_rec=0.000000e+00 train_recT=0.000000e+00 train_fc=0.000000e+00 train_decoder_tail=0.000000e+00
I 07.01/05:14:47 train_mapper.py:615 ] epoch=0220 train_loss=5.020071e-03 train_mse=4.340899e-03 train_cos=0.996494 train_nmse=-21.698dB train_rec=0.000000e+00 train_recT=0.000000e+00 train_fc=0.000000e+00 train_decoder_tail=0.000000e+00
I 07.01/05:15:13 train_mapper.py:615 ] epoch=0221 train_loss=5.016315e-03 train_mse=4.337988e-03 train_cos=0.996494 train_nmse=-21.701dB train_rec=0.000000e+00 train_recT=0.000000e+00 train_fc=0.000000e+00 train_decoder_tail=0.000000e+00
I 07.01/05:15:35 train_mapper.py:615 ] epoch=0222 train_loss=4.991321e-03 train_mse=4.315253e-03 train_cos=0.996516 train_nmse=-21.724dB train_rec=0.000000e+00 train_recT=0.000000e+00 train_fc=0.000000e+00 train_decoder_tail=0.000000e+00
I 07.01/05:15:53 train_mapper.py:615 ] epoch=0223 train_loss=4.996779e-03 train_mse=4.320182e-03 train_cos=0.996511 train_nmse=-21.719dB train_rec=0.000000e+00 train_recT=0.000000e+00 train_fc=0.000000e+00 train_decoder_tail=0.000000e+00
I 07.01/05:16:14 train_mapper.py:615 ] epoch=0224 train_loss=4.994861e-03 train_mse=4.319166e-03 train_cos=0.996512 train_nmse=-21.720dB train_rec=0.000000e+00 train_recT=0.000000e+00 train_fc=0.000000e+00 train_decoder_tail=0.000000e+00
I 07.01/05:16:38 train_mapper.py:615 ] epoch=0225 train_loss=4.991843e-03 train_mse=4.317401e-03 train_cos=0.996510 train_nmse=-21.722dB train_rec=0.000000e+00 train_recT=0.000000e+00 train_fc=0.000000e+00 train_decoder_tail=0.000000e+00
I 07.01/05:16:55 train_mapper.py:615 ] epoch=0226 train_loss=4.963653e-03 train_mse=4.291423e-03 train_cos=0.996534 train_nmse=-21.748dB train_rec=0.000000e+00 train_recT=0.000000e+00 train_fc=0.000000e+00 train_decoder_tail=0.000000e+00
I 07.01/05:17:15 train_mapper.py:615 ] epoch=0227 train_loss=4.928168e-03 train_mse=4.259756e-03 train_cos=0.996560 train_nmse=-21.780dB train_rec=0.000000e+00 train_recT=0.000000e+00 train_fc=0.000000e+00 train_decoder_tail=0.000000e+00
I 07.01/05:17:35 train_mapper.py:615 ] epoch=0228 train_loss=4.959732e-03 train_mse=4.289174e-03 train_cos=0.996532 train_nmse=-21.750dB train_rec=0.000000e+00 train_recT=0.000000e+00 train_fc=0.000000e+00 train_decoder_tail=0.000000e+00
I 07.01/05:17:52 train_mapper.py:615 ] epoch=0229 train_loss=4.939026e-03 train_mse=4.269843e-03 train_cos=0.996550 train_nmse=-21.770dB train_rec=0.000000e+00 train_recT=0.000000e+00 train_fc=0.000000e+00 train_decoder_tail=0.000000e+00
I 07.01/05:18:11 train_mapper.py:615 ] epoch=0230 train_loss=4.932933e-03 train_mse=4.264099e-03 train_cos=0.996556 train_nmse=-21.776dB train_rec=0.000000e+00 train_recT=0.000000e+00 train_fc=0.000000e+00 train_decoder_tail=0.000000e+00
I 07.01/05:18:29 train_mapper.py:615 ] epoch=0231 train_loss=4.898827e-03 train_mse=4.233040e-03 train_cos=0.996585 train_nmse=-21.807dB train_rec=0.000000e+00 train_recT=0.000000e+00 train_fc=0.000000e+00 train_decoder_tail=0.000000e+00
I 07.01/05:18:57 train_mapper.py:615 ] epoch=0232 train_loss=4.893180e-03 train_mse=4.229021e-03 train_cos=0.996585 train_nmse=-21.811dB train_rec=0.000000e+00 train_recT=0.000000e+00 train_fc=0.000000e+00 train_decoder_tail=0.000000e+00
I 07.01/05:19:18 train_mapper.py:615 ] epoch=0233 train_loss=4.908305e-03 train_mse=4.243298e-03 train_cos=0.996572 train_nmse=-21.797dB train_rec=0.000000e+00 train_recT=0.000000e+00 train_fc=0.000000e+00 train_decoder_tail=0.000000e+00
I 07.01/05:19:38 train_mapper.py:615 ] epoch=0234 train_loss=4.881906e-03 train_mse=4.218994e-03 train_cos=0.996594 train_nmse=-21.822dB train_rec=0.000000e+00 train_recT=0.000000e+00 train_fc=0.000000e+00 train_decoder_tail=0.000000e+00
I 07.01/05:19:58 train_mapper.py:615 ] epoch=0235 train_loss=4.866994e-03 train_mse=4.206594e-03 train_cos=0.996602 train_nmse=-21.835dB train_rec=0.000000e+00 train_recT=0.000000e+00 train_fc=0.000000e+00 train_decoder_tail=0.000000e+00
I 07.01/05:20:23 train_mapper.py:615 ] epoch=0236 train_loss=4.860274e-03 train_mse=4.200291e-03 train_cos=0.996608 train_nmse=-21.841dB train_rec=0.000000e+00 train_recT=0.000000e+00 train_fc=0.000000e+00 train_decoder_tail=0.000000e+00
I 07.01/05:20:46 train_mapper.py:615 ] epoch=0237 train_loss=4.868661e-03 train_mse=4.208408e-03 train_cos=0.996600 train_nmse=-21.833dB train_rec=0.000000e+00 train_recT=0.000000e+00 train_fc=0.000000e+00 train_decoder_tail=0.000000e+00
I 07.01/05:21:12 train_mapper.py:615 ] epoch=0238 train_loss=4.818742e-03 train_mse=4.163509e-03 train_cos=0.996639 train_nmse=-21.879dB train_rec=0.000000e+00 train_recT=0.000000e+00 train_fc=0.000000e+00 train_decoder_tail=0.000000e+00
I 07.01/05:21:32 train_mapper.py:615 ] epoch=0239 train_loss=4.837292e-03 train_mse=4.180270e-03 train_cos=0.996623 train_nmse=-21.862dB train_rec=0.000000e+00 train_recT=0.000000e+00 train_fc=0.000000e+00 train_decoder_tail=0.000000e+00
I 07.01/05:21:55 train_mapper.py:615 ] epoch=0240 train_loss=4.815215e-03 train_mse=4.160635e-03 train_cos=0.996639 train_nmse=-21.882dB train_rec=0.000000e+00 train_recT=0.000000e+00 train_fc=0.000000e+00 train_decoder_tail=0.000000e+00
I 07.01/05:22:19 train_mapper.py:615 ] epoch=0241 train_loss=4.811277e-03 train_mse=4.156632e-03 train_cos=0.996644 train_nmse=-21.886dB train_rec=0.000000e+00 train_recT=0.000000e+00 train_fc=0.000000e+00 train_decoder_tail=0.000000e+00
I 07.01/05:22:39 train_mapper.py:615 ] epoch=0242 train_loss=4.819902e-03 train_mse=4.164308e-03 train_cos=0.996637 train_nmse=-21.878dB train_rec=0.000000e+00 train_recT=0.000000e+00 train_fc=0.000000e+00 train_decoder_tail=0.000000e+00
I 07.01/05:23:00 train_mapper.py:615 ] epoch=0243 train_loss=4.799548e-03 train_mse=4.146033e-03 train_cos=0.996653 train_nmse=-21.897dB train_rec=0.000000e+00 train_recT=0.000000e+00 train_fc=0.000000e+00 train_decoder_tail=0.000000e+00
I 07.01/05:23:22 train_mapper.py:615 ] epoch=0244 train_loss=4.769735e-03 train_mse=4.120544e-03 train_cos=0.996673 train_nmse=-21.924dB train_rec=0.000000e+00 train_recT=0.000000e+00 train_fc=0.000000e+00 train_decoder_tail=0.000000e+00
I 07.01/05:23:45 train_mapper.py:615 ] epoch=0245 train_loss=4.742432e-03 train_mse=4.097625e-03 train_cos=0.996689 train_nmse=-21.949dB train_rec=0.000000e+00 train_recT=0.000000e+00 train_fc=0.000000e+00 train_decoder_tail=0.000000e+00
I 07.01/05:24:10 train_mapper.py:615 ] epoch=0246 train_loss=4.729399e-03 train_mse=4.086744e-03 train_cos=0.996697 train_nmse=-21.960dB train_rec=0.000000e+00 train_recT=0.000000e+00 train_fc=0.000000e+00 train_decoder_tail=0.000000e+00
I 07.01/05:24:31 train_mapper.py:615 ] epoch=0247 train_loss=4.725520e-03 train_mse=4.082634e-03 train_cos=0.996702 train_nmse=-21.964dB train_rec=0.000000e+00 train_recT=0.000000e+00 train_fc=0.000000e+00 train_decoder_tail=0.000000e+00
I 07.01/05:24:50 train_mapper.py:615 ] epoch=0248 train_loss=4.724578e-03 train_mse=4.081742e-03 train_cos=0.996702 train_nmse=-21.965dB train_rec=0.000000e+00 train_recT=0.000000e+00 train_fc=0.000000e+00 train_decoder_tail=0.000000e+00
I 07.01/05:25:13 train_mapper.py:615 ] epoch=0249 train_loss=4.730074e-03 train_mse=4.085825e-03 train_cos=0.996701 train_nmse=-21.961dB train_rec=0.000000e+00 train_recT=0.000000e+00 train_fc=0.000000e+00 train_decoder_tail=0.000000e+00
I 07.01/05:25:34 train_mapper.py:615 ] epoch=0250 train_loss=4.727121e-03 train_mse=4.083837e-03 train_cos=0.996701 train_nmse=-21.963dB train_rec=0.000000e+00 train_recT=0.000000e+00 train_fc=0.000000e+00 train_decoder_tail=0.000000e+00
I 07.01/05:25:58 train_mapper.py:615 ] epoch=0251 train_loss=4.709631e-03 train_mse=4.067424e-03 train_cos=0.996717 train_nmse=-21.980dB train_rec=0.000000e+00 train_recT=0.000000e+00 train_fc=0.000000e+00 train_decoder_tail=0.000000e+00
I 07.01/05:26:24 train_mapper.py:615 ] epoch=0252 train_loss=4.708302e-03 train_mse=4.065961e-03 train_cos=0.996719 train_nmse=-21.982dB train_rec=0.000000e+00 train_recT=0.000000e+00 train_fc=0.000000e+00 train_decoder_tail=0.000000e+00
I 07.01/05:27:12 train_mapper.py:615 ] epoch=0253 train_loss=4.709432e-03 train_mse=4.066965e-03 train_cos=0.996718 train_nmse=-21.981dB train_rec=0.000000e+00 train_recT=0.000000e+00 train_fc=0.000000e+00 train_decoder_tail=0.000000e+00
I 07.01/05:27:57 train_mapper.py:615 ] epoch=0254 train_loss=4.707924e-03 train_mse=4.065631e-03 train_cos=0.996718 train_nmse=-21.982dB train_rec=0.000000e+00 train_recT=0.000000e+00 train_fc=0.000000e+00 train_decoder_tail=0.000000e+00
I 07.01/05:28:31 train_mapper.py:615 ] epoch=0255 train_loss=4.687240e-03 train_mse=4.047932e-03 train_cos=0.996732 train_nmse=-22.001dB train_rec=0.000000e+00 train_recT=0.000000e+00 train_fc=0.000000e+00 train_decoder_tail=0.000000e+00
I 07.01/05:28:54 train_mapper.py:615 ] epoch=0256 train_loss=4.643054e-03 train_mse=4.009464e-03 train_cos=0.996761 train_nmse=-22.043dB train_rec=0.000000e+00 train_recT=0.000000e+00 train_fc=0.000000e+00 train_decoder_tail=0.000000e+00
I 07.01/05:29:17 train_mapper.py:615 ] epoch=0257 train_loss=4.638042e-03 train_mse=4.005813e-03 train_cos=0.996763 train_nmse=-22.047dB train_rec=0.000000e+00 train_recT=0.000000e+00 train_fc=0.000000e+00 train_decoder_tail=0.000000e+00
I 07.01/05:29:40 train_mapper.py:615 ] epoch=0258 train_loss=4.635593e-03 train_mse=4.003591e-03 train_cos=0.996765 train_nmse=-22.049dB train_rec=0.000000e+00 train_recT=0.000000e+00 train_fc=0.000000e+00 train_decoder_tail=0.000000e+00
I 07.01/05:30:04 train_mapper.py:615 ] epoch=0259 train_loss=4.622975e-03 train_mse=3.992048e-03 train_cos=0.996776 train_nmse=-22.062dB train_rec=0.000000e+00 train_recT=0.000000e+00 train_fc=0.000000e+00 train_decoder_tail=0.000000e+00
I 07.01/05:30:22 train_mapper.py:615 ] epoch=0260 train_loss=4.603547e-03 train_mse=3.974285e-03 train_cos=0.996791 train_nmse=-22.081dB train_rec=0.000000e+00 train_recT=0.000000e+00 train_fc=0.000000e+00 train_decoder_tail=0.000000e+00
I 07.01/05:30:44 train_mapper.py:615 ] epoch=0261 train_loss=4.624536e-03 train_mse=3.993603e-03 train_cos=0.996775 train_nmse=-22.060dB train_rec=0.000000e+00 train_recT=0.000000e+00 train_fc=0.000000e+00 train_decoder_tail=0.000000e+00
I 07.01/05:31:06 train_mapper.py:615 ] epoch=0262 train_loss=4.609362e-03 train_mse=3.979694e-03 train_cos=0.996788 train_nmse=-22.075dB train_rec=0.000000e+00 train_recT=0.000000e+00 train_fc=0.000000e+00 train_decoder_tail=0.000000e+00
I 07.01/05:31:26 train_mapper.py:615 ] epoch=0263 train_loss=4.611401e-03 train_mse=3.981275e-03 train_cos=0.996787 train_nmse=-22.073dB train_rec=0.000000e+00 train_recT=0.000000e+00 train_fc=0.000000e+00 train_decoder_tail=0.000000e+00
I 07.01/05:31:47 train_mapper.py:615 ] epoch=0264 train_loss=4.596345e-03 train_mse=3.967463e-03 train_cos=0.996799 train_nmse=-22.089dB train_rec=0.000000e+00 train_recT=0.000000e+00 train_fc=0.000000e+00 train_decoder_tail=0.000000e+00
I 07.01/05:32:08 train_mapper.py:615 ] epoch=0265 train_loss=4.604127e-03 train_mse=3.975336e-03 train_cos=0.996791 train_nmse=-22.080dB train_rec=0.000000e+00 train_recT=0.000000e+00 train_fc=0.000000e+00 train_decoder_tail=0.000000e+00
I 07.01/05:32:27 train_mapper.py:615 ] epoch=0266 train_loss=4.558326e-03 train_mse=3.934707e-03 train_cos=0.996824 train_nmse=-22.125dB train_rec=0.000000e+00 train_recT=0.000000e+00 train_fc=0.000000e+00 train_decoder_tail=0.000000e+00
I 07.01/05:32:46 train_mapper.py:615 ] epoch=0267 train_loss=4.535889e-03 train_mse=3.915204e-03 train_cos=0.996839 train_nmse=-22.146dB train_rec=0.000000e+00 train_recT=0.000000e+00 train_fc=0.000000e+00 train_decoder_tail=0.000000e+00
I 07.01/05:33:12 train_mapper.py:615 ] epoch=0268 train_loss=4.564716e-03 train_mse=3.940904e-03 train_cos=0.996818 train_nmse=-22.118dB train_rec=0.000000e+00 train_recT=0.000000e+00 train_fc=0.000000e+00 train_decoder_tail=0.000000e+00
I 07.01/05:33:33 train_mapper.py:615 ] epoch=0269 train_loss=4.550078e-03 train_mse=3.926607e-03 train_cos=0.996833 train_nmse=-22.134dB train_rec=0.000000e+00 train_recT=0.000000e+00 train_fc=0.000000e+00 train_decoder_tail=0.000000e+00
I 07.01/05:33:54 train_mapper.py:615 ] epoch=0270 train_loss=4.567750e-03 train_mse=3.943077e-03 train_cos=0.996818 train_nmse=-22.115dB train_rec=0.000000e+00 train_recT=0.000000e+00 train_fc=0.000000e+00 train_decoder_tail=0.000000e+00
I 07.01/05:34:21 train_mapper.py:615 ] epoch=0271 train_loss=4.548247e-03 train_mse=3.925579e-03 train_cos=0.996832 train_nmse=-22.135dB train_rec=0.000000e+00 train_recT=0.000000e+00 train_fc=0.000000e+00 train_decoder_tail=0.000000e+00
I 07.01/05:34:41 train_mapper.py:615 ] epoch=0272 train_loss=4.524144e-03 train_mse=3.903891e-03 train_cos=0.996851 train_nmse=-22.159dB train_rec=0.000000e+00 train_recT=0.000000e+00 train_fc=0.000000e+00 train_decoder_tail=0.000000e+00
I 07.01/05:35:03 train_mapper.py:615 ] epoch=0273 train_loss=4.508935e-03 train_mse=3.891358e-03 train_cos=0.996860 train_nmse=-22.173dB train_rec=0.000000e+00 train_recT=0.000000e+00 train_fc=0.000000e+00 train_decoder_tail=0.000000e+00
I 07.01/05:35:23 train_mapper.py:615 ] epoch=0274 train_loss=4.497622e-03 train_mse=3.882324e-03 train_cos=0.996865 train_nmse=-22.183dB train_rec=0.000000e+00 train_recT=0.000000e+00 train_fc=0.000000e+00 train_decoder_tail=0.000000e+00
I 07.01/05:35:42 train_mapper.py:615 ] epoch=0275 train_loss=4.469223e-03 train_mse=3.857256e-03 train_cos=0.996885 train_nmse=-22.211dB train_rec=0.000000e+00 train_recT=0.000000e+00 train_fc=0.000000e+00 train_decoder_tail=0.000000e+00
I 07.01/05:36:03 train_mapper.py:615 ] epoch=0276 train_loss=4.463496e-03 train_mse=3.852981e-03 train_cos=0.996886 train_nmse=-22.216dB train_rec=0.000000e+00 train_recT=0.000000e+00 train_fc=0.000000e+00 train_decoder_tail=0.000000e+00
I 07.01/05:36:23 train_mapper.py:615 ] epoch=0277 train_loss=4.456522e-03 train_mse=3.846738e-03 train_cos=0.996892 train_nmse=-22.223dB train_rec=0.000000e+00 train_recT=0.000000e+00 train_fc=0.000000e+00 train_decoder_tail=0.000000e+00
I 07.01/05:36:51 train_mapper.py:615 ] epoch=0278 train_loss=4.468503e-03 train_mse=3.856634e-03 train_cos=0.996887 train_nmse=-22.212dB train_rec=0.000000e+00 train_recT=0.000000e+00 train_fc=0.000000e+00 train_decoder_tail=0.000000e+00
I 07.01/05:37:13 train_mapper.py:615 ] epoch=0279 train_loss=4.441381e-03 train_mse=3.832253e-03 train_cos=0.996908 train_nmse=-22.240dB train_rec=0.000000e+00 train_recT=0.000000e+00 train_fc=0.000000e+00 train_decoder_tail=0.000000e+00
I 07.01/05:37:33 train_mapper.py:615 ] epoch=0280 train_loss=4.449942e-03 train_mse=3.840020e-03 train_cos=0.996899 train_nmse=-22.230dB train_rec=0.000000e+00 train_recT=0.000000e+00 train_fc=0.000000e+00 train_decoder_tail=0.000000e+00
I 07.01/05:37:53 train_mapper.py:615 ] epoch=0281 train_loss=4.448508e-03 train_mse=3.838319e-03 train_cos=0.996903 train_nmse=-22.232dB train_rec=0.000000e+00 train_recT=0.000000e+00 train_fc=0.000000e+00 train_decoder_tail=0.000000e+00
I 07.01/05:38:19 train_mapper.py:615 ] epoch=0282 train_loss=4.443075e-03 train_mse=3.833206e-03 train_cos=0.996907 train_nmse=-22.238dB train_rec=0.000000e+00 train_recT=0.000000e+00 train_fc=0.000000e+00 train_decoder_tail=0.000000e+00
I 07.01/05:38:38 train_mapper.py:615 ] epoch=0283 train_loss=4.438343e-03 train_mse=3.828617e-03 train_cos=0.996912 train_nmse=-22.243dB train_rec=0.000000e+00 train_recT=0.000000e+00 train_fc=0.000000e+00 train_decoder_tail=0.000000e+00
I 07.01/05:38:56 train_mapper.py:615 ] epoch=0284 train_loss=4.423299e-03 train_mse=3.815843e-03 train_cos=0.996923 train_nmse=-22.258dB train_rec=0.000000e+00 train_recT=0.000000e+00 train_fc=0.000000e+00 train_decoder_tail=0.000000e+00
I 07.01/05:39:17 train_mapper.py:615 ] epoch=0285 train_loss=4.433784e-03 train_mse=3.825326e-03 train_cos=0.996913 train_nmse=-22.247dB train_rec=0.000000e+00 train_recT=0.000000e+00 train_fc=0.000000e+00 train_decoder_tail=0.000000e+00
I 07.01/05:39:35 train_mapper.py:615 ] epoch=0286 train_loss=4.410883e-03 train_mse=3.804214e-03 train_cos=0.996933 train_nmse=-22.271dB train_rec=0.000000e+00 train_recT=0.000000e+00 train_fc=0.000000e+00 train_decoder_tail=0.000000e+00
I 07.01/05:39:54 train_mapper.py:615 ] epoch=0287 train_loss=4.410382e-03 train_mse=3.804317e-03 train_cos=0.996931 train_nmse=-22.271dB train_rec=0.000000e+00 train_recT=0.000000e+00 train_fc=0.000000e+00 train_decoder_tail=0.000000e+00
I 07.01/05:40:18 train_mapper.py:615 ] epoch=0288 train_loss=4.396132e-03 train_mse=3.792207e-03 train_cos=0.996939 train_nmse=-22.285dB train_rec=0.000000e+00 train_recT=0.000000e+00 train_fc=0.000000e+00 train_decoder_tail=0.000000e+00
I 07.01/05:40:42 train_mapper.py:615 ] epoch=0289 train_loss=4.374041e-03 train_mse=3.772920e-03 train_cos=0.996957 train_nmse=-22.307dB train_rec=0.000000e+00 train_recT=0.000000e+00 train_fc=0.000000e+00 train_decoder_tail=0.000000e+00
I 07.01/05:41:11 train_mapper.py:615 ] epoch=0290 train_loss=4.364123e-03 train_mse=3.764914e-03 train_cos=0.996961 train_nmse=-22.316dB train_rec=0.000000e+00 train_recT=0.000000e+00 train_fc=0.000000e+00 train_decoder_tail=0.000000e+00
I 07.01/05:41:47 train_mapper.py:615 ] epoch=0291 train_loss=4.353338e-03 train_mse=3.756766e-03 train_cos=0.996965 train_nmse=-22.326dB train_rec=0.000000e+00 train_recT=0.000000e+00 train_fc=0.000000e+00 train_decoder_tail=0.000000e+00
I 07.01/05:42:35 train_mapper.py:615 ] epoch=0292 train_loss=4.330026e-03 train_mse=3.735245e-03 train_cos=0.996986 train_nmse=-22.351dB train_rec=0.000000e+00 train_recT=0.000000e+00 train_fc=0.000000e+00 train_decoder_tail=0.000000e+00
I 07.01/05:43:23 train_mapper.py:615 ] epoch=0293 train_loss=4.315335e-03 train_mse=3.721167e-03 train_cos=0.996998 train_nmse=-22.367dB train_rec=0.000000e+00 train_recT=0.000000e+00 train_fc=0.000000e+00 train_decoder_tail=0.000000e+00
I 07.01/05:44:15 train_mapper.py:615 ] epoch=0294 train_loss=4.339788e-03 train_mse=3.743845e-03 train_cos=0.996976 train_nmse=-22.341dB train_rec=0.000000e+00 train_recT=0.000000e+00 train_fc=0.000000e+00 train_decoder_tail=0.000000e+00
I 07.01/05:45:06 train_mapper.py:615 ] epoch=0295 train_loss=4.349003e-03 train_mse=3.751634e-03 train_cos=0.996972 train_nmse=-22.332dB train_rec=0.000000e+00 train_recT=0.000000e+00 train_fc=0.000000e+00 train_decoder_tail=0.000000e+00
I 07.01/05:45:39 train_mapper.py:615 ] epoch=0296 train_loss=4.310661e-03 train_mse=3.716618e-03 train_cos=0.997003 train_nmse=-22.372dB train_rec=0.000000e+00 train_recT=0.000000e+00 train_fc=0.000000e+00 train_decoder_tail=0.000000e+00
I 07.01/05:46:01 train_mapper.py:615 ] epoch=0297 train_loss=4.322838e-03 train_mse=3.728670e-03 train_cos=0.996990 train_nmse=-22.358dB train_rec=0.000000e+00 train_recT=0.000000e+00 train_fc=0.000000e+00 train_decoder_tail=0.000000e+00
I 07.01/05:46:25 train_mapper.py:615 ] epoch=0298 train_loss=4.329552e-03 train_mse=3.734715e-03 train_cos=0.996985 train_nmse=-22.352dB train_rec=0.000000e+00 train_recT=0.000000e+00 train_fc=0.000000e+00 train_decoder_tail=0.000000e+00
I 07.01/05:46:47 train_mapper.py:615 ] epoch=0299 train_loss=4.295797e-03 train_mse=3.703953e-03 train_cos=0.997012 train_nmse=-22.387dB train_rec=0.000000e+00 train_recT=0.000000e+00 train_fc=0.000000e+00 train_decoder_tail=0.000000e+00
I 07.01/05:47:09 train_mapper.py:615 ] epoch=0300 train_loss=4.296978e-03 train_mse=3.704378e-03 train_cos=0.997014 train_nmse=-22.387dB train_rec=0.000000e+00 train_recT=0.000000e+00 train_fc=0.000000e+00 train_decoder_tail=0.000000e+00
I 07.01/05:47:31 train_mapper.py:615 ] epoch=0301 train_loss=4.305008e-03 train_mse=3.712148e-03 train_cos=0.997005 train_nmse=-22.378dB train_rec=0.000000e+00 train_recT=0.000000e+00 train_fc=0.000000e+00 train_decoder_tail=0.000000e+00
I 07.01/05:47:53 train_mapper.py:615 ] epoch=0302 train_loss=4.290512e-03 train_mse=3.699230e-03 train_cos=0.997017 train_nmse=-22.393dB train_rec=0.000000e+00 train_recT=0.000000e+00 train_fc=0.000000e+00 train_decoder_tail=0.000000e+00
I 07.01/05:48:18 train_mapper.py:615 ] epoch=0303 train_loss=4.293525e-03 train_mse=3.702498e-03 train_cos=0.997012 train_nmse=-22.389dB train_rec=0.000000e+00 train_recT=0.000000e+00 train_fc=0.000000e+00 train_decoder_tail=0.000000e+00
I 07.01/05:48:42 train_mapper.py:615 ] epoch=0304 train_loss=4.262406e-03 train_mse=3.675308e-03 train_cos=0.997034 train_nmse=-22.421dB train_rec=0.000000e+00 train_recT=0.000000e+00 train_fc=0.000000e+00 train_decoder_tail=0.000000e+00
I 07.01/05:49:29 train_mapper.py:615 ] epoch=0305 train_loss=4.254501e-03 train_mse=3.668269e-03 train_cos=0.997040 train_nmse=-22.429dB train_rec=0.000000e+00 train_recT=0.000000e+00 train_fc=0.000000e+00 train_decoder_tail=0.000000e+00
I 07.01/05:50:18 train_mapper.py:615 ] epoch=0306 train_loss=4.245874e-03 train_mse=3.661173e-03 train_cos=0.997045 train_nmse=-22.438dB train_rec=0.000000e+00 train_recT=0.000000e+00 train_fc=0.000000e+00 train_decoder_tail=0.000000e+00
I 07.01/05:51:05 train_mapper.py:615 ] epoch=0307 train_loss=4.234785e-03 train_mse=3.651434e-03 train_cos=0.997053 train_nmse=-22.449dB train_rec=0.000000e+00 train_recT=0.000000e+00 train_fc=0.000000e+00 train_decoder_tail=0.000000e+00
I 07.01/05:51:47 train_mapper.py:615 ] epoch=0308 train_loss=4.238331e-03 train_mse=3.654607e-03 train_cos=0.997051 train_nmse=-22.446dB train_rec=0.000000e+00 train_recT=0.000000e+00 train_fc=0.000000e+00 train_decoder_tail=0.000000e+00
I 07.01/05:52:34 train_mapper.py:615 ] epoch=0309 train_loss=4.221061e-03 train_mse=3.639998e-03 train_cos=0.997062 train_nmse=-22.463dB train_rec=0.000000e+00 train_recT=0.000000e+00 train_fc=0.000000e+00 train_decoder_tail=0.000000e+00
I 07.01/05:53:20 train_mapper.py:615 ] epoch=0310 train_loss=4.201089e-03 train_mse=3.622175e-03 train_cos=0.997077 train_nmse=-22.484dB train_rec=0.000000e+00 train_recT=0.000000e+00 train_fc=0.000000e+00 train_decoder_tail=0.000000e+00
I 07.01/05:54:08 train_mapper.py:615 ] epoch=0311 train_loss=4.215511e-03 train_mse=3.634874e-03 train_cos=0.997067 train_nmse=-22.469dB train_rec=0.000000e+00 train_recT=0.000000e+00 train_fc=0.000000e+00 train_decoder_tail=0.000000e+00
I 07.01/05:54:53 train_mapper.py:615 ] epoch=0312 train_loss=4.217159e-03 train_mse=3.635298e-03 train_cos=0.997068 train_nmse=-22.468dB train_rec=0.000000e+00 train_recT=0.000000e+00 train_fc=0.000000e+00 train_decoder_tail=0.000000e+00
I 07.01/05:55:39 train_mapper.py:615 ] epoch=0313 train_loss=4.222135e-03 train_mse=3.640266e-03 train_cos=0.997063 train_nmse=-22.462dB train_rec=0.000000e+00 train_recT=0.000000e+00 train_fc=0.000000e+00 train_decoder_tail=0.000000e+00
I 07.01/05:56:27 train_mapper.py:615 ] epoch=0314 train_loss=4.216225e-03 train_mse=3.634795e-03 train_cos=0.997067 train_nmse=-22.469dB train_rec=0.000000e+00 train_recT=0.000000e+00 train_fc=0.000000e+00 train_decoder_tail=0.000000e+00
I 07.01/05:57:14 train_mapper.py:615 ] epoch=0315 train_loss=4.199989e-03 train_mse=3.620450e-03 train_cos=0.997079 train_nmse=-22.486dB train_rec=0.000000e+00 train_recT=0.000000e+00 train_fc=0.000000e+00 train_decoder_tail=0.000000e+00
I 07.01/05:57:58 train_mapper.py:615 ] epoch=0316 train_loss=4.187921e-03 train_mse=3.610666e-03 train_cos=0.997085 train_nmse=-22.498dB train_rec=0.000000e+00 train_recT=0.000000e+00 train_fc=0.000000e+00 train_decoder_tail=0.000000e+00
I 07.01/05:58:41 train_mapper.py:615 ] epoch=0317 train_loss=4.158812e-03 train_mse=3.583996e-03 train_cos=0.997110 train_nmse=-22.530dB train_rec=0.000000e+00 train_recT=0.000000e+00 train_fc=0.000000e+00 train_decoder_tail=0.000000e+00
I 07.01/05:59:07 train_mapper.py:615 ] epoch=0318 train_loss=4.167081e-03 train_mse=3.592441e-03 train_cos=0.997099 train_nmse=-22.520dB train_rec=0.000000e+00 train_recT=0.000000e+00 train_fc=0.000000e+00 train_decoder_tail=0.000000e+00
I 07.01/05:59:24 train_mapper.py:615 ] epoch=0319 train_loss=4.175971e-03 train_mse=3.599633e-03 train_cos=0.997096 train_nmse=-22.511dB train_rec=0.000000e+00 train_recT=0.000000e+00 train_fc=0.000000e+00 train_decoder_tail=0.000000e+00
I 07.01/05:59:43 train_mapper.py:615 ] epoch=0320 train_loss=4.157013e-03 train_mse=3.583165e-03 train_cos=0.997109 train_nmse=-22.531dB train_rec=0.000000e+00 train_recT=0.000000e+00 train_fc=0.000000e+00 train_decoder_tail=0.000000e+00
I 07.01/06:00:06 train_mapper.py:615 ] epoch=0321 train_loss=4.144836e-03 train_mse=3.572250e-03 train_cos=0.997117 train_nmse=-22.544dB train_rec=0.000000e+00 train_recT=0.000000e+00 train_fc=0.000000e+00 train_decoder_tail=0.000000e+00
I 07.01/06:00:27 train_mapper.py:615 ] epoch=0322 train_loss=4.130972e-03 train_mse=3.559837e-03 train_cos=0.997129 train_nmse=-22.559dB train_rec=0.000000e+00 train_recT=0.000000e+00 train_fc=0.000000e+00 train_decoder_tail=0.000000e+00
I 07.01/06:00:54 train_mapper.py:615 ] epoch=0323 train_loss=4.126371e-03 train_mse=3.556889e-03 train_cos=0.997129 train_nmse=-22.563dB train_rec=0.000000e+00 train_recT=0.000000e+00 train_fc=0.000000e+00 train_decoder_tail=0.000000e+00
I 07.01/06:01:17 train_mapper.py:615 ] epoch=0324 train_loss=4.126410e-03 train_mse=3.556287e-03 train_cos=0.997131 train_nmse=-22.564dB train_rec=0.000000e+00 train_recT=0.000000e+00 train_fc=0.000000e+00 train_decoder_tail=0.000000e+00
I 07.01/06:01:37 train_mapper.py:615 ] epoch=0325 train_loss=4.116504e-03 train_mse=3.547756e-03 train_cos=0.997137 train_nmse=-22.574dB train_rec=0.000000e+00 train_recT=0.000000e+00 train_fc=0.000000e+00 train_decoder_tail=0.000000e+00
I 07.01/06:01:57 train_mapper.py:615 ] epoch=0326 train_loss=4.112459e-03 train_mse=3.544298e-03 train_cos=0.997141 train_nmse=-22.579dB train_rec=0.000000e+00 train_recT=0.000000e+00 train_fc=0.000000e+00 train_decoder_tail=0.000000e+00
I 07.01/06:02:22 train_mapper.py:615 ] epoch=0327 train_loss=4.118883e-03 train_mse=3.550213e-03 train_cos=0.997133 train_nmse=-22.571dB train_rec=0.000000e+00 train_recT=0.000000e+00 train_fc=0.000000e+00 train_decoder_tail=0.000000e+00
I 07.01/06:02:42 train_mapper.py:615 ] epoch=0328 train_loss=4.101394e-03 train_mse=3.534529e-03 train_cos=0.997148 train_nmse=-22.590dB train_rec=0.000000e+00 train_recT=0.000000e+00 train_fc=0.000000e+00 train_decoder_tail=0.000000e+00
I 07.01/06:03:05 train_mapper.py:615 ] epoch=0329 train_loss=4.099487e-03 train_mse=3.533350e-03 train_cos=0.997149 train_nmse=-22.592dB train_rec=0.000000e+00 train_recT=0.000000e+00 train_fc=0.000000e+00 train_decoder_tail=0.000000e+00
I 07.01/06:03:26 train_mapper.py:615 ] epoch=0330 train_loss=4.084485e-03 train_mse=3.520676e-03 train_cos=0.997157 train_nmse=-22.608dB train_rec=0.000000e+00 train_recT=0.000000e+00 train_fc=0.000000e+00 train_decoder_tail=0.000000e+00
I 07.01/06:03:46 train_mapper.py:615 ] epoch=0331 train_loss=4.081402e-03 train_mse=3.517981e-03 train_cos=0.997160 train_nmse=-22.611dB train_rec=0.000000e+00 train_recT=0.000000e+00 train_fc=0.000000e+00 train_decoder_tail=0.000000e+00
I 07.01/06:04:11 train_mapper.py:615 ] epoch=0332 train_loss=4.084598e-03 train_mse=3.520582e-03 train_cos=0.997157 train_nmse=-22.608dB train_rec=0.000000e+00 train_recT=0.000000e+00 train_fc=0.000000e+00 train_decoder_tail=0.000000e+00
I 07.01/06:04:41 train_mapper.py:615 ] epoch=0333 train_loss=4.046864e-03 train_mse=3.486877e-03 train_cos=0.997187 train_nmse=-22.650dB train_rec=0.000000e+00 train_recT=0.000000e+00 train_fc=0.000000e+00 train_decoder_tail=0.000000e+00
I 07.01/06:05:30 train_mapper.py:615 ] epoch=0334 train_loss=4.073830e-03 train_mse=3.510827e-03 train_cos=0.997167 train_nmse=-22.620dB train_rec=0.000000e+00 train_recT=0.000000e+00 train_fc=0.000000e+00 train_decoder_tail=0.000000e+00
I 07.01/06:06:23 train_mapper.py:615 ] epoch=0335 train_loss=4.063497e-03 train_mse=3.500981e-03 train_cos=0.997178 train_nmse=-22.632dB train_rec=0.000000e+00 train_recT=0.000000e+00 train_fc=0.000000e+00 train_decoder_tail=0.000000e+00
I 07.01/06:07:00 train_mapper.py:615 ] epoch=0336 train_loss=4.050160e-03 train_mse=3.489497e-03 train_cos=0.997186 train_nmse=-22.646dB train_rec=0.000000e+00 train_recT=0.000000e+00 train_fc=0.000000e+00 train_decoder_tail=0.000000e+00
I 07.01/06:07:20 train_mapper.py:615 ] epoch=0337 train_loss=4.052933e-03 train_mse=3.492621e-03 train_cos=0.997182 train_nmse=-22.642dB train_rec=0.000000e+00 train_recT=0.000000e+00 train_fc=0.000000e+00 train_decoder_tail=0.000000e+00
I 07.01/06:07:38 train_mapper.py:615 ] epoch=0338 train_loss=4.046151e-03 train_mse=3.487081e-03 train_cos=0.997184 train_nmse=-22.649dB train_rec=0.000000e+00 train_recT=0.000000e+00 train_fc=0.000000e+00 train_decoder_tail=0.000000e+00
I 07.01/06:07:58 train_mapper.py:615 ] epoch=0339 train_loss=4.016616e-03 train_mse=3.460413e-03 train_cos=0.997207 train_nmse=-22.682dB train_rec=0.000000e+00 train_recT=0.000000e+00 train_fc=0.000000e+00 train_decoder_tail=0.000000e+00
I 07.01/06:08:20 train_mapper.py:615 ] epoch=0340 train_loss=4.015036e-03 train_mse=3.460151e-03 train_cos=0.997206 train_nmse=-22.683dB train_rec=0.000000e+00 train_recT=0.000000e+00 train_fc=0.000000e+00 train_decoder_tail=0.000000e+00
I 07.01/06:08:41 train_mapper.py:615 ] epoch=0341 train_loss=3.997308e-03 train_mse=3.443429e-03 train_cos=0.997222 train_nmse=-22.704dB train_rec=0.000000e+00 train_recT=0.000000e+00 train_fc=0.000000e+00 train_decoder_tail=0.000000e+00
I 07.01/06:09:04 train_mapper.py:615 ] epoch=0342 train_loss=4.024751e-03 train_mse=3.468555e-03 train_cos=0.997200 train_nmse=-22.673dB train_rec=0.000000e+00 train_recT=0.000000e+00 train_fc=0.000000e+00 train_decoder_tail=0.000000e+00
I 07.01/06:09:28 train_mapper.py:615 ] epoch=0343 train_loss=4.008990e-03 train_mse=3.453189e-03 train_cos=0.997215 train_nmse=-22.692dB train_rec=0.000000e+00 train_recT=0.000000e+00 train_fc=0.000000e+00 train_decoder_tail=0.000000e+00
I 07.01/06:09:49 train_mapper.py:615 ] epoch=0344 train_loss=4.020871e-03 train_mse=3.464796e-03 train_cos=0.997204 train_nmse=-22.677dB train_rec=0.000000e+00 train_recT=0.000000e+00 train_fc=0.000000e+00 train_decoder_tail=0.000000e+00
I 07.01/06:10:11 train_mapper.py:615 ] epoch=0345 train_loss=3.995043e-03 train_mse=3.441714e-03 train_cos=0.997224 train_nmse=-22.706dB train_rec=0.000000e+00 train_recT=0.000000e+00 train_fc=0.000000e+00 train_decoder_tail=0.000000e+00
I 07.01/06:10:30 train_mapper.py:615 ] epoch=0346 train_loss=3.990116e-03 train_mse=3.437960e-03 train_cos=0.997225 train_nmse=-22.711dB train_rec=0.000000e+00 train_recT=0.000000e+00 train_fc=0.000000e+00 train_decoder_tail=0.000000e+00
I 07.01/06:10:49 train_mapper.py:615 ] epoch=0347 train_loss=3.967181e-03 train_mse=3.417421e-03 train_cos=0.997244 train_nmse=-22.737dB train_rec=0.000000e+00 train_recT=0.000000e+00 train_fc=0.000000e+00 train_decoder_tail=0.000000e+00
I 07.01/06:11:10 train_mapper.py:615 ] epoch=0348 train_loss=4.005590e-03 train_mse=3.452432e-03 train_cos=0.997211 train_nmse=-22.693dB train_rec=0.000000e+00 train_recT=0.000000e+00 train_fc=0.000000e+00 train_decoder_tail=0.000000e+00
I 07.01/06:11:25 train_mapper.py:615 ] epoch=0349 train_loss=3.970975e-03 train_mse=3.420580e-03 train_cos=0.997241 train_nmse=-22.733dB train_rec=0.000000e+00 train_recT=0.000000e+00 train_fc=0.000000e+00 train_decoder_tail=0.000000e+00
I 07.01/06:11:45 train_mapper.py:615 ] epoch=0350 train_loss=3.968268e-03 train_mse=3.418346e-03 train_cos=0.997242 train_nmse=-22.736dB train_rec=0.000000e+00 train_recT=0.000000e+00 train_fc=0.000000e+00 train_decoder_tail=0.000000e+00
I 07.01/06:12:12 train_mapper.py:615 ] epoch=0351 train_loss=3.969823e-03 train_mse=3.419732e-03 train_cos=0.997241 train_nmse=-22.734dB train_rec=0.000000e+00 train_recT=0.000000e+00 train_fc=0.000000e+00 train_decoder_tail=0.000000e+00
I 07.01/06:12:35 train_mapper.py:615 ] epoch=0352 train_loss=3.954058e-03 train_mse=3.406172e-03 train_cos=0.997252 train_nmse=-22.751dB train_rec=0.000000e+00 train_recT=0.000000e+00 train_fc=0.000000e+00 train_decoder_tail=0.000000e+00
I 07.01/06:13:06 train_mapper.py:615 ] epoch=0353 train_loss=3.949412e-03 train_mse=3.402222e-03 train_cos=0.997254 train_nmse=-22.756dB train_rec=0.000000e+00 train_recT=0.000000e+00 train_fc=0.000000e+00 train_decoder_tail=0.000000e+00
I 07.01/06:13:29 train_mapper.py:615 ] epoch=0354 train_loss=3.935965e-03 train_mse=3.390132e-03 train_cos=0.997265 train_nmse=-22.772dB train_rec=0.000000e+00 train_recT=0.000000e+00 train_fc=0.000000e+00 train_decoder_tail=0.000000e+00
I 07.01/06:13:54 train_mapper.py:615 ] epoch=0355 train_loss=3.939032e-03 train_mse=3.393564e-03 train_cos=0.997261 train_nmse=-22.767dB train_rec=0.000000e+00 train_recT=0.000000e+00 train_fc=0.000000e+00 train_decoder_tail=0.000000e+00
I 07.01/06:14:21 train_mapper.py:615 ] epoch=0356 train_loss=3.941993e-03 train_mse=3.396078e-03 train_cos=0.997259 train_nmse=-22.764dB train_rec=0.000000e+00 train_recT=0.000000e+00 train_fc=0.000000e+00 train_decoder_tail=0.000000e+00
I 07.01/06:14:47 train_mapper.py:615 ] epoch=0357 train_loss=3.912735e-03 train_mse=3.369917e-03 train_cos=0.997282 train_nmse=-22.798dB train_rec=0.000000e+00 train_recT=0.000000e+00 train_fc=0.000000e+00 train_decoder_tail=0.000000e+00
I 07.01/06:15:07 train_mapper.py:615 ] epoch=0358 train_loss=3.924365e-03 train_mse=3.380744e-03 train_cos=0.997271 train_nmse=-22.783dB train_rec=0.000000e+00 train_recT=0.000000e+00 train_fc=0.000000e+00 train_decoder_tail=0.000000e+00
I 07.01/06:15:22 train_mapper.py:615 ] epoch=0359 train_loss=3.907676e-03 train_mse=3.365514e-03 train_cos=0.997285 train_nmse=-22.803dB train_rec=0.000000e+00 train_recT=0.000000e+00 train_fc=0.000000e+00 train_decoder_tail=0.000000e+00
I 07.01/06:15:35 train_mapper.py:615 ] epoch=0360 train_loss=3.909301e-03 train_mse=3.367314e-03 train_cos=0.997282 train_nmse=-22.801dB train_rec=0.000000e+00 train_recT=0.000000e+00 train_fc=0.000000e+00 train_decoder_tail=0.000000e+00
I 07.01/06:15:52 train_mapper.py:615 ] epoch=0361 train_loss=3.909155e-03 train_mse=3.366886e-03 train_cos=0.997285 train_nmse=-22.801dB train_rec=0.000000e+00 train_recT=0.000000e+00 train_fc=0.000000e+00 train_decoder_tail=0.000000e+00
I 07.01/06:16:23 train_mapper.py:615 ] epoch=0362 train_loss=3.913089e-03 train_mse=3.370745e-03 train_cos=0.997280 train_nmse=-22.796dB train_rec=0.000000e+00 train_recT=0.000000e+00 train_fc=0.000000e+00 train_decoder_tail=0.000000e+00
I 07.01/06:17:08 train_mapper.py:615 ] epoch=0363 train_loss=3.898854e-03 train_mse=3.357823e-03 train_cos=0.997291 train_nmse=-22.813dB train_rec=0.000000e+00 train_recT=0.000000e+00 train_fc=0.000000e+00 train_decoder_tail=0.000000e+00
I 07.01/06:17:46 train_mapper.py:615 ] epoch=0364 train_loss=3.899103e-03 train_mse=3.358354e-03 train_cos=0.997290 train_nmse=-22.813dB train_rec=0.000000e+00 train_recT=0.000000e+00 train_fc=0.000000e+00 train_decoder_tail=0.000000e+00
I 07.01/06:18:25 train_mapper.py:615 ] epoch=0365 train_loss=3.892583e-03 train_mse=3.352443e-03 train_cos=0.997296 train_nmse=-22.820dB train_rec=0.000000e+00 train_recT=0.000000e+00 train_fc=0.000000e+00 train_decoder_tail=0.000000e+00
I 07.01/06:18:50 train_mapper.py:615 ] epoch=0366 train_loss=3.858583e-03 train_mse=3.322603e-03 train_cos=0.997320 train_nmse=-22.859dB train_rec=0.000000e+00 train_recT=0.000000e+00 train_fc=0.000000e+00 train_decoder_tail=0.000000e+00
I 07.01/06:19:27 train_mapper.py:615 ] epoch=0367 train_loss=3.870694e-03 train_mse=3.334254e-03 train_cos=0.997308 train_nmse=-22.844dB train_rec=0.000000e+00 train_recT=0.000000e+00 train_fc=0.000000e+00 train_decoder_tail=0.000000e+00
I 07.01/06:20:06 train_mapper.py:615 ] epoch=0368 train_loss=3.855617e-03 train_mse=3.320928e-03 train_cos=0.997320 train_nmse=-22.861dB train_rec=0.000000e+00 train_recT=0.000000e+00 train_fc=0.000000e+00 train_decoder_tail=0.000000e+00
I 07.01/06:20:21 train_mapper.py:615 ] epoch=0369 train_loss=3.866651e-03 train_mse=3.330684e-03 train_cos=0.997312 train_nmse=-22.848dB train_rec=0.000000e+00 train_recT=0.000000e+00 train_fc=0.000000e+00 train_decoder_tail=0.000000e+00
I 07.01/06:20:40 train_mapper.py:615 ] epoch=0370 train_loss=3.866188e-03 train_mse=3.330906e-03 train_cos=0.997310 train_nmse=-22.848dB train_rec=0.000000e+00 train_recT=0.000000e+00 train_fc=0.000000e+00 train_decoder_tail=0.000000e+00
I 07.01/06:20:57 train_mapper.py:615 ] epoch=0371 train_loss=3.839272e-03 train_mse=3.306438e-03 train_cos=0.997331 train_nmse=-22.880dB train_rec=0.000000e+00 train_recT=0.000000e+00 train_fc=0.000000e+00 train_decoder_tail=0.000000e+00
I 07.01/06:21:22 train_mapper.py:615 ] epoch=0372 train_loss=3.815381e-03 train_mse=3.285430e-03 train_cos=0.997348 train_nmse=-22.908dB train_rec=0.000000e+00 train_recT=0.000000e+00 train_fc=0.000000e+00 train_decoder_tail=0.000000e+00
I 07.01/06:21:44 train_mapper.py:615 ] epoch=0373 train_loss=3.836020e-03 train_mse=3.304026e-03 train_cos=0.997333 train_nmse=-22.883dB train_rec=0.000000e+00 train_recT=0.000000e+00 train_fc=0.000000e+00 train_decoder_tail=0.000000e+00
I 07.01/06:21:59 train_mapper.py:615 ] epoch=0374 train_loss=3.810378e-03 train_mse=3.281437e-03 train_cos=0.997353 train_nmse=-22.913dB train_rec=0.000000e+00 train_recT=0.000000e+00 train_fc=0.000000e+00 train_decoder_tail=0.000000e+00
I 07.01/06:22:17 train_mapper.py:615 ] epoch=0375 train_loss=3.801450e-03 train_mse=3.273521e-03 train_cos=0.997359 train_nmse=-22.924dB train_rec=0.000000e+00 train_recT=0.000000e+00 train_fc=0.000000e+00 train_decoder_tail=0.000000e+00
I 07.01/06:22:32 train_mapper.py:615 ] epoch=0376 train_loss=3.815209e-03 train_mse=3.286177e-03 train_cos=0.997346 train_nmse=-22.907dB train_rec=0.000000e+00 train_recT=0.000000e+00 train_fc=0.000000e+00 train_decoder_tail=0.000000e+00
I 07.01/06:22:47 train_mapper.py:615 ] epoch=0377 train_loss=3.828578e-03 train_mse=3.297196e-03 train_cos=0.997340 train_nmse=-22.892dB train_rec=0.000000e+00 train_recT=0.000000e+00 train_fc=0.000000e+00 train_decoder_tail=0.000000e+00
I 07.01/06:23:13 train_mapper.py:615 ] epoch=0378 train_loss=3.827980e-03 train_mse=3.296618e-03 train_cos=0.997341 train_nmse=-22.893dB train_rec=0.000000e+00 train_recT=0.000000e+00 train_fc=0.000000e+00 train_decoder_tail=0.000000e+00
I 07.01/06:23:33 train_mapper.py:615 ] epoch=0379 train_loss=3.828671e-03 train_mse=3.297418e-03 train_cos=0.997340 train_nmse=-22.892dB train_rec=0.000000e+00 train_recT=0.000000e+00 train_fc=0.000000e+00 train_decoder_tail=0.000000e+00
I 07.01/06:23:49 train_mapper.py:615 ] epoch=0380 train_loss=3.817615e-03 train_mse=3.286786e-03 train_cos=0.997350 train_nmse=-22.906dB train_rec=0.000000e+00 train_recT=0.000000e+00 train_fc=0.000000e+00 train_decoder_tail=0.000000e+00
I 07.01/06:24:11 train_mapper.py:615 ] epoch=0381 train_loss=3.806988e-03 train_mse=3.278221e-03 train_cos=0.997356 train_nmse=-22.917dB train_rec=0.000000e+00 train_recT=0.000000e+00 train_fc=0.000000e+00 train_decoder_tail=0.000000e+00
I 07.01/06:24:30 train_mapper.py:615 ] epoch=0382 train_loss=3.782244e-03 train_mse=3.256818e-03 train_cos=0.997373 train_nmse=-22.946dB train_rec=0.000000e+00 train_recT=0.000000e+00 train_fc=0.000000e+00 train_decoder_tail=0.000000e+00
I 07.01/06:25:08 train_mapper.py:615 ] epoch=0383 train_loss=3.793510e-03 train_mse=3.267256e-03 train_cos=0.997364 train_nmse=-22.932dB train_rec=0.000000e+00 train_recT=0.000000e+00 train_fc=0.000000e+00 train_decoder_tail=0.000000e+00
I 07.01/06:25:26 train_mapper.py:615 ] epoch=0384 train_loss=3.770042e-03 train_mse=3.246226e-03 train_cos=0.997381 train_nmse=-22.960dB train_rec=0.000000e+00 train_recT=0.000000e+00 train_fc=0.000000e+00 train_decoder_tail=0.000000e+00
I 07.01/06:25:43 train_mapper.py:615 ] epoch=0385 train_loss=3.782928e-03 train_mse=3.258154e-03 train_cos=0.997370 train_nmse=-22.944dB train_rec=0.000000e+00 train_recT=0.000000e+00 train_fc=0.000000e+00 train_decoder_tail=0.000000e+00
I 07.01/06:26:05 train_mapper.py:615 ] epoch=0386 train_loss=3.776040e-03 train_mse=3.251980e-03 train_cos=0.997376 train_nmse=-22.952dB train_rec=0.000000e+00 train_recT=0.000000e+00 train_fc=0.000000e+00 train_decoder_tail=0.000000e+00
I 07.01/06:26:24 train_mapper.py:615 ] epoch=0387 train_loss=3.758217e-03 train_mse=3.235631e-03 train_cos=0.997391 train_nmse=-22.974dB train_rec=0.000000e+00 train_recT=0.000000e+00 train_fc=0.000000e+00 train_decoder_tail=0.000000e+00
I 07.01/06:26:41 train_mapper.py:615 ] epoch=0388 train_loss=3.761843e-03 train_mse=3.238971e-03 train_cos=0.997389 train_nmse=-22.970dB train_rec=0.000000e+00 train_recT=0.000000e+00 train_fc=0.000000e+00 train_decoder_tail=0.000000e+00
I 07.01/06:27:08 train_mapper.py:615 ] epoch=0389 train_loss=3.767526e-03 train_mse=3.243726e-03 train_cos=0.997385 train_nmse=-22.963dB train_rec=0.000000e+00 train_recT=0.000000e+00 train_fc=0.000000e+00 train_decoder_tail=0.000000e+00
I 07.01/06:27:28 train_mapper.py:615 ] epoch=0390 train_loss=3.751698e-03 train_mse=3.229942e-03 train_cos=0.997396 train_nmse=-22.982dB train_rec=0.000000e+00 train_recT=0.000000e+00 train_fc=0.000000e+00 train_decoder_tail=0.000000e+00
I 07.01/06:27:53 train_mapper.py:615 ] epoch=0391 train_loss=3.754638e-03 train_mse=3.233292e-03 train_cos=0.997393 train_nmse=-22.978dB train_rec=0.000000e+00 train_recT=0.000000e+00 train_fc=0.000000e+00 train_decoder_tail=0.000000e+00
I 07.01/06:28:32 train_mapper.py:615 ] epoch=0392 train_loss=3.724619e-03 train_mse=3.206883e-03 train_cos=0.997413 train_nmse=-23.013dB train_rec=0.000000e+00 train_recT=0.000000e+00 train_fc=0.000000e+00 train_decoder_tail=0.000000e+00
I 07.01/06:28:51 train_mapper.py:615 ] epoch=0393 train_loss=3.717025e-03 train_mse=3.201143e-03 train_cos=0.997416 train_nmse=-23.021dB train_rec=0.000000e+00 train_recT=0.000000e+00 train_fc=0.000000e+00 train_decoder_tail=0.000000e+00
I 07.01/06:29:11 train_mapper.py:615 ] epoch=0394 train_loss=3.702386e-03 train_mse=3.187875e-03 train_cos=0.997428 train_nmse=-23.039dB train_rec=0.000000e+00 train_recT=0.000000e+00 train_fc=0.000000e+00 train_decoder_tail=0.000000e+00
I 07.01/06:29:35 train_mapper.py:615 ] epoch=0395 train_loss=3.711586e-03 train_mse=3.196417e-03 train_cos=0.997420 train_nmse=-23.027dB train_rec=0.000000e+00 train_recT=0.000000e+00 train_fc=0.000000e+00 train_decoder_tail=0.000000e+00
I 07.01/06:30:23 train_mapper.py:615 ] epoch=0396 train_loss=3.716053e-03 train_mse=3.200230e-03 train_cos=0.997418 train_nmse=-23.022dB train_rec=0.000000e+00 train_recT=0.000000e+00 train_fc=0.000000e+00 train_decoder_tail=0.000000e+00
I 07.01/06:30:47 train_mapper.py:615 ] epoch=0397 train_loss=3.725348e-03 train_mse=3.208650e-03 train_cos=0.997411 train_nmse=-23.010dB train_rec=0.000000e+00 train_recT=0.000000e+00 train_fc=0.000000e+00 train_decoder_tail=0.000000e+00
I 07.01/06:31:08 train_mapper.py:615 ] epoch=0398 train_loss=3.718860e-03 train_mse=3.201982e-03 train_cos=0.997419 train_nmse=-23.020dB train_rec=0.000000e+00 train_recT=0.000000e+00 train_fc=0.000000e+00 train_decoder_tail=0.000000e+00
I 07.01/06:31:27 train_mapper.py:615 ] epoch=0399 train_loss=3.706565e-03 train_mse=3.191998e-03 train_cos=0.997426 train_nmse=-23.033dB train_rec=0.000000e+00 train_recT=0.000000e+00 train_fc=0.000000e+00 train_decoder_tail=0.000000e+00
I 07.01/06:31:46 train_mapper.py:615 ] epoch=0400 train_loss=3.674014e-03 train_mse=3.163338e-03 train_cos=0.997450 train_nmse=-23.072dB train_rec=0.000000e+00 train_recT=0.000000e+00 train_fc=0.000000e+00 train_decoder_tail=0.000000e+00
I 07.01/06:32:30 train_mapper.py:683 ] best_epoch=400 best_selection=train_loss best_metric=3.674014e-03 best_mse=3.163338e-03 best_loss=3.674014e-03
I 07.01/06:32:30 train_mapper.py:688 ] all_mse=3.044474e-03 all_cos=0.997550 all_nmse=-23.239dB
