I 07.01/03:33:39 train_mapper.py:431 ] => Experiment directory: mapper/exps/hybrid/sample_dim_tail/seed2026_csinet_transnet_to_seed42_transnet_lr5e-4_ep400
I 07.01/03:33:39 train_mapper.py:432 ] => Checkpoint directory: mapper/exps/hybrid/sample_dim_tail/seed2026_csinet_transnet_to_seed42_transnet_lr5e-4_ep400/checkpoints
I 07.01/03:33:39 train_mapper.py:433 ] => Codeword directory: mapper/exps/hybrid/sample_dim_tail/seed2026_csinet_transnet_to_seed42_transnet_lr5e-4_ep400/codewords
I 07.01/03:33:39 train_mapper.py:434 ] => TensorBoard directory: mapper/exps/hybrid/sample_dim_tail/seed2026_csinet_transnet_to_seed42_transnet_lr5e-4_ep400/tensorboard
I 07.01/03:33:45 train_mapper.py:524 ] device=cuda
I 07.01/03:33:45 train_mapper.py:525 ] mapper=hybrid, params=23108608
I 07.01/03:33:45 train_mapper.py:527 ] train=100000, val=0, code_dim=512
I 07.01/03:33:45 train_mapper.py:529 ] val_ratio<=0: skip per-epoch validation; select best checkpoint by train loss
I 07.01/03:33:45 train_mapper.py:531 ] loss=mse + smoothl1*0.0 + sample_tail*0.1 + dim_tail*0.05 + whiten*0.0 + rec*0.0 + recT*0.0 + fc*0.0 + decoder_tail*0.0 + cos*0.0 + cov*0.0
I 07.01/03:34:08 train_mapper.py:615 ] epoch=0001 train_loss=5.248788e-01 train_mse=4.249689e-01 train_cos=0.769049 train_nmse=-2.410dB train_rec=0.000000e+00 train_recT=0.000000e+00 train_fc=0.000000e+00 train_decoder_tail=0.000000e+00
I 07.01/03:34:40 train_mapper.py:615 ] epoch=0002 train_loss=2.112922e-01 train_mse=1.711959e-01 train_cos=0.916039 train_nmse=-5.769dB train_rec=0.000000e+00 train_recT=0.000000e+00 train_fc=0.000000e+00 train_decoder_tail=0.000000e+00
I 07.01/03:35:22 train_mapper.py:615 ] epoch=0003 train_loss=1.484193e-01 train_mse=1.205559e-01 train_cos=0.940055 train_nmse=-7.275dB train_rec=0.000000e+00 train_recT=0.000000e+00 train_fc=0.000000e+00 train_decoder_tail=0.000000e+00
I 07.01/03:36:05 train_mapper.py:615 ] epoch=0004 train_loss=1.164481e-01 train_mse=9.436651e-02 train_cos=0.951347 train_nmse=-8.332dB train_rec=0.000000e+00 train_recT=0.000000e+00 train_fc=0.000000e+00 train_decoder_tail=0.000000e+00
I 07.01/03:36:46 train_mapper.py:615 ] epoch=0005 train_loss=9.736585e-02 train_mse=7.856725e-02 train_cos=0.957936 train_nmse=-9.124dB train_rec=0.000000e+00 train_recT=0.000000e+00 train_fc=0.000000e+00 train_decoder_tail=0.000000e+00
I 07.01/03:37:30 train_mapper.py:615 ] epoch=0006 train_loss=8.451839e-02 train_mse=6.788629e-02 train_cos=0.962690 train_nmse=-9.757dB train_rec=0.000000e+00 train_recT=0.000000e+00 train_fc=0.000000e+00 train_decoder_tail=0.000000e+00
I 07.01/03:38:15 train_mapper.py:615 ] epoch=0007 train_loss=7.634018e-02 train_mse=6.103597e-02 train_cos=0.965900 train_nmse=-10.218dB train_rec=0.000000e+00 train_recT=0.000000e+00 train_fc=0.000000e+00 train_decoder_tail=0.000000e+00
I 07.01/03:38:57 train_mapper.py:615 ] epoch=0008 train_loss=7.018653e-02 train_mse=5.590512e-02 train_cos=0.968642 train_nmse=-10.600dB train_rec=0.000000e+00 train_recT=0.000000e+00 train_fc=0.000000e+00 train_decoder_tail=0.000000e+00
I 07.01/03:39:44 train_mapper.py:615 ] epoch=0009 train_loss=6.586187e-02 train_mse=5.230991e-02 train_cos=0.970693 train_nmse=-10.888dB train_rec=0.000000e+00 train_recT=0.000000e+00 train_fc=0.000000e+00 train_decoder_tail=0.000000e+00
I 07.01/03:40:29 train_mapper.py:615 ] epoch=0010 train_loss=6.239950e-02 train_mse=4.946120e-02 train_cos=0.972439 train_nmse=-11.131dB train_rec=0.000000e+00 train_recT=0.000000e+00 train_fc=0.000000e+00 train_decoder_tail=0.000000e+00
I 07.01/03:41:15 train_mapper.py:615 ] epoch=0011 train_loss=5.937278e-02 train_mse=4.700362e-02 train_cos=0.974015 train_nmse=-11.353dB train_rec=0.000000e+00 train_recT=0.000000e+00 train_fc=0.000000e+00 train_decoder_tail=0.000000e+00
I 07.01/03:42:01 train_mapper.py:615 ] epoch=0012 train_loss=5.685892e-02 train_mse=4.497946e-02 train_cos=0.975309 train_nmse=-11.544dB train_rec=0.000000e+00 train_recT=0.000000e+00 train_fc=0.000000e+00 train_decoder_tail=0.000000e+00
I 07.01/03:42:47 train_mapper.py:615 ] epoch=0013 train_loss=5.480261e-02 train_mse=4.332620e-02 train_cos=0.976343 train_nmse=-11.707dB train_rec=0.000000e+00 train_recT=0.000000e+00 train_fc=0.000000e+00 train_decoder_tail=0.000000e+00
I 07.01/03:43:34 train_mapper.py:615 ] epoch=0014 train_loss=5.243490e-02 train_mse=4.144288e-02 train_cos=0.977560 train_nmse=-11.900dB train_rec=0.000000e+00 train_recT=0.000000e+00 train_fc=0.000000e+00 train_decoder_tail=0.000000e+00
I 07.01/03:44:19 train_mapper.py:615 ] epoch=0015 train_loss=5.056650e-02 train_mse=3.996214e-02 train_cos=0.978457 train_nmse=-12.058dB train_rec=0.000000e+00 train_recT=0.000000e+00 train_fc=0.000000e+00 train_decoder_tail=0.000000e+00
I 07.01/03:45:04 train_mapper.py:615 ] epoch=0016 train_loss=4.866612e-02 train_mse=3.844494e-02 train_cos=0.979374 train_nmse=-12.226dB train_rec=0.000000e+00 train_recT=0.000000e+00 train_fc=0.000000e+00 train_decoder_tail=0.000000e+00
I 07.01/03:45:47 train_mapper.py:615 ] epoch=0017 train_loss=4.734283e-02 train_mse=3.737961e-02 train_cos=0.979917 train_nmse=-12.348dB train_rec=0.000000e+00 train_recT=0.000000e+00 train_fc=0.000000e+00 train_decoder_tail=0.000000e+00
I 07.01/03:46:33 train_mapper.py:615 ] epoch=0018 train_loss=4.543980e-02 train_mse=3.585991e-02 train_cos=0.980815 train_nmse=-12.528dB train_rec=0.000000e+00 train_recT=0.000000e+00 train_fc=0.000000e+00 train_decoder_tail=0.000000e+00
I 07.01/03:47:19 train_mapper.py:615 ] epoch=0019 train_loss=4.371039e-02 train_mse=3.445722e-02 train_cos=0.981582 train_nmse=-12.701dB train_rec=0.000000e+00 train_recT=0.000000e+00 train_fc=0.000000e+00 train_decoder_tail=0.000000e+00
I 07.01/03:48:04 train_mapper.py:615 ] epoch=0020 train_loss=4.326110e-02 train_mse=3.407139e-02 train_cos=0.981505 train_nmse=-12.753dB train_rec=0.000000e+00 train_recT=0.000000e+00 train_fc=0.000000e+00 train_decoder_tail=0.000000e+00
I 07.01/03:48:46 train_mapper.py:615 ] epoch=0021 train_loss=4.092295e-02 train_mse=3.217760e-02 train_cos=0.982618 train_nmse=-12.999dB train_rec=0.000000e+00 train_recT=0.000000e+00 train_fc=0.000000e+00 train_decoder_tail=0.000000e+00
I 07.01/03:49:31 train_mapper.py:615 ] epoch=0022 train_loss=3.942722e-02 train_mse=3.092625e-02 train_cos=0.983115 train_nmse=-13.171dB train_rec=0.000000e+00 train_recT=0.000000e+00 train_fc=0.000000e+00 train_decoder_tail=0.000000e+00
I 07.01/03:50:16 train_mapper.py:615 ] epoch=0023 train_loss=3.778416e-02 train_mse=2.950766e-02 train_cos=0.983565 train_nmse=-13.375dB train_rec=0.000000e+00 train_recT=0.000000e+00 train_fc=0.000000e+00 train_decoder_tail=0.000000e+00
I 07.01/03:50:56 train_mapper.py:615 ] epoch=0024 train_loss=3.581884e-02 train_mse=2.772408e-02 train_cos=0.983688 train_nmse=-13.646dB train_rec=0.000000e+00 train_recT=0.000000e+00 train_fc=0.000000e+00 train_decoder_tail=0.000000e+00
I 07.01/03:51:44 train_mapper.py:615 ] epoch=0025 train_loss=3.318923e-02 train_mse=2.550172e-02 train_cos=0.983620 train_nmse=-14.008dB train_rec=0.000000e+00 train_recT=0.000000e+00 train_fc=0.000000e+00 train_decoder_tail=0.000000e+00
I 07.01/03:52:28 train_mapper.py:615 ] epoch=0026 train_loss=3.078462e-02 train_mse=2.373042e-02 train_cos=0.983918 train_nmse=-14.321dB train_rec=0.000000e+00 train_recT=0.000000e+00 train_fc=0.000000e+00 train_decoder_tail=0.000000e+00
I 07.01/03:53:13 train_mapper.py:615 ] epoch=0027 train_loss=2.909639e-02 train_mse=2.251843e-02 train_cos=0.984233 train_nmse=-14.549dB train_rec=0.000000e+00 train_recT=0.000000e+00 train_fc=0.000000e+00 train_decoder_tail=0.000000e+00
I 07.01/03:53:54 train_mapper.py:615 ] epoch=0028 train_loss=2.741892e-02 train_mse=2.130409e-02 train_cos=0.984767 train_nmse=-14.790dB train_rec=0.000000e+00 train_recT=0.000000e+00 train_fc=0.000000e+00 train_decoder_tail=0.000000e+00
I 07.01/03:54:40 train_mapper.py:615 ] epoch=0029 train_loss=2.629335e-02 train_mse=2.048376e-02 train_cos=0.985121 train_nmse=-14.960dB train_rec=0.000000e+00 train_recT=0.000000e+00 train_fc=0.000000e+00 train_decoder_tail=0.000000e+00
I 07.01/03:55:23 train_mapper.py:615 ] epoch=0030 train_loss=2.509508e-02 train_mse=1.960424e-02 train_cos=0.985590 train_nmse=-15.151dB train_rec=0.000000e+00 train_recT=0.000000e+00 train_fc=0.000000e+00 train_decoder_tail=0.000000e+00
I 07.01/03:56:09 train_mapper.py:615 ] epoch=0031 train_loss=2.413734e-02 train_mse=1.889805e-02 train_cos=0.985976 train_nmse=-15.310dB train_rec=0.000000e+00 train_recT=0.000000e+00 train_fc=0.000000e+00 train_decoder_tail=0.000000e+00
I 07.01/03:56:52 train_mapper.py:615 ] epoch=0032 train_loss=2.331060e-02 train_mse=1.829254e-02 train_cos=0.986318 train_nmse=-15.452dB train_rec=0.000000e+00 train_recT=0.000000e+00 train_fc=0.000000e+00 train_decoder_tail=0.000000e+00
I 07.01/03:57:37 train_mapper.py:615 ] epoch=0033 train_loss=2.261676e-02 train_mse=1.777990e-02 train_cos=0.986615 train_nmse=-15.575dB train_rec=0.000000e+00 train_recT=0.000000e+00 train_fc=0.000000e+00 train_decoder_tail=0.000000e+00
I 07.01/03:58:22 train_mapper.py:615 ] epoch=0034 train_loss=2.193755e-02 train_mse=1.726358e-02 train_cos=0.986930 train_nmse=-15.703dB train_rec=0.000000e+00 train_recT=0.000000e+00 train_fc=0.000000e+00 train_decoder_tail=0.000000e+00
I 07.01/03:59:08 train_mapper.py:615 ] epoch=0035 train_loss=2.147101e-02 train_mse=1.690794e-02 train_cos=0.987137 train_nmse=-15.793dB train_rec=0.000000e+00 train_recT=0.000000e+00 train_fc=0.000000e+00 train_decoder_tail=0.000000e+00
I 07.01/03:59:49 train_mapper.py:615 ] epoch=0036 train_loss=2.090670e-02 train_mse=1.648648e-02 train_cos=0.987399 train_nmse=-15.903dB train_rec=0.000000e+00 train_recT=0.000000e+00 train_fc=0.000000e+00 train_decoder_tail=0.000000e+00
I 07.01/04:00:34 train_mapper.py:615 ] epoch=0037 train_loss=2.040884e-02 train_mse=1.610303e-02 train_cos=0.987647 train_nmse=-16.005dB train_rec=0.000000e+00 train_recT=0.000000e+00 train_fc=0.000000e+00 train_decoder_tail=0.000000e+00
I 07.01/04:01:16 train_mapper.py:615 ] epoch=0038 train_loss=1.991094e-02 train_mse=1.572806e-02 train_cos=0.987896 train_nmse=-16.108dB train_rec=0.000000e+00 train_recT=0.000000e+00 train_fc=0.000000e+00 train_decoder_tail=0.000000e+00
I 07.01/04:01:58 train_mapper.py:615 ] epoch=0039 train_loss=1.958043e-02 train_mse=1.546788e-02 train_cos=0.988064 train_nmse=-16.180dB train_rec=0.000000e+00 train_recT=0.000000e+00 train_fc=0.000000e+00 train_decoder_tail=0.000000e+00
I 07.01/04:02:43 train_mapper.py:615 ] epoch=0040 train_loss=1.903183e-02 train_mse=1.504785e-02 train_cos=0.988362 train_nmse=-16.299dB train_rec=0.000000e+00 train_recT=0.000000e+00 train_fc=0.000000e+00 train_decoder_tail=0.000000e+00
I 07.01/04:03:27 train_mapper.py:615 ] epoch=0041 train_loss=1.883469e-02 train_mse=1.488455e-02 train_cos=0.988455 train_nmse=-16.347dB train_rec=0.000000e+00 train_recT=0.000000e+00 train_fc=0.000000e+00 train_decoder_tail=0.000000e+00
I 07.01/04:04:13 train_mapper.py:615 ] epoch=0042 train_loss=1.847138e-02 train_mse=1.460532e-02 train_cos=0.988647 train_nmse=-16.430dB train_rec=0.000000e+00 train_recT=0.000000e+00 train_fc=0.000000e+00 train_decoder_tail=0.000000e+00
I 07.01/04:04:56 train_mapper.py:615 ] epoch=0043 train_loss=1.791654e-02 train_mse=1.417860e-02 train_cos=0.988956 train_nmse=-16.558dB train_rec=0.000000e+00 train_recT=0.000000e+00 train_fc=0.000000e+00 train_decoder_tail=0.000000e+00
I 07.01/04:05:41 train_mapper.py:615 ] epoch=0044 train_loss=1.777543e-02 train_mse=1.405773e-02 train_cos=0.989028 train_nmse=-16.595dB train_rec=0.000000e+00 train_recT=0.000000e+00 train_fc=0.000000e+00 train_decoder_tail=0.000000e+00
I 07.01/04:06:25 train_mapper.py:615 ] epoch=0045 train_loss=1.740944e-02 train_mse=1.377617e-02 train_cos=0.989231 train_nmse=-16.683dB train_rec=0.000000e+00 train_recT=0.000000e+00 train_fc=0.000000e+00 train_decoder_tail=0.000000e+00
I 07.01/04:07:11 train_mapper.py:615 ] epoch=0046 train_loss=1.714207e-02 train_mse=1.356253e-02 train_cos=0.989385 train_nmse=-16.750dB train_rec=0.000000e+00 train_recT=0.000000e+00 train_fc=0.000000e+00 train_decoder_tail=0.000000e+00
I 07.01/04:07:55 train_mapper.py:615 ] epoch=0047 train_loss=1.689944e-02 train_mse=1.336323e-02 train_cos=0.989526 train_nmse=-16.816dB train_rec=0.000000e+00 train_recT=0.000000e+00 train_fc=0.000000e+00 train_decoder_tail=0.000000e+00
I 07.01/04:08:40 train_mapper.py:615 ] epoch=0048 train_loss=1.650153e-02 train_mse=1.305871e-02 train_cos=0.989748 train_nmse=-16.915dB train_rec=0.000000e+00 train_recT=0.000000e+00 train_fc=0.000000e+00 train_decoder_tail=0.000000e+00
I 07.01/04:09:26 train_mapper.py:615 ] epoch=0049 train_loss=1.640278e-02 train_mse=1.297026e-02 train_cos=0.989807 train_nmse=-16.945dB train_rec=0.000000e+00 train_recT=0.000000e+00 train_fc=0.000000e+00 train_decoder_tail=0.000000e+00
I 07.01/04:10:11 train_mapper.py:615 ] epoch=0050 train_loss=1.595702e-02 train_mse=1.262735e-02 train_cos=0.990062 train_nmse=-17.061dB train_rec=0.000000e+00 train_recT=0.000000e+00 train_fc=0.000000e+00 train_decoder_tail=0.000000e+00
I 07.01/04:10:55 train_mapper.py:615 ] epoch=0051 train_loss=1.588139e-02 train_mse=1.255624e-02 train_cos=0.990111 train_nmse=-17.086dB train_rec=0.000000e+00 train_recT=0.000000e+00 train_fc=0.000000e+00 train_decoder_tail=0.000000e+00
I 07.01/04:11:41 train_mapper.py:615 ] epoch=0052 train_loss=1.576394e-02 train_mse=1.245729e-02 train_cos=0.990185 train_nmse=-17.120dB train_rec=0.000000e+00 train_recT=0.000000e+00 train_fc=0.000000e+00 train_decoder_tail=0.000000e+00
I 07.01/04:12:26 train_mapper.py:615 ] epoch=0053 train_loss=1.542246e-02 train_mse=1.219209e-02 train_cos=0.990384 train_nmse=-17.213dB train_rec=0.000000e+00 train_recT=0.000000e+00 train_fc=0.000000e+00 train_decoder_tail=0.000000e+00
I 07.01/04:13:13 train_mapper.py:615 ] epoch=0054 train_loss=1.521095e-02 train_mse=1.202164e-02 train_cos=0.990509 train_nmse=-17.275dB train_rec=0.000000e+00 train_recT=0.000000e+00 train_fc=0.000000e+00 train_decoder_tail=0.000000e+00
I 07.01/04:13:55 train_mapper.py:615 ] epoch=0055 train_loss=1.504665e-02 train_mse=1.188563e-02 train_cos=0.990606 train_nmse=-17.324dB train_rec=0.000000e+00 train_recT=0.000000e+00 train_fc=0.000000e+00 train_decoder_tail=0.000000e+00
I 07.01/04:14:40 train_mapper.py:615 ] epoch=0056 train_loss=1.481685e-02 train_mse=1.170156e-02 train_cos=0.990744 train_nmse=-17.392dB train_rec=0.000000e+00 train_recT=0.000000e+00 train_fc=0.000000e+00 train_decoder_tail=0.000000e+00
I 07.01/04:15:25 train_mapper.py:615 ] epoch=0057 train_loss=1.475578e-02 train_mse=1.164572e-02 train_cos=0.990785 train_nmse=-17.413dB train_rec=0.000000e+00 train_recT=0.000000e+00 train_fc=0.000000e+00 train_decoder_tail=0.000000e+00
I 07.01/04:16:11 train_mapper.py:615 ] epoch=0058 train_loss=1.449250e-02 train_mse=1.143857e-02 train_cos=0.990947 train_nmse=-17.490dB train_rec=0.000000e+00 train_recT=0.000000e+00 train_fc=0.000000e+00 train_decoder_tail=0.000000e+00
I 07.01/04:16:54 train_mapper.py:615 ] epoch=0059 train_loss=1.423110e-02 train_mse=1.123338e-02 train_cos=0.991097 train_nmse=-17.569dB train_rec=0.000000e+00 train_recT=0.000000e+00 train_fc=0.000000e+00 train_decoder_tail=0.000000e+00
I 07.01/04:17:38 train_mapper.py:615 ] epoch=0060 train_loss=1.409124e-02 train_mse=1.111549e-02 train_cos=0.991187 train_nmse=-17.615dB train_rec=0.000000e+00 train_recT=0.000000e+00 train_fc=0.000000e+00 train_decoder_tail=0.000000e+00
I 07.01/04:18:24 train_mapper.py:615 ] epoch=0061 train_loss=1.407957e-02 train_mse=1.109639e-02 train_cos=0.991197 train_nmse=-17.622dB train_rec=0.000000e+00 train_recT=0.000000e+00 train_fc=0.000000e+00 train_decoder_tail=0.000000e+00
I 07.01/04:19:09 train_mapper.py:615 ] epoch=0062 train_loss=1.394896e-02 train_mse=1.099043e-02 train_cos=0.991282 train_nmse=-17.664dB train_rec=0.000000e+00 train_recT=0.000000e+00 train_fc=0.000000e+00 train_decoder_tail=0.000000e+00
I 07.01/04:19:50 train_mapper.py:615 ] epoch=0063 train_loss=1.362093e-02 train_mse=1.073747e-02 train_cos=0.991473 train_nmse=-17.765dB train_rec=0.000000e+00 train_recT=0.000000e+00 train_fc=0.000000e+00 train_decoder_tail=0.000000e+00
I 07.01/04:20:34 train_mapper.py:615 ] epoch=0064 train_loss=1.360531e-02 train_mse=1.070902e-02 train_cos=0.991491 train_nmse=-17.776dB train_rec=0.000000e+00 train_recT=0.000000e+00 train_fc=0.000000e+00 train_decoder_tail=0.000000e+00
I 07.01/04:21:19 train_mapper.py:615 ] epoch=0065 train_loss=1.345531e-02 train_mse=1.059042e-02 train_cos=0.991587 train_nmse=-17.825dB train_rec=0.000000e+00 train_recT=0.000000e+00 train_fc=0.000000e+00 train_decoder_tail=0.000000e+00
I 07.01/04:22:05 train_mapper.py:615 ] epoch=0066 train_loss=1.318971e-02 train_mse=1.038189e-02 train_cos=0.991755 train_nmse=-17.911dB train_rec=0.000000e+00 train_recT=0.000000e+00 train_fc=0.000000e+00 train_decoder_tail=0.000000e+00
I 07.01/04:22:48 train_mapper.py:615 ] epoch=0067 train_loss=1.324322e-02 train_mse=1.041188e-02 train_cos=0.991724 train_nmse=-17.899dB train_rec=0.000000e+00 train_recT=0.000000e+00 train_fc=0.000000e+00 train_decoder_tail=0.000000e+00
I 07.01/04:23:34 train_mapper.py:615 ] epoch=0068 train_loss=1.303314e-02 train_mse=1.024826e-02 train_cos=0.991855 train_nmse=-17.967dB train_rec=0.000000e+00 train_recT=0.000000e+00 train_fc=0.000000e+00 train_decoder_tail=0.000000e+00
I 07.01/04:24:21 train_mapper.py:615 ] epoch=0069 train_loss=1.298890e-02 train_mse=1.020342e-02 train_cos=0.991884 train_nmse=-17.987dB train_rec=0.000000e+00 train_recT=0.000000e+00 train_fc=0.000000e+00 train_decoder_tail=0.000000e+00
I 07.01/04:25:10 train_mapper.py:615 ] epoch=0070 train_loss=1.276668e-02 train_mse=1.003643e-02 train_cos=0.992023 train_nmse=-18.058dB train_rec=0.000000e+00 train_recT=0.000000e+00 train_fc=0.000000e+00 train_decoder_tail=0.000000e+00
I 07.01/04:25:53 train_mapper.py:615 ] epoch=0071 train_loss=1.266951e-02 train_mse=9.944703e-03 train_cos=0.992084 train_nmse=-18.099dB train_rec=0.000000e+00 train_recT=0.000000e+00 train_fc=0.000000e+00 train_decoder_tail=0.000000e+00
I 07.01/04:26:41 train_mapper.py:615 ] epoch=0072 train_loss=1.270741e-02 train_mse=9.971886e-03 train_cos=0.992064 train_nmse=-18.086dB train_rec=0.000000e+00 train_recT=0.000000e+00 train_fc=0.000000e+00 train_decoder_tail=0.000000e+00
I 07.01/04:27:28 train_mapper.py:615 ] epoch=0073 train_loss=1.251002e-02 train_mse=9.813654e-03 train_cos=0.992191 train_nmse=-18.156dB train_rec=0.000000e+00 train_recT=0.000000e+00 train_fc=0.000000e+00 train_decoder_tail=0.000000e+00
I 07.01/04:28:18 train_mapper.py:615 ] epoch=0074 train_loss=1.231477e-02 train_mse=9.655242e-03 train_cos=0.992310 train_nmse=-18.226dB train_rec=0.000000e+00 train_recT=0.000000e+00 train_fc=0.000000e+00 train_decoder_tail=0.000000e+00
I 07.01/04:29:06 train_mapper.py:615 ] epoch=0075 train_loss=1.216797e-02 train_mse=9.545483e-03 train_cos=0.992397 train_nmse=-18.276dB train_rec=0.000000e+00 train_recT=0.000000e+00 train_fc=0.000000e+00 train_decoder_tail=0.000000e+00
I 07.01/04:29:50 train_mapper.py:615 ] epoch=0076 train_loss=1.205620e-02 train_mse=9.443199e-03 train_cos=0.992474 train_nmse=-18.323dB train_rec=0.000000e+00 train_recT=0.000000e+00 train_fc=0.000000e+00 train_decoder_tail=0.000000e+00
I 07.01/04:30:37 train_mapper.py:615 ] epoch=0077 train_loss=1.195627e-02 train_mse=9.365115e-03 train_cos=0.992534 train_nmse=-18.359dB train_rec=0.000000e+00 train_recT=0.000000e+00 train_fc=0.000000e+00 train_decoder_tail=0.000000e+00
I 07.01/04:31:28 train_mapper.py:615 ] epoch=0078 train_loss=1.195176e-02 train_mse=9.352865e-03 train_cos=0.992544 train_nmse=-18.365dB train_rec=0.000000e+00 train_recT=0.000000e+00 train_fc=0.000000e+00 train_decoder_tail=0.000000e+00
I 07.01/04:32:14 train_mapper.py:615 ] epoch=0079 train_loss=1.188780e-02 train_mse=9.302537e-03 train_cos=0.992587 train_nmse=-18.388dB train_rec=0.000000e+00 train_recT=0.000000e+00 train_fc=0.000000e+00 train_decoder_tail=0.000000e+00
I 07.01/04:32:57 train_mapper.py:615 ] epoch=0080 train_loss=1.161388e-02 train_mse=9.086327e-03 train_cos=0.992753 train_nmse=-18.490dB train_rec=0.000000e+00 train_recT=0.000000e+00 train_fc=0.000000e+00 train_decoder_tail=0.000000e+00
I 07.01/04:33:44 train_mapper.py:615 ] epoch=0081 train_loss=1.161328e-02 train_mse=9.078726e-03 train_cos=0.992759 train_nmse=-18.494dB train_rec=0.000000e+00 train_recT=0.000000e+00 train_fc=0.000000e+00 train_decoder_tail=0.000000e+00
I 07.01/04:34:31 train_mapper.py:615 ] epoch=0082 train_loss=1.149357e-02 train_mse=8.984133e-03 train_cos=0.992835 train_nmse=-18.539dB train_rec=0.000000e+00 train_recT=0.000000e+00 train_fc=0.000000e+00 train_decoder_tail=0.000000e+00
I 07.01/04:35:19 train_mapper.py:615 ] epoch=0083 train_loss=1.146066e-02 train_mse=8.952454e-03 train_cos=0.992861 train_nmse=-18.554dB train_rec=0.000000e+00 train_recT=0.000000e+00 train_fc=0.000000e+00 train_decoder_tail=0.000000e+00
I 07.01/04:36:07 train_mapper.py:615 ] epoch=0084 train_loss=1.137023e-02 train_mse=8.877541e-03 train_cos=0.992918 train_nmse=-18.591dB train_rec=0.000000e+00 train_recT=0.000000e+00 train_fc=0.000000e+00 train_decoder_tail=0.000000e+00
I 07.01/04:36:59 train_mapper.py:615 ] epoch=0085 train_loss=1.140047e-02 train_mse=8.898371e-03 train_cos=0.992901 train_nmse=-18.581dB train_rec=0.000000e+00 train_recT=0.000000e+00 train_fc=0.000000e+00 train_decoder_tail=0.000000e+00
I 07.01/04:37:57 train_mapper.py:615 ] epoch=0086 train_loss=1.121805e-02 train_mse=8.753571e-03 train_cos=0.993020 train_nmse=-18.652dB train_rec=0.000000e+00 train_recT=0.000000e+00 train_fc=0.000000e+00 train_decoder_tail=0.000000e+00
I 07.01/04:38:58 train_mapper.py:615 ] epoch=0087 train_loss=1.119353e-02 train_mse=8.732212e-03 train_cos=0.993037 train_nmse=-18.662dB train_rec=0.000000e+00 train_recT=0.000000e+00 train_fc=0.000000e+00 train_decoder_tail=0.000000e+00
I 07.01/04:39:59 train_mapper.py:615 ] epoch=0088 train_loss=1.110937e-02 train_mse=8.658971e-03 train_cos=0.993092 train_nmse=-18.699dB train_rec=0.000000e+00 train_recT=0.000000e+00 train_fc=0.000000e+00 train_decoder_tail=0.000000e+00
I 07.01/04:40:59 train_mapper.py:615 ] epoch=0089 train_loss=1.107063e-02 train_mse=8.624470e-03 train_cos=0.993117 train_nmse=-18.717dB train_rec=0.000000e+00 train_recT=0.000000e+00 train_fc=0.000000e+00 train_decoder_tail=0.000000e+00
I 07.01/04:41:59 train_mapper.py:615 ] epoch=0090 train_loss=1.086139e-02 train_mse=8.463414e-03 train_cos=0.993244 train_nmse=-18.798dB train_rec=0.000000e+00 train_recT=0.000000e+00 train_fc=0.000000e+00 train_decoder_tail=0.000000e+00
I 07.01/04:43:01 train_mapper.py:615 ] epoch=0091 train_loss=1.083000e-02 train_mse=8.430378e-03 train_cos=0.993267 train_nmse=-18.816dB train_rec=0.000000e+00 train_recT=0.000000e+00 train_fc=0.000000e+00 train_decoder_tail=0.000000e+00
I 07.01/04:44:05 train_mapper.py:615 ] epoch=0092 train_loss=1.080933e-02 train_mse=8.412637e-03 train_cos=0.993282 train_nmse=-18.824dB train_rec=0.000000e+00 train_recT=0.000000e+00 train_fc=0.000000e+00 train_decoder_tail=0.000000e+00
I 07.01/04:45:03 train_mapper.py:615 ] epoch=0093 train_loss=1.071332e-02 train_mse=8.334346e-03 train_cos=0.993343 train_nmse=-18.865dB train_rec=0.000000e+00 train_recT=0.000000e+00 train_fc=0.000000e+00 train_decoder_tail=0.000000e+00
I 07.01/04:46:01 train_mapper.py:615 ] epoch=0094 train_loss=1.061197e-02 train_mse=8.254520e-03 train_cos=0.993411 train_nmse=-18.907dB train_rec=0.000000e+00 train_recT=0.000000e+00 train_fc=0.000000e+00 train_decoder_tail=0.000000e+00
I 07.01/04:47:00 train_mapper.py:615 ] epoch=0095 train_loss=1.043595e-02 train_mse=8.114310e-03 train_cos=0.993525 train_nmse=-18.982dB train_rec=0.000000e+00 train_recT=0.000000e+00 train_fc=0.000000e+00 train_decoder_tail=0.000000e+00
I 07.01/04:47:59 train_mapper.py:615 ] epoch=0096 train_loss=1.046015e-02 train_mse=8.127608e-03 train_cos=0.993508 train_nmse=-18.974dB train_rec=0.000000e+00 train_recT=0.000000e+00 train_fc=0.000000e+00 train_decoder_tail=0.000000e+00
I 07.01/04:48:57 train_mapper.py:615 ] epoch=0097 train_loss=1.048983e-02 train_mse=8.143278e-03 train_cos=0.993494 train_nmse=-18.967dB train_rec=0.000000e+00 train_recT=0.000000e+00 train_fc=0.000000e+00 train_decoder_tail=0.000000e+00
I 07.01/04:49:55 train_mapper.py:615 ] epoch=0098 train_loss=1.040900e-02 train_mse=8.083678e-03 train_cos=0.993548 train_nmse=-18.998dB train_rec=0.000000e+00 train_recT=0.000000e+00 train_fc=0.000000e+00 train_decoder_tail=0.000000e+00
I 07.01/04:50:54 train_mapper.py:615 ] epoch=0099 train_loss=1.029958e-02 train_mse=7.993201e-03 train_cos=0.993617 train_nmse=-19.046dB train_rec=0.000000e+00 train_recT=0.000000e+00 train_fc=0.000000e+00 train_decoder_tail=0.000000e+00
I 07.01/04:51:52 train_mapper.py:615 ] epoch=0100 train_loss=1.029925e-02 train_mse=7.988049e-03 train_cos=0.993613 train_nmse=-19.050dB train_rec=0.000000e+00 train_recT=0.000000e+00 train_fc=0.000000e+00 train_decoder_tail=0.000000e+00
I 07.01/04:52:52 train_mapper.py:615 ] epoch=0101 train_loss=1.006977e-02 train_mse=7.811345e-03 train_cos=0.993761 train_nmse=-19.146dB train_rec=0.000000e+00 train_recT=0.000000e+00 train_fc=0.000000e+00 train_decoder_tail=0.000000e+00
I 07.01/04:53:54 train_mapper.py:615 ] epoch=0102 train_loss=1.003994e-02 train_mse=7.782740e-03 train_cos=0.993779 train_nmse=-19.163dB train_rec=0.000000e+00 train_recT=0.000000e+00 train_fc=0.000000e+00 train_decoder_tail=0.000000e+00
I 07.01/04:54:57 train_mapper.py:615 ] epoch=0103 train_loss=1.002122e-02 train_mse=7.765467e-03 train_cos=0.993795 train_nmse=-19.172dB train_rec=0.000000e+00 train_recT=0.000000e+00 train_fc=0.000000e+00 train_decoder_tail=0.000000e+00
I 07.01/04:55:56 train_mapper.py:615 ] epoch=0104 train_loss=1.010439e-02 train_mse=7.824743e-03 train_cos=0.993750 train_nmse=-19.139dB train_rec=0.000000e+00 train_recT=0.000000e+00 train_fc=0.000000e+00 train_decoder_tail=0.000000e+00
I 07.01/04:56:55 train_mapper.py:615 ] epoch=0105 train_loss=9.985669e-03 train_mse=7.732145e-03 train_cos=0.993827 train_nmse=-19.191dB train_rec=0.000000e+00 train_recT=0.000000e+00 train_fc=0.000000e+00 train_decoder_tail=0.000000e+00
I 07.01/04:58:00 train_mapper.py:615 ] epoch=0106 train_loss=9.893643e-03 train_mse=7.657773e-03 train_cos=0.993883 train_nmse=-19.233dB train_rec=0.000000e+00 train_recT=0.000000e+00 train_fc=0.000000e+00 train_decoder_tail=0.000000e+00
I 07.01/04:59:01 train_mapper.py:615 ] epoch=0107 train_loss=9.861571e-03 train_mse=7.627766e-03 train_cos=0.993902 train_nmse=-19.250dB train_rec=0.000000e+00 train_recT=0.000000e+00 train_fc=0.000000e+00 train_decoder_tail=0.000000e+00
I 07.01/04:59:59 train_mapper.py:615 ] epoch=0108 train_loss=9.792320e-03 train_mse=7.571005e-03 train_cos=0.993947 train_nmse=-19.282dB train_rec=0.000000e+00 train_recT=0.000000e+00 train_fc=0.000000e+00 train_decoder_tail=0.000000e+00
I 07.01/05:01:05 train_mapper.py:615 ] epoch=0109 train_loss=9.651154e-03 train_mse=7.460267e-03 train_cos=0.994036 train_nmse=-19.347dB train_rec=0.000000e+00 train_recT=0.000000e+00 train_fc=0.000000e+00 train_decoder_tail=0.000000e+00
I 07.01/05:02:04 train_mapper.py:615 ] epoch=0110 train_loss=9.662298e-03 train_mse=7.468822e-03 train_cos=0.994031 train_nmse=-19.341dB train_rec=0.000000e+00 train_recT=0.000000e+00 train_fc=0.000000e+00 train_decoder_tail=0.000000e+00
I 07.01/05:03:01 train_mapper.py:615 ] epoch=0111 train_loss=9.590806e-03 train_mse=7.408480e-03 train_cos=0.994080 train_nmse=-19.376dB train_rec=0.000000e+00 train_recT=0.000000e+00 train_fc=0.000000e+00 train_decoder_tail=0.000000e+00
I 07.01/05:04:07 train_mapper.py:615 ] epoch=0112 train_loss=9.639352e-03 train_mse=7.441261e-03 train_cos=0.994051 train_nmse=-19.358dB train_rec=0.000000e+00 train_recT=0.000000e+00 train_fc=0.000000e+00 train_decoder_tail=0.000000e+00
I 07.01/05:05:06 train_mapper.py:615 ] epoch=0113 train_loss=9.546203e-03 train_mse=7.369928e-03 train_cos=0.994114 train_nmse=-19.399dB train_rec=0.000000e+00 train_recT=0.000000e+00 train_fc=0.000000e+00 train_decoder_tail=0.000000e+00
I 07.01/05:06:08 train_mapper.py:615 ] epoch=0114 train_loss=9.477366e-03 train_mse=7.314886e-03 train_cos=0.994154 train_nmse=-19.432dB train_rec=0.000000e+00 train_recT=0.000000e+00 train_fc=0.000000e+00 train_decoder_tail=0.000000e+00
I 07.01/05:07:09 train_mapper.py:615 ] epoch=0115 train_loss=9.415089e-03 train_mse=7.262315e-03 train_cos=0.994194 train_nmse=-19.463dB train_rec=0.000000e+00 train_recT=0.000000e+00 train_fc=0.000000e+00 train_decoder_tail=0.000000e+00
I 07.01/05:08:09 train_mapper.py:615 ] epoch=0116 train_loss=9.417309e-03 train_mse=7.262019e-03 train_cos=0.994196 train_nmse=-19.463dB train_rec=0.000000e+00 train_recT=0.000000e+00 train_fc=0.000000e+00 train_decoder_tail=0.000000e+00
I 07.01/05:09:09 train_mapper.py:615 ] epoch=0117 train_loss=9.245788e-03 train_mse=7.130720e-03 train_cos=0.994304 train_nmse=-19.542dB train_rec=0.000000e+00 train_recT=0.000000e+00 train_fc=0.000000e+00 train_decoder_tail=0.000000e+00
I 07.01/05:10:15 train_mapper.py:615 ] epoch=0118 train_loss=9.363848e-03 train_mse=7.213489e-03 train_cos=0.994231 train_nmse=-19.492dB train_rec=0.000000e+00 train_recT=0.000000e+00 train_fc=0.000000e+00 train_decoder_tail=0.000000e+00
I 07.01/05:11:17 train_mapper.py:615 ] epoch=0119 train_loss=9.221387e-03 train_mse=7.102765e-03 train_cos=0.994324 train_nmse=-19.559dB train_rec=0.000000e+00 train_recT=0.000000e+00 train_fc=0.000000e+00 train_decoder_tail=0.000000e+00
I 07.01/05:12:24 train_mapper.py:615 ] epoch=0120 train_loss=9.274023e-03 train_mse=7.137559e-03 train_cos=0.994293 train_nmse=-19.539dB train_rec=0.000000e+00 train_recT=0.000000e+00 train_fc=0.000000e+00 train_decoder_tail=0.000000e+00
I 07.01/05:13:25 train_mapper.py:615 ] epoch=0121 train_loss=9.169628e-03 train_mse=7.059575e-03 train_cos=0.994362 train_nmse=-19.586dB train_rec=0.000000e+00 train_recT=0.000000e+00 train_fc=0.000000e+00 train_decoder_tail=0.000000e+00
I 07.01/05:14:27 train_mapper.py:615 ] epoch=0122 train_loss=9.133442e-03 train_mse=7.027660e-03 train_cos=0.994383 train_nmse=-19.606dB train_rec=0.000000e+00 train_recT=0.000000e+00 train_fc=0.000000e+00 train_decoder_tail=0.000000e+00
I 07.01/05:15:28 train_mapper.py:615 ] epoch=0123 train_loss=9.016948e-03 train_mse=6.935492e-03 train_cos=0.994458 train_nmse=-19.663dB train_rec=0.000000e+00 train_recT=0.000000e+00 train_fc=0.000000e+00 train_decoder_tail=0.000000e+00
I 07.01/05:16:29 train_mapper.py:615 ] epoch=0124 train_loss=8.995974e-03 train_mse=6.917838e-03 train_cos=0.994470 train_nmse=-19.674dB train_rec=0.000000e+00 train_recT=0.000000e+00 train_fc=0.000000e+00 train_decoder_tail=0.000000e+00
I 07.01/05:17:33 train_mapper.py:615 ] epoch=0125 train_loss=9.053537e-03 train_mse=6.955170e-03 train_cos=0.994439 train_nmse=-19.651dB train_rec=0.000000e+00 train_recT=0.000000e+00 train_fc=0.000000e+00 train_decoder_tail=0.000000e+00
I 07.01/05:18:32 train_mapper.py:615 ] epoch=0126 train_loss=8.944884e-03 train_mse=6.875281e-03 train_cos=0.994509 train_nmse=-19.700dB train_rec=0.000000e+00 train_recT=0.000000e+00 train_fc=0.000000e+00 train_decoder_tail=0.000000e+00
I 07.01/05:19:34 train_mapper.py:615 ] epoch=0127 train_loss=8.982083e-03 train_mse=6.894910e-03 train_cos=0.994486 train_nmse=-19.689dB train_rec=0.000000e+00 train_recT=0.000000e+00 train_fc=0.000000e+00 train_decoder_tail=0.000000e+00
I 07.01/05:20:36 train_mapper.py:615 ] epoch=0128 train_loss=8.952824e-03 train_mse=6.874137e-03 train_cos=0.994506 train_nmse=-19.702dB train_rec=0.000000e+00 train_recT=0.000000e+00 train_fc=0.000000e+00 train_decoder_tail=0.000000e+00
I 07.01/05:21:38 train_mapper.py:615 ] epoch=0129 train_loss=8.773942e-03 train_mse=6.737697e-03 train_cos=0.994619 train_nmse=-19.788dB train_rec=0.000000e+00 train_recT=0.000000e+00 train_fc=0.000000e+00 train_decoder_tail=0.000000e+00
I 07.01/05:22:42 train_mapper.py:615 ] epoch=0130 train_loss=8.701722e-03 train_mse=6.676834e-03 train_cos=0.994660 train_nmse=-19.829dB train_rec=0.000000e+00 train_recT=0.000000e+00 train_fc=0.000000e+00 train_decoder_tail=0.000000e+00
I 07.01/05:23:44 train_mapper.py:615 ] epoch=0131 train_loss=8.871909e-03 train_mse=6.805048e-03 train_cos=0.994557 train_nmse=-19.745dB train_rec=0.000000e+00 train_recT=0.000000e+00 train_fc=0.000000e+00 train_decoder_tail=0.000000e+00
I 07.01/05:24:44 train_mapper.py:615 ] epoch=0132 train_loss=8.678605e-03 train_mse=6.656045e-03 train_cos=0.994682 train_nmse=-19.842dB train_rec=0.000000e+00 train_recT=0.000000e+00 train_fc=0.000000e+00 train_decoder_tail=0.000000e+00
I 07.01/05:25:48 train_mapper.py:615 ] epoch=0133 train_loss=8.686565e-03 train_mse=6.657564e-03 train_cos=0.994677 train_nmse=-19.841dB train_rec=0.000000e+00 train_recT=0.000000e+00 train_fc=0.000000e+00 train_decoder_tail=0.000000e+00
I 07.01/05:26:47 train_mapper.py:615 ] epoch=0134 train_loss=8.700617e-03 train_mse=6.668000e-03 train_cos=0.994671 train_nmse=-19.834dB train_rec=0.000000e+00 train_recT=0.000000e+00 train_fc=0.000000e+00 train_decoder_tail=0.000000e+00
I 07.01/05:27:50 train_mapper.py:615 ] epoch=0135 train_loss=8.573032e-03 train_mse=6.569094e-03 train_cos=0.994754 train_nmse=-19.898dB train_rec=0.000000e+00 train_recT=0.000000e+00 train_fc=0.000000e+00 train_decoder_tail=0.000000e+00
I 07.01/05:28:53 train_mapper.py:615 ] epoch=0136 train_loss=8.680123e-03 train_mse=6.645015e-03 train_cos=0.994685 train_nmse=-19.849dB train_rec=0.000000e+00 train_recT=0.000000e+00 train_fc=0.000000e+00 train_decoder_tail=0.000000e+00
I 07.01/05:29:56 train_mapper.py:615 ] epoch=0137 train_loss=8.590518e-03 train_mse=6.577059e-03 train_cos=0.994745 train_nmse=-19.893dB train_rec=0.000000e+00 train_recT=0.000000e+00 train_fc=0.000000e+00 train_decoder_tail=0.000000e+00
I 07.01/05:30:57 train_mapper.py:615 ] epoch=0138 train_loss=8.516438e-03 train_mse=6.519060e-03 train_cos=0.994793 train_nmse=-19.932dB train_rec=0.000000e+00 train_recT=0.000000e+00 train_fc=0.000000e+00 train_decoder_tail=0.000000e+00
I 07.01/05:31:57 train_mapper.py:615 ] epoch=0139 train_loss=8.503283e-03 train_mse=6.507923e-03 train_cos=0.994803 train_nmse=-19.939dB train_rec=0.000000e+00 train_recT=0.000000e+00 train_fc=0.000000e+00 train_decoder_tail=0.000000e+00
I 07.01/05:33:04 train_mapper.py:615 ] epoch=0140 train_loss=8.411398e-03 train_mse=6.433296e-03 train_cos=0.994859 train_nmse=-19.989dB train_rec=0.000000e+00 train_recT=0.000000e+00 train_fc=0.000000e+00 train_decoder_tail=0.000000e+00
I 07.01/05:34:09 train_mapper.py:615 ] epoch=0141 train_loss=8.591118e-03 train_mse=6.566300e-03 train_cos=0.994748 train_nmse=-19.901dB train_rec=0.000000e+00 train_recT=0.000000e+00 train_fc=0.000000e+00 train_decoder_tail=0.000000e+00
I 07.01/05:35:12 train_mapper.py:615 ] epoch=0142 train_loss=8.401115e-03 train_mse=6.423830e-03 train_cos=0.994871 train_nmse=-19.996dB train_rec=0.000000e+00 train_recT=0.000000e+00 train_fc=0.000000e+00 train_decoder_tail=0.000000e+00
I 07.01/05:36:16 train_mapper.py:615 ] epoch=0143 train_loss=8.327951e-03 train_mse=6.363631e-03 train_cos=0.994915 train_nmse=-20.037dB train_rec=0.000000e+00 train_recT=0.000000e+00 train_fc=0.000000e+00 train_decoder_tail=0.000000e+00
I 07.01/05:37:20 train_mapper.py:615 ] epoch=0144 train_loss=8.208314e-03 train_mse=6.270400e-03 train_cos=0.994988 train_nmse=-20.101dB train_rec=0.000000e+00 train_recT=0.000000e+00 train_fc=0.000000e+00 train_decoder_tail=0.000000e+00
I 07.01/05:38:21 train_mapper.py:615 ] epoch=0145 train_loss=8.269246e-03 train_mse=6.315012e-03 train_cos=0.994949 train_nmse=-20.070dB train_rec=0.000000e+00 train_recT=0.000000e+00 train_fc=0.000000e+00 train_decoder_tail=0.000000e+00
I 07.01/05:39:24 train_mapper.py:615 ] epoch=0146 train_loss=8.359726e-03 train_mse=6.381134e-03 train_cos=0.994892 train_nmse=-20.025dB train_rec=0.000000e+00 train_recT=0.000000e+00 train_fc=0.000000e+00 train_decoder_tail=0.000000e+00
I 07.01/05:40:26 train_mapper.py:615 ] epoch=0147 train_loss=8.323760e-03 train_mse=6.355043e-03 train_cos=0.994918 train_nmse=-20.043dB train_rec=0.000000e+00 train_recT=0.000000e+00 train_fc=0.000000e+00 train_decoder_tail=0.000000e+00
I 07.01/05:41:30 train_mapper.py:615 ] epoch=0148 train_loss=8.192666e-03 train_mse=6.253781e-03 train_cos=0.995003 train_nmse=-20.112dB train_rec=0.000000e+00 train_recT=0.000000e+00 train_fc=0.000000e+00 train_decoder_tail=0.000000e+00
I 07.01/05:42:35 train_mapper.py:615 ] epoch=0149 train_loss=8.152322e-03 train_mse=6.217864e-03 train_cos=0.995031 train_nmse=-20.138dB train_rec=0.000000e+00 train_recT=0.000000e+00 train_fc=0.000000e+00 train_decoder_tail=0.000000e+00
I 07.01/05:43:40 train_mapper.py:615 ] epoch=0150 train_loss=8.116470e-03 train_mse=6.186480e-03 train_cos=0.995055 train_nmse=-20.159dB train_rec=0.000000e+00 train_recT=0.000000e+00 train_fc=0.000000e+00 train_decoder_tail=0.000000e+00
I 07.01/05:44:41 train_mapper.py:615 ] epoch=0151 train_loss=8.097333e-03 train_mse=6.173319e-03 train_cos=0.995067 train_nmse=-20.168dB train_rec=0.000000e+00 train_recT=0.000000e+00 train_fc=0.000000e+00 train_decoder_tail=0.000000e+00
I 07.01/05:45:45 train_mapper.py:615 ] epoch=0152 train_loss=8.085476e-03 train_mse=6.161315e-03 train_cos=0.995079 train_nmse=-20.177dB train_rec=0.000000e+00 train_recT=0.000000e+00 train_fc=0.000000e+00 train_decoder_tail=0.000000e+00
I 07.01/05:46:48 train_mapper.py:615 ] epoch=0153 train_loss=8.000693e-03 train_mse=6.097414e-03 train_cos=0.995129 train_nmse=-20.222dB train_rec=0.000000e+00 train_recT=0.000000e+00 train_fc=0.000000e+00 train_decoder_tail=0.000000e+00
I 07.01/05:47:52 train_mapper.py:615 ] epoch=0154 train_loss=8.150628e-03 train_mse=6.206411e-03 train_cos=0.995038 train_nmse=-20.146dB train_rec=0.000000e+00 train_recT=0.000000e+00 train_fc=0.000000e+00 train_decoder_tail=0.000000e+00
I 07.01/05:48:54 train_mapper.py:615 ] epoch=0155 train_loss=8.046995e-03 train_mse=6.131708e-03 train_cos=0.995103 train_nmse=-20.198dB train_rec=0.000000e+00 train_recT=0.000000e+00 train_fc=0.000000e+00 train_decoder_tail=0.000000e+00
I 07.01/05:49:54 train_mapper.py:615 ] epoch=0156 train_loss=7.970579e-03 train_mse=6.068313e-03 train_cos=0.995155 train_nmse=-20.243dB train_rec=0.000000e+00 train_recT=0.000000e+00 train_fc=0.000000e+00 train_decoder_tail=0.000000e+00
I 07.01/05:50:58 train_mapper.py:615 ] epoch=0157 train_loss=8.005903e-03 train_mse=6.092692e-03 train_cos=0.995132 train_nmse=-20.226dB train_rec=0.000000e+00 train_recT=0.000000e+00 train_fc=0.000000e+00 train_decoder_tail=0.000000e+00
I 07.01/05:51:58 train_mapper.py:615 ] epoch=0158 train_loss=7.884056e-03 train_mse=6.000290e-03 train_cos=0.995208 train_nmse=-20.292dB train_rec=0.000000e+00 train_recT=0.000000e+00 train_fc=0.000000e+00 train_decoder_tail=0.000000e+00
I 07.01/05:53:03 train_mapper.py:615 ] epoch=0159 train_loss=7.929218e-03 train_mse=6.030217e-03 train_cos=0.995179 train_nmse=-20.271dB train_rec=0.000000e+00 train_recT=0.000000e+00 train_fc=0.000000e+00 train_decoder_tail=0.000000e+00
I 07.01/05:54:03 train_mapper.py:615 ] epoch=0160 train_loss=7.888335e-03 train_mse=5.999050e-03 train_cos=0.995209 train_nmse=-20.293dB train_rec=0.000000e+00 train_recT=0.000000e+00 train_fc=0.000000e+00 train_decoder_tail=0.000000e+00
I 07.01/05:55:07 train_mapper.py:615 ] epoch=0161 train_loss=7.810339e-03 train_mse=5.936620e-03 train_cos=0.995258 train_nmse=-20.338dB train_rec=0.000000e+00 train_recT=0.000000e+00 train_fc=0.000000e+00 train_decoder_tail=0.000000e+00
I 07.01/05:56:08 train_mapper.py:615 ] epoch=0162 train_loss=7.859058e-03 train_mse=5.971441e-03 train_cos=0.995223 train_nmse=-20.313dB train_rec=0.000000e+00 train_recT=0.000000e+00 train_fc=0.000000e+00 train_decoder_tail=0.000000e+00
I 07.01/05:57:12 train_mapper.py:615 ] epoch=0163 train_loss=7.854701e-03 train_mse=5.966661e-03 train_cos=0.995227 train_nmse=-20.317dB train_rec=0.000000e+00 train_recT=0.000000e+00 train_fc=0.000000e+00 train_decoder_tail=0.000000e+00
I 07.01/05:58:14 train_mapper.py:615 ] epoch=0164 train_loss=7.732715e-03 train_mse=5.875812e-03 train_cos=0.995305 train_nmse=-20.383dB train_rec=0.000000e+00 train_recT=0.000000e+00 train_fc=0.000000e+00 train_decoder_tail=0.000000e+00
I 07.01/05:59:16 train_mapper.py:615 ] epoch=0165 train_loss=7.666449e-03 train_mse=5.820703e-03 train_cos=0.995344 train_nmse=-20.424dB train_rec=0.000000e+00 train_recT=0.000000e+00 train_fc=0.000000e+00 train_decoder_tail=0.000000e+00
I 07.01/06:00:18 train_mapper.py:615 ] epoch=0166 train_loss=7.640353e-03 train_mse=5.801138e-03 train_cos=0.995365 train_nmse=-20.439dB train_rec=0.000000e+00 train_recT=0.000000e+00 train_fc=0.000000e+00 train_decoder_tail=0.000000e+00
I 07.01/06:01:23 train_mapper.py:615 ] epoch=0167 train_loss=7.575169e-03 train_mse=5.749795e-03 train_cos=0.995405 train_nmse=-20.477dB train_rec=0.000000e+00 train_recT=0.000000e+00 train_fc=0.000000e+00 train_decoder_tail=0.000000e+00
I 07.01/06:02:24 train_mapper.py:615 ] epoch=0168 train_loss=7.723158e-03 train_mse=5.860479e-03 train_cos=0.995314 train_nmse=-20.394dB train_rec=0.000000e+00 train_recT=0.000000e+00 train_fc=0.000000e+00 train_decoder_tail=0.000000e+00
I 07.01/06:03:26 train_mapper.py:615 ] epoch=0169 train_loss=7.632743e-03 train_mse=5.792303e-03 train_cos=0.995376 train_nmse=-20.445dB train_rec=0.000000e+00 train_recT=0.000000e+00 train_fc=0.000000e+00 train_decoder_tail=0.000000e+00
I 07.01/06:04:28 train_mapper.py:615 ] epoch=0170 train_loss=7.602997e-03 train_mse=5.769608e-03 train_cos=0.995397 train_nmse=-20.462dB train_rec=0.000000e+00 train_recT=0.000000e+00 train_fc=0.000000e+00 train_decoder_tail=0.000000e+00
I 07.01/06:05:28 train_mapper.py:615 ] epoch=0171 train_loss=7.673728e-03 train_mse=5.817915e-03 train_cos=0.995354 train_nmse=-20.426dB train_rec=0.000000e+00 train_recT=0.000000e+00 train_fc=0.000000e+00 train_decoder_tail=0.000000e+00
I 07.01/06:06:31 train_mapper.py:615 ] epoch=0172 train_loss=7.645635e-03 train_mse=5.797476e-03 train_cos=0.995372 train_nmse=-20.441dB train_rec=0.000000e+00 train_recT=0.000000e+00 train_fc=0.000000e+00 train_decoder_tail=0.000000e+00
I 07.01/06:07:33 train_mapper.py:615 ] epoch=0173 train_loss=7.541182e-03 train_mse=5.718935e-03 train_cos=0.995434 train_nmse=-20.500dB train_rec=0.000000e+00 train_recT=0.000000e+00 train_fc=0.000000e+00 train_decoder_tail=0.000000e+00
I 07.01/06:08:37 train_mapper.py:615 ] epoch=0174 train_loss=7.489208e-03 train_mse=5.675137e-03 train_cos=0.995468 train_nmse=-20.534dB train_rec=0.000000e+00 train_recT=0.000000e+00 train_fc=0.000000e+00 train_decoder_tail=0.000000e+00
I 07.01/06:09:42 train_mapper.py:615 ] epoch=0175 train_loss=7.498907e-03 train_mse=5.679120e-03 train_cos=0.995465 train_nmse=-20.531dB train_rec=0.000000e+00 train_recT=0.000000e+00 train_fc=0.000000e+00 train_decoder_tail=0.000000e+00
I 07.01/06:10:42 train_mapper.py:615 ] epoch=0176 train_loss=7.484236e-03 train_mse=5.667509e-03 train_cos=0.995472 train_nmse=-20.540dB train_rec=0.000000e+00 train_recT=0.000000e+00 train_fc=0.000000e+00 train_decoder_tail=0.000000e+00
I 07.01/06:11:41 train_mapper.py:615 ] epoch=0177 train_loss=7.450580e-03 train_mse=5.641716e-03 train_cos=0.995492 train_nmse=-20.560dB train_rec=0.000000e+00 train_recT=0.000000e+00 train_fc=0.000000e+00 train_decoder_tail=0.000000e+00
I 07.01/06:12:41 train_mapper.py:615 ] epoch=0178 train_loss=7.485420e-03 train_mse=5.668363e-03 train_cos=0.995467 train_nmse=-20.539dB train_rec=0.000000e+00 train_recT=0.000000e+00 train_fc=0.000000e+00 train_decoder_tail=0.000000e+00
I 07.01/06:13:42 train_mapper.py:615 ] epoch=0179 train_loss=7.424047e-03 train_mse=5.620229e-03 train_cos=0.995513 train_nmse=-20.576dB train_rec=0.000000e+00 train_recT=0.000000e+00 train_fc=0.000000e+00 train_decoder_tail=0.000000e+00
I 07.01/06:14:44 train_mapper.py:615 ] epoch=0180 train_loss=7.295748e-03 train_mse=5.520443e-03 train_cos=0.995593 train_nmse=-20.654dB train_rec=0.000000e+00 train_recT=0.000000e+00 train_fc=0.000000e+00 train_decoder_tail=0.000000e+00
I 07.01/06:15:52 train_mapper.py:615 ] epoch=0181 train_loss=7.483887e-03 train_mse=5.659884e-03 train_cos=0.995470 train_nmse=-20.547dB train_rec=0.000000e+00 train_recT=0.000000e+00 train_fc=0.000000e+00 train_decoder_tail=0.000000e+00
I 07.01/06:16:55 train_mapper.py:615 ] epoch=0182 train_loss=7.326456e-03 train_mse=5.544239e-03 train_cos=0.995579 train_nmse=-20.635dB train_rec=0.000000e+00 train_recT=0.000000e+00 train_fc=0.000000e+00 train_decoder_tail=0.000000e+00
I 07.01/06:17:56 train_mapper.py:615 ] epoch=0183 train_loss=7.342477e-03 train_mse=5.549935e-03 train_cos=0.995566 train_nmse=-20.631dB train_rec=0.000000e+00 train_recT=0.000000e+00 train_fc=0.000000e+00 train_decoder_tail=0.000000e+00
I 07.01/06:18:59 train_mapper.py:615 ] epoch=0184 train_loss=7.329902e-03 train_mse=5.542600e-03 train_cos=0.995573 train_nmse=-20.636dB train_rec=0.000000e+00 train_recT=0.000000e+00 train_fc=0.000000e+00 train_decoder_tail=0.000000e+00
I 07.01/06:20:00 train_mapper.py:615 ] epoch=0185 train_loss=7.299403e-03 train_mse=5.517789e-03 train_cos=0.995590 train_nmse=-20.656dB train_rec=0.000000e+00 train_recT=0.000000e+00 train_fc=0.000000e+00 train_decoder_tail=0.000000e+00
I 07.01/06:21:06 train_mapper.py:615 ] epoch=0186 train_loss=7.285628e-03 train_mse=5.506320e-03 train_cos=0.995603 train_nmse=-20.665dB train_rec=0.000000e+00 train_recT=0.000000e+00 train_fc=0.000000e+00 train_decoder_tail=0.000000e+00
I 07.01/06:22:09 train_mapper.py:615 ] epoch=0187 train_loss=7.294769e-03 train_mse=5.512741e-03 train_cos=0.995598 train_nmse=-20.660dB train_rec=0.000000e+00 train_recT=0.000000e+00 train_fc=0.000000e+00 train_decoder_tail=0.000000e+00
I 07.01/06:23:08 train_mapper.py:615 ] epoch=0188 train_loss=7.230151e-03 train_mse=5.462325e-03 train_cos=0.995639 train_nmse=-20.700dB train_rec=0.000000e+00 train_recT=0.000000e+00 train_fc=0.000000e+00 train_decoder_tail=0.000000e+00
I 07.01/06:24:08 train_mapper.py:615 ] epoch=0189 train_loss=7.164395e-03 train_mse=5.411717e-03 train_cos=0.995679 train_nmse=-20.740dB train_rec=0.000000e+00 train_recT=0.000000e+00 train_fc=0.000000e+00 train_decoder_tail=0.000000e+00
I 07.01/06:25:09 train_mapper.py:615 ] epoch=0190 train_loss=7.193495e-03 train_mse=5.431667e-03 train_cos=0.995660 train_nmse=-20.724dB train_rec=0.000000e+00 train_recT=0.000000e+00 train_fc=0.000000e+00 train_decoder_tail=0.000000e+00
I 07.01/06:26:09 train_mapper.py:615 ] epoch=0191 train_loss=7.209982e-03 train_mse=5.441369e-03 train_cos=0.995652 train_nmse=-20.717dB train_rec=0.000000e+00 train_recT=0.000000e+00 train_fc=0.000000e+00 train_decoder_tail=0.000000e+00
I 07.01/06:27:10 train_mapper.py:615 ] epoch=0192 train_loss=7.089010e-03 train_mse=5.352213e-03 train_cos=0.995731 train_nmse=-20.788dB train_rec=0.000000e+00 train_recT=0.000000e+00 train_fc=0.000000e+00 train_decoder_tail=0.000000e+00
I 07.01/06:28:08 train_mapper.py:615 ] epoch=0193 train_loss=7.077252e-03 train_mse=5.337555e-03 train_cos=0.995736 train_nmse=-20.801dB train_rec=0.000000e+00 train_recT=0.000000e+00 train_fc=0.000000e+00 train_decoder_tail=0.000000e+00
I 07.01/06:29:12 train_mapper.py:615 ] epoch=0194 train_loss=7.032634e-03 train_mse=5.305327e-03 train_cos=0.995764 train_nmse=-20.826dB train_rec=0.000000e+00 train_recT=0.000000e+00 train_fc=0.000000e+00 train_decoder_tail=0.000000e+00
I 07.01/06:30:17 train_mapper.py:615 ] epoch=0195 train_loss=7.116472e-03 train_mse=5.367864e-03 train_cos=0.995709 train_nmse=-20.776dB train_rec=0.000000e+00 train_recT=0.000000e+00 train_fc=0.000000e+00 train_decoder_tail=0.000000e+00
I 07.01/06:31:20 train_mapper.py:615 ] epoch=0196 train_loss=7.145249e-03 train_mse=5.388742e-03 train_cos=0.995693 train_nmse=-20.759dB train_rec=0.000000e+00 train_recT=0.000000e+00 train_fc=0.000000e+00 train_decoder_tail=0.000000e+00
I 07.01/06:32:22 train_mapper.py:615 ] epoch=0197 train_loss=7.030238e-03 train_mse=5.302855e-03 train_cos=0.995770 train_nmse=-20.829dB train_rec=0.000000e+00 train_recT=0.000000e+00 train_fc=0.000000e+00 train_decoder_tail=0.000000e+00
I 07.01/06:33:22 train_mapper.py:615 ] epoch=0198 train_loss=7.008212e-03 train_mse=5.283679e-03 train_cos=0.995784 train_nmse=-20.844dB train_rec=0.000000e+00 train_recT=0.000000e+00 train_fc=0.000000e+00 train_decoder_tail=0.000000e+00
I 07.01/06:34:18 train_mapper.py:615 ] epoch=0199 train_loss=7.024469e-03 train_mse=5.294238e-03 train_cos=0.995771 train_nmse=-20.836dB train_rec=0.000000e+00 train_recT=0.000000e+00 train_fc=0.000000e+00 train_decoder_tail=0.000000e+00
I 07.01/06:35:14 train_mapper.py:615 ] epoch=0200 train_loss=7.006812e-03 train_mse=5.283596e-03 train_cos=0.995786 train_nmse=-20.844dB train_rec=0.000000e+00 train_recT=0.000000e+00 train_fc=0.000000e+00 train_decoder_tail=0.000000e+00
I 07.01/06:36:11 train_mapper.py:615 ] epoch=0201 train_loss=7.027284e-03 train_mse=5.296164e-03 train_cos=0.995774 train_nmse=-20.834dB train_rec=0.000000e+00 train_recT=0.000000e+00 train_fc=0.000000e+00 train_decoder_tail=0.000000e+00
I 07.01/06:37:03 train_mapper.py:615 ] epoch=0202 train_loss=6.957304e-03 train_mse=5.242153e-03 train_cos=0.995819 train_nmse=-20.878dB train_rec=0.000000e+00 train_recT=0.000000e+00 train_fc=0.000000e+00 train_decoder_tail=0.000000e+00
I 07.01/06:37:54 train_mapper.py:615 ] epoch=0203 train_loss=6.952022e-03 train_mse=5.237399e-03 train_cos=0.995822 train_nmse=-20.883dB train_rec=0.000000e+00 train_recT=0.000000e+00 train_fc=0.000000e+00 train_decoder_tail=0.000000e+00
I 07.01/06:38:49 train_mapper.py:615 ] epoch=0204 train_loss=6.878676e-03 train_mse=5.180079e-03 train_cos=0.995870 train_nmse=-20.930dB train_rec=0.000000e+00 train_recT=0.000000e+00 train_fc=0.000000e+00 train_decoder_tail=0.000000e+00
I 07.01/06:39:43 train_mapper.py:615 ] epoch=0205 train_loss=6.957982e-03 train_mse=5.239627e-03 train_cos=0.995820 train_nmse=-20.881dB train_rec=0.000000e+00 train_recT=0.000000e+00 train_fc=0.000000e+00 train_decoder_tail=0.000000e+00
I 07.01/06:40:37 train_mapper.py:615 ] epoch=0206 train_loss=6.865857e-03 train_mse=5.167905e-03 train_cos=0.995878 train_nmse=-20.941dB train_rec=0.000000e+00 train_recT=0.000000e+00 train_fc=0.000000e+00 train_decoder_tail=0.000000e+00
I 07.01/06:41:32 train_mapper.py:615 ] epoch=0207 train_loss=6.883265e-03 train_mse=5.181244e-03 train_cos=0.995863 train_nmse=-20.929dB train_rec=0.000000e+00 train_recT=0.000000e+00 train_fc=0.000000e+00 train_decoder_tail=0.000000e+00
I 07.01/06:42:28 train_mapper.py:615 ] epoch=0208 train_loss=7.008608e-03 train_mse=5.276779e-03 train_cos=0.995781 train_nmse=-20.850dB train_rec=0.000000e+00 train_recT=0.000000e+00 train_fc=0.000000e+00 train_decoder_tail=0.000000e+00
I 07.01/06:43:21 train_mapper.py:615 ] epoch=0209 train_loss=6.758576e-03 train_mse=5.085350e-03 train_cos=0.995944 train_nmse=-21.010dB train_rec=0.000000e+00 train_recT=0.000000e+00 train_fc=0.000000e+00 train_decoder_tail=0.000000e+00
I 07.01/06:44:14 train_mapper.py:615 ] epoch=0210 train_loss=6.608490e-03 train_mse=4.967591e-03 train_cos=0.996038 train_nmse=-21.112dB train_rec=0.000000e+00 train_recT=0.000000e+00 train_fc=0.000000e+00 train_decoder_tail=0.000000e+00
I 07.01/06:45:09 train_mapper.py:615 ] epoch=0211 train_loss=6.651335e-03 train_mse=4.999629e-03 train_cos=0.996007 train_nmse=-21.084dB train_rec=0.000000e+00 train_recT=0.000000e+00 train_fc=0.000000e+00 train_decoder_tail=0.000000e+00
I 07.01/06:45:57 train_mapper.py:615 ] epoch=0212 train_loss=6.813310e-03 train_mse=5.121481e-03 train_cos=0.995907 train_nmse=-20.981dB train_rec=0.000000e+00 train_recT=0.000000e+00 train_fc=0.000000e+00 train_decoder_tail=0.000000e+00
I 07.01/06:46:50 train_mapper.py:615 ] epoch=0213 train_loss=6.826964e-03 train_mse=5.135497e-03 train_cos=0.995902 train_nmse=-20.968dB train_rec=0.000000e+00 train_recT=0.000000e+00 train_fc=0.000000e+00 train_decoder_tail=0.000000e+00
I 07.01/06:47:38 train_mapper.py:615 ] epoch=0214 train_loss=6.830100e-03 train_mse=5.136429e-03 train_cos=0.995904 train_nmse=-20.967dB train_rec=0.000000e+00 train_recT=0.000000e+00 train_fc=0.000000e+00 train_decoder_tail=0.000000e+00
I 07.01/06:48:25 train_mapper.py:615 ] epoch=0215 train_loss=6.783832e-03 train_mse=5.102198e-03 train_cos=0.995932 train_nmse=-20.996dB train_rec=0.000000e+00 train_recT=0.000000e+00 train_fc=0.000000e+00 train_decoder_tail=0.000000e+00
I 07.01/06:49:15 train_mapper.py:615 ] epoch=0216 train_loss=6.752213e-03 train_mse=5.077763e-03 train_cos=0.995952 train_nmse=-21.017dB train_rec=0.000000e+00 train_recT=0.000000e+00 train_fc=0.000000e+00 train_decoder_tail=0.000000e+00
I 07.01/06:50:07 train_mapper.py:615 ] epoch=0217 train_loss=6.839737e-03 train_mse=5.142247e-03 train_cos=0.995895 train_nmse=-20.963dB train_rec=0.000000e+00 train_recT=0.000000e+00 train_fc=0.000000e+00 train_decoder_tail=0.000000e+00
I 07.01/06:50:52 train_mapper.py:615 ] epoch=0218 train_loss=6.731358e-03 train_mse=5.059761e-03 train_cos=0.995969 train_nmse=-21.032dB train_rec=0.000000e+00 train_recT=0.000000e+00 train_fc=0.000000e+00 train_decoder_tail=0.000000e+00
I 07.01/06:51:44 train_mapper.py:615 ] epoch=0219 train_loss=6.637942e-03 train_mse=4.985818e-03 train_cos=0.996024 train_nmse=-21.096dB train_rec=0.000000e+00 train_recT=0.000000e+00 train_fc=0.000000e+00 train_decoder_tail=0.000000e+00
I 07.01/06:52:36 train_mapper.py:615 ] epoch=0220 train_loss=6.604803e-03 train_mse=4.960799e-03 train_cos=0.996040 train_nmse=-21.118dB train_rec=0.000000e+00 train_recT=0.000000e+00 train_fc=0.000000e+00 train_decoder_tail=0.000000e+00
I 07.01/06:53:27 train_mapper.py:615 ] epoch=0221 train_loss=6.490817e-03 train_mse=4.872142e-03 train_cos=0.996114 train_nmse=-21.196dB train_rec=0.000000e+00 train_recT=0.000000e+00 train_fc=0.000000e+00 train_decoder_tail=0.000000e+00
I 07.01/06:54:20 train_mapper.py:615 ] epoch=0222 train_loss=6.502842e-03 train_mse=4.880499e-03 train_cos=0.996104 train_nmse=-21.189dB train_rec=0.000000e+00 train_recT=0.000000e+00 train_fc=0.000000e+00 train_decoder_tail=0.000000e+00
I 07.01/06:55:13 train_mapper.py:615 ] epoch=0223 train_loss=6.636188e-03 train_mse=4.981448e-03 train_cos=0.996017 train_nmse=-21.101dB train_rec=0.000000e+00 train_recT=0.000000e+00 train_fc=0.000000e+00 train_decoder_tail=0.000000e+00
I 07.01/06:56:04 train_mapper.py:615 ] epoch=0224 train_loss=6.620095e-03 train_mse=4.971211e-03 train_cos=0.996034 train_nmse=-21.109dB train_rec=0.000000e+00 train_recT=0.000000e+00 train_fc=0.000000e+00 train_decoder_tail=0.000000e+00
I 07.01/06:56:51 train_mapper.py:615 ] epoch=0225 train_loss=6.522613e-03 train_mse=4.897027e-03 train_cos=0.996097 train_nmse=-21.174dB train_rec=0.000000e+00 train_recT=0.000000e+00 train_fc=0.000000e+00 train_decoder_tail=0.000000e+00
I 07.01/06:57:40 train_mapper.py:615 ] epoch=0226 train_loss=6.638980e-03 train_mse=4.982630e-03 train_cos=0.996022 train_nmse=-21.099dB train_rec=0.000000e+00 train_recT=0.000000e+00 train_fc=0.000000e+00 train_decoder_tail=0.000000e+00
I 07.01/06:58:20 train_mapper.py:615 ] epoch=0227 train_loss=6.624768e-03 train_mse=4.974125e-03 train_cos=0.996035 train_nmse=-21.106dB train_rec=0.000000e+00 train_recT=0.000000e+00 train_fc=0.000000e+00 train_decoder_tail=0.000000e+00
I 07.01/06:59:05 train_mapper.py:615 ] epoch=0228 train_loss=6.549894e-03 train_mse=4.914527e-03 train_cos=0.996082 train_nmse=-21.159dB train_rec=0.000000e+00 train_recT=0.000000e+00 train_fc=0.000000e+00 train_decoder_tail=0.000000e+00
I 07.01/06:59:48 train_mapper.py:615 ] epoch=0229 train_loss=6.542737e-03 train_mse=4.908547e-03 train_cos=0.996085 train_nmse=-21.164dB train_rec=0.000000e+00 train_recT=0.000000e+00 train_fc=0.000000e+00 train_decoder_tail=0.000000e+00
I 07.01/07:00:27 train_mapper.py:615 ] epoch=0230 train_loss=6.471265e-03 train_mse=4.852164e-03 train_cos=0.996129 train_nmse=-21.215dB train_rec=0.000000e+00 train_recT=0.000000e+00 train_fc=0.000000e+00 train_decoder_tail=0.000000e+00
I 07.01/07:01:14 train_mapper.py:615 ] epoch=0231 train_loss=6.425248e-03 train_mse=4.818390e-03 train_cos=0.996158 train_nmse=-21.245dB train_rec=0.000000e+00 train_recT=0.000000e+00 train_fc=0.000000e+00 train_decoder_tail=0.000000e+00
I 07.01/07:02:00 train_mapper.py:615 ] epoch=0232 train_loss=6.466809e-03 train_mse=4.847500e-03 train_cos=0.996130 train_nmse=-21.219dB train_rec=0.000000e+00 train_recT=0.000000e+00 train_fc=0.000000e+00 train_decoder_tail=0.000000e+00
I 07.01/07:02:43 train_mapper.py:615 ] epoch=0233 train_loss=6.380936e-03 train_mse=4.783766e-03 train_cos=0.996187 train_nmse=-21.276dB train_rec=0.000000e+00 train_recT=0.000000e+00 train_fc=0.000000e+00 train_decoder_tail=0.000000e+00
I 07.01/07:03:30 train_mapper.py:615 ] epoch=0234 train_loss=6.376119e-03 train_mse=4.778884e-03 train_cos=0.996189 train_nmse=-21.281dB train_rec=0.000000e+00 train_recT=0.000000e+00 train_fc=0.000000e+00 train_decoder_tail=0.000000e+00
I 07.01/07:04:13 train_mapper.py:615 ] epoch=0235 train_loss=6.471863e-03 train_mse=4.850535e-03 train_cos=0.996129 train_nmse=-21.216dB train_rec=0.000000e+00 train_recT=0.000000e+00 train_fc=0.000000e+00 train_decoder_tail=0.000000e+00
I 07.01/07:04:54 train_mapper.py:615 ] epoch=0236 train_loss=6.507140e-03 train_mse=4.881170e-03 train_cos=0.996110 train_nmse=-21.188dB train_rec=0.000000e+00 train_recT=0.000000e+00 train_fc=0.000000e+00 train_decoder_tail=0.000000e+00
I 07.01/07:05:33 train_mapper.py:615 ] epoch=0237 train_loss=6.496877e-03 train_mse=4.871614e-03 train_cos=0.996116 train_nmse=-21.197dB train_rec=0.000000e+00 train_recT=0.000000e+00 train_fc=0.000000e+00 train_decoder_tail=0.000000e+00
I 07.01/07:06:11 train_mapper.py:615 ] epoch=0238 train_loss=6.439951e-03 train_mse=4.826543e-03 train_cos=0.996153 train_nmse=-21.238dB train_rec=0.000000e+00 train_recT=0.000000e+00 train_fc=0.000000e+00 train_decoder_tail=0.000000e+00
I 07.01/07:06:47 train_mapper.py:615 ] epoch=0239 train_loss=6.308037e-03 train_mse=4.723844e-03 train_cos=0.996235 train_nmse=-21.331dB train_rec=0.000000e+00 train_recT=0.000000e+00 train_fc=0.000000e+00 train_decoder_tail=0.000000e+00
I 07.01/07:07:24 train_mapper.py:615 ] epoch=0240 train_loss=6.313889e-03 train_mse=4.728354e-03 train_cos=0.996225 train_nmse=-21.327dB train_rec=0.000000e+00 train_recT=0.000000e+00 train_fc=0.000000e+00 train_decoder_tail=0.000000e+00
I 07.01/07:08:00 train_mapper.py:615 ] epoch=0241 train_loss=6.293940e-03 train_mse=4.712342e-03 train_cos=0.996239 train_nmse=-21.341dB train_rec=0.000000e+00 train_recT=0.000000e+00 train_fc=0.000000e+00 train_decoder_tail=0.000000e+00
I 07.01/07:08:38 train_mapper.py:615 ] epoch=0242 train_loss=6.342697e-03 train_mse=4.747902e-03 train_cos=0.996207 train_nmse=-21.309dB train_rec=0.000000e+00 train_recT=0.000000e+00 train_fc=0.000000e+00 train_decoder_tail=0.000000e+00
I 07.01/07:09:15 train_mapper.py:615 ] epoch=0243 train_loss=6.424419e-03 train_mse=4.810986e-03 train_cos=0.996157 train_nmse=-21.252dB train_rec=0.000000e+00 train_recT=0.000000e+00 train_fc=0.000000e+00 train_decoder_tail=0.000000e+00
I 07.01/07:09:54 train_mapper.py:615 ] epoch=0244 train_loss=6.322333e-03 train_mse=4.734174e-03 train_cos=0.996225 train_nmse=-21.321dB train_rec=0.000000e+00 train_recT=0.000000e+00 train_fc=0.000000e+00 train_decoder_tail=0.000000e+00
I 07.01/07:10:39 train_mapper.py:615 ] epoch=0245 train_loss=6.247267e-03 train_mse=4.675309e-03 train_cos=0.996272 train_nmse=-21.376dB train_rec=0.000000e+00 train_recT=0.000000e+00 train_fc=0.000000e+00 train_decoder_tail=0.000000e+00
I 07.01/07:11:24 train_mapper.py:615 ] epoch=0246 train_loss=6.193968e-03 train_mse=4.633609e-03 train_cos=0.996302 train_nmse=-21.415dB train_rec=0.000000e+00 train_recT=0.000000e+00 train_fc=0.000000e+00 train_decoder_tail=0.000000e+00
I 07.01/07:12:08 train_mapper.py:615 ] epoch=0247 train_loss=6.232429e-03 train_mse=4.661752e-03 train_cos=0.996280 train_nmse=-21.388dB train_rec=0.000000e+00 train_recT=0.000000e+00 train_fc=0.000000e+00 train_decoder_tail=0.000000e+00
I 07.01/07:12:43 train_mapper.py:615 ] epoch=0248 train_loss=6.183284e-03 train_mse=4.626689e-03 train_cos=0.996314 train_nmse=-21.421dB train_rec=0.000000e+00 train_recT=0.000000e+00 train_fc=0.000000e+00 train_decoder_tail=0.000000e+00
I 07.01/07:13:21 train_mapper.py:615 ] epoch=0249 train_loss=6.232051e-03 train_mse=4.663057e-03 train_cos=0.996282 train_nmse=-21.387dB train_rec=0.000000e+00 train_recT=0.000000e+00 train_fc=0.000000e+00 train_decoder_tail=0.000000e+00
I 07.01/07:13:58 train_mapper.py:615 ] epoch=0250 train_loss=6.255457e-03 train_mse=4.682677e-03 train_cos=0.996267 train_nmse=-21.369dB train_rec=0.000000e+00 train_recT=0.000000e+00 train_fc=0.000000e+00 train_decoder_tail=0.000000e+00
I 07.01/07:14:38 train_mapper.py:615 ] epoch=0251 train_loss=6.163336e-03 train_mse=4.610575e-03 train_cos=0.996328 train_nmse=-21.436dB train_rec=0.000000e+00 train_recT=0.000000e+00 train_fc=0.000000e+00 train_decoder_tail=0.000000e+00
I 07.01/07:15:19 train_mapper.py:615 ] epoch=0252 train_loss=6.286279e-03 train_mse=4.703640e-03 train_cos=0.996246 train_nmse=-21.350dB train_rec=0.000000e+00 train_recT=0.000000e+00 train_fc=0.000000e+00 train_decoder_tail=0.000000e+00
I 07.01/07:15:58 train_mapper.py:615 ] epoch=0253 train_loss=6.122420e-03 train_mse=4.578648e-03 train_cos=0.996358 train_nmse=-21.467dB train_rec=0.000000e+00 train_recT=0.000000e+00 train_fc=0.000000e+00 train_decoder_tail=0.000000e+00
I 07.01/07:16:40 train_mapper.py:615 ] epoch=0254 train_loss=6.084681e-03 train_mse=4.548605e-03 train_cos=0.996376 train_nmse=-21.495dB train_rec=0.000000e+00 train_recT=0.000000e+00 train_fc=0.000000e+00 train_decoder_tail=0.000000e+00
I 07.01/07:17:19 train_mapper.py:615 ] epoch=0255 train_loss=6.295155e-03 train_mse=4.709325e-03 train_cos=0.996238 train_nmse=-21.345dB train_rec=0.000000e+00 train_recT=0.000000e+00 train_fc=0.000000e+00 train_decoder_tail=0.000000e+00
I 07.01/07:17:57 train_mapper.py:615 ] epoch=0256 train_loss=6.232756e-03 train_mse=4.663214e-03 train_cos=0.996284 train_nmse=-21.387dB train_rec=0.000000e+00 train_recT=0.000000e+00 train_fc=0.000000e+00 train_decoder_tail=0.000000e+00
I 07.01/07:18:35 train_mapper.py:615 ] epoch=0257 train_loss=6.128391e-03 train_mse=4.581779e-03 train_cos=0.996351 train_nmse=-21.463dB train_rec=0.000000e+00 train_recT=0.000000e+00 train_fc=0.000000e+00 train_decoder_tail=0.000000e+00
I 07.01/07:19:13 train_mapper.py:615 ] epoch=0258 train_loss=6.075741e-03 train_mse=4.541532e-03 train_cos=0.996382 train_nmse=-21.502dB train_rec=0.000000e+00 train_recT=0.000000e+00 train_fc=0.000000e+00 train_decoder_tail=0.000000e+00
I 07.01/07:19:50 train_mapper.py:615 ] epoch=0259 train_loss=6.080001e-03 train_mse=4.543715e-03 train_cos=0.996378 train_nmse=-21.500dB train_rec=0.000000e+00 train_recT=0.000000e+00 train_fc=0.000000e+00 train_decoder_tail=0.000000e+00
I 07.01/07:20:27 train_mapper.py:615 ] epoch=0260 train_loss=6.079806e-03 train_mse=4.544437e-03 train_cos=0.996377 train_nmse=-21.499dB train_rec=0.000000e+00 train_recT=0.000000e+00 train_fc=0.000000e+00 train_decoder_tail=0.000000e+00
I 07.01/07:21:02 train_mapper.py:615 ] epoch=0261 train_loss=6.068295e-03 train_mse=4.534988e-03 train_cos=0.996386 train_nmse=-21.508dB train_rec=0.000000e+00 train_recT=0.000000e+00 train_fc=0.000000e+00 train_decoder_tail=0.000000e+00
I 07.01/07:21:36 train_mapper.py:615 ] epoch=0262 train_loss=5.977029e-03 train_mse=4.463060e-03 train_cos=0.996445 train_nmse=-21.578dB train_rec=0.000000e+00 train_recT=0.000000e+00 train_fc=0.000000e+00 train_decoder_tail=0.000000e+00
I 07.01/07:22:09 train_mapper.py:615 ] epoch=0263 train_loss=6.052454e-03 train_mse=4.521231e-03 train_cos=0.996393 train_nmse=-21.521dB train_rec=0.000000e+00 train_recT=0.000000e+00 train_fc=0.000000e+00 train_decoder_tail=0.000000e+00
I 07.01/07:22:40 train_mapper.py:615 ] epoch=0264 train_loss=6.019457e-03 train_mse=4.499350e-03 train_cos=0.996416 train_nmse=-21.542dB train_rec=0.000000e+00 train_recT=0.000000e+00 train_fc=0.000000e+00 train_decoder_tail=0.000000e+00
I 07.01/07:23:12 train_mapper.py:615 ] epoch=0265 train_loss=6.050105e-03 train_mse=4.518996e-03 train_cos=0.996396 train_nmse=-21.524dB train_rec=0.000000e+00 train_recT=0.000000e+00 train_fc=0.000000e+00 train_decoder_tail=0.000000e+00
I 07.01/07:23:42 train_mapper.py:615 ] epoch=0266 train_loss=6.066346e-03 train_mse=4.533627e-03 train_cos=0.996387 train_nmse=-21.509dB train_rec=0.000000e+00 train_recT=0.000000e+00 train_fc=0.000000e+00 train_decoder_tail=0.000000e+00
I 07.01/07:24:13 train_mapper.py:615 ] epoch=0267 train_loss=5.991444e-03 train_mse=4.475973e-03 train_cos=0.996434 train_nmse=-21.565dB train_rec=0.000000e+00 train_recT=0.000000e+00 train_fc=0.000000e+00 train_decoder_tail=0.000000e+00
I 07.01/07:24:38 train_mapper.py:615 ] epoch=0268 train_loss=6.059073e-03 train_mse=4.526977e-03 train_cos=0.996392 train_nmse=-21.516dB train_rec=0.000000e+00 train_recT=0.000000e+00 train_fc=0.000000e+00 train_decoder_tail=0.000000e+00
I 07.01/07:25:00 train_mapper.py:615 ] epoch=0269 train_loss=6.000799e-03 train_mse=4.481865e-03 train_cos=0.996430 train_nmse=-21.559dB train_rec=0.000000e+00 train_recT=0.000000e+00 train_fc=0.000000e+00 train_decoder_tail=0.000000e+00
I 07.01/07:25:22 train_mapper.py:615 ] epoch=0270 train_loss=5.985784e-03 train_mse=4.471198e-03 train_cos=0.996438 train_nmse=-21.569dB train_rec=0.000000e+00 train_recT=0.000000e+00 train_fc=0.000000e+00 train_decoder_tail=0.000000e+00
I 07.01/07:25:43 train_mapper.py:615 ] epoch=0271 train_loss=5.886056e-03 train_mse=4.393950e-03 train_cos=0.996502 train_nmse=-21.645dB train_rec=0.000000e+00 train_recT=0.000000e+00 train_fc=0.000000e+00 train_decoder_tail=0.000000e+00
I 07.01/07:26:04 train_mapper.py:615 ] epoch=0272 train_loss=5.846898e-03 train_mse=4.363967e-03 train_cos=0.996525 train_nmse=-21.675dB train_rec=0.000000e+00 train_recT=0.000000e+00 train_fc=0.000000e+00 train_decoder_tail=0.000000e+00
I 07.01/07:26:24 train_mapper.py:615 ] epoch=0273 train_loss=5.923764e-03 train_mse=4.422343e-03 train_cos=0.996474 train_nmse=-21.618dB train_rec=0.000000e+00 train_recT=0.000000e+00 train_fc=0.000000e+00 train_decoder_tail=0.000000e+00
I 07.01/07:26:42 train_mapper.py:615 ] epoch=0274 train_loss=6.017713e-03 train_mse=4.495632e-03 train_cos=0.996415 train_nmse=-21.546dB train_rec=0.000000e+00 train_recT=0.000000e+00 train_fc=0.000000e+00 train_decoder_tail=0.000000e+00
I 07.01/07:27:01 train_mapper.py:615 ] epoch=0275 train_loss=6.089929e-03 train_mse=4.550683e-03 train_cos=0.996369 train_nmse=-21.494dB train_rec=0.000000e+00 train_recT=0.000000e+00 train_fc=0.000000e+00 train_decoder_tail=0.000000e+00
I 07.01/07:27:21 train_mapper.py:615 ] epoch=0276 train_loss=5.811413e-03 train_mse=4.336646e-03 train_cos=0.996555 train_nmse=-21.702dB train_rec=0.000000e+00 train_recT=0.000000e+00 train_fc=0.000000e+00 train_decoder_tail=0.000000e+00
I 07.01/07:27:39 train_mapper.py:615 ] epoch=0277 train_loss=5.776824e-03 train_mse=4.308488e-03 train_cos=0.996568 train_nmse=-21.731dB train_rec=0.000000e+00 train_recT=0.000000e+00 train_fc=0.000000e+00 train_decoder_tail=0.000000e+00
I 07.01/07:27:58 train_mapper.py:615 ] epoch=0278 train_loss=5.798149e-03 train_mse=4.325134e-03 train_cos=0.996552 train_nmse=-21.714dB train_rec=0.000000e+00 train_recT=0.000000e+00 train_fc=0.000000e+00 train_decoder_tail=0.000000e+00
I 07.01/07:28:15 train_mapper.py:615 ] epoch=0279 train_loss=5.841855e-03 train_mse=4.359936e-03 train_cos=0.996523 train_nmse=-21.679dB train_rec=0.000000e+00 train_recT=0.000000e+00 train_fc=0.000000e+00 train_decoder_tail=0.000000e+00
I 07.01/07:28:27 train_mapper.py:615 ] epoch=0280 train_loss=5.806717e-03 train_mse=4.333191e-03 train_cos=0.996548 train_nmse=-21.706dB train_rec=0.000000e+00 train_recT=0.000000e+00 train_fc=0.000000e+00 train_decoder_tail=0.000000e+00
I 07.01/07:28:39 train_mapper.py:615 ] epoch=0281 train_loss=5.734427e-03 train_mse=4.276316e-03 train_cos=0.996599 train_nmse=-21.763dB train_rec=0.000000e+00 train_recT=0.000000e+00 train_fc=0.000000e+00 train_decoder_tail=0.000000e+00
I 07.01/07:28:52 train_mapper.py:615 ] epoch=0282 train_loss=5.813552e-03 train_mse=4.338313e-03 train_cos=0.996547 train_nmse=-21.701dB train_rec=0.000000e+00 train_recT=0.000000e+00 train_fc=0.000000e+00 train_decoder_tail=0.000000e+00
I 07.01/07:29:06 train_mapper.py:615 ] epoch=0283 train_loss=5.839308e-03 train_mse=4.359680e-03 train_cos=0.996531 train_nmse=-21.679dB train_rec=0.000000e+00 train_recT=0.000000e+00 train_fc=0.000000e+00 train_decoder_tail=0.000000e+00
I 07.01/07:29:19 train_mapper.py:615 ] epoch=0284 train_loss=5.907443e-03 train_mse=4.412188e-03 train_cos=0.996485 train_nmse=-21.627dB train_rec=0.000000e+00 train_recT=0.000000e+00 train_fc=0.000000e+00 train_decoder_tail=0.000000e+00
I 07.01/07:29:32 train_mapper.py:615 ] epoch=0285 train_loss=5.963171e-03 train_mse=4.456188e-03 train_cos=0.996451 train_nmse=-21.585dB train_rec=0.000000e+00 train_recT=0.000000e+00 train_fc=0.000000e+00 train_decoder_tail=0.000000e+00
I 07.01/07:29:45 train_mapper.py:615 ] epoch=0286 train_loss=5.852935e-03 train_mse=4.369298e-03 train_cos=0.996524 train_nmse=-21.670dB train_rec=0.000000e+00 train_recT=0.000000e+00 train_fc=0.000000e+00 train_decoder_tail=0.000000e+00
I 07.01/07:29:58 train_mapper.py:615 ] epoch=0287 train_loss=5.685213e-03 train_mse=4.238525e-03 train_cos=0.996630 train_nmse=-21.801dB train_rec=0.000000e+00 train_recT=0.000000e+00 train_fc=0.000000e+00 train_decoder_tail=0.000000e+00
I 07.01/07:30:14 train_mapper.py:615 ] epoch=0288 train_loss=5.597248e-03 train_mse=4.169677e-03 train_cos=0.996685 train_nmse=-21.873dB train_rec=0.000000e+00 train_recT=0.000000e+00 train_fc=0.000000e+00 train_decoder_tail=0.000000e+00
I 07.01/07:30:27 train_mapper.py:615 ] epoch=0289 train_loss=5.585607e-03 train_mse=4.161200e-03 train_cos=0.996689 train_nmse=-21.882dB train_rec=0.000000e+00 train_recT=0.000000e+00 train_fc=0.000000e+00 train_decoder_tail=0.000000e+00
I 07.01/07:30:39 train_mapper.py:615 ] epoch=0290 train_loss=5.685672e-03 train_mse=4.241815e-03 train_cos=0.996621 train_nmse=-21.798dB train_rec=0.000000e+00 train_recT=0.000000e+00 train_fc=0.000000e+00 train_decoder_tail=0.000000e+00
I 07.01/07:30:52 train_mapper.py:615 ] epoch=0291 train_loss=5.666107e-03 train_mse=4.227120e-03 train_cos=0.996638 train_nmse=-21.813dB train_rec=0.000000e+00 train_recT=0.000000e+00 train_fc=0.000000e+00 train_decoder_tail=0.000000e+00
I 07.01/07:31:06 train_mapper.py:615 ] epoch=0292 train_loss=5.671765e-03 train_mse=4.231149e-03 train_cos=0.996636 train_nmse=-21.809dB train_rec=0.000000e+00 train_recT=0.000000e+00 train_fc=0.000000e+00 train_decoder_tail=0.000000e+00
I 07.01/07:31:19 train_mapper.py:615 ] epoch=0293 train_loss=5.653750e-03 train_mse=4.217119e-03 train_cos=0.996651 train_nmse=-21.824dB train_rec=0.000000e+00 train_recT=0.000000e+00 train_fc=0.000000e+00 train_decoder_tail=0.000000e+00
I 07.01/07:31:31 train_mapper.py:615 ] epoch=0294 train_loss=5.674241e-03 train_mse=4.233624e-03 train_cos=0.996636 train_nmse=-21.807dB train_rec=0.000000e+00 train_recT=0.000000e+00 train_fc=0.000000e+00 train_decoder_tail=0.000000e+00
I 07.01/07:31:44 train_mapper.py:615 ] epoch=0295 train_loss=5.738892e-03 train_mse=4.285468e-03 train_cos=0.996595 train_nmse=-21.754dB train_rec=0.000000e+00 train_recT=0.000000e+00 train_fc=0.000000e+00 train_decoder_tail=0.000000e+00
I 07.01/07:31:57 train_mapper.py:615 ] epoch=0296 train_loss=5.677100e-03 train_mse=4.236845e-03 train_cos=0.996637 train_nmse=-21.803dB train_rec=0.000000e+00 train_recT=0.000000e+00 train_fc=0.000000e+00 train_decoder_tail=0.000000e+00
I 07.01/07:32:12 train_mapper.py:615 ] epoch=0297 train_loss=5.687006e-03 train_mse=4.245000e-03 train_cos=0.996626 train_nmse=-21.795dB train_rec=0.000000e+00 train_recT=0.000000e+00 train_fc=0.000000e+00 train_decoder_tail=0.000000e+00
I 07.01/07:32:24 train_mapper.py:615 ] epoch=0298 train_loss=5.660595e-03 train_mse=4.223923e-03 train_cos=0.996642 train_nmse=-21.816dB train_rec=0.000000e+00 train_recT=0.000000e+00 train_fc=0.000000e+00 train_decoder_tail=0.000000e+00
I 07.01/07:32:38 train_mapper.py:615 ] epoch=0299 train_loss=5.603515e-03 train_mse=4.180287e-03 train_cos=0.996677 train_nmse=-21.862dB train_rec=0.000000e+00 train_recT=0.000000e+00 train_fc=0.000000e+00 train_decoder_tail=0.000000e+00
I 07.01/07:32:50 train_mapper.py:615 ] epoch=0300 train_loss=5.541081e-03 train_mse=4.131411e-03 train_cos=0.996720 train_nmse=-21.913dB train_rec=0.000000e+00 train_recT=0.000000e+00 train_fc=0.000000e+00 train_decoder_tail=0.000000e+00
I 07.01/07:33:05 train_mapper.py:615 ] epoch=0301 train_loss=5.517690e-03 train_mse=4.112241e-03 train_cos=0.996731 train_nmse=-21.933dB train_rec=0.000000e+00 train_recT=0.000000e+00 train_fc=0.000000e+00 train_decoder_tail=0.000000e+00
I 07.01/07:33:18 train_mapper.py:615 ] epoch=0302 train_loss=5.558688e-03 train_mse=4.146922e-03 train_cos=0.996702 train_nmse=-21.897dB train_rec=0.000000e+00 train_recT=0.000000e+00 train_fc=0.000000e+00 train_decoder_tail=0.000000e+00
I 07.01/07:33:32 train_mapper.py:615 ] epoch=0303 train_loss=5.557508e-03 train_mse=4.144965e-03 train_cos=0.996705 train_nmse=-21.899dB train_rec=0.000000e+00 train_recT=0.000000e+00 train_fc=0.000000e+00 train_decoder_tail=0.000000e+00
I 07.01/07:33:44 train_mapper.py:615 ] epoch=0304 train_loss=5.536920e-03 train_mse=4.130331e-03 train_cos=0.996719 train_nmse=-21.914dB train_rec=0.000000e+00 train_recT=0.000000e+00 train_fc=0.000000e+00 train_decoder_tail=0.000000e+00
I 07.01/07:33:57 train_mapper.py:615 ] epoch=0305 train_loss=5.595837e-03 train_mse=4.177048e-03 train_cos=0.996678 train_nmse=-21.865dB train_rec=0.000000e+00 train_recT=0.000000e+00 train_fc=0.000000e+00 train_decoder_tail=0.000000e+00
I 07.01/07:34:12 train_mapper.py:615 ] epoch=0306 train_loss=5.565450e-03 train_mse=4.154062e-03 train_cos=0.996699 train_nmse=-21.889dB train_rec=0.000000e+00 train_recT=0.000000e+00 train_fc=0.000000e+00 train_decoder_tail=0.000000e+00
I 07.01/07:34:25 train_mapper.py:615 ] epoch=0307 train_loss=5.516209e-03 train_mse=4.115081e-03 train_cos=0.996731 train_nmse=-21.930dB train_rec=0.000000e+00 train_recT=0.000000e+00 train_fc=0.000000e+00 train_decoder_tail=0.000000e+00
I 07.01/07:34:39 train_mapper.py:615 ] epoch=0308 train_loss=5.479212e-03 train_mse=4.086995e-03 train_cos=0.996751 train_nmse=-21.960dB train_rec=0.000000e+00 train_recT=0.000000e+00 train_fc=0.000000e+00 train_decoder_tail=0.000000e+00
I 07.01/07:34:52 train_mapper.py:615 ] epoch=0309 train_loss=5.433013e-03 train_mse=4.050641e-03 train_cos=0.996780 train_nmse=-21.999dB train_rec=0.000000e+00 train_recT=0.000000e+00 train_fc=0.000000e+00 train_decoder_tail=0.000000e+00
I 07.01/07:35:07 train_mapper.py:615 ] epoch=0310 train_loss=5.462139e-03 train_mse=4.074057e-03 train_cos=0.996756 train_nmse=-21.974dB train_rec=0.000000e+00 train_recT=0.000000e+00 train_fc=0.000000e+00 train_decoder_tail=0.000000e+00
I 07.01/07:35:20 train_mapper.py:615 ] epoch=0311 train_loss=5.466827e-03 train_mse=4.078897e-03 train_cos=0.996755 train_nmse=-21.968dB train_rec=0.000000e+00 train_recT=0.000000e+00 train_fc=0.000000e+00 train_decoder_tail=0.000000e+00
I 07.01/07:35:33 train_mapper.py:615 ] epoch=0312 train_loss=5.453162e-03 train_mse=4.067036e-03 train_cos=0.996766 train_nmse=-21.981dB train_rec=0.000000e+00 train_recT=0.000000e+00 train_fc=0.000000e+00 train_decoder_tail=0.000000e+00
I 07.01/07:35:46 train_mapper.py:615 ] epoch=0313 train_loss=5.476754e-03 train_mse=4.087723e-03 train_cos=0.996749 train_nmse=-21.959dB train_rec=0.000000e+00 train_recT=0.000000e+00 train_fc=0.000000e+00 train_decoder_tail=0.000000e+00
I 07.01/07:35:59 train_mapper.py:615 ] epoch=0314 train_loss=5.447656e-03 train_mse=4.063862e-03 train_cos=0.996772 train_nmse=-21.984dB train_rec=0.000000e+00 train_recT=0.000000e+00 train_fc=0.000000e+00 train_decoder_tail=0.000000e+00
I 07.01/07:36:14 train_mapper.py:615 ] epoch=0315 train_loss=5.423898e-03 train_mse=4.045969e-03 train_cos=0.996786 train_nmse=-22.003dB train_rec=0.000000e+00 train_recT=0.000000e+00 train_fc=0.000000e+00 train_decoder_tail=0.000000e+00
I 07.01/07:36:27 train_mapper.py:615 ] epoch=0316 train_loss=5.396979e-03 train_mse=4.025073e-03 train_cos=0.996801 train_nmse=-22.026dB train_rec=0.000000e+00 train_recT=0.000000e+00 train_fc=0.000000e+00 train_decoder_tail=0.000000e+00
I 07.01/07:36:40 train_mapper.py:615 ] epoch=0317 train_loss=5.374959e-03 train_mse=4.008068e-03 train_cos=0.996815 train_nmse=-22.044dB train_rec=0.000000e+00 train_recT=0.000000e+00 train_fc=0.000000e+00 train_decoder_tail=0.000000e+00
I 07.01/07:36:53 train_mapper.py:615 ] epoch=0318 train_loss=5.386843e-03 train_mse=4.017780e-03 train_cos=0.996807 train_nmse=-22.034dB train_rec=0.000000e+00 train_recT=0.000000e+00 train_fc=0.000000e+00 train_decoder_tail=0.000000e+00
I 07.01/07:37:08 train_mapper.py:615 ] epoch=0319 train_loss=5.433195e-03 train_mse=4.053910e-03 train_cos=0.996775 train_nmse=-21.995dB train_rec=0.000000e+00 train_recT=0.000000e+00 train_fc=0.000000e+00 train_decoder_tail=0.000000e+00
I 07.01/07:37:22 train_mapper.py:615 ] epoch=0320 train_loss=5.428283e-03 train_mse=4.051508e-03 train_cos=0.996780 train_nmse=-21.998dB train_rec=0.000000e+00 train_recT=0.000000e+00 train_fc=0.000000e+00 train_decoder_tail=0.000000e+00
I 07.01/07:37:35 train_mapper.py:615 ] epoch=0321 train_loss=5.327267e-03 train_mse=3.971587e-03 train_cos=0.996846 train_nmse=-22.084dB train_rec=0.000000e+00 train_recT=0.000000e+00 train_fc=0.000000e+00 train_decoder_tail=0.000000e+00
I 07.01/07:37:46 train_mapper.py:615 ] epoch=0322 train_loss=5.307056e-03 train_mse=3.956237e-03 train_cos=0.996855 train_nmse=-22.101dB train_rec=0.000000e+00 train_recT=0.000000e+00 train_fc=0.000000e+00 train_decoder_tail=0.000000e+00
I 07.01/07:37:56 train_mapper.py:615 ] epoch=0323 train_loss=5.302005e-03 train_mse=3.952569e-03 train_cos=0.996857 train_nmse=-22.105dB train_rec=0.000000e+00 train_recT=0.000000e+00 train_fc=0.000000e+00 train_decoder_tail=0.000000e+00
I 07.01/07:38:09 train_mapper.py:615 ] epoch=0324 train_loss=5.315364e-03 train_mse=3.963575e-03 train_cos=0.996847 train_nmse=-22.093dB train_rec=0.000000e+00 train_recT=0.000000e+00 train_fc=0.000000e+00 train_decoder_tail=0.000000e+00
I 07.01/07:38:19 train_mapper.py:615 ] epoch=0325 train_loss=5.321645e-03 train_mse=3.967953e-03 train_cos=0.996844 train_nmse=-22.088dB train_rec=0.000000e+00 train_recT=0.000000e+00 train_fc=0.000000e+00 train_decoder_tail=0.000000e+00
I 07.01/07:38:29 train_mapper.py:615 ] epoch=0326 train_loss=5.301180e-03 train_mse=3.953606e-03 train_cos=0.996858 train_nmse=-22.104dB train_rec=0.000000e+00 train_recT=0.000000e+00 train_fc=0.000000e+00 train_decoder_tail=0.000000e+00
I 07.01/07:38:40 train_mapper.py:615 ] epoch=0327 train_loss=5.265545e-03 train_mse=3.926381e-03 train_cos=0.996879 train_nmse=-22.134dB train_rec=0.000000e+00 train_recT=0.000000e+00 train_fc=0.000000e+00 train_decoder_tail=0.000000e+00
I 07.01/07:38:50 train_mapper.py:615 ] epoch=0328 train_loss=5.248974e-03 train_mse=3.913332e-03 train_cos=0.996891 train_nmse=-22.148dB train_rec=0.000000e+00 train_recT=0.000000e+00 train_fc=0.000000e+00 train_decoder_tail=0.000000e+00
I 07.01/07:39:01 train_mapper.py:615 ] epoch=0329 train_loss=5.255751e-03 train_mse=3.918991e-03 train_cos=0.996884 train_nmse=-22.142dB train_rec=0.000000e+00 train_recT=0.000000e+00 train_fc=0.000000e+00 train_decoder_tail=0.000000e+00
I 07.01/07:39:12 train_mapper.py:615 ] epoch=0330 train_loss=5.232452e-03 train_mse=3.901540e-03 train_cos=0.996900 train_nmse=-22.161dB train_rec=0.000000e+00 train_recT=0.000000e+00 train_fc=0.000000e+00 train_decoder_tail=0.000000e+00
I 07.01/07:39:21 train_mapper.py:615 ] epoch=0331 train_loss=5.273231e-03 train_mse=3.935314e-03 train_cos=0.996872 train_nmse=-22.124dB train_rec=0.000000e+00 train_recT=0.000000e+00 train_fc=0.000000e+00 train_decoder_tail=0.000000e+00
I 07.01/07:39:30 train_mapper.py:615 ] epoch=0332 train_loss=5.277901e-03 train_mse=3.938926e-03 train_cos=0.996868 train_nmse=-22.120dB train_rec=0.000000e+00 train_recT=0.000000e+00 train_fc=0.000000e+00 train_decoder_tail=0.000000e+00
I 07.01/07:39:39 train_mapper.py:615 ] epoch=0333 train_loss=5.238371e-03 train_mse=3.907924e-03 train_cos=0.996894 train_nmse=-22.154dB train_rec=0.000000e+00 train_recT=0.000000e+00 train_fc=0.000000e+00 train_decoder_tail=0.000000e+00
I 07.01/07:39:48 train_mapper.py:615 ] epoch=0334 train_loss=5.224421e-03 train_mse=3.897484e-03 train_cos=0.996903 train_nmse=-22.166dB train_rec=0.000000e+00 train_recT=0.000000e+00 train_fc=0.000000e+00 train_decoder_tail=0.000000e+00
I 07.01/07:39:56 train_mapper.py:615 ] epoch=0335 train_loss=5.192365e-03 train_mse=3.871816e-03 train_cos=0.996924 train_nmse=-22.195dB train_rec=0.000000e+00 train_recT=0.000000e+00 train_fc=0.000000e+00 train_decoder_tail=0.000000e+00
I 07.01/07:40:06 train_mapper.py:615 ] epoch=0336 train_loss=5.199273e-03 train_mse=3.877418e-03 train_cos=0.996916 train_nmse=-22.189dB train_rec=0.000000e+00 train_recT=0.000000e+00 train_fc=0.000000e+00 train_decoder_tail=0.000000e+00
I 07.01/07:40:12 train_mapper.py:615 ] epoch=0337 train_loss=5.173162e-03 train_mse=3.858550e-03 train_cos=0.996933 train_nmse=-22.210dB train_rec=0.000000e+00 train_recT=0.000000e+00 train_fc=0.000000e+00 train_decoder_tail=0.000000e+00
I 07.01/07:40:19 train_mapper.py:615 ] epoch=0338 train_loss=5.144713e-03 train_mse=3.835406e-03 train_cos=0.996952 train_nmse=-22.235dB train_rec=0.000000e+00 train_recT=0.000000e+00 train_fc=0.000000e+00 train_decoder_tail=0.000000e+00
I 07.01/07:40:25 train_mapper.py:615 ] epoch=0339 train_loss=5.142951e-03 train_mse=3.834850e-03 train_cos=0.996954 train_nmse=-22.236dB train_rec=0.000000e+00 train_recT=0.000000e+00 train_fc=0.000000e+00 train_decoder_tail=0.000000e+00
I 07.01/07:40:31 train_mapper.py:615 ] epoch=0340 train_loss=5.125875e-03 train_mse=3.821943e-03 train_cos=0.996963 train_nmse=-22.251dB train_rec=0.000000e+00 train_recT=0.000000e+00 train_fc=0.000000e+00 train_decoder_tail=0.000000e+00
I 07.01/07:40:37 train_mapper.py:615 ] epoch=0341 train_loss=5.137852e-03 train_mse=3.832082e-03 train_cos=0.996956 train_nmse=-22.239dB train_rec=0.000000e+00 train_recT=0.000000e+00 train_fc=0.000000e+00 train_decoder_tail=0.000000e+00
I 07.01/07:40:43 train_mapper.py:615 ] epoch=0342 train_loss=5.152050e-03 train_mse=3.842733e-03 train_cos=0.996947 train_nmse=-22.227dB train_rec=0.000000e+00 train_recT=0.000000e+00 train_fc=0.000000e+00 train_decoder_tail=0.000000e+00
I 07.01/07:40:49 train_mapper.py:615 ] epoch=0343 train_loss=5.128828e-03 train_mse=3.825525e-03 train_cos=0.996961 train_nmse=-22.247dB train_rec=0.000000e+00 train_recT=0.000000e+00 train_fc=0.000000e+00 train_decoder_tail=0.000000e+00
I 07.01/07:40:55 train_mapper.py:615 ] epoch=0344 train_loss=5.121654e-03 train_mse=3.820394e-03 train_cos=0.996965 train_nmse=-22.253dB train_rec=0.000000e+00 train_recT=0.000000e+00 train_fc=0.000000e+00 train_decoder_tail=0.000000e+00
I 07.01/07:41:01 train_mapper.py:615 ] epoch=0345 train_loss=5.151140e-03 train_mse=3.844442e-03 train_cos=0.996946 train_nmse=-22.226dB train_rec=0.000000e+00 train_recT=0.000000e+00 train_fc=0.000000e+00 train_decoder_tail=0.000000e+00
I 07.01/07:41:09 train_mapper.py:615 ] epoch=0346 train_loss=5.104071e-03 train_mse=3.808116e-03 train_cos=0.996977 train_nmse=-22.267dB train_rec=0.000000e+00 train_recT=0.000000e+00 train_fc=0.000000e+00 train_decoder_tail=0.000000e+00
I 07.01/07:41:15 train_mapper.py:615 ] epoch=0347 train_loss=5.131197e-03 train_mse=3.829229e-03 train_cos=0.996956 train_nmse=-22.243dB train_rec=0.000000e+00 train_recT=0.000000e+00 train_fc=0.000000e+00 train_decoder_tail=0.000000e+00
I 07.01/07:41:21 train_mapper.py:615 ] epoch=0348 train_loss=5.100965e-03 train_mse=3.806070e-03 train_cos=0.996977 train_nmse=-22.269dB train_rec=0.000000e+00 train_recT=0.000000e+00 train_fc=0.000000e+00 train_decoder_tail=0.000000e+00
I 07.01/07:41:27 train_mapper.py:615 ] epoch=0349 train_loss=5.037055e-03 train_mse=3.755925e-03 train_cos=0.997017 train_nmse=-22.327dB train_rec=0.000000e+00 train_recT=0.000000e+00 train_fc=0.000000e+00 train_decoder_tail=0.000000e+00
I 07.01/07:41:33 train_mapper.py:615 ] epoch=0350 train_loss=5.072432e-03 train_mse=3.783896e-03 train_cos=0.996989 train_nmse=-22.295dB train_rec=0.000000e+00 train_recT=0.000000e+00 train_fc=0.000000e+00 train_decoder_tail=0.000000e+00
I 07.01/07:41:39 train_mapper.py:615 ] epoch=0351 train_loss=5.020021e-03 train_mse=3.744659e-03 train_cos=0.997023 train_nmse=-22.340dB train_rec=0.000000e+00 train_recT=0.000000e+00 train_fc=0.000000e+00 train_decoder_tail=0.000000e+00
I 07.01/07:41:45 train_mapper.py:615 ] epoch=0352 train_loss=4.985178e-03 train_mse=3.716634e-03 train_cos=0.997045 train_nmse=-22.372dB train_rec=0.000000e+00 train_recT=0.000000e+00 train_fc=0.000000e+00 train_decoder_tail=0.000000e+00
I 07.01/07:41:50 train_mapper.py:615 ] epoch=0353 train_loss=4.986136e-03 train_mse=3.717476e-03 train_cos=0.997042 train_nmse=-22.371dB train_rec=0.000000e+00 train_recT=0.000000e+00 train_fc=0.000000e+00 train_decoder_tail=0.000000e+00
I 07.01/07:41:56 train_mapper.py:615 ] epoch=0354 train_loss=4.996215e-03 train_mse=3.725596e-03 train_cos=0.997037 train_nmse=-22.362dB train_rec=0.000000e+00 train_recT=0.000000e+00 train_fc=0.000000e+00 train_decoder_tail=0.000000e+00
I 07.01/07:42:05 train_mapper.py:615 ] epoch=0355 train_loss=4.951396e-03 train_mse=3.691356e-03 train_cos=0.997068 train_nmse=-22.402dB train_rec=0.000000e+00 train_recT=0.000000e+00 train_fc=0.000000e+00 train_decoder_tail=0.000000e+00
I 07.01/07:42:10 train_mapper.py:615 ] epoch=0356 train_loss=5.010167e-03 train_mse=3.738497e-03 train_cos=0.997028 train_nmse=-22.347dB train_rec=0.000000e+00 train_recT=0.000000e+00 train_fc=0.000000e+00 train_decoder_tail=0.000000e+00
I 07.01/07:42:16 train_mapper.py:615 ] epoch=0357 train_loss=5.013799e-03 train_mse=3.741179e-03 train_cos=0.997029 train_nmse=-22.344dB train_rec=0.000000e+00 train_recT=0.000000e+00 train_fc=0.000000e+00 train_decoder_tail=0.000000e+00
I 07.01/07:42:22 train_mapper.py:615 ] epoch=0358 train_loss=5.020120e-03 train_mse=3.746799e-03 train_cos=0.997025 train_nmse=-22.337dB train_rec=0.000000e+00 train_recT=0.000000e+00 train_fc=0.000000e+00 train_decoder_tail=0.000000e+00
I 07.01/07:42:27 train_mapper.py:615 ] epoch=0359 train_loss=4.984333e-03 train_mse=3.719062e-03 train_cos=0.997048 train_nmse=-22.369dB train_rec=0.000000e+00 train_recT=0.000000e+00 train_fc=0.000000e+00 train_decoder_tail=0.000000e+00
I 07.01/07:42:33 train_mapper.py:615 ] epoch=0360 train_loss=5.001530e-03 train_mse=3.733216e-03 train_cos=0.997032 train_nmse=-22.353dB train_rec=0.000000e+00 train_recT=0.000000e+00 train_fc=0.000000e+00 train_decoder_tail=0.000000e+00
I 07.01/07:42:38 train_mapper.py:615 ] epoch=0361 train_loss=4.986936e-03 train_mse=3.721645e-03 train_cos=0.997046 train_nmse=-22.366dB train_rec=0.000000e+00 train_recT=0.000000e+00 train_fc=0.000000e+00 train_decoder_tail=0.000000e+00
I 07.01/07:42:44 train_mapper.py:615 ] epoch=0362 train_loss=4.941853e-03 train_mse=3.686743e-03 train_cos=0.997072 train_nmse=-22.407dB train_rec=0.000000e+00 train_recT=0.000000e+00 train_fc=0.000000e+00 train_decoder_tail=0.000000e+00
I 07.01/07:42:50 train_mapper.py:615 ] epoch=0363 train_loss=4.933906e-03 train_mse=3.681829e-03 train_cos=0.997074 train_nmse=-22.413dB train_rec=0.000000e+00 train_recT=0.000000e+00 train_fc=0.000000e+00 train_decoder_tail=0.000000e+00
I 07.01/07:42:56 train_mapper.py:615 ] epoch=0364 train_loss=4.908596e-03 train_mse=3.661977e-03 train_cos=0.997090 train_nmse=-22.437dB train_rec=0.000000e+00 train_recT=0.000000e+00 train_fc=0.000000e+00 train_decoder_tail=0.000000e+00
I 07.01/07:43:05 train_mapper.py:615 ] epoch=0365 train_loss=4.901873e-03 train_mse=3.656305e-03 train_cos=0.997092 train_nmse=-22.443dB train_rec=0.000000e+00 train_recT=0.000000e+00 train_fc=0.000000e+00 train_decoder_tail=0.000000e+00
I 07.01/07:43:11 train_mapper.py:615 ] epoch=0366 train_loss=4.925430e-03 train_mse=3.675155e-03 train_cos=0.997074 train_nmse=-22.421dB train_rec=0.000000e+00 train_recT=0.000000e+00 train_fc=0.000000e+00 train_decoder_tail=0.000000e+00
I 07.01/07:43:16 train_mapper.py:615 ] epoch=0367 train_loss=4.895150e-03 train_mse=3.653491e-03 train_cos=0.997094 train_nmse=-22.447dB train_rec=0.000000e+00 train_recT=0.000000e+00 train_fc=0.000000e+00 train_decoder_tail=0.000000e+00
I 07.01/07:43:22 train_mapper.py:615 ] epoch=0368 train_loss=4.844591e-03 train_mse=3.612886e-03 train_cos=0.997130 train_nmse=-22.495dB train_rec=0.000000e+00 train_recT=0.000000e+00 train_fc=0.000000e+00 train_decoder_tail=0.000000e+00
I 07.01/07:43:28 train_mapper.py:615 ] epoch=0369 train_loss=4.815619e-03 train_mse=3.590189e-03 train_cos=0.997148 train_nmse=-22.523dB train_rec=0.000000e+00 train_recT=0.000000e+00 train_fc=0.000000e+00 train_decoder_tail=0.000000e+00
I 07.01/07:43:34 train_mapper.py:615 ] epoch=0370 train_loss=4.838360e-03 train_mse=3.609662e-03 train_cos=0.997131 train_nmse=-22.499dB train_rec=0.000000e+00 train_recT=0.000000e+00 train_fc=0.000000e+00 train_decoder_tail=0.000000e+00
I 07.01/07:43:40 train_mapper.py:615 ] epoch=0371 train_loss=4.870773e-03 train_mse=3.635503e-03 train_cos=0.997111 train_nmse=-22.468dB train_rec=0.000000e+00 train_recT=0.000000e+00 train_fc=0.000000e+00 train_decoder_tail=0.000000e+00
I 07.01/07:43:46 train_mapper.py:615 ] epoch=0372 train_loss=4.932678e-03 train_mse=3.684485e-03 train_cos=0.997073 train_nmse=-22.410dB train_rec=0.000000e+00 train_recT=0.000000e+00 train_fc=0.000000e+00 train_decoder_tail=0.000000e+00
I 07.01/07:43:51 train_mapper.py:615 ] epoch=0373 train_loss=4.877227e-03 train_mse=3.642015e-03 train_cos=0.997112 train_nmse=-22.460dB train_rec=0.000000e+00 train_recT=0.000000e+00 train_fc=0.000000e+00 train_decoder_tail=0.000000e+00
I 07.01/07:43:57 train_mapper.py:615 ] epoch=0374 train_loss=4.865303e-03 train_mse=3.632342e-03 train_cos=0.997117 train_nmse=-22.472dB train_rec=0.000000e+00 train_recT=0.000000e+00 train_fc=0.000000e+00 train_decoder_tail=0.000000e+00
I 07.01/07:44:05 train_mapper.py:615 ] epoch=0375 train_loss=4.870967e-03 train_mse=3.636448e-03 train_cos=0.997112 train_nmse=-22.467dB train_rec=0.000000e+00 train_recT=0.000000e+00 train_fc=0.000000e+00 train_decoder_tail=0.000000e+00
I 07.01/07:44:11 train_mapper.py:615 ] epoch=0376 train_loss=4.830603e-03 train_mse=3.606119e-03 train_cos=0.997137 train_nmse=-22.503dB train_rec=0.000000e+00 train_recT=0.000000e+00 train_fc=0.000000e+00 train_decoder_tail=0.000000e+00
I 07.01/07:44:17 train_mapper.py:615 ] epoch=0377 train_loss=4.778478e-03 train_mse=3.566098e-03 train_cos=0.997169 train_nmse=-22.552dB train_rec=0.000000e+00 train_recT=0.000000e+00 train_fc=0.000000e+00 train_decoder_tail=0.000000e+00
I 07.01/07:44:22 train_mapper.py:615 ] epoch=0378 train_loss=4.748098e-03 train_mse=3.541737e-03 train_cos=0.997187 train_nmse=-22.582dB train_rec=0.000000e+00 train_recT=0.000000e+00 train_fc=0.000000e+00 train_decoder_tail=0.000000e+00
I 07.01/07:44:28 train_mapper.py:615 ] epoch=0379 train_loss=4.816197e-03 train_mse=3.594896e-03 train_cos=0.997141 train_nmse=-22.518dB train_rec=0.000000e+00 train_recT=0.000000e+00 train_fc=0.000000e+00 train_decoder_tail=0.000000e+00
I 07.01/07:44:34 train_mapper.py:615 ] epoch=0380 train_loss=4.837752e-03 train_mse=3.613506e-03 train_cos=0.997131 train_nmse=-22.495dB train_rec=0.000000e+00 train_recT=0.000000e+00 train_fc=0.000000e+00 train_decoder_tail=0.000000e+00
I 07.01/07:44:39 train_mapper.py:615 ] epoch=0381 train_loss=4.788493e-03 train_mse=3.574827e-03 train_cos=0.997162 train_nmse=-22.541dB train_rec=0.000000e+00 train_recT=0.000000e+00 train_fc=0.000000e+00 train_decoder_tail=0.000000e+00
I 07.01/07:44:45 train_mapper.py:615 ] epoch=0382 train_loss=4.752629e-03 train_mse=3.547245e-03 train_cos=0.997183 train_nmse=-22.575dB train_rec=0.000000e+00 train_recT=0.000000e+00 train_fc=0.000000e+00 train_decoder_tail=0.000000e+00
I 07.01/07:44:50 train_mapper.py:615 ] epoch=0383 train_loss=4.811575e-03 train_mse=3.593653e-03 train_cos=0.997141 train_nmse=-22.519dB train_rec=0.000000e+00 train_recT=0.000000e+00 train_fc=0.000000e+00 train_decoder_tail=0.000000e+00
I 07.01/07:44:56 train_mapper.py:615 ] epoch=0384 train_loss=4.787664e-03 train_mse=3.576134e-03 train_cos=0.997159 train_nmse=-22.540dB train_rec=0.000000e+00 train_recT=0.000000e+00 train_fc=0.000000e+00 train_decoder_tail=0.000000e+00
I 07.01/07:45:03 train_mapper.py:615 ] epoch=0385 train_loss=4.746646e-03 train_mse=3.542677e-03 train_cos=0.997183 train_nmse=-22.581dB train_rec=0.000000e+00 train_recT=0.000000e+00 train_fc=0.000000e+00 train_decoder_tail=0.000000e+00
I 07.01/07:45:10 train_mapper.py:615 ] epoch=0386 train_loss=4.754546e-03 train_mse=3.550514e-03 train_cos=0.997179 train_nmse=-22.571dB train_rec=0.000000e+00 train_recT=0.000000e+00 train_fc=0.000000e+00 train_decoder_tail=0.000000e+00
I 07.01/07:45:15 train_mapper.py:615 ] epoch=0387 train_loss=4.637255e-03 train_mse=3.457200e-03 train_cos=0.997259 train_nmse=-22.686dB train_rec=0.000000e+00 train_recT=0.000000e+00 train_fc=0.000000e+00 train_decoder_tail=0.000000e+00
I 07.01/07:45:21 train_mapper.py:615 ] epoch=0388 train_loss=4.676476e-03 train_mse=3.489946e-03 train_cos=0.997225 train_nmse=-22.646dB train_rec=0.000000e+00 train_recT=0.000000e+00 train_fc=0.000000e+00 train_decoder_tail=0.000000e+00
I 07.01/07:45:26 train_mapper.py:615 ] epoch=0389 train_loss=4.686684e-03 train_mse=3.498504e-03 train_cos=0.997223 train_nmse=-22.635dB train_rec=0.000000e+00 train_recT=0.000000e+00 train_fc=0.000000e+00 train_decoder_tail=0.000000e+00
I 07.01/07:45:32 train_mapper.py:615 ] epoch=0390 train_loss=4.682974e-03 train_mse=3.496629e-03 train_cos=0.997225 train_nmse=-22.637dB train_rec=0.000000e+00 train_recT=0.000000e+00 train_fc=0.000000e+00 train_decoder_tail=0.000000e+00
I 07.01/07:45:37 train_mapper.py:615 ] epoch=0391 train_loss=4.739484e-03 train_mse=3.541243e-03 train_cos=0.997185 train_nmse=-22.583dB train_rec=0.000000e+00 train_recT=0.000000e+00 train_fc=0.000000e+00 train_decoder_tail=0.000000e+00
I 07.01/07:45:40 train_mapper.py:615 ] epoch=0392 train_loss=4.747828e-03 train_mse=3.548599e-03 train_cos=0.997181 train_nmse=-22.573dB train_rec=0.000000e+00 train_recT=0.000000e+00 train_fc=0.000000e+00 train_decoder_tail=0.000000e+00
I 07.01/07:45:44 train_mapper.py:615 ] epoch=0393 train_loss=4.689029e-03 train_mse=3.502729e-03 train_cos=0.997221 train_nmse=-22.630dB train_rec=0.000000e+00 train_recT=0.000000e+00 train_fc=0.000000e+00 train_decoder_tail=0.000000e+00
I 07.01/07:45:49 train_mapper.py:615 ] epoch=0394 train_loss=4.686768e-03 train_mse=3.501075e-03 train_cos=0.997221 train_nmse=-22.632dB train_rec=0.000000e+00 train_recT=0.000000e+00 train_fc=0.000000e+00 train_decoder_tail=0.000000e+00
I 07.01/07:45:53 train_mapper.py:615 ] epoch=0395 train_loss=4.685680e-03 train_mse=3.500244e-03 train_cos=0.997219 train_nmse=-22.633dB train_rec=0.000000e+00 train_recT=0.000000e+00 train_fc=0.000000e+00 train_decoder_tail=0.000000e+00
I 07.01/07:45:57 train_mapper.py:615 ] epoch=0396 train_loss=4.678357e-03 train_mse=3.496195e-03 train_cos=0.997222 train_nmse=-22.638dB train_rec=0.000000e+00 train_recT=0.000000e+00 train_fc=0.000000e+00 train_decoder_tail=0.000000e+00
I 07.01/07:46:02 train_mapper.py:615 ] epoch=0397 train_loss=4.631839e-03 train_mse=3.459216e-03 train_cos=0.997254 train_nmse=-22.684dB train_rec=0.000000e+00 train_recT=0.000000e+00 train_fc=0.000000e+00 train_decoder_tail=0.000000e+00
I 07.01/07:46:08 train_mapper.py:615 ] epoch=0398 train_loss=4.630367e-03 train_mse=3.457733e-03 train_cos=0.997255 train_nmse=-22.686dB train_rec=0.000000e+00 train_recT=0.000000e+00 train_fc=0.000000e+00 train_decoder_tail=0.000000e+00
I 07.01/07:46:13 train_mapper.py:615 ] epoch=0399 train_loss=4.614214e-03 train_mse=3.446455e-03 train_cos=0.997264 train_nmse=-22.700dB train_rec=0.000000e+00 train_recT=0.000000e+00 train_fc=0.000000e+00 train_decoder_tail=0.000000e+00
I 07.01/07:46:18 train_mapper.py:615 ] epoch=0400 train_loss=4.623442e-03 train_mse=3.454686e-03 train_cos=0.997256 train_nmse=-22.690dB train_rec=0.000000e+00 train_recT=0.000000e+00 train_fc=0.000000e+00 train_decoder_tail=0.000000e+00
I 07.01/07:46:29 train_mapper.py:683 ] best_epoch=399 best_selection=train_loss best_metric=4.614214e-03 best_mse=3.446455e-03 best_loss=4.614214e-03
I 07.01/07:46:29 train_mapper.py:688 ] all_mse=3.311231e-03 all_cos=0.997377 all_nmse=-22.874dB
