I 07.02/06:55:36 train_mapper.py:431 ] => Experiment directory: mapper/exps_decoder_aware/mlp/recT/seed3407_transnet_transnet_to_seed42_transnet_lr5e-4_ep400
I 07.02/06:55:36 train_mapper.py:432 ] => Checkpoint directory: mapper/exps_decoder_aware/mlp/recT/seed3407_transnet_transnet_to_seed42_transnet_lr5e-4_ep400/checkpoints
I 07.02/06:55:36 train_mapper.py:433 ] => Codeword directory: mapper/exps_decoder_aware/mlp/recT/seed3407_transnet_transnet_to_seed42_transnet_lr5e-4_ep400/codewords
I 07.02/06:55:36 train_mapper.py:434 ] => TensorBoard directory: mapper/exps_decoder_aware/mlp/recT/seed3407_transnet_transnet_to_seed42_transnet_lr5e-4_ep400/tensorboard
I 07.02/06:55:40 train_mapper.py:519 ] => Loaded fixed decoder from exps/COST2100/in/seed42/transnet_transnet/checkpoints/best_nmse.pth
I 07.02/06:55:40 train_mapper.py:524 ] device=cuda
I 07.02/06:55:40 train_mapper.py:525 ] mapper=mlp, params=8403968
I 07.02/06:55:40 train_mapper.py:527 ] train=100000, val=0, code_dim=512
I 07.02/06:55:40 train_mapper.py:529 ] val_ratio<=0: skip per-epoch validation; select best checkpoint by train loss
I 07.02/06:55:40 train_mapper.py:531 ] loss=mse + smoothl1*0.0 + sample_tail*0.0 + dim_tail*0.0 + whiten*0.0 + rec*0.0 + recT*1.0 + fc*0.0 + decoder_tail*0.0 + cos*0.0 + cov*0.0
I 07.02/06:55:50 train_mapper.py:622 ] epoch=0001 train_loss=3.592309e-01 train_mse=3.566824e-01 train_cos=0.812148 train_nmse=-3.327dB train_rec=0.000000e+00 train_recT=2.548509e-03 train_fc=0.000000e+00 train_decoder_tail=0.000000e+00
I 07.02/06:56:05 train_mapper.py:622 ] epoch=0002 train_loss=1.251262e-01 train_mse=1.248973e-01 train_cos=0.945740 train_nmse=-7.156dB train_rec=0.000000e+00 train_recT=2.289198e-04 train_fc=0.000000e+00 train_decoder_tail=0.000000e+00
I 07.02/06:56:23 train_mapper.py:622 ] epoch=0003 train_loss=8.433769e-02 train_mse=8.419710e-02 train_cos=0.964018 train_nmse=-8.834dB train_rec=0.000000e+00 train_recT=1.405909e-04 train_fc=0.000000e+00 train_decoder_tail=0.000000e+00
I 07.02/06:56:53 train_mapper.py:622 ] epoch=0004 train_loss=6.626061e-02 train_mse=6.616579e-02 train_cos=0.970449 train_nmse=-9.874dB train_rec=0.000000e+00 train_recT=9.481787e-05 train_fc=0.000000e+00 train_decoder_tail=0.000000e+00
I 07.02/06:57:39 train_mapper.py:622 ] epoch=0005 train_loss=5.583133e-02 train_mse=5.576455e-02 train_cos=0.973779 train_nmse=-10.613dB train_rec=0.000000e+00 train_recT=6.677846e-05 train_fc=0.000000e+00 train_decoder_tail=0.000000e+00
I 07.02/06:58:16 train_mapper.py:622 ] epoch=0006 train_loss=4.912861e-02 train_mse=4.907897e-02 train_cos=0.976051 train_nmse=-11.166dB train_rec=0.000000e+00 train_recT=4.964264e-05 train_fc=0.000000e+00 train_decoder_tail=0.000000e+00
I 07.02/06:58:41 train_mapper.py:622 ] epoch=0007 train_loss=4.452654e-02 train_mse=4.448742e-02 train_cos=0.977906 train_nmse=-11.593dB train_rec=0.000000e+00 train_recT=3.911807e-05 train_fc=0.000000e+00 train_decoder_tail=0.000000e+00
I 07.02/06:59:05 train_mapper.py:622 ] epoch=0008 train_loss=4.122042e-02 train_mse=4.118791e-02 train_cos=0.979499 train_nmse=-11.927dB train_rec=0.000000e+00 train_recT=3.250595e-05 train_fc=0.000000e+00 train_decoder_tail=0.000000e+00
I 07.02/06:59:30 train_mapper.py:622 ] epoch=0009 train_loss=3.880601e-02 train_mse=3.877770e-02 train_cos=0.980811 train_nmse=-12.189dB train_rec=0.000000e+00 train_recT=2.831319e-05 train_fc=0.000000e+00 train_decoder_tail=0.000000e+00
I 07.02/07:00:00 train_mapper.py:622 ] epoch=0010 train_loss=3.692422e-02 train_mse=3.689872e-02 train_cos=0.981901 train_nmse=-12.405dB train_rec=0.000000e+00 train_recT=2.550344e-05 train_fc=0.000000e+00 train_decoder_tail=0.000000e+00
I 07.02/07:00:35 train_mapper.py:622 ] epoch=0011 train_loss=3.533837e-02 train_mse=3.531487e-02 train_cos=0.982839 train_nmse=-12.595dB train_rec=0.000000e+00 train_recT=2.349195e-05 train_fc=0.000000e+00 train_decoder_tail=0.000000e+00
I 07.02/07:01:10 train_mapper.py:622 ] epoch=0012 train_loss=3.402237e-02 train_mse=3.400041e-02 train_cos=0.983585 train_nmse=-12.760dB train_rec=0.000000e+00 train_recT=2.196839e-05 train_fc=0.000000e+00 train_decoder_tail=0.000000e+00
I 07.02/07:01:45 train_mapper.py:622 ] epoch=0013 train_loss=3.278925e-02 train_mse=3.276854e-02 train_cos=0.984259 train_nmse=-12.920dB train_rec=0.000000e+00 train_recT=2.071434e-05 train_fc=0.000000e+00 train_decoder_tail=0.000000e+00
I 07.02/07:02:22 train_mapper.py:622 ] epoch=0014 train_loss=3.161957e-02 train_mse=3.160000e-02 train_cos=0.984866 train_nmse=-13.078dB train_rec=0.000000e+00 train_recT=1.956335e-05 train_fc=0.000000e+00 train_decoder_tail=0.000000e+00
I 07.02/07:02:56 train_mapper.py:622 ] epoch=0015 train_loss=3.061771e-02 train_mse=3.059920e-02 train_cos=0.985313 train_nmse=-13.218dB train_rec=0.000000e+00 train_recT=1.851061e-05 train_fc=0.000000e+00 train_decoder_tail=0.000000e+00
I 07.02/07:03:36 train_mapper.py:622 ] epoch=0016 train_loss=2.964084e-02 train_mse=2.962339e-02 train_cos=0.985713 train_nmse=-13.359dB train_rec=0.000000e+00 train_recT=1.744948e-05 train_fc=0.000000e+00 train_decoder_tail=0.000000e+00
I 07.02/07:04:16 train_mapper.py:622 ] epoch=0017 train_loss=2.862372e-02 train_mse=2.860737e-02 train_cos=0.986103 train_nmse=-13.511dB train_rec=0.000000e+00 train_recT=1.634505e-05 train_fc=0.000000e+00 train_decoder_tail=0.000000e+00
I 07.02/07:04:55 train_mapper.py:622 ] epoch=0018 train_loss=2.768874e-02 train_mse=2.767351e-02 train_cos=0.986387 train_nmse=-13.654dB train_rec=0.000000e+00 train_recT=1.522966e-05 train_fc=0.000000e+00 train_decoder_tail=0.000000e+00
I 07.02/07:05:33 train_mapper.py:622 ] epoch=0019 train_loss=2.670296e-02 train_mse=2.668893e-02 train_cos=0.986643 train_nmse=-13.812dB train_rec=0.000000e+00 train_recT=1.403129e-05 train_fc=0.000000e+00 train_decoder_tail=0.000000e+00
I 07.02/07:06:13 train_mapper.py:622 ] epoch=0020 train_loss=2.562999e-02 train_mse=2.561735e-02 train_cos=0.986867 train_nmse=-13.990dB train_rec=0.000000e+00 train_recT=1.263819e-05 train_fc=0.000000e+00 train_decoder_tail=0.000000e+00
I 07.02/07:06:50 train_mapper.py:622 ] epoch=0021 train_loss=2.440808e-02 train_mse=2.439720e-02 train_cos=0.986928 train_nmse=-14.202dB train_rec=0.000000e+00 train_recT=1.088317e-05 train_fc=0.000000e+00 train_decoder_tail=0.000000e+00
I 07.02/07:07:29 train_mapper.py:622 ] epoch=0022 train_loss=2.230138e-02 train_mse=2.229290e-02 train_cos=0.987002 train_nmse=-14.595dB train_rec=0.000000e+00 train_recT=8.484416e-06 train_fc=0.000000e+00 train_decoder_tail=0.000000e+00
I 07.02/07:08:07 train_mapper.py:622 ] epoch=0023 train_loss=2.025763e-02 train_mse=2.025040e-02 train_cos=0.987406 train_nmse=-15.010dB train_rec=0.000000e+00 train_recT=7.228828e-06 train_fc=0.000000e+00 train_decoder_tail=0.000000e+00
I 07.02/07:08:41 train_mapper.py:622 ] epoch=0024 train_loss=1.891474e-02 train_mse=1.890823e-02 train_cos=0.987746 train_nmse=-15.308dB train_rec=0.000000e+00 train_recT=6.510816e-06 train_fc=0.000000e+00 train_decoder_tail=0.000000e+00
I 07.02/07:09:18 train_mapper.py:622 ] epoch=0025 train_loss=1.796880e-02 train_mse=1.796280e-02 train_cos=0.988026 train_nmse=-15.531dB train_rec=0.000000e+00 train_recT=6.008023e-06 train_fc=0.000000e+00 train_decoder_tail=0.000000e+00
I 07.02/07:09:54 train_mapper.py:622 ] epoch=0026 train_loss=1.723726e-02 train_mse=1.723164e-02 train_cos=0.988275 train_nmse=-15.712dB train_rec=0.000000e+00 train_recT=5.617196e-06 train_fc=0.000000e+00 train_decoder_tail=0.000000e+00
I 07.02/07:10:33 train_mapper.py:622 ] epoch=0027 train_loss=1.665845e-02 train_mse=1.665312e-02 train_cos=0.988500 train_nmse=-15.860dB train_rec=0.000000e+00 train_recT=5.331867e-06 train_fc=0.000000e+00 train_decoder_tail=0.000000e+00
I 07.02/07:11:07 train_mapper.py:622 ] epoch=0028 train_loss=1.614464e-02 train_mse=1.613958e-02 train_cos=0.988719 train_nmse=-15.996dB train_rec=0.000000e+00 train_recT=5.052509e-06 train_fc=0.000000e+00 train_decoder_tail=0.000000e+00
I 07.02/07:11:42 train_mapper.py:622 ] epoch=0029 train_loss=1.572564e-02 train_mse=1.572079e-02 train_cos=0.988911 train_nmse=-16.110dB train_rec=0.000000e+00 train_recT=4.849217e-06 train_fc=0.000000e+00 train_decoder_tail=0.000000e+00
I 07.02/07:12:23 train_mapper.py:622 ] epoch=0030 train_loss=1.532406e-02 train_mse=1.531939e-02 train_cos=0.989109 train_nmse=-16.223dB train_rec=0.000000e+00 train_recT=4.665353e-06 train_fc=0.000000e+00 train_decoder_tail=0.000000e+00
I 07.02/07:12:58 train_mapper.py:622 ] epoch=0031 train_loss=1.496283e-02 train_mse=1.495833e-02 train_cos=0.989293 train_nmse=-16.326dB train_rec=0.000000e+00 train_recT=4.496705e-06 train_fc=0.000000e+00 train_decoder_tail=0.000000e+00
I 07.02/07:13:32 train_mapper.py:622 ] epoch=0032 train_loss=1.465248e-02 train_mse=1.464811e-02 train_cos=0.989457 train_nmse=-16.417dB train_rec=0.000000e+00 train_recT=4.362391e-06 train_fc=0.000000e+00 train_decoder_tail=0.000000e+00
I 07.02/07:14:10 train_mapper.py:622 ] epoch=0033 train_loss=1.435071e-02 train_mse=1.434649e-02 train_cos=0.989626 train_nmse=-16.508dB train_rec=0.000000e+00 train_recT=4.223542e-06 train_fc=0.000000e+00 train_decoder_tail=0.000000e+00
I 07.02/07:14:46 train_mapper.py:622 ] epoch=0034 train_loss=1.409118e-02 train_mse=1.408706e-02 train_cos=0.989766 train_nmse=-16.587dB train_rec=0.000000e+00 train_recT=4.119555e-06 train_fc=0.000000e+00 train_decoder_tail=0.000000e+00
I 07.02/07:15:25 train_mapper.py:622 ] epoch=0035 train_loss=1.382006e-02 train_mse=1.381607e-02 train_cos=0.989925 train_nmse=-16.671dB train_rec=0.000000e+00 train_recT=3.992347e-06 train_fc=0.000000e+00 train_decoder_tail=0.000000e+00
I 07.02/07:16:07 train_mapper.py:622 ] epoch=0036 train_loss=1.356111e-02 train_mse=1.355721e-02 train_cos=0.990079 train_nmse=-16.753dB train_rec=0.000000e+00 train_recT=3.891967e-06 train_fc=0.000000e+00 train_decoder_tail=0.000000e+00
I 07.02/07:16:47 train_mapper.py:622 ] epoch=0037 train_loss=1.335024e-02 train_mse=1.334644e-02 train_cos=0.990203 train_nmse=-16.821dB train_rec=0.000000e+00 train_recT=3.794585e-06 train_fc=0.000000e+00 train_decoder_tail=0.000000e+00
I 07.02/07:17:27 train_mapper.py:622 ] epoch=0038 train_loss=1.313727e-02 train_mse=1.313355e-02 train_cos=0.990331 train_nmse=-16.891dB train_rec=0.000000e+00 train_recT=3.724103e-06 train_fc=0.000000e+00 train_decoder_tail=0.000000e+00
I 07.02/07:18:10 train_mapper.py:622 ] epoch=0039 train_loss=1.294862e-02 train_mse=1.294497e-02 train_cos=0.990448 train_nmse=-16.954dB train_rec=0.000000e+00 train_recT=3.648543e-06 train_fc=0.000000e+00 train_decoder_tail=0.000000e+00
I 07.02/07:18:53 train_mapper.py:622 ] epoch=0040 train_loss=1.270928e-02 train_mse=1.270573e-02 train_cos=0.990601 train_nmse=-17.034dB train_rec=0.000000e+00 train_recT=3.554313e-06 train_fc=0.000000e+00 train_decoder_tail=0.000000e+00
I 07.02/07:19:36 train_mapper.py:622 ] epoch=0041 train_loss=1.254714e-02 train_mse=1.254364e-02 train_cos=0.990705 train_nmse=-17.090dB train_rec=0.000000e+00 train_recT=3.506237e-06 train_fc=0.000000e+00 train_decoder_tail=0.000000e+00
I 07.02/07:20:20 train_mapper.py:622 ] epoch=0042 train_loss=1.235872e-02 train_mse=1.235528e-02 train_cos=0.990826 train_nmse=-17.156dB train_rec=0.000000e+00 train_recT=3.435481e-06 train_fc=0.000000e+00 train_decoder_tail=0.000000e+00
I 07.02/07:21:03 train_mapper.py:622 ] epoch=0043 train_loss=1.220545e-02 train_mse=1.220209e-02 train_cos=0.990919 train_nmse=-17.210dB train_rec=0.000000e+00 train_recT=3.362777e-06 train_fc=0.000000e+00 train_decoder_tail=0.000000e+00
I 07.02/07:21:48 train_mapper.py:622 ] epoch=0044 train_loss=1.202509e-02 train_mse=1.202178e-02 train_cos=0.991041 train_nmse=-17.275dB train_rec=0.000000e+00 train_recT=3.309812e-06 train_fc=0.000000e+00 train_decoder_tail=0.000000e+00
I 07.02/07:22:34 train_mapper.py:622 ] epoch=0045 train_loss=1.185331e-02 train_mse=1.185005e-02 train_cos=0.991155 train_nmse=-17.338dB train_rec=0.000000e+00 train_recT=3.262425e-06 train_fc=0.000000e+00 train_decoder_tail=0.000000e+00
I 07.02/07:23:20 train_mapper.py:622 ] epoch=0046 train_loss=1.170637e-02 train_mse=1.170317e-02 train_cos=0.991252 train_nmse=-17.391dB train_rec=0.000000e+00 train_recT=3.200014e-06 train_fc=0.000000e+00 train_decoder_tail=0.000000e+00
I 07.02/07:24:03 train_mapper.py:622 ] epoch=0047 train_loss=1.154525e-02 train_mse=1.154210e-02 train_cos=0.991361 train_nmse=-17.452dB train_rec=0.000000e+00 train_recT=3.143290e-06 train_fc=0.000000e+00 train_decoder_tail=0.000000e+00
I 07.02/07:24:49 train_mapper.py:622 ] epoch=0048 train_loss=1.141083e-02 train_mse=1.140773e-02 train_cos=0.991452 train_nmse=-17.503dB train_rec=0.000000e+00 train_recT=3.102021e-06 train_fc=0.000000e+00 train_decoder_tail=0.000000e+00
I 07.02/07:25:37 train_mapper.py:622 ] epoch=0049 train_loss=1.128867e-02 train_mse=1.128561e-02 train_cos=0.991535 train_nmse=-17.549dB train_rec=0.000000e+00 train_recT=3.059164e-06 train_fc=0.000000e+00 train_decoder_tail=0.000000e+00
I 07.02/07:26:23 train_mapper.py:622 ] epoch=0050 train_loss=1.114788e-02 train_mse=1.114487e-02 train_cos=0.991632 train_nmse=-17.604dB train_rec=0.000000e+00 train_recT=3.012676e-06 train_fc=0.000000e+00 train_decoder_tail=0.000000e+00
I 07.02/07:27:10 train_mapper.py:622 ] epoch=0051 train_loss=1.100525e-02 train_mse=1.100228e-02 train_cos=0.991732 train_nmse=-17.660dB train_rec=0.000000e+00 train_recT=2.969921e-06 train_fc=0.000000e+00 train_decoder_tail=0.000000e+00
I 07.02/07:27:55 train_mapper.py:622 ] epoch=0052 train_loss=1.088295e-02 train_mse=1.088001e-02 train_cos=0.991816 train_nmse=-17.709dB train_rec=0.000000e+00 train_recT=2.939005e-06 train_fc=0.000000e+00 train_decoder_tail=0.000000e+00
I 07.02/07:28:43 train_mapper.py:622 ] epoch=0053 train_loss=1.076386e-02 train_mse=1.076096e-02 train_cos=0.991898 train_nmse=-17.756dB train_rec=0.000000e+00 train_recT=2.894306e-06 train_fc=0.000000e+00 train_decoder_tail=0.000000e+00
I 07.02/07:29:29 train_mapper.py:622 ] epoch=0054 train_loss=1.062259e-02 train_mse=1.061974e-02 train_cos=0.991997 train_nmse=-17.814dB train_rec=0.000000e+00 train_recT=2.856115e-06 train_fc=0.000000e+00 train_decoder_tail=0.000000e+00
I 07.02/07:30:15 train_mapper.py:622 ] epoch=0055 train_loss=1.055071e-02 train_mse=1.054788e-02 train_cos=0.992047 train_nmse=-17.843dB train_rec=0.000000e+00 train_recT=2.831691e-06 train_fc=0.000000e+00 train_decoder_tail=0.000000e+00
I 07.02/07:30:58 train_mapper.py:622 ] epoch=0056 train_loss=1.042205e-02 train_mse=1.041927e-02 train_cos=0.992139 train_nmse=-17.896dB train_rec=0.000000e+00 train_recT=2.783520e-06 train_fc=0.000000e+00 train_decoder_tail=0.000000e+00
I 07.02/07:31:43 train_mapper.py:622 ] epoch=0057 train_loss=1.030960e-02 train_mse=1.030684e-02 train_cos=0.992218 train_nmse=-17.943dB train_rec=0.000000e+00 train_recT=2.759160e-06 train_fc=0.000000e+00 train_decoder_tail=0.000000e+00
I 07.02/07:32:30 train_mapper.py:622 ] epoch=0058 train_loss=1.018836e-02 train_mse=1.018564e-02 train_cos=0.992307 train_nmse=-17.995dB train_rec=0.000000e+00 train_recT=2.719410e-06 train_fc=0.000000e+00 train_decoder_tail=0.000000e+00
I 07.02/07:33:18 train_mapper.py:622 ] epoch=0059 train_loss=1.009193e-02 train_mse=1.008924e-02 train_cos=0.992374 train_nmse=-18.036dB train_rec=0.000000e+00 train_recT=2.693870e-06 train_fc=0.000000e+00 train_decoder_tail=0.000000e+00
I 07.02/07:34:02 train_mapper.py:622 ] epoch=0060 train_loss=9.979306e-03 train_mse=9.976641e-03 train_cos=0.992459 train_nmse=-18.085dB train_rec=0.000000e+00 train_recT=2.665509e-06 train_fc=0.000000e+00 train_decoder_tail=0.000000e+00
I 07.02/07:34:46 train_mapper.py:622 ] epoch=0061 train_loss=9.909289e-03 train_mse=9.906645e-03 train_cos=0.992506 train_nmse=-18.115dB train_rec=0.000000e+00 train_recT=2.643894e-06 train_fc=0.000000e+00 train_decoder_tail=0.000000e+00
I 07.02/07:35:35 train_mapper.py:622 ] epoch=0062 train_loss=9.773033e-03 train_mse=9.770435e-03 train_cos=0.992606 train_nmse=-18.176dB train_rec=0.000000e+00 train_recT=2.598149e-06 train_fc=0.000000e+00 train_decoder_tail=0.000000e+00
I 07.02/07:36:22 train_mapper.py:622 ] epoch=0063 train_loss=9.712543e-03 train_mse=9.709948e-03 train_cos=0.992649 train_nmse=-18.202dB train_rec=0.000000e+00 train_recT=2.595425e-06 train_fc=0.000000e+00 train_decoder_tail=0.000000e+00
I 07.02/07:37:08 train_mapper.py:622 ] epoch=0064 train_loss=9.599888e-03 train_mse=9.597341e-03 train_cos=0.992731 train_nmse=-18.253dB train_rec=0.000000e+00 train_recT=2.547039e-06 train_fc=0.000000e+00 train_decoder_tail=0.000000e+00
I 07.02/07:37:54 train_mapper.py:622 ] epoch=0065 train_loss=9.514651e-03 train_mse=9.512125e-03 train_cos=0.992792 train_nmse=-18.292dB train_rec=0.000000e+00 train_recT=2.525948e-06 train_fc=0.000000e+00 train_decoder_tail=0.000000e+00
I 07.02/07:38:40 train_mapper.py:622 ] epoch=0066 train_loss=9.439186e-03 train_mse=9.436681e-03 train_cos=0.992847 train_nmse=-18.326dB train_rec=0.000000e+00 train_recT=2.504732e-06 train_fc=0.000000e+00 train_decoder_tail=0.000000e+00
I 07.02/07:39:25 train_mapper.py:622 ] epoch=0067 train_loss=9.369420e-03 train_mse=9.366937e-03 train_cos=0.992897 train_nmse=-18.359dB train_rec=0.000000e+00 train_recT=2.482711e-06 train_fc=0.000000e+00 train_decoder_tail=0.000000e+00
I 07.02/07:40:13 train_mapper.py:622 ] epoch=0068 train_loss=9.235936e-03 train_mse=9.233484e-03 train_cos=0.992998 train_nmse=-18.421dB train_rec=0.000000e+00 train_recT=2.452066e-06 train_fc=0.000000e+00 train_decoder_tail=0.000000e+00
I 07.02/07:40:57 train_mapper.py:622 ] epoch=0069 train_loss=9.186544e-03 train_mse=9.184102e-03 train_cos=0.993031 train_nmse=-18.444dB train_rec=0.000000e+00 train_recT=2.441893e-06 train_fc=0.000000e+00 train_decoder_tail=0.000000e+00
I 07.02/07:41:46 train_mapper.py:622 ] epoch=0070 train_loss=9.089484e-03 train_mse=9.087076e-03 train_cos=0.993101 train_nmse=-18.491dB train_rec=0.000000e+00 train_recT=2.407428e-06 train_fc=0.000000e+00 train_decoder_tail=0.000000e+00
I 07.02/07:42:35 train_mapper.py:622 ] epoch=0071 train_loss=9.000538e-03 train_mse=8.998160e-03 train_cos=0.993167 train_nmse=-18.533dB train_rec=0.000000e+00 train_recT=2.378226e-06 train_fc=0.000000e+00 train_decoder_tail=0.000000e+00
I 07.02/07:43:24 train_mapper.py:622 ] epoch=0072 train_loss=8.921281e-03 train_mse=8.918914e-03 train_cos=0.993223 train_nmse=-18.572dB train_rec=0.000000e+00 train_recT=2.366810e-06 train_fc=0.000000e+00 train_decoder_tail=0.000000e+00
I 07.02/07:44:14 train_mapper.py:622 ] epoch=0073 train_loss=8.881212e-03 train_mse=8.878864e-03 train_cos=0.993250 train_nmse=-18.591dB train_rec=0.000000e+00 train_recT=2.347705e-06 train_fc=0.000000e+00 train_decoder_tail=0.000000e+00
I 07.02/07:45:06 train_mapper.py:622 ] epoch=0074 train_loss=8.789176e-03 train_mse=8.786840e-03 train_cos=0.993320 train_nmse=-18.636dB train_rec=0.000000e+00 train_recT=2.336092e-06 train_fc=0.000000e+00 train_decoder_tail=0.000000e+00
I 07.02/07:45:53 train_mapper.py:622 ] epoch=0075 train_loss=8.698087e-03 train_mse=8.695793e-03 train_cos=0.993386 train_nmse=-18.682dB train_rec=0.000000e+00 train_recT=2.293913e-06 train_fc=0.000000e+00 train_decoder_tail=0.000000e+00
I 07.02/07:46:41 train_mapper.py:622 ] epoch=0076 train_loss=8.653459e-03 train_mse=8.651170e-03 train_cos=0.993418 train_nmse=-18.704dB train_rec=0.000000e+00 train_recT=2.288837e-06 train_fc=0.000000e+00 train_decoder_tail=0.000000e+00
I 07.02/07:47:33 train_mapper.py:622 ] epoch=0077 train_loss=8.592537e-03 train_mse=8.590266e-03 train_cos=0.993460 train_nmse=-18.734dB train_rec=0.000000e+00 train_recT=2.270842e-06 train_fc=0.000000e+00 train_decoder_tail=0.000000e+00
I 07.02/07:48:26 train_mapper.py:622 ] epoch=0078 train_loss=8.512207e-03 train_mse=8.509960e-03 train_cos=0.993519 train_nmse=-18.775dB train_rec=0.000000e+00 train_recT=2.246773e-06 train_fc=0.000000e+00 train_decoder_tail=0.000000e+00
I 07.02/07:49:17 train_mapper.py:622 ] epoch=0079 train_loss=8.430842e-03 train_mse=8.428619e-03 train_cos=0.993577 train_nmse=-18.817dB train_rec=0.000000e+00 train_recT=2.222842e-06 train_fc=0.000000e+00 train_decoder_tail=0.000000e+00
I 07.02/07:50:09 train_mapper.py:622 ] epoch=0080 train_loss=8.393463e-03 train_mse=8.391258e-03 train_cos=0.993603 train_nmse=-18.836dB train_rec=0.000000e+00 train_recT=2.205071e-06 train_fc=0.000000e+00 train_decoder_tail=0.000000e+00
I 07.02/07:50:59 train_mapper.py:622 ] epoch=0081 train_loss=8.330435e-03 train_mse=8.328250e-03 train_cos=0.993649 train_nmse=-18.869dB train_rec=0.000000e+00 train_recT=2.185055e-06 train_fc=0.000000e+00 train_decoder_tail=0.000000e+00
I 07.02/07:51:49 train_mapper.py:622 ] epoch=0082 train_loss=8.281209e-03 train_mse=8.279031e-03 train_cos=0.993684 train_nmse=-18.895dB train_rec=0.000000e+00 train_recT=2.177924e-06 train_fc=0.000000e+00 train_decoder_tail=0.000000e+00
I 07.02/07:52:44 train_mapper.py:622 ] epoch=0083 train_loss=8.215539e-03 train_mse=8.213389e-03 train_cos=0.993733 train_nmse=-18.930dB train_rec=0.000000e+00 train_recT=2.149597e-06 train_fc=0.000000e+00 train_decoder_tail=0.000000e+00
I 07.02/07:53:40 train_mapper.py:622 ] epoch=0084 train_loss=8.165580e-03 train_mse=8.163436e-03 train_cos=0.993769 train_nmse=-18.956dB train_rec=0.000000e+00 train_recT=2.143761e-06 train_fc=0.000000e+00 train_decoder_tail=0.000000e+00
I 07.02/07:54:35 train_mapper.py:622 ] epoch=0085 train_loss=8.097267e-03 train_mse=8.095133e-03 train_cos=0.993820 train_nmse=-18.993dB train_rec=0.000000e+00 train_recT=2.134221e-06 train_fc=0.000000e+00 train_decoder_tail=0.000000e+00
I 07.02/07:55:31 train_mapper.py:622 ] epoch=0086 train_loss=8.047460e-03 train_mse=8.045352e-03 train_cos=0.993854 train_nmse=-19.019dB train_rec=0.000000e+00 train_recT=2.107739e-06 train_fc=0.000000e+00 train_decoder_tail=0.000000e+00
I 07.02/07:56:27 train_mapper.py:622 ] epoch=0087 train_loss=7.988048e-03 train_mse=7.985958e-03 train_cos=0.993900 train_nmse=-19.052dB train_rec=0.000000e+00 train_recT=2.090275e-06 train_fc=0.000000e+00 train_decoder_tail=0.000000e+00
I 07.02/07:57:20 train_mapper.py:622 ] epoch=0088 train_loss=7.957384e-03 train_mse=7.955303e-03 train_cos=0.993921 train_nmse=-19.068dB train_rec=0.000000e+00 train_recT=2.081016e-06 train_fc=0.000000e+00 train_decoder_tail=0.000000e+00
I 07.02/07:58:12 train_mapper.py:622 ] epoch=0089 train_loss=7.904103e-03 train_mse=7.902036e-03 train_cos=0.993960 train_nmse=-19.097dB train_rec=0.000000e+00 train_recT=2.066625e-06 train_fc=0.000000e+00 train_decoder_tail=0.000000e+00
I 07.02/07:59:09 train_mapper.py:622 ] epoch=0090 train_loss=7.852652e-03 train_mse=7.850599e-03 train_cos=0.993997 train_nmse=-19.125dB train_rec=0.000000e+00 train_recT=2.052365e-06 train_fc=0.000000e+00 train_decoder_tail=0.000000e+00
I 07.02/08:00:06 train_mapper.py:622 ] epoch=0091 train_loss=7.797488e-03 train_mse=7.795454e-03 train_cos=0.994036 train_nmse=-19.156dB train_rec=0.000000e+00 train_recT=2.034329e-06 train_fc=0.000000e+00 train_decoder_tail=0.000000e+00
I 07.02/08:01:01 train_mapper.py:622 ] epoch=0092 train_loss=7.752613e-03 train_mse=7.750596e-03 train_cos=0.994071 train_nmse=-19.182dB train_rec=0.000000e+00 train_recT=2.016653e-06 train_fc=0.000000e+00 train_decoder_tail=0.000000e+00
I 07.02/08:01:59 train_mapper.py:622 ] epoch=0093 train_loss=7.710159e-03 train_mse=7.708154e-03 train_cos=0.994101 train_nmse=-19.205dB train_rec=0.000000e+00 train_recT=2.004389e-06 train_fc=0.000000e+00 train_decoder_tail=0.000000e+00
I 07.02/08:02:54 train_mapper.py:622 ] epoch=0094 train_loss=7.663007e-03 train_mse=7.661007e-03 train_cos=0.994136 train_nmse=-19.232dB train_rec=0.000000e+00 train_recT=1.999972e-06 train_fc=0.000000e+00 train_decoder_tail=0.000000e+00
I 07.02/08:03:51 train_mapper.py:622 ] epoch=0095 train_loss=7.610673e-03 train_mse=7.608690e-03 train_cos=0.994175 train_nmse=-19.262dB train_rec=0.000000e+00 train_recT=1.982857e-06 train_fc=0.000000e+00 train_decoder_tail=0.000000e+00
I 07.02/08:04:48 train_mapper.py:622 ] epoch=0096 train_loss=7.586803e-03 train_mse=7.584816e-03 train_cos=0.994193 train_nmse=-19.275dB train_rec=0.000000e+00 train_recT=1.986788e-06 train_fc=0.000000e+00 train_decoder_tail=0.000000e+00
I 07.02/08:05:45 train_mapper.py:622 ] epoch=0097 train_loss=7.528654e-03 train_mse=7.526698e-03 train_cos=0.994236 train_nmse=-19.308dB train_rec=0.000000e+00 train_recT=1.955232e-06 train_fc=0.000000e+00 train_decoder_tail=0.000000e+00
I 07.02/08:06:40 train_mapper.py:622 ] epoch=0098 train_loss=7.499399e-03 train_mse=7.497446e-03 train_cos=0.994257 train_nmse=-19.325dB train_rec=0.000000e+00 train_recT=1.953051e-06 train_fc=0.000000e+00 train_decoder_tail=0.000000e+00
I 07.02/08:07:36 train_mapper.py:622 ] epoch=0099 train_loss=7.457391e-03 train_mse=7.455450e-03 train_cos=0.994288 train_nmse=-19.350dB train_rec=0.000000e+00 train_recT=1.940442e-06 train_fc=0.000000e+00 train_decoder_tail=0.000000e+00
I 07.02/08:08:31 train_mapper.py:622 ] epoch=0100 train_loss=7.419473e-03 train_mse=7.417546e-03 train_cos=0.994314 train_nmse=-19.372dB train_rec=0.000000e+00 train_recT=1.927310e-06 train_fc=0.000000e+00 train_decoder_tail=0.000000e+00
I 07.02/08:09:27 train_mapper.py:622 ] epoch=0101 train_loss=7.370060e-03 train_mse=7.368144e-03 train_cos=0.994352 train_nmse=-19.401dB train_rec=0.000000e+00 train_recT=1.916251e-06 train_fc=0.000000e+00 train_decoder_tail=0.000000e+00
I 07.02/08:10:21 train_mapper.py:622 ] epoch=0102 train_loss=7.308302e-03 train_mse=7.306399e-03 train_cos=0.994399 train_nmse=-19.437dB train_rec=0.000000e+00 train_recT=1.903547e-06 train_fc=0.000000e+00 train_decoder_tail=0.000000e+00
I 07.02/08:11:18 train_mapper.py:622 ] epoch=0103 train_loss=7.295169e-03 train_mse=7.293277e-03 train_cos=0.994409 train_nmse=-19.445dB train_rec=0.000000e+00 train_recT=1.892371e-06 train_fc=0.000000e+00 train_decoder_tail=0.000000e+00
I 07.02/08:12:17 train_mapper.py:622 ] epoch=0104 train_loss=7.246513e-03 train_mse=7.244637e-03 train_cos=0.994443 train_nmse=-19.474dB train_rec=0.000000e+00 train_recT=1.875977e-06 train_fc=0.000000e+00 train_decoder_tail=0.000000e+00
I 07.02/08:13:13 train_mapper.py:622 ] epoch=0105 train_loss=7.237809e-03 train_mse=7.235927e-03 train_cos=0.994450 train_nmse=-19.480dB train_rec=0.000000e+00 train_recT=1.881827e-06 train_fc=0.000000e+00 train_decoder_tail=0.000000e+00
I 07.02/08:14:10 train_mapper.py:622 ] epoch=0106 train_loss=7.177077e-03 train_mse=7.175211e-03 train_cos=0.994497 train_nmse=-19.516dB train_rec=0.000000e+00 train_recT=1.865435e-06 train_fc=0.000000e+00 train_decoder_tail=0.000000e+00
I 07.02/08:15:06 train_mapper.py:622 ] epoch=0107 train_loss=7.150166e-03 train_mse=7.148312e-03 train_cos=0.994517 train_nmse=-19.532dB train_rec=0.000000e+00 train_recT=1.853835e-06 train_fc=0.000000e+00 train_decoder_tail=0.000000e+00
I 07.02/08:16:06 train_mapper.py:622 ] epoch=0108 train_loss=7.121533e-03 train_mse=7.119686e-03 train_cos=0.994538 train_nmse=-19.550dB train_rec=0.000000e+00 train_recT=1.847327e-06 train_fc=0.000000e+00 train_decoder_tail=0.000000e+00
I 07.02/08:17:07 train_mapper.py:622 ] epoch=0109 train_loss=7.076837e-03 train_mse=7.075007e-03 train_cos=0.994571 train_nmse=-19.577dB train_rec=0.000000e+00 train_recT=1.829548e-06 train_fc=0.000000e+00 train_decoder_tail=0.000000e+00
I 07.02/08:18:05 train_mapper.py:622 ] epoch=0110 train_loss=7.053431e-03 train_mse=7.051598e-03 train_cos=0.994587 train_nmse=-19.591dB train_rec=0.000000e+00 train_recT=1.832289e-06 train_fc=0.000000e+00 train_decoder_tail=0.000000e+00
I 07.02/08:19:03 train_mapper.py:622 ] epoch=0111 train_loss=7.024513e-03 train_mse=7.022695e-03 train_cos=0.994610 train_nmse=-19.609dB train_rec=0.000000e+00 train_recT=1.818404e-06 train_fc=0.000000e+00 train_decoder_tail=0.000000e+00
I 07.02/08:19:59 train_mapper.py:622 ] epoch=0112 train_loss=7.000677e-03 train_mse=6.998856e-03 train_cos=0.994629 train_nmse=-19.625dB train_rec=0.000000e+00 train_recT=1.820916e-06 train_fc=0.000000e+00 train_decoder_tail=0.000000e+00
I 07.02/08:20:59 train_mapper.py:622 ] epoch=0113 train_loss=6.941690e-03 train_mse=6.939898e-03 train_cos=0.994671 train_nmse=-19.661dB train_rec=0.000000e+00 train_recT=1.791265e-06 train_fc=0.000000e+00 train_decoder_tail=0.000000e+00
I 07.02/08:21:55 train_mapper.py:622 ] epoch=0114 train_loss=6.915568e-03 train_mse=6.913784e-03 train_cos=0.994690 train_nmse=-19.677dB train_rec=0.000000e+00 train_recT=1.783936e-06 train_fc=0.000000e+00 train_decoder_tail=0.000000e+00
I 07.02/08:22:55 train_mapper.py:622 ] epoch=0115 train_loss=6.881797e-03 train_mse=6.880024e-03 train_cos=0.994714 train_nmse=-19.699dB train_rec=0.000000e+00 train_recT=1.773452e-06 train_fc=0.000000e+00 train_decoder_tail=0.000000e+00
I 07.02/08:23:55 train_mapper.py:622 ] epoch=0116 train_loss=6.860900e-03 train_mse=6.859118e-03 train_cos=0.994733 train_nmse=-19.712dB train_rec=0.000000e+00 train_recT=1.782445e-06 train_fc=0.000000e+00 train_decoder_tail=0.000000e+00
I 07.02/08:24:55 train_mapper.py:622 ] epoch=0117 train_loss=6.836647e-03 train_mse=6.834875e-03 train_cos=0.994748 train_nmse=-19.727dB train_rec=0.000000e+00 train_recT=1.772516e-06 train_fc=0.000000e+00 train_decoder_tail=0.000000e+00
I 07.02/08:25:55 train_mapper.py:622 ] epoch=0118 train_loss=6.794400e-03 train_mse=6.792641e-03 train_cos=0.994781 train_nmse=-19.754dB train_rec=0.000000e+00 train_recT=1.758674e-06 train_fc=0.000000e+00 train_decoder_tail=0.000000e+00
I 07.02/08:26:54 train_mapper.py:622 ] epoch=0119 train_loss=6.761524e-03 train_mse=6.759775e-03 train_cos=0.994805 train_nmse=-19.775dB train_rec=0.000000e+00 train_recT=1.749305e-06 train_fc=0.000000e+00 train_decoder_tail=0.000000e+00
I 07.02/08:27:58 train_mapper.py:622 ] epoch=0120 train_loss=6.741869e-03 train_mse=6.740129e-03 train_cos=0.994820 train_nmse=-19.788dB train_rec=0.000000e+00 train_recT=1.739121e-06 train_fc=0.000000e+00 train_decoder_tail=0.000000e+00
I 07.02/08:29:00 train_mapper.py:622 ] epoch=0121 train_loss=6.708157e-03 train_mse=6.706426e-03 train_cos=0.994845 train_nmse=-19.810dB train_rec=0.000000e+00 train_recT=1.731774e-06 train_fc=0.000000e+00 train_decoder_tail=0.000000e+00
I 07.02/08:30:00 train_mapper.py:622 ] epoch=0122 train_loss=6.690535e-03 train_mse=6.688800e-03 train_cos=0.994859 train_nmse=-19.821dB train_rec=0.000000e+00 train_recT=1.735344e-06 train_fc=0.000000e+00 train_decoder_tail=0.000000e+00
I 07.02/08:31:02 train_mapper.py:622 ] epoch=0123 train_loss=6.662133e-03 train_mse=6.660415e-03 train_cos=0.994879 train_nmse=-19.840dB train_rec=0.000000e+00 train_recT=1.718871e-06 train_fc=0.000000e+00 train_decoder_tail=0.000000e+00
I 07.02/08:32:00 train_mapper.py:622 ] epoch=0124 train_loss=6.630950e-03 train_mse=6.629240e-03 train_cos=0.994904 train_nmse=-19.860dB train_rec=0.000000e+00 train_recT=1.710039e-06 train_fc=0.000000e+00 train_decoder_tail=0.000000e+00
I 07.02/08:33:01 train_mapper.py:622 ] epoch=0125 train_loss=6.604691e-03 train_mse=6.602989e-03 train_cos=0.994924 train_nmse=-19.877dB train_rec=0.000000e+00 train_recT=1.702398e-06 train_fc=0.000000e+00 train_decoder_tail=0.000000e+00
I 07.02/08:34:05 train_mapper.py:622 ] epoch=0126 train_loss=6.567767e-03 train_mse=6.566073e-03 train_cos=0.994951 train_nmse=-19.902dB train_rec=0.000000e+00 train_recT=1.694166e-06 train_fc=0.000000e+00 train_decoder_tail=0.000000e+00
I 07.02/08:35:05 train_mapper.py:622 ] epoch=0127 train_loss=6.561391e-03 train_mse=6.559698e-03 train_cos=0.994956 train_nmse=-19.905dB train_rec=0.000000e+00 train_recT=1.692221e-06 train_fc=0.000000e+00 train_decoder_tail=0.000000e+00
I 07.02/08:36:01 train_mapper.py:622 ] epoch=0128 train_loss=6.521652e-03 train_mse=6.519967e-03 train_cos=0.994985 train_nmse=-19.932dB train_rec=0.000000e+00 train_recT=1.684641e-06 train_fc=0.000000e+00 train_decoder_tail=0.000000e+00
I 07.02/08:37:01 train_mapper.py:622 ] epoch=0129 train_loss=6.510633e-03 train_mse=6.508951e-03 train_cos=0.994993 train_nmse=-19.939dB train_rec=0.000000e+00 train_recT=1.681813e-06 train_fc=0.000000e+00 train_decoder_tail=0.000000e+00
I 07.02/08:37:57 train_mapper.py:622 ] epoch=0130 train_loss=6.476499e-03 train_mse=6.474823e-03 train_cos=0.995019 train_nmse=-19.962dB train_rec=0.000000e+00 train_recT=1.675882e-06 train_fc=0.000000e+00 train_decoder_tail=0.000000e+00
I 07.02/08:38:56 train_mapper.py:622 ] epoch=0131 train_loss=6.461407e-03 train_mse=6.459738e-03 train_cos=0.995030 train_nmse=-19.973dB train_rec=0.000000e+00 train_recT=1.669225e-06 train_fc=0.000000e+00 train_decoder_tail=0.000000e+00
I 07.02/08:39:53 train_mapper.py:622 ] epoch=0132 train_loss=6.427446e-03 train_mse=6.425791e-03 train_cos=0.995055 train_nmse=-19.995dB train_rec=0.000000e+00 train_recT=1.654930e-06 train_fc=0.000000e+00 train_decoder_tail=0.000000e+00
I 07.02/08:40:52 train_mapper.py:622 ] epoch=0133 train_loss=6.394155e-03 train_mse=6.392512e-03 train_cos=0.995081 train_nmse=-20.018dB train_rec=0.000000e+00 train_recT=1.643007e-06 train_fc=0.000000e+00 train_decoder_tail=0.000000e+00
I 07.02/08:41:49 train_mapper.py:622 ] epoch=0134 train_loss=6.371265e-03 train_mse=6.369626e-03 train_cos=0.995098 train_nmse=-20.033dB train_rec=0.000000e+00 train_recT=1.639718e-06 train_fc=0.000000e+00 train_decoder_tail=0.000000e+00
I 07.02/08:42:46 train_mapper.py:622 ] epoch=0135 train_loss=6.359698e-03 train_mse=6.358060e-03 train_cos=0.995106 train_nmse=-20.041dB train_rec=0.000000e+00 train_recT=1.638577e-06 train_fc=0.000000e+00 train_decoder_tail=0.000000e+00
I 07.02/08:43:43 train_mapper.py:622 ] epoch=0136 train_loss=6.322225e-03 train_mse=6.320597e-03 train_cos=0.995136 train_nmse=-20.067dB train_rec=0.000000e+00 train_recT=1.628457e-06 train_fc=0.000000e+00 train_decoder_tail=0.000000e+00
I 07.02/08:44:43 train_mapper.py:622 ] epoch=0137 train_loss=6.319524e-03 train_mse=6.317897e-03 train_cos=0.995135 train_nmse=-20.069dB train_rec=0.000000e+00 train_recT=1.627813e-06 train_fc=0.000000e+00 train_decoder_tail=0.000000e+00
I 07.02/08:45:42 train_mapper.py:622 ] epoch=0138 train_loss=6.296993e-03 train_mse=6.295360e-03 train_cos=0.995154 train_nmse=-20.084dB train_rec=0.000000e+00 train_recT=1.633660e-06 train_fc=0.000000e+00 train_decoder_tail=0.000000e+00
I 07.02/08:46:40 train_mapper.py:622 ] epoch=0139 train_loss=6.269359e-03 train_mse=6.267740e-03 train_cos=0.995174 train_nmse=-20.103dB train_rec=0.000000e+00 train_recT=1.618731e-06 train_fc=0.000000e+00 train_decoder_tail=0.000000e+00
I 07.02/08:47:39 train_mapper.py:622 ] epoch=0140 train_loss=6.233102e-03 train_mse=6.231497e-03 train_cos=0.995203 train_nmse=-20.128dB train_rec=0.000000e+00 train_recT=1.605750e-06 train_fc=0.000000e+00 train_decoder_tail=0.000000e+00
I 07.02/08:48:41 train_mapper.py:622 ] epoch=0141 train_loss=6.216379e-03 train_mse=6.214777e-03 train_cos=0.995213 train_nmse=-20.140dB train_rec=0.000000e+00 train_recT=1.601793e-06 train_fc=0.000000e+00 train_decoder_tail=0.000000e+00
I 07.02/08:49:39 train_mapper.py:622 ] epoch=0142 train_loss=6.196025e-03 train_mse=6.194432e-03 train_cos=0.995231 train_nmse=-20.154dB train_rec=0.000000e+00 train_recT=1.593301e-06 train_fc=0.000000e+00 train_decoder_tail=0.000000e+00
I 07.02/08:50:40 train_mapper.py:622 ] epoch=0143 train_loss=6.196566e-03 train_mse=6.194971e-03 train_cos=0.995231 train_nmse=-20.154dB train_rec=0.000000e+00 train_recT=1.595167e-06 train_fc=0.000000e+00 train_decoder_tail=0.000000e+00
I 07.02/08:51:37 train_mapper.py:622 ] epoch=0144 train_loss=6.163089e-03 train_mse=6.161509e-03 train_cos=0.995254 train_nmse=-20.178dB train_rec=0.000000e+00 train_recT=1.580367e-06 train_fc=0.000000e+00 train_decoder_tail=0.000000e+00
I 07.02/08:52:37 train_mapper.py:622 ] epoch=0145 train_loss=6.144448e-03 train_mse=6.142866e-03 train_cos=0.995269 train_nmse=-20.191dB train_rec=0.000000e+00 train_recT=1.582061e-06 train_fc=0.000000e+00 train_decoder_tail=0.000000e+00
I 07.02/08:53:34 train_mapper.py:622 ] epoch=0146 train_loss=6.127529e-03 train_mse=6.125950e-03 train_cos=0.995281 train_nmse=-20.203dB train_rec=0.000000e+00 train_recT=1.579225e-06 train_fc=0.000000e+00 train_decoder_tail=0.000000e+00
I 07.02/08:54:34 train_mapper.py:622 ] epoch=0147 train_loss=6.095737e-03 train_mse=6.094172e-03 train_cos=0.995305 train_nmse=-20.225dB train_rec=0.000000e+00 train_recT=1.565537e-06 train_fc=0.000000e+00 train_decoder_tail=0.000000e+00
I 07.02/08:55:32 train_mapper.py:622 ] epoch=0148 train_loss=6.084496e-03 train_mse=6.082933e-03 train_cos=0.995315 train_nmse=-20.234dB train_rec=0.000000e+00 train_recT=1.562957e-06 train_fc=0.000000e+00 train_decoder_tail=0.000000e+00
I 07.02/08:56:30 train_mapper.py:622 ] epoch=0149 train_loss=6.055582e-03 train_mse=6.054026e-03 train_cos=0.995334 train_nmse=-20.254dB train_rec=0.000000e+00 train_recT=1.555917e-06 train_fc=0.000000e+00 train_decoder_tail=0.000000e+00
I 07.02/08:57:30 train_mapper.py:622 ] epoch=0150 train_loss=6.050465e-03 train_mse=6.048905e-03 train_cos=0.995340 train_nmse=-20.258dB train_rec=0.000000e+00 train_recT=1.560061e-06 train_fc=0.000000e+00 train_decoder_tail=0.000000e+00
I 07.02/08:58:28 train_mapper.py:622 ] epoch=0151 train_loss=6.026630e-03 train_mse=6.025076e-03 train_cos=0.995358 train_nmse=-20.275dB train_rec=0.000000e+00 train_recT=1.554163e-06 train_fc=0.000000e+00 train_decoder_tail=0.000000e+00
I 07.02/08:59:26 train_mapper.py:622 ] epoch=0152 train_loss=5.994083e-03 train_mse=5.992539e-03 train_cos=0.995383 train_nmse=-20.298dB train_rec=0.000000e+00 train_recT=1.543283e-06 train_fc=0.000000e+00 train_decoder_tail=0.000000e+00
I 07.02/09:00:26 train_mapper.py:622 ] epoch=0153 train_loss=5.975726e-03 train_mse=5.974192e-03 train_cos=0.995396 train_nmse=-20.312dB train_rec=0.000000e+00 train_recT=1.534578e-06 train_fc=0.000000e+00 train_decoder_tail=0.000000e+00
I 07.02/09:01:24 train_mapper.py:622 ] epoch=0154 train_loss=5.971522e-03 train_mse=5.969985e-03 train_cos=0.995399 train_nmse=-20.315dB train_rec=0.000000e+00 train_recT=1.537570e-06 train_fc=0.000000e+00 train_decoder_tail=0.000000e+00
I 07.02/09:02:20 train_mapper.py:622 ] epoch=0155 train_loss=5.939441e-03 train_mse=5.937921e-03 train_cos=0.995423 train_nmse=-20.338dB train_rec=0.000000e+00 train_recT=1.520496e-06 train_fc=0.000000e+00 train_decoder_tail=0.000000e+00
I 07.02/09:03:16 train_mapper.py:622 ] epoch=0156 train_loss=5.943545e-03 train_mse=5.942012e-03 train_cos=0.995419 train_nmse=-20.335dB train_rec=0.000000e+00 train_recT=1.532924e-06 train_fc=0.000000e+00 train_decoder_tail=0.000000e+00
I 07.02/09:04:12 train_mapper.py:622 ] epoch=0157 train_loss=5.903746e-03 train_mse=5.902234e-03 train_cos=0.995450 train_nmse=-20.364dB train_rec=0.000000e+00 train_recT=1.512287e-06 train_fc=0.000000e+00 train_decoder_tail=0.000000e+00
I 07.02/09:05:10 train_mapper.py:622 ] epoch=0158 train_loss=5.897553e-03 train_mse=5.896035e-03 train_cos=0.995454 train_nmse=-20.369dB train_rec=0.000000e+00 train_recT=1.518181e-06 train_fc=0.000000e+00 train_decoder_tail=0.000000e+00
I 07.02/09:06:11 train_mapper.py:622 ] epoch=0159 train_loss=5.872115e-03 train_mse=5.870613e-03 train_cos=0.995473 train_nmse=-20.387dB train_rec=0.000000e+00 train_recT=1.502109e-06 train_fc=0.000000e+00 train_decoder_tail=0.000000e+00
I 07.02/09:07:07 train_mapper.py:622 ] epoch=0160 train_loss=5.861740e-03 train_mse=5.860232e-03 train_cos=0.995480 train_nmse=-20.395dB train_rec=0.000000e+00 train_recT=1.507856e-06 train_fc=0.000000e+00 train_decoder_tail=0.000000e+00
I 07.02/09:08:04 train_mapper.py:622 ] epoch=0161 train_loss=5.842747e-03 train_mse=5.841244e-03 train_cos=0.995496 train_nmse=-20.410dB train_rec=0.000000e+00 train_recT=1.502771e-06 train_fc=0.000000e+00 train_decoder_tail=0.000000e+00
I 07.02/09:09:04 train_mapper.py:622 ] epoch=0162 train_loss=5.818498e-03 train_mse=5.817012e-03 train_cos=0.995514 train_nmse=-20.427dB train_rec=0.000000e+00 train_recT=1.485969e-06 train_fc=0.000000e+00 train_decoder_tail=0.000000e+00
I 07.02/09:10:04 train_mapper.py:622 ] epoch=0163 train_loss=5.811471e-03 train_mse=5.809979e-03 train_cos=0.995520 train_nmse=-20.433dB train_rec=0.000000e+00 train_recT=1.491796e-06 train_fc=0.000000e+00 train_decoder_tail=0.000000e+00
I 07.02/09:11:05 train_mapper.py:622 ] epoch=0164 train_loss=5.796985e-03 train_mse=5.795499e-03 train_cos=0.995531 train_nmse=-20.443dB train_rec=0.000000e+00 train_recT=1.486287e-06 train_fc=0.000000e+00 train_decoder_tail=0.000000e+00
I 07.02/09:11:54 train_mapper.py:622 ] epoch=0165 train_loss=5.772740e-03 train_mse=5.771254e-03 train_cos=0.995549 train_nmse=-20.462dB train_rec=0.000000e+00 train_recT=1.486055e-06 train_fc=0.000000e+00 train_decoder_tail=0.000000e+00
I 07.02/09:12:50 train_mapper.py:622 ] epoch=0166 train_loss=5.751240e-03 train_mse=5.749767e-03 train_cos=0.995564 train_nmse=-20.478dB train_rec=0.000000e+00 train_recT=1.473713e-06 train_fc=0.000000e+00 train_decoder_tail=0.000000e+00
I 07.02/09:13:47 train_mapper.py:622 ] epoch=0167 train_loss=5.739823e-03 train_mse=5.738341e-03 train_cos=0.995574 train_nmse=-20.486dB train_rec=0.000000e+00 train_recT=1.481641e-06 train_fc=0.000000e+00 train_decoder_tail=0.000000e+00
I 07.02/09:14:46 train_mapper.py:622 ] epoch=0168 train_loss=5.712122e-03 train_mse=5.710664e-03 train_cos=0.995594 train_nmse=-20.508dB train_rec=0.000000e+00 train_recT=1.458312e-06 train_fc=0.000000e+00 train_decoder_tail=0.000000e+00
I 07.02/09:15:41 train_mapper.py:622 ] epoch=0169 train_loss=5.712390e-03 train_mse=5.710929e-03 train_cos=0.995593 train_nmse=-20.507dB train_rec=0.000000e+00 train_recT=1.461044e-06 train_fc=0.000000e+00 train_decoder_tail=0.000000e+00
I 07.02/09:16:42 train_mapper.py:622 ] epoch=0170 train_loss=5.701380e-03 train_mse=5.699915e-03 train_cos=0.995602 train_nmse=-20.516dB train_rec=0.000000e+00 train_recT=1.465223e-06 train_fc=0.000000e+00 train_decoder_tail=0.000000e+00
I 07.02/09:17:43 train_mapper.py:622 ] epoch=0171 train_loss=5.675207e-03 train_mse=5.673753e-03 train_cos=0.995621 train_nmse=-20.536dB train_rec=0.000000e+00 train_recT=1.454550e-06 train_fc=0.000000e+00 train_decoder_tail=0.000000e+00
I 07.02/09:18:39 train_mapper.py:622 ] epoch=0172 train_loss=5.662656e-03 train_mse=5.661202e-03 train_cos=0.995631 train_nmse=-20.545dB train_rec=0.000000e+00 train_recT=1.454354e-06 train_fc=0.000000e+00 train_decoder_tail=0.000000e+00
I 07.02/09:19:36 train_mapper.py:622 ] epoch=0173 train_loss=5.653232e-03 train_mse=5.651783e-03 train_cos=0.995640 train_nmse=-20.552dB train_rec=0.000000e+00 train_recT=1.449002e-06 train_fc=0.000000e+00 train_decoder_tail=0.000000e+00
I 07.02/09:20:31 train_mapper.py:622 ] epoch=0174 train_loss=5.630465e-03 train_mse=5.629024e-03 train_cos=0.995656 train_nmse=-20.570dB train_rec=0.000000e+00 train_recT=1.440959e-06 train_fc=0.000000e+00 train_decoder_tail=0.000000e+00
I 07.02/09:21:28 train_mapper.py:622 ] epoch=0175 train_loss=5.627022e-03 train_mse=5.625579e-03 train_cos=0.995659 train_nmse=-20.573dB train_rec=0.000000e+00 train_recT=1.442720e-06 train_fc=0.000000e+00 train_decoder_tail=0.000000e+00
I 07.02/09:22:27 train_mapper.py:622 ] epoch=0176 train_loss=5.613701e-03 train_mse=5.612262e-03 train_cos=0.995669 train_nmse=-20.583dB train_rec=0.000000e+00 train_recT=1.438312e-06 train_fc=0.000000e+00 train_decoder_tail=0.000000e+00
I 07.02/09:23:21 train_mapper.py:622 ] epoch=0177 train_loss=5.605288e-03 train_mse=5.603849e-03 train_cos=0.995674 train_nmse=-20.589dB train_rec=0.000000e+00 train_recT=1.439629e-06 train_fc=0.000000e+00 train_decoder_tail=0.000000e+00
I 07.02/09:24:15 train_mapper.py:622 ] epoch=0178 train_loss=5.582526e-03 train_mse=5.581092e-03 train_cos=0.995692 train_nmse=-20.607dB train_rec=0.000000e+00 train_recT=1.433638e-06 train_fc=0.000000e+00 train_decoder_tail=0.000000e+00
I 07.02/09:25:15 train_mapper.py:622 ] epoch=0179 train_loss=5.559147e-03 train_mse=5.557724e-03 train_cos=0.995709 train_nmse=-20.625dB train_rec=0.000000e+00 train_recT=1.422599e-06 train_fc=0.000000e+00 train_decoder_tail=0.000000e+00
I 07.02/09:26:13 train_mapper.py:622 ] epoch=0180 train_loss=5.542331e-03 train_mse=5.540907e-03 train_cos=0.995724 train_nmse=-20.638dB train_rec=0.000000e+00 train_recT=1.424204e-06 train_fc=0.000000e+00 train_decoder_tail=0.000000e+00
I 07.02/09:27:11 train_mapper.py:622 ] epoch=0181 train_loss=5.530270e-03 train_mse=5.528854e-03 train_cos=0.995732 train_nmse=-20.648dB train_rec=0.000000e+00 train_recT=1.416326e-06 train_fc=0.000000e+00 train_decoder_tail=0.000000e+00
I 07.02/09:28:11 train_mapper.py:622 ] epoch=0182 train_loss=5.521908e-03 train_mse=5.520493e-03 train_cos=0.995737 train_nmse=-20.655dB train_rec=0.000000e+00 train_recT=1.414826e-06 train_fc=0.000000e+00 train_decoder_tail=0.000000e+00
I 07.02/09:29:11 train_mapper.py:622 ] epoch=0183 train_loss=5.501007e-03 train_mse=5.499600e-03 train_cos=0.995755 train_nmse=-20.671dB train_rec=0.000000e+00 train_recT=1.406806e-06 train_fc=0.000000e+00 train_decoder_tail=0.000000e+00
I 07.02/09:30:11 train_mapper.py:622 ] epoch=0184 train_loss=5.492416e-03 train_mse=5.491012e-03 train_cos=0.995760 train_nmse=-20.678dB train_rec=0.000000e+00 train_recT=1.404324e-06 train_fc=0.000000e+00 train_decoder_tail=0.000000e+00
I 07.02/09:31:09 train_mapper.py:622 ] epoch=0185 train_loss=5.477914e-03 train_mse=5.476510e-03 train_cos=0.995772 train_nmse=-20.689dB train_rec=0.000000e+00 train_recT=1.404312e-06 train_fc=0.000000e+00 train_decoder_tail=0.000000e+00
I 07.02/09:32:08 train_mapper.py:622 ] epoch=0186 train_loss=5.463562e-03 train_mse=5.462161e-03 train_cos=0.995782 train_nmse=-20.701dB train_rec=0.000000e+00 train_recT=1.401333e-06 train_fc=0.000000e+00 train_decoder_tail=0.000000e+00
I 07.02/09:33:07 train_mapper.py:622 ] epoch=0187 train_loss=5.454837e-03 train_mse=5.453443e-03 train_cos=0.995789 train_nmse=-20.707dB train_rec=0.000000e+00 train_recT=1.393664e-06 train_fc=0.000000e+00 train_decoder_tail=0.000000e+00
I 07.02/09:34:00 train_mapper.py:622 ] epoch=0188 train_loss=5.458742e-03 train_mse=5.457333e-03 train_cos=0.995785 train_nmse=-20.704dB train_rec=0.000000e+00 train_recT=1.409410e-06 train_fc=0.000000e+00 train_decoder_tail=0.000000e+00
I 07.02/09:34:56 train_mapper.py:622 ] epoch=0189 train_loss=5.421726e-03 train_mse=5.420340e-03 train_cos=0.995814 train_nmse=-20.734dB train_rec=0.000000e+00 train_recT=1.385838e-06 train_fc=0.000000e+00 train_decoder_tail=0.000000e+00
I 07.02/09:35:54 train_mapper.py:622 ] epoch=0190 train_loss=5.414370e-03 train_mse=5.412982e-03 train_cos=0.995820 train_nmse=-20.740dB train_rec=0.000000e+00 train_recT=1.388123e-06 train_fc=0.000000e+00 train_decoder_tail=0.000000e+00
I 07.02/09:36:54 train_mapper.py:622 ] epoch=0191 train_loss=5.398473e-03 train_mse=5.397093e-03 train_cos=0.995830 train_nmse=-20.753dB train_rec=0.000000e+00 train_recT=1.380540e-06 train_fc=0.000000e+00 train_decoder_tail=0.000000e+00
I 07.02/09:37:53 train_mapper.py:622 ] epoch=0192 train_loss=5.385400e-03 train_mse=5.384024e-03 train_cos=0.995843 train_nmse=-20.763dB train_rec=0.000000e+00 train_recT=1.376545e-06 train_fc=0.000000e+00 train_decoder_tail=0.000000e+00
I 07.02/09:38:50 train_mapper.py:622 ] epoch=0193 train_loss=5.363874e-03 train_mse=5.362500e-03 train_cos=0.995857 train_nmse=-20.781dB train_rec=0.000000e+00 train_recT=1.374188e-06 train_fc=0.000000e+00 train_decoder_tail=0.000000e+00
I 07.02/09:39:46 train_mapper.py:622 ] epoch=0194 train_loss=5.360823e-03 train_mse=5.359451e-03 train_cos=0.995859 train_nmse=-20.783dB train_rec=0.000000e+00 train_recT=1.372697e-06 train_fc=0.000000e+00 train_decoder_tail=0.000000e+00
I 07.02/09:40:41 train_mapper.py:622 ] epoch=0195 train_loss=5.357291e-03 train_mse=5.355918e-03 train_cos=0.995862 train_nmse=-20.786dB train_rec=0.000000e+00 train_recT=1.372867e-06 train_fc=0.000000e+00 train_decoder_tail=0.000000e+00
I 07.02/09:41:40 train_mapper.py:622 ] epoch=0196 train_loss=5.342305e-03 train_mse=5.340936e-03 train_cos=0.995874 train_nmse=-20.798dB train_rec=0.000000e+00 train_recT=1.369156e-06 train_fc=0.000000e+00 train_decoder_tail=0.000000e+00
I 07.02/09:42:38 train_mapper.py:622 ] epoch=0197 train_loss=5.314307e-03 train_mse=5.312954e-03 train_cos=0.995894 train_nmse=-20.821dB train_rec=0.000000e+00 train_recT=1.353100e-06 train_fc=0.000000e+00 train_decoder_tail=0.000000e+00
I 07.02/09:43:35 train_mapper.py:622 ] epoch=0198 train_loss=5.305242e-03 train_mse=5.303885e-03 train_cos=0.995901 train_nmse=-20.828dB train_rec=0.000000e+00 train_recT=1.356457e-06 train_fc=0.000000e+00 train_decoder_tail=0.000000e+00
I 07.02/09:44:33 train_mapper.py:622 ] epoch=0199 train_loss=5.303722e-03 train_mse=5.302364e-03 train_cos=0.995903 train_nmse=-20.830dB train_rec=0.000000e+00 train_recT=1.357609e-06 train_fc=0.000000e+00 train_decoder_tail=0.000000e+00
I 07.02/09:45:32 train_mapper.py:622 ] epoch=0200 train_loss=5.300202e-03 train_mse=5.298848e-03 train_cos=0.995906 train_nmse=-20.833dB train_rec=0.000000e+00 train_recT=1.353947e-06 train_fc=0.000000e+00 train_decoder_tail=0.000000e+00
I 07.02/09:46:32 train_mapper.py:622 ] epoch=0201 train_loss=5.288237e-03 train_mse=5.286880e-03 train_cos=0.995915 train_nmse=-20.842dB train_rec=0.000000e+00 train_recT=1.356379e-06 train_fc=0.000000e+00 train_decoder_tail=0.000000e+00
I 07.02/09:47:28 train_mapper.py:622 ] epoch=0202 train_loss=5.263569e-03 train_mse=5.262223e-03 train_cos=0.995934 train_nmse=-20.863dB train_rec=0.000000e+00 train_recT=1.346120e-06 train_fc=0.000000e+00 train_decoder_tail=0.000000e+00
I 07.02/09:48:27 train_mapper.py:622 ] epoch=0203 train_loss=5.253721e-03 train_mse=5.252379e-03 train_cos=0.995943 train_nmse=-20.870dB train_rec=0.000000e+00 train_recT=1.341976e-06 train_fc=0.000000e+00 train_decoder_tail=0.000000e+00
I 07.02/09:49:23 train_mapper.py:622 ] epoch=0204 train_loss=5.245186e-03 train_mse=5.243849e-03 train_cos=0.995946 train_nmse=-20.878dB train_rec=0.000000e+00 train_recT=1.336050e-06 train_fc=0.000000e+00 train_decoder_tail=0.000000e+00
I 07.02/09:50:20 train_mapper.py:622 ] epoch=0205 train_loss=5.235126e-03 train_mse=5.233791e-03 train_cos=0.995955 train_nmse=-20.886dB train_rec=0.000000e+00 train_recT=1.335460e-06 train_fc=0.000000e+00 train_decoder_tail=0.000000e+00
I 07.02/09:51:18 train_mapper.py:622 ] epoch=0206 train_loss=5.230973e-03 train_mse=5.229634e-03 train_cos=0.995958 train_nmse=-20.889dB train_rec=0.000000e+00 train_recT=1.339434e-06 train_fc=0.000000e+00 train_decoder_tail=0.000000e+00
I 07.02/09:52:14 train_mapper.py:622 ] epoch=0207 train_loss=5.202773e-03 train_mse=5.201443e-03 train_cos=0.995979 train_nmse=-20.913dB train_rec=0.000000e+00 train_recT=1.329959e-06 train_fc=0.000000e+00 train_decoder_tail=0.000000e+00
I 07.02/09:53:06 train_mapper.py:622 ] epoch=0208 train_loss=5.201879e-03 train_mse=5.200548e-03 train_cos=0.995981 train_nmse=-20.914dB train_rec=0.000000e+00 train_recT=1.330929e-06 train_fc=0.000000e+00 train_decoder_tail=0.000000e+00
I 07.02/09:54:04 train_mapper.py:622 ] epoch=0209 train_loss=5.200769e-03 train_mse=5.199439e-03 train_cos=0.995982 train_nmse=-20.915dB train_rec=0.000000e+00 train_recT=1.330383e-06 train_fc=0.000000e+00 train_decoder_tail=0.000000e+00
I 07.02/09:55:01 train_mapper.py:622 ] epoch=0210 train_loss=5.178632e-03 train_mse=5.177312e-03 train_cos=0.995997 train_nmse=-20.933dB train_rec=0.000000e+00 train_recT=1.319987e-06 train_fc=0.000000e+00 train_decoder_tail=0.000000e+00
I 07.02/09:56:00 train_mapper.py:622 ] epoch=0211 train_loss=5.154930e-03 train_mse=5.153615e-03 train_cos=0.996016 train_nmse=-20.953dB train_rec=0.000000e+00 train_recT=1.314373e-06 train_fc=0.000000e+00 train_decoder_tail=0.000000e+00
I 07.02/09:57:00 train_mapper.py:622 ] epoch=0212 train_loss=5.168780e-03 train_mse=5.167449e-03 train_cos=0.996005 train_nmse=-20.942dB train_rec=0.000000e+00 train_recT=1.331830e-06 train_fc=0.000000e+00 train_decoder_tail=0.000000e+00
I 07.02/09:57:55 train_mapper.py:622 ] epoch=0213 train_loss=5.148328e-03 train_mse=5.147017e-03 train_cos=0.996021 train_nmse=-20.959dB train_rec=0.000000e+00 train_recT=1.310111e-06 train_fc=0.000000e+00 train_decoder_tail=0.000000e+00
I 07.02/09:58:51 train_mapper.py:622 ] epoch=0214 train_loss=5.137028e-03 train_mse=5.135712e-03 train_cos=0.996030 train_nmse=-20.968dB train_rec=0.000000e+00 train_recT=1.315229e-06 train_fc=0.000000e+00 train_decoder_tail=0.000000e+00
I 07.02/09:59:47 train_mapper.py:622 ] epoch=0215 train_loss=5.125200e-03 train_mse=5.123891e-03 train_cos=0.996038 train_nmse=-20.979dB train_rec=0.000000e+00 train_recT=1.309309e-06 train_fc=0.000000e+00 train_decoder_tail=0.000000e+00
I 07.02/10:00:40 train_mapper.py:622 ] epoch=0216 train_loss=5.127473e-03 train_mse=5.126163e-03 train_cos=0.996038 train_nmse=-20.976dB train_rec=0.000000e+00 train_recT=1.310358e-06 train_fc=0.000000e+00 train_decoder_tail=0.000000e+00
I 07.02/10:01:36 train_mapper.py:622 ] epoch=0217 train_loss=5.112034e-03 train_mse=5.110729e-03 train_cos=0.996050 train_nmse=-20.989dB train_rec=0.000000e+00 train_recT=1.305031e-06 train_fc=0.000000e+00 train_decoder_tail=0.000000e+00
I 07.02/10:02:32 train_mapper.py:622 ] epoch=0218 train_loss=5.093109e-03 train_mse=5.091809e-03 train_cos=0.996063 train_nmse=-21.006dB train_rec=0.000000e+00 train_recT=1.299938e-06 train_fc=0.000000e+00 train_decoder_tail=0.000000e+00
I 07.02/10:03:29 train_mapper.py:622 ] epoch=0219 train_loss=5.067587e-03 train_mse=5.066293e-03 train_cos=0.996083 train_nmse=-21.028dB train_rec=0.000000e+00 train_recT=1.293956e-06 train_fc=0.000000e+00 train_decoder_tail=0.000000e+00
I 07.02/10:04:25 train_mapper.py:622 ] epoch=0220 train_loss=5.080613e-03 train_mse=5.079313e-03 train_cos=0.996073 train_nmse=-21.016dB train_rec=0.000000e+00 train_recT=1.300060e-06 train_fc=0.000000e+00 train_decoder_tail=0.000000e+00
I 07.02/10:05:16 train_mapper.py:622 ] epoch=0221 train_loss=5.065294e-03 train_mse=5.064001e-03 train_cos=0.996084 train_nmse=-21.030dB train_rec=0.000000e+00 train_recT=1.292811e-06 train_fc=0.000000e+00 train_decoder_tail=0.000000e+00
I 07.02/10:06:11 train_mapper.py:622 ] epoch=0222 train_loss=5.052900e-03 train_mse=5.051609e-03 train_cos=0.996093 train_nmse=-21.040dB train_rec=0.000000e+00 train_recT=1.290309e-06 train_fc=0.000000e+00 train_decoder_tail=0.000000e+00
I 07.02/10:07:03 train_mapper.py:622 ] epoch=0223 train_loss=5.045094e-03 train_mse=5.043806e-03 train_cos=0.996100 train_nmse=-21.047dB train_rec=0.000000e+00 train_recT=1.287533e-06 train_fc=0.000000e+00 train_decoder_tail=0.000000e+00
I 07.02/10:07:55 train_mapper.py:622 ] epoch=0224 train_loss=5.033384e-03 train_mse=5.032097e-03 train_cos=0.996108 train_nmse=-21.057dB train_rec=0.000000e+00 train_recT=1.286660e-06 train_fc=0.000000e+00 train_decoder_tail=0.000000e+00
I 07.02/10:08:47 train_mapper.py:622 ] epoch=0225 train_loss=5.016291e-03 train_mse=5.015013e-03 train_cos=0.996122 train_nmse=-21.072dB train_rec=0.000000e+00 train_recT=1.278206e-06 train_fc=0.000000e+00 train_decoder_tail=0.000000e+00
I 07.02/10:09:41 train_mapper.py:622 ] epoch=0226 train_loss=5.012718e-03 train_mse=5.011438e-03 train_cos=0.996124 train_nmse=-21.075dB train_rec=0.000000e+00 train_recT=1.280085e-06 train_fc=0.000000e+00 train_decoder_tail=0.000000e+00
I 07.02/10:10:35 train_mapper.py:622 ] epoch=0227 train_loss=5.004416e-03 train_mse=5.003133e-03 train_cos=0.996131 train_nmse=-21.082dB train_rec=0.000000e+00 train_recT=1.282379e-06 train_fc=0.000000e+00 train_decoder_tail=0.000000e+00
I 07.02/10:11:28 train_mapper.py:622 ] epoch=0228 train_loss=4.992329e-03 train_mse=4.991054e-03 train_cos=0.996140 train_nmse=-21.092dB train_rec=0.000000e+00 train_recT=1.274666e-06 train_fc=0.000000e+00 train_decoder_tail=0.000000e+00
I 07.02/10:12:19 train_mapper.py:622 ] epoch=0229 train_loss=4.991321e-03 train_mse=4.990045e-03 train_cos=0.996140 train_nmse=-21.093dB train_rec=0.000000e+00 train_recT=1.275559e-06 train_fc=0.000000e+00 train_decoder_tail=0.000000e+00
I 07.02/10:13:12 train_mapper.py:622 ] epoch=0230 train_loss=4.978256e-03 train_mse=4.976983e-03 train_cos=0.996151 train_nmse=-21.104dB train_rec=0.000000e+00 train_recT=1.272981e-06 train_fc=0.000000e+00 train_decoder_tail=0.000000e+00
I 07.02/10:14:05 train_mapper.py:622 ] epoch=0231 train_loss=4.957791e-03 train_mse=4.956530e-03 train_cos=0.996166 train_nmse=-21.122dB train_rec=0.000000e+00 train_recT=1.261406e-06 train_fc=0.000000e+00 train_decoder_tail=0.000000e+00
I 07.02/10:14:58 train_mapper.py:622 ] epoch=0232 train_loss=4.954984e-03 train_mse=4.953718e-03 train_cos=0.996167 train_nmse=-21.125dB train_rec=0.000000e+00 train_recT=1.265870e-06 train_fc=0.000000e+00 train_decoder_tail=0.000000e+00
I 07.02/10:15:51 train_mapper.py:622 ] epoch=0233 train_loss=4.943040e-03 train_mse=4.941779e-03 train_cos=0.996176 train_nmse=-21.135dB train_rec=0.000000e+00 train_recT=1.261598e-06 train_fc=0.000000e+00 train_decoder_tail=0.000000e+00
I 07.02/10:16:47 train_mapper.py:622 ] epoch=0234 train_loss=4.941755e-03 train_mse=4.940495e-03 train_cos=0.996179 train_nmse=-21.137dB train_rec=0.000000e+00 train_recT=1.259665e-06 train_fc=0.000000e+00 train_decoder_tail=0.000000e+00
I 07.02/10:17:42 train_mapper.py:622 ] epoch=0235 train_loss=4.928264e-03 train_mse=4.927006e-03 train_cos=0.996188 train_nmse=-21.148dB train_rec=0.000000e+00 train_recT=1.257832e-06 train_fc=0.000000e+00 train_decoder_tail=0.000000e+00
I 07.02/10:18:39 train_mapper.py:622 ] epoch=0236 train_loss=4.934162e-03 train_mse=4.932905e-03 train_cos=0.996184 train_nmse=-21.143dB train_rec=0.000000e+00 train_recT=1.256992e-06 train_fc=0.000000e+00 train_decoder_tail=0.000000e+00
I 07.02/10:19:30 train_mapper.py:622 ] epoch=0237 train_loss=4.897308e-03 train_mse=4.896061e-03 train_cos=0.996213 train_nmse=-21.176dB train_rec=0.000000e+00 train_recT=1.247299e-06 train_fc=0.000000e+00 train_decoder_tail=0.000000e+00
I 07.02/10:20:22 train_mapper.py:622 ] epoch=0238 train_loss=4.917283e-03 train_mse=4.916024e-03 train_cos=0.996197 train_nmse=-21.158dB train_rec=0.000000e+00 train_recT=1.259397e-06 train_fc=0.000000e+00 train_decoder_tail=0.000000e+00
I 07.02/10:21:14 train_mapper.py:622 ] epoch=0239 train_loss=4.898379e-03 train_mse=4.897126e-03 train_cos=0.996213 train_nmse=-21.175dB train_rec=0.000000e+00 train_recT=1.252755e-06 train_fc=0.000000e+00 train_decoder_tail=0.000000e+00
I 07.02/10:22:07 train_mapper.py:622 ] epoch=0240 train_loss=4.881374e-03 train_mse=4.880128e-03 train_cos=0.996225 train_nmse=-21.190dB train_rec=0.000000e+00 train_recT=1.245876e-06 train_fc=0.000000e+00 train_decoder_tail=0.000000e+00
I 07.02/10:22:57 train_mapper.py:622 ] epoch=0241 train_loss=4.868909e-03 train_mse=4.867672e-03 train_cos=0.996234 train_nmse=-21.201dB train_rec=0.000000e+00 train_recT=1.237186e-06 train_fc=0.000000e+00 train_decoder_tail=0.000000e+00
I 07.02/10:23:48 train_mapper.py:622 ] epoch=0242 train_loss=4.873879e-03 train_mse=4.872638e-03 train_cos=0.996230 train_nmse=-21.196dB train_rec=0.000000e+00 train_recT=1.240915e-06 train_fc=0.000000e+00 train_decoder_tail=0.000000e+00
I 07.02/10:24:39 train_mapper.py:622 ] epoch=0243 train_loss=4.867283e-03 train_mse=4.866039e-03 train_cos=0.996234 train_nmse=-21.203dB train_rec=0.000000e+00 train_recT=1.243810e-06 train_fc=0.000000e+00 train_decoder_tail=0.000000e+00
I 07.02/10:25:32 train_mapper.py:622 ] epoch=0244 train_loss=4.856157e-03 train_mse=4.854919e-03 train_cos=0.996243 train_nmse=-21.213dB train_rec=0.000000e+00 train_recT=1.238726e-06 train_fc=0.000000e+00 train_decoder_tail=0.000000e+00
I 07.02/10:26:24 train_mapper.py:622 ] epoch=0245 train_loss=4.843906e-03 train_mse=4.842671e-03 train_cos=0.996254 train_nmse=-21.223dB train_rec=0.000000e+00 train_recT=1.235354e-06 train_fc=0.000000e+00 train_decoder_tail=0.000000e+00
I 07.02/10:27:15 train_mapper.py:622 ] epoch=0246 train_loss=4.830220e-03 train_mse=4.828986e-03 train_cos=0.996263 train_nmse=-21.236dB train_rec=0.000000e+00 train_recT=1.233852e-06 train_fc=0.000000e+00 train_decoder_tail=0.000000e+00
I 07.02/10:28:08 train_mapper.py:622 ] epoch=0247 train_loss=4.822926e-03 train_mse=4.821693e-03 train_cos=0.996268 train_nmse=-21.242dB train_rec=0.000000e+00 train_recT=1.232882e-06 train_fc=0.000000e+00 train_decoder_tail=0.000000e+00
I 07.02/10:28:57 train_mapper.py:622 ] epoch=0248 train_loss=4.811300e-03 train_mse=4.810073e-03 train_cos=0.996277 train_nmse=-21.253dB train_rec=0.000000e+00 train_recT=1.227693e-06 train_fc=0.000000e+00 train_decoder_tail=0.000000e+00
I 07.02/10:29:50 train_mapper.py:622 ] epoch=0249 train_loss=4.815710e-03 train_mse=4.814477e-03 train_cos=0.996274 train_nmse=-21.249dB train_rec=0.000000e+00 train_recT=1.232739e-06 train_fc=0.000000e+00 train_decoder_tail=0.000000e+00
I 07.02/10:30:43 train_mapper.py:622 ] epoch=0250 train_loss=4.798758e-03 train_mse=4.797535e-03 train_cos=0.996288 train_nmse=-21.264dB train_rec=0.000000e+00 train_recT=1.222563e-06 train_fc=0.000000e+00 train_decoder_tail=0.000000e+00
I 07.02/10:31:33 train_mapper.py:622 ] epoch=0251 train_loss=4.791984e-03 train_mse=4.790763e-03 train_cos=0.996292 train_nmse=-21.270dB train_rec=0.000000e+00 train_recT=1.220874e-06 train_fc=0.000000e+00 train_decoder_tail=0.000000e+00
I 07.02/10:32:23 train_mapper.py:622 ] epoch=0252 train_loss=4.781556e-03 train_mse=4.780336e-03 train_cos=0.996301 train_nmse=-21.279dB train_rec=0.000000e+00 train_recT=1.220432e-06 train_fc=0.000000e+00 train_decoder_tail=0.000000e+00
I 07.02/10:33:15 train_mapper.py:622 ] epoch=0253 train_loss=4.776332e-03 train_mse=4.775114e-03 train_cos=0.996305 train_nmse=-21.284dB train_rec=0.000000e+00 train_recT=1.218492e-06 train_fc=0.000000e+00 train_decoder_tail=0.000000e+00
I 07.02/10:34:05 train_mapper.py:622 ] epoch=0254 train_loss=4.772175e-03 train_mse=4.770956e-03 train_cos=0.996307 train_nmse=-21.288dB train_rec=0.000000e+00 train_recT=1.219278e-06 train_fc=0.000000e+00 train_decoder_tail=0.000000e+00
I 07.02/10:34:52 train_mapper.py:622 ] epoch=0255 train_loss=4.745846e-03 train_mse=4.744638e-03 train_cos=0.996327 train_nmse=-21.312dB train_rec=0.000000e+00 train_recT=1.207647e-06 train_fc=0.000000e+00 train_decoder_tail=0.000000e+00
I 07.02/10:35:41 train_mapper.py:622 ] epoch=0256 train_loss=4.752838e-03 train_mse=4.751627e-03 train_cos=0.996324 train_nmse=-21.306dB train_rec=0.000000e+00 train_recT=1.210965e-06 train_fc=0.000000e+00 train_decoder_tail=0.000000e+00
I 07.02/10:36:30 train_mapper.py:622 ] epoch=0257 train_loss=4.747037e-03 train_mse=4.745820e-03 train_cos=0.996327 train_nmse=-21.311dB train_rec=0.000000e+00 train_recT=1.216695e-06 train_fc=0.000000e+00 train_decoder_tail=0.000000e+00
I 07.02/10:37:19 train_mapper.py:622 ] epoch=0258 train_loss=4.730048e-03 train_mse=4.728845e-03 train_cos=0.996339 train_nmse=-21.327dB train_rec=0.000000e+00 train_recT=1.202490e-06 train_fc=0.000000e+00 train_decoder_tail=0.000000e+00
I 07.02/10:38:10 train_mapper.py:622 ] epoch=0259 train_loss=4.726428e-03 train_mse=4.725221e-03 train_cos=0.996343 train_nmse=-21.330dB train_rec=0.000000e+00 train_recT=1.206561e-06 train_fc=0.000000e+00 train_decoder_tail=0.000000e+00
I 07.02/10:38:57 train_mapper.py:622 ] epoch=0260 train_loss=4.717931e-03 train_mse=4.716730e-03 train_cos=0.996349 train_nmse=-21.338dB train_rec=0.000000e+00 train_recT=1.200701e-06 train_fc=0.000000e+00 train_decoder_tail=0.000000e+00
I 07.02/10:39:49 train_mapper.py:622 ] epoch=0261 train_loss=4.714646e-03 train_mse=4.713446e-03 train_cos=0.996351 train_nmse=-21.341dB train_rec=0.000000e+00 train_recT=1.200444e-06 train_fc=0.000000e+00 train_decoder_tail=0.000000e+00
I 07.02/10:40:41 train_mapper.py:622 ] epoch=0262 train_loss=4.706997e-03 train_mse=4.705793e-03 train_cos=0.996358 train_nmse=-21.348dB train_rec=0.000000e+00 train_recT=1.204341e-06 train_fc=0.000000e+00 train_decoder_tail=0.000000e+00
I 07.02/10:41:32 train_mapper.py:622 ] epoch=0263 train_loss=4.696954e-03 train_mse=4.695759e-03 train_cos=0.996365 train_nmse=-21.357dB train_rec=0.000000e+00 train_recT=1.194812e-06 train_fc=0.000000e+00 train_decoder_tail=0.000000e+00
I 07.02/10:42:22 train_mapper.py:622 ] epoch=0264 train_loss=4.686554e-03 train_mse=4.685359e-03 train_cos=0.996374 train_nmse=-21.367dB train_rec=0.000000e+00 train_recT=1.194913e-06 train_fc=0.000000e+00 train_decoder_tail=0.000000e+00
I 07.02/10:43:12 train_mapper.py:622 ] epoch=0265 train_loss=4.671236e-03 train_mse=4.670047e-03 train_cos=0.996385 train_nmse=-21.381dB train_rec=0.000000e+00 train_recT=1.189217e-06 train_fc=0.000000e+00 train_decoder_tail=0.000000e+00
I 07.02/10:44:03 train_mapper.py:622 ] epoch=0266 train_loss=4.686027e-03 train_mse=4.684828e-03 train_cos=0.996374 train_nmse=-21.367dB train_rec=0.000000e+00 train_recT=1.198499e-06 train_fc=0.000000e+00 train_decoder_tail=0.000000e+00
I 07.02/10:44:50 train_mapper.py:622 ] epoch=0267 train_loss=4.671778e-03 train_mse=4.670591e-03 train_cos=0.996385 train_nmse=-21.380dB train_rec=0.000000e+00 train_recT=1.186483e-06 train_fc=0.000000e+00 train_decoder_tail=0.000000e+00
I 07.02/10:45:37 train_mapper.py:622 ] epoch=0268 train_loss=4.649046e-03 train_mse=4.647864e-03 train_cos=0.996403 train_nmse=-21.402dB train_rec=0.000000e+00 train_recT=1.181787e-06 train_fc=0.000000e+00 train_decoder_tail=0.000000e+00
I 07.02/10:46:23 train_mapper.py:622 ] epoch=0269 train_loss=4.654231e-03 train_mse=4.653047e-03 train_cos=0.996397 train_nmse=-21.397dB train_rec=0.000000e+00 train_recT=1.183780e-06 train_fc=0.000000e+00 train_decoder_tail=0.000000e+00
I 07.02/10:47:13 train_mapper.py:622 ] epoch=0270 train_loss=4.638733e-03 train_mse=4.637548e-03 train_cos=0.996410 train_nmse=-21.411dB train_rec=0.000000e+00 train_recT=1.184907e-06 train_fc=0.000000e+00 train_decoder_tail=0.000000e+00
I 07.02/10:48:00 train_mapper.py:622 ] epoch=0271 train_loss=4.635384e-03 train_mse=4.634203e-03 train_cos=0.996413 train_nmse=-21.415dB train_rec=0.000000e+00 train_recT=1.180496e-06 train_fc=0.000000e+00 train_decoder_tail=0.000000e+00
I 07.02/10:48:48 train_mapper.py:622 ] epoch=0272 train_loss=4.642762e-03 train_mse=4.641576e-03 train_cos=0.996406 train_nmse=-21.407dB train_rec=0.000000e+00 train_recT=1.185583e-06 train_fc=0.000000e+00 train_decoder_tail=0.000000e+00
I 07.02/10:49:37 train_mapper.py:622 ] epoch=0273 train_loss=4.621026e-03 train_mse=4.619851e-03 train_cos=0.996424 train_nmse=-21.428dB train_rec=0.000000e+00 train_recT=1.175141e-06 train_fc=0.000000e+00 train_decoder_tail=0.000000e+00
I 07.02/10:50:26 train_mapper.py:622 ] epoch=0274 train_loss=4.614088e-03 train_mse=4.612918e-03 train_cos=0.996430 train_nmse=-21.434dB train_rec=0.000000e+00 train_recT=1.169971e-06 train_fc=0.000000e+00 train_decoder_tail=0.000000e+00
I 07.02/10:51:16 train_mapper.py:622 ] epoch=0275 train_loss=4.609198e-03 train_mse=4.608022e-03 train_cos=0.996432 train_nmse=-21.439dB train_rec=0.000000e+00 train_recT=1.176117e-06 train_fc=0.000000e+00 train_decoder_tail=0.000000e+00
I 07.02/10:52:07 train_mapper.py:622 ] epoch=0276 train_loss=4.612940e-03 train_mse=4.611756e-03 train_cos=0.996431 train_nmse=-21.435dB train_rec=0.000000e+00 train_recT=1.184458e-06 train_fc=0.000000e+00 train_decoder_tail=0.000000e+00
I 07.02/10:52:51 train_mapper.py:622 ] epoch=0277 train_loss=4.578002e-03 train_mse=4.576836e-03 train_cos=0.996457 train_nmse=-21.469dB train_rec=0.000000e+00 train_recT=1.165980e-06 train_fc=0.000000e+00 train_decoder_tail=0.000000e+00
I 07.02/10:53:37 train_mapper.py:622 ] epoch=0278 train_loss=4.577521e-03 train_mse=4.576355e-03 train_cos=0.996457 train_nmse=-21.469dB train_rec=0.000000e+00 train_recT=1.166164e-06 train_fc=0.000000e+00 train_decoder_tail=0.000000e+00
I 07.02/10:54:21 train_mapper.py:622 ] epoch=0279 train_loss=4.574311e-03 train_mse=4.573145e-03 train_cos=0.996459 train_nmse=-21.472dB train_rec=0.000000e+00 train_recT=1.166606e-06 train_fc=0.000000e+00 train_decoder_tail=0.000000e+00
I 07.02/10:55:07 train_mapper.py:622 ] epoch=0280 train_loss=4.568262e-03 train_mse=4.567099e-03 train_cos=0.996463 train_nmse=-21.478dB train_rec=0.000000e+00 train_recT=1.162598e-06 train_fc=0.000000e+00 train_decoder_tail=0.000000e+00
I 07.02/10:55:50 train_mapper.py:622 ] epoch=0281 train_loss=4.563233e-03 train_mse=4.562071e-03 train_cos=0.996466 train_nmse=-21.482dB train_rec=0.000000e+00 train_recT=1.161199e-06 train_fc=0.000000e+00 train_decoder_tail=0.000000e+00
I 07.02/10:56:36 train_mapper.py:622 ] epoch=0282 train_loss=4.550348e-03 train_mse=4.549188e-03 train_cos=0.996477 train_nmse=-21.495dB train_rec=0.000000e+00 train_recT=1.159699e-06 train_fc=0.000000e+00 train_decoder_tail=0.000000e+00
I 07.02/10:57:22 train_mapper.py:622 ] epoch=0283 train_loss=4.537041e-03 train_mse=4.535889e-03 train_cos=0.996487 train_nmse=-21.508dB train_rec=0.000000e+00 train_recT=1.152678e-06 train_fc=0.000000e+00 train_decoder_tail=0.000000e+00
I 07.02/10:58:09 train_mapper.py:622 ] epoch=0284 train_loss=4.541462e-03 train_mse=4.540302e-03 train_cos=0.996485 train_nmse=-21.503dB train_rec=0.000000e+00 train_recT=1.159279e-06 train_fc=0.000000e+00 train_decoder_tail=0.000000e+00
I 07.02/10:58:53 train_mapper.py:622 ] epoch=0285 train_loss=4.541598e-03 train_mse=4.540439e-03 train_cos=0.996485 train_nmse=-21.503dB train_rec=0.000000e+00 train_recT=1.158502e-06 train_fc=0.000000e+00 train_decoder_tail=0.000000e+00
I 07.02/10:59:39 train_mapper.py:622 ] epoch=0286 train_loss=4.535791e-03 train_mse=4.534636e-03 train_cos=0.996489 train_nmse=-21.509dB train_rec=0.000000e+00 train_recT=1.155565e-06 train_fc=0.000000e+00 train_decoder_tail=0.000000e+00
I 07.02/11:00:26 train_mapper.py:622 ] epoch=0287 train_loss=4.521494e-03 train_mse=4.520343e-03 train_cos=0.996501 train_nmse=-21.523dB train_rec=0.000000e+00 train_recT=1.151483e-06 train_fc=0.000000e+00 train_decoder_tail=0.000000e+00
I 07.02/11:01:13 train_mapper.py:622 ] epoch=0288 train_loss=4.523168e-03 train_mse=4.522020e-03 train_cos=0.996500 train_nmse=-21.521dB train_rec=0.000000e+00 train_recT=1.148563e-06 train_fc=0.000000e+00 train_decoder_tail=0.000000e+00
I 07.02/11:01:58 train_mapper.py:622 ] epoch=0289 train_loss=4.518679e-03 train_mse=4.517527e-03 train_cos=0.996502 train_nmse=-21.525dB train_rec=0.000000e+00 train_recT=1.151793e-06 train_fc=0.000000e+00 train_decoder_tail=0.000000e+00
I 07.02/11:02:45 train_mapper.py:622 ] epoch=0290 train_loss=4.512321e-03 train_mse=4.511171e-03 train_cos=0.996508 train_nmse=-21.531dB train_rec=0.000000e+00 train_recT=1.149889e-06 train_fc=0.000000e+00 train_decoder_tail=0.000000e+00
I 07.02/11:03:30 train_mapper.py:622 ] epoch=0291 train_loss=4.514984e-03 train_mse=4.513828e-03 train_cos=0.996506 train_nmse=-21.529dB train_rec=0.000000e+00 train_recT=1.155690e-06 train_fc=0.000000e+00 train_decoder_tail=0.000000e+00
I 07.02/11:04:16 train_mapper.py:622 ] epoch=0292 train_loss=4.494993e-03 train_mse=4.493848e-03 train_cos=0.996519 train_nmse=-21.548dB train_rec=0.000000e+00 train_recT=1.145111e-06 train_fc=0.000000e+00 train_decoder_tail=0.000000e+00
I 07.02/11:05:03 train_mapper.py:622 ] epoch=0293 train_loss=4.490723e-03 train_mse=4.489576e-03 train_cos=0.996523 train_nmse=-21.552dB train_rec=0.000000e+00 train_recT=1.146674e-06 train_fc=0.000000e+00 train_decoder_tail=0.000000e+00
I 07.02/11:05:50 train_mapper.py:622 ] epoch=0294 train_loss=4.466903e-03 train_mse=4.465770e-03 train_cos=0.996542 train_nmse=-21.575dB train_rec=0.000000e+00 train_recT=1.133052e-06 train_fc=0.000000e+00 train_decoder_tail=0.000000e+00
I 07.02/11:06:34 train_mapper.py:622 ] epoch=0295 train_loss=4.465913e-03 train_mse=4.464774e-03 train_cos=0.996542 train_nmse=-21.576dB train_rec=0.000000e+00 train_recT=1.138466e-06 train_fc=0.000000e+00 train_decoder_tail=0.000000e+00
I 07.02/11:07:22 train_mapper.py:622 ] epoch=0296 train_loss=4.471482e-03 train_mse=4.470342e-03 train_cos=0.996538 train_nmse=-21.571dB train_rec=0.000000e+00 train_recT=1.140883e-06 train_fc=0.000000e+00 train_decoder_tail=0.000000e+00
I 07.02/11:08:08 train_mapper.py:622 ] epoch=0297 train_loss=4.446244e-03 train_mse=4.445120e-03 train_cos=0.996558 train_nmse=-21.595dB train_rec=0.000000e+00 train_recT=1.123579e-06 train_fc=0.000000e+00 train_decoder_tail=0.000000e+00
I 07.02/11:08:56 train_mapper.py:622 ] epoch=0298 train_loss=4.452912e-03 train_mse=4.451779e-03 train_cos=0.996553 train_nmse=-21.589dB train_rec=0.000000e+00 train_recT=1.132846e-06 train_fc=0.000000e+00 train_decoder_tail=0.000000e+00
I 07.02/11:09:41 train_mapper.py:622 ] epoch=0299 train_loss=4.454671e-03 train_mse=4.453535e-03 train_cos=0.996552 train_nmse=-21.587dB train_rec=0.000000e+00 train_recT=1.136093e-06 train_fc=0.000000e+00 train_decoder_tail=0.000000e+00
I 07.02/11:10:28 train_mapper.py:622 ] epoch=0300 train_loss=4.437787e-03 train_mse=4.436656e-03 train_cos=0.996565 train_nmse=-21.603dB train_rec=0.000000e+00 train_recT=1.131441e-06 train_fc=0.000000e+00 train_decoder_tail=0.000000e+00
I 07.02/11:11:16 train_mapper.py:622 ] epoch=0301 train_loss=4.422732e-03 train_mse=4.421610e-03 train_cos=0.996576 train_nmse=-21.618dB train_rec=0.000000e+00 train_recT=1.121417e-06 train_fc=0.000000e+00 train_decoder_tail=0.000000e+00
I 07.02/11:12:02 train_mapper.py:622 ] epoch=0302 train_loss=4.430342e-03 train_mse=4.429212e-03 train_cos=0.996571 train_nmse=-21.611dB train_rec=0.000000e+00 train_recT=1.130348e-06 train_fc=0.000000e+00 train_decoder_tail=0.000000e+00
I 07.02/11:12:46 train_mapper.py:622 ] epoch=0303 train_loss=4.415414e-03 train_mse=4.414286e-03 train_cos=0.996582 train_nmse=-21.626dB train_rec=0.000000e+00 train_recT=1.127606e-06 train_fc=0.000000e+00 train_decoder_tail=0.000000e+00
I 07.02/11:13:32 train_mapper.py:622 ] epoch=0304 train_loss=4.408757e-03 train_mse=4.407635e-03 train_cos=0.996587 train_nmse=-21.632dB train_rec=0.000000e+00 train_recT=1.121788e-06 train_fc=0.000000e+00 train_decoder_tail=0.000000e+00
I 07.02/11:14:19 train_mapper.py:622 ] epoch=0305 train_loss=4.404325e-03 train_mse=4.403204e-03 train_cos=0.996590 train_nmse=-21.637dB train_rec=0.000000e+00 train_recT=1.121038e-06 train_fc=0.000000e+00 train_decoder_tail=0.000000e+00
I 07.02/11:15:04 train_mapper.py:622 ] epoch=0306 train_loss=4.400148e-03 train_mse=4.399028e-03 train_cos=0.996593 train_nmse=-21.640dB train_rec=0.000000e+00 train_recT=1.119470e-06 train_fc=0.000000e+00 train_decoder_tail=0.000000e+00
I 07.02/11:15:50 train_mapper.py:622 ] epoch=0307 train_loss=4.393150e-03 train_mse=4.392032e-03 train_cos=0.996598 train_nmse=-21.648dB train_rec=0.000000e+00 train_recT=1.118793e-06 train_fc=0.000000e+00 train_decoder_tail=0.000000e+00
I 07.02/11:16:35 train_mapper.py:622 ] epoch=0308 train_loss=4.382557e-03 train_mse=4.381442e-03 train_cos=0.996607 train_nmse=-21.658dB train_rec=0.000000e+00 train_recT=1.115377e-06 train_fc=0.000000e+00 train_decoder_tail=0.000000e+00
I 07.02/11:17:23 train_mapper.py:622 ] epoch=0309 train_loss=4.376230e-03 train_mse=4.375117e-03 train_cos=0.996611 train_nmse=-21.664dB train_rec=0.000000e+00 train_recT=1.113524e-06 train_fc=0.000000e+00 train_decoder_tail=0.000000e+00
I 07.02/11:18:08 train_mapper.py:622 ] epoch=0310 train_loss=4.378720e-03 train_mse=4.377608e-03 train_cos=0.996610 train_nmse=-21.662dB train_rec=0.000000e+00 train_recT=1.112648e-06 train_fc=0.000000e+00 train_decoder_tail=0.000000e+00
I 07.02/11:18:51 train_mapper.py:622 ] epoch=0311 train_loss=4.380472e-03 train_mse=4.379355e-03 train_cos=0.996608 train_nmse=-21.660dB train_rec=0.000000e+00 train_recT=1.117000e-06 train_fc=0.000000e+00 train_decoder_tail=0.000000e+00
I 07.02/11:19:36 train_mapper.py:622 ] epoch=0312 train_loss=4.357388e-03 train_mse=4.356281e-03 train_cos=0.996627 train_nmse=-21.683dB train_rec=0.000000e+00 train_recT=1.106599e-06 train_fc=0.000000e+00 train_decoder_tail=0.000000e+00
I 07.02/11:20:20 train_mapper.py:622 ] epoch=0313 train_loss=4.363518e-03 train_mse=4.362408e-03 train_cos=0.996621 train_nmse=-21.677dB train_rec=0.000000e+00 train_recT=1.109727e-06 train_fc=0.000000e+00 train_decoder_tail=0.000000e+00
I 07.02/11:21:03 train_mapper.py:622 ] epoch=0314 train_loss=4.360829e-03 train_mse=4.359716e-03 train_cos=0.996623 train_nmse=-21.679dB train_rec=0.000000e+00 train_recT=1.113842e-06 train_fc=0.000000e+00 train_decoder_tail=0.000000e+00
I 07.02/11:21:48 train_mapper.py:622 ] epoch=0315 train_loss=4.341900e-03 train_mse=4.340796e-03 train_cos=0.996639 train_nmse=-21.698dB train_rec=0.000000e+00 train_recT=1.104559e-06 train_fc=0.000000e+00 train_decoder_tail=0.000000e+00
I 07.02/11:22:33 train_mapper.py:622 ] epoch=0316 train_loss=4.337592e-03 train_mse=4.336490e-03 train_cos=0.996641 train_nmse=-21.703dB train_rec=0.000000e+00 train_recT=1.102383e-06 train_fc=0.000000e+00 train_decoder_tail=0.000000e+00
I 07.02/11:23:20 train_mapper.py:622 ] epoch=0317 train_loss=4.338840e-03 train_mse=4.337736e-03 train_cos=0.996640 train_nmse=-21.702dB train_rec=0.000000e+00 train_recT=1.103499e-06 train_fc=0.000000e+00 train_decoder_tail=0.000000e+00
I 07.02/11:24:06 train_mapper.py:622 ] epoch=0318 train_loss=4.328797e-03 train_mse=4.327698e-03 train_cos=0.996648 train_nmse=-21.712dB train_rec=0.000000e+00 train_recT=1.099206e-06 train_fc=0.000000e+00 train_decoder_tail=0.000000e+00
I 07.02/11:24:47 train_mapper.py:622 ] epoch=0319 train_loss=4.322665e-03 train_mse=4.321566e-03 train_cos=0.996652 train_nmse=-21.718dB train_rec=0.000000e+00 train_recT=1.098603e-06 train_fc=0.000000e+00 train_decoder_tail=0.000000e+00
I 07.02/11:25:34 train_mapper.py:622 ] epoch=0320 train_loss=4.330374e-03 train_mse=4.329267e-03 train_cos=0.996647 train_nmse=-21.710dB train_rec=0.000000e+00 train_recT=1.107203e-06 train_fc=0.000000e+00 train_decoder_tail=0.000000e+00
I 07.02/11:26:18 train_mapper.py:622 ] epoch=0321 train_loss=4.315905e-03 train_mse=4.314809e-03 train_cos=0.996658 train_nmse=-21.724dB train_rec=0.000000e+00 train_recT=1.095657e-06 train_fc=0.000000e+00 train_decoder_tail=0.000000e+00
I 07.02/11:27:04 train_mapper.py:622 ] epoch=0322 train_loss=4.306628e-03 train_mse=4.305537e-03 train_cos=0.996666 train_nmse=-21.734dB train_rec=0.000000e+00 train_recT=1.090961e-06 train_fc=0.000000e+00 train_decoder_tail=0.000000e+00
I 07.02/11:27:49 train_mapper.py:622 ] epoch=0323 train_loss=4.306998e-03 train_mse=4.305900e-03 train_cos=0.996665 train_nmse=-21.733dB train_rec=0.000000e+00 train_recT=1.097662e-06 train_fc=0.000000e+00 train_decoder_tail=0.000000e+00
I 07.02/11:28:37 train_mapper.py:622 ] epoch=0324 train_loss=4.282261e-03 train_mse=4.281175e-03 train_cos=0.996683 train_nmse=-21.759dB train_rec=0.000000e+00 train_recT=1.086306e-06 train_fc=0.000000e+00 train_decoder_tail=0.000000e+00
I 07.02/11:29:20 train_mapper.py:622 ] epoch=0325 train_loss=4.293035e-03 train_mse=4.291936e-03 train_cos=0.996676 train_nmse=-21.747dB train_rec=0.000000e+00 train_recT=1.098920e-06 train_fc=0.000000e+00 train_decoder_tail=0.000000e+00
I 07.02/11:30:04 train_mapper.py:622 ] epoch=0326 train_loss=4.281507e-03 train_mse=4.280422e-03 train_cos=0.996684 train_nmse=-21.759dB train_rec=0.000000e+00 train_recT=1.084895e-06 train_fc=0.000000e+00 train_decoder_tail=0.000000e+00
I 07.02/11:30:48 train_mapper.py:622 ] epoch=0327 train_loss=4.279606e-03 train_mse=4.278519e-03 train_cos=0.996684 train_nmse=-21.761dB train_rec=0.000000e+00 train_recT=1.087025e-06 train_fc=0.000000e+00 train_decoder_tail=0.000000e+00
I 07.02/11:31:35 train_mapper.py:622 ] epoch=0328 train_loss=4.274504e-03 train_mse=4.273416e-03 train_cos=0.996690 train_nmse=-21.767dB train_rec=0.000000e+00 train_recT=1.088551e-06 train_fc=0.000000e+00 train_decoder_tail=0.000000e+00
I 07.02/11:32:20 train_mapper.py:622 ] epoch=0329 train_loss=4.264614e-03 train_mse=4.263530e-03 train_cos=0.996697 train_nmse=-21.777dB train_rec=0.000000e+00 train_recT=1.083961e-06 train_fc=0.000000e+00 train_decoder_tail=0.000000e+00
I 07.02/11:33:06 train_mapper.py:622 ] epoch=0330 train_loss=4.266370e-03 train_mse=4.265284e-03 train_cos=0.996695 train_nmse=-21.775dB train_rec=0.000000e+00 train_recT=1.086152e-06 train_fc=0.000000e+00 train_decoder_tail=0.000000e+00
I 07.02/11:33:48 train_mapper.py:622 ] epoch=0331 train_loss=4.257838e-03 train_mse=4.256753e-03 train_cos=0.996701 train_nmse=-21.783dB train_rec=0.000000e+00 train_recT=1.084605e-06 train_fc=0.000000e+00 train_decoder_tail=0.000000e+00
I 07.02/11:34:32 train_mapper.py:622 ] epoch=0332 train_loss=4.244909e-03 train_mse=4.243828e-03 train_cos=0.996711 train_nmse=-21.797dB train_rec=0.000000e+00 train_recT=1.081261e-06 train_fc=0.000000e+00 train_decoder_tail=0.000000e+00
I 07.02/11:35:18 train_mapper.py:622 ] epoch=0333 train_loss=4.243115e-03 train_mse=4.242041e-03 train_cos=0.996713 train_nmse=-21.798dB train_rec=0.000000e+00 train_recT=1.074458e-06 train_fc=0.000000e+00 train_decoder_tail=0.000000e+00
I 07.02/11:36:00 train_mapper.py:622 ] epoch=0334 train_loss=4.246603e-03 train_mse=4.245521e-03 train_cos=0.996711 train_nmse=-21.795dB train_rec=0.000000e+00 train_recT=1.082116e-06 train_fc=0.000000e+00 train_decoder_tail=0.000000e+00
I 07.02/11:36:45 train_mapper.py:622 ] epoch=0335 train_loss=4.241968e-03 train_mse=4.240885e-03 train_cos=0.996714 train_nmse=-21.800dB train_rec=0.000000e+00 train_recT=1.083148e-06 train_fc=0.000000e+00 train_decoder_tail=0.000000e+00
I 07.02/11:37:33 train_mapper.py:622 ] epoch=0336 train_loss=4.231073e-03 train_mse=4.229999e-03 train_cos=0.996722 train_nmse=-21.811dB train_rec=0.000000e+00 train_recT=1.073522e-06 train_fc=0.000000e+00 train_decoder_tail=0.000000e+00
I 07.02/11:38:17 train_mapper.py:622 ] epoch=0337 train_loss=4.233038e-03 train_mse=4.231962e-03 train_cos=0.996720 train_nmse=-21.809dB train_rec=0.000000e+00 train_recT=1.076389e-06 train_fc=0.000000e+00 train_decoder_tail=0.000000e+00
I 07.02/11:38:57 train_mapper.py:622 ] epoch=0338 train_loss=4.213031e-03 train_mse=4.211962e-03 train_cos=0.996737 train_nmse=-21.829dB train_rec=0.000000e+00 train_recT=1.068978e-06 train_fc=0.000000e+00 train_decoder_tail=0.000000e+00
I 07.02/11:39:41 train_mapper.py:622 ] epoch=0339 train_loss=4.226054e-03 train_mse=4.224977e-03 train_cos=0.996726 train_nmse=-21.816dB train_rec=0.000000e+00 train_recT=1.077310e-06 train_fc=0.000000e+00 train_decoder_tail=0.000000e+00
I 07.02/11:40:26 train_mapper.py:622 ] epoch=0340 train_loss=4.212499e-03 train_mse=4.211432e-03 train_cos=0.996736 train_nmse=-21.830dB train_rec=0.000000e+00 train_recT=1.067222e-06 train_fc=0.000000e+00 train_decoder_tail=0.000000e+00
I 07.02/11:41:10 train_mapper.py:622 ] epoch=0341 train_loss=4.206596e-03 train_mse=4.205529e-03 train_cos=0.996741 train_nmse=-21.836dB train_rec=0.000000e+00 train_recT=1.066279e-06 train_fc=0.000000e+00 train_decoder_tail=0.000000e+00
I 07.02/11:41:52 train_mapper.py:622 ] epoch=0342 train_loss=4.198414e-03 train_mse=4.197351e-03 train_cos=0.996747 train_nmse=-21.844dB train_rec=0.000000e+00 train_recT=1.063267e-06 train_fc=0.000000e+00 train_decoder_tail=0.000000e+00
I 07.02/11:42:38 train_mapper.py:622 ] epoch=0343 train_loss=4.202703e-03 train_mse=4.201635e-03 train_cos=0.996744 train_nmse=-21.840dB train_rec=0.000000e+00 train_recT=1.068472e-06 train_fc=0.000000e+00 train_decoder_tail=0.000000e+00
I 07.02/11:43:23 train_mapper.py:622 ] epoch=0344 train_loss=4.186040e-03 train_mse=4.184977e-03 train_cos=0.996757 train_nmse=-21.857dB train_rec=0.000000e+00 train_recT=1.062850e-06 train_fc=0.000000e+00 train_decoder_tail=0.000000e+00
I 07.02/11:44:09 train_mapper.py:622 ] epoch=0345 train_loss=4.188793e-03 train_mse=4.187726e-03 train_cos=0.996755 train_nmse=-21.854dB train_rec=0.000000e+00 train_recT=1.066882e-06 train_fc=0.000000e+00 train_decoder_tail=0.000000e+00
I 07.02/11:44:50 train_mapper.py:622 ] epoch=0346 train_loss=4.182195e-03 train_mse=4.181134e-03 train_cos=0.996760 train_nmse=-21.861dB train_rec=0.000000e+00 train_recT=1.061790e-06 train_fc=0.000000e+00 train_decoder_tail=0.000000e+00
I 07.02/11:45:32 train_mapper.py:622 ] epoch=0347 train_loss=4.178365e-03 train_mse=4.177304e-03 train_cos=0.996762 train_nmse=-21.865dB train_rec=0.000000e+00 train_recT=1.060636e-06 train_fc=0.000000e+00 train_decoder_tail=0.000000e+00
I 07.02/11:46:16 train_mapper.py:622 ] epoch=0348 train_loss=4.168848e-03 train_mse=4.167793e-03 train_cos=0.996770 train_nmse=-21.875dB train_rec=0.000000e+00 train_recT=1.054579e-06 train_fc=0.000000e+00 train_decoder_tail=0.000000e+00
I 07.02/11:46:56 train_mapper.py:622 ] epoch=0349 train_loss=4.170424e-03 train_mse=4.169367e-03 train_cos=0.996769 train_nmse=-21.873dB train_rec=0.000000e+00 train_recT=1.056781e-06 train_fc=0.000000e+00 train_decoder_tail=0.000000e+00
I 07.02/11:47:39 train_mapper.py:622 ] epoch=0350 train_loss=4.155256e-03 train_mse=4.154204e-03 train_cos=0.996781 train_nmse=-21.889dB train_rec=0.000000e+00 train_recT=1.052378e-06 train_fc=0.000000e+00 train_decoder_tail=0.000000e+00
I 07.02/11:48:18 train_mapper.py:622 ] epoch=0351 train_loss=4.161229e-03 train_mse=4.160174e-03 train_cos=0.996776 train_nmse=-21.883dB train_rec=0.000000e+00 train_recT=1.055101e-06 train_fc=0.000000e+00 train_decoder_tail=0.000000e+00
I 07.02/11:48:55 train_mapper.py:622 ] epoch=0352 train_loss=4.153110e-03 train_mse=4.152057e-03 train_cos=0.996782 train_nmse=-21.892dB train_rec=0.000000e+00 train_recT=1.053287e-06 train_fc=0.000000e+00 train_decoder_tail=0.000000e+00
I 07.02/11:49:36 train_mapper.py:622 ] epoch=0353 train_loss=4.151457e-03 train_mse=4.150402e-03 train_cos=0.996782 train_nmse=-21.893dB train_rec=0.000000e+00 train_recT=1.054481e-06 train_fc=0.000000e+00 train_decoder_tail=0.000000e+00
I 07.02/11:50:15 train_mapper.py:622 ] epoch=0354 train_loss=4.142944e-03 train_mse=4.141889e-03 train_cos=0.996789 train_nmse=-21.902dB train_rec=0.000000e+00 train_recT=1.055931e-06 train_fc=0.000000e+00 train_decoder_tail=0.000000e+00
I 07.02/11:50:52 train_mapper.py:622 ] epoch=0355 train_loss=4.131590e-03 train_mse=4.130543e-03 train_cos=0.996798 train_nmse=-21.914dB train_rec=0.000000e+00 train_recT=1.046838e-06 train_fc=0.000000e+00 train_decoder_tail=0.000000e+00
I 07.02/11:51:31 train_mapper.py:622 ] epoch=0356 train_loss=4.130593e-03 train_mse=4.129543e-03 train_cos=0.996799 train_nmse=-21.915dB train_rec=0.000000e+00 train_recT=1.049918e-06 train_fc=0.000000e+00 train_decoder_tail=0.000000e+00
I 07.02/11:52:12 train_mapper.py:622 ] epoch=0357 train_loss=4.127440e-03 train_mse=4.126394e-03 train_cos=0.996803 train_nmse=-21.918dB train_rec=0.000000e+00 train_recT=1.046358e-06 train_fc=0.000000e+00 train_decoder_tail=0.000000e+00
I 07.02/11:52:51 train_mapper.py:622 ] epoch=0358 train_loss=4.120810e-03 train_mse=4.119766e-03 train_cos=0.996807 train_nmse=-21.926dB train_rec=0.000000e+00 train_recT=1.044011e-06 train_fc=0.000000e+00 train_decoder_tail=0.000000e+00
I 07.02/11:53:26 train_mapper.py:622 ] epoch=0359 train_loss=4.122008e-03 train_mse=4.120962e-03 train_cos=0.996806 train_nmse=-21.924dB train_rec=0.000000e+00 train_recT=1.046586e-06 train_fc=0.000000e+00 train_decoder_tail=0.000000e+00
I 07.02/11:53:57 train_mapper.py:622 ] epoch=0360 train_loss=4.120957e-03 train_mse=4.119912e-03 train_cos=0.996806 train_nmse=-21.925dB train_rec=0.000000e+00 train_recT=1.045028e-06 train_fc=0.000000e+00 train_decoder_tail=0.000000e+00
I 07.02/11:54:29 train_mapper.py:622 ] epoch=0361 train_loss=4.102966e-03 train_mse=4.101925e-03 train_cos=0.996820 train_nmse=-21.944dB train_rec=0.000000e+00 train_recT=1.040583e-06 train_fc=0.000000e+00 train_decoder_tail=0.000000e+00
I 07.02/11:55:02 train_mapper.py:622 ] epoch=0362 train_loss=4.109504e-03 train_mse=4.108459e-03 train_cos=0.996817 train_nmse=-21.937dB train_rec=0.000000e+00 train_recT=1.045550e-06 train_fc=0.000000e+00 train_decoder_tail=0.000000e+00
I 07.02/11:55:35 train_mapper.py:622 ] epoch=0363 train_loss=4.105195e-03 train_mse=4.104155e-03 train_cos=0.996819 train_nmse=-21.942dB train_rec=0.000000e+00 train_recT=1.040292e-06 train_fc=0.000000e+00 train_decoder_tail=0.000000e+00
I 07.02/11:56:08 train_mapper.py:622 ] epoch=0364 train_loss=4.103927e-03 train_mse=4.102886e-03 train_cos=0.996819 train_nmse=-21.943dB train_rec=0.000000e+00 train_recT=1.041177e-06 train_fc=0.000000e+00 train_decoder_tail=0.000000e+00
I 07.02/11:56:39 train_mapper.py:622 ] epoch=0365 train_loss=4.094825e-03 train_mse=4.093779e-03 train_cos=0.996827 train_nmse=-21.953dB train_rec=0.000000e+00 train_recT=1.045987e-06 train_fc=0.000000e+00 train_decoder_tail=0.000000e+00
I 07.02/11:57:13 train_mapper.py:622 ] epoch=0366 train_loss=4.090248e-03 train_mse=4.089212e-03 train_cos=0.996830 train_nmse=-21.958dB train_rec=0.000000e+00 train_recT=1.036841e-06 train_fc=0.000000e+00 train_decoder_tail=0.000000e+00
I 07.02/11:57:45 train_mapper.py:622 ] epoch=0367 train_loss=4.079615e-03 train_mse=4.078582e-03 train_cos=0.996838 train_nmse=-21.969dB train_rec=0.000000e+00 train_recT=1.033230e-06 train_fc=0.000000e+00 train_decoder_tail=0.000000e+00
I 07.02/11:58:18 train_mapper.py:622 ] epoch=0368 train_loss=4.079513e-03 train_mse=4.078474e-03 train_cos=0.996840 train_nmse=-21.969dB train_rec=0.000000e+00 train_recT=1.038535e-06 train_fc=0.000000e+00 train_decoder_tail=0.000000e+00
I 07.02/11:58:47 train_mapper.py:622 ] epoch=0369 train_loss=4.065066e-03 train_mse=4.064039e-03 train_cos=0.996849 train_nmse=-21.985dB train_rec=0.000000e+00 train_recT=1.026906e-06 train_fc=0.000000e+00 train_decoder_tail=0.000000e+00
I 07.02/11:59:20 train_mapper.py:622 ] epoch=0370 train_loss=4.062811e-03 train_mse=4.061781e-03 train_cos=0.996850 train_nmse=-21.987dB train_rec=0.000000e+00 train_recT=1.029748e-06 train_fc=0.000000e+00 train_decoder_tail=0.000000e+00
I 07.02/11:59:49 train_mapper.py:622 ] epoch=0371 train_loss=4.063017e-03 train_mse=4.061987e-03 train_cos=0.996850 train_nmse=-21.987dB train_rec=0.000000e+00 train_recT=1.029935e-06 train_fc=0.000000e+00 train_decoder_tail=0.000000e+00
I 07.02/12:00:24 train_mapper.py:622 ] epoch=0372 train_loss=4.057718e-03 train_mse=4.056687e-03 train_cos=0.996856 train_nmse=-21.992dB train_rec=0.000000e+00 train_recT=1.030138e-06 train_fc=0.000000e+00 train_decoder_tail=0.000000e+00
I 07.02/12:00:53 train_mapper.py:622 ] epoch=0373 train_loss=4.053597e-03 train_mse=4.052571e-03 train_cos=0.996857 train_nmse=-21.997dB train_rec=0.000000e+00 train_recT=1.025814e-06 train_fc=0.000000e+00 train_decoder_tail=0.000000e+00
I 07.02/12:01:25 train_mapper.py:622 ] epoch=0374 train_loss=4.047568e-03 train_mse=4.046541e-03 train_cos=0.996862 train_nmse=-22.003dB train_rec=0.000000e+00 train_recT=1.026833e-06 train_fc=0.000000e+00 train_decoder_tail=0.000000e+00
I 07.02/12:01:55 train_mapper.py:622 ] epoch=0375 train_loss=4.044422e-03 train_mse=4.043398e-03 train_cos=0.996864 train_nmse=-22.007dB train_rec=0.000000e+00 train_recT=1.024367e-06 train_fc=0.000000e+00 train_decoder_tail=0.000000e+00
I 07.02/12:02:28 train_mapper.py:622 ] epoch=0376 train_loss=4.049119e-03 train_mse=4.048091e-03 train_cos=0.996860 train_nmse=-22.002dB train_rec=0.000000e+00 train_recT=1.027355e-06 train_fc=0.000000e+00 train_decoder_tail=0.000000e+00
I 07.02/12:02:57 train_mapper.py:622 ] epoch=0377 train_loss=4.042875e-03 train_mse=4.041840e-03 train_cos=0.996866 train_nmse=-22.008dB train_rec=0.000000e+00 train_recT=1.034425e-06 train_fc=0.000000e+00 train_decoder_tail=0.000000e+00
I 07.02/12:03:27 train_mapper.py:622 ] epoch=0378 train_loss=4.030403e-03 train_mse=4.029382e-03 train_cos=0.996876 train_nmse=-22.022dB train_rec=0.000000e+00 train_recT=1.020715e-06 train_fc=0.000000e+00 train_decoder_tail=0.000000e+00
I 07.02/12:03:58 train_mapper.py:622 ] epoch=0379 train_loss=4.034400e-03 train_mse=4.033380e-03 train_cos=0.996873 train_nmse=-22.017dB train_rec=0.000000e+00 train_recT=1.019775e-06 train_fc=0.000000e+00 train_decoder_tail=0.000000e+00
I 07.02/12:04:28 train_mapper.py:622 ] epoch=0380 train_loss=4.033193e-03 train_mse=4.032167e-03 train_cos=0.996873 train_nmse=-22.019dB train_rec=0.000000e+00 train_recT=1.025552e-06 train_fc=0.000000e+00 train_decoder_tail=0.000000e+00
I 07.02/12:04:59 train_mapper.py:622 ] epoch=0381 train_loss=4.026233e-03 train_mse=4.025211e-03 train_cos=0.996879 train_nmse=-22.026dB train_rec=0.000000e+00 train_recT=1.021118e-06 train_fc=0.000000e+00 train_decoder_tail=0.000000e+00
I 07.02/12:05:30 train_mapper.py:622 ] epoch=0382 train_loss=4.015509e-03 train_mse=4.014491e-03 train_cos=0.996886 train_nmse=-22.038dB train_rec=0.000000e+00 train_recT=1.018319e-06 train_fc=0.000000e+00 train_decoder_tail=0.000000e+00
I 07.02/12:06:05 train_mapper.py:622 ] epoch=0383 train_loss=3.997174e-03 train_mse=3.996164e-03 train_cos=0.996901 train_nmse=-22.058dB train_rec=0.000000e+00 train_recT=1.009830e-06 train_fc=0.000000e+00 train_decoder_tail=0.000000e+00
I 07.02/12:06:36 train_mapper.py:622 ] epoch=0384 train_loss=4.003910e-03 train_mse=4.002898e-03 train_cos=0.996895 train_nmse=-22.051dB train_rec=0.000000e+00 train_recT=1.011497e-06 train_fc=0.000000e+00 train_decoder_tail=0.000000e+00
I 07.02/12:07:07 train_mapper.py:622 ] epoch=0385 train_loss=4.011948e-03 train_mse=4.010930e-03 train_cos=0.996889 train_nmse=-22.042dB train_rec=0.000000e+00 train_recT=1.017886e-06 train_fc=0.000000e+00 train_decoder_tail=0.000000e+00
I 07.02/12:07:30 train_mapper.py:622 ] epoch=0386 train_loss=3.998063e-03 train_mse=3.997050e-03 train_cos=0.996900 train_nmse=-22.056dB train_rec=0.000000e+00 train_recT=1.012752e-06 train_fc=0.000000e+00 train_decoder_tail=0.000000e+00
I 07.02/12:07:54 train_mapper.py:622 ] epoch=0387 train_loss=3.984515e-03 train_mse=3.983504e-03 train_cos=0.996910 train_nmse=-22.072dB train_rec=0.000000e+00 train_recT=1.011094e-06 train_fc=0.000000e+00 train_decoder_tail=0.000000e+00
I 07.02/12:08:23 train_mapper.py:622 ] epoch=0388 train_loss=3.987065e-03 train_mse=3.986054e-03 train_cos=0.996908 train_nmse=-22.069dB train_rec=0.000000e+00 train_recT=1.010847e-06 train_fc=0.000000e+00 train_decoder_tail=0.000000e+00
I 07.02/12:08:52 train_mapper.py:622 ] epoch=0389 train_loss=3.997318e-03 train_mse=3.996306e-03 train_cos=0.996901 train_nmse=-22.058dB train_rec=0.000000e+00 train_recT=1.012121e-06 train_fc=0.000000e+00 train_decoder_tail=0.000000e+00
I 07.02/12:09:22 train_mapper.py:622 ] epoch=0390 train_loss=3.984219e-03 train_mse=3.983211e-03 train_cos=0.996911 train_nmse=-22.072dB train_rec=0.000000e+00 train_recT=1.007494e-06 train_fc=0.000000e+00 train_decoder_tail=0.000000e+00
I 07.02/12:09:46 train_mapper.py:622 ] epoch=0391 train_loss=3.982529e-03 train_mse=3.981520e-03 train_cos=0.996911 train_nmse=-22.074dB train_rec=0.000000e+00 train_recT=1.008997e-06 train_fc=0.000000e+00 train_decoder_tail=0.000000e+00
I 07.02/12:10:16 train_mapper.py:622 ] epoch=0392 train_loss=3.976374e-03 train_mse=3.975365e-03 train_cos=0.996918 train_nmse=-22.080dB train_rec=0.000000e+00 train_recT=1.008829e-06 train_fc=0.000000e+00 train_decoder_tail=0.000000e+00
I 07.02/12:10:44 train_mapper.py:622 ] epoch=0393 train_loss=3.971620e-03 train_mse=3.970611e-03 train_cos=0.996920 train_nmse=-22.085dB train_rec=0.000000e+00 train_recT=1.008640e-06 train_fc=0.000000e+00 train_decoder_tail=0.000000e+00
I 07.02/12:11:16 train_mapper.py:622 ] epoch=0394 train_loss=3.964317e-03 train_mse=3.963312e-03 train_cos=0.996926 train_nmse=-22.093dB train_rec=0.000000e+00 train_recT=1.005236e-06 train_fc=0.000000e+00 train_decoder_tail=0.000000e+00
I 07.02/12:11:42 train_mapper.py:622 ] epoch=0395 train_loss=3.966448e-03 train_mse=3.965442e-03 train_cos=0.996925 train_nmse=-22.091dB train_rec=0.000000e+00 train_recT=1.006401e-06 train_fc=0.000000e+00 train_decoder_tail=0.000000e+00
I 07.02/12:12:11 train_mapper.py:622 ] epoch=0396 train_loss=3.964137e-03 train_mse=3.963132e-03 train_cos=0.996926 train_nmse=-22.094dB train_rec=0.000000e+00 train_recT=1.005552e-06 train_fc=0.000000e+00 train_decoder_tail=0.000000e+00
I 07.02/12:12:39 train_mapper.py:622 ] epoch=0397 train_loss=3.955462e-03 train_mse=3.954460e-03 train_cos=0.996933 train_nmse=-22.103dB train_rec=0.000000e+00 train_recT=1.002543e-06 train_fc=0.000000e+00 train_decoder_tail=0.000000e+00
I 07.02/12:13:08 train_mapper.py:622 ] epoch=0398 train_loss=3.946263e-03 train_mse=3.945266e-03 train_cos=0.996940 train_nmse=-22.113dB train_rec=0.000000e+00 train_recT=9.971514e-07 train_fc=0.000000e+00 train_decoder_tail=0.000000e+00
I 07.02/12:13:33 train_mapper.py:622 ] epoch=0399 train_loss=3.951450e-03 train_mse=3.950446e-03 train_cos=0.996936 train_nmse=-22.108dB train_rec=0.000000e+00 train_recT=1.003745e-06 train_fc=0.000000e+00 train_decoder_tail=0.000000e+00
I 07.02/12:13:55 train_mapper.py:622 ] epoch=0400 train_loss=3.932346e-03 train_mse=3.931351e-03 train_cos=0.996951 train_nmse=-22.129dB train_rec=0.000000e+00 train_recT=9.953596e-07 train_fc=0.000000e+00 train_decoder_tail=0.000000e+00
I 07.02/12:15:58 train_mapper.py:738 ] best_loss_epoch=400 best_loss_selection=train_loss best_loss_metric=3.932346e-03 best_loss_mse=3.931351e-03 best_loss_loss=3.932346e-03
I 07.02/12:15:58 train_mapper.py:743 ] best_mse_epoch=400 best_mse_selection=train_mse best_mse_metric=3.931351e-03 best_mse_mse=3.931351e-03 best_mse_loss=3.932346e-03
I 07.02/12:15:58 train_mapper.py:749 ] all_best_loss_mse=3.812534e-03 all_best_loss_cos=0.997039 all_best_loss_nmse=-22.262dB
I 07.02/12:15:58 train_mapper.py:753 ] all_best_mse_mse=3.812534e-03 all_best_mse_cos=0.997039 all_best_mse_nmse=-22.262dB
