I 07.02/06:57:54 train_mapper.py:431 ] => Experiment directory: mapper/exps_decoder_aware/mlp/smooth_tail_white_recT_rec_fc/seed2026_crnet_transnet_to_seed42_transnet_lr5e-4_ep400
I 07.02/06:57:54 train_mapper.py:432 ] => Checkpoint directory: mapper/exps_decoder_aware/mlp/smooth_tail_white_recT_rec_fc/seed2026_crnet_transnet_to_seed42_transnet_lr5e-4_ep400/checkpoints
I 07.02/06:57:54 train_mapper.py:433 ] => Codeword directory: mapper/exps_decoder_aware/mlp/smooth_tail_white_recT_rec_fc/seed2026_crnet_transnet_to_seed42_transnet_lr5e-4_ep400/codewords
I 07.02/06:57:54 train_mapper.py:434 ] => TensorBoard directory: mapper/exps_decoder_aware/mlp/smooth_tail_white_recT_rec_fc/seed2026_crnet_transnet_to_seed42_transnet_lr5e-4_ep400/tensorboard
I 07.02/06:59:46 train_mapper.py:519 ] => Loaded fixed decoder from exps/COST2100/in/seed42/transnet_transnet/checkpoints/best_nmse.pth
I 07.02/06:59:46 train_mapper.py:521 ] => Loaded CSI tensor (100000, 2, 32, 32) from /storage/hujiacong/zxd/datasets/cost2100/in_train.pt
I 07.02/06:59:46 train_mapper.py:524 ] device=cuda
I 07.02/06:59:46 train_mapper.py:525 ] mapper=mlp, params=8403968
I 07.02/06:59:46 train_mapper.py:527 ] train=100000, val=0, code_dim=512
I 07.02/06:59:46 train_mapper.py:529 ] val_ratio<=0: skip per-epoch validation; select best checkpoint by train loss
I 07.02/06:59:46 train_mapper.py:531 ] loss=mse + smoothl1*0.5 + sample_tail*0.1 + dim_tail*0.05 + whiten*0.0001 + rec*1.0 + recT*1.0 + fc*0.01 + decoder_tail*0.1 + cos*0.0 + cov*0.0
I 07.02/07:00:38 train_mapper.py:622 ] epoch=0001 train_loss=7.732546e-01 train_mse=4.274671e-01 train_cos=0.768307 train_nmse=-2.525dB train_rec=3.480471e-03 train_recT=3.480067e-03 train_fc=4.858025e-01 train_decoder_tail=5.448970e-03
I 07.02/07:01:16 train_mapper.py:622 ] epoch=0002 train_loss=3.222015e-01 train_mse=1.479088e-01 train_cos=0.930437 train_nmse=-6.417dB train_rec=2.338089e-04 train_recT=2.337720e-04 train_fc=1.194057e-01 train_decoder_tail=5.995060e-04
I 07.02/07:01:47 train_mapper.py:622 ] epoch=0003 train_loss=2.329702e-01 train_mse=9.835988e-02 train_cos=0.953631 train_nmse=-8.160dB train_rec=1.441349e-04 train_recT=1.439791e-04 train_fc=8.431119e-02 train_decoder_tail=3.967868e-04
I 07.02/07:02:23 train_mapper.py:622 ] epoch=0004 train_loss=1.890540e-01 train_mse=7.530612e-02 train_cos=0.962939 train_nmse=-9.313dB train_rec=9.671332e-05 train_recT=9.645286e-05 train_fc=6.570264e-02 train_decoder_tail=2.731570e-04
I 07.02/07:03:07 train_mapper.py:622 ] epoch=0005 train_loss=1.630570e-01 train_mse=6.226683e-02 train_cos=0.967938 train_nmse=-10.134dB train_rec=6.767281e-05 train_recT=6.732974e-05 train_fc=5.400936e-02 train_decoder_tail=1.901540e-04
I 07.02/07:04:06 train_mapper.py:622 ] epoch=0006 train_loss=1.466204e-01 train_mse=5.431974e-02 train_cos=0.971197 train_nmse=-10.725dB train_rec=5.001814e-05 train_recT=4.961542e-05 train_fc=4.634216e-02 train_decoder_tail=1.373866e-04
I 07.02/07:04:41 train_mapper.py:622 ] epoch=0007 train_loss=1.365929e-01 train_mse=4.959852e-02 train_cos=0.973308 train_nmse=-11.120dB train_rec=3.983285e-05 train_recT=3.938794e-05 train_fc=4.178127e-02 train_decoder_tail=1.068479e-04
I 07.02/07:05:20 train_mapper.py:622 ] epoch=0008 train_loss=1.294515e-01 train_mse=4.631737e-02 train_cos=0.975056 train_nmse=-11.417dB train_rec=3.350677e-05 train_recT=3.303319e-05 train_fc=3.873554e-02 train_decoder_tail=8.845615e-05
I 07.02/07:06:19 train_mapper.py:622 ] epoch=0009 train_loss=1.247085e-01 train_mse=4.415705e-02 train_cos=0.976286 train_nmse=-11.624dB train_rec=2.962803e-05 train_recT=2.913589e-05 train_fc=3.686398e-02 train_decoder_tail=7.751641e-05
I 07.02/07:07:10 train_mapper.py:622 ] epoch=0010 train_loss=1.206869e-01 train_mse=4.234540e-02 train_cos=0.977375 train_nmse=-11.807dB train_rec=2.697195e-05 train_recT=2.646819e-05 train_fc=3.543062e-02 train_decoder_tail=7.028547e-05
I 07.02/07:08:07 train_mapper.py:622 ] epoch=0011 train_loss=1.171102e-01 train_mse=4.074186e-02 train_cos=0.978334 train_nmse=-11.974dB train_rec=2.500332e-05 train_recT=2.449146e-05 train_fc=3.420979e-02 train_decoder_tail=6.498580e-05
I 07.02/07:09:04 train_mapper.py:622 ] epoch=0012 train_loss=1.139542e-01 train_mse=3.933172e-02 train_cos=0.979120 train_nmse=-12.127dB train_rec=2.335609e-05 train_recT=2.283946e-05 train_fc=3.310844e-02 train_decoder_tail=6.053065e-05
I 07.02/07:09:54 train_mapper.py:622 ] epoch=0013 train_loss=1.109276e-01 train_mse=3.798217e-02 train_cos=0.979800 train_nmse=-12.279dB train_rec=2.184438e-05 train_recT=2.132407e-05 train_fc=3.201114e-02 train_decoder_tail=5.645887e-05
I 07.02/07:10:51 train_mapper.py:622 ] epoch=0014 train_loss=1.079586e-01 train_mse=3.666343e-02 train_cos=0.980362 train_nmse=-12.432dB train_rec=2.025662e-05 train_recT=1.973155e-05 train_fc=3.081764e-02 train_decoder_tail=5.210133e-05
I 07.02/07:11:27 train_mapper.py:622 ] epoch=0015 train_loss=1.046467e-01 train_mse=3.522083e-02 train_cos=0.980798 train_nmse=-12.607dB train_rec=1.829284e-05 train_recT=1.776184e-05 train_fc=2.917311e-02 train_decoder_tail=4.679405e-05
I 07.02/07:12:15 train_mapper.py:622 ] epoch=0016 train_loss=1.007700e-01 train_mse=3.359922e-02 train_cos=0.980828 train_nmse=-12.812dB train_rec=1.558678e-05 train_recT=1.504452e-05 train_fc=2.650356e-02 train_decoder_tail=4.058677e-05
I 07.02/07:12:55 train_mapper.py:622 ] epoch=0017 train_loss=9.514039e-02 train_mse=3.129641e-02 train_cos=0.980964 train_nmse=-13.121dB train_rec=1.285426e-05 train_recT=1.230067e-05 train_fc=2.267816e-02 train_decoder_tail=3.617244e-05
I 07.02/07:13:54 train_mapper.py:622 ] epoch=0018 train_loss=8.965731e-02 train_mse=2.900468e-02 train_cos=0.981561 train_nmse=-13.450dB train_rec=1.137493e-05 train_recT=1.082012e-05 train_fc=1.965195e-02 train_decoder_tail=3.314782e-05
I 07.02/07:14:40 train_mapper.py:622 ] epoch=0019 train_loss=8.547049e-02 train_mse=2.725355e-02 train_cos=0.982111 train_nmse=-13.721dB train_rec=1.050491e-05 train_recT=9.951983e-06 train_fc=1.760512e-02 train_decoder_tail=3.058643e-05
I 07.02/07:15:38 train_mapper.py:622 ] epoch=0020 train_loss=8.216335e-02 train_mse=2.587793e-02 train_cos=0.982607 train_nmse=-13.946dB train_rec=9.856065e-06 train_recT=9.304874e-06 train_fc=1.612131e-02 train_decoder_tail=2.856136e-05
I 07.02/07:16:38 train_mapper.py:622 ] epoch=0021 train_loss=7.941014e-02 train_mse=2.474771e-02 train_cos=0.983073 train_nmse=-14.139dB train_rec=9.337860e-06 train_recT=8.788021e-06 train_fc=1.500661e-02 train_decoder_tail=2.687583e-05
I 07.02/07:17:40 train_mapper.py:622 ] epoch=0022 train_loss=7.716649e-02 train_mse=2.383211e-02 train_cos=0.983473 train_nmse=-14.303dB train_rec=8.926901e-06 train_recT=8.378309e-06 train_fc=1.415877e-02 train_decoder_tail=2.555267e-05
I 07.02/07:18:49 train_mapper.py:622 ] epoch=0023 train_loss=7.511784e-02 train_mse=2.300460e-02 train_cos=0.983878 train_nmse=-14.456dB train_rec=8.561064e-06 train_recT=8.013289e-06 train_fc=1.345860e-02 train_decoder_tail=2.436611e-05
I 07.02/07:19:39 train_mapper.py:622 ] epoch=0024 train_loss=7.338563e-02 train_mse=2.231207e-02 train_cos=0.984232 train_nmse=-14.589dB train_rec=8.259344e-06 train_recT=7.712089e-06 train_fc=1.291198e-02 train_decoder_tail=2.339960e-05
I 07.02/07:20:33 train_mapper.py:622 ] epoch=0025 train_loss=7.179442e-02 train_mse=2.167623e-02 train_cos=0.984568 train_nmse=-14.715dB train_rec=7.979051e-06 train_recT=7.432346e-06 train_fc=1.238978e-02 train_decoder_tail=2.245261e-05
I 07.02/07:21:28 train_mapper.py:622 ] epoch=0026 train_loss=7.022603e-02 train_mse=2.106083e-02 train_cos=0.984918 train_nmse=-14.840dB train_rec=7.725513e-06 train_recT=7.179333e-06 train_fc=1.193193e-02 train_decoder_tail=2.163569e-05
I 07.02/07:22:36 train_mapper.py:622 ] epoch=0027 train_loss=6.887633e-02 train_mse=2.052988e-02 train_cos=0.985222 train_nmse=-14.951dB train_rec=7.487764e-06 train_recT=6.941320e-06 train_fc=1.154487e-02 train_decoder_tail=2.089208e-05
I 07.02/07:23:33 train_mapper.py:622 ] epoch=0028 train_loss=6.774631e-02 train_mse=2.008422e-02 train_cos=0.985475 train_nmse=-15.046dB train_rec=7.303426e-06 train_recT=6.757304e-06 train_fc=1.123024e-02 train_decoder_tail=2.026267e-05
I 07.02/07:24:22 train_mapper.py:622 ] epoch=0029 train_loss=6.652332e-02 train_mse=1.961261e-02 train_cos=0.985763 train_nmse=-15.149dB train_rec=7.090896e-06 train_recT=6.544788e-06 train_fc=1.091137e-02 train_decoder_tail=1.958457e-05
I 07.02/07:25:25 train_mapper.py:622 ] epoch=0030 train_loss=6.550032e-02 train_mse=1.921697e-02 train_cos=0.986005 train_nmse=-15.238dB train_rec=6.923636e-06 train_recT=6.377482e-06 train_fc=1.065183e-02 train_decoder_tail=1.904674e-05
I 07.02/07:26:16 train_mapper.py:622 ] epoch=0031 train_loss=6.444458e-02 train_mse=1.881164e-02 train_cos=0.986256 train_nmse=-15.330dB train_rec=6.760786e-06 train_recT=6.214125e-06 train_fc=1.038137e-02 train_decoder_tail=1.853427e-05
I 07.02/07:27:12 train_mapper.py:622 ] epoch=0032 train_loss=6.350976e-02 train_mse=1.845203e-02 train_cos=0.986475 train_nmse=-15.414dB train_rec=6.598492e-06 train_recT=6.052328e-06 train_fc=1.014387e-02 train_decoder_tail=1.798376e-05
I 07.02/07:28:00 train_mapper.py:622 ] epoch=0033 train_loss=6.252812e-02 train_mse=1.808402e-02 train_cos=0.986716 train_nmse=-15.502dB train_rec=6.450678e-06 train_recT=5.904303e-06 train_fc=9.910688e-03 train_decoder_tail=1.754037e-05
I 07.02/07:29:01 train_mapper.py:622 ] epoch=0034 train_loss=6.163278e-02 train_mse=1.774453e-02 train_cos=0.986933 train_nmse=-15.584dB train_rec=6.299257e-06 train_recT=5.752922e-06 train_fc=9.699876e-03 train_decoder_tail=1.703229e-05
I 07.02/07:30:03 train_mapper.py:622 ] epoch=0035 train_loss=6.076574e-02 train_mse=1.742047e-02 train_cos=0.987150 train_nmse=-15.664dB train_rec=6.187223e-06 train_recT=5.641043e-06 train_fc=9.506223e-03 train_decoder_tail=1.668019e-05
I 07.02/07:30:55 train_mapper.py:622 ] epoch=0036 train_loss=6.013160e-02 train_mse=1.717521e-02 train_cos=0.987300 train_nmse=-15.725dB train_rec=6.090967e-06 train_recT=5.544914e-06 train_fc=9.354458e-03 train_decoder_tail=1.631464e-05
I 07.02/07:31:59 train_mapper.py:622 ] epoch=0037 train_loss=5.934612e-02 train_mse=1.688386e-02 train_cos=0.987492 train_nmse=-15.800dB train_rec=5.953160e-06 train_recT=5.406819e-06 train_fc=9.172187e-03 train_decoder_tail=1.591408e-05
I 07.02/07:32:40 train_mapper.py:622 ] epoch=0038 train_loss=5.863355e-02 train_mse=1.661753e-02 train_cos=0.987667 train_nmse=-15.869dB train_rec=5.832524e-06 train_recT=5.285917e-06 train_fc=9.008161e-03 train_decoder_tail=1.551718e-05
I 07.02/07:33:41 train_mapper.py:622 ] epoch=0039 train_loss=5.787666e-02 train_mse=1.634180e-02 train_cos=0.987856 train_nmse=-15.941dB train_rec=5.724406e-06 train_recT=5.178422e-06 train_fc=8.846454e-03 train_decoder_tail=1.518318e-05
I 07.02/07:34:50 train_mapper.py:622 ] epoch=0040 train_loss=5.715576e-02 train_mse=1.607657e-02 train_cos=0.988036 train_nmse=-16.012dB train_rec=5.624390e-06 train_recT=5.078268e-06 train_fc=8.691927e-03 train_decoder_tail=1.486072e-05
I 07.02/07:36:00 train_mapper.py:622 ] epoch=0041 train_loss=5.657471e-02 train_mse=1.586033e-02 train_cos=0.988181 train_nmse=-16.071dB train_rec=5.549278e-06 train_recT=5.003188e-06 train_fc=8.562006e-03 train_decoder_tail=1.460070e-05
I 07.02/07:36:56 train_mapper.py:622 ] epoch=0042 train_loss=5.595001e-02 train_mse=1.563149e-02 train_cos=0.988332 train_nmse=-16.134dB train_rec=5.445975e-06 train_recT=4.899071e-06 train_fc=8.419937e-03 train_decoder_tail=1.426205e-05
I 07.02/07:37:54 train_mapper.py:622 ] epoch=0043 train_loss=5.535552e-02 train_mse=1.541425e-02 train_cos=0.988482 train_nmse=-16.195dB train_rec=5.364577e-06 train_recT=4.818349e-06 train_fc=8.298616e-03 train_decoder_tail=1.399891e-05
I 07.02/07:38:44 train_mapper.py:622 ] epoch=0044 train_loss=5.473205e-02 train_mse=1.519101e-02 train_cos=0.988636 train_nmse=-16.258dB train_rec=5.277271e-06 train_recT=4.730700e-06 train_fc=8.174364e-03 train_decoder_tail=1.373277e-05
I 07.02/07:39:45 train_mapper.py:622 ] epoch=0045 train_loss=5.426173e-02 train_mse=1.501646e-02 train_cos=0.988749 train_nmse=-16.309dB train_rec=5.193468e-06 train_recT=4.646496e-06 train_fc=8.059404e-03 train_decoder_tail=1.344607e-05
I 07.02/07:40:46 train_mapper.py:622 ] epoch=0046 train_loss=5.378100e-02 train_mse=1.484220e-02 train_cos=0.988868 train_nmse=-16.359dB train_rec=5.130847e-06 train_recT=4.584569e-06 train_fc=7.960776e-03 train_decoder_tail=1.323411e-05
I 07.02/07:41:24 train_mapper.py:622 ] epoch=0047 train_loss=5.321907e-02 train_mse=1.464280e-02 train_cos=0.989009 train_nmse=-16.418dB train_rec=5.051510e-06 train_recT=4.505059e-06 train_fc=7.851873e-03 train_decoder_tail=1.299349e-05
I 07.02/07:42:06 train_mapper.py:622 ] epoch=0048 train_loss=5.271271e-02 train_mse=1.446206e-02 train_cos=0.989135 train_nmse=-16.472dB train_rec=4.979283e-06 train_recT=4.432800e-06 train_fc=7.752903e-03 train_decoder_tail=1.277334e-05
I 07.02/07:43:20 train_mapper.py:622 ] epoch=0049 train_loss=5.219500e-02 train_mse=1.427783e-02 train_cos=0.989262 train_nmse=-16.528dB train_rec=4.912135e-06 train_recT=4.365488e-06 train_fc=7.642101e-03 train_decoder_tail=1.256255e-05
I 07.02/07:44:14 train_mapper.py:622 ] epoch=0050 train_loss=5.169444e-02 train_mse=1.410016e-02 train_cos=0.989387 train_nmse=-16.582dB train_rec=4.838930e-06 train_recT=4.292622e-06 train_fc=7.536465e-03 train_decoder_tail=1.233822e-05
I 07.02/07:44:52 train_mapper.py:622 ] epoch=0051 train_loss=5.131778e-02 train_mse=1.396651e-02 train_cos=0.989481 train_nmse=-16.623dB train_rec=4.777398e-06 train_recT=4.230300e-06 train_fc=7.459269e-03 train_decoder_tail=1.214497e-05
I 07.02/07:45:46 train_mapper.py:622 ] epoch=0052 train_loss=5.081834e-02 train_mse=1.378959e-02 train_cos=0.989605 train_nmse=-16.679dB train_rec=4.722104e-06 train_recT=4.174999e-06 train_fc=7.360189e-03 train_decoder_tail=1.196789e-05
I 07.02/07:46:59 train_mapper.py:622 ] epoch=0053 train_loss=5.049750e-02 train_mse=1.367298e-02 train_cos=0.989681 train_nmse=-16.716dB train_rec=4.678567e-06 train_recT=4.132170e-06 train_fc=7.292175e-03 train_decoder_tail=1.179823e-05
I 07.02/07:48:06 train_mapper.py:622 ] epoch=0054 train_loss=4.997711e-02 train_mse=1.349621e-02 train_cos=0.989814 train_nmse=-16.772dB train_rec=4.608061e-06 train_recT=4.060971e-06 train_fc=7.198651e-03 train_decoder_tail=1.162585e-05
I 07.02/07:48:50 train_mapper.py:622 ] epoch=0055 train_loss=4.968046e-02 train_mse=1.338741e-02 train_cos=0.989884 train_nmse=-16.807dB train_rec=4.562230e-06 train_recT=4.015852e-06 train_fc=7.133127e-03 train_decoder_tail=1.145052e-05
I 07.02/07:49:28 train_mapper.py:622 ] epoch=0056 train_loss=4.927423e-02 train_mse=1.324733e-02 train_cos=0.989986 train_nmse=-16.853dB train_rec=4.515533e-06 train_recT=3.968526e-06 train_fc=7.057155e-03 train_decoder_tail=1.131162e-05
I 07.02/07:50:23 train_mapper.py:622 ] epoch=0057 train_loss=4.897075e-02 train_mse=1.314156e-02 train_cos=0.990063 train_nmse=-16.888dB train_rec=4.469684e-06 train_recT=3.923007e-06 train_fc=7.017600e-03 train_decoder_tail=1.116262e-05
I 07.02/07:51:29 train_mapper.py:622 ] epoch=0058 train_loss=4.855434e-02 train_mse=1.299506e-02 train_cos=0.990165 train_nmse=-16.937dB train_rec=4.421131e-06 train_recT=3.874003e-06 train_fc=6.912405e-03 train_decoder_tail=1.101655e-05
I 07.02/07:52:05 train_mapper.py:622 ] epoch=0059 train_loss=4.819837e-02 train_mse=1.287297e-02 train_cos=0.990253 train_nmse=-16.977dB train_rec=4.370354e-06 train_recT=3.822819e-06 train_fc=6.843636e-03 train_decoder_tail=1.085914e-05
I 07.02/07:53:15 train_mapper.py:622 ] epoch=0060 train_loss=4.776175e-02 train_mse=1.272634e-02 train_cos=0.990362 train_nmse=-17.028dB train_rec=4.318963e-06 train_recT=3.772257e-06 train_fc=6.772444e-03 train_decoder_tail=1.072420e-05
I 07.02/07:54:28 train_mapper.py:622 ] epoch=0061 train_loss=4.745191e-02 train_mse=1.261639e-02 train_cos=0.990436 train_nmse=-17.065dB train_rec=4.279520e-06 train_recT=3.732449e-06 train_fc=6.700912e-03 train_decoder_tail=1.057710e-05
I 07.02/07:55:28 train_mapper.py:622 ] epoch=0062 train_loss=4.717424e-02 train_mse=1.251877e-02 train_cos=0.990504 train_nmse=-17.099dB train_rec=4.238151e-06 train_recT=3.690406e-06 train_fc=6.644394e-03 train_decoder_tail=1.045974e-05
I 07.02/07:56:19 train_mapper.py:622 ] epoch=0063 train_loss=4.674749e-02 train_mse=1.237722e-02 train_cos=0.990610 train_nmse=-17.148dB train_rec=4.188770e-06 train_recT=3.641461e-06 train_fc=6.572647e-03 train_decoder_tail=1.032443e-05
I 07.02/07:56:52 train_mapper.py:622 ] epoch=0064 train_loss=4.653175e-02 train_mse=1.230111e-02 train_cos=0.990663 train_nmse=-17.175dB train_rec=4.156089e-06 train_recT=3.608903e-06 train_fc=6.535541e-03 train_decoder_tail=1.021634e-05
I 07.02/07:57:30 train_mapper.py:622 ] epoch=0065 train_loss=4.621025e-02 train_mse=1.219169e-02 train_cos=0.990743 train_nmse=-17.214dB train_rec=4.117194e-06 train_recT=3.569810e-06 train_fc=6.475364e-03 train_decoder_tail=1.010817e-05
I 07.02/07:58:06 train_mapper.py:622 ] epoch=0066 train_loss=4.592737e-02 train_mse=1.209271e-02 train_cos=0.990812 train_nmse=-17.249dB train_rec=4.081152e-06 train_recT=3.533790e-06 train_fc=6.410871e-03 train_decoder_tail=9.981820e-06
I 07.02/07:58:48 train_mapper.py:622 ] epoch=0067 train_loss=4.557472e-02 train_mse=1.197615e-02 train_cos=0.990900 train_nmse=-17.291dB train_rec=4.037992e-06 train_recT=3.490661e-06 train_fc=6.348444e-03 train_decoder_tail=9.869261e-06
I 07.02/07:59:28 train_mapper.py:622 ] epoch=0068 train_loss=4.533745e-02 train_mse=1.189386e-02 train_cos=0.990958 train_nmse=-17.321dB train_rec=4.013979e-06 train_recT=3.466343e-06 train_fc=6.311835e-03 train_decoder_tail=9.785170e-06
I 07.02/08:00:19 train_mapper.py:622 ] epoch=0069 train_loss=4.506138e-02 train_mse=1.179986e-02 train_cos=0.991026 train_nmse=-17.355dB train_rec=3.976347e-06 train_recT=3.428790e-06 train_fc=6.249326e-03 train_decoder_tail=9.674431e-06
I 07.02/08:01:14 train_mapper.py:622 ] epoch=0070 train_loss=4.471657e-02 train_mse=1.168541e-02 train_cos=0.991110 train_nmse=-17.398dB train_rec=3.933565e-06 train_recT=3.385662e-06 train_fc=6.186118e-03 train_decoder_tail=9.564778e-06
I 07.02/08:02:13 train_mapper.py:622 ] epoch=0071 train_loss=4.452500e-02 train_mse=1.161912e-02 train_cos=0.991156 train_nmse=-17.422dB train_rec=3.914809e-06 train_recT=3.367624e-06 train_fc=6.155411e-03 train_decoder_tail=9.484145e-06
I 07.02/08:03:19 train_mapper.py:622 ] epoch=0072 train_loss=4.423324e-02 train_mse=1.152184e-02 train_cos=0.991229 train_nmse=-17.459dB train_rec=3.875758e-06 train_recT=3.328391e-06 train_fc=6.101352e-03 train_decoder_tail=9.391908e-06
I 07.02/08:04:05 train_mapper.py:622 ] epoch=0073 train_loss=4.401270e-02 train_mse=1.144712e-02 train_cos=0.991284 train_nmse=-17.487dB train_rec=3.856443e-06 train_recT=3.308554e-06 train_fc=6.061460e-03 train_decoder_tail=9.314747e-06
I 07.02/08:04:49 train_mapper.py:622 ] epoch=0074 train_loss=4.379675e-02 train_mse=1.137375e-02 train_cos=0.991334 train_nmse=-17.515dB train_rec=3.824600e-06 train_recT=3.277499e-06 train_fc=6.022693e-03 train_decoder_tail=9.223847e-06
I 07.02/08:05:27 train_mapper.py:622 ] epoch=0075 train_loss=4.350560e-02 train_mse=1.127867e-02 train_cos=0.991407 train_nmse=-17.552dB train_rec=3.787080e-06 train_recT=3.239761e-06 train_fc=5.969718e-03 train_decoder_tail=9.125060e-06
I 07.02/08:06:24 train_mapper.py:622 ] epoch=0076 train_loss=4.330023e-02 train_mse=1.120781e-02 train_cos=0.991457 train_nmse=-17.579dB train_rec=3.773466e-06 train_recT=3.225928e-06 train_fc=5.932358e-03 train_decoder_tail=9.062581e-06
I 07.02/08:07:20 train_mapper.py:622 ] epoch=0077 train_loss=4.302754e-02 train_mse=1.111802e-02 train_cos=0.991520 train_nmse=-17.614dB train_rec=3.731857e-06 train_recT=3.184357e-06 train_fc=5.879773e-03 train_decoder_tail=8.957693e-06
I 07.02/08:07:55 train_mapper.py:622 ] epoch=0078 train_loss=4.274280e-02 train_mse=1.102501e-02 train_cos=0.991590 train_nmse=-17.651dB train_rec=3.702860e-06 train_recT=3.155059e-06 train_fc=5.830000e-03 train_decoder_tail=8.885130e-06
I 07.02/08:08:49 train_mapper.py:622 ] epoch=0079 train_loss=4.247896e-02 train_mse=1.093869e-02 train_cos=0.991656 train_nmse=-17.684dB train_rec=3.668803e-06 train_recT=3.121224e-06 train_fc=5.782638e-03 train_decoder_tail=8.787563e-06
I 07.02/08:09:56 train_mapper.py:622 ] epoch=0080 train_loss=4.233503e-02 train_mse=1.088822e-02 train_cos=0.991690 train_nmse=-17.705dB train_rec=3.661514e-06 train_recT=3.113939e-06 train_fc=5.756466e-03 train_decoder_tail=8.752635e-06
I 07.02/08:10:32 train_mapper.py:622 ] epoch=0081 train_loss=4.217718e-02 train_mse=1.083484e-02 train_cos=0.991730 train_nmse=-17.726dB train_rec=3.631905e-06 train_recT=3.084229e-06 train_fc=5.737257e-03 train_decoder_tail=8.671695e-06
I 07.02/08:11:11 train_mapper.py:622 ] epoch=0082 train_loss=4.191576e-02 train_mse=1.074923e-02 train_cos=0.991794 train_nmse=-17.761dB train_rec=3.605266e-06 train_recT=3.058030e-06 train_fc=5.680281e-03 train_decoder_tail=8.600209e-06
I 07.02/08:11:46 train_mapper.py:622 ] epoch=0083 train_loss=4.160003e-02 train_mse=1.064627e-02 train_cos=0.991869 train_nmse=-17.802dB train_rec=3.567163e-06 train_recT=3.019461e-06 train_fc=5.615496e-03 train_decoder_tail=8.496994e-06
I 07.02/08:12:41 train_mapper.py:622 ] epoch=0084 train_loss=4.148128e-02 train_mse=1.060528e-02 train_cos=0.991898 train_nmse=-17.819dB train_rec=3.556800e-06 train_recT=3.009125e-06 train_fc=5.601223e-03 train_decoder_tail=8.452432e-06
I 07.02/08:13:46 train_mapper.py:622 ] epoch=0085 train_loss=4.122767e-02 train_mse=1.052503e-02 train_cos=0.991960 train_nmse=-17.852dB train_rec=3.520066e-06 train_recT=2.972624e-06 train_fc=5.555724e-03 train_decoder_tail=8.374442e-06
I 07.02/08:14:47 train_mapper.py:622 ] epoch=0086 train_loss=4.110882e-02 train_mse=1.048243e-02 train_cos=0.991988 train_nmse=-17.870dB train_rec=3.512985e-06 train_recT=2.965345e-06 train_fc=5.539796e-03 train_decoder_tail=8.340340e-06
I 07.02/08:15:50 train_mapper.py:622 ] epoch=0087 train_loss=4.087791e-02 train_mse=1.040781e-02 train_cos=0.992046 train_nmse=-17.901dB train_rec=3.500111e-06 train_recT=2.952764e-06 train_fc=5.500740e-03 train_decoder_tail=8.290098e-06
I 07.02/08:16:45 train_mapper.py:622 ] epoch=0088 train_loss=4.064513e-02 train_mse=1.033338e-02 train_cos=0.992103 train_nmse=-17.932dB train_rec=3.457228e-06 train_recT=2.909737e-06 train_fc=5.461956e-03 train_decoder_tail=8.195625e-06
I 07.02/08:17:36 train_mapper.py:622 ] epoch=0089 train_loss=4.058689e-02 train_mse=1.031028e-02 train_cos=0.992115 train_nmse=-17.942dB train_rec=3.454479e-06 train_recT=2.906588e-06 train_fc=5.450147e-03 train_decoder_tail=8.173403e-06
I 07.02/08:18:31 train_mapper.py:622 ] epoch=0090 train_loss=4.026324e-02 train_mse=1.020855e-02 train_cos=0.992196 train_nmse=-17.984dB train_rec=3.418099e-06 train_recT=2.870739e-06 train_fc=5.397757e-03 train_decoder_tail=8.092527e-06
I 07.02/08:19:15 train_mapper.py:622 ] epoch=0091 train_loss=4.024817e-02 train_mse=1.019562e-02 train_cos=0.992197 train_nmse=-17.990dB train_rec=3.418186e-06 train_recT=2.870380e-06 train_fc=5.376499e-03 train_decoder_tail=8.049146e-06
I 07.02/08:20:08 train_mapper.py:622 ] epoch=0092 train_loss=3.984899e-02 train_mse=1.007499e-02 train_cos=0.992294 train_nmse=-18.042dB train_rec=3.372595e-06 train_recT=2.824778e-06 train_fc=5.321963e-03 train_decoder_tail=7.965882e-06
I 07.02/08:21:13 train_mapper.py:622 ] epoch=0093 train_loss=3.985025e-02 train_mse=1.006810e-02 train_cos=0.992295 train_nmse=-18.045dB train_rec=3.373700e-06 train_recT=2.825749e-06 train_fc=5.314695e-03 train_decoder_tail=7.931920e-06
I 07.02/08:21:57 train_mapper.py:622 ] epoch=0094 train_loss=3.957394e-02 train_mse=9.981173e-03 train_cos=0.992361 train_nmse=-18.082dB train_rec=3.339645e-06 train_recT=2.791827e-06 train_fc=5.266887e-03 train_decoder_tail=7.859100e-06
I 07.02/08:22:58 train_mapper.py:622 ] epoch=0095 train_loss=3.940581e-02 train_mse=9.926890e-03 train_cos=0.992400 train_nmse=-18.106dB train_rec=3.321658e-06 train_recT=2.773850e-06 train_fc=5.238411e-03 train_decoder_tail=7.817835e-06
I 07.02/08:23:47 train_mapper.py:622 ] epoch=0096 train_loss=3.922064e-02 train_mse=9.867894e-03 train_cos=0.992446 train_nmse=-18.132dB train_rec=3.305120e-06 train_recT=2.757410e-06 train_fc=5.212749e-03 train_decoder_tail=7.767770e-06
I 07.02/08:24:35 train_mapper.py:622 ] epoch=0097 train_loss=3.908872e-02 train_mse=9.822260e-03 train_cos=0.992478 train_nmse=-18.152dB train_rec=3.296185e-06 train_recT=2.748591e-06 train_fc=5.183553e-03 train_decoder_tail=7.728954e-06
I 07.02/08:25:20 train_mapper.py:622 ] epoch=0098 train_loss=3.886487e-02 train_mse=9.751772e-03 train_cos=0.992533 train_nmse=-18.183dB train_rec=3.272485e-06 train_recT=2.724980e-06 train_fc=5.148327e-03 train_decoder_tail=7.682220e-06
I 07.02/08:26:07 train_mapper.py:622 ] epoch=0099 train_loss=3.880754e-02 train_mse=9.730101e-03 train_cos=0.992548 train_nmse=-18.193dB train_rec=3.261051e-06 train_recT=2.713184e-06 train_fc=5.131927e-03 train_decoder_tail=7.642306e-06
I 07.02/08:27:27 train_mapper.py:622 ] epoch=0100 train_loss=3.855837e-02 train_mse=9.651203e-03 train_cos=0.992606 train_nmse=-18.228dB train_rec=3.230381e-06 train_recT=2.682753e-06 train_fc=5.090733e-03 train_decoder_tail=7.566851e-06
I 07.02/08:28:26 train_mapper.py:622 ] epoch=0101 train_loss=3.841789e-02 train_mse=9.605047e-03 train_cos=0.992639 train_nmse=-18.249dB train_rec=3.216585e-06 train_recT=2.668505e-06 train_fc=5.067173e-03 train_decoder_tail=7.524307e-06
I 07.02/08:29:48 train_mapper.py:622 ] epoch=0102 train_loss=3.831927e-02 train_mse=9.570996e-03 train_cos=0.992665 train_nmse=-18.265dB train_rec=3.208532e-06 train_recT=2.660780e-06 train_fc=5.051669e-03 train_decoder_tail=7.502027e-06
I 07.02/08:30:49 train_mapper.py:622 ] epoch=0103 train_loss=3.811852e-02 train_mse=9.507389e-03 train_cos=0.992713 train_nmse=-18.293dB train_rec=3.191968e-06 train_recT=2.644644e-06 train_fc=5.018141e-03 train_decoder_tail=7.447191e-06
I 07.02/08:32:11 train_mapper.py:622 ] epoch=0104 train_loss=3.790905e-02 train_mse=9.441090e-03 train_cos=0.992763 train_nmse=-18.324dB train_rec=3.164473e-06 train_recT=2.616723e-06 train_fc=4.981766e-03 train_decoder_tail=7.398717e-06
I 07.02/08:33:42 train_mapper.py:622 ] epoch=0105 train_loss=3.777693e-02 train_mse=9.398456e-03 train_cos=0.992796 train_nmse=-18.344dB train_rec=3.149275e-06 train_recT=2.601777e-06 train_fc=4.966148e-03 train_decoder_tail=7.356613e-06
I 07.02/08:35:07 train_mapper.py:622 ] epoch=0106 train_loss=3.775530e-02 train_mse=9.386566e-03 train_cos=0.992801 train_nmse=-18.349dB train_rec=3.151530e-06 train_recT=2.603786e-06 train_fc=4.952719e-03 train_decoder_tail=7.336435e-06
I 07.02/08:36:00 train_mapper.py:622 ] epoch=0107 train_loss=3.741991e-02 train_mse=9.284463e-03 train_cos=0.992881 train_nmse=-18.397dB train_rec=3.116824e-06 train_recT=2.569064e-06 train_fc=4.897103e-03 train_decoder_tail=7.267939e-06
I 07.02/08:37:12 train_mapper.py:622 ] epoch=0108 train_loss=3.734816e-02 train_mse=9.258263e-03 train_cos=0.992899 train_nmse=-18.409dB train_rec=3.107278e-06 train_recT=2.559217e-06 train_fc=4.886764e-03 train_decoder_tail=7.239035e-06
I 07.02/08:38:24 train_mapper.py:622 ] epoch=0109 train_loss=3.722862e-02 train_mse=9.219087e-03 train_cos=0.992930 train_nmse=-18.428dB train_rec=3.098131e-06 train_recT=2.550930e-06 train_fc=4.866638e-03 train_decoder_tail=7.204494e-06
I 07.02/08:39:16 train_mapper.py:622 ] epoch=0110 train_loss=3.704708e-02 train_mse=9.162488e-03 train_cos=0.992969 train_nmse=-18.454dB train_rec=3.073657e-06 train_recT=2.525823e-06 train_fc=4.833715e-03 train_decoder_tail=7.147744e-06
I 07.02/08:40:29 train_mapper.py:622 ] epoch=0111 train_loss=3.697959e-02 train_mse=9.138593e-03 train_cos=0.992989 train_nmse=-18.465dB train_rec=3.069954e-06 train_recT=2.522511e-06 train_fc=4.826358e-03 train_decoder_tail=7.140071e-06
I 07.02/08:41:38 train_mapper.py:622 ] epoch=0112 train_loss=3.680051e-02 train_mse=9.080957e-03 train_cos=0.993031 train_nmse=-18.493dB train_rec=3.052158e-06 train_recT=2.504391e-06 train_fc=4.793632e-03 train_decoder_tail=7.090120e-06
I 07.02/08:42:21 train_mapper.py:622 ] epoch=0113 train_loss=3.668133e-02 train_mse=9.042602e-03 train_cos=0.993060 train_nmse=-18.511dB train_rec=3.041065e-06 train_recT=2.493401e-06 train_fc=4.776369e-03 train_decoder_tail=7.064251e-06
I 07.02/08:43:15 train_mapper.py:622 ] epoch=0114 train_loss=3.655132e-02 train_mse=9.000555e-03 train_cos=0.993089 train_nmse=-18.532dB train_rec=3.027824e-06 train_recT=2.480380e-06 train_fc=4.754259e-03 train_decoder_tail=7.024761e-06
I 07.02/08:44:05 train_mapper.py:622 ] epoch=0115 train_loss=3.634132e-02 train_mse=8.935997e-03 train_cos=0.993140 train_nmse=-18.563dB train_rec=3.006208e-06 train_recT=2.458061e-06 train_fc=4.715592e-03 train_decoder_tail=6.977262e-06
I 07.02/08:44:51 train_mapper.py:622 ] epoch=0116 train_loss=3.630469e-02 train_mse=8.919955e-03 train_cos=0.993150 train_nmse=-18.571dB train_rec=2.995210e-06 train_recT=2.448099e-06 train_fc=4.708993e-03 train_decoder_tail=6.945655e-06
I 07.02/08:45:40 train_mapper.py:622 ] epoch=0117 train_loss=3.613581e-02 train_mse=8.867429e-03 train_cos=0.993190 train_nmse=-18.596dB train_rec=2.984174e-06 train_recT=2.436321e-06 train_fc=4.680563e-03 train_decoder_tail=6.912842e-06
I 07.02/08:46:32 train_mapper.py:622 ] epoch=0118 train_loss=3.597255e-02 train_mse=8.816579e-03 train_cos=0.993229 train_nmse=-18.621dB train_rec=2.958834e-06 train_recT=2.411345e-06 train_fc=4.651947e-03 train_decoder_tail=6.858998e-06
I 07.02/08:47:31 train_mapper.py:622 ] epoch=0119 train_loss=3.592711e-02 train_mse=8.799022e-03 train_cos=0.993240 train_nmse=-18.630dB train_rec=2.962483e-06 train_recT=2.414915e-06 train_fc=4.641927e-03 train_decoder_tail=6.854064e-06
I 07.02/08:48:46 train_mapper.py:622 ] epoch=0120 train_loss=3.572272e-02 train_mse=8.736433e-03 train_cos=0.993288 train_nmse=-18.661dB train_rec=2.938543e-06 train_recT=2.390878e-06 train_fc=4.611775e-03 train_decoder_tail=6.803599e-06
I 07.02/08:49:48 train_mapper.py:622 ] epoch=0121 train_loss=3.559050e-02 train_mse=8.694477e-03 train_cos=0.993319 train_nmse=-18.682dB train_rec=2.924629e-06 train_recT=2.377117e-06 train_fc=4.589058e-03 train_decoder_tail=6.758405e-06
I 07.02/08:50:44 train_mapper.py:622 ] epoch=0122 train_loss=3.551686e-02 train_mse=8.667763e-03 train_cos=0.993339 train_nmse=-18.695dB train_rec=2.919279e-06 train_recT=2.371520e-06 train_fc=4.573373e-03 train_decoder_tail=6.743393e-06
I 07.02/08:51:55 train_mapper.py:622 ] epoch=0123 train_loss=3.532996e-02 train_mse=8.611693e-03 train_cos=0.993382 train_nmse=-18.724dB train_rec=2.900205e-06 train_recT=2.352830e-06 train_fc=4.545734e-03 train_decoder_tail=6.710775e-06
I 07.02/08:53:04 train_mapper.py:622 ] epoch=0124 train_loss=3.532943e-02 train_mse=8.607520e-03 train_cos=0.993384 train_nmse=-18.725dB train_rec=2.907630e-06 train_recT=2.360286e-06 train_fc=4.548577e-03 train_decoder_tail=6.710011e-06
I 07.02/08:54:06 train_mapper.py:622 ] epoch=0125 train_loss=3.518658e-02 train_mse=8.562700e-03 train_cos=0.993417 train_nmse=-18.748dB train_rec=2.889927e-06 train_recT=2.343059e-06 train_fc=4.523896e-03 train_decoder_tail=6.665858e-06
I 07.02/08:55:10 train_mapper.py:622 ] epoch=0126 train_loss=3.496657e-02 train_mse=8.496901e-03 train_cos=0.993469 train_nmse=-18.782dB train_rec=2.862289e-06 train_recT=2.314790e-06 train_fc=4.487535e-03 train_decoder_tail=6.620178e-06
I 07.02/08:56:10 train_mapper.py:622 ] epoch=0127 train_loss=3.494936e-02 train_mse=8.488272e-03 train_cos=0.993473 train_nmse=-18.786dB train_rec=2.865064e-06 train_recT=2.317751e-06 train_fc=4.484803e-03 train_decoder_tail=6.600986e-06
I 07.02/08:57:10 train_mapper.py:622 ] epoch=0128 train_loss=3.478961e-02 train_mse=8.439430e-03 train_cos=0.993511 train_nmse=-18.811dB train_rec=2.850825e-06 train_recT=2.303181e-06 train_fc=4.455083e-03 train_decoder_tail=6.573739e-06
I 07.02/08:58:11 train_mapper.py:622 ] epoch=0129 train_loss=3.460715e-02 train_mse=8.384638e-03 train_cos=0.993553 train_nmse=-18.840dB train_rec=2.830782e-06 train_recT=2.283630e-06 train_fc=4.428763e-03 train_decoder_tail=6.528814e-06
I 07.02/08:59:30 train_mapper.py:622 ] epoch=0130 train_loss=3.462491e-02 train_mse=8.386163e-03 train_cos=0.993549 train_nmse=-18.838dB train_rec=2.838896e-06 train_recT=2.291480e-06 train_fc=4.429902e-03 train_decoder_tail=6.534263e-06
I 07.02/09:00:25 train_mapper.py:622 ] epoch=0131 train_loss=3.448123e-02 train_mse=8.341227e-03 train_cos=0.993583 train_nmse=-18.862dB train_rec=2.824821e-06 train_recT=2.277742e-06 train_fc=4.406275e-03 train_decoder_tail=6.493294e-06
I 07.02/09:01:24 train_mapper.py:622 ] epoch=0132 train_loss=3.438330e-02 train_mse=8.310767e-03 train_cos=0.993605 train_nmse=-18.878dB train_rec=2.809622e-06 train_recT=2.262335e-06 train_fc=4.386678e-03 train_decoder_tail=6.464703e-06
I 07.02/09:02:24 train_mapper.py:622 ] epoch=0133 train_loss=3.425234e-02 train_mse=8.270865e-03 train_cos=0.993636 train_nmse=-18.899dB train_rec=2.796913e-06 train_recT=2.249660e-06 train_fc=4.363051e-03 train_decoder_tail=6.430651e-06
I 07.02/09:03:29 train_mapper.py:622 ] epoch=0134 train_loss=3.413461e-02 train_mse=8.233833e-03 train_cos=0.993664 train_nmse=-18.918dB train_rec=2.783719e-06 train_recT=2.236306e-06 train_fc=4.350581e-03 train_decoder_tail=6.402591e-06
I 07.02/09:04:31 train_mapper.py:622 ] epoch=0135 train_loss=3.404907e-02 train_mse=8.205858e-03 train_cos=0.993682 train_nmse=-18.933dB train_rec=2.776205e-06 train_recT=2.229186e-06 train_fc=4.327533e-03 train_decoder_tail=6.380486e-06
I 07.02/09:05:49 train_mapper.py:622 ] epoch=0136 train_loss=3.391787e-02 train_mse=8.165898e-03 train_cos=0.993713 train_nmse=-18.954dB train_rec=2.759578e-06 train_recT=2.212569e-06 train_fc=4.309104e-03 train_decoder_tail=6.340178e-06
I 07.02/09:06:58 train_mapper.py:622 ] epoch=0137 train_loss=3.385959e-02 train_mse=8.147020e-03 train_cos=0.993728 train_nmse=-18.964dB train_rec=2.761823e-06 train_recT=2.214328e-06 train_fc=4.300764e-03 train_decoder_tail=6.344251e-06
I 07.02/09:07:57 train_mapper.py:622 ] epoch=0138 train_loss=3.370088e-02 train_mse=8.099526e-03 train_cos=0.993764 train_nmse=-18.989dB train_rec=2.740551e-06 train_recT=2.192985e-06 train_fc=4.274289e-03 train_decoder_tail=6.298141e-06
I 07.02/09:09:12 train_mapper.py:622 ] epoch=0139 train_loss=3.369039e-02 train_mse=8.093008e-03 train_cos=0.993767 train_nmse=-18.993dB train_rec=2.746487e-06 train_recT=2.199416e-06 train_fc=4.272668e-03 train_decoder_tail=6.301431e-06
I 07.02/09:10:46 train_mapper.py:622 ] epoch=0140 train_loss=3.350052e-02 train_mse=8.036898e-03 train_cos=0.993811 train_nmse=-19.023dB train_rec=2.726725e-06 train_recT=2.179304e-06 train_fc=4.241826e-03 train_decoder_tail=6.261898e-06
I 07.02/09:11:52 train_mapper.py:622 ] epoch=0141 train_loss=3.349742e-02 train_mse=8.032771e-03 train_cos=0.993810 train_nmse=-19.025dB train_rec=2.719642e-06 train_recT=2.172301e-06 train_fc=4.236958e-03 train_decoder_tail=6.234231e-06
I 07.02/09:13:03 train_mapper.py:622 ] epoch=0142 train_loss=3.330821e-02 train_mse=7.977570e-03 train_cos=0.993855 train_nmse=-19.056dB train_rec=2.704981e-06 train_recT=2.158016e-06 train_fc=4.206884e-03 train_decoder_tail=6.204208e-06
I 07.02/09:14:15 train_mapper.py:622 ] epoch=0143 train_loss=3.327008e-02 train_mse=7.964177e-03 train_cos=0.993863 train_nmse=-19.063dB train_rec=2.700372e-06 train_recT=2.153718e-06 train_fc=4.200031e-03 train_decoder_tail=6.191257e-06
I 07.02/09:15:12 train_mapper.py:622 ] epoch=0144 train_loss=3.305150e-02 train_mse=7.900166e-03 train_cos=0.993915 train_nmse=-19.098dB train_rec=2.678060e-06 train_recT=2.131104e-06 train_fc=4.166280e-03 train_decoder_tail=6.151979e-06
I 07.02/09:16:17 train_mapper.py:622 ] epoch=0145 train_loss=3.306232e-02 train_mse=7.900123e-03 train_cos=0.993911 train_nmse=-19.098dB train_rec=2.684824e-06 train_recT=2.137763e-06 train_fc=4.166983e-03 train_decoder_tail=6.150419e-06
I 07.02/09:17:12 train_mapper.py:622 ] epoch=0146 train_loss=3.298643e-02 train_mse=7.877414e-03 train_cos=0.993928 train_nmse=-19.110dB train_rec=2.676056e-06 train_recT=2.128953e-06 train_fc=4.156335e-03 train_decoder_tail=6.129912e-06
I 07.02/09:18:10 train_mapper.py:622 ] epoch=0147 train_loss=3.286655e-02 train_mse=7.840249e-03 train_cos=0.993956 train_nmse=-19.131dB train_rec=2.663774e-06 train_recT=2.116837e-06 train_fc=4.136883e-03 train_decoder_tail=6.102510e-06
I 07.02/09:19:19 train_mapper.py:622 ] epoch=0148 train_loss=3.275201e-02 train_mse=7.806356e-03 train_cos=0.993982 train_nmse=-19.150dB train_rec=2.649888e-06 train_recT=2.102777e-06 train_fc=4.116897e-03 train_decoder_tail=6.074296e-06
I 07.02/09:20:36 train_mapper.py:622 ] epoch=0149 train_loss=3.261809e-02 train_mse=7.766821e-03 train_cos=0.994012 train_nmse=-19.172dB train_rec=2.640867e-06 train_recT=2.093857e-06 train_fc=4.096794e-03 train_decoder_tail=6.048421e-06
I 07.02/09:21:50 train_mapper.py:622 ] epoch=0150 train_loss=3.260553e-02 train_mse=7.759485e-03 train_cos=0.994015 train_nmse=-19.176dB train_rec=2.641312e-06 train_recT=2.094930e-06 train_fc=4.089462e-03 train_decoder_tail=6.043976e-06
I 07.02/09:22:53 train_mapper.py:622 ] epoch=0151 train_loss=3.250512e-02 train_mse=7.729850e-03 train_cos=0.994039 train_nmse=-19.192dB train_rec=2.631897e-06 train_recT=2.084655e-06 train_fc=4.076558e-03 train_decoder_tail=6.020005e-06
I 07.02/09:23:59 train_mapper.py:622 ] epoch=0152 train_loss=3.237543e-02 train_mse=7.692401e-03 train_cos=0.994068 train_nmse=-19.214dB train_rec=2.620374e-06 train_recT=2.073395e-06 train_fc=4.055499e-03 train_decoder_tail=5.995831e-06
I 07.02/09:25:06 train_mapper.py:622 ] epoch=0153 train_loss=3.234645e-02 train_mse=7.681249e-03 train_cos=0.994076 train_nmse=-19.220dB train_rec=2.616643e-06 train_recT=2.069485e-06 train_fc=4.048791e-03 train_decoder_tail=5.983918e-06
I 07.02/09:26:17 train_mapper.py:622 ] epoch=0154 train_loss=3.225743e-02 train_mse=7.654302e-03 train_cos=0.994095 train_nmse=-19.235dB train_rec=2.608730e-06 train_recT=2.061754e-06 train_fc=4.035768e-03 train_decoder_tail=5.968863e-06
I 07.02/09:27:37 train_mapper.py:622 ] epoch=0155 train_loss=3.213495e-02 train_mse=7.617699e-03 train_cos=0.994123 train_nmse=-19.256dB train_rec=2.593396e-06 train_recT=2.046255e-06 train_fc=4.013571e-03 train_decoder_tail=5.928367e-06
I 07.02/09:28:54 train_mapper.py:622 ] epoch=0156 train_loss=3.202502e-02 train_mse=7.586070e-03 train_cos=0.994148 train_nmse=-19.274dB train_rec=2.589883e-06 train_recT=2.043129e-06 train_fc=4.000719e-03 train_decoder_tail=5.923712e-06
I 07.02/09:30:30 train_mapper.py:622 ] epoch=0157 train_loss=3.198454e-02 train_mse=7.571625e-03 train_cos=0.994157 train_nmse=-19.282dB train_rec=2.583086e-06 train_recT=2.036428e-06 train_fc=3.987803e-03 train_decoder_tail=5.902016e-06
I 07.02/09:31:51 train_mapper.py:622 ] epoch=0158 train_loss=3.190373e-02 train_mse=7.547858e-03 train_cos=0.994177 train_nmse=-19.296dB train_rec=2.573197e-06 train_recT=2.026439e-06 train_fc=3.976041e-03 train_decoder_tail=5.880640e-06
I 07.02/09:32:49 train_mapper.py:622 ] epoch=0159 train_loss=3.180301e-02 train_mse=7.518216e-03 train_cos=0.994199 train_nmse=-19.313dB train_rec=2.570501e-06 train_recT=2.023289e-06 train_fc=3.964949e-03 train_decoder_tail=5.874345e-06
I 07.02/09:33:49 train_mapper.py:622 ] epoch=0160 train_loss=3.177309e-02 train_mse=7.506713e-03 train_cos=0.994205 train_nmse=-19.320dB train_rec=2.568163e-06 train_recT=2.021101e-06 train_fc=3.955433e-03 train_decoder_tail=5.852916e-06
I 07.02/09:34:51 train_mapper.py:622 ] epoch=0161 train_loss=3.168035e-02 train_mse=7.478903e-03 train_cos=0.994227 train_nmse=-19.336dB train_rec=2.552790e-06 train_recT=2.005784e-06 train_fc=3.935336e-03 train_decoder_tail=5.823580e-06
I 07.02/09:35:52 train_mapper.py:622 ] epoch=0162 train_loss=3.159461e-02 train_mse=7.454443e-03 train_cos=0.994245 train_nmse=-19.350dB train_rec=2.543945e-06 train_recT=1.997212e-06 train_fc=3.925873e-03 train_decoder_tail=5.806327e-06
I 07.02/09:36:41 train_mapper.py:622 ] epoch=0163 train_loss=3.146146e-02 train_mse=7.415213e-03 train_cos=0.994275 train_nmse=-19.373dB train_rec=2.538256e-06 train_recT=1.991475e-06 train_fc=3.904676e-03 train_decoder_tail=5.787790e-06
I 07.02/09:37:36 train_mapper.py:622 ] epoch=0164 train_loss=3.137892e-02 train_mse=7.390428e-03 train_cos=0.994294 train_nmse=-19.388dB train_rec=2.524529e-06 train_recT=1.977724e-06 train_fc=3.892306e-03 train_decoder_tail=5.763647e-06
I 07.02/09:39:05 train_mapper.py:622 ] epoch=0165 train_loss=3.135586e-02 train_mse=7.383136e-03 train_cos=0.994302 train_nmse=-19.392dB train_rec=2.530283e-06 train_recT=1.983369e-06 train_fc=3.892965e-03 train_decoder_tail=5.775232e-06
I 07.02/09:40:15 train_mapper.py:622 ] epoch=0166 train_loss=3.131040e-02 train_mse=7.368145e-03 train_cos=0.994310 train_nmse=-19.400dB train_rec=2.525147e-06 train_recT=1.978372e-06 train_fc=3.882125e-03 train_decoder_tail=5.758065e-06
I 07.02/09:41:24 train_mapper.py:622 ] epoch=0167 train_loss=3.113815e-02 train_mse=7.318972e-03 train_cos=0.994349 train_nmse=-19.429dB train_rec=2.503821e-06 train_recT=1.956914e-06 train_fc=3.853241e-03 train_decoder_tail=5.713727e-06
I 07.02/09:42:21 train_mapper.py:622 ] epoch=0168 train_loss=3.118745e-02 train_mse=7.329936e-03 train_cos=0.994338 train_nmse=-19.423dB train_rec=2.518192e-06 train_recT=1.971147e-06 train_fc=3.857186e-03 train_decoder_tail=5.720348e-06
I 07.02/09:43:31 train_mapper.py:622 ] epoch=0169 train_loss=3.101777e-02 train_mse=7.281796e-03 train_cos=0.994378 train_nmse=-19.452dB train_rec=2.496741e-06 train_recT=1.949852e-06 train_fc=3.833498e-03 train_decoder_tail=5.695054e-06
I 07.02/09:44:30 train_mapper.py:622 ] epoch=0170 train_loss=3.097922e-02 train_mse=7.269490e-03 train_cos=0.994386 train_nmse=-19.459dB train_rec=2.496799e-06 train_recT=1.949681e-06 train_fc=3.825287e-03 train_decoder_tail=5.688549e-06
I 07.02/09:45:25 train_mapper.py:622 ] epoch=0171 train_loss=3.089033e-02 train_mse=7.243290e-03 train_cos=0.994404 train_nmse=-19.475dB train_rec=2.483652e-06 train_recT=1.937267e-06 train_fc=3.810050e-03 train_decoder_tail=5.650890e-06
I 07.02/09:46:24 train_mapper.py:622 ] epoch=0172 train_loss=3.073331e-02 train_mse=7.199284e-03 train_cos=0.994438 train_nmse=-19.501dB train_rec=2.469356e-06 train_recT=1.922838e-06 train_fc=3.791195e-03 train_decoder_tail=5.638382e-06
I 07.02/09:47:26 train_mapper.py:622 ] epoch=0173 train_loss=3.081565e-02 train_mse=7.218925e-03 train_cos=0.994422 train_nmse=-19.489dB train_rec=2.476936e-06 train_recT=1.930323e-06 train_fc=3.801826e-03 train_decoder_tail=5.638706e-06
I 07.02/09:48:22 train_mapper.py:622 ] epoch=0174 train_loss=3.069777e-02 train_mse=7.186024e-03 train_cos=0.994448 train_nmse=-19.509dB train_rec=2.463828e-06 train_recT=1.917245e-06 train_fc=3.783497e-03 train_decoder_tail=5.620213e-06
I 07.02/09:49:26 train_mapper.py:622 ] epoch=0175 train_loss=3.066545e-02 train_mse=7.174748e-03 train_cos=0.994458 train_nmse=-19.516dB train_rec=2.468075e-06 train_recT=1.921358e-06 train_fc=3.777587e-03 train_decoder_tail=5.620361e-06
I 07.02/09:50:24 train_mapper.py:622 ] epoch=0176 train_loss=3.056289e-02 train_mse=7.144660e-03 train_cos=0.994479 train_nmse=-19.534dB train_rec=2.457932e-06 train_recT=1.911349e-06 train_fc=3.754801e-03 train_decoder_tail=5.597922e-06
I 07.02/09:51:26 train_mapper.py:622 ] epoch=0177 train_loss=3.045710e-02 train_mse=7.114456e-03 train_cos=0.994504 train_nmse=-19.553dB train_rec=2.448522e-06 train_recT=1.901346e-06 train_fc=3.743392e-03 train_decoder_tail=5.574269e-06
I 07.02/09:52:30 train_mapper.py:622 ] epoch=0178 train_loss=3.035584e-02 train_mse=7.085397e-03 train_cos=0.994525 train_nmse=-19.570dB train_rec=2.436258e-06 train_recT=1.889899e-06 train_fc=3.730626e-03 train_decoder_tail=5.551337e-06
I 07.02/09:53:47 train_mapper.py:622 ] epoch=0179 train_loss=3.033638e-02 train_mse=7.078684e-03 train_cos=0.994531 train_nmse=-19.574dB train_rec=2.434401e-06 train_recT=1.887733e-06 train_fc=3.721613e-03 train_decoder_tail=5.545478e-06
I 07.02/09:55:08 train_mapper.py:622 ] epoch=0180 train_loss=3.026079e-02 train_mse=7.055860e-03 train_cos=0.994547 train_nmse=-19.589dB train_rec=2.428982e-06 train_recT=1.882229e-06 train_fc=3.708845e-03 train_decoder_tail=5.533405e-06
I 07.02/09:56:30 train_mapper.py:622 ] epoch=0181 train_loss=3.017209e-02 train_mse=7.030250e-03 train_cos=0.994566 train_nmse=-19.604dB train_rec=2.421813e-06 train_recT=1.875277e-06 train_fc=3.697332e-03 train_decoder_tail=5.508567e-06
I 07.02/09:57:54 train_mapper.py:622 ] epoch=0182 train_loss=3.020001e-02 train_mse=7.036072e-03 train_cos=0.994561 train_nmse=-19.601dB train_rec=2.428263e-06 train_recT=1.881772e-06 train_fc=3.700366e-03 train_decoder_tail=5.518770e-06
I 07.02/09:58:57 train_mapper.py:622 ] epoch=0183 train_loss=3.000114e-02 train_mse=6.981841e-03 train_cos=0.994605 train_nmse=-19.634dB train_rec=2.409910e-06 train_recT=1.863749e-06 train_fc=3.675609e-03 train_decoder_tail=5.486703e-06
I 07.02/10:00:14 train_mapper.py:622 ] epoch=0184 train_loss=3.001291e-02 train_mse=6.981728e-03 train_cos=0.994603 train_nmse=-19.634dB train_rec=2.407010e-06 train_recT=1.860684e-06 train_fc=3.669075e-03 train_decoder_tail=5.477803e-06
I 07.02/10:01:08 train_mapper.py:622 ] epoch=0185 train_loss=2.984501e-02 train_mse=6.935505e-03 train_cos=0.994638 train_nmse=-19.663dB train_rec=2.394219e-06 train_recT=1.848009e-06 train_fc=3.644990e-03 train_decoder_tail=5.450121e-06
I 07.02/10:02:14 train_mapper.py:622 ] epoch=0186 train_loss=2.992260e-02 train_mse=6.954641e-03 train_cos=0.994623 train_nmse=-19.651dB train_rec=2.404945e-06 train_recT=1.858574e-06 train_fc=3.657320e-03 train_decoder_tail=5.458553e-06
I 07.02/10:03:14 train_mapper.py:622 ] epoch=0187 train_loss=2.973936e-02 train_mse=6.904064e-03 train_cos=0.994661 train_nmse=-19.683dB train_rec=2.382887e-06 train_recT=1.836449e-06 train_fc=3.629720e-03 train_decoder_tail=5.426561e-06
I 07.02/10:04:13 train_mapper.py:622 ] epoch=0188 train_loss=2.971199e-02 train_mse=6.893776e-03 train_cos=0.994669 train_nmse=-19.689dB train_rec=2.380980e-06 train_recT=1.834589e-06 train_fc=3.623292e-03 train_decoder_tail=5.416240e-06
I 07.02/10:05:28 train_mapper.py:622 ] epoch=0189 train_loss=2.970593e-02 train_mse=6.891873e-03 train_cos=0.994672 train_nmse=-19.691dB train_rec=2.380633e-06 train_recT=1.834313e-06 train_fc=3.624097e-03 train_decoder_tail=5.412410e-06
I 07.02/10:06:34 train_mapper.py:622 ] epoch=0190 train_loss=2.960026e-02 train_mse=6.861703e-03 train_cos=0.994695 train_nmse=-19.710dB train_rec=2.375616e-06 train_recT=1.828896e-06 train_fc=3.607044e-03 train_decoder_tail=5.402709e-06
I 07.02/10:07:37 train_mapper.py:622 ] epoch=0191 train_loss=2.958324e-02 train_mse=6.855307e-03 train_cos=0.994698 train_nmse=-19.714dB train_rec=2.371707e-06 train_recT=1.825164e-06 train_fc=3.604666e-03 train_decoder_tail=5.391115e-06
I 07.02/10:08:47 train_mapper.py:622 ] epoch=0192 train_loss=2.950277e-02 train_mse=6.832700e-03 train_cos=0.994717 train_nmse=-19.728dB train_rec=2.365158e-06 train_recT=1.818765e-06 train_fc=3.595742e-03 train_decoder_tail=5.378674e-06
I 07.02/10:09:57 train_mapper.py:622 ] epoch=0193 train_loss=2.941797e-02 train_mse=6.808588e-03 train_cos=0.994736 train_nmse=-19.744dB train_rec=2.355161e-06 train_recT=1.809000e-06 train_fc=3.581330e-03 train_decoder_tail=5.362562e-06
I 07.02/10:11:07 train_mapper.py:622 ] epoch=0194 train_loss=2.939257e-02 train_mse=6.799502e-03 train_cos=0.994742 train_nmse=-19.749dB train_rec=2.356732e-06 train_recT=1.810404e-06 train_fc=3.575733e-03 train_decoder_tail=5.358550e-06
I 07.02/10:12:11 train_mapper.py:622 ] epoch=0195 train_loss=2.931711e-02 train_mse=6.777934e-03 train_cos=0.994759 train_nmse=-19.763dB train_rec=2.348309e-06 train_recT=1.801935e-06 train_fc=3.563789e-03 train_decoder_tail=5.340668e-06
I 07.02/10:13:15 train_mapper.py:622 ] epoch=0196 train_loss=2.927517e-02 train_mse=6.765156e-03 train_cos=0.994768 train_nmse=-19.771dB train_rec=2.345437e-06 train_recT=1.799210e-06 train_fc=3.553610e-03 train_decoder_tail=5.334281e-06
I 07.02/10:14:18 train_mapper.py:622 ] epoch=0197 train_loss=2.921124e-02 train_mse=6.746663e-03 train_cos=0.994782 train_nmse=-19.783dB train_rec=2.345596e-06 train_recT=1.799211e-06 train_fc=3.543962e-03 train_decoder_tail=5.329461e-06
I 07.02/10:15:23 train_mapper.py:622 ] epoch=0198 train_loss=2.904819e-02 train_mse=6.700909e-03 train_cos=0.994817 train_nmse=-19.813dB train_rec=2.325550e-06 train_recT=1.779098e-06 train_fc=3.517583e-03 train_decoder_tail=5.288098e-06
I 07.02/10:16:18 train_mapper.py:622 ] epoch=0199 train_loss=2.901780e-02 train_mse=6.691734e-03 train_cos=0.994823 train_nmse=-19.819dB train_rec=2.317596e-06 train_recT=1.770779e-06 train_fc=3.513689e-03 train_decoder_tail=5.268642e-06
I 07.02/10:17:25 train_mapper.py:622 ] epoch=0200 train_loss=2.898941e-02 train_mse=6.682328e-03 train_cos=0.994831 train_nmse=-19.825dB train_rec=2.326755e-06 train_recT=1.780578e-06 train_fc=3.511731e-03 train_decoder_tail=5.282352e-06
I 07.02/10:18:27 train_mapper.py:622 ] epoch=0201 train_loss=2.895871e-02 train_mse=6.672076e-03 train_cos=0.994836 train_nmse=-19.831dB train_rec=2.314047e-06 train_recT=1.767504e-06 train_fc=3.499151e-03 train_decoder_tail=5.258669e-06
I 07.02/10:19:32 train_mapper.py:622 ] epoch=0202 train_loss=2.889720e-02 train_mse=6.654661e-03 train_cos=0.994850 train_nmse=-19.843dB train_rec=2.317481e-06 train_recT=1.771602e-06 train_fc=3.491742e-03 train_decoder_tail=5.257502e-06
I 07.02/10:20:35 train_mapper.py:622 ] epoch=0203 train_loss=2.885139e-02 train_mse=6.641780e-03 train_cos=0.994861 train_nmse=-19.851dB train_rec=2.309653e-06 train_recT=1.763145e-06 train_fc=3.487578e-03 train_decoder_tail=5.250560e-06
I 07.02/10:21:41 train_mapper.py:622 ] epoch=0204 train_loss=2.881143e-02 train_mse=6.629116e-03 train_cos=0.994871 train_nmse=-19.860dB train_rec=2.303596e-06 train_recT=1.757481e-06 train_fc=3.482884e-03 train_decoder_tail=5.236491e-06
I 07.02/10:22:47 train_mapper.py:622 ] epoch=0205 train_loss=2.870290e-02 train_mse=6.599335e-03 train_cos=0.994895 train_nmse=-19.879dB train_rec=2.298533e-06 train_recT=1.752202e-06 train_fc=3.466984e-03 train_decoder_tail=5.228749e-06
I 07.02/10:23:54 train_mapper.py:622 ] epoch=0206 train_loss=2.867275e-02 train_mse=6.589696e-03 train_cos=0.994902 train_nmse=-19.885dB train_rec=2.296983e-06 train_recT=1.750491e-06 train_fc=3.461485e-03 train_decoder_tail=5.219402e-06
I 07.02/10:25:00 train_mapper.py:622 ] epoch=0207 train_loss=2.861462e-02 train_mse=6.572746e-03 train_cos=0.994914 train_nmse=-19.897dB train_rec=2.291070e-06 train_recT=1.744581e-06 train_fc=3.450133e-03 train_decoder_tail=5.204562e-06
I 07.02/10:26:12 train_mapper.py:622 ] epoch=0208 train_loss=2.852512e-02 train_mse=6.547581e-03 train_cos=0.994934 train_nmse=-19.913dB train_rec=2.282092e-06 train_recT=1.735824e-06 train_fc=3.437117e-03 train_decoder_tail=5.189132e-06
I 07.02/10:27:19 train_mapper.py:622 ] epoch=0209 train_loss=2.864127e-02 train_mse=6.577293e-03 train_cos=0.994910 train_nmse=-19.893dB train_rec=2.291140e-06 train_recT=1.744631e-06 train_fc=3.454492e-03 train_decoder_tail=5.201336e-06
I 07.02/10:28:23 train_mapper.py:622 ] epoch=0210 train_loss=2.842019e-02 train_mse=6.517916e-03 train_cos=0.994958 train_nmse=-19.933dB train_rec=2.270633e-06 train_recT=1.724315e-06 train_fc=3.425189e-03 train_decoder_tail=5.167515e-06
I 07.02/10:29:29 train_mapper.py:622 ] epoch=0211 train_loss=2.838044e-02 train_mse=6.505336e-03 train_cos=0.994967 train_nmse=-19.941dB train_rec=2.275267e-06 train_recT=1.729252e-06 train_fc=3.418298e-03 train_decoder_tail=5.170799e-06
I 07.02/10:30:37 train_mapper.py:622 ] epoch=0212 train_loss=2.836916e-02 train_mse=6.500977e-03 train_cos=0.994970 train_nmse=-19.944dB train_rec=2.274855e-06 train_recT=1.728433e-06 train_fc=3.413374e-03 train_decoder_tail=5.163722e-06
I 07.02/10:31:45 train_mapper.py:622 ] epoch=0213 train_loss=2.837613e-02 train_mse=6.501560e-03 train_cos=0.994969 train_nmse=-19.944dB train_rec=2.275060e-06 train_recT=1.728846e-06 train_fc=3.416968e-03 train_decoder_tail=5.165270e-06
I 07.02/10:32:51 train_mapper.py:622 ] epoch=0214 train_loss=2.820679e-02 train_mse=6.455687e-03 train_cos=0.995004 train_nmse=-19.974dB train_rec=2.256712e-06 train_recT=1.710664e-06 train_fc=3.387839e-03 train_decoder_tail=5.129446e-06
I 07.02/10:33:57 train_mapper.py:622 ] epoch=0215 train_loss=2.823275e-02 train_mse=6.460148e-03 train_cos=0.994999 train_nmse=-19.972dB train_rec=2.259277e-06 train_recT=1.712779e-06 train_fc=3.387602e-03 train_decoder_tail=5.126205e-06
I 07.02/10:35:01 train_mapper.py:622 ] epoch=0216 train_loss=2.810583e-02 train_mse=6.426652e-03 train_cos=0.995026 train_nmse=-19.994dB train_rec=2.245851e-06 train_recT=1.699476e-06 train_fc=3.375791e-03 train_decoder_tail=5.108087e-06
I 07.02/10:35:59 train_mapper.py:622 ] epoch=0217 train_loss=2.813637e-02 train_mse=6.432889e-03 train_cos=0.995022 train_nmse=-19.990dB train_rec=2.250636e-06 train_recT=1.704946e-06 train_fc=3.377729e-03 train_decoder_tail=5.111387e-06
I 07.02/10:37:06 train_mapper.py:622 ] epoch=0218 train_loss=2.808831e-02 train_mse=6.418484e-03 train_cos=0.995031 train_nmse=-20.000dB train_rec=2.242461e-06 train_recT=1.696433e-06 train_fc=3.365851e-03 train_decoder_tail=5.092269e-06
I 07.02/10:38:11 train_mapper.py:622 ] epoch=0219 train_loss=2.801794e-02 train_mse=6.398667e-03 train_cos=0.995048 train_nmse=-20.013dB train_rec=2.243292e-06 train_recT=1.697054e-06 train_fc=3.359464e-03 train_decoder_tail=5.091766e-06
I 07.02/10:39:16 train_mapper.py:622 ] epoch=0220 train_loss=2.790247e-02 train_mse=6.367268e-03 train_cos=0.995072 train_nmse=-20.034dB train_rec=2.228796e-06 train_recT=1.682818e-06 train_fc=3.341919e-03 train_decoder_tail=5.067510e-06
I 07.02/10:40:20 train_mapper.py:622 ] epoch=0221 train_loss=2.793763e-02 train_mse=6.374360e-03 train_cos=0.995065 train_nmse=-20.030dB train_rec=2.236457e-06 train_recT=1.689790e-06 train_fc=3.343764e-03 train_decoder_tail=5.074960e-06
I 07.02/10:41:24 train_mapper.py:622 ] epoch=0222 train_loss=2.780987e-02 train_mse=6.340840e-03 train_cos=0.995091 train_nmse=-20.053dB train_rec=2.223029e-06 train_recT=1.676998e-06 train_fc=3.328173e-03 train_decoder_tail=5.055448e-06
I 07.02/10:42:25 train_mapper.py:622 ] epoch=0223 train_loss=2.781179e-02 train_mse=6.339494e-03 train_cos=0.995093 train_nmse=-20.053dB train_rec=2.226790e-06 train_recT=1.680695e-06 train_fc=3.325641e-03 train_decoder_tail=5.057025e-06
I 07.02/10:43:28 train_mapper.py:622 ] epoch=0224 train_loss=2.771146e-02 train_mse=6.312160e-03 train_cos=0.995114 train_nmse=-20.072dB train_rec=2.212071e-06 train_recT=1.666233e-06 train_fc=3.310403e-03 train_decoder_tail=5.028933e-06
I 07.02/10:44:30 train_mapper.py:622 ] epoch=0225 train_loss=2.769710e-02 train_mse=6.307047e-03 train_cos=0.995118 train_nmse=-20.076dB train_rec=2.218069e-06 train_recT=1.671930e-06 train_fc=3.310272e-03 train_decoder_tail=5.037081e-06
I 07.02/10:45:34 train_mapper.py:622 ] epoch=0226 train_loss=2.765453e-02 train_mse=6.295345e-03 train_cos=0.995128 train_nmse=-20.084dB train_rec=2.211268e-06 train_recT=1.665392e-06 train_fc=3.303049e-03 train_decoder_tail=5.026424e-06
I 07.02/10:46:38 train_mapper.py:622 ] epoch=0227 train_loss=2.765694e-02 train_mse=6.293380e-03 train_cos=0.995127 train_nmse=-20.085dB train_rec=2.218041e-06 train_recT=1.671984e-06 train_fc=3.299082e-03 train_decoder_tail=5.028271e-06
I 07.02/10:47:43 train_mapper.py:622 ] epoch=0228 train_loss=2.747450e-02 train_mse=6.244888e-03 train_cos=0.995165 train_nmse=-20.119dB train_rec=2.192383e-06 train_recT=1.646499e-06 train_fc=3.277745e-03 train_decoder_tail=4.984811e-06
I 07.02/10:48:47 train_mapper.py:622 ] epoch=0229 train_loss=2.752070e-02 train_mse=6.255185e-03 train_cos=0.995158 train_nmse=-20.112dB train_rec=2.202270e-06 train_recT=1.656513e-06 train_fc=3.276643e-03 train_decoder_tail=4.997032e-06
I 07.02/10:49:45 train_mapper.py:622 ] epoch=0230 train_loss=2.746008e-02 train_mse=6.238510e-03 train_cos=0.995170 train_nmse=-20.123dB train_rec=2.194729e-06 train_recT=1.648841e-06 train_fc=3.271583e-03 train_decoder_tail=4.985833e-06
I 07.02/10:50:42 train_mapper.py:622 ] epoch=0231 train_loss=2.733112e-02 train_mse=6.204491e-03 train_cos=0.995197 train_nmse=-20.147dB train_rec=2.181531e-06 train_recT=1.635208e-06 train_fc=3.253674e-03 train_decoder_tail=4.968115e-06
I 07.02/10:51:41 train_mapper.py:622 ] epoch=0232 train_loss=2.744482e-02 train_mse=6.232432e-03 train_cos=0.995175 train_nmse=-20.127dB train_rec=2.200082e-06 train_recT=1.653928e-06 train_fc=3.269072e-03 train_decoder_tail=4.995077e-06
I 07.02/10:52:38 train_mapper.py:622 ] epoch=0233 train_loss=2.735206e-02 train_mse=6.207525e-03 train_cos=0.995194 train_nmse=-20.145dB train_rec=2.190466e-06 train_recT=1.644234e-06 train_fc=3.256225e-03 train_decoder_tail=4.976163e-06
I 07.02/10:53:35 train_mapper.py:622 ] epoch=0234 train_loss=2.723214e-02 train_mse=6.175238e-03 train_cos=0.995220 train_nmse=-20.168dB train_rec=2.175368e-06 train_recT=1.629629e-06 train_fc=3.237217e-03 train_decoder_tail=4.943801e-06
I 07.02/10:54:31 train_mapper.py:622 ] epoch=0235 train_loss=2.724082e-02 train_mse=6.175186e-03 train_cos=0.995218 train_nmse=-20.167dB train_rec=2.182964e-06 train_recT=1.637126e-06 train_fc=3.235407e-03 train_decoder_tail=4.950915e-06
I 07.02/10:55:28 train_mapper.py:622 ] epoch=0236 train_loss=2.714660e-02 train_mse=6.149872e-03 train_cos=0.995238 train_nmse=-20.185dB train_rec=2.170360e-06 train_recT=1.624508e-06 train_fc=3.220376e-03 train_decoder_tail=4.926840e-06
I 07.02/10:56:23 train_mapper.py:622 ] epoch=0237 train_loss=2.712192e-02 train_mse=6.141644e-03 train_cos=0.995244 train_nmse=-20.191dB train_rec=2.169245e-06 train_recT=1.623286e-06 train_fc=3.218472e-03 train_decoder_tail=4.925933e-06
I 07.02/10:57:20 train_mapper.py:622 ] epoch=0238 train_loss=2.710060e-02 train_mse=6.135880e-03 train_cos=0.995250 train_nmse=-20.195dB train_rec=2.170693e-06 train_recT=1.624611e-06 train_fc=3.217261e-03 train_decoder_tail=4.930220e-06
I 07.02/10:58:19 train_mapper.py:622 ] epoch=0239 train_loss=2.699212e-02 train_mse=6.107256e-03 train_cos=0.995272 train_nmse=-20.216dB train_rec=2.160777e-06 train_recT=1.614909e-06 train_fc=3.203661e-03 train_decoder_tail=4.911751e-06
I 07.02/10:59:17 train_mapper.py:622 ] epoch=0240 train_loss=2.698173e-02 train_mse=6.102458e-03 train_cos=0.995275 train_nmse=-20.219dB train_rec=2.163397e-06 train_recT=1.617273e-06 train_fc=3.201759e-03 train_decoder_tail=4.908821e-06
I 07.02/11:00:15 train_mapper.py:622 ] epoch=0241 train_loss=2.691369e-02 train_mse=6.083576e-03 train_cos=0.995289 train_nmse=-20.232dB train_rec=2.150341e-06 train_recT=1.604497e-06 train_fc=3.188763e-03 train_decoder_tail=4.886099e-06
I 07.02/11:01:11 train_mapper.py:622 ] epoch=0242 train_loss=2.705801e-02 train_mse=6.119417e-03 train_cos=0.995260 train_nmse=-20.207dB train_rec=2.170420e-06 train_recT=1.624255e-06 train_fc=3.208002e-03 train_decoder_tail=4.919363e-06
I 07.02/11:02:07 train_mapper.py:622 ] epoch=0243 train_loss=2.687211e-02 train_mse=6.070839e-03 train_cos=0.995300 train_nmse=-20.242dB train_rec=2.149869e-06 train_recT=1.604117e-06 train_fc=3.184082e-03 train_decoder_tail=4.888877e-06
I 07.02/11:03:02 train_mapper.py:622 ] epoch=0244 train_loss=2.683269e-02 train_mse=6.059162e-03 train_cos=0.995307 train_nmse=-20.250dB train_rec=2.143860e-06 train_recT=1.598043e-06 train_fc=3.174477e-03 train_decoder_tail=4.866741e-06
I 07.02/11:03:57 train_mapper.py:622 ] epoch=0245 train_loss=2.675103e-02 train_mse=6.036390e-03 train_cos=0.995326 train_nmse=-20.266dB train_rec=2.137901e-06 train_recT=1.592032e-06 train_fc=3.160608e-03 train_decoder_tail=4.859350e-06
I 07.02/11:04:53 train_mapper.py:622 ] epoch=0246 train_loss=2.674094e-02 train_mse=6.033407e-03 train_cos=0.995329 train_nmse=-20.268dB train_rec=2.141020e-06 train_recT=1.595598e-06 train_fc=3.161777e-03 train_decoder_tail=4.860587e-06
I 07.02/11:05:51 train_mapper.py:622 ] epoch=0247 train_loss=2.669841e-02 train_mse=6.021809e-03 train_cos=0.995337 train_nmse=-20.277dB train_rec=2.135703e-06 train_recT=1.589977e-06 train_fc=3.157052e-03 train_decoder_tail=4.854227e-06
I 07.02/11:06:48 train_mapper.py:622 ] epoch=0248 train_loss=2.665410e-02 train_mse=6.009389e-03 train_cos=0.995347 train_nmse=-20.286dB train_rec=2.134929e-06 train_recT=1.589074e-06 train_fc=3.153396e-03 train_decoder_tail=4.847877e-06
I 07.02/11:07:45 train_mapper.py:622 ] epoch=0249 train_loss=2.666637e-02 train_mse=6.010862e-03 train_cos=0.995345 train_nmse=-20.285dB train_rec=2.133493e-06 train_recT=1.587523e-06 train_fc=3.151602e-03 train_decoder_tail=4.845715e-06
I 07.02/11:08:42 train_mapper.py:622 ] epoch=0250 train_loss=2.656228e-02 train_mse=5.983511e-03 train_cos=0.995367 train_nmse=-20.305dB train_rec=2.125828e-06 train_recT=1.579985e-06 train_fc=3.137862e-03 train_decoder_tail=4.834677e-06
I 07.02/11:09:40 train_mapper.py:622 ] epoch=0251 train_loss=2.661645e-02 train_mse=5.996200e-03 train_cos=0.995356 train_nmse=-20.295dB train_rec=2.134765e-06 train_recT=1.588923e-06 train_fc=3.145590e-03 train_decoder_tail=4.841952e-06
I 07.02/11:10:36 train_mapper.py:622 ] epoch=0252 train_loss=2.649926e-02 train_mse=5.965678e-03 train_cos=0.995381 train_nmse=-20.317dB train_rec=2.121056e-06 train_recT=1.575117e-06 train_fc=3.127740e-03 train_decoder_tail=4.822868e-06
I 07.02/11:11:33 train_mapper.py:622 ] epoch=0253 train_loss=2.640480e-02 train_mse=5.939810e-03 train_cos=0.995400 train_nmse=-20.336dB train_rec=2.111117e-06 train_recT=1.565387e-06 train_fc=3.113088e-03 train_decoder_tail=4.802305e-06
I 07.02/11:12:29 train_mapper.py:622 ] epoch=0254 train_loss=2.646358e-02 train_mse=5.952710e-03 train_cos=0.995389 train_nmse=-20.327dB train_rec=2.116021e-06 train_recT=1.570255e-06 train_fc=3.117699e-03 train_decoder_tail=4.806128e-06
I 07.02/11:13:25 train_mapper.py:622 ] epoch=0255 train_loss=2.636999e-02 train_mse=5.928481e-03 train_cos=0.995409 train_nmse=-20.345dB train_rec=2.109501e-06 train_recT=1.563760e-06 train_fc=3.105169e-03 train_decoder_tail=4.794225e-06
I 07.02/11:14:15 train_mapper.py:622 ] epoch=0256 train_loss=2.635979e-02 train_mse=5.924959e-03 train_cos=0.995412 train_nmse=-20.347dB train_rec=2.109177e-06 train_recT=1.563042e-06 train_fc=3.104386e-03 train_decoder_tail=4.798248e-06
I 07.02/11:15:05 train_mapper.py:622 ] epoch=0257 train_loss=2.632510e-02 train_mse=5.914610e-03 train_cos=0.995419 train_nmse=-20.355dB train_rec=2.107172e-06 train_recT=1.561566e-06 train_fc=3.097806e-03 train_decoder_tail=4.791787e-06
I 07.02/11:15:53 train_mapper.py:622 ] epoch=0258 train_loss=2.622961e-02 train_mse=5.888547e-03 train_cos=0.995438 train_nmse=-20.374dB train_rec=2.097035e-06 train_recT=1.551412e-06 train_fc=3.082225e-03 train_decoder_tail=4.769560e-06
I 07.02/11:16:41 train_mapper.py:622 ] epoch=0259 train_loss=2.622569e-02 train_mse=5.887013e-03 train_cos=0.995440 train_nmse=-20.375dB train_rec=2.102779e-06 train_recT=1.556631e-06 train_fc=3.079313e-03 train_decoder_tail=4.774675e-06
I 07.02/11:17:31 train_mapper.py:622 ] epoch=0260 train_loss=2.615947e-02 train_mse=5.868287e-03 train_cos=0.995454 train_nmse=-20.389dB train_rec=2.095143e-06 train_recT=1.549432e-06 train_fc=3.070872e-03 train_decoder_tail=4.754549e-06
I 07.02/11:18:22 train_mapper.py:622 ] epoch=0261 train_loss=2.616978e-02 train_mse=5.871399e-03 train_cos=0.995453 train_nmse=-20.386dB train_rec=2.094176e-06 train_recT=1.548319e-06 train_fc=3.078355e-03 train_decoder_tail=4.761157e-06
I 07.02/11:19:11 train_mapper.py:622 ] epoch=0262 train_loss=2.610143e-02 train_mse=5.852710e-03 train_cos=0.995468 train_nmse=-20.401dB train_rec=2.086546e-06 train_recT=1.540804e-06 train_fc=3.066326e-03 train_decoder_tail=4.748265e-06
I 07.02/11:20:01 train_mapper.py:622 ] epoch=0263 train_loss=2.613619e-02 train_mse=5.859798e-03 train_cos=0.995460 train_nmse=-20.395dB train_rec=2.097643e-06 train_recT=1.551407e-06 train_fc=3.067336e-03 train_decoder_tail=4.753260e-06
I 07.02/11:20:50 train_mapper.py:622 ] epoch=0264 train_loss=2.598397e-02 train_mse=5.820504e-03 train_cos=0.995492 train_nmse=-20.425dB train_rec=2.073463e-06 train_recT=1.528075e-06 train_fc=3.049910e-03 train_decoder_tail=4.717585e-06
I 07.02/11:21:39 train_mapper.py:622 ] epoch=0265 train_loss=2.595681e-02 train_mse=5.811842e-03 train_cos=0.995498 train_nmse=-20.431dB train_rec=2.076108e-06 train_recT=1.530480e-06 train_fc=3.040918e-03 train_decoder_tail=4.721569e-06
I 07.02/11:22:29 train_mapper.py:622 ] epoch=0266 train_loss=2.596339e-02 train_mse=5.812808e-03 train_cos=0.995496 train_nmse=-20.430dB train_rec=2.077504e-06 train_recT=1.532082e-06 train_fc=3.043581e-03 train_decoder_tail=4.716006e-06
I 07.02/11:23:18 train_mapper.py:622 ] epoch=0267 train_loss=2.592760e-02 train_mse=5.802803e-03 train_cos=0.995504 train_nmse=-20.438dB train_rec=2.075247e-06 train_recT=1.529691e-06 train_fc=3.035934e-03 train_decoder_tail=4.715453e-06
I 07.02/11:24:09 train_mapper.py:622 ] epoch=0268 train_loss=2.588024e-02 train_mse=5.789287e-03 train_cos=0.995515 train_nmse=-20.448dB train_rec=2.072755e-06 train_recT=1.527188e-06 train_fc=3.028795e-03 train_decoder_tail=4.710383e-06
I 07.02/11:24:57 train_mapper.py:622 ] epoch=0269 train_loss=2.580619e-02 train_mse=5.770302e-03 train_cos=0.995531 train_nmse=-20.462dB train_rec=2.062974e-06 train_recT=1.517346e-06 train_fc=3.021566e-03 train_decoder_tail=4.695750e-06
I 07.02/11:25:47 train_mapper.py:622 ] epoch=0270 train_loss=2.583306e-02 train_mse=5.775576e-03 train_cos=0.995525 train_nmse=-20.458dB train_rec=2.070752e-06 train_recT=1.525159e-06 train_fc=3.022355e-03 train_decoder_tail=4.701759e-06
I 07.02/11:26:37 train_mapper.py:622 ] epoch=0271 train_loss=2.567956e-02 train_mse=5.735832e-03 train_cos=0.995557 train_nmse=-20.488dB train_rec=2.057233e-06 train_recT=1.511511e-06 train_fc=3.001249e-03 train_decoder_tail=4.681817e-06
I 07.02/11:27:28 train_mapper.py:622 ] epoch=0272 train_loss=2.576595e-02 train_mse=5.756116e-03 train_cos=0.995540 train_nmse=-20.473dB train_rec=2.063674e-06 train_recT=1.517884e-06 train_fc=3.008487e-03 train_decoder_tail=4.686080e-06
I 07.02/11:28:19 train_mapper.py:622 ] epoch=0273 train_loss=2.564950e-02 train_mse=5.726816e-03 train_cos=0.995565 train_nmse=-20.495dB train_rec=2.050258e-06 train_recT=1.504782e-06 train_fc=2.997371e-03 train_decoder_tail=4.666004e-06
I 07.02/11:29:09 train_mapper.py:622 ] epoch=0274 train_loss=2.568056e-02 train_mse=5.733324e-03 train_cos=0.995559 train_nmse=-20.490dB train_rec=2.056148e-06 train_recT=1.510629e-06 train_fc=3.001131e-03 train_decoder_tail=4.673925e-06
I 07.02/11:29:57 train_mapper.py:622 ] epoch=0275 train_loss=2.568506e-02 train_mse=5.733401e-03 train_cos=0.995560 train_nmse=-20.490dB train_rec=2.058311e-06 train_recT=1.512603e-06 train_fc=3.001574e-03 train_decoder_tail=4.680751e-06
I 07.02/11:30:48 train_mapper.py:622 ] epoch=0276 train_loss=2.556247e-02 train_mse=5.701739e-03 train_cos=0.995584 train_nmse=-20.514dB train_rec=2.049813e-06 train_recT=1.504051e-06 train_fc=2.985366e-03 train_decoder_tail=4.663319e-06
I 07.02/11:31:38 train_mapper.py:622 ] epoch=0277 train_loss=2.557515e-02 train_mse=5.703250e-03 train_cos=0.995581 train_nmse=-20.513dB train_rec=2.051391e-06 train_recT=1.505557e-06 train_fc=2.983916e-03 train_decoder_tail=4.656827e-06
I 07.02/11:32:28 train_mapper.py:622 ] epoch=0278 train_loss=2.553777e-02 train_mse=5.693299e-03 train_cos=0.995589 train_nmse=-20.520dB train_rec=2.043775e-06 train_recT=1.498183e-06 train_fc=2.978235e-03 train_decoder_tail=4.647956e-06
I 07.02/11:33:18 train_mapper.py:622 ] epoch=0279 train_loss=2.549898e-02 train_mse=5.682389e-03 train_cos=0.995598 train_nmse=-20.529dB train_rec=2.044395e-06 train_recT=1.498995e-06 train_fc=2.972686e-03 train_decoder_tail=4.644794e-06
I 07.02/11:34:08 train_mapper.py:622 ] epoch=0280 train_loss=2.546459e-02 train_mse=5.673032e-03 train_cos=0.995604 train_nmse=-20.536dB train_rec=2.040682e-06 train_recT=1.494974e-06 train_fc=2.969644e-03 train_decoder_tail=4.638411e-06
I 07.02/11:34:56 train_mapper.py:622 ] epoch=0281 train_loss=2.537089e-02 train_mse=5.648517e-03 train_cos=0.995624 train_nmse=-20.555dB train_rec=2.032260e-06 train_recT=1.486812e-06 train_fc=2.958550e-03 train_decoder_tail=4.622992e-06
I 07.02/11:35:45 train_mapper.py:622 ] epoch=0282 train_loss=2.538176e-02 train_mse=5.649703e-03 train_cos=0.995623 train_nmse=-20.554dB train_rec=2.032936e-06 train_recT=1.487554e-06 train_fc=2.952251e-03 train_decoder_tail=4.622170e-06
I 07.02/11:36:36 train_mapper.py:622 ] epoch=0283 train_loss=2.534937e-02 train_mse=5.640784e-03 train_cos=0.995629 train_nmse=-20.561dB train_rec=2.031838e-06 train_recT=1.486047e-06 train_fc=2.952923e-03 train_decoder_tail=4.620734e-06
I 07.02/11:37:27 train_mapper.py:622 ] epoch=0284 train_loss=2.530332e-02 train_mse=5.628168e-03 train_cos=0.995639 train_nmse=-20.571dB train_rec=2.026304e-06 train_recT=1.480656e-06 train_fc=2.942694e-03 train_decoder_tail=4.608792e-06
I 07.02/11:38:14 train_mapper.py:622 ] epoch=0285 train_loss=2.528238e-02 train_mse=5.622430e-03 train_cos=0.995644 train_nmse=-20.575dB train_rec=2.028094e-06 train_recT=1.482301e-06 train_fc=2.940831e-03 train_decoder_tail=4.612596e-06
I 07.02/11:38:55 train_mapper.py:622 ] epoch=0286 train_loss=2.528067e-02 train_mse=5.622088e-03 train_cos=0.995645 train_nmse=-20.575dB train_rec=2.027293e-06 train_recT=1.481912e-06 train_fc=2.944261e-03 train_decoder_tail=4.610609e-06
I 07.02/11:39:38 train_mapper.py:622 ] epoch=0287 train_loss=2.522640e-02 train_mse=5.606704e-03 train_cos=0.995656 train_nmse=-20.587dB train_rec=2.023509e-06 train_recT=1.478065e-06 train_fc=2.931648e-03 train_decoder_tail=4.600798e-06
I 07.02/11:40:21 train_mapper.py:622 ] epoch=0288 train_loss=2.521541e-02 train_mse=5.602951e-03 train_cos=0.995659 train_nmse=-20.590dB train_rec=2.021767e-06 train_recT=1.476217e-06 train_fc=2.929883e-03 train_decoder_tail=4.599414e-06
I 07.02/11:41:01 train_mapper.py:622 ] epoch=0289 train_loss=2.515597e-02 train_mse=5.586954e-03 train_cos=0.995671 train_nmse=-20.602dB train_rec=2.018693e-06 train_recT=1.473384e-06 train_fc=2.922405e-03 train_decoder_tail=4.585832e-06
I 07.02/11:41:45 train_mapper.py:622 ] epoch=0290 train_loss=2.506901e-02 train_mse=5.564602e-03 train_cos=0.995690 train_nmse=-20.620dB train_rec=2.006774e-06 train_recT=1.461489e-06 train_fc=2.911114e-03 train_decoder_tail=4.568409e-06
I 07.02/11:42:27 train_mapper.py:622 ] epoch=0291 train_loss=2.505553e-02 train_mse=5.560401e-03 train_cos=0.995692 train_nmse=-20.623dB train_rec=2.005852e-06 train_recT=1.460177e-06 train_fc=2.909212e-03 train_decoder_tail=4.568698e-06
I 07.02/11:43:11 train_mapper.py:622 ] epoch=0292 train_loss=2.504048e-02 train_mse=5.555403e-03 train_cos=0.995697 train_nmse=-20.627dB train_rec=2.005335e-06 train_recT=1.460006e-06 train_fc=2.905286e-03 train_decoder_tail=4.565193e-06
I 07.02/11:43:53 train_mapper.py:622 ] epoch=0293 train_loss=2.507912e-02 train_mse=5.563907e-03 train_cos=0.995688 train_nmse=-20.620dB train_rec=2.014978e-06 train_recT=1.469326e-06 train_fc=2.911085e-03 train_decoder_tail=4.579633e-06
I 07.02/11:44:42 train_mapper.py:622 ] epoch=0294 train_loss=2.497832e-02 train_mse=5.538476e-03 train_cos=0.995709 train_nmse=-20.641dB train_rec=2.004779e-06 train_recT=1.459231e-06 train_fc=2.897221e-03 train_decoder_tail=4.565963e-06
I 07.02/11:45:30 train_mapper.py:622 ] epoch=0295 train_loss=2.490551e-02 train_mse=5.519298e-03 train_cos=0.995723 train_nmse=-20.655dB train_rec=1.996501e-06 train_recT=1.451462e-06 train_fc=2.886949e-03 train_decoder_tail=4.544216e-06
I 07.02/11:46:19 train_mapper.py:622 ] epoch=0296 train_loss=2.491176e-02 train_mse=5.519093e-03 train_cos=0.995723 train_nmse=-20.655dB train_rec=2.000798e-06 train_recT=1.455389e-06 train_fc=2.880974e-03 train_decoder_tail=4.547078e-06
I 07.02/11:46:59 train_mapper.py:622 ] epoch=0297 train_loss=2.485845e-02 train_mse=5.504789e-03 train_cos=0.995734 train_nmse=-20.666dB train_rec=1.996963e-06 train_recT=1.451613e-06 train_fc=2.875757e-03 train_decoder_tail=4.538900e-06
I 07.02/11:47:40 train_mapper.py:622 ] epoch=0298 train_loss=2.485468e-02 train_mse=5.503750e-03 train_cos=0.995735 train_nmse=-20.668dB train_rec=1.993491e-06 train_recT=1.448148e-06 train_fc=2.871948e-03 train_decoder_tail=4.534452e-06
I 07.02/11:48:16 train_mapper.py:622 ] epoch=0299 train_loss=2.480141e-02 train_mse=5.489818e-03 train_cos=0.995747 train_nmse=-20.679dB train_rec=1.986387e-06 train_recT=1.440816e-06 train_fc=2.871214e-03 train_decoder_tail=4.525186e-06
I 07.02/11:48:43 train_mapper.py:622 ] epoch=0300 train_loss=2.480438e-02 train_mse=5.489764e-03 train_cos=0.995746 train_nmse=-20.679dB train_rec=1.987701e-06 train_recT=1.442500e-06 train_fc=2.870433e-03 train_decoder_tail=4.522164e-06
I 07.02/11:49:18 train_mapper.py:622 ] epoch=0301 train_loss=2.476057e-02 train_mse=5.477311e-03 train_cos=0.995755 train_nmse=-20.689dB train_rec=1.986839e-06 train_recT=1.441458e-06 train_fc=2.863113e-03 train_decoder_tail=4.518812e-06
I 07.02/11:49:52 train_mapper.py:622 ] epoch=0302 train_loss=2.473907e-02 train_mse=5.471808e-03 train_cos=0.995759 train_nmse=-20.693dB train_rec=1.988459e-06 train_recT=1.442742e-06 train_fc=2.860561e-03 train_decoder_tail=4.523863e-06
I 07.02/11:50:27 train_mapper.py:622 ] epoch=0303 train_loss=2.471141e-02 train_mse=5.463801e-03 train_cos=0.995766 train_nmse=-20.699dB train_rec=1.983204e-06 train_recT=1.437632e-06 train_fc=2.856599e-03 train_decoder_tail=4.510232e-06
I 07.02/11:50:59 train_mapper.py:622 ] epoch=0304 train_loss=2.471346e-02 train_mse=5.463910e-03 train_cos=0.995768 train_nmse=-20.699dB train_rec=1.988534e-06 train_recT=1.443049e-06 train_fc=2.857133e-03 train_decoder_tail=4.522232e-06
I 07.02/11:51:32 train_mapper.py:622 ] epoch=0305 train_loss=2.461235e-02 train_mse=5.437895e-03 train_cos=0.995786 train_nmse=-20.720dB train_rec=1.977710e-06 train_recT=1.432152e-06 train_fc=2.844403e-03 train_decoder_tail=4.503986e-06
I 07.02/11:52:07 train_mapper.py:622 ] epoch=0306 train_loss=2.456145e-02 train_mse=5.423972e-03 train_cos=0.995796 train_nmse=-20.731dB train_rec=1.965408e-06 train_recT=1.420115e-06 train_fc=2.834356e-03 train_decoder_tail=4.477534e-06
I 07.02/11:52:39 train_mapper.py:622 ] epoch=0307 train_loss=2.459545e-02 train_mse=5.431103e-03 train_cos=0.995791 train_nmse=-20.725dB train_rec=1.973391e-06 train_recT=1.428101e-06 train_fc=2.836233e-03 train_decoder_tail=4.492429e-06
I 07.02/11:53:06 train_mapper.py:622 ] epoch=0308 train_loss=2.452670e-02 train_mse=5.413566e-03 train_cos=0.995804 train_nmse=-20.739dB train_rec=1.969371e-06 train_recT=1.423781e-06 train_fc=2.827381e-03 train_decoder_tail=4.480802e-06
I 07.02/11:53:37 train_mapper.py:622 ] epoch=0309 train_loss=2.448212e-02 train_mse=5.401273e-03 train_cos=0.995813 train_nmse=-20.749dB train_rec=1.965392e-06 train_recT=1.420165e-06 train_fc=2.820917e-03 train_decoder_tail=4.469455e-06
I 07.02/11:54:05 train_mapper.py:622 ] epoch=0310 train_loss=2.445991e-02 train_mse=5.395496e-03 train_cos=0.995819 train_nmse=-20.753dB train_rec=1.960524e-06 train_recT=1.415218e-06 train_fc=2.820820e-03 train_decoder_tail=4.464703e-06
I 07.02/11:54:31 train_mapper.py:622 ] epoch=0311 train_loss=2.447283e-02 train_mse=5.397353e-03 train_cos=0.995817 train_nmse=-20.752dB train_rec=1.964440e-06 train_recT=1.419089e-06 train_fc=2.818515e-03 train_decoder_tail=4.468397e-06
I 07.02/11:54:58 train_mapper.py:622 ] epoch=0312 train_loss=2.444157e-02 train_mse=5.389267e-03 train_cos=0.995824 train_nmse=-20.759dB train_rec=1.962897e-06 train_recT=1.417339e-06 train_fc=2.813862e-03 train_decoder_tail=4.466792e-06
I 07.02/11:55:31 train_mapper.py:622 ] epoch=0313 train_loss=2.441923e-02 train_mse=5.382735e-03 train_cos=0.995828 train_nmse=-20.764dB train_rec=1.960266e-06 train_recT=1.414690e-06 train_fc=2.808159e-03 train_decoder_tail=4.463374e-06
I 07.02/11:56:01 train_mapper.py:622 ] epoch=0314 train_loss=2.436373e-02 train_mse=5.368841e-03 train_cos=0.995839 train_nmse=-20.775dB train_rec=1.953443e-06 train_recT=1.408439e-06 train_fc=2.803992e-03 train_decoder_tail=4.447255e-06
I 07.02/11:56:32 train_mapper.py:622 ] epoch=0315 train_loss=2.431638e-02 train_mse=5.356658e-03 train_cos=0.995849 train_nmse=-20.785dB train_rec=1.952307e-06 train_recT=1.406934e-06 train_fc=2.800669e-03 train_decoder_tail=4.448162e-06
I 07.02/11:57:02 train_mapper.py:622 ] epoch=0316 train_loss=2.428658e-02 train_mse=5.347900e-03 train_cos=0.995856 train_nmse=-20.792dB train_rec=1.950257e-06 train_recT=1.405021e-06 train_fc=2.794186e-03 train_decoder_tail=4.441351e-06
I 07.02/11:57:35 train_mapper.py:622 ] epoch=0317 train_loss=2.428161e-02 train_mse=5.345225e-03 train_cos=0.995856 train_nmse=-20.794dB train_rec=1.950261e-06 train_recT=1.405031e-06 train_fc=2.790917e-03 train_decoder_tail=4.437170e-06
I 07.02/11:58:07 train_mapper.py:622 ] epoch=0318 train_loss=2.424370e-02 train_mse=5.335335e-03 train_cos=0.995864 train_nmse=-20.802dB train_rec=1.945601e-06 train_recT=1.400085e-06 train_fc=2.782147e-03 train_decoder_tail=4.432072e-06
I 07.02/11:58:37 train_mapper.py:622 ] epoch=0319 train_loss=2.418866e-02 train_mse=5.321411e-03 train_cos=0.995876 train_nmse=-20.814dB train_rec=1.942697e-06 train_recT=1.397176e-06 train_fc=2.777320e-03 train_decoder_tail=4.427918e-06
I 07.02/11:59:11 train_mapper.py:622 ] epoch=0320 train_loss=2.424795e-02 train_mse=5.334917e-03 train_cos=0.995865 train_nmse=-20.803dB train_rec=1.951828e-06 train_recT=1.406504e-06 train_fc=2.785597e-03 train_decoder_tail=4.439306e-06
I 07.02/11:59:44 train_mapper.py:622 ] epoch=0321 train_loss=2.414279e-02 train_mse=5.308670e-03 train_cos=0.995886 train_nmse=-20.824dB train_rec=1.941850e-06 train_recT=1.396388e-06 train_fc=2.772659e-03 train_decoder_tail=4.422278e-06
I 07.02/12:00:20 train_mapper.py:622 ] epoch=0322 train_loss=2.415101e-02 train_mse=5.309978e-03 train_cos=0.995884 train_nmse=-20.823dB train_rec=1.942032e-06 train_recT=1.396719e-06 train_fc=2.774305e-03 train_decoder_tail=4.424851e-06
I 07.02/12:00:54 train_mapper.py:622 ] epoch=0323 train_loss=2.409352e-02 train_mse=5.294635e-03 train_cos=0.995897 train_nmse=-20.835dB train_rec=1.937474e-06 train_recT=1.391920e-06 train_fc=2.765774e-03 train_decoder_tail=4.413776e-06
I 07.02/12:01:32 train_mapper.py:622 ] epoch=0324 train_loss=2.407876e-02 train_mse=5.290445e-03 train_cos=0.995900 train_nmse=-20.839dB train_rec=1.936008e-06 train_recT=1.390908e-06 train_fc=2.761313e-03 train_decoder_tail=4.409507e-06
I 07.02/12:02:09 train_mapper.py:622 ] epoch=0325 train_loss=2.405367e-02 train_mse=5.282957e-03 train_cos=0.995905 train_nmse=-20.845dB train_rec=1.935311e-06 train_recT=1.389874e-06 train_fc=2.758720e-03 train_decoder_tail=4.404814e-06
I 07.02/12:02:45 train_mapper.py:622 ] epoch=0326 train_loss=2.403227e-02 train_mse=5.277961e-03 train_cos=0.995909 train_nmse=-20.849dB train_rec=1.931141e-06 train_recT=1.385960e-06 train_fc=2.755699e-03 train_decoder_tail=4.397380e-06
I 07.02/12:03:21 train_mapper.py:622 ] epoch=0327 train_loss=2.401572e-02 train_mse=5.273027e-03 train_cos=0.995913 train_nmse=-20.853dB train_rec=1.930142e-06 train_recT=1.384950e-06 train_fc=2.752519e-03 train_decoder_tail=4.392115e-06
I 07.02/12:03:57 train_mapper.py:622 ] epoch=0328 train_loss=2.392484e-02 train_mse=5.249830e-03 train_cos=0.995932 train_nmse=-20.873dB train_rec=1.920794e-06 train_recT=1.375282e-06 train_fc=2.741939e-03 train_decoder_tail=4.380630e-06
I 07.02/12:04:34 train_mapper.py:622 ] epoch=0329 train_loss=2.394538e-02 train_mse=5.253432e-03 train_cos=0.995928 train_nmse=-20.870dB train_rec=1.928844e-06 train_recT=1.383554e-06 train_fc=2.740678e-03 train_decoder_tail=4.388893e-06
I 07.02/12:05:05 train_mapper.py:622 ] epoch=0330 train_loss=2.390505e-02 train_mse=5.242965e-03 train_cos=0.995937 train_nmse=-20.878dB train_rec=1.920528e-06 train_recT=1.375238e-06 train_fc=2.735262e-03 train_decoder_tail=4.377072e-06
I 07.02/12:05:31 train_mapper.py:622 ] epoch=0331 train_loss=2.388286e-02 train_mse=5.236704e-03 train_cos=0.995941 train_nmse=-20.883dB train_rec=1.921932e-06 train_recT=1.376639e-06 train_fc=2.730940e-03 train_decoder_tail=4.377418e-06
I 07.02/12:06:05 train_mapper.py:622 ] epoch=0332 train_loss=2.386097e-02 train_mse=5.230574e-03 train_cos=0.995945 train_nmse=-20.888dB train_rec=1.918255e-06 train_recT=1.372863e-06 train_fc=2.728431e-03 train_decoder_tail=4.365684e-06
I 07.02/12:06:40 train_mapper.py:622 ] epoch=0333 train_loss=2.385839e-02 train_mse=5.229525e-03 train_cos=0.995946 train_nmse=-20.889dB train_rec=1.922362e-06 train_recT=1.376919e-06 train_fc=2.729279e-03 train_decoder_tail=4.374644e-06
I 07.02/12:07:10 train_mapper.py:622 ] epoch=0334 train_loss=2.383532e-02 train_mse=5.223475e-03 train_cos=0.995951 train_nmse=-20.894dB train_rec=1.921530e-06 train_recT=1.376309e-06 train_fc=2.727263e-03 train_decoder_tail=4.373612e-06
I 07.02/12:07:37 train_mapper.py:622 ] epoch=0335 train_loss=2.371276e-02 train_mse=5.192217e-03 train_cos=0.995976 train_nmse=-20.920dB train_rec=1.905278e-06 train_recT=1.360042e-06 train_fc=2.709492e-03 train_decoder_tail=4.347558e-06
I 07.02/12:08:07 train_mapper.py:622 ] epoch=0336 train_loss=2.369417e-02 train_mse=5.187275e-03 train_cos=0.995979 train_nmse=-20.924dB train_rec=1.903818e-06 train_recT=1.358499e-06 train_fc=2.705878e-03 train_decoder_tail=4.340952e-06
I 07.02/12:08:36 train_mapper.py:622 ] epoch=0337 train_loss=2.376385e-02 train_mse=5.202839e-03 train_cos=0.995966 train_nmse=-20.911dB train_rec=1.915937e-06 train_recT=1.371093e-06 train_fc=2.713966e-03 train_decoder_tail=4.358093e-06
I 07.02/12:09:07 train_mapper.py:622 ] epoch=0338 train_loss=2.369039e-02 train_mse=5.185321e-03 train_cos=0.995982 train_nmse=-20.927dB train_rec=1.904433e-06 train_recT=1.359014e-06 train_fc=2.705782e-03 train_decoder_tail=4.343629e-06
I 07.02/12:09:36 train_mapper.py:622 ] epoch=0339 train_loss=2.367318e-02 train_mse=5.180045e-03 train_cos=0.995985 train_nmse=-20.930dB train_rec=1.905861e-06 train_recT=1.360330e-06 train_fc=2.701983e-03 train_decoder_tail=4.343116e-06
I 07.02/12:10:05 train_mapper.py:622 ] epoch=0340 train_loss=2.369186e-02 train_mse=5.183791e-03 train_cos=0.995981 train_nmse=-20.928dB train_rec=1.908264e-06 train_recT=1.363143e-06 train_fc=2.704210e-03 train_decoder_tail=4.343490e-06
I 07.02/12:10:34 train_mapper.py:622 ] epoch=0341 train_loss=2.358711e-02 train_mse=5.157955e-03 train_cos=0.996002 train_nmse=-20.949dB train_rec=1.896471e-06 train_recT=1.351089e-06 train_fc=2.693069e-03 train_decoder_tail=4.324923e-06
I 07.02/12:11:05 train_mapper.py:622 ] epoch=0342 train_loss=2.361757e-02 train_mse=5.164905e-03 train_cos=0.995997 train_nmse=-20.943dB train_rec=1.897786e-06 train_recT=1.352144e-06 train_fc=2.694747e-03 train_decoder_tail=4.329913e-06
I 07.02/12:11:34 train_mapper.py:622 ] epoch=0343 train_loss=2.360428e-02 train_mse=5.160506e-03 train_cos=0.996000 train_nmse=-20.947dB train_rec=1.902524e-06 train_recT=1.357459e-06 train_fc=2.692422e-03 train_decoder_tail=4.335336e-06
I 07.02/12:12:05 train_mapper.py:622 ] epoch=0344 train_loss=2.359630e-02 train_mse=5.158606e-03 train_cos=0.996002 train_nmse=-20.948dB train_rec=1.899172e-06 train_recT=1.353718e-06 train_fc=2.689562e-03 train_decoder_tail=4.328861e-06
I 07.02/12:12:34 train_mapper.py:622 ] epoch=0345 train_loss=2.347556e-02 train_mse=5.127768e-03 train_cos=0.996025 train_nmse=-20.975dB train_rec=1.888791e-06 train_recT=1.343506e-06 train_fc=2.675202e-03 train_decoder_tail=4.310541e-06
I 07.02/12:13:05 train_mapper.py:622 ] epoch=0346 train_loss=2.353292e-02 train_mse=5.141062e-03 train_cos=0.996014 train_nmse=-20.963dB train_rec=1.889789e-06 train_recT=1.344857e-06 train_fc=2.681396e-03 train_decoder_tail=4.304712e-06
I 07.02/12:13:33 train_mapper.py:622 ] epoch=0347 train_loss=2.342727e-02 train_mse=5.114406e-03 train_cos=0.996035 train_nmse=-20.986dB train_rec=1.883756e-06 train_recT=1.338520e-06 train_fc=2.666478e-03 train_decoder_tail=4.294163e-06
I 07.02/12:13:59 train_mapper.py:622 ] epoch=0348 train_loss=2.342219e-02 train_mse=5.111960e-03 train_cos=0.996036 train_nmse=-20.988dB train_rec=1.890846e-06 train_recT=1.345299e-06 train_fc=2.663164e-03 train_decoder_tail=4.302002e-06
I 07.02/12:14:29 train_mapper.py:622 ] epoch=0349 train_loss=2.340143e-02 train_mse=5.106964e-03 train_cos=0.996041 train_nmse=-20.992dB train_rec=1.885733e-06 train_recT=1.340723e-06 train_fc=2.662500e-03 train_decoder_tail=4.297379e-06
I 07.02/12:14:57 train_mapper.py:622 ] epoch=0350 train_loss=2.338407e-02 train_mse=5.101904e-03 train_cos=0.996044 train_nmse=-20.997dB train_rec=1.885808e-06 train_recT=1.340783e-06 train_fc=2.660324e-03 train_decoder_tail=4.293463e-06
I 07.02/12:15:27 train_mapper.py:622 ] epoch=0351 train_loss=2.335072e-02 train_mse=5.093402e-03 train_cos=0.996051 train_nmse=-21.004dB train_rec=1.882631e-06 train_recT=1.337370e-06 train_fc=2.654901e-03 train_decoder_tail=4.289981e-06
I 07.02/12:15:53 train_mapper.py:622 ] epoch=0352 train_loss=2.333749e-02 train_mse=5.089673e-03 train_cos=0.996055 train_nmse=-21.007dB train_rec=1.876434e-06 train_recT=1.331142e-06 train_fc=2.652514e-03 train_decoder_tail=4.281890e-06
I 07.02/12:16:22 train_mapper.py:622 ] epoch=0353 train_loss=2.336978e-02 train_mse=5.096380e-03 train_cos=0.996049 train_nmse=-21.002dB train_rec=1.883868e-06 train_recT=1.338368e-06 train_fc=2.655737e-03 train_decoder_tail=4.291434e-06
I 07.02/12:16:44 train_mapper.py:622 ] epoch=0354 train_loss=2.333193e-02 train_mse=5.086647e-03 train_cos=0.996056 train_nmse=-21.009dB train_rec=1.883834e-06 train_recT=1.338679e-06 train_fc=2.651121e-03 train_decoder_tail=4.287485e-06
I 07.02/12:17:09 train_mapper.py:622 ] epoch=0355 train_loss=2.322189e-02 train_mse=5.059481e-03 train_cos=0.996079 train_nmse=-21.033dB train_rec=1.869515e-06 train_recT=1.324226e-06 train_fc=2.641009e-03 train_decoder_tail=4.269486e-06
I 07.02/12:17:29 train_mapper.py:622 ] epoch=0356 train_loss=2.323091e-02 train_mse=5.060861e-03 train_cos=0.996077 train_nmse=-21.032dB train_rec=1.872737e-06 train_recT=1.327624e-06 train_fc=2.637704e-03 train_decoder_tail=4.274419e-06
I 07.02/12:17:48 train_mapper.py:622 ] epoch=0357 train_loss=2.323682e-02 train_mse=5.061996e-03 train_cos=0.996076 train_nmse=-21.031dB train_rec=1.874230e-06 train_recT=1.328868e-06 train_fc=2.639109e-03 train_decoder_tail=4.268617e-06
I 07.02/12:18:07 train_mapper.py:622 ] epoch=0358 train_loss=2.316990e-02 train_mse=5.044670e-03 train_cos=0.996089 train_nmse=-21.046dB train_rec=1.867399e-06 train_recT=1.322348e-06 train_fc=2.628605e-03 train_decoder_tail=4.258264e-06
I 07.02/12:18:24 train_mapper.py:622 ] epoch=0359 train_loss=2.316416e-02 train_mse=5.042505e-03 train_cos=0.996090 train_nmse=-21.047dB train_rec=1.867031e-06 train_recT=1.321626e-06 train_fc=2.624063e-03 train_decoder_tail=4.257546e-06
I 07.02/12:18:41 train_mapper.py:622 ] epoch=0360 train_loss=2.309902e-02 train_mse=5.025842e-03 train_cos=0.996103 train_nmse=-21.062dB train_rec=1.862458e-06 train_recT=1.317268e-06 train_fc=2.617710e-03 train_decoder_tail=4.250810e-06
I 07.02/12:19:00 train_mapper.py:622 ] epoch=0361 train_loss=2.316232e-02 train_mse=5.040834e-03 train_cos=0.996091 train_nmse=-21.049dB train_rec=1.873700e-06 train_recT=1.328482e-06 train_fc=2.625359e-03 train_decoder_tail=4.264755e-06
I 07.02/12:19:21 train_mapper.py:622 ] epoch=0362 train_loss=2.307176e-02 train_mse=5.017826e-03 train_cos=0.996109 train_nmse=-21.069dB train_rec=1.854863e-06 train_recT=1.309605e-06 train_fc=2.614839e-03 train_decoder_tail=4.236356e-06
I 07.02/12:19:39 train_mapper.py:622 ] epoch=0363 train_loss=2.307109e-02 train_mse=5.017392e-03 train_cos=0.996110 train_nmse=-21.069dB train_rec=1.858151e-06 train_recT=1.313004e-06 train_fc=2.616515e-03 train_decoder_tail=4.243132e-06
I 07.02/12:19:57 train_mapper.py:622 ] epoch=0364 train_loss=2.311511e-02 train_mse=5.027866e-03 train_cos=0.996101 train_nmse=-21.060dB train_rec=1.869126e-06 train_recT=1.323741e-06 train_fc=2.621650e-03 train_decoder_tail=4.256139e-06
I 07.02/12:20:18 train_mapper.py:622 ] epoch=0365 train_loss=2.306084e-02 train_mse=5.014631e-03 train_cos=0.996113 train_nmse=-21.072dB train_rec=1.859556e-06 train_recT=1.314925e-06 train_fc=2.614496e-03 train_decoder_tail=4.243340e-06
I 07.02/12:20:40 train_mapper.py:622 ] epoch=0366 train_loss=2.301156e-02 train_mse=5.002027e-03 train_cos=0.996123 train_nmse=-21.082dB train_rec=1.853746e-06 train_recT=1.308518e-06 train_fc=2.608778e-03 train_decoder_tail=4.235545e-06
I 07.02/12:21:00 train_mapper.py:622 ] epoch=0367 train_loss=2.298256e-02 train_mse=4.994018e-03 train_cos=0.996128 train_nmse=-21.090dB train_rec=1.853563e-06 train_recT=1.308306e-06 train_fc=2.602917e-03 train_decoder_tail=4.227921e-06
I 07.02/12:21:22 train_mapper.py:622 ] epoch=0368 train_loss=2.292524e-02 train_mse=4.978897e-03 train_cos=0.996140 train_nmse=-21.103dB train_rec=1.846644e-06 train_recT=1.301625e-06 train_fc=2.593262e-03 train_decoder_tail=4.215800e-06
I 07.02/12:21:36 train_mapper.py:622 ] epoch=0369 train_loss=2.293067e-02 train_mse=4.979601e-03 train_cos=0.996138 train_nmse=-21.102dB train_rec=1.847808e-06 train_recT=1.302639e-06 train_fc=2.590941e-03 train_decoder_tail=4.215347e-06
I 07.02/12:21:55 train_mapper.py:622 ] epoch=0370 train_loss=2.289918e-02 train_mse=4.971373e-03 train_cos=0.996146 train_nmse=-21.109dB train_rec=1.849527e-06 train_recT=1.304721e-06 train_fc=2.587964e-03 train_decoder_tail=4.218143e-06
I 07.02/12:22:20 train_mapper.py:622 ] epoch=0371 train_loss=2.287252e-02 train_mse=4.964516e-03 train_cos=0.996151 train_nmse=-21.115dB train_rec=1.845328e-06 train_recT=1.300038e-06 train_fc=2.584573e-03 train_decoder_tail=4.209364e-06
I 07.02/12:22:41 train_mapper.py:622 ] epoch=0372 train_loss=2.283797e-02 train_mse=4.955533e-03 train_cos=0.996158 train_nmse=-21.123dB train_rec=1.842919e-06 train_recT=1.298334e-06 train_fc=2.578327e-03 train_decoder_tail=4.205946e-06
I 07.02/12:23:03 train_mapper.py:622 ] epoch=0373 train_loss=2.285566e-02 train_mse=4.959305e-03 train_cos=0.996155 train_nmse=-21.120dB train_rec=1.847517e-06 train_recT=1.302666e-06 train_fc=2.583886e-03 train_decoder_tail=4.213490e-06
I 07.02/12:23:24 train_mapper.py:622 ] epoch=0374 train_loss=2.282441e-02 train_mse=4.951194e-03 train_cos=0.996161 train_nmse=-21.127dB train_rec=1.840836e-06 train_recT=1.295794e-06 train_fc=2.575348e-03 train_decoder_tail=4.200686e-06
I 07.02/12:23:42 train_mapper.py:622 ] epoch=0375 train_loss=2.277988e-02 train_mse=4.939379e-03 train_cos=0.996170 train_nmse=-21.137dB train_rec=1.837378e-06 train_recT=1.292284e-06 train_fc=2.569331e-03 train_decoder_tail=4.190527e-06
I 07.02/12:24:08 train_mapper.py:622 ] epoch=0376 train_loss=2.276067e-02 train_mse=4.934767e-03 train_cos=0.996173 train_nmse=-21.141dB train_rec=1.836175e-06 train_recT=1.291140e-06 train_fc=2.569418e-03 train_decoder_tail=4.195712e-06
I 07.02/12:24:29 train_mapper.py:622 ] epoch=0377 train_loss=2.276289e-02 train_mse=4.934951e-03 train_cos=0.996174 train_nmse=-21.141dB train_rec=1.835713e-06 train_recT=1.290480e-06 train_fc=2.570086e-03 train_decoder_tail=4.194150e-06
I 07.02/12:24:45 train_mapper.py:622 ] epoch=0378 train_loss=2.273863e-02 train_mse=4.928667e-03 train_cos=0.996179 train_nmse=-21.147dB train_rec=1.837161e-06 train_recT=1.292034e-06 train_fc=2.567982e-03 train_decoder_tail=4.195596e-06
I 07.02/12:25:08 train_mapper.py:622 ] epoch=0379 train_loss=2.272822e-02 train_mse=4.925109e-03 train_cos=0.996182 train_nmse=-21.150dB train_rec=1.834477e-06 train_recT=1.289398e-06 train_fc=2.566245e-03 train_decoder_tail=4.188732e-06
I 07.02/12:25:26 train_mapper.py:622 ] epoch=0380 train_loss=2.272797e-02 train_mse=4.924147e-03 train_cos=0.996181 train_nmse=-21.151dB train_rec=1.834993e-06 train_recT=1.290002e-06 train_fc=2.561708e-03 train_decoder_tail=4.183448e-06
I 07.02/12:25:46 train_mapper.py:622 ] epoch=0381 train_loss=2.261516e-02 train_mse=4.896472e-03 train_cos=0.996204 train_nmse=-21.175dB train_rec=1.822945e-06 train_recT=1.278078e-06 train_fc=2.547345e-03 train_decoder_tail=4.167464e-06
I 07.02/12:26:09 train_mapper.py:622 ] epoch=0382 train_loss=2.268755e-02 train_mse=4.913423e-03 train_cos=0.996190 train_nmse=-21.160dB train_rec=1.831359e-06 train_recT=1.286323e-06 train_fc=2.558440e-03 train_decoder_tail=4.176161e-06
I 07.02/12:26:27 train_mapper.py:622 ] epoch=0383 train_loss=2.256287e-02 train_mse=4.883023e-03 train_cos=0.996214 train_nmse=-21.187dB train_rec=1.819976e-06 train_recT=1.274770e-06 train_fc=2.542647e-03 train_decoder_tail=4.161872e-06
I 07.02/12:26:44 train_mapper.py:622 ] epoch=0384 train_loss=2.271619e-02 train_mse=4.919706e-03 train_cos=0.996185 train_nmse=-21.155dB train_rec=1.837604e-06 train_recT=1.292298e-06 train_fc=2.560600e-03 train_decoder_tail=4.186683e-06
I 07.02/12:27:07 train_mapper.py:622 ] epoch=0385 train_loss=2.252488e-02 train_mse=4.872945e-03 train_cos=0.996222 train_nmse=-21.196dB train_rec=1.816022e-06 train_recT=1.271495e-06 train_fc=2.538133e-03 train_decoder_tail=4.153392e-06
I 07.02/12:27:26 train_mapper.py:622 ] epoch=0386 train_loss=2.254039e-02 train_mse=4.876038e-03 train_cos=0.996220 train_nmse=-21.193dB train_rec=1.827272e-06 train_recT=1.282067e-06 train_fc=2.537340e-03 train_decoder_tail=4.169917e-06
I 07.02/12:27:46 train_mapper.py:622 ] epoch=0387 train_loss=2.255266e-02 train_mse=4.878054e-03 train_cos=0.996217 train_nmse=-21.191dB train_rec=1.822141e-06 train_recT=1.277012e-06 train_fc=2.537561e-03 train_decoder_tail=4.166120e-06
I 07.02/12:28:11 train_mapper.py:622 ] epoch=0388 train_loss=2.249382e-02 train_mse=4.863282e-03 train_cos=0.996229 train_nmse=-21.205dB train_rec=1.814005e-06 train_recT=1.268940e-06 train_fc=2.532214e-03 train_decoder_tail=4.144671e-06
I 07.02/12:28:28 train_mapper.py:622 ] epoch=0389 train_loss=2.256164e-02 train_mse=4.879029e-03 train_cos=0.996216 train_nmse=-21.191dB train_rec=1.827878e-06 train_recT=1.282558e-06 train_fc=2.536730e-03 train_decoder_tail=4.162962e-06
I 07.02/12:28:41 train_mapper.py:622 ] epoch=0390 train_loss=2.240832e-02 train_mse=4.841753e-03 train_cos=0.996246 train_nmse=-21.224dB train_rec=1.810325e-06 train_recT=1.265096e-06 train_fc=2.519720e-03 train_decoder_tail=4.140734e-06
I 07.02/12:28:56 train_mapper.py:622 ] epoch=0391 train_loss=2.244372e-02 train_mse=4.849655e-03 train_cos=0.996239 train_nmse=-21.217dB train_rec=1.815155e-06 train_recT=1.270115e-06 train_fc=2.523174e-03 train_decoder_tail=4.142742e-06
I 07.02/12:29:13 train_mapper.py:622 ] epoch=0392 train_loss=2.242513e-02 train_mse=4.845031e-03 train_cos=0.996244 train_nmse=-21.221dB train_rec=1.818333e-06 train_recT=1.273401e-06 train_fc=2.519418e-03 train_decoder_tail=4.151259e-06
I 07.02/12:29:26 train_mapper.py:622 ] epoch=0393 train_loss=2.242115e-02 train_mse=4.842836e-03 train_cos=0.996244 train_nmse=-21.223dB train_rec=1.812262e-06 train_recT=1.267336e-06 train_fc=2.518875e-03 train_decoder_tail=4.139501e-06
I 07.02/12:29:40 train_mapper.py:622 ] epoch=0394 train_loss=2.231410e-02 train_mse=4.817079e-03 train_cos=0.996266 train_nmse=-21.246dB train_rec=1.800871e-06 train_recT=1.256212e-06 train_fc=2.507527e-03 train_decoder_tail=4.124733e-06
I 07.02/12:29:57 train_mapper.py:622 ] epoch=0395 train_loss=2.233652e-02 train_mse=4.821989e-03 train_cos=0.996261 train_nmse=-21.242dB train_rec=1.806224e-06 train_recT=1.261270e-06 train_fc=2.509132e-03 train_decoder_tail=4.123549e-06
I 07.02/12:30:14 train_mapper.py:622 ] epoch=0396 train_loss=2.236294e-02 train_mse=4.827762e-03 train_cos=0.996257 train_nmse=-21.237dB train_rec=1.812083e-06 train_recT=1.266747e-06 train_fc=2.511422e-03 train_decoder_tail=4.137174e-06
I 07.02/12:30:26 train_mapper.py:622 ] epoch=0397 train_loss=2.234093e-02 train_mse=4.821679e-03 train_cos=0.996261 train_nmse=-21.242dB train_rec=1.807223e-06 train_recT=1.262214e-06 train_fc=2.507764e-03 train_decoder_tail=4.132722e-06
I 07.02/12:30:41 train_mapper.py:622 ] epoch=0398 train_loss=2.230114e-02 train_mse=4.811807e-03 train_cos=0.996268 train_nmse=-21.251dB train_rec=1.805951e-06 train_recT=1.260803e-06 train_fc=2.500635e-03 train_decoder_tail=4.123575e-06
I 07.02/12:30:56 train_mapper.py:622 ] epoch=0399 train_loss=2.224976e-02 train_mse=4.799136e-03 train_cos=0.996279 train_nmse=-21.263dB train_rec=1.791220e-06 train_recT=1.246305e-06 train_fc=2.494941e-03 train_decoder_tail=4.098661e-06
I 07.02/12:31:14 train_mapper.py:622 ] epoch=0400 train_loss=2.227303e-02 train_mse=4.804236e-03 train_cos=0.996273 train_nmse=-21.258dB train_rec=1.802681e-06 train_recT=1.257425e-06 train_fc=2.497547e-03 train_decoder_tail=4.119155e-06
I 07.02/12:32:12 train_mapper.py:738 ] best_loss_epoch=399 best_loss_selection=train_loss best_loss_metric=2.224976e-02 best_loss_mse=4.799136e-03 best_loss_loss=2.224976e-02
I 07.02/12:32:12 train_mapper.py:743 ] best_mse_epoch=399 best_mse_selection=train_mse best_mse_metric=4.799136e-03 best_mse_mse=4.799136e-03 best_mse_loss=2.224976e-02
I 07.02/12:32:12 train_mapper.py:749 ] all_best_loss_mse=4.688246e-03 all_best_loss_cos=0.996362 all_best_loss_nmse=-21.363dB
I 07.02/12:32:12 train_mapper.py:753 ] all_best_mse_mse=4.688246e-03 all_best_mse_cos=0.996362 all_best_mse_nmse=-21.363dB
