I 07.01/14:49:56 train_mapper.py:431 ] => Experiment directory: mapper/exps_combined_losses/hybrid/smooth_tail_recT_fc/seed2026_crnet_transnet_to_seed42_transnet_lr5e-4_ep400
I 07.01/14:49:56 train_mapper.py:432 ] => Checkpoint directory: mapper/exps_combined_losses/hybrid/smooth_tail_recT_fc/seed2026_crnet_transnet_to_seed42_transnet_lr5e-4_ep400/checkpoints
I 07.01/14:49:56 train_mapper.py:433 ] => Codeword directory: mapper/exps_combined_losses/hybrid/smooth_tail_recT_fc/seed2026_crnet_transnet_to_seed42_transnet_lr5e-4_ep400/codewords
I 07.01/14:49:56 train_mapper.py:434 ] => TensorBoard directory: mapper/exps_combined_losses/hybrid/smooth_tail_recT_fc/seed2026_crnet_transnet_to_seed42_transnet_lr5e-4_ep400/tensorboard
I 07.01/14:50:05 train_mapper.py:519 ] => Loaded fixed decoder from exps/COST2100/in/seed42/transnet_transnet/checkpoints/best_nmse.pth
I 07.01/14:50:05 train_mapper.py:524 ] device=cuda
I 07.01/14:50:05 train_mapper.py:525 ] mapper=hybrid, params=23108608
I 07.01/14:50:05 train_mapper.py:527 ] train=100000, val=0, code_dim=512
I 07.01/14:50:05 train_mapper.py:529 ] val_ratio<=0: skip per-epoch validation; select best checkpoint by train loss
I 07.01/14:50:05 train_mapper.py:531 ] loss=mse + smoothl1*0.5 + sample_tail*0.1 + dim_tail*0.05 + whiten*0.0 + rec*0.0 + recT*1.0 + fc*0.01 + decoder_tail*0.0 + cos*0.0 + cov*0.0
I 07.01/14:50:41 train_mapper.py:622 ] epoch=0001 train_loss=6.704994e-01 train_mse=3.638564e-01 train_cos=0.807707 train_nmse=-3.214dB train_rec=0.000000e+00 train_recT=2.902556e-03 train_fc=3.897678e-01 train_decoder_tail=0.000000e+00
I 07.01/14:51:42 train_mapper.py:622 ] epoch=0002 train_loss=2.885377e-01 train_mse=1.292328e-01 train_cos=0.941677 train_nmse=-7.001dB train_rec=0.000000e+00 train_recT=2.150789e-04 train_fc=1.095361e-01 train_decoder_tail=0.000000e+00
I 07.01/14:53:07 train_mapper.py:622 ] epoch=0003 train_loss=2.100942e-01 train_mse=8.638903e-02 train_cos=0.960857 train_nmse=-8.722dB train_rec=0.000000e+00 train_recT=1.325303e-04 train_fc=7.734470e-02 train_decoder_tail=0.000000e+00
I 07.01/14:54:36 train_mapper.py:622 ] epoch=0004 train_loss=1.711443e-01 train_mse=6.639714e-02 train_cos=0.968391 train_nmse=-9.858dB train_rec=0.000000e+00 train_recT=8.639910e-05 train_fc=5.986144e-02 train_decoder_tail=0.000000e+00
I 07.01/14:55:58 train_mapper.py:622 ] epoch=0005 train_loss=1.486024e-01 train_mse=5.533946e-02 train_cos=0.972306 train_nmse=-10.646dB train_rec=0.000000e+00 train_recT=5.947605e-05 train_fc=4.919037e-02 train_decoder_tail=0.000000e+00
I 07.01/14:57:21 train_mapper.py:622 ] epoch=0006 train_loss=1.355700e-01 train_mse=4.915424e-02 train_cos=0.974543 train_nmse=-11.159dB train_rec=0.000000e+00 train_recT=4.403314e-05 train_fc=4.284175e-02 train_decoder_tail=0.000000e+00
I 07.01/14:58:46 train_mapper.py:622 ] epoch=0007 train_loss=1.260184e-01 train_mse=4.475507e-02 train_cos=0.976650 train_nmse=-11.566dB train_rec=0.000000e+00 train_recT=3.498987e-05 train_fc=3.856086e-02 train_decoder_tail=0.000000e+00
I 07.01/15:00:06 train_mapper.py:622 ] epoch=0008 train_loss=1.202183e-01 train_mse=4.212889e-02 train_cos=0.978007 train_nmse=-11.828dB train_rec=0.000000e+00 train_recT=2.967211e-05 train_fc=3.608880e-02 train_decoder_tail=0.000000e+00
I 07.01/15:01:25 train_mapper.py:622 ] epoch=0009 train_loss=1.154287e-01 train_mse=3.999801e-02 train_cos=0.979265 train_nmse=-12.054dB train_rec=0.000000e+00 train_recT=2.636523e-05 train_fc=3.424678e-02 train_decoder_tail=0.000000e+00
I 07.01/15:02:42 train_mapper.py:622 ] epoch=0010 train_loss=1.117514e-01 train_mse=3.836458e-02 train_cos=0.980212 train_nmse=-12.235dB train_rec=0.000000e+00 train_recT=2.409917e-05 train_fc=3.295648e-02 train_decoder_tail=0.000000e+00
I 07.01/15:04:04 train_mapper.py:622 ] epoch=0011 train_loss=1.079458e-01 train_mse=3.669781e-02 train_cos=0.981211 train_nmse=-12.428dB train_rec=0.000000e+00 train_recT=2.229709e-05 train_fc=3.172222e-02 train_decoder_tail=0.000000e+00
I 07.01/15:05:24 train_mapper.py:622 ] epoch=0012 train_loss=1.046825e-01 train_mse=3.526392e-02 train_cos=0.981982 train_nmse=-12.601dB train_rec=0.000000e+00 train_recT=2.079857e-05 train_fc=3.063396e-02 train_decoder_tail=0.000000e+00
I 07.01/15:06:39 train_mapper.py:622 ] epoch=0013 train_loss=1.014770e-01 train_mse=3.386459e-02 train_cos=0.982675 train_nmse=-12.777dB train_rec=0.000000e+00 train_recT=1.938659e-05 train_fc=2.958869e-02 train_decoder_tail=0.000000e+00
I 07.01/15:07:54 train_mapper.py:622 ] epoch=0014 train_loss=9.850291e-02 train_mse=3.256923e-02 train_cos=0.983184 train_nmse=-12.947dB train_rec=0.000000e+00 train_recT=1.788350e-05 train_fc=2.844804e-02 train_decoder_tail=0.000000e+00
I 07.01/15:09:09 train_mapper.py:622 ] epoch=0015 train_loss=9.522513e-02 train_mse=3.116559e-02 train_cos=0.983610 train_nmse=-13.138dB train_rec=0.000000e+00 train_recT=1.610076e-05 train_fc=2.697162e-02 train_decoder_tail=0.000000e+00
I 07.01/15:10:26 train_mapper.py:622 ] epoch=0016 train_loss=9.130944e-02 train_mse=2.954422e-02 train_cos=0.983790 train_nmse=-13.370dB train_rec=0.000000e+00 train_recT=1.369422e-05 train_fc=2.465175e-02 train_decoder_tail=0.000000e+00
I 07.01/15:11:40 train_mapper.py:622 ] epoch=0017 train_loss=8.681647e-02 train_mse=2.775205e-02 train_cos=0.983605 train_nmse=-13.642dB train_rec=0.000000e+00 train_recT=1.110731e-05 train_fc=2.130185e-02 train_decoder_tail=0.000000e+00
I 07.01/15:12:48 train_mapper.py:622 ] epoch=0018 train_loss=8.036277e-02 train_mse=2.515725e-02 train_cos=0.984295 train_nmse=-14.068dB train_rec=0.000000e+00 train_recT=9.327813e-06 train_fc=1.780301e-02 train_decoder_tail=0.000000e+00
I 07.01/15:13:57 train_mapper.py:622 ] epoch=0019 train_loss=7.561291e-02 train_mse=2.323350e-02 train_cos=0.984867 train_nmse=-14.414dB train_rec=0.000000e+00 train_recT=8.339002e-06 train_fc=1.545182e-02 train_decoder_tail=0.000000e+00
I 07.01/15:15:11 train_mapper.py:622 ] epoch=0020 train_loss=7.206615e-02 train_mse=2.180763e-02 train_cos=0.985344 train_nmse=-14.688dB train_rec=0.000000e+00 train_recT=7.630853e-06 train_fc=1.386350e-02 train_decoder_tail=0.000000e+00
I 07.01/15:16:17 train_mapper.py:622 ] epoch=0021 train_loss=6.918643e-02 train_mse=2.066401e-02 train_cos=0.985788 train_nmse=-14.922dB train_rec=0.000000e+00 train_recT=7.092528e-06 train_fc=1.271536e-02 train_decoder_tail=0.000000e+00
I 07.01/15:17:42 train_mapper.py:622 ] epoch=0022 train_loss=6.671552e-02 train_mse=1.969672e-02 train_cos=0.986222 train_nmse=-15.131dB train_rec=0.000000e+00 train_recT=6.677720e-06 train_fc=1.180896e-02 train_decoder_tail=0.000000e+00
I 07.01/15:19:18 train_mapper.py:622 ] epoch=0023 train_loss=6.463439e-02 train_mse=1.888808e-02 train_cos=0.986605 train_nmse=-15.313dB train_rec=0.000000e+00 train_recT=6.300342e-06 train_fc=1.111253e-02 train_decoder_tail=0.000000e+00
I 07.01/15:21:07 train_mapper.py:622 ] epoch=0024 train_loss=6.272217e-02 train_mse=1.815374e-02 train_cos=0.986983 train_nmse=-15.485dB train_rec=0.000000e+00 train_recT=5.967146e-06 train_fc=1.052250e-02 train_decoder_tail=0.000000e+00
I 07.01/15:22:57 train_mapper.py:622 ] epoch=0025 train_loss=6.091824e-02 train_mse=1.747270e-02 train_cos=0.987360 train_nmse=-15.651dB train_rec=0.000000e+00 train_recT=5.665012e-06 train_fc=1.000323e-02 train_decoder_tail=0.000000e+00
I 07.01/15:24:41 train_mapper.py:622 ] epoch=0026 train_loss=5.940399e-02 train_mse=1.690198e-02 train_cos=0.987683 train_nmse=-15.796dB train_rec=0.000000e+00 train_recT=5.423040e-06 train_fc=9.579582e-03 train_decoder_tail=0.000000e+00
I 07.01/15:26:24 train_mapper.py:622 ] epoch=0027 train_loss=5.797546e-02 train_mse=1.636967e-02 train_cos=0.987986 train_nmse=-15.934dB train_rec=0.000000e+00 train_recT=5.189069e-06 train_fc=9.201132e-03 train_decoder_tail=0.000000e+00
I 07.01/15:28:09 train_mapper.py:622 ] epoch=0028 train_loss=5.669269e-02 train_mse=1.589347e-02 train_cos=0.988268 train_nmse=-16.062dB train_rec=0.000000e+00 train_recT=4.994980e-06 train_fc=8.867983e-03 train_decoder_tail=0.000000e+00
I 07.01/15:29:50 train_mapper.py:622 ] epoch=0029 train_loss=5.561110e-02 train_mse=1.549420e-02 train_cos=0.988506 train_nmse=-16.173dB train_rec=0.000000e+00 train_recT=4.830060e-06 train_fc=8.597630e-03 train_decoder_tail=0.000000e+00
I 07.01/15:31:33 train_mapper.py:622 ] epoch=0030 train_loss=5.449522e-02 train_mse=1.508586e-02 train_cos=0.988754 train_nmse=-16.289dB train_rec=0.000000e+00 train_recT=4.654128e-06 train_fc=8.322243e-03 train_decoder_tail=0.000000e+00
I 07.01/15:33:15 train_mapper.py:622 ] epoch=0031 train_loss=5.340206e-02 train_mse=1.469179e-02 train_cos=0.989004 train_nmse=-16.404dB train_rec=0.000000e+00 train_recT=4.501088e-06 train_fc=8.067710e-03 train_decoder_tail=0.000000e+00
I 07.01/15:34:59 train_mapper.py:622 ] epoch=0032 train_loss=5.235008e-02 train_mse=1.431621e-02 train_cos=0.989245 train_nmse=-16.516dB train_rec=0.000000e+00 train_recT=4.336439e-06 train_fc=7.821475e-03 train_decoder_tail=0.000000e+00
I 07.01/15:36:39 train_mapper.py:622 ] epoch=0033 train_loss=5.156494e-02 train_mse=1.403318e-02 train_cos=0.989424 train_nmse=-16.603dB train_rec=0.000000e+00 train_recT=4.230989e-06 train_fc=7.639594e-03 train_decoder_tail=0.000000e+00
I 07.01/15:38:19 train_mapper.py:622 ] epoch=0034 train_loss=5.067933e-02 train_mse=1.371888e-02 train_cos=0.989628 train_nmse=-16.701dB train_rec=0.000000e+00 train_recT=4.106161e-06 train_fc=7.445623e-03 train_decoder_tail=0.000000e+00
I 07.01/15:40:08 train_mapper.py:622 ] epoch=0035 train_loss=4.979999e-02 train_mse=1.341003e-02 train_cos=0.989833 train_nmse=-16.800dB train_rec=0.000000e+00 train_recT=3.985645e-06 train_fc=7.254136e-03 train_decoder_tail=0.000000e+00
I 07.01/15:41:48 train_mapper.py:622 ] epoch=0036 train_loss=4.904672e-02 train_mse=1.314502e-02 train_cos=0.990010 train_nmse=-16.887dB train_rec=0.000000e+00 train_recT=3.878937e-06 train_fc=7.087742e-03 train_decoder_tail=0.000000e+00
I 07.01/15:43:33 train_mapper.py:622 ] epoch=0037 train_loss=4.831276e-02 train_mse=1.288957e-02 train_cos=0.990183 train_nmse=-16.972dB train_rec=0.000000e+00 train_recT=3.785929e-06 train_fc=6.934161e-03 train_decoder_tail=0.000000e+00
I 07.01/15:45:11 train_mapper.py:622 ] epoch=0038 train_loss=4.763619e-02 train_mse=1.265445e-02 train_cos=0.990335 train_nmse=-17.052dB train_rec=0.000000e+00 train_recT=3.685497e-06 train_fc=6.794640e-03 train_decoder_tail=0.000000e+00
I 07.01/15:46:50 train_mapper.py:622 ] epoch=0039 train_loss=4.702289e-02 train_mse=1.244108e-02 train_cos=0.990480 train_nmse=-17.126dB train_rec=0.000000e+00 train_recT=3.611358e-06 train_fc=6.664382e-03 train_decoder_tail=0.000000e+00
I 07.01/15:48:35 train_mapper.py:622 ] epoch=0040 train_loss=4.641750e-02 train_mse=1.223331e-02 train_cos=0.990625 train_nmse=-17.199dB train_rec=0.000000e+00 train_recT=3.523148e-06 train_fc=6.544090e-03 train_decoder_tail=0.000000e+00
I 07.01/15:50:17 train_mapper.py:622 ] epoch=0041 train_loss=4.576854e-02 train_mse=1.201394e-02 train_cos=0.990776 train_nmse=-17.277dB train_rec=0.000000e+00 train_recT=3.443630e-06 train_fc=6.423308e-03 train_decoder_tail=0.000000e+00
I 07.01/15:51:59 train_mapper.py:622 ] epoch=0042 train_loss=4.520732e-02 train_mse=1.182168e-02 train_cos=0.990907 train_nmse=-17.348dB train_rec=0.000000e+00 train_recT=3.366965e-06 train_fc=6.299260e-03 train_decoder_tail=0.000000e+00
I 07.01/15:53:39 train_mapper.py:622 ] epoch=0043 train_loss=4.455963e-02 train_mse=1.160381e-02 train_cos=0.991063 train_nmse=-17.429dB train_rec=0.000000e+00 train_recT=3.298585e-06 train_fc=6.175567e-03 train_decoder_tail=0.000000e+00
I 07.01/15:55:21 train_mapper.py:622 ] epoch=0044 train_loss=4.397264e-02 train_mse=1.140777e-02 train_cos=0.991203 train_nmse=-17.503dB train_rec=0.000000e+00 train_recT=3.228470e-06 train_fc=6.061581e-03 train_decoder_tail=0.000000e+00
I 07.01/15:57:09 train_mapper.py:622 ] epoch=0045 train_loss=4.353722e-02 train_mse=1.126092e-02 train_cos=0.991303 train_nmse=-17.559dB train_rec=0.000000e+00 train_recT=3.167925e-06 train_fc=5.977466e-03 train_decoder_tail=0.000000e+00
I 07.01/15:58:49 train_mapper.py:622 ] epoch=0046 train_loss=4.304885e-02 train_mse=1.109839e-02 train_cos=0.991420 train_nmse=-17.622dB train_rec=0.000000e+00 train_recT=3.110619e-06 train_fc=5.884596e-03 train_decoder_tail=0.000000e+00
I 07.01/16:00:39 train_mapper.py:622 ] epoch=0047 train_loss=4.250943e-02 train_mse=1.092097e-02 train_cos=0.991550 train_nmse=-17.692dB train_rec=0.000000e+00 train_recT=3.056867e-06 train_fc=5.782807e-03 train_decoder_tail=0.000000e+00
I 07.01/16:02:25 train_mapper.py:622 ] epoch=0048 train_loss=4.206197e-02 train_mse=1.077248e-02 train_cos=0.991654 train_nmse=-17.751dB train_rec=0.000000e+00 train_recT=3.004787e-06 train_fc=5.696890e-03 train_decoder_tail=0.000000e+00
I 07.01/16:04:12 train_mapper.py:622 ] epoch=0049 train_loss=4.156652e-02 train_mse=1.061130e-02 train_cos=0.991771 train_nmse=-17.817dB train_rec=0.000000e+00 train_recT=2.947862e-06 train_fc=5.611094e-03 train_decoder_tail=0.000000e+00
I 07.01/16:05:55 train_mapper.py:622 ] epoch=0050 train_loss=4.119731e-02 train_mse=1.048828e-02 train_cos=0.991860 train_nmse=-17.867dB train_rec=0.000000e+00 train_recT=2.907013e-06 train_fc=5.539354e-03 train_decoder_tail=0.000000e+00
I 07.01/16:07:35 train_mapper.py:622 ] epoch=0051 train_loss=4.067203e-02 train_mse=1.031793e-02 train_cos=0.991985 train_nmse=-17.938dB train_rec=0.000000e+00 train_recT=2.843005e-06 train_fc=5.435737e-03 train_decoder_tail=0.000000e+00
I 07.01/16:09:08 train_mapper.py:622 ] epoch=0052 train_loss=4.035875e-02 train_mse=1.021505e-02 train_cos=0.992059 train_nmse=-17.982dB train_rec=0.000000e+00 train_recT=2.807858e-06 train_fc=5.383157e-03 train_decoder_tail=0.000000e+00
I 07.01/16:10:39 train_mapper.py:622 ] epoch=0053 train_loss=3.991449e-02 train_mse=1.007281e-02 train_cos=0.992162 train_nmse=-18.043dB train_rec=0.000000e+00 train_recT=2.761847e-06 train_fc=5.305590e-03 train_decoder_tail=0.000000e+00
I 07.01/16:12:12 train_mapper.py:622 ] epoch=0054 train_loss=3.960043e-02 train_mse=9.970371e-03 train_cos=0.992238 train_nmse=-18.087dB train_rec=0.000000e+00 train_recT=2.728508e-06 train_fc=5.245719e-03 train_decoder_tail=0.000000e+00
I 07.01/16:13:42 train_mapper.py:622 ] epoch=0055 train_loss=3.913210e-02 train_mse=9.822491e-03 train_cos=0.992350 train_nmse=-18.152dB train_rec=0.000000e+00 train_recT=2.683540e-06 train_fc=5.171490e-03 train_decoder_tail=0.000000e+00
I 07.01/16:15:11 train_mapper.py:622 ] epoch=0056 train_loss=3.884373e-02 train_mse=9.727466e-03 train_cos=0.992417 train_nmse=-18.194dB train_rec=0.000000e+00 train_recT=2.651281e-06 train_fc=5.111341e-03 train_decoder_tail=0.000000e+00
I 07.01/16:16:34 train_mapper.py:622 ] epoch=0057 train_loss=3.854258e-02 train_mse=9.631065e-03 train_cos=0.992487 train_nmse=-18.238dB train_rec=0.000000e+00 train_recT=2.614461e-06 train_fc=5.062497e-03 train_decoder_tail=0.000000e+00
I 07.01/16:17:55 train_mapper.py:622 ] epoch=0058 train_loss=3.812789e-02 train_mse=9.500663e-03 train_cos=0.992584 train_nmse=-18.297dB train_rec=0.000000e+00 train_recT=2.574352e-06 train_fc=4.987972e-03 train_decoder_tail=0.000000e+00
I 07.01/16:19:26 train_mapper.py:622 ] epoch=0059 train_loss=3.781230e-02 train_mse=9.400071e-03 train_cos=0.992656 train_nmse=-18.343dB train_rec=0.000000e+00 train_recT=2.538844e-06 train_fc=4.927391e-03 train_decoder_tail=0.000000e+00
I 07.01/16:20:53 train_mapper.py:622 ] epoch=0060 train_loss=3.751178e-02 train_mse=9.304753e-03 train_cos=0.992730 train_nmse=-18.387dB train_rec=0.000000e+00 train_recT=2.506633e-06 train_fc=4.876940e-03 train_decoder_tail=0.000000e+00
I 07.01/16:22:26 train_mapper.py:622 ] epoch=0061 train_loss=3.714494e-02 train_mse=9.191259e-03 train_cos=0.992817 train_nmse=-18.441dB train_rec=0.000000e+00 train_recT=2.474279e-06 train_fc=4.818532e-03 train_decoder_tail=0.000000e+00
I 07.01/16:23:53 train_mapper.py:622 ] epoch=0062 train_loss=3.684739e-02 train_mse=9.097363e-03 train_cos=0.992884 train_nmse=-18.485dB train_rec=0.000000e+00 train_recT=2.437158e-06 train_fc=4.762627e-03 train_decoder_tail=0.000000e+00
I 07.01/16:25:20 train_mapper.py:622 ] epoch=0063 train_loss=3.659050e-02 train_mse=9.016335e-03 train_cos=0.992944 train_nmse=-18.524dB train_rec=0.000000e+00 train_recT=2.418837e-06 train_fc=4.720551e-03 train_decoder_tail=0.000000e+00
I 07.01/16:26:52 train_mapper.py:622 ] epoch=0064 train_loss=3.637715e-02 train_mse=8.949716e-03 train_cos=0.992994 train_nmse=-18.556dB train_rec=0.000000e+00 train_recT=2.389143e-06 train_fc=4.688958e-03 train_decoder_tail=0.000000e+00
I 07.01/16:28:23 train_mapper.py:622 ] epoch=0065 train_loss=3.598176e-02 train_mse=8.828464e-03 train_cos=0.993087 train_nmse=-18.616dB train_rec=0.000000e+00 train_recT=2.356816e-06 train_fc=4.617134e-03 train_decoder_tail=0.000000e+00
I 07.01/16:29:52 train_mapper.py:622 ] epoch=0066 train_loss=3.571597e-02 train_mse=8.744994e-03 train_cos=0.993151 train_nmse=-18.657dB train_rec=0.000000e+00 train_recT=2.331659e-06 train_fc=4.572540e-03 train_decoder_tail=0.000000e+00
I 07.01/16:31:14 train_mapper.py:622 ] epoch=0067 train_loss=3.550827e-02 train_mse=8.680137e-03 train_cos=0.993196 train_nmse=-18.689dB train_rec=0.000000e+00 train_recT=2.310111e-06 train_fc=4.540048e-03 train_decoder_tail=0.000000e+00
I 07.01/16:32:24 train_mapper.py:622 ] epoch=0068 train_loss=3.535717e-02 train_mse=8.632330e-03 train_cos=0.993233 train_nmse=-18.713dB train_rec=0.000000e+00 train_recT=2.299961e-06 train_fc=4.519567e-03 train_decoder_tail=0.000000e+00
I 07.01/16:33:29 train_mapper.py:622 ] epoch=0069 train_loss=3.501436e-02 train_mse=8.527309e-03 train_cos=0.993312 train_nmse=-18.766dB train_rec=0.000000e+00 train_recT=2.260950e-06 train_fc=4.457346e-03 train_decoder_tail=0.000000e+00
I 07.01/16:34:34 train_mapper.py:622 ] epoch=0070 train_loss=3.475964e-02 train_mse=8.448467e-03 train_cos=0.993370 train_nmse=-18.806dB train_rec=0.000000e+00 train_recT=2.236355e-06 train_fc=4.414520e-03 train_decoder_tail=0.000000e+00
I 07.01/16:35:38 train_mapper.py:622 ] epoch=0071 train_loss=3.442473e-02 train_mse=8.348987e-03 train_cos=0.993447 train_nmse=-18.858dB train_rec=0.000000e+00 train_recT=2.203830e-06 train_fc=4.361394e-03 train_decoder_tail=0.000000e+00
I 07.01/16:36:41 train_mapper.py:622 ] epoch=0072 train_loss=3.428570e-02 train_mse=8.304098e-03 train_cos=0.993480 train_nmse=-18.881dB train_rec=0.000000e+00 train_recT=2.192501e-06 train_fc=4.336694e-03 train_decoder_tail=0.000000e+00
I 07.01/16:37:46 train_mapper.py:622 ] epoch=0073 train_loss=3.400217e-02 train_mse=8.218593e-03 train_cos=0.993547 train_nmse=-18.926dB train_rec=0.000000e+00 train_recT=2.170355e-06 train_fc=4.288447e-03 train_decoder_tail=0.000000e+00
I 07.01/16:38:49 train_mapper.py:622 ] epoch=0074 train_loss=3.380899e-02 train_mse=8.158712e-03 train_cos=0.993589 train_nmse=-18.958dB train_rec=0.000000e+00 train_recT=2.151844e-06 train_fc=4.255813e-03 train_decoder_tail=0.000000e+00
I 07.01/16:39:54 train_mapper.py:622 ] epoch=0075 train_loss=3.351141e-02 train_mse=8.069978e-03 train_cos=0.993658 train_nmse=-19.005dB train_rec=0.000000e+00 train_recT=2.122446e-06 train_fc=4.209178e-03 train_decoder_tail=0.000000e+00
I 07.01/16:40:57 train_mapper.py:622 ] epoch=0076 train_loss=3.341518e-02 train_mse=8.038124e-03 train_cos=0.993682 train_nmse=-19.022dB train_rec=0.000000e+00 train_recT=2.112664e-06 train_fc=4.193268e-03 train_decoder_tail=0.000000e+00
I 07.01/16:42:02 train_mapper.py:622 ] epoch=0077 train_loss=3.311004e-02 train_mse=7.948869e-03 train_cos=0.993753 train_nmse=-19.071dB train_rec=0.000000e+00 train_recT=2.090248e-06 train_fc=4.147890e-03 train_decoder_tail=0.000000e+00
I 07.01/16:43:05 train_mapper.py:622 ] epoch=0078 train_loss=3.293660e-02 train_mse=7.894746e-03 train_cos=0.993793 train_nmse=-19.101dB train_rec=0.000000e+00 train_recT=2.076401e-06 train_fc=4.116505e-03 train_decoder_tail=0.000000e+00
I 07.01/16:44:06 train_mapper.py:622 ] epoch=0079 train_loss=3.267576e-02 train_mse=7.817881e-03 train_cos=0.993852 train_nmse=-19.143dB train_rec=0.000000e+00 train_recT=2.047112e-06 train_fc=4.078463e-03 train_decoder_tail=0.000000e+00
I 07.01/16:45:08 train_mapper.py:622 ] epoch=0080 train_loss=3.246519e-02 train_mse=7.754634e-03 train_cos=0.993901 train_nmse=-19.178dB train_rec=0.000000e+00 train_recT=2.028664e-06 train_fc=4.040775e-03 train_decoder_tail=0.000000e+00
I 07.01/16:46:11 train_mapper.py:622 ] epoch=0081 train_loss=3.232582e-02 train_mse=7.711230e-03 train_cos=0.993931 train_nmse=-19.203dB train_rec=0.000000e+00 train_recT=2.008366e-06 train_fc=4.019838e-03 train_decoder_tail=0.000000e+00
I 07.01/16:47:11 train_mapper.py:622 ] epoch=0082 train_loss=3.219159e-02 train_mse=7.669869e-03 train_cos=0.993965 train_nmse=-19.226dB train_rec=0.000000e+00 train_recT=2.007624e-06 train_fc=4.003834e-03 train_decoder_tail=0.000000e+00
I 07.01/16:48:12 train_mapper.py:622 ] epoch=0083 train_loss=3.195449e-02 train_mse=7.599933e-03 train_cos=0.994016 train_nmse=-19.266dB train_rec=0.000000e+00 train_recT=1.977392e-06 train_fc=3.959380e-03 train_decoder_tail=0.000000e+00
I 07.01/16:49:20 train_mapper.py:622 ] epoch=0084 train_loss=3.174720e-02 train_mse=7.539164e-03 train_cos=0.994064 train_nmse=-19.301dB train_rec=0.000000e+00 train_recT=1.961165e-06 train_fc=3.932506e-03 train_decoder_tail=0.000000e+00
I 07.01/16:50:30 train_mapper.py:622 ] epoch=0085 train_loss=3.156615e-02 train_mse=7.483555e-03 train_cos=0.994106 train_nmse=-19.333dB train_rec=0.000000e+00 train_recT=1.946991e-06 train_fc=3.899195e-03 train_decoder_tail=0.000000e+00
I 07.01/16:51:39 train_mapper.py:622 ] epoch=0086 train_loss=3.131280e-02 train_mse=7.409601e-03 train_cos=0.994162 train_nmse=-19.376dB train_rec=0.000000e+00 train_recT=1.927127e-06 train_fc=3.859617e-03 train_decoder_tail=0.000000e+00
I 07.01/16:52:43 train_mapper.py:622 ] epoch=0087 train_loss=3.117582e-02 train_mse=7.368799e-03 train_cos=0.994193 train_nmse=-19.400dB train_rec=0.000000e+00 train_recT=1.908093e-06 train_fc=3.838327e-03 train_decoder_tail=0.000000e+00
I 07.01/16:53:45 train_mapper.py:622 ] epoch=0088 train_loss=3.099680e-02 train_mse=7.315249e-03 train_cos=0.994238 train_nmse=-19.432dB train_rec=0.000000e+00 train_recT=1.900409e-06 train_fc=3.811629e-03 train_decoder_tail=0.000000e+00
I 07.01/16:54:46 train_mapper.py:622 ] epoch=0089 train_loss=3.088540e-02 train_mse=7.280180e-03 train_cos=0.994262 train_nmse=-19.452dB train_rec=0.000000e+00 train_recT=1.888889e-06 train_fc=3.791968e-03 train_decoder_tail=0.000000e+00
I 07.01/16:55:55 train_mapper.py:622 ] epoch=0090 train_loss=3.076674e-02 train_mse=7.243788e-03 train_cos=0.994288 train_nmse=-19.474dB train_rec=0.000000e+00 train_recT=1.879000e-06 train_fc=3.774616e-03 train_decoder_tail=0.000000e+00
I 07.01/16:57:05 train_mapper.py:622 ] epoch=0091 train_loss=3.051121e-02 train_mse=7.169724e-03 train_cos=0.994348 train_nmse=-19.519dB train_rec=0.000000e+00 train_recT=1.861543e-06 train_fc=3.734585e-03 train_decoder_tail=0.000000e+00
I 07.01/16:58:13 train_mapper.py:622 ] epoch=0092 train_loss=3.047822e-02 train_mse=7.156989e-03 train_cos=0.994356 train_nmse=-19.527dB train_rec=0.000000e+00 train_recT=1.852647e-06 train_fc=3.733473e-03 train_decoder_tail=0.000000e+00
I 07.01/16:59:16 train_mapper.py:622 ] epoch=0093 train_loss=3.018802e-02 train_mse=7.073760e-03 train_cos=0.994421 train_nmse=-19.578dB train_rec=0.000000e+00 train_recT=1.825602e-06 train_fc=3.686359e-03 train_decoder_tail=0.000000e+00
I 07.01/17:00:20 train_mapper.py:622 ] epoch=0094 train_loss=2.999152e-02 train_mse=7.016299e-03 train_cos=0.994466 train_nmse=-19.613dB train_rec=0.000000e+00 train_recT=1.811312e-06 train_fc=3.653380e-03 train_decoder_tail=0.000000e+00
I 07.01/17:01:27 train_mapper.py:622 ] epoch=0095 train_loss=2.988753e-02 train_mse=6.984102e-03 train_cos=0.994491 train_nmse=-19.633dB train_rec=0.000000e+00 train_recT=1.804297e-06 train_fc=3.637999e-03 train_decoder_tail=0.000000e+00
I 07.01/17:02:32 train_mapper.py:622 ] epoch=0096 train_loss=2.971043e-02 train_mse=6.931842e-03 train_cos=0.994530 train_nmse=-19.666dB train_rec=0.000000e+00 train_recT=1.783333e-06 train_fc=3.610851e-03 train_decoder_tail=0.000000e+00
I 07.01/17:03:35 train_mapper.py:622 ] epoch=0097 train_loss=2.963926e-02 train_mse=6.908623e-03 train_cos=0.994547 train_nmse=-19.680dB train_rec=0.000000e+00 train_recT=1.783240e-06 train_fc=3.600794e-03 train_decoder_tail=0.000000e+00
I 07.01/17:04:38 train_mapper.py:622 ] epoch=0098 train_loss=2.948374e-02 train_mse=6.862778e-03 train_cos=0.994581 train_nmse=-19.709dB train_rec=0.000000e+00 train_recT=1.765659e-06 train_fc=3.576173e-03 train_decoder_tail=0.000000e+00
I 07.01/17:05:42 train_mapper.py:622 ] epoch=0099 train_loss=2.918363e-02 train_mse=6.778175e-03 train_cos=0.994651 train_nmse=-19.763dB train_rec=0.000000e+00 train_recT=1.740319e-06 train_fc=3.530571e-03 train_decoder_tail=0.000000e+00
I 07.01/17:06:47 train_mapper.py:622 ] epoch=0100 train_loss=2.908053e-02 train_mse=6.745316e-03 train_cos=0.994672 train_nmse=-19.784dB train_rec=0.000000e+00 train_recT=1.732530e-06 train_fc=3.509231e-03 train_decoder_tail=0.000000e+00
I 07.01/17:07:53 train_mapper.py:622 ] epoch=0101 train_loss=2.907237e-02 train_mse=6.739900e-03 train_cos=0.994676 train_nmse=-19.787dB train_rec=0.000000e+00 train_recT=1.729923e-06 train_fc=3.511625e-03 train_decoder_tail=0.000000e+00
I 07.01/17:08:56 train_mapper.py:622 ] epoch=0102 train_loss=2.894426e-02 train_mse=6.701761e-03 train_cos=0.994706 train_nmse=-19.812dB train_rec=0.000000e+00 train_recT=1.715008e-06 train_fc=3.495549e-03 train_decoder_tail=0.000000e+00
I 07.01/17:10:03 train_mapper.py:622 ] epoch=0103 train_loss=2.868569e-02 train_mse=6.629227e-03 train_cos=0.994766 train_nmse=-19.859dB train_rec=0.000000e+00 train_recT=1.705162e-06 train_fc=3.458234e-03 train_decoder_tail=0.000000e+00
I 07.01/17:11:05 train_mapper.py:622 ] epoch=0104 train_loss=2.863417e-02 train_mse=6.611063e-03 train_cos=0.994777 train_nmse=-19.871dB train_rec=0.000000e+00 train_recT=1.701292e-06 train_fc=3.447778e-03 train_decoder_tail=0.000000e+00
I 07.01/17:12:07 train_mapper.py:622 ] epoch=0105 train_loss=2.842542e-02 train_mse=6.551981e-03 train_cos=0.994826 train_nmse=-19.910dB train_rec=0.000000e+00 train_recT=1.680894e-06 train_fc=3.416866e-03 train_decoder_tail=0.000000e+00
I 07.01/17:13:10 train_mapper.py:622 ] epoch=0106 train_loss=2.830848e-02 train_mse=6.515880e-03 train_cos=0.994849 train_nmse=-19.934dB train_rec=0.000000e+00 train_recT=1.672682e-06 train_fc=3.391872e-03 train_decoder_tail=0.000000e+00
I 07.01/17:14:14 train_mapper.py:622 ] epoch=0107 train_loss=2.813428e-02 train_mse=6.466907e-03 train_cos=0.994889 train_nmse=-19.967dB train_rec=0.000000e+00 train_recT=1.655163e-06 train_fc=3.366497e-03 train_decoder_tail=0.000000e+00
I 07.01/17:15:19 train_mapper.py:622 ] epoch=0108 train_loss=2.798471e-02 train_mse=6.423492e-03 train_cos=0.994923 train_nmse=-19.996dB train_rec=0.000000e+00 train_recT=1.644648e-06 train_fc=3.347334e-03 train_decoder_tail=0.000000e+00
I 07.01/17:16:24 train_mapper.py:622 ] epoch=0109 train_loss=2.798749e-02 train_mse=6.420326e-03 train_cos=0.994924 train_nmse=-19.998dB train_rec=0.000000e+00 train_recT=1.641400e-06 train_fc=3.348561e-03 train_decoder_tail=0.000000e+00
I 07.01/17:17:27 train_mapper.py:622 ] epoch=0110 train_loss=2.795285e-02 train_mse=6.408109e-03 train_cos=0.994933 train_nmse=-20.006dB train_rec=0.000000e+00 train_recT=1.635980e-06 train_fc=3.346463e-03 train_decoder_tail=0.000000e+00
I 07.01/17:18:31 train_mapper.py:622 ] epoch=0111 train_loss=2.772467e-02 train_mse=6.344476e-03 train_cos=0.994983 train_nmse=-20.050dB train_rec=0.000000e+00 train_recT=1.618762e-06 train_fc=3.310160e-03 train_decoder_tail=0.000000e+00
I 07.01/17:19:36 train_mapper.py:622 ] epoch=0112 train_loss=2.772801e-02 train_mse=6.341872e-03 train_cos=0.994984 train_nmse=-20.052dB train_rec=0.000000e+00 train_recT=1.622206e-06 train_fc=3.311160e-03 train_decoder_tail=0.000000e+00
I 07.01/17:20:42 train_mapper.py:622 ] epoch=0113 train_loss=2.740840e-02 train_mse=6.254232e-03 train_cos=0.995055 train_nmse=-20.112dB train_rec=0.000000e+00 train_recT=1.594697e-06 train_fc=3.260338e-03 train_decoder_tail=0.000000e+00
I 07.01/17:21:44 train_mapper.py:622 ] epoch=0114 train_loss=2.734575e-02 train_mse=6.233536e-03 train_cos=0.995066 train_nmse=-20.126dB train_rec=0.000000e+00 train_recT=1.587252e-06 train_fc=3.251736e-03 train_decoder_tail=0.000000e+00
I 07.01/17:22:45 train_mapper.py:622 ] epoch=0115 train_loss=2.718700e-02 train_mse=6.188333e-03 train_cos=0.995103 train_nmse=-20.158dB train_rec=0.000000e+00 train_recT=1.576321e-06 train_fc=3.225401e-03 train_decoder_tail=0.000000e+00
I 07.01/17:23:50 train_mapper.py:622 ] epoch=0116 train_loss=2.711708e-02 train_mse=6.167123e-03 train_cos=0.995119 train_nmse=-20.173dB train_rec=0.000000e+00 train_recT=1.574303e-06 train_fc=3.214487e-03 train_decoder_tail=0.000000e+00
I 07.01/17:24:55 train_mapper.py:622 ] epoch=0117 train_loss=2.699186e-02 train_mse=6.131496e-03 train_cos=0.995147 train_nmse=-20.198dB train_rec=0.000000e+00 train_recT=1.562528e-06 train_fc=3.199719e-03 train_decoder_tail=0.000000e+00
I 07.01/17:26:01 train_mapper.py:622 ] epoch=0118 train_loss=2.688497e-02 train_mse=6.100476e-03 train_cos=0.995173 train_nmse=-20.220dB train_rec=0.000000e+00 train_recT=1.556399e-06 train_fc=3.182112e-03 train_decoder_tail=0.000000e+00
I 07.01/17:27:07 train_mapper.py:622 ] epoch=0119 train_loss=2.682432e-02 train_mse=6.081509e-03 train_cos=0.995186 train_nmse=-20.234dB train_rec=0.000000e+00 train_recT=1.551142e-06 train_fc=3.172264e-03 train_decoder_tail=0.000000e+00
I 07.01/17:28:16 train_mapper.py:622 ] epoch=0120 train_loss=2.673684e-02 train_mse=6.055930e-03 train_cos=0.995207 train_nmse=-20.252dB train_rec=0.000000e+00 train_recT=1.548244e-06 train_fc=3.162537e-03 train_decoder_tail=0.000000e+00
I 07.01/17:29:24 train_mapper.py:622 ] epoch=0121 train_loss=2.649805e-02 train_mse=5.990480e-03 train_cos=0.995257 train_nmse=-20.299dB train_rec=0.000000e+00 train_recT=1.528035e-06 train_fc=3.124081e-03 train_decoder_tail=0.000000e+00
I 07.01/17:30:26 train_mapper.py:622 ] epoch=0122 train_loss=2.641145e-02 train_mse=5.966303e-03 train_cos=0.995276 train_nmse=-20.317dB train_rec=0.000000e+00 train_recT=1.519523e-06 train_fc=3.114505e-03 train_decoder_tail=0.000000e+00
I 07.01/17:31:29 train_mapper.py:622 ] epoch=0123 train_loss=2.627896e-02 train_mse=5.928790e-03 train_cos=0.995304 train_nmse=-20.344dB train_rec=0.000000e+00 train_recT=1.504928e-06 train_fc=3.093277e-03 train_decoder_tail=0.000000e+00
I 07.01/17:32:33 train_mapper.py:622 ] epoch=0124 train_loss=2.627489e-02 train_mse=5.925098e-03 train_cos=0.995306 train_nmse=-20.347dB train_rec=0.000000e+00 train_recT=1.503953e-06 train_fc=3.090654e-03 train_decoder_tail=0.000000e+00
I 07.01/17:33:39 train_mapper.py:622 ] epoch=0125 train_loss=2.618501e-02 train_mse=5.898908e-03 train_cos=0.995326 train_nmse=-20.366dB train_rec=0.000000e+00 train_recT=1.499519e-06 train_fc=3.079859e-03 train_decoder_tail=0.000000e+00
I 07.01/17:34:42 train_mapper.py:622 ] epoch=0126 train_loss=2.607477e-02 train_mse=5.868235e-03 train_cos=0.995350 train_nmse=-20.389dB train_rec=0.000000e+00 train_recT=1.492167e-06 train_fc=3.062524e-03 train_decoder_tail=0.000000e+00
I 07.01/17:35:45 train_mapper.py:622 ] epoch=0127 train_loss=2.588749e-02 train_mse=5.817220e-03 train_cos=0.995390 train_nmse=-20.427dB train_rec=0.000000e+00 train_recT=1.475395e-06 train_fc=3.030999e-03 train_decoder_tail=0.000000e+00
I 07.01/17:36:48 train_mapper.py:622 ] epoch=0128 train_loss=2.577380e-02 train_mse=5.785525e-03 train_cos=0.995415 train_nmse=-20.450dB train_rec=0.000000e+00 train_recT=1.470758e-06 train_fc=3.015641e-03 train_decoder_tail=0.000000e+00
I 07.01/17:37:51 train_mapper.py:622 ] epoch=0129 train_loss=2.583030e-02 train_mse=5.797615e-03 train_cos=0.995404 train_nmse=-20.441dB train_rec=0.000000e+00 train_recT=1.475594e-06 train_fc=3.027896e-03 train_decoder_tail=0.000000e+00
I 07.01/17:38:55 train_mapper.py:622 ] epoch=0130 train_loss=2.563815e-02 train_mse=5.747219e-03 train_cos=0.995446 train_nmse=-20.479dB train_rec=0.000000e+00 train_recT=1.460330e-06 train_fc=3.000127e-03 train_decoder_tail=0.000000e+00
I 07.01/17:40:00 train_mapper.py:622 ] epoch=0131 train_loss=2.559575e-02 train_mse=5.732029e-03 train_cos=0.995453 train_nmse=-20.491dB train_rec=0.000000e+00 train_recT=1.455746e-06 train_fc=2.989997e-03 train_decoder_tail=0.000000e+00
I 07.01/17:41:01 train_mapper.py:622 ] epoch=0132 train_loss=2.539308e-02 train_mse=5.678979e-03 train_cos=0.995496 train_nmse=-20.531dB train_rec=0.000000e+00 train_recT=1.436842e-06 train_fc=2.957336e-03 train_decoder_tail=0.000000e+00
I 07.01/17:42:05 train_mapper.py:622 ] epoch=0133 train_loss=2.537605e-02 train_mse=5.671940e-03 train_cos=0.995499 train_nmse=-20.536dB train_rec=0.000000e+00 train_recT=1.432954e-06 train_fc=2.956222e-03 train_decoder_tail=0.000000e+00
I 07.01/17:43:09 train_mapper.py:622 ] epoch=0134 train_loss=2.518549e-02 train_mse=5.621391e-03 train_cos=0.995540 train_nmse=-20.575dB train_rec=0.000000e+00 train_recT=1.418399e-06 train_fc=2.928361e-03 train_decoder_tail=0.000000e+00
I 07.01/17:44:13 train_mapper.py:622 ] epoch=0135 train_loss=2.516436e-02 train_mse=5.613948e-03 train_cos=0.995546 train_nmse=-20.581dB train_rec=0.000000e+00 train_recT=1.418135e-06 train_fc=2.923877e-03 train_decoder_tail=0.000000e+00
I 07.01/17:45:16 train_mapper.py:622 ] epoch=0136 train_loss=2.516597e-02 train_mse=5.612473e-03 train_cos=0.995544 train_nmse=-20.582dB train_rec=0.000000e+00 train_recT=1.418525e-06 train_fc=2.926047e-03 train_decoder_tail=0.000000e+00
I 07.01/17:46:17 train_mapper.py:622 ] epoch=0137 train_loss=2.499913e-02 train_mse=5.568194e-03 train_cos=0.995583 train_nmse=-20.617dB train_rec=0.000000e+00 train_recT=1.412367e-06 train_fc=2.903531e-03 train_decoder_tail=0.000000e+00
I 07.01/17:47:23 train_mapper.py:622 ] epoch=0138 train_loss=2.495859e-02 train_mse=5.556026e-03 train_cos=0.995589 train_nmse=-20.626dB train_rec=0.000000e+00 train_recT=1.407155e-06 train_fc=2.897974e-03 train_decoder_tail=0.000000e+00
I 07.01/17:48:29 train_mapper.py:622 ] epoch=0139 train_loss=2.487910e-02 train_mse=5.533631e-03 train_cos=0.995608 train_nmse=-20.644dB train_rec=0.000000e+00 train_recT=1.398385e-06 train_fc=2.883180e-03 train_decoder_tail=0.000000e+00
I 07.01/17:49:34 train_mapper.py:622 ] epoch=0140 train_loss=2.473852e-02 train_mse=5.496336e-03 train_cos=0.995636 train_nmse=-20.673dB train_rec=0.000000e+00 train_recT=1.387365e-06 train_fc=2.863488e-03 train_decoder_tail=0.000000e+00
I 07.01/17:50:40 train_mapper.py:622 ] epoch=0141 train_loss=2.468551e-02 train_mse=5.480681e-03 train_cos=0.995650 train_nmse=-20.685dB train_rec=0.000000e+00 train_recT=1.384470e-06 train_fc=2.852108e-03 train_decoder_tail=0.000000e+00
I 07.01/17:51:47 train_mapper.py:622 ] epoch=0142 train_loss=2.459696e-02 train_mse=5.456771e-03 train_cos=0.995666 train_nmse=-20.704dB train_rec=0.000000e+00 train_recT=1.373904e-06 train_fc=2.845610e-03 train_decoder_tail=0.000000e+00
I 07.01/17:52:49 train_mapper.py:622 ] epoch=0143 train_loss=2.449384e-02 train_mse=5.429267e-03 train_cos=0.995688 train_nmse=-20.726dB train_rec=0.000000e+00 train_recT=1.364375e-06 train_fc=2.827983e-03 train_decoder_tail=0.000000e+00
I 07.01/17:53:56 train_mapper.py:622 ] epoch=0144 train_loss=2.449539e-02 train_mse=5.427668e-03 train_cos=0.995688 train_nmse=-20.728dB train_rec=0.000000e+00 train_recT=1.367642e-06 train_fc=2.827875e-03 train_decoder_tail=0.000000e+00
I 07.01/17:54:58 train_mapper.py:622 ] epoch=0145 train_loss=2.437227e-02 train_mse=5.394192e-03 train_cos=0.995714 train_nmse=-20.754dB train_rec=0.000000e+00 train_recT=1.356975e-06 train_fc=2.808989e-03 train_decoder_tail=0.000000e+00
I 07.01/17:56:05 train_mapper.py:622 ] epoch=0146 train_loss=2.425784e-02 train_mse=5.364195e-03 train_cos=0.995739 train_nmse=-20.779dB train_rec=0.000000e+00 train_recT=1.348497e-06 train_fc=2.789758e-03 train_decoder_tail=0.000000e+00
I 07.01/17:57:09 train_mapper.py:622 ] epoch=0147 train_loss=2.420751e-02 train_mse=5.349877e-03 train_cos=0.995749 train_nmse=-20.790dB train_rec=0.000000e+00 train_recT=1.348412e-06 train_fc=2.786251e-03 train_decoder_tail=0.000000e+00
I 07.01/17:58:17 train_mapper.py:622 ] epoch=0148 train_loss=2.407214e-02 train_mse=5.314839e-03 train_cos=0.995777 train_nmse=-20.819dB train_rec=0.000000e+00 train_recT=1.338082e-06 train_fc=2.766585e-03 train_decoder_tail=0.000000e+00
I 07.01/17:59:22 train_mapper.py:622 ] epoch=0149 train_loss=2.408784e-02 train_mse=5.317045e-03 train_cos=0.995775 train_nmse=-20.817dB train_rec=0.000000e+00 train_recT=1.339633e-06 train_fc=2.769832e-03 train_decoder_tail=0.000000e+00
I 07.01/18:00:24 train_mapper.py:622 ] epoch=0150 train_loss=2.392124e-02 train_mse=5.273434e-03 train_cos=0.995809 train_nmse=-20.853dB train_rec=0.000000e+00 train_recT=1.327198e-06 train_fc=2.744641e-03 train_decoder_tail=0.000000e+00
I 07.01/18:01:30 train_mapper.py:622 ] epoch=0151 train_loss=2.394326e-02 train_mse=5.277110e-03 train_cos=0.995805 train_nmse=-20.850dB train_rec=0.000000e+00 train_recT=1.326224e-06 train_fc=2.746486e-03 train_decoder_tail=0.000000e+00
I 07.01/18:02:32 train_mapper.py:622 ] epoch=0152 train_loss=2.379940e-02 train_mse=5.240207e-03 train_cos=0.995836 train_nmse=-20.880dB train_rec=0.000000e+00 train_recT=1.315399e-06 train_fc=2.725332e-03 train_decoder_tail=0.000000e+00
I 07.01/18:03:36 train_mapper.py:622 ] epoch=0153 train_loss=2.384174e-02 train_mse=5.248900e-03 train_cos=0.995829 train_nmse=-20.873dB train_rec=0.000000e+00 train_recT=1.322097e-06 train_fc=2.731450e-03 train_decoder_tail=0.000000e+00
I 07.01/18:04:38 train_mapper.py:622 ] epoch=0154 train_loss=2.373801e-02 train_mse=5.221821e-03 train_cos=0.995850 train_nmse=-20.896dB train_rec=0.000000e+00 train_recT=1.313690e-06 train_fc=2.719549e-03 train_decoder_tail=0.000000e+00
I 07.01/18:05:39 train_mapper.py:622 ] epoch=0155 train_loss=2.357495e-02 train_mse=5.179489e-03 train_cos=0.995883 train_nmse=-20.931dB train_rec=0.000000e+00 train_recT=1.300530e-06 train_fc=2.696113e-03 train_decoder_tail=0.000000e+00
I 07.01/18:06:43 train_mapper.py:622 ] epoch=0156 train_loss=2.356239e-02 train_mse=5.174696e-03 train_cos=0.995884 train_nmse=-20.935dB train_rec=0.000000e+00 train_recT=1.294552e-06 train_fc=2.687951e-03 train_decoder_tail=0.000000e+00
I 07.01/18:07:48 train_mapper.py:622 ] epoch=0157 train_loss=2.346202e-02 train_mse=5.148063e-03 train_cos=0.995907 train_nmse=-20.957dB train_rec=0.000000e+00 train_recT=1.290432e-06 train_fc=2.672448e-03 train_decoder_tail=0.000000e+00
I 07.01/18:08:52 train_mapper.py:622 ] epoch=0158 train_loss=2.339535e-02 train_mse=5.129776e-03 train_cos=0.995920 train_nmse=-20.973dB train_rec=0.000000e+00 train_recT=1.287000e-06 train_fc=2.668094e-03 train_decoder_tail=0.000000e+00
I 07.01/18:10:00 train_mapper.py:622 ] epoch=0159 train_loss=2.327553e-02 train_mse=5.099348e-03 train_cos=0.995945 train_nmse=-20.999dB train_rec=0.000000e+00 train_recT=1.274986e-06 train_fc=2.654758e-03 train_decoder_tail=0.000000e+00
I 07.01/18:11:05 train_mapper.py:622 ] epoch=0160 train_loss=2.331585e-02 train_mse=5.107531e-03 train_cos=0.995937 train_nmse=-20.992dB train_rec=0.000000e+00 train_recT=1.282435e-06 train_fc=2.657686e-03 train_decoder_tail=0.000000e+00
I 07.01/18:12:05 train_mapper.py:622 ] epoch=0161 train_loss=2.318046e-02 train_mse=5.072800e-03 train_cos=0.995964 train_nmse=-21.021dB train_rec=0.000000e+00 train_recT=1.270740e-06 train_fc=2.639541e-03 train_decoder_tail=0.000000e+00
I 07.01/18:13:10 train_mapper.py:622 ] epoch=0162 train_loss=2.307782e-02 train_mse=5.046091e-03 train_cos=0.995988 train_nmse=-21.044dB train_rec=0.000000e+00 train_recT=1.266328e-06 train_fc=2.623511e-03 train_decoder_tail=0.000000e+00
I 07.01/18:14:13 train_mapper.py:622 ] epoch=0163 train_loss=2.308270e-02 train_mse=5.045436e-03 train_cos=0.995985 train_nmse=-21.045dB train_rec=0.000000e+00 train_recT=1.260508e-06 train_fc=2.623832e-03 train_decoder_tail=0.000000e+00
I 07.01/18:15:17 train_mapper.py:622 ] epoch=0164 train_loss=2.313905e-02 train_mse=5.058415e-03 train_cos=0.995974 train_nmse=-21.034dB train_rec=0.000000e+00 train_recT=1.272299e-06 train_fc=2.632974e-03 train_decoder_tail=0.000000e+00
I 07.01/18:16:19 train_mapper.py:622 ] epoch=0165 train_loss=2.301609e-02 train_mse=5.027508e-03 train_cos=0.996004 train_nmse=-21.060dB train_rec=0.000000e+00 train_recT=1.264719e-06 train_fc=2.616000e-03 train_decoder_tail=0.000000e+00
I 07.01/18:17:22 train_mapper.py:622 ] epoch=0166 train_loss=2.287694e-02 train_mse=4.991273e-03 train_cos=0.996030 train_nmse=-21.092dB train_rec=0.000000e+00 train_recT=1.250455e-06 train_fc=2.596399e-03 train_decoder_tail=0.000000e+00
I 07.01/18:18:29 train_mapper.py:622 ] epoch=0167 train_loss=2.288751e-02 train_mse=4.992150e-03 train_cos=0.996028 train_nmse=-21.091dB train_rec=0.000000e+00 train_recT=1.252999e-06 train_fc=2.597127e-03 train_decoder_tail=0.000000e+00
I 07.01/18:19:30 train_mapper.py:622 ] epoch=0168 train_loss=2.276515e-02 train_mse=4.960887e-03 train_cos=0.996054 train_nmse=-21.118dB train_rec=0.000000e+00 train_recT=1.243939e-06 train_fc=2.577801e-03 train_decoder_tail=0.000000e+00
I 07.01/18:20:35 train_mapper.py:622 ] epoch=0169 train_loss=2.271301e-02 train_mse=4.946653e-03 train_cos=0.996063 train_nmse=-21.131dB train_rec=0.000000e+00 train_recT=1.239429e-06 train_fc=2.569632e-03 train_decoder_tail=0.000000e+00
I 07.01/18:21:41 train_mapper.py:622 ] epoch=0170 train_loss=2.260736e-02 train_mse=4.919433e-03 train_cos=0.996085 train_nmse=-21.155dB train_rec=0.000000e+00 train_recT=1.231197e-06 train_fc=2.555029e-03 train_decoder_tail=0.000000e+00
I 07.01/18:22:50 train_mapper.py:622 ] epoch=0171 train_loss=2.255567e-02 train_mse=4.905736e-03 train_cos=0.996095 train_nmse=-21.167dB train_rec=0.000000e+00 train_recT=1.226603e-06 train_fc=2.549440e-03 train_decoder_tail=0.000000e+00
I 07.01/18:23:55 train_mapper.py:622 ] epoch=0172 train_loss=2.254898e-02 train_mse=4.902799e-03 train_cos=0.996098 train_nmse=-21.169dB train_rec=0.000000e+00 train_recT=1.223003e-06 train_fc=2.546065e-03 train_decoder_tail=0.000000e+00
I 07.01/18:25:00 train_mapper.py:622 ] epoch=0173 train_loss=2.240560e-02 train_mse=4.865752e-03 train_cos=0.996125 train_nmse=-21.202dB train_rec=0.000000e+00 train_recT=1.211831e-06 train_fc=2.526925e-03 train_decoder_tail=0.000000e+00
I 07.01/18:26:07 train_mapper.py:622 ] epoch=0174 train_loss=2.233911e-02 train_mse=4.848308e-03 train_cos=0.996141 train_nmse=-21.218dB train_rec=0.000000e+00 train_recT=1.210954e-06 train_fc=2.516076e-03 train_decoder_tail=0.000000e+00
I 07.01/18:27:11 train_mapper.py:622 ] epoch=0175 train_loss=2.236389e-02 train_mse=4.853303e-03 train_cos=0.996137 train_nmse=-21.213dB train_rec=0.000000e+00 train_recT=1.214124e-06 train_fc=2.520536e-03 train_decoder_tail=0.000000e+00
I 07.01/18:28:12 train_mapper.py:622 ] epoch=0176 train_loss=2.228581e-02 train_mse=4.832768e-03 train_cos=0.996153 train_nmse=-21.232dB train_rec=0.000000e+00 train_recT=1.208540e-06 train_fc=2.513795e-03 train_decoder_tail=0.000000e+00
I 07.01/18:29:15 train_mapper.py:622 ] epoch=0177 train_loss=2.221930e-02 train_mse=4.815448e-03 train_cos=0.996166 train_nmse=-21.247dB train_rec=0.000000e+00 train_recT=1.203831e-06 train_fc=2.502458e-03 train_decoder_tail=0.000000e+00
I 07.01/18:30:19 train_mapper.py:622 ] epoch=0178 train_loss=2.216962e-02 train_mse=4.802733e-03 train_cos=0.996176 train_nmse=-21.259dB train_rec=0.000000e+00 train_recT=1.197340e-06 train_fc=2.495715e-03 train_decoder_tail=0.000000e+00
I 07.01/18:31:24 train_mapper.py:622 ] epoch=0179 train_loss=2.209808e-02 train_mse=4.783975e-03 train_cos=0.996190 train_nmse=-21.276dB train_rec=0.000000e+00 train_recT=1.190434e-06 train_fc=2.483210e-03 train_decoder_tail=0.000000e+00
I 07.01/18:32:30 train_mapper.py:622 ] epoch=0180 train_loss=2.204436e-02 train_mse=4.768949e-03 train_cos=0.996203 train_nmse=-21.290dB train_rec=0.000000e+00 train_recT=1.188221e-06 train_fc=2.473084e-03 train_decoder_tail=0.000000e+00
I 07.01/18:33:47 train_mapper.py:622 ] epoch=0181 train_loss=2.196400e-02 train_mse=4.748304e-03 train_cos=0.996219 train_nmse=-21.309dB train_rec=0.000000e+00 train_recT=1.183574e-06 train_fc=2.464162e-03 train_decoder_tail=0.000000e+00
I 07.01/18:34:51 train_mapper.py:622 ] epoch=0182 train_loss=2.195606e-02 train_mse=4.746066e-03 train_cos=0.996221 train_nmse=-21.310dB train_rec=0.000000e+00 train_recT=1.184365e-06 train_fc=2.469723e-03 train_decoder_tail=0.000000e+00
I 07.01/18:35:52 train_mapper.py:622 ] epoch=0183 train_loss=2.188228e-02 train_mse=4.726740e-03 train_cos=0.996237 train_nmse=-21.328dB train_rec=0.000000e+00 train_recT=1.179951e-06 train_fc=2.455639e-03 train_decoder_tail=0.000000e+00
I 07.01/18:36:53 train_mapper.py:622 ] epoch=0184 train_loss=2.182352e-02 train_mse=4.710645e-03 train_cos=0.996247 train_nmse=-21.343dB train_rec=0.000000e+00 train_recT=1.170293e-06 train_fc=2.442641e-03 train_decoder_tail=0.000000e+00
I 07.01/18:37:56 train_mapper.py:622 ] epoch=0185 train_loss=2.175639e-02 train_mse=4.693754e-03 train_cos=0.996261 train_nmse=-21.359dB train_rec=0.000000e+00 train_recT=1.166041e-06 train_fc=2.433544e-03 train_decoder_tail=0.000000e+00
I 07.01/18:39:09 train_mapper.py:622 ] epoch=0186 train_loss=2.172253e-02 train_mse=4.684784e-03 train_cos=0.996269 train_nmse=-21.367dB train_rec=0.000000e+00 train_recT=1.168210e-06 train_fc=2.433630e-03 train_decoder_tail=0.000000e+00
I 07.01/18:40:14 train_mapper.py:622 ] epoch=0187 train_loss=2.171337e-02 train_mse=4.681026e-03 train_cos=0.996270 train_nmse=-21.370dB train_rec=0.000000e+00 train_recT=1.162591e-06 train_fc=2.430194e-03 train_decoder_tail=0.000000e+00
I 07.01/18:41:16 train_mapper.py:622 ] epoch=0188 train_loss=2.166139e-02 train_mse=4.667352e-03 train_cos=0.996282 train_nmse=-21.383dB train_rec=0.000000e+00 train_recT=1.160939e-06 train_fc=2.423331e-03 train_decoder_tail=0.000000e+00
I 07.01/18:42:21 train_mapper.py:622 ] epoch=0189 train_loss=2.153146e-02 train_mse=4.635322e-03 train_cos=0.996309 train_nmse=-21.413dB train_rec=0.000000e+00 train_recT=1.154017e-06 train_fc=2.403771e-03 train_decoder_tail=0.000000e+00
I 07.01/18:43:22 train_mapper.py:622 ] epoch=0190 train_loss=2.152792e-02 train_mse=4.632796e-03 train_cos=0.996310 train_nmse=-21.416dB train_rec=0.000000e+00 train_recT=1.150323e-06 train_fc=2.403702e-03 train_decoder_tail=0.000000e+00
I 07.01/18:44:26 train_mapper.py:622 ] epoch=0191 train_loss=2.148290e-02 train_mse=4.620960e-03 train_cos=0.996318 train_nmse=-21.426dB train_rec=0.000000e+00 train_recT=1.147905e-06 train_fc=2.395916e-03 train_decoder_tail=0.000000e+00
I 07.01/18:45:29 train_mapper.py:622 ] epoch=0192 train_loss=2.137070e-02 train_mse=4.592980e-03 train_cos=0.996342 train_nmse=-21.453dB train_rec=0.000000e+00 train_recT=1.145204e-06 train_fc=2.382827e-03 train_decoder_tail=0.000000e+00
I 07.01/18:46:31 train_mapper.py:622 ] epoch=0193 train_loss=2.138234e-02 train_mse=4.594373e-03 train_cos=0.996340 train_nmse=-21.451dB train_rec=0.000000e+00 train_recT=1.142306e-06 train_fc=2.383023e-03 train_decoder_tail=0.000000e+00
I 07.01/18:47:31 train_mapper.py:622 ] epoch=0194 train_loss=2.137723e-02 train_mse=4.591767e-03 train_cos=0.996340 train_nmse=-21.454dB train_rec=0.000000e+00 train_recT=1.143651e-06 train_fc=2.384218e-03 train_decoder_tail=0.000000e+00
I 07.01/18:48:33 train_mapper.py:622 ] epoch=0195 train_loss=2.127798e-02 train_mse=4.567508e-03 train_cos=0.996361 train_nmse=-21.477dB train_rec=0.000000e+00 train_recT=1.136373e-06 train_fc=2.369582e-03 train_decoder_tail=0.000000e+00
I 07.01/18:49:36 train_mapper.py:622 ] epoch=0196 train_loss=2.119526e-02 train_mse=4.546086e-03 train_cos=0.996377 train_nmse=-21.497dB train_rec=0.000000e+00 train_recT=1.127491e-06 train_fc=2.358362e-03 train_decoder_tail=0.000000e+00
I 07.01/18:50:38 train_mapper.py:622 ] epoch=0197 train_loss=2.115673e-02 train_mse=4.536038e-03 train_cos=0.996386 train_nmse=-21.507dB train_rec=0.000000e+00 train_recT=1.126043e-06 train_fc=2.351517e-03 train_decoder_tail=0.000000e+00
I 07.01/18:51:41 train_mapper.py:622 ] epoch=0198 train_loss=2.113680e-02 train_mse=4.530257e-03 train_cos=0.996390 train_nmse=-21.512dB train_rec=0.000000e+00 train_recT=1.122403e-06 train_fc=2.347088e-03 train_decoder_tail=0.000000e+00
I 07.01/18:52:44 train_mapper.py:622 ] epoch=0199 train_loss=2.111149e-02 train_mse=4.523517e-03 train_cos=0.996394 train_nmse=-21.519dB train_rec=0.000000e+00 train_recT=1.119395e-06 train_fc=2.349921e-03 train_decoder_tail=0.000000e+00
I 07.01/18:53:47 train_mapper.py:622 ] epoch=0200 train_loss=2.102490e-02 train_mse=4.502059e-03 train_cos=0.996414 train_nmse=-21.540dB train_rec=0.000000e+00 train_recT=1.118396e-06 train_fc=2.338759e-03 train_decoder_tail=0.000000e+00
I 07.01/18:54:51 train_mapper.py:622 ] epoch=0201 train_loss=2.104633e-02 train_mse=4.506204e-03 train_cos=0.996411 train_nmse=-21.536dB train_rec=0.000000e+00 train_recT=1.122254e-06 train_fc=2.338816e-03 train_decoder_tail=0.000000e+00
I 07.01/18:55:52 train_mapper.py:622 ] epoch=0202 train_loss=2.090348e-02 train_mse=4.470560e-03 train_cos=0.996438 train_nmse=-21.570dB train_rec=0.000000e+00 train_recT=1.108983e-06 train_fc=2.317715e-03 train_decoder_tail=0.000000e+00
I 07.01/18:56:52 train_mapper.py:622 ] epoch=0203 train_loss=2.084415e-02 train_mse=4.454441e-03 train_cos=0.996448 train_nmse=-21.586dB train_rec=0.000000e+00 train_recT=1.102584e-06 train_fc=2.309699e-03 train_decoder_tail=0.000000e+00
I 07.01/18:57:54 train_mapper.py:622 ] epoch=0204 train_loss=2.081227e-02 train_mse=4.446958e-03 train_cos=0.996458 train_nmse=-21.593dB train_rec=0.000000e+00 train_recT=1.103326e-06 train_fc=2.307420e-03 train_decoder_tail=0.000000e+00
I 07.01/18:59:01 train_mapper.py:622 ] epoch=0205 train_loss=2.077236e-02 train_mse=4.435488e-03 train_cos=0.996465 train_nmse=-21.604dB train_rec=0.000000e+00 train_recT=1.100663e-06 train_fc=2.298919e-03 train_decoder_tail=0.000000e+00
I 07.01/19:00:06 train_mapper.py:622 ] epoch=0206 train_loss=2.072264e-02 train_mse=4.423093e-03 train_cos=0.996475 train_nmse=-21.617dB train_rec=0.000000e+00 train_recT=1.098023e-06 train_fc=2.295386e-03 train_decoder_tail=0.000000e+00
I 07.01/19:01:09 train_mapper.py:622 ] epoch=0207 train_loss=2.070127e-02 train_mse=4.417169e-03 train_cos=0.996481 train_nmse=-21.622dB train_rec=0.000000e+00 train_recT=1.096226e-06 train_fc=2.290741e-03 train_decoder_tail=0.000000e+00
I 07.01/19:02:11 train_mapper.py:622 ] epoch=0208 train_loss=2.065364e-02 train_mse=4.404585e-03 train_cos=0.996489 train_nmse=-21.635dB train_rec=0.000000e+00 train_recT=1.093378e-06 train_fc=2.282441e-03 train_decoder_tail=0.000000e+00
I 07.01/19:03:17 train_mapper.py:622 ] epoch=0209 train_loss=2.061929e-02 train_mse=4.394947e-03 train_cos=0.996495 train_nmse=-21.644dB train_rec=0.000000e+00 train_recT=1.086789e-06 train_fc=2.278452e-03 train_decoder_tail=0.000000e+00
I 07.01/19:04:22 train_mapper.py:622 ] epoch=0210 train_loss=2.058149e-02 train_mse=4.385423e-03 train_cos=0.996505 train_nmse=-21.654dB train_rec=0.000000e+00 train_recT=1.091655e-06 train_fc=2.273855e-03 train_decoder_tail=0.000000e+00
I 07.01/19:05:24 train_mapper.py:622 ] epoch=0211 train_loss=2.053873e-02 train_mse=4.374731e-03 train_cos=0.996513 train_nmse=-21.664dB train_rec=0.000000e+00 train_recT=1.084389e-06 train_fc=2.267537e-03 train_decoder_tail=0.000000e+00
I 07.01/19:06:28 train_mapper.py:622 ] epoch=0212 train_loss=2.045970e-02 train_mse=4.354460e-03 train_cos=0.996528 train_nmse=-21.684dB train_rec=0.000000e+00 train_recT=1.073006e-06 train_fc=2.255334e-03 train_decoder_tail=0.000000e+00
I 07.01/19:07:30 train_mapper.py:622 ] epoch=0213 train_loss=2.041626e-02 train_mse=4.343331e-03 train_cos=0.996537 train_nmse=-21.696dB train_rec=0.000000e+00 train_recT=1.075864e-06 train_fc=2.249037e-03 train_decoder_tail=0.000000e+00
I 07.01/19:08:31 train_mapper.py:622 ] epoch=0214 train_loss=2.037531e-02 train_mse=4.332973e-03 train_cos=0.996546 train_nmse=-21.706dB train_rec=0.000000e+00 train_recT=1.074058e-06 train_fc=2.246991e-03 train_decoder_tail=0.000000e+00
I 07.01/19:09:32 train_mapper.py:622 ] epoch=0215 train_loss=2.035942e-02 train_mse=4.328119e-03 train_cos=0.996549 train_nmse=-21.711dB train_rec=0.000000e+00 train_recT=1.070094e-06 train_fc=2.241988e-03 train_decoder_tail=0.000000e+00
I 07.01/19:10:36 train_mapper.py:622 ] epoch=0216 train_loss=2.028229e-02 train_mse=4.309069e-03 train_cos=0.996566 train_nmse=-21.730dB train_rec=0.000000e+00 train_recT=1.071748e-06 train_fc=2.233558e-03 train_decoder_tail=0.000000e+00
I 07.01/19:11:37 train_mapper.py:622 ] epoch=0217 train_loss=2.025787e-02 train_mse=4.302497e-03 train_cos=0.996572 train_nmse=-21.737dB train_rec=0.000000e+00 train_recT=1.066976e-06 train_fc=2.230686e-03 train_decoder_tail=0.000000e+00
I 07.01/19:12:41 train_mapper.py:622 ] epoch=0218 train_loss=2.024165e-02 train_mse=4.297143e-03 train_cos=0.996571 train_nmse=-21.742dB train_rec=0.000000e+00 train_recT=1.062528e-06 train_fc=2.229199e-03 train_decoder_tail=0.000000e+00
I 07.01/19:13:42 train_mapper.py:622 ] epoch=0219 train_loss=2.018999e-02 train_mse=4.284488e-03 train_cos=0.996584 train_nmse=-21.755dB train_rec=0.000000e+00 train_recT=1.064349e-06 train_fc=2.220599e-03 train_decoder_tail=0.000000e+00
I 07.01/19:14:46 train_mapper.py:622 ] epoch=0220 train_loss=2.015804e-02 train_mse=4.275989e-03 train_cos=0.996590 train_nmse=-21.763dB train_rec=0.000000e+00 train_recT=1.055626e-06 train_fc=2.215971e-03 train_decoder_tail=0.000000e+00
I 07.01/19:15:47 train_mapper.py:622 ] epoch=0221 train_loss=2.018499e-02 train_mse=4.281365e-03 train_cos=0.996586 train_nmse=-21.758dB train_rec=0.000000e+00 train_recT=1.057495e-06 train_fc=2.220321e-03 train_decoder_tail=0.000000e+00
I 07.01/19:16:47 train_mapper.py:622 ] epoch=0222 train_loss=2.006952e-02 train_mse=4.253433e-03 train_cos=0.996608 train_nmse=-21.786dB train_rec=0.000000e+00 train_recT=1.051406e-06 train_fc=2.204633e-03 train_decoder_tail=0.000000e+00
I 07.01/19:17:45 train_mapper.py:622 ] epoch=0223 train_loss=2.002318e-02 train_mse=4.241666e-03 train_cos=0.996617 train_nmse=-21.798dB train_rec=0.000000e+00 train_recT=1.047487e-06 train_fc=2.197141e-03 train_decoder_tail=0.000000e+00
I 07.01/19:18:47 train_mapper.py:622 ] epoch=0224 train_loss=2.002944e-02 train_mse=4.242109e-03 train_cos=0.996617 train_nmse=-21.798dB train_rec=0.000000e+00 train_recT=1.049254e-06 train_fc=2.198004e-03 train_decoder_tail=0.000000e+00
I 07.01/19:19:50 train_mapper.py:622 ] epoch=0225 train_loss=1.992396e-02 train_mse=4.216651e-03 train_cos=0.996640 train_nmse=-21.824dB train_rec=0.000000e+00 train_recT=1.045739e-06 train_fc=2.183842e-03 train_decoder_tail=0.000000e+00
I 07.01/19:20:55 train_mapper.py:622 ] epoch=0226 train_loss=1.990683e-02 train_mse=4.211794e-03 train_cos=0.996641 train_nmse=-21.829dB train_rec=0.000000e+00 train_recT=1.039179e-06 train_fc=2.181841e-03 train_decoder_tail=0.000000e+00
I 07.01/19:21:55 train_mapper.py:622 ] epoch=0227 train_loss=1.987669e-02 train_mse=4.204366e-03 train_cos=0.996649 train_nmse=-21.837dB train_rec=0.000000e+00 train_recT=1.040305e-06 train_fc=2.179200e-03 train_decoder_tail=0.000000e+00
I 07.01/19:23:00 train_mapper.py:622 ] epoch=0228 train_loss=1.982161e-02 train_mse=4.190034e-03 train_cos=0.996658 train_nmse=-21.852dB train_rec=0.000000e+00 train_recT=1.034760e-06 train_fc=2.168948e-03 train_decoder_tail=0.000000e+00
I 07.01/19:24:01 train_mapper.py:622 ] epoch=0229 train_loss=1.976758e-02 train_mse=4.176108e-03 train_cos=0.996668 train_nmse=-21.866dB train_rec=0.000000e+00 train_recT=1.028432e-06 train_fc=2.162617e-03 train_decoder_tail=0.000000e+00
I 07.01/19:25:05 train_mapper.py:622 ] epoch=0230 train_loss=1.975369e-02 train_mse=4.172146e-03 train_cos=0.996673 train_nmse=-21.870dB train_rec=0.000000e+00 train_recT=1.032240e-06 train_fc=2.160286e-03 train_decoder_tail=0.000000e+00
I 07.01/19:26:09 train_mapper.py:622 ] epoch=0231 train_loss=1.968056e-02 train_mse=4.153782e-03 train_cos=0.996686 train_nmse=-21.889dB train_rec=0.000000e+00 train_recT=1.022195e-06 train_fc=2.150265e-03 train_decoder_tail=0.000000e+00
I 07.01/19:27:11 train_mapper.py:622 ] epoch=0232 train_loss=1.972468e-02 train_mse=4.163905e-03 train_cos=0.996679 train_nmse=-21.879dB train_rec=0.000000e+00 train_recT=1.028187e-06 train_fc=2.160122e-03 train_decoder_tail=0.000000e+00
I 07.01/19:28:13 train_mapper.py:622 ] epoch=0233 train_loss=1.969719e-02 train_mse=4.156741e-03 train_cos=0.996684 train_nmse=-21.886dB train_rec=0.000000e+00 train_recT=1.025472e-06 train_fc=2.151888e-03 train_decoder_tail=0.000000e+00
I 07.01/19:29:12 train_mapper.py:622 ] epoch=0234 train_loss=1.955707e-02 train_mse=4.123221e-03 train_cos=0.996712 train_nmse=-21.921dB train_rec=0.000000e+00 train_recT=1.018596e-06 train_fc=2.136886e-03 train_decoder_tail=0.000000e+00
I 07.01/19:30:17 train_mapper.py:622 ] epoch=0235 train_loss=1.956582e-02 train_mse=4.124160e-03 train_cos=0.996710 train_nmse=-21.920dB train_rec=0.000000e+00 train_recT=1.017612e-06 train_fc=2.135717e-03 train_decoder_tail=0.000000e+00
I 07.01/19:31:19 train_mapper.py:622 ] epoch=0236 train_loss=1.947467e-02 train_mse=4.102401e-03 train_cos=0.996729 train_nmse=-21.943dB train_rec=0.000000e+00 train_recT=1.012131e-06 train_fc=2.124935e-03 train_decoder_tail=0.000000e+00
I 07.01/19:32:20 train_mapper.py:622 ] epoch=0237 train_loss=1.950902e-02 train_mse=4.109254e-03 train_cos=0.996720 train_nmse=-21.936dB train_rec=0.000000e+00 train_recT=1.011808e-06 train_fc=2.128692e-03 train_decoder_tail=0.000000e+00
I 07.01/19:33:21 train_mapper.py:622 ] epoch=0238 train_loss=1.938669e-02 train_mse=4.080470e-03 train_cos=0.996746 train_nmse=-21.967dB train_rec=0.000000e+00 train_recT=1.005711e-06 train_fc=2.112295e-03 train_decoder_tail=0.000000e+00
I 07.01/19:34:24 train_mapper.py:622 ] epoch=0239 train_loss=1.947649e-02 train_mse=4.100226e-03 train_cos=0.996729 train_nmse=-21.946dB train_rec=0.000000e+00 train_recT=1.012334e-06 train_fc=2.124326e-03 train_decoder_tail=0.000000e+00
I 07.01/19:35:26 train_mapper.py:622 ] epoch=0240 train_loss=1.933462e-02 train_mse=4.066381e-03 train_cos=0.996756 train_nmse=-21.982dB train_rec=0.000000e+00 train_recT=1.005843e-06 train_fc=2.105308e-03 train_decoder_tail=0.000000e+00
I 07.01/19:36:29 train_mapper.py:622 ] epoch=0241 train_loss=1.929713e-02 train_mse=4.057119e-03 train_cos=0.996764 train_nmse=-21.991dB train_rec=0.000000e+00 train_recT=9.999032e-07 train_fc=2.099176e-03 train_decoder_tail=0.000000e+00
I 07.01/19:37:31 train_mapper.py:622 ] epoch=0242 train_loss=1.928224e-02 train_mse=4.052537e-03 train_cos=0.996767 train_nmse=-21.996dB train_rec=0.000000e+00 train_recT=9.981830e-07 train_fc=2.094621e-03 train_decoder_tail=0.000000e+00
I 07.01/19:38:33 train_mapper.py:622 ] epoch=0243 train_loss=1.927809e-02 train_mse=4.050902e-03 train_cos=0.996766 train_nmse=-21.998dB train_rec=0.000000e+00 train_recT=9.956427e-07 train_fc=2.095894e-03 train_decoder_tail=0.000000e+00
I 07.01/19:39:36 train_mapper.py:622 ] epoch=0244 train_loss=1.915110e-02 train_mse=4.021093e-03 train_cos=0.996793 train_nmse=-22.030dB train_rec=0.000000e+00 train_recT=9.910245e-07 train_fc=2.082033e-03 train_decoder_tail=0.000000e+00
I 07.01/19:40:38 train_mapper.py:622 ] epoch=0245 train_loss=1.926281e-02 train_mse=4.046209e-03 train_cos=0.996770 train_nmse=-22.003dB train_rec=0.000000e+00 train_recT=9.975916e-07 train_fc=2.095739e-03 train_decoder_tail=0.000000e+00
I 07.01/19:41:39 train_mapper.py:622 ] epoch=0246 train_loss=1.925263e-02 train_mse=4.043435e-03 train_cos=0.996774 train_nmse=-22.006dB train_rec=0.000000e+00 train_recT=9.950791e-07 train_fc=2.095156e-03 train_decoder_tail=0.000000e+00
I 07.01/19:42:38 train_mapper.py:622 ] epoch=0247 train_loss=1.919069e-02 train_mse=4.028072e-03 train_cos=0.996786 train_nmse=-22.023dB train_rec=0.000000e+00 train_recT=9.917715e-07 train_fc=2.087558e-03 train_decoder_tail=0.000000e+00
I 07.01/19:43:39 train_mapper.py:622 ] epoch=0248 train_loss=1.911048e-02 train_mse=4.008567e-03 train_cos=0.996801 train_nmse=-22.044dB train_rec=0.000000e+00 train_recT=9.854921e-07 train_fc=2.074834e-03 train_decoder_tail=0.000000e+00
I 07.01/19:44:45 train_mapper.py:622 ] epoch=0249 train_loss=1.906538e-02 train_mse=3.997765e-03 train_cos=0.996810 train_nmse=-22.055dB train_rec=0.000000e+00 train_recT=9.839520e-07 train_fc=2.070216e-03 train_decoder_tail=0.000000e+00
I 07.01/19:45:46 train_mapper.py:622 ] epoch=0250 train_loss=1.902588e-02 train_mse=3.987984e-03 train_cos=0.996819 train_nmse=-22.066dB train_rec=0.000000e+00 train_recT=9.816723e-07 train_fc=2.065304e-03 train_decoder_tail=0.000000e+00
I 07.01/19:46:48 train_mapper.py:622 ] epoch=0251 train_loss=1.896466e-02 train_mse=3.972728e-03 train_cos=0.996830 train_nmse=-22.083dB train_rec=0.000000e+00 train_recT=9.783272e-07 train_fc=2.057156e-03 train_decoder_tail=0.000000e+00
I 07.01/19:47:50 train_mapper.py:622 ] epoch=0252 train_loss=1.892870e-02 train_mse=3.963503e-03 train_cos=0.996835 train_nmse=-22.093dB train_rec=0.000000e+00 train_recT=9.738031e-07 train_fc=2.050474e-03 train_decoder_tail=0.000000e+00
I 07.01/19:48:56 train_mapper.py:622 ] epoch=0253 train_loss=1.895176e-02 train_mse=3.968605e-03 train_cos=0.996831 train_nmse=-22.087dB train_rec=0.000000e+00 train_recT=9.781558e-07 train_fc=2.057494e-03 train_decoder_tail=0.000000e+00
I 07.01/19:49:57 train_mapper.py:622 ] epoch=0254 train_loss=1.883771e-02 train_mse=3.941790e-03 train_cos=0.996855 train_nmse=-22.117dB train_rec=0.000000e+00 train_recT=9.688591e-07 train_fc=2.041652e-03 train_decoder_tail=0.000000e+00
I 07.01/19:51:01 train_mapper.py:622 ] epoch=0255 train_loss=1.884645e-02 train_mse=3.943306e-03 train_cos=0.996853 train_nmse=-22.115dB train_rec=0.000000e+00 train_recT=9.712421e-07 train_fc=2.040978e-03 train_decoder_tail=0.000000e+00
I 07.01/19:52:04 train_mapper.py:622 ] epoch=0256 train_loss=1.887618e-02 train_mse=3.949283e-03 train_cos=0.996848 train_nmse=-22.108dB train_rec=0.000000e+00 train_recT=9.707891e-07 train_fc=2.043388e-03 train_decoder_tail=0.000000e+00
I 07.01/19:53:06 train_mapper.py:622 ] epoch=0257 train_loss=1.874285e-02 train_mse=3.917738e-03 train_cos=0.996873 train_nmse=-22.143dB train_rec=0.000000e+00 train_recT=9.640169e-07 train_fc=2.027801e-03 train_decoder_tail=0.000000e+00
I 07.01/19:54:07 train_mapper.py:622 ] epoch=0258 train_loss=1.877163e-02 train_mse=3.924036e-03 train_cos=0.996868 train_nmse=-22.136dB train_rec=0.000000e+00 train_recT=9.651487e-07 train_fc=2.029888e-03 train_decoder_tail=0.000000e+00
I 07.01/19:55:07 train_mapper.py:622 ] epoch=0259 train_loss=1.865657e-02 train_mse=3.896678e-03 train_cos=0.996890 train_nmse=-22.167dB train_rec=0.000000e+00 train_recT=9.578139e-07 train_fc=2.014630e-03 train_decoder_tail=0.000000e+00
I 07.01/19:56:10 train_mapper.py:622 ] epoch=0260 train_loss=1.864033e-02 train_mse=3.892369e-03 train_cos=0.996894 train_nmse=-22.171dB train_rec=0.000000e+00 train_recT=9.565961e-07 train_fc=2.015143e-03 train_decoder_tail=0.000000e+00
I 07.01/19:57:15 train_mapper.py:622 ] epoch=0261 train_loss=1.870199e-02 train_mse=3.905465e-03 train_cos=0.996880 train_nmse=-22.157dB train_rec=0.000000e+00 train_recT=9.580974e-07 train_fc=2.020257e-03 train_decoder_tail=0.000000e+00
I 07.01/19:58:17 train_mapper.py:622 ] epoch=0262 train_loss=1.864664e-02 train_mse=3.892280e-03 train_cos=0.996892 train_nmse=-22.172dB train_rec=0.000000e+00 train_recT=9.553665e-07 train_fc=2.013665e-03 train_decoder_tail=0.000000e+00
I 07.01/19:59:20 train_mapper.py:622 ] epoch=0263 train_loss=1.858207e-02 train_mse=3.877416e-03 train_cos=0.996906 train_nmse=-22.188dB train_rec=0.000000e+00 train_recT=9.510132e-07 train_fc=2.006187e-03 train_decoder_tail=0.000000e+00
I 07.01/20:00:23 train_mapper.py:622 ] epoch=0264 train_loss=1.853719e-02 train_mse=3.866170e-03 train_cos=0.996913 train_nmse=-22.201dB train_rec=0.000000e+00 train_recT=9.485898e-07 train_fc=1.999701e-03 train_decoder_tail=0.000000e+00
I 07.01/20:01:26 train_mapper.py:622 ] epoch=0265 train_loss=1.850853e-02 train_mse=3.859577e-03 train_cos=0.996920 train_nmse=-22.208dB train_rec=0.000000e+00 train_recT=9.466687e-07 train_fc=1.996939e-03 train_decoder_tail=0.000000e+00
I 07.01/20:02:31 train_mapper.py:622 ] epoch=0266 train_loss=1.853412e-02 train_mse=3.864560e-03 train_cos=0.996914 train_nmse=-22.203dB train_rec=0.000000e+00 train_recT=9.482947e-07 train_fc=2.000228e-03 train_decoder_tail=0.000000e+00
I 07.01/20:03:32 train_mapper.py:622 ] epoch=0267 train_loss=1.854320e-02 train_mse=3.866256e-03 train_cos=0.996913 train_nmse=-22.201dB train_rec=0.000000e+00 train_recT=9.496763e-07 train_fc=1.999923e-03 train_decoder_tail=0.000000e+00
I 07.01/20:04:34 train_mapper.py:622 ] epoch=0268 train_loss=1.848253e-02 train_mse=3.851203e-03 train_cos=0.996925 train_nmse=-22.218dB train_rec=0.000000e+00 train_recT=9.460081e-07 train_fc=1.992569e-03 train_decoder_tail=0.000000e+00
I 07.01/20:05:34 train_mapper.py:622 ] epoch=0269 train_loss=1.839476e-02 train_mse=3.830439e-03 train_cos=0.996942 train_nmse=-22.241dB train_rec=0.000000e+00 train_recT=9.407883e-07 train_fc=1.980713e-03 train_decoder_tail=0.000000e+00
I 07.01/20:06:37 train_mapper.py:622 ] epoch=0270 train_loss=1.840786e-02 train_mse=3.832754e-03 train_cos=0.996939 train_nmse=-22.239dB train_rec=0.000000e+00 train_recT=9.401918e-07 train_fc=1.980532e-03 train_decoder_tail=0.000000e+00
I 07.01/20:07:39 train_mapper.py:622 ] epoch=0271 train_loss=1.835273e-02 train_mse=3.819872e-03 train_cos=0.996951 train_nmse=-22.253dB train_rec=0.000000e+00 train_recT=9.390272e-07 train_fc=1.974359e-03 train_decoder_tail=0.000000e+00
I 07.01/20:08:42 train_mapper.py:622 ] epoch=0272 train_loss=1.827439e-02 train_mse=3.801384e-03 train_cos=0.996965 train_nmse=-22.274dB train_rec=0.000000e+00 train_recT=9.293401e-07 train_fc=1.963723e-03 train_decoder_tail=0.000000e+00
I 07.01/20:09:46 train_mapper.py:622 ] epoch=0273 train_loss=1.831507e-02 train_mse=3.809552e-03 train_cos=0.996956 train_nmse=-22.265dB train_rec=0.000000e+00 train_recT=9.315056e-07 train_fc=1.970273e-03 train_decoder_tail=0.000000e+00
I 07.01/20:10:46 train_mapper.py:622 ] epoch=0274 train_loss=1.823659e-02 train_mse=3.791893e-03 train_cos=0.996972 train_nmse=-22.285dB train_rec=0.000000e+00 train_recT=9.279896e-07 train_fc=1.960204e-03 train_decoder_tail=0.000000e+00
I 07.01/20:11:49 train_mapper.py:622 ] epoch=0275 train_loss=1.829077e-02 train_mse=3.803680e-03 train_cos=0.996961 train_nmse=-22.272dB train_rec=0.000000e+00 train_recT=9.321208e-07 train_fc=1.966308e-03 train_decoder_tail=0.000000e+00
I 07.01/20:12:50 train_mapper.py:622 ] epoch=0276 train_loss=1.822481e-02 train_mse=3.788197e-03 train_cos=0.996977 train_nmse=-22.289dB train_rec=0.000000e+00 train_recT=9.306621e-07 train_fc=1.960116e-03 train_decoder_tail=0.000000e+00
I 07.01/20:13:53 train_mapper.py:622 ] epoch=0277 train_loss=1.818906e-02 train_mse=3.779523e-03 train_cos=0.996982 train_nmse=-22.299dB train_rec=0.000000e+00 train_recT=9.244723e-07 train_fc=1.956823e-03 train_decoder_tail=0.000000e+00
I 07.01/20:14:54 train_mapper.py:622 ] epoch=0278 train_loss=1.814185e-02 train_mse=3.768086e-03 train_cos=0.996991 train_nmse=-22.313dB train_rec=0.000000e+00 train_recT=9.219305e-07 train_fc=1.948630e-03 train_decoder_tail=0.000000e+00
I 07.01/20:15:57 train_mapper.py:622 ] epoch=0279 train_loss=1.812826e-02 train_mse=3.764150e-03 train_cos=0.996993 train_nmse=-22.317dB train_rec=0.000000e+00 train_recT=9.215710e-07 train_fc=1.944183e-03 train_decoder_tail=0.000000e+00
I 07.01/20:17:02 train_mapper.py:622 ] epoch=0280 train_loss=1.809803e-02 train_mse=3.756893e-03 train_cos=0.996999 train_nmse=-22.325dB train_rec=0.000000e+00 train_recT=9.172701e-07 train_fc=1.941205e-03 train_decoder_tail=0.000000e+00
I 07.01/20:18:07 train_mapper.py:622 ] epoch=0281 train_loss=1.806042e-02 train_mse=3.748169e-03 train_cos=0.997007 train_nmse=-22.336dB train_rec=0.000000e+00 train_recT=9.163540e-07 train_fc=1.938580e-03 train_decoder_tail=0.000000e+00
I 07.01/20:19:08 train_mapper.py:622 ] epoch=0282 train_loss=1.802617e-02 train_mse=3.739243e-03 train_cos=0.997013 train_nmse=-22.346dB train_rec=0.000000e+00 train_recT=9.148358e-07 train_fc=1.932303e-03 train_decoder_tail=0.000000e+00
I 07.01/20:20:10 train_mapper.py:622 ] epoch=0283 train_loss=1.793010e-02 train_mse=3.717167e-03 train_cos=0.997032 train_nmse=-22.372dB train_rec=0.000000e+00 train_recT=9.062948e-07 train_fc=1.920438e-03 train_decoder_tail=0.000000e+00
I 07.01/20:21:13 train_mapper.py:622 ] epoch=0284 train_loss=1.796609e-02 train_mse=3.724702e-03 train_cos=0.997024 train_nmse=-22.363dB train_rec=0.000000e+00 train_recT=9.114356e-07 train_fc=1.924643e-03 train_decoder_tail=0.000000e+00
I 07.01/20:22:14 train_mapper.py:622 ] epoch=0285 train_loss=1.791288e-02 train_mse=3.712144e-03 train_cos=0.997035 train_nmse=-22.377dB train_rec=0.000000e+00 train_recT=9.087873e-07 train_fc=1.917506e-03 train_decoder_tail=0.000000e+00
I 07.01/20:23:19 train_mapper.py:622 ] epoch=0286 train_loss=1.793605e-02 train_mse=3.717109e-03 train_cos=0.997031 train_nmse=-22.372dB train_rec=0.000000e+00 train_recT=9.110476e-07 train_fc=1.921206e-03 train_decoder_tail=0.000000e+00
I 07.01/20:24:21 train_mapper.py:622 ] epoch=0287 train_loss=1.794734e-02 train_mse=3.719049e-03 train_cos=0.997030 train_nmse=-22.369dB train_rec=0.000000e+00 train_recT=9.102533e-07 train_fc=1.925452e-03 train_decoder_tail=0.000000e+00
I 07.01/20:25:24 train_mapper.py:622 ] epoch=0288 train_loss=1.791363e-02 train_mse=3.711044e-03 train_cos=0.997036 train_nmse=-22.379dB train_rec=0.000000e+00 train_recT=9.086357e-07 train_fc=1.918959e-03 train_decoder_tail=0.000000e+00
I 07.01/20:26:28 train_mapper.py:622 ] epoch=0289 train_loss=1.785290e-02 train_mse=3.696658e-03 train_cos=0.997047 train_nmse=-22.396dB train_rec=0.000000e+00 train_recT=9.044636e-07 train_fc=1.909935e-03 train_decoder_tail=0.000000e+00
I 07.01/20:27:34 train_mapper.py:622 ] epoch=0290 train_loss=1.780835e-02 train_mse=3.685837e-03 train_cos=0.997054 train_nmse=-22.408dB train_rec=0.000000e+00 train_recT=9.011624e-07 train_fc=1.903907e-03 train_decoder_tail=0.000000e+00
I 07.01/20:28:37 train_mapper.py:622 ] epoch=0291 train_loss=1.770969e-02 train_mse=3.662817e-03 train_cos=0.997073 train_nmse=-22.435dB train_rec=0.000000e+00 train_recT=8.941637e-07 train_fc=1.889768e-03 train_decoder_tail=0.000000e+00
I 07.01/20:29:42 train_mapper.py:622 ] epoch=0292 train_loss=1.775742e-02 train_mse=3.673253e-03 train_cos=0.997064 train_nmse=-22.423dB train_rec=0.000000e+00 train_recT=8.957407e-07 train_fc=1.898753e-03 train_decoder_tail=0.000000e+00
I 07.01/20:30:43 train_mapper.py:622 ] epoch=0293 train_loss=1.776864e-02 train_mse=3.675677e-03 train_cos=0.997063 train_nmse=-22.421dB train_rec=0.000000e+00 train_recT=8.971883e-07 train_fc=1.899744e-03 train_decoder_tail=0.000000e+00
I 07.01/20:31:45 train_mapper.py:622 ] epoch=0294 train_loss=1.774028e-02 train_mse=3.669100e-03 train_cos=0.997071 train_nmse=-22.428dB train_rec=0.000000e+00 train_recT=8.987519e-07 train_fc=1.895876e-03 train_decoder_tail=0.000000e+00
I 07.01/20:32:43 train_mapper.py:622 ] epoch=0295 train_loss=1.769078e-02 train_mse=3.657116e-03 train_cos=0.997079 train_nmse=-22.442dB train_rec=0.000000e+00 train_recT=8.927253e-07 train_fc=1.889546e-03 train_decoder_tail=0.000000e+00
I 07.01/20:33:46 train_mapper.py:622 ] epoch=0296 train_loss=1.766737e-02 train_mse=3.651312e-03 train_cos=0.997083 train_nmse=-22.449dB train_rec=0.000000e+00 train_recT=8.900445e-07 train_fc=1.887141e-03 train_decoder_tail=0.000000e+00
I 07.01/20:34:49 train_mapper.py:622 ] epoch=0297 train_loss=1.762921e-02 train_mse=3.641722e-03 train_cos=0.997088 train_nmse=-22.461dB train_rec=0.000000e+00 train_recT=8.860825e-07 train_fc=1.879980e-03 train_decoder_tail=0.000000e+00
I 07.01/20:35:52 train_mapper.py:622 ] epoch=0298 train_loss=1.753917e-02 train_mse=3.621096e-03 train_cos=0.997106 train_nmse=-22.486dB train_rec=0.000000e+00 train_recT=8.812985e-07 train_fc=1.869982e-03 train_decoder_tail=0.000000e+00
I 07.01/20:36:57 train_mapper.py:622 ] epoch=0299 train_loss=1.755924e-02 train_mse=3.625472e-03 train_cos=0.997103 train_nmse=-22.480dB train_rec=0.000000e+00 train_recT=8.833894e-07 train_fc=1.872422e-03 train_decoder_tail=0.000000e+00
I 07.01/20:38:00 train_mapper.py:622 ] epoch=0300 train_loss=1.750370e-02 train_mse=3.612592e-03 train_cos=0.997113 train_nmse=-22.496dB train_rec=0.000000e+00 train_recT=8.796117e-07 train_fc=1.862074e-03 train_decoder_tail=0.000000e+00
I 07.01/20:39:05 train_mapper.py:622 ] epoch=0301 train_loss=1.758133e-02 train_mse=3.629391e-03 train_cos=0.997097 train_nmse=-22.475dB train_rec=0.000000e+00 train_recT=8.834778e-07 train_fc=1.874444e-03 train_decoder_tail=0.000000e+00
I 07.01/20:40:07 train_mapper.py:622 ] epoch=0302 train_loss=1.746813e-02 train_mse=3.603493e-03 train_cos=0.997120 train_nmse=-22.506dB train_rec=0.000000e+00 train_recT=8.786387e-07 train_fc=1.860887e-03 train_decoder_tail=0.000000e+00
I 07.01/20:41:12 train_mapper.py:622 ] epoch=0303 train_loss=1.745354e-02 train_mse=3.599597e-03 train_cos=0.997123 train_nmse=-22.511dB train_rec=0.000000e+00 train_recT=8.756827e-07 train_fc=1.856901e-03 train_decoder_tail=0.000000e+00
I 07.01/20:42:14 train_mapper.py:622 ] epoch=0304 train_loss=1.742081e-02 train_mse=3.591695e-03 train_cos=0.997129 train_nmse=-22.521dB train_rec=0.000000e+00 train_recT=8.735375e-07 train_fc=1.852908e-03 train_decoder_tail=0.000000e+00
I 07.01/20:43:18 train_mapper.py:622 ] epoch=0305 train_loss=1.743985e-02 train_mse=3.595883e-03 train_cos=0.997127 train_nmse=-22.516dB train_rec=0.000000e+00 train_recT=8.761730e-07 train_fc=1.857440e-03 train_decoder_tail=0.000000e+00
I 07.01/20:44:20 train_mapper.py:622 ] epoch=0306 train_loss=1.741696e-02 train_mse=3.590202e-03 train_cos=0.997131 train_nmse=-22.523dB train_rec=0.000000e+00 train_recT=8.748320e-07 train_fc=1.854811e-03 train_decoder_tail=0.000000e+00
I 07.01/20:45:25 train_mapper.py:622 ] epoch=0307 train_loss=1.745829e-02 train_mse=3.599450e-03 train_cos=0.997124 train_nmse=-22.511dB train_rec=0.000000e+00 train_recT=8.783561e-07 train_fc=1.859461e-03 train_decoder_tail=0.000000e+00
I 07.01/20:46:26 train_mapper.py:622 ] epoch=0308 train_loss=1.736014e-02 train_mse=3.576335e-03 train_cos=0.997142 train_nmse=-22.539dB train_rec=0.000000e+00 train_recT=8.701986e-07 train_fc=1.846904e-03 train_decoder_tail=0.000000e+00
I 07.01/20:47:31 train_mapper.py:622 ] epoch=0309 train_loss=1.734772e-02 train_mse=3.573319e-03 train_cos=0.997144 train_nmse=-22.543dB train_rec=0.000000e+00 train_recT=8.712327e-07 train_fc=1.843277e-03 train_decoder_tail=0.000000e+00
I 07.01/20:48:34 train_mapper.py:622 ] epoch=0310 train_loss=1.727962e-02 train_mse=3.557431e-03 train_cos=0.997157 train_nmse=-22.563dB train_rec=0.000000e+00 train_recT=8.672175e-07 train_fc=1.834594e-03 train_decoder_tail=0.000000e+00
I 07.01/20:49:38 train_mapper.py:622 ] epoch=0311 train_loss=1.722417e-02 train_mse=3.544651e-03 train_cos=0.997168 train_nmse=-22.578dB train_rec=0.000000e+00 train_recT=8.636283e-07 train_fc=1.829582e-03 train_decoder_tail=0.000000e+00
I 07.01/20:50:36 train_mapper.py:622 ] epoch=0312 train_loss=1.725996e-02 train_mse=3.552112e-03 train_cos=0.997161 train_nmse=-22.569dB train_rec=0.000000e+00 train_recT=8.648014e-07 train_fc=1.831230e-03 train_decoder_tail=0.000000e+00
I 07.01/20:51:38 train_mapper.py:622 ] epoch=0313 train_loss=1.725567e-02 train_mse=3.550866e-03 train_cos=0.997163 train_nmse=-22.570dB train_rec=0.000000e+00 train_recT=8.657444e-07 train_fc=1.832799e-03 train_decoder_tail=0.000000e+00
I 07.01/20:52:40 train_mapper.py:622 ] epoch=0314 train_loss=1.724193e-02 train_mse=3.547918e-03 train_cos=0.997164 train_nmse=-22.574dB train_rec=0.000000e+00 train_recT=8.654515e-07 train_fc=1.831031e-03 train_decoder_tail=0.000000e+00
I 07.01/20:53:40 train_mapper.py:622 ] epoch=0315 train_loss=1.716811e-02 train_mse=3.530631e-03 train_cos=0.997178 train_nmse=-22.595dB train_rec=0.000000e+00 train_recT=8.577611e-07 train_fc=1.821486e-03 train_decoder_tail=0.000000e+00
I 07.01/20:54:45 train_mapper.py:622 ] epoch=0316 train_loss=1.721274e-02 train_mse=3.540086e-03 train_cos=0.997171 train_nmse=-22.584dB train_rec=0.000000e+00 train_recT=8.647158e-07 train_fc=1.829322e-03 train_decoder_tail=0.000000e+00
I 07.01/20:55:48 train_mapper.py:622 ] epoch=0317 train_loss=1.717860e-02 train_mse=3.531665e-03 train_cos=0.997177 train_nmse=-22.594dB train_rec=0.000000e+00 train_recT=8.603882e-07 train_fc=1.823113e-03 train_decoder_tail=0.000000e+00
I 07.01/20:56:51 train_mapper.py:622 ] epoch=0318 train_loss=1.709117e-02 train_mse=3.511648e-03 train_cos=0.997192 train_nmse=-22.619dB train_rec=0.000000e+00 train_recT=8.537563e-07 train_fc=1.812751e-03 train_decoder_tail=0.000000e+00
I 07.01/20:57:55 train_mapper.py:622 ] epoch=0319 train_loss=1.708841e-02 train_mse=3.510788e-03 train_cos=0.997193 train_nmse=-22.620dB train_rec=0.000000e+00 train_recT=8.535097e-07 train_fc=1.812645e-03 train_decoder_tail=0.000000e+00
I 07.01/20:58:56 train_mapper.py:622 ] epoch=0320 train_loss=1.709929e-02 train_mse=3.513307e-03 train_cos=0.997192 train_nmse=-22.617dB train_rec=0.000000e+00 train_recT=8.556702e-07 train_fc=1.813908e-03 train_decoder_tail=0.000000e+00
I 07.01/20:59:56 train_mapper.py:622 ] epoch=0321 train_loss=1.703189e-02 train_mse=3.497430e-03 train_cos=0.997205 train_nmse=-22.636dB train_rec=0.000000e+00 train_recT=8.514927e-07 train_fc=1.803982e-03 train_decoder_tail=0.000000e+00
I 07.01/21:01:00 train_mapper.py:622 ] epoch=0322 train_loss=1.698302e-02 train_mse=3.485929e-03 train_cos=0.997212 train_nmse=-22.650dB train_rec=0.000000e+00 train_recT=8.444580e-07 train_fc=1.797871e-03 train_decoder_tail=0.000000e+00
I 07.01/21:02:05 train_mapper.py:622 ] epoch=0323 train_loss=1.691863e-02 train_mse=3.471438e-03 train_cos=0.997225 train_nmse=-22.669dB train_rec=0.000000e+00 train_recT=8.417895e-07 train_fc=1.789471e-03 train_decoder_tail=0.000000e+00
I 07.01/21:03:07 train_mapper.py:622 ] epoch=0324 train_loss=1.691148e-02 train_mse=3.469185e-03 train_cos=0.997226 train_nmse=-22.671dB train_rec=0.000000e+00 train_recT=8.433479e-07 train_fc=1.789803e-03 train_decoder_tail=0.000000e+00
I 07.01/21:04:11 train_mapper.py:622 ] epoch=0325 train_loss=1.700330e-02 train_mse=3.489634e-03 train_cos=0.997210 train_nmse=-22.646dB train_rec=0.000000e+00 train_recT=8.502528e-07 train_fc=1.800380e-03 train_decoder_tail=0.000000e+00
I 07.01/21:05:13 train_mapper.py:622 ] epoch=0326 train_loss=1.697392e-02 train_mse=3.482809e-03 train_cos=0.997215 train_nmse=-22.654dB train_rec=0.000000e+00 train_recT=8.508474e-07 train_fc=1.798729e-03 train_decoder_tail=0.000000e+00
I 07.01/21:06:14 train_mapper.py:622 ] epoch=0327 train_loss=1.688801e-02 train_mse=3.463179e-03 train_cos=0.997233 train_nmse=-22.679dB train_rec=0.000000e+00 train_recT=8.432788e-07 train_fc=1.785153e-03 train_decoder_tail=0.000000e+00
I 07.01/21:07:16 train_mapper.py:622 ] epoch=0328 train_loss=1.681997e-02 train_mse=3.447791e-03 train_cos=0.997245 train_nmse=-22.698dB train_rec=0.000000e+00 train_recT=8.399194e-07 train_fc=1.777483e-03 train_decoder_tail=0.000000e+00
I 07.01/21:08:22 train_mapper.py:622 ] epoch=0329 train_loss=1.686506e-02 train_mse=3.457022e-03 train_cos=0.997235 train_nmse=-22.687dB train_rec=0.000000e+00 train_recT=8.390771e-07 train_fc=1.781608e-03 train_decoder_tail=0.000000e+00
I 07.01/21:09:24 train_mapper.py:622 ] epoch=0330 train_loss=1.684703e-02 train_mse=3.452614e-03 train_cos=0.997238 train_nmse=-22.692dB train_rec=0.000000e+00 train_recT=8.373394e-07 train_fc=1.781592e-03 train_decoder_tail=0.000000e+00
I 07.01/21:10:28 train_mapper.py:622 ] epoch=0331 train_loss=1.676388e-02 train_mse=3.433523e-03 train_cos=0.997254 train_nmse=-22.716dB train_rec=0.000000e+00 train_recT=8.315910e-07 train_fc=1.771632e-03 train_decoder_tail=0.000000e+00
I 07.01/21:11:32 train_mapper.py:622 ] epoch=0332 train_loss=1.677216e-02 train_mse=3.435408e-03 train_cos=0.997253 train_nmse=-22.714dB train_rec=0.000000e+00 train_recT=8.332749e-07 train_fc=1.772199e-03 train_decoder_tail=0.000000e+00
I 07.01/21:12:34 train_mapper.py:622 ] epoch=0333 train_loss=1.678494e-02 train_mse=3.437214e-03 train_cos=0.997252 train_nmse=-22.712dB train_rec=0.000000e+00 train_recT=8.350624e-07 train_fc=1.774838e-03 train_decoder_tail=0.000000e+00
I 07.01/21:13:35 train_mapper.py:622 ] epoch=0334 train_loss=1.675316e-02 train_mse=3.430775e-03 train_cos=0.997257 train_nmse=-22.720dB train_rec=0.000000e+00 train_recT=8.327251e-07 train_fc=1.769993e-03 train_decoder_tail=0.000000e+00
I 07.01/21:14:42 train_mapper.py:622 ] epoch=0335 train_loss=1.674775e-02 train_mse=3.428528e-03 train_cos=0.997257 train_nmse=-22.723dB train_rec=0.000000e+00 train_recT=8.311756e-07 train_fc=1.767009e-03 train_decoder_tail=0.000000e+00
I 07.01/21:15:51 train_mapper.py:622 ] epoch=0336 train_loss=1.673967e-02 train_mse=3.426547e-03 train_cos=0.997259 train_nmse=-22.726dB train_rec=0.000000e+00 train_recT=8.301513e-07 train_fc=1.766454e-03 train_decoder_tail=0.000000e+00
I 07.01/21:16:58 train_mapper.py:622 ] epoch=0337 train_loss=1.666649e-02 train_mse=3.409830e-03 train_cos=0.997273 train_nmse=-22.746dB train_rec=0.000000e+00 train_recT=8.278736e-07 train_fc=1.758682e-03 train_decoder_tail=0.000000e+00
I 07.01/21:18:03 train_mapper.py:622 ] epoch=0338 train_loss=1.664981e-02 train_mse=3.405872e-03 train_cos=0.997277 train_nmse=-22.751dB train_rec=0.000000e+00 train_recT=8.255518e-07 train_fc=1.755467e-03 train_decoder_tail=0.000000e+00
I 07.01/21:19:07 train_mapper.py:622 ] epoch=0339 train_loss=1.661780e-02 train_mse=3.398257e-03 train_cos=0.997283 train_nmse=-22.761dB train_rec=0.000000e+00 train_recT=8.248785e-07 train_fc=1.751730e-03 train_decoder_tail=0.000000e+00
I 07.01/21:20:15 train_mapper.py:622 ] epoch=0340 train_loss=1.664616e-02 train_mse=3.404248e-03 train_cos=0.997277 train_nmse=-22.753dB train_rec=0.000000e+00 train_recT=8.256164e-07 train_fc=1.753131e-03 train_decoder_tail=0.000000e+00
I 07.01/21:21:18 train_mapper.py:622 ] epoch=0341 train_loss=1.654536e-02 train_mse=3.381170e-03 train_cos=0.997296 train_nmse=-22.783dB train_rec=0.000000e+00 train_recT=8.191069e-07 train_fc=1.742585e-03 train_decoder_tail=0.000000e+00
I 07.01/21:22:21 train_mapper.py:622 ] epoch=0342 train_loss=1.658171e-02 train_mse=3.388963e-03 train_cos=0.997288 train_nmse=-22.773dB train_rec=0.000000e+00 train_recT=8.168134e-07 train_fc=1.746744e-03 train_decoder_tail=0.000000e+00
I 07.01/21:23:20 train_mapper.py:622 ] epoch=0343 train_loss=1.651689e-02 train_mse=3.374312e-03 train_cos=0.997301 train_nmse=-22.792dB train_rec=0.000000e+00 train_recT=8.149566e-07 train_fc=1.741944e-03 train_decoder_tail=0.000000e+00
I 07.01/21:24:23 train_mapper.py:622 ] epoch=0344 train_loss=1.660498e-02 train_mse=3.393448e-03 train_cos=0.997285 train_nmse=-22.767dB train_rec=0.000000e+00 train_recT=8.224855e-07 train_fc=1.750740e-03 train_decoder_tail=0.000000e+00
I 07.01/21:25:27 train_mapper.py:622 ] epoch=0345 train_loss=1.646045e-02 train_mse=3.361315e-03 train_cos=0.997313 train_nmse=-22.809dB train_rec=0.000000e+00 train_recT=8.148392e-07 train_fc=1.732796e-03 train_decoder_tail=0.000000e+00
I 07.01/21:26:34 train_mapper.py:622 ] epoch=0346 train_loss=1.649271e-02 train_mse=3.367976e-03 train_cos=0.997305 train_nmse=-22.800dB train_rec=0.000000e+00 train_recT=8.179234e-07 train_fc=1.737589e-03 train_decoder_tail=0.000000e+00
I 07.01/21:27:40 train_mapper.py:622 ] epoch=0347 train_loss=1.648281e-02 train_mse=3.365322e-03 train_cos=0.997308 train_nmse=-22.803dB train_rec=0.000000e+00 train_recT=8.148439e-07 train_fc=1.733345e-03 train_decoder_tail=0.000000e+00
I 07.01/21:28:42 train_mapper.py:622 ] epoch=0348 train_loss=1.639415e-02 train_mse=3.345405e-03 train_cos=0.997323 train_nmse=-22.829dB train_rec=0.000000e+00 train_recT=8.083116e-07 train_fc=1.722885e-03 train_decoder_tail=0.000000e+00
I 07.01/21:29:44 train_mapper.py:622 ] epoch=0349 train_loss=1.642205e-02 train_mse=3.351256e-03 train_cos=0.997319 train_nmse=-22.822dB train_rec=0.000000e+00 train_recT=8.098966e-07 train_fc=1.729207e-03 train_decoder_tail=0.000000e+00
I 07.01/21:30:47 train_mapper.py:622 ] epoch=0350 train_loss=1.647157e-02 train_mse=3.361844e-03 train_cos=0.997311 train_nmse=-22.808dB train_rec=0.000000e+00 train_recT=8.159349e-07 train_fc=1.734290e-03 train_decoder_tail=0.000000e+00
I 07.01/21:31:49 train_mapper.py:622 ] epoch=0351 train_loss=1.636519e-02 train_mse=3.338358e-03 train_cos=0.997331 train_nmse=-22.838dB train_rec=0.000000e+00 train_recT=8.086150e-07 train_fc=1.719495e-03 train_decoder_tail=0.000000e+00
I 07.01/21:32:53 train_mapper.py:622 ] epoch=0352 train_loss=1.638490e-02 train_mse=3.342173e-03 train_cos=0.997326 train_nmse=-22.833dB train_rec=0.000000e+00 train_recT=8.094762e-07 train_fc=1.722423e-03 train_decoder_tail=0.000000e+00
I 07.01/21:33:56 train_mapper.py:622 ] epoch=0353 train_loss=1.638679e-02 train_mse=3.341641e-03 train_cos=0.997327 train_nmse=-22.834dB train_rec=0.000000e+00 train_recT=8.105562e-07 train_fc=1.722574e-03 train_decoder_tail=0.000000e+00
I 07.01/21:34:58 train_mapper.py:622 ] epoch=0354 train_loss=1.632755e-02 train_mse=3.328819e-03 train_cos=0.997337 train_nmse=-22.851dB train_rec=0.000000e+00 train_recT=8.049050e-07 train_fc=1.716269e-03 train_decoder_tail=0.000000e+00
I 07.01/21:36:08 train_mapper.py:622 ] epoch=0355 train_loss=1.634119e-02 train_mse=3.331596e-03 train_cos=0.997336 train_nmse=-22.847dB train_rec=0.000000e+00 train_recT=8.095883e-07 train_fc=1.716321e-03 train_decoder_tail=0.000000e+00
I 07.01/21:37:15 train_mapper.py:622 ] epoch=0356 train_loss=1.626105e-02 train_mse=3.313595e-03 train_cos=0.997349 train_nmse=-22.871dB train_rec=0.000000e+00 train_recT=8.002028e-07 train_fc=1.706655e-03 train_decoder_tail=0.000000e+00
I 07.01/21:38:20 train_mapper.py:622 ] epoch=0357 train_loss=1.631019e-02 train_mse=3.323742e-03 train_cos=0.997340 train_nmse=-22.857dB train_rec=0.000000e+00 train_recT=8.014540e-07 train_fc=1.712664e-03 train_decoder_tail=0.000000e+00
I 07.01/21:39:24 train_mapper.py:622 ] epoch=0358 train_loss=1.626357e-02 train_mse=3.313128e-03 train_cos=0.997348 train_nmse=-22.871dB train_rec=0.000000e+00 train_recT=7.985811e-07 train_fc=1.707296e-03 train_decoder_tail=0.000000e+00
I 07.01/21:40:29 train_mapper.py:622 ] epoch=0359 train_loss=1.612880e-02 train_mse=3.283702e-03 train_cos=0.997375 train_nmse=-22.910dB train_rec=0.000000e+00 train_recT=7.930655e-07 train_fc=1.690917e-03 train_decoder_tail=0.000000e+00
I 07.01/21:41:32 train_mapper.py:622 ] epoch=0360 train_loss=1.626227e-02 train_mse=3.312047e-03 train_cos=0.997349 train_nmse=-22.873dB train_rec=0.000000e+00 train_recT=7.997804e-07 train_fc=1.706011e-03 train_decoder_tail=0.000000e+00
I 07.01/21:42:45 train_mapper.py:622 ] epoch=0361 train_loss=1.618362e-02 train_mse=3.294944e-03 train_cos=0.997365 train_nmse=-22.895dB train_rec=0.000000e+00 train_recT=7.966602e-07 train_fc=1.698416e-03 train_decoder_tail=0.000000e+00
I 07.01/21:44:10 train_mapper.py:622 ] epoch=0362 train_loss=1.614412e-02 train_mse=3.285767e-03 train_cos=0.997371 train_nmse=-22.907dB train_rec=0.000000e+00 train_recT=7.918258e-07 train_fc=1.692262e-03 train_decoder_tail=0.000000e+00
I 07.01/21:45:19 train_mapper.py:622 ] epoch=0363 train_loss=1.616160e-02 train_mse=3.289001e-03 train_cos=0.997367 train_nmse=-22.903dB train_rec=0.000000e+00 train_recT=7.919674e-07 train_fc=1.693038e-03 train_decoder_tail=0.000000e+00
I 07.01/21:46:28 train_mapper.py:622 ] epoch=0364 train_loss=1.606488e-02 train_mse=3.267242e-03 train_cos=0.997386 train_nmse=-22.932dB train_rec=0.000000e+00 train_recT=7.889262e-07 train_fc=1.681437e-03 train_decoder_tail=0.000000e+00
I 07.01/21:47:38 train_mapper.py:622 ] epoch=0365 train_loss=1.609445e-02 train_mse=3.273553e-03 train_cos=0.997380 train_nmse=-22.923dB train_rec=0.000000e+00 train_recT=7.890631e-07 train_fc=1.685465e-03 train_decoder_tail=0.000000e+00
I 07.01/21:48:40 train_mapper.py:622 ] epoch=0366 train_loss=1.609577e-02 train_mse=3.273291e-03 train_cos=0.997378 train_nmse=-22.924dB train_rec=0.000000e+00 train_recT=7.869778e-07 train_fc=1.686306e-03 train_decoder_tail=0.000000e+00
I 07.01/21:49:44 train_mapper.py:622 ] epoch=0367 train_loss=1.605925e-02 train_mse=3.265714e-03 train_cos=0.997388 train_nmse=-22.934dB train_rec=0.000000e+00 train_recT=7.896823e-07 train_fc=1.681717e-03 train_decoder_tail=0.000000e+00
I 07.01/21:50:53 train_mapper.py:622 ] epoch=0368 train_loss=1.610327e-02 train_mse=3.274409e-03 train_cos=0.997378 train_nmse=-22.922dB train_rec=0.000000e+00 train_recT=7.864507e-07 train_fc=1.687098e-03 train_decoder_tail=0.000000e+00
I 07.01/21:52:09 train_mapper.py:622 ] epoch=0369 train_loss=1.600566e-02 train_mse=3.253253e-03 train_cos=0.997397 train_nmse=-22.951dB train_rec=0.000000e+00 train_recT=7.853479e-07 train_fc=1.674813e-03 train_decoder_tail=0.000000e+00
I 07.01/21:53:23 train_mapper.py:622 ] epoch=0370 train_loss=1.602882e-02 train_mse=3.257744e-03 train_cos=0.997393 train_nmse=-22.944dB train_rec=0.000000e+00 train_recT=7.855052e-07 train_fc=1.677457e-03 train_decoder_tail=0.000000e+00
I 07.01/21:54:36 train_mapper.py:622 ] epoch=0371 train_loss=1.596311e-02 train_mse=3.243000e-03 train_cos=0.997406 train_nmse=-22.964dB train_rec=0.000000e+00 train_recT=7.813177e-07 train_fc=1.669938e-03 train_decoder_tail=0.000000e+00
I 07.01/21:56:04 train_mapper.py:622 ] epoch=0372 train_loss=1.597004e-02 train_mse=3.244129e-03 train_cos=0.997403 train_nmse=-22.963dB train_rec=0.000000e+00 train_recT=7.824732e-07 train_fc=1.670627e-03 train_decoder_tail=0.000000e+00
I 07.01/21:57:29 train_mapper.py:622 ] epoch=0373 train_loss=1.597283e-02 train_mse=3.244291e-03 train_cos=0.997404 train_nmse=-22.962dB train_rec=0.000000e+00 train_recT=7.821282e-07 train_fc=1.671081e-03 train_decoder_tail=0.000000e+00
I 07.01/21:58:55 train_mapper.py:622 ] epoch=0374 train_loss=1.599732e-02 train_mse=3.249567e-03 train_cos=0.997399 train_nmse=-22.955dB train_rec=0.000000e+00 train_recT=7.843514e-07 train_fc=1.674050e-03 train_decoder_tail=0.000000e+00
I 07.01/22:00:26 train_mapper.py:622 ] epoch=0375 train_loss=1.595896e-02 train_mse=3.240996e-03 train_cos=0.997407 train_nmse=-22.967dB train_rec=0.000000e+00 train_recT=7.839401e-07 train_fc=1.670797e-03 train_decoder_tail=0.000000e+00
I 07.01/22:01:56 train_mapper.py:622 ] epoch=0376 train_loss=1.587847e-02 train_mse=3.223059e-03 train_cos=0.997422 train_nmse=-22.991dB train_rec=0.000000e+00 train_recT=7.783228e-07 train_fc=1.659698e-03 train_decoder_tail=0.000000e+00
I 07.01/22:03:27 train_mapper.py:622 ] epoch=0377 train_loss=1.587819e-02 train_mse=3.222361e-03 train_cos=0.997421 train_nmse=-22.992dB train_rec=0.000000e+00 train_recT=7.777607e-07 train_fc=1.658678e-03 train_decoder_tail=0.000000e+00
I 07.01/22:04:58 train_mapper.py:622 ] epoch=0378 train_loss=1.589673e-02 train_mse=3.226191e-03 train_cos=0.997419 train_nmse=-22.987dB train_rec=0.000000e+00 train_recT=7.806433e-07 train_fc=1.662064e-03 train_decoder_tail=0.000000e+00
I 07.01/22:06:26 train_mapper.py:622 ] epoch=0379 train_loss=1.591267e-02 train_mse=3.229514e-03 train_cos=0.997415 train_nmse=-22.982dB train_rec=0.000000e+00 train_recT=7.774713e-07 train_fc=1.665121e-03 train_decoder_tail=0.000000e+00
I 07.01/22:07:54 train_mapper.py:622 ] epoch=0380 train_loss=1.589230e-02 train_mse=3.224972e-03 train_cos=0.997418 train_nmse=-22.988dB train_rec=0.000000e+00 train_recT=7.789204e-07 train_fc=1.661810e-03 train_decoder_tail=0.000000e+00
I 07.01/22:09:17 train_mapper.py:622 ] epoch=0381 train_loss=1.579333e-02 train_mse=3.202685e-03 train_cos=0.997437 train_nmse=-23.018dB train_rec=0.000000e+00 train_recT=7.723537e-07 train_fc=1.649322e-03 train_decoder_tail=0.000000e+00
I 07.01/22:10:40 train_mapper.py:622 ] epoch=0382 train_loss=1.576752e-02 train_mse=3.196773e-03 train_cos=0.997442 train_nmse=-23.027dB train_rec=0.000000e+00 train_recT=7.709261e-07 train_fc=1.646518e-03 train_decoder_tail=0.000000e+00
I 07.01/22:12:05 train_mapper.py:622 ] epoch=0383 train_loss=1.581846e-02 train_mse=3.207500e-03 train_cos=0.997431 train_nmse=-23.012dB train_rec=0.000000e+00 train_recT=7.704112e-07 train_fc=1.650398e-03 train_decoder_tail=0.000000e+00
I 07.01/22:13:30 train_mapper.py:622 ] epoch=0384 train_loss=1.573521e-02 train_mse=3.189181e-03 train_cos=0.997449 train_nmse=-23.037dB train_rec=0.000000e+00 train_recT=7.676899e-07 train_fc=1.640445e-03 train_decoder_tail=0.000000e+00
I 07.01/22:14:54 train_mapper.py:622 ] epoch=0385 train_loss=1.574694e-02 train_mse=3.191196e-03 train_cos=0.997446 train_nmse=-23.034dB train_rec=0.000000e+00 train_recT=7.694830e-07 train_fc=1.640823e-03 train_decoder_tail=0.000000e+00
I 07.01/22:16:15 train_mapper.py:622 ] epoch=0386 train_loss=1.570413e-02 train_mse=3.181824e-03 train_cos=0.997453 train_nmse=-23.047dB train_rec=0.000000e+00 train_recT=7.640882e-07 train_fc=1.637004e-03 train_decoder_tail=0.000000e+00
I 07.01/22:17:36 train_mapper.py:622 ] epoch=0387 train_loss=1.569783e-02 train_mse=3.180010e-03 train_cos=0.997455 train_nmse=-23.050dB train_rec=0.000000e+00 train_recT=7.637967e-07 train_fc=1.635972e-03 train_decoder_tail=0.000000e+00
I 07.01/22:18:50 train_mapper.py:622 ] epoch=0388 train_loss=1.571198e-02 train_mse=3.182739e-03 train_cos=0.997451 train_nmse=-23.046dB train_rec=0.000000e+00 train_recT=7.646461e-07 train_fc=1.637641e-03 train_decoder_tail=0.000000e+00
I 07.01/22:20:01 train_mapper.py:622 ] epoch=0389 train_loss=1.572492e-02 train_mse=3.185314e-03 train_cos=0.997450 train_nmse=-23.042dB train_rec=0.000000e+00 train_recT=7.676796e-07 train_fc=1.640357e-03 train_decoder_tail=0.000000e+00
I 07.01/22:21:14 train_mapper.py:622 ] epoch=0390 train_loss=1.567583e-02 train_mse=3.174662e-03 train_cos=0.997459 train_nmse=-23.057dB train_rec=0.000000e+00 train_recT=7.647253e-07 train_fc=1.634710e-03 train_decoder_tail=0.000000e+00
I 07.01/22:22:25 train_mapper.py:622 ] epoch=0391 train_loss=1.566487e-02 train_mse=3.171825e-03 train_cos=0.997461 train_nmse=-23.061dB train_rec=0.000000e+00 train_recT=7.614299e-07 train_fc=1.633319e-03 train_decoder_tail=0.000000e+00
I 07.01/22:23:37 train_mapper.py:622 ] epoch=0392 train_loss=1.561295e-02 train_mse=3.160197e-03 train_cos=0.997471 train_nmse=-23.077dB train_rec=0.000000e+00 train_recT=7.606884e-07 train_fc=1.627366e-03 train_decoder_tail=0.000000e+00
I 07.01/22:24:47 train_mapper.py:622 ] epoch=0393 train_loss=1.565827e-02 train_mse=3.169571e-03 train_cos=0.997462 train_nmse=-23.064dB train_rec=0.000000e+00 train_recT=7.620315e-07 train_fc=1.631408e-03 train_decoder_tail=0.000000e+00
I 07.01/22:25:55 train_mapper.py:622 ] epoch=0394 train_loss=1.559526e-02 train_mse=3.155806e-03 train_cos=0.997475 train_nmse=-23.082dB train_rec=0.000000e+00 train_recT=7.598675e-07 train_fc=1.624013e-03 train_decoder_tail=0.000000e+00
I 07.01/22:27:01 train_mapper.py:622 ] epoch=0395 train_loss=1.551222e-02 train_mse=3.137405e-03 train_cos=0.997489 train_nmse=-23.108dB train_rec=0.000000e+00 train_recT=7.549369e-07 train_fc=1.613445e-03 train_decoder_tail=0.000000e+00
I 07.01/22:28:15 train_mapper.py:622 ] epoch=0396 train_loss=1.555391e-02 train_mse=3.145972e-03 train_cos=0.997481 train_nmse=-23.096dB train_rec=0.000000e+00 train_recT=7.572056e-07 train_fc=1.617442e-03 train_decoder_tail=0.000000e+00
I 07.01/22:29:19 train_mapper.py:622 ] epoch=0397 train_loss=1.552285e-02 train_mse=3.139204e-03 train_cos=0.997487 train_nmse=-23.106dB train_rec=0.000000e+00 train_recT=7.550583e-07 train_fc=1.614575e-03 train_decoder_tail=0.000000e+00
I 07.01/22:30:25 train_mapper.py:622 ] epoch=0398 train_loss=1.554773e-02 train_mse=3.144276e-03 train_cos=0.997482 train_nmse=-23.099dB train_rec=0.000000e+00 train_recT=7.540503e-07 train_fc=1.618121e-03 train_decoder_tail=0.000000e+00
I 07.01/22:31:43 train_mapper.py:622 ] epoch=0399 train_loss=1.554693e-02 train_mse=3.143470e-03 train_cos=0.997482 train_nmse=-23.099dB train_rec=0.000000e+00 train_recT=7.552918e-07 train_fc=1.617980e-03 train_decoder_tail=0.000000e+00
I 07.01/22:32:54 train_mapper.py:622 ] epoch=0400 train_loss=1.546236e-02 train_mse=3.125485e-03 train_cos=0.997499 train_nmse=-23.125dB train_rec=0.000000e+00 train_recT=7.532798e-07 train_fc=1.608904e-03 train_decoder_tail=0.000000e+00
I 07.01/22:37:53 train_mapper.py:738 ] best_loss_epoch=400 best_loss_selection=train_loss best_loss_metric=1.546236e-02 best_loss_mse=3.125485e-03 best_loss_loss=1.546236e-02
I 07.01/22:37:53 train_mapper.py:743 ] best_mse_epoch=400 best_mse_selection=train_mse best_mse_metric=3.125485e-03 best_mse_mse=3.125485e-03 best_mse_loss=1.546236e-02
I 07.01/22:37:53 train_mapper.py:749 ] all_best_loss_mse=3.003834e-03 all_best_loss_cos=0.997609 all_best_loss_nmse=-23.297dB
I 07.01/22:37:53 train_mapper.py:753 ] all_best_mse_mse=3.003834e-03 all_best_mse_cos=0.997609 all_best_mse_nmse=-23.297dB
