I 07.01/07:55:10 train_mapper.py:431 ] => Experiment directory: mapper/exps_decoder_aware/hybrid/recT_rec/seed2026_transnet_transnet_to_seed42_transnet_lr5e-4_ep400
I 07.01/07:55:10 train_mapper.py:432 ] => Checkpoint directory: mapper/exps_decoder_aware/hybrid/recT_rec/seed2026_transnet_transnet_to_seed42_transnet_lr5e-4_ep400/checkpoints
I 07.01/07:55:10 train_mapper.py:433 ] => Codeword directory: mapper/exps_decoder_aware/hybrid/recT_rec/seed2026_transnet_transnet_to_seed42_transnet_lr5e-4_ep400/codewords
I 07.01/07:55:10 train_mapper.py:434 ] => TensorBoard directory: mapper/exps_decoder_aware/hybrid/recT_rec/seed2026_transnet_transnet_to_seed42_transnet_lr5e-4_ep400/tensorboard
I 07.01/07:55:17 train_mapper.py:519 ] => Loaded fixed decoder from exps/COST2100/in/seed42/transnet_transnet/checkpoints/best_nmse.pth
I 07.01/07:55:17 train_mapper.py:521 ] => Loaded CSI tensor (100000, 2, 32, 32) from /storage/hujiacong/zxd/datasets/cost2100/in_train.pt
I 07.01/07:55:17 train_mapper.py:524 ] device=cuda
I 07.01/07:55:17 train_mapper.py:525 ] mapper=hybrid, params=23108608
I 07.01/07:55:17 train_mapper.py:527 ] train=100000, val=0, code_dim=512
I 07.01/07:55:17 train_mapper.py:529 ] val_ratio<=0: skip per-epoch validation; select best checkpoint by train loss
I 07.01/07:55:17 train_mapper.py:531 ] loss=mse + smoothl1*0.0 + sample_tail*0.0 + dim_tail*0.0 + whiten*0.0 + rec*1.0 + recT*1.0 + fc*0.0 + decoder_tail*0.0 + cos*0.0 + cov*0.0
I 07.01/07:55:38 train_mapper.py:622 ] epoch=0001 train_loss=3.264351e-01 train_mse=3.230310e-01 train_cos=0.832978 train_nmse=-3.906dB train_rec=1.702155e-03 train_recT=1.701858e-03 train_fc=0.000000e+00 train_decoder_tail=0.000000e+00
I 07.01/07:56:14 train_mapper.py:622 ] epoch=0002 train_loss=9.784283e-02 train_mse=9.746765e-02 train_cos=0.963264 train_nmse=-8.232dB train_rec=1.876150e-04 train_recT=1.875683e-04 train_fc=0.000000e+00 train_decoder_tail=0.000000e+00
I 07.01/07:57:05 train_mapper.py:622 ] epoch=0003 train_loss=6.628928e-02 train_mse=6.604430e-02 train_cos=0.976291 train_nmse=-9.886dB train_rec=1.225696e-04 train_recT=1.224186e-04 train_fc=0.000000e+00 train_decoder_tail=0.000000e+00
I 07.01/07:57:56 train_mapper.py:622 ] epoch=0004 train_loss=5.279992e-02 train_mse=5.262964e-02 train_cos=0.979961 train_nmse=-10.866dB train_rec=8.525996e-05 train_recT=8.501851e-05 train_fc=0.000000e+00 train_decoder_tail=0.000000e+00
I 07.01/07:58:48 train_mapper.py:622 ] epoch=0005 train_loss=4.474114e-02 train_mse=4.461946e-02 train_cos=0.981806 train_nmse=-11.581dB train_rec=6.100119e-05 train_recT=6.068490e-05 train_fc=0.000000e+00 train_decoder_tail=0.000000e+00
I 07.01/07:59:31 train_mapper.py:622 ] epoch=0006 train_loss=3.964611e-02 train_mse=3.955502e-02 train_cos=0.983023 train_nmse=-12.103dB train_rec=4.572858e-05 train_recT=4.535573e-05 train_fc=0.000000e+00 train_decoder_tail=0.000000e+00
I 07.01/08:00:05 train_mapper.py:622 ] epoch=0007 train_loss=3.636721e-02 train_mse=3.629516e-02 train_cos=0.983955 train_nmse=-12.476dB train_rec=3.623570e-05 train_recT=3.582086e-05 train_fc=0.000000e+00 train_decoder_tail=0.000000e+00
I 07.01/08:01:14 train_mapper.py:622 ] epoch=0008 train_loss=3.412502e-02 train_mse=3.406489e-02 train_cos=0.984768 train_nmse=-12.752dB train_rec=3.028965e-05 train_recT=2.984500e-05 train_fc=0.000000e+00 train_decoder_tail=0.000000e+00
I 07.01/08:02:06 train_mapper.py:622 ] epoch=0009 train_loss=3.248584e-02 train_mse=3.243343e-02 train_cos=0.985486 train_nmse=-12.964dB train_rec=2.643824e-05 train_recT=2.597342e-05 train_fc=0.000000e+00 train_decoder_tail=0.000000e+00
I 07.01/08:03:20 train_mapper.py:622 ] epoch=0010 train_loss=3.113767e-02 train_mse=3.109036e-02 train_cos=0.986155 train_nmse=-13.149dB train_rec=2.389725e-05 train_recT=2.341844e-05 train_fc=0.000000e+00 train_decoder_tail=0.000000e+00
I 07.01/08:03:52 train_mapper.py:622 ] epoch=0011 train_loss=2.999416e-02 train_mse=2.995062e-02 train_cos=0.986734 train_nmse=-13.310dB train_rec=2.201643e-05 train_recT=2.152796e-05 train_fc=0.000000e+00 train_decoder_tail=0.000000e+00
I 07.01/08:04:56 train_mapper.py:622 ] epoch=0012 train_loss=2.888234e-02 train_mse=2.884166e-02 train_cos=0.987300 train_nmse=-13.475dB train_rec=2.058984e-05 train_recT=2.009563e-05 train_fc=0.000000e+00 train_decoder_tail=0.000000e+00
I 07.01/08:05:46 train_mapper.py:622 ] epoch=0013 train_loss=2.787977e-02 train_mse=2.784148e-02 train_cos=0.987765 train_nmse=-13.628dB train_rec=1.939840e-05 train_recT=1.889967e-05 train_fc=0.000000e+00 train_decoder_tail=0.000000e+00
I 07.01/08:06:13 train_mapper.py:622 ] epoch=0014 train_loss=2.682745e-02 train_mse=2.679156e-02 train_cos=0.988243 train_nmse=-13.795dB train_rec=1.819562e-05 train_recT=1.769319e-05 train_fc=0.000000e+00 train_decoder_tail=0.000000e+00
I 07.01/08:06:36 train_mapper.py:622 ] epoch=0015 train_loss=2.585571e-02 train_mse=2.582194e-02 train_cos=0.988622 train_nmse=-13.955dB train_rec=1.713818e-05 train_recT=1.663316e-05 train_fc=0.000000e+00 train_decoder_tail=0.000000e+00
I 07.01/08:07:06 train_mapper.py:622 ] epoch=0016 train_loss=2.482002e-02 train_mse=2.478869e-02 train_cos=0.989007 train_nmse=-14.133dB train_rec=1.591986e-05 train_recT=1.541176e-05 train_fc=0.000000e+00 train_decoder_tail=0.000000e+00
I 07.01/08:07:58 train_mapper.py:622 ] epoch=0017 train_loss=2.384312e-02 train_mse=2.381414e-02 train_cos=0.989287 train_nmse=-14.307dB train_rec=1.474607e-05 train_recT=1.423458e-05 train_fc=0.000000e+00 train_decoder_tail=0.000000e+00
I 07.01/08:09:17 train_mapper.py:622 ] epoch=0018 train_loss=2.276813e-02 train_mse=2.274188e-02 train_cos=0.989551 train_nmse=-14.507dB train_rec=1.338549e-05 train_recT=1.286989e-05 train_fc=0.000000e+00 train_decoder_tail=0.000000e+00
I 07.01/08:10:27 train_mapper.py:622 ] epoch=0019 train_loss=2.149495e-02 train_mse=2.147236e-02 train_cos=0.989722 train_nmse=-14.756dB train_rec=1.155392e-05 train_recT=1.103135e-05 train_fc=0.000000e+00 train_decoder_tail=0.000000e+00
I 07.01/08:11:39 train_mapper.py:622 ] epoch=0020 train_loss=1.935765e-02 train_mse=1.934101e-02 train_cos=0.989631 train_nmse=-15.213dB train_rec=8.594791e-06 train_recT=8.051334e-06 train_fc=0.000000e+00 train_decoder_tail=0.000000e+00
I 07.01/08:12:25 train_mapper.py:622 ] epoch=0021 train_loss=1.692134e-02 train_mse=1.690806e-02 train_cos=0.990098 train_nmse=-15.795dB train_rec=6.918721e-06 train_recT=6.362964e-06 train_fc=0.000000e+00 train_decoder_tail=0.000000e+00
I 07.01/08:12:59 train_mapper.py:622 ] epoch=0022 train_loss=1.531053e-02 train_mse=1.529885e-02 train_cos=0.990516 train_nmse=-16.229dB train_rec=6.116158e-06 train_recT=5.559927e-06 train_fc=0.000000e+00 train_decoder_tail=0.000000e+00
I 07.01/08:13:43 train_mapper.py:622 ] epoch=0023 train_loss=1.424390e-02 train_mse=1.423337e-02 train_cos=0.990812 train_nmse=-16.542dB train_rec=5.543821e-06 train_recT=4.988853e-06 train_fc=0.000000e+00 train_decoder_tail=0.000000e+00
I 07.01/08:14:29 train_mapper.py:622 ] epoch=0024 train_loss=1.338683e-02 train_mse=1.337721e-02 train_cos=0.991117 train_nmse=-16.811dB train_rec=5.086769e-06 train_recT=4.533073e-06 train_fc=0.000000e+00 train_decoder_tail=0.000000e+00
I 07.01/08:15:00 train_mapper.py:622 ] epoch=0025 train_loss=1.269686e-02 train_mse=1.268787e-02 train_cos=0.991389 train_nmse=-17.041dB train_rec=4.771126e-06 train_recT=4.218336e-06 train_fc=0.000000e+00 train_decoder_tail=0.000000e+00
I 07.01/08:16:08 train_mapper.py:622 ] epoch=0026 train_loss=1.211117e-02 train_mse=1.210273e-02 train_cos=0.991648 train_nmse=-17.246dB train_rec=4.492929e-06 train_recT=3.941139e-06 train_fc=0.000000e+00 train_decoder_tail=0.000000e+00
I 07.01/08:16:42 train_mapper.py:622 ] epoch=0027 train_loss=1.168377e-02 train_mse=1.167576e-02 train_cos=0.991826 train_nmse=-17.402dB train_rec=4.282796e-06 train_recT=3.731281e-06 train_fc=0.000000e+00 train_decoder_tail=0.000000e+00
I 07.01/08:17:40 train_mapper.py:622 ] epoch=0028 train_loss=1.117656e-02 train_mse=1.116905e-02 train_cos=0.992092 train_nmse=-17.594dB train_rec=4.029764e-06 train_recT=3.479464e-06 train_fc=0.000000e+00 train_decoder_tail=0.000000e+00
I 07.01/08:18:10 train_mapper.py:622 ] epoch=0029 train_loss=1.085705e-02 train_mse=1.084983e-02 train_cos=0.992236 train_nmse=-17.721dB train_rec=3.883547e-06 train_recT=3.333331e-06 train_fc=0.000000e+00 train_decoder_tail=0.000000e+00
I 07.01/08:18:52 train_mapper.py:622 ] epoch=0030 train_loss=1.049659e-02 train_mse=1.048966e-02 train_cos=0.992440 train_nmse=-17.867dB train_rec=3.740691e-06 train_recT=3.190744e-06 train_fc=0.000000e+00 train_decoder_tail=0.000000e+00
I 07.01/08:19:35 train_mapper.py:622 ] epoch=0031 train_loss=1.018244e-02 train_mse=1.017580e-02 train_cos=0.992610 train_nmse=-17.999dB train_rec=3.592505e-06 train_recT=3.043279e-06 train_fc=0.000000e+00 train_decoder_tail=0.000000e+00
I 07.01/08:20:12 train_mapper.py:622 ] epoch=0032 train_loss=9.897014e-03 train_mse=9.890584e-03 train_cos=0.992776 train_nmse=-18.123dB train_rec=3.489740e-06 train_recT=2.940822e-06 train_fc=0.000000e+00 train_decoder_tail=0.000000e+00
I 07.01/08:21:17 train_mapper.py:622 ] epoch=0033 train_loss=9.604225e-03 train_mse=9.598033e-03 train_cos=0.992947 train_nmse=-18.253dB train_rec=3.369765e-06 train_recT=2.821684e-06 train_fc=0.000000e+00 train_decoder_tail=0.000000e+00
I 07.01/08:22:22 train_mapper.py:622 ] epoch=0034 train_loss=9.368372e-03 train_mse=9.362406e-03 train_cos=0.993086 train_nmse=-18.361dB train_rec=3.257550e-06 train_recT=2.708717e-06 train_fc=0.000000e+00 train_decoder_tail=0.000000e+00
I 07.01/08:23:38 train_mapper.py:622 ] epoch=0035 train_loss=9.151797e-03 train_mse=9.145990e-03 train_cos=0.993217 train_nmse=-18.463dB train_rec=3.177393e-06 train_recT=2.629353e-06 train_fc=0.000000e+00 train_decoder_tail=0.000000e+00
I 07.01/08:24:16 train_mapper.py:622 ] epoch=0036 train_loss=8.943700e-03 train_mse=8.938071e-03 train_cos=0.993345 train_nmse=-18.562dB train_rec=3.088195e-06 train_recT=2.540427e-06 train_fc=0.000000e+00 train_decoder_tail=0.000000e+00
I 07.01/08:24:58 train_mapper.py:622 ] epoch=0037 train_loss=8.743270e-03 train_mse=8.737801e-03 train_cos=0.993471 train_nmse=-18.661dB train_rec=3.008216e-06 train_recT=2.459984e-06 train_fc=0.000000e+00 train_decoder_tail=0.000000e+00
I 07.01/08:26:05 train_mapper.py:622 ] epoch=0038 train_loss=8.512225e-03 train_mse=8.506913e-03 train_cos=0.993622 train_nmse=-18.777dB train_rec=2.929709e-06 train_recT=2.381806e-06 train_fc=0.000000e+00 train_decoder_tail=0.000000e+00
I 07.01/08:27:11 train_mapper.py:622 ] epoch=0039 train_loss=8.331484e-03 train_mse=8.326287e-03 train_cos=0.993739 train_nmse=-18.870dB train_rec=2.871949e-06 train_recT=2.324788e-06 train_fc=0.000000e+00 train_decoder_tail=0.000000e+00
I 07.01/08:28:20 train_mapper.py:622 ] epoch=0040 train_loss=8.173785e-03 train_mse=8.168728e-03 train_cos=0.993844 train_nmse=-18.953dB train_rec=2.802651e-06 train_recT=2.254872e-06 train_fc=0.000000e+00 train_decoder_tail=0.000000e+00
I 07.01/08:29:38 train_mapper.py:622 ] epoch=0041 train_loss=8.031573e-03 train_mse=8.026613e-03 train_cos=0.993934 train_nmse=-19.030dB train_rec=2.753736e-06 train_recT=2.206164e-06 train_fc=0.000000e+00 train_decoder_tail=0.000000e+00
I 07.01/08:30:43 train_mapper.py:622 ] epoch=0042 train_loss=7.904068e-03 train_mse=7.899183e-03 train_cos=0.994021 train_nmse=-19.099dB train_rec=2.716251e-06 train_recT=2.168563e-06 train_fc=0.000000e+00 train_decoder_tail=0.000000e+00
I 07.01/08:31:45 train_mapper.py:622 ] epoch=0043 train_loss=7.727382e-03 train_mse=7.722655e-03 train_cos=0.994139 train_nmse=-19.197dB train_rec=2.637414e-06 train_recT=2.090053e-06 train_fc=0.000000e+00 train_decoder_tail=0.000000e+00
I 07.01/08:32:32 train_mapper.py:622 ] epoch=0044 train_loss=7.604925e-03 train_mse=7.600196e-03 train_cos=0.994222 train_nmse=-19.268dB train_rec=2.638166e-06 train_recT=2.090849e-06 train_fc=0.000000e+00 train_decoder_tail=0.000000e+00
I 07.01/08:33:19 train_mapper.py:622 ] epoch=0045 train_loss=7.444639e-03 train_mse=7.440100e-03 train_cos=0.994336 train_nmse=-19.359dB train_rec=2.542576e-06 train_recT=1.995502e-06 train_fc=0.000000e+00 train_decoder_tail=0.000000e+00
I 07.01/08:34:08 train_mapper.py:622 ] epoch=0046 train_loss=7.325698e-03 train_mse=7.321252e-03 train_cos=0.994414 train_nmse=-19.429dB train_rec=2.496483e-06 train_recT=1.949414e-06 train_fc=0.000000e+00 train_decoder_tail=0.000000e+00
I 07.01/08:35:15 train_mapper.py:622 ] epoch=0047 train_loss=7.223684e-03 train_mse=7.219285e-03 train_cos=0.994486 train_nmse=-19.489dB train_rec=2.472760e-06 train_recT=1.925621e-06 train_fc=0.000000e+00 train_decoder_tail=0.000000e+00
I 07.01/08:36:20 train_mapper.py:622 ] epoch=0048 train_loss=7.124181e-03 train_mse=7.119838e-03 train_cos=0.994557 train_nmse=-19.551dB train_rec=2.444675e-06 train_recT=1.897730e-06 train_fc=0.000000e+00 train_decoder_tail=0.000000e+00
I 07.01/08:36:48 train_mapper.py:622 ] epoch=0049 train_loss=6.980379e-03 train_mse=6.976135e-03 train_cos=0.994661 train_nmse=-19.639dB train_rec=2.395166e-06 train_recT=1.848024e-06 train_fc=0.000000e+00 train_decoder_tail=0.000000e+00
I 07.01/08:37:37 train_mapper.py:622 ] epoch=0050 train_loss=6.880291e-03 train_mse=6.876141e-03 train_cos=0.994728 train_nmse=-19.702dB train_rec=2.348415e-06 train_recT=1.801599e-06 train_fc=0.000000e+00 train_decoder_tail=0.000000e+00
I 07.01/08:38:41 train_mapper.py:622 ] epoch=0051 train_loss=6.798262e-03 train_mse=6.794129e-03 train_cos=0.994790 train_nmse=-19.753dB train_rec=2.339642e-06 train_recT=1.792864e-06 train_fc=0.000000e+00 train_decoder_tail=0.000000e+00
I 07.01/08:39:45 train_mapper.py:622 ] epoch=0052 train_loss=6.693419e-03 train_mse=6.689383e-03 train_cos=0.994862 train_nmse=-19.821dB train_rec=2.291504e-06 train_recT=1.744589e-06 train_fc=0.000000e+00 train_decoder_tail=0.000000e+00
I 07.01/08:40:29 train_mapper.py:622 ] epoch=0053 train_loss=6.573915e-03 train_mse=6.569959e-03 train_cos=0.994949 train_nmse=-19.899dB train_rec=2.251377e-06 train_recT=1.704573e-06 train_fc=0.000000e+00 train_decoder_tail=0.000000e+00
I 07.01/08:41:49 train_mapper.py:622 ] epoch=0054 train_loss=6.538233e-03 train_mse=6.534265e-03 train_cos=0.994975 train_nmse=-19.922dB train_rec=2.257533e-06 train_recT=1.711099e-06 train_fc=0.000000e+00 train_decoder_tail=0.000000e+00
I 07.01/08:43:08 train_mapper.py:622 ] epoch=0055 train_loss=6.417253e-03 train_mse=6.413401e-03 train_cos=0.995061 train_nmse=-20.004dB train_rec=2.199423e-06 train_recT=1.652472e-06 train_fc=0.000000e+00 train_decoder_tail=0.000000e+00
I 07.01/08:43:57 train_mapper.py:622 ] epoch=0056 train_loss=6.345432e-03 train_mse=6.341589e-03 train_cos=0.995117 train_nmse=-20.053dB train_rec=2.194779e-06 train_recT=1.648212e-06 train_fc=0.000000e+00 train_decoder_tail=0.000000e+00
I 07.01/08:45:10 train_mapper.py:622 ] epoch=0057 train_loss=6.259406e-03 train_mse=6.255633e-03 train_cos=0.995181 train_nmse=-20.112dB train_rec=2.159840e-06 train_recT=1.612867e-06 train_fc=0.000000e+00 train_decoder_tail=0.000000e+00
I 07.01/08:46:27 train_mapper.py:622 ] epoch=0058 train_loss=6.182399e-03 train_mse=6.178650e-03 train_cos=0.995238 train_nmse=-20.166dB train_rec=2.147877e-06 train_recT=1.601183e-06 train_fc=0.000000e+00 train_decoder_tail=0.000000e+00
I 07.01/08:47:26 train_mapper.py:622 ] epoch=0059 train_loss=6.107182e-03 train_mse=6.103493e-03 train_cos=0.995293 train_nmse=-20.218dB train_rec=2.117859e-06 train_recT=1.571220e-06 train_fc=0.000000e+00 train_decoder_tail=0.000000e+00
I 07.01/08:48:15 train_mapper.py:622 ] epoch=0060 train_loss=6.059811e-03 train_mse=6.056139e-03 train_cos=0.995328 train_nmse=-20.253dB train_rec=2.109560e-06 train_recT=1.563001e-06 train_fc=0.000000e+00 train_decoder_tail=0.000000e+00
I 07.01/08:48:55 train_mapper.py:622 ] epoch=0061 train_loss=5.965560e-03 train_mse=5.961951e-03 train_cos=0.995401 train_nmse=-20.321dB train_rec=2.078301e-06 train_recT=1.531297e-06 train_fc=0.000000e+00 train_decoder_tail=0.000000e+00
I 07.01/08:49:58 train_mapper.py:622 ] epoch=0062 train_loss=5.905045e-03 train_mse=5.901477e-03 train_cos=0.995444 train_nmse=-20.365dB train_rec=2.057133e-06 train_recT=1.510603e-06 train_fc=0.000000e+00 train_decoder_tail=0.000000e+00
I 07.01/08:50:40 train_mapper.py:622 ] epoch=0063 train_loss=5.845666e-03 train_mse=5.842129e-03 train_cos=0.995489 train_nmse=-20.409dB train_rec=2.041812e-06 train_recT=1.495451e-06 train_fc=0.000000e+00 train_decoder_tail=0.000000e+00
I 07.01/08:51:25 train_mapper.py:622 ] epoch=0064 train_loss=5.765622e-03 train_mse=5.762137e-03 train_cos=0.995551 train_nmse=-20.469dB train_rec=2.015862e-06 train_recT=1.468917e-06 train_fc=0.000000e+00 train_decoder_tail=0.000000e+00
I 07.01/08:52:20 train_mapper.py:622 ] epoch=0065 train_loss=5.705297e-03 train_mse=5.701846e-03 train_cos=0.995593 train_nmse=-20.515dB train_rec=1.998755e-06 train_recT=1.452100e-06 train_fc=0.000000e+00 train_decoder_tail=0.000000e+00
I 07.01/08:53:30 train_mapper.py:622 ] epoch=0066 train_loss=5.650994e-03 train_mse=5.647565e-03 train_cos=0.995635 train_nmse=-20.556dB train_rec=1.987964e-06 train_recT=1.441224e-06 train_fc=0.000000e+00 train_decoder_tail=0.000000e+00
I 07.01/08:54:18 train_mapper.py:622 ] epoch=0067 train_loss=5.610535e-03 train_mse=5.607122e-03 train_cos=0.995670 train_nmse=-20.587dB train_rec=1.979728e-06 train_recT=1.433251e-06 train_fc=0.000000e+00 train_decoder_tail=0.000000e+00
I 07.01/08:55:27 train_mapper.py:622 ] epoch=0068 train_loss=5.532082e-03 train_mse=5.528723e-03 train_cos=0.995727 train_nmse=-20.648dB train_rec=1.952791e-06 train_recT=1.406306e-06 train_fc=0.000000e+00 train_decoder_tail=0.000000e+00
I 07.01/08:56:24 train_mapper.py:622 ] epoch=0069 train_loss=5.462019e-03 train_mse=5.458719e-03 train_cos=0.995778 train_nmse=-20.704dB train_rec=1.923305e-06 train_recT=1.377022e-06 train_fc=0.000000e+00 train_decoder_tail=0.000000e+00
I 07.01/08:57:17 train_mapper.py:622 ] epoch=0070 train_loss=5.395819e-03 train_mse=5.392532e-03 train_cos=0.995832 train_nmse=-20.756dB train_rec=1.917170e-06 train_recT=1.370311e-06 train_fc=0.000000e+00 train_decoder_tail=0.000000e+00
I 07.01/08:58:04 train_mapper.py:622 ] epoch=0071 train_loss=5.378488e-03 train_mse=5.375222e-03 train_cos=0.995841 train_nmse=-20.770dB train_rec=1.906384e-06 train_recT=1.359832e-06 train_fc=0.000000e+00 train_decoder_tail=0.000000e+00
I 07.01/08:58:46 train_mapper.py:622 ] epoch=0072 train_loss=5.303892e-03 train_mse=5.300648e-03 train_cos=0.995902 train_nmse=-20.831dB train_rec=1.895560e-06 train_recT=1.348798e-06 train_fc=0.000000e+00 train_decoder_tail=0.000000e+00
I 07.01/08:59:48 train_mapper.py:622 ] epoch=0073 train_loss=5.240270e-03 train_mse=5.237060e-03 train_cos=0.995951 train_nmse=-20.883dB train_rec=1.878079e-06 train_recT=1.331405e-06 train_fc=0.000000e+00 train_decoder_tail=0.000000e+00
I 07.01/09:00:34 train_mapper.py:622 ] epoch=0074 train_loss=5.171597e-03 train_mse=5.168441e-03 train_cos=0.996003 train_nmse=-20.941dB train_rec=1.851533e-06 train_recT=1.304977e-06 train_fc=0.000000e+00 train_decoder_tail=0.000000e+00
I 07.01/09:01:24 train_mapper.py:622 ] epoch=0075 train_loss=5.141502e-03 train_mse=5.138327e-03 train_cos=0.996028 train_nmse=-20.966dB train_rec=1.861136e-06 train_recT=1.314158e-06 train_fc=0.000000e+00 train_decoder_tail=0.000000e+00
I 07.01/09:02:14 train_mapper.py:622 ] epoch=0076 train_loss=5.067016e-03 train_mse=5.063911e-03 train_cos=0.996080 train_nmse=-21.029dB train_rec=1.825794e-06 train_recT=1.279170e-06 train_fc=0.000000e+00 train_decoder_tail=0.000000e+00
I 07.01/09:03:05 train_mapper.py:622 ] epoch=0077 train_loss=5.021996e-03 train_mse=5.018932e-03 train_cos=0.996114 train_nmse=-21.068dB train_rec=1.805719e-06 train_recT=1.258970e-06 train_fc=0.000000e+00 train_decoder_tail=0.000000e+00
I 07.01/09:04:26 train_mapper.py:622 ] epoch=0078 train_loss=4.967222e-03 train_mse=4.964176e-03 train_cos=0.996157 train_nmse=-21.116dB train_rec=1.796271e-06 train_recT=1.249561e-06 train_fc=0.000000e+00 train_decoder_tail=0.000000e+00
I 07.01/09:05:46 train_mapper.py:622 ] epoch=0079 train_loss=4.922743e-03 train_mse=4.919721e-03 train_cos=0.996190 train_nmse=-21.155dB train_rec=1.784522e-06 train_recT=1.237373e-06 train_fc=0.000000e+00 train_decoder_tail=0.000000e+00
I 07.01/09:06:50 train_mapper.py:622 ] epoch=0080 train_loss=4.867933e-03 train_mse=4.864946e-03 train_cos=0.996230 train_nmse=-21.204dB train_rec=1.767182e-06 train_recT=1.220563e-06 train_fc=0.000000e+00 train_decoder_tail=0.000000e+00
I 07.01/09:07:34 train_mapper.py:622 ] epoch=0081 train_loss=4.838599e-03 train_mse=4.835609e-03 train_cos=0.996254 train_nmse=-21.231dB train_rec=1.768765e-06 train_recT=1.222104e-06 train_fc=0.000000e+00 train_decoder_tail=0.000000e+00
I 07.01/09:08:20 train_mapper.py:622 ] epoch=0082 train_loss=4.804414e-03 train_mse=4.801448e-03 train_cos=0.996285 train_nmse=-21.260dB train_rec=1.756133e-06 train_recT=1.209563e-06 train_fc=0.000000e+00 train_decoder_tail=0.000000e+00
I 07.01/09:09:20 train_mapper.py:622 ] epoch=0083 train_loss=4.765861e-03 train_mse=4.762903e-03 train_cos=0.996310 train_nmse=-21.296dB train_rec=1.752156e-06 train_recT=1.205403e-06 train_fc=0.000000e+00 train_decoder_tail=0.000000e+00
I 07.01/09:10:22 train_mapper.py:622 ] epoch=0084 train_loss=4.702108e-03 train_mse=4.699214e-03 train_cos=0.996357 train_nmse=-21.354dB train_rec=1.720009e-06 train_recT=1.173406e-06 train_fc=0.000000e+00 train_decoder_tail=0.000000e+00
I 07.01/09:11:30 train_mapper.py:622 ] epoch=0085 train_loss=4.654337e-03 train_mse=4.651482e-03 train_cos=0.996390 train_nmse=-21.398dB train_rec=1.701021e-06 train_recT=1.154279e-06 train_fc=0.000000e+00 train_decoder_tail=0.000000e+00
I 07.01/09:12:17 train_mapper.py:622 ] epoch=0086 train_loss=4.619143e-03 train_mse=4.616289e-03 train_cos=0.996417 train_nmse=-21.432dB train_rec=1.700000e-06 train_recT=1.153402e-06 train_fc=0.000000e+00 train_decoder_tail=0.000000e+00
I 07.01/09:13:11 train_mapper.py:622 ] epoch=0087 train_loss=4.590032e-03 train_mse=4.587185e-03 train_cos=0.996440 train_nmse=-21.459dB train_rec=1.696967e-06 train_recT=1.150118e-06 train_fc=0.000000e+00 train_decoder_tail=0.000000e+00
I 07.01/09:14:01 train_mapper.py:622 ] epoch=0088 train_loss=4.535208e-03 train_mse=4.532400e-03 train_cos=0.996484 train_nmse=-21.511dB train_rec=1.676830e-06 train_recT=1.130360e-06 train_fc=0.000000e+00 train_decoder_tail=0.000000e+00
I 07.01/09:15:20 train_mapper.py:622 ] epoch=0089 train_loss=4.534538e-03 train_mse=4.531737e-03 train_cos=0.996481 train_nmse=-21.512dB train_rec=1.673953e-06 train_recT=1.126918e-06 train_fc=0.000000e+00 train_decoder_tail=0.000000e+00
I 07.01/09:16:09 train_mapper.py:622 ] epoch=0090 train_loss=4.502767e-03 train_mse=4.499967e-03 train_cos=0.996510 train_nmse=-21.543dB train_rec=1.673107e-06 train_recT=1.126249e-06 train_fc=0.000000e+00 train_decoder_tail=0.000000e+00
I 07.01/09:17:15 train_mapper.py:622 ] epoch=0091 train_loss=4.471436e-03 train_mse=4.468663e-03 train_cos=0.996534 train_nmse=-21.573dB train_rec=1.660087e-06 train_recT=1.113046e-06 train_fc=0.000000e+00 train_decoder_tail=0.000000e+00
I 07.01/09:17:57 train_mapper.py:622 ] epoch=0092 train_loss=4.426618e-03 train_mse=4.423870e-03 train_cos=0.996565 train_nmse=-21.616dB train_rec=1.647519e-06 train_recT=1.100820e-06 train_fc=0.000000e+00 train_decoder_tail=0.000000e+00
I 07.01/09:18:44 train_mapper.py:622 ] epoch=0093 train_loss=4.389632e-03 train_mse=4.386924e-03 train_cos=0.996590 train_nmse=-21.653dB train_rec=1.627341e-06 train_recT=1.080392e-06 train_fc=0.000000e+00 train_decoder_tail=0.000000e+00
I 07.01/09:19:36 train_mapper.py:622 ] epoch=0094 train_loss=4.357931e-03 train_mse=4.355238e-03 train_cos=0.996618 train_nmse=-21.684dB train_rec=1.619707e-06 train_recT=1.073165e-06 train_fc=0.000000e+00 train_decoder_tail=0.000000e+00
I 07.01/09:20:22 train_mapper.py:622 ] epoch=0095 train_loss=4.328053e-03 train_mse=4.325369e-03 train_cos=0.996639 train_nmse=-21.714dB train_rec=1.615415e-06 train_recT=1.068599e-06 train_fc=0.000000e+00 train_decoder_tail=0.000000e+00
I 07.01/09:21:12 train_mapper.py:622 ] epoch=0096 train_loss=4.316268e-03 train_mse=4.313578e-03 train_cos=0.996648 train_nmse=-21.726dB train_rec=1.618464e-06 train_recT=1.071289e-06 train_fc=0.000000e+00 train_decoder_tail=0.000000e+00
I 07.01/09:22:21 train_mapper.py:622 ] epoch=0097 train_loss=4.272047e-03 train_mse=4.269393e-03 train_cos=0.996681 train_nmse=-21.771dB train_rec=1.600340e-06 train_recT=1.053729e-06 train_fc=0.000000e+00 train_decoder_tail=0.000000e+00
I 07.01/09:23:26 train_mapper.py:622 ] epoch=0098 train_loss=4.248079e-03 train_mse=4.245417e-03 train_cos=0.996702 train_nmse=-21.795dB train_rec=1.604583e-06 train_recT=1.057687e-06 train_fc=0.000000e+00 train_decoder_tail=0.000000e+00
I 07.01/09:24:17 train_mapper.py:622 ] epoch=0099 train_loss=4.221406e-03 train_mse=4.218784e-03 train_cos=0.996722 train_nmse=-21.822dB train_rec=1.584345e-06 train_recT=1.037224e-06 train_fc=0.000000e+00 train_decoder_tail=0.000000e+00
I 07.01/09:25:11 train_mapper.py:622 ] epoch=0100 train_loss=4.192316e-03 train_mse=4.189706e-03 train_cos=0.996745 train_nmse=-21.853dB train_rec=1.578036e-06 train_recT=1.031092e-06 train_fc=0.000000e+00 train_decoder_tail=0.000000e+00
I 07.01/09:26:04 train_mapper.py:622 ] epoch=0101 train_loss=4.159506e-03 train_mse=4.156903e-03 train_cos=0.996774 train_nmse=-21.886dB train_rec=1.574813e-06 train_recT=1.027929e-06 train_fc=0.000000e+00 train_decoder_tail=0.000000e+00
I 07.01/09:26:53 train_mapper.py:622 ] epoch=0102 train_loss=4.145740e-03 train_mse=4.143146e-03 train_cos=0.996779 train_nmse=-21.902dB train_rec=1.570329e-06 train_recT=1.023219e-06 train_fc=0.000000e+00 train_decoder_tail=0.000000e+00
I 07.01/09:27:41 train_mapper.py:622 ] epoch=0103 train_loss=4.123404e-03 train_mse=4.120821e-03 train_cos=0.996798 train_nmse=-21.924dB train_rec=1.564626e-06 train_recT=1.017668e-06 train_fc=0.000000e+00 train_decoder_tail=0.000000e+00
I 07.01/09:28:53 train_mapper.py:622 ] epoch=0104 train_loss=4.096044e-03 train_mse=4.093462e-03 train_cos=0.996822 train_nmse=-21.953dB train_rec=1.564278e-06 train_recT=1.017291e-06 train_fc=0.000000e+00 train_decoder_tail=0.000000e+00
I 07.01/09:29:46 train_mapper.py:622 ] epoch=0105 train_loss=4.066233e-03 train_mse=4.063673e-03 train_cos=0.996844 train_nmse=-21.985dB train_rec=1.553884e-06 train_recT=1.006853e-06 train_fc=0.000000e+00 train_decoder_tail=0.000000e+00
I 07.01/09:30:44 train_mapper.py:622 ] epoch=0106 train_loss=4.033018e-03 train_mse=4.030476e-03 train_cos=0.996867 train_nmse=-22.021dB train_rec=1.544720e-06 train_recT=9.974455e-07 train_fc=0.000000e+00 train_decoder_tail=0.000000e+00
I 07.01/09:31:31 train_mapper.py:622 ] epoch=0107 train_loss=3.998673e-03 train_mse=3.996165e-03 train_cos=0.996893 train_nmse=-22.058dB train_rec=1.527402e-06 train_recT=9.806793e-07 train_fc=0.000000e+00 train_decoder_tail=0.000000e+00
I 07.01/09:32:28 train_mapper.py:622 ] epoch=0108 train_loss=3.974754e-03 train_mse=3.972251e-03 train_cos=0.996912 train_nmse=-22.084dB train_rec=1.525300e-06 train_recT=9.777839e-07 train_fc=0.000000e+00 train_decoder_tail=0.000000e+00
I 07.01/09:33:13 train_mapper.py:622 ] epoch=0109 train_loss=3.971223e-03 train_mse=3.968730e-03 train_cos=0.996914 train_nmse=-22.088dB train_rec=1.520106e-06 train_recT=9.731557e-07 train_fc=0.000000e+00 train_decoder_tail=0.000000e+00
I 07.01/09:33:57 train_mapper.py:622 ] epoch=0110 train_loss=3.953653e-03 train_mse=3.951159e-03 train_cos=0.996929 train_nmse=-22.106dB train_rec=1.520721e-06 train_recT=9.736376e-07 train_fc=0.000000e+00 train_decoder_tail=0.000000e+00
I 07.01/09:34:45 train_mapper.py:622 ] epoch=0111 train_loss=3.951484e-03 train_mse=3.948985e-03 train_cos=0.996930 train_nmse=-22.109dB train_rec=1.523235e-06 train_recT=9.759956e-07 train_fc=0.000000e+00 train_decoder_tail=0.000000e+00
I 07.01/09:35:29 train_mapper.py:622 ] epoch=0112 train_loss=3.905715e-03 train_mse=3.903248e-03 train_cos=0.996966 train_nmse=-22.160dB train_rec=1.507226e-06 train_recT=9.598627e-07 train_fc=0.000000e+00 train_decoder_tail=0.000000e+00
I 07.01/09:36:16 train_mapper.py:622 ] epoch=0113 train_loss=3.905219e-03 train_mse=3.902751e-03 train_cos=0.996966 train_nmse=-22.160dB train_rec=1.507661e-06 train_recT=9.604296e-07 train_fc=0.000000e+00 train_decoder_tail=0.000000e+00
I 07.01/09:37:06 train_mapper.py:622 ] epoch=0114 train_loss=3.858909e-03 train_mse=3.856465e-03 train_cos=0.997002 train_nmse=-22.213dB train_rec=1.495596e-06 train_recT=9.485104e-07 train_fc=0.000000e+00 train_decoder_tail=0.000000e+00
I 07.01/09:37:58 train_mapper.py:622 ] epoch=0115 train_loss=3.848113e-03 train_mse=3.845679e-03 train_cos=0.997011 train_nmse=-22.225dB train_rec=1.490518e-06 train_recT=9.434518e-07 train_fc=0.000000e+00 train_decoder_tail=0.000000e+00
I 07.01/09:38:47 train_mapper.py:622 ] epoch=0116 train_loss=3.830910e-03 train_mse=3.828487e-03 train_cos=0.997025 train_nmse=-22.244dB train_rec=1.485282e-06 train_recT=9.381365e-07 train_fc=0.000000e+00 train_decoder_tail=0.000000e+00
I 07.01/09:39:32 train_mapper.py:622 ] epoch=0117 train_loss=3.832241e-03 train_mse=3.829803e-03 train_cos=0.997022 train_nmse=-22.242dB train_rec=1.492572e-06 train_recT=9.450918e-07 train_fc=0.000000e+00 train_decoder_tail=0.000000e+00
I 07.01/09:40:24 train_mapper.py:622 ] epoch=0118 train_loss=3.790110e-03 train_mse=3.787700e-03 train_cos=0.997059 train_nmse=-22.290dB train_rec=1.478334e-06 train_recT=9.314971e-07 train_fc=0.000000e+00 train_decoder_tail=0.000000e+00
I 07.01/09:41:17 train_mapper.py:622 ] epoch=0119 train_loss=3.766082e-03 train_mse=3.763696e-03 train_cos=0.997072 train_nmse=-22.318dB train_rec=1.466403e-06 train_recT=9.194813e-07 train_fc=0.000000e+00 train_decoder_tail=0.000000e+00
I 07.01/09:42:17 train_mapper.py:622 ] epoch=0120 train_loss=3.744958e-03 train_mse=3.742579e-03 train_cos=0.997090 train_nmse=-22.342dB train_rec=1.463293e-06 train_recT=9.161324e-07 train_fc=0.000000e+00 train_decoder_tail=0.000000e+00
I 07.01/09:43:11 train_mapper.py:622 ] epoch=0121 train_loss=3.711908e-03 train_mse=3.709554e-03 train_cos=0.997113 train_nmse=-22.381dB train_rec=1.450836e-06 train_recT=9.031268e-07 train_fc=0.000000e+00 train_decoder_tail=0.000000e+00
I 07.01/09:44:05 train_mapper.py:622 ] epoch=0122 train_loss=3.695802e-03 train_mse=3.693456e-03 train_cos=0.997126 train_nmse=-22.400dB train_rec=1.446688e-06 train_recT=8.994652e-07 train_fc=0.000000e+00 train_decoder_tail=0.000000e+00
I 07.01/09:45:07 train_mapper.py:622 ] epoch=0123 train_loss=3.687884e-03 train_mse=3.685542e-03 train_cos=0.997133 train_nmse=-22.409dB train_rec=1.444707e-06 train_recT=8.973298e-07 train_fc=0.000000e+00 train_decoder_tail=0.000000e+00
I 07.01/09:46:09 train_mapper.py:622 ] epoch=0124 train_loss=3.685526e-03 train_mse=3.683176e-03 train_cos=0.997135 train_nmse=-22.412dB train_rec=1.448678e-06 train_recT=9.015691e-07 train_fc=0.000000e+00 train_decoder_tail=0.000000e+00
I 07.01/09:47:09 train_mapper.py:622 ] epoch=0125 train_loss=3.651197e-03 train_mse=3.648865e-03 train_cos=0.997164 train_nmse=-22.453dB train_rec=1.439598e-06 train_recT=8.919185e-07 train_fc=0.000000e+00 train_decoder_tail=0.000000e+00
I 07.01/09:48:03 train_mapper.py:622 ] epoch=0126 train_loss=3.646194e-03 train_mse=3.643871e-03 train_cos=0.997166 train_nmse=-22.458dB train_rec=1.435439e-06 train_recT=8.883516e-07 train_fc=0.000000e+00 train_decoder_tail=0.000000e+00
I 07.01/09:49:04 train_mapper.py:622 ] epoch=0127 train_loss=3.622507e-03 train_mse=3.620184e-03 train_cos=0.997185 train_nmse=-22.487dB train_rec=1.435298e-06 train_recT=8.877966e-07 train_fc=0.000000e+00 train_decoder_tail=0.000000e+00
I 07.01/09:50:12 train_mapper.py:622 ] epoch=0128 train_loss=3.606235e-03 train_mse=3.603916e-03 train_cos=0.997197 train_nmse=-22.507dB train_rec=1.432768e-06 train_recT=8.854044e-07 train_fc=0.000000e+00 train_decoder_tail=0.000000e+00
I 07.01/09:51:07 train_mapper.py:622 ] epoch=0129 train_loss=3.602440e-03 train_mse=3.600136e-03 train_cos=0.997200 train_nmse=-22.511dB train_rec=1.426036e-06 train_recT=8.783477e-07 train_fc=0.000000e+00 train_decoder_tail=0.000000e+00
I 07.01/09:51:57 train_mapper.py:622 ] epoch=0130 train_loss=3.578742e-03 train_mse=3.576435e-03 train_cos=0.997222 train_nmse=-22.540dB train_rec=1.427312e-06 train_recT=8.799337e-07 train_fc=0.000000e+00 train_decoder_tail=0.000000e+00
I 07.01/09:52:46 train_mapper.py:622 ] epoch=0131 train_loss=3.569084e-03 train_mse=3.566779e-03 train_cos=0.997227 train_nmse=-22.551dB train_rec=1.426622e-06 train_recT=8.788899e-07 train_fc=0.000000e+00 train_decoder_tail=0.000000e+00
I 07.01/09:53:31 train_mapper.py:622 ] epoch=0132 train_loss=3.531928e-03 train_mse=3.529655e-03 train_cos=0.997257 train_nmse=-22.597dB train_rec=1.410586e-06 train_recT=8.629603e-07 train_fc=0.000000e+00 train_decoder_tail=0.000000e+00
I 07.01/09:54:22 train_mapper.py:622 ] epoch=0133 train_loss=3.531691e-03 train_mse=3.529428e-03 train_cos=0.997255 train_nmse=-22.597dB train_rec=1.405230e-06 train_recT=8.578468e-07 train_fc=0.000000e+00 train_decoder_tail=0.000000e+00
I 07.01/09:55:15 train_mapper.py:622 ] epoch=0134 train_loss=3.511687e-03 train_mse=3.509429e-03 train_cos=0.997270 train_nmse=-22.622dB train_rec=1.402851e-06 train_recT=8.551069e-07 train_fc=0.000000e+00 train_decoder_tail=0.000000e+00
I 07.01/09:56:32 train_mapper.py:622 ] epoch=0135 train_loss=3.499711e-03 train_mse=3.497460e-03 train_cos=0.997280 train_nmse=-22.637dB train_rec=1.399215e-06 train_recT=8.517162e-07 train_fc=0.000000e+00 train_decoder_tail=0.000000e+00
I 07.01/09:57:19 train_mapper.py:622 ] epoch=0136 train_loss=3.476768e-03 train_mse=3.474530e-03 train_cos=0.997299 train_nmse=-22.665dB train_rec=1.392904e-06 train_recT=8.454545e-07 train_fc=0.000000e+00 train_decoder_tail=0.000000e+00
I 07.01/09:58:09 train_mapper.py:622 ] epoch=0137 train_loss=3.476793e-03 train_mse=3.474550e-03 train_cos=0.997297 train_nmse=-22.665dB train_rec=1.395312e-06 train_recT=8.473377e-07 train_fc=0.000000e+00 train_decoder_tail=0.000000e+00
I 07.01/09:58:59 train_mapper.py:622 ] epoch=0138 train_loss=3.441634e-03 train_mse=3.439417e-03 train_cos=0.997327 train_nmse=-22.709dB train_rec=1.381963e-06 train_recT=8.346839e-07 train_fc=0.000000e+00 train_decoder_tail=0.000000e+00
I 07.01/09:59:51 train_mapper.py:622 ] epoch=0139 train_loss=3.455676e-03 train_mse=3.453437e-03 train_cos=0.997314 train_nmse=-22.692dB train_rec=1.393428e-06 train_recT=8.458907e-07 train_fc=0.000000e+00 train_decoder_tail=0.000000e+00
I 07.01/10:00:41 train_mapper.py:622 ] epoch=0140 train_loss=3.418360e-03 train_mse=3.416148e-03 train_cos=0.997344 train_nmse=-22.739dB train_rec=1.379557e-06 train_recT=8.320353e-07 train_fc=0.000000e+00 train_decoder_tail=0.000000e+00
I 07.01/10:01:34 train_mapper.py:622 ] epoch=0141 train_loss=3.411229e-03 train_mse=3.409021e-03 train_cos=0.997348 train_nmse=-22.748dB train_rec=1.377636e-06 train_recT=8.300527e-07 train_fc=0.000000e+00 train_decoder_tail=0.000000e+00
I 07.01/10:02:29 train_mapper.py:622 ] epoch=0142 train_loss=3.403885e-03 train_mse=3.401688e-03 train_cos=0.997352 train_nmse=-22.757dB train_rec=1.372212e-06 train_recT=8.248673e-07 train_fc=0.000000e+00 train_decoder_tail=0.000000e+00
I 07.01/10:03:28 train_mapper.py:622 ] epoch=0143 train_loss=3.391423e-03 train_mse=3.389232e-03 train_cos=0.997365 train_nmse=-22.773dB train_rec=1.369318e-06 train_recT=8.214208e-07 train_fc=0.000000e+00 train_decoder_tail=0.000000e+00
I 07.01/10:04:22 train_mapper.py:622 ] epoch=0144 train_loss=3.364984e-03 train_mse=3.362803e-03 train_cos=0.997386 train_nmse=-22.807dB train_rec=1.364637e-06 train_recT=8.170039e-07 train_fc=0.000000e+00 train_decoder_tail=0.000000e+00
I 07.01/10:05:20 train_mapper.py:622 ] epoch=0145 train_loss=3.359537e-03 train_mse=3.357354e-03 train_cos=0.997390 train_nmse=-22.814dB train_rec=1.365592e-06 train_recT=8.178342e-07 train_fc=0.000000e+00 train_decoder_tail=0.000000e+00
I 07.01/10:06:37 train_mapper.py:622 ] epoch=0146 train_loss=3.351283e-03 train_mse=3.349096e-03 train_cos=0.997397 train_nmse=-22.825dB train_rec=1.367195e-06 train_recT=8.195523e-07 train_fc=0.000000e+00 train_decoder_tail=0.000000e+00
I 07.01/10:07:59 train_mapper.py:622 ] epoch=0147 train_loss=3.344302e-03 train_mse=3.342129e-03 train_cos=0.997401 train_nmse=-22.834dB train_rec=1.360242e-06 train_recT=8.127964e-07 train_fc=0.000000e+00 train_decoder_tail=0.000000e+00
I 07.01/10:09:12 train_mapper.py:622 ] epoch=0148 train_loss=3.329062e-03 train_mse=3.326895e-03 train_cos=0.997413 train_nmse=-22.853dB train_rec=1.357446e-06 train_recT=8.096491e-07 train_fc=0.000000e+00 train_decoder_tail=0.000000e+00
I 07.01/10:09:59 train_mapper.py:622 ] epoch=0149 train_loss=3.314119e-03 train_mse=3.311959e-03 train_cos=0.997426 train_nmse=-22.873dB train_rec=1.353885e-06 train_recT=8.061692e-07 train_fc=0.000000e+00 train_decoder_tail=0.000000e+00
I 07.01/10:10:51 train_mapper.py:622 ] epoch=0150 train_loss=3.298424e-03 train_mse=3.296268e-03 train_cos=0.997437 train_nmse=-22.894dB train_rec=1.351839e-06 train_recT=8.041095e-07 train_fc=0.000000e+00 train_decoder_tail=0.000000e+00
I 07.01/10:11:39 train_mapper.py:622 ] epoch=0151 train_loss=3.284393e-03 train_mse=3.282249e-03 train_cos=0.997450 train_nmse=-22.912dB train_rec=1.346215e-06 train_recT=7.982603e-07 train_fc=0.000000e+00 train_decoder_tail=0.000000e+00
I 07.01/10:12:25 train_mapper.py:622 ] epoch=0152 train_loss=3.278924e-03 train_mse=3.276778e-03 train_cos=0.997452 train_nmse=-22.920dB train_rec=1.347212e-06 train_recT=7.995432e-07 train_fc=0.000000e+00 train_decoder_tail=0.000000e+00
I 07.01/10:13:09 train_mapper.py:622 ] epoch=0153 train_loss=3.261204e-03 train_mse=3.259067e-03 train_cos=0.997467 train_nmse=-22.943dB train_rec=1.342558e-06 train_recT=7.948326e-07 train_fc=0.000000e+00 train_decoder_tail=0.000000e+00
I 07.01/10:13:50 train_mapper.py:622 ] epoch=0154 train_loss=3.245981e-03 train_mse=3.243860e-03 train_cos=0.997477 train_nmse=-22.964dB train_rec=1.334488e-06 train_recT=7.865685e-07 train_fc=0.000000e+00 train_decoder_tail=0.000000e+00
I 07.01/10:14:36 train_mapper.py:622 ] epoch=0155 train_loss=3.233783e-03 train_mse=3.231663e-03 train_cos=0.997487 train_nmse=-22.980dB train_rec=1.334117e-06 train_recT=7.863513e-07 train_fc=0.000000e+00 train_decoder_tail=0.000000e+00
I 07.01/10:15:27 train_mapper.py:622 ] epoch=0156 train_loss=3.215257e-03 train_mse=3.213153e-03 train_cos=0.997501 train_nmse=-23.005dB train_rec=1.325827e-06 train_recT=7.784185e-07 train_fc=0.000000e+00 train_decoder_tail=0.000000e+00
I 07.01/10:16:25 train_mapper.py:622 ] epoch=0157 train_loss=3.210106e-03 train_mse=3.208002e-03 train_cos=0.997503 train_nmse=-23.012dB train_rec=1.325722e-06 train_recT=7.779332e-07 train_fc=0.000000e+00 train_decoder_tail=0.000000e+00
I 07.01/10:17:21 train_mapper.py:622 ] epoch=0158 train_loss=3.196718e-03 train_mse=3.194626e-03 train_cos=0.997514 train_nmse=-23.030dB train_rec=1.319851e-06 train_recT=7.721505e-07 train_fc=0.000000e+00 train_decoder_tail=0.000000e+00
I 07.01/10:18:15 train_mapper.py:622 ] epoch=0159 train_loss=3.193188e-03 train_mse=3.191082e-03 train_cos=0.997518 train_nmse=-23.035dB train_rec=1.326848e-06 train_recT=7.791438e-07 train_fc=0.000000e+00 train_decoder_tail=0.000000e+00
I 07.01/10:19:08 train_mapper.py:622 ] epoch=0160 train_loss=3.176947e-03 train_mse=3.174863e-03 train_cos=0.997531 train_nmse=-23.057dB train_rec=1.316100e-06 train_recT=7.682470e-07 train_fc=0.000000e+00 train_decoder_tail=0.000000e+00
I 07.01/10:20:15 train_mapper.py:622 ] epoch=0161 train_loss=3.169260e-03 train_mse=3.167175e-03 train_cos=0.997537 train_nmse=-23.067dB train_rec=1.316630e-06 train_recT=7.685584e-07 train_fc=0.000000e+00 train_decoder_tail=0.000000e+00
I 07.01/10:21:09 train_mapper.py:622 ] epoch=0162 train_loss=3.168039e-03 train_mse=3.165951e-03 train_cos=0.997540 train_nmse=-23.069dB train_rec=1.317418e-06 train_recT=7.698936e-07 train_fc=0.000000e+00 train_decoder_tail=0.000000e+00
I 07.01/10:22:00 train_mapper.py:622 ] epoch=0163 train_loss=3.153319e-03 train_mse=3.151242e-03 train_cos=0.997549 train_nmse=-23.090dB train_rec=1.312759e-06 train_recT=7.647545e-07 train_fc=0.000000e+00 train_decoder_tail=0.000000e+00
I 07.01/10:22:53 train_mapper.py:622 ] epoch=0164 train_loss=3.153496e-03 train_mse=3.151418e-03 train_cos=0.997550 train_nmse=-23.089dB train_rec=1.312799e-06 train_recT=7.652554e-07 train_fc=0.000000e+00 train_decoder_tail=0.000000e+00
I 07.01/10:23:43 train_mapper.py:622 ] epoch=0165 train_loss=3.125949e-03 train_mse=3.123887e-03 train_cos=0.997572 train_nmse=-23.127dB train_rec=1.304917e-06 train_recT=7.570455e-07 train_fc=0.000000e+00 train_decoder_tail=0.000000e+00
I 07.01/10:24:35 train_mapper.py:622 ] epoch=0166 train_loss=3.120906e-03 train_mse=3.118841e-03 train_cos=0.997577 train_nmse=-23.134dB train_rec=1.306058e-06 train_recT=7.585275e-07 train_fc=0.000000e+00 train_decoder_tail=0.000000e+00
I 07.01/10:25:27 train_mapper.py:622 ] epoch=0167 train_loss=3.108543e-03 train_mse=3.106481e-03 train_cos=0.997585 train_nmse=-23.151dB train_rec=1.305147e-06 train_recT=7.571598e-07 train_fc=0.000000e+00 train_decoder_tail=0.000000e+00
I 07.01/10:26:16 train_mapper.py:622 ] epoch=0168 train_loss=3.105273e-03 train_mse=3.103210e-03 train_cos=0.997589 train_nmse=-23.156dB train_rec=1.305630e-06 train_recT=7.578780e-07 train_fc=0.000000e+00 train_decoder_tail=0.000000e+00
I 07.01/10:27:09 train_mapper.py:622 ] epoch=0169 train_loss=3.081396e-03 train_mse=3.079353e-03 train_cos=0.997607 train_nmse=-23.189dB train_rec=1.295334e-06 train_recT=7.472377e-07 train_fc=0.000000e+00 train_decoder_tail=0.000000e+00
I 07.01/10:28:02 train_mapper.py:622 ] epoch=0170 train_loss=3.062191e-03 train_mse=3.060167e-03 train_cos=0.997619 train_nmse=-23.217dB train_rec=1.286072e-06 train_recT=7.382043e-07 train_fc=0.000000e+00 train_decoder_tail=0.000000e+00
I 07.01/10:28:51 train_mapper.py:622 ] epoch=0171 train_loss=3.063006e-03 train_mse=3.060980e-03 train_cos=0.997619 train_nmse=-23.215dB train_rec=1.287045e-06 train_recT=7.391716e-07 train_fc=0.000000e+00 train_decoder_tail=0.000000e+00
I 07.01/10:29:39 train_mapper.py:622 ] epoch=0172 train_loss=3.054337e-03 train_mse=3.052308e-03 train_cos=0.997627 train_nmse=-23.228dB train_rec=1.288467e-06 train_recT=7.404739e-07 train_fc=0.000000e+00 train_decoder_tail=0.000000e+00
I 07.01/10:30:24 train_mapper.py:622 ] epoch=0173 train_loss=3.047445e-03 train_mse=3.045425e-03 train_cos=0.997632 train_nmse=-23.237dB train_rec=1.284168e-06 train_recT=7.360822e-07 train_fc=0.000000e+00 train_decoder_tail=0.000000e+00
I 07.01/10:31:13 train_mapper.py:622 ] epoch=0174 train_loss=3.026967e-03 train_mse=3.024961e-03 train_cos=0.997648 train_nmse=-23.267dB train_rec=1.276568e-06 train_recT=7.288258e-07 train_fc=0.000000e+00 train_decoder_tail=0.000000e+00
I 07.01/10:32:00 train_mapper.py:622 ] epoch=0175 train_loss=3.036107e-03 train_mse=3.034085e-03 train_cos=0.997641 train_nmse=-23.254dB train_rec=1.285079e-06 train_recT=7.370114e-07 train_fc=0.000000e+00 train_decoder_tail=0.000000e+00
I 07.01/10:32:47 train_mapper.py:622 ] epoch=0176 train_loss=3.021278e-03 train_mse=3.019270e-03 train_cos=0.997654 train_nmse=-23.275dB train_rec=1.277773e-06 train_recT=7.300797e-07 train_fc=0.000000e+00 train_decoder_tail=0.000000e+00
I 07.01/10:33:41 train_mapper.py:622 ] epoch=0177 train_loss=3.016399e-03 train_mse=3.014388e-03 train_cos=0.997658 train_nmse=-23.282dB train_rec=1.279696e-06 train_recT=7.315796e-07 train_fc=0.000000e+00 train_decoder_tail=0.000000e+00
I 07.01/10:34:42 train_mapper.py:622 ] epoch=0178 train_loss=3.000672e-03 train_mse=2.998679e-03 train_cos=0.997668 train_nmse=-23.305dB train_rec=1.270278e-06 train_recT=7.224305e-07 train_fc=0.000000e+00 train_decoder_tail=0.000000e+00
I 07.01/10:36:05 train_mapper.py:622 ] epoch=0179 train_loss=2.989177e-03 train_mse=2.987188e-03 train_cos=0.997677 train_nmse=-23.321dB train_rec=1.268349e-06 train_recT=7.204433e-07 train_fc=0.000000e+00 train_decoder_tail=0.000000e+00
I 07.01/10:37:16 train_mapper.py:622 ] epoch=0180 train_loss=2.971918e-03 train_mse=2.969935e-03 train_cos=0.997692 train_nmse=-23.347dB train_rec=1.265241e-06 train_recT=7.171665e-07 train_fc=0.000000e+00 train_decoder_tail=0.000000e+00
I 07.01/10:38:11 train_mapper.py:622 ] epoch=0181 train_loss=2.971601e-03 train_mse=2.969610e-03 train_cos=0.997692 train_nmse=-23.347dB train_rec=1.269779e-06 train_recT=7.216558e-07 train_fc=0.000000e+00 train_decoder_tail=0.000000e+00
I 07.01/10:39:02 train_mapper.py:622 ] epoch=0182 train_loss=2.972251e-03 train_mse=2.970257e-03 train_cos=0.997690 train_nmse=-23.346dB train_rec=1.271230e-06 train_recT=7.231983e-07 train_fc=0.000000e+00 train_decoder_tail=0.000000e+00
I 07.01/10:39:50 train_mapper.py:622 ] epoch=0183 train_loss=2.955758e-03 train_mse=2.953788e-03 train_cos=0.997703 train_nmse=-23.370dB train_rec=1.258907e-06 train_recT=7.108713e-07 train_fc=0.000000e+00 train_decoder_tail=0.000000e+00
I 07.01/10:40:37 train_mapper.py:622 ] epoch=0184 train_loss=2.935954e-03 train_mse=2.933980e-03 train_cos=0.997720 train_nmse=-23.399dB train_rec=1.260947e-06 train_recT=7.128118e-07 train_fc=0.000000e+00 train_decoder_tail=0.000000e+00
I 07.01/10:41:26 train_mapper.py:622 ] epoch=0185 train_loss=2.947837e-03 train_mse=2.945851e-03 train_cos=0.997710 train_nmse=-23.382dB train_rec=1.267070e-06 train_recT=7.190503e-07 train_fc=0.000000e+00 train_decoder_tail=0.000000e+00
I 07.01/10:42:13 train_mapper.py:622 ] epoch=0186 train_loss=2.932083e-03 train_mse=2.930123e-03 train_cos=0.997722 train_nmse=-23.405dB train_rec=1.254291e-06 train_recT=7.060486e-07 train_fc=0.000000e+00 train_decoder_tail=0.000000e+00
I 07.01/10:43:00 train_mapper.py:622 ] epoch=0187 train_loss=2.909084e-03 train_mse=2.907144e-03 train_cos=0.997740 train_nmse=-23.439dB train_rec=1.243805e-06 train_recT=6.959644e-07 train_fc=0.000000e+00 train_decoder_tail=0.000000e+00
I 07.01/10:43:49 train_mapper.py:622 ] epoch=0188 train_loss=2.922783e-03 train_mse=2.920818e-03 train_cos=0.997729 train_nmse=-23.419dB train_rec=1.256079e-06 train_recT=7.081773e-07 train_fc=0.000000e+00 train_decoder_tail=0.000000e+00
I 07.01/10:44:40 train_mapper.py:622 ] epoch=0189 train_loss=2.909403e-03 train_mse=2.907453e-03 train_cos=0.997739 train_nmse=-23.439dB train_rec=1.248875e-06 train_recT=7.003714e-07 train_fc=0.000000e+00 train_decoder_tail=0.000000e+00
I 07.01/10:45:25 train_mapper.py:622 ] epoch=0190 train_loss=2.898148e-03 train_mse=2.896200e-03 train_cos=0.997750 train_nmse=-23.456dB train_rec=1.247808e-06 train_recT=6.998221e-07 train_fc=0.000000e+00 train_decoder_tail=0.000000e+00
I 07.01/10:46:17 train_mapper.py:622 ] epoch=0191 train_loss=2.874859e-03 train_mse=2.872926e-03 train_cos=0.997768 train_nmse=-23.491dB train_rec=1.240734e-06 train_recT=6.925818e-07 train_fc=0.000000e+00 train_decoder_tail=0.000000e+00
I 07.01/10:47:24 train_mapper.py:622 ] epoch=0192 train_loss=2.881886e-03 train_mse=2.879942e-03 train_cos=0.997760 train_nmse=-23.480dB train_rec=1.246270e-06 train_recT=6.981885e-07 train_fc=0.000000e+00 train_decoder_tail=0.000000e+00
I 07.01/10:48:24 train_mapper.py:622 ] epoch=0193 train_loss=2.870038e-03 train_mse=2.868098e-03 train_cos=0.997771 train_nmse=-23.498dB train_rec=1.244107e-06 train_recT=6.958668e-07 train_fc=0.000000e+00 train_decoder_tail=0.000000e+00
I 07.01/10:49:11 train_mapper.py:622 ] epoch=0194 train_loss=2.861967e-03 train_mse=2.860031e-03 train_cos=0.997778 train_nmse=-23.510dB train_rec=1.241837e-06 train_recT=6.938587e-07 train_fc=0.000000e+00 train_decoder_tail=0.000000e+00
I 07.01/10:49:50 train_mapper.py:622 ] epoch=0195 train_loss=2.855579e-03 train_mse=2.853665e-03 train_cos=0.997782 train_nmse=-23.520dB train_rec=1.231193e-06 train_recT=6.828254e-07 train_fc=0.000000e+00 train_decoder_tail=0.000000e+00
I 07.01/10:50:40 train_mapper.py:622 ] epoch=0196 train_loss=2.843192e-03 train_mse=2.841269e-03 train_cos=0.997792 train_nmse=-23.539dB train_rec=1.235783e-06 train_recT=6.875700e-07 train_fc=0.000000e+00 train_decoder_tail=0.000000e+00
I 07.01/10:51:42 train_mapper.py:622 ] epoch=0197 train_loss=2.839463e-03 train_mse=2.837549e-03 train_cos=0.997795 train_nmse=-23.544dB train_rec=1.230874e-06 train_recT=6.826836e-07 train_fc=0.000000e+00 train_decoder_tail=0.000000e+00
I 07.01/10:52:58 train_mapper.py:622 ] epoch=0198 train_loss=2.847419e-03 train_mse=2.845494e-03 train_cos=0.997788 train_nmse=-23.533dB train_rec=1.236753e-06 train_recT=6.887055e-07 train_fc=0.000000e+00 train_decoder_tail=0.000000e+00
I 07.01/10:53:50 train_mapper.py:622 ] epoch=0199 train_loss=2.822582e-03 train_mse=2.820684e-03 train_cos=0.997807 train_nmse=-23.571dB train_rec=1.223302e-06 train_recT=6.751194e-07 train_fc=0.000000e+00 train_decoder_tail=0.000000e+00
I 07.01/10:54:44 train_mapper.py:622 ] epoch=0200 train_loss=2.804943e-03 train_mse=2.803049e-03 train_cos=0.997821 train_nmse=-23.598dB train_rec=1.220970e-06 train_recT=6.731028e-07 train_fc=0.000000e+00 train_decoder_tail=0.000000e+00
I 07.01/10:55:30 train_mapper.py:622 ] epoch=0201 train_loss=2.810397e-03 train_mse=2.808490e-03 train_cos=0.997817 train_nmse=-23.589dB train_rec=1.227853e-06 train_recT=6.800281e-07 train_fc=0.000000e+00 train_decoder_tail=0.000000e+00
I 07.01/10:56:21 train_mapper.py:622 ] epoch=0202 train_loss=2.801537e-03 train_mse=2.799639e-03 train_cos=0.997825 train_nmse=-23.603dB train_rec=1.222831e-06 train_recT=6.751510e-07 train_fc=0.000000e+00 train_decoder_tail=0.000000e+00
I 07.01/10:57:16 train_mapper.py:622 ] epoch=0203 train_loss=2.800347e-03 train_mse=2.798445e-03 train_cos=0.997824 train_nmse=-23.605dB train_rec=1.224787e-06 train_recT=6.765005e-07 train_fc=0.000000e+00 train_decoder_tail=0.000000e+00
I 07.01/10:58:15 train_mapper.py:622 ] epoch=0204 train_loss=2.778913e-03 train_mse=2.777030e-03 train_cos=0.997843 train_nmse=-23.638dB train_rec=1.215902e-06 train_recT=6.676362e-07 train_fc=0.000000e+00 train_decoder_tail=0.000000e+00
I 07.01/10:59:04 train_mapper.py:622 ] epoch=0205 train_loss=2.784311e-03 train_mse=2.782414e-03 train_cos=0.997837 train_nmse=-23.630dB train_rec=1.222391e-06 train_recT=6.742405e-07 train_fc=0.000000e+00 train_decoder_tail=0.000000e+00
I 07.01/11:00:01 train_mapper.py:622 ] epoch=0206 train_loss=2.772847e-03 train_mse=2.770960e-03 train_cos=0.997846 train_nmse=-23.648dB train_rec=1.217831e-06 train_recT=6.694983e-07 train_fc=0.000000e+00 train_decoder_tail=0.000000e+00
I 07.01/11:01:12 train_mapper.py:622 ] epoch=0207 train_loss=2.760309e-03 train_mse=2.758437e-03 train_cos=0.997857 train_nmse=-23.667dB train_rec=1.210314e-06 train_recT=6.621551e-07 train_fc=0.000000e+00 train_decoder_tail=0.000000e+00
I 07.01/11:02:09 train_mapper.py:622 ] epoch=0208 train_loss=2.745353e-03 train_mse=2.743477e-03 train_cos=0.997868 train_nmse=-23.691dB train_rec=1.211940e-06 train_recT=6.639588e-07 train_fc=0.000000e+00 train_decoder_tail=0.000000e+00
I 07.01/11:03:01 train_mapper.py:622 ] epoch=0209 train_loss=2.749785e-03 train_mse=2.747919e-03 train_cos=0.997865 train_nmse=-23.684dB train_rec=1.206871e-06 train_recT=6.585558e-07 train_fc=0.000000e+00 train_decoder_tail=0.000000e+00
I 07.01/11:03:59 train_mapper.py:622 ] epoch=0210 train_loss=2.734199e-03 train_mse=2.732335e-03 train_cos=0.997878 train_nmse=-23.709dB train_rec=1.206030e-06 train_recT=6.580431e-07 train_fc=0.000000e+00 train_decoder_tail=0.000000e+00
I 07.01/11:05:03 train_mapper.py:622 ] epoch=0211 train_loss=2.731143e-03 train_mse=2.729287e-03 train_cos=0.997879 train_nmse=-23.714dB train_rec=1.202183e-06 train_recT=6.536662e-07 train_fc=0.000000e+00 train_decoder_tail=0.000000e+00
I 07.01/11:06:23 train_mapper.py:622 ] epoch=0212 train_loss=2.732680e-03 train_mse=2.730819e-03 train_cos=0.997877 train_nmse=-23.711dB train_rec=1.204903e-06 train_recT=6.568289e-07 train_fc=0.000000e+00 train_decoder_tail=0.000000e+00
I 07.01/11:07:14 train_mapper.py:622 ] epoch=0213 train_loss=2.724758e-03 train_mse=2.722894e-03 train_cos=0.997884 train_nmse=-23.724dB train_rec=1.205804e-06 train_recT=6.573830e-07 train_fc=0.000000e+00 train_decoder_tail=0.000000e+00
I 07.01/11:08:29 train_mapper.py:622 ] epoch=0214 train_loss=2.715715e-03 train_mse=2.713865e-03 train_cos=0.997892 train_nmse=-23.738dB train_rec=1.198860e-06 train_recT=6.506981e-07 train_fc=0.000000e+00 train_decoder_tail=0.000000e+00
I 07.01/11:09:47 train_mapper.py:622 ] epoch=0215 train_loss=2.714405e-03 train_mse=2.712548e-03 train_cos=0.997893 train_nmse=-23.740dB train_rec=1.202302e-06 train_recT=6.540179e-07 train_fc=0.000000e+00 train_decoder_tail=0.000000e+00
I 07.01/11:10:39 train_mapper.py:622 ] epoch=0216 train_loss=2.710895e-03 train_mse=2.709043e-03 train_cos=0.997895 train_nmse=-23.746dB train_rec=1.199718e-06 train_recT=6.516386e-07 train_fc=0.000000e+00 train_decoder_tail=0.000000e+00
I 07.01/11:11:30 train_mapper.py:622 ] epoch=0217 train_loss=2.702612e-03 train_mse=2.700763e-03 train_cos=0.997902 train_nmse=-23.759dB train_rec=1.198977e-06 train_recT=6.505326e-07 train_fc=0.000000e+00 train_decoder_tail=0.000000e+00
I 07.01/11:12:43 train_mapper.py:622 ] epoch=0218 train_loss=2.686232e-03 train_mse=2.684385e-03 train_cos=0.997915 train_nmse=-23.786dB train_rec=1.197674e-06 train_recT=6.496900e-07 train_fc=0.000000e+00 train_decoder_tail=0.000000e+00
I 07.01/11:13:44 train_mapper.py:622 ] epoch=0219 train_loss=2.681506e-03 train_mse=2.679658e-03 train_cos=0.997919 train_nmse=-23.793dB train_rec=1.198435e-06 train_recT=6.499929e-07 train_fc=0.000000e+00 train_decoder_tail=0.000000e+00
I 07.01/11:14:31 train_mapper.py:622 ] epoch=0220 train_loss=2.663030e-03 train_mse=2.661196e-03 train_cos=0.997933 train_nmse=-23.823dB train_rec=1.190867e-06 train_recT=6.426457e-07 train_fc=0.000000e+00 train_decoder_tail=0.000000e+00
I 07.01/11:15:20 train_mapper.py:622 ] epoch=0221 train_loss=2.657516e-03 train_mse=2.655689e-03 train_cos=0.997937 train_nmse=-23.832dB train_rec=1.187900e-06 train_recT=6.392510e-07 train_fc=0.000000e+00 train_decoder_tail=0.000000e+00
I 07.01/11:16:29 train_mapper.py:622 ] epoch=0222 train_loss=2.654449e-03 train_mse=2.652627e-03 train_cos=0.997938 train_nmse=-23.837dB train_rec=1.185170e-06 train_recT=6.371345e-07 train_fc=0.000000e+00 train_decoder_tail=0.000000e+00
I 07.01/11:17:25 train_mapper.py:622 ] epoch=0223 train_loss=2.642001e-03 train_mse=2.640184e-03 train_cos=0.997949 train_nmse=-23.858dB train_rec=1.182734e-06 train_recT=6.343589e-07 train_fc=0.000000e+00 train_decoder_tail=0.000000e+00
I 07.01/11:18:27 train_mapper.py:622 ] epoch=0224 train_loss=2.643788e-03 train_mse=2.641974e-03 train_cos=0.997946 train_nmse=-23.855dB train_rec=1.181311e-06 train_recT=6.330843e-07 train_fc=0.000000e+00 train_decoder_tail=0.000000e+00
I 07.01/11:19:30 train_mapper.py:622 ] epoch=0225 train_loss=2.647217e-03 train_mse=2.645392e-03 train_cos=0.997945 train_nmse=-23.849dB train_rec=1.186674e-06 train_recT=6.383644e-07 train_fc=0.000000e+00 train_decoder_tail=0.000000e+00
I 07.01/11:20:24 train_mapper.py:622 ] epoch=0226 train_loss=2.626912e-03 train_mse=2.625108e-03 train_cos=0.997960 train_nmse=-23.883dB train_rec=1.175789e-06 train_recT=6.275359e-07 train_fc=0.000000e+00 train_decoder_tail=0.000000e+00
I 07.01/11:21:17 train_mapper.py:622 ] epoch=0227 train_loss=2.625130e-03 train_mse=2.623321e-03 train_cos=0.997963 train_nmse=-23.885dB train_rec=1.178494e-06 train_recT=6.300876e-07 train_fc=0.000000e+00 train_decoder_tail=0.000000e+00
I 07.01/11:22:09 train_mapper.py:622 ] epoch=0228 train_loss=2.629592e-03 train_mse=2.627769e-03 train_cos=0.997959 train_nmse=-23.878dB train_rec=1.185184e-06 train_recT=6.371124e-07 train_fc=0.000000e+00 train_decoder_tail=0.000000e+00
I 07.01/11:22:57 train_mapper.py:622 ] epoch=0229 train_loss=2.617655e-03 train_mse=2.615845e-03 train_cos=0.997970 train_nmse=-23.898dB train_rec=1.179193e-06 train_recT=6.309741e-07 train_fc=0.000000e+00 train_decoder_tail=0.000000e+00
I 07.01/11:23:47 train_mapper.py:622 ] epoch=0230 train_loss=2.606128e-03 train_mse=2.604330e-03 train_cos=0.997978 train_nmse=-23.917dB train_rec=1.173280e-06 train_recT=6.252872e-07 train_fc=0.000000e+00 train_decoder_tail=0.000000e+00
I 07.01/11:24:49 train_mapper.py:622 ] epoch=0231 train_loss=2.603493e-03 train_mse=2.601696e-03 train_cos=0.997979 train_nmse=-23.921dB train_rec=1.172347e-06 train_recT=6.239077e-07 train_fc=0.000000e+00 train_decoder_tail=0.000000e+00
I 07.01/11:25:42 train_mapper.py:622 ] epoch=0232 train_loss=2.595662e-03 train_mse=2.593863e-03 train_cos=0.997988 train_nmse=-23.935dB train_rec=1.173785e-06 train_recT=6.254715e-07 train_fc=0.000000e+00 train_decoder_tail=0.000000e+00
I 07.01/11:26:43 train_mapper.py:622 ] epoch=0233 train_loss=2.596785e-03 train_mse=2.594991e-03 train_cos=0.997986 train_nmse=-23.933dB train_rec=1.170960e-06 train_recT=6.224734e-07 train_fc=0.000000e+00 train_decoder_tail=0.000000e+00
I 07.01/11:27:57 train_mapper.py:622 ] epoch=0234 train_loss=2.597508e-03 train_mse=2.595703e-03 train_cos=0.997986 train_nmse=-23.932dB train_rec=1.176713e-06 train_recT=6.285658e-07 train_fc=0.000000e+00 train_decoder_tail=0.000000e+00
I 07.01/11:28:45 train_mapper.py:622 ] epoch=0235 train_loss=2.577315e-03 train_mse=2.575531e-03 train_cos=0.998001 train_nmse=-23.965dB train_rec=1.165831e-06 train_recT=6.176476e-07 train_fc=0.000000e+00 train_decoder_tail=0.000000e+00
I 07.01/11:29:44 train_mapper.py:622 ] epoch=0236 train_loss=2.566627e-03 train_mse=2.564841e-03 train_cos=0.998010 train_nmse=-23.984dB train_rec=1.166937e-06 train_recT=6.185589e-07 train_fc=0.000000e+00 train_decoder_tail=0.000000e+00
I 07.01/11:30:45 train_mapper.py:622 ] epoch=0237 train_loss=2.569019e-03 train_mse=2.567238e-03 train_cos=0.998006 train_nmse=-23.979dB train_rec=1.164488e-06 train_recT=6.161460e-07 train_fc=0.000000e+00 train_decoder_tail=0.000000e+00
I 07.01/11:31:33 train_mapper.py:622 ] epoch=0238 train_loss=2.560342e-03 train_mse=2.558562e-03 train_cos=0.998013 train_nmse=-23.994dB train_rec=1.163909e-06 train_recT=6.158531e-07 train_fc=0.000000e+00 train_decoder_tail=0.000000e+00
I 07.01/11:32:24 train_mapper.py:622 ] epoch=0239 train_loss=2.547775e-03 train_mse=2.546010e-03 train_cos=0.998023 train_nmse=-24.015dB train_rec=1.156568e-06 train_recT=6.081811e-07 train_fc=0.000000e+00 train_decoder_tail=0.000000e+00
I 07.01/11:33:20 train_mapper.py:622 ] epoch=0240 train_loss=2.532003e-03 train_mse=2.530245e-03 train_cos=0.998036 train_nmse=-24.042dB train_rec=1.153191e-06 train_recT=6.048863e-07 train_fc=0.000000e+00 train_decoder_tail=0.000000e+00
I 07.01/11:34:14 train_mapper.py:622 ] epoch=0241 train_loss=2.546686e-03 train_mse=2.544905e-03 train_cos=0.998024 train_nmse=-24.017dB train_rec=1.164539e-06 train_recT=6.163427e-07 train_fc=0.000000e+00 train_decoder_tail=0.000000e+00
I 07.01/11:35:28 train_mapper.py:622 ] epoch=0242 train_loss=2.546739e-03 train_mse=2.544958e-03 train_cos=0.998025 train_nmse=-24.017dB train_rec=1.164736e-06 train_recT=6.163880e-07 train_fc=0.000000e+00 train_decoder_tail=0.000000e+00
I 07.01/11:36:48 train_mapper.py:622 ] epoch=0243 train_loss=2.533775e-03 train_mse=2.532003e-03 train_cos=0.998035 train_nmse=-24.040dB train_rec=1.160678e-06 train_recT=6.121248e-07 train_fc=0.000000e+00 train_decoder_tail=0.000000e+00
I 07.01/11:38:07 train_mapper.py:622 ] epoch=0244 train_loss=2.521305e-03 train_mse=2.519550e-03 train_cos=0.998044 train_nmse=-24.061dB train_rec=1.151420e-06 train_recT=6.031304e-07 train_fc=0.000000e+00 train_decoder_tail=0.000000e+00
I 07.01/11:38:58 train_mapper.py:622 ] epoch=0245 train_loss=2.507881e-03 train_mse=2.506137e-03 train_cos=0.998054 train_nmse=-24.084dB train_rec=1.145908e-06 train_recT=5.975483e-07 train_fc=0.000000e+00 train_decoder_tail=0.000000e+00
I 07.01/11:40:00 train_mapper.py:622 ] epoch=0246 train_loss=2.496912e-03 train_mse=2.495177e-03 train_cos=0.998060 train_nmse=-24.103dB train_rec=1.141826e-06 train_recT=5.936224e-07 train_fc=0.000000e+00 train_decoder_tail=0.000000e+00
I 07.01/11:41:17 train_mapper.py:622 ] epoch=0247 train_loss=2.498289e-03 train_mse=2.496550e-03 train_cos=0.998060 train_nmse=-24.100dB train_rec=1.143276e-06 train_recT=5.948435e-07 train_fc=0.000000e+00 train_decoder_tail=0.000000e+00
I 07.01/11:42:23 train_mapper.py:622 ] epoch=0248 train_loss=2.490836e-03 train_mse=2.489095e-03 train_cos=0.998067 train_nmse=-24.114dB train_rec=1.144870e-06 train_recT=5.965533e-07 train_fc=0.000000e+00 train_decoder_tail=0.000000e+00
I 07.01/11:43:09 train_mapper.py:622 ] epoch=0249 train_loss=2.504355e-03 train_mse=2.502602e-03 train_cos=0.998058 train_nmse=-24.090dB train_rec=1.151023e-06 train_recT=6.026364e-07 train_fc=0.000000e+00 train_decoder_tail=0.000000e+00
I 07.01/11:43:52 train_mapper.py:622 ] epoch=0250 train_loss=2.497951e-03 train_mse=2.496203e-03 train_cos=0.998063 train_nmse=-24.101dB train_rec=1.147606e-06 train_recT=5.996029e-07 train_fc=0.000000e+00 train_decoder_tail=0.000000e+00
I 07.01/11:44:35 train_mapper.py:622 ] epoch=0251 train_loss=2.486446e-03 train_mse=2.484709e-03 train_cos=0.998072 train_nmse=-24.121dB train_rec=1.142848e-06 train_recT=5.945132e-07 train_fc=0.000000e+00 train_decoder_tail=0.000000e+00
I 07.01/11:45:31 train_mapper.py:622 ] epoch=0252 train_loss=2.484710e-03 train_mse=2.482963e-03 train_cos=0.998074 train_nmse=-24.124dB train_rec=1.147303e-06 train_recT=5.992721e-07 train_fc=0.000000e+00 train_decoder_tail=0.000000e+00
I 07.01/11:46:18 train_mapper.py:622 ] epoch=0253 train_loss=2.481633e-03 train_mse=2.479893e-03 train_cos=0.998076 train_nmse=-24.130dB train_rec=1.143990e-06 train_recT=5.956208e-07 train_fc=0.000000e+00 train_decoder_tail=0.000000e+00
I 07.01/11:47:06 train_mapper.py:622 ] epoch=0254 train_loss=2.471203e-03 train_mse=2.469472e-03 train_cos=0.998084 train_nmse=-24.148dB train_rec=1.139787e-06 train_recT=5.914828e-07 train_fc=0.000000e+00 train_decoder_tail=0.000000e+00
I 07.01/11:47:48 train_mapper.py:622 ] epoch=0255 train_loss=2.470206e-03 train_mse=2.468476e-03 train_cos=0.998085 train_nmse=-24.150dB train_rec=1.139108e-06 train_recT=5.909789e-07 train_fc=0.000000e+00 train_decoder_tail=0.000000e+00
I 07.01/11:48:36 train_mapper.py:622 ] epoch=0256 train_loss=2.465093e-03 train_mse=2.463365e-03 train_cos=0.998088 train_nmse=-24.159dB train_rec=1.138309e-06 train_recT=5.899354e-07 train_fc=0.000000e+00 train_decoder_tail=0.000000e+00
I 07.01/11:49:21 train_mapper.py:622 ] epoch=0257 train_loss=2.449809e-03 train_mse=2.448084e-03 train_cos=0.998100 train_nmse=-24.186dB train_rec=1.136904e-06 train_recT=5.886244e-07 train_fc=0.000000e+00 train_decoder_tail=0.000000e+00
I 07.01/11:50:31 train_mapper.py:622 ] epoch=0258 train_loss=2.439734e-03 train_mse=2.438017e-03 train_cos=0.998106 train_nmse=-24.204dB train_rec=1.132651e-06 train_recT=5.845090e-07 train_fc=0.000000e+00 train_decoder_tail=0.000000e+00
I 07.01/11:51:22 train_mapper.py:622 ] epoch=0259 train_loss=2.429926e-03 train_mse=2.428223e-03 train_cos=0.998115 train_nmse=-24.221dB train_rec=1.126141e-06 train_recT=5.776335e-07 train_fc=0.000000e+00 train_decoder_tail=0.000000e+00
I 07.01/11:52:07 train_mapper.py:622 ] epoch=0260 train_loss=2.429899e-03 train_mse=2.428192e-03 train_cos=0.998115 train_nmse=-24.221dB train_rec=1.127459e-06 train_recT=5.792085e-07 train_fc=0.000000e+00 train_decoder_tail=0.000000e+00
I 07.01/11:52:53 train_mapper.py:622 ] epoch=0261 train_loss=2.425404e-03 train_mse=2.423699e-03 train_cos=0.998118 train_nmse=-24.230dB train_rec=1.126846e-06 train_recT=5.784087e-07 train_fc=0.000000e+00 train_decoder_tail=0.000000e+00
I 07.01/11:53:58 train_mapper.py:622 ] epoch=0262 train_loss=2.426847e-03 train_mse=2.425142e-03 train_cos=0.998117 train_nmse=-24.227dB train_rec=1.126539e-06 train_recT=5.784806e-07 train_fc=0.000000e+00 train_decoder_tail=0.000000e+00
I 07.01/11:55:08 train_mapper.py:622 ] epoch=0263 train_loss=2.427369e-03 train_mse=2.425658e-03 train_cos=0.998117 train_nmse=-24.226dB train_rec=1.129660e-06 train_recT=5.813865e-07 train_fc=0.000000e+00 train_decoder_tail=0.000000e+00
I 07.01/11:55:56 train_mapper.py:622 ] epoch=0264 train_loss=2.413357e-03 train_mse=2.411660e-03 train_cos=0.998130 train_nmse=-24.251dB train_rec=1.122872e-06 train_recT=5.742125e-07 train_fc=0.000000e+00 train_decoder_tail=0.000000e+00
I 07.01/11:56:47 train_mapper.py:622 ] epoch=0265 train_loss=2.410052e-03 train_mse=2.408352e-03 train_cos=0.998132 train_nmse=-24.257dB train_rec=1.124455e-06 train_recT=5.759251e-07 train_fc=0.000000e+00 train_decoder_tail=0.000000e+00
I 07.01/11:57:53 train_mapper.py:622 ] epoch=0266 train_loss=2.408617e-03 train_mse=2.406913e-03 train_cos=0.998133 train_nmse=-24.259dB train_rec=1.125995e-06 train_recT=5.778304e-07 train_fc=0.000000e+00 train_decoder_tail=0.000000e+00
I 07.01/11:58:42 train_mapper.py:622 ] epoch=0267 train_loss=2.404271e-03 train_mse=2.402575e-03 train_cos=0.998136 train_nmse=-24.267dB train_rec=1.122474e-06 train_recT=5.739355e-07 train_fc=0.000000e+00 train_decoder_tail=0.000000e+00
I 07.01/11:59:27 train_mapper.py:622 ] epoch=0268 train_loss=2.399491e-03 train_mse=2.397794e-03 train_cos=0.998140 train_nmse=-24.276dB train_rec=1.122739e-06 train_recT=5.746263e-07 train_fc=0.000000e+00 train_decoder_tail=0.000000e+00
I 07.01/12:00:20 train_mapper.py:622 ] epoch=0269 train_loss=2.391473e-03 train_mse=2.389783e-03 train_cos=0.998145 train_nmse=-24.290dB train_rec=1.119085e-06 train_recT=5.706484e-07 train_fc=0.000000e+00 train_decoder_tail=0.000000e+00
I 07.01/12:01:35 train_mapper.py:622 ] epoch=0270 train_loss=2.383441e-03 train_mse=2.381757e-03 train_cos=0.998151 train_nmse=-24.305dB train_rec=1.116238e-06 train_recT=5.677355e-07 train_fc=0.000000e+00 train_decoder_tail=0.000000e+00
I 07.01/12:02:29 train_mapper.py:622 ] epoch=0271 train_loss=2.387611e-03 train_mse=2.385914e-03 train_cos=0.998149 train_nmse=-24.297dB train_rec=1.122790e-06 train_recT=5.745023e-07 train_fc=0.000000e+00 train_decoder_tail=0.000000e+00
I 07.01/12:03:17 train_mapper.py:622 ] epoch=0272 train_loss=2.381273e-03 train_mse=2.379588e-03 train_cos=0.998154 train_nmse=-24.309dB train_rec=1.116935e-06 train_recT=5.686706e-07 train_fc=0.000000e+00 train_decoder_tail=0.000000e+00
I 07.01/12:04:07 train_mapper.py:622 ] epoch=0273 train_loss=2.381074e-03 train_mse=2.379388e-03 train_cos=0.998153 train_nmse=-24.309dB train_rec=1.117327e-06 train_recT=5.690262e-07 train_fc=0.000000e+00 train_decoder_tail=0.000000e+00
I 07.01/12:04:57 train_mapper.py:622 ] epoch=0274 train_loss=2.361552e-03 train_mse=2.359876e-03 train_cos=0.998169 train_nmse=-24.345dB train_rec=1.112141e-06 train_recT=5.636124e-07 train_fc=0.000000e+00 train_decoder_tail=0.000000e+00
I 07.01/12:06:12 train_mapper.py:622 ] epoch=0275 train_loss=2.364850e-03 train_mse=2.363170e-03 train_cos=0.998166 train_nmse=-24.339dB train_rec=1.114021e-06 train_recT=5.656269e-07 train_fc=0.000000e+00 train_decoder_tail=0.000000e+00
I 07.01/12:07:22 train_mapper.py:622 ] epoch=0276 train_loss=2.358470e-03 train_mse=2.356800e-03 train_cos=0.998171 train_nmse=-24.351dB train_rec=1.109429e-06 train_recT=5.610878e-07 train_fc=0.000000e+00 train_decoder_tail=0.000000e+00
I 07.01/12:08:36 train_mapper.py:622 ] epoch=0277 train_loss=2.352167e-03 train_mse=2.350504e-03 train_cos=0.998176 train_nmse=-24.362dB train_rec=1.105862e-06 train_recT=5.575910e-07 train_fc=0.000000e+00 train_decoder_tail=0.000000e+00
I 07.01/12:09:52 train_mapper.py:622 ] epoch=0278 train_loss=2.350164e-03 train_mse=2.348493e-03 train_cos=0.998179 train_nmse=-24.366dB train_rec=1.109573e-06 train_recT=5.612131e-07 train_fc=0.000000e+00 train_decoder_tail=0.000000e+00
I 07.01/12:10:43 train_mapper.py:622 ] epoch=0279 train_loss=2.342562e-03 train_mse=2.340904e-03 train_cos=0.998182 train_nmse=-24.380dB train_rec=1.103290e-06 train_recT=5.550933e-07 train_fc=0.000000e+00 train_decoder_tail=0.000000e+00
I 07.01/12:11:56 train_mapper.py:622 ] epoch=0280 train_loss=2.332132e-03 train_mse=2.330472e-03 train_cos=0.998190 train_nmse=-24.400dB train_rec=1.104033e-06 train_recT=5.556757e-07 train_fc=0.000000e+00 train_decoder_tail=0.000000e+00
I 07.01/12:13:15 train_mapper.py:622 ] epoch=0281 train_loss=2.328385e-03 train_mse=2.326726e-03 train_cos=0.998194 train_nmse=-24.406dB train_rec=1.103522e-06 train_recT=5.551661e-07 train_fc=0.000000e+00 train_decoder_tail=0.000000e+00
I 07.01/12:14:20 train_mapper.py:622 ] epoch=0282 train_loss=2.325327e-03 train_mse=2.323667e-03 train_cos=0.998198 train_nmse=-24.412dB train_rec=1.104457e-06 train_recT=5.560384e-07 train_fc=0.000000e+00 train_decoder_tail=0.000000e+00
I 07.01/12:15:26 train_mapper.py:622 ] epoch=0283 train_loss=2.328516e-03 train_mse=2.326858e-03 train_cos=0.998194 train_nmse=-24.406dB train_rec=1.103032e-06 train_recT=5.547853e-07 train_fc=0.000000e+00 train_decoder_tail=0.000000e+00
I 07.01/12:16:27 train_mapper.py:622 ] epoch=0284 train_loss=2.315081e-03 train_mse=2.313434e-03 train_cos=0.998205 train_nmse=-24.431dB train_rec=1.097891e-06 train_recT=5.495094e-07 train_fc=0.000000e+00 train_decoder_tail=0.000000e+00
I 07.01/12:17:33 train_mapper.py:622 ] epoch=0285 train_loss=2.319950e-03 train_mse=2.318296e-03 train_cos=0.998201 train_nmse=-24.422dB train_rec=1.101371e-06 train_recT=5.529976e-07 train_fc=0.000000e+00 train_decoder_tail=0.000000e+00
I 07.01/12:18:43 train_mapper.py:622 ] epoch=0286 train_loss=2.319819e-03 train_mse=2.318164e-03 train_cos=0.998202 train_nmse=-24.423dB train_rec=1.102072e-06 train_recT=5.535643e-07 train_fc=0.000000e+00 train_decoder_tail=0.000000e+00
I 07.01/12:19:26 train_mapper.py:622 ] epoch=0287 train_loss=2.307640e-03 train_mse=2.305991e-03 train_cos=0.998211 train_nmse=-24.446dB train_rec=1.099000e-06 train_recT=5.505910e-07 train_fc=0.000000e+00 train_decoder_tail=0.000000e+00
I 07.01/12:20:14 train_mapper.py:622 ] epoch=0288 train_loss=2.310098e-03 train_mse=2.308445e-03 train_cos=0.998210 train_nmse=-24.441dB train_rec=1.100248e-06 train_recT=5.520005e-07 train_fc=0.000000e+00 train_decoder_tail=0.000000e+00
I 07.01/12:20:56 train_mapper.py:622 ] epoch=0289 train_loss=2.305341e-03 train_mse=2.303693e-03 train_cos=0.998213 train_nmse=-24.450dB train_rec=1.098371e-06 train_recT=5.499798e-07 train_fc=0.000000e+00 train_decoder_tail=0.000000e+00
I 07.01/12:21:56 train_mapper.py:622 ] epoch=0290 train_loss=2.305770e-03 train_mse=2.304114e-03 train_cos=0.998212 train_nmse=-24.449dB train_rec=1.101955e-06 train_recT=5.535650e-07 train_fc=0.000000e+00 train_decoder_tail=0.000000e+00
I 07.01/12:22:41 train_mapper.py:622 ] epoch=0291 train_loss=2.285565e-03 train_mse=2.283931e-03 train_cos=0.998228 train_nmse=-24.487dB train_rec=1.091076e-06 train_recT=5.427062e-07 train_fc=0.000000e+00 train_decoder_tail=0.000000e+00
I 07.01/12:23:22 train_mapper.py:622 ] epoch=0292 train_loss=2.272664e-03 train_mse=2.271040e-03 train_cos=0.998238 train_nmse=-24.512dB train_rec=1.085833e-06 train_recT=5.374737e-07 train_fc=0.000000e+00 train_decoder_tail=0.000000e+00
I 07.01/12:24:06 train_mapper.py:622 ] epoch=0293 train_loss=2.281407e-03 train_mse=2.279772e-03 train_cos=0.998230 train_nmse=-24.496dB train_rec=1.091794e-06 train_recT=5.431416e-07 train_fc=0.000000e+00 train_decoder_tail=0.000000e+00
I 07.01/12:24:58 train_mapper.py:622 ] epoch=0294 train_loss=2.276404e-03 train_mse=2.274778e-03 train_cos=0.998235 train_nmse=-24.505dB train_rec=1.087556e-06 train_recT=5.388640e-07 train_fc=0.000000e+00 train_decoder_tail=0.000000e+00
I 07.01/12:26:07 train_mapper.py:622 ] epoch=0295 train_loss=2.281648e-03 train_mse=2.280012e-03 train_cos=0.998231 train_nmse=-24.495dB train_rec=1.091982e-06 train_recT=5.436595e-07 train_fc=0.000000e+00 train_decoder_tail=0.000000e+00
I 07.01/12:27:11 train_mapper.py:622 ] epoch=0296 train_loss=2.275650e-03 train_mse=2.274026e-03 train_cos=0.998236 train_nmse=-24.506dB train_rec=1.086631e-06 train_recT=5.380978e-07 train_fc=0.000000e+00 train_decoder_tail=0.000000e+00
I 07.01/12:27:47 train_mapper.py:622 ] epoch=0297 train_loss=2.265959e-03 train_mse=2.264335e-03 train_cos=0.998243 train_nmse=-24.525dB train_rec=1.086072e-06 train_recT=5.378273e-07 train_fc=0.000000e+00 train_decoder_tail=0.000000e+00
I 07.01/12:28:27 train_mapper.py:622 ] epoch=0298 train_loss=2.255371e-03 train_mse=2.253754e-03 train_cos=0.998251 train_nmse=-24.545dB train_rec=1.082707e-06 train_recT=5.342391e-07 train_fc=0.000000e+00 train_decoder_tail=0.000000e+00
I 07.01/12:29:08 train_mapper.py:622 ] epoch=0299 train_loss=2.256101e-03 train_mse=2.254481e-03 train_cos=0.998250 train_nmse=-24.544dB train_rec=1.084342e-06 train_recT=5.357168e-07 train_fc=0.000000e+00 train_decoder_tail=0.000000e+00
I 07.01/12:29:48 train_mapper.py:622 ] epoch=0300 train_loss=2.248062e-03 train_mse=2.246452e-03 train_cos=0.998257 train_nmse=-24.559dB train_rec=1.079372e-06 train_recT=5.309547e-07 train_fc=0.000000e+00 train_decoder_tail=0.000000e+00
I 07.01/12:30:30 train_mapper.py:622 ] epoch=0301 train_loss=2.243149e-03 train_mse=2.241539e-03 train_cos=0.998261 train_nmse=-24.568dB train_rec=1.079517e-06 train_recT=5.309792e-07 train_fc=0.000000e+00 train_decoder_tail=0.000000e+00
I 07.01/12:31:04 train_mapper.py:622 ] epoch=0302 train_loss=2.242278e-03 train_mse=2.240663e-03 train_cos=0.998261 train_nmse=-24.570dB train_rec=1.081320e-06 train_recT=5.331529e-07 train_fc=0.000000e+00 train_decoder_tail=0.000000e+00
I 07.01/12:31:40 train_mapper.py:622 ] epoch=0303 train_loss=2.243562e-03 train_mse=2.241949e-03 train_cos=0.998260 train_nmse=-24.568dB train_rec=1.080663e-06 train_recT=5.321102e-07 train_fc=0.000000e+00 train_decoder_tail=0.000000e+00
I 07.01/12:32:15 train_mapper.py:622 ] epoch=0304 train_loss=2.236154e-03 train_mse=2.234548e-03 train_cos=0.998265 train_nmse=-24.582dB train_rec=1.076816e-06 train_recT=5.285405e-07 train_fc=0.000000e+00 train_decoder_tail=0.000000e+00
I 07.01/12:33:08 train_mapper.py:622 ] epoch=0305 train_loss=2.233464e-03 train_mse=2.231858e-03 train_cos=0.998268 train_nmse=-24.587dB train_rec=1.077397e-06 train_recT=5.287867e-07 train_fc=0.000000e+00 train_decoder_tail=0.000000e+00
I 07.01/12:34:04 train_mapper.py:622 ] epoch=0306 train_loss=2.235780e-03 train_mse=2.234166e-03 train_cos=0.998266 train_nmse=-24.583dB train_rec=1.080861e-06 train_recT=5.326729e-07 train_fc=0.000000e+00 train_decoder_tail=0.000000e+00
I 07.01/12:34:32 train_mapper.py:622 ] epoch=0307 train_loss=2.230028e-03 train_mse=2.228421e-03 train_cos=0.998272 train_nmse=-24.594dB train_rec=1.077758e-06 train_recT=5.293242e-07 train_fc=0.000000e+00 train_decoder_tail=0.000000e+00
I 07.01/12:35:00 train_mapper.py:622 ] epoch=0308 train_loss=2.232618e-03 train_mse=2.230997e-03 train_cos=0.998269 train_nmse=-24.589dB train_rec=1.084541e-06 train_recT=5.361030e-07 train_fc=0.000000e+00 train_decoder_tail=0.000000e+00
I 07.01/12:35:27 train_mapper.py:622 ] epoch=0309 train_loss=2.221495e-03 train_mse=2.219887e-03 train_cos=0.998278 train_nmse=-24.611dB train_rec=1.078475e-06 train_recT=5.301834e-07 train_fc=0.000000e+00 train_decoder_tail=0.000000e+00
I 07.01/12:36:06 train_mapper.py:622 ] epoch=0310 train_loss=2.204862e-03 train_mse=2.203274e-03 train_cos=0.998291 train_nmse=-24.643dB train_rec=1.068374e-06 train_recT=5.199296e-07 train_fc=0.000000e+00 train_decoder_tail=0.000000e+00
I 07.01/12:36:55 train_mapper.py:622 ] epoch=0311 train_loss=2.211991e-03 train_mse=2.210397e-03 train_cos=0.998283 train_nmse=-24.630dB train_rec=1.071055e-06 train_recT=5.226649e-07 train_fc=0.000000e+00 train_decoder_tail=0.000000e+00
I 07.01/12:37:42 train_mapper.py:622 ] epoch=0312 train_loss=2.198069e-03 train_mse=2.196486e-03 train_cos=0.998296 train_nmse=-24.657dB train_rec=1.065910e-06 train_recT=5.173683e-07 train_fc=0.000000e+00 train_decoder_tail=0.000000e+00
I 07.01/12:38:17 train_mapper.py:622 ] epoch=0313 train_loss=2.201138e-03 train_mse=2.199549e-03 train_cos=0.998292 train_nmse=-24.651dB train_rec=1.068295e-06 train_recT=5.199650e-07 train_fc=0.000000e+00 train_decoder_tail=0.000000e+00
I 07.01/12:38:49 train_mapper.py:622 ] epoch=0314 train_loss=2.207735e-03 train_mse=2.206139e-03 train_cos=0.998286 train_nmse=-24.638dB train_rec=1.072545e-06 train_recT=5.241361e-07 train_fc=0.000000e+00 train_decoder_tail=0.000000e+00
I 07.01/12:39:26 train_mapper.py:622 ] epoch=0315 train_loss=2.190254e-03 train_mse=2.188667e-03 train_cos=0.998302 train_nmse=-24.673dB train_rec=1.067486e-06 train_recT=5.190079e-07 train_fc=0.000000e+00 train_decoder_tail=0.000000e+00
I 07.01/12:39:51 train_mapper.py:622 ] epoch=0316 train_loss=2.182771e-03 train_mse=2.181191e-03 train_cos=0.998307 train_nmse=-24.687dB train_rec=1.064206e-06 train_recT=5.158773e-07 train_fc=0.000000e+00 train_decoder_tail=0.000000e+00
I 07.01/12:40:16 train_mapper.py:622 ] epoch=0317 train_loss=2.181734e-03 train_mse=2.180156e-03 train_cos=0.998308 train_nmse=-24.689dB train_rec=1.063153e-06 train_recT=5.148528e-07 train_fc=0.000000e+00 train_decoder_tail=0.000000e+00
I 07.01/12:40:39 train_mapper.py:622 ] epoch=0318 train_loss=2.182605e-03 train_mse=2.181023e-03 train_cos=0.998307 train_nmse=-24.687dB train_rec=1.065434e-06 train_recT=5.168483e-07 train_fc=0.000000e+00 train_decoder_tail=0.000000e+00
I 07.01/12:41:09 train_mapper.py:622 ] epoch=0319 train_loss=2.180897e-03 train_mse=2.179317e-03 train_cos=0.998309 train_nmse=-24.691dB train_rec=1.064027e-06 train_recT=5.156171e-07 train_fc=0.000000e+00 train_decoder_tail=0.000000e+00
I 07.01/12:41:40 train_mapper.py:622 ] epoch=0320 train_loss=2.172034e-03 train_mse=2.170457e-03 train_cos=0.998317 train_nmse=-24.709dB train_rec=1.062710e-06 train_recT=5.139327e-07 train_fc=0.000000e+00 train_decoder_tail=0.000000e+00
I 07.01/12:42:07 train_mapper.py:622 ] epoch=0321 train_loss=2.184347e-03 train_mse=2.182760e-03 train_cos=0.998306 train_nmse=-24.685dB train_rec=1.067883e-06 train_recT=5.192789e-07 train_fc=0.000000e+00 train_decoder_tail=0.000000e+00
I 07.01/12:42:49 train_mapper.py:622 ] epoch=0322 train_loss=2.163767e-03 train_mse=2.162194e-03 train_cos=0.998323 train_nmse=-24.725dB train_rec=1.060369e-06 train_recT=5.118041e-07 train_fc=0.000000e+00 train_decoder_tail=0.000000e+00
I 07.01/12:43:30 train_mapper.py:622 ] epoch=0323 train_loss=2.165692e-03 train_mse=2.164121e-03 train_cos=0.998320 train_nmse=-24.721dB train_rec=1.059623e-06 train_recT=5.111692e-07 train_fc=0.000000e+00 train_decoder_tail=0.000000e+00
I 07.01/12:44:18 train_mapper.py:622 ] epoch=0324 train_loss=2.162966e-03 train_mse=2.161389e-03 train_cos=0.998322 train_nmse=-24.727dB train_rec=1.062874e-06 train_recT=5.145872e-07 train_fc=0.000000e+00 train_decoder_tail=0.000000e+00
I 07.01/12:44:54 train_mapper.py:622 ] epoch=0325 train_loss=2.158039e-03 train_mse=2.156467e-03 train_cos=0.998326 train_nmse=-24.737dB train_rec=1.060261e-06 train_recT=5.117533e-07 train_fc=0.000000e+00 train_decoder_tail=0.000000e+00
I 07.01/12:45:35 train_mapper.py:622 ] epoch=0326 train_loss=2.152610e-03 train_mse=2.151046e-03 train_cos=0.998331 train_nmse=-24.748dB train_rec=1.056430e-06 train_recT=5.077938e-07 train_fc=0.000000e+00 train_decoder_tail=0.000000e+00
I 07.01/12:46:09 train_mapper.py:622 ] epoch=0327 train_loss=2.149085e-03 train_mse=2.147523e-03 train_cos=0.998334 train_nmse=-24.755dB train_rec=1.055435e-06 train_recT=5.067279e-07 train_fc=0.000000e+00 train_decoder_tail=0.000000e+00
I 07.01/12:46:56 train_mapper.py:622 ] epoch=0328 train_loss=2.149590e-03 train_mse=2.148024e-03 train_cos=0.998334 train_nmse=-24.754dB train_rec=1.057202e-06 train_recT=5.089247e-07 train_fc=0.000000e+00 train_decoder_tail=0.000000e+00
I 07.01/12:47:46 train_mapper.py:622 ] epoch=0329 train_loss=2.150258e-03 train_mse=2.148692e-03 train_cos=0.998332 train_nmse=-24.752dB train_rec=1.057514e-06 train_recT=5.087794e-07 train_fc=0.000000e+00 train_decoder_tail=0.000000e+00
I 07.01/12:48:33 train_mapper.py:622 ] epoch=0330 train_loss=2.146425e-03 train_mse=2.144857e-03 train_cos=0.998336 train_nmse=-24.760dB train_rec=1.057901e-06 train_recT=5.095733e-07 train_fc=0.000000e+00 train_decoder_tail=0.000000e+00
I 07.01/12:49:10 train_mapper.py:622 ] epoch=0331 train_loss=2.133054e-03 train_mse=2.131501e-03 train_cos=0.998346 train_nmse=-24.787dB train_rec=1.050900e-06 train_recT=5.025535e-07 train_fc=0.000000e+00 train_decoder_tail=0.000000e+00
I 07.01/12:49:56 train_mapper.py:622 ] epoch=0332 train_loss=2.133631e-03 train_mse=2.132075e-03 train_cos=0.998345 train_nmse=-24.786dB train_rec=1.052387e-06 train_recT=5.039837e-07 train_fc=0.000000e+00 train_decoder_tail=0.000000e+00
I 07.01/12:50:28 train_mapper.py:622 ] epoch=0333 train_loss=2.127337e-03 train_mse=2.125787e-03 train_cos=0.998350 train_nmse=-24.799dB train_rec=1.049083e-06 train_recT=5.004879e-07 train_fc=0.000000e+00 train_decoder_tail=0.000000e+00
I 07.01/12:50:53 train_mapper.py:622 ] epoch=0334 train_loss=2.127728e-03 train_mse=2.126172e-03 train_cos=0.998350 train_nmse=-24.798dB train_rec=1.052037e-06 train_recT=5.036925e-07 train_fc=0.000000e+00 train_decoder_tail=0.000000e+00
I 07.01/12:51:33 train_mapper.py:622 ] epoch=0335 train_loss=2.126074e-03 train_mse=2.124522e-03 train_cos=0.998351 train_nmse=-24.802dB train_rec=1.050359e-06 train_recT=5.017824e-07 train_fc=0.000000e+00 train_decoder_tail=0.000000e+00
I 07.01/12:52:08 train_mapper.py:622 ] epoch=0336 train_loss=2.115493e-03 train_mse=2.113946e-03 train_cos=0.998360 train_nmse=-24.823dB train_rec=1.047607e-06 train_recT=4.988872e-07 train_fc=0.000000e+00 train_decoder_tail=0.000000e+00
I 07.01/12:52:32 train_mapper.py:622 ] epoch=0337 train_loss=2.114615e-03 train_mse=2.113073e-03 train_cos=0.998360 train_nmse=-24.825dB train_rec=1.044987e-06 train_recT=4.964229e-07 train_fc=0.000000e+00 train_decoder_tail=0.000000e+00
I 07.01/12:53:20 train_mapper.py:622 ] epoch=0338 train_loss=2.113152e-03 train_mse=2.111607e-03 train_cos=0.998361 train_nmse=-24.828dB train_rec=1.046926e-06 train_recT=4.984004e-07 train_fc=0.000000e+00 train_decoder_tail=0.000000e+00
I 07.01/12:54:10 train_mapper.py:622 ] epoch=0339 train_loss=2.111109e-03 train_mse=2.109571e-03 train_cos=0.998362 train_nmse=-24.832dB train_rec=1.043345e-06 train_recT=4.950672e-07 train_fc=0.000000e+00 train_decoder_tail=0.000000e+00
I 07.01/12:54:58 train_mapper.py:622 ] epoch=0340 train_loss=2.106541e-03 train_mse=2.104996e-03 train_cos=0.998366 train_nmse=-24.841dB train_rec=1.046787e-06 train_recT=4.979461e-07 train_fc=0.000000e+00 train_decoder_tail=0.000000e+00
I 07.01/12:55:23 train_mapper.py:622 ] epoch=0341 train_loss=2.102918e-03 train_mse=2.101376e-03 train_cos=0.998370 train_nmse=-24.849dB train_rec=1.045396e-06 train_recT=4.966765e-07 train_fc=0.000000e+00 train_decoder_tail=0.000000e+00
I 07.01/12:56:08 train_mapper.py:622 ] epoch=0342 train_loss=2.105113e-03 train_mse=2.103567e-03 train_cos=0.998367 train_nmse=-24.844dB train_rec=1.047248e-06 train_recT=4.989732e-07 train_fc=0.000000e+00 train_decoder_tail=0.000000e+00
I 07.01/12:56:57 train_mapper.py:622 ] epoch=0343 train_loss=2.094734e-03 train_mse=2.093198e-03 train_cos=0.998375 train_nmse=-24.866dB train_rec=1.042493e-06 train_recT=4.939312e-07 train_fc=0.000000e+00 train_decoder_tail=0.000000e+00
I 07.01/12:57:30 train_mapper.py:622 ] epoch=0344 train_loss=2.087803e-03 train_mse=2.086271e-03 train_cos=0.998381 train_nmse=-24.880dB train_rec=1.040425e-06 train_recT=4.919938e-07 train_fc=0.000000e+00 train_decoder_tail=0.000000e+00
I 07.01/12:57:53 train_mapper.py:622 ] epoch=0345 train_loss=2.088937e-03 train_mse=2.087406e-03 train_cos=0.998379 train_nmse=-24.878dB train_rec=1.039732e-06 train_recT=4.906989e-07 train_fc=0.000000e+00 train_decoder_tail=0.000000e+00
I 07.01/12:58:26 train_mapper.py:622 ] epoch=0346 train_loss=2.088784e-03 train_mse=2.087252e-03 train_cos=0.998380 train_nmse=-24.879dB train_rec=1.040345e-06 train_recT=4.919130e-07 train_fc=0.000000e+00 train_decoder_tail=0.000000e+00
I 07.01/12:59:09 train_mapper.py:622 ] epoch=0347 train_loss=2.083713e-03 train_mse=2.082186e-03 train_cos=0.998385 train_nmse=-24.889dB train_rec=1.037962e-06 train_recT=4.895937e-07 train_fc=0.000000e+00 train_decoder_tail=0.000000e+00
I 07.01/12:59:35 train_mapper.py:622 ] epoch=0348 train_loss=2.082788e-03 train_mse=2.081259e-03 train_cos=0.998383 train_nmse=-24.891dB train_rec=1.038811e-06 train_recT=4.902386e-07 train_fc=0.000000e+00 train_decoder_tail=0.000000e+00
I 07.01/13:00:20 train_mapper.py:622 ] epoch=0349 train_loss=2.077132e-03 train_mse=2.075600e-03 train_cos=0.998388 train_nmse=-24.902dB train_rec=1.040309e-06 train_recT=4.916422e-07 train_fc=0.000000e+00 train_decoder_tail=0.000000e+00
I 07.01/13:00:44 train_mapper.py:622 ] epoch=0350 train_loss=2.072639e-03 train_mse=2.071116e-03 train_cos=0.998392 train_nmse=-24.912dB train_rec=1.035711e-06 train_recT=4.873133e-07 train_fc=0.000000e+00 train_decoder_tail=0.000000e+00
I 07.01/13:01:09 train_mapper.py:622 ] epoch=0351 train_loss=2.053014e-03 train_mse=2.051505e-03 train_cos=0.998408 train_nmse=-24.954dB train_rec=1.029004e-06 train_recT=4.802653e-07 train_fc=0.000000e+00 train_decoder_tail=0.000000e+00
I 07.01/13:01:32 train_mapper.py:622 ] epoch=0352 train_loss=2.072227e-03 train_mse=2.070707e-03 train_cos=0.998392 train_nmse=-24.913dB train_rec=1.034520e-06 train_recT=4.858453e-07 train_fc=0.000000e+00 train_decoder_tail=0.000000e+00
I 07.01/13:02:22 train_mapper.py:622 ] epoch=0353 train_loss=2.057978e-03 train_mse=2.056462e-03 train_cos=0.998404 train_nmse=-24.943dB train_rec=1.032424e-06 train_recT=4.837606e-07 train_fc=0.000000e+00 train_decoder_tail=0.000000e+00
I 07.01/13:03:03 train_mapper.py:622 ] epoch=0354 train_loss=2.063636e-03 train_mse=2.062116e-03 train_cos=0.998399 train_nmse=-24.931dB train_rec=1.034660e-06 train_recT=4.860336e-07 train_fc=0.000000e+00 train_decoder_tail=0.000000e+00
I 07.01/13:03:30 train_mapper.py:622 ] epoch=0355 train_loss=2.062437e-03 train_mse=2.060914e-03 train_cos=0.998401 train_nmse=-24.934dB train_rec=1.036252e-06 train_recT=4.876357e-07 train_fc=0.000000e+00 train_decoder_tail=0.000000e+00
I 07.01/13:03:54 train_mapper.py:622 ] epoch=0356 train_loss=2.051170e-03 train_mse=2.049659e-03 train_cos=0.998410 train_nmse=-24.957dB train_rec=1.029492e-06 train_recT=4.810758e-07 train_fc=0.000000e+00 train_decoder_tail=0.000000e+00
I 07.01/13:04:18 train_mapper.py:622 ] epoch=0357 train_loss=2.046517e-03 train_mse=2.045009e-03 train_cos=0.998413 train_nmse=-24.967dB train_rec=1.028507e-06 train_recT=4.796715e-07 train_fc=0.000000e+00 train_decoder_tail=0.000000e+00
I 07.01/13:05:00 train_mapper.py:622 ] epoch=0358 train_loss=2.047053e-03 train_mse=2.045539e-03 train_cos=0.998412 train_nmse=-24.966dB train_rec=1.031156e-06 train_recT=4.828990e-07 train_fc=0.000000e+00 train_decoder_tail=0.000000e+00
I 07.01/13:05:26 train_mapper.py:622 ] epoch=0359 train_loss=2.054556e-03 train_mse=2.053030e-03 train_cos=0.998406 train_nmse=-24.950dB train_rec=1.037133e-06 train_recT=4.884844e-07 train_fc=0.000000e+00 train_decoder_tail=0.000000e+00
I 07.01/13:05:47 train_mapper.py:622 ] epoch=0360 train_loss=2.042059e-03 train_mse=2.040550e-03 train_cos=0.998417 train_nmse=-24.977dB train_rec=1.028685e-06 train_recT=4.800851e-07 train_fc=0.000000e+00 train_decoder_tail=0.000000e+00
I 07.01/13:06:14 train_mapper.py:622 ] epoch=0361 train_loss=2.044114e-03 train_mse=2.042603e-03 train_cos=0.998415 train_nmse=-24.972dB train_rec=1.029559e-06 train_recT=4.811336e-07 train_fc=0.000000e+00 train_decoder_tail=0.000000e+00
I 07.01/13:06:37 train_mapper.py:622 ] epoch=0362 train_loss=2.038241e-03 train_mse=2.036734e-03 train_cos=0.998419 train_nmse=-24.985dB train_rec=1.027786e-06 train_recT=4.791043e-07 train_fc=0.000000e+00 train_decoder_tail=0.000000e+00
I 07.01/13:07:04 train_mapper.py:622 ] epoch=0363 train_loss=2.034567e-03 train_mse=2.033058e-03 train_cos=0.998423 train_nmse=-24.993dB train_rec=1.028550e-06 train_recT=4.798905e-07 train_fc=0.000000e+00 train_decoder_tail=0.000000e+00
I 07.01/13:07:27 train_mapper.py:622 ] epoch=0364 train_loss=2.020592e-03 train_mse=2.019096e-03 train_cos=0.998433 train_nmse=-25.022dB train_rec=1.021714e-06 train_recT=4.735026e-07 train_fc=0.000000e+00 train_decoder_tail=0.000000e+00
I 07.01/13:07:50 train_mapper.py:622 ] epoch=0365 train_loss=2.023092e-03 train_mse=2.021593e-03 train_cos=0.998430 train_nmse=-25.017dB train_rec=1.023393e-06 train_recT=4.746802e-07 train_fc=0.000000e+00 train_decoder_tail=0.000000e+00
I 07.01/13:08:12 train_mapper.py:622 ] epoch=0366 train_loss=2.020804e-03 train_mse=2.019308e-03 train_cos=0.998432 train_nmse=-25.022dB train_rec=1.022362e-06 train_recT=4.738173e-07 train_fc=0.000000e+00 train_decoder_tail=0.000000e+00
I 07.01/13:08:33 train_mapper.py:622 ] epoch=0367 train_loss=2.026630e-03 train_mse=2.025129e-03 train_cos=0.998427 train_nmse=-25.009dB train_rec=1.024663e-06 train_recT=4.762443e-07 train_fc=0.000000e+00 train_decoder_tail=0.000000e+00
I 07.01/13:08:55 train_mapper.py:622 ] epoch=0368 train_loss=2.009492e-03 train_mse=2.008001e-03 train_cos=0.998442 train_nmse=-25.046dB train_rec=1.019748e-06 train_recT=4.708491e-07 train_fc=0.000000e+00 train_decoder_tail=0.000000e+00
I 07.01/13:09:19 train_mapper.py:622 ] epoch=0369 train_loss=2.013545e-03 train_mse=2.012049e-03 train_cos=0.998439 train_nmse=-25.038dB train_rec=1.022374e-06 train_recT=4.738166e-07 train_fc=0.000000e+00 train_decoder_tail=0.000000e+00
I 07.01/13:09:43 train_mapper.py:622 ] epoch=0370 train_loss=2.011130e-03 train_mse=2.009632e-03 train_cos=0.998441 train_nmse=-25.043dB train_rec=1.023226e-06 train_recT=4.748676e-07 train_fc=0.000000e+00 train_decoder_tail=0.000000e+00
I 07.01/13:10:05 train_mapper.py:622 ] epoch=0371 train_loss=2.011624e-03 train_mse=2.010128e-03 train_cos=0.998440 train_nmse=-25.042dB train_rec=1.022303e-06 train_recT=4.736392e-07 train_fc=0.000000e+00 train_decoder_tail=0.000000e+00
I 07.01/13:10:42 train_mapper.py:622 ] epoch=0372 train_loss=2.010669e-03 train_mse=2.009173e-03 train_cos=0.998441 train_nmse=-25.044dB train_rec=1.022298e-06 train_recT=4.738585e-07 train_fc=0.000000e+00 train_decoder_tail=0.000000e+00
I 07.01/13:11:19 train_mapper.py:622 ] epoch=0373 train_loss=2.009423e-03 train_mse=2.007922e-03 train_cos=0.998442 train_nmse=-25.047dB train_rec=1.024824e-06 train_recT=4.761305e-07 train_fc=0.000000e+00 train_decoder_tail=0.000000e+00
I 07.01/13:11:40 train_mapper.py:622 ] epoch=0374 train_loss=2.000001e-03 train_mse=1.998517e-03 train_cos=0.998449 train_nmse=-25.067dB train_rec=1.016437e-06 train_recT=4.676614e-07 train_fc=0.000000e+00 train_decoder_tail=0.000000e+00
I 07.01/13:12:05 train_mapper.py:622 ] epoch=0375 train_loss=1.997870e-03 train_mse=1.996385e-03 train_cos=0.998451 train_nmse=-25.072dB train_rec=1.016591e-06 train_recT=4.682050e-07 train_fc=0.000000e+00 train_decoder_tail=0.000000e+00
I 07.01/13:12:25 train_mapper.py:622 ] epoch=0376 train_loss=1.990698e-03 train_mse=1.989216e-03 train_cos=0.998457 train_nmse=-25.087dB train_rec=1.015205e-06 train_recT=4.667085e-07 train_fc=0.000000e+00 train_decoder_tail=0.000000e+00
I 07.01/13:12:45 train_mapper.py:622 ] epoch=0377 train_loss=1.994502e-03 train_mse=1.993018e-03 train_cos=0.998453 train_nmse=-25.079dB train_rec=1.016537e-06 train_recT=4.677758e-07 train_fc=0.000000e+00 train_decoder_tail=0.000000e+00
I 07.01/13:13:08 train_mapper.py:622 ] epoch=0378 train_loss=1.988021e-03 train_mse=1.986540e-03 train_cos=0.998458 train_nmse=-25.093dB train_rec=1.015014e-06 train_recT=4.663265e-07 train_fc=0.000000e+00 train_decoder_tail=0.000000e+00
I 07.01/13:13:38 train_mapper.py:622 ] epoch=0379 train_loss=1.985666e-03 train_mse=1.984186e-03 train_cos=0.998459 train_nmse=-25.099dB train_rec=1.014313e-06 train_recT=4.657398e-07 train_fc=0.000000e+00 train_decoder_tail=0.000000e+00
I 07.01/13:13:59 train_mapper.py:622 ] epoch=0380 train_loss=1.974555e-03 train_mse=1.973079e-03 train_cos=0.998468 train_nmse=-25.122dB train_rec=1.012110e-06 train_recT=4.635480e-07 train_fc=0.000000e+00 train_decoder_tail=0.000000e+00
I 07.01/13:14:26 train_mapper.py:622 ] epoch=0381 train_loss=1.975216e-03 train_mse=1.973746e-03 train_cos=0.998467 train_nmse=-25.121dB train_rec=1.009589e-06 train_recT=4.607055e-07 train_fc=0.000000e+00 train_decoder_tail=0.000000e+00
I 07.01/13:14:46 train_mapper.py:622 ] epoch=0382 train_loss=1.969989e-03 train_mse=1.968521e-03 train_cos=0.998471 train_nmse=-25.133dB train_rec=1.007980e-06 train_recT=4.594036e-07 train_fc=0.000000e+00 train_decoder_tail=0.000000e+00
I 07.01/13:15:08 train_mapper.py:622 ] epoch=0383 train_loss=1.970021e-03 train_mse=1.968550e-03 train_cos=0.998472 train_nmse=-25.133dB train_rec=1.010079e-06 train_recT=4.614714e-07 train_fc=0.000000e+00 train_decoder_tail=0.000000e+00
I 07.01/13:15:27 train_mapper.py:622 ] epoch=0384 train_loss=1.978099e-03 train_mse=1.976619e-03 train_cos=0.998466 train_nmse=-25.115dB train_rec=1.014289e-06 train_recT=4.655273e-07 train_fc=0.000000e+00 train_decoder_tail=0.000000e+00
I 07.01/13:15:41 train_mapper.py:622 ] epoch=0385 train_loss=1.968414e-03 train_mse=1.966943e-03 train_cos=0.998474 train_nmse=-25.136dB train_rec=1.009395e-06 train_recT=4.609589e-07 train_fc=0.000000e+00 train_decoder_tail=0.000000e+00
I 07.01/13:16:01 train_mapper.py:622 ] epoch=0386 train_loss=1.969087e-03 train_mse=1.967613e-03 train_cos=0.998473 train_nmse=-25.135dB train_rec=1.011290e-06 train_recT=4.627201e-07 train_fc=0.000000e+00 train_decoder_tail=0.000000e+00
I 07.01/13:16:21 train_mapper.py:622 ] epoch=0387 train_loss=1.961304e-03 train_mse=1.959839e-03 train_cos=0.998480 train_nmse=-25.152dB train_rec=1.006520e-06 train_recT=4.581151e-07 train_fc=0.000000e+00 train_decoder_tail=0.000000e+00
I 07.01/13:16:38 train_mapper.py:622 ] epoch=0388 train_loss=1.962654e-03 train_mse=1.961187e-03 train_cos=0.998477 train_nmse=-25.149dB train_rec=1.008227e-06 train_recT=4.594505e-07 train_fc=0.000000e+00 train_decoder_tail=0.000000e+00
I 07.01/13:16:54 train_mapper.py:622 ] epoch=0389 train_loss=1.958429e-03 train_mse=1.956963e-03 train_cos=0.998481 train_nmse=-25.158dB train_rec=1.007623e-06 train_recT=4.588491e-07 train_fc=0.000000e+00 train_decoder_tail=0.000000e+00
I 07.01/13:17:12 train_mapper.py:622 ] epoch=0390 train_loss=1.956111e-03 train_mse=1.954649e-03 train_cos=0.998482 train_nmse=-25.163dB train_rec=1.005435e-06 train_recT=4.567478e-07 train_fc=0.000000e+00 train_decoder_tail=0.000000e+00
I 07.01/13:17:29 train_mapper.py:622 ] epoch=0391 train_loss=1.955403e-03 train_mse=1.953931e-03 train_cos=0.998484 train_nmse=-25.165dB train_rec=1.010269e-06 train_recT=4.615308e-07 train_fc=0.000000e+00 train_decoder_tail=0.000000e+00
I 07.01/13:17:46 train_mapper.py:622 ] epoch=0392 train_loss=1.944731e-03 train_mse=1.943277e-03 train_cos=0.998492 train_nmse=-25.189dB train_rec=1.001463e-06 train_recT=4.529209e-07 train_fc=0.000000e+00 train_decoder_tail=0.000000e+00
I 07.01/13:18:09 train_mapper.py:622 ] epoch=0393 train_loss=1.947994e-03 train_mse=1.946533e-03 train_cos=0.998488 train_nmse=-25.182dB train_rec=1.004673e-06 train_recT=4.558687e-07 train_fc=0.000000e+00 train_decoder_tail=0.000000e+00
I 07.01/13:18:39 train_mapper.py:622 ] epoch=0394 train_loss=1.943288e-03 train_mse=1.941833e-03 train_cos=0.998493 train_nmse=-25.192dB train_rec=1.001842e-06 train_recT=4.535154e-07 train_fc=0.000000e+00 train_decoder_tail=0.000000e+00
I 07.01/13:19:12 train_mapper.py:622 ] epoch=0395 train_loss=1.938129e-03 train_mse=1.936670e-03 train_cos=0.998498 train_nmse=-25.203dB train_rec=1.003858e-06 train_recT=4.549580e-07 train_fc=0.000000e+00 train_decoder_tail=0.000000e+00
I 07.01/13:19:37 train_mapper.py:622 ] epoch=0396 train_loss=1.938978e-03 train_mse=1.937520e-03 train_cos=0.998496 train_nmse=-25.202dB train_rec=1.003372e-06 train_recT=4.548113e-07 train_fc=0.000000e+00 train_decoder_tail=0.000000e+00
I 07.01/13:20:00 train_mapper.py:622 ] epoch=0397 train_loss=1.936402e-03 train_mse=1.934941e-03 train_cos=0.998499 train_nmse=-25.207dB train_rec=1.004713e-06 train_recT=4.560092e-07 train_fc=0.000000e+00 train_decoder_tail=0.000000e+00
I 07.01/13:20:31 train_mapper.py:622 ] epoch=0398 train_loss=1.927189e-03 train_mse=1.925739e-03 train_cos=0.998506 train_nmse=-25.228dB train_rec=9.992787e-07 train_recT=4.506821e-07 train_fc=0.000000e+00 train_decoder_tail=0.000000e+00
I 07.01/13:20:52 train_mapper.py:622 ] epoch=0399 train_loss=1.927509e-03 train_mse=1.926055e-03 train_cos=0.998505 train_nmse=-25.227dB train_rec=1.001797e-06 train_recT=4.529597e-07 train_fc=0.000000e+00 train_decoder_tail=0.000000e+00
I 07.01/13:21:23 train_mapper.py:622 ] epoch=0400 train_loss=1.924913e-03 train_mse=1.923464e-03 train_cos=0.998507 train_nmse=-25.233dB train_rec=9.988424e-07 train_recT=4.501765e-07 train_fc=0.000000e+00 train_decoder_tail=0.000000e+00
I 07.01/13:22:35 train_mapper.py:738 ] best_loss_epoch=400 best_loss_selection=train_loss best_loss_metric=1.924913e-03 best_loss_mse=1.923464e-03 best_loss_loss=1.924913e-03
I 07.01/13:22:35 train_mapper.py:743 ] best_mse_epoch=400 best_mse_selection=train_mse best_mse_metric=1.923464e-03 best_mse_mse=1.923464e-03 best_mse_loss=1.924913e-03
I 07.01/13:22:35 train_mapper.py:749 ] all_best_loss_mse=1.865666e-03 all_best_loss_cos=0.998556 all_best_loss_nmse=-25.366dB
I 07.01/13:22:35 train_mapper.py:753 ] all_best_mse_mse=1.865666e-03 all_best_mse_cos=0.998556 all_best_mse_nmse=-25.366dB
