I 07.01/14:51:12 train_mapper.py:431 ] => Experiment directory: mapper/exps_combined_losses/hybrid/smooth_tail_white_recT_rec_fc/seed2026_crnet_transnet_to_seed42_transnet_lr5e-4_ep400
I 07.01/14:51:12 train_mapper.py:432 ] => Checkpoint directory: mapper/exps_combined_losses/hybrid/smooth_tail_white_recT_rec_fc/seed2026_crnet_transnet_to_seed42_transnet_lr5e-4_ep400/checkpoints
I 07.01/14:51:12 train_mapper.py:433 ] => Codeword directory: mapper/exps_combined_losses/hybrid/smooth_tail_white_recT_rec_fc/seed2026_crnet_transnet_to_seed42_transnet_lr5e-4_ep400/codewords
I 07.01/14:51:12 train_mapper.py:434 ] => TensorBoard directory: mapper/exps_combined_losses/hybrid/smooth_tail_white_recT_rec_fc/seed2026_crnet_transnet_to_seed42_transnet_lr5e-4_ep400/tensorboard
I 07.01/14:54:26 train_mapper.py:519 ] => Loaded fixed decoder from exps/COST2100/in/seed42/transnet_transnet/checkpoints/best_nmse.pth
I 07.01/14:54:26 train_mapper.py:521 ] => Loaded CSI tensor (100000, 2, 32, 32) from /storage/hujiacong/zxd/datasets/cost2100/in_train.pt
I 07.01/14:54:26 train_mapper.py:524 ] device=cuda
I 07.01/14:54:26 train_mapper.py:525 ] mapper=hybrid, params=23108608
I 07.01/14:54:26 train_mapper.py:527 ] train=100000, val=0, code_dim=512
I 07.01/14:54:26 train_mapper.py:529 ] val_ratio<=0: skip per-epoch validation; select best checkpoint by train loss
I 07.01/14:54:26 train_mapper.py:531 ] loss=mse + smoothl1*0.5 + sample_tail*0.1 + dim_tail*0.05 + whiten*0.0001 + rec*1.0 + recT*1.0 + fc*0.01 + decoder_tail*0.0 + cos*0.0 + cov*0.0
I 07.01/14:56:26 train_mapper.py:622 ] epoch=0001 train_loss=7.149081e-01 train_mse=3.910341e-01 train_cos=0.790845 train_nmse=-2.899dB train_rec=2.790061e-03 train_recT=2.789782e-03 train_fc=4.151058e-01 train_decoder_tail=0.000000e+00
I 07.01/14:58:27 train_mapper.py:622 ] epoch=0002 train_loss=3.032996e-01 train_mse=1.373673e-01 train_cos=0.936866 train_nmse=-6.739dB train_rec=2.216217e-04 train_recT=2.215838e-04 train_fc=1.139952e-01 train_decoder_tail=0.000000e+00
I 07.01/15:00:23 train_mapper.py:622 ] epoch=0003 train_loss=2.176153e-01 train_mse=9.028652e-02 train_cos=0.958694 train_nmse=-8.531dB train_rec=1.373624e-04 train_recT=1.372024e-04 train_fc=7.991247e-02 train_decoder_tail=0.000000e+00
I 07.01/15:02:18 train_mapper.py:622 ] epoch=0004 train_loss=1.760873e-01 train_mse=6.881436e-02 train_cos=0.967132 train_nmse=-9.703dB train_rec=9.069081e-05 train_recT=9.042689e-05 train_fc=6.188357e-02 train_decoder_tail=0.000000e+00
I 07.01/15:04:11 train_mapper.py:622 ] epoch=0005 train_loss=1.518960e-01 train_mse=5.688844e-02 train_cos=0.971527 train_nmse=-10.526dB train_rec=6.266369e-05 train_recT=6.231804e-05 train_fc=5.072777e-02 train_decoder_tail=0.000000e+00
I 07.01/15:06:04 train_mapper.py:622 ] epoch=0006 train_loss=1.374239e-01 train_mse=4.999964e-02 train_cos=0.974154 train_nmse=-11.085dB train_rec=4.615044e-05 train_recT=4.574499e-05 train_fc=4.381125e-02 train_decoder_tail=0.000000e+00
I 07.01/15:07:53 train_mapper.py:622 ] epoch=0007 train_loss=1.298550e-01 train_mse=4.646077e-02 train_cos=0.975459 train_nmse=-11.405dB train_rec=3.691849e-05 train_recT=3.647205e-05 train_fc=4.011630e-02 train_decoder_tail=0.000000e+00
I 07.01/15:09:37 train_mapper.py:622 ] epoch=0008 train_loss=1.216529e-01 train_mse=4.276375e-02 train_cos=0.977605 train_nmse=-11.764dB train_rec=3.095431e-05 train_recT=3.048006e-05 train_fc=3.689346e-02 train_decoder_tail=0.000000e+00
I 07.01/15:11:26 train_mapper.py:622 ] epoch=0009 train_loss=1.165735e-01 train_mse=4.049134e-02 train_cos=0.978944 train_nmse=-12.001dB train_rec=2.739354e-05 train_recT=2.690081e-05 train_fc=3.487644e-02 train_decoder_tail=0.000000e+00
I 07.01/15:13:07 train_mapper.py:622 ] epoch=0010 train_loss=1.128046e-01 train_mse=3.881648e-02 train_cos=0.979917 train_nmse=-12.184dB train_rec=2.500338e-05 train_recT=2.450033e-05 train_fc=3.355578e-02 train_decoder_tail=0.000000e+00
I 07.01/15:14:47 train_mapper.py:622 ] epoch=0011 train_loss=1.091497e-01 train_mse=3.720889e-02 train_cos=0.980866 train_nmse=-12.368dB train_rec=2.314790e-05 train_recT=2.263628e-05 train_fc=3.234857e-02 train_decoder_tail=0.000000e+00
I 07.01/15:16:24 train_mapper.py:622 ] epoch=0012 train_loss=1.059636e-01 train_mse=3.580794e-02 train_cos=0.981609 train_nmse=-12.535dB train_rec=2.156269e-05 train_recT=2.104654e-05 train_fc=3.130676e-02 train_decoder_tail=0.000000e+00
I 07.01/15:17:55 train_mapper.py:622 ] epoch=0013 train_loss=1.028468e-01 train_mse=3.443939e-02 train_cos=0.982284 train_nmse=-12.704dB train_rec=2.012028e-05 train_recT=1.959972e-05 train_fc=3.026441e-02 train_decoder_tail=0.000000e+00
I 07.01/15:19:25 train_mapper.py:622 ] epoch=0014 train_loss=9.953456e-02 train_mse=3.300087e-02 train_cos=0.982930 train_nmse=-12.890dB train_rec=1.860181e-05 train_recT=1.807643e-05 train_fc=2.904448e-02 train_decoder_tail=0.000000e+00
I 07.01/15:20:59 train_mapper.py:622 ] epoch=0015 train_loss=9.638308e-02 train_mse=3.164212e-02 train_cos=0.983344 train_nmse=-13.072dB train_rec=1.687728e-05 train_recT=1.634693e-05 train_fc=2.762862e-02 train_decoder_tail=0.000000e+00
I 07.01/15:22:34 train_mapper.py:622 ] epoch=0016 train_loss=9.269052e-02 train_mse=3.010086e-02 train_cos=0.983575 train_nmse=-13.289dB train_rec=1.463574e-05 train_recT=1.409658e-05 train_fc=2.550035e-02 train_decoder_tail=0.000000e+00
I 07.01/15:24:18 train_mapper.py:622 ] epoch=0017 train_loss=8.819305e-02 train_mse=2.828560e-02 train_cos=0.983576 train_nmse=-13.559dB train_rec=1.215254e-05 train_recT=1.160463e-05 train_fc=2.240826e-02 train_decoder_tail=0.000000e+00
I 07.01/15:26:05 train_mapper.py:622 ] epoch=0018 train_loss=8.265278e-02 train_mse=2.605394e-02 train_cos=0.983973 train_nmse=-13.916dB train_rec=1.028968e-05 train_recT=9.736168e-06 train_fc=1.908983e-02 train_decoder_tail=0.000000e+00
I 07.01/15:27:46 train_mapper.py:622 ] epoch=0019 train_loss=7.769516e-02 train_mse=2.404567e-02 train_cos=0.984543 train_nmse=-14.264dB train_rec=9.169861e-06 train_recT=8.616904e-06 train_fc=1.650929e-02 train_decoder_tail=0.000000e+00
I 07.01/15:29:32 train_mapper.py:622 ] epoch=0020 train_loss=7.396721e-02 train_mse=2.254434e-02 train_cos=0.985002 train_nmse=-14.544dB train_rec=8.417342e-06 train_recT=7.865095e-06 train_fc=1.469433e-02 train_decoder_tail=0.000000e+00
I 07.01/15:31:17 train_mapper.py:622 ] epoch=0021 train_loss=7.087186e-02 train_mse=2.131366e-02 train_cos=0.985454 train_nmse=-14.788dB train_rec=7.842993e-06 train_recT=7.292084e-06 train_fc=1.337083e-02 train_decoder_tail=0.000000e+00
I 07.01/15:33:05 train_mapper.py:622 ] epoch=0022 train_loss=6.814329e-02 train_mse=2.024527e-02 train_cos=0.985929 train_nmse=-15.011dB train_rec=7.396345e-06 train_recT=6.845195e-06 train_fc=1.232626e-02 train_decoder_tail=0.000000e+00
I 07.01/15:34:49 train_mapper.py:622 ] epoch=0023 train_loss=6.616978e-02 train_mse=1.946744e-02 train_cos=0.986253 train_nmse=-15.181dB train_rec=7.002799e-06 train_recT=6.452354e-06 train_fc=1.160154e-02 train_decoder_tail=0.000000e+00
I 07.01/15:36:35 train_mapper.py:622 ] epoch=0024 train_loss=6.394397e-02 train_mse=1.861716e-02 train_cos=0.986710 train_nmse=-15.375dB train_rec=6.659588e-06 train_recT=6.109884e-06 train_fc=1.091236e-02 train_decoder_tail=0.000000e+00
I 07.01/15:38:19 train_mapper.py:622 ] epoch=0025 train_loss=6.228421e-02 train_mse=1.797687e-02 train_cos=0.987037 train_nmse=-15.527dB train_rec=6.384821e-06 train_recT=5.834608e-06 train_fc=1.038395e-02 train_decoder_tail=0.000000e+00
I 07.01/15:40:06 train_mapper.py:622 ] epoch=0026 train_loss=6.050353e-02 train_mse=1.731094e-02 train_cos=0.987423 train_nmse=-15.692dB train_rec=6.103908e-06 train_recT=5.554160e-06 train_fc=9.880459e-03 train_decoder_tail=0.000000e+00
I 07.01/15:41:53 train_mapper.py:622 ] epoch=0027 train_loss=5.914580e-02 train_mse=1.679922e-02 train_cos=0.987706 train_nmse=-15.822dB train_rec=5.888525e-06 train_recT=5.338564e-06 train_fc=9.501687e-03 train_decoder_tail=0.000000e+00
I 07.01/15:43:41 train_mapper.py:622 ] epoch=0028 train_loss=5.778633e-02 train_mse=1.629330e-02 train_cos=0.988003 train_nmse=-15.954dB train_rec=5.689872e-06 train_recT=5.140909e-06 train_fc=9.145624e-03 train_decoder_tail=0.000000e+00
I 07.01/15:45:29 train_mapper.py:622 ] epoch=0029 train_loss=5.664168e-02 train_mse=1.586847e-02 train_cos=0.988253 train_nmse=-16.069dB train_rec=5.510256e-06 train_recT=4.960356e-06 train_fc=8.848741e-03 train_decoder_tail=0.000000e+00
I 07.01/15:47:15 train_mapper.py:622 ] epoch=0030 train_loss=5.544798e-02 train_mse=1.543120e-02 train_cos=0.988518 train_nmse=-16.190dB train_rec=5.321970e-06 train_recT=4.772344e-06 train_fc=8.550955e-03 train_decoder_tail=0.000000e+00
I 07.01/15:48:59 train_mapper.py:622 ] epoch=0031 train_loss=5.447664e-02 train_mse=1.507390e-02 train_cos=0.988734 train_nmse=-16.292dB train_rec=5.161494e-06 train_recT=4.611128e-06 train_fc=8.297796e-03 train_decoder_tail=0.000000e+00
I 07.01/15:50:46 train_mapper.py:622 ] epoch=0032 train_loss=5.337355e-02 train_mse=1.467811e-02 train_cos=0.988993 train_nmse=-16.408dB train_rec=5.012241e-06 train_recT=4.462167e-06 train_fc=8.051798e-03 train_decoder_tail=0.000000e+00
I 07.01/15:52:32 train_mapper.py:622 ] epoch=0033 train_loss=5.249896e-02 train_mse=1.435980e-02 train_cos=0.989190 train_nmse=-16.503dB train_rec=4.889866e-06 train_recT=4.339760e-06 train_fc=7.832667e-03 train_decoder_tail=0.000000e+00
I 07.01/15:54:21 train_mapper.py:622 ] epoch=0034 train_loss=5.143640e-02 train_mse=1.398545e-02 train_cos=0.989444 train_nmse=-16.618dB train_rec=4.754618e-06 train_recT=4.204327e-06 train_fc=7.610876e-03 train_decoder_tail=0.000000e+00
I 07.01/15:56:05 train_mapper.py:622 ] epoch=0035 train_loss=5.068132e-02 train_mse=1.371517e-02 train_cos=0.989617 train_nmse=-16.703dB train_rec=4.631043e-06 train_recT=4.080145e-06 train_fc=7.433078e-03 train_decoder_tail=0.000000e+00
I 07.01/15:57:44 train_mapper.py:622 ] epoch=0036 train_loss=5.000264e-02 train_mse=1.347386e-02 train_cos=0.989768 train_nmse=-16.780dB train_rec=4.531475e-06 train_recT=3.981361e-06 train_fc=7.281767e-03 train_decoder_tail=0.000000e+00
I 07.01/15:59:26 train_mapper.py:622 ] epoch=0037 train_loss=4.931028e-02 train_mse=1.322930e-02 train_cos=0.989933 train_nmse=-16.859dB train_rec=4.448516e-06 train_recT=3.897208e-06 train_fc=7.136326e-03 train_decoder_tail=0.000000e+00
I 07.01/16:01:12 train_mapper.py:622 ] epoch=0038 train_loss=4.842580e-02 train_mse=1.292321e-02 train_cos=0.990143 train_nmse=-16.961dB train_rec=4.336796e-06 train_recT=3.786108e-06 train_fc=6.950370e-03 train_decoder_tail=0.000000e+00
I 07.01/16:02:54 train_mapper.py:622 ] epoch=0039 train_loss=4.771536e-02 train_mse=1.267905e-02 train_cos=0.990310 train_nmse=-17.044dB train_rec=4.241929e-06 train_recT=3.691200e-06 train_fc=6.806444e-03 train_decoder_tail=0.000000e+00
I 07.01/16:04:39 train_mapper.py:622 ] epoch=0040 train_loss=4.712956e-02 train_mse=1.247558e-02 train_cos=0.990449 train_nmse=-17.114dB train_rec=4.165907e-06 train_recT=3.614660e-06 train_fc=6.681886e-03 train_decoder_tail=0.000000e+00
I 07.01/16:06:22 train_mapper.py:622 ] epoch=0041 train_loss=4.663468e-02 train_mse=1.230165e-02 train_cos=0.990565 train_nmse=-17.175dB train_rec=4.090023e-06 train_recT=3.539351e-06 train_fc=6.581785e-03 train_decoder_tail=0.000000e+00
I 07.01/16:08:04 train_mapper.py:622 ] epoch=0042 train_loss=4.585589e-02 train_mse=1.204014e-02 train_cos=0.990752 train_nmse=-17.269dB train_rec=4.001135e-06 train_recT=3.449662e-06 train_fc=6.426136e-03 train_decoder_tail=0.000000e+00
I 07.01/16:09:46 train_mapper.py:622 ] epoch=0043 train_loss=4.533209e-02 train_mse=1.186067e-02 train_cos=0.990874 train_nmse=-17.333dB train_rec=3.927504e-06 train_recT=3.376313e-06 train_fc=6.322599e-03 train_decoder_tail=0.000000e+00
I 07.01/16:11:32 train_mapper.py:622 ] epoch=0044 train_loss=4.476233e-02 train_mse=1.166773e-02 train_cos=0.991011 train_nmse=-17.405dB train_rec=3.862507e-06 train_recT=3.311845e-06 train_fc=6.208463e-03 train_decoder_tail=0.000000e+00
I 07.01/16:13:14 train_mapper.py:622 ] epoch=0045 train_loss=4.429573e-02 train_mse=1.151025e-02 train_cos=0.991120 train_nmse=-17.464dB train_rec=3.808561e-06 train_recT=3.257042e-06 train_fc=6.117603e-03 train_decoder_tail=0.000000e+00
I 07.01/16:14:58 train_mapper.py:622 ] epoch=0046 train_loss=4.370122e-02 train_mse=1.131217e-02 train_cos=0.991260 train_nmse=-17.539dB train_rec=3.730692e-06 train_recT=3.179170e-06 train_fc=5.999535e-03 train_decoder_tail=0.000000e+00
I 07.01/16:16:44 train_mapper.py:622 ] epoch=0047 train_loss=4.326950e-02 train_mse=1.116665e-02 train_cos=0.991367 train_nmse=-17.595dB train_rec=3.689536e-06 train_recT=3.138052e-06 train_fc=5.924672e-03 train_decoder_tail=0.000000e+00
I 07.01/16:18:33 train_mapper.py:622 ] epoch=0048 train_loss=4.285202e-02 train_mse=1.102694e-02 train_cos=0.991461 train_nmse=-17.650dB train_rec=3.633797e-06 train_recT=3.081607e-06 train_fc=5.844139e-03 train_decoder_tail=0.000000e+00
I 07.01/16:20:22 train_mapper.py:622 ] epoch=0049 train_loss=4.235724e-02 train_mse=1.086525e-02 train_cos=0.991583 train_nmse=-17.714dB train_rec=3.585418e-06 train_recT=3.034320e-06 train_fc=5.754580e-03 train_decoder_tail=0.000000e+00
I 07.01/16:22:11 train_mapper.py:622 ] epoch=0050 train_loss=4.184546e-02 train_mse=1.069806e-02 train_cos=0.991703 train_nmse=-17.781dB train_rec=3.521894e-06 train_recT=2.969527e-06 train_fc=5.649883e-03 train_decoder_tail=0.000000e+00
I 07.01/16:23:58 train_mapper.py:622 ] epoch=0051 train_loss=4.140194e-02 train_mse=1.055209e-02 train_cos=0.991808 train_nmse=-17.840dB train_rec=3.469276e-06 train_recT=2.917331e-06 train_fc=5.571285e-03 train_decoder_tail=0.000000e+00
I 07.01/16:25:44 train_mapper.py:622 ] epoch=0052 train_loss=4.103220e-02 train_mse=1.042823e-02 train_cos=0.991897 train_nmse=-17.892dB train_rec=3.430805e-06 train_recT=2.879076e-06 train_fc=5.496917e-03 train_decoder_tail=0.000000e+00
I 07.01/16:27:26 train_mapper.py:622 ] epoch=0053 train_loss=4.053656e-02 train_mse=1.027054e-02 train_cos=0.992014 train_nmse=-17.958dB train_rec=3.378514e-06 train_recT=2.826700e-06 train_fc=5.409701e-03 train_decoder_tail=0.000000e+00
I 07.01/16:29:11 train_mapper.py:622 ] epoch=0054 train_loss=4.011298e-02 train_mse=1.013368e-02 train_cos=0.992114 train_nmse=-18.017dB train_rec=3.331364e-06 train_recT=2.779584e-06 train_fc=5.334911e-03 train_decoder_tail=0.000000e+00
I 07.01/16:30:58 train_mapper.py:622 ] epoch=0055 train_loss=3.981896e-02 train_mse=1.003739e-02 train_cos=0.992184 train_nmse=-18.058dB train_rec=3.303597e-06 train_recT=2.751747e-06 train_fc=5.279361e-03 train_decoder_tail=0.000000e+00
I 07.01/16:33:08 train_mapper.py:622 ] epoch=0056 train_loss=3.946526e-02 train_mse=9.924320e-03 train_cos=0.992269 train_nmse=-18.107dB train_rec=3.271279e-06 train_recT=2.718994e-06 train_fc=5.222496e-03 train_decoder_tail=0.000000e+00
I 07.01/16:35:21 train_mapper.py:622 ] epoch=0057 train_loss=3.921276e-02 train_mse=9.840486e-03 train_cos=0.992328 train_nmse=-18.144dB train_rec=3.237759e-06 train_recT=2.685746e-06 train_fc=5.178535e-03 train_decoder_tail=0.000000e+00
I 07.01/16:37:39 train_mapper.py:622 ] epoch=0058 train_loss=3.879227e-02 train_mse=9.707520e-03 train_cos=0.992430 train_nmse=-18.203dB train_rec=3.193784e-06 train_recT=2.641862e-06 train_fc=5.100783e-03 train_decoder_tail=0.000000e+00
I 07.01/16:39:57 train_mapper.py:622 ] epoch=0059 train_loss=3.844596e-02 train_mse=9.595753e-03 train_cos=0.992508 train_nmse=-18.253dB train_rec=3.154418e-06 train_recT=2.602265e-06 train_fc=5.034682e-03 train_decoder_tail=0.000000e+00
I 07.01/16:42:12 train_mapper.py:622 ] epoch=0060 train_loss=3.812384e-02 train_mse=9.495474e-03 train_cos=0.992588 train_nmse=-18.299dB train_rec=3.124299e-06 train_recT=2.572292e-06 train_fc=4.985299e-03 train_decoder_tail=0.000000e+00
I 07.01/16:44:29 train_mapper.py:622 ] epoch=0061 train_loss=3.784174e-02 train_mse=9.404432e-03 train_cos=0.992653 train_nmse=-18.341dB train_rec=3.093918e-06 train_recT=2.541454e-06 train_fc=4.935359e-03 train_decoder_tail=0.000000e+00
I 07.01/16:46:33 train_mapper.py:622 ] epoch=0062 train_loss=3.742988e-02 train_mse=9.277325e-03 train_cos=0.992749 train_nmse=-18.400dB train_rec=3.051934e-06 train_recT=2.499539e-06 train_fc=4.860930e-03 train_decoder_tail=0.000000e+00
I 07.01/16:48:38 train_mapper.py:622 ] epoch=0063 train_loss=3.732796e-02 train_mse=9.241828e-03 train_cos=0.992774 train_nmse=-18.417dB train_rec=3.050509e-06 train_recT=2.498400e-06 train_fc=4.849829e-03 train_decoder_tail=0.000000e+00
I 07.01/16:50:41 train_mapper.py:622 ] epoch=0064 train_loss=3.702157e-02 train_mse=9.146493e-03 train_cos=0.992846 train_nmse=-18.462dB train_rec=3.011459e-06 train_recT=2.458951e-06 train_fc=4.797393e-03 train_decoder_tail=0.000000e+00
I 07.01/16:52:43 train_mapper.py:622 ] epoch=0065 train_loss=3.652994e-02 train_mse=8.994550e-03 train_cos=0.992961 train_nmse=-18.534dB train_rec=2.964764e-06 train_recT=2.412475e-06 train_fc=4.704684e-03 train_decoder_tail=0.000000e+00
I 07.01/16:54:50 train_mapper.py:622 ] epoch=0066 train_loss=3.617757e-02 train_mse=8.885161e-03 train_cos=0.993041 train_nmse=-18.588dB train_rec=2.925824e-06 train_recT=2.373460e-06 train_fc=4.642936e-03 train_decoder_tail=0.000000e+00
I 07.01/16:56:55 train_mapper.py:622 ] epoch=0067 train_loss=3.604270e-02 train_mse=8.841253e-03 train_cos=0.993073 train_nmse=-18.609dB train_rec=2.918048e-06 train_recT=2.365120e-06 train_fc=4.623642e-03 train_decoder_tail=0.000000e+00
I 07.01/16:59:05 train_mapper.py:622 ] epoch=0068 train_loss=3.588063e-02 train_mse=8.789943e-03 train_cos=0.993114 train_nmse=-18.634dB train_rec=2.910118e-06 train_recT=2.357755e-06 train_fc=4.597909e-03 train_decoder_tail=0.000000e+00
I 07.01/17:01:21 train_mapper.py:622 ] epoch=0069 train_loss=3.542530e-02 train_mse=8.652761e-03 train_cos=0.993217 train_nmse=-18.703dB train_rec=2.860142e-06 train_recT=2.307289e-06 train_fc=4.525079e-03 train_decoder_tail=0.000000e+00
I 07.01/17:03:34 train_mapper.py:622 ] epoch=0070 train_loss=3.527803e-02 train_mse=8.603543e-03 train_cos=0.993251 train_nmse=-18.727dB train_rec=2.838858e-06 train_recT=2.286120e-06 train_fc=4.495419e-03 train_decoder_tail=0.000000e+00
I 07.01/17:05:47 train_mapper.py:622 ] epoch=0071 train_loss=3.494734e-02 train_mse=8.505086e-03 train_cos=0.993327 train_nmse=-18.777dB train_rec=2.808254e-06 train_recT=2.255407e-06 train_fc=4.439700e-03 train_decoder_tail=0.000000e+00
I 07.01/17:08:01 train_mapper.py:622 ] epoch=0072 train_loss=3.479232e-02 train_mse=8.454802e-03 train_cos=0.993364 train_nmse=-18.803dB train_rec=2.793175e-06 train_recT=2.240614e-06 train_fc=4.412460e-03 train_decoder_tail=0.000000e+00
I 07.01/17:10:18 train_mapper.py:622 ] epoch=0073 train_loss=3.453679e-02 train_mse=8.377672e-03 train_cos=0.993425 train_nmse=-18.843dB train_rec=2.770154e-06 train_recT=2.217302e-06 train_fc=4.373348e-03 train_decoder_tail=0.000000e+00
I 07.01/17:12:37 train_mapper.py:622 ] epoch=0074 train_loss=3.432906e-02 train_mse=8.314090e-03 train_cos=0.993474 train_nmse=-18.876dB train_rec=2.758035e-06 train_recT=2.205169e-06 train_fc=4.339994e-03 train_decoder_tail=0.000000e+00
I 07.01/17:14:51 train_mapper.py:622 ] epoch=0075 train_loss=3.405886e-02 train_mse=8.232215e-03 train_cos=0.993536 train_nmse=-18.919dB train_rec=2.728562e-06 train_recT=2.175813e-06 train_fc=4.298939e-03 train_decoder_tail=0.000000e+00
I 07.01/17:17:05 train_mapper.py:622 ] epoch=0076 train_loss=3.387857e-02 train_mse=8.176094e-03 train_cos=0.993578 train_nmse=-18.949dB train_rec=2.710004e-06 train_recT=2.157352e-06 train_fc=4.265162e-03 train_decoder_tail=0.000000e+00
I 07.01/17:19:23 train_mapper.py:622 ] epoch=0077 train_loss=3.356151e-02 train_mse=8.081904e-03 train_cos=0.993650 train_nmse=-18.999dB train_rec=2.682846e-06 train_recT=2.129797e-06 train_fc=4.213255e-03 train_decoder_tail=0.000000e+00
I 07.01/17:21:33 train_mapper.py:622 ] epoch=0078 train_loss=3.333641e-02 train_mse=8.013903e-03 train_cos=0.993701 train_nmse=-19.036dB train_rec=2.657230e-06 train_recT=2.104482e-06 train_fc=4.177056e-03 train_decoder_tail=0.000000e+00
I 07.01/17:23:48 train_mapper.py:622 ] epoch=0079 train_loss=3.312459e-02 train_mse=7.948676e-03 train_cos=0.993748 train_nmse=-19.071dB train_rec=2.639518e-06 train_recT=2.085899e-06 train_fc=4.141564e-03 train_decoder_tail=0.000000e+00
I 07.01/17:26:00 train_mapper.py:622 ] epoch=0080 train_loss=3.296739e-02 train_mse=7.900442e-03 train_cos=0.993788 train_nmse=-19.097dB train_rec=2.633122e-06 train_recT=2.080040e-06 train_fc=4.116278e-03 train_decoder_tail=0.000000e+00
I 07.01/17:28:20 train_mapper.py:622 ] epoch=0081 train_loss=3.271501e-02 train_mse=7.826008e-03 train_cos=0.993847 train_nmse=-19.139dB train_rec=2.603726e-06 train_recT=2.050875e-06 train_fc=4.076563e-03 train_decoder_tail=0.000000e+00
I 07.01/17:30:39 train_mapper.py:622 ] epoch=0082 train_loss=3.259246e-02 train_mse=7.787382e-03 train_cos=0.993874 train_nmse=-19.160dB train_rec=2.588773e-06 train_recT=2.036056e-06 train_fc=4.058895e-03 train_decoder_tail=0.000000e+00
I 07.01/17:32:55 train_mapper.py:622 ] epoch=0083 train_loss=3.239805e-02 train_mse=7.729148e-03 train_cos=0.993918 train_nmse=-19.193dB train_rec=2.575769e-06 train_recT=2.022665e-06 train_fc=4.031239e-03 train_decoder_tail=0.000000e+00
I 07.01/17:35:11 train_mapper.py:622 ] epoch=0084 train_loss=3.224162e-02 train_mse=7.681162e-03 train_cos=0.993955 train_nmse=-19.220dB train_rec=2.561573e-06 train_recT=2.008417e-06 train_fc=4.003889e-03 train_decoder_tail=0.000000e+00
I 07.01/17:37:24 train_mapper.py:622 ] epoch=0085 train_loss=3.198828e-02 train_mse=7.607494e-03 train_cos=0.994014 train_nmse=-19.262dB train_rec=2.540774e-06 train_recT=1.987679e-06 train_fc=3.966541e-03 train_decoder_tail=0.000000e+00
I 07.01/17:39:37 train_mapper.py:622 ] epoch=0086 train_loss=3.185151e-02 train_mse=7.565153e-03 train_cos=0.994047 train_nmse=-19.286dB train_rec=2.533195e-06 train_recT=1.980200e-06 train_fc=3.943193e-03 train_decoder_tail=0.000000e+00
I 07.01/17:41:49 train_mapper.py:622 ] epoch=0087 train_loss=3.179748e-02 train_mse=7.546248e-03 train_cos=0.994058 train_nmse=-19.297dB train_rec=2.524751e-06 train_recT=1.971923e-06 train_fc=3.934310e-03 train_decoder_tail=0.000000e+00
I 07.01/17:44:07 train_mapper.py:622 ] epoch=0088 train_loss=3.139182e-02 train_mse=7.430516e-03 train_cos=0.994151 train_nmse=-19.364dB train_rec=2.490219e-06 train_recT=1.936814e-06 train_fc=3.870696e-03 train_decoder_tail=0.000000e+00
I 07.01/17:46:21 train_mapper.py:622 ] epoch=0089 train_loss=3.129088e-02 train_mse=7.397484e-03 train_cos=0.994173 train_nmse=-19.383dB train_rec=2.482192e-06 train_recT=1.929602e-06 train_fc=3.852511e-03 train_decoder_tail=0.000000e+00
I 07.01/17:48:30 train_mapper.py:622 ] epoch=0090 train_loss=3.114066e-02 train_mse=7.352284e-03 train_cos=0.994207 train_nmse=-19.410dB train_rec=2.465404e-06 train_recT=1.912370e-06 train_fc=3.829333e-03 train_decoder_tail=0.000000e+00
I 07.01/17:50:43 train_mapper.py:622 ] epoch=0091 train_loss=3.088985e-02 train_mse=7.279151e-03 train_cos=0.994264 train_nmse=-19.453dB train_rec=2.445749e-06 train_recT=1.892635e-06 train_fc=3.787569e-03 train_decoder_tail=0.000000e+00
I 07.01/17:52:59 train_mapper.py:622 ] epoch=0092 train_loss=3.074350e-02 train_mse=7.235127e-03 train_cos=0.994296 train_nmse=-19.480dB train_rec=2.432057e-06 train_recT=1.879250e-06 train_fc=3.766413e-03 train_decoder_tail=0.000000e+00
I 07.01/17:55:12 train_mapper.py:622 ] epoch=0093 train_loss=3.061417e-02 train_mse=7.196518e-03 train_cos=0.994327 train_nmse=-19.503dB train_rec=2.416680e-06 train_recT=1.863672e-06 train_fc=3.746067e-03 train_decoder_tail=0.000000e+00
I 07.01/17:57:22 train_mapper.py:622 ] epoch=0094 train_loss=3.044089e-02 train_mse=7.144609e-03 train_cos=0.994368 train_nmse=-19.534dB train_rec=2.408073e-06 train_recT=1.854863e-06 train_fc=3.720460e-03 train_decoder_tail=0.000000e+00
I 07.01/17:59:35 train_mapper.py:622 ] epoch=0095 train_loss=3.027602e-02 train_mse=7.094901e-03 train_cos=0.994405 train_nmse=-19.564dB train_rec=2.387964e-06 train_recT=1.834659e-06 train_fc=3.693336e-03 train_decoder_tail=0.000000e+00
I 07.01/18:01:47 train_mapper.py:622 ] epoch=0096 train_loss=3.009812e-02 train_mse=7.043626e-03 train_cos=0.994445 train_nmse=-19.596dB train_rec=2.372088e-06 train_recT=1.819077e-06 train_fc=3.665026e-03 train_decoder_tail=0.000000e+00
I 07.01/18:04:02 train_mapper.py:622 ] epoch=0097 train_loss=3.003812e-02 train_mse=7.023331e-03 train_cos=0.994462 train_nmse=-19.608dB train_rec=2.371506e-06 train_recT=1.818259e-06 train_fc=3.658255e-03 train_decoder_tail=0.000000e+00
I 07.01/18:06:17 train_mapper.py:622 ] epoch=0098 train_loss=2.983620e-02 train_mse=6.965516e-03 train_cos=0.994508 train_nmse=-19.644dB train_rec=2.356177e-06 train_recT=1.802945e-06 train_fc=3.628880e-03 train_decoder_tail=0.000000e+00
I 07.01/18:08:33 train_mapper.py:622 ] epoch=0099 train_loss=2.964079e-02 train_mse=6.908539e-03 train_cos=0.994551 train_nmse=-19.680dB train_rec=2.341666e-06 train_recT=1.788395e-06 train_fc=3.600840e-03 train_decoder_tail=0.000000e+00
I 07.01/18:10:43 train_mapper.py:622 ] epoch=0100 train_loss=2.953271e-02 train_mse=6.874752e-03 train_cos=0.994576 train_nmse=-19.701dB train_rec=2.327004e-06 train_recT=1.773997e-06 train_fc=3.581199e-03 train_decoder_tail=0.000000e+00
I 07.01/18:12:54 train_mapper.py:622 ] epoch=0101 train_loss=2.949477e-02 train_mse=6.860518e-03 train_cos=0.994586 train_nmse=-19.710dB train_rec=2.326188e-06 train_recT=1.773654e-06 train_fc=3.577108e-03 train_decoder_tail=0.000000e+00
I 07.01/18:15:11 train_mapper.py:622 ] epoch=0102 train_loss=2.925653e-02 train_mse=6.792115e-03 train_cos=0.994643 train_nmse=-19.754dB train_rec=2.311798e-06 train_recT=1.758970e-06 train_fc=3.540690e-03 train_decoder_tail=0.000000e+00
I 07.01/18:17:21 train_mapper.py:622 ] epoch=0103 train_loss=2.912399e-02 train_mse=6.753177e-03 train_cos=0.994671 train_nmse=-19.779dB train_rec=2.302990e-06 train_recT=1.749839e-06 train_fc=3.519424e-03 train_decoder_tail=0.000000e+00
I 07.01/18:19:36 train_mapper.py:622 ] epoch=0104 train_loss=2.895300e-02 train_mse=6.703288e-03 train_cos=0.994710 train_nmse=-19.811dB train_rec=2.279480e-06 train_recT=1.726662e-06 train_fc=3.489894e-03 train_decoder_tail=0.000000e+00
I 07.01/18:21:51 train_mapper.py:622 ] epoch=0105 train_loss=2.883703e-02 train_mse=6.668321e-03 train_cos=0.994735 train_nmse=-19.834dB train_rec=2.265544e-06 train_recT=1.712442e-06 train_fc=3.471537e-03 train_decoder_tail=0.000000e+00
I 07.01/18:24:06 train_mapper.py:622 ] epoch=0106 train_loss=2.870906e-02 train_mse=6.630345e-03 train_cos=0.994763 train_nmse=-19.858dB train_rec=2.256135e-06 train_recT=1.703051e-06 train_fc=3.458412e-03 train_decoder_tail=0.000000e+00
I 07.01/18:26:19 train_mapper.py:622 ] epoch=0107 train_loss=2.855997e-02 train_mse=6.586856e-03 train_cos=0.994799 train_nmse=-19.888dB train_rec=2.251488e-06 train_recT=1.698400e-06 train_fc=3.432203e-03 train_decoder_tail=0.000000e+00
I 07.01/18:28:24 train_mapper.py:622 ] epoch=0108 train_loss=2.836285e-02 train_mse=6.530375e-03 train_cos=0.994843 train_nmse=-19.925dB train_rec=2.239354e-06 train_recT=1.686436e-06 train_fc=3.404637e-03 train_decoder_tail=0.000000e+00
I 07.01/18:30:37 train_mapper.py:622 ] epoch=0109 train_loss=2.825555e-02 train_mse=6.497568e-03 train_cos=0.994868 train_nmse=-19.946dB train_rec=2.220673e-06 train_recT=1.667790e-06 train_fc=3.387082e-03 train_decoder_tail=0.000000e+00
I 07.01/18:32:49 train_mapper.py:622 ] epoch=0110 train_loss=2.819117e-02 train_mse=6.477280e-03 train_cos=0.994884 train_nmse=-19.960dB train_rec=2.218606e-06 train_recT=1.665712e-06 train_fc=3.378924e-03 train_decoder_tail=0.000000e+00
I 07.01/18:34:55 train_mapper.py:622 ] epoch=0111 train_loss=2.810827e-02 train_mse=6.452933e-03 train_cos=0.994904 train_nmse=-19.976dB train_rec=2.213681e-06 train_recT=1.661023e-06 train_fc=3.365732e-03 train_decoder_tail=0.000000e+00
I 07.01/18:37:09 train_mapper.py:622 ] epoch=0112 train_loss=2.795873e-02 train_mse=6.409096e-03 train_cos=0.994939 train_nmse=-20.006dB train_rec=2.207473e-06 train_recT=1.654567e-06 train_fc=3.341766e-03 train_decoder_tail=0.000000e+00
I 07.01/18:39:19 train_mapper.py:622 ] epoch=0113 train_loss=2.789120e-02 train_mse=6.387846e-03 train_cos=0.994952 train_nmse=-20.020dB train_rec=2.194961e-06 train_recT=1.641905e-06 train_fc=3.329399e-03 train_decoder_tail=0.000000e+00
I 07.01/18:41:32 train_mapper.py:622 ] epoch=0114 train_loss=2.769010e-02 train_mse=6.331489e-03 train_cos=0.994995 train_nmse=-20.059dB train_rec=2.174196e-06 train_recT=1.621356e-06 train_fc=3.301851e-03 train_decoder_tail=0.000000e+00
I 07.01/18:43:42 train_mapper.py:622 ] epoch=0115 train_loss=2.756808e-02 train_mse=6.295108e-03 train_cos=0.995024 train_nmse=-20.084dB train_rec=2.164854e-06 train_recT=1.612144e-06 train_fc=3.284153e-03 train_decoder_tail=0.000000e+00
I 07.01/18:45:35 train_mapper.py:622 ] epoch=0116 train_loss=2.747575e-02 train_mse=6.267784e-03 train_cos=0.995046 train_nmse=-20.103dB train_rec=2.164374e-06 train_recT=1.611722e-06 train_fc=3.269326e-03 train_decoder_tail=0.000000e+00
I 07.01/18:47:19 train_mapper.py:622 ] epoch=0117 train_loss=2.740670e-02 train_mse=6.246089e-03 train_cos=0.995061 train_nmse=-20.118dB train_rec=2.157015e-06 train_recT=1.604435e-06 train_fc=3.257657e-03 train_decoder_tail=0.000000e+00
I 07.01/18:49:05 train_mapper.py:622 ] epoch=0118 train_loss=2.719778e-02 train_mse=6.188633e-03 train_cos=0.995105 train_nmse=-20.158dB train_rec=2.137019e-06 train_recT=1.584083e-06 train_fc=3.226441e-03 train_decoder_tail=0.000000e+00
I 07.01/18:50:47 train_mapper.py:622 ] epoch=0119 train_loss=2.706908e-02 train_mse=6.151486e-03 train_cos=0.995134 train_nmse=-20.184dB train_rec=2.124930e-06 train_recT=1.572443e-06 train_fc=3.204210e-03 train_decoder_tail=0.000000e+00
I 07.01/18:52:31 train_mapper.py:622 ] epoch=0120 train_loss=2.705424e-02 train_mse=6.145157e-03 train_cos=0.995140 train_nmse=-20.188dB train_rec=2.123882e-06 train_recT=1.571215e-06 train_fc=3.203958e-03 train_decoder_tail=0.000000e+00
I 07.01/18:54:17 train_mapper.py:622 ] epoch=0121 train_loss=2.682629e-02 train_mse=6.082511e-03 train_cos=0.995188 train_nmse=-20.233dB train_rec=2.103872e-06 train_recT=1.551243e-06 train_fc=3.170718e-03 train_decoder_tail=0.000000e+00
I 07.01/18:56:03 train_mapper.py:622 ] epoch=0122 train_loss=2.673900e-02 train_mse=6.057357e-03 train_cos=0.995207 train_nmse=-20.251dB train_rec=2.096501e-06 train_recT=1.543786e-06 train_fc=3.158322e-03 train_decoder_tail=0.000000e+00
I 07.01/18:57:43 train_mapper.py:622 ] epoch=0123 train_loss=2.665119e-02 train_mse=6.030669e-03 train_cos=0.995228 train_nmse=-20.270dB train_rec=2.092972e-06 train_recT=1.540206e-06 train_fc=3.143491e-03 train_decoder_tail=0.000000e+00
I 07.01/18:59:26 train_mapper.py:622 ] epoch=0124 train_loss=2.656633e-02 train_mse=6.007391e-03 train_cos=0.995247 train_nmse=-20.287dB train_rec=2.086200e-06 train_recT=1.533426e-06 train_fc=3.134034e-03 train_decoder_tail=0.000000e+00
I 07.01/19:01:10 train_mapper.py:622 ] epoch=0125 train_loss=2.648122e-02 train_mse=5.982687e-03 train_cos=0.995266 train_nmse=-20.305dB train_rec=2.077239e-06 train_recT=1.525013e-06 train_fc=3.122190e-03 train_decoder_tail=0.000000e+00
I 07.01/19:02:55 train_mapper.py:622 ] epoch=0126 train_loss=2.638625e-02 train_mse=5.954405e-03 train_cos=0.995287 train_nmse=-20.325dB train_rec=2.071561e-06 train_recT=1.519366e-06 train_fc=3.103045e-03 train_decoder_tail=0.000000e+00
I 07.01/19:04:43 train_mapper.py:622 ] epoch=0127 train_loss=2.624941e-02 train_mse=5.916543e-03 train_cos=0.995315 train_nmse=-20.353dB train_rec=2.058379e-06 train_recT=1.506240e-06 train_fc=3.083622e-03 train_decoder_tail=0.000000e+00
I 07.01/19:06:26 train_mapper.py:622 ] epoch=0128 train_loss=2.613728e-02 train_mse=5.885196e-03 train_cos=0.995340 train_nmse=-20.376dB train_rec=2.055666e-06 train_recT=1.502301e-06 train_fc=3.069671e-03 train_decoder_tail=0.000000e+00
I 07.01/19:08:09 train_mapper.py:622 ] epoch=0129 train_loss=2.608860e-02 train_mse=5.870466e-03 train_cos=0.995351 train_nmse=-20.387dB train_rec=2.049019e-06 train_recT=1.496626e-06 train_fc=3.062410e-03 train_decoder_tail=0.000000e+00
I 07.01/19:09:52 train_mapper.py:622 ] epoch=0130 train_loss=2.599857e-02 train_mse=5.845191e-03 train_cos=0.995370 train_nmse=-20.406dB train_rec=2.041832e-06 train_recT=1.489666e-06 train_fc=3.048044e-03 train_decoder_tail=0.000000e+00
I 07.01/19:11:37 train_mapper.py:622 ] epoch=0131 train_loss=2.590757e-02 train_mse=5.818611e-03 train_cos=0.995390 train_nmse=-20.426dB train_rec=2.034730e-06 train_recT=1.482414e-06 train_fc=3.034784e-03 train_decoder_tail=0.000000e+00
I 07.01/19:13:21 train_mapper.py:622 ] epoch=0132 train_loss=2.579014e-02 train_mse=5.786890e-03 train_cos=0.995416 train_nmse=-20.449dB train_rec=2.022983e-06 train_recT=1.470326e-06 train_fc=3.017761e-03 train_decoder_tail=0.000000e+00
I 07.01/19:15:04 train_mapper.py:622 ] epoch=0133 train_loss=2.568365e-02 train_mse=5.756735e-03 train_cos=0.995436 train_nmse=-20.472dB train_rec=2.015634e-06 train_recT=1.463692e-06 train_fc=2.999366e-03 train_decoder_tail=0.000000e+00
I 07.01/19:16:48 train_mapper.py:622 ] epoch=0134 train_loss=2.555159e-02 train_mse=5.721123e-03 train_cos=0.995465 train_nmse=-20.499dB train_rec=2.005159e-06 train_recT=1.452552e-06 train_fc=2.980168e-03 train_decoder_tail=0.000000e+00
I 07.01/19:18:33 train_mapper.py:622 ] epoch=0135 train_loss=2.547953e-02 train_mse=5.700659e-03 train_cos=0.995483 train_nmse=-20.515dB train_rec=2.001391e-06 train_recT=1.448981e-06 train_fc=2.972233e-03 train_decoder_tail=0.000000e+00
I 07.01/19:20:19 train_mapper.py:622 ] epoch=0136 train_loss=2.536157e-02 train_mse=5.668417e-03 train_cos=0.995508 train_nmse=-20.539dB train_rec=1.994488e-06 train_recT=1.441993e-06 train_fc=2.956595e-03 train_decoder_tail=0.000000e+00
I 07.01/19:22:02 train_mapper.py:622 ] epoch=0137 train_loss=2.530418e-02 train_mse=5.651773e-03 train_cos=0.995519 train_nmse=-20.552dB train_rec=1.988944e-06 train_recT=1.436332e-06 train_fc=2.946699e-03 train_decoder_tail=0.000000e+00
I 07.01/19:23:43 train_mapper.py:622 ] epoch=0138 train_loss=2.524444e-02 train_mse=5.634207e-03 train_cos=0.995531 train_nmse=-20.566dB train_rec=1.979132e-06 train_recT=1.426477e-06 train_fc=2.934490e-03 train_decoder_tail=0.000000e+00
I 07.01/19:25:30 train_mapper.py:622 ] epoch=0139 train_loss=2.514303e-02 train_mse=5.606795e-03 train_cos=0.995555 train_nmse=-20.587dB train_rec=1.976685e-06 train_recT=1.424297e-06 train_fc=2.923110e-03 train_decoder_tail=0.000000e+00
I 07.01/19:27:13 train_mapper.py:622 ] epoch=0140 train_loss=2.506869e-02 train_mse=5.585355e-03 train_cos=0.995569 train_nmse=-20.603dB train_rec=1.968808e-06 train_recT=1.416684e-06 train_fc=2.909144e-03 train_decoder_tail=0.000000e+00
I 07.01/19:28:54 train_mapper.py:622 ] epoch=0141 train_loss=2.497047e-02 train_mse=5.558639e-03 train_cos=0.995591 train_nmse=-20.624dB train_rec=1.961764e-06 train_recT=1.409249e-06 train_fc=2.895833e-03 train_decoder_tail=0.000000e+00
I 07.01/19:30:37 train_mapper.py:622 ] epoch=0142 train_loss=2.489594e-02 train_mse=5.537465e-03 train_cos=0.995604 train_nmse=-20.641dB train_rec=1.950277e-06 train_recT=1.398006e-06 train_fc=2.883352e-03 train_decoder_tail=0.000000e+00
I 07.01/19:32:21 train_mapper.py:622 ] epoch=0143 train_loss=2.482170e-02 train_mse=5.517829e-03 train_cos=0.995622 train_nmse=-20.656dB train_rec=1.948694e-06 train_recT=1.396098e-06 train_fc=2.875655e-03 train_decoder_tail=0.000000e+00
I 07.01/19:34:09 train_mapper.py:622 ] epoch=0144 train_loss=2.474532e-02 train_mse=5.496922e-03 train_cos=0.995638 train_nmse=-20.673dB train_rec=1.944465e-06 train_recT=1.392265e-06 train_fc=2.867772e-03 train_decoder_tail=0.000000e+00
I 07.01/19:35:51 train_mapper.py:622 ] epoch=0145 train_loss=2.465080e-02 train_mse=5.471173e-03 train_cos=0.995660 train_nmse=-20.693dB train_rec=1.937708e-06 train_recT=1.385192e-06 train_fc=2.849008e-03 train_decoder_tail=0.000000e+00
I 07.01/19:37:37 train_mapper.py:622 ] epoch=0146 train_loss=2.460544e-02 train_mse=5.457735e-03 train_cos=0.995669 train_nmse=-20.704dB train_rec=1.934305e-06 train_recT=1.382422e-06 train_fc=2.841407e-03 train_decoder_tail=0.000000e+00
I 07.01/19:39:21 train_mapper.py:622 ] epoch=0147 train_loss=2.450229e-02 train_mse=5.429722e-03 train_cos=0.995691 train_nmse=-20.726dB train_rec=1.923682e-06 train_recT=1.371477e-06 train_fc=2.827336e-03 train_decoder_tail=0.000000e+00
I 07.01/19:41:08 train_mapper.py:622 ] epoch=0148 train_loss=2.440509e-02 train_mse=5.403425e-03 train_cos=0.995712 train_nmse=-20.747dB train_rec=1.925352e-06 train_recT=1.372713e-06 train_fc=2.812299e-03 train_decoder_tail=0.000000e+00
I 07.01/19:42:51 train_mapper.py:622 ] epoch=0149 train_loss=2.430503e-02 train_mse=5.377050e-03 train_cos=0.995732 train_nmse=-20.768dB train_rec=1.911218e-06 train_recT=1.359296e-06 train_fc=2.800412e-03 train_decoder_tail=0.000000e+00
I 07.01/19:44:35 train_mapper.py:622 ] epoch=0150 train_loss=2.425754e-02 train_mse=5.362913e-03 train_cos=0.995740 train_nmse=-20.780dB train_rec=1.904047e-06 train_recT=1.351428e-06 train_fc=2.789148e-03 train_decoder_tail=0.000000e+00
I 07.01/19:46:20 train_mapper.py:622 ] epoch=0151 train_loss=2.420641e-02 train_mse=5.348519e-03 train_cos=0.995753 train_nmse=-20.792dB train_rec=1.901709e-06 train_recT=1.349206e-06 train_fc=2.784369e-03 train_decoder_tail=0.000000e+00
I 07.01/19:48:06 train_mapper.py:622 ] epoch=0152 train_loss=2.410147e-02 train_mse=5.321306e-03 train_cos=0.995775 train_nmse=-20.814dB train_rec=1.895768e-06 train_recT=1.343311e-06 train_fc=2.769707e-03 train_decoder_tail=0.000000e+00
I 07.01/19:49:49 train_mapper.py:622 ] epoch=0153 train_loss=2.404556e-02 train_mse=5.305533e-03 train_cos=0.995786 train_nmse=-20.827dB train_rec=1.892288e-06 train_recT=1.340469e-06 train_fc=2.761739e-03 train_decoder_tail=0.000000e+00
I 07.01/19:51:33 train_mapper.py:622 ] epoch=0154 train_loss=2.399555e-02 train_mse=5.290839e-03 train_cos=0.995797 train_nmse=-20.839dB train_rec=1.884969e-06 train_recT=1.332539e-06 train_fc=2.753990e-03 train_decoder_tail=0.000000e+00
I 07.01/19:53:18 train_mapper.py:622 ] epoch=0155 train_loss=2.391908e-02 train_mse=5.270655e-03 train_cos=0.995813 train_nmse=-20.855dB train_rec=1.880789e-06 train_recT=1.328738e-06 train_fc=2.741749e-03 train_decoder_tail=0.000000e+00
I 07.01/19:55:13 train_mapper.py:622 ] epoch=0156 train_loss=2.384165e-02 train_mse=5.249993e-03 train_cos=0.995830 train_nmse=-20.872dB train_rec=1.874458e-06 train_recT=1.321782e-06 train_fc=2.731855e-03 train_decoder_tail=0.000000e+00
I 07.01/19:56:58 train_mapper.py:622 ] epoch=0157 train_loss=2.374097e-02 train_mse=5.223058e-03 train_cos=0.995851 train_nmse=-20.895dB train_rec=1.866704e-06 train_recT=1.314390e-06 train_fc=2.716132e-03 train_decoder_tail=0.000000e+00
I 07.01/19:58:44 train_mapper.py:622 ] epoch=0158 train_loss=2.378015e-02 train_mse=5.231533e-03 train_cos=0.995844 train_nmse=-20.888dB train_rec=1.870585e-06 train_recT=1.318069e-06 train_fc=2.723917e-03 train_decoder_tail=0.000000e+00
I 07.01/20:00:30 train_mapper.py:622 ] epoch=0159 train_loss=2.355217e-02 train_mse=5.173340e-03 train_cos=0.995890 train_nmse=-20.936dB train_rec=1.850640e-06 train_recT=1.298287e-06 train_fc=2.691271e-03 train_decoder_tail=0.000000e+00
I 07.01/20:02:17 train_mapper.py:622 ] epoch=0160 train_loss=2.351566e-02 train_mse=5.162486e-03 train_cos=0.995898 train_nmse=-20.945dB train_rec=1.847615e-06 train_recT=1.295527e-06 train_fc=2.682421e-03 train_decoder_tail=0.000000e+00
I 07.01/20:04:00 train_mapper.py:622 ] epoch=0161 train_loss=2.339851e-02 train_mse=5.132364e-03 train_cos=0.995922 train_nmse=-20.971dB train_rec=1.843074e-06 train_recT=1.291045e-06 train_fc=2.669700e-03 train_decoder_tail=0.000000e+00
I 07.01/20:05:46 train_mapper.py:622 ] epoch=0162 train_loss=2.342843e-02 train_mse=5.137899e-03 train_cos=0.995914 train_nmse=-20.966dB train_rec=1.844197e-06 train_recT=1.291666e-06 train_fc=2.670770e-03 train_decoder_tail=0.000000e+00
I 07.01/20:07:28 train_mapper.py:622 ] epoch=0163 train_loss=2.333498e-02 train_mse=5.113850e-03 train_cos=0.995937 train_nmse=-20.986dB train_rec=1.837633e-06 train_recT=1.285706e-06 train_fc=2.659651e-03 train_decoder_tail=0.000000e+00
I 07.01/20:09:17 train_mapper.py:622 ] epoch=0164 train_loss=2.330955e-02 train_mse=5.105257e-03 train_cos=0.995941 train_nmse=-20.994dB train_rec=1.837237e-06 train_recT=1.284662e-06 train_fc=2.654346e-03 train_decoder_tail=0.000000e+00
I 07.01/20:11:06 train_mapper.py:622 ] epoch=0165 train_loss=2.316505e-02 train_mse=5.069607e-03 train_cos=0.995972 train_nmse=-21.024dB train_rec=1.826757e-06 train_recT=1.274558e-06 train_fc=2.634584e-03 train_decoder_tail=0.000000e+00
I 07.01/20:12:50 train_mapper.py:622 ] epoch=0166 train_loss=2.309754e-02 train_mse=5.050374e-03 train_cos=0.995984 train_nmse=-21.041dB train_rec=1.819523e-06 train_recT=1.267070e-06 train_fc=2.624039e-03 train_decoder_tail=0.000000e+00
I 07.01/20:14:36 train_mapper.py:622 ] epoch=0167 train_loss=2.304193e-02 train_mse=5.035759e-03 train_cos=0.995997 train_nmse=-21.053dB train_rec=1.816751e-06 train_recT=1.264893e-06 train_fc=2.616593e-03 train_decoder_tail=0.000000e+00
I 07.01/20:16:21 train_mapper.py:622 ] epoch=0168 train_loss=2.307541e-02 train_mse=5.042792e-03 train_cos=0.995990 train_nmse=-21.047dB train_rec=1.818136e-06 train_recT=1.265785e-06 train_fc=2.622040e-03 train_decoder_tail=0.000000e+00
I 07.01/20:18:07 train_mapper.py:622 ] epoch=0169 train_loss=2.300295e-02 train_mse=5.023604e-03 train_cos=0.996007 train_nmse=-21.064dB train_rec=1.811371e-06 train_recT=1.259157e-06 train_fc=2.609732e-03 train_decoder_tail=0.000000e+00
I 07.01/20:19:51 train_mapper.py:622 ] epoch=0170 train_loss=2.284076e-02 train_mse=4.981961e-03 train_cos=0.996038 train_nmse=-21.100dB train_rec=1.801226e-06 train_recT=1.249022e-06 train_fc=2.587327e-03 train_decoder_tail=0.000000e+00
I 07.01/20:21:38 train_mapper.py:622 ] epoch=0171 train_loss=2.285344e-02 train_mse=4.983297e-03 train_cos=0.996035 train_nmse=-21.099dB train_rec=1.799577e-06 train_recT=1.247492e-06 train_fc=2.587710e-03 train_decoder_tail=0.000000e+00
I 07.01/20:23:23 train_mapper.py:622 ] epoch=0172 train_loss=2.275632e-02 train_mse=4.959185e-03 train_cos=0.996056 train_nmse=-21.120dB train_rec=1.793799e-06 train_recT=1.241853e-06 train_fc=2.576395e-03 train_decoder_tail=0.000000e+00
I 07.01/20:25:10 train_mapper.py:622 ] epoch=0173 train_loss=2.271913e-02 train_mse=4.948189e-03 train_cos=0.996065 train_nmse=-21.129dB train_rec=1.791167e-06 train_recT=1.238973e-06 train_fc=2.568448e-03 train_decoder_tail=0.000000e+00
I 07.01/20:26:54 train_mapper.py:622 ] epoch=0174 train_loss=2.263658e-02 train_mse=4.926660e-03 train_cos=0.996082 train_nmse=-21.148dB train_rec=1.788472e-06 train_recT=1.236402e-06 train_fc=2.557140e-03 train_decoder_tail=0.000000e+00
I 07.01/20:28:41 train_mapper.py:622 ] epoch=0175 train_loss=2.259206e-02 train_mse=4.914755e-03 train_cos=0.996091 train_nmse=-21.159dB train_rec=1.783533e-06 train_recT=1.230799e-06 train_fc=2.553272e-03 train_decoder_tail=0.000000e+00
I 07.01/20:30:25 train_mapper.py:622 ] epoch=0176 train_loss=2.251898e-02 train_mse=4.895683e-03 train_cos=0.996105 train_nmse=-21.176dB train_rec=1.773292e-06 train_recT=1.221245e-06 train_fc=2.541868e-03 train_decoder_tail=0.000000e+00
I 07.01/20:32:14 train_mapper.py:622 ] epoch=0177 train_loss=2.247768e-02 train_mse=4.884419e-03 train_cos=0.996115 train_nmse=-21.186dB train_rec=1.777621e-06 train_recT=1.224925e-06 train_fc=2.537670e-03 train_decoder_tail=0.000000e+00
I 07.01/20:33:57 train_mapper.py:622 ] epoch=0178 train_loss=2.241154e-02 train_mse=4.866671e-03 train_cos=0.996128 train_nmse=-21.201dB train_rec=1.768294e-06 train_recT=1.216182e-06 train_fc=2.525419e-03 train_decoder_tail=0.000000e+00
I 07.01/20:35:44 train_mapper.py:622 ] epoch=0179 train_loss=2.237056e-02 train_mse=4.855586e-03 train_cos=0.996136 train_nmse=-21.211dB train_rec=1.766685e-06 train_recT=1.215073e-06 train_fc=2.522433e-03 train_decoder_tail=0.000000e+00
I 07.01/20:37:28 train_mapper.py:622 ] epoch=0180 train_loss=2.230944e-02 train_mse=4.838988e-03 train_cos=0.996149 train_nmse=-21.226dB train_rec=1.762521e-06 train_recT=1.210324e-06 train_fc=2.512528e-03 train_decoder_tail=0.000000e+00
I 07.01/20:39:13 train_mapper.py:622 ] epoch=0181 train_loss=2.228302e-02 train_mse=4.831698e-03 train_cos=0.996156 train_nmse=-21.233dB train_rec=1.762824e-06 train_recT=1.210534e-06 train_fc=2.510542e-03 train_decoder_tail=0.000000e+00
I 07.01/20:40:55 train_mapper.py:622 ] epoch=0182 train_loss=2.220925e-02 train_mse=4.813315e-03 train_cos=0.996172 train_nmse=-21.249dB train_rec=1.756873e-06 train_recT=1.204402e-06 train_fc=2.500651e-03 train_decoder_tail=0.000000e+00
I 07.01/20:42:40 train_mapper.py:622 ] epoch=0183 train_loss=2.214377e-02 train_mse=4.795652e-03 train_cos=0.996184 train_nmse=-21.265dB train_rec=1.750920e-06 train_recT=1.198778e-06 train_fc=2.490777e-03 train_decoder_tail=0.000000e+00
I 07.01/20:44:26 train_mapper.py:622 ] epoch=0184 train_loss=2.209859e-02 train_mse=4.783556e-03 train_cos=0.996193 train_nmse=-21.276dB train_rec=1.744196e-06 train_recT=1.191790e-06 train_fc=2.485294e-03 train_decoder_tail=0.000000e+00
I 07.01/20:46:11 train_mapper.py:622 ] epoch=0185 train_loss=2.206844e-02 train_mse=4.774759e-03 train_cos=0.996200 train_nmse=-21.284dB train_rec=1.743177e-06 train_recT=1.191461e-06 train_fc=2.477957e-03 train_decoder_tail=0.000000e+00
I 07.01/20:47:57 train_mapper.py:622 ] epoch=0186 train_loss=2.198242e-02 train_mse=4.752881e-03 train_cos=0.996218 train_nmse=-21.304dB train_rec=1.739538e-06 train_recT=1.187354e-06 train_fc=2.469092e-03 train_decoder_tail=0.000000e+00
I 07.01/20:49:44 train_mapper.py:622 ] epoch=0187 train_loss=2.192810e-02 train_mse=4.738445e-03 train_cos=0.996230 train_nmse=-21.317dB train_rec=1.738257e-06 train_recT=1.185989e-06 train_fc=2.460415e-03 train_decoder_tail=0.000000e+00
I 07.01/20:51:31 train_mapper.py:622 ] epoch=0188 train_loss=2.186717e-02 train_mse=4.722741e-03 train_cos=0.996241 train_nmse=-21.332dB train_rec=1.731685e-06 train_recT=1.179499e-06 train_fc=2.450594e-03 train_decoder_tail=0.000000e+00
I 07.01/20:53:17 train_mapper.py:622 ] epoch=0189 train_loss=2.178502e-02 train_mse=4.701426e-03 train_cos=0.996259 train_nmse=-21.351dB train_rec=1.726289e-06 train_recT=1.174147e-06 train_fc=2.439649e-03 train_decoder_tail=0.000000e+00
I 07.01/20:55:02 train_mapper.py:622 ] epoch=0190 train_loss=2.182112e-02 train_mse=4.709012e-03 train_cos=0.996251 train_nmse=-21.344dB train_rec=1.727823e-06 train_recT=1.175744e-06 train_fc=2.446530e-03 train_decoder_tail=0.000000e+00
I 07.01/20:56:47 train_mapper.py:622 ] epoch=0191 train_loss=2.170458e-02 train_mse=4.679501e-03 train_cos=0.996273 train_nmse=-21.372dB train_rec=1.714316e-06 train_recT=1.162607e-06 train_fc=2.425948e-03 train_decoder_tail=0.000000e+00
I 07.01/20:58:33 train_mapper.py:622 ] epoch=0192 train_loss=2.167419e-02 train_mse=4.670931e-03 train_cos=0.996280 train_nmse=-21.380dB train_rec=1.716397e-06 train_recT=1.163751e-06 train_fc=2.424503e-03 train_decoder_tail=0.000000e+00
I 07.01/21:00:18 train_mapper.py:622 ] epoch=0193 train_loss=2.164696e-02 train_mse=4.664083e-03 train_cos=0.996288 train_nmse=-21.386dB train_rec=1.714779e-06 train_recT=1.162578e-06 train_fc=2.422942e-03 train_decoder_tail=0.000000e+00
I 07.01/21:02:05 train_mapper.py:622 ] epoch=0194 train_loss=2.151268e-02 train_mse=4.631022e-03 train_cos=0.996314 train_nmse=-21.417dB train_rec=1.708801e-06 train_recT=1.156847e-06 train_fc=2.403609e-03 train_decoder_tail=0.000000e+00
I 07.01/21:03:49 train_mapper.py:622 ] epoch=0195 train_loss=2.148743e-02 train_mse=4.622595e-03 train_cos=0.996321 train_nmse=-21.425dB train_rec=1.705509e-06 train_recT=1.153456e-06 train_fc=2.395724e-03 train_decoder_tail=0.000000e+00
I 07.01/21:05:33 train_mapper.py:622 ] epoch=0196 train_loss=2.143129e-02 train_mse=4.607847e-03 train_cos=0.996331 train_nmse=-21.439dB train_rec=1.705250e-06 train_recT=1.153318e-06 train_fc=2.392040e-03 train_decoder_tail=0.000000e+00
I 07.01/21:07:18 train_mapper.py:622 ] epoch=0197 train_loss=2.140362e-02 train_mse=4.600227e-03 train_cos=0.996337 train_nmse=-21.446dB train_rec=1.700507e-06 train_recT=1.148598e-06 train_fc=2.385578e-03 train_decoder_tail=0.000000e+00
I 07.01/21:09:03 train_mapper.py:622 ] epoch=0198 train_loss=2.137023e-02 train_mse=4.591413e-03 train_cos=0.996345 train_nmse=-21.454dB train_rec=1.698295e-06 train_recT=1.146090e-06 train_fc=2.380041e-03 train_decoder_tail=0.000000e+00
I 07.01/21:10:44 train_mapper.py:622 ] epoch=0199 train_loss=2.129401e-02 train_mse=4.572376e-03 train_cos=0.996360 train_nmse=-21.472dB train_rec=1.691982e-06 train_recT=1.139744e-06 train_fc=2.371042e-03 train_decoder_tail=0.000000e+00
I 07.01/21:12:32 train_mapper.py:622 ] epoch=0200 train_loss=2.129474e-02 train_mse=4.571143e-03 train_cos=0.996358 train_nmse=-21.474dB train_rec=1.687291e-06 train_recT=1.135243e-06 train_fc=2.370021e-03 train_decoder_tail=0.000000e+00
I 07.01/21:14:19 train_mapper.py:622 ] epoch=0201 train_loss=2.116505e-02 train_mse=4.539476e-03 train_cos=0.996387 train_nmse=-21.504dB train_rec=1.683121e-06 train_recT=1.130167e-06 train_fc=2.356639e-03 train_decoder_tail=0.000000e+00
I 07.01/21:16:05 train_mapper.py:622 ] epoch=0202 train_loss=2.114040e-02 train_mse=4.532133e-03 train_cos=0.996390 train_nmse=-21.511dB train_rec=1.678558e-06 train_recT=1.127374e-06 train_fc=2.347945e-03 train_decoder_tail=0.000000e+00
I 07.01/21:17:49 train_mapper.py:622 ] epoch=0203 train_loss=2.112380e-02 train_mse=4.527029e-03 train_cos=0.996394 train_nmse=-21.516dB train_rec=1.677920e-06 train_recT=1.125386e-06 train_fc=2.347106e-03 train_decoder_tail=0.000000e+00
I 07.01/21:19:35 train_mapper.py:622 ] epoch=0204 train_loss=2.114905e-02 train_mse=4.532086e-03 train_cos=0.996390 train_nmse=-21.511dB train_rec=1.678537e-06 train_recT=1.126289e-06 train_fc=2.351012e-03 train_decoder_tail=0.000000e+00
I 07.01/21:21:18 train_mapper.py:622 ] epoch=0205 train_loss=2.105327e-02 train_mse=4.508155e-03 train_cos=0.996411 train_nmse=-21.534dB train_rec=1.677320e-06 train_recT=1.125281e-06 train_fc=2.338686e-03 train_decoder_tail=0.000000e+00
I 07.01/21:23:05 train_mapper.py:622 ] epoch=0206 train_loss=2.098137e-02 train_mse=4.490535e-03 train_cos=0.996426 train_nmse=-21.551dB train_rec=1.673920e-06 train_recT=1.121900e-06 train_fc=2.329848e-03 train_decoder_tail=0.000000e+00
I 07.01/21:24:49 train_mapper.py:622 ] epoch=0207 train_loss=2.090791e-02 train_mse=4.471591e-03 train_cos=0.996440 train_nmse=-21.569dB train_rec=1.663687e-06 train_recT=1.111376e-06 train_fc=2.318513e-03 train_decoder_tail=0.000000e+00
I 07.01/21:26:32 train_mapper.py:622 ] epoch=0208 train_loss=2.087215e-02 train_mse=4.461500e-03 train_cos=0.996445 train_nmse=-21.579dB train_rec=1.657602e-06 train_recT=1.105543e-06 train_fc=2.312268e-03 train_decoder_tail=0.000000e+00
I 07.01/21:28:18 train_mapper.py:622 ] epoch=0209 train_loss=2.088344e-02 train_mse=4.463252e-03 train_cos=0.996443 train_nmse=-21.577dB train_rec=1.663314e-06 train_recT=1.111021e-06 train_fc=2.311009e-03 train_decoder_tail=0.000000e+00
I 07.01/21:30:01 train_mapper.py:622 ] epoch=0210 train_loss=2.079160e-02 train_mse=4.440626e-03 train_cos=0.996463 train_nmse=-21.599dB train_rec=1.654512e-06 train_recT=1.102476e-06 train_fc=2.300566e-03 train_decoder_tail=0.000000e+00
I 07.01/21:31:47 train_mapper.py:622 ] epoch=0211 train_loss=2.075664e-02 train_mse=4.431621e-03 train_cos=0.996470 train_nmse=-21.608dB train_rec=1.652093e-06 train_recT=1.099922e-06 train_fc=2.298317e-03 train_decoder_tail=0.000000e+00
I 07.01/21:33:35 train_mapper.py:622 ] epoch=0212 train_loss=2.072878e-02 train_mse=4.423473e-03 train_cos=0.996476 train_nmse=-21.616dB train_rec=1.650734e-06 train_recT=1.098826e-06 train_fc=2.293141e-03 train_decoder_tail=0.000000e+00
I 07.01/21:35:24 train_mapper.py:622 ] epoch=0213 train_loss=2.063747e-02 train_mse=4.401175e-03 train_cos=0.996494 train_nmse=-21.638dB train_rec=1.642911e-06 train_recT=1.090819e-06 train_fc=2.280741e-03 train_decoder_tail=0.000000e+00
I 07.01/21:37:10 train_mapper.py:622 ] epoch=0214 train_loss=2.059700e-02 train_mse=4.390221e-03 train_cos=0.996503 train_nmse=-21.649dB train_rec=1.646927e-06 train_recT=1.094709e-06 train_fc=2.275071e-03 train_decoder_tail=0.000000e+00
I 07.01/21:38:52 train_mapper.py:622 ] epoch=0215 train_loss=2.055802e-02 train_mse=4.380406e-03 train_cos=0.996511 train_nmse=-21.659dB train_rec=1.636292e-06 train_recT=1.084240e-06 train_fc=2.269031e-03 train_decoder_tail=0.000000e+00
I 07.01/21:40:41 train_mapper.py:622 ] epoch=0216 train_loss=2.062249e-02 train_mse=4.394183e-03 train_cos=0.996498 train_nmse=-21.645dB train_rec=1.643169e-06 train_recT=1.091432e-06 train_fc=2.276195e-03 train_decoder_tail=0.000000e+00
I 07.01/21:42:25 train_mapper.py:622 ] epoch=0217 train_loss=2.051027e-02 train_mse=4.367333e-03 train_cos=0.996523 train_nmse=-21.671dB train_rec=1.641426e-06 train_recT=1.089347e-06 train_fc=2.265167e-03 train_decoder_tail=0.000000e+00
I 07.01/21:44:07 train_mapper.py:622 ] epoch=0218 train_loss=2.044193e-02 train_mse=4.349815e-03 train_cos=0.996534 train_nmse=-21.689dB train_rec=1.630677e-06 train_recT=1.078451e-06 train_fc=2.255186e-03 train_decoder_tail=0.000000e+00
I 07.01/21:46:02 train_mapper.py:622 ] epoch=0219 train_loss=2.041058e-02 train_mse=4.341725e-03 train_cos=0.996540 train_nmse=-21.697dB train_rec=1.627401e-06 train_recT=1.075510e-06 train_fc=2.252880e-03 train_decoder_tail=0.000000e+00
I 07.01/21:47:50 train_mapper.py:622 ] epoch=0220 train_loss=2.040505e-02 train_mse=4.339762e-03 train_cos=0.996543 train_nmse=-21.699dB train_rec=1.629457e-06 train_recT=1.077180e-06 train_fc=2.249714e-03 train_decoder_tail=0.000000e+00
I 07.01/21:49:46 train_mapper.py:622 ] epoch=0221 train_loss=2.036383e-02 train_mse=4.328955e-03 train_cos=0.996552 train_nmse=-21.710dB train_rec=1.626079e-06 train_recT=1.074067e-06 train_fc=2.244247e-03 train_decoder_tail=0.000000e+00
I 07.01/21:51:49 train_mapper.py:622 ] epoch=0222 train_loss=2.030262e-02 train_mse=4.313399e-03 train_cos=0.996562 train_nmse=-21.725dB train_rec=1.621178e-06 train_recT=1.069259e-06 train_fc=2.234699e-03 train_decoder_tail=0.000000e+00
I 07.01/21:53:49 train_mapper.py:622 ] epoch=0223 train_loss=2.031337e-02 train_mse=4.314929e-03 train_cos=0.996560 train_nmse=-21.724dB train_rec=1.621435e-06 train_recT=1.069042e-06 train_fc=2.235776e-03 train_decoder_tail=0.000000e+00
I 07.01/21:55:34 train_mapper.py:622 ] epoch=0224 train_loss=2.026935e-02 train_mse=4.303837e-03 train_cos=0.996569 train_nmse=-21.735dB train_rec=1.615327e-06 train_recT=1.063257e-06 train_fc=2.231188e-03 train_decoder_tail=0.000000e+00
I 07.01/21:57:06 train_mapper.py:622 ] epoch=0225 train_loss=2.014318e-02 train_mse=4.272908e-03 train_cos=0.996596 train_nmse=-21.767dB train_rec=1.611339e-06 train_recT=1.059591e-06 train_fc=2.212728e-03 train_decoder_tail=0.000000e+00
I 07.01/21:58:27 train_mapper.py:622 ] epoch=0226 train_loss=2.015601e-02 train_mse=4.275141e-03 train_cos=0.996593 train_nmse=-21.764dB train_rec=1.613523e-06 train_recT=1.061186e-06 train_fc=2.215848e-03 train_decoder_tail=0.000000e+00
I 07.01/21:59:48 train_mapper.py:622 ] epoch=0227 train_loss=2.006340e-02 train_mse=4.252317e-03 train_cos=0.996612 train_nmse=-21.787dB train_rec=1.606660e-06 train_recT=1.054717e-06 train_fc=2.202319e-03 train_decoder_tail=0.000000e+00
I 07.01/22:01:13 train_mapper.py:622 ] epoch=0228 train_loss=2.006868e-02 train_mse=4.253000e-03 train_cos=0.996609 train_nmse=-21.787dB train_rec=1.603651e-06 train_recT=1.051389e-06 train_fc=2.203870e-03 train_decoder_tail=0.000000e+00
I 07.01/22:02:29 train_mapper.py:622 ] epoch=0229 train_loss=2.000357e-02 train_mse=4.236574e-03 train_cos=0.996625 train_nmse=-21.803dB train_rec=1.604300e-06 train_recT=1.052573e-06 train_fc=2.192417e-03 train_decoder_tail=0.000000e+00
I 07.01/22:03:52 train_mapper.py:622 ] epoch=0230 train_loss=1.992265e-02 train_mse=4.216285e-03 train_cos=0.996640 train_nmse=-21.825dB train_rec=1.598143e-06 train_recT=1.045780e-06 train_fc=2.184484e-03 train_decoder_tail=0.000000e+00
I 07.01/22:05:17 train_mapper.py:622 ] epoch=0231 train_loss=1.994410e-02 train_mse=4.220305e-03 train_cos=0.996636 train_nmse=-21.820dB train_rec=1.597703e-06 train_recT=1.045715e-06 train_fc=2.185833e-03 train_decoder_tail=0.000000e+00
I 07.01/22:06:38 train_mapper.py:622 ] epoch=0232 train_loss=1.992554e-02 train_mse=4.215346e-03 train_cos=0.996640 train_nmse=-21.826dB train_rec=1.595258e-06 train_recT=1.043060e-06 train_fc=2.184139e-03 train_decoder_tail=0.000000e+00
I 07.01/22:08:09 train_mapper.py:622 ] epoch=0233 train_loss=1.988476e-02 train_mse=4.205013e-03 train_cos=0.996647 train_nmse=-21.836dB train_rec=1.590065e-06 train_recT=1.038575e-06 train_fc=2.178797e-03 train_decoder_tail=0.000000e+00
I 07.01/22:09:41 train_mapper.py:622 ] epoch=0234 train_loss=1.981057e-02 train_mse=4.187233e-03 train_cos=0.996662 train_nmse=-21.854dB train_rec=1.586483e-06 train_recT=1.034087e-06 train_fc=2.168280e-03 train_decoder_tail=0.000000e+00
I 07.01/22:11:18 train_mapper.py:622 ] epoch=0235 train_loss=1.978158e-02 train_mse=4.179164e-03 train_cos=0.996668 train_nmse=-21.863dB train_rec=1.582791e-06 train_recT=1.030801e-06 train_fc=2.163311e-03 train_decoder_tail=0.000000e+00
I 07.01/22:12:53 train_mapper.py:622 ] epoch=0236 train_loss=1.967301e-02 train_mse=4.153040e-03 train_cos=0.996690 train_nmse=-21.890dB train_rec=1.579412e-06 train_recT=1.027275e-06 train_fc=2.149004e-03 train_decoder_tail=0.000000e+00
I 07.01/22:14:22 train_mapper.py:622 ] epoch=0237 train_loss=1.970894e-02 train_mse=4.160886e-03 train_cos=0.996683 train_nmse=-21.882dB train_rec=1.578314e-06 train_recT=1.026391e-06 train_fc=2.154659e-03 train_decoder_tail=0.000000e+00
I 07.01/22:15:51 train_mapper.py:622 ] epoch=0238 train_loss=1.967736e-02 train_mse=4.152526e-03 train_cos=0.996689 train_nmse=-21.891dB train_rec=1.579488e-06 train_recT=1.027603e-06 train_fc=2.153217e-03 train_decoder_tail=0.000000e+00
I 07.01/22:17:18 train_mapper.py:622 ] epoch=0239 train_loss=1.972104e-02 train_mse=4.161826e-03 train_cos=0.996681 train_nmse=-21.881dB train_rec=1.582314e-06 train_recT=1.030661e-06 train_fc=2.157733e-03 train_decoder_tail=0.000000e+00
I 07.01/22:18:32 train_mapper.py:622 ] epoch=0240 train_loss=1.958936e-02 train_mse=4.130427e-03 train_cos=0.996708 train_nmse=-21.914dB train_rec=1.575072e-06 train_recT=1.022925e-06 train_fc=2.139501e-03 train_decoder_tail=0.000000e+00
I 07.01/22:19:47 train_mapper.py:622 ] epoch=0241 train_loss=1.953831e-02 train_mse=4.118043e-03 train_cos=0.996718 train_nmse=-21.927dB train_rec=1.572092e-06 train_recT=1.020105e-06 train_fc=2.131686e-03 train_decoder_tail=0.000000e+00
I 07.01/22:21:08 train_mapper.py:622 ] epoch=0242 train_loss=1.957555e-02 train_mse=4.125145e-03 train_cos=0.996709 train_nmse=-21.919dB train_rec=1.567725e-06 train_recT=1.015503e-06 train_fc=2.135643e-03 train_decoder_tail=0.000000e+00
I 07.01/22:22:22 train_mapper.py:622 ] epoch=0243 train_loss=1.951193e-02 train_mse=4.109830e-03 train_cos=0.996721 train_nmse=-21.936dB train_rec=1.564062e-06 train_recT=1.012741e-06 train_fc=2.126850e-03 train_decoder_tail=0.000000e+00
I 07.01/22:23:34 train_mapper.py:622 ] epoch=0244 train_loss=1.945160e-02 train_mse=4.095114e-03 train_cos=0.996735 train_nmse=-21.951dB train_rec=1.563086e-06 train_recT=1.010988e-06 train_fc=2.119815e-03 train_decoder_tail=0.000000e+00
I 07.01/22:24:44 train_mapper.py:622 ] epoch=0245 train_loss=1.938450e-02 train_mse=4.078666e-03 train_cos=0.996748 train_nmse=-21.969dB train_rec=1.557936e-06 train_recT=1.005858e-06 train_fc=2.110689e-03 train_decoder_tail=0.000000e+00
I 07.01/22:25:54 train_mapper.py:622 ] epoch=0246 train_loss=1.935545e-02 train_mse=4.071060e-03 train_cos=0.996753 train_nmse=-21.977dB train_rec=1.556817e-06 train_recT=1.004653e-06 train_fc=2.106668e-03 train_decoder_tail=0.000000e+00
I 07.01/22:27:08 train_mapper.py:622 ] epoch=0247 train_loss=1.938441e-02 train_mse=4.077068e-03 train_cos=0.996747 train_nmse=-21.970dB train_rec=1.554987e-06 train_recT=1.002948e-06 train_fc=2.109455e-03 train_decoder_tail=0.000000e+00
I 07.01/22:28:08 train_mapper.py:622 ] epoch=0248 train_loss=1.924034e-02 train_mse=4.043290e-03 train_cos=0.996775 train_nmse=-22.006dB train_rec=1.547077e-06 train_recT=9.951491e-07 train_fc=2.093585e-03 train_decoder_tail=0.000000e+00
I 07.01/22:29:07 train_mapper.py:622 ] epoch=0249 train_loss=1.928525e-02 train_mse=4.052318e-03 train_cos=0.996767 train_nmse=-21.997dB train_rec=1.550233e-06 train_recT=9.980879e-07 train_fc=2.095889e-03 train_decoder_tail=0.000000e+00
I 07.01/22:29:58 train_mapper.py:622 ] epoch=0250 train_loss=1.931723e-02 train_mse=4.060234e-03 train_cos=0.996762 train_nmse=-21.988dB train_rec=1.555469e-06 train_recT=1.003714e-06 train_fc=2.103635e-03 train_decoder_tail=0.000000e+00
I 07.01/22:30:49 train_mapper.py:622 ] epoch=0251 train_loss=1.917925e-02 train_mse=4.026900e-03 train_cos=0.996789 train_nmse=-22.024dB train_rec=1.546220e-06 train_recT=9.942612e-07 train_fc=2.084662e-03 train_decoder_tail=0.000000e+00
I 07.01/22:31:44 train_mapper.py:622 ] epoch=0252 train_loss=1.912854e-02 train_mse=4.014135e-03 train_cos=0.996799 train_nmse=-22.038dB train_rec=1.543164e-06 train_recT=9.912388e-07 train_fc=2.076584e-03 train_decoder_tail=0.000000e+00
I 07.01/22:32:37 train_mapper.py:622 ] epoch=0253 train_loss=1.918455e-02 train_mse=4.026121e-03 train_cos=0.996786 train_nmse=-22.025dB train_rec=1.546236e-06 train_recT=9.944266e-07 train_fc=2.085595e-03 train_decoder_tail=0.000000e+00
I 07.01/22:33:30 train_mapper.py:622 ] epoch=0254 train_loss=1.913149e-02 train_mse=4.013499e-03 train_cos=0.996799 train_nmse=-22.038dB train_rec=1.539998e-06 train_recT=9.880295e-07 train_fc=2.075799e-03 train_decoder_tail=0.000000e+00
I 07.01/22:34:20 train_mapper.py:622 ] epoch=0255 train_loss=1.911430e-02 train_mse=4.009051e-03 train_cos=0.996803 train_nmse=-22.043dB train_rec=1.542596e-06 train_recT=9.905706e-07 train_fc=2.077738e-03 train_decoder_tail=0.000000e+00
I 07.01/22:35:07 train_mapper.py:622 ] epoch=0256 train_loss=1.907729e-02 train_mse=3.999858e-03 train_cos=0.996812 train_nmse=-22.053dB train_rec=1.540800e-06 train_recT=9.890963e-07 train_fc=2.069988e-03 train_decoder_tail=0.000000e+00
I 07.01/22:35:52 train_mapper.py:622 ] epoch=0257 train_loss=1.900411e-02 train_mse=3.981817e-03 train_cos=0.996826 train_nmse=-22.073dB train_rec=1.538895e-06 train_recT=9.867944e-07 train_fc=2.062431e-03 train_decoder_tail=0.000000e+00
I 07.01/22:36:40 train_mapper.py:622 ] epoch=0258 train_loss=1.902032e-02 train_mse=3.984652e-03 train_cos=0.996819 train_nmse=-22.070dB train_rec=1.533289e-06 train_recT=9.813743e-07 train_fc=2.062621e-03 train_decoder_tail=0.000000e+00
I 07.01/22:37:26 train_mapper.py:622 ] epoch=0259 train_loss=1.901912e-02 train_mse=3.984133e-03 train_cos=0.996820 train_nmse=-22.070dB train_rec=1.531807e-06 train_recT=9.793824e-07 train_fc=2.061923e-03 train_decoder_tail=0.000000e+00
I 07.01/22:38:13 train_mapper.py:622 ] epoch=0260 train_loss=1.891302e-02 train_mse=3.959126e-03 train_cos=0.996842 train_nmse=-22.098dB train_rec=1.525523e-06 train_recT=9.738808e-07 train_fc=2.051563e-03 train_decoder_tail=0.000000e+00
I 07.01/22:38:56 train_mapper.py:622 ] epoch=0261 train_loss=1.887302e-02 train_mse=3.948153e-03 train_cos=0.996850 train_nmse=-22.110dB train_rec=1.526570e-06 train_recT=9.743447e-07 train_fc=2.042103e-03 train_decoder_tail=0.000000e+00
I 07.01/22:39:42 train_mapper.py:622 ] epoch=0262 train_loss=1.877839e-02 train_mse=3.926730e-03 train_cos=0.996869 train_nmse=-22.133dB train_rec=1.520661e-06 train_recT=9.688234e-07 train_fc=2.029281e-03 train_decoder_tail=0.000000e+00
I 07.01/22:40:24 train_mapper.py:622 ] epoch=0263 train_loss=1.875080e-02 train_mse=3.919299e-03 train_cos=0.996874 train_nmse=-22.142dB train_rec=1.517037e-06 train_recT=9.648779e-07 train_fc=2.025963e-03 train_decoder_tail=0.000000e+00
I 07.01/22:40:59 train_mapper.py:622 ] epoch=0264 train_loss=1.882265e-02 train_mse=3.935704e-03 train_cos=0.996860 train_nmse=-22.124dB train_rec=1.523394e-06 train_recT=9.715149e-07 train_fc=2.036319e-03 train_decoder_tail=0.000000e+00
I 07.01/22:41:40 train_mapper.py:622 ] epoch=0265 train_loss=1.876151e-02 train_mse=3.920881e-03 train_cos=0.996873 train_nmse=-22.140dB train_rec=1.516664e-06 train_recT=9.643314e-07 train_fc=2.030242e-03 train_decoder_tail=0.000000e+00
I 07.01/22:42:22 train_mapper.py:622 ] epoch=0266 train_loss=1.877009e-02 train_mse=3.922393e-03 train_cos=0.996870 train_nmse=-22.138dB train_rec=1.517498e-06 train_recT=9.660255e-07 train_fc=2.029259e-03 train_decoder_tail=0.000000e+00
I 07.01/22:43:05 train_mapper.py:622 ] epoch=0267 train_loss=1.869623e-02 train_mse=3.904611e-03 train_cos=0.996884 train_nmse=-22.158dB train_rec=1.511969e-06 train_recT=9.599755e-07 train_fc=2.019270e-03 train_decoder_tail=0.000000e+00
I 07.01/22:43:50 train_mapper.py:622 ] epoch=0268 train_loss=1.854908e-02 train_mse=3.869960e-03 train_cos=0.996914 train_nmse=-22.197dB train_rec=1.503854e-06 train_recT=9.519518e-07 train_fc=1.998674e-03 train_decoder_tail=0.000000e+00
I 07.01/22:44:41 train_mapper.py:622 ] epoch=0269 train_loss=1.860074e-02 train_mse=3.880892e-03 train_cos=0.996901 train_nmse=-22.184dB train_rec=1.504247e-06 train_recT=9.520427e-07 train_fc=2.003698e-03 train_decoder_tail=0.000000e+00
I 07.01/22:45:23 train_mapper.py:622 ] epoch=0270 train_loss=1.862308e-02 train_mse=3.885737e-03 train_cos=0.996898 train_nmse=-22.179dB train_rec=1.505923e-06 train_recT=9.539739e-07 train_fc=2.009346e-03 train_decoder_tail=0.000000e+00
I 07.01/22:46:12 train_mapper.py:622 ] epoch=0271 train_loss=1.857890e-02 train_mse=3.875017e-03 train_cos=0.996908 train_nmse=-22.191dB train_rec=1.504153e-06 train_recT=9.519797e-07 train_fc=2.003706e-03 train_decoder_tail=0.000000e+00
I 07.01/22:47:00 train_mapper.py:622 ] epoch=0272 train_loss=1.856656e-02 train_mse=3.872114e-03 train_cos=0.996909 train_nmse=-22.194dB train_rec=1.501406e-06 train_recT=9.497971e-07 train_fc=2.003455e-03 train_decoder_tail=0.000000e+00
I 07.01/22:47:48 train_mapper.py:622 ] epoch=0273 train_loss=1.860943e-02 train_mse=3.881256e-03 train_cos=0.996901 train_nmse=-22.184dB train_rec=1.505804e-06 train_recT=9.537899e-07 train_fc=2.010664e-03 train_decoder_tail=0.000000e+00
I 07.01/22:48:37 train_mapper.py:622 ] epoch=0274 train_loss=1.842314e-02 train_mse=3.838089e-03 train_cos=0.996938 train_nmse=-22.232dB train_rec=1.496561e-06 train_recT=9.443899e-07 train_fc=1.985334e-03 train_decoder_tail=0.000000e+00
I 07.01/22:49:26 train_mapper.py:622 ] epoch=0275 train_loss=1.844621e-02 train_mse=3.842618e-03 train_cos=0.996934 train_nmse=-22.227dB train_rec=1.497923e-06 train_recT=9.458354e-07 train_fc=1.985692e-03 train_decoder_tail=0.000000e+00
I 07.01/22:50:15 train_mapper.py:622 ] epoch=0276 train_loss=1.846331e-02 train_mse=3.846166e-03 train_cos=0.996932 train_nmse=-22.223dB train_rec=1.499718e-06 train_recT=9.476521e-07 train_fc=1.988598e-03 train_decoder_tail=0.000000e+00
I 07.01/22:51:05 train_mapper.py:622 ] epoch=0277 train_loss=1.839750e-02 train_mse=3.830326e-03 train_cos=0.996944 train_nmse=-22.242dB train_rec=1.495746e-06 train_recT=9.439660e-07 train_fc=1.979800e-03 train_decoder_tail=0.000000e+00
I 07.01/22:51:51 train_mapper.py:622 ] epoch=0278 train_loss=1.834259e-02 train_mse=3.817127e-03 train_cos=0.996953 train_nmse=-22.256dB train_rec=1.488140e-06 train_recT=9.364705e-07 train_fc=1.970954e-03 train_decoder_tail=0.000000e+00
I 07.01/22:52:39 train_mapper.py:622 ] epoch=0279 train_loss=1.831715e-02 train_mse=3.810503e-03 train_cos=0.996958 train_nmse=-22.264dB train_rec=1.487794e-06 train_recT=9.355327e-07 train_fc=1.969699e-03 train_decoder_tail=0.000000e+00
I 07.01/22:53:29 train_mapper.py:622 ] epoch=0280 train_loss=1.828991e-02 train_mse=3.804014e-03 train_cos=0.996964 train_nmse=-22.271dB train_rec=1.484687e-06 train_recT=9.330214e-07 train_fc=1.966383e-03 train_decoder_tail=0.000000e+00
I 07.01/22:54:18 train_mapper.py:622 ] epoch=0281 train_loss=1.830421e-02 train_mse=3.806940e-03 train_cos=0.996960 train_nmse=-22.268dB train_rec=1.487441e-06 train_recT=9.353531e-07 train_fc=1.967161e-03 train_decoder_tail=0.000000e+00
I 07.01/22:55:08 train_mapper.py:622 ] epoch=0282 train_loss=1.830559e-02 train_mse=3.806405e-03 train_cos=0.996961 train_nmse=-22.269dB train_rec=1.485665e-06 train_recT=9.338764e-07 train_fc=1.967681e-03 train_decoder_tail=0.000000e+00
I 07.01/22:55:53 train_mapper.py:622 ] epoch=0283 train_loss=1.818729e-02 train_mse=3.779007e-03 train_cos=0.996984 train_nmse=-22.300dB train_rec=1.478885e-06 train_recT=9.269206e-07 train_fc=1.952436e-03 train_decoder_tail=0.000000e+00
I 07.01/22:56:42 train_mapper.py:622 ] epoch=0284 train_loss=1.812372e-02 train_mse=3.764034e-03 train_cos=0.996996 train_nmse=-22.317dB train_rec=1.473477e-06 train_recT=9.217147e-07 train_fc=1.943173e-03 train_decoder_tail=0.000000e+00
I 07.01/22:57:31 train_mapper.py:622 ] epoch=0285 train_loss=1.812228e-02 train_mse=3.762519e-03 train_cos=0.996996 train_nmse=-22.319dB train_rec=1.475096e-06 train_recT=9.228562e-07 train_fc=1.942844e-03 train_decoder_tail=0.000000e+00
I 07.01/22:58:20 train_mapper.py:622 ] epoch=0286 train_loss=1.811784e-02 train_mse=3.761844e-03 train_cos=0.996997 train_nmse=-22.320dB train_rec=1.476146e-06 train_recT=9.243788e-07 train_fc=1.942876e-03 train_decoder_tail=0.000000e+00
I 07.01/22:59:09 train_mapper.py:622 ] epoch=0287 train_loss=1.809985e-02 train_mse=3.756966e-03 train_cos=0.997001 train_nmse=-22.325dB train_rec=1.476198e-06 train_recT=9.242160e-07 train_fc=1.941004e-03 train_decoder_tail=0.000000e+00
I 07.01/22:59:56 train_mapper.py:622 ] epoch=0288 train_loss=1.812537e-02 train_mse=3.762304e-03 train_cos=0.996996 train_nmse=-22.319dB train_rec=1.471292e-06 train_recT=9.197332e-07 train_fc=1.944093e-03 train_decoder_tail=0.000000e+00
I 07.01/23:00:45 train_mapper.py:622 ] epoch=0289 train_loss=1.809163e-02 train_mse=3.753892e-03 train_cos=0.997002 train_nmse=-22.329dB train_rec=1.470062e-06 train_recT=9.177909e-07 train_fc=1.938325e-03 train_decoder_tail=0.000000e+00
I 07.01/23:01:34 train_mapper.py:622 ] epoch=0290 train_loss=1.804572e-02 train_mse=3.743294e-03 train_cos=0.997011 train_nmse=-22.341dB train_rec=1.469950e-06 train_recT=9.179789e-07 train_fc=1.934674e-03 train_decoder_tail=0.000000e+00
I 07.01/23:02:22 train_mapper.py:622 ] epoch=0291 train_loss=1.800859e-02 train_mse=3.733901e-03 train_cos=0.997019 train_nmse=-22.352dB train_rec=1.468992e-06 train_recT=9.171263e-07 train_fc=1.929928e-03 train_decoder_tail=0.000000e+00
I 07.01/23:03:12 train_mapper.py:622 ] epoch=0292 train_loss=1.801214e-02 train_mse=3.734348e-03 train_cos=0.997018 train_nmse=-22.351dB train_rec=1.469410e-06 train_recT=9.174775e-07 train_fc=1.930403e-03 train_decoder_tail=0.000000e+00
I 07.01/23:03:56 train_mapper.py:622 ] epoch=0293 train_loss=1.792382e-02 train_mse=3.713858e-03 train_cos=0.997034 train_nmse=-22.376dB train_rec=1.459951e-06 train_recT=9.080005e-07 train_fc=1.919799e-03 train_decoder_tail=0.000000e+00
I 07.01/23:04:44 train_mapper.py:622 ] epoch=0294 train_loss=1.789291e-02 train_mse=3.706216e-03 train_cos=0.997041 train_nmse=-22.384dB train_rec=1.459011e-06 train_recT=9.068501e-07 train_fc=1.914091e-03 train_decoder_tail=0.000000e+00
I 07.01/23:05:29 train_mapper.py:622 ] epoch=0295 train_loss=1.792713e-02 train_mse=3.713143e-03 train_cos=0.997035 train_nmse=-22.376dB train_rec=1.462032e-06 train_recT=9.101602e-07 train_fc=1.915869e-03 train_decoder_tail=0.000000e+00
I 07.01/23:06:13 train_mapper.py:622 ] epoch=0296 train_loss=1.782964e-02 train_mse=3.690702e-03 train_cos=0.997053 train_nmse=-22.402dB train_rec=1.457578e-06 train_recT=9.055053e-07 train_fc=1.907788e-03 train_decoder_tail=0.000000e+00
I 07.01/23:06:54 train_mapper.py:622 ] epoch=0297 train_loss=1.783551e-02 train_mse=3.691630e-03 train_cos=0.997053 train_nmse=-22.402dB train_rec=1.455035e-06 train_recT=9.032455e-07 train_fc=1.906830e-03 train_decoder_tail=0.000000e+00
I 07.01/23:07:38 train_mapper.py:622 ] epoch=0298 train_loss=1.773603e-02 train_mse=3.668493e-03 train_cos=0.997070 train_nmse=-22.429dB train_rec=1.446588e-06 train_recT=8.948899e-07 train_fc=1.893986e-03 train_decoder_tail=0.000000e+00
I 07.01/23:08:22 train_mapper.py:622 ] epoch=0299 train_loss=1.780949e-02 train_mse=3.685081e-03 train_cos=0.997056 train_nmse=-22.409dB train_rec=1.451872e-06 train_recT=8.996524e-07 train_fc=1.902120e-03 train_decoder_tail=0.000000e+00
I 07.01/23:09:05 train_mapper.py:622 ] epoch=0300 train_loss=1.777030e-02 train_mse=3.675717e-03 train_cos=0.997065 train_nmse=-22.420dB train_rec=1.454391e-06 train_recT=9.024533e-07 train_fc=1.897986e-03 train_decoder_tail=0.000000e+00
I 07.01/23:09:46 train_mapper.py:622 ] epoch=0301 train_loss=1.776765e-02 train_mse=3.674789e-03 train_cos=0.997066 train_nmse=-22.421dB train_rec=1.453538e-06 train_recT=9.015962e-07 train_fc=1.900203e-03 train_decoder_tail=0.000000e+00
I 07.01/23:10:29 train_mapper.py:622 ] epoch=0302 train_loss=1.777608e-02 train_mse=3.676114e-03 train_cos=0.997063 train_nmse=-22.420dB train_rec=1.450751e-06 train_recT=8.988352e-07 train_fc=1.898537e-03 train_decoder_tail=0.000000e+00
I 07.01/23:11:12 train_mapper.py:622 ] epoch=0303 train_loss=1.766580e-02 train_mse=3.650287e-03 train_cos=0.997084 train_nmse=-22.450dB train_rec=1.446177e-06 train_recT=8.941131e-07 train_fc=1.882805e-03 train_decoder_tail=0.000000e+00
I 07.01/23:11:55 train_mapper.py:622 ] epoch=0304 train_loss=1.762295e-02 train_mse=3.640059e-03 train_cos=0.997091 train_nmse=-22.463dB train_rec=1.438847e-06 train_recT=8.874897e-07 train_fc=1.877627e-03 train_decoder_tail=0.000000e+00
I 07.01/23:12:44 train_mapper.py:622 ] epoch=0305 train_loss=1.762721e-02 train_mse=3.640741e-03 train_cos=0.997092 train_nmse=-22.462dB train_rec=1.439026e-06 train_recT=8.864557e-07 train_fc=1.880625e-03 train_decoder_tail=0.000000e+00
I 07.01/23:13:30 train_mapper.py:622 ] epoch=0306 train_loss=1.765222e-02 train_mse=3.646004e-03 train_cos=0.997086 train_nmse=-22.455dB train_rec=1.442964e-06 train_recT=8.911849e-07 train_fc=1.881628e-03 train_decoder_tail=0.000000e+00
I 07.01/23:14:13 train_mapper.py:622 ] epoch=0307 train_loss=1.752739e-02 train_mse=3.617461e-03 train_cos=0.997110 train_nmse=-22.490dB train_rec=1.434181e-06 train_recT=8.822387e-07 train_fc=1.867318e-03 train_decoder_tail=0.000000e+00
I 07.01/23:14:55 train_mapper.py:622 ] epoch=0308 train_loss=1.755836e-02 train_mse=3.623779e-03 train_cos=0.997104 train_nmse=-22.482dB train_rec=1.435710e-06 train_recT=8.840253e-07 train_fc=1.870103e-03 train_decoder_tail=0.000000e+00
I 07.01/23:15:38 train_mapper.py:622 ] epoch=0309 train_loss=1.754596e-02 train_mse=3.620697e-03 train_cos=0.997107 train_nmse=-22.486dB train_rec=1.437101e-06 train_recT=8.847205e-07 train_fc=1.868316e-03 train_decoder_tail=0.000000e+00
I 07.01/23:16:21 train_mapper.py:622 ] epoch=0310 train_loss=1.751502e-02 train_mse=3.613350e-03 train_cos=0.997115 train_nmse=-22.495dB train_rec=1.433993e-06 train_recT=8.825669e-07 train_fc=1.863507e-03 train_decoder_tail=0.000000e+00
I 07.01/23:17:03 train_mapper.py:622 ] epoch=0311 train_loss=1.744511e-02 train_mse=3.597291e-03 train_cos=0.997128 train_nmse=-22.514dB train_rec=1.431641e-06 train_recT=8.796766e-07 train_fc=1.856864e-03 train_decoder_tail=0.000000e+00
I 07.01/23:17:46 train_mapper.py:622 ] epoch=0312 train_loss=1.750520e-02 train_mse=3.610495e-03 train_cos=0.997116 train_nmse=-22.498dB train_rec=1.437670e-06 train_recT=8.859142e-07 train_fc=1.863725e-03 train_decoder_tail=0.000000e+00
I 07.01/23:18:30 train_mapper.py:622 ] epoch=0313 train_loss=1.744336e-02 train_mse=3.596335e-03 train_cos=0.997128 train_nmse=-22.515dB train_rec=1.430125e-06 train_recT=8.783656e-07 train_fc=1.858029e-03 train_decoder_tail=0.000000e+00
I 07.01/23:19:14 train_mapper.py:622 ] epoch=0314 train_loss=1.749572e-02 train_mse=3.607054e-03 train_cos=0.997117 train_nmse=-22.502dB train_rec=1.434428e-06 train_recT=8.823104e-07 train_fc=1.863320e-03 train_decoder_tail=0.000000e+00
I 07.01/23:19:57 train_mapper.py:622 ] epoch=0315 train_loss=1.736128e-02 train_mse=3.576533e-03 train_cos=0.997142 train_nmse=-22.539dB train_rec=1.422546e-06 train_recT=8.706638e-07 train_fc=1.844044e-03 train_decoder_tail=0.000000e+00
I 07.01/23:20:45 train_mapper.py:622 ] epoch=0316 train_loss=1.731092e-02 train_mse=3.564734e-03 train_cos=0.997152 train_nmse=-22.553dB train_rec=1.421854e-06 train_recT=8.700285e-07 train_fc=1.838748e-03 train_decoder_tail=0.000000e+00
I 07.01/23:21:31 train_mapper.py:622 ] epoch=0317 train_loss=1.734041e-02 train_mse=3.570868e-03 train_cos=0.997146 train_nmse=-22.546dB train_rec=1.420241e-06 train_recT=8.683486e-07 train_fc=1.842726e-03 train_decoder_tail=0.000000e+00
I 07.01/23:22:15 train_mapper.py:622 ] epoch=0318 train_loss=1.734784e-02 train_mse=3.571785e-03 train_cos=0.997146 train_nmse=-22.545dB train_rec=1.426298e-06 train_recT=8.739912e-07 train_fc=1.842663e-03 train_decoder_tail=0.000000e+00
I 07.01/23:22:59 train_mapper.py:622 ] epoch=0319 train_loss=1.731895e-02 train_mse=3.565472e-03 train_cos=0.997151 train_nmse=-22.553dB train_rec=1.420757e-06 train_recT=8.691664e-07 train_fc=1.841817e-03 train_decoder_tail=0.000000e+00
I 07.01/23:23:43 train_mapper.py:622 ] epoch=0320 train_loss=1.728345e-02 train_mse=3.557150e-03 train_cos=0.997158 train_nmse=-22.563dB train_rec=1.419610e-06 train_recT=8.678249e-07 train_fc=1.836317e-03 train_decoder_tail=0.000000e+00
I 07.01/23:24:29 train_mapper.py:622 ] epoch=0321 train_loss=1.727072e-02 train_mse=3.553794e-03 train_cos=0.997161 train_nmse=-22.567dB train_rec=1.420215e-06 train_recT=8.679923e-07 train_fc=1.832846e-03 train_decoder_tail=0.000000e+00
I 07.01/23:25:18 train_mapper.py:622 ] epoch=0322 train_loss=1.722845e-02 train_mse=3.543771e-03 train_cos=0.997168 train_nmse=-22.579dB train_rec=1.416957e-06 train_recT=8.648561e-07 train_fc=1.828240e-03 train_decoder_tail=0.000000e+00
I 07.01/23:26:05 train_mapper.py:622 ] epoch=0323 train_loss=1.716312e-02 train_mse=3.529076e-03 train_cos=0.997181 train_nmse=-22.597dB train_rec=1.412477e-06 train_recT=8.607447e-07 train_fc=1.822696e-03 train_decoder_tail=0.000000e+00
I 07.01/23:26:48 train_mapper.py:622 ] epoch=0324 train_loss=1.721412e-02 train_mse=3.539495e-03 train_cos=0.997170 train_nmse=-22.584dB train_rec=1.414295e-06 train_recT=8.624736e-07 train_fc=1.825941e-03 train_decoder_tail=0.000000e+00
I 07.01/23:27:36 train_mapper.py:622 ] epoch=0325 train_loss=1.720758e-02 train_mse=3.538078e-03 train_cos=0.997172 train_nmse=-22.586dB train_rec=1.414145e-06 train_recT=8.621254e-07 train_fc=1.826710e-03 train_decoder_tail=0.000000e+00
I 07.01/23:28:22 train_mapper.py:622 ] epoch=0326 train_loss=1.715533e-02 train_mse=3.525605e-03 train_cos=0.997181 train_nmse=-22.601dB train_rec=1.411210e-06 train_recT=8.592081e-07 train_fc=1.819458e-03 train_decoder_tail=0.000000e+00
I 07.01/23:29:06 train_mapper.py:622 ] epoch=0327 train_loss=1.706438e-02 train_mse=3.504840e-03 train_cos=0.997199 train_nmse=-22.627dB train_rec=1.402427e-06 train_recT=8.508518e-07 train_fc=1.807128e-03 train_decoder_tail=0.000000e+00
I 07.01/23:29:52 train_mapper.py:622 ] epoch=0328 train_loss=1.707543e-02 train_mse=3.507116e-03 train_cos=0.997197 train_nmse=-22.624dB train_rec=1.406983e-06 train_recT=8.550847e-07 train_fc=1.811544e-03 train_decoder_tail=0.000000e+00
I 07.01/23:30:38 train_mapper.py:622 ] epoch=0329 train_loss=1.708162e-02 train_mse=3.507638e-03 train_cos=0.997196 train_nmse=-22.623dB train_rec=1.407370e-06 train_recT=8.552337e-07 train_fc=1.809830e-03 train_decoder_tail=0.000000e+00
I 07.01/23:31:25 train_mapper.py:622 ] epoch=0330 train_loss=1.701837e-02 train_mse=3.493268e-03 train_cos=0.997207 train_nmse=-22.641dB train_rec=1.403560e-06 train_recT=8.518043e-07 train_fc=1.799527e-03 train_decoder_tail=0.000000e+00
I 07.01/23:32:13 train_mapper.py:622 ] epoch=0331 train_loss=1.692545e-02 train_mse=3.472290e-03 train_cos=0.997224 train_nmse=-22.667dB train_rec=1.397291e-06 train_recT=8.453007e-07 train_fc=1.788882e-03 train_decoder_tail=0.000000e+00
I 07.01/23:33:00 train_mapper.py:622 ] epoch=0332 train_loss=1.694115e-02 train_mse=3.474955e-03 train_cos=0.997221 train_nmse=-22.664dB train_rec=1.394508e-06 train_recT=8.426987e-07 train_fc=1.790576e-03 train_decoder_tail=0.000000e+00
I 07.01/23:33:44 train_mapper.py:622 ] epoch=0333 train_loss=1.697966e-02 train_mse=3.483360e-03 train_cos=0.997215 train_nmse=-22.654dB train_rec=1.398611e-06 train_recT=8.466360e-07 train_fc=1.797093e-03 train_decoder_tail=0.000000e+00
I 07.01/23:34:33 train_mapper.py:622 ] epoch=0334 train_loss=1.704618e-02 train_mse=3.498154e-03 train_cos=0.997203 train_nmse=-22.635dB train_rec=1.402375e-06 train_recT=8.503369e-07 train_fc=1.804977e-03 train_decoder_tail=0.000000e+00
I 07.01/23:35:21 train_mapper.py:622 ] epoch=0335 train_loss=1.702060e-02 train_mse=3.492116e-03 train_cos=0.997209 train_nmse=-22.643dB train_rec=1.400547e-06 train_recT=8.486377e-07 train_fc=1.800192e-03 train_decoder_tail=0.000000e+00
I 07.01/23:36:08 train_mapper.py:622 ] epoch=0336 train_loss=1.691147e-02 train_mse=3.467539e-03 train_cos=0.997229 train_nmse=-22.674dB train_rec=1.397084e-06 train_recT=8.450228e-07 train_fc=1.788254e-03 train_decoder_tail=0.000000e+00
I 07.01/23:36:55 train_mapper.py:622 ] epoch=0337 train_loss=1.688343e-02 train_mse=3.460544e-03 train_cos=0.997233 train_nmse=-22.682dB train_rec=1.396246e-06 train_recT=8.443470e-07 train_fc=1.785594e-03 train_decoder_tail=0.000000e+00
I 07.01/23:37:41 train_mapper.py:622 ] epoch=0338 train_loss=1.686238e-02 train_mse=3.455775e-03 train_cos=0.997238 train_nmse=-22.688dB train_rec=1.391568e-06 train_recT=8.396779e-07 train_fc=1.782182e-03 train_decoder_tail=0.000000e+00
I 07.01/23:38:28 train_mapper.py:622 ] epoch=0339 train_loss=1.676195e-02 train_mse=3.433219e-03 train_cos=0.997257 train_nmse=-22.717dB train_rec=1.386582e-06 train_recT=8.350176e-07 train_fc=1.770860e-03 train_decoder_tail=0.000000e+00
I 07.01/23:39:19 train_mapper.py:622 ] epoch=0340 train_loss=1.683964e-02 train_mse=3.449925e-03 train_cos=0.997242 train_nmse=-22.696dB train_rec=1.392729e-06 train_recT=8.406421e-07 train_fc=1.777700e-03 train_decoder_tail=0.000000e+00
I 07.01/23:40:07 train_mapper.py:622 ] epoch=0341 train_loss=1.682238e-02 train_mse=3.445634e-03 train_cos=0.997246 train_nmse=-22.701dB train_rec=1.393123e-06 train_recT=8.412772e-07 train_fc=1.775568e-03 train_decoder_tail=0.000000e+00
I 07.01/23:40:53 train_mapper.py:622 ] epoch=0342 train_loss=1.680457e-02 train_mse=3.441453e-03 train_cos=0.997249 train_nmse=-22.706dB train_rec=1.390078e-06 train_recT=8.378721e-07 train_fc=1.775739e-03 train_decoder_tail=0.000000e+00
I 07.01/23:41:43 train_mapper.py:622 ] epoch=0343 train_loss=1.679645e-02 train_mse=3.438980e-03 train_cos=0.997250 train_nmse=-22.709dB train_rec=1.389756e-06 train_recT=8.376286e-07 train_fc=1.773503e-03 train_decoder_tail=0.000000e+00
I 07.01/23:42:32 train_mapper.py:622 ] epoch=0344 train_loss=1.674579e-02 train_mse=3.427379e-03 train_cos=0.997261 train_nmse=-22.724dB train_rec=1.388292e-06 train_recT=8.365445e-07 train_fc=1.768303e-03 train_decoder_tail=0.000000e+00
I 07.01/23:43:22 train_mapper.py:622 ] epoch=0345 train_loss=1.674668e-02 train_mse=3.427154e-03 train_cos=0.997261 train_nmse=-22.724dB train_rec=1.386641e-06 train_recT=8.347703e-07 train_fc=1.766761e-03 train_decoder_tail=0.000000e+00
I 07.01/23:44:10 train_mapper.py:622 ] epoch=0346 train_loss=1.667093e-02 train_mse=3.410069e-03 train_cos=0.997274 train_nmse=-22.746dB train_rec=1.378243e-06 train_recT=8.263281e-07 train_fc=1.757726e-03 train_decoder_tail=0.000000e+00
I 07.01/23:45:00 train_mapper.py:622 ] epoch=0347 train_loss=1.666823e-02 train_mse=3.408838e-03 train_cos=0.997275 train_nmse=-22.748dB train_rec=1.379605e-06 train_recT=8.275903e-07 train_fc=1.755401e-03 train_decoder_tail=0.000000e+00
I 07.01/23:45:52 train_mapper.py:622 ] epoch=0348 train_loss=1.661729e-02 train_mse=3.397093e-03 train_cos=0.997284 train_nmse=-22.763dB train_rec=1.375040e-06 train_recT=8.232907e-07 train_fc=1.748966e-03 train_decoder_tail=0.000000e+00
I 07.01/23:46:40 train_mapper.py:622 ] epoch=0349 train_loss=1.662883e-02 train_mse=3.399810e-03 train_cos=0.997281 train_nmse=-22.759dB train_rec=1.377060e-06 train_recT=8.250860e-07 train_fc=1.754055e-03 train_decoder_tail=0.000000e+00
I 07.01/23:47:31 train_mapper.py:622 ] epoch=0350 train_loss=1.663024e-02 train_mse=3.399765e-03 train_cos=0.997283 train_nmse=-22.759dB train_rec=1.380497e-06 train_recT=8.284761e-07 train_fc=1.754350e-03 train_decoder_tail=0.000000e+00
I 07.01/23:48:20 train_mapper.py:622 ] epoch=0351 train_loss=1.660968e-02 train_mse=3.394510e-03 train_cos=0.997285 train_nmse=-22.766dB train_rec=1.378540e-06 train_recT=8.265893e-07 train_fc=1.749848e-03 train_decoder_tail=0.000000e+00
I 07.01/23:49:08 train_mapper.py:622 ] epoch=0352 train_loss=1.657099e-02 train_mse=3.385688e-03 train_cos=0.997292 train_nmse=-22.777dB train_rec=1.373868e-06 train_recT=8.219707e-07 train_fc=1.743644e-03 train_decoder_tail=0.000000e+00
I 07.01/23:49:54 train_mapper.py:622 ] epoch=0353 train_loss=1.655874e-02 train_mse=3.382404e-03 train_cos=0.997294 train_nmse=-22.781dB train_rec=1.371482e-06 train_recT=8.195611e-07 train_fc=1.742422e-03 train_decoder_tail=0.000000e+00
I 07.01/23:50:43 train_mapper.py:622 ] epoch=0354 train_loss=1.651430e-02 train_mse=3.372344e-03 train_cos=0.997304 train_nmse=-22.794dB train_rec=1.371783e-06 train_recT=8.197797e-07 train_fc=1.736618e-03 train_decoder_tail=0.000000e+00
I 07.01/23:51:31 train_mapper.py:622 ] epoch=0355 train_loss=1.644293e-02 train_mse=3.356088e-03 train_cos=0.997317 train_nmse=-22.815dB train_rec=1.367350e-06 train_recT=8.153025e-07 train_fc=1.727518e-03 train_decoder_tail=0.000000e+00
I 07.01/23:52:19 train_mapper.py:622 ] epoch=0356 train_loss=1.644343e-02 train_mse=3.355875e-03 train_cos=0.997316 train_nmse=-22.816dB train_rec=1.364658e-06 train_recT=8.127566e-07 train_fc=1.728052e-03 train_decoder_tail=0.000000e+00
I 07.01/23:53:08 train_mapper.py:622 ] epoch=0357 train_loss=1.650255e-02 train_mse=3.368573e-03 train_cos=0.997305 train_nmse=-22.799dB train_rec=1.370376e-06 train_recT=8.180871e-07 train_fc=1.735172e-03 train_decoder_tail=0.000000e+00
I 07.01/23:53:55 train_mapper.py:622 ] epoch=0358 train_loss=1.641243e-02 train_mse=3.348366e-03 train_cos=0.997323 train_nmse=-22.825dB train_rec=1.363741e-06 train_recT=8.119739e-07 train_fc=1.723010e-03 train_decoder_tail=0.000000e+00
I 07.01/23:54:45 train_mapper.py:622 ] epoch=0359 train_loss=1.645584e-02 train_mse=3.357816e-03 train_cos=0.997314 train_nmse=-22.813dB train_rec=1.366991e-06 train_recT=8.150402e-07 train_fc=1.731078e-03 train_decoder_tail=0.000000e+00
I 07.01/23:55:33 train_mapper.py:622 ] epoch=0360 train_loss=1.639123e-02 train_mse=3.343360e-03 train_cos=0.997327 train_nmse=-22.832dB train_rec=1.362232e-06 train_recT=8.102160e-07 train_fc=1.721344e-03 train_decoder_tail=0.000000e+00
I 07.01/23:56:22 train_mapper.py:622 ] epoch=0361 train_loss=1.636474e-02 train_mse=3.337044e-03 train_cos=0.997331 train_nmse=-22.840dB train_rec=1.362805e-06 train_recT=8.111551e-07 train_fc=1.718258e-03 train_decoder_tail=0.000000e+00
I 07.01/23:57:11 train_mapper.py:622 ] epoch=0362 train_loss=1.637996e-02 train_mse=3.339672e-03 train_cos=0.997328 train_nmse=-22.837dB train_rec=1.361758e-06 train_recT=8.097766e-07 train_fc=1.719925e-03 train_decoder_tail=0.000000e+00
I 07.01/23:57:58 train_mapper.py:622 ] epoch=0363 train_loss=1.635771e-02 train_mse=3.334870e-03 train_cos=0.997332 train_nmse=-22.843dB train_rec=1.359005e-06 train_recT=8.070776e-07 train_fc=1.717470e-03 train_decoder_tail=0.000000e+00
I 07.01/23:58:47 train_mapper.py:622 ] epoch=0364 train_loss=1.627833e-02 train_mse=3.317421e-03 train_cos=0.997348 train_nmse=-22.866dB train_rec=1.355036e-06 train_recT=8.028902e-07 train_fc=1.706297e-03 train_decoder_tail=0.000000e+00
I 07.01/23:59:35 train_mapper.py:622 ] epoch=0365 train_loss=1.626731e-02 train_mse=3.313995e-03 train_cos=0.997350 train_nmse=-22.870dB train_rec=1.353926e-06 train_recT=8.020257e-07 train_fc=1.704801e-03 train_decoder_tail=0.000000e+00
I 07.02/00:00:22 train_mapper.py:622 ] epoch=0366 train_loss=1.632152e-02 train_mse=3.325915e-03 train_cos=0.997340 train_nmse=-22.855dB train_rec=1.359777e-06 train_recT=8.078165e-07 train_fc=1.713478e-03 train_decoder_tail=0.000000e+00
I 07.02/00:01:08 train_mapper.py:622 ] epoch=0367 train_loss=1.624808e-02 train_mse=3.309473e-03 train_cos=0.997354 train_nmse=-22.876dB train_rec=1.355255e-06 train_recT=8.034182e-07 train_fc=1.704912e-03 train_decoder_tail=0.000000e+00
I 07.02/00:02:07 train_mapper.py:622 ] epoch=0368 train_loss=1.624700e-02 train_mse=3.308552e-03 train_cos=0.997354 train_nmse=-22.877dB train_rec=1.352887e-06 train_recT=8.011046e-07 train_fc=1.704449e-03 train_decoder_tail=0.000000e+00
I 07.02/00:03:06 train_mapper.py:622 ] epoch=0369 train_loss=1.623218e-02 train_mse=3.305349e-03 train_cos=0.997356 train_nmse=-22.882dB train_rec=1.352127e-06 train_recT=8.000406e-07 train_fc=1.701439e-03 train_decoder_tail=0.000000e+00
I 07.02/00:04:09 train_mapper.py:622 ] epoch=0370 train_loss=1.624693e-02 train_mse=3.308154e-03 train_cos=0.997353 train_nmse=-22.878dB train_rec=1.352390e-06 train_recT=8.007067e-07 train_fc=1.704234e-03 train_decoder_tail=0.000000e+00
I 07.02/00:05:08 train_mapper.py:622 ] epoch=0371 train_loss=1.621310e-02 train_mse=3.300385e-03 train_cos=0.997360 train_nmse=-22.888dB train_rec=1.351236e-06 train_recT=7.992695e-07 train_fc=1.700274e-03 train_decoder_tail=0.000000e+00
I 07.02/00:06:08 train_mapper.py:622 ] epoch=0372 train_loss=1.622500e-02 train_mse=3.302435e-03 train_cos=0.997358 train_nmse=-22.885dB train_rec=1.352298e-06 train_recT=8.004394e-07 train_fc=1.701110e-03 train_decoder_tail=0.000000e+00
I 07.02/00:07:01 train_mapper.py:622 ] epoch=0373 train_loss=1.617412e-02 train_mse=3.291204e-03 train_cos=0.997367 train_nmse=-22.900dB train_rec=1.351550e-06 train_recT=7.995201e-07 train_fc=1.693709e-03 train_decoder_tail=0.000000e+00
I 07.02/00:08:04 train_mapper.py:622 ] epoch=0374 train_loss=1.613708e-02 train_mse=3.282606e-03 train_cos=0.997374 train_nmse=-22.911dB train_rec=1.347733e-06 train_recT=7.961768e-07 train_fc=1.689676e-03 train_decoder_tail=0.000000e+00
I 07.02/00:09:03 train_mapper.py:622 ] epoch=0375 train_loss=1.614373e-02 train_mse=3.283742e-03 train_cos=0.997374 train_nmse=-22.910dB train_rec=1.348451e-06 train_recT=7.963677e-07 train_fc=1.692881e-03 train_decoder_tail=0.000000e+00
I 07.02/00:10:05 train_mapper.py:622 ] epoch=0376 train_loss=1.609762e-02 train_mse=3.273498e-03 train_cos=0.997381 train_nmse=-22.924dB train_rec=1.346873e-06 train_recT=7.949702e-07 train_fc=1.687393e-03 train_decoder_tail=0.000000e+00
I 07.02/00:11:05 train_mapper.py:622 ] epoch=0377 train_loss=1.610655e-02 train_mse=3.274935e-03 train_cos=0.997380 train_nmse=-22.922dB train_rec=1.344585e-06 train_recT=7.925901e-07 train_fc=1.685653e-03 train_decoder_tail=0.000000e+00
I 07.02/00:12:06 train_mapper.py:622 ] epoch=0378 train_loss=1.609182e-02 train_mse=3.271148e-03 train_cos=0.997382 train_nmse=-22.927dB train_rec=1.345470e-06 train_recT=7.935261e-07 train_fc=1.684219e-03 train_decoder_tail=0.000000e+00
I 07.02/00:13:03 train_mapper.py:622 ] epoch=0379 train_loss=1.605752e-02 train_mse=3.263371e-03 train_cos=0.997389 train_nmse=-22.937dB train_rec=1.338972e-06 train_recT=7.870788e-07 train_fc=1.677449e-03 train_decoder_tail=0.000000e+00
I 07.02/00:14:07 train_mapper.py:622 ] epoch=0380 train_loss=1.601497e-02 train_mse=3.253524e-03 train_cos=0.997395 train_nmse=-22.950dB train_rec=1.336094e-06 train_recT=7.841131e-07 train_fc=1.672925e-03 train_decoder_tail=0.000000e+00
I 07.02/00:15:09 train_mapper.py:622 ] epoch=0381 train_loss=1.596920e-02 train_mse=3.243907e-03 train_cos=0.997405 train_nmse=-22.963dB train_rec=1.335195e-06 train_recT=7.833888e-07 train_fc=1.669586e-03 train_decoder_tail=0.000000e+00
I 07.02/00:16:12 train_mapper.py:622 ] epoch=0382 train_loss=1.597768e-02 train_mse=3.245308e-03 train_cos=0.997404 train_nmse=-22.961dB train_rec=1.337532e-06 train_recT=7.854871e-07 train_fc=1.670662e-03 train_decoder_tail=0.000000e+00
I 07.02/00:17:13 train_mapper.py:622 ] epoch=0383 train_loss=1.595314e-02 train_mse=3.239222e-03 train_cos=0.997408 train_nmse=-22.969dB train_rec=1.333257e-06 train_recT=7.814470e-07 train_fc=1.666699e-03 train_decoder_tail=0.000000e+00
I 07.02/00:18:14 train_mapper.py:622 ] epoch=0384 train_loss=1.596070e-02 train_mse=3.240768e-03 train_cos=0.997407 train_nmse=-22.967dB train_rec=1.337139e-06 train_recT=7.852634e-07 train_fc=1.666854e-03 train_decoder_tail=0.000000e+00
I 07.02/00:19:14 train_mapper.py:622 ] epoch=0385 train_loss=1.595104e-02 train_mse=3.238233e-03 train_cos=0.997408 train_nmse=-22.971dB train_rec=1.336570e-06 train_recT=7.845215e-07 train_fc=1.666305e-03 train_decoder_tail=0.000000e+00
I 07.02/00:20:13 train_mapper.py:622 ] epoch=0386 train_loss=1.588805e-02 train_mse=3.224522e-03 train_cos=0.997421 train_nmse=-22.989dB train_rec=1.331061e-06 train_recT=7.791575e-07 train_fc=1.661535e-03 train_decoder_tail=0.000000e+00
I 07.02/00:21:16 train_mapper.py:622 ] epoch=0387 train_loss=1.596796e-02 train_mse=3.241236e-03 train_cos=0.997406 train_nmse=-22.967dB train_rec=1.336264e-06 train_recT=7.847036e-07 train_fc=1.668704e-03 train_decoder_tail=0.000000e+00
I 07.02/00:22:16 train_mapper.py:622 ] epoch=0388 train_loss=1.587855e-02 train_mse=3.221593e-03 train_cos=0.997422 train_nmse=-22.993dB train_rec=1.330193e-06 train_recT=7.779015e-07 train_fc=1.658952e-03 train_decoder_tail=0.000000e+00
I 07.02/00:23:20 train_mapper.py:622 ] epoch=0389 train_loss=1.590165e-02 train_mse=3.226360e-03 train_cos=0.997418 train_nmse=-22.986dB train_rec=1.332413e-06 train_recT=7.807100e-07 train_fc=1.661287e-03 train_decoder_tail=0.000000e+00
I 07.02/00:24:19 train_mapper.py:622 ] epoch=0390 train_loss=1.587842e-02 train_mse=3.221082e-03 train_cos=0.997424 train_nmse=-22.993dB train_rec=1.333781e-06 train_recT=7.818062e-07 train_fc=1.659621e-03 train_decoder_tail=0.000000e+00
I 07.02/00:25:28 train_mapper.py:622 ] epoch=0391 train_loss=1.588992e-02 train_mse=3.223009e-03 train_cos=0.997421 train_nmse=-22.991dB train_rec=1.330308e-06 train_recT=7.788544e-07 train_fc=1.659672e-03 train_decoder_tail=0.000000e+00
I 07.02/00:26:32 train_mapper.py:622 ] epoch=0392 train_loss=1.586010e-02 train_mse=3.216157e-03 train_cos=0.997426 train_nmse=-23.000dB train_rec=1.330300e-06 train_recT=7.779826e-07 train_fc=1.655420e-03 train_decoder_tail=0.000000e+00
I 07.02/00:27:30 train_mapper.py:622 ] epoch=0393 train_loss=1.583335e-02 train_mse=3.210238e-03 train_cos=0.997430 train_nmse=-23.008dB train_rec=1.325431e-06 train_recT=7.736634e-07 train_fc=1.653202e-03 train_decoder_tail=0.000000e+00
I 07.02/00:28:35 train_mapper.py:622 ] epoch=0394 train_loss=1.583017e-02 train_mse=3.209344e-03 train_cos=0.997433 train_nmse=-23.009dB train_rec=1.329050e-06 train_recT=7.768353e-07 train_fc=1.651846e-03 train_decoder_tail=0.000000e+00
I 07.02/00:29:38 train_mapper.py:622 ] epoch=0395 train_loss=1.579526e-02 train_mse=3.201481e-03 train_cos=0.997438 train_nmse=-23.020dB train_rec=1.325261e-06 train_recT=7.737532e-07 train_fc=1.647001e-03 train_decoder_tail=0.000000e+00
I 07.02/00:30:41 train_mapper.py:622 ] epoch=0396 train_loss=1.571077e-02 train_mse=3.182513e-03 train_cos=0.997453 train_nmse=-23.046dB train_rec=1.321404e-06 train_recT=7.694397e-07 train_fc=1.636996e-03 train_decoder_tail=0.000000e+00
I 07.02/00:31:43 train_mapper.py:622 ] epoch=0397 train_loss=1.568735e-02 train_mse=3.177282e-03 train_cos=0.997457 train_nmse=-23.053dB train_rec=1.318121e-06 train_recT=7.662194e-07 train_fc=1.633939e-03 train_decoder_tail=0.000000e+00
I 07.02/00:32:43 train_mapper.py:622 ] epoch=0398 train_loss=1.579453e-02 train_mse=3.200277e-03 train_cos=0.997438 train_nmse=-23.022dB train_rec=1.323201e-06 train_recT=7.708906e-07 train_fc=1.648073e-03 train_decoder_tail=0.000000e+00
I 07.02/00:33:43 train_mapper.py:622 ] epoch=0399 train_loss=1.574468e-02 train_mse=3.189246e-03 train_cos=0.997448 train_nmse=-23.037dB train_rec=1.322278e-06 train_recT=7.705143e-07 train_fc=1.642607e-03 train_decoder_tail=0.000000e+00
I 07.02/00:34:44 train_mapper.py:622 ] epoch=0400 train_loss=1.574081e-02 train_mse=3.187810e-03 train_cos=0.997448 train_nmse=-23.039dB train_rec=1.322982e-06 train_recT=7.710891e-07 train_fc=1.641032e-03 train_decoder_tail=0.000000e+00
I 07.02/00:38:42 train_mapper.py:738 ] best_loss_epoch=397 best_loss_selection=train_loss best_loss_metric=1.568735e-02 best_loss_mse=3.177282e-03 best_loss_loss=1.568735e-02
I 07.02/00:38:42 train_mapper.py:743 ] best_mse_epoch=397 best_mse_selection=train_mse best_mse_metric=3.177282e-03 best_mse_mse=3.177282e-03 best_mse_loss=1.568735e-02
I 07.02/00:38:42 train_mapper.py:749 ] all_best_loss_mse=3.097413e-03 all_best_loss_cos=0.997517 all_best_loss_nmse=-23.163dB
I 07.02/00:38:42 train_mapper.py:753 ] all_best_mse_mse=3.097413e-03 all_best_mse_cos=0.997517 all_best_mse_nmse=-23.163dB
