I 07.01/14:49:05 train_mapper.py:431 ] => Experiment directory: mapper/exps_combined_losses/hybrid/tail_recT_fc/seed2026_crnet_transnet_to_seed42_transnet_lr5e-4_ep400
I 07.01/14:49:05 train_mapper.py:432 ] => Checkpoint directory: mapper/exps_combined_losses/hybrid/tail_recT_fc/seed2026_crnet_transnet_to_seed42_transnet_lr5e-4_ep400/checkpoints
I 07.01/14:49:05 train_mapper.py:433 ] => Codeword directory: mapper/exps_combined_losses/hybrid/tail_recT_fc/seed2026_crnet_transnet_to_seed42_transnet_lr5e-4_ep400/codewords
I 07.01/14:49:05 train_mapper.py:434 ] => TensorBoard directory: mapper/exps_combined_losses/hybrid/tail_recT_fc/seed2026_crnet_transnet_to_seed42_transnet_lr5e-4_ep400/tensorboard
I 07.01/14:49:11 train_mapper.py:519 ] => Loaded fixed decoder from exps/COST2100/in/seed42/transnet_transnet/checkpoints/best_nmse.pth
I 07.01/14:49:11 train_mapper.py:524 ] device=cuda
I 07.01/14:49:11 train_mapper.py:525 ] mapper=hybrid, params=23108608
I 07.01/14:49:11 train_mapper.py:527 ] train=100000, val=0, code_dim=512
I 07.01/14:49:11 train_mapper.py:529 ] val_ratio<=0: skip per-epoch validation; select best checkpoint by train loss
I 07.01/14:49:11 train_mapper.py:531 ] loss=mse + smoothl1*0.0 + sample_tail*0.1 + dim_tail*0.05 + whiten*0.0 + rec*0.0 + recT*1.0 + fc*0.01 + decoder_tail*0.0 + cos*0.0 + cov*0.0
I 07.01/14:49:32 train_mapper.py:622 ] epoch=0001 train_loss=4.765727e-01 train_mse=3.808829e-01 train_cos=0.797320 train_nmse=-3.000dB train_rec=0.000000e+00 train_recT=2.954281e-03 train_fc=4.061439e-01 train_decoder_tail=0.000000e+00
I 07.01/14:50:08 train_mapper.py:622 ] epoch=0002 train_loss=1.711437e-01 train_mse=1.383723e-01 train_cos=0.937338 train_nmse=-6.700dB train_rec=0.000000e+00 train_recT=2.230420e-04 train_fc=1.132652e-01 train_decoder_tail=0.000000e+00
I 07.01/14:50:58 train_mapper.py:622 ] epoch=0003 train_loss=1.166637e-01 train_mse=9.416520e-02 train_cos=0.957911 train_nmse=-8.346dB train_rec=0.000000e+00 train_recT=1.473451e-04 train_fc=8.220196e-02 train_decoder_tail=0.000000e+00
I 07.01/14:52:05 train_mapper.py:622 ] epoch=0004 train_loss=9.093406e-02 train_mse=7.308901e-02 train_cos=0.966216 train_nmse=-9.440dB train_rec=0.000000e+00 train_recT=1.021667e-04 train_fc=6.497820e-02 train_decoder_tail=0.000000e+00
I 07.01/14:53:13 train_mapper.py:622 ] epoch=0005 train_loss=7.620644e-02 train_mse=6.098937e-02 train_cos=0.970517 train_nmse=-10.224dB train_rec=0.000000e+00 train_recT=7.389672e-05 train_fc=5.410357e-02 train_decoder_tail=0.000000e+00
I 07.01/14:54:33 train_mapper.py:622 ] epoch=0006 train_loss=6.688423e-02 train_mse=5.331300e-02 train_cos=0.973304 train_nmse=-10.806dB train_rec=0.000000e+00 train_recT=5.575672e-05 train_fc=4.674205e-02 train_decoder_tail=0.000000e+00
I 07.01/14:55:55 train_mapper.py:622 ] epoch=0007 train_loss=6.097179e-02 train_mse=4.837356e-02 train_cos=0.975254 train_nmse=-11.228dB train_rec=0.000000e+00 train_recT=4.443049e-05 train_fc=4.186377e-02 train_decoder_tail=0.000000e+00
I 07.01/14:57:22 train_mapper.py:622 ] epoch=0008 train_loss=5.674379e-02 train_mse=4.483636e-02 train_cos=0.976886 train_nmse=-11.558dB train_rec=0.000000e+00 train_recT=3.721803e-05 train_fc=3.852300e-02 train_decoder_tail=0.000000e+00
I 07.01/14:58:50 train_mapper.py:622 ] epoch=0009 train_loss=5.374059e-02 train_mse=4.230708e-02 train_cos=0.978198 train_nmse=-11.810dB train_rec=0.000000e+00 train_recT=3.262534e-05 train_fc=3.613998e-02 train_decoder_tail=0.000000e+00
I 07.01/15:00:19 train_mapper.py:622 ] epoch=0010 train_loss=5.175139e-02 train_mse=4.062435e-02 train_cos=0.979064 train_nmse=-11.987dB train_rec=0.000000e+00 train_recT=2.966409e-05 train_fc=3.474617e-02 train_decoder_tail=0.000000e+00
I 07.01/15:01:47 train_mapper.py:622 ] epoch=0011 train_loss=4.977564e-02 train_mse=3.900043e-02 train_cos=0.980015 train_nmse=-12.164dB train_rec=0.000000e+00 train_recT=2.735326e-05 train_fc=3.336422e-02 train_decoder_tail=0.000000e+00
I 07.01/15:03:16 train_mapper.py:622 ] epoch=0012 train_loss=4.762162e-02 train_mse=3.724644e-02 train_cos=0.981112 train_nmse=-12.363dB train_rec=0.000000e+00 train_recT=2.553812e-05 train_fc=3.208236e-02 train_decoder_tail=0.000000e+00
I 07.01/15:04:42 train_mapper.py:622 ] epoch=0013 train_loss=4.614221e-02 train_mse=3.603949e-02 train_cos=0.981783 train_nmse=-12.506dB train_rec=0.000000e+00 train_recT=2.414500e-05 train_fc=3.120919e-02 train_decoder_tail=0.000000e+00
I 07.01/15:06:16 train_mapper.py:622 ] epoch=0014 train_loss=4.534855e-02 train_mse=3.539199e-02 train_cos=0.981995 train_nmse=-12.587dB train_rec=0.000000e+00 train_recT=2.305426e-05 train_fc=3.076950e-02 train_decoder_tail=0.000000e+00
I 07.01/15:07:44 train_mapper.py:622 ] epoch=0015 train_loss=4.320441e-02 train_mse=3.366145e-02 train_cos=0.983089 train_nmse=-12.803dB train_rec=0.000000e+00 train_recT=2.174075e-05 train_fc=2.953742e-02 train_decoder_tail=0.000000e+00
I 07.01/15:09:15 train_mapper.py:622 ] epoch=0016 train_loss=4.181580e-02 train_mse=3.253623e-02 train_cos=0.983649 train_nmse=-12.951dB train_rec=0.000000e+00 train_recT=2.058005e-05 train_fc=2.872867e-02 train_decoder_tail=0.000000e+00
I 07.01/15:10:40 train_mapper.py:622 ] epoch=0017 train_loss=4.058272e-02 train_mse=3.153306e-02 train_cos=0.984087 train_nmse=-13.087dB train_rec=0.000000e+00 train_recT=1.949215e-05 train_fc=2.794744e-02 train_decoder_tail=0.000000e+00
I 07.01/15:12:17 train_mapper.py:622 ] epoch=0018 train_loss=3.916097e-02 train_mse=3.036103e-02 train_cos=0.984619 train_nmse=-13.251dB train_rec=0.000000e+00 train_recT=1.825037e-05 train_fc=2.697418e-02 train_decoder_tail=0.000000e+00
I 07.01/15:13:45 train_mapper.py:622 ] epoch=0019 train_loss=3.785929e-02 train_mse=2.927353e-02 train_cos=0.984997 train_nmse=-13.410dB train_rec=0.000000e+00 train_recT=1.694649e-05 train_fc=2.598508e-02 train_decoder_tail=0.000000e+00
I 07.01/15:15:16 train_mapper.py:622 ] epoch=0020 train_loss=3.636542e-02 train_mse=2.799166e-02 train_cos=0.985388 train_nmse=-13.604dB train_rec=0.000000e+00 train_recT=1.533852e-05 train_fc=2.460810e-02 train_decoder_tail=0.000000e+00
I 07.01/15:16:43 train_mapper.py:622 ] epoch=0021 train_loss=3.461318e-02 train_mse=2.643257e-02 train_cos=0.985603 train_nmse=-13.853dB train_rec=0.000000e+00 train_recT=1.303147e-05 train_fc=2.239141e-02 train_decoder_tail=0.000000e+00
I 07.01/15:18:16 train_mapper.py:622 ] epoch=0022 train_loss=3.221914e-02 train_mse=2.437986e-02 train_cos=0.985482 train_nmse=-14.204dB train_rec=0.000000e+00 train_recT=1.005442e-05 train_fc=1.865275e-02 train_decoder_tail=0.000000e+00
I 07.01/15:19:49 train_mapper.py:622 ] epoch=0023 train_loss=2.940225e-02 train_mse=2.226424e-02 train_cos=0.985693 train_nmse=-14.598dB train_rec=0.000000e+00 train_recT=8.333473e-06 train_fc=1.542557e-02 train_decoder_tail=0.000000e+00
I 07.01/15:21:25 train_mapper.py:622 ] epoch=0024 train_loss=2.745756e-02 train_mse=2.090392e-02 train_cos=0.985914 train_nmse=-14.872dB train_rec=0.000000e+00 train_recT=7.535065e-06 train_fc=1.364540e-02 train_decoder_tail=0.000000e+00
I 07.01/15:22:55 train_mapper.py:622 ] epoch=0025 train_loss=2.583443e-02 train_mse=1.976427e-02 train_cos=0.986290 train_nmse=-15.115dB train_rec=0.000000e+00 train_recT=6.943989e-06 train_fc=1.239630e-02 train_decoder_tail=0.000000e+00
I 07.01/15:24:19 train_mapper.py:622 ] epoch=0026 train_loss=2.429310e-02 train_mse=1.865847e-02 train_cos=0.986798 train_nmse=-15.365dB train_rec=0.000000e+00 train_recT=6.435365e-06 train_fc=1.140788e-02 train_decoder_tail=0.000000e+00
I 07.01/15:25:41 train_mapper.py:622 ] epoch=0027 train_loss=2.328168e-02 train_mse=1.794257e-02 train_cos=0.987093 train_nmse=-15.536dB train_rec=0.000000e+00 train_recT=6.080171e-06 train_fc=1.072626e-02 train_decoder_tail=0.000000e+00
I 07.01/15:27:05 train_mapper.py:622 ] epoch=0028 train_loss=2.244364e-02 train_mse=1.734959e-02 train_cos=0.987353 train_nmse=-15.681dB train_rec=0.000000e+00 train_recT=5.782773e-06 train_fc=1.020461e-02 train_decoder_tail=0.000000e+00
I 07.01/15:28:26 train_mapper.py:622 ] epoch=0029 train_loss=2.162391e-02 train_mse=1.675244e-02 train_cos=0.987669 train_nmse=-15.834dB train_rec=0.000000e+00 train_recT=5.508350e-06 train_fc=9.718227e-03 train_decoder_tail=0.000000e+00
I 07.01/15:29:44 train_mapper.py:622 ] epoch=0030 train_loss=2.113011e-02 train_mse=1.640547e-02 train_cos=0.987806 train_nmse=-15.924dB train_rec=0.000000e+00 train_recT=5.308391e-06 train_fc=9.390166e-03 train_decoder_tail=0.000000e+00
I 07.01/15:31:08 train_mapper.py:622 ] epoch=0031 train_loss=2.057840e-02 train_mse=1.599835e-02 train_cos=0.988023 train_nmse=-16.034dB train_rec=0.000000e+00 train_recT=5.118149e-06 train_fc=9.068935e-03 train_decoder_tail=0.000000e+00
I 07.01/15:32:31 train_mapper.py:622 ] epoch=0032 train_loss=2.000025e-02 train_mse=1.556724e-02 train_cos=0.988278 train_nmse=-16.152dB train_rec=0.000000e+00 train_recT=4.930096e-06 train_fc=8.773464e-03 train_decoder_tail=0.000000e+00
I 07.01/15:33:50 train_mapper.py:622 ] epoch=0033 train_loss=1.946470e-02 train_mse=1.516726e-02 train_cos=0.988527 train_nmse=-16.265dB train_rec=0.000000e+00 train_recT=4.767497e-06 train_fc=8.499412e-03 train_decoder_tail=0.000000e+00
I 07.01/15:35:11 train_mapper.py:622 ] epoch=0034 train_loss=1.887331e-02 train_mse=1.472790e-02 train_cos=0.988816 train_nmse=-16.393dB train_rec=0.000000e+00 train_recT=4.605677e-06 train_fc=8.226910e-03 train_decoder_tail=0.000000e+00
I 07.01/15:36:35 train_mapper.py:622 ] epoch=0035 train_loss=1.855630e-02 train_mse=1.449062e-02 train_cos=0.988940 train_nmse=-16.464dB train_rec=0.000000e+00 train_recT=4.479021e-06 train_fc=8.037379e-03 train_decoder_tail=0.000000e+00
I 07.01/15:37:56 train_mapper.py:622 ] epoch=0036 train_loss=1.833361e-02 train_mse=1.432796e-02 train_cos=0.989015 train_nmse=-16.513dB train_rec=0.000000e+00 train_recT=4.391785e-06 train_fc=7.893397e-03 train_decoder_tail=0.000000e+00
I 07.01/15:39:22 train_mapper.py:622 ] epoch=0037 train_loss=1.786530e-02 train_mse=1.397193e-02 train_cos=0.989259 train_nmse=-16.622dB train_rec=0.000000e+00 train_recT=4.248835e-06 train_fc=7.686108e-03 train_decoder_tail=0.000000e+00
I 07.01/15:40:43 train_mapper.py:622 ] epoch=0038 train_loss=1.731229e-02 train_mse=1.354670e-02 train_cos=0.989566 train_nmse=-16.756dB train_rec=0.000000e+00 train_recT=4.098809e-06 train_fc=7.435802e-03 train_decoder_tail=0.000000e+00
I 07.01/15:41:59 train_mapper.py:622 ] epoch=0039 train_loss=1.690370e-02 train_mse=1.323265e-02 train_cos=0.989778 train_nmse=-16.858dB train_rec=0.000000e+00 train_recT=3.966703e-06 train_fc=7.241400e-03 train_decoder_tail=0.000000e+00
I 07.01/15:43:14 train_mapper.py:622 ] epoch=0040 train_loss=1.679523e-02 train_mse=1.314822e-02 train_cos=0.989809 train_nmse=-16.886dB train_rec=0.000000e+00 train_recT=3.917686e-06 train_fc=7.157176e-03 train_decoder_tail=0.000000e+00
I 07.01/15:44:30 train_mapper.py:622 ] epoch=0041 train_loss=1.660950e-02 train_mse=1.301141e-02 train_cos=0.989892 train_nmse=-16.931dB train_rec=0.000000e+00 train_recT=3.848403e-06 train_fc=7.060913e-03 train_decoder_tail=0.000000e+00
I 07.01/15:45:46 train_mapper.py:622 ] epoch=0042 train_loss=1.625001e-02 train_mse=1.273014e-02 train_cos=0.990091 train_nmse=-17.027dB train_rec=0.000000e+00 train_recT=3.751214e-06 train_fc=6.897788e-03 train_decoder_tail=0.000000e+00
I 07.01/15:47:09 train_mapper.py:622 ] epoch=0043 train_loss=1.607220e-02 train_mse=1.259180e-02 train_cos=0.990185 train_nmse=-17.073dB train_rec=0.000000e+00 train_recT=3.693595e-06 train_fc=6.812980e-03 train_decoder_tail=0.000000e+00
I 07.01/15:48:28 train_mapper.py:622 ] epoch=0044 train_loss=1.570688e-02 train_mse=1.230673e-02 train_cos=0.990395 train_nmse=-17.174dB train_rec=0.000000e+00 train_recT=3.600896e-06 train_fc=6.649250e-03 train_decoder_tail=0.000000e+00
I 07.01/15:49:46 train_mapper.py:622 ] epoch=0045 train_loss=1.565422e-02 train_mse=1.226192e-02 train_cos=0.990405 train_nmse=-17.189dB train_rec=0.000000e+00 train_recT=3.564906e-06 train_fc=6.598217e-03 train_decoder_tail=0.000000e+00
I 07.01/15:51:10 train_mapper.py:622 ] epoch=0046 train_loss=1.532702e-02 train_mse=1.200760e-02 train_cos=0.990594 train_nmse=-17.280dB train_rec=0.000000e+00 train_recT=3.469967e-06 train_fc=6.449433e-03 train_decoder_tail=0.000000e+00
I 07.01/15:52:31 train_mapper.py:622 ] epoch=0047 train_loss=1.511121e-02 train_mse=1.183715e-02 train_cos=0.990715 train_nmse=-17.342dB train_rec=0.000000e+00 train_recT=3.404935e-06 train_fc=6.343853e-03 train_decoder_tail=0.000000e+00
I 07.01/15:53:51 train_mapper.py:622 ] epoch=0048 train_loss=1.486411e-02 train_mse=1.164012e-02 train_cos=0.990859 train_nmse=-17.415dB train_rec=0.000000e+00 train_recT=3.334486e-06 train_fc=6.240838e-03 train_decoder_tail=0.000000e+00
I 07.01/15:55:16 train_mapper.py:622 ] epoch=0049 train_loss=1.473520e-02 train_mse=1.153984e-02 train_cos=0.990925 train_nmse=-17.452dB train_rec=0.000000e+00 train_recT=3.298401e-06 train_fc=6.175301e-03 train_decoder_tail=0.000000e+00
I 07.01/15:56:40 train_mapper.py:622 ] epoch=0050 train_loss=1.460877e-02 train_mse=1.143771e-02 train_cos=0.991000 train_nmse=-17.491dB train_rec=0.000000e+00 train_recT=3.264432e-06 train_fc=6.110117e-03 train_decoder_tail=0.000000e+00
I 07.01/15:58:08 train_mapper.py:622 ] epoch=0051 train_loss=1.432649e-02 train_mse=1.121339e-02 train_cos=0.991174 train_nmse=-17.577dB train_rec=0.000000e+00 train_recT=3.197660e-06 train_fc=5.991770e-03 train_decoder_tail=0.000000e+00
I 07.01/15:59:56 train_mapper.py:622 ] epoch=0052 train_loss=1.423858e-02 train_mse=1.114442e-02 train_cos=0.991216 train_nmse=-17.604dB train_rec=0.000000e+00 train_recT=3.157965e-06 train_fc=5.946644e-03 train_decoder_tail=0.000000e+00
I 07.01/16:01:46 train_mapper.py:622 ] epoch=0053 train_loss=1.403464e-02 train_mse=1.098382e-02 train_cos=0.991331 train_nmse=-17.667dB train_rec=0.000000e+00 train_recT=3.103854e-06 train_fc=5.858035e-03 train_decoder_tail=0.000000e+00
I 07.01/16:03:33 train_mapper.py:622 ] epoch=0054 train_loss=1.373645e-02 train_mse=1.074681e-02 train_cos=0.991516 train_nmse=-17.761dB train_rec=0.000000e+00 train_recT=3.015779e-06 train_fc=5.717957e-03 train_decoder_tail=0.000000e+00
I 07.01/16:05:17 train_mapper.py:622 ] epoch=0055 train_loss=1.365740e-02 train_mse=1.068178e-02 train_cos=0.991552 train_nmse=-17.789dB train_rec=0.000000e+00 train_recT=2.994134e-06 train_fc=5.675439e-03 train_decoder_tail=0.000000e+00
I 07.01/16:07:03 train_mapper.py:622 ] epoch=0056 train_loss=1.360818e-02 train_mse=1.064053e-02 train_cos=0.991585 train_nmse=-17.804dB train_rec=0.000000e+00 train_recT=2.975826e-06 train_fc=5.647265e-03 train_decoder_tail=0.000000e+00
I 07.01/16:08:37 train_mapper.py:622 ] epoch=0057 train_loss=1.319412e-02 train_mse=1.031376e-02 train_cos=0.991841 train_nmse=-17.941dB train_rec=0.000000e+00 train_recT=2.884049e-06 train_fc=5.475246e-03 train_decoder_tail=0.000000e+00
I 07.01/16:10:09 train_mapper.py:622 ] epoch=0058 train_loss=1.321511e-02 train_mse=1.032606e-02 train_cos=0.991823 train_nmse=-17.935dB train_rec=0.000000e+00 train_recT=2.876342e-06 train_fc=5.479893e-03 train_decoder_tail=0.000000e+00
I 07.01/16:11:40 train_mapper.py:622 ] epoch=0059 train_loss=1.303283e-02 train_mse=1.018389e-02 train_cos=0.991929 train_nmse=-17.995dB train_rec=0.000000e+00 train_recT=2.826122e-06 train_fc=5.402098e-03 train_decoder_tail=0.000000e+00
I 07.01/16:13:16 train_mapper.py:622 ] epoch=0060 train_loss=1.310427e-02 train_mse=1.023472e-02 train_cos=0.991886 train_nmse=-17.974dB train_rec=0.000000e+00 train_recT=2.841657e-06 train_fc=5.429431e-03 train_decoder_tail=0.000000e+00
I 07.01/16:14:47 train_mapper.py:622 ] epoch=0061 train_loss=1.294012e-02 train_mse=1.010193e-02 train_cos=0.991990 train_nmse=-18.030dB train_rec=0.000000e+00 train_recT=2.804573e-06 train_fc=5.356766e-03 train_decoder_tail=0.000000e+00
I 07.01/16:16:18 train_mapper.py:622 ] epoch=0062 train_loss=1.269896e-02 train_mse=9.913029e-03 train_cos=0.992135 train_nmse=-18.112dB train_rec=0.000000e+00 train_recT=2.738337e-06 train_fc=5.249744e-03 train_decoder_tail=0.000000e+00
I 07.01/16:17:44 train_mapper.py:622 ] epoch=0063 train_loss=1.254530e-02 train_mse=9.787153e-03 train_cos=0.992228 train_nmse=-18.167dB train_rec=0.000000e+00 train_recT=2.700229e-06 train_fc=5.176957e-03 train_decoder_tail=0.000000e+00
I 07.01/16:19:13 train_mapper.py:622 ] epoch=0064 train_loss=1.243166e-02 train_mse=9.694975e-03 train_cos=0.992299 train_nmse=-18.209dB train_rec=0.000000e+00 train_recT=2.661423e-06 train_fc=5.119114e-03 train_decoder_tail=0.000000e+00
I 07.01/16:20:42 train_mapper.py:622 ] epoch=0065 train_loss=1.229955e-02 train_mse=9.585644e-03 train_cos=0.992381 train_nmse=-18.258dB train_rec=0.000000e+00 train_recT=2.635343e-06 train_fc=5.064043e-03 train_decoder_tail=0.000000e+00
I 07.01/16:22:09 train_mapper.py:622 ] epoch=0066 train_loss=1.230334e-02 train_mse=9.590511e-03 train_cos=0.992372 train_nmse=-18.256dB train_rec=0.000000e+00 train_recT=2.636123e-06 train_fc=5.066393e-03 train_decoder_tail=0.000000e+00
I 07.01/16:23:36 train_mapper.py:622 ] epoch=0067 train_loss=1.220086e-02 train_mse=9.502929e-03 train_cos=0.992438 train_nmse=-18.296dB train_rec=0.000000e+00 train_recT=2.599581e-06 train_fc=5.011429e-03 train_decoder_tail=0.000000e+00
I 07.01/16:25:05 train_mapper.py:622 ] epoch=0068 train_loss=1.204335e-02 train_mse=9.376719e-03 train_cos=0.992539 train_nmse=-18.354dB train_rec=0.000000e+00 train_recT=2.566011e-06 train_fc=4.946864e-03 train_decoder_tail=0.000000e+00
I 07.01/16:26:33 train_mapper.py:622 ] epoch=0069 train_loss=1.200242e-02 train_mse=9.344640e-03 train_cos=0.992559 train_nmse=-18.368dB train_rec=0.000000e+00 train_recT=2.548636e-06 train_fc=4.922575e-03 train_decoder_tail=0.000000e+00
I 07.01/16:28:02 train_mapper.py:622 ] epoch=0070 train_loss=1.187378e-02 train_mse=9.239344e-03 train_cos=0.992644 train_nmse=-18.417dB train_rec=0.000000e+00 train_recT=2.518487e-06 train_fc=4.869794e-03 train_decoder_tail=0.000000e+00
I 07.01/16:29:29 train_mapper.py:622 ] epoch=0071 train_loss=1.175787e-02 train_mse=9.145943e-03 train_cos=0.992717 train_nmse=-18.462dB train_rec=0.000000e+00 train_recT=2.493835e-06 train_fc=4.818885e-03 train_decoder_tail=0.000000e+00
I 07.01/16:30:55 train_mapper.py:622 ] epoch=0072 train_loss=1.166575e-02 train_mse=9.068456e-03 train_cos=0.992778 train_nmse=-18.499dB train_rec=0.000000e+00 train_recT=2.468419e-06 train_fc=4.776571e-03 train_decoder_tail=0.000000e+00
I 07.01/16:32:06 train_mapper.py:622 ] epoch=0073 train_loss=1.143685e-02 train_mse=8.888063e-03 train_cos=0.992922 train_nmse=-18.586dB train_rec=0.000000e+00 train_recT=2.412551e-06 train_fc=4.689261e-03 train_decoder_tail=0.000000e+00
I 07.01/16:33:09 train_mapper.py:622 ] epoch=0074 train_loss=1.144181e-02 train_mse=8.889008e-03 train_cos=0.992913 train_nmse=-18.586dB train_rec=0.000000e+00 train_recT=2.405745e-06 train_fc=4.681214e-03 train_decoder_tail=0.000000e+00
I 07.01/16:34:13 train_mapper.py:622 ] epoch=0075 train_loss=1.129478e-02 train_mse=8.770931e-03 train_cos=0.993011 train_nmse=-18.644dB train_rec=0.000000e+00 train_recT=2.381705e-06 train_fc=4.618854e-03 train_decoder_tail=0.000000e+00
I 07.01/16:35:18 train_mapper.py:622 ] epoch=0076 train_loss=1.107461e-02 train_mse=8.597168e-03 train_cos=0.993147 train_nmse=-18.730dB train_rec=0.000000e+00 train_recT=2.317839e-06 train_fc=4.526248e-03 train_decoder_tail=0.000000e+00
I 07.01/16:36:20 train_mapper.py:622 ] epoch=0077 train_loss=1.109631e-02 train_mse=8.611453e-03 train_cos=0.993124 train_nmse=-18.724dB train_rec=0.000000e+00 train_recT=2.318383e-06 train_fc=4.537180e-03 train_decoder_tail=0.000000e+00
I 07.01/16:37:21 train_mapper.py:622 ] epoch=0078 train_loss=1.106866e-02 train_mse=8.590491e-03 train_cos=0.993146 train_nmse=-18.734dB train_rec=0.000000e+00 train_recT=2.314834e-06 train_fc=4.519654e-03 train_decoder_tail=0.000000e+00
I 07.01/16:38:24 train_mapper.py:622 ] epoch=0079 train_loss=1.092711e-02 train_mse=8.473079e-03 train_cos=0.993241 train_nmse=-18.794dB train_rec=0.000000e+00 train_recT=2.288424e-06 train_fc=4.466845e-03 train_decoder_tail=0.000000e+00
I 07.01/16:39:28 train_mapper.py:622 ] epoch=0080 train_loss=1.113178e-02 train_mse=8.629752e-03 train_cos=0.993110 train_nmse=-18.714dB train_rec=0.000000e+00 train_recT=2.333703e-06 train_fc=4.542217e-03 train_decoder_tail=0.000000e+00
I 07.01/16:40:32 train_mapper.py:622 ] epoch=0081 train_loss=1.110799e-02 train_mse=8.610442e-03 train_cos=0.993124 train_nmse=-18.724dB train_rec=0.000000e+00 train_recT=2.328456e-06 train_fc=4.527425e-03 train_decoder_tail=0.000000e+00
I 07.01/16:41:34 train_mapper.py:622 ] epoch=0082 train_loss=1.087890e-02 train_mse=8.428153e-03 train_cos=0.993271 train_nmse=-18.817dB train_rec=0.000000e+00 train_recT=2.268050e-06 train_fc=4.427913e-03 train_decoder_tail=0.000000e+00
I 07.01/16:42:37 train_mapper.py:622 ] epoch=0083 train_loss=1.061317e-02 train_mse=8.217861e-03 train_cos=0.993438 train_nmse=-18.926dB train_rec=0.000000e+00 train_recT=2.206020e-06 train_fc=4.321194e-03 train_decoder_tail=0.000000e+00
I 07.01/16:43:38 train_mapper.py:622 ] epoch=0084 train_loss=1.049423e-02 train_mse=8.120280e-03 train_cos=0.993509 train_nmse=-18.978dB train_rec=0.000000e+00 train_recT=2.167078e-06 train_fc=4.264769e-03 train_decoder_tail=0.000000e+00
I 07.01/16:44:41 train_mapper.py:622 ] epoch=0085 train_loss=1.061597e-02 train_mse=8.213174e-03 train_cos=0.993428 train_nmse=-18.929dB train_rec=0.000000e+00 train_recT=2.196172e-06 train_fc=4.297940e-03 train_decoder_tail=0.000000e+00
I 07.01/16:45:42 train_mapper.py:622 ] epoch=0086 train_loss=1.030053e-02 train_mse=7.964810e-03 train_cos=0.993635 train_nmse=-19.062dB train_rec=0.000000e+00 train_recT=2.125297e-06 train_fc=4.180358e-03 train_decoder_tail=0.000000e+00
I 07.01/16:46:46 train_mapper.py:622 ] epoch=0087 train_loss=1.038455e-02 train_mse=8.028458e-03 train_cos=0.993578 train_nmse=-19.028dB train_rec=0.000000e+00 train_recT=2.140287e-06 train_fc=4.212676e-03 train_decoder_tail=0.000000e+00
I 07.01/16:47:45 train_mapper.py:622 ] epoch=0088 train_loss=1.032027e-02 train_mse=7.976562e-03 train_cos=0.993623 train_nmse=-19.056dB train_rec=0.000000e+00 train_recT=2.130543e-06 train_fc=4.187702e-03 train_decoder_tail=0.000000e+00
I 07.01/16:48:48 train_mapper.py:622 ] epoch=0089 train_loss=1.037156e-02 train_mse=8.014183e-03 train_cos=0.993592 train_nmse=-19.036dB train_rec=0.000000e+00 train_recT=2.142343e-06 train_fc=4.213652e-03 train_decoder_tail=0.000000e+00
I 07.01/16:49:59 train_mapper.py:622 ] epoch=0090 train_loss=1.045805e-02 train_mse=8.077820e-03 train_cos=0.993537 train_nmse=-19.001dB train_rec=0.000000e+00 train_recT=2.163336e-06 train_fc=4.235703e-03 train_decoder_tail=0.000000e+00
I 07.01/16:51:08 train_mapper.py:622 ] epoch=0091 train_loss=1.021027e-02 train_mse=7.883610e-03 train_cos=0.993695 train_nmse=-19.107dB train_rec=0.000000e+00 train_recT=2.103314e-06 train_fc=4.133979e-03 train_decoder_tail=0.000000e+00
I 07.01/16:52:13 train_mapper.py:622 ] epoch=0092 train_loss=1.012187e-02 train_mse=7.810564e-03 train_cos=0.993750 train_nmse=-19.147dB train_rec=0.000000e+00 train_recT=2.076338e-06 train_fc=4.096125e-03 train_decoder_tail=0.000000e+00
I 07.01/16:53:15 train_mapper.py:622 ] epoch=0093 train_loss=1.003239e-02 train_mse=7.738067e-03 train_cos=0.993803 train_nmse=-19.187dB train_rec=0.000000e+00 train_recT=2.051718e-06 train_fc=4.053110e-03 train_decoder_tail=0.000000e+00
I 07.01/16:54:18 train_mapper.py:622 ] epoch=0094 train_loss=9.854795e-03 train_mse=7.597596e-03 train_cos=0.993918 train_nmse=-19.267dB train_rec=0.000000e+00 train_recT=2.021506e-06 train_fc=3.981690e-03 train_decoder_tail=0.000000e+00
I 07.01/16:55:23 train_mapper.py:622 ] epoch=0095 train_loss=9.731402e-03 train_mse=7.498586e-03 train_cos=0.993999 train_nmse=-19.324dB train_rec=0.000000e+00 train_recT=1.979059e-06 train_fc=3.935276e-03 train_decoder_tail=0.000000e+00
I 07.01/16:56:33 train_mapper.py:622 ] epoch=0096 train_loss=9.776334e-03 train_mse=7.532097e-03 train_cos=0.993965 train_nmse=-19.305dB train_rec=0.000000e+00 train_recT=1.986189e-06 train_fc=3.947814e-03 train_decoder_tail=0.000000e+00
I 07.01/16:57:41 train_mapper.py:622 ] epoch=0097 train_loss=9.678164e-03 train_mse=7.453773e-03 train_cos=0.994031 train_nmse=-19.350dB train_rec=0.000000e+00 train_recT=1.971683e-06 train_fc=3.908106e-03 train_decoder_tail=0.000000e+00
I 07.01/16:58:48 train_mapper.py:622 ] epoch=0098 train_loss=9.643002e-03 train_mse=7.423624e-03 train_cos=0.994058 train_nmse=-19.368dB train_rec=0.000000e+00 train_recT=1.967089e-06 train_fc=3.895533e-03 train_decoder_tail=0.000000e+00
I 07.01/16:59:53 train_mapper.py:622 ] epoch=0099 train_loss=9.711169e-03 train_mse=7.476427e-03 train_cos=0.994012 train_nmse=-19.337dB train_rec=0.000000e+00 train_recT=1.980045e-06 train_fc=3.917698e-03 train_decoder_tail=0.000000e+00
I 07.01/17:00:57 train_mapper.py:622 ] epoch=0100 train_loss=9.633958e-03 train_mse=7.412116e-03 train_cos=0.994064 train_nmse=-19.374dB train_rec=0.000000e+00 train_recT=1.961097e-06 train_fc=3.884992e-03 train_decoder_tail=0.000000e+00
I 07.01/17:02:05 train_mapper.py:622 ] epoch=0101 train_loss=9.782908e-03 train_mse=7.528219e-03 train_cos=0.993964 train_nmse=-19.307dB train_rec=0.000000e+00 train_recT=1.992419e-06 train_fc=3.946591e-03 train_decoder_tail=0.000000e+00
I 07.01/17:03:08 train_mapper.py:622 ] epoch=0102 train_loss=9.688070e-03 train_mse=7.452436e-03 train_cos=0.994028 train_nmse=-19.351dB train_rec=0.000000e+00 train_recT=1.973868e-06 train_fc=3.901134e-03 train_decoder_tail=0.000000e+00
I 07.01/17:04:10 train_mapper.py:622 ] epoch=0103 train_loss=9.476617e-03 train_mse=7.282290e-03 train_cos=0.994164 train_nmse=-19.451dB train_rec=0.000000e+00 train_recT=1.924145e-06 train_fc=3.813591e-03 train_decoder_tail=0.000000e+00
I 07.01/17:05:14 train_mapper.py:622 ] epoch=0104 train_loss=9.504014e-03 train_mse=7.302847e-03 train_cos=0.994142 train_nmse=-19.439dB train_rec=0.000000e+00 train_recT=1.926055e-06 train_fc=3.820353e-03 train_decoder_tail=0.000000e+00
I 07.01/17:06:16 train_mapper.py:622 ] epoch=0105 train_loss=9.442820e-03 train_mse=7.254689e-03 train_cos=0.994182 train_nmse=-19.467dB train_rec=0.000000e+00 train_recT=1.912412e-06 train_fc=3.792280e-03 train_decoder_tail=0.000000e+00
I 07.01/17:07:23 train_mapper.py:622 ] epoch=0106 train_loss=9.294451e-03 train_mse=7.133913e-03 train_cos=0.994280 train_nmse=-19.540dB train_rec=0.000000e+00 train_recT=1.877585e-06 train_fc=3.728420e-03 train_decoder_tail=0.000000e+00
I 07.01/17:08:26 train_mapper.py:622 ] epoch=0107 train_loss=9.414141e-03 train_mse=7.227357e-03 train_cos=0.994201 train_nmse=-19.484dB train_rec=0.000000e+00 train_recT=1.907419e-06 train_fc=3.779142e-03 train_decoder_tail=0.000000e+00
I 07.01/17:09:26 train_mapper.py:622 ] epoch=0108 train_loss=9.381124e-03 train_mse=7.199006e-03 train_cos=0.994228 train_nmse=-19.501dB train_rec=0.000000e+00 train_recT=1.900212e-06 train_fc=3.769936e-03 train_decoder_tail=0.000000e+00
I 07.01/17:10:29 train_mapper.py:622 ] epoch=0109 train_loss=9.276848e-03 train_mse=7.115056e-03 train_cos=0.994296 train_nmse=-19.552dB train_rec=0.000000e+00 train_recT=1.878174e-06 train_fc=3.721456e-03 train_decoder_tail=0.000000e+00
I 07.01/17:11:31 train_mapper.py:622 ] epoch=0110 train_loss=9.157564e-03 train_mse=7.022194e-03 train_cos=0.994368 train_nmse=-19.609dB train_rec=0.000000e+00 train_recT=1.847497e-06 train_fc=3.674932e-03 train_decoder_tail=0.000000e+00
I 07.01/17:12:32 train_mapper.py:622 ] epoch=0111 train_loss=9.052110e-03 train_mse=6.935641e-03 train_cos=0.994435 train_nmse=-19.663dB train_rec=0.000000e+00 train_recT=1.823307e-06 train_fc=3.626020e-03 train_decoder_tail=0.000000e+00
I 07.01/17:13:37 train_mapper.py:622 ] epoch=0112 train_loss=9.114067e-03 train_mse=6.982255e-03 train_cos=0.994392 train_nmse=-19.634dB train_rec=0.000000e+00 train_recT=1.831696e-06 train_fc=3.646463e-03 train_decoder_tail=0.000000e+00
I 07.01/17:14:40 train_mapper.py:622 ] epoch=0113 train_loss=8.995315e-03 train_mse=6.890637e-03 train_cos=0.994468 train_nmse=-19.691dB train_rec=0.000000e+00 train_recT=1.803301e-06 train_fc=3.596982e-03 train_decoder_tail=0.000000e+00
I 07.01/17:15:44 train_mapper.py:622 ] epoch=0114 train_loss=8.907639e-03 train_mse=6.819467e-03 train_cos=0.994523 train_nmse=-19.736dB train_rec=0.000000e+00 train_recT=1.782891e-06 train_fc=3.568277e-03 train_decoder_tail=0.000000e+00
I 07.01/17:16:48 train_mapper.py:622 ] epoch=0115 train_loss=8.825302e-03 train_mse=6.753566e-03 train_cos=0.994583 train_nmse=-19.778dB train_rec=0.000000e+00 train_recT=1.763382e-06 train_fc=3.536152e-03 train_decoder_tail=0.000000e+00
I 07.01/17:17:50 train_mapper.py:622 ] epoch=0116 train_loss=8.871483e-03 train_mse=6.785458e-03 train_cos=0.994554 train_nmse=-19.758dB train_rec=0.000000e+00 train_recT=1.774578e-06 train_fc=3.548287e-03 train_decoder_tail=0.000000e+00
I 07.01/17:18:54 train_mapper.py:622 ] epoch=0117 train_loss=8.917476e-03 train_mse=6.823452e-03 train_cos=0.994524 train_nmse=-19.733dB train_rec=0.000000e+00 train_recT=1.786472e-06 train_fc=3.566640e-03 train_decoder_tail=0.000000e+00
I 07.01/17:19:58 train_mapper.py:622 ] epoch=0118 train_loss=8.809086e-03 train_mse=6.736551e-03 train_cos=0.994592 train_nmse=-19.789dB train_rec=0.000000e+00 train_recT=1.757956e-06 train_fc=3.519081e-03 train_decoder_tail=0.000000e+00
I 07.01/17:21:04 train_mapper.py:622 ] epoch=0119 train_loss=8.723970e-03 train_mse=6.669734e-03 train_cos=0.994649 train_nmse=-19.833dB train_rec=0.000000e+00 train_recT=1.741732e-06 train_fc=3.490196e-03 train_decoder_tail=0.000000e+00
I 07.01/17:22:08 train_mapper.py:622 ] epoch=0120 train_loss=8.848017e-03 train_mse=6.765397e-03 train_cos=0.994567 train_nmse=-19.771dB train_rec=0.000000e+00 train_recT=1.770443e-06 train_fc=3.532935e-03 train_decoder_tail=0.000000e+00
I 07.01/17:23:09 train_mapper.py:622 ] epoch=0121 train_loss=8.584586e-03 train_mse=6.556457e-03 train_cos=0.994740 train_nmse=-19.907dB train_rec=0.000000e+00 train_recT=1.711699e-06 train_fc=3.427540e-03 train_decoder_tail=0.000000e+00
I 07.01/17:24:10 train_mapper.py:622 ] epoch=0122 train_loss=8.464192e-03 train_mse=6.459302e-03 train_cos=0.994815 train_nmse=-19.972dB train_rec=0.000000e+00 train_recT=1.679214e-06 train_fc=3.377542e-03 train_decoder_tail=0.000000e+00
I 07.01/17:25:14 train_mapper.py:622 ] epoch=0123 train_loss=8.569327e-03 train_mse=6.539291e-03 train_cos=0.994746 train_nmse=-19.919dB train_rec=0.000000e+00 train_recT=1.702489e-06 train_fc=3.417049e-03 train_decoder_tail=0.000000e+00
I 07.01/17:26:16 train_mapper.py:622 ] epoch=0124 train_loss=8.597747e-03 train_mse=6.561754e-03 train_cos=0.994726 train_nmse=-19.904dB train_rec=0.000000e+00 train_recT=1.710231e-06 train_fc=3.428133e-03 train_decoder_tail=0.000000e+00
I 07.01/17:27:17 train_mapper.py:622 ] epoch=0125 train_loss=8.670825e-03 train_mse=6.618858e-03 train_cos=0.994677 train_nmse=-19.866dB train_rec=0.000000e+00 train_recT=1.725278e-06 train_fc=3.455189e-03 train_decoder_tail=0.000000e+00
I 07.01/17:28:25 train_mapper.py:622 ] epoch=0126 train_loss=8.547859e-03 train_mse=6.521170e-03 train_cos=0.994764 train_nmse=-19.930dB train_rec=0.000000e+00 train_recT=1.699381e-06 train_fc=3.406624e-03 train_decoder_tail=0.000000e+00
I 07.01/17:29:29 train_mapper.py:622 ] epoch=0127 train_loss=8.382705e-03 train_mse=6.390291e-03 train_cos=0.994878 train_nmse=-20.018dB train_rec=0.000000e+00 train_recT=1.662259e-06 train_fc=3.344716e-03 train_decoder_tail=0.000000e+00
I 07.01/17:30:35 train_mapper.py:622 ] epoch=0128 train_loss=8.346187e-03 train_mse=6.357837e-03 train_cos=0.994897 train_nmse=-20.041dB train_rec=0.000000e+00 train_recT=1.652420e-06 train_fc=3.323131e-03 train_decoder_tail=0.000000e+00
I 07.01/17:31:39 train_mapper.py:622 ] epoch=0129 train_loss=8.323672e-03 train_mse=6.339750e-03 train_cos=0.994908 train_nmse=-20.053dB train_rec=0.000000e+00 train_recT=1.648691e-06 train_fc=3.313598e-03 train_decoder_tail=0.000000e+00
I 07.01/17:32:43 train_mapper.py:622 ] epoch=0130 train_loss=8.307050e-03 train_mse=6.327820e-03 train_cos=0.994914 train_nmse=-20.061dB train_rec=0.000000e+00 train_recT=1.639782e-06 train_fc=3.308187e-03 train_decoder_tail=0.000000e+00
I 07.01/17:33:48 train_mapper.py:622 ] epoch=0131 train_loss=8.396255e-03 train_mse=6.396622e-03 train_cos=0.994854 train_nmse=-20.015dB train_rec=0.000000e+00 train_recT=1.657871e-06 train_fc=3.338692e-03 train_decoder_tail=0.000000e+00
I 07.01/17:34:50 train_mapper.py:622 ] epoch=0132 train_loss=8.354557e-03 train_mse=6.360422e-03 train_cos=0.994889 train_nmse=-20.039dB train_rec=0.000000e+00 train_recT=1.657755e-06 train_fc=3.317213e-03 train_decoder_tail=0.000000e+00
I 07.01/17:35:51 train_mapper.py:622 ] epoch=0133 train_loss=8.444036e-03 train_mse=6.429241e-03 train_cos=0.994828 train_nmse=-19.992dB train_rec=0.000000e+00 train_recT=1.671482e-06 train_fc=3.352995e-03 train_decoder_tail=0.000000e+00
I 07.01/17:36:52 train_mapper.py:622 ] epoch=0134 train_loss=8.330390e-03 train_mse=6.341071e-03 train_cos=0.994900 train_nmse=-20.052dB train_rec=0.000000e+00 train_recT=1.645548e-06 train_fc=3.304533e-03 train_decoder_tail=0.000000e+00
I 07.01/17:37:54 train_mapper.py:622 ] epoch=0135 train_loss=8.241127e-03 train_mse=6.269789e-03 train_cos=0.994958 train_nmse=-20.101dB train_rec=0.000000e+00 train_recT=1.624990e-06 train_fc=3.264519e-03 train_decoder_tail=0.000000e+00
I 07.01/17:38:59 train_mapper.py:622 ] epoch=0136 train_loss=8.074519e-03 train_mse=6.140074e-03 train_cos=0.995066 train_nmse=-20.192dB train_rec=0.000000e+00 train_recT=1.588964e-06 train_fc=3.200995e-03 train_decoder_tail=0.000000e+00
I 07.01/17:40:06 train_mapper.py:622 ] epoch=0137 train_loss=8.027332e-03 train_mse=6.098652e-03 train_cos=0.995101 train_nmse=-20.221dB train_rec=0.000000e+00 train_recT=1.578374e-06 train_fc=3.184445e-03 train_decoder_tail=0.000000e+00
I 07.01/17:41:08 train_mapper.py:622 ] epoch=0138 train_loss=8.037803e-03 train_mse=6.105476e-03 train_cos=0.995091 train_nmse=-20.217dB train_rec=0.000000e+00 train_recT=1.576080e-06 train_fc=3.184052e-03 train_decoder_tail=0.000000e+00
I 07.01/17:42:10 train_mapper.py:622 ] epoch=0139 train_loss=8.104015e-03 train_mse=6.156649e-03 train_cos=0.995047 train_nmse=-20.180dB train_rec=0.000000e+00 train_recT=1.595519e-06 train_fc=3.207796e-03 train_decoder_tail=0.000000e+00
I 07.01/17:43:12 train_mapper.py:622 ] epoch=0140 train_loss=8.116568e-03 train_mse=6.167955e-03 train_cos=0.995038 train_nmse=-20.172dB train_rec=0.000000e+00 train_recT=1.596303e-06 train_fc=3.218449e-03 train_decoder_tail=0.000000e+00
I 07.01/17:44:17 train_mapper.py:622 ] epoch=0141 train_loss=8.031355e-03 train_mse=6.099441e-03 train_cos=0.995097 train_nmse=-20.221dB train_rec=0.000000e+00 train_recT=1.575823e-06 train_fc=3.181944e-03 train_decoder_tail=0.000000e+00
I 07.01/17:45:19 train_mapper.py:622 ] epoch=0142 train_loss=7.923036e-03 train_mse=6.012971e-03 train_cos=0.995169 train_nmse=-20.283dB train_rec=0.000000e+00 train_recT=1.553999e-06 train_fc=3.137463e-03 train_decoder_tail=0.000000e+00
I 07.01/17:46:22 train_mapper.py:622 ] epoch=0143 train_loss=7.915112e-03 train_mse=6.005423e-03 train_cos=0.995175 train_nmse=-20.288dB train_rec=0.000000e+00 train_recT=1.551050e-06 train_fc=3.133550e-03 train_decoder_tail=0.000000e+00
I 07.01/17:47:31 train_mapper.py:622 ] epoch=0144 train_loss=7.864035e-03 train_mse=5.964046e-03 train_cos=0.995206 train_nmse=-20.318dB train_rec=0.000000e+00 train_recT=1.539461e-06 train_fc=3.110747e-03 train_decoder_tail=0.000000e+00
I 07.01/17:48:38 train_mapper.py:622 ] epoch=0145 train_loss=7.759085e-03 train_mse=5.880169e-03 train_cos=0.995271 train_nmse=-20.380dB train_rec=0.000000e+00 train_recT=1.507956e-06 train_fc=3.071674e-03 train_decoder_tail=0.000000e+00
I 07.01/17:49:43 train_mapper.py:622 ] epoch=0146 train_loss=7.811907e-03 train_mse=5.922164e-03 train_cos=0.995236 train_nmse=-20.349dB train_rec=0.000000e+00 train_recT=1.522755e-06 train_fc=3.089919e-03 train_decoder_tail=0.000000e+00
I 07.01/17:50:45 train_mapper.py:622 ] epoch=0147 train_loss=7.814527e-03 train_mse=5.923591e-03 train_cos=0.995237 train_nmse=-20.348dB train_rec=0.000000e+00 train_recT=1.527843e-06 train_fc=3.091283e-03 train_decoder_tail=0.000000e+00
I 07.01/17:51:49 train_mapper.py:622 ] epoch=0148 train_loss=7.715051e-03 train_mse=5.843252e-03 train_cos=0.995304 train_nmse=-20.407dB train_rec=0.000000e+00 train_recT=1.503968e-06 train_fc=3.049675e-03 train_decoder_tail=0.000000e+00
I 07.01/17:52:51 train_mapper.py:622 ] epoch=0149 train_loss=7.727570e-03 train_mse=5.852683e-03 train_cos=0.995296 train_nmse=-20.400dB train_rec=0.000000e+00 train_recT=1.512504e-06 train_fc=3.054687e-03 train_decoder_tail=0.000000e+00
I 07.01/17:53:53 train_mapper.py:622 ] epoch=0150 train_loss=7.767810e-03 train_mse=5.883016e-03 train_cos=0.995267 train_nmse=-20.378dB train_rec=0.000000e+00 train_recT=1.514808e-06 train_fc=3.067948e-03 train_decoder_tail=0.000000e+00
I 07.01/17:54:54 train_mapper.py:622 ] epoch=0151 train_loss=7.718160e-03 train_mse=5.843383e-03 train_cos=0.995300 train_nmse=-20.407dB train_rec=0.000000e+00 train_recT=1.501392e-06 train_fc=3.049268e-03 train_decoder_tail=0.000000e+00
I 07.01/17:55:58 train_mapper.py:622 ] epoch=0152 train_loss=7.715729e-03 train_mse=5.842926e-03 train_cos=0.995302 train_nmse=-20.407dB train_rec=0.000000e+00 train_recT=1.507857e-06 train_fc=3.047115e-03 train_decoder_tail=0.000000e+00
I 07.01/17:57:03 train_mapper.py:622 ] epoch=0153 train_loss=7.693284e-03 train_mse=5.822654e-03 train_cos=0.995314 train_nmse=-20.422dB train_rec=0.000000e+00 train_recT=1.496141e-06 train_fc=3.035639e-03 train_decoder_tail=0.000000e+00
I 07.01/17:58:07 train_mapper.py:622 ] epoch=0154 train_loss=7.629998e-03 train_mse=5.771058e-03 train_cos=0.995358 train_nmse=-20.461dB train_rec=0.000000e+00 train_recT=1.484442e-06 train_fc=3.007880e-03 train_decoder_tail=0.000000e+00
I 07.01/17:59:15 train_mapper.py:622 ] epoch=0155 train_loss=7.573196e-03 train_mse=5.728155e-03 train_cos=0.995393 train_nmse=-20.493dB train_rec=0.000000e+00 train_recT=1.470041e-06 train_fc=2.985752e-03 train_decoder_tail=0.000000e+00
I 07.01/18:00:18 train_mapper.py:622 ] epoch=0156 train_loss=7.512176e-03 train_mse=5.677243e-03 train_cos=0.995434 train_nmse=-20.532dB train_rec=0.000000e+00 train_recT=1.455463e-06 train_fc=2.957264e-03 train_decoder_tail=0.000000e+00
I 07.01/18:01:24 train_mapper.py:622 ] epoch=0157 train_loss=7.474594e-03 train_mse=5.646639e-03 train_cos=0.995454 train_nmse=-20.556dB train_rec=0.000000e+00 train_recT=1.442025e-06 train_fc=2.938945e-03 train_decoder_tail=0.000000e+00
I 07.01/18:02:29 train_mapper.py:622 ] epoch=0158 train_loss=7.491054e-03 train_mse=5.660195e-03 train_cos=0.995445 train_nmse=-20.545dB train_rec=0.000000e+00 train_recT=1.446561e-06 train_fc=2.948227e-03 train_decoder_tail=0.000000e+00
I 07.01/18:03:33 train_mapper.py:622 ] epoch=0159 train_loss=7.523012e-03 train_mse=5.683892e-03 train_cos=0.995425 train_nmse=-20.528dB train_rec=0.000000e+00 train_recT=1.459860e-06 train_fc=2.961912e-03 train_decoder_tail=0.000000e+00
I 07.01/18:04:37 train_mapper.py:622 ] epoch=0160 train_loss=7.545960e-03 train_mse=5.702585e-03 train_cos=0.995411 train_nmse=-20.513dB train_rec=0.000000e+00 train_recT=1.463820e-06 train_fc=2.973841e-03 train_decoder_tail=0.000000e+00
I 07.01/18:05:39 train_mapper.py:622 ] epoch=0161 train_loss=7.499824e-03 train_mse=5.663690e-03 train_cos=0.995444 train_nmse=-20.543dB train_rec=0.000000e+00 train_recT=1.452474e-06 train_fc=2.953666e-03 train_decoder_tail=0.000000e+00
I 07.01/18:06:39 train_mapper.py:622 ] epoch=0162 train_loss=7.510143e-03 train_mse=5.674875e-03 train_cos=0.995434 train_nmse=-20.534dB train_rec=0.000000e+00 train_recT=1.454349e-06 train_fc=2.965506e-03 train_decoder_tail=0.000000e+00
I 07.01/18:07:41 train_mapper.py:622 ] epoch=0163 train_loss=7.555128e-03 train_mse=5.709563e-03 train_cos=0.995399 train_nmse=-20.508dB train_rec=0.000000e+00 train_recT=1.461743e-06 train_fc=2.978407e-03 train_decoder_tail=0.000000e+00
I 07.01/18:08:44 train_mapper.py:622 ] epoch=0164 train_loss=7.409842e-03 train_mse=5.592586e-03 train_cos=0.995502 train_nmse=-20.597dB train_rec=0.000000e+00 train_recT=1.438874e-06 train_fc=2.919877e-03 train_decoder_tail=0.000000e+00
I 07.01/18:09:49 train_mapper.py:622 ] epoch=0165 train_loss=7.427442e-03 train_mse=5.604252e-03 train_cos=0.995485 train_nmse=-20.588dB train_rec=0.000000e+00 train_recT=1.437820e-06 train_fc=2.918240e-03 train_decoder_tail=0.000000e+00
I 07.01/18:10:54 train_mapper.py:622 ] epoch=0166 train_loss=7.307580e-03 train_mse=5.510568e-03 train_cos=0.995564 train_nmse=-20.662dB train_rec=0.000000e+00 train_recT=1.413920e-06 train_fc=2.871792e-03 train_decoder_tail=0.000000e+00
I 07.01/18:11:57 train_mapper.py:622 ] epoch=0167 train_loss=7.359968e-03 train_mse=5.549855e-03 train_cos=0.995527 train_nmse=-20.631dB train_rec=0.000000e+00 train_recT=1.422292e-06 train_fc=2.890792e-03 train_decoder_tail=0.000000e+00
I 07.01/18:13:00 train_mapper.py:622 ] epoch=0168 train_loss=7.327785e-03 train_mse=5.524666e-03 train_cos=0.995552 train_nmse=-20.651dB train_rec=0.000000e+00 train_recT=1.415553e-06 train_fc=2.878355e-03 train_decoder_tail=0.000000e+00
I 07.01/18:14:02 train_mapper.py:622 ] epoch=0169 train_loss=7.317271e-03 train_mse=5.516299e-03 train_cos=0.995558 train_nmse=-20.657dB train_rec=0.000000e+00 train_recT=1.415225e-06 train_fc=2.871216e-03 train_decoder_tail=0.000000e+00
I 07.01/18:15:05 train_mapper.py:622 ] epoch=0170 train_loss=7.223398e-03 train_mse=5.442102e-03 train_cos=0.995623 train_nmse=-20.716dB train_rec=0.000000e+00 train_recT=1.398336e-06 train_fc=2.833427e-03 train_decoder_tail=0.000000e+00
I 07.01/18:16:09 train_mapper.py:622 ] epoch=0171 train_loss=7.152440e-03 train_mse=5.384071e-03 train_cos=0.995665 train_nmse=-20.763dB train_rec=0.000000e+00 train_recT=1.369954e-06 train_fc=2.807733e-03 train_decoder_tail=0.000000e+00
I 07.01/18:17:11 train_mapper.py:622 ] epoch=0172 train_loss=7.174012e-03 train_mse=5.401920e-03 train_cos=0.995651 train_nmse=-20.748dB train_rec=0.000000e+00 train_recT=1.378927e-06 train_fc=2.813865e-03 train_decoder_tail=0.000000e+00
I 07.01/18:18:15 train_mapper.py:622 ] epoch=0173 train_loss=7.101503e-03 train_mse=5.344240e-03 train_cos=0.995699 train_nmse=-20.795dB train_rec=0.000000e+00 train_recT=1.360828e-06 train_fc=2.783521e-03 train_decoder_tail=0.000000e+00
I 07.01/18:19:20 train_mapper.py:622 ] epoch=0174 train_loss=7.124668e-03 train_mse=5.361266e-03 train_cos=0.995686 train_nmse=-20.781dB train_rec=0.000000e+00 train_recT=1.367198e-06 train_fc=2.794640e-03 train_decoder_tail=0.000000e+00
I 07.01/18:20:23 train_mapper.py:622 ] epoch=0175 train_loss=7.175442e-03 train_mse=5.403342e-03 train_cos=0.995649 train_nmse=-20.747dB train_rec=0.000000e+00 train_recT=1.372924e-06 train_fc=2.813000e-03 train_decoder_tail=0.000000e+00
I 07.01/18:21:26 train_mapper.py:622 ] epoch=0176 train_loss=7.069502e-03 train_mse=5.316751e-03 train_cos=0.995723 train_nmse=-20.817dB train_rec=0.000000e+00 train_recT=1.351782e-06 train_fc=2.768338e-03 train_decoder_tail=0.000000e+00
I 07.01/18:22:37 train_mapper.py:622 ] epoch=0177 train_loss=7.085031e-03 train_mse=5.329672e-03 train_cos=0.995709 train_nmse=-20.807dB train_rec=0.000000e+00 train_recT=1.359397e-06 train_fc=2.775220e-03 train_decoder_tail=0.000000e+00
I 07.01/18:23:39 train_mapper.py:622 ] epoch=0178 train_loss=7.091922e-03 train_mse=5.334811e-03 train_cos=0.995705 train_nmse=-20.802dB train_rec=0.000000e+00 train_recT=1.359346e-06 train_fc=2.778478e-03 train_decoder_tail=0.000000e+00
I 07.01/18:24:44 train_mapper.py:622 ] epoch=0179 train_loss=7.073018e-03 train_mse=5.321046e-03 train_cos=0.995717 train_nmse=-20.814dB train_rec=0.000000e+00 train_recT=1.360529e-06 train_fc=2.773587e-03 train_decoder_tail=0.000000e+00
I 07.01/18:25:48 train_mapper.py:622 ] epoch=0180 train_loss=7.073178e-03 train_mse=5.320018e-03 train_cos=0.995714 train_nmse=-20.815dB train_rec=0.000000e+00 train_recT=1.358568e-06 train_fc=2.772058e-03 train_decoder_tail=0.000000e+00
I 07.01/18:26:53 train_mapper.py:622 ] epoch=0181 train_loss=7.071274e-03 train_mse=5.319451e-03 train_cos=0.995720 train_nmse=-20.815dB train_rec=0.000000e+00 train_recT=1.360801e-06 train_fc=2.777150e-03 train_decoder_tail=0.000000e+00
I 07.01/18:27:57 train_mapper.py:622 ] epoch=0182 train_loss=6.979578e-03 train_mse=5.243665e-03 train_cos=0.995780 train_nmse=-20.877dB train_rec=0.000000e+00 train_recT=1.335001e-06 train_fc=2.734845e-03 train_decoder_tail=0.000000e+00
I 07.01/18:28:58 train_mapper.py:622 ] epoch=0183 train_loss=6.929315e-03 train_mse=5.204349e-03 train_cos=0.995813 train_nmse=-20.910dB train_rec=0.000000e+00 train_recT=1.327631e-06 train_fc=2.714951e-03 train_decoder_tail=0.000000e+00
I 07.01/18:30:00 train_mapper.py:622 ] epoch=0184 train_loss=6.903684e-03 train_mse=5.183337e-03 train_cos=0.995827 train_nmse=-20.928dB train_rec=0.000000e+00 train_recT=1.317749e-06 train_fc=2.702091e-03 train_decoder_tail=0.000000e+00
I 07.01/18:31:06 train_mapper.py:622 ] epoch=0185 train_loss=6.897012e-03 train_mse=5.178317e-03 train_cos=0.995830 train_nmse=-20.932dB train_rec=0.000000e+00 train_recT=1.318241e-06 train_fc=2.696631e-03 train_decoder_tail=0.000000e+00
I 07.01/18:32:12 train_mapper.py:622 ] epoch=0186 train_loss=7.004350e-03 train_mse=5.262163e-03 train_cos=0.995757 train_nmse=-20.862dB train_rec=0.000000e+00 train_recT=1.340165e-06 train_fc=2.741529e-03 train_decoder_tail=0.000000e+00
I 07.01/18:33:22 train_mapper.py:622 ] epoch=0187 train_loss=6.921108e-03 train_mse=5.197482e-03 train_cos=0.995817 train_nmse=-20.916dB train_rec=0.000000e+00 train_recT=1.321480e-06 train_fc=2.707597e-03 train_decoder_tail=0.000000e+00
I 07.01/18:34:29 train_mapper.py:622 ] epoch=0188 train_loss=6.855643e-03 train_mse=5.145467e-03 train_cos=0.995857 train_nmse=-20.960dB train_rec=0.000000e+00 train_recT=1.308998e-06 train_fc=2.684390e-03 train_decoder_tail=0.000000e+00
I 07.01/18:35:31 train_mapper.py:622 ] epoch=0189 train_loss=6.805586e-03 train_mse=5.104048e-03 train_cos=0.995890 train_nmse=-20.995dB train_rec=0.000000e+00 train_recT=1.298597e-06 train_fc=2.657958e-03 train_decoder_tail=0.000000e+00
I 07.01/18:36:32 train_mapper.py:622 ] epoch=0190 train_loss=6.927451e-03 train_mse=5.200474e-03 train_cos=0.995808 train_nmse=-20.914dB train_rec=0.000000e+00 train_recT=1.326200e-06 train_fc=2.706417e-03 train_decoder_tail=0.000000e+00
I 07.01/18:37:33 train_mapper.py:622 ] epoch=0191 train_loss=6.890714e-03 train_mse=5.171686e-03 train_cos=0.995831 train_nmse=-20.938dB train_rec=0.000000e+00 train_recT=1.313739e-06 train_fc=2.691746e-03 train_decoder_tail=0.000000e+00
I 07.01/18:38:41 train_mapper.py:622 ] epoch=0192 train_loss=6.825590e-03 train_mse=5.120599e-03 train_cos=0.995875 train_nmse=-20.980dB train_rec=0.000000e+00 train_recT=1.302958e-06 train_fc=2.665169e-03 train_decoder_tail=0.000000e+00
I 07.01/18:39:43 train_mapper.py:622 ] epoch=0193 train_loss=6.691488e-03 train_mse=5.013308e-03 train_cos=0.995965 train_nmse=-21.072dB train_rec=0.000000e+00 train_recT=1.275380e-06 train_fc=2.611970e-03 train_decoder_tail=0.000000e+00
I 07.01/18:40:45 train_mapper.py:622 ] epoch=0194 train_loss=6.617481e-03 train_mse=4.954730e-03 train_cos=0.996012 train_nmse=-21.123dB train_rec=0.000000e+00 train_recT=1.255186e-06 train_fc=2.581449e-03 train_decoder_tail=0.000000e+00
I 07.01/18:41:47 train_mapper.py:622 ] epoch=0195 train_loss=6.637913e-03 train_mse=4.970638e-03 train_cos=0.995997 train_nmse=-21.110dB train_rec=0.000000e+00 train_recT=1.257483e-06 train_fc=2.587326e-03 train_decoder_tail=0.000000e+00
I 07.01/18:42:49 train_mapper.py:622 ] epoch=0196 train_loss=6.733294e-03 train_mse=5.045914e-03 train_cos=0.995933 train_nmse=-21.045dB train_rec=0.000000e+00 train_recT=1.277681e-06 train_fc=2.624159e-03 train_decoder_tail=0.000000e+00
I 07.01/18:43:51 train_mapper.py:622 ] epoch=0197 train_loss=6.730475e-03 train_mse=5.045189e-03 train_cos=0.995939 train_nmse=-21.045dB train_rec=0.000000e+00 train_recT=1.282162e-06 train_fc=2.629250e-03 train_decoder_tail=0.000000e+00
I 07.01/18:44:52 train_mapper.py:622 ] epoch=0198 train_loss=6.679783e-03 train_mse=5.003251e-03 train_cos=0.995974 train_nmse=-21.081dB train_rec=0.000000e+00 train_recT=1.269242e-06 train_fc=2.609018e-03 train_decoder_tail=0.000000e+00
I 07.01/18:45:53 train_mapper.py:622 ] epoch=0199 train_loss=6.723964e-03 train_mse=5.039050e-03 train_cos=0.995943 train_nmse=-21.050dB train_rec=0.000000e+00 train_recT=1.277830e-06 train_fc=2.629584e-03 train_decoder_tail=0.000000e+00
I 07.01/18:46:52 train_mapper.py:622 ] epoch=0200 train_loss=6.696692e-03 train_mse=5.017577e-03 train_cos=0.995959 train_nmse=-21.069dB train_rec=0.000000e+00 train_recT=1.273386e-06 train_fc=2.620211e-03 train_decoder_tail=0.000000e+00
I 07.01/18:47:52 train_mapper.py:622 ] epoch=0201 train_loss=6.686617e-03 train_mse=5.009388e-03 train_cos=0.995968 train_nmse=-21.076dB train_rec=0.000000e+00 train_recT=1.272097e-06 train_fc=2.612486e-03 train_decoder_tail=0.000000e+00
I 07.01/18:48:53 train_mapper.py:622 ] epoch=0202 train_loss=6.666263e-03 train_mse=4.992490e-03 train_cos=0.995981 train_nmse=-21.090dB train_rec=0.000000e+00 train_recT=1.267789e-06 train_fc=2.601657e-03 train_decoder_tail=0.000000e+00
I 07.01/18:49:54 train_mapper.py:622 ] epoch=0203 train_loss=6.567999e-03 train_mse=4.914682e-03 train_cos=0.996045 train_nmse=-21.159dB train_rec=0.000000e+00 train_recT=1.244979e-06 train_fc=2.562505e-03 train_decoder_tail=0.000000e+00
I 07.01/18:50:56 train_mapper.py:622 ] epoch=0204 train_loss=6.529203e-03 train_mse=4.882522e-03 train_cos=0.996072 train_nmse=-21.187dB train_rec=0.000000e+00 train_recT=1.240794e-06 train_fc=2.550022e-03 train_decoder_tail=0.000000e+00
I 07.01/18:52:00 train_mapper.py:622 ] epoch=0205 train_loss=6.531573e-03 train_mse=4.883984e-03 train_cos=0.996068 train_nmse=-21.186dB train_rec=0.000000e+00 train_recT=1.237279e-06 train_fc=2.546624e-03 train_decoder_tail=0.000000e+00
I 07.01/18:53:02 train_mapper.py:622 ] epoch=0206 train_loss=6.570826e-03 train_mse=4.915170e-03 train_cos=0.996040 train_nmse=-21.158dB train_rec=0.000000e+00 train_recT=1.242107e-06 train_fc=2.562276e-03 train_decoder_tail=0.000000e+00
I 07.01/18:54:04 train_mapper.py:622 ] epoch=0207 train_loss=6.540213e-03 train_mse=4.891750e-03 train_cos=0.996063 train_nmse=-21.179dB train_rec=0.000000e+00 train_recT=1.240072e-06 train_fc=2.553649e-03 train_decoder_tail=0.000000e+00
I 07.01/18:55:06 train_mapper.py:622 ] epoch=0208 train_loss=6.582498e-03 train_mse=4.923634e-03 train_cos=0.996032 train_nmse=-21.151dB train_rec=0.000000e+00 train_recT=1.248674e-06 train_fc=2.565405e-03 train_decoder_tail=0.000000e+00
I 07.01/18:56:07 train_mapper.py:622 ] epoch=0209 train_loss=6.578087e-03 train_mse=4.922614e-03 train_cos=0.996034 train_nmse=-21.152dB train_rec=0.000000e+00 train_recT=1.248243e-06 train_fc=2.563093e-03 train_decoder_tail=0.000000e+00
I 07.01/18:57:06 train_mapper.py:622 ] epoch=0210 train_loss=6.513176e-03 train_mse=4.870652e-03 train_cos=0.996079 train_nmse=-21.198dB train_rec=0.000000e+00 train_recT=1.234265e-06 train_fc=2.541477e-03 train_decoder_tail=0.000000e+00
I 07.01/18:58:09 train_mapper.py:622 ] epoch=0211 train_loss=6.415509e-03 train_mse=4.792452e-03 train_cos=0.996144 train_nmse=-21.268dB train_rec=0.000000e+00 train_recT=1.213611e-06 train_fc=2.499983e-03 train_decoder_tail=0.000000e+00
I 07.01/18:59:14 train_mapper.py:622 ] epoch=0212 train_loss=6.410035e-03 train_mse=4.786953e-03 train_cos=0.996141 train_nmse=-21.274dB train_rec=0.000000e+00 train_recT=1.205362e-06 train_fc=2.494545e-03 train_decoder_tail=0.000000e+00
I 07.01/19:00:14 train_mapper.py:622 ] epoch=0213 train_loss=6.354487e-03 train_mse=4.744281e-03 train_cos=0.996178 train_nmse=-21.312dB train_rec=0.000000e+00 train_recT=1.194889e-06 train_fc=2.472868e-03 train_decoder_tail=0.000000e+00
I 07.01/19:01:17 train_mapper.py:622 ] epoch=0214 train_loss=6.424398e-03 train_mse=4.799500e-03 train_cos=0.996126 train_nmse=-21.262dB train_rec=0.000000e+00 train_recT=1.204482e-06 train_fc=2.496862e-03 train_decoder_tail=0.000000e+00
I 07.01/19:02:17 train_mapper.py:622 ] epoch=0215 train_loss=6.419270e-03 train_mse=4.796515e-03 train_cos=0.996135 train_nmse=-21.264dB train_rec=0.000000e+00 train_recT=1.213869e-06 train_fc=2.495981e-03 train_decoder_tail=0.000000e+00
I 07.01/19:03:17 train_mapper.py:622 ] epoch=0216 train_loss=6.345059e-03 train_mse=4.736749e-03 train_cos=0.996185 train_nmse=-21.319dB train_rec=0.000000e+00 train_recT=1.194463e-06 train_fc=2.465528e-03 train_decoder_tail=0.000000e+00
I 07.01/19:04:21 train_mapper.py:622 ] epoch=0217 train_loss=6.376477e-03 train_mse=4.762001e-03 train_cos=0.996162 train_nmse=-21.296dB train_rec=0.000000e+00 train_recT=1.202862e-06 train_fc=2.481262e-03 train_decoder_tail=0.000000e+00
I 07.01/19:05:20 train_mapper.py:622 ] epoch=0218 train_loss=6.279234e-03 train_mse=4.684656e-03 train_cos=0.996231 train_nmse=-21.367dB train_rec=0.000000e+00 train_recT=1.183800e-06 train_fc=2.442840e-03 train_decoder_tail=0.000000e+00
I 07.01/19:06:22 train_mapper.py:622 ] epoch=0219 train_loss=6.361236e-03 train_mse=4.749153e-03 train_cos=0.996175 train_nmse=-21.308dB train_rec=0.000000e+00 train_recT=1.200131e-06 train_fc=2.479360e-03 train_decoder_tail=0.000000e+00
I 07.01/19:07:21 train_mapper.py:622 ] epoch=0220 train_loss=6.344981e-03 train_mse=4.737431e-03 train_cos=0.996188 train_nmse=-21.318dB train_rec=0.000000e+00 train_recT=1.198447e-06 train_fc=2.474270e-03 train_decoder_tail=0.000000e+00
I 07.01/19:08:23 train_mapper.py:622 ] epoch=0221 train_loss=6.330565e-03 train_mse=4.724172e-03 train_cos=0.996198 train_nmse=-21.330dB train_rec=0.000000e+00 train_recT=1.190769e-06 train_fc=2.465457e-03 train_decoder_tail=0.000000e+00
I 07.01/19:09:25 train_mapper.py:622 ] epoch=0222 train_loss=6.347912e-03 train_mse=4.738892e-03 train_cos=0.996183 train_nmse=-21.317dB train_rec=0.000000e+00 train_recT=1.194863e-06 train_fc=2.472129e-03 train_decoder_tail=0.000000e+00
I 07.01/19:10:27 train_mapper.py:622 ] epoch=0223 train_loss=6.352156e-03 train_mse=4.744775e-03 train_cos=0.996176 train_nmse=-21.312dB train_rec=0.000000e+00 train_recT=1.196695e-06 train_fc=2.475054e-03 train_decoder_tail=0.000000e+00
I 07.01/19:11:28 train_mapper.py:622 ] epoch=0224 train_loss=6.248906e-03 train_mse=4.660275e-03 train_cos=0.996249 train_nmse=-21.389dB train_rec=0.000000e+00 train_recT=1.172396e-06 train_fc=2.431384e-03 train_decoder_tail=0.000000e+00
I 07.01/19:12:31 train_mapper.py:622 ] epoch=0225 train_loss=6.209519e-03 train_mse=4.629563e-03 train_cos=0.996271 train_nmse=-21.418dB train_rec=0.000000e+00 train_recT=1.164817e-06 train_fc=2.416001e-03 train_decoder_tail=0.000000e+00
I 07.01/19:13:33 train_mapper.py:622 ] epoch=0226 train_loss=6.175666e-03 train_mse=4.601493e-03 train_cos=0.996294 train_nmse=-21.445dB train_rec=0.000000e+00 train_recT=1.158360e-06 train_fc=2.399801e-03 train_decoder_tail=0.000000e+00
I 07.01/19:14:38 train_mapper.py:622 ] epoch=0227 train_loss=6.269220e-03 train_mse=4.677674e-03 train_cos=0.996228 train_nmse=-21.373dB train_rec=0.000000e+00 train_recT=1.178156e-06 train_fc=2.442965e-03 train_decoder_tail=0.000000e+00
I 07.01/19:15:39 train_mapper.py:622 ] epoch=0228 train_loss=6.196425e-03 train_mse=4.619129e-03 train_cos=0.996283 train_nmse=-21.428dB train_rec=0.000000e+00 train_recT=1.166247e-06 train_fc=2.412578e-03 train_decoder_tail=0.000000e+00
I 07.01/19:16:39 train_mapper.py:622 ] epoch=0229 train_loss=6.238489e-03 train_mse=4.651357e-03 train_cos=0.996253 train_nmse=-21.398dB train_rec=0.000000e+00 train_recT=1.172548e-06 train_fc=2.422534e-03 train_decoder_tail=0.000000e+00
I 07.01/19:17:39 train_mapper.py:622 ] epoch=0230 train_loss=6.116466e-03 train_mse=4.556077e-03 train_cos=0.996332 train_nmse=-21.487dB train_rec=0.000000e+00 train_recT=1.145142e-06 train_fc=2.380944e-03 train_decoder_tail=0.000000e+00
I 07.01/19:18:39 train_mapper.py:622 ] epoch=0231 train_loss=6.098222e-03 train_mse=4.541078e-03 train_cos=0.996342 train_nmse=-21.502dB train_rec=0.000000e+00 train_recT=1.143464e-06 train_fc=2.370062e-03 train_decoder_tail=0.000000e+00
I 07.01/19:19:43 train_mapper.py:622 ] epoch=0232 train_loss=6.089478e-03 train_mse=4.534423e-03 train_cos=0.996347 train_nmse=-21.508dB train_rec=0.000000e+00 train_recT=1.139399e-06 train_fc=2.367152e-03 train_decoder_tail=0.000000e+00
I 07.01/19:20:45 train_mapper.py:622 ] epoch=0233 train_loss=6.095254e-03 train_mse=4.538628e-03 train_cos=0.996343 train_nmse=-21.504dB train_rec=0.000000e+00 train_recT=1.140921e-06 train_fc=2.366922e-03 train_decoder_tail=0.000000e+00
I 07.01/19:21:42 train_mapper.py:622 ] epoch=0234 train_loss=6.108174e-03 train_mse=4.548677e-03 train_cos=0.996334 train_nmse=-21.495dB train_rec=0.000000e+00 train_recT=1.140551e-06 train_fc=2.374027e-03 train_decoder_tail=0.000000e+00
I 07.01/19:22:44 train_mapper.py:622 ] epoch=0235 train_loss=6.103575e-03 train_mse=4.546308e-03 train_cos=0.996339 train_nmse=-21.497dB train_rec=0.000000e+00 train_recT=1.140530e-06 train_fc=2.372594e-03 train_decoder_tail=0.000000e+00
I 07.01/19:23:43 train_mapper.py:622 ] epoch=0236 train_loss=6.092008e-03 train_mse=4.536606e-03 train_cos=0.996346 train_nmse=-21.506dB train_rec=0.000000e+00 train_recT=1.139117e-06 train_fc=2.369380e-03 train_decoder_tail=0.000000e+00
I 07.01/19:24:44 train_mapper.py:622 ] epoch=0237 train_loss=6.111373e-03 train_mse=4.552002e-03 train_cos=0.996331 train_nmse=-21.492dB train_rec=0.000000e+00 train_recT=1.141986e-06 train_fc=2.378030e-03 train_decoder_tail=0.000000e+00
I 07.01/19:25:45 train_mapper.py:622 ] epoch=0238 train_loss=6.070581e-03 train_mse=4.520792e-03 train_cos=0.996359 train_nmse=-21.521dB train_rec=0.000000e+00 train_recT=1.134198e-06 train_fc=2.361403e-03 train_decoder_tail=0.000000e+00
I 07.01/19:26:48 train_mapper.py:622 ] epoch=0239 train_loss=6.007376e-03 train_mse=4.470234e-03 train_cos=0.996401 train_nmse=-21.570dB train_rec=0.000000e+00 train_recT=1.120137e-06 train_fc=2.337164e-03 train_decoder_tail=0.000000e+00
I 07.01/19:27:53 train_mapper.py:622 ] epoch=0240 train_loss=6.043112e-03 train_mse=4.498329e-03 train_cos=0.996376 train_nmse=-21.543dB train_rec=0.000000e+00 train_recT=1.129997e-06 train_fc=2.350171e-03 train_decoder_tail=0.000000e+00
I 07.01/19:28:55 train_mapper.py:622 ] epoch=0241 train_loss=5.981984e-03 train_mse=4.449960e-03 train_cos=0.996416 train_nmse=-21.590dB train_rec=0.000000e+00 train_recT=1.117416e-06 train_fc=2.322738e-03 train_decoder_tail=0.000000e+00
I 07.01/19:29:57 train_mapper.py:622 ] epoch=0242 train_loss=6.001298e-03 train_mse=4.465443e-03 train_cos=0.996401 train_nmse=-21.575dB train_rec=0.000000e+00 train_recT=1.118240e-06 train_fc=2.332241e-03 train_decoder_tail=0.000000e+00
I 07.01/19:30:57 train_mapper.py:622 ] epoch=0243 train_loss=5.975227e-03 train_mse=4.445745e-03 train_cos=0.996419 train_nmse=-21.594dB train_rec=0.000000e+00 train_recT=1.118033e-06 train_fc=2.321825e-03 train_decoder_tail=0.000000e+00
I 07.01/19:32:02 train_mapper.py:622 ] epoch=0244 train_loss=5.953458e-03 train_mse=4.426188e-03 train_cos=0.996437 train_nmse=-21.613dB train_rec=0.000000e+00 train_recT=1.111704e-06 train_fc=2.310851e-03 train_decoder_tail=0.000000e+00
I 07.01/19:33:06 train_mapper.py:622 ] epoch=0245 train_loss=6.002215e-03 train_mse=4.465974e-03 train_cos=0.996401 train_nmse=-21.575dB train_rec=0.000000e+00 train_recT=1.123388e-06 train_fc=2.333872e-03 train_decoder_tail=0.000000e+00
I 07.01/19:34:09 train_mapper.py:622 ] epoch=0246 train_loss=5.961507e-03 train_mse=4.435340e-03 train_cos=0.996427 train_nmse=-21.604dB train_rec=0.000000e+00 train_recT=1.112112e-06 train_fc=2.319573e-03 train_decoder_tail=0.000000e+00
I 07.01/19:35:13 train_mapper.py:622 ] epoch=0247 train_loss=5.978925e-03 train_mse=4.447554e-03 train_cos=0.996414 train_nmse=-21.593dB train_rec=0.000000e+00 train_recT=1.111892e-06 train_fc=2.325153e-03 train_decoder_tail=0.000000e+00
I 07.01/19:36:12 train_mapper.py:622 ] epoch=0248 train_loss=5.907847e-03 train_mse=4.391732e-03 train_cos=0.996462 train_nmse=-21.647dB train_rec=0.000000e+00 train_recT=1.097585e-06 train_fc=2.295979e-03 train_decoder_tail=0.000000e+00
I 07.01/19:37:13 train_mapper.py:622 ] epoch=0249 train_loss=5.880951e-03 train_mse=4.370022e-03 train_cos=0.996480 train_nmse=-21.669dB train_rec=0.000000e+00 train_recT=1.093013e-06 train_fc=2.282876e-03 train_decoder_tail=0.000000e+00
I 07.01/19:38:16 train_mapper.py:622 ] epoch=0250 train_loss=5.886662e-03 train_mse=4.375441e-03 train_cos=0.996475 train_nmse=-21.663dB train_rec=0.000000e+00 train_recT=1.092560e-06 train_fc=2.286635e-03 train_decoder_tail=0.000000e+00
I 07.01/19:39:17 train_mapper.py:622 ] epoch=0251 train_loss=5.880258e-03 train_mse=4.370277e-03 train_cos=0.996479 train_nmse=-21.669dB train_rec=0.000000e+00 train_recT=1.097550e-06 train_fc=2.283625e-03 train_decoder_tail=0.000000e+00
I 07.01/19:40:20 train_mapper.py:622 ] epoch=0252 train_loss=5.882179e-03 train_mse=4.370609e-03 train_cos=0.996479 train_nmse=-21.668dB train_rec=0.000000e+00 train_recT=1.094905e-06 train_fc=2.282257e-03 train_decoder_tail=0.000000e+00
I 07.01/19:41:22 train_mapper.py:622 ] epoch=0253 train_loss=5.869529e-03 train_mse=4.362674e-03 train_cos=0.996481 train_nmse=-21.676dB train_rec=0.000000e+00 train_recT=1.088899e-06 train_fc=2.277775e-03 train_decoder_tail=0.000000e+00
I 07.01/19:42:24 train_mapper.py:622 ] epoch=0254 train_loss=5.829274e-03 train_mse=4.330806e-03 train_cos=0.996512 train_nmse=-21.708dB train_rec=0.000000e+00 train_recT=1.084277e-06 train_fc=2.262111e-03 train_decoder_tail=0.000000e+00
I 07.01/19:43:27 train_mapper.py:622 ] epoch=0255 train_loss=5.770084e-03 train_mse=4.282401e-03 train_cos=0.996554 train_nmse=-21.757dB train_rec=0.000000e+00 train_recT=1.072151e-06 train_fc=2.240766e-03 train_decoder_tail=0.000000e+00
I 07.01/19:44:31 train_mapper.py:622 ] epoch=0256 train_loss=5.829594e-03 train_mse=4.329215e-03 train_cos=0.996511 train_nmse=-21.710dB train_rec=0.000000e+00 train_recT=1.081693e-06 train_fc=2.264845e-03 train_decoder_tail=0.000000e+00
I 07.01/19:45:32 train_mapper.py:622 ] epoch=0257 train_loss=5.841994e-03 train_mse=4.341281e-03 train_cos=0.996502 train_nmse=-21.698dB train_rec=0.000000e+00 train_recT=1.084872e-06 train_fc=2.269617e-03 train_decoder_tail=0.000000e+00
I 07.01/19:46:35 train_mapper.py:622 ] epoch=0258 train_loss=5.811195e-03 train_mse=4.315413e-03 train_cos=0.996525 train_nmse=-21.724dB train_rec=0.000000e+00 train_recT=1.078532e-06 train_fc=2.255073e-03 train_decoder_tail=0.000000e+00
I 07.01/19:47:35 train_mapper.py:622 ] epoch=0259 train_loss=5.754212e-03 train_mse=4.272395e-03 train_cos=0.996563 train_nmse=-21.767dB train_rec=0.000000e+00 train_recT=1.069206e-06 train_fc=2.236425e-03 train_decoder_tail=0.000000e+00
I 07.01/19:48:36 train_mapper.py:622 ] epoch=0260 train_loss=5.770723e-03 train_mse=4.284272e-03 train_cos=0.996549 train_nmse=-21.755dB train_rec=0.000000e+00 train_recT=1.073097e-06 train_fc=2.240714e-03 train_decoder_tail=0.000000e+00
I 07.01/19:49:38 train_mapper.py:622 ] epoch=0261 train_loss=5.779239e-03 train_mse=4.291813e-03 train_cos=0.996541 train_nmse=-21.748dB train_rec=0.000000e+00 train_recT=1.070459e-06 train_fc=2.245699e-03 train_decoder_tail=0.000000e+00
I 07.01/19:50:41 train_mapper.py:622 ] epoch=0262 train_loss=5.722790e-03 train_mse=4.248280e-03 train_cos=0.996580 train_nmse=-21.791dB train_rec=0.000000e+00 train_recT=1.062422e-06 train_fc=2.222824e-03 train_decoder_tail=0.000000e+00
I 07.01/19:51:42 train_mapper.py:622 ] epoch=0263 train_loss=5.749630e-03 train_mse=4.268996e-03 train_cos=0.996558 train_nmse=-21.771dB train_rec=0.000000e+00 train_recT=1.065909e-06 train_fc=2.232560e-03 train_decoder_tail=0.000000e+00
I 07.01/19:52:45 train_mapper.py:622 ] epoch=0264 train_loss=5.726963e-03 train_mse=4.250767e-03 train_cos=0.996575 train_nmse=-21.789dB train_rec=0.000000e+00 train_recT=1.058915e-06 train_fc=2.224283e-03 train_decoder_tail=0.000000e+00
I 07.01/19:53:44 train_mapper.py:622 ] epoch=0265 train_loss=5.760230e-03 train_mse=4.277719e-03 train_cos=0.996553 train_nmse=-21.761dB train_rec=0.000000e+00 train_recT=1.068843e-06 train_fc=2.237324e-03 train_decoder_tail=0.000000e+00
I 07.01/19:54:47 train_mapper.py:622 ] epoch=0266 train_loss=5.662097e-03 train_mse=4.199645e-03 train_cos=0.996621 train_nmse=-21.841dB train_rec=0.000000e+00 train_recT=1.049408e-06 train_fc=2.195949e-03 train_decoder_tail=0.000000e+00
I 07.01/19:55:47 train_mapper.py:622 ] epoch=0267 train_loss=5.660228e-03 train_mse=4.198257e-03 train_cos=0.996619 train_nmse=-21.843dB train_rec=0.000000e+00 train_recT=1.049175e-06 train_fc=2.197575e-03 train_decoder_tail=0.000000e+00
I 07.01/19:56:49 train_mapper.py:622 ] epoch=0268 train_loss=5.666334e-03 train_mse=4.202991e-03 train_cos=0.996615 train_nmse=-21.838dB train_rec=0.000000e+00 train_recT=1.051308e-06 train_fc=2.199339e-03 train_decoder_tail=0.000000e+00
I 07.01/19:57:52 train_mapper.py:622 ] epoch=0269 train_loss=5.612616e-03 train_mse=4.161214e-03 train_cos=0.996647 train_nmse=-21.882dB train_rec=0.000000e+00 train_recT=1.034764e-06 train_fc=2.179289e-03 train_decoder_tail=0.000000e+00
I 07.01/19:58:57 train_mapper.py:622 ] epoch=0270 train_loss=5.696040e-03 train_mse=4.229229e-03 train_cos=0.996590 train_nmse=-21.811dB train_rec=0.000000e+00 train_recT=1.055041e-06 train_fc=2.215371e-03 train_decoder_tail=0.000000e+00
I 07.01/19:59:57 train_mapper.py:622 ] epoch=0271 train_loss=5.701465e-03 train_mse=4.232758e-03 train_cos=0.996589 train_nmse=-21.807dB train_rec=0.000000e+00 train_recT=1.058123e-06 train_fc=2.216341e-03 train_decoder_tail=0.000000e+00
I 07.01/20:00:59 train_mapper.py:622 ] epoch=0272 train_loss=5.590003e-03 train_mse=4.144727e-03 train_cos=0.996663 train_nmse=-21.898dB train_rec=0.000000e+00 train_recT=1.031485e-06 train_fc=2.169412e-03 train_decoder_tail=0.000000e+00
I 07.01/20:02:00 train_mapper.py:622 ] epoch=0273 train_loss=5.595864e-03 train_mse=4.147545e-03 train_cos=0.996659 train_nmse=-21.896dB train_rec=0.000000e+00 train_recT=1.030864e-06 train_fc=2.168024e-03 train_decoder_tail=0.000000e+00
I 07.01/20:03:05 train_mapper.py:622 ] epoch=0274 train_loss=5.627406e-03 train_mse=4.172663e-03 train_cos=0.996637 train_nmse=-21.870dB train_rec=0.000000e+00 train_recT=1.038908e-06 train_fc=2.182274e-03 train_decoder_tail=0.000000e+00
I 07.01/20:04:05 train_mapper.py:622 ] epoch=0275 train_loss=5.569808e-03 train_mse=4.129971e-03 train_cos=0.996676 train_nmse=-21.914dB train_rec=0.000000e+00 train_recT=1.029914e-06 train_fc=2.162462e-03 train_decoder_tail=0.000000e+00
I 07.01/20:05:06 train_mapper.py:622 ] epoch=0276 train_loss=5.586212e-03 train_mse=4.141894e-03 train_cos=0.996662 train_nmse=-21.902dB train_rec=0.000000e+00 train_recT=1.030526e-06 train_fc=2.168741e-03 train_decoder_tail=0.000000e+00
I 07.01/20:06:06 train_mapper.py:622 ] epoch=0277 train_loss=5.585265e-03 train_mse=4.141744e-03 train_cos=0.996663 train_nmse=-21.902dB train_rec=0.000000e+00 train_recT=1.028574e-06 train_fc=2.167944e-03 train_decoder_tail=0.000000e+00
I 07.01/20:07:08 train_mapper.py:622 ] epoch=0278 train_loss=5.615855e-03 train_mse=4.166321e-03 train_cos=0.996642 train_nmse=-21.876dB train_rec=0.000000e+00 train_recT=1.035263e-06 train_fc=2.180842e-03 train_decoder_tail=0.000000e+00
I 07.01/20:08:10 train_mapper.py:622 ] epoch=0279 train_loss=5.512226e-03 train_mse=4.083264e-03 train_cos=0.996715 train_nmse=-21.964dB train_rec=0.000000e+00 train_recT=1.018185e-06 train_fc=2.137220e-03 train_decoder_tail=0.000000e+00
I 07.01/20:09:13 train_mapper.py:622 ] epoch=0280 train_loss=5.520589e-03 train_mse=4.092147e-03 train_cos=0.996704 train_nmse=-21.954dB train_rec=0.000000e+00 train_recT=1.020157e-06 train_fc=2.145011e-03 train_decoder_tail=0.000000e+00
I 07.01/20:10:17 train_mapper.py:622 ] epoch=0281 train_loss=5.535955e-03 train_mse=4.103677e-03 train_cos=0.996692 train_nmse=-21.942dB train_rec=0.000000e+00 train_recT=1.020475e-06 train_fc=2.148140e-03 train_decoder_tail=0.000000e+00
I 07.01/20:11:16 train_mapper.py:622 ] epoch=0282 train_loss=5.557230e-03 train_mse=4.122381e-03 train_cos=0.996678 train_nmse=-21.922dB train_rec=0.000000e+00 train_recT=1.029015e-06 train_fc=2.159616e-03 train_decoder_tail=0.000000e+00
I 07.01/20:12:19 train_mapper.py:622 ] epoch=0283 train_loss=5.496762e-03 train_mse=4.073776e-03 train_cos=0.996722 train_nmse=-21.974dB train_rec=0.000000e+00 train_recT=1.019251e-06 train_fc=2.135960e-03 train_decoder_tail=0.000000e+00
I 07.01/20:13:22 train_mapper.py:622 ] epoch=0284 train_loss=5.540558e-03 train_mse=4.109482e-03 train_cos=0.996689 train_nmse=-21.936dB train_rec=0.000000e+00 train_recT=1.025886e-06 train_fc=2.151684e-03 train_decoder_tail=0.000000e+00
I 07.01/20:14:25 train_mapper.py:622 ] epoch=0285 train_loss=5.447820e-03 train_mse=4.034747e-03 train_cos=0.996753 train_nmse=-22.015dB train_rec=0.000000e+00 train_recT=1.004016e-06 train_fc=2.114938e-03 train_decoder_tail=0.000000e+00
I 07.01/20:15:27 train_mapper.py:622 ] epoch=0286 train_loss=5.492673e-03 train_mse=4.071178e-03 train_cos=0.996720 train_nmse=-21.976dB train_rec=0.000000e+00 train_recT=1.013241e-06 train_fc=2.134916e-03 train_decoder_tail=0.000000e+00
I 07.01/20:16:30 train_mapper.py:622 ] epoch=0287 train_loss=5.456287e-03 train_mse=4.041687e-03 train_cos=0.996746 train_nmse=-22.008dB train_rec=0.000000e+00 train_recT=1.005145e-06 train_fc=2.122016e-03 train_decoder_tail=0.000000e+00
I 07.01/20:17:31 train_mapper.py:622 ] epoch=0288 train_loss=5.490678e-03 train_mse=4.070680e-03 train_cos=0.996722 train_nmse=-21.977dB train_rec=0.000000e+00 train_recT=1.012429e-06 train_fc=2.135139e-03 train_decoder_tail=0.000000e+00
I 07.01/20:18:32 train_mapper.py:622 ] epoch=0289 train_loss=5.495333e-03 train_mse=4.074228e-03 train_cos=0.996719 train_nmse=-21.973dB train_rec=0.000000e+00 train_recT=1.017445e-06 train_fc=2.136716e-03 train_decoder_tail=0.000000e+00
I 07.01/20:19:33 train_mapper.py:622 ] epoch=0290 train_loss=5.444404e-03 train_mse=4.033998e-03 train_cos=0.996752 train_nmse=-22.016dB train_rec=0.000000e+00 train_recT=1.005643e-06 train_fc=2.115899e-03 train_decoder_tail=0.000000e+00
I 07.01/20:20:37 train_mapper.py:622 ] epoch=0291 train_loss=5.407012e-03 train_mse=4.005581e-03 train_cos=0.996774 train_nmse=-22.047dB train_rec=0.000000e+00 train_recT=9.962615e-07 train_fc=2.104232e-03 train_decoder_tail=0.000000e+00
I 07.01/20:21:40 train_mapper.py:622 ] epoch=0292 train_loss=5.372056e-03 train_mse=3.977818e-03 train_cos=0.996797 train_nmse=-22.077dB train_rec=0.000000e+00 train_recT=9.878692e-07 train_fc=2.086788e-03 train_decoder_tail=0.000000e+00
I 07.01/20:22:45 train_mapper.py:622 ] epoch=0293 train_loss=5.381747e-03 train_mse=3.984820e-03 train_cos=0.996792 train_nmse=-22.070dB train_rec=0.000000e+00 train_recT=9.893188e-07 train_fc=2.090867e-03 train_decoder_tail=0.000000e+00
I 07.01/20:23:48 train_mapper.py:622 ] epoch=0294 train_loss=5.423320e-03 train_mse=4.018166e-03 train_cos=0.996761 train_nmse=-22.033dB train_rec=0.000000e+00 train_recT=9.975640e-07 train_fc=2.105635e-03 train_decoder_tail=0.000000e+00
I 07.01/20:24:51 train_mapper.py:622 ] epoch=0295 train_loss=5.373675e-03 train_mse=3.982052e-03 train_cos=0.996795 train_nmse=-22.072dB train_rec=0.000000e+00 train_recT=9.910615e-07 train_fc=2.091106e-03 train_decoder_tail=0.000000e+00
I 07.01/20:25:53 train_mapper.py:622 ] epoch=0296 train_loss=5.339180e-03 train_mse=3.951425e-03 train_cos=0.996817 train_nmse=-22.106dB train_rec=0.000000e+00 train_recT=9.809272e-07 train_fc=2.073654e-03 train_decoder_tail=0.000000e+00
I 07.01/20:26:56 train_mapper.py:622 ] epoch=0297 train_loss=5.361908e-03 train_mse=3.971934e-03 train_cos=0.996799 train_nmse=-22.084dB train_rec=0.000000e+00 train_recT=9.836769e-07 train_fc=2.084428e-03 train_decoder_tail=0.000000e+00
I 07.01/20:28:01 train_mapper.py:622 ] epoch=0298 train_loss=5.392198e-03 train_mse=3.996953e-03 train_cos=0.996776 train_nmse=-22.057dB train_rec=0.000000e+00 train_recT=9.923997e-07 train_fc=2.098575e-03 train_decoder_tail=0.000000e+00
I 07.01/20:29:07 train_mapper.py:622 ] epoch=0299 train_loss=5.376106e-03 train_mse=3.984485e-03 train_cos=0.996788 train_nmse=-22.070dB train_rec=0.000000e+00 train_recT=9.872306e-07 train_fc=2.089820e-03 train_decoder_tail=0.000000e+00
I 07.01/20:30:07 train_mapper.py:622 ] epoch=0300 train_loss=5.345417e-03 train_mse=3.959756e-03 train_cos=0.996812 train_nmse=-22.097dB train_rec=0.000000e+00 train_recT=9.839324e-07 train_fc=2.076513e-03 train_decoder_tail=0.000000e+00
I 07.01/20:31:08 train_mapper.py:622 ] epoch=0301 train_loss=5.300928e-03 train_mse=3.924445e-03 train_cos=0.996839 train_nmse=-22.136dB train_rec=0.000000e+00 train_recT=9.711262e-07 train_fc=2.059933e-03 train_decoder_tail=0.000000e+00
I 07.01/20:32:11 train_mapper.py:622 ] epoch=0302 train_loss=5.298216e-03 train_mse=3.923005e-03 train_cos=0.996840 train_nmse=-22.137dB train_rec=0.000000e+00 train_recT=9.683267e-07 train_fc=2.059865e-03 train_decoder_tail=0.000000e+00
I 07.01/20:33:14 train_mapper.py:622 ] epoch=0303 train_loss=5.337494e-03 train_mse=3.954241e-03 train_cos=0.996811 train_nmse=-22.103dB train_rec=0.000000e+00 train_recT=9.788875e-07 train_fc=2.074811e-03 train_decoder_tail=0.000000e+00
I 07.01/20:34:14 train_mapper.py:622 ] epoch=0304 train_loss=5.227262e-03 train_mse=3.868121e-03 train_cos=0.996891 train_nmse=-22.199dB train_rec=0.000000e+00 train_recT=9.626051e-07 train_fc=2.031846e-03 train_decoder_tail=0.000000e+00
I 07.01/20:35:18 train_mapper.py:622 ] epoch=0305 train_loss=5.315405e-03 train_mse=3.936773e-03 train_cos=0.996827 train_nmse=-22.123dB train_rec=0.000000e+00 train_recT=9.770815e-07 train_fc=2.066111e-03 train_decoder_tail=0.000000e+00
I 07.01/20:36:21 train_mapper.py:622 ] epoch=0306 train_loss=5.280949e-03 train_mse=3.911862e-03 train_cos=0.996852 train_nmse=-22.150dB train_rec=0.000000e+00 train_recT=9.726606e-07 train_fc=2.056164e-03 train_decoder_tail=0.000000e+00
I 07.01/20:37:20 train_mapper.py:622 ] epoch=0307 train_loss=5.256828e-03 train_mse=3.893041e-03 train_cos=0.996865 train_nmse=-22.171dB train_rec=0.000000e+00 train_recT=9.638288e-07 train_fc=2.045449e-03 train_decoder_tail=0.000000e+00
I 07.01/20:38:22 train_mapper.py:622 ] epoch=0308 train_loss=5.310594e-03 train_mse=3.935710e-03 train_cos=0.996828 train_nmse=-22.123dB train_rec=0.000000e+00 train_recT=9.752257e-07 train_fc=2.067974e-03 train_decoder_tail=0.000000e+00
I 07.01/20:39:23 train_mapper.py:622 ] epoch=0309 train_loss=5.254569e-03 train_mse=3.892259e-03 train_cos=0.996867 train_nmse=-22.172dB train_rec=0.000000e+00 train_recT=9.683493e-07 train_fc=2.048255e-03 train_decoder_tail=0.000000e+00
I 07.01/20:40:26 train_mapper.py:622 ] epoch=0310 train_loss=5.222816e-03 train_mse=3.867728e-03 train_cos=0.996887 train_nmse=-22.199dB train_rec=0.000000e+00 train_recT=9.598476e-07 train_fc=2.036558e-03 train_decoder_tail=0.000000e+00
I 07.01/20:41:31 train_mapper.py:622 ] epoch=0311 train_loss=5.259284e-03 train_mse=3.897112e-03 train_cos=0.996862 train_nmse=-22.166dB train_rec=0.000000e+00 train_recT=9.692780e-07 train_fc=2.052286e-03 train_decoder_tail=0.000000e+00
I 07.01/20:42:33 train_mapper.py:622 ] epoch=0312 train_loss=5.227610e-03 train_mse=3.870435e-03 train_cos=0.996885 train_nmse=-22.196dB train_rec=0.000000e+00 train_recT=9.593165e-07 train_fc=2.035578e-03 train_decoder_tail=0.000000e+00
I 07.01/20:43:35 train_mapper.py:622 ] epoch=0313 train_loss=5.208547e-03 train_mse=3.856223e-03 train_cos=0.996895 train_nmse=-22.212dB train_rec=0.000000e+00 train_recT=9.596395e-07 train_fc=2.027514e-03 train_decoder_tail=0.000000e+00
I 07.01/20:44:38 train_mapper.py:622 ] epoch=0314 train_loss=5.235129e-03 train_mse=3.878113e-03 train_cos=0.996877 train_nmse=-22.187dB train_rec=0.000000e+00 train_recT=9.623510e-07 train_fc=2.038314e-03 train_decoder_tail=0.000000e+00
I 07.01/20:45:41 train_mapper.py:622 ] epoch=0315 train_loss=5.172188e-03 train_mse=3.828659e-03 train_cos=0.996918 train_nmse=-22.243dB train_rec=0.000000e+00 train_recT=9.482293e-07 train_fc=2.014796e-03 train_decoder_tail=0.000000e+00
I 07.01/20:46:46 train_mapper.py:622 ] epoch=0316 train_loss=5.135858e-03 train_mse=3.799134e-03 train_cos=0.996943 train_nmse=-22.277dB train_rec=0.000000e+00 train_recT=9.417521e-07 train_fc=1.998613e-03 train_decoder_tail=0.000000e+00
I 07.01/20:47:49 train_mapper.py:622 ] epoch=0317 train_loss=5.137700e-03 train_mse=3.801780e-03 train_cos=0.996939 train_nmse=-22.274dB train_rec=0.000000e+00 train_recT=9.432423e-07 train_fc=1.999911e-03 train_decoder_tail=0.000000e+00
I 07.01/20:48:51 train_mapper.py:622 ] epoch=0318 train_loss=5.194769e-03 train_mse=3.848082e-03 train_cos=0.996899 train_nmse=-22.222dB train_rec=0.000000e+00 train_recT=9.547417e-07 train_fc=2.026935e-03 train_decoder_tail=0.000000e+00
I 07.01/20:49:51 train_mapper.py:622 ] epoch=0319 train_loss=5.140260e-03 train_mse=3.806094e-03 train_cos=0.996938 train_nmse=-22.269dB train_rec=0.000000e+00 train_recT=9.428361e-07 train_fc=2.004501e-03 train_decoder_tail=0.000000e+00
I 07.01/20:50:53 train_mapper.py:622 ] epoch=0320 train_loss=5.139054e-03 train_mse=3.805931e-03 train_cos=0.996937 train_nmse=-22.269dB train_rec=0.000000e+00 train_recT=9.421810e-07 train_fc=2.004864e-03 train_decoder_tail=0.000000e+00
I 07.01/20:51:53 train_mapper.py:622 ] epoch=0321 train_loss=5.107764e-03 train_mse=3.779973e-03 train_cos=0.996961 train_nmse=-22.299dB train_rec=0.000000e+00 train_recT=9.382265e-07 train_fc=1.991842e-03 train_decoder_tail=0.000000e+00
I 07.01/20:52:56 train_mapper.py:622 ] epoch=0322 train_loss=5.112256e-03 train_mse=3.784772e-03 train_cos=0.996952 train_nmse=-22.293dB train_rec=0.000000e+00 train_recT=9.365437e-07 train_fc=1.992720e-03 train_decoder_tail=0.000000e+00
I 07.01/20:53:58 train_mapper.py:622 ] epoch=0323 train_loss=5.104810e-03 train_mse=3.779794e-03 train_cos=0.996957 train_nmse=-22.299dB train_rec=0.000000e+00 train_recT=9.358515e-07 train_fc=1.991028e-03 train_decoder_tail=0.000000e+00
I 07.01/20:55:02 train_mapper.py:622 ] epoch=0324 train_loss=5.135345e-03 train_mse=3.805897e-03 train_cos=0.996934 train_nmse=-22.269dB train_rec=0.000000e+00 train_recT=9.433354e-07 train_fc=2.004308e-03 train_decoder_tail=0.000000e+00
I 07.01/20:56:06 train_mapper.py:622 ] epoch=0325 train_loss=5.149860e-03 train_mse=3.815826e-03 train_cos=0.996929 train_nmse=-22.258dB train_rec=0.000000e+00 train_recT=9.466854e-07 train_fc=2.011365e-03 train_decoder_tail=0.000000e+00
I 07.01/20:57:08 train_mapper.py:622 ] epoch=0326 train_loss=5.163162e-03 train_mse=3.827682e-03 train_cos=0.996919 train_nmse=-22.244dB train_rec=0.000000e+00 train_recT=9.511756e-07 train_fc=2.019315e-03 train_decoder_tail=0.000000e+00
I 07.01/20:58:10 train_mapper.py:622 ] epoch=0327 train_loss=5.099086e-03 train_mse=3.778664e-03 train_cos=0.996961 train_nmse=-22.301dB train_rec=0.000000e+00 train_recT=9.362110e-07 train_fc=1.995073e-03 train_decoder_tail=0.000000e+00
I 07.01/20:59:11 train_mapper.py:622 ] epoch=0328 train_loss=5.050239e-03 train_mse=3.737847e-03 train_cos=0.996990 train_nmse=-22.348dB train_rec=0.000000e+00 train_recT=9.221593e-07 train_fc=1.969931e-03 train_decoder_tail=0.000000e+00
I 07.01/21:00:14 train_mapper.py:622 ] epoch=0329 train_loss=5.019719e-03 train_mse=3.714623e-03 train_cos=0.997008 train_nmse=-22.374dB train_rec=0.000000e+00 train_recT=9.157034e-07 train_fc=1.954011e-03 train_decoder_tail=0.000000e+00
I 07.01/21:01:17 train_mapper.py:622 ] epoch=0330 train_loss=4.975680e-03 train_mse=3.680356e-03 train_cos=0.997036 train_nmse=-22.415dB train_rec=0.000000e+00 train_recT=9.053249e-07 train_fc=1.938229e-03 train_decoder_tail=0.000000e+00
I 07.01/21:02:23 train_mapper.py:622 ] epoch=0331 train_loss=5.026975e-03 train_mse=3.721644e-03 train_cos=0.996999 train_nmse=-22.367dB train_rec=0.000000e+00 train_recT=9.163613e-07 train_fc=1.959651e-03 train_decoder_tail=0.000000e+00
I 07.01/21:03:25 train_mapper.py:622 ] epoch=0332 train_loss=4.986103e-03 train_mse=3.690476e-03 train_cos=0.997031 train_nmse=-22.403dB train_rec=0.000000e+00 train_recT=9.115101e-07 train_fc=1.945328e-03 train_decoder_tail=0.000000e+00
I 07.01/21:04:27 train_mapper.py:622 ] epoch=0333 train_loss=4.983450e-03 train_mse=3.689196e-03 train_cos=0.997032 train_nmse=-22.405dB train_rec=0.000000e+00 train_recT=9.112241e-07 train_fc=1.946989e-03 train_decoder_tail=0.000000e+00
I 07.01/21:05:31 train_mapper.py:622 ] epoch=0334 train_loss=5.036385e-03 train_mse=3.732053e-03 train_cos=0.996998 train_nmse=-22.354dB train_rec=0.000000e+00 train_recT=9.258472e-07 train_fc=1.969271e-03 train_decoder_tail=0.000000e+00
I 07.01/21:06:33 train_mapper.py:622 ] epoch=0335 train_loss=5.054392e-03 train_mse=3.745868e-03 train_cos=0.996985 train_nmse=-22.338dB train_rec=0.000000e+00 train_recT=9.266403e-07 train_fc=1.976143e-03 train_decoder_tail=0.000000e+00
I 07.01/21:07:35 train_mapper.py:622 ] epoch=0336 train_loss=5.088814e-03 train_mse=3.774686e-03 train_cos=0.996961 train_nmse=-22.305dB train_rec=0.000000e+00 train_recT=9.353454e-07 train_fc=1.990589e-03 train_decoder_tail=0.000000e+00
I 07.01/21:08:39 train_mapper.py:622 ] epoch=0337 train_loss=4.976798e-03 train_mse=3.685626e-03 train_cos=0.997038 train_nmse=-22.408dB train_rec=0.000000e+00 train_recT=9.119622e-07 train_fc=1.945243e-03 train_decoder_tail=0.000000e+00
I 07.01/21:09:39 train_mapper.py:622 ] epoch=0338 train_loss=4.984771e-03 train_mse=3.691681e-03 train_cos=0.997028 train_nmse=-22.402dB train_rec=0.000000e+00 train_recT=9.095734e-07 train_fc=1.950611e-03 train_decoder_tail=0.000000e+00
I 07.01/21:10:41 train_mapper.py:622 ] epoch=0339 train_loss=4.944556e-03 train_mse=3.661430e-03 train_cos=0.997054 train_nmse=-22.437dB train_rec=0.000000e+00 train_recT=9.037103e-07 train_fc=1.933881e-03 train_decoder_tail=0.000000e+00
I 07.01/21:11:44 train_mapper.py:622 ] epoch=0340 train_loss=4.976866e-03 train_mse=3.687530e-03 train_cos=0.997029 train_nmse=-22.406dB train_rec=0.000000e+00 train_recT=9.088310e-07 train_fc=1.946791e-03 train_decoder_tail=0.000000e+00
I 07.01/21:12:46 train_mapper.py:622 ] epoch=0341 train_loss=4.934108e-03 train_mse=3.654504e-03 train_cos=0.997059 train_nmse=-22.445dB train_rec=0.000000e+00 train_recT=9.038915e-07 train_fc=1.929025e-03 train_decoder_tail=0.000000e+00
I 07.01/21:13:49 train_mapper.py:622 ] epoch=0342 train_loss=4.952072e-03 train_mse=3.667565e-03 train_cos=0.997047 train_nmse=-22.430dB train_rec=0.000000e+00 train_recT=9.065534e-07 train_fc=1.937510e-03 train_decoder_tail=0.000000e+00
I 07.01/21:14:53 train_mapper.py:622 ] epoch=0343 train_loss=4.958175e-03 train_mse=3.674367e-03 train_cos=0.997041 train_nmse=-22.422dB train_rec=0.000000e+00 train_recT=9.093989e-07 train_fc=1.942524e-03 train_decoder_tail=0.000000e+00
I 07.01/21:16:00 train_mapper.py:622 ] epoch=0344 train_loss=4.933094e-03 train_mse=3.654236e-03 train_cos=0.997059 train_nmse=-22.446dB train_rec=0.000000e+00 train_recT=9.072442e-07 train_fc=1.934079e-03 train_decoder_tail=0.000000e+00
I 07.01/21:17:10 train_mapper.py:622 ] epoch=0345 train_loss=4.886104e-03 train_mse=3.618796e-03 train_cos=0.997089 train_nmse=-22.488dB train_rec=0.000000e+00 train_recT=8.941435e-07 train_fc=1.915227e-03 train_decoder_tail=0.000000e+00
I 07.01/21:18:15 train_mapper.py:622 ] epoch=0346 train_loss=4.873747e-03 train_mse=3.608682e-03 train_cos=0.997096 train_nmse=-22.500dB train_rec=0.000000e+00 train_recT=8.914293e-07 train_fc=1.907207e-03 train_decoder_tail=0.000000e+00
I 07.01/21:19:22 train_mapper.py:622 ] epoch=0347 train_loss=4.823185e-03 train_mse=3.567854e-03 train_cos=0.997133 train_nmse=-22.550dB train_rec=0.000000e+00 train_recT=8.806980e-07 train_fc=1.886169e-03 train_decoder_tail=0.000000e+00
I 07.01/21:20:27 train_mapper.py:622 ] epoch=0348 train_loss=4.905779e-03 train_mse=3.634786e-03 train_cos=0.997072 train_nmse=-22.469dB train_rec=0.000000e+00 train_recT=8.951491e-07 train_fc=1.920911e-03 train_decoder_tail=0.000000e+00
I 07.01/21:21:29 train_mapper.py:622 ] epoch=0349 train_loss=4.896905e-03 train_mse=3.628793e-03 train_cos=0.997083 train_nmse=-22.476dB train_rec=0.000000e+00 train_recT=8.960191e-07 train_fc=1.918196e-03 train_decoder_tail=0.000000e+00
I 07.01/21:22:31 train_mapper.py:622 ] epoch=0350 train_loss=4.886605e-03 train_mse=3.620952e-03 train_cos=0.997088 train_nmse=-22.486dB train_rec=0.000000e+00 train_recT=8.947646e-07 train_fc=1.914841e-03 train_decoder_tail=0.000000e+00
I 07.01/21:23:33 train_mapper.py:622 ] epoch=0351 train_loss=4.894750e-03 train_mse=3.628073e-03 train_cos=0.997080 train_nmse=-22.477dB train_rec=0.000000e+00 train_recT=8.957964e-07 train_fc=1.919571e-03 train_decoder_tail=0.000000e+00
I 07.01/21:24:35 train_mapper.py:622 ] epoch=0352 train_loss=4.901521e-03 train_mse=3.636445e-03 train_cos=0.997073 train_nmse=-22.467dB train_rec=0.000000e+00 train_recT=8.979409e-07 train_fc=1.924803e-03 train_decoder_tail=0.000000e+00
I 07.01/21:25:38 train_mapper.py:622 ] epoch=0353 train_loss=4.789773e-03 train_mse=3.545606e-03 train_cos=0.997150 train_nmse=-22.577dB train_rec=0.000000e+00 train_recT=8.764628e-07 train_fc=1.878177e-03 train_decoder_tail=0.000000e+00
I 07.01/21:26:43 train_mapper.py:622 ] epoch=0354 train_loss=4.858793e-03 train_mse=3.602314e-03 train_cos=0.997099 train_nmse=-22.508dB train_rec=0.000000e+00 train_recT=8.884068e-07 train_fc=1.906267e-03 train_decoder_tail=0.000000e+00
I 07.01/21:27:47 train_mapper.py:622 ] epoch=0355 train_loss=4.859165e-03 train_mse=3.602622e-03 train_cos=0.997102 train_nmse=-22.508dB train_rec=0.000000e+00 train_recT=8.907953e-07 train_fc=1.907040e-03 train_decoder_tail=0.000000e+00
I 07.01/21:28:47 train_mapper.py:622 ] epoch=0356 train_loss=4.825265e-03 train_mse=3.575755e-03 train_cos=0.997124 train_nmse=-22.540dB train_rec=0.000000e+00 train_recT=8.818867e-07 train_fc=1.893516e-03 train_decoder_tail=0.000000e+00
I 07.01/21:29:53 train_mapper.py:622 ] epoch=0357 train_loss=4.838647e-03 train_mse=3.587949e-03 train_cos=0.997112 train_nmse=-22.525dB train_rec=0.000000e+00 train_recT=8.841162e-07 train_fc=1.899437e-03 train_decoder_tail=0.000000e+00
I 07.01/21:30:56 train_mapper.py:622 ] epoch=0358 train_loss=4.762953e-03 train_mse=3.527916e-03 train_cos=0.997165 train_nmse=-22.599dB train_rec=0.000000e+00 train_recT=8.707935e-07 train_fc=1.868378e-03 train_decoder_tail=0.000000e+00
I 07.01/21:31:59 train_mapper.py:622 ] epoch=0359 train_loss=4.750843e-03 train_mse=3.518560e-03 train_cos=0.997170 train_nmse=-22.610dB train_rec=0.000000e+00 train_recT=8.645473e-07 train_fc=1.863620e-03 train_decoder_tail=0.000000e+00
I 07.01/21:33:03 train_mapper.py:622 ] epoch=0360 train_loss=4.791900e-03 train_mse=3.549876e-03 train_cos=0.997141 train_nmse=-22.572dB train_rec=0.000000e+00 train_recT=8.736580e-07 train_fc=1.879714e-03 train_decoder_tail=0.000000e+00
I 07.01/21:34:08 train_mapper.py:622 ] epoch=0361 train_loss=4.901943e-03 train_mse=3.641312e-03 train_cos=0.997068 train_nmse=-22.461dB train_rec=0.000000e+00 train_recT=9.008004e-07 train_fc=1.928442e-03 train_decoder_tail=0.000000e+00
I 07.01/21:35:10 train_mapper.py:622 ] epoch=0362 train_loss=4.793644e-03 train_mse=3.554708e-03 train_cos=0.997144 train_nmse=-22.566dB train_rec=0.000000e+00 train_recT=8.772408e-07 train_fc=1.884427e-03 train_decoder_tail=0.000000e+00
I 07.01/21:36:15 train_mapper.py:622 ] epoch=0363 train_loss=4.724342e-03 train_mse=3.500318e-03 train_cos=0.997189 train_nmse=-22.633dB train_rec=0.000000e+00 train_recT=8.639313e-07 train_fc=1.856584e-03 train_decoder_tail=0.000000e+00
I 07.01/21:37:23 train_mapper.py:622 ] epoch=0364 train_loss=4.766009e-03 train_mse=3.531858e-03 train_cos=0.997157 train_nmse=-22.594dB train_rec=0.000000e+00 train_recT=8.722545e-07 train_fc=1.869970e-03 train_decoder_tail=0.000000e+00
I 07.01/21:38:25 train_mapper.py:622 ] epoch=0365 train_loss=4.732329e-03 train_mse=3.507724e-03 train_cos=0.997178 train_nmse=-22.623dB train_rec=0.000000e+00 train_recT=8.650755e-07 train_fc=1.858642e-03 train_decoder_tail=0.000000e+00
I 07.01/21:39:27 train_mapper.py:622 ] epoch=0366 train_loss=4.749518e-03 train_mse=3.522111e-03 train_cos=0.997167 train_nmse=-22.606dB train_rec=0.000000e+00 train_recT=8.708448e-07 train_fc=1.868641e-03 train_decoder_tail=0.000000e+00
I 07.01/21:40:29 train_mapper.py:622 ] epoch=0367 train_loss=4.743670e-03 train_mse=3.517354e-03 train_cos=0.997172 train_nmse=-22.612dB train_rec=0.000000e+00 train_recT=8.688052e-07 train_fc=1.864342e-03 train_decoder_tail=0.000000e+00
I 07.01/21:41:33 train_mapper.py:622 ] epoch=0368 train_loss=4.756324e-03 train_mse=3.527767e-03 train_cos=0.997163 train_nmse=-22.599dB train_rec=0.000000e+00 train_recT=8.723913e-07 train_fc=1.870568e-03 train_decoder_tail=0.000000e+00
I 07.01/21:42:47 train_mapper.py:622 ] epoch=0369 train_loss=4.700720e-03 train_mse=3.484296e-03 train_cos=0.997199 train_nmse=-22.652dB train_rec=0.000000e+00 train_recT=8.617183e-07 train_fc=1.849058e-03 train_decoder_tail=0.000000e+00
I 07.01/21:44:16 train_mapper.py:622 ] epoch=0370 train_loss=4.678059e-03 train_mse=3.467234e-03 train_cos=0.997214 train_nmse=-22.674dB train_rec=0.000000e+00 train_recT=8.572220e-07 train_fc=1.839810e-03 train_decoder_tail=0.000000e+00
I 07.01/21:45:25 train_mapper.py:622 ] epoch=0371 train_loss=4.688063e-03 train_mse=3.474290e-03 train_cos=0.997203 train_nmse=-22.665dB train_rec=0.000000e+00 train_recT=8.535472e-07 train_fc=1.843387e-03 train_decoder_tail=0.000000e+00
I 07.01/21:46:34 train_mapper.py:622 ] epoch=0372 train_loss=4.676908e-03 train_mse=3.467303e-03 train_cos=0.997211 train_nmse=-22.674dB train_rec=0.000000e+00 train_recT=8.538031e-07 train_fc=1.840267e-03 train_decoder_tail=0.000000e+00
I 07.01/21:47:44 train_mapper.py:622 ] epoch=0373 train_loss=4.636718e-03 train_mse=3.435494e-03 train_cos=0.997239 train_nmse=-22.714dB train_rec=0.000000e+00 train_recT=8.462630e-07 train_fc=1.822488e-03 train_decoder_tail=0.000000e+00
I 07.01/21:48:49 train_mapper.py:622 ] epoch=0374 train_loss=4.713033e-03 train_mse=3.495253e-03 train_cos=0.997185 train_nmse=-22.639dB train_rec=0.000000e+00 train_recT=8.617128e-07 train_fc=1.853775e-03 train_decoder_tail=0.000000e+00
I 07.01/21:49:51 train_mapper.py:622 ] epoch=0375 train_loss=4.768542e-03 train_mse=3.542825e-03 train_cos=0.997146 train_nmse=-22.580dB train_rec=0.000000e+00 train_recT=8.730131e-07 train_fc=1.879505e-03 train_decoder_tail=0.000000e+00
I 07.01/21:50:57 train_mapper.py:622 ] epoch=0376 train_loss=4.720627e-03 train_mse=3.504391e-03 train_cos=0.997180 train_nmse=-22.628dB train_rec=0.000000e+00 train_recT=8.611123e-07 train_fc=1.859663e-03 train_decoder_tail=0.000000e+00
I 07.01/21:52:13 train_mapper.py:622 ] epoch=0377 train_loss=4.674135e-03 train_mse=3.467988e-03 train_cos=0.997209 train_nmse=-22.673dB train_rec=0.000000e+00 train_recT=8.534628e-07 train_fc=1.840926e-03 train_decoder_tail=0.000000e+00
I 07.01/21:53:27 train_mapper.py:622 ] epoch=0378 train_loss=4.597086e-03 train_mse=3.407190e-03 train_cos=0.997260 train_nmse=-22.750dB train_rec=0.000000e+00 train_recT=8.364775e-07 train_fc=1.809313e-03 train_decoder_tail=0.000000e+00
I 07.01/21:54:44 train_mapper.py:622 ] epoch=0379 train_loss=4.605323e-03 train_mse=3.413242e-03 train_cos=0.997253 train_nmse=-22.742dB train_rec=0.000000e+00 train_recT=8.380187e-07 train_fc=1.811575e-03 train_decoder_tail=0.000000e+00
I 07.01/21:56:08 train_mapper.py:622 ] epoch=0380 train_loss=4.671705e-03 train_mse=3.469239e-03 train_cos=0.997208 train_nmse=-22.671dB train_rec=0.000000e+00 train_recT=8.533731e-07 train_fc=1.840057e-03 train_decoder_tail=0.000000e+00
I 07.01/21:57:30 train_mapper.py:622 ] epoch=0381 train_loss=4.607134e-03 train_mse=3.416120e-03 train_cos=0.997252 train_nmse=-22.738dB train_rec=0.000000e+00 train_recT=8.393415e-07 train_fc=1.815400e-03 train_decoder_tail=0.000000e+00
I 07.01/21:58:58 train_mapper.py:622 ] epoch=0382 train_loss=4.627397e-03 train_mse=3.433267e-03 train_cos=0.997238 train_nmse=-22.717dB train_rec=0.000000e+00 train_recT=8.443518e-07 train_fc=1.825078e-03 train_decoder_tail=0.000000e+00
I 07.01/22:00:29 train_mapper.py:622 ] epoch=0383 train_loss=4.632436e-03 train_mse=3.436971e-03 train_cos=0.997235 train_nmse=-22.712dB train_rec=0.000000e+00 train_recT=8.438710e-07 train_fc=1.826427e-03 train_decoder_tail=0.000000e+00
I 07.01/22:01:59 train_mapper.py:622 ] epoch=0384 train_loss=4.641107e-03 train_mse=3.444699e-03 train_cos=0.997228 train_nmse=-22.703dB train_rec=0.000000e+00 train_recT=8.498849e-07 train_fc=1.828983e-03 train_decoder_tail=0.000000e+00
I 07.01/22:03:28 train_mapper.py:622 ] epoch=0385 train_loss=4.555276e-03 train_mse=3.377455e-03 train_cos=0.997285 train_nmse=-22.788dB train_rec=0.000000e+00 train_recT=8.299786e-07 train_fc=1.795565e-03 train_decoder_tail=0.000000e+00
I 07.01/22:04:57 train_mapper.py:622 ] epoch=0386 train_loss=4.562234e-03 train_mse=3.384791e-03 train_cos=0.997275 train_nmse=-22.778dB train_rec=0.000000e+00 train_recT=8.289473e-07 train_fc=1.801229e-03 train_decoder_tail=0.000000e+00
I 07.01/22:06:27 train_mapper.py:622 ] epoch=0387 train_loss=4.682165e-03 train_mse=3.480935e-03 train_cos=0.997193 train_nmse=-22.657dB train_rec=0.000000e+00 train_recT=8.565223e-07 train_fc=1.848289e-03 train_decoder_tail=0.000000e+00
I 07.01/22:07:54 train_mapper.py:622 ] epoch=0388 train_loss=4.564893e-03 train_mse=3.386364e-03 train_cos=0.997280 train_nmse=-22.776dB train_rec=0.000000e+00 train_recT=8.372112e-07 train_fc=1.801159e-03 train_decoder_tail=0.000000e+00
I 07.01/22:09:18 train_mapper.py:622 ] epoch=0389 train_loss=4.532385e-03 train_mse=3.361328e-03 train_cos=0.997299 train_nmse=-22.808dB train_rec=0.000000e+00 train_recT=8.302812e-07 train_fc=1.787382e-03 train_decoder_tail=0.000000e+00
I 07.01/22:10:44 train_mapper.py:622 ] epoch=0390 train_loss=4.544642e-03 train_mse=3.371586e-03 train_cos=0.997289 train_nmse=-22.795dB train_rec=0.000000e+00 train_recT=8.316614e-07 train_fc=1.794597e-03 train_decoder_tail=0.000000e+00
I 07.01/22:12:11 train_mapper.py:622 ] epoch=0391 train_loss=4.600214e-03 train_mse=3.416120e-03 train_cos=0.997250 train_nmse=-22.739dB train_rec=0.000000e+00 train_recT=8.418063e-07 train_fc=1.815877e-03 train_decoder_tail=0.000000e+00
I 07.01/22:13:35 train_mapper.py:622 ] epoch=0392 train_loss=4.548426e-03 train_mse=3.375846e-03 train_cos=0.997286 train_nmse=-22.790dB train_rec=0.000000e+00 train_recT=8.313231e-07 train_fc=1.794112e-03 train_decoder_tail=0.000000e+00
I 07.01/22:15:02 train_mapper.py:622 ] epoch=0393 train_loss=4.518724e-03 train_mse=3.352250e-03 train_cos=0.997303 train_nmse=-22.820dB train_rec=0.000000e+00 train_recT=8.222011e-07 train_fc=1.782142e-03 train_decoder_tail=0.000000e+00
I 07.01/22:16:21 train_mapper.py:622 ] epoch=0394 train_loss=4.475233e-03 train_mse=3.319248e-03 train_cos=0.997332 train_nmse=-22.863dB train_rec=0.000000e+00 train_recT=8.137100e-07 train_fc=1.765963e-03 train_decoder_tail=0.000000e+00
I 07.01/22:17:41 train_mapper.py:622 ] epoch=0395 train_loss=4.535297e-03 train_mse=3.366538e-03 train_cos=0.997290 train_nmse=-22.802dB train_rec=0.000000e+00 train_recT=8.268970e-07 train_fc=1.789717e-03 train_decoder_tail=0.000000e+00
I 07.01/22:18:51 train_mapper.py:622 ] epoch=0396 train_loss=4.531415e-03 train_mse=3.364726e-03 train_cos=0.997294 train_nmse=-22.804dB train_rec=0.000000e+00 train_recT=8.264565e-07 train_fc=1.790798e-03 train_decoder_tail=0.000000e+00
I 07.01/22:20:03 train_mapper.py:622 ] epoch=0397 train_loss=4.547966e-03 train_mse=3.378539e-03 train_cos=0.997281 train_nmse=-22.787dB train_rec=0.000000e+00 train_recT=8.295591e-07 train_fc=1.795541e-03 train_decoder_tail=0.000000e+00
I 07.01/22:21:15 train_mapper.py:622 ] epoch=0398 train_loss=4.532527e-03 train_mse=3.366788e-03 train_cos=0.997292 train_nmse=-22.802dB train_rec=0.000000e+00 train_recT=8.274011e-07 train_fc=1.791075e-03 train_decoder_tail=0.000000e+00
I 07.01/22:22:26 train_mapper.py:622 ] epoch=0399 train_loss=4.515840e-03 train_mse=3.354526e-03 train_cos=0.997303 train_nmse=-22.817dB train_rec=0.000000e+00 train_recT=8.266680e-07 train_fc=1.783624e-03 train_decoder_tail=0.000000e+00
I 07.01/22:23:35 train_mapper.py:622 ] epoch=0400 train_loss=4.483455e-03 train_mse=3.328602e-03 train_cos=0.997324 train_nmse=-22.851dB train_rec=0.000000e+00 train_recT=8.205547e-07 train_fc=1.771142e-03 train_decoder_tail=0.000000e+00
I 07.01/22:28:17 train_mapper.py:738 ] best_loss_epoch=394 best_loss_selection=train_loss best_loss_metric=4.475233e-03 best_loss_mse=3.319248e-03 best_loss_loss=4.475233e-03
I 07.01/22:28:17 train_mapper.py:743 ] best_mse_epoch=394 best_mse_selection=train_mse best_mse_metric=3.319248e-03 best_mse_mse=3.319248e-03 best_mse_loss=4.475233e-03
I 07.01/22:28:17 train_mapper.py:749 ] all_best_loss_mse=3.214846e-03 all_best_loss_cos=0.997423 all_best_loss_nmse=-23.002dB
I 07.01/22:28:17 train_mapper.py:753 ] all_best_mse_mse=3.214846e-03 all_best_mse_cos=0.997423 all_best_mse_nmse=-23.002dB
