I 07.01/07:54:50 train_mapper.py:431 ] => Experiment directory: mapper/exps_decoder_aware/hybrid/recT/seed3407_transnet_transnet_to_seed42_transnet_lr5e-4_ep400
I 07.01/07:54:50 train_mapper.py:432 ] => Checkpoint directory: mapper/exps_decoder_aware/hybrid/recT/seed3407_transnet_transnet_to_seed42_transnet_lr5e-4_ep400/checkpoints
I 07.01/07:54:50 train_mapper.py:433 ] => Codeword directory: mapper/exps_decoder_aware/hybrid/recT/seed3407_transnet_transnet_to_seed42_transnet_lr5e-4_ep400/codewords
I 07.01/07:54:50 train_mapper.py:434 ] => TensorBoard directory: mapper/exps_decoder_aware/hybrid/recT/seed3407_transnet_transnet_to_seed42_transnet_lr5e-4_ep400/tensorboard
I 07.01/07:54:53 train_mapper.py:519 ] => Loaded fixed decoder from exps/COST2100/in/seed42/transnet_transnet/checkpoints/best_nmse.pth
I 07.01/07:54:53 train_mapper.py:524 ] device=cuda
I 07.01/07:54:53 train_mapper.py:525 ] mapper=hybrid, params=23108608
I 07.01/07:54:53 train_mapper.py:527 ] train=100000, val=0, code_dim=512
I 07.01/07:54:53 train_mapper.py:529 ] val_ratio<=0: skip per-epoch validation; select best checkpoint by train loss
I 07.01/07:54:53 train_mapper.py:531 ] loss=mse + smoothl1*0.0 + sample_tail*0.0 + dim_tail*0.0 + whiten*0.0 + rec*0.0 + recT*1.0 + fc*0.0 + decoder_tail*0.0 + cos*0.0 + cov*0.0
I 07.01/07:55:00 train_mapper.py:622 ] epoch=0001 train_loss=3.274596e-01 train_mse=3.252529e-01 train_cos=0.831691 train_nmse=-3.791dB train_rec=0.000000e+00 train_recT=2.206657e-03 train_fc=0.000000e+00 train_decoder_tail=0.000000e+00
I 07.01/07:55:10 train_mapper.py:622 ] epoch=0002 train_loss=1.086753e-01 train_mse=1.084666e-01 train_cos=0.956069 train_nmse=-7.762dB train_rec=0.000000e+00 train_recT=2.086304e-04 train_fc=0.000000e+00 train_decoder_tail=0.000000e+00
I 07.01/07:55:21 train_mapper.py:622 ] epoch=0003 train_loss=7.470279e-02 train_mse=7.457185e-02 train_cos=0.970333 train_nmse=-9.359dB train_rec=0.000000e+00 train_recT=1.309410e-04 train_fc=0.000000e+00 train_decoder_tail=0.000000e+00
I 07.01/07:55:35 train_mapper.py:622 ] epoch=0004 train_loss=5.870801e-02 train_mse=5.862001e-02 train_cos=0.975537 train_nmse=-10.399dB train_rec=0.000000e+00 train_recT=8.800018e-05 train_fc=0.000000e+00 train_decoder_tail=0.000000e+00
I 07.01/07:55:52 train_mapper.py:622 ] epoch=0005 train_loss=4.877945e-02 train_mse=4.871788e-02 train_cos=0.978658 train_nmse=-11.200dB train_rec=0.000000e+00 train_recT=6.156317e-05 train_fc=0.000000e+00 train_decoder_tail=0.000000e+00
I 07.01/07:56:15 train_mapper.py:622 ] epoch=0006 train_loss=4.219113e-02 train_mse=4.214588e-02 train_cos=0.980992 train_nmse=-11.828dB train_rec=0.000000e+00 train_recT=4.525172e-05 train_fc=0.000000e+00 train_decoder_tail=0.000000e+00
I 07.01/07:56:42 train_mapper.py:622 ] epoch=0007 train_loss=3.786165e-02 train_mse=3.782617e-02 train_cos=0.982759 train_nmse=-12.297dB train_rec=0.000000e+00 train_recT=3.548299e-05 train_fc=0.000000e+00 train_decoder_tail=0.000000e+00
I 07.01/07:57:23 train_mapper.py:622 ] epoch=0008 train_loss=3.501824e-02 train_mse=3.498866e-02 train_cos=0.984068 train_nmse=-12.635dB train_rec=0.000000e+00 train_recT=2.958119e-05 train_fc=0.000000e+00 train_decoder_tail=0.000000e+00
I 07.01/07:58:14 train_mapper.py:622 ] epoch=0009 train_loss=3.293065e-02 train_mse=3.290484e-02 train_cos=0.985155 train_nmse=-12.902dB train_rec=0.000000e+00 train_recT=2.580503e-05 train_fc=0.000000e+00 train_decoder_tail=0.000000e+00
I 07.01/07:59:07 train_mapper.py:622 ] epoch=0010 train_loss=3.137674e-02 train_mse=3.135341e-02 train_cos=0.985994 train_nmse=-13.112dB train_rec=0.000000e+00 train_recT=2.332745e-05 train_fc=0.000000e+00 train_decoder_tail=0.000000e+00
I 07.01/07:59:58 train_mapper.py:622 ] epoch=0011 train_loss=3.005366e-02 train_mse=3.003214e-02 train_cos=0.986711 train_nmse=-13.299dB train_rec=0.000000e+00 train_recT=2.151963e-05 train_fc=0.000000e+00 train_decoder_tail=0.000000e+00
I 07.01/08:00:52 train_mapper.py:622 ] epoch=0012 train_loss=2.889489e-02 train_mse=2.887477e-02 train_cos=0.987311 train_nmse=-13.470dB train_rec=0.000000e+00 train_recT=2.011155e-05 train_fc=0.000000e+00 train_decoder_tail=0.000000e+00
I 07.01/08:01:45 train_mapper.py:622 ] epoch=0013 train_loss=2.783114e-02 train_mse=2.781220e-02 train_cos=0.987822 train_nmse=-13.632dB train_rec=0.000000e+00 train_recT=1.894004e-05 train_fc=0.000000e+00 train_decoder_tail=0.000000e+00
I 07.01/08:02:39 train_mapper.py:622 ] epoch=0014 train_loss=2.682173e-02 train_mse=2.680391e-02 train_cos=0.988266 train_nmse=-13.793dB train_rec=0.000000e+00 train_recT=1.781761e-05 train_fc=0.000000e+00 train_decoder_tail=0.000000e+00
I 07.01/08:03:35 train_mapper.py:622 ] epoch=0015 train_loss=2.583368e-02 train_mse=2.581691e-02 train_cos=0.988662 train_nmse=-13.956dB train_rec=0.000000e+00 train_recT=1.676172e-05 train_fc=0.000000e+00 train_decoder_tail=0.000000e+00
I 07.01/08:04:31 train_mapper.py:622 ] epoch=0016 train_loss=2.486971e-02 train_mse=2.485409e-02 train_cos=0.989007 train_nmse=-14.121dB train_rec=0.000000e+00 train_recT=1.561445e-05 train_fc=0.000000e+00 train_decoder_tail=0.000000e+00
I 07.01/08:05:29 train_mapper.py:622 ] epoch=0017 train_loss=2.386645e-02 train_mse=2.385195e-02 train_cos=0.989333 train_nmse=-14.300dB train_rec=0.000000e+00 train_recT=1.449954e-05 train_fc=0.000000e+00 train_decoder_tail=0.000000e+00
I 07.01/08:06:27 train_mapper.py:622 ] epoch=0018 train_loss=2.287371e-02 train_mse=2.286044e-02 train_cos=0.989596 train_nmse=-14.484dB train_rec=0.000000e+00 train_recT=1.326785e-05 train_fc=0.000000e+00 train_decoder_tail=0.000000e+00
I 07.01/08:07:21 train_mapper.py:622 ] epoch=0019 train_loss=2.184069e-02 train_mse=2.182876e-02 train_cos=0.989806 train_nmse=-14.685dB train_rec=0.000000e+00 train_recT=1.193637e-05 train_fc=0.000000e+00 train_decoder_tail=0.000000e+00
I 07.01/08:08:15 train_mapper.py:622 ] epoch=0020 train_loss=2.068750e-02 train_mse=2.067710e-02 train_cos=0.989958 train_nmse=-14.920dB train_rec=0.000000e+00 train_recT=1.040312e-05 train_fc=0.000000e+00 train_decoder_tail=0.000000e+00
I 07.01/08:09:05 train_mapper.py:622 ] epoch=0021 train_loss=1.912176e-02 train_mse=1.911354e-02 train_cos=0.989900 train_nmse=-15.263dB train_rec=0.000000e+00 train_recT=8.214448e-06 train_fc=0.000000e+00 train_decoder_tail=0.000000e+00
I 07.01/08:09:58 train_mapper.py:622 ] epoch=0022 train_loss=1.666855e-02 train_mse=1.666222e-02 train_cos=0.990303 train_nmse=-15.858dB train_rec=0.000000e+00 train_recT=6.325403e-06 train_fc=0.000000e+00 train_decoder_tail=0.000000e+00
I 07.01/08:10:52 train_mapper.py:622 ] epoch=0023 train_loss=1.507229e-02 train_mse=1.506682e-02 train_cos=0.990647 train_nmse=-16.295dB train_rec=0.000000e+00 train_recT=5.467051e-06 train_fc=0.000000e+00 train_decoder_tail=0.000000e+00
I 07.01/08:11:44 train_mapper.py:622 ] epoch=0024 train_loss=1.396222e-02 train_mse=1.395734e-02 train_cos=0.990953 train_nmse=-16.627dB train_rec=0.000000e+00 train_recT=4.886072e-06 train_fc=0.000000e+00 train_decoder_tail=0.000000e+00
I 07.01/08:12:33 train_mapper.py:622 ] epoch=0025 train_loss=1.311156e-02 train_mse=1.310710e-02 train_cos=0.991249 train_nmse=-16.900dB train_rec=0.000000e+00 train_recT=4.455663e-06 train_fc=0.000000e+00 train_decoder_tail=0.000000e+00
I 07.01/08:13:25 train_mapper.py:622 ] epoch=0026 train_loss=1.248657e-02 train_mse=1.248244e-02 train_cos=0.991476 train_nmse=-17.112dB train_rec=0.000000e+00 train_recT=4.120384e-06 train_fc=0.000000e+00 train_decoder_tail=0.000000e+00
I 07.01/08:14:17 train_mapper.py:622 ] epoch=0027 train_loss=1.197181e-02 train_mse=1.196794e-02 train_cos=0.991684 train_nmse=-17.295dB train_rec=0.000000e+00 train_recT=3.875750e-06 train_fc=0.000000e+00 train_decoder_tail=0.000000e+00
I 07.01/08:15:11 train_mapper.py:622 ] epoch=0028 train_loss=1.147803e-02 train_mse=1.147440e-02 train_cos=0.991923 train_nmse=-17.477dB train_rec=0.000000e+00 train_recT=3.629592e-06 train_fc=0.000000e+00 train_decoder_tail=0.000000e+00
I 07.01/08:16:04 train_mapper.py:622 ] epoch=0029 train_loss=1.109516e-02 train_mse=1.109171e-02 train_cos=0.992101 train_nmse=-17.625dB train_rec=0.000000e+00 train_recT=3.449492e-06 train_fc=0.000000e+00 train_decoder_tail=0.000000e+00
I 07.01/08:16:56 train_mapper.py:622 ] epoch=0030 train_loss=1.074697e-02 train_mse=1.074367e-02 train_cos=0.992281 train_nmse=-17.763dB train_rec=0.000000e+00 train_recT=3.306203e-06 train_fc=0.000000e+00 train_decoder_tail=0.000000e+00
I 07.01/08:17:48 train_mapper.py:622 ] epoch=0031 train_loss=1.037963e-02 train_mse=1.037650e-02 train_cos=0.992484 train_nmse=-17.914dB train_rec=0.000000e+00 train_recT=3.125598e-06 train_fc=0.000000e+00 train_decoder_tail=0.000000e+00
I 07.01/08:18:41 train_mapper.py:622 ] epoch=0032 train_loss=1.011591e-02 train_mse=1.011288e-02 train_cos=0.992624 train_nmse=-18.026dB train_rec=0.000000e+00 train_recT=3.031125e-06 train_fc=0.000000e+00 train_decoder_tail=0.000000e+00
I 07.01/08:19:33 train_mapper.py:622 ] epoch=0033 train_loss=9.854278e-03 train_mse=9.851358e-03 train_cos=0.992774 train_nmse=-18.140dB train_rec=0.000000e+00 train_recT=2.920292e-06 train_fc=0.000000e+00 train_decoder_tail=0.000000e+00
I 07.01/08:20:20 train_mapper.py:622 ] epoch=0034 train_loss=9.625694e-03 train_mse=9.622875e-03 train_cos=0.992901 train_nmse=-18.242dB train_rec=0.000000e+00 train_recT=2.818935e-06 train_fc=0.000000e+00 train_decoder_tail=0.000000e+00
I 07.01/08:21:09 train_mapper.py:622 ] epoch=0035 train_loss=9.378637e-03 train_mse=9.375932e-03 train_cos=0.993052 train_nmse=-18.355dB train_rec=0.000000e+00 train_recT=2.705002e-06 train_fc=0.000000e+00 train_decoder_tail=0.000000e+00
I 07.01/08:21:57 train_mapper.py:622 ] epoch=0036 train_loss=9.144031e-03 train_mse=9.141398e-03 train_cos=0.993201 train_nmse=-18.465dB train_rec=0.000000e+00 train_recT=2.632915e-06 train_fc=0.000000e+00 train_decoder_tail=0.000000e+00
I 07.01/08:22:46 train_mapper.py:622 ] epoch=0037 train_loss=8.931405e-03 train_mse=8.928873e-03 train_cos=0.993331 train_nmse=-18.567dB train_rec=0.000000e+00 train_recT=2.531513e-06 train_fc=0.000000e+00 train_decoder_tail=0.000000e+00
I 07.01/08:23:39 train_mapper.py:622 ] epoch=0038 train_loss=8.775530e-03 train_mse=8.773038e-03 train_cos=0.993428 train_nmse=-18.643dB train_rec=0.000000e+00 train_recT=2.491894e-06 train_fc=0.000000e+00 train_decoder_tail=0.000000e+00
I 07.01/08:24:28 train_mapper.py:622 ] epoch=0039 train_loss=8.593338e-03 train_mse=8.590926e-03 train_cos=0.993544 train_nmse=-18.734dB train_rec=0.000000e+00 train_recT=2.411662e-06 train_fc=0.000000e+00 train_decoder_tail=0.000000e+00
I 07.01/08:25:14 train_mapper.py:622 ] epoch=0040 train_loss=8.424995e-03 train_mse=8.422655e-03 train_cos=0.993651 train_nmse=-18.820dB train_rec=0.000000e+00 train_recT=2.340224e-06 train_fc=0.000000e+00 train_decoder_tail=0.000000e+00
I 07.01/08:25:59 train_mapper.py:622 ] epoch=0041 train_loss=8.280682e-03 train_mse=8.278399e-03 train_cos=0.993748 train_nmse=-18.895dB train_rec=0.000000e+00 train_recT=2.282501e-06 train_fc=0.000000e+00 train_decoder_tail=0.000000e+00
I 07.01/08:26:43 train_mapper.py:622 ] epoch=0042 train_loss=8.143870e-03 train_mse=8.141626e-03 train_cos=0.993840 train_nmse=-18.968dB train_rec=0.000000e+00 train_recT=2.244031e-06 train_fc=0.000000e+00 train_decoder_tail=0.000000e+00
I 07.01/08:27:34 train_mapper.py:622 ] epoch=0043 train_loss=7.997520e-03 train_mse=7.995320e-03 train_cos=0.993936 train_nmse=-19.046dB train_rec=0.000000e+00 train_recT=2.200105e-06 train_fc=0.000000e+00 train_decoder_tail=0.000000e+00
I 07.01/08:28:25 train_mapper.py:622 ] epoch=0044 train_loss=7.827989e-03 train_mse=7.825859e-03 train_cos=0.994055 train_nmse=-19.140dB train_rec=0.000000e+00 train_recT=2.129462e-06 train_fc=0.000000e+00 train_decoder_tail=0.000000e+00
I 07.01/08:29:14 train_mapper.py:622 ] epoch=0045 train_loss=7.727059e-03 train_mse=7.724958e-03 train_cos=0.994123 train_nmse=-19.195dB train_rec=0.000000e+00 train_recT=2.101439e-06 train_fc=0.000000e+00 train_decoder_tail=0.000000e+00
I 07.01/08:29:58 train_mapper.py:622 ] epoch=0046 train_loss=7.594880e-03 train_mse=7.592829e-03 train_cos=0.994212 train_nmse=-19.271dB train_rec=0.000000e+00 train_recT=2.051777e-06 train_fc=0.000000e+00 train_decoder_tail=0.000000e+00
I 07.01/08:30:40 train_mapper.py:622 ] epoch=0047 train_loss=7.481484e-03 train_mse=7.479475e-03 train_cos=0.994293 train_nmse=-19.336dB train_rec=0.000000e+00 train_recT=2.008652e-06 train_fc=0.000000e+00 train_decoder_tail=0.000000e+00
I 07.01/08:31:23 train_mapper.py:622 ] epoch=0048 train_loss=7.365641e-03 train_mse=7.363669e-03 train_cos=0.994372 train_nmse=-19.404dB train_rec=0.000000e+00 train_recT=1.972328e-06 train_fc=0.000000e+00 train_decoder_tail=0.000000e+00
I 07.01/08:32:07 train_mapper.py:622 ] epoch=0049 train_loss=7.258108e-03 train_mse=7.256176e-03 train_cos=0.994449 train_nmse=-19.467dB train_rec=0.000000e+00 train_recT=1.931960e-06 train_fc=0.000000e+00 train_decoder_tail=0.000000e+00
I 07.01/08:32:52 train_mapper.py:622 ] epoch=0050 train_loss=7.157848e-03 train_mse=7.155952e-03 train_cos=0.994521 train_nmse=-19.528dB train_rec=0.000000e+00 train_recT=1.896073e-06 train_fc=0.000000e+00 train_decoder_tail=0.000000e+00
I 07.01/08:33:36 train_mapper.py:622 ] epoch=0051 train_loss=7.068922e-03 train_mse=7.067035e-03 train_cos=0.994586 train_nmse=-19.582dB train_rec=0.000000e+00 train_recT=1.887504e-06 train_fc=0.000000e+00 train_decoder_tail=0.000000e+00
I 07.01/08:34:18 train_mapper.py:622 ] epoch=0052 train_loss=6.960854e-03 train_mse=6.959012e-03 train_cos=0.994662 train_nmse=-19.649dB train_rec=0.000000e+00 train_recT=1.842188e-06 train_fc=0.000000e+00 train_decoder_tail=0.000000e+00
I 07.01/08:35:08 train_mapper.py:622 ] epoch=0053 train_loss=6.864411e-03 train_mse=6.862611e-03 train_cos=0.994732 train_nmse=-19.710dB train_rec=0.000000e+00 train_recT=1.800517e-06 train_fc=0.000000e+00 train_decoder_tail=0.000000e+00
I 07.01/08:36:03 train_mapper.py:622 ] epoch=0054 train_loss=6.793882e-03 train_mse=6.792090e-03 train_cos=0.994786 train_nmse=-19.755dB train_rec=0.000000e+00 train_recT=1.791961e-06 train_fc=0.000000e+00 train_decoder_tail=0.000000e+00
I 07.01/08:36:57 train_mapper.py:622 ] epoch=0055 train_loss=6.697036e-03 train_mse=6.695271e-03 train_cos=0.994857 train_nmse=-19.817dB train_rec=0.000000e+00 train_recT=1.765183e-06 train_fc=0.000000e+00 train_decoder_tail=0.000000e+00
I 07.01/08:37:59 train_mapper.py:622 ] epoch=0056 train_loss=6.622928e-03 train_mse=6.621193e-03 train_cos=0.994910 train_nmse=-19.865dB train_rec=0.000000e+00 train_recT=1.735353e-06 train_fc=0.000000e+00 train_decoder_tail=0.000000e+00
I 07.01/08:39:11 train_mapper.py:622 ] epoch=0057 train_loss=6.544444e-03 train_mse=6.542736e-03 train_cos=0.994967 train_nmse=-19.917dB train_rec=0.000000e+00 train_recT=1.708207e-06 train_fc=0.000000e+00 train_decoder_tail=0.000000e+00
I 07.01/08:40:15 train_mapper.py:622 ] epoch=0058 train_loss=6.462001e-03 train_mse=6.460317e-03 train_cos=0.995029 train_nmse=-19.972dB train_rec=0.000000e+00 train_recT=1.683962e-06 train_fc=0.000000e+00 train_decoder_tail=0.000000e+00
I 07.01/08:41:22 train_mapper.py:622 ] epoch=0059 train_loss=6.377313e-03 train_mse=6.375649e-03 train_cos=0.995095 train_nmse=-20.029dB train_rec=0.000000e+00 train_recT=1.663998e-06 train_fc=0.000000e+00 train_decoder_tail=0.000000e+00
I 07.01/08:42:27 train_mapper.py:622 ] epoch=0060 train_loss=6.298549e-03 train_mse=6.296908e-03 train_cos=0.995152 train_nmse=-20.083dB train_rec=0.000000e+00 train_recT=1.641081e-06 train_fc=0.000000e+00 train_decoder_tail=0.000000e+00
I 07.01/08:43:33 train_mapper.py:622 ] epoch=0061 train_loss=6.229955e-03 train_mse=6.228333e-03 train_cos=0.995206 train_nmse=-20.131dB train_rec=0.000000e+00 train_recT=1.621684e-06 train_fc=0.000000e+00 train_decoder_tail=0.000000e+00
I 07.01/08:44:39 train_mapper.py:622 ] epoch=0062 train_loss=6.178319e-03 train_mse=6.176702e-03 train_cos=0.995247 train_nmse=-20.167dB train_rec=0.000000e+00 train_recT=1.616802e-06 train_fc=0.000000e+00 train_decoder_tail=0.000000e+00
I 07.01/08:45:44 train_mapper.py:622 ] epoch=0063 train_loss=6.121732e-03 train_mse=6.120141e-03 train_cos=0.995283 train_nmse=-20.208dB train_rec=0.000000e+00 train_recT=1.591053e-06 train_fc=0.000000e+00 train_decoder_tail=0.000000e+00
I 07.01/08:46:48 train_mapper.py:622 ] epoch=0064 train_loss=6.001238e-03 train_mse=5.999685e-03 train_cos=0.995378 train_nmse=-20.293dB train_rec=0.000000e+00 train_recT=1.552991e-06 train_fc=0.000000e+00 train_decoder_tail=0.000000e+00
I 07.01/08:47:55 train_mapper.py:622 ] epoch=0065 train_loss=5.914184e-03 train_mse=5.912653e-03 train_cos=0.995442 train_nmse=-20.357dB train_rec=0.000000e+00 train_recT=1.531173e-06 train_fc=0.000000e+00 train_decoder_tail=0.000000e+00
I 07.01/08:49:03 train_mapper.py:622 ] epoch=0066 train_loss=5.881010e-03 train_mse=5.879481e-03 train_cos=0.995470 train_nmse=-20.381dB train_rec=0.000000e+00 train_recT=1.528843e-06 train_fc=0.000000e+00 train_decoder_tail=0.000000e+00
I 07.01/08:50:09 train_mapper.py:622 ] epoch=0067 train_loss=5.808902e-03 train_mse=5.807398e-03 train_cos=0.995523 train_nmse=-20.435dB train_rec=0.000000e+00 train_recT=1.503786e-06 train_fc=0.000000e+00 train_decoder_tail=0.000000e+00
I 07.01/08:51:17 train_mapper.py:622 ] epoch=0068 train_loss=5.746952e-03 train_mse=5.745456e-03 train_cos=0.995570 train_nmse=-20.482dB train_rec=0.000000e+00 train_recT=1.495744e-06 train_fc=0.000000e+00 train_decoder_tail=0.000000e+00
I 07.01/08:52:20 train_mapper.py:622 ] epoch=0069 train_loss=5.680574e-03 train_mse=5.679109e-03 train_cos=0.995620 train_nmse=-20.532dB train_rec=0.000000e+00 train_recT=1.464973e-06 train_fc=0.000000e+00 train_decoder_tail=0.000000e+00
I 07.01/08:53:24 train_mapper.py:622 ] epoch=0070 train_loss=5.631336e-03 train_mse=5.629883e-03 train_cos=0.995656 train_nmse=-20.569dB train_rec=0.000000e+00 train_recT=1.453701e-06 train_fc=0.000000e+00 train_decoder_tail=0.000000e+00
I 07.01/08:54:29 train_mapper.py:622 ] epoch=0071 train_loss=5.545908e-03 train_mse=5.544484e-03 train_cos=0.995720 train_nmse=-20.636dB train_rec=0.000000e+00 train_recT=1.423725e-06 train_fc=0.000000e+00 train_decoder_tail=0.000000e+00
I 07.01/08:55:38 train_mapper.py:622 ] epoch=0072 train_loss=5.520249e-03 train_mse=5.518825e-03 train_cos=0.995741 train_nmse=-20.656dB train_rec=0.000000e+00 train_recT=1.424625e-06 train_fc=0.000000e+00 train_decoder_tail=0.000000e+00
I 07.01/08:56:44 train_mapper.py:622 ] epoch=0073 train_loss=5.438987e-03 train_mse=5.437588e-03 train_cos=0.995802 train_nmse=-20.720dB train_rec=0.000000e+00 train_recT=1.399509e-06 train_fc=0.000000e+00 train_decoder_tail=0.000000e+00
I 07.01/08:57:49 train_mapper.py:622 ] epoch=0074 train_loss=5.405737e-03 train_mse=5.404338e-03 train_cos=0.995825 train_nmse=-20.747dB train_rec=0.000000e+00 train_recT=1.398778e-06 train_fc=0.000000e+00 train_decoder_tail=0.000000e+00
I 07.01/08:58:57 train_mapper.py:622 ] epoch=0075 train_loss=5.352804e-03 train_mse=5.351430e-03 train_cos=0.995862 train_nmse=-20.790dB train_rec=0.000000e+00 train_recT=1.373990e-06 train_fc=0.000000e+00 train_decoder_tail=0.000000e+00
I 07.01/09:00:05 train_mapper.py:622 ] epoch=0076 train_loss=5.312088e-03 train_mse=5.310727e-03 train_cos=0.995895 train_nmse=-20.823dB train_rec=0.000000e+00 train_recT=1.361450e-06 train_fc=0.000000e+00 train_decoder_tail=0.000000e+00
I 07.01/09:01:07 train_mapper.py:622 ] epoch=0077 train_loss=5.234098e-03 train_mse=5.232760e-03 train_cos=0.995953 train_nmse=-20.887dB train_rec=0.000000e+00 train_recT=1.337682e-06 train_fc=0.000000e+00 train_decoder_tail=0.000000e+00
I 07.01/09:02:13 train_mapper.py:622 ] epoch=0078 train_loss=5.189024e-03 train_mse=5.187700e-03 train_cos=0.995986 train_nmse=-20.924dB train_rec=0.000000e+00 train_recT=1.324087e-06 train_fc=0.000000e+00 train_decoder_tail=0.000000e+00
I 07.01/09:03:18 train_mapper.py:622 ] epoch=0079 train_loss=5.144531e-03 train_mse=5.143221e-03 train_cos=0.996017 train_nmse=-20.962dB train_rec=0.000000e+00 train_recT=1.310217e-06 train_fc=0.000000e+00 train_decoder_tail=0.000000e+00
I 07.01/09:04:21 train_mapper.py:622 ] epoch=0080 train_loss=5.111862e-03 train_mse=5.110559e-03 train_cos=0.996042 train_nmse=-20.990dB train_rec=0.000000e+00 train_recT=1.303478e-06 train_fc=0.000000e+00 train_decoder_tail=0.000000e+00
I 07.01/09:05:25 train_mapper.py:622 ] epoch=0081 train_loss=5.069945e-03 train_mse=5.068649e-03 train_cos=0.996077 train_nmse=-21.026dB train_rec=0.000000e+00 train_recT=1.296020e-06 train_fc=0.000000e+00 train_decoder_tail=0.000000e+00
I 07.01/09:06:31 train_mapper.py:622 ] epoch=0082 train_loss=5.042842e-03 train_mse=5.041555e-03 train_cos=0.996097 train_nmse=-21.048dB train_rec=0.000000e+00 train_recT=1.287511e-06 train_fc=0.000000e+00 train_decoder_tail=0.000000e+00
I 07.01/09:07:38 train_mapper.py:622 ] epoch=0083 train_loss=4.996432e-03 train_mse=4.995161e-03 train_cos=0.996131 train_nmse=-21.089dB train_rec=0.000000e+00 train_recT=1.271037e-06 train_fc=0.000000e+00 train_decoder_tail=0.000000e+00
I 07.01/09:08:45 train_mapper.py:622 ] epoch=0084 train_loss=4.961390e-03 train_mse=4.960127e-03 train_cos=0.996159 train_nmse=-21.120dB train_rec=0.000000e+00 train_recT=1.263260e-06 train_fc=0.000000e+00 train_decoder_tail=0.000000e+00
I 07.01/09:09:49 train_mapper.py:622 ] epoch=0085 train_loss=4.899690e-03 train_mse=4.898453e-03 train_cos=0.996203 train_nmse=-21.174dB train_rec=0.000000e+00 train_recT=1.236959e-06 train_fc=0.000000e+00 train_decoder_tail=0.000000e+00
I 07.01/09:10:53 train_mapper.py:622 ] epoch=0086 train_loss=4.861800e-03 train_mse=4.860570e-03 train_cos=0.996233 train_nmse=-21.208dB train_rec=0.000000e+00 train_recT=1.230416e-06 train_fc=0.000000e+00 train_decoder_tail=0.000000e+00
I 07.01/09:12:00 train_mapper.py:622 ] epoch=0087 train_loss=4.836228e-03 train_mse=4.835003e-03 train_cos=0.996252 train_nmse=-21.230dB train_rec=0.000000e+00 train_recT=1.224395e-06 train_fc=0.000000e+00 train_decoder_tail=0.000000e+00
I 07.01/09:13:10 train_mapper.py:622 ] epoch=0088 train_loss=4.817799e-03 train_mse=4.816571e-03 train_cos=0.996267 train_nmse=-21.247dB train_rec=0.000000e+00 train_recT=1.228671e-06 train_fc=0.000000e+00 train_decoder_tail=0.000000e+00
I 07.01/09:14:16 train_mapper.py:622 ] epoch=0089 train_loss=4.781338e-03 train_mse=4.780130e-03 train_cos=0.996292 train_nmse=-21.280dB train_rec=0.000000e+00 train_recT=1.208229e-06 train_fc=0.000000e+00 train_decoder_tail=0.000000e+00
I 07.01/09:15:25 train_mapper.py:622 ] epoch=0090 train_loss=4.713075e-03 train_mse=4.711887e-03 train_cos=0.996344 train_nmse=-21.342dB train_rec=0.000000e+00 train_recT=1.187931e-06 train_fc=0.000000e+00 train_decoder_tail=0.000000e+00
I 07.01/09:16:30 train_mapper.py:622 ] epoch=0091 train_loss=4.673964e-03 train_mse=4.672793e-03 train_cos=0.996372 train_nmse=-21.379dB train_rec=0.000000e+00 train_recT=1.171094e-06 train_fc=0.000000e+00 train_decoder_tail=0.000000e+00
I 07.01/09:17:43 train_mapper.py:622 ] epoch=0092 train_loss=4.653232e-03 train_mse=4.652066e-03 train_cos=0.996387 train_nmse=-21.398dB train_rec=0.000000e+00 train_recT=1.166098e-06 train_fc=0.000000e+00 train_decoder_tail=0.000000e+00
I 07.01/09:18:49 train_mapper.py:622 ] epoch=0093 train_loss=4.644925e-03 train_mse=4.643755e-03 train_cos=0.996397 train_nmse=-21.406dB train_rec=0.000000e+00 train_recT=1.169778e-06 train_fc=0.000000e+00 train_decoder_tail=0.000000e+00
I 07.01/09:19:53 train_mapper.py:622 ] epoch=0094 train_loss=4.597496e-03 train_mse=4.596339e-03 train_cos=0.996434 train_nmse=-21.450dB train_rec=0.000000e+00 train_recT=1.156546e-06 train_fc=0.000000e+00 train_decoder_tail=0.000000e+00
I 07.01/09:21:00 train_mapper.py:622 ] epoch=0095 train_loss=4.567217e-03 train_mse=4.566069e-03 train_cos=0.996455 train_nmse=-21.479dB train_rec=0.000000e+00 train_recT=1.148757e-06 train_fc=0.000000e+00 train_decoder_tail=0.000000e+00
I 07.01/09:22:08 train_mapper.py:622 ] epoch=0096 train_loss=4.535458e-03 train_mse=4.534312e-03 train_cos=0.996482 train_nmse=-21.509dB train_rec=0.000000e+00 train_recT=1.146072e-06 train_fc=0.000000e+00 train_decoder_tail=0.000000e+00
I 07.01/09:23:17 train_mapper.py:622 ] epoch=0097 train_loss=4.520484e-03 train_mse=4.519339e-03 train_cos=0.996495 train_nmse=-21.523dB train_rec=0.000000e+00 train_recT=1.145123e-06 train_fc=0.000000e+00 train_decoder_tail=0.000000e+00
I 07.01/09:24:22 train_mapper.py:622 ] epoch=0098 train_loss=4.478765e-03 train_mse=4.477637e-03 train_cos=0.996526 train_nmse=-21.564dB train_rec=0.000000e+00 train_recT=1.127886e-06 train_fc=0.000000e+00 train_decoder_tail=0.000000e+00
I 07.01/09:25:26 train_mapper.py:622 ] epoch=0099 train_loss=4.462723e-03 train_mse=4.461596e-03 train_cos=0.996539 train_nmse=-21.579dB train_rec=0.000000e+00 train_recT=1.127390e-06 train_fc=0.000000e+00 train_decoder_tail=0.000000e+00
I 07.01/09:26:31 train_mapper.py:622 ] epoch=0100 train_loss=4.427578e-03 train_mse=4.426468e-03 train_cos=0.996564 train_nmse=-21.614dB train_rec=0.000000e+00 train_recT=1.109545e-06 train_fc=0.000000e+00 train_decoder_tail=0.000000e+00
I 07.01/09:27:38 train_mapper.py:622 ] epoch=0101 train_loss=4.400641e-03 train_mse=4.399533e-03 train_cos=0.996588 train_nmse=-21.640dB train_rec=0.000000e+00 train_recT=1.107941e-06 train_fc=0.000000e+00 train_decoder_tail=0.000000e+00
I 07.01/09:28:46 train_mapper.py:622 ] epoch=0102 train_loss=4.385822e-03 train_mse=4.384718e-03 train_cos=0.996597 train_nmse=-21.655dB train_rec=0.000000e+00 train_recT=1.104125e-06 train_fc=0.000000e+00 train_decoder_tail=0.000000e+00
I 07.01/09:29:51 train_mapper.py:622 ] epoch=0103 train_loss=4.354708e-03 train_mse=4.353619e-03 train_cos=0.996619 train_nmse=-21.686dB train_rec=0.000000e+00 train_recT=1.089557e-06 train_fc=0.000000e+00 train_decoder_tail=0.000000e+00
I 07.01/09:30:59 train_mapper.py:622 ] epoch=0104 train_loss=4.315376e-03 train_mse=4.314290e-03 train_cos=0.996652 train_nmse=-21.725dB train_rec=0.000000e+00 train_recT=1.086412e-06 train_fc=0.000000e+00 train_decoder_tail=0.000000e+00
I 07.01/09:32:07 train_mapper.py:622 ] epoch=0105 train_loss=4.300150e-03 train_mse=4.299071e-03 train_cos=0.996662 train_nmse=-21.740dB train_rec=0.000000e+00 train_recT=1.079018e-06 train_fc=0.000000e+00 train_decoder_tail=0.000000e+00
I 07.01/09:33:15 train_mapper.py:622 ] epoch=0106 train_loss=4.277015e-03 train_mse=4.275946e-03 train_cos=0.996679 train_nmse=-21.764dB train_rec=0.000000e+00 train_recT=1.069157e-06 train_fc=0.000000e+00 train_decoder_tail=0.000000e+00
I 07.01/09:34:23 train_mapper.py:622 ] epoch=0107 train_loss=4.242202e-03 train_mse=4.241136e-03 train_cos=0.996708 train_nmse=-21.799dB train_rec=0.000000e+00 train_recT=1.066145e-06 train_fc=0.000000e+00 train_decoder_tail=0.000000e+00
I 07.01/09:35:32 train_mapper.py:622 ] epoch=0108 train_loss=4.240238e-03 train_mse=4.239176e-03 train_cos=0.996709 train_nmse=-21.801dB train_rec=0.000000e+00 train_recT=1.061586e-06 train_fc=0.000000e+00 train_decoder_tail=0.000000e+00
I 07.01/09:36:38 train_mapper.py:622 ] epoch=0109 train_loss=4.211356e-03 train_mse=4.210301e-03 train_cos=0.996733 train_nmse=-21.831dB train_rec=0.000000e+00 train_recT=1.055702e-06 train_fc=0.000000e+00 train_decoder_tail=0.000000e+00
I 07.01/09:37:43 train_mapper.py:622 ] epoch=0110 train_loss=4.176278e-03 train_mse=4.175232e-03 train_cos=0.996760 train_nmse=-21.867dB train_rec=0.000000e+00 train_recT=1.045781e-06 train_fc=0.000000e+00 train_decoder_tail=0.000000e+00
I 07.01/09:38:43 train_mapper.py:622 ] epoch=0111 train_loss=4.173035e-03 train_mse=4.171988e-03 train_cos=0.996761 train_nmse=-21.871dB train_rec=0.000000e+00 train_recT=1.046937e-06 train_fc=0.000000e+00 train_decoder_tail=0.000000e+00
I 07.01/09:39:53 train_mapper.py:622 ] epoch=0112 train_loss=4.145777e-03 train_mse=4.144742e-03 train_cos=0.996782 train_nmse=-21.899dB train_rec=0.000000e+00 train_recT=1.035673e-06 train_fc=0.000000e+00 train_decoder_tail=0.000000e+00
I 07.01/09:40:58 train_mapper.py:622 ] epoch=0113 train_loss=4.108393e-03 train_mse=4.107365e-03 train_cos=0.996811 train_nmse=-21.938dB train_rec=0.000000e+00 train_recT=1.027737e-06 train_fc=0.000000e+00 train_decoder_tail=0.000000e+00
I 07.01/09:42:03 train_mapper.py:622 ] epoch=0114 train_loss=4.089867e-03 train_mse=4.088843e-03 train_cos=0.996824 train_nmse=-21.958dB train_rec=0.000000e+00 train_recT=1.024200e-06 train_fc=0.000000e+00 train_decoder_tail=0.000000e+00
I 07.01/09:43:06 train_mapper.py:622 ] epoch=0115 train_loss=4.073856e-03 train_mse=4.072834e-03 train_cos=0.996838 train_nmse=-21.975dB train_rec=0.000000e+00 train_recT=1.022472e-06 train_fc=0.000000e+00 train_decoder_tail=0.000000e+00
I 07.01/09:44:11 train_mapper.py:622 ] epoch=0116 train_loss=4.045394e-03 train_mse=4.044378e-03 train_cos=0.996862 train_nmse=-22.005dB train_rec=0.000000e+00 train_recT=1.016032e-06 train_fc=0.000000e+00 train_decoder_tail=0.000000e+00
I 07.01/09:45:17 train_mapper.py:622 ] epoch=0117 train_loss=4.040757e-03 train_mse=4.039750e-03 train_cos=0.996862 train_nmse=-22.011dB train_rec=0.000000e+00 train_recT=1.006381e-06 train_fc=0.000000e+00 train_decoder_tail=0.000000e+00
I 07.01/09:46:22 train_mapper.py:622 ] epoch=0118 train_loss=4.016678e-03 train_mse=4.015677e-03 train_cos=0.996882 train_nmse=-22.036dB train_rec=0.000000e+00 train_recT=1.001703e-06 train_fc=0.000000e+00 train_decoder_tail=0.000000e+00
I 07.01/09:47:25 train_mapper.py:622 ] epoch=0119 train_loss=3.995494e-03 train_mse=3.994501e-03 train_cos=0.996897 train_nmse=-22.060dB train_rec=0.000000e+00 train_recT=9.929624e-07 train_fc=0.000000e+00 train_decoder_tail=0.000000e+00
I 07.01/09:48:29 train_mapper.py:622 ] epoch=0120 train_loss=3.975095e-03 train_mse=3.974102e-03 train_cos=0.996915 train_nmse=-22.082dB train_rec=0.000000e+00 train_recT=9.928744e-07 train_fc=0.000000e+00 train_decoder_tail=0.000000e+00
I 07.01/09:49:34 train_mapper.py:622 ] epoch=0121 train_loss=3.936180e-03 train_mse=3.935197e-03 train_cos=0.996945 train_nmse=-22.124dB train_rec=0.000000e+00 train_recT=9.830298e-07 train_fc=0.000000e+00 train_decoder_tail=0.000000e+00
I 07.01/09:50:39 train_mapper.py:622 ] epoch=0122 train_loss=3.931147e-03 train_mse=3.930164e-03 train_cos=0.996947 train_nmse=-22.130dB train_rec=0.000000e+00 train_recT=9.830852e-07 train_fc=0.000000e+00 train_decoder_tail=0.000000e+00
I 07.01/09:51:40 train_mapper.py:622 ] epoch=0123 train_loss=3.911395e-03 train_mse=3.910420e-03 train_cos=0.996962 train_nmse=-22.152dB train_rec=0.000000e+00 train_recT=9.748607e-07 train_fc=0.000000e+00 train_decoder_tail=0.000000e+00
I 07.01/09:52:47 train_mapper.py:622 ] epoch=0124 train_loss=3.899241e-03 train_mse=3.898265e-03 train_cos=0.996973 train_nmse=-22.166dB train_rec=0.000000e+00 train_recT=9.758090e-07 train_fc=0.000000e+00 train_decoder_tail=0.000000e+00
I 07.01/09:53:55 train_mapper.py:622 ] epoch=0125 train_loss=3.879724e-03 train_mse=3.878756e-03 train_cos=0.996989 train_nmse=-22.187dB train_rec=0.000000e+00 train_recT=9.672443e-07 train_fc=0.000000e+00 train_decoder_tail=0.000000e+00
I 07.01/09:54:59 train_mapper.py:622 ] epoch=0126 train_loss=3.863894e-03 train_mse=3.862928e-03 train_cos=0.997001 train_nmse=-22.205dB train_rec=0.000000e+00 train_recT=9.660688e-07 train_fc=0.000000e+00 train_decoder_tail=0.000000e+00
I 07.01/09:56:06 train_mapper.py:622 ] epoch=0127 train_loss=3.826647e-03 train_mse=3.825695e-03 train_cos=0.997029 train_nmse=-22.247dB train_rec=0.000000e+00 train_recT=9.522782e-07 train_fc=0.000000e+00 train_decoder_tail=0.000000e+00
I 07.01/09:57:12 train_mapper.py:622 ] epoch=0128 train_loss=3.822185e-03 train_mse=3.821236e-03 train_cos=0.997031 train_nmse=-22.252dB train_rec=0.000000e+00 train_recT=9.488729e-07 train_fc=0.000000e+00 train_decoder_tail=0.000000e+00
I 07.01/09:58:17 train_mapper.py:622 ] epoch=0129 train_loss=3.810673e-03 train_mse=3.809725e-03 train_cos=0.997040 train_nmse=-22.265dB train_rec=0.000000e+00 train_recT=9.481471e-07 train_fc=0.000000e+00 train_decoder_tail=0.000000e+00
I 07.01/09:59:22 train_mapper.py:622 ] epoch=0130 train_loss=3.792148e-03 train_mse=3.791199e-03 train_cos=0.997058 train_nmse=-22.286dB train_rec=0.000000e+00 train_recT=9.494052e-07 train_fc=0.000000e+00 train_decoder_tail=0.000000e+00
I 07.01/10:00:30 train_mapper.py:622 ] epoch=0131 train_loss=3.780027e-03 train_mse=3.779086e-03 train_cos=0.997064 train_nmse=-22.300dB train_rec=0.000000e+00 train_recT=9.413293e-07 train_fc=0.000000e+00 train_decoder_tail=0.000000e+00
I 07.01/10:01:35 train_mapper.py:622 ] epoch=0132 train_loss=3.764369e-03 train_mse=3.763435e-03 train_cos=0.997078 train_nmse=-22.318dB train_rec=0.000000e+00 train_recT=9.348680e-07 train_fc=0.000000e+00 train_decoder_tail=0.000000e+00
I 07.01/10:02:41 train_mapper.py:622 ] epoch=0133 train_loss=3.746974e-03 train_mse=3.746043e-03 train_cos=0.997091 train_nmse=-22.338dB train_rec=0.000000e+00 train_recT=9.309389e-07 train_fc=0.000000e+00 train_decoder_tail=0.000000e+00
I 07.01/10:03:42 train_mapper.py:622 ] epoch=0134 train_loss=3.743003e-03 train_mse=3.742070e-03 train_cos=0.997092 train_nmse=-22.343dB train_rec=0.000000e+00 train_recT=9.323804e-07 train_fc=0.000000e+00 train_decoder_tail=0.000000e+00
I 07.01/10:04:48 train_mapper.py:622 ] epoch=0135 train_loss=3.723139e-03 train_mse=3.722215e-03 train_cos=0.997108 train_nmse=-22.366dB train_rec=0.000000e+00 train_recT=9.242025e-07 train_fc=0.000000e+00 train_decoder_tail=0.000000e+00
I 07.01/10:05:54 train_mapper.py:622 ] epoch=0136 train_loss=3.681762e-03 train_mse=3.680843e-03 train_cos=0.997143 train_nmse=-22.415dB train_rec=0.000000e+00 train_recT=9.194863e-07 train_fc=0.000000e+00 train_decoder_tail=0.000000e+00
I 07.01/10:07:00 train_mapper.py:622 ] epoch=0137 train_loss=3.675606e-03 train_mse=3.674694e-03 train_cos=0.997145 train_nmse=-22.422dB train_rec=0.000000e+00 train_recT=9.122480e-07 train_fc=0.000000e+00 train_decoder_tail=0.000000e+00
I 07.01/10:08:10 train_mapper.py:622 ] epoch=0138 train_loss=3.655802e-03 train_mse=3.654892e-03 train_cos=0.997160 train_nmse=-22.445dB train_rec=0.000000e+00 train_recT=9.093406e-07 train_fc=0.000000e+00 train_decoder_tail=0.000000e+00
I 07.01/10:09:16 train_mapper.py:622 ] epoch=0139 train_loss=3.632528e-03 train_mse=3.631625e-03 train_cos=0.997180 train_nmse=-22.473dB train_rec=0.000000e+00 train_recT=9.033014e-07 train_fc=0.000000e+00 train_decoder_tail=0.000000e+00
I 07.01/10:10:25 train_mapper.py:622 ] epoch=0140 train_loss=3.635651e-03 train_mse=3.634748e-03 train_cos=0.997176 train_nmse=-22.469dB train_rec=0.000000e+00 train_recT=9.030103e-07 train_fc=0.000000e+00 train_decoder_tail=0.000000e+00
I 07.01/10:11:30 train_mapper.py:622 ] epoch=0141 train_loss=3.619202e-03 train_mse=3.618302e-03 train_cos=0.997191 train_nmse=-22.489dB train_rec=0.000000e+00 train_recT=8.998303e-07 train_fc=0.000000e+00 train_decoder_tail=0.000000e+00
I 07.01/10:12:38 train_mapper.py:622 ] epoch=0142 train_loss=3.606849e-03 train_mse=3.605952e-03 train_cos=0.997200 train_nmse=-22.504dB train_rec=0.000000e+00 train_recT=8.969780e-07 train_fc=0.000000e+00 train_decoder_tail=0.000000e+00
I 07.01/10:13:47 train_mapper.py:622 ] epoch=0143 train_loss=3.586567e-03 train_mse=3.585676e-03 train_cos=0.997217 train_nmse=-22.528dB train_rec=0.000000e+00 train_recT=8.906676e-07 train_fc=0.000000e+00 train_decoder_tail=0.000000e+00
I 07.01/10:14:58 train_mapper.py:622 ] epoch=0144 train_loss=3.589388e-03 train_mse=3.588492e-03 train_cos=0.997212 train_nmse=-22.525dB train_rec=0.000000e+00 train_recT=8.955397e-07 train_fc=0.000000e+00 train_decoder_tail=0.000000e+00
I 07.01/10:16:03 train_mapper.py:622 ] epoch=0145 train_loss=3.563982e-03 train_mse=3.563098e-03 train_cos=0.997233 train_nmse=-22.556dB train_rec=0.000000e+00 train_recT=8.840553e-07 train_fc=0.000000e+00 train_decoder_tail=0.000000e+00
I 07.01/10:17:12 train_mapper.py:622 ] epoch=0146 train_loss=3.554838e-03 train_mse=3.553956e-03 train_cos=0.997239 train_nmse=-22.567dB train_rec=0.000000e+00 train_recT=8.823999e-07 train_fc=0.000000e+00 train_decoder_tail=0.000000e+00
I 07.01/10:18:16 train_mapper.py:622 ] epoch=0147 train_loss=3.551920e-03 train_mse=3.551041e-03 train_cos=0.997240 train_nmse=-22.571dB train_rec=0.000000e+00 train_recT=8.795775e-07 train_fc=0.000000e+00 train_decoder_tail=0.000000e+00
I 07.01/10:19:20 train_mapper.py:622 ] epoch=0148 train_loss=3.518067e-03 train_mse=3.517194e-03 train_cos=0.997269 train_nmse=-22.612dB train_rec=0.000000e+00 train_recT=8.737065e-07 train_fc=0.000000e+00 train_decoder_tail=0.000000e+00
I 07.01/10:20:23 train_mapper.py:622 ] epoch=0149 train_loss=3.511395e-03 train_mse=3.510523e-03 train_cos=0.997274 train_nmse=-22.620dB train_rec=0.000000e+00 train_recT=8.723251e-07 train_fc=0.000000e+00 train_decoder_tail=0.000000e+00
I 07.01/10:21:26 train_mapper.py:622 ] epoch=0150 train_loss=3.502701e-03 train_mse=3.501830e-03 train_cos=0.997281 train_nmse=-22.631dB train_rec=0.000000e+00 train_recT=8.711122e-07 train_fc=0.000000e+00 train_decoder_tail=0.000000e+00
I 07.01/10:22:27 train_mapper.py:622 ] epoch=0151 train_loss=3.477802e-03 train_mse=3.476940e-03 train_cos=0.997299 train_nmse=-22.662dB train_rec=0.000000e+00 train_recT=8.615117e-07 train_fc=0.000000e+00 train_decoder_tail=0.000000e+00
I 07.01/10:23:33 train_mapper.py:622 ] epoch=0152 train_loss=3.463526e-03 train_mse=3.462670e-03 train_cos=0.997310 train_nmse=-22.680dB train_rec=0.000000e+00 train_recT=8.567381e-07 train_fc=0.000000e+00 train_decoder_tail=0.000000e+00
I 07.01/10:24:36 train_mapper.py:622 ] epoch=0153 train_loss=3.456988e-03 train_mse=3.456129e-03 train_cos=0.997316 train_nmse=-22.688dB train_rec=0.000000e+00 train_recT=8.589977e-07 train_fc=0.000000e+00 train_decoder_tail=0.000000e+00
I 07.01/10:25:44 train_mapper.py:622 ] epoch=0154 train_loss=3.450910e-03 train_mse=3.450054e-03 train_cos=0.997320 train_nmse=-22.696dB train_rec=0.000000e+00 train_recT=8.564168e-07 train_fc=0.000000e+00 train_decoder_tail=0.000000e+00
I 07.01/10:26:51 train_mapper.py:622 ] epoch=0155 train_loss=3.439941e-03 train_mse=3.439089e-03 train_cos=0.997329 train_nmse=-22.710dB train_rec=0.000000e+00 train_recT=8.528418e-07 train_fc=0.000000e+00 train_decoder_tail=0.000000e+00
I 07.01/10:28:00 train_mapper.py:622 ] epoch=0156 train_loss=3.426281e-03 train_mse=3.425433e-03 train_cos=0.997341 train_nmse=-22.727dB train_rec=0.000000e+00 train_recT=8.485856e-07 train_fc=0.000000e+00 train_decoder_tail=0.000000e+00
I 07.01/10:29:09 train_mapper.py:622 ] epoch=0157 train_loss=3.409122e-03 train_mse=3.408278e-03 train_cos=0.997352 train_nmse=-22.749dB train_rec=0.000000e+00 train_recT=8.434705e-07 train_fc=0.000000e+00 train_decoder_tail=0.000000e+00
I 07.01/10:30:20 train_mapper.py:622 ] epoch=0158 train_loss=3.405056e-03 train_mse=3.404212e-03 train_cos=0.997356 train_nmse=-22.754dB train_rec=0.000000e+00 train_recT=8.439369e-07 train_fc=0.000000e+00 train_decoder_tail=0.000000e+00
I 07.01/10:31:30 train_mapper.py:622 ] epoch=0159 train_loss=3.383121e-03 train_mse=3.382284e-03 train_cos=0.997374 train_nmse=-22.782dB train_rec=0.000000e+00 train_recT=8.374546e-07 train_fc=0.000000e+00 train_decoder_tail=0.000000e+00
I 07.01/10:32:38 train_mapper.py:622 ] epoch=0160 train_loss=3.377681e-03 train_mse=3.376845e-03 train_cos=0.997378 train_nmse=-22.789dB train_rec=0.000000e+00 train_recT=8.362756e-07 train_fc=0.000000e+00 train_decoder_tail=0.000000e+00
I 07.01/10:33:42 train_mapper.py:622 ] epoch=0161 train_loss=3.366960e-03 train_mse=3.366128e-03 train_cos=0.997386 train_nmse=-22.803dB train_rec=0.000000e+00 train_recT=8.328015e-07 train_fc=0.000000e+00 train_decoder_tail=0.000000e+00
I 07.01/10:34:52 train_mapper.py:622 ] epoch=0162 train_loss=3.366160e-03 train_mse=3.365325e-03 train_cos=0.997388 train_nmse=-22.804dB train_rec=0.000000e+00 train_recT=8.356439e-07 train_fc=0.000000e+00 train_decoder_tail=0.000000e+00
I 07.01/10:36:05 train_mapper.py:622 ] epoch=0163 train_loss=3.346543e-03 train_mse=3.345713e-03 train_cos=0.997402 train_nmse=-22.829dB train_rec=0.000000e+00 train_recT=8.302485e-07 train_fc=0.000000e+00 train_decoder_tail=0.000000e+00
I 07.01/10:37:10 train_mapper.py:622 ] epoch=0164 train_loss=3.325770e-03 train_mse=3.324944e-03 train_cos=0.997420 train_nmse=-22.856dB train_rec=0.000000e+00 train_recT=8.256710e-07 train_fc=0.000000e+00 train_decoder_tail=0.000000e+00
I 07.01/10:38:16 train_mapper.py:622 ] epoch=0165 train_loss=3.311452e-03 train_mse=3.310633e-03 train_cos=0.997429 train_nmse=-22.875dB train_rec=0.000000e+00 train_recT=8.190256e-07 train_fc=0.000000e+00 train_decoder_tail=0.000000e+00
I 07.01/10:39:21 train_mapper.py:622 ] epoch=0166 train_loss=3.306091e-03 train_mse=3.305274e-03 train_cos=0.997432 train_nmse=-22.882dB train_rec=0.000000e+00 train_recT=8.169352e-07 train_fc=0.000000e+00 train_decoder_tail=0.000000e+00
I 07.01/10:40:28 train_mapper.py:622 ] epoch=0167 train_loss=3.284629e-03 train_mse=3.283817e-03 train_cos=0.997449 train_nmse=-22.910dB train_rec=0.000000e+00 train_recT=8.112867e-07 train_fc=0.000000e+00 train_decoder_tail=0.000000e+00
I 07.01/10:41:36 train_mapper.py:622 ] epoch=0168 train_loss=3.285391e-03 train_mse=3.284579e-03 train_cos=0.997448 train_nmse=-22.909dB train_rec=0.000000e+00 train_recT=8.116114e-07 train_fc=0.000000e+00 train_decoder_tail=0.000000e+00
I 07.01/10:42:41 train_mapper.py:622 ] epoch=0169 train_loss=3.273379e-03 train_mse=3.272569e-03 train_cos=0.997459 train_nmse=-22.925dB train_rec=0.000000e+00 train_recT=8.095751e-07 train_fc=0.000000e+00 train_decoder_tail=0.000000e+00
I 07.01/10:43:51 train_mapper.py:622 ] epoch=0170 train_loss=3.259819e-03 train_mse=3.259013e-03 train_cos=0.997468 train_nmse=-22.943dB train_rec=0.000000e+00 train_recT=8.065973e-07 train_fc=0.000000e+00 train_decoder_tail=0.000000e+00
I 07.01/10:44:57 train_mapper.py:622 ] epoch=0171 train_loss=3.260989e-03 train_mse=3.260183e-03 train_cos=0.997467 train_nmse=-22.942dB train_rec=0.000000e+00 train_recT=8.061450e-07 train_fc=0.000000e+00 train_decoder_tail=0.000000e+00
I 07.01/10:46:05 train_mapper.py:622 ] epoch=0172 train_loss=3.241061e-03 train_mse=3.240261e-03 train_cos=0.997483 train_nmse=-22.968dB train_rec=0.000000e+00 train_recT=7.993489e-07 train_fc=0.000000e+00 train_decoder_tail=0.000000e+00
I 07.01/10:47:16 train_mapper.py:622 ] epoch=0173 train_loss=3.216575e-03 train_mse=3.215784e-03 train_cos=0.997502 train_nmse=-23.001dB train_rec=0.000000e+00 train_recT=7.918395e-07 train_fc=0.000000e+00 train_decoder_tail=0.000000e+00
I 07.01/10:48:24 train_mapper.py:622 ] epoch=0174 train_loss=3.221795e-03 train_mse=3.221001e-03 train_cos=0.997498 train_nmse=-22.994dB train_rec=0.000000e+00 train_recT=7.937873e-07 train_fc=0.000000e+00 train_decoder_tail=0.000000e+00
I 07.01/10:49:33 train_mapper.py:622 ] epoch=0175 train_loss=3.226048e-03 train_mse=3.225248e-03 train_cos=0.997494 train_nmse=-22.988dB train_rec=0.000000e+00 train_recT=8.002052e-07 train_fc=0.000000e+00 train_decoder_tail=0.000000e+00
I 07.01/10:50:39 train_mapper.py:622 ] epoch=0176 train_loss=3.195970e-03 train_mse=3.195182e-03 train_cos=0.997518 train_nmse=-23.029dB train_rec=0.000000e+00 train_recT=7.882059e-07 train_fc=0.000000e+00 train_decoder_tail=0.000000e+00
I 07.01/10:51:49 train_mapper.py:622 ] epoch=0177 train_loss=3.203555e-03 train_mse=3.202764e-03 train_cos=0.997512 train_nmse=-23.019dB train_rec=0.000000e+00 train_recT=7.916528e-07 train_fc=0.000000e+00 train_decoder_tail=0.000000e+00
I 07.01/10:52:57 train_mapper.py:622 ] epoch=0178 train_loss=3.180470e-03 train_mse=3.179684e-03 train_cos=0.997531 train_nmse=-23.050dB train_rec=0.000000e+00 train_recT=7.858938e-07 train_fc=0.000000e+00 train_decoder_tail=0.000000e+00
I 07.01/10:54:02 train_mapper.py:622 ] epoch=0179 train_loss=3.164141e-03 train_mse=3.163360e-03 train_cos=0.997543 train_nmse=-23.072dB train_rec=0.000000e+00 train_recT=7.807952e-07 train_fc=0.000000e+00 train_decoder_tail=0.000000e+00
I 07.01/10:55:09 train_mapper.py:622 ] epoch=0180 train_loss=3.157667e-03 train_mse=3.156888e-03 train_cos=0.997548 train_nmse=-23.081dB train_rec=0.000000e+00 train_recT=7.786731e-07 train_fc=0.000000e+00 train_decoder_tail=0.000000e+00
I 07.01/10:56:16 train_mapper.py:622 ] epoch=0181 train_loss=3.159057e-03 train_mse=3.158278e-03 train_cos=0.997547 train_nmse=-23.079dB train_rec=0.000000e+00 train_recT=7.791169e-07 train_fc=0.000000e+00 train_decoder_tail=0.000000e+00
I 07.01/10:57:20 train_mapper.py:622 ] epoch=0182 train_loss=3.135437e-03 train_mse=3.134665e-03 train_cos=0.997565 train_nmse=-23.112dB train_rec=0.000000e+00 train_recT=7.722901e-07 train_fc=0.000000e+00 train_decoder_tail=0.000000e+00
I 07.01/10:58:27 train_mapper.py:622 ] epoch=0183 train_loss=3.128664e-03 train_mse=3.127893e-03 train_cos=0.997570 train_nmse=-23.122dB train_rec=0.000000e+00 train_recT=7.706185e-07 train_fc=0.000000e+00 train_decoder_tail=0.000000e+00
I 07.01/10:59:31 train_mapper.py:622 ] epoch=0184 train_loss=3.112876e-03 train_mse=3.112110e-03 train_cos=0.997581 train_nmse=-23.144dB train_rec=0.000000e+00 train_recT=7.661166e-07 train_fc=0.000000e+00 train_decoder_tail=0.000000e+00
I 07.01/11:00:42 train_mapper.py:622 ] epoch=0185 train_loss=3.114345e-03 train_mse=3.113580e-03 train_cos=0.997580 train_nmse=-23.141dB train_rec=0.000000e+00 train_recT=7.659302e-07 train_fc=0.000000e+00 train_decoder_tail=0.000000e+00
I 07.01/11:01:43 train_mapper.py:622 ] epoch=0186 train_loss=3.113157e-03 train_mse=3.112389e-03 train_cos=0.997583 train_nmse=-23.143dB train_rec=0.000000e+00 train_recT=7.681695e-07 train_fc=0.000000e+00 train_decoder_tail=0.000000e+00
I 07.01/11:02:46 train_mapper.py:622 ] epoch=0187 train_loss=3.098834e-03 train_mse=3.098070e-03 train_cos=0.997595 train_nmse=-23.163dB train_rec=0.000000e+00 train_recT=7.635545e-07 train_fc=0.000000e+00 train_decoder_tail=0.000000e+00
I 07.01/11:03:51 train_mapper.py:622 ] epoch=0188 train_loss=3.099523e-03 train_mse=3.098758e-03 train_cos=0.997594 train_nmse=-23.162dB train_rec=0.000000e+00 train_recT=7.649458e-07 train_fc=0.000000e+00 train_decoder_tail=0.000000e+00
I 07.01/11:04:57 train_mapper.py:622 ] epoch=0189 train_loss=3.094318e-03 train_mse=3.093551e-03 train_cos=0.997598 train_nmse=-23.170dB train_rec=0.000000e+00 train_recT=7.667110e-07 train_fc=0.000000e+00 train_decoder_tail=0.000000e+00
I 07.01/11:06:05 train_mapper.py:622 ] epoch=0190 train_loss=3.081913e-03 train_mse=3.081153e-03 train_cos=0.997608 train_nmse=-23.187dB train_rec=0.000000e+00 train_recT=7.601234e-07 train_fc=0.000000e+00 train_decoder_tail=0.000000e+00
I 07.01/11:07:13 train_mapper.py:622 ] epoch=0191 train_loss=3.058474e-03 train_mse=3.057720e-03 train_cos=0.997625 train_nmse=-23.220dB train_rec=0.000000e+00 train_recT=7.538339e-07 train_fc=0.000000e+00 train_decoder_tail=0.000000e+00
I 07.01/11:08:19 train_mapper.py:622 ] epoch=0192 train_loss=3.058325e-03 train_mse=3.057570e-03 train_cos=0.997624 train_nmse=-23.220dB train_rec=0.000000e+00 train_recT=7.556258e-07 train_fc=0.000000e+00 train_decoder_tail=0.000000e+00
I 07.01/11:09:28 train_mapper.py:622 ] epoch=0193 train_loss=3.034454e-03 train_mse=3.033711e-03 train_cos=0.997643 train_nmse=-23.254dB train_rec=0.000000e+00 train_recT=7.431271e-07 train_fc=0.000000e+00 train_decoder_tail=0.000000e+00
I 07.01/11:10:33 train_mapper.py:622 ] epoch=0194 train_loss=3.032476e-03 train_mse=3.031733e-03 train_cos=0.997644 train_nmse=-23.257dB train_rec=0.000000e+00 train_recT=7.428908e-07 train_fc=0.000000e+00 train_decoder_tail=0.000000e+00
I 07.01/11:11:37 train_mapper.py:622 ] epoch=0195 train_loss=3.022947e-03 train_mse=3.022203e-03 train_cos=0.997652 train_nmse=-23.271dB train_rec=0.000000e+00 train_recT=7.439082e-07 train_fc=0.000000e+00 train_decoder_tail=0.000000e+00
I 07.01/11:12:42 train_mapper.py:622 ] epoch=0196 train_loss=3.019086e-03 train_mse=3.018343e-03 train_cos=0.997655 train_nmse=-23.276dB train_rec=0.000000e+00 train_recT=7.433994e-07 train_fc=0.000000e+00 train_decoder_tail=0.000000e+00
I 07.01/11:13:44 train_mapper.py:622 ] epoch=0197 train_loss=3.023798e-03 train_mse=3.023049e-03 train_cos=0.997653 train_nmse=-23.269dB train_rec=0.000000e+00 train_recT=7.486692e-07 train_fc=0.000000e+00 train_decoder_tail=0.000000e+00
I 07.01/11:14:48 train_mapper.py:622 ] epoch=0198 train_loss=3.013757e-03 train_mse=3.013013e-03 train_cos=0.997660 train_nmse=-23.284dB train_rec=0.000000e+00 train_recT=7.434218e-07 train_fc=0.000000e+00 train_decoder_tail=0.000000e+00
I 07.01/11:15:55 train_mapper.py:622 ] epoch=0199 train_loss=2.998019e-03 train_mse=2.997281e-03 train_cos=0.997673 train_nmse=-23.307dB train_rec=0.000000e+00 train_recT=7.374290e-07 train_fc=0.000000e+00 train_decoder_tail=0.000000e+00
I 07.01/11:17:02 train_mapper.py:622 ] epoch=0200 train_loss=2.975398e-03 train_mse=2.974668e-03 train_cos=0.997689 train_nmse=-23.340dB train_rec=0.000000e+00 train_recT=7.295468e-07 train_fc=0.000000e+00 train_decoder_tail=0.000000e+00
I 07.01/11:18:05 train_mapper.py:622 ] epoch=0201 train_loss=2.972788e-03 train_mse=2.972059e-03 train_cos=0.997691 train_nmse=-23.344dB train_rec=0.000000e+00 train_recT=7.286763e-07 train_fc=0.000000e+00 train_decoder_tail=0.000000e+00
I 07.01/11:19:12 train_mapper.py:622 ] epoch=0202 train_loss=2.974636e-03 train_mse=2.973905e-03 train_cos=0.997691 train_nmse=-23.341dB train_rec=0.000000e+00 train_recT=7.315169e-07 train_fc=0.000000e+00 train_decoder_tail=0.000000e+00
I 07.01/11:20:15 train_mapper.py:622 ] epoch=0203 train_loss=2.960115e-03 train_mse=2.959387e-03 train_cos=0.997702 train_nmse=-23.362dB train_rec=0.000000e+00 train_recT=7.280645e-07 train_fc=0.000000e+00 train_decoder_tail=0.000000e+00
I 07.01/11:21:19 train_mapper.py:622 ] epoch=0204 train_loss=2.955932e-03 train_mse=2.955205e-03 train_cos=0.997705 train_nmse=-23.368dB train_rec=0.000000e+00 train_recT=7.276149e-07 train_fc=0.000000e+00 train_decoder_tail=0.000000e+00
I 07.01/11:22:21 train_mapper.py:622 ] epoch=0205 train_loss=2.935665e-03 train_mse=2.934946e-03 train_cos=0.997720 train_nmse=-23.398dB train_rec=0.000000e+00 train_recT=7.197021e-07 train_fc=0.000000e+00 train_decoder_tail=0.000000e+00
I 07.01/11:23:25 train_mapper.py:622 ] epoch=0206 train_loss=2.932335e-03 train_mse=2.931616e-03 train_cos=0.997722 train_nmse=-23.403dB train_rec=0.000000e+00 train_recT=7.186768e-07 train_fc=0.000000e+00 train_decoder_tail=0.000000e+00
I 07.01/11:24:28 train_mapper.py:622 ] epoch=0207 train_loss=2.936987e-03 train_mse=2.936263e-03 train_cos=0.997719 train_nmse=-23.396dB train_rec=0.000000e+00 train_recT=7.239402e-07 train_fc=0.000000e+00 train_decoder_tail=0.000000e+00
I 07.01/11:25:28 train_mapper.py:622 ] epoch=0208 train_loss=2.920976e-03 train_mse=2.920260e-03 train_cos=0.997732 train_nmse=-23.420dB train_rec=0.000000e+00 train_recT=7.160222e-07 train_fc=0.000000e+00 train_decoder_tail=0.000000e+00
I 07.01/11:26:26 train_mapper.py:622 ] epoch=0209 train_loss=2.923662e-03 train_mse=2.922941e-03 train_cos=0.997732 train_nmse=-23.416dB train_rec=0.000000e+00 train_recT=7.205120e-07 train_fc=0.000000e+00 train_decoder_tail=0.000000e+00
I 07.01/11:27:26 train_mapper.py:622 ] epoch=0210 train_loss=2.910540e-03 train_mse=2.909824e-03 train_cos=0.997743 train_nmse=-23.435dB train_rec=0.000000e+00 train_recT=7.162534e-07 train_fc=0.000000e+00 train_decoder_tail=0.000000e+00
I 07.01/11:28:29 train_mapper.py:622 ] epoch=0211 train_loss=2.912016e-03 train_mse=2.911299e-03 train_cos=0.997740 train_nmse=-23.433dB train_rec=0.000000e+00 train_recT=7.169248e-07 train_fc=0.000000e+00 train_decoder_tail=0.000000e+00
I 07.01/11:29:33 train_mapper.py:622 ] epoch=0212 train_loss=2.905187e-03 train_mse=2.904473e-03 train_cos=0.997743 train_nmse=-23.444dB train_rec=0.000000e+00 train_recT=7.145002e-07 train_fc=0.000000e+00 train_decoder_tail=0.000000e+00
I 07.01/11:30:38 train_mapper.py:622 ] epoch=0213 train_loss=2.880078e-03 train_mse=2.879370e-03 train_cos=0.997766 train_nmse=-23.481dB train_rec=0.000000e+00 train_recT=7.075890e-07 train_fc=0.000000e+00 train_decoder_tail=0.000000e+00
I 07.01/11:31:42 train_mapper.py:622 ] epoch=0214 train_loss=2.888982e-03 train_mse=2.888265e-03 train_cos=0.997760 train_nmse=-23.468dB train_rec=0.000000e+00 train_recT=7.169261e-07 train_fc=0.000000e+00 train_decoder_tail=0.000000e+00
I 07.01/11:32:41 train_mapper.py:622 ] epoch=0215 train_loss=2.872049e-03 train_mse=2.871339e-03 train_cos=0.997773 train_nmse=-23.493dB train_rec=0.000000e+00 train_recT=7.095454e-07 train_fc=0.000000e+00 train_decoder_tail=0.000000e+00
I 07.01/11:33:44 train_mapper.py:622 ] epoch=0216 train_loss=2.877080e-03 train_mse=2.876374e-03 train_cos=0.997766 train_nmse=-23.485dB train_rec=0.000000e+00 train_recT=7.053163e-07 train_fc=0.000000e+00 train_decoder_tail=0.000000e+00
I 07.01/11:34:46 train_mapper.py:622 ] epoch=0217 train_loss=2.865256e-03 train_mse=2.864551e-03 train_cos=0.997777 train_nmse=-23.504dB train_rec=0.000000e+00 train_recT=7.053030e-07 train_fc=0.000000e+00 train_decoder_tail=0.000000e+00
I 07.01/11:35:50 train_mapper.py:622 ] epoch=0218 train_loss=2.847743e-03 train_mse=2.847045e-03 train_cos=0.997789 train_nmse=-23.530dB train_rec=0.000000e+00 train_recT=6.984003e-07 train_fc=0.000000e+00 train_decoder_tail=0.000000e+00
I 07.01/11:36:54 train_mapper.py:622 ] epoch=0219 train_loss=2.827871e-03 train_mse=2.827176e-03 train_cos=0.997806 train_nmse=-23.561dB train_rec=0.000000e+00 train_recT=6.944373e-07 train_fc=0.000000e+00 train_decoder_tail=0.000000e+00
I 07.01/11:38:00 train_mapper.py:622 ] epoch=0220 train_loss=2.832522e-03 train_mse=2.831829e-03 train_cos=0.997800 train_nmse=-23.553dB train_rec=0.000000e+00 train_recT=6.931648e-07 train_fc=0.000000e+00 train_decoder_tail=0.000000e+00
I 07.01/11:39:06 train_mapper.py:622 ] epoch=0221 train_loss=2.827917e-03 train_mse=2.827222e-03 train_cos=0.997805 train_nmse=-23.560dB train_rec=0.000000e+00 train_recT=6.948240e-07 train_fc=0.000000e+00 train_decoder_tail=0.000000e+00
I 07.01/11:40:08 train_mapper.py:622 ] epoch=0222 train_loss=2.819028e-03 train_mse=2.818336e-03 train_cos=0.997811 train_nmse=-23.574dB train_rec=0.000000e+00 train_recT=6.911874e-07 train_fc=0.000000e+00 train_decoder_tail=0.000000e+00
I 07.01/11:41:12 train_mapper.py:622 ] epoch=0223 train_loss=2.810223e-03 train_mse=2.809533e-03 train_cos=0.997819 train_nmse=-23.588dB train_rec=0.000000e+00 train_recT=6.904334e-07 train_fc=0.000000e+00 train_decoder_tail=0.000000e+00
I 07.01/11:42:14 train_mapper.py:622 ] epoch=0224 train_loss=2.813600e-03 train_mse=2.812908e-03 train_cos=0.997815 train_nmse=-23.583dB train_rec=0.000000e+00 train_recT=6.922265e-07 train_fc=0.000000e+00 train_decoder_tail=0.000000e+00
I 07.01/11:43:17 train_mapper.py:622 ] epoch=0225 train_loss=2.798625e-03 train_mse=2.797938e-03 train_cos=0.997828 train_nmse=-23.606dB train_rec=0.000000e+00 train_recT=6.865423e-07 train_fc=0.000000e+00 train_decoder_tail=0.000000e+00
I 07.01/11:44:24 train_mapper.py:622 ] epoch=0226 train_loss=2.790732e-03 train_mse=2.790049e-03 train_cos=0.997834 train_nmse=-23.618dB train_rec=0.000000e+00 train_recT=6.835458e-07 train_fc=0.000000e+00 train_decoder_tail=0.000000e+00
I 07.01/11:45:25 train_mapper.py:622 ] epoch=0227 train_loss=2.787715e-03 train_mse=2.787031e-03 train_cos=0.997836 train_nmse=-23.622dB train_rec=0.000000e+00 train_recT=6.839874e-07 train_fc=0.000000e+00 train_decoder_tail=0.000000e+00
I 07.01/11:46:28 train_mapper.py:622 ] epoch=0228 train_loss=2.785368e-03 train_mse=2.784684e-03 train_cos=0.997838 train_nmse=-23.627dB train_rec=0.000000e+00 train_recT=6.831515e-07 train_fc=0.000000e+00 train_decoder_tail=0.000000e+00
I 07.01/11:47:33 train_mapper.py:622 ] epoch=0229 train_loss=2.787445e-03 train_mse=2.786759e-03 train_cos=0.997836 train_nmse=-23.623dB train_rec=0.000000e+00 train_recT=6.860480e-07 train_fc=0.000000e+00 train_decoder_tail=0.000000e+00
I 07.01/11:48:33 train_mapper.py:622 ] epoch=0230 train_loss=2.761992e-03 train_mse=2.761316e-03 train_cos=0.997857 train_nmse=-23.663dB train_rec=0.000000e+00 train_recT=6.756982e-07 train_fc=0.000000e+00 train_decoder_tail=0.000000e+00
I 07.01/11:49:37 train_mapper.py:622 ] epoch=0231 train_loss=2.752796e-03 train_mse=2.752123e-03 train_cos=0.997863 train_nmse=-23.677dB train_rec=0.000000e+00 train_recT=6.730071e-07 train_fc=0.000000e+00 train_decoder_tail=0.000000e+00
I 07.01/11:50:40 train_mapper.py:622 ] epoch=0232 train_loss=2.754596e-03 train_mse=2.753922e-03 train_cos=0.997862 train_nmse=-23.674dB train_rec=0.000000e+00 train_recT=6.739351e-07 train_fc=0.000000e+00 train_decoder_tail=0.000000e+00
I 07.01/11:51:41 train_mapper.py:622 ] epoch=0233 train_loss=2.749916e-03 train_mse=2.749241e-03 train_cos=0.997867 train_nmse=-23.682dB train_rec=0.000000e+00 train_recT=6.749114e-07 train_fc=0.000000e+00 train_decoder_tail=0.000000e+00
I 07.01/11:52:45 train_mapper.py:622 ] epoch=0234 train_loss=2.738778e-03 train_mse=2.738108e-03 train_cos=0.997876 train_nmse=-23.699dB train_rec=0.000000e+00 train_recT=6.705991e-07 train_fc=0.000000e+00 train_decoder_tail=0.000000e+00
I 07.01/11:53:47 train_mapper.py:622 ] epoch=0235 train_loss=2.746962e-03 train_mse=2.746291e-03 train_cos=0.997868 train_nmse=-23.687dB train_rec=0.000000e+00 train_recT=6.716756e-07 train_fc=0.000000e+00 train_decoder_tail=0.000000e+00
I 07.01/11:54:50 train_mapper.py:622 ] epoch=0236 train_loss=2.735729e-03 train_mse=2.735058e-03 train_cos=0.997877 train_nmse=-23.705dB train_rec=0.000000e+00 train_recT=6.702556e-07 train_fc=0.000000e+00 train_decoder_tail=0.000000e+00
I 07.01/11:55:52 train_mapper.py:622 ] epoch=0237 train_loss=2.733123e-03 train_mse=2.732451e-03 train_cos=0.997880 train_nmse=-23.708dB train_rec=0.000000e+00 train_recT=6.716489e-07 train_fc=0.000000e+00 train_decoder_tail=0.000000e+00
I 07.01/11:56:53 train_mapper.py:622 ] epoch=0238 train_loss=2.708040e-03 train_mse=2.707376e-03 train_cos=0.997900 train_nmse=-23.748dB train_rec=0.000000e+00 train_recT=6.639604e-07 train_fc=0.000000e+00 train_decoder_tail=0.000000e+00
I 07.01/11:57:54 train_mapper.py:622 ] epoch=0239 train_loss=2.704838e-03 train_mse=2.704175e-03 train_cos=0.997901 train_nmse=-23.754dB train_rec=0.000000e+00 train_recT=6.628795e-07 train_fc=0.000000e+00 train_decoder_tail=0.000000e+00
I 07.01/11:58:55 train_mapper.py:622 ] epoch=0240 train_loss=2.700203e-03 train_mse=2.699542e-03 train_cos=0.997904 train_nmse=-23.761dB train_rec=0.000000e+00 train_recT=6.610042e-07 train_fc=0.000000e+00 train_decoder_tail=0.000000e+00
I 07.01/12:00:01 train_mapper.py:622 ] epoch=0241 train_loss=2.696305e-03 train_mse=2.695644e-03 train_cos=0.997908 train_nmse=-23.767dB train_rec=0.000000e+00 train_recT=6.609785e-07 train_fc=0.000000e+00 train_decoder_tail=0.000000e+00
I 07.01/12:01:06 train_mapper.py:622 ] epoch=0242 train_loss=2.691679e-03 train_mse=2.691019e-03 train_cos=0.997911 train_nmse=-23.775dB train_rec=0.000000e+00 train_recT=6.592967e-07 train_fc=0.000000e+00 train_decoder_tail=0.000000e+00
I 07.01/12:02:10 train_mapper.py:622 ] epoch=0243 train_loss=2.679823e-03 train_mse=2.679169e-03 train_cos=0.997919 train_nmse=-23.794dB train_rec=0.000000e+00 train_recT=6.537708e-07 train_fc=0.000000e+00 train_decoder_tail=0.000000e+00
I 07.01/12:03:14 train_mapper.py:622 ] epoch=0244 train_loss=2.683926e-03 train_mse=2.683268e-03 train_cos=0.997917 train_nmse=-23.787dB train_rec=0.000000e+00 train_recT=6.579198e-07 train_fc=0.000000e+00 train_decoder_tail=0.000000e+00
I 07.01/12:04:14 train_mapper.py:622 ] epoch=0245 train_loss=2.672859e-03 train_mse=2.672206e-03 train_cos=0.997927 train_nmse=-23.805dB train_rec=0.000000e+00 train_recT=6.531119e-07 train_fc=0.000000e+00 train_decoder_tail=0.000000e+00
I 07.01/12:05:16 train_mapper.py:622 ] epoch=0246 train_loss=2.662289e-03 train_mse=2.661639e-03 train_cos=0.997934 train_nmse=-23.823dB train_rec=0.000000e+00 train_recT=6.499982e-07 train_fc=0.000000e+00 train_decoder_tail=0.000000e+00
I 07.01/12:06:17 train_mapper.py:622 ] epoch=0247 train_loss=2.660840e-03 train_mse=2.660189e-03 train_cos=0.997935 train_nmse=-23.825dB train_rec=0.000000e+00 train_recT=6.510032e-07 train_fc=0.000000e+00 train_decoder_tail=0.000000e+00
I 07.01/12:07:22 train_mapper.py:622 ] epoch=0248 train_loss=2.647661e-03 train_mse=2.647015e-03 train_cos=0.997945 train_nmse=-23.846dB train_rec=0.000000e+00 train_recT=6.467491e-07 train_fc=0.000000e+00 train_decoder_tail=0.000000e+00
I 07.01/12:08:27 train_mapper.py:622 ] epoch=0249 train_loss=2.651258e-03 train_mse=2.650605e-03 train_cos=0.997944 train_nmse=-23.840dB train_rec=0.000000e+00 train_recT=6.529129e-07 train_fc=0.000000e+00 train_decoder_tail=0.000000e+00
I 07.01/12:09:28 train_mapper.py:622 ] epoch=0250 train_loss=2.637247e-03 train_mse=2.636602e-03 train_cos=0.997955 train_nmse=-23.863dB train_rec=0.000000e+00 train_recT=6.452474e-07 train_fc=0.000000e+00 train_decoder_tail=0.000000e+00
I 07.01/12:10:29 train_mapper.py:622 ] epoch=0251 train_loss=2.644604e-03 train_mse=2.643959e-03 train_cos=0.997948 train_nmse=-23.851dB train_rec=0.000000e+00 train_recT=6.455470e-07 train_fc=0.000000e+00 train_decoder_tail=0.000000e+00
I 07.01/12:11:32 train_mapper.py:622 ] epoch=0252 train_loss=2.631555e-03 train_mse=2.630911e-03 train_cos=0.997959 train_nmse=-23.873dB train_rec=0.000000e+00 train_recT=6.435302e-07 train_fc=0.000000e+00 train_decoder_tail=0.000000e+00
I 07.01/12:12:33 train_mapper.py:622 ] epoch=0253 train_loss=2.623244e-03 train_mse=2.622606e-03 train_cos=0.997965 train_nmse=-23.887dB train_rec=0.000000e+00 train_recT=6.383673e-07 train_fc=0.000000e+00 train_decoder_tail=0.000000e+00
I 07.01/12:13:36 train_mapper.py:622 ] epoch=0254 train_loss=2.618131e-03 train_mse=2.617490e-03 train_cos=0.997969 train_nmse=-23.895dB train_rec=0.000000e+00 train_recT=6.406017e-07 train_fc=0.000000e+00 train_decoder_tail=0.000000e+00
I 07.01/12:14:34 train_mapper.py:622 ] epoch=0255 train_loss=2.611730e-03 train_mse=2.611093e-03 train_cos=0.997974 train_nmse=-23.906dB train_rec=0.000000e+00 train_recT=6.374343e-07 train_fc=0.000000e+00 train_decoder_tail=0.000000e+00
I 07.01/12:15:37 train_mapper.py:622 ] epoch=0256 train_loss=2.622266e-03 train_mse=2.621620e-03 train_cos=0.997967 train_nmse=-23.888dB train_rec=0.000000e+00 train_recT=6.458339e-07 train_fc=0.000000e+00 train_decoder_tail=0.000000e+00
I 07.01/12:16:38 train_mapper.py:622 ] epoch=0257 train_loss=2.605868e-03 train_mse=2.605235e-03 train_cos=0.997978 train_nmse=-23.916dB train_rec=0.000000e+00 train_recT=6.337961e-07 train_fc=0.000000e+00 train_decoder_tail=0.000000e+00
I 07.01/12:17:38 train_mapper.py:622 ] epoch=0258 train_loss=2.592761e-03 train_mse=2.592131e-03 train_cos=0.997989 train_nmse=-23.938dB train_rec=0.000000e+00 train_recT=6.304837e-07 train_fc=0.000000e+00 train_decoder_tail=0.000000e+00
I 07.01/12:18:40 train_mapper.py:622 ] epoch=0259 train_loss=2.595396e-03 train_mse=2.594762e-03 train_cos=0.997986 train_nmse=-23.933dB train_rec=0.000000e+00 train_recT=6.340883e-07 train_fc=0.000000e+00 train_decoder_tail=0.000000e+00
I 07.01/12:19:40 train_mapper.py:622 ] epoch=0260 train_loss=2.595352e-03 train_mse=2.594717e-03 train_cos=0.997987 train_nmse=-23.933dB train_rec=0.000000e+00 train_recT=6.346829e-07 train_fc=0.000000e+00 train_decoder_tail=0.000000e+00
I 07.01/12:20:39 train_mapper.py:622 ] epoch=0261 train_loss=2.584811e-03 train_mse=2.584178e-03 train_cos=0.997996 train_nmse=-23.951dB train_rec=0.000000e+00 train_recT=6.331768e-07 train_fc=0.000000e+00 train_decoder_tail=0.000000e+00
I 07.01/12:21:38 train_mapper.py:622 ] epoch=0262 train_loss=2.576075e-03 train_mse=2.575447e-03 train_cos=0.998001 train_nmse=-23.966dB train_rec=0.000000e+00 train_recT=6.281455e-07 train_fc=0.000000e+00 train_decoder_tail=0.000000e+00
I 07.01/12:22:37 train_mapper.py:622 ] epoch=0263 train_loss=2.567566e-03 train_mse=2.566942e-03 train_cos=0.998008 train_nmse=-23.980dB train_rec=0.000000e+00 train_recT=6.238559e-07 train_fc=0.000000e+00 train_decoder_tail=0.000000e+00
I 07.01/12:23:38 train_mapper.py:622 ] epoch=0264 train_loss=2.558904e-03 train_mse=2.558279e-03 train_cos=0.998016 train_nmse=-23.995dB train_rec=0.000000e+00 train_recT=6.246178e-07 train_fc=0.000000e+00 train_decoder_tail=0.000000e+00
I 07.01/12:24:33 train_mapper.py:622 ] epoch=0265 train_loss=2.557966e-03 train_mse=2.557342e-03 train_cos=0.998015 train_nmse=-23.996dB train_rec=0.000000e+00 train_recT=6.244045e-07 train_fc=0.000000e+00 train_decoder_tail=0.000000e+00
I 07.01/12:25:31 train_mapper.py:622 ] epoch=0266 train_loss=2.546343e-03 train_mse=2.545724e-03 train_cos=0.998025 train_nmse=-24.016dB train_rec=0.000000e+00 train_recT=6.194511e-07 train_fc=0.000000e+00 train_decoder_tail=0.000000e+00
I 07.01/12:26:29 train_mapper.py:622 ] epoch=0267 train_loss=2.558037e-03 train_mse=2.557412e-03 train_cos=0.998015 train_nmse=-23.996dB train_rec=0.000000e+00 train_recT=6.252920e-07 train_fc=0.000000e+00 train_decoder_tail=0.000000e+00
I 07.01/12:27:25 train_mapper.py:622 ] epoch=0268 train_loss=2.547395e-03 train_mse=2.546774e-03 train_cos=0.998024 train_nmse=-24.014dB train_rec=0.000000e+00 train_recT=6.209835e-07 train_fc=0.000000e+00 train_decoder_tail=0.000000e+00
I 07.01/12:28:23 train_mapper.py:622 ] epoch=0269 train_loss=2.537513e-03 train_mse=2.536893e-03 train_cos=0.998032 train_nmse=-24.031dB train_rec=0.000000e+00 train_recT=6.205317e-07 train_fc=0.000000e+00 train_decoder_tail=0.000000e+00
I 07.01/12:29:19 train_mapper.py:622 ] epoch=0270 train_loss=2.529443e-03 train_mse=2.528828e-03 train_cos=0.998037 train_nmse=-24.045dB train_rec=0.000000e+00 train_recT=6.152192e-07 train_fc=0.000000e+00 train_decoder_tail=0.000000e+00
I 07.01/12:30:07 train_mapper.py:622 ] epoch=0271 train_loss=2.531136e-03 train_mse=2.530519e-03 train_cos=0.998035 train_nmse=-24.042dB train_rec=0.000000e+00 train_recT=6.169186e-07 train_fc=0.000000e+00 train_decoder_tail=0.000000e+00
I 07.01/12:30:54 train_mapper.py:622 ] epoch=0272 train_loss=2.515875e-03 train_mse=2.515263e-03 train_cos=0.998049 train_nmse=-24.068dB train_rec=0.000000e+00 train_recT=6.113329e-07 train_fc=0.000000e+00 train_decoder_tail=0.000000e+00
I 07.01/12:31:43 train_mapper.py:622 ] epoch=0273 train_loss=2.526326e-03 train_mse=2.525710e-03 train_cos=0.998040 train_nmse=-24.050dB train_rec=0.000000e+00 train_recT=6.161448e-07 train_fc=0.000000e+00 train_decoder_tail=0.000000e+00
I 07.01/12:32:34 train_mapper.py:622 ] epoch=0274 train_loss=2.523477e-03 train_mse=2.522860e-03 train_cos=0.998044 train_nmse=-24.055dB train_rec=0.000000e+00 train_recT=6.178190e-07 train_fc=0.000000e+00 train_decoder_tail=0.000000e+00
I 07.01/12:33:21 train_mapper.py:622 ] epoch=0275 train_loss=2.516303e-03 train_mse=2.515688e-03 train_cos=0.998050 train_nmse=-24.068dB train_rec=0.000000e+00 train_recT=6.152477e-07 train_fc=0.000000e+00 train_decoder_tail=0.000000e+00
I 07.01/12:33:58 train_mapper.py:622 ] epoch=0276 train_loss=2.508464e-03 train_mse=2.507854e-03 train_cos=0.998055 train_nmse=-24.081dB train_rec=0.000000e+00 train_recT=6.108804e-07 train_fc=0.000000e+00 train_decoder_tail=0.000000e+00
I 07.01/12:34:17 train_mapper.py:622 ] epoch=0277 train_loss=2.504613e-03 train_mse=2.504000e-03 train_cos=0.998058 train_nmse=-24.088dB train_rec=0.000000e+00 train_recT=6.129885e-07 train_fc=0.000000e+00 train_decoder_tail=0.000000e+00
I 07.01/12:34:31 train_mapper.py:622 ] epoch=0278 train_loss=2.491106e-03 train_mse=2.490497e-03 train_cos=0.998069 train_nmse=-24.111dB train_rec=0.000000e+00 train_recT=6.085710e-07 train_fc=0.000000e+00 train_decoder_tail=0.000000e+00
I 07.01/12:34:40 train_mapper.py:622 ] epoch=0279 train_loss=2.490963e-03 train_mse=2.490356e-03 train_cos=0.998066 train_nmse=-24.111dB train_rec=0.000000e+00 train_recT=6.067576e-07 train_fc=0.000000e+00 train_decoder_tail=0.000000e+00
I 07.01/12:34:54 train_mapper.py:622 ] epoch=0280 train_loss=2.482836e-03 train_mse=2.482232e-03 train_cos=0.998074 train_nmse=-24.125dB train_rec=0.000000e+00 train_recT=6.042492e-07 train_fc=0.000000e+00 train_decoder_tail=0.000000e+00
I 07.01/12:35:09 train_mapper.py:622 ] epoch=0281 train_loss=2.480463e-03 train_mse=2.479856e-03 train_cos=0.998076 train_nmse=-24.130dB train_rec=0.000000e+00 train_recT=6.074622e-07 train_fc=0.000000e+00 train_decoder_tail=0.000000e+00
I 07.01/12:35:18 train_mapper.py:622 ] epoch=0282 train_loss=2.468877e-03 train_mse=2.468276e-03 train_cos=0.998085 train_nmse=-24.150dB train_rec=0.000000e+00 train_recT=6.002177e-07 train_fc=0.000000e+00 train_decoder_tail=0.000000e+00
I 07.01/12:35:28 train_mapper.py:622 ] epoch=0283 train_loss=2.470314e-03 train_mse=2.469714e-03 train_cos=0.998083 train_nmse=-24.148dB train_rec=0.000000e+00 train_recT=6.005037e-07 train_fc=0.000000e+00 train_decoder_tail=0.000000e+00
I 07.01/12:35:44 train_mapper.py:622 ] epoch=0284 train_loss=2.469149e-03 train_mse=2.468550e-03 train_cos=0.998084 train_nmse=-24.150dB train_rec=0.000000e+00 train_recT=5.999529e-07 train_fc=0.000000e+00 train_decoder_tail=0.000000e+00
I 07.01/12:35:54 train_mapper.py:622 ] epoch=0285 train_loss=2.451260e-03 train_mse=2.450666e-03 train_cos=0.998098 train_nmse=-24.181dB train_rec=0.000000e+00 train_recT=5.932350e-07 train_fc=0.000000e+00 train_decoder_tail=0.000000e+00
I 07.01/12:36:13 train_mapper.py:622 ] epoch=0286 train_loss=2.455239e-03 train_mse=2.454642e-03 train_cos=0.998094 train_nmse=-24.174dB train_rec=0.000000e+00 train_recT=5.967915e-07 train_fc=0.000000e+00 train_decoder_tail=0.000000e+00
I 07.01/12:36:34 train_mapper.py:622 ] epoch=0287 train_loss=2.450398e-03 train_mse=2.449802e-03 train_cos=0.998099 train_nmse=-24.183dB train_rec=0.000000e+00 train_recT=5.952508e-07 train_fc=0.000000e+00 train_decoder_tail=0.000000e+00
I 07.01/12:36:47 train_mapper.py:622 ] epoch=0288 train_loss=2.444938e-03 train_mse=2.444344e-03 train_cos=0.998105 train_nmse=-24.192dB train_rec=0.000000e+00 train_recT=5.939950e-07 train_fc=0.000000e+00 train_decoder_tail=0.000000e+00
I 07.01/12:36:57 train_mapper.py:622 ] epoch=0289 train_loss=2.451982e-03 train_mse=2.451384e-03 train_cos=0.998098 train_nmse=-24.180dB train_rec=0.000000e+00 train_recT=5.981439e-07 train_fc=0.000000e+00 train_decoder_tail=0.000000e+00
I 07.01/12:37:09 train_mapper.py:622 ] epoch=0290 train_loss=2.439871e-03 train_mse=2.439279e-03 train_cos=0.998108 train_nmse=-24.201dB train_rec=0.000000e+00 train_recT=5.919142e-07 train_fc=0.000000e+00 train_decoder_tail=0.000000e+00
I 07.01/12:37:18 train_mapper.py:622 ] epoch=0291 train_loss=2.430699e-03 train_mse=2.430112e-03 train_cos=0.998114 train_nmse=-24.218dB train_rec=0.000000e+00 train_recT=5.870676e-07 train_fc=0.000000e+00 train_decoder_tail=0.000000e+00
I 07.01/12:37:28 train_mapper.py:622 ] epoch=0292 train_loss=2.426402e-03 train_mse=2.425814e-03 train_cos=0.998118 train_nmse=-24.226dB train_rec=0.000000e+00 train_recT=5.884163e-07 train_fc=0.000000e+00 train_decoder_tail=0.000000e+00
I 07.01/12:37:37 train_mapper.py:622 ] epoch=0293 train_loss=2.430402e-03 train_mse=2.429809e-03 train_cos=0.998113 train_nmse=-24.219dB train_rec=0.000000e+00 train_recT=5.923880e-07 train_fc=0.000000e+00 train_decoder_tail=0.000000e+00
I 07.01/12:37:46 train_mapper.py:622 ] epoch=0294 train_loss=2.411753e-03 train_mse=2.411169e-03 train_cos=0.998130 train_nmse=-24.252dB train_rec=0.000000e+00 train_recT=5.840785e-07 train_fc=0.000000e+00 train_decoder_tail=0.000000e+00
I 07.01/12:37:55 train_mapper.py:622 ] epoch=0295 train_loss=2.407754e-03 train_mse=2.407169e-03 train_cos=0.998133 train_nmse=-24.259dB train_rec=0.000000e+00 train_recT=5.844444e-07 train_fc=0.000000e+00 train_decoder_tail=0.000000e+00
I 07.01/12:38:08 train_mapper.py:622 ] epoch=0296 train_loss=2.412320e-03 train_mse=2.411735e-03 train_cos=0.998129 train_nmse=-24.251dB train_rec=0.000000e+00 train_recT=5.851926e-07 train_fc=0.000000e+00 train_decoder_tail=0.000000e+00
I 07.01/12:38:18 train_mapper.py:622 ] epoch=0297 train_loss=2.407934e-03 train_mse=2.407347e-03 train_cos=0.998133 train_nmse=-24.259dB train_rec=0.000000e+00 train_recT=5.863323e-07 train_fc=0.000000e+00 train_decoder_tail=0.000000e+00
I 07.01/12:38:26 train_mapper.py:622 ] epoch=0298 train_loss=2.405741e-03 train_mse=2.405157e-03 train_cos=0.998133 train_nmse=-24.263dB train_rec=0.000000e+00 train_recT=5.840469e-07 train_fc=0.000000e+00 train_decoder_tail=0.000000e+00
I 07.01/12:38:35 train_mapper.py:622 ] epoch=0299 train_loss=2.395293e-03 train_mse=2.394714e-03 train_cos=0.998141 train_nmse=-24.282dB train_rec=0.000000e+00 train_recT=5.794560e-07 train_fc=0.000000e+00 train_decoder_tail=0.000000e+00
I 07.01/12:38:48 train_mapper.py:622 ] epoch=0300 train_loss=2.395405e-03 train_mse=2.394824e-03 train_cos=0.998142 train_nmse=-24.281dB train_rec=0.000000e+00 train_recT=5.810202e-07 train_fc=0.000000e+00 train_decoder_tail=0.000000e+00
I 07.01/12:38:58 train_mapper.py:622 ] epoch=0301 train_loss=2.399203e-03 train_mse=2.398621e-03 train_cos=0.998138 train_nmse=-24.274dB train_rec=0.000000e+00 train_recT=5.823439e-07 train_fc=0.000000e+00 train_decoder_tail=0.000000e+00
I 07.01/12:39:09 train_mapper.py:622 ] epoch=0302 train_loss=2.379141e-03 train_mse=2.378567e-03 train_cos=0.998154 train_nmse=-24.311dB train_rec=0.000000e+00 train_recT=5.741875e-07 train_fc=0.000000e+00 train_decoder_tail=0.000000e+00
I 07.01/12:39:20 train_mapper.py:622 ] epoch=0303 train_loss=2.384714e-03 train_mse=2.384136e-03 train_cos=0.998150 train_nmse=-24.301dB train_rec=0.000000e+00 train_recT=5.784461e-07 train_fc=0.000000e+00 train_decoder_tail=0.000000e+00
I 07.01/12:39:29 train_mapper.py:622 ] epoch=0304 train_loss=2.377070e-03 train_mse=2.376496e-03 train_cos=0.998155 train_nmse=-24.315dB train_rec=0.000000e+00 train_recT=5.739484e-07 train_fc=0.000000e+00 train_decoder_tail=0.000000e+00
I 07.01/12:39:38 train_mapper.py:622 ] epoch=0305 train_loss=2.373770e-03 train_mse=2.373193e-03 train_cos=0.998158 train_nmse=-24.321dB train_rec=0.000000e+00 train_recT=5.766664e-07 train_fc=0.000000e+00 train_decoder_tail=0.000000e+00
I 07.01/12:39:49 train_mapper.py:622 ] epoch=0306 train_loss=2.368555e-03 train_mse=2.367982e-03 train_cos=0.998162 train_nmse=-24.330dB train_rec=0.000000e+00 train_recT=5.736865e-07 train_fc=0.000000e+00 train_decoder_tail=0.000000e+00
I 07.01/12:39:59 train_mapper.py:622 ] epoch=0307 train_loss=2.366802e-03 train_mse=2.366226e-03 train_cos=0.998164 train_nmse=-24.334dB train_rec=0.000000e+00 train_recT=5.758110e-07 train_fc=0.000000e+00 train_decoder_tail=0.000000e+00
I 07.01/12:40:12 train_mapper.py:622 ] epoch=0308 train_loss=2.353923e-03 train_mse=2.353352e-03 train_cos=0.998174 train_nmse=-24.357dB train_rec=0.000000e+00 train_recT=5.714951e-07 train_fc=0.000000e+00 train_decoder_tail=0.000000e+00
I 07.01/12:40:22 train_mapper.py:622 ] epoch=0309 train_loss=2.352470e-03 train_mse=2.351899e-03 train_cos=0.998174 train_nmse=-24.360dB train_rec=0.000000e+00 train_recT=5.709180e-07 train_fc=0.000000e+00 train_decoder_tail=0.000000e+00
I 07.01/12:40:32 train_mapper.py:622 ] epoch=0310 train_loss=2.341421e-03 train_mse=2.340854e-03 train_cos=0.998183 train_nmse=-24.380dB train_rec=0.000000e+00 train_recT=5.673666e-07 train_fc=0.000000e+00 train_decoder_tail=0.000000e+00
I 07.01/12:40:42 train_mapper.py:622 ] epoch=0311 train_loss=2.351103e-03 train_mse=2.350533e-03 train_cos=0.998175 train_nmse=-24.362dB train_rec=0.000000e+00 train_recT=5.696630e-07 train_fc=0.000000e+00 train_decoder_tail=0.000000e+00
I 07.01/12:40:55 train_mapper.py:622 ] epoch=0312 train_loss=2.344186e-03 train_mse=2.343620e-03 train_cos=0.998182 train_nmse=-24.375dB train_rec=0.000000e+00 train_recT=5.667401e-07 train_fc=0.000000e+00 train_decoder_tail=0.000000e+00
I 07.01/12:41:07 train_mapper.py:622 ] epoch=0313 train_loss=2.343957e-03 train_mse=2.343387e-03 train_cos=0.998182 train_nmse=-24.376dB train_rec=0.000000e+00 train_recT=5.692762e-07 train_fc=0.000000e+00 train_decoder_tail=0.000000e+00
I 07.01/12:41:16 train_mapper.py:622 ] epoch=0314 train_loss=2.338662e-03 train_mse=2.338094e-03 train_cos=0.998187 train_nmse=-24.385dB train_rec=0.000000e+00 train_recT=5.671584e-07 train_fc=0.000000e+00 train_decoder_tail=0.000000e+00
I 07.01/12:41:26 train_mapper.py:622 ] epoch=0315 train_loss=2.333493e-03 train_mse=2.332930e-03 train_cos=0.998190 train_nmse=-24.395dB train_rec=0.000000e+00 train_recT=5.630132e-07 train_fc=0.000000e+00 train_decoder_tail=0.000000e+00
I 07.01/12:41:36 train_mapper.py:622 ] epoch=0316 train_loss=2.335982e-03 train_mse=2.335417e-03 train_cos=0.998187 train_nmse=-24.391dB train_rec=0.000000e+00 train_recT=5.645513e-07 train_fc=0.000000e+00 train_decoder_tail=0.000000e+00
I 07.01/12:41:44 train_mapper.py:622 ] epoch=0317 train_loss=2.328843e-03 train_mse=2.328279e-03 train_cos=0.998194 train_nmse=-24.404dB train_rec=0.000000e+00 train_recT=5.642792e-07 train_fc=0.000000e+00 train_decoder_tail=0.000000e+00
I 07.01/12:41:55 train_mapper.py:622 ] epoch=0318 train_loss=2.321167e-03 train_mse=2.320606e-03 train_cos=0.998198 train_nmse=-24.418dB train_rec=0.000000e+00 train_recT=5.613178e-07 train_fc=0.000000e+00 train_decoder_tail=0.000000e+00
I 07.01/12:42:07 train_mapper.py:622 ] epoch=0319 train_loss=2.317071e-03 train_mse=2.316511e-03 train_cos=0.998202 train_nmse=-24.426dB train_rec=0.000000e+00 train_recT=5.603161e-07 train_fc=0.000000e+00 train_decoder_tail=0.000000e+00
I 07.01/12:42:16 train_mapper.py:622 ] epoch=0320 train_loss=2.317102e-03 train_mse=2.316542e-03 train_cos=0.998201 train_nmse=-24.426dB train_rec=0.000000e+00 train_recT=5.597984e-07 train_fc=0.000000e+00 train_decoder_tail=0.000000e+00
I 07.01/12:42:26 train_mapper.py:622 ] epoch=0321 train_loss=2.304246e-03 train_mse=2.303689e-03 train_cos=0.998213 train_nmse=-24.450dB train_rec=0.000000e+00 train_recT=5.568071e-07 train_fc=0.000000e+00 train_decoder_tail=0.000000e+00
I 07.01/12:42:39 train_mapper.py:622 ] epoch=0322 train_loss=2.302707e-03 train_mse=2.302150e-03 train_cos=0.998212 train_nmse=-24.453dB train_rec=0.000000e+00 train_recT=5.568628e-07 train_fc=0.000000e+00 train_decoder_tail=0.000000e+00
I 07.01/12:42:49 train_mapper.py:622 ] epoch=0323 train_loss=2.300900e-03 train_mse=2.300341e-03 train_cos=0.998214 train_nmse=-24.456dB train_rec=0.000000e+00 train_recT=5.594008e-07 train_fc=0.000000e+00 train_decoder_tail=0.000000e+00
I 07.01/12:43:01 train_mapper.py:622 ] epoch=0324 train_loss=2.298874e-03 train_mse=2.298320e-03 train_cos=0.998216 train_nmse=-24.460dB train_rec=0.000000e+00 train_recT=5.539586e-07 train_fc=0.000000e+00 train_decoder_tail=0.000000e+00
I 07.01/12:43:14 train_mapper.py:622 ] epoch=0325 train_loss=2.285904e-03 train_mse=2.285352e-03 train_cos=0.998227 train_nmse=-24.484dB train_rec=0.000000e+00 train_recT=5.515808e-07 train_fc=0.000000e+00 train_decoder_tail=0.000000e+00
I 07.01/12:43:24 train_mapper.py:622 ] epoch=0326 train_loss=2.291884e-03 train_mse=2.291329e-03 train_cos=0.998222 train_nmse=-24.473dB train_rec=0.000000e+00 train_recT=5.548724e-07 train_fc=0.000000e+00 train_decoder_tail=0.000000e+00
I 07.01/12:43:34 train_mapper.py:622 ] epoch=0327 train_loss=2.291294e-03 train_mse=2.290740e-03 train_cos=0.998223 train_nmse=-24.474dB train_rec=0.000000e+00 train_recT=5.541489e-07 train_fc=0.000000e+00 train_decoder_tail=0.000000e+00
I 07.01/12:43:45 train_mapper.py:622 ] epoch=0328 train_loss=2.289629e-03 train_mse=2.289076e-03 train_cos=0.998224 train_nmse=-24.477dB train_rec=0.000000e+00 train_recT=5.527016e-07 train_fc=0.000000e+00 train_decoder_tail=0.000000e+00
I 07.01/12:43:55 train_mapper.py:622 ] epoch=0329 train_loss=2.277229e-03 train_mse=2.276680e-03 train_cos=0.998233 train_nmse=-24.501dB train_rec=0.000000e+00 train_recT=5.490316e-07 train_fc=0.000000e+00 train_decoder_tail=0.000000e+00
I 07.01/12:44:08 train_mapper.py:622 ] epoch=0330 train_loss=2.270623e-03 train_mse=2.270078e-03 train_cos=0.998237 train_nmse=-24.514dB train_rec=0.000000e+00 train_recT=5.445628e-07 train_fc=0.000000e+00 train_decoder_tail=0.000000e+00
I 07.01/12:44:18 train_mapper.py:622 ] epoch=0331 train_loss=2.262184e-03 train_mse=2.261640e-03 train_cos=0.998244 train_nmse=-24.530dB train_rec=0.000000e+00 train_recT=5.439018e-07 train_fc=0.000000e+00 train_decoder_tail=0.000000e+00
I 07.01/12:44:28 train_mapper.py:622 ] epoch=0332 train_loss=2.263423e-03 train_mse=2.262877e-03 train_cos=0.998245 train_nmse=-24.528dB train_rec=0.000000e+00 train_recT=5.459168e-07 train_fc=0.000000e+00 train_decoder_tail=0.000000e+00
I 07.01/12:44:35 train_mapper.py:622 ] epoch=0333 train_loss=2.271473e-03 train_mse=2.270924e-03 train_cos=0.998237 train_nmse=-24.512dB train_rec=0.000000e+00 train_recT=5.495272e-07 train_fc=0.000000e+00 train_decoder_tail=0.000000e+00
I 07.01/12:44:42 train_mapper.py:622 ] epoch=0334 train_loss=2.275890e-03 train_mse=2.275336e-03 train_cos=0.998235 train_nmse=-24.504dB train_rec=0.000000e+00 train_recT=5.545179e-07 train_fc=0.000000e+00 train_decoder_tail=0.000000e+00
I 07.01/12:44:52 train_mapper.py:622 ] epoch=0335 train_loss=2.259365e-03 train_mse=2.258822e-03 train_cos=0.998247 train_nmse=-24.536dB train_rec=0.000000e+00 train_recT=5.437024e-07 train_fc=0.000000e+00 train_decoder_tail=0.000000e+00
I 07.01/12:45:06 train_mapper.py:622 ] epoch=0336 train_loss=2.257357e-03 train_mse=2.256812e-03 train_cos=0.998248 train_nmse=-24.539dB train_rec=0.000000e+00 train_recT=5.442255e-07 train_fc=0.000000e+00 train_decoder_tail=0.000000e+00
I 07.01/12:45:16 train_mapper.py:622 ] epoch=0337 train_loss=2.251959e-03 train_mse=2.251414e-03 train_cos=0.998252 train_nmse=-24.549dB train_rec=0.000000e+00 train_recT=5.443363e-07 train_fc=0.000000e+00 train_decoder_tail=0.000000e+00
I 07.01/12:45:26 train_mapper.py:622 ] epoch=0338 train_loss=2.243712e-03 train_mse=2.243172e-03 train_cos=0.998259 train_nmse=-24.565dB train_rec=0.000000e+00 train_recT=5.403847e-07 train_fc=0.000000e+00 train_decoder_tail=0.000000e+00
I 07.01/12:45:36 train_mapper.py:622 ] epoch=0339 train_loss=2.239356e-03 train_mse=2.238816e-03 train_cos=0.998262 train_nmse=-24.574dB train_rec=0.000000e+00 train_recT=5.405205e-07 train_fc=0.000000e+00 train_decoder_tail=0.000000e+00
I 07.01/12:45:46 train_mapper.py:622 ] epoch=0340 train_loss=2.245292e-03 train_mse=2.244749e-03 train_cos=0.998257 train_nmse=-24.562dB train_rec=0.000000e+00 train_recT=5.428362e-07 train_fc=0.000000e+00 train_decoder_tail=0.000000e+00
I 07.01/12:45:56 train_mapper.py:622 ] epoch=0341 train_loss=2.233194e-03 train_mse=2.232657e-03 train_cos=0.998267 train_nmse=-24.586dB train_rec=0.000000e+00 train_recT=5.363604e-07 train_fc=0.000000e+00 train_decoder_tail=0.000000e+00
I 07.01/12:46:08 train_mapper.py:622 ] epoch=0342 train_loss=2.229577e-03 train_mse=2.229041e-03 train_cos=0.998270 train_nmse=-24.593dB train_rec=0.000000e+00 train_recT=5.358222e-07 train_fc=0.000000e+00 train_decoder_tail=0.000000e+00
I 07.01/12:46:19 train_mapper.py:622 ] epoch=0343 train_loss=2.226889e-03 train_mse=2.226353e-03 train_cos=0.998271 train_nmse=-24.598dB train_rec=0.000000e+00 train_recT=5.357603e-07 train_fc=0.000000e+00 train_decoder_tail=0.000000e+00
I 07.01/12:46:28 train_mapper.py:622 ] epoch=0344 train_loss=2.229692e-03 train_mse=2.229156e-03 train_cos=0.998269 train_nmse=-24.593dB train_rec=0.000000e+00 train_recT=5.363328e-07 train_fc=0.000000e+00 train_decoder_tail=0.000000e+00
I 07.01/12:46:37 train_mapper.py:622 ] epoch=0345 train_loss=2.220297e-03 train_mse=2.219760e-03 train_cos=0.998277 train_nmse=-24.611dB train_rec=0.000000e+00 train_recT=5.369485e-07 train_fc=0.000000e+00 train_decoder_tail=0.000000e+00
I 07.01/12:46:46 train_mapper.py:622 ] epoch=0346 train_loss=2.215379e-03 train_mse=2.214847e-03 train_cos=0.998280 train_nmse=-24.621dB train_rec=0.000000e+00 train_recT=5.314765e-07 train_fc=0.000000e+00 train_decoder_tail=0.000000e+00
I 07.01/12:46:57 train_mapper.py:622 ] epoch=0347 train_loss=2.223883e-03 train_mse=2.223348e-03 train_cos=0.998274 train_nmse=-24.604dB train_rec=0.000000e+00 train_recT=5.355347e-07 train_fc=0.000000e+00 train_decoder_tail=0.000000e+00
I 07.01/12:47:08 train_mapper.py:622 ] epoch=0348 train_loss=2.214004e-03 train_mse=2.213472e-03 train_cos=0.998282 train_nmse=-24.623dB train_rec=0.000000e+00 train_recT=5.317905e-07 train_fc=0.000000e+00 train_decoder_tail=0.000000e+00
I 07.01/12:47:18 train_mapper.py:622 ] epoch=0349 train_loss=2.215402e-03 train_mse=2.214864e-03 train_cos=0.998282 train_nmse=-24.620dB train_rec=0.000000e+00 train_recT=5.383495e-07 train_fc=0.000000e+00 train_decoder_tail=0.000000e+00
I 07.01/12:47:26 train_mapper.py:622 ] epoch=0350 train_loss=2.211081e-03 train_mse=2.210547e-03 train_cos=0.998285 train_nmse=-24.629dB train_rec=0.000000e+00 train_recT=5.339505e-07 train_fc=0.000000e+00 train_decoder_tail=0.000000e+00
I 07.01/12:47:37 train_mapper.py:622 ] epoch=0351 train_loss=2.206488e-03 train_mse=2.205954e-03 train_cos=0.998288 train_nmse=-24.638dB train_rec=0.000000e+00 train_recT=5.337940e-07 train_fc=0.000000e+00 train_decoder_tail=0.000000e+00
I 07.01/12:47:46 train_mapper.py:622 ] epoch=0352 train_loss=2.208030e-03 train_mse=2.207498e-03 train_cos=0.998287 train_nmse=-24.635dB train_rec=0.000000e+00 train_recT=5.321426e-07 train_fc=0.000000e+00 train_decoder_tail=0.000000e+00
I 07.01/12:47:56 train_mapper.py:622 ] epoch=0353 train_loss=2.193097e-03 train_mse=2.192569e-03 train_cos=0.998298 train_nmse=-24.665dB train_rec=0.000000e+00 train_recT=5.284981e-07 train_fc=0.000000e+00 train_decoder_tail=0.000000e+00
I 07.01/12:48:08 train_mapper.py:622 ] epoch=0354 train_loss=2.189664e-03 train_mse=2.189139e-03 train_cos=0.998299 train_nmse=-24.671dB train_rec=0.000000e+00 train_recT=5.257397e-07 train_fc=0.000000e+00 train_decoder_tail=0.000000e+00
I 07.01/12:48:17 train_mapper.py:622 ] epoch=0355 train_loss=2.177167e-03 train_mse=2.176644e-03 train_cos=0.998309 train_nmse=-24.696dB train_rec=0.000000e+00 train_recT=5.225785e-07 train_fc=0.000000e+00 train_decoder_tail=0.000000e+00
I 07.01/12:48:27 train_mapper.py:622 ] epoch=0356 train_loss=2.174053e-03 train_mse=2.173532e-03 train_cos=0.998311 train_nmse=-24.702dB train_rec=0.000000e+00 train_recT=5.204167e-07 train_fc=0.000000e+00 train_decoder_tail=0.000000e+00
I 07.01/12:48:39 train_mapper.py:622 ] epoch=0357 train_loss=2.173633e-03 train_mse=2.173113e-03 train_cos=0.998311 train_nmse=-24.703dB train_rec=0.000000e+00 train_recT=5.196765e-07 train_fc=0.000000e+00 train_decoder_tail=0.000000e+00
I 07.01/12:48:51 train_mapper.py:622 ] epoch=0358 train_loss=2.175571e-03 train_mse=2.175049e-03 train_cos=0.998311 train_nmse=-24.699dB train_rec=0.000000e+00 train_recT=5.223510e-07 train_fc=0.000000e+00 train_decoder_tail=0.000000e+00
I 07.01/12:49:05 train_mapper.py:622 ] epoch=0359 train_loss=2.180965e-03 train_mse=2.180438e-03 train_cos=0.998307 train_nmse=-24.689dB train_rec=0.000000e+00 train_recT=5.262353e-07 train_fc=0.000000e+00 train_decoder_tail=0.000000e+00
I 07.01/12:49:14 train_mapper.py:622 ] epoch=0360 train_loss=2.170287e-03 train_mse=2.169764e-03 train_cos=0.998316 train_nmse=-24.710dB train_rec=0.000000e+00 train_recT=5.231017e-07 train_fc=0.000000e+00 train_decoder_tail=0.000000e+00
I 07.01/12:49:23 train_mapper.py:622 ] epoch=0361 train_loss=2.171035e-03 train_mse=2.170513e-03 train_cos=0.998315 train_nmse=-24.708dB train_rec=0.000000e+00 train_recT=5.220007e-07 train_fc=0.000000e+00 train_decoder_tail=0.000000e+00
I 07.01/12:49:33 train_mapper.py:622 ] epoch=0362 train_loss=2.172777e-03 train_mse=2.172255e-03 train_cos=0.998313 train_nmse=-24.705dB train_rec=0.000000e+00 train_recT=5.224421e-07 train_fc=0.000000e+00 train_decoder_tail=0.000000e+00
I 07.01/12:49:43 train_mapper.py:622 ] epoch=0363 train_loss=2.163970e-03 train_mse=2.163450e-03 train_cos=0.998322 train_nmse=-24.723dB train_rec=0.000000e+00 train_recT=5.203224e-07 train_fc=0.000000e+00 train_decoder_tail=0.000000e+00
I 07.01/12:49:52 train_mapper.py:622 ] epoch=0364 train_loss=2.162696e-03 train_mse=2.162176e-03 train_cos=0.998322 train_nmse=-24.725dB train_rec=0.000000e+00 train_recT=5.196747e-07 train_fc=0.000000e+00 train_decoder_tail=0.000000e+00
I 07.01/12:50:03 train_mapper.py:622 ] epoch=0365 train_loss=2.161352e-03 train_mse=2.160830e-03 train_cos=0.998323 train_nmse=-24.728dB train_rec=0.000000e+00 train_recT=5.214184e-07 train_fc=0.000000e+00 train_decoder_tail=0.000000e+00
I 07.01/12:50:12 train_mapper.py:622 ] epoch=0366 train_loss=2.150791e-03 train_mse=2.150278e-03 train_cos=0.998331 train_nmse=-24.749dB train_rec=0.000000e+00 train_recT=5.135491e-07 train_fc=0.000000e+00 train_decoder_tail=0.000000e+00
I 07.01/12:50:31 train_mapper.py:622 ] epoch=0367 train_loss=2.145579e-03 train_mse=2.145062e-03 train_cos=0.998335 train_nmse=-24.760dB train_rec=0.000000e+00 train_recT=5.169510e-07 train_fc=0.000000e+00 train_decoder_tail=0.000000e+00
I 07.01/12:50:53 train_mapper.py:622 ] epoch=0368 train_loss=2.142522e-03 train_mse=2.142008e-03 train_cos=0.998338 train_nmse=-24.766dB train_rec=0.000000e+00 train_recT=5.144192e-07 train_fc=0.000000e+00 train_decoder_tail=0.000000e+00
I 07.01/12:51:19 train_mapper.py:622 ] epoch=0369 train_loss=2.145084e-03 train_mse=2.144569e-03 train_cos=0.998335 train_nmse=-24.761dB train_rec=0.000000e+00 train_recT=5.154521e-07 train_fc=0.000000e+00 train_decoder_tail=0.000000e+00
I 07.01/12:51:43 train_mapper.py:622 ] epoch=0370 train_loss=2.138535e-03 train_mse=2.138023e-03 train_cos=0.998339 train_nmse=-24.774dB train_rec=0.000000e+00 train_recT=5.122848e-07 train_fc=0.000000e+00 train_decoder_tail=0.000000e+00
I 07.01/12:52:05 train_mapper.py:622 ] epoch=0371 train_loss=2.135919e-03 train_mse=2.135408e-03 train_cos=0.998341 train_nmse=-24.779dB train_rec=0.000000e+00 train_recT=5.108544e-07 train_fc=0.000000e+00 train_decoder_tail=0.000000e+00
I 07.01/12:52:27 train_mapper.py:622 ] epoch=0372 train_loss=2.141097e-03 train_mse=2.140585e-03 train_cos=0.998337 train_nmse=-24.769dB train_rec=0.000000e+00 train_recT=5.123341e-07 train_fc=0.000000e+00 train_decoder_tail=0.000000e+00
I 07.01/12:52:43 train_mapper.py:622 ] epoch=0373 train_loss=2.129217e-03 train_mse=2.128706e-03 train_cos=0.998349 train_nmse=-24.793dB train_rec=0.000000e+00 train_recT=5.109136e-07 train_fc=0.000000e+00 train_decoder_tail=0.000000e+00
I 07.01/12:53:02 train_mapper.py:622 ] epoch=0374 train_loss=2.129005e-03 train_mse=2.128494e-03 train_cos=0.998347 train_nmse=-24.794dB train_rec=0.000000e+00 train_recT=5.115242e-07 train_fc=0.000000e+00 train_decoder_tail=0.000000e+00
I 07.01/12:53:24 train_mapper.py:622 ] epoch=0375 train_loss=2.128438e-03 train_mse=2.127927e-03 train_cos=0.998347 train_nmse=-24.794dB train_rec=0.000000e+00 train_recT=5.107688e-07 train_fc=0.000000e+00 train_decoder_tail=0.000000e+00
I 07.01/12:53:39 train_mapper.py:622 ] epoch=0376 train_loss=2.114507e-03 train_mse=2.114000e-03 train_cos=0.998358 train_nmse=-24.823dB train_rec=0.000000e+00 train_recT=5.075445e-07 train_fc=0.000000e+00 train_decoder_tail=0.000000e+00
I 07.01/12:53:53 train_mapper.py:622 ] epoch=0377 train_loss=2.123019e-03 train_mse=2.122511e-03 train_cos=0.998352 train_nmse=-24.805dB train_rec=0.000000e+00 train_recT=5.089264e-07 train_fc=0.000000e+00 train_decoder_tail=0.000000e+00
I 07.01/12:54:06 train_mapper.py:622 ] epoch=0378 train_loss=2.108931e-03 train_mse=2.108426e-03 train_cos=0.998363 train_nmse=-24.835dB train_rec=0.000000e+00 train_recT=5.051873e-07 train_fc=0.000000e+00 train_decoder_tail=0.000000e+00
I 07.01/12:54:17 train_mapper.py:622 ] epoch=0379 train_loss=2.111322e-03 train_mse=2.110818e-03 train_cos=0.998360 train_nmse=-24.830dB train_rec=0.000000e+00 train_recT=5.040186e-07 train_fc=0.000000e+00 train_decoder_tail=0.000000e+00
I 07.01/12:54:27 train_mapper.py:622 ] epoch=0380 train_loss=2.102945e-03 train_mse=2.102443e-03 train_cos=0.998368 train_nmse=-24.847dB train_rec=0.000000e+00 train_recT=5.015462e-07 train_fc=0.000000e+00 train_decoder_tail=0.000000e+00
I 07.01/12:54:37 train_mapper.py:622 ] epoch=0381 train_loss=2.113676e-03 train_mse=2.113166e-03 train_cos=0.998359 train_nmse=-24.824dB train_rec=0.000000e+00 train_recT=5.094123e-07 train_fc=0.000000e+00 train_decoder_tail=0.000000e+00
I 07.01/12:54:45 train_mapper.py:622 ] epoch=0382 train_loss=2.109074e-03 train_mse=2.108567e-03 train_cos=0.998363 train_nmse=-24.834dB train_rec=0.000000e+00 train_recT=5.065546e-07 train_fc=0.000000e+00 train_decoder_tail=0.000000e+00
I 07.01/12:54:57 train_mapper.py:622 ] epoch=0383 train_loss=2.108639e-03 train_mse=2.108132e-03 train_cos=0.998364 train_nmse=-24.835dB train_rec=0.000000e+00 train_recT=5.070765e-07 train_fc=0.000000e+00 train_decoder_tail=0.000000e+00
I 07.01/12:55:14 train_mapper.py:622 ] epoch=0384 train_loss=2.100098e-03 train_mse=2.099593e-03 train_cos=0.998371 train_nmse=-24.852dB train_rec=0.000000e+00 train_recT=5.051807e-07 train_fc=0.000000e+00 train_decoder_tail=0.000000e+00
I 07.01/12:55:36 train_mapper.py:622 ] epoch=0385 train_loss=2.096179e-03 train_mse=2.095676e-03 train_cos=0.998373 train_nmse=-24.861dB train_rec=0.000000e+00 train_recT=5.031364e-07 train_fc=0.000000e+00 train_decoder_tail=0.000000e+00
I 07.01/12:55:53 train_mapper.py:622 ] epoch=0386 train_loss=2.084238e-03 train_mse=2.083739e-03 train_cos=0.998383 train_nmse=-24.886dB train_rec=0.000000e+00 train_recT=4.988260e-07 train_fc=0.000000e+00 train_decoder_tail=0.000000e+00
I 07.01/12:56:14 train_mapper.py:622 ] epoch=0387 train_loss=2.087168e-03 train_mse=2.086670e-03 train_cos=0.998379 train_nmse=-24.880dB train_rec=0.000000e+00 train_recT=4.984191e-07 train_fc=0.000000e+00 train_decoder_tail=0.000000e+00
I 07.01/12:56:33 train_mapper.py:622 ] epoch=0388 train_loss=2.075852e-03 train_mse=2.075359e-03 train_cos=0.998388 train_nmse=-24.903dB train_rec=0.000000e+00 train_recT=4.933175e-07 train_fc=0.000000e+00 train_decoder_tail=0.000000e+00
I 07.01/12:56:51 train_mapper.py:622 ] epoch=0389 train_loss=2.077978e-03 train_mse=2.077481e-03 train_cos=0.998386 train_nmse=-24.899dB train_rec=0.000000e+00 train_recT=4.967590e-07 train_fc=0.000000e+00 train_decoder_tail=0.000000e+00
I 07.01/12:57:16 train_mapper.py:622 ] epoch=0390 train_loss=2.081661e-03 train_mse=2.081163e-03 train_cos=0.998384 train_nmse=-24.891dB train_rec=0.000000e+00 train_recT=4.982451e-07 train_fc=0.000000e+00 train_decoder_tail=0.000000e+00
I 07.01/12:57:32 train_mapper.py:622 ] epoch=0391 train_loss=2.077117e-03 train_mse=2.076618e-03 train_cos=0.998388 train_nmse=-24.900dB train_rec=0.000000e+00 train_recT=4.981797e-07 train_fc=0.000000e+00 train_decoder_tail=0.000000e+00
I 07.01/12:57:49 train_mapper.py:622 ] epoch=0392 train_loss=2.072331e-03 train_mse=2.071833e-03 train_cos=0.998392 train_nmse=-24.911dB train_rec=0.000000e+00 train_recT=4.983777e-07 train_fc=0.000000e+00 train_decoder_tail=0.000000e+00
I 07.01/12:58:07 train_mapper.py:622 ] epoch=0393 train_loss=2.072073e-03 train_mse=2.071577e-03 train_cos=0.998391 train_nmse=-24.911dB train_rec=0.000000e+00 train_recT=4.965024e-07 train_fc=0.000000e+00 train_decoder_tail=0.000000e+00
I 07.01/12:58:29 train_mapper.py:622 ] epoch=0394 train_loss=2.072891e-03 train_mse=2.072395e-03 train_cos=0.998391 train_nmse=-24.909dB train_rec=0.000000e+00 train_recT=4.963970e-07 train_fc=0.000000e+00 train_decoder_tail=0.000000e+00
I 07.01/12:58:44 train_mapper.py:622 ] epoch=0395 train_loss=2.068745e-03 train_mse=2.068250e-03 train_cos=0.998394 train_nmse=-24.918dB train_rec=0.000000e+00 train_recT=4.946310e-07 train_fc=0.000000e+00 train_decoder_tail=0.000000e+00
I 07.01/12:59:05 train_mapper.py:622 ] epoch=0396 train_loss=2.060933e-03 train_mse=2.060441e-03 train_cos=0.998400 train_nmse=-24.934dB train_rec=0.000000e+00 train_recT=4.920340e-07 train_fc=0.000000e+00 train_decoder_tail=0.000000e+00
I 07.01/12:59:22 train_mapper.py:622 ] epoch=0397 train_loss=2.063463e-03 train_mse=2.062970e-03 train_cos=0.998398 train_nmse=-24.929dB train_rec=0.000000e+00 train_recT=4.933957e-07 train_fc=0.000000e+00 train_decoder_tail=0.000000e+00
I 07.01/12:59:32 train_mapper.py:622 ] epoch=0398 train_loss=2.060357e-03 train_mse=2.059864e-03 train_cos=0.998401 train_nmse=-24.936dB train_rec=0.000000e+00 train_recT=4.933384e-07 train_fc=0.000000e+00 train_decoder_tail=0.000000e+00
I 07.01/12:59:52 train_mapper.py:622 ] epoch=0399 train_loss=2.056100e-03 train_mse=2.055608e-03 train_cos=0.998403 train_nmse=-24.945dB train_rec=0.000000e+00 train_recT=4.920893e-07 train_fc=0.000000e+00 train_decoder_tail=0.000000e+00
I 07.01/13:00:19 train_mapper.py:622 ] epoch=0400 train_loss=2.051470e-03 train_mse=2.050980e-03 train_cos=0.998408 train_nmse=-24.954dB train_rec=0.000000e+00 train_recT=4.906908e-07 train_fc=0.000000e+00 train_decoder_tail=0.000000e+00
I 07.01/13:02:28 train_mapper.py:738 ] best_loss_epoch=400 best_loss_selection=train_loss best_loss_metric=2.051470e-03 best_loss_mse=2.050980e-03 best_loss_loss=2.051470e-03
I 07.01/13:02:28 train_mapper.py:743 ] best_mse_epoch=400 best_mse_selection=train_mse best_mse_metric=2.050980e-03 best_mse_mse=2.050980e-03 best_mse_loss=2.051470e-03
I 07.01/13:02:28 train_mapper.py:749 ] all_best_loss_mse=1.981003e-03 all_best_loss_cos=0.998469 all_best_loss_nmse=-25.105dB
I 07.01/13:02:28 train_mapper.py:753 ] all_best_mse_mse=1.981003e-03 all_best_mse_cos=0.998469 all_best_mse_nmse=-25.105dB
