I 07.01/14:51:57 train_mapper.py:431 ] => Experiment directory: mapper/exps_combined_losses/hybrid/smooth_tail_white_recT_rec_fc_decTail_strong/seed2026_clnet_transnet_to_seed42_transnet_lr5e-4_ep400
I 07.01/14:51:57 train_mapper.py:432 ] => Checkpoint directory: mapper/exps_combined_losses/hybrid/smooth_tail_white_recT_rec_fc_decTail_strong/seed2026_clnet_transnet_to_seed42_transnet_lr5e-4_ep400/checkpoints
I 07.01/14:51:57 train_mapper.py:433 ] => Codeword directory: mapper/exps_combined_losses/hybrid/smooth_tail_white_recT_rec_fc_decTail_strong/seed2026_clnet_transnet_to_seed42_transnet_lr5e-4_ep400/codewords
I 07.01/14:51:57 train_mapper.py:434 ] => TensorBoard directory: mapper/exps_combined_losses/hybrid/smooth_tail_white_recT_rec_fc_decTail_strong/seed2026_clnet_transnet_to_seed42_transnet_lr5e-4_ep400/tensorboard
I 07.01/14:54:27 train_mapper.py:519 ] => Loaded fixed decoder from exps/COST2100/in/seed42/transnet_transnet/checkpoints/best_nmse.pth
I 07.01/14:54:27 train_mapper.py:521 ] => Loaded CSI tensor (100000, 2, 32, 32) from /storage/hujiacong/zxd/datasets/cost2100/in_train.pt
I 07.01/14:54:27 train_mapper.py:524 ] device=cuda
I 07.01/14:54:27 train_mapper.py:525 ] mapper=hybrid, params=23108608
I 07.01/14:54:27 train_mapper.py:527 ] train=100000, val=0, code_dim=512
I 07.01/14:54:27 train_mapper.py:529 ] val_ratio<=0: skip per-epoch validation; select best checkpoint by train loss
I 07.01/14:54:27 train_mapper.py:531 ] loss=mse + smoothl1*0.5 + sample_tail*0.2 + dim_tail*0.1 + whiten*0.0001 + rec*1.0 + recT*1.0 + fc*0.01 + decoder_tail*0.2 + cos*0.0 + cov*0.0
I 07.01/14:57:09 train_mapper.py:622 ] epoch=0001 train_loss=8.881972e-01 train_mse=4.370193e-01 train_cos=0.762161 train_nmse=-2.394dB train_rec=3.425872e-03 train_recT=3.425478e-03 train_fc=4.855518e-01 train_decoder_tail=5.311600e-03
I 07.01/14:59:44 train_mapper.py:622 ] epoch=0002 train_loss=3.659448e-01 train_mse=1.531140e-01 train_cos=0.928064 train_nmse=-6.267dB train_rec=2.293241e-04 train_recT=2.293034e-04 train_fc=1.194949e-01 train_decoder_tail=5.650554e-04
I 07.01/15:02:13 train_mapper.py:622 ] epoch=0003 train_loss=2.575921e-01 train_mse=9.954516e-02 train_cos=0.954145 train_nmse=-8.109dB train_rec=1.478325e-04 train_recT=1.477058e-04 train_fc=8.412683e-02 train_decoder_tail=4.066472e-04
I 07.01/15:04:39 train_mapper.py:622 ] epoch=0004 train_loss=2.060047e-01 train_mse=7.509555e-02 train_cos=0.964372 train_nmse=-9.325dB train_rec=1.005329e-04 train_recT=1.003058e-04 train_fc=6.536261e-02 train_decoder_tail=2.861702e-04
I 07.01/15:07:06 train_mapper.py:622 ] epoch=0005 train_loss=1.757152e-01 train_mse=6.131238e-02 train_cos=0.969686 train_nmse=-10.201dB train_rec=7.085416e-05 train_recT=7.054444e-05 train_fc=5.338447e-02 train_decoder_tail=2.019149e-04
I 07.01/15:09:21 train_mapper.py:622 ] epoch=0006 train_loss=1.572112e-01 train_mse=5.312691e-02 train_cos=0.972837 train_nmse=-10.822dB train_rec=5.265507e-05 train_recT=5.228291e-05 train_fc=4.576317e-02 train_decoder_tail=1.473134e-04
I 07.01/15:11:43 train_mapper.py:622 ] epoch=0007 train_loss=1.448202e-01 train_mse=4.776538e-02 train_cos=0.975197 train_nmse=-11.283dB train_rec=4.157011e-05 train_recT=4.115319e-05 train_fc=4.076645e-02 train_decoder_tail=1.138396e-04
I 07.01/15:13:55 train_mapper.py:622 ] epoch=0008 train_loss=1.380887e-01 train_mse=4.485299e-02 train_cos=0.976459 train_nmse=-11.557dB train_rec=3.498359e-05 train_recT=3.453472e-05 train_fc=3.800587e-02 train_decoder_tail=9.399189e-05
I 07.01/15:16:02 train_mapper.py:622 ] epoch=0009 train_loss=1.307986e-01 train_mse=4.182449e-02 train_cos=0.978253 train_nmse=-11.860dB train_rec=3.053704e-05 train_recT=3.006737e-05 train_fc=3.539951e-02 train_decoder_tail=8.115749e-05
I 07.01/15:18:08 train_mapper.py:622 ] epoch=0010 train_loss=1.262207e-01 train_mse=3.992462e-02 train_cos=0.979352 train_nmse=-12.062dB train_rec=2.771664e-05 train_recT=2.723344e-05 train_fc=3.384104e-02 train_decoder_tail=7.319040e-05
I 07.01/15:20:09 train_mapper.py:622 ] epoch=0011 train_loss=1.228862e-01 train_mse=3.855475e-02 train_cos=0.980103 train_nmse=-12.214dB train_rec=2.566071e-05 train_recT=2.516754e-05 train_fc=3.278846e-02 train_decoder_tail=6.754753e-05
I 07.01/15:22:10 train_mapper.py:622 ] epoch=0012 train_loss=1.202234e-01 train_mse=3.745859e-02 train_cos=0.980645 train_nmse=-12.342dB train_rec=2.412909e-05 train_recT=2.363004e-05 train_fc=3.202577e-02 train_decoder_tail=6.335850e-05
I 07.01/15:24:27 train_mapper.py:622 ] epoch=0013 train_loss=1.149727e-01 train_mse=3.538038e-02 train_cos=0.981981 train_nmse=-12.586dB train_rec=2.249069e-05 train_recT=2.198607e-05 train_fc=3.048419e-02 train_decoder_tail=5.905912e-05
I 07.01/15:26:46 train_mapper.py:622 ] epoch=0014 train_loss=1.115465e-01 train_mse=3.400087e-02 train_cos=0.982700 train_nmse=-12.760dB train_rec=2.109244e-05 train_recT=2.058245e-05 train_fc=2.945785e-02 train_decoder_tail=5.523427e-05
I 07.01/15:29:04 train_mapper.py:622 ] epoch=0015 train_loss=1.087277e-01 train_mse=3.285744e-02 train_cos=0.983162 train_nmse=-12.908dB train_rec=1.972787e-05 train_recT=1.921448e-05 train_fc=2.852584e-02 train_decoder_tail=5.133845e-05
I 07.01/15:31:19 train_mapper.py:622 ] epoch=0016 train_loss=1.050448e-01 train_mse=3.136998e-02 train_cos=0.983773 train_nmse=-13.109dB train_rec=1.797916e-05 train_recT=1.746061e-05 train_fc=2.720304e-02 train_decoder_tail=4.641980e-05
I 07.01/15:33:41 train_mapper.py:622 ] epoch=0017 train_loss=1.014155e-01 train_mse=2.987301e-02 train_cos=0.984080 train_nmse=-13.322dB train_rec=1.579739e-05 train_recT=1.526985e-05 train_fc=2.535894e-02 train_decoder_tail=4.040927e-05
I 07.01/15:36:04 train_mapper.py:622 ] epoch=0018 train_loss=9.635144e-02 train_mse=2.786573e-02 train_cos=0.984151 train_nmse=-13.624dB train_rec=1.270178e-05 train_recT=1.215885e-05 train_fc=2.209474e-02 train_decoder_tail=3.352957e-05
I 07.01/15:38:24 train_mapper.py:622 ] epoch=0019 train_loss=9.065236e-02 train_mse=2.574984e-02 train_cos=0.984163 train_nmse=-13.967dB train_rec=1.037756e-05 train_recT=9.825101e-06 train_fc=1.857541e-02 train_decoder_tail=2.932130e-05
I 07.01/15:40:45 train_mapper.py:622 ] epoch=0020 train_loss=8.451276e-02 train_mse=2.358166e-02 train_cos=0.984798 train_nmse=-14.349dB train_rec=9.193729e-06 train_recT=8.641693e-06 train_fc=1.593859e-02 train_decoder_tail=2.616116e-05
I 07.01/15:43:08 train_mapper.py:622 ] epoch=0021 train_loss=8.022468e-02 train_mse=2.208654e-02 train_cos=0.985245 train_nmse=-14.633dB train_rec=8.418773e-06 train_recT=7.867532e-06 train_fc=1.423775e-02 train_decoder_tail=2.368569e-05
I 07.01/15:45:30 train_mapper.py:622 ] epoch=0022 train_loss=7.660363e-02 train_mse=2.085107e-02 train_cos=0.985716 train_nmse=-14.883dB train_rec=7.821541e-06 train_recT=7.270888e-06 train_fc=1.299743e-02 train_decoder_tail=2.170929e-05
I 07.01/15:47:49 train_mapper.py:622 ] epoch=0023 train_loss=7.375883e-02 train_mse=1.988329e-02 train_cos=0.986117 train_nmse=-15.090dB train_rec=7.343078e-06 train_recT=6.792826e-06 train_fc=1.207723e-02 train_decoder_tail=2.007614e-05
I 07.01/15:50:10 train_mapper.py:622 ] epoch=0024 train_loss=7.094417e-02 train_mse=1.893720e-02 train_cos=0.986590 train_nmse=-15.301dB train_rec=6.933021e-06 train_recT=6.382832e-06 train_fc=1.126780e-02 train_decoder_tail=1.871016e-05
I 07.01/15:52:29 train_mapper.py:622 ] epoch=0025 train_loss=6.882545e-02 train_mse=1.822787e-02 train_cos=0.986929 train_nmse=-15.467dB train_rec=6.603958e-06 train_recT=6.053647e-06 train_fc=1.067289e-02 train_decoder_tail=1.758648e-05
I 07.01/15:54:48 train_mapper.py:622 ] epoch=0026 train_loss=6.670013e-02 train_mse=1.752678e-02 train_cos=0.987312 train_nmse=-15.638dB train_rec=6.291570e-06 train_recT=5.741960e-06 train_fc=1.013205e-02 train_decoder_tail=1.654768e-05
I 07.01/15:57:04 train_mapper.py:622 ] epoch=0027 train_loss=6.496921e-02 train_mse=1.695659e-02 train_cos=0.987622 train_nmse=-15.781dB train_rec=6.040682e-06 train_recT=5.490553e-06 train_fc=9.689674e-03 train_decoder_tail=1.568388e-05
I 07.01/15:59:18 train_mapper.py:622 ] epoch=0028 train_loss=6.306070e-02 train_mse=1.633166e-02 train_cos=0.987995 train_nmse=-15.944dB train_rec=5.788625e-06 train_recT=5.238801e-06 train_fc=9.245520e-03 train_decoder_tail=1.487575e-05
I 07.01/16:01:30 train_mapper.py:622 ] epoch=0029 train_loss=6.169647e-02 train_mse=1.588884e-02 train_cos=0.988245 train_nmse=-16.064dB train_rec=5.578537e-06 train_recT=5.028562e-06 train_fc=8.926318e-03 train_decoder_tail=1.417401e-05
I 07.01/16:03:43 train_mapper.py:622 ] epoch=0030 train_loss=6.034019e-02 train_mse=1.544660e-02 train_cos=0.988515 train_nmse=-16.186dB train_rec=5.398045e-06 train_recT=4.847889e-06 train_fc=8.621196e-03 train_decoder_tail=1.356544e-05
I 07.01/16:05:59 train_mapper.py:622 ] epoch=0031 train_loss=5.882301e-02 train_mse=1.496150e-02 train_cos=0.988822 train_nmse=-16.325dB train_rec=5.199012e-06 train_recT=4.648336e-06 train_fc=8.295822e-03 train_decoder_tail=1.294244e-05
I 07.01/16:08:16 train_mapper.py:622 ] epoch=0032 train_loss=5.770909e-02 train_mse=1.460273e-02 train_cos=0.989045 train_nmse=-16.430dB train_rec=5.053230e-06 train_recT=4.503036e-06 train_fc=8.055499e-03 train_decoder_tail=1.245365e-05
I 07.01/16:10:35 train_mapper.py:622 ] epoch=0033 train_loss=5.660654e-02 train_mse=1.424637e-02 train_cos=0.989273 train_nmse=-16.538dB train_rec=4.917824e-06 train_recT=4.366932e-06 train_fc=7.825991e-03 train_decoder_tail=1.200890e-05
I 07.01/16:12:52 train_mapper.py:622 ] epoch=0034 train_loss=5.543447e-02 train_mse=1.387767e-02 train_cos=0.989518 train_nmse=-16.651dB train_rec=4.765715e-06 train_recT=4.214716e-06 train_fc=7.597464e-03 train_decoder_tail=1.154827e-05
I 07.01/16:15:12 train_mapper.py:622 ] epoch=0035 train_loss=5.455259e-02 train_mse=1.359571e-02 train_cos=0.989694 train_nmse=-16.741dB train_rec=4.651328e-06 train_recT=4.100141e-06 train_fc=7.414841e-03 train_decoder_tail=1.116939e-05
I 07.01/16:17:33 train_mapper.py:622 ] epoch=0036 train_loss=5.339253e-02 train_mse=1.323338e-02 train_cos=0.989946 train_nmse=-16.858dB train_rec=4.509551e-06 train_recT=3.958590e-06 train_fc=7.186929e-03 train_decoder_tail=1.076714e-05
I 07.01/16:19:53 train_mapper.py:622 ] epoch=0037 train_loss=5.274062e-02 train_mse=1.302418e-02 train_cos=0.990075 train_nmse=-16.927dB train_rec=4.425398e-06 train_recT=3.873812e-06 train_fc=7.053510e-03 train_decoder_tail=1.046369e-05
I 07.01/16:22:15 train_mapper.py:622 ] epoch=0038 train_loss=5.176269e-02 train_mse=1.271879e-02 train_cos=0.990286 train_nmse=-17.031dB train_rec=4.310225e-06 train_recT=3.758716e-06 train_fc=6.866898e-03 train_decoder_tail=1.013468e-05
I 07.01/16:24:35 train_mapper.py:622 ] epoch=0039 train_loss=5.101533e-02 train_mse=1.248756e-02 train_cos=0.990444 train_nmse=-17.110dB train_rec=4.223157e-06 train_recT=3.671690e-06 train_fc=6.734707e-03 train_decoder_tail=9.867133e-06
I 07.01/16:26:51 train_mapper.py:622 ] epoch=0040 train_loss=5.028036e-02 train_mse=1.225722e-02 train_cos=0.990601 train_nmse=-17.191dB train_rec=4.138907e-06 train_recT=3.587194e-06 train_fc=6.598631e-03 train_decoder_tail=9.619937e-06
I 07.01/16:29:10 train_mapper.py:622 ] epoch=0041 train_loss=4.938313e-02 train_mse=1.198504e-02 train_cos=0.990796 train_nmse=-17.288dB train_rec=4.035278e-06 train_recT=3.483427e-06 train_fc=6.439586e-03 train_decoder_tail=9.319634e-06
I 07.01/16:31:34 train_mapper.py:622 ] epoch=0042 train_loss=4.899046e-02 train_mse=1.185724e-02 train_cos=0.990871 train_nmse=-17.335dB train_rec=3.982683e-06 train_recT=3.430659e-06 train_fc=6.351262e-03 train_decoder_tail=9.141214e-06
I 07.01/16:34:31 train_mapper.py:622 ] epoch=0043 train_loss=4.823408e-02 train_mse=1.162712e-02 train_cos=0.991041 train_nmse=-17.420dB train_rec=3.902541e-06 train_recT=3.350509e-06 train_fc=6.217598e-03 train_decoder_tail=8.922752e-06
I 07.01/16:37:32 train_mapper.py:622 ] epoch=0044 train_loss=4.738128e-02 train_mse=1.137100e-02 train_cos=0.991229 train_nmse=-17.516dB train_rec=3.820842e-06 train_recT=3.268931e-06 train_fc=6.076566e-03 train_decoder_tail=8.702047e-06
I 07.01/16:40:31 train_mapper.py:622 ] epoch=0045 train_loss=4.683402e-02 train_mse=1.120122e-02 train_cos=0.991343 train_nmse=-17.581dB train_rec=3.746904e-06 train_recT=3.194297e-06 train_fc=5.967032e-03 train_decoder_tail=8.488646e-06
I 07.01/16:43:32 train_mapper.py:622 ] epoch=0046 train_loss=4.636367e-02 train_mse=1.105633e-02 train_cos=0.991445 train_nmse=-17.638dB train_rec=3.694893e-06 train_recT=3.142406e-06 train_fc=5.885741e-03 train_decoder_tail=8.323980e-06
I 07.01/16:46:13 train_mapper.py:622 ] epoch=0047 train_loss=4.576383e-02 train_mse=1.087494e-02 train_cos=0.991576 train_nmse=-17.710dB train_rec=3.629731e-06 train_recT=3.077469e-06 train_fc=5.780611e-03 train_decoder_tail=8.154019e-06
I 07.01/16:48:53 train_mapper.py:622 ] epoch=0048 train_loss=4.515408e-02 train_mse=1.069355e-02 train_cos=0.991710 train_nmse=-17.783dB train_rec=3.572952e-06 train_recT=3.020374e-06 train_fc=5.678645e-03 train_decoder_tail=7.998848e-06
I 07.01/16:51:35 train_mapper.py:622 ] epoch=0049 train_loss=4.461883e-02 train_mse=1.053403e-02 train_cos=0.991825 train_nmse=-17.848dB train_rec=3.518933e-06 train_recT=2.966796e-06 train_fc=5.591469e-03 train_decoder_tail=7.848321e-06
I 07.01/16:54:26 train_mapper.py:622 ] epoch=0050 train_loss=4.416699e-02 train_mse=1.039655e-02 train_cos=0.991919 train_nmse=-17.906dB train_rec=3.460078e-06 train_recT=2.907700e-06 train_fc=5.505128e-03 train_decoder_tail=7.690117e-06
I 07.01/16:57:10 train_mapper.py:622 ] epoch=0051 train_loss=4.380655e-02 train_mse=1.028502e-02 train_cos=0.992001 train_nmse=-17.952dB train_rec=3.427401e-06 train_recT=2.874741e-06 train_fc=5.447299e-03 train_decoder_tail=7.592550e-06
I 07.01/17:00:01 train_mapper.py:622 ] epoch=0052 train_loss=4.320883e-02 train_mse=1.011137e-02 train_cos=0.992133 train_nmse=-18.026dB train_rec=3.368080e-06 train_recT=2.815530e-06 train_fc=5.350993e-03 train_decoder_tail=7.444367e-06
I 07.01/17:02:54 train_mapper.py:622 ] epoch=0053 train_loss=4.264903e-02 train_mse=9.947519e-03 train_cos=0.992251 train_nmse=-18.097dB train_rec=3.312087e-06 train_recT=2.758966e-06 train_fc=5.249137e-03 train_decoder_tail=7.302021e-06
I 07.01/17:05:51 train_mapper.py:622 ] epoch=0054 train_loss=4.231217e-02 train_mse=9.846228e-03 train_cos=0.992325 train_nmse=-18.142dB train_rec=3.277023e-06 train_recT=2.724924e-06 train_fc=5.195053e-03 train_decoder_tail=7.206261e-06
I 07.01/17:08:47 train_mapper.py:622 ] epoch=0055 train_loss=4.186064e-02 train_mse=9.712646e-03 train_cos=0.992424 train_nmse=-18.201dB train_rec=3.232642e-06 train_recT=2.679917e-06 train_fc=5.122912e-03 train_decoder_tail=7.094760e-06
I 07.01/17:11:52 train_mapper.py:622 ] epoch=0056 train_loss=4.147797e-02 train_mse=9.602926e-03 train_cos=0.992507 train_nmse=-18.250dB train_rec=3.192143e-06 train_recT=2.639379e-06 train_fc=5.062296e-03 train_decoder_tail=6.987613e-06
I 07.01/17:14:50 train_mapper.py:622 ] epoch=0057 train_loss=4.122107e-02 train_mse=9.523926e-03 train_cos=0.992561 train_nmse=-18.286dB train_rec=3.164608e-06 train_recT=2.611345e-06 train_fc=5.014565e-03 train_decoder_tail=6.914818e-06
I 07.01/17:17:48 train_mapper.py:622 ] epoch=0058 train_loss=4.068655e-02 train_mse=9.369726e-03 train_cos=0.992680 train_nmse=-18.357dB train_rec=3.121065e-06 train_recT=2.568519e-06 train_fc=4.935862e-03 train_decoder_tail=6.803882e-06
I 07.01/17:20:47 train_mapper.py:622 ] epoch=0059 train_loss=4.037456e-02 train_mse=9.277504e-03 train_cos=0.992747 train_nmse=-18.400dB train_rec=3.091886e-06 train_recT=2.538800e-06 train_fc=4.879337e-03 train_decoder_tail=6.734936e-06
I 07.01/17:23:43 train_mapper.py:622 ] epoch=0060 train_loss=4.010000e-02 train_mse=9.198360e-03 train_cos=0.992808 train_nmse=-18.437dB train_rec=3.064728e-06 train_recT=2.511887e-06 train_fc=4.840740e-03 train_decoder_tail=6.664475e-06
I 07.01/17:26:43 train_mapper.py:622 ] epoch=0061 train_loss=3.964514e-02 train_mse=9.067692e-03 train_cos=0.992909 train_nmse=-18.499dB train_rec=3.026320e-06 train_recT=2.472783e-06 train_fc=4.769265e-03 train_decoder_tail=6.586026e-06
I 07.01/17:29:47 train_mapper.py:622 ] epoch=0062 train_loss=3.937685e-02 train_mse=8.990054e-03 train_cos=0.992965 train_nmse=-18.537dB train_rec=2.993996e-06 train_recT=2.440878e-06 train_fc=4.727190e-03 train_decoder_tail=6.498134e-06
I 07.01/17:32:42 train_mapper.py:622 ] epoch=0063 train_loss=3.902665e-02 train_mse=8.887913e-03 train_cos=0.993042 train_nmse=-18.586dB train_rec=2.965499e-06 train_recT=2.412660e-06 train_fc=4.668072e-03 train_decoder_tail=6.421607e-06
I 07.01/17:35:44 train_mapper.py:622 ] epoch=0064 train_loss=3.855435e-02 train_mse=8.757103e-03 train_cos=0.993140 train_nmse=-18.651dB train_rec=2.919981e-06 train_recT=2.367098e-06 train_fc=4.598201e-03 train_decoder_tail=6.319929e-06
I 07.01/17:38:43 train_mapper.py:622 ] epoch=0065 train_loss=3.818208e-02 train_mse=8.649146e-03 train_cos=0.993220 train_nmse=-18.704dB train_rec=2.884407e-06 train_recT=2.331595e-06 train_fc=4.537265e-03 train_decoder_tail=6.232021e-06
I 07.01/17:41:37 train_mapper.py:622 ] epoch=0066 train_loss=3.799198e-02 train_mse=8.591144e-03 train_cos=0.993263 train_nmse=-18.734dB train_rec=2.870939e-06 train_recT=2.317944e-06 train_fc=4.501244e-03 train_decoder_tail=6.191601e-06
I 07.01/17:44:31 train_mapper.py:622 ] epoch=0067 train_loss=3.769234e-02 train_mse=8.508567e-03 train_cos=0.993328 train_nmse=-18.776dB train_rec=2.849498e-06 train_recT=2.296360e-06 train_fc=4.464408e-03 train_decoder_tail=6.155814e-06
I 07.01/17:47:25 train_mapper.py:622 ] epoch=0068 train_loss=3.751600e-02 train_mse=8.456120e-03 train_cos=0.993366 train_nmse=-18.802dB train_rec=2.832267e-06 train_recT=2.279152e-06 train_fc=4.438072e-03 train_decoder_tail=6.095644e-06
I 07.01/17:50:23 train_mapper.py:622 ] epoch=0069 train_loss=3.717359e-02 train_mse=8.359616e-03 train_cos=0.993439 train_nmse=-18.853dB train_rec=2.795805e-06 train_recT=2.242669e-06 train_fc=4.381303e-03 train_decoder_tail=6.020664e-06
I 07.01/17:53:14 train_mapper.py:622 ] epoch=0070 train_loss=3.677380e-02 train_mse=8.248829e-03 train_cos=0.993526 train_nmse=-18.910dB train_rec=2.767137e-06 train_recT=2.213984e-06 train_fc=4.323990e-03 train_decoder_tail=5.960841e-06
I 07.01/17:56:09 train_mapper.py:622 ] epoch=0071 train_loss=3.652709e-02 train_mse=8.178904e-03 train_cos=0.993576 train_nmse=-18.947dB train_rec=2.739394e-06 train_recT=2.186101e-06 train_fc=4.288860e-03 train_decoder_tail=5.891622e-06
I 07.01/17:58:57 train_mapper.py:622 ] epoch=0072 train_loss=3.627617e-02 train_mse=8.106164e-03 train_cos=0.993631 train_nmse=-18.986dB train_rec=2.722125e-06 train_recT=2.169039e-06 train_fc=4.244648e-03 train_decoder_tail=5.839528e-06
I 07.01/18:01:53 train_mapper.py:622 ] epoch=0073 train_loss=3.605640e-02 train_mse=8.043747e-03 train_cos=0.993678 train_nmse=-19.019dB train_rec=2.700558e-06 train_recT=2.147069e-06 train_fc=4.210755e-03 train_decoder_tail=5.789769e-06
I 07.01/18:04:47 train_mapper.py:622 ] epoch=0074 train_loss=3.574925e-02 train_mse=7.960448e-03 train_cos=0.993744 train_nmse=-19.065dB train_rec=2.676347e-06 train_recT=2.123012e-06 train_fc=4.169597e-03 train_decoder_tail=5.738222e-06
I 07.01/18:07:47 train_mapper.py:622 ] epoch=0075 train_loss=3.550272e-02 train_mse=7.892019e-03 train_cos=0.993796 train_nmse=-19.102dB train_rec=2.651361e-06 train_recT=2.097892e-06 train_fc=4.136524e-03 train_decoder_tail=5.690024e-06
I 07.01/18:10:47 train_mapper.py:622 ] epoch=0076 train_loss=3.535834e-02 train_mse=7.848481e-03 train_cos=0.993828 train_nmse=-19.126dB train_rec=2.639851e-06 train_recT=2.086953e-06 train_fc=4.116047e-03 train_decoder_tail=5.653454e-06
I 07.01/18:13:41 train_mapper.py:622 ] epoch=0077 train_loss=3.512596e-02 train_mse=7.783932e-03 train_cos=0.993878 train_nmse=-19.162dB train_rec=2.623094e-06 train_recT=2.069397e-06 train_fc=4.079151e-03 train_decoder_tail=5.616107e-06
I 07.01/18:16:36 train_mapper.py:622 ] epoch=0078 train_loss=3.483360e-02 train_mse=7.703060e-03 train_cos=0.993939 train_nmse=-19.207dB train_rec=2.600204e-06 train_recT=2.047018e-06 train_fc=4.035978e-03 train_decoder_tail=5.568317e-06
I 07.01/18:19:30 train_mapper.py:622 ] epoch=0079 train_loss=3.457555e-02 train_mse=7.631608e-03 train_cos=0.993995 train_nmse=-19.248dB train_rec=2.574195e-06 train_recT=2.020563e-06 train_fc=3.998396e-03 train_decoder_tail=5.516230e-06
I 07.01/18:22:30 train_mapper.py:622 ] epoch=0080 train_loss=3.444185e-02 train_mse=7.592011e-03 train_cos=0.994022 train_nmse=-19.271dB train_rec=2.564897e-06 train_recT=2.011928e-06 train_fc=3.976463e-03 train_decoder_tail=5.484860e-06
I 07.01/18:25:25 train_mapper.py:622 ] epoch=0081 train_loss=3.402454e-02 train_mse=7.481390e-03 train_cos=0.994112 train_nmse=-19.334dB train_rec=2.530749e-06 train_recT=1.977424e-06 train_fc=3.922269e-03 train_decoder_tail=5.422799e-06
I 07.01/18:28:16 train_mapper.py:622 ] epoch=0082 train_loss=3.396803e-02 train_mse=7.462428e-03 train_cos=0.994124 train_nmse=-19.345dB train_rec=2.527461e-06 train_recT=1.973793e-06 train_fc=3.912932e-03 train_decoder_tail=5.406751e-06
I 07.01/18:31:15 train_mapper.py:622 ] epoch=0083 train_loss=3.369307e-02 train_mse=7.386841e-03 train_cos=0.994182 train_nmse=-19.390dB train_rec=2.498290e-06 train_recT=1.944416e-06 train_fc=3.871102e-03 train_decoder_tail=5.352655e-06
I 07.01/18:34:08 train_mapper.py:622 ] epoch=0084 train_loss=3.341655e-02 train_mse=7.311229e-03 train_cos=0.994240 train_nmse=-19.434dB train_rec=2.475441e-06 train_recT=1.922064e-06 train_fc=3.826281e-03 train_decoder_tail=5.295466e-06
I 07.01/18:37:04 train_mapper.py:622 ] epoch=0085 train_loss=3.325891e-02 train_mse=7.266916e-03 train_cos=0.994272 train_nmse=-19.461dB train_rec=2.464685e-06 train_recT=1.911426e-06 train_fc=3.801576e-03 train_decoder_tail=5.261198e-06
I 07.01/18:39:53 train_mapper.py:622 ] epoch=0086 train_loss=3.304639e-02 train_mse=7.208838e-03 train_cos=0.994314 train_nmse=-19.496dB train_rec=2.444238e-06 train_recT=1.890314e-06 train_fc=3.774922e-03 train_decoder_tail=5.219065e-06
I 07.01/18:42:45 train_mapper.py:622 ] epoch=0087 train_loss=3.281519e-02 train_mse=7.146899e-03 train_cos=0.994367 train_nmse=-19.533dB train_rec=2.426999e-06 train_recT=1.873364e-06 train_fc=3.747713e-03 train_decoder_tail=5.188244e-06
I 07.01/18:45:19 train_mapper.py:622 ] epoch=0088 train_loss=3.268317e-02 train_mse=7.108529e-03 train_cos=0.994394 train_nmse=-19.556dB train_rec=2.417574e-06 train_recT=1.864238e-06 train_fc=3.727121e-03 train_decoder_tail=5.168434e-06
I 07.01/18:47:41 train_mapper.py:622 ] epoch=0089 train_loss=3.243960e-02 train_mse=7.042976e-03 train_cos=0.994447 train_nmse=-19.596dB train_rec=2.402775e-06 train_recT=1.849632e-06 train_fc=3.696902e-03 train_decoder_tail=5.133321e-06
I 07.01/18:49:57 train_mapper.py:622 ] epoch=0090 train_loss=3.235959e-02 train_mse=7.017737e-03 train_cos=0.994465 train_nmse=-19.612dB train_rec=2.400933e-06 train_recT=1.847591e-06 train_fc=3.681104e-03 train_decoder_tail=5.121047e-06
I 07.01/18:52:16 train_mapper.py:622 ] epoch=0091 train_loss=3.218397e-02 train_mse=6.969389e-03 train_cos=0.994499 train_nmse=-19.642dB train_rec=2.374481e-06 train_recT=1.820471e-06 train_fc=3.655183e-03 train_decoder_tail=5.073386e-06
I 07.01/18:54:34 train_mapper.py:622 ] epoch=0092 train_loss=3.197869e-02 train_mse=6.913962e-03 train_cos=0.994544 train_nmse=-19.677dB train_rec=2.359721e-06 train_recT=1.806424e-06 train_fc=3.628103e-03 train_decoder_tail=5.039475e-06
I 07.01/18:56:52 train_mapper.py:622 ] epoch=0093 train_loss=3.169262e-02 train_mse=6.838113e-03 train_cos=0.994601 train_nmse=-19.725dB train_rec=2.335285e-06 train_recT=1.781908e-06 train_fc=3.586931e-03 train_decoder_tail=4.987443e-06
I 07.01/18:59:08 train_mapper.py:622 ] epoch=0094 train_loss=3.148725e-02 train_mse=6.781921e-03 train_cos=0.994643 train_nmse=-19.761dB train_rec=2.321511e-06 train_recT=1.767903e-06 train_fc=3.554114e-03 train_decoder_tail=4.953202e-06
I 07.01/19:01:23 train_mapper.py:622 ] epoch=0095 train_loss=3.143993e-02 train_mse=6.766016e-03 train_cos=0.994656 train_nmse=-19.770dB train_rec=2.317568e-06 train_recT=1.763999e-06 train_fc=3.547804e-03 train_decoder_tail=4.944010e-06
I 07.01/19:03:40 train_mapper.py:622 ] epoch=0096 train_loss=3.110373e-02 train_mse=6.679995e-03 train_cos=0.994727 train_nmse=-19.826dB train_rec=2.299352e-06 train_recT=1.745805e-06 train_fc=3.511022e-03 train_decoder_tail=4.910439e-06
I 07.01/19:05:55 train_mapper.py:622 ] epoch=0097 train_loss=3.096588e-02 train_mse=6.639581e-03 train_cos=0.994755 train_nmse=-19.853dB train_rec=2.279946e-06 train_recT=1.726740e-06 train_fc=3.480678e-03 train_decoder_tail=4.864437e-06
I 07.01/19:08:11 train_mapper.py:622 ] epoch=0098 train_loss=3.086870e-02 train_mse=6.611870e-03 train_cos=0.994774 train_nmse=-19.871dB train_rec=2.274632e-06 train_recT=1.721442e-06 train_fc=3.468840e-03 train_decoder_tail=4.849126e-06
I 07.01/19:10:29 train_mapper.py:622 ] epoch=0099 train_loss=3.069192e-02 train_mse=6.564255e-03 train_cos=0.994810 train_nmse=-19.902dB train_rec=2.255305e-06 train_recT=1.701700e-06 train_fc=3.443617e-03 train_decoder_tail=4.808211e-06
I 07.01/19:12:47 train_mapper.py:622 ] epoch=0100 train_loss=3.043348e-02 train_mse=6.495583e-03 train_cos=0.994861 train_nmse=-19.948dB train_rec=2.233161e-06 train_recT=1.679455e-06 train_fc=3.406023e-03 train_decoder_tail=4.759781e-06
I 07.01/19:15:06 train_mapper.py:622 ] epoch=0101 train_loss=3.037236e-02 train_mse=6.478696e-03 train_cos=0.994878 train_nmse=-19.959dB train_rec=2.235951e-06 train_recT=1.683010e-06 train_fc=3.403294e-03 train_decoder_tail=4.767591e-06
I 07.01/19:17:26 train_mapper.py:622 ] epoch=0102 train_loss=3.024382e-02 train_mse=6.442393e-03 train_cos=0.994906 train_nmse=-19.984dB train_rec=2.229253e-06 train_recT=1.675543e-06 train_fc=3.382485e-03 train_decoder_tail=4.760570e-06
I 07.01/19:19:41 train_mapper.py:622 ] epoch=0103 train_loss=3.018382e-02 train_mse=6.424785e-03 train_cos=0.994918 train_nmse=-19.995dB train_rec=2.216794e-06 train_recT=1.663938e-06 train_fc=3.376590e-03 train_decoder_tail=4.727023e-06
I 07.01/19:21:57 train_mapper.py:622 ] epoch=0104 train_loss=2.991226e-02 train_mse=6.354153e-03 train_cos=0.994974 train_nmse=-20.044dB train_rec=2.198315e-06 train_recT=1.645044e-06 train_fc=3.334975e-03 train_decoder_tail=4.689216e-06
I 07.01/19:24:16 train_mapper.py:622 ] epoch=0105 train_loss=2.983295e-02 train_mse=6.331800e-03 train_cos=0.994988 train_nmse=-20.059dB train_rec=2.191768e-06 train_recT=1.637879e-06 train_fc=3.323862e-03 train_decoder_tail=4.669018e-06
I 07.01/19:26:30 train_mapper.py:622 ] epoch=0106 train_loss=2.964910e-02 train_mse=6.281863e-03 train_cos=0.995026 train_nmse=-20.093dB train_rec=2.175959e-06 train_recT=1.622723e-06 train_fc=3.293769e-03 train_decoder_tail=4.634699e-06
I 07.01/19:28:48 train_mapper.py:622 ] epoch=0107 train_loss=2.940983e-02 train_mse=6.221844e-03 train_cos=0.995077 train_nmse=-20.135dB train_rec=2.162920e-06 train_recT=1.609637e-06 train_fc=3.266693e-03 train_decoder_tail=4.611512e-06
I 07.01/19:31:08 train_mapper.py:622 ] epoch=0108 train_loss=2.935222e-02 train_mse=6.203812e-03 train_cos=0.995087 train_nmse=-20.147dB train_rec=2.161588e-06 train_recT=1.608303e-06 train_fc=3.260797e-03 train_decoder_tail=4.601256e-06
I 07.01/19:33:27 train_mapper.py:622 ] epoch=0109 train_loss=2.918628e-02 train_mse=6.160457e-03 train_cos=0.995123 train_nmse=-20.178dB train_rec=2.143156e-06 train_recT=1.589659e-06 train_fc=3.235608e-03 train_decoder_tail=4.571338e-06
I 07.01/19:35:43 train_mapper.py:622 ] epoch=0110 train_loss=2.912302e-02 train_mse=6.142371e-03 train_cos=0.995134 train_nmse=-20.190dB train_rec=2.131517e-06 train_recT=1.578391e-06 train_fc=3.228465e-03 train_decoder_tail=4.549980e-06
I 07.01/19:38:05 train_mapper.py:622 ] epoch=0111 train_loss=2.896638e-02 train_mse=6.101901e-03 train_cos=0.995164 train_nmse=-20.219dB train_rec=2.121367e-06 train_recT=1.567755e-06 train_fc=3.204147e-03 train_decoder_tail=4.523805e-06
I 07.01/19:40:20 train_mapper.py:622 ] epoch=0112 train_loss=2.887792e-02 train_mse=6.077926e-03 train_cos=0.995183 train_nmse=-20.236dB train_rec=2.114910e-06 train_recT=1.561846e-06 train_fc=3.191740e-03 train_decoder_tail=4.505981e-06
I 07.01/19:42:39 train_mapper.py:622 ] epoch=0113 train_loss=2.871247e-02 train_mse=6.033679e-03 train_cos=0.995217 train_nmse=-20.268dB train_rec=2.107736e-06 train_recT=1.554526e-06 train_fc=3.168394e-03 train_decoder_tail=4.496584e-06
I 07.01/19:44:57 train_mapper.py:622 ] epoch=0114 train_loss=2.856949e-02 train_mse=5.997491e-03 train_cos=0.995246 train_nmse=-20.294dB train_rec=2.091529e-06 train_recT=1.538355e-06 train_fc=3.154810e-03 train_decoder_tail=4.467228e-06
I 07.01/19:47:17 train_mapper.py:622 ] epoch=0115 train_loss=2.844488e-02 train_mse=5.964192e-03 train_cos=0.995270 train_nmse=-20.318dB train_rec=2.084185e-06 train_recT=1.530808e-06 train_fc=3.135512e-03 train_decoder_tail=4.450487e-06
I 07.01/19:49:33 train_mapper.py:622 ] epoch=0116 train_loss=2.835741e-02 train_mse=5.939495e-03 train_cos=0.995289 train_nmse=-20.336dB train_rec=2.078249e-06 train_recT=1.525301e-06 train_fc=3.120879e-03 train_decoder_tail=4.431477e-06
I 07.01/19:51:50 train_mapper.py:622 ] epoch=0117 train_loss=2.821272e-02 train_mse=5.902707e-03 train_cos=0.995316 train_nmse=-20.363dB train_rec=2.063486e-06 train_recT=1.510110e-06 train_fc=3.098719e-03 train_decoder_tail=4.408472e-06
I 07.01/19:54:11 train_mapper.py:622 ] epoch=0118 train_loss=2.799868e-02 train_mse=5.847595e-03 train_cos=0.995359 train_nmse=-20.404dB train_rec=2.050198e-06 train_recT=1.497051e-06 train_fc=3.068287e-03 train_decoder_tail=4.375532e-06
I 07.01/19:56:36 train_mapper.py:622 ] epoch=0119 train_loss=2.788618e-02 train_mse=5.819079e-03 train_cos=0.995381 train_nmse=-20.425dB train_rec=2.040660e-06 train_recT=1.487539e-06 train_fc=3.055213e-03 train_decoder_tail=4.355011e-06
I 07.01/19:58:59 train_mapper.py:622 ] epoch=0120 train_loss=2.790776e-02 train_mse=5.822698e-03 train_cos=0.995379 train_nmse=-20.423dB train_rec=2.042072e-06 train_recT=1.488972e-06 train_fc=3.057589e-03 train_decoder_tail=4.358825e-06
I 07.01/20:01:17 train_mapper.py:622 ] epoch=0121 train_loss=2.752311e-02 train_mse=5.727898e-03 train_cos=0.995456 train_nmse=-20.494dB train_rec=2.016272e-06 train_recT=1.463228e-06 train_fc=3.003982e-03 train_decoder_tail=4.304834e-06
I 07.01/20:03:37 train_mapper.py:622 ] epoch=0122 train_loss=2.749493e-02 train_mse=5.717798e-03 train_cos=0.995459 train_nmse=-20.502dB train_rec=2.012203e-06 train_recT=1.459074e-06 train_fc=3.000641e-03 train_decoder_tail=4.295203e-06
I 07.01/20:05:54 train_mapper.py:622 ] epoch=0123 train_loss=2.747448e-02 train_mse=5.710929e-03 train_cos=0.995464 train_nmse=-20.507dB train_rec=2.009987e-06 train_recT=1.457160e-06 train_fc=2.995650e-03 train_decoder_tail=4.287167e-06
I 07.01/20:08:14 train_mapper.py:622 ] epoch=0124 train_loss=2.746239e-02 train_mse=5.706422e-03 train_cos=0.995467 train_nmse=-20.510dB train_rec=2.007727e-06 train_recT=1.454620e-06 train_fc=2.996826e-03 train_decoder_tail=4.290833e-06
I 07.01/20:10:32 train_mapper.py:622 ] epoch=0125 train_loss=2.724752e-02 train_mse=5.652514e-03 train_cos=0.995512 train_nmse=-20.552dB train_rec=1.996201e-06 train_recT=1.443164e-06 train_fc=2.965977e-03 train_decoder_tail=4.266769e-06
I 07.01/20:12:47 train_mapper.py:622 ] epoch=0126 train_loss=2.712894e-02 train_mse=5.623138e-03 train_cos=0.995534 train_nmse=-20.574dB train_rec=1.985208e-06 train_recT=1.432182e-06 train_fc=2.950553e-03 train_decoder_tail=4.250829e-06
I 07.01/20:15:05 train_mapper.py:622 ] epoch=0127 train_loss=2.703015e-02 train_mse=5.596347e-03 train_cos=0.995556 train_nmse=-20.595dB train_rec=1.983208e-06 train_recT=1.430138e-06 train_fc=2.936497e-03 train_decoder_tail=4.245441e-06
I 07.01/20:17:19 train_mapper.py:622 ] epoch=0128 train_loss=2.685972e-02 train_mse=5.553666e-03 train_cos=0.995589 train_nmse=-20.628dB train_rec=1.968787e-06 train_recT=1.415875e-06 train_fc=2.913932e-03 train_decoder_tail=4.210340e-06
I 07.01/20:19:37 train_mapper.py:622 ] epoch=0129 train_loss=2.684590e-02 train_mse=5.547739e-03 train_cos=0.995591 train_nmse=-20.633dB train_rec=1.966503e-06 train_recT=1.413663e-06 train_fc=2.910388e-03 train_decoder_tail=4.196805e-06
I 07.01/20:21:55 train_mapper.py:622 ] epoch=0130 train_loss=2.668342e-02 train_mse=5.508086e-03 train_cos=0.995625 train_nmse=-20.664dB train_rec=1.958992e-06 train_recT=1.406153e-06 train_fc=2.889918e-03 train_decoder_tail=4.190429e-06
I 07.01/20:24:18 train_mapper.py:622 ] epoch=0131 train_loss=2.670153e-02 train_mse=5.510952e-03 train_cos=0.995621 train_nmse=-20.661dB train_rec=1.956465e-06 train_recT=1.403362e-06 train_fc=2.897034e-03 train_decoder_tail=4.195071e-06
I 07.01/20:26:32 train_mapper.py:622 ] epoch=0132 train_loss=2.660400e-02 train_mse=5.486138e-03 train_cos=0.995639 train_nmse=-20.681dB train_rec=1.948071e-06 train_recT=1.395193e-06 train_fc=2.878286e-03 train_decoder_tail=4.172906e-06
I 07.01/20:28:51 train_mapper.py:622 ] epoch=0133 train_loss=2.639608e-02 train_mse=5.434041e-03 train_cos=0.995679 train_nmse=-20.723dB train_rec=1.936459e-06 train_recT=1.383710e-06 train_fc=2.849716e-03 train_decoder_tail=4.144928e-06
I 07.01/20:31:17 train_mapper.py:622 ] epoch=0134 train_loss=2.626657e-02 train_mse=5.401962e-03 train_cos=0.995704 train_nmse=-20.748dB train_rec=1.925203e-06 train_recT=1.372032e-06 train_fc=2.834817e-03 train_decoder_tail=4.121778e-06
I 07.01/20:33:36 train_mapper.py:622 ] epoch=0135 train_loss=2.622850e-02 train_mse=5.390916e-03 train_cos=0.995713 train_nmse=-20.757dB train_rec=1.920996e-06 train_recT=1.368051e-06 train_fc=2.824764e-03 train_decoder_tail=4.115810e-06
I 07.01/20:35:51 train_mapper.py:622 ] epoch=0136 train_loss=2.611722e-02 train_mse=5.363201e-03 train_cos=0.995735 train_nmse=-20.780dB train_rec=1.915061e-06 train_recT=1.362091e-06 train_fc=2.810942e-03 train_decoder_tail=4.103782e-06
I 07.01/20:38:10 train_mapper.py:622 ] epoch=0137 train_loss=2.594263e-02 train_mse=5.320801e-03 train_cos=0.995769 train_nmse=-20.814dB train_rec=1.900002e-06 train_recT=1.347186e-06 train_fc=2.792261e-03 train_decoder_tail=4.076463e-06
I 07.01/20:40:29 train_mapper.py:622 ] epoch=0138 train_loss=2.597336e-02 train_mse=5.325315e-03 train_cos=0.995762 train_nmse=-20.811dB train_rec=1.901761e-06 train_recT=1.348448e-06 train_fc=2.793506e-03 train_decoder_tail=4.076211e-06
I 07.01/20:42:45 train_mapper.py:622 ] epoch=0139 train_loss=2.587488e-02 train_mse=5.301579e-03 train_cos=0.995782 train_nmse=-20.830dB train_rec=1.896328e-06 train_recT=1.343555e-06 train_fc=2.778540e-03 train_decoder_tail=4.074707e-06
I 07.01/20:45:02 train_mapper.py:622 ] epoch=0140 train_loss=2.575697e-02 train_mse=5.271502e-03 train_cos=0.995805 train_nmse=-20.855dB train_rec=1.885345e-06 train_recT=1.332249e-06 train_fc=2.766207e-03 train_decoder_tail=4.046475e-06
I 07.01/20:47:19 train_mapper.py:622 ] epoch=0141 train_loss=2.562811e-02 train_mse=5.239210e-03 train_cos=0.995832 train_nmse=-20.881dB train_rec=1.876714e-06 train_recT=1.323883e-06 train_fc=2.746137e-03 train_decoder_tail=4.027786e-06
I 07.01/20:49:35 train_mapper.py:622 ] epoch=0142 train_loss=2.553856e-02 train_mse=5.217481e-03 train_cos=0.995850 train_nmse=-20.899dB train_rec=1.873157e-06 train_recT=1.320249e-06 train_fc=2.735835e-03 train_decoder_tail=4.025194e-06
I 07.01/20:51:55 train_mapper.py:622 ] epoch=0143 train_loss=2.552145e-02 train_mse=5.211203e-03 train_cos=0.995854 train_nmse=-20.904dB train_rec=1.872370e-06 train_recT=1.319338e-06 train_fc=2.732831e-03 train_decoder_tail=4.021956e-06
I 07.01/20:54:16 train_mapper.py:622 ] epoch=0144 train_loss=2.538874e-02 train_mse=5.178980e-03 train_cos=0.995878 train_nmse=-20.931dB train_rec=1.862603e-06 train_recT=1.309112e-06 train_fc=2.714806e-03 train_decoder_tail=4.004516e-06
I 07.01/20:56:34 train_mapper.py:622 ] epoch=0145 train_loss=2.532626e-02 train_mse=5.161861e-03 train_cos=0.995892 train_nmse=-20.946dB train_rec=1.857494e-06 train_recT=1.304505e-06 train_fc=2.701585e-03 train_decoder_tail=3.992162e-06
I 07.01/20:58:53 train_mapper.py:622 ] epoch=0146 train_loss=2.520275e-02 train_mse=5.132587e-03 train_cos=0.995917 train_nmse=-20.971dB train_rec=1.851990e-06 train_recT=1.299341e-06 train_fc=2.689891e-03 train_decoder_tail=3.985889e-06
I 07.01/21:01:12 train_mapper.py:622 ] epoch=0147 train_loss=2.519493e-02 train_mse=5.128752e-03 train_cos=0.995919 train_nmse=-20.974dB train_rec=1.854815e-06 train_recT=1.301975e-06 train_fc=2.689909e-03 train_decoder_tail=3.992980e-06
I 07.01/21:03:29 train_mapper.py:622 ] epoch=0148 train_loss=2.504492e-02 train_mse=5.092828e-03 train_cos=0.995946 train_nmse=-21.004dB train_rec=1.838184e-06 train_recT=1.285051e-06 train_fc=2.667642e-03 train_decoder_tail=3.959470e-06
I 07.01/21:05:46 train_mapper.py:622 ] epoch=0149 train_loss=2.497731e-02 train_mse=5.074531e-03 train_cos=0.995958 train_nmse=-21.020dB train_rec=1.827886e-06 train_recT=1.275404e-06 train_fc=2.658611e-03 train_decoder_tail=3.933517e-06
I 07.01/21:08:07 train_mapper.py:622 ] epoch=0150 train_loss=2.480233e-02 train_mse=5.033403e-03 train_cos=0.995992 train_nmse=-21.055dB train_rec=1.819046e-06 train_recT=1.266094e-06 train_fc=2.637221e-03 train_decoder_tail=3.919960e-06
I 07.01/21:10:24 train_mapper.py:622 ] epoch=0151 train_loss=2.484471e-02 train_mse=5.041668e-03 train_cos=0.995986 train_nmse=-21.048dB train_rec=1.825043e-06 train_recT=1.272244e-06 train_fc=2.643047e-03 train_decoder_tail=3.932957e-06
I 07.01/21:12:45 train_mapper.py:622 ] epoch=0152 train_loss=2.476263e-02 train_mse=5.021397e-03 train_cos=0.996003 train_nmse=-21.066dB train_rec=1.820930e-06 train_recT=1.268024e-06 train_fc=2.632080e-03 train_decoder_tail=3.928239e-06
I 07.01/21:15:04 train_mapper.py:622 ] epoch=0153 train_loss=2.473878e-02 train_mse=5.013804e-03 train_cos=0.996009 train_nmse=-21.072dB train_rec=1.824251e-06 train_recT=1.271137e-06 train_fc=2.627087e-03 train_decoder_tail=3.934794e-06
I 07.01/21:17:22 train_mapper.py:622 ] epoch=0154 train_loss=2.465163e-02 train_mse=4.992515e-03 train_cos=0.996024 train_nmse=-21.091dB train_rec=1.810503e-06 train_recT=1.258035e-06 train_fc=2.617287e-03 train_decoder_tail=3.911015e-06
I 07.01/21:19:41 train_mapper.py:622 ] epoch=0155 train_loss=2.451544e-02 train_mse=4.959405e-03 train_cos=0.996052 train_nmse=-21.120dB train_rec=1.804055e-06 train_recT=1.251043e-06 train_fc=2.598447e-03 train_decoder_tail=3.896980e-06
I 07.01/21:22:01 train_mapper.py:622 ] epoch=0156 train_loss=2.449934e-02 train_mse=4.954464e-03 train_cos=0.996055 train_nmse=-21.124dB train_rec=1.805003e-06 train_recT=1.251789e-06 train_fc=2.595042e-03 train_decoder_tail=3.898302e-06
I 07.01/21:24:17 train_mapper.py:622 ] epoch=0157 train_loss=2.429717e-02 train_mse=4.906423e-03 train_cos=0.996093 train_nmse=-21.166dB train_rec=1.788779e-06 train_recT=1.236297e-06 train_fc=2.571312e-03 train_decoder_tail=3.860112e-06
I 07.01/21:26:33 train_mapper.py:622 ] epoch=0158 train_loss=2.427580e-02 train_mse=4.899393e-03 train_cos=0.996095 train_nmse=-21.172dB train_rec=1.785740e-06 train_recT=1.232562e-06 train_fc=2.568062e-03 train_decoder_tail=3.854361e-06
I 07.01/21:28:52 train_mapper.py:622 ] epoch=0159 train_loss=2.420630e-02 train_mse=4.882452e-03 train_cos=0.996110 train_nmse=-21.187dB train_rec=1.776904e-06 train_recT=1.224236e-06 train_fc=2.558861e-03 train_decoder_tail=3.840944e-06
I 07.01/21:31:15 train_mapper.py:622 ] epoch=0160 train_loss=2.411601e-02 train_mse=4.860811e-03 train_cos=0.996129 train_nmse=-21.207dB train_rec=1.778245e-06 train_recT=1.224891e-06 train_fc=2.547324e-03 train_decoder_tail=3.844941e-06
I 07.01/21:33:36 train_mapper.py:622 ] epoch=0161 train_loss=2.407477e-02 train_mse=4.849251e-03 train_cos=0.996135 train_nmse=-21.217dB train_rec=1.772280e-06 train_recT=1.219679e-06 train_fc=2.539546e-03 train_decoder_tail=3.833793e-06
I 07.01/21:35:55 train_mapper.py:622 ] epoch=0162 train_loss=2.389620e-02 train_mse=4.806787e-03 train_cos=0.996169 train_nmse=-21.255dB train_rec=1.761130e-06 train_recT=1.208325e-06 train_fc=2.518268e-03 train_decoder_tail=3.811344e-06
I 07.01/21:38:16 train_mapper.py:622 ] epoch=0163 train_loss=2.392687e-02 train_mse=4.812356e-03 train_cos=0.996164 train_nmse=-21.250dB train_rec=1.762729e-06 train_recT=1.209929e-06 train_fc=2.520764e-03 train_decoder_tail=3.816690e-06
I 07.01/21:40:39 train_mapper.py:622 ] epoch=0164 train_loss=2.389544e-02 train_mse=4.804887e-03 train_cos=0.996174 train_nmse=-21.257dB train_rec=1.763632e-06 train_recT=1.211077e-06 train_fc=2.520666e-03 train_decoder_tail=3.817863e-06
I 07.01/21:42:54 train_mapper.py:622 ] epoch=0165 train_loss=2.379758e-02 train_mse=4.780264e-03 train_cos=0.996191 train_nmse=-21.279dB train_rec=1.753939e-06 train_recT=1.201006e-06 train_fc=2.504016e-03 train_decoder_tail=3.805000e-06
I 07.01/21:45:11 train_mapper.py:622 ] epoch=0166 train_loss=2.373143e-02 train_mse=4.764087e-03 train_cos=0.996203 train_nmse=-21.294dB train_rec=1.749110e-06 train_recT=1.196537e-06 train_fc=2.496496e-03 train_decoder_tail=3.791198e-06
I 07.01/21:47:37 train_mapper.py:622 ] epoch=0167 train_loss=2.363206e-02 train_mse=4.739183e-03 train_cos=0.996223 train_nmse=-21.317dB train_rec=1.739610e-06 train_recT=1.186827e-06 train_fc=2.478589e-03 train_decoder_tail=3.774524e-06
I 07.01/21:50:14 train_mapper.py:622 ] epoch=0168 train_loss=2.361839e-02 train_mse=4.735260e-03 train_cos=0.996225 train_nmse=-21.320dB train_rec=1.738547e-06 train_recT=1.185046e-06 train_fc=2.478205e-03 train_decoder_tail=3.769697e-06
I 07.01/21:52:51 train_mapper.py:622 ] epoch=0169 train_loss=2.349581e-02 train_mse=4.706432e-03 train_cos=0.996250 train_nmse=-21.347dB train_rec=1.733939e-06 train_recT=1.181512e-06 train_fc=2.466444e-03 train_decoder_tail=3.757784e-06
I 07.01/21:55:22 train_mapper.py:622 ] epoch=0170 train_loss=2.346448e-02 train_mse=4.698134e-03 train_cos=0.996255 train_nmse=-21.354dB train_rec=1.734000e-06 train_recT=1.180774e-06 train_fc=2.460034e-03 train_decoder_tail=3.762238e-06
I 07.01/21:57:21 train_mapper.py:622 ] epoch=0171 train_loss=2.339435e-02 train_mse=4.680820e-03 train_cos=0.996266 train_nmse=-21.371dB train_rec=1.723788e-06 train_recT=1.171010e-06 train_fc=2.450888e-03 train_decoder_tail=3.736340e-06
I 07.01/21:59:08 train_mapper.py:622 ] epoch=0172 train_loss=2.332509e-02 train_mse=4.664299e-03 train_cos=0.996282 train_nmse=-21.386dB train_rec=1.721414e-06 train_recT=1.168207e-06 train_fc=2.442870e-03 train_decoder_tail=3.738215e-06
I 07.01/22:00:57 train_mapper.py:622 ] epoch=0173 train_loss=2.320359e-02 train_mse=4.635098e-03 train_cos=0.996304 train_nmse=-21.413dB train_rec=1.712906e-06 train_recT=1.160302e-06 train_fc=2.427196e-03 train_decoder_tail=3.717991e-06
I 07.01/22:02:39 train_mapper.py:622 ] epoch=0174 train_loss=2.321777e-02 train_mse=4.636800e-03 train_cos=0.996304 train_nmse=-21.412dB train_rec=1.718025e-06 train_recT=1.164968e-06 train_fc=2.428075e-03 train_decoder_tail=3.728534e-06
I 07.01/22:04:28 train_mapper.py:622 ] epoch=0175 train_loss=2.316688e-02 train_mse=4.624745e-03 train_cos=0.996316 train_nmse=-21.423dB train_rec=1.714530e-06 train_recT=1.161820e-06 train_fc=2.422291e-03 train_decoder_tail=3.729202e-06
I 07.01/22:06:18 train_mapper.py:622 ] epoch=0176 train_loss=2.309576e-02 train_mse=4.607136e-03 train_cos=0.996329 train_nmse=-21.440dB train_rec=1.706569e-06 train_recT=1.153887e-06 train_fc=2.412696e-03 train_decoder_tail=3.716111e-06
I 07.01/22:08:13 train_mapper.py:622 ] epoch=0177 train_loss=2.297676e-02 train_mse=4.579195e-03 train_cos=0.996350 train_nmse=-21.466dB train_rec=1.699836e-06 train_recT=1.147192e-06 train_fc=2.395779e-03 train_decoder_tail=3.699176e-06
I 07.01/22:10:14 train_mapper.py:622 ] epoch=0178 train_loss=2.291497e-02 train_mse=4.563483e-03 train_cos=0.996360 train_nmse=-21.481dB train_rec=1.693554e-06 train_recT=1.140684e-06 train_fc=2.387820e-03 train_decoder_tail=3.681332e-06
I 07.01/22:12:19 train_mapper.py:622 ] epoch=0179 train_loss=2.290640e-02 train_mse=4.561193e-03 train_cos=0.996362 train_nmse=-21.483dB train_rec=1.692760e-06 train_recT=1.139985e-06 train_fc=2.387771e-03 train_decoder_tail=3.678990e-06
I 07.01/22:14:15 train_mapper.py:622 ] epoch=0180 train_loss=2.280066e-02 train_mse=4.536692e-03 train_cos=0.996384 train_nmse=-21.506dB train_rec=1.688552e-06 train_recT=1.135722e-06 train_fc=2.375003e-03 train_decoder_tail=3.677937e-06
I 07.01/22:16:12 train_mapper.py:622 ] epoch=0181 train_loss=2.280501e-02 train_mse=4.535407e-03 train_cos=0.996383 train_nmse=-21.508dB train_rec=1.684049e-06 train_recT=1.131300e-06 train_fc=2.372420e-03 train_decoder_tail=3.672188e-06
I 07.01/22:17:57 train_mapper.py:622 ] epoch=0182 train_loss=2.276726e-02 train_mse=4.526564e-03 train_cos=0.996390 train_nmse=-21.516dB train_rec=1.685076e-06 train_recT=1.132139e-06 train_fc=2.371539e-03 train_decoder_tail=3.676596e-06
I 07.01/22:19:37 train_mapper.py:622 ] epoch=0183 train_loss=2.266542e-02 train_mse=4.502304e-03 train_cos=0.996410 train_nmse=-21.539dB train_rec=1.676858e-06 train_recT=1.124438e-06 train_fc=2.358817e-03 train_decoder_tail=3.654843e-06
I 07.01/22:21:22 train_mapper.py:622 ] epoch=0184 train_loss=2.257001e-02 train_mse=4.479449e-03 train_cos=0.996428 train_nmse=-21.561dB train_rec=1.670670e-06 train_recT=1.117681e-06 train_fc=2.344330e-03 train_decoder_tail=3.646331e-06
I 07.01/22:22:58 train_mapper.py:622 ] epoch=0185 train_loss=2.262642e-02 train_mse=4.490661e-03 train_cos=0.996415 train_nmse=-21.551dB train_rec=1.671023e-06 train_recT=1.118322e-06 train_fc=2.348328e-03 train_decoder_tail=3.641390e-06
I 07.01/22:24:30 train_mapper.py:622 ] epoch=0186 train_loss=2.253707e-02 train_mse=4.469819e-03 train_cos=0.996433 train_nmse=-21.571dB train_rec=1.667223e-06 train_recT=1.114372e-06 train_fc=2.336930e-03 train_decoder_tail=3.636502e-06
I 07.01/22:26:00 train_mapper.py:622 ] epoch=0187 train_loss=2.241013e-02 train_mse=4.440302e-03 train_cos=0.996459 train_nmse=-21.600dB train_rec=1.663732e-06 train_recT=1.111156e-06 train_fc=2.322300e-03 train_decoder_tail=3.629588e-06
I 07.01/22:27:34 train_mapper.py:622 ] epoch=0188 train_loss=2.233058e-02 train_mse=4.421612e-03 train_cos=0.996473 train_nmse=-21.618dB train_rec=1.654614e-06 train_recT=1.101697e-06 train_fc=2.314153e-03 train_decoder_tail=3.614105e-06
I 07.01/22:28:48 train_mapper.py:622 ] epoch=0189 train_loss=2.223361e-02 train_mse=4.399202e-03 train_cos=0.996492 train_nmse=-21.640dB train_rec=1.650505e-06 train_recT=1.098015e-06 train_fc=2.302031e-03 train_decoder_tail=3.607037e-06
I 07.01/22:29:58 train_mapper.py:622 ] epoch=0190 train_loss=2.227829e-02 train_mse=4.408451e-03 train_cos=0.996483 train_nmse=-21.631dB train_rec=1.649877e-06 train_recT=1.097251e-06 train_fc=2.307732e-03 train_decoder_tail=3.604186e-06
I 07.01/22:31:09 train_mapper.py:622 ] epoch=0191 train_loss=2.222825e-02 train_mse=4.395937e-03 train_cos=0.996492 train_nmse=-21.643dB train_rec=1.648186e-06 train_recT=1.095049e-06 train_fc=2.301381e-03 train_decoder_tail=3.603327e-06
I 07.01/22:32:19 train_mapper.py:622 ] epoch=0192 train_loss=2.218389e-02 train_mse=4.385159e-03 train_cos=0.996502 train_nmse=-21.654dB train_rec=1.648055e-06 train_recT=1.095715e-06 train_fc=2.296959e-03 train_decoder_tail=3.600681e-06
I 07.01/22:33:26 train_mapper.py:622 ] epoch=0193 train_loss=2.219698e-02 train_mse=4.386946e-03 train_cos=0.996498 train_nmse=-21.652dB train_rec=1.646709e-06 train_recT=1.093510e-06 train_fc=2.297636e-03 train_decoder_tail=3.599331e-06
I 07.01/22:34:27 train_mapper.py:622 ] epoch=0194 train_loss=2.197487e-02 train_mse=4.337047e-03 train_cos=0.996540 train_nmse=-21.702dB train_rec=1.632617e-06 train_recT=1.080217e-06 train_fc=2.271019e-03 train_decoder_tail=3.577138e-06
I 07.01/22:35:33 train_mapper.py:622 ] epoch=0195 train_loss=2.199286e-02 train_mse=4.339310e-03 train_cos=0.996536 train_nmse=-21.700dB train_rec=1.633246e-06 train_recT=1.079919e-06 train_fc=2.270567e-03 train_decoder_tail=3.569103e-06
I 07.01/22:36:34 train_mapper.py:622 ] epoch=0196 train_loss=2.187801e-02 train_mse=4.312611e-03 train_cos=0.996558 train_nmse=-21.726dB train_rec=1.623624e-06 train_recT=1.070973e-06 train_fc=2.253315e-03 train_decoder_tail=3.557127e-06
I 07.01/22:37:34 train_mapper.py:622 ] epoch=0197 train_loss=2.186040e-02 train_mse=4.307658e-03 train_cos=0.996562 train_nmse=-21.731dB train_rec=1.624800e-06 train_recT=1.071971e-06 train_fc=2.251142e-03 train_decoder_tail=3.555879e-06
I 07.01/22:38:34 train_mapper.py:622 ] epoch=0198 train_loss=2.180655e-02 train_mse=4.295404e-03 train_cos=0.996573 train_nmse=-21.744dB train_rec=1.620433e-06 train_recT=1.068225e-06 train_fc=2.246540e-03 train_decoder_tail=3.550791e-06
I 07.01/22:39:34 train_mapper.py:622 ] epoch=0199 train_loss=2.184420e-02 train_mse=4.302180e-03 train_cos=0.996566 train_nmse=-21.737dB train_rec=1.621494e-06 train_recT=1.068376e-06 train_fc=2.247453e-03 train_decoder_tail=3.556068e-06
I 07.01/22:40:27 train_mapper.py:622 ] epoch=0200 train_loss=2.171211e-02 train_mse=4.272538e-03 train_cos=0.996590 train_nmse=-21.767dB train_rec=1.615417e-06 train_recT=1.062850e-06 train_fc=2.235566e-03 train_decoder_tail=3.540665e-06
I 07.01/22:41:19 train_mapper.py:622 ] epoch=0201 train_loss=2.176426e-02 train_mse=4.283368e-03 train_cos=0.996582 train_nmse=-21.756dB train_rec=1.618953e-06 train_recT=1.065964e-06 train_fc=2.240261e-03 train_decoder_tail=3.552280e-06
I 07.01/22:42:11 train_mapper.py:622 ] epoch=0202 train_loss=2.165876e-02 train_mse=4.259445e-03 train_cos=0.996601 train_nmse=-21.780dB train_rec=1.610806e-06 train_recT=1.058485e-06 train_fc=2.228923e-03 train_decoder_tail=3.535659e-06
I 07.01/22:43:07 train_mapper.py:622 ] epoch=0203 train_loss=2.158403e-02 train_mse=4.241166e-03 train_cos=0.996613 train_nmse=-21.799dB train_rec=1.604474e-06 train_recT=1.051408e-06 train_fc=2.216227e-03 train_decoder_tail=3.520391e-06
I 07.01/22:44:14 train_mapper.py:622 ] epoch=0204 train_loss=2.151433e-02 train_mse=4.225793e-03 train_cos=0.996627 train_nmse=-21.815dB train_rec=1.602765e-06 train_recT=1.050070e-06 train_fc=2.207969e-03 train_decoder_tail=3.516056e-06
I 07.01/22:45:12 train_mapper.py:622 ] epoch=0205 train_loss=2.149766e-02 train_mse=4.220167e-03 train_cos=0.996629 train_nmse=-21.820dB train_rec=1.600817e-06 train_recT=1.047631e-06 train_fc=2.204011e-03 train_decoder_tail=3.509486e-06
I 07.01/22:46:18 train_mapper.py:622 ] epoch=0206 train_loss=2.144589e-02 train_mse=4.208807e-03 train_cos=0.996639 train_nmse=-21.832dB train_rec=1.597312e-06 train_recT=1.044594e-06 train_fc=2.199370e-03 train_decoder_tail=3.505977e-06
I 07.01/22:47:22 train_mapper.py:622 ] epoch=0207 train_loss=2.141886e-02 train_mse=4.201911e-03 train_cos=0.996646 train_nmse=-21.839dB train_rec=1.599375e-06 train_recT=1.046827e-06 train_fc=2.196342e-03 train_decoder_tail=3.510542e-06
I 07.01/22:48:27 train_mapper.py:622 ] epoch=0208 train_loss=2.130225e-02 train_mse=4.175065e-03 train_cos=0.996667 train_nmse=-21.867dB train_rec=1.591202e-06 train_recT=1.038022e-06 train_fc=2.181967e-03 train_decoder_tail=3.496041e-06
I 07.01/22:49:31 train_mapper.py:622 ] epoch=0209 train_loss=2.132601e-02 train_mse=4.180162e-03 train_cos=0.996664 train_nmse=-21.862dB train_rec=1.592159e-06 train_recT=1.039521e-06 train_fc=2.185631e-03 train_decoder_tail=3.496968e-06
I 07.01/22:50:36 train_mapper.py:622 ] epoch=0210 train_loss=2.127043e-02 train_mse=4.167030e-03 train_cos=0.996673 train_nmse=-21.875dB train_rec=1.586801e-06 train_recT=1.034063e-06 train_fc=2.178424e-03 train_decoder_tail=3.492016e-06
I 07.01/22:51:41 train_mapper.py:622 ] epoch=0211 train_loss=2.128621e-02 train_mse=4.169376e-03 train_cos=0.996670 train_nmse=-21.873dB train_rec=1.583098e-06 train_recT=1.030118e-06 train_fc=2.180605e-03 train_decoder_tail=3.478763e-06
I 07.01/22:52:43 train_mapper.py:622 ] epoch=0212 train_loss=2.120474e-02 train_mse=4.150279e-03 train_cos=0.996686 train_nmse=-21.893dB train_rec=1.582764e-06 train_recT=1.030612e-06 train_fc=2.169352e-03 train_decoder_tail=3.479794e-06
I 07.01/22:53:48 train_mapper.py:622 ] epoch=0213 train_loss=2.109897e-02 train_mse=4.126012e-03 train_cos=0.996705 train_nmse=-21.918dB train_rec=1.573637e-06 train_recT=1.020993e-06 train_fc=2.156736e-03 train_decoder_tail=3.463924e-06
I 07.01/22:54:53 train_mapper.py:622 ] epoch=0214 train_loss=2.112400e-02 train_mse=4.130989e-03 train_cos=0.996701 train_nmse=-21.913dB train_rec=1.578235e-06 train_recT=1.025484e-06 train_fc=2.156489e-03 train_decoder_tail=3.470316e-06
I 07.01/22:55:55 train_mapper.py:622 ] epoch=0215 train_loss=2.098062e-02 train_mse=4.099660e-03 train_cos=0.996727 train_nmse=-21.946dB train_rec=1.568034e-06 train_recT=1.015219e-06 train_fc=2.141064e-03 train_decoder_tail=3.449970e-06
I 07.01/22:56:59 train_mapper.py:622 ] epoch=0216 train_loss=2.093442e-02 train_mse=4.087437e-03 train_cos=0.996735 train_nmse=-21.959dB train_rec=1.561474e-06 train_recT=1.008963e-06 train_fc=2.131133e-03 train_decoder_tail=3.437184e-06
I 07.01/22:58:04 train_mapper.py:622 ] epoch=0217 train_loss=2.095027e-02 train_mse=4.090648e-03 train_cos=0.996731 train_nmse=-21.956dB train_rec=1.561804e-06 train_recT=1.009074e-06 train_fc=2.137127e-03 train_decoder_tail=3.435398e-06
I 07.01/22:59:07 train_mapper.py:622 ] epoch=0218 train_loss=2.094178e-02 train_mse=4.087771e-03 train_cos=0.996733 train_nmse=-21.959dB train_rec=1.560386e-06 train_recT=1.007513e-06 train_fc=2.135599e-03 train_decoder_tail=3.435917e-06
I 07.01/23:00:09 train_mapper.py:622 ] epoch=0219 train_loss=2.077494e-02 train_mse=4.050516e-03 train_cos=0.996765 train_nmse=-21.999dB train_rec=1.551806e-06 train_recT=9.989799e-07 train_fc=2.113743e-03 train_decoder_tail=3.421465e-06
I 07.01/23:01:13 train_mapper.py:622 ] epoch=0220 train_loss=2.093239e-02 train_mse=4.084833e-03 train_cos=0.996736 train_nmse=-21.962dB train_rec=1.560995e-06 train_recT=1.008145e-06 train_fc=2.134835e-03 train_decoder_tail=3.441494e-06
I 07.01/23:02:15 train_mapper.py:622 ] epoch=0221 train_loss=2.074535e-02 train_mse=4.043596e-03 train_cos=0.996772 train_nmse=-22.006dB train_rec=1.552563e-06 train_recT=9.997873e-07 train_fc=2.114158e-03 train_decoder_tail=3.429163e-06
I 07.01/23:03:19 train_mapper.py:622 ] epoch=0222 train_loss=2.066774e-02 train_mse=4.025345e-03 train_cos=0.996785 train_nmse=-22.026dB train_rec=1.545914e-06 train_recT=9.932366e-07 train_fc=2.101987e-03 train_decoder_tail=3.411870e-06
I 07.01/23:04:20 train_mapper.py:622 ] epoch=0223 train_loss=2.065087e-02 train_mse=4.020529e-03 train_cos=0.996788 train_nmse=-22.031dB train_rec=1.547699e-06 train_recT=9.946538e-07 train_fc=2.098120e-03 train_decoder_tail=3.416314e-06
I 07.01/23:05:20 train_mapper.py:622 ] epoch=0224 train_loss=2.072920e-02 train_mse=4.037499e-03 train_cos=0.996773 train_nmse=-22.012dB train_rec=1.551656e-06 train_recT=9.989837e-07 train_fc=2.108414e-03 train_decoder_tail=3.420234e-06
I 07.01/23:06:18 train_mapper.py:622 ] epoch=0225 train_loss=2.058090e-02 train_mse=4.004247e-03 train_cos=0.996800 train_nmse=-22.049dB train_rec=1.539432e-06 train_recT=9.872161e-07 train_fc=2.091198e-03 train_decoder_tail=3.397088e-06
I 07.01/23:07:14 train_mapper.py:622 ] epoch=0226 train_loss=2.054696e-02 train_mse=3.996272e-03 train_cos=0.996808 train_nmse=-22.057dB train_rec=1.542066e-06 train_recT=9.893244e-07 train_fc=2.088841e-03 train_decoder_tail=3.401495e-06
I 07.01/23:08:12 train_mapper.py:622 ] epoch=0227 train_loss=2.052430e-02 train_mse=3.990378e-03 train_cos=0.996812 train_nmse=-22.064dB train_rec=1.538695e-06 train_recT=9.862993e-07 train_fc=2.083327e-03 train_decoder_tail=3.396414e-06
I 07.01/23:09:08 train_mapper.py:622 ] epoch=0228 train_loss=2.047915e-02 train_mse=3.979800e-03 train_cos=0.996820 train_nmse=-22.075dB train_rec=1.537149e-06 train_recT=9.845350e-07 train_fc=2.076850e-03 train_decoder_tail=3.399725e-06
I 07.01/23:10:03 train_mapper.py:622 ] epoch=0229 train_loss=2.052758e-02 train_mse=3.990219e-03 train_cos=0.996812 train_nmse=-22.064dB train_rec=1.541237e-06 train_recT=9.883101e-07 train_fc=2.084413e-03 train_decoder_tail=3.404800e-06
I 07.01/23:10:58 train_mapper.py:622 ] epoch=0230 train_loss=2.046883e-02 train_mse=3.976186e-03 train_cos=0.996822 train_nmse=-22.079dB train_rec=1.537017e-06 train_recT=9.845459e-07 train_fc=2.077247e-03 train_decoder_tail=3.397875e-06
I 07.01/23:11:57 train_mapper.py:622 ] epoch=0231 train_loss=2.039310e-02 train_mse=3.959350e-03 train_cos=0.996837 train_nmse=-22.097dB train_rec=1.529781e-06 train_recT=9.769680e-07 train_fc=2.068480e-03 train_decoder_tail=3.382359e-06
I 07.01/23:12:58 train_mapper.py:622 ] epoch=0232 train_loss=2.032036e-02 train_mse=3.943323e-03 train_cos=0.996849 train_nmse=-22.115dB train_rec=1.525312e-06 train_recT=9.725912e-07 train_fc=2.059553e-03 train_decoder_tail=3.376094e-06
I 07.01/23:13:56 train_mapper.py:622 ] epoch=0233 train_loss=2.033713e-02 train_mse=3.945452e-03 train_cos=0.996846 train_nmse=-22.113dB train_rec=1.525787e-06 train_recT=9.729787e-07 train_fc=2.058597e-03 train_decoder_tail=3.373790e-06
I 07.01/23:14:52 train_mapper.py:622 ] epoch=0234 train_loss=2.019180e-02 train_mse=3.913742e-03 train_cos=0.996874 train_nmse=-22.148dB train_rec=1.516710e-06 train_recT=9.638097e-07 train_fc=2.042967e-03 train_decoder_tail=3.363004e-06
I 07.01/23:15:50 train_mapper.py:622 ] epoch=0235 train_loss=2.016743e-02 train_mse=3.907956e-03 train_cos=0.996878 train_nmse=-22.154dB train_rec=1.514865e-06 train_recT=9.627572e-07 train_fc=2.037795e-03 train_decoder_tail=3.354751e-06
I 07.01/23:16:46 train_mapper.py:622 ] epoch=0236 train_loss=2.011192e-02 train_mse=3.894816e-03 train_cos=0.996887 train_nmse=-22.169dB train_rec=1.512077e-06 train_recT=9.592262e-07 train_fc=2.032801e-03 train_decoder_tail=3.352307e-06
I 07.01/23:17:44 train_mapper.py:622 ] epoch=0237 train_loss=2.014910e-02 train_mse=3.902336e-03 train_cos=0.996880 train_nmse=-22.160dB train_rec=1.514345e-06 train_recT=9.619362e-07 train_fc=2.035041e-03 train_decoder_tail=3.352912e-06
I 07.01/23:18:40 train_mapper.py:622 ] epoch=0238 train_loss=2.002996e-02 train_mse=3.875892e-03 train_cos=0.996901 train_nmse=-22.190dB train_rec=1.505593e-06 train_recT=9.525727e-07 train_fc=2.021427e-03 train_decoder_tail=3.334248e-06
I 07.01/23:19:38 train_mapper.py:622 ] epoch=0239 train_loss=2.005302e-02 train_mse=3.880283e-03 train_cos=0.996898 train_nmse=-22.185dB train_rec=1.506083e-06 train_recT=9.532327e-07 train_fc=2.022572e-03 train_decoder_tail=3.337500e-06
I 07.01/23:20:38 train_mapper.py:622 ] epoch=0240 train_loss=2.009342e-02 train_mse=3.888355e-03 train_cos=0.996890 train_nmse=-22.176dB train_rec=1.511091e-06 train_recT=9.585927e-07 train_fc=2.029846e-03 train_decoder_tail=3.338737e-06
I 07.01/23:21:37 train_mapper.py:622 ] epoch=0241 train_loss=1.993807e-02 train_mse=3.854162e-03 train_cos=0.996920 train_nmse=-22.215dB train_rec=1.500806e-06 train_recT=9.483623e-07 train_fc=2.011406e-03 train_decoder_tail=3.331876e-06
I 07.01/23:22:38 train_mapper.py:622 ] epoch=0242 train_loss=1.993581e-02 train_mse=3.853635e-03 train_cos=0.996921 train_nmse=-22.215dB train_rec=1.502231e-06 train_recT=9.495600e-07 train_fc=2.011705e-03 train_decoder_tail=3.333368e-06
I 07.01/23:23:38 train_mapper.py:622 ] epoch=0243 train_loss=1.985057e-02 train_mse=3.833854e-03 train_cos=0.996935 train_nmse=-22.237dB train_rec=1.494912e-06 train_recT=9.423516e-07 train_fc=1.997546e-03 train_decoder_tail=3.318188e-06
I 07.01/23:24:36 train_mapper.py:622 ] epoch=0244 train_loss=1.988237e-02 train_mse=3.840264e-03 train_cos=0.996929 train_nmse=-22.230dB train_rec=1.495705e-06 train_recT=9.432861e-07 train_fc=2.002984e-03 train_decoder_tail=3.316514e-06
I 07.01/23:25:35 train_mapper.py:622 ] epoch=0245 train_loss=1.979112e-02 train_mse=3.819714e-03 train_cos=0.996946 train_nmse=-22.254dB train_rec=1.493023e-06 train_recT=9.398397e-07 train_fc=1.990560e-03 train_decoder_tail=3.311027e-06
I 07.01/23:26:34 train_mapper.py:622 ] epoch=0246 train_loss=1.984267e-02 train_mse=3.830588e-03 train_cos=0.996937 train_nmse=-22.241dB train_rec=1.493170e-06 train_recT=9.404630e-07 train_fc=1.998836e-03 train_decoder_tail=3.310705e-06
I 07.01/23:27:37 train_mapper.py:622 ] epoch=0247 train_loss=1.976446e-02 train_mse=3.813318e-03 train_cos=0.996950 train_nmse=-22.261dB train_rec=1.490294e-06 train_recT=9.375044e-07 train_fc=1.990169e-03 train_decoder_tail=3.306790e-06
I 07.01/23:28:36 train_mapper.py:622 ] epoch=0248 train_loss=1.968236e-02 train_mse=3.795411e-03 train_cos=0.996965 train_nmse=-22.281dB train_rec=1.484115e-06 train_recT=9.315756e-07 train_fc=1.981924e-03 train_decoder_tail=3.297207e-06
I 07.01/23:29:37 train_mapper.py:622 ] epoch=0249 train_loss=1.969215e-02 train_mse=3.796538e-03 train_cos=0.996965 train_nmse=-22.280dB train_rec=1.487107e-06 train_recT=9.346012e-07 train_fc=1.979508e-03 train_decoder_tail=3.302538e-06
I 07.01/23:30:39 train_mapper.py:622 ] epoch=0250 train_loss=1.965080e-02 train_mse=3.787647e-03 train_cos=0.996972 train_nmse=-22.290dB train_rec=1.486012e-06 train_recT=9.330926e-07 train_fc=1.978026e-03 train_decoder_tail=3.301965e-06
I 07.01/23:31:41 train_mapper.py:622 ] epoch=0251 train_loss=1.956278e-02 train_mse=3.767534e-03 train_cos=0.996988 train_nmse=-22.313dB train_rec=1.476389e-06 train_recT=9.238490e-07 train_fc=1.965555e-03 train_decoder_tail=3.280588e-06
I 07.01/23:32:44 train_mapper.py:622 ] epoch=0252 train_loss=1.952942e-02 train_mse=3.760083e-03 train_cos=0.996994 train_nmse=-22.322dB train_rec=1.477622e-06 train_recT=9.248126e-07 train_fc=1.962535e-03 train_decoder_tail=3.283821e-06
I 07.01/23:33:44 train_mapper.py:622 ] epoch=0253 train_loss=1.956058e-02 train_mse=3.766034e-03 train_cos=0.996988 train_nmse=-22.315dB train_rec=1.479736e-06 train_recT=9.271103e-07 train_fc=1.965744e-03 train_decoder_tail=3.283785e-06
I 07.01/23:34:46 train_mapper.py:622 ] epoch=0254 train_loss=1.954281e-02 train_mse=3.761328e-03 train_cos=0.996990 train_nmse=-22.320dB train_rec=1.473399e-06 train_recT=9.208982e-07 train_fc=1.959911e-03 train_decoder_tail=3.274808e-06
I 07.01/23:35:48 train_mapper.py:622 ] epoch=0255 train_loss=1.940586e-02 train_mse=3.731831e-03 train_cos=0.997016 train_nmse=-22.354dB train_rec=1.465771e-06 train_recT=9.130105e-07 train_fc=1.947416e-03 train_decoder_tail=3.262879e-06
I 07.01/23:36:53 train_mapper.py:622 ] epoch=0256 train_loss=1.948013e-02 train_mse=3.746741e-03 train_cos=0.997003 train_nmse=-22.337dB train_rec=1.468038e-06 train_recT=9.154162e-07 train_fc=1.951646e-03 train_decoder_tail=3.264734e-06
I 07.01/23:37:53 train_mapper.py:622 ] epoch=0257 train_loss=1.943606e-02 train_mse=3.737346e-03 train_cos=0.997010 train_nmse=-22.348dB train_rec=1.468063e-06 train_recT=9.154825e-07 train_fc=1.949609e-03 train_decoder_tail=3.265052e-06
I 07.01/23:38:55 train_mapper.py:622 ] epoch=0258 train_loss=1.942877e-02 train_mse=3.734615e-03 train_cos=0.997011 train_nmse=-22.351dB train_rec=1.466799e-06 train_recT=9.139048e-07 train_fc=1.946295e-03 train_decoder_tail=3.260244e-06
I 07.01/23:40:01 train_mapper.py:622 ] epoch=0259 train_loss=1.929370e-02 train_mse=3.705766e-03 train_cos=0.997036 train_nmse=-22.385dB train_rec=1.461136e-06 train_recT=9.085813e-07 train_fc=1.931798e-03 train_decoder_tail=3.251746e-06
I 07.01/23:41:06 train_mapper.py:622 ] epoch=0260 train_loss=1.926315e-02 train_mse=3.697699e-03 train_cos=0.997041 train_nmse=-22.394dB train_rec=1.456781e-06 train_recT=9.038751e-07 train_fc=1.925612e-03 train_decoder_tail=3.245180e-06
I 07.01/23:42:12 train_mapper.py:622 ] epoch=0261 train_loss=1.924391e-02 train_mse=3.693579e-03 train_cos=0.997046 train_nmse=-22.399dB train_rec=1.458407e-06 train_recT=9.055867e-07 train_fc=1.924167e-03 train_decoder_tail=3.252330e-06
I 07.01/23:43:16 train_mapper.py:622 ] epoch=0262 train_loss=1.921879e-02 train_mse=3.687794e-03 train_cos=0.997050 train_nmse=-22.406dB train_rec=1.456708e-06 train_recT=9.040693e-07 train_fc=1.920750e-03 train_decoder_tail=3.246791e-06
I 07.01/23:44:21 train_mapper.py:622 ] epoch=0263 train_loss=1.923829e-02 train_mse=3.690869e-03 train_cos=0.997047 train_nmse=-22.402dB train_rec=1.456704e-06 train_recT=9.037672e-07 train_fc=1.921481e-03 train_decoder_tail=3.247486e-06
I 07.01/23:45:25 train_mapper.py:622 ] epoch=0264 train_loss=1.910284e-02 train_mse=3.661884e-03 train_cos=0.997071 train_nmse=-22.437dB train_rec=1.447825e-06 train_recT=8.953595e-07 train_fc=1.907936e-03 train_decoder_tail=3.226736e-06
I 07.01/23:46:28 train_mapper.py:622 ] epoch=0265 train_loss=1.911988e-02 train_mse=3.664810e-03 train_cos=0.997067 train_nmse=-22.433dB train_rec=1.444914e-06 train_recT=8.921043e-07 train_fc=1.908884e-03 train_decoder_tail=3.221131e-06
I 07.01/23:47:34 train_mapper.py:622 ] epoch=0266 train_loss=1.908893e-02 train_mse=3.657971e-03 train_cos=0.997074 train_nmse=-22.441dB train_rec=1.450370e-06 train_recT=8.977312e-07 train_fc=1.904528e-03 train_decoder_tail=3.231892e-06
I 07.01/23:48:37 train_mapper.py:622 ] epoch=0267 train_loss=1.912351e-02 train_mse=3.664977e-03 train_cos=0.997067 train_nmse=-22.433dB train_rec=1.449523e-06 train_recT=8.968303e-07 train_fc=1.910946e-03 train_decoder_tail=3.232518e-06
I 07.01/23:49:40 train_mapper.py:622 ] epoch=0268 train_loss=1.900032e-02 train_mse=3.637893e-03 train_cos=0.997091 train_nmse=-22.465dB train_rec=1.443564e-06 train_recT=8.910651e-07 train_fc=1.896117e-03 train_decoder_tail=3.218838e-06
I 07.01/23:50:44 train_mapper.py:622 ] epoch=0269 train_loss=1.902551e-02 train_mse=3.642541e-03 train_cos=0.997085 train_nmse=-22.460dB train_rec=1.445205e-06 train_recT=8.924595e-07 train_fc=1.898316e-03 train_decoder_tail=3.222681e-06
I 07.01/23:51:45 train_mapper.py:622 ] epoch=0270 train_loss=1.896021e-02 train_mse=3.628655e-03 train_cos=0.997097 train_nmse=-22.476dB train_rec=1.438231e-06 train_recT=8.855431e-07 train_fc=1.890882e-03 train_decoder_tail=3.213959e-06
I 07.01/23:52:50 train_mapper.py:622 ] epoch=0271 train_loss=1.899335e-02 train_mse=3.634913e-03 train_cos=0.997091 train_nmse=-22.468dB train_rec=1.441110e-06 train_recT=8.882914e-07 train_fc=1.892002e-03 train_decoder_tail=3.216473e-06
I 07.01/23:53:51 train_mapper.py:622 ] epoch=0272 train_loss=1.886279e-02 train_mse=3.606924e-03 train_cos=0.997113 train_nmse=-22.502dB train_rec=1.433723e-06 train_recT=8.809569e-07 train_fc=1.878126e-03 train_decoder_tail=3.204439e-06
I 07.01/23:54:55 train_mapper.py:622 ] epoch=0273 train_loss=1.887689e-02 train_mse=3.608744e-03 train_cos=0.997110 train_nmse=-22.500dB train_rec=1.435025e-06 train_recT=8.822854e-07 train_fc=1.877321e-03 train_decoder_tail=3.200087e-06
I 07.01/23:55:59 train_mapper.py:622 ] epoch=0274 train_loss=1.876732e-02 train_mse=3.585515e-03 train_cos=0.997133 train_nmse=-22.528dB train_rec=1.430995e-06 train_recT=8.788012e-07 train_fc=1.867651e-03 train_decoder_tail=3.200183e-06
I 07.01/23:57:05 train_mapper.py:622 ] epoch=0275 train_loss=1.893376e-02 train_mse=3.620135e-03 train_cos=0.997100 train_nmse=-22.486dB train_rec=1.435639e-06 train_recT=8.827654e-07 train_fc=1.886791e-03 train_decoder_tail=3.205392e-06
I 07.01/23:58:08 train_mapper.py:622 ] epoch=0276 train_loss=1.881598e-02 train_mse=3.595310e-03 train_cos=0.997124 train_nmse=-22.516dB train_rec=1.432296e-06 train_recT=8.795963e-07 train_fc=1.873588e-03 train_decoder_tail=3.201714e-06
I 07.01/23:59:10 train_mapper.py:622 ] epoch=0277 train_loss=1.876890e-02 train_mse=3.584969e-03 train_cos=0.997131 train_nmse=-22.529dB train_rec=1.428875e-06 train_recT=8.763388e-07 train_fc=1.870097e-03 train_decoder_tail=3.194504e-06
I 07.02/00:00:12 train_mapper.py:622 ] epoch=0278 train_loss=1.872296e-02 train_mse=3.574344e-03 train_cos=0.997140 train_nmse=-22.542dB train_rec=1.426669e-06 train_recT=8.739952e-07 train_fc=1.863053e-03 train_decoder_tail=3.189412e-06
I 07.02/00:01:14 train_mapper.py:622 ] epoch=0279 train_loss=1.865330e-02 train_mse=3.559243e-03 train_cos=0.997152 train_nmse=-22.560dB train_rec=1.419463e-06 train_recT=8.668971e-07 train_fc=1.855094e-03 train_decoder_tail=3.175527e-06
I 07.02/00:02:31 train_mapper.py:622 ] epoch=0280 train_loss=1.872435e-02 train_mse=3.573257e-03 train_cos=0.997139 train_nmse=-22.543dB train_rec=1.422324e-06 train_recT=8.696239e-07 train_fc=1.860568e-03 train_decoder_tail=3.177830e-06
I 07.02/00:03:46 train_mapper.py:622 ] epoch=0281 train_loss=1.859016e-02 train_mse=3.544522e-03 train_cos=0.997163 train_nmse=-22.578dB train_rec=1.415155e-06 train_recT=8.620714e-07 train_fc=1.844867e-03 train_decoder_tail=3.171985e-06
I 07.02/00:05:06 train_mapper.py:622 ] epoch=0282 train_loss=1.858743e-02 train_mse=3.543572e-03 train_cos=0.997164 train_nmse=-22.579dB train_rec=1.417485e-06 train_recT=8.650210e-07 train_fc=1.842931e-03 train_decoder_tail=3.168538e-06
I 07.02/00:06:26 train_mapper.py:622 ] epoch=0283 train_loss=1.852218e-02 train_mse=3.529536e-03 train_cos=0.997175 train_nmse=-22.596dB train_rec=1.411657e-06 train_recT=8.589295e-07 train_fc=1.837077e-03 train_decoder_tail=3.159626e-06
I 07.02/00:07:42 train_mapper.py:622 ] epoch=0284 train_loss=1.849989e-02 train_mse=3.524203e-03 train_cos=0.997179 train_nmse=-22.603dB train_rec=1.412515e-06 train_recT=8.600215e-07 train_fc=1.833682e-03 train_decoder_tail=3.165457e-06
I 07.02/00:09:03 train_mapper.py:622 ] epoch=0285 train_loss=1.854271e-02 train_mse=3.532460e-03 train_cos=0.997172 train_nmse=-22.593dB train_rec=1.413889e-06 train_recT=8.610380e-07 train_fc=1.838169e-03 train_decoder_tail=3.170677e-06
I 07.02/00:10:22 train_mapper.py:622 ] epoch=0286 train_loss=1.847278e-02 train_mse=3.518310e-03 train_cos=0.997185 train_nmse=-22.610dB train_rec=1.411024e-06 train_recT=8.586360e-07 train_fc=1.834220e-03 train_decoder_tail=3.165655e-06
I 07.02/00:11:42 train_mapper.py:622 ] epoch=0287 train_loss=1.850024e-02 train_mse=3.523021e-03 train_cos=0.997180 train_nmse=-22.605dB train_rec=1.411217e-06 train_recT=8.586425e-07 train_fc=1.835249e-03 train_decoder_tail=3.162063e-06
I 07.02/00:13:02 train_mapper.py:622 ] epoch=0288 train_loss=1.844332e-02 train_mse=3.510288e-03 train_cos=0.997190 train_nmse=-22.620dB train_rec=1.408170e-06 train_recT=8.554780e-07 train_fc=1.827457e-03 train_decoder_tail=3.155125e-06
I 07.02/00:14:24 train_mapper.py:622 ] epoch=0289 train_loss=1.846830e-02 train_mse=3.515594e-03 train_cos=0.997185 train_nmse=-22.614dB train_rec=1.408702e-06 train_recT=8.559275e-07 train_fc=1.829562e-03 train_decoder_tail=3.155085e-06
I 07.02/00:15:42 train_mapper.py:622 ] epoch=0290 train_loss=1.837686e-02 train_mse=3.495561e-03 train_cos=0.997202 train_nmse=-22.639dB train_rec=1.406615e-06 train_recT=8.540164e-07 train_fc=1.821021e-03 train_decoder_tail=3.151582e-06
I 07.02/00:17:05 train_mapper.py:622 ] epoch=0291 train_loss=1.834432e-02 train_mse=3.488783e-03 train_cos=0.997209 train_nmse=-22.647dB train_rec=1.405066e-06 train_recT=8.523577e-07 train_fc=1.816172e-03 train_decoder_tail=3.155019e-06
I 07.02/00:18:23 train_mapper.py:622 ] epoch=0292 train_loss=1.840205e-02 train_mse=3.499683e-03 train_cos=0.997196 train_nmse=-22.633dB train_rec=1.405926e-06 train_recT=8.533533e-07 train_fc=1.822644e-03 train_decoder_tail=3.152069e-06
I 07.02/00:19:41 train_mapper.py:622 ] epoch=0293 train_loss=1.825175e-02 train_mse=3.467923e-03 train_cos=0.997224 train_nmse=-22.673dB train_rec=1.396235e-06 train_recT=8.437976e-07 train_fc=1.803654e-03 train_decoder_tail=3.134410e-06
I 07.02/00:21:05 train_mapper.py:622 ] epoch=0294 train_loss=1.836812e-02 train_mse=3.491891e-03 train_cos=0.997203 train_nmse=-22.643dB train_rec=1.403568e-06 train_recT=8.509862e-07 train_fc=1.818413e-03 train_decoder_tail=3.144020e-06
I 07.02/00:22:21 train_mapper.py:622 ] epoch=0295 train_loss=1.827226e-02 train_mse=3.471950e-03 train_cos=0.997221 train_nmse=-22.668dB train_rec=1.397600e-06 train_recT=8.447129e-07 train_fc=1.807743e-03 train_decoder_tail=3.141056e-06
I 07.02/00:23:41 train_mapper.py:622 ] epoch=0296 train_loss=1.817153e-02 train_mse=3.450033e-03 train_cos=0.997239 train_nmse=-22.695dB train_rec=1.394335e-06 train_recT=8.419125e-07 train_fc=1.794944e-03 train_decoder_tail=3.131956e-06
I 07.02/00:25:09 train_mapper.py:622 ] epoch=0297 train_loss=1.821035e-02 train_mse=3.457045e-03 train_cos=0.997232 train_nmse=-22.687dB train_rec=1.392963e-06 train_recT=8.402539e-07 train_fc=1.796235e-03 train_decoder_tail=3.126287e-06
I 07.02/00:26:34 train_mapper.py:622 ] epoch=0298 train_loss=1.806018e-02 train_mse=3.425387e-03 train_cos=0.997258 train_nmse=-22.727dB train_rec=1.385326e-06 train_recT=8.324683e-07 train_fc=1.783107e-03 train_decoder_tail=3.111444e-06
I 07.02/00:27:51 train_mapper.py:622 ] epoch=0299 train_loss=1.811308e-02 train_mse=3.436366e-03 train_cos=0.997249 train_nmse=-22.713dB train_rec=1.388571e-06 train_recT=8.359581e-07 train_fc=1.789433e-03 train_decoder_tail=3.119709e-06
I 07.02/00:29:13 train_mapper.py:622 ] epoch=0300 train_loss=1.815857e-02 train_mse=3.445187e-03 train_cos=0.997241 train_nmse=-22.702dB train_rec=1.391378e-06 train_recT=8.387466e-07 train_fc=1.792168e-03 train_decoder_tail=3.122900e-06
I 07.02/00:30:35 train_mapper.py:622 ] epoch=0301 train_loss=1.807040e-02 train_mse=3.426295e-03 train_cos=0.997257 train_nmse=-22.725dB train_rec=1.385282e-06 train_recT=8.325542e-07 train_fc=1.782575e-03 train_decoder_tail=3.116616e-06
I 07.02/00:31:54 train_mapper.py:622 ] epoch=0302 train_loss=1.806050e-02 train_mse=3.423460e-03 train_cos=0.997257 train_nmse=-22.729dB train_rec=1.383243e-06 train_recT=8.307267e-07 train_fc=1.781255e-03 train_decoder_tail=3.105047e-06
I 07.02/00:33:14 train_mapper.py:622 ] epoch=0303 train_loss=1.798935e-02 train_mse=3.408730e-03 train_cos=0.997271 train_nmse=-22.748dB train_rec=1.381433e-06 train_recT=8.288498e-07 train_fc=1.774091e-03 train_decoder_tail=3.101751e-06
I 07.02/00:34:35 train_mapper.py:622 ] epoch=0304 train_loss=1.799443e-02 train_mse=3.409536e-03 train_cos=0.997269 train_nmse=-22.747dB train_rec=1.378854e-06 train_recT=8.262213e-07 train_fc=1.774177e-03 train_decoder_tail=3.099307e-06
I 07.02/00:35:55 train_mapper.py:622 ] epoch=0305 train_loss=1.795851e-02 train_mse=3.401153e-03 train_cos=0.997277 train_nmse=-22.757dB train_rec=1.380423e-06 train_recT=8.279007e-07 train_fc=1.768852e-03 train_decoder_tail=3.105361e-06
I 07.02/00:37:15 train_mapper.py:622 ] epoch=0306 train_loss=1.797483e-02 train_mse=3.404272e-03 train_cos=0.997273 train_nmse=-22.753dB train_rec=1.379246e-06 train_recT=8.265181e-07 train_fc=1.769833e-03 train_decoder_tail=3.098540e-06
I 07.02/00:38:30 train_mapper.py:622 ] epoch=0307 train_loss=1.797570e-02 train_mse=3.404015e-03 train_cos=0.997273 train_nmse=-22.754dB train_rec=1.379531e-06 train_recT=8.268980e-07 train_fc=1.771099e-03 train_decoder_tail=3.101247e-06
I 07.02/00:39:23 train_mapper.py:622 ] epoch=0308 train_loss=1.796044e-02 train_mse=3.400253e-03 train_cos=0.997276 train_nmse=-22.759dB train_rec=1.378966e-06 train_recT=8.260227e-07 train_fc=1.769256e-03 train_decoder_tail=3.101809e-06
I 07.02/00:39:59 train_mapper.py:622 ] epoch=0309 train_loss=1.789902e-02 train_mse=3.388136e-03 train_cos=0.997288 train_nmse=-22.774dB train_rec=1.376619e-06 train_recT=8.243255e-07 train_fc=1.764367e-03 train_decoder_tail=3.098797e-06
I 07.02/00:40:40 train_mapper.py:622 ] epoch=0310 train_loss=1.783374e-02 train_mse=3.373606e-03 train_cos=0.997299 train_nmse=-22.793dB train_rec=1.370600e-06 train_recT=8.177856e-07 train_fc=1.755520e-03 train_decoder_tail=3.086337e-06
I 07.02/00:41:23 train_mapper.py:622 ] epoch=0311 train_loss=1.779522e-02 train_mse=3.364868e-03 train_cos=0.997303 train_nmse=-22.804dB train_rec=1.367509e-06 train_recT=8.149054e-07 train_fc=1.749559e-03 train_decoder_tail=3.078060e-06
I 07.02/00:42:06 train_mapper.py:622 ] epoch=0312 train_loss=1.774714e-02 train_mse=3.354358e-03 train_cos=0.997313 train_nmse=-22.817dB train_rec=1.365809e-06 train_recT=8.128421e-07 train_fc=1.743423e-03 train_decoder_tail=3.073898e-06
I 07.02/00:42:43 train_mapper.py:622 ] epoch=0313 train_loss=1.772682e-02 train_mse=3.349747e-03 train_cos=0.997317 train_nmse=-22.823dB train_rec=1.364542e-06 train_recT=8.119845e-07 train_fc=1.741059e-03 train_decoder_tail=3.072948e-06
I 07.02/00:43:32 train_mapper.py:622 ] epoch=0314 train_loss=1.781372e-02 train_mse=3.367391e-03 train_cos=0.997301 train_nmse=-22.801dB train_rec=1.372835e-06 train_recT=8.196453e-07 train_fc=1.752026e-03 train_decoder_tail=3.087203e-06
I 07.02/00:44:19 train_mapper.py:622 ] epoch=0315 train_loss=1.770333e-02 train_mse=3.344339e-03 train_cos=0.997321 train_nmse=-22.831dB train_rec=1.363875e-06 train_recT=8.114365e-07 train_fc=1.738681e-03 train_decoder_tail=3.071518e-06
I 07.02/00:45:07 train_mapper.py:622 ] epoch=0316 train_loss=1.770987e-02 train_mse=3.345135e-03 train_cos=0.997320 train_nmse=-22.830dB train_rec=1.363622e-06 train_recT=8.108285e-07 train_fc=1.740338e-03 train_decoder_tail=3.070152e-06
I 07.02/00:45:51 train_mapper.py:622 ] epoch=0317 train_loss=1.764581e-02 train_mse=3.331371e-03 train_cos=0.997332 train_nmse=-22.847dB train_rec=1.359980e-06 train_recT=8.076597e-07 train_fc=1.731330e-03 train_decoder_tail=3.063815e-06
I 07.02/00:46:38 train_mapper.py:622 ] epoch=0318 train_loss=1.759453e-02 train_mse=3.320238e-03 train_cos=0.997340 train_nmse=-22.862dB train_rec=1.354547e-06 train_recT=8.015581e-07 train_fc=1.726134e-03 train_decoder_tail=3.056922e-06
I 07.02/00:47:25 train_mapper.py:622 ] epoch=0319 train_loss=1.758435e-02 train_mse=3.317678e-03 train_cos=0.997342 train_nmse=-22.865dB train_rec=1.354869e-06 train_recT=8.024489e-07 train_fc=1.723465e-03 train_decoder_tail=3.054328e-06
I 07.02/00:48:09 train_mapper.py:622 ] epoch=0320 train_loss=1.763255e-02 train_mse=3.327494e-03 train_cos=0.997334 train_nmse=-22.853dB train_rec=1.358347e-06 train_recT=8.057070e-07 train_fc=1.728793e-03 train_decoder_tail=3.062508e-06
I 07.02/00:48:51 train_mapper.py:622 ] epoch=0321 train_loss=1.754678e-02 train_mse=3.309766e-03 train_cos=0.997351 train_nmse=-22.876dB train_rec=1.357974e-06 train_recT=8.056284e-07 train_fc=1.721458e-03 train_decoder_tail=3.066467e-06
I 07.02/00:49:30 train_mapper.py:622 ] epoch=0322 train_loss=1.757500e-02 train_mse=3.314604e-03 train_cos=0.997344 train_nmse=-22.869dB train_rec=1.354665e-06 train_recT=8.017729e-07 train_fc=1.721642e-03 train_decoder_tail=3.057438e-06
I 07.02/00:50:13 train_mapper.py:622 ] epoch=0323 train_loss=1.755829e-02 train_mse=3.310863e-03 train_cos=0.997346 train_nmse=-22.874dB train_rec=1.353396e-06 train_recT=8.008021e-07 train_fc=1.721110e-03 train_decoder_tail=3.053671e-06
I 07.02/00:50:50 train_mapper.py:622 ] epoch=0324 train_loss=1.746946e-02 train_mse=3.292091e-03 train_cos=0.997363 train_nmse=-22.899dB train_rec=1.350452e-06 train_recT=7.976558e-07 train_fc=1.710703e-03 train_decoder_tail=3.047400e-06
I 07.02/00:51:30 train_mapper.py:622 ] epoch=0325 train_loss=1.745320e-02 train_mse=3.288654e-03 train_cos=0.997367 train_nmse=-22.903dB train_rec=1.349065e-06 train_recT=7.963051e-07 train_fc=1.710178e-03 train_decoder_tail=3.049198e-06
I 07.02/00:52:00 train_mapper.py:622 ] epoch=0326 train_loss=1.748890e-02 train_mse=3.295298e-03 train_cos=0.997359 train_nmse=-22.895dB train_rec=1.351000e-06 train_recT=7.980133e-07 train_fc=1.713042e-03 train_decoder_tail=3.048552e-06
I 07.02/00:52:23 train_mapper.py:622 ] epoch=0327 train_loss=1.748369e-02 train_mse=3.294157e-03 train_cos=0.997360 train_nmse=-22.896dB train_rec=1.348597e-06 train_recT=7.959197e-07 train_fc=1.711939e-03 train_decoder_tail=3.047013e-06
I 07.02/00:52:49 train_mapper.py:622 ] epoch=0328 train_loss=1.747134e-02 train_mse=3.291153e-03 train_cos=0.997363 train_nmse=-22.900dB train_rec=1.349894e-06 train_recT=7.972713e-07 train_fc=1.711506e-03 train_decoder_tail=3.047211e-06
I 07.02/00:53:19 train_mapper.py:622 ] epoch=0329 train_loss=1.728435e-02 train_mse=3.251779e-03 train_cos=0.997395 train_nmse=-22.952dB train_rec=1.337288e-06 train_recT=7.850769e-07 train_fc=1.688906e-03 train_decoder_tail=3.022360e-06
I 07.02/00:53:45 train_mapper.py:622 ] epoch=0330 train_loss=1.733149e-02 train_mse=3.261065e-03 train_cos=0.997385 train_nmse=-22.940dB train_rec=1.340315e-06 train_recT=7.871914e-07 train_fc=1.692614e-03 train_decoder_tail=3.025964e-06
I 07.02/00:54:12 train_mapper.py:622 ] epoch=0331 train_loss=1.728592e-02 train_mse=3.251406e-03 train_cos=0.997394 train_nmse=-22.953dB train_rec=1.338801e-06 train_recT=7.865986e-07 train_fc=1.688576e-03 train_decoder_tail=3.024942e-06
I 07.02/00:54:38 train_mapper.py:622 ] epoch=0332 train_loss=1.730811e-02 train_mse=3.255727e-03 train_cos=0.997391 train_nmse=-22.947dB train_rec=1.340663e-06 train_recT=7.877444e-07 train_fc=1.693426e-03 train_decoder_tail=3.032216e-06
I 07.02/00:55:07 train_mapper.py:622 ] epoch=0333 train_loss=1.729095e-02 train_mse=3.251911e-03 train_cos=0.997393 train_nmse=-22.952dB train_rec=1.341227e-06 train_recT=7.885465e-07 train_fc=1.689311e-03 train_decoder_tail=3.030098e-06
I 07.02/00:55:35 train_mapper.py:622 ] epoch=0334 train_loss=1.724370e-02 train_mse=3.241550e-03 train_cos=0.997403 train_nmse=-22.966dB train_rec=1.337374e-06 train_recT=7.847998e-07 train_fc=1.683640e-03 train_decoder_tail=3.024175e-06
I 07.02/00:56:07 train_mapper.py:622 ] epoch=0335 train_loss=1.726616e-02 train_mse=3.246158e-03 train_cos=0.997398 train_nmse=-22.960dB train_rec=1.336175e-06 train_recT=7.836582e-07 train_fc=1.687833e-03 train_decoder_tail=3.020979e-06
I 07.02/00:56:38 train_mapper.py:622 ] epoch=0336 train_loss=1.719429e-02 train_mse=3.231035e-03 train_cos=0.997411 train_nmse=-22.980dB train_rec=1.333918e-06 train_recT=7.812565e-07 train_fc=1.680083e-03 train_decoder_tail=3.019702e-06
I 07.02/00:57:11 train_mapper.py:622 ] epoch=0337 train_loss=1.717526e-02 train_mse=3.226536e-03 train_cos=0.997415 train_nmse=-22.986dB train_rec=1.331855e-06 train_recT=7.793141e-07 train_fc=1.676261e-03 train_decoder_tail=3.013179e-06
I 07.02/00:57:43 train_mapper.py:622 ] epoch=0338 train_loss=1.722053e-02 train_mse=3.235499e-03 train_cos=0.997407 train_nmse=-22.974dB train_rec=1.334049e-06 train_recT=7.812409e-07 train_fc=1.681399e-03 train_decoder_tail=3.020179e-06
I 07.02/00:58:14 train_mapper.py:622 ] epoch=0339 train_loss=1.713383e-02 train_mse=3.217132e-03 train_cos=0.997422 train_nmse=-22.999dB train_rec=1.330362e-06 train_recT=7.779412e-07 train_fc=1.673524e-03 train_decoder_tail=3.010105e-06
I 07.02/00:58:49 train_mapper.py:622 ] epoch=0340 train_loss=1.715375e-02 train_mse=3.221623e-03 train_cos=0.997419 train_nmse=-22.993dB train_rec=1.332351e-06 train_recT=7.795239e-07 train_fc=1.673435e-03 train_decoder_tail=3.021422e-06
I 07.02/00:59:20 train_mapper.py:622 ] epoch=0341 train_loss=1.709158e-02 train_mse=3.207580e-03 train_cos=0.997430 train_nmse=-23.012dB train_rec=1.326157e-06 train_recT=7.735747e-07 train_fc=1.664599e-03 train_decoder_tail=3.004038e-06
I 07.02/00:59:53 train_mapper.py:622 ] epoch=0342 train_loss=1.704832e-02 train_mse=3.198686e-03 train_cos=0.997436 train_nmse=-23.024dB train_rec=1.325755e-06 train_recT=7.731531e-07 train_fc=1.660112e-03 train_decoder_tail=2.998198e-06
I 07.02/01:00:26 train_mapper.py:622 ] epoch=0343 train_loss=1.708713e-02 train_mse=3.206432e-03 train_cos=0.997429 train_nmse=-23.013dB train_rec=1.324036e-06 train_recT=7.715724e-07 train_fc=1.665114e-03 train_decoder_tail=2.994740e-06
I 07.02/01:00:53 train_mapper.py:622 ] epoch=0344 train_loss=1.704237e-02 train_mse=3.196998e-03 train_cos=0.997438 train_nmse=-23.026dB train_rec=1.325184e-06 train_recT=7.725302e-07 train_fc=1.661985e-03 train_decoder_tail=3.001955e-06
I 07.02/01:01:27 train_mapper.py:622 ] epoch=0345 train_loss=1.703639e-02 train_mse=3.195052e-03 train_cos=0.997437 train_nmse=-23.029dB train_rec=1.321117e-06 train_recT=7.685847e-07 train_fc=1.660405e-03 train_decoder_tail=2.990770e-06
I 07.02/01:01:56 train_mapper.py:622 ] epoch=0346 train_loss=1.701351e-02 train_mse=3.190511e-03 train_cos=0.997442 train_nmse=-23.035dB train_rec=1.321745e-06 train_recT=7.686907e-07 train_fc=1.656753e-03 train_decoder_tail=2.993333e-06
I 07.02/01:02:27 train_mapper.py:622 ] epoch=0347 train_loss=1.702431e-02 train_mse=3.192239e-03 train_cos=0.997442 train_nmse=-23.033dB train_rec=1.324794e-06 train_recT=7.724466e-07 train_fc=1.658970e-03 train_decoder_tail=3.006126e-06
I 07.02/01:02:54 train_mapper.py:622 ] epoch=0348 train_loss=1.692517e-02 train_mse=3.171544e-03 train_cos=0.997460 train_nmse=-23.061dB train_rec=1.319954e-06 train_recT=7.671097e-07 train_fc=1.648271e-03 train_decoder_tail=2.996948e-06
I 07.02/01:03:25 train_mapper.py:622 ] epoch=0349 train_loss=1.695925e-02 train_mse=3.178167e-03 train_cos=0.997453 train_nmse=-23.052dB train_rec=1.321221e-06 train_recT=7.688233e-07 train_fc=1.651285e-03 train_decoder_tail=2.992218e-06
I 07.02/01:03:53 train_mapper.py:622 ] epoch=0350 train_loss=1.692456e-02 train_mse=3.170611e-03 train_cos=0.997459 train_nmse=-23.062dB train_rec=1.319953e-06 train_recT=7.672243e-07 train_fc=1.646997e-03 train_decoder_tail=2.994633e-06
I 07.02/01:04:28 train_mapper.py:622 ] epoch=0351 train_loss=1.690515e-02 train_mse=3.166085e-03 train_cos=0.997462 train_nmse=-23.068dB train_rec=1.317103e-06 train_recT=7.645867e-07 train_fc=1.645171e-03 train_decoder_tail=2.986027e-06
I 07.02/01:05:04 train_mapper.py:622 ] epoch=0352 train_loss=1.688612e-02 train_mse=3.161871e-03 train_cos=0.997465 train_nmse=-23.074dB train_rec=1.315715e-06 train_recT=7.630493e-07 train_fc=1.643310e-03 train_decoder_tail=2.982730e-06
I 07.02/01:05:37 train_mapper.py:622 ] epoch=0353 train_loss=1.680374e-02 train_mse=3.144802e-03 train_cos=0.997480 train_nmse=-23.098dB train_rec=1.309953e-06 train_recT=7.573048e-07 train_fc=1.631702e-03 train_decoder_tail=2.976623e-06
I 07.02/01:06:13 train_mapper.py:622 ] epoch=0354 train_loss=1.679115e-02 train_mse=3.141857e-03 train_cos=0.997481 train_nmse=-23.102dB train_rec=1.308975e-06 train_recT=7.561481e-07 train_fc=1.631267e-03 train_decoder_tail=2.970835e-06
I 07.02/01:06:42 train_mapper.py:622 ] epoch=0355 train_loss=1.678192e-02 train_mse=3.139735e-03 train_cos=0.997482 train_nmse=-23.105dB train_rec=1.307318e-06 train_recT=7.547512e-07 train_fc=1.629733e-03 train_decoder_tail=2.964432e-06
I 07.02/01:07:11 train_mapper.py:622 ] epoch=0356 train_loss=1.677726e-02 train_mse=3.138223e-03 train_cos=0.997483 train_nmse=-23.107dB train_rec=1.307545e-06 train_recT=7.548576e-07 train_fc=1.627212e-03 train_decoder_tail=2.963089e-06
I 07.02/01:07:41 train_mapper.py:622 ] epoch=0357 train_loss=1.683836e-02 train_mse=3.150807e-03 train_cos=0.997472 train_nmse=-23.089dB train_rec=1.311607e-06 train_recT=7.587062e-07 train_fc=1.635772e-03 train_decoder_tail=2.972318e-06
I 07.02/01:08:12 train_mapper.py:622 ] epoch=0358 train_loss=1.671412e-02 train_mse=3.124775e-03 train_cos=0.997497 train_nmse=-23.125dB train_rec=1.306176e-06 train_recT=7.536904e-07 train_fc=1.622874e-03 train_decoder_tail=2.969488e-06
I 07.02/01:08:40 train_mapper.py:622 ] epoch=0359 train_loss=1.671123e-02 train_mse=3.124020e-03 train_cos=0.997496 train_nmse=-23.127dB train_rec=1.304778e-06 train_recT=7.523900e-07 train_fc=1.621765e-03 train_decoder_tail=2.964107e-06
I 07.02/01:09:13 train_mapper.py:622 ] epoch=0360 train_loss=1.669570e-02 train_mse=3.120234e-03 train_cos=0.997498 train_nmse=-23.132dB train_rec=1.301653e-06 train_recT=7.488789e-07 train_fc=1.617700e-03 train_decoder_tail=2.953721e-06
I 07.02/01:09:39 train_mapper.py:622 ] epoch=0361 train_loss=1.662221e-02 train_mse=3.104795e-03 train_cos=0.997511 train_nmse=-23.153dB train_rec=1.300204e-06 train_recT=7.477518e-07 train_fc=1.609772e-03 train_decoder_tail=2.954755e-06
I 07.02/01:10:09 train_mapper.py:622 ] epoch=0362 train_loss=1.670054e-02 train_mse=3.120541e-03 train_cos=0.997496 train_nmse=-23.131dB train_rec=1.302173e-06 train_recT=7.493216e-07 train_fc=1.618296e-03 train_decoder_tail=2.954523e-06
I 07.02/01:10:38 train_mapper.py:622 ] epoch=0363 train_loss=1.654006e-02 train_mse=3.087714e-03 train_cos=0.997525 train_nmse=-23.177dB train_rec=1.291682e-06 train_recT=7.390962e-07 train_fc=1.601986e-03 train_decoder_tail=2.941590e-06
I 07.02/01:11:04 train_mapper.py:622 ] epoch=0364 train_loss=1.655558e-02 train_mse=3.090444e-03 train_cos=0.997521 train_nmse=-23.173dB train_rec=1.293716e-06 train_recT=7.409711e-07 train_fc=1.603271e-03 train_decoder_tail=2.940288e-06
I 07.02/01:11:32 train_mapper.py:622 ] epoch=0365 train_loss=1.664982e-02 train_mse=3.109544e-03 train_cos=0.997506 train_nmse=-23.147dB train_rec=1.299375e-06 train_recT=7.469889e-07 train_fc=1.613437e-03 train_decoder_tail=2.951181e-06
I 07.02/01:11:57 train_mapper.py:622 ] epoch=0366 train_loss=1.658722e-02 train_mse=3.096468e-03 train_cos=0.997517 train_nmse=-23.165dB train_rec=1.296916e-06 train_recT=7.437607e-07 train_fc=1.607691e-03 train_decoder_tail=2.950308e-06
I 07.02/01:12:28 train_mapper.py:622 ] epoch=0367 train_loss=1.657904e-02 train_mse=3.095156e-03 train_cos=0.997520 train_nmse=-23.167dB train_rec=1.298185e-06 train_recT=7.457711e-07 train_fc=1.606952e-03 train_decoder_tail=2.951636e-06
I 07.02/01:12:55 train_mapper.py:622 ] epoch=0368 train_loss=1.657495e-02 train_mse=3.093175e-03 train_cos=0.997519 train_nmse=-23.170dB train_rec=1.296603e-06 train_recT=7.437642e-07 train_fc=1.605940e-03 train_decoder_tail=2.950536e-06
I 07.02/01:13:25 train_mapper.py:622 ] epoch=0369 train_loss=1.656166e-02 train_mse=3.090411e-03 train_cos=0.997521 train_nmse=-23.173dB train_rec=1.296518e-06 train_recT=7.439942e-07 train_fc=1.603891e-03 train_decoder_tail=2.943431e-06
I 07.02/01:13:55 train_mapper.py:622 ] epoch=0370 train_loss=1.642452e-02 train_mse=3.061653e-03 train_cos=0.997545 train_nmse=-23.214dB train_rec=1.286340e-06 train_recT=7.341350e-07 train_fc=1.589498e-03 train_decoder_tail=2.926746e-06
I 07.02/01:14:25 train_mapper.py:622 ] epoch=0371 train_loss=1.655302e-02 train_mse=3.088107e-03 train_cos=0.997522 train_nmse=-23.177dB train_rec=1.294800e-06 train_recT=7.421249e-07 train_fc=1.601974e-03 train_decoder_tail=2.942658e-06
I 07.02/01:14:52 train_mapper.py:622 ] epoch=0372 train_loss=1.642454e-02 train_mse=3.061382e-03 train_cos=0.997546 train_nmse=-23.214dB train_rec=1.287569e-06 train_recT=7.350303e-07 train_fc=1.587938e-03 train_decoder_tail=2.929827e-06
I 07.02/01:15:19 train_mapper.py:622 ] epoch=0373 train_loss=1.644257e-02 train_mse=3.064762e-03 train_cos=0.997542 train_nmse=-23.210dB train_rec=1.288468e-06 train_recT=7.359008e-07 train_fc=1.589218e-03 train_decoder_tail=2.928009e-06
I 07.02/01:15:46 train_mapper.py:622 ] epoch=0374 train_loss=1.640363e-02 train_mse=3.056408e-03 train_cos=0.997548 train_nmse=-23.221dB train_rec=1.285658e-06 train_recT=7.329261e-07 train_fc=1.585864e-03 train_decoder_tail=2.923550e-06
I 07.02/01:16:16 train_mapper.py:622 ] epoch=0375 train_loss=1.638130e-02 train_mse=3.051761e-03 train_cos=0.997553 train_nmse=-23.228dB train_rec=1.282568e-06 train_recT=7.300573e-07 train_fc=1.583180e-03 train_decoder_tail=2.915386e-06
I 07.02/01:16:42 train_mapper.py:622 ] epoch=0376 train_loss=1.638942e-02 train_mse=3.053275e-03 train_cos=0.997551 train_nmse=-23.226dB train_rec=1.284529e-06 train_recT=7.318131e-07 train_fc=1.584614e-03 train_decoder_tail=2.923545e-06
I 07.02/01:17:10 train_mapper.py:622 ] epoch=0377 train_loss=1.641594e-02 train_mse=3.058103e-03 train_cos=0.997547 train_nmse=-23.220dB train_rec=1.285871e-06 train_recT=7.329414e-07 train_fc=1.589238e-03 train_decoder_tail=2.928117e-06
I 07.02/01:17:37 train_mapper.py:622 ] epoch=0378 train_loss=1.631437e-02 train_mse=3.037171e-03 train_cos=0.997565 train_nmse=-23.249dB train_rec=1.284062e-06 train_recT=7.313483e-07 train_fc=1.576370e-03 train_decoder_tail=2.927427e-06
I 07.02/01:18:05 train_mapper.py:622 ] epoch=0379 train_loss=1.631589e-02 train_mse=3.037366e-03 train_cos=0.997565 train_nmse=-23.249dB train_rec=1.282886e-06 train_recT=7.303994e-07 train_fc=1.576211e-03 train_decoder_tail=2.925451e-06
I 07.02/01:18:35 train_mapper.py:622 ] epoch=0380 train_loss=1.632231e-02 train_mse=3.038205e-03 train_cos=0.997562 train_nmse=-23.247dB train_rec=1.280998e-06 train_recT=7.282981e-07 train_fc=1.576430e-03 train_decoder_tail=2.919689e-06
I 07.02/01:19:04 train_mapper.py:622 ] epoch=0381 train_loss=1.634130e-02 train_mse=3.042066e-03 train_cos=0.997560 train_nmse=-23.242dB train_rec=1.282761e-06 train_recT=7.299335e-07 train_fc=1.577242e-03 train_decoder_tail=2.923201e-06
I 07.02/01:19:31 train_mapper.py:622 ] epoch=0382 train_loss=1.626131e-02 train_mse=3.025515e-03 train_cos=0.997574 train_nmse=-23.266dB train_rec=1.278539e-06 train_recT=7.261196e-07 train_fc=1.568593e-03 train_decoder_tail=2.915831e-06
I 07.02/01:19:56 train_mapper.py:622 ] epoch=0383 train_loss=1.617049e-02 train_mse=3.006814e-03 train_cos=0.997589 train_nmse=-23.293dB train_rec=1.273340e-06 train_recT=7.207349e-07 train_fc=1.559842e-03 train_decoder_tail=2.905811e-06
I 07.02/01:20:27 train_mapper.py:622 ] epoch=0384 train_loss=1.627192e-02 train_mse=3.027209e-03 train_cos=0.997570 train_nmse=-23.263dB train_rec=1.279260e-06 train_recT=7.266084e-07 train_fc=1.571351e-03 train_decoder_tail=2.913359e-06
I 07.02/01:20:54 train_mapper.py:622 ] epoch=0385 train_loss=1.612263e-02 train_mse=2.996734e-03 train_cos=0.997598 train_nmse=-23.307dB train_rec=1.270661e-06 train_recT=7.180569e-07 train_fc=1.554101e-03 train_decoder_tail=2.903613e-06
I 07.02/01:21:26 train_mapper.py:622 ] epoch=0386 train_loss=1.621142e-02 train_mse=3.014332e-03 train_cos=0.997581 train_nmse=-23.282dB train_rec=1.274957e-06 train_recT=7.223863e-07 train_fc=1.562610e-03 train_decoder_tail=2.905913e-06
I 07.02/01:21:50 train_mapper.py:622 ] epoch=0387 train_loss=1.618856e-02 train_mse=3.009264e-03 train_cos=0.997585 train_nmse=-23.289dB train_rec=1.272554e-06 train_recT=7.198108e-07 train_fc=1.558220e-03 train_decoder_tail=2.903355e-06
I 07.02/01:22:20 train_mapper.py:622 ] epoch=0388 train_loss=1.610065e-02 train_mse=2.991021e-03 train_cos=0.997601 train_nmse=-23.316dB train_rec=1.269497e-06 train_recT=7.168745e-07 train_fc=1.548841e-03 train_decoder_tail=2.898218e-06
I 07.02/01:22:47 train_mapper.py:622 ] epoch=0389 train_loss=1.608999e-02 train_mse=2.988641e-03 train_cos=0.997602 train_nmse=-23.319dB train_rec=1.267785e-06 train_recT=7.153486e-07 train_fc=1.548907e-03 train_decoder_tail=2.893443e-06
I 07.02/01:23:13 train_mapper.py:622 ] epoch=0390 train_loss=1.613793e-02 train_mse=2.998051e-03 train_cos=0.997594 train_nmse=-23.305dB train_rec=1.271175e-06 train_recT=7.186073e-07 train_fc=1.554083e-03 train_decoder_tail=2.902682e-06
I 07.02/01:23:37 train_mapper.py:622 ] epoch=0391 train_loss=1.609039e-02 train_mse=2.988413e-03 train_cos=0.997603 train_nmse=-23.319dB train_rec=1.269781e-06 train_recT=7.169836e-07 train_fc=1.548594e-03 train_decoder_tail=2.901623e-06
I 07.02/01:23:59 train_mapper.py:622 ] epoch=0392 train_loss=1.611403e-02 train_mse=2.992887e-03 train_cos=0.997599 train_nmse=-23.313dB train_rec=1.271944e-06 train_recT=7.194891e-07 train_fc=1.551793e-03 train_decoder_tail=2.903839e-06
I 07.02/01:24:24 train_mapper.py:622 ] epoch=0393 train_loss=1.611169e-02 train_mse=2.992618e-03 train_cos=0.997600 train_nmse=-23.313dB train_rec=1.271227e-06 train_recT=7.182220e-07 train_fc=1.554083e-03 train_decoder_tail=2.906271e-06
I 07.02/01:24:47 train_mapper.py:622 ] epoch=0394 train_loss=1.611206e-02 train_mse=2.992031e-03 train_cos=0.997599 train_nmse=-23.314dB train_rec=1.269281e-06 train_recT=7.166167e-07 train_fc=1.551861e-03 train_decoder_tail=2.896378e-06
I 07.02/01:25:11 train_mapper.py:622 ] epoch=0395 train_loss=1.598789e-02 train_mse=2.966307e-03 train_cos=0.997620 train_nmse=-23.352dB train_rec=1.263264e-06 train_recT=7.103260e-07 train_fc=1.538268e-03 train_decoder_tail=2.885950e-06
I 07.02/01:25:35 train_mapper.py:622 ] epoch=0396 train_loss=1.598033e-02 train_mse=2.964544e-03 train_cos=0.997621 train_nmse=-23.354dB train_rec=1.262062e-06 train_recT=7.095074e-07 train_fc=1.537634e-03 train_decoder_tail=2.881925e-06
I 07.02/01:25:54 train_mapper.py:622 ] epoch=0397 train_loss=1.594839e-02 train_mse=2.957922e-03 train_cos=0.997628 train_nmse=-23.364dB train_rec=1.261832e-06 train_recT=7.092619e-07 train_fc=1.534046e-03 train_decoder_tail=2.885743e-06
I 07.02/01:26:20 train_mapper.py:622 ] epoch=0398 train_loss=1.609977e-02 train_mse=2.987985e-03 train_cos=0.997600 train_nmse=-23.320dB train_rec=1.265589e-06 train_recT=7.129739e-07 train_fc=1.547368e-03 train_decoder_tail=2.886019e-06
I 07.02/01:26:44 train_mapper.py:622 ] epoch=0399 train_loss=1.594249e-02 train_mse=2.956409e-03 train_cos=0.997629 train_nmse=-23.366dB train_rec=1.260771e-06 train_recT=7.082825e-07 train_fc=1.533713e-03 train_decoder_tail=2.880359e-06
I 07.02/01:27:08 train_mapper.py:622 ] epoch=0400 train_loss=1.590212e-02 train_mse=2.947680e-03 train_cos=0.997634 train_nmse=-23.379dB train_rec=1.256312e-06 train_recT=7.035717e-07 train_fc=1.527611e-03 train_decoder_tail=2.871119e-06
I 07.02/01:28:18 train_mapper.py:738 ] best_loss_epoch=400 best_loss_selection=train_loss best_loss_metric=1.590212e-02 best_loss_mse=2.947680e-03 best_loss_loss=1.590212e-02
I 07.02/01:28:18 train_mapper.py:743 ] best_mse_epoch=400 best_mse_selection=train_mse best_mse_metric=2.947680e-03 best_mse_mse=2.947680e-03 best_mse_loss=1.590212e-02
I 07.02/01:28:18 train_mapper.py:749 ] all_best_loss_mse=2.823558e-03 all_best_loss_cos=0.997744 all_best_loss_nmse=-23.565dB
I 07.02/01:28:18 train_mapper.py:753 ] all_best_mse_mse=2.823558e-03 all_best_mse_cos=0.997744 all_best_mse_nmse=-23.565dB
